10-20 20:03:06.513 14980 15011 E IMGMapper: set:488 set: Unset optional value from type SMPTE2086
10-20 20:03:06.513 14980 15011 E IMGMapper: set:488 set: Unset optional value from type CTA861_3
10-20 20:03:06.529 14980 15011 E IMGMapper: set:488 set: Unset optional value from type SMPTE2086
10-20 20:03:06.530 14980 15011 E IMGMapper: set:488 set: Unset optional value from type CTA861_3
10-20 20:03:06.546 14980 15011 E IMGMapper: set:488 set: Unset optional value from type SMPTE2086
10-20 20:03:06.546 14980 15011 E IMGMapper: set:488 set: Unset optional value from type CTA861_3
10-20 20:03:06.563 14980 15011 E IMGMapper: set:488 set: Unset optional value from type SMPTE2086
10-20 20:03:06.563 14980 15011 E IMGMapper: set:488 set: Unset optional value from type CTA861_3
10-20 20:03:06.580 14980 15011 E IMGMapper: set:488 set: Unset optional value from type SMPTE2086
10-20 20:03:06.580 14980 15011 E IMGMapper: set:488 set: Unset optional value from type CTA861_3
10-20 20:03:06.595 14980 15011 E IMGMapper: set:488 set: Unset optional value from type SMPTE2086
10-20 20:03:06.595 14980 15011 E IMGMapper: set:488 set: Unset optional value from type CTA861_3
10-20 20:03:06.611 14980 15011 E IMGMapper: set:488 set: Unset optional value from type SMPTE2086
10-20 20:03:06.611 14980 15011 E IMGMapper: set:488 set: Unset optional value from type CTA861_3
10-20 20:03:06.630 14980 15011 E IMGMapper: set:488 set: Unset optional value from type SMPTE2086
10-20 20:03:06.630 14980 15011 E IMGMapper: set:488 set: Unset optional value from type CTA861_3
10-20 20:03:06.645 14980 15011 E IMGMapper: set:488 set: Unset optional value from type SMPTE2086
10-20 20:03:06.645 14980 15011 E IMGMapper: set:488 set: Unset optional value from type CTA861_3
10-20 20:03:06.663 14980 15011 E IMGMapper: set:488 set: Unset optional value from type SMPTE2086
10-20 20:03:06.663 14980 15011 E IMGMapper: set:488 set: Unset optional value from type CTA861_3
10-20 20:03:06.664 14980 14996 D InputTransport: Input channel destroyed: 'ClientS', fd=129
10-20 20:03:06.678 14980 15011 E IMGMapper: set:488 set: Unset optional value from type SMPTE2086
10-20 20:03:06.678 14980 15011 E IMGMapper: set:488 set: Unset optional value from type CTA861_3
10-20 20:03:06.696 14980 15011 E IMGMapper: set:488 set: Unset optional value from type SMPTE2086
10-20 20:03:06.696 14980 15011 E IMGMapper: set:488 set: Unset optional value from type CTA861_3
10-20 20:03:06.713 14980 15011 E IMGMapper: set:488 set: Unset optional value from type SMPTE2086
10-20 20:03:06.713 14980 15011 E IMGMapper: set:488 set: Unset optional value from type CTA861_3
10-20 20:03:06.729 14980 15011 E IMGMapper: set:488 set: Unset optional value from type SMPTE2086
10-20 20:03:06.729 14980 15011 E IMGMapper: set:488 set: Unset optional value from type CTA861_3
10-20 20:03:06.745 14980 15011 E IMGMapper: set:488 set: Unset optional value from type SMPTE2086
10-20 20:03:06.745 14980 15011 E IMGMapper: set:488 set: Unset optional value from type CTA861_3
10-20 20:03:06.764 14980 15011 E IMGMapper: set:488 set: Unset optional value from type SMPTE2086
10-20 20:03:06.764 14980 15011 E IMGMapper: set:488 set: Unset optional value from type CTA861_3
10-20 20:03:06.779 14980 15011 E IMGMapper: set:488 set: Unset optional value from type SMPTE2086
10-20 20:03:06.780 14980 15011 E IMGMapper: set:488 set: Unset optional value from type CTA861_3
10-20 20:03:06.798 14980 15011 E IMGMapper: set:488 set: Unset optional value from type SMPTE2086
10-20 20:03:06.798 14980 15011 E IMGMapper: set:488 set: Unset optional value from type CTA861_3
10-20 20:03:06.813 14980 15011 E IMGMapper: set:488 set: Unset optional value from type SMPTE2086
10-20 20:03:06.813 14980 15011 E IMGMapper: set:488 set: Unset optional value from type CTA861_3
10-20 20:03:07.045  1483  1583 D PowerManagerService: UserActivityStateListenerState: 0
10-20 20:03:07.049  2521  2618 D MobileStatusTracker(0/2): onSignalStrengthsChanged level=3, vendorLevel=3
10-20 20:03:07.054  2521  2618 D MobileSignalController(0/2): notifyListener: enabled=true, connected=true, dataConnected=true, networkType=LTE (4G), emergencyOnly=false, roaming=false, isDefault=false, dataActivity=, level=3, ca=false, mmWave=false, disabledDataIcon=false, simCard=ETC
10-20 20:03:07.055  2521  2618 D NetworkController: SignalStrength from intent slotId=0
10-20 20:03:07.200  1483  1755 D SensorService: [SO] 0.147 1.457 9.912
10-20 20:03:07.928   543   543 D io_stats: !@ 179,0 r 464478488 5645692034 w 80540946 844183756 d 1258356 33785864 f 0 0 iot 231016548 0 th 0 0 0 pt 0 inp 0 0 2550785.231
10-20 20:03:08.125 14839 14902 D TrafficStats: tagSocket(6) with statsTag=0xffffffff, statsUid=-1
10-20 20:03:08.126  1483  2471 D NetdEventListenerService: DNS Requested by : 475, 11011
10-20 20:03:08.253  2486  2486 I WifiHAL : Get link layer stats
10-20 20:03:08.253  2486  2486 I WifiHAL : GetLinkStatsCommand::create
10-20 20:03:08.253  2486  2486 D android.hardware.wifi@1.0-service-lazy: WifiRequest::create vendor command to iface 38, vendor_id=0x1a11, subcmd=0x1200, res=0
10-20 20:03:08.253  2486  2486 I android.hardware.wifi@1.0-service-lazy: WifiCommand::requestResponse err=-95
10-20 20:03:08.253  2486  2486 I WifiHAL : wifi_get_link_stats: result=-3
10-20 20:03:08.255  1483  2363 E WifiVendorHal: getWifiLinkLayerStats_1_5_Internal(l.1179) failed {.code = ERROR_NOT_SUPPORTED, .description = }
10-20 20:03:08.263  1483  3390 D SemWifiUsabilityStatsMonitor: onWifiUsabilityStats - seqNum 543323, isSameBssidAndFreq true
10-20 20:03:08.264  1483  2437 I SemWifiLinkQualityMonitor: Link Qos query: inf. ms / 0 Mbps
10-20 20:03:08.279  1483  1504 I ActivityManager: Killing 8624:com.android.keychain/1000 (adj 999): empty #25
10-20 20:03:08.290  1483  1560 I libprocessgroup: Successfully killed process cgroup uid 1000 pid 8624 in 0ms
10-20 20:03:08.319   975   975 I Zygote  : Process 8624 exited due to signal 9 (Killed)
10-20 20:03:08.330  2521  2618 D MobileStatusTracker(0/2): onSignalStrengthsChanged level=3, vendorLevel=3
10-20 20:03:08.334  2521  2618 D MobileSignalController(0/2): notifyListener: enabled=true, connected=true, dataConnected=true, networkType=LTE (4G), emergencyOnly=false, roaming=false, isDefault=false, dataActivity=, level=3, ca=false, mmWave=false, disabledDataIcon=false, simCard=ETC
10-20 20:03:08.337   999   999 D IMGMemtrackHAL: hal_get_memory: memtrack cache rebuild was required
10-20 20:03:08.340  2521  2618 D NetworkController: SignalStrength from intent slotId=0
10-20 20:03:08.459   999   999 D IMGMemtrackHAL: hal_get_memory: memtrack cache rebuild was required
10-20 20:03:09.440  2521  2618 D MobileStatusTracker(1/1): onSignalStrengthsChanged level=4, vendorLevel=4
10-20 20:03:09.443  2521  2618 D MobileSignalController(1/1): notifyListener: enabled=true, connected=true, dataConnected=false, networkType=UMTS (3G), emergencyOnly=true, roaming=false, isDefault=false, dataActivity=, level=4, ca=false, mmWave=false, disabledDataIcon=false, simCard=ETC
10-20 20:03:09.444  2521  2618 D NetworkController: SignalStrength from intent slotId=1
10-20 20:03:09.608  2521  2618 D MobileStatusTracker(0/2): onSignalStrengthsChanged level=3, vendorLevel=3
10-20 20:03:09.612  2521  2618 D MobileSignalController(0/2): notifyListener: enabled=true, connected=true, dataConnected=true, networkType=LTE (4G), emergencyOnly=false, roaming=false, isDefault=false, dataActivity=, level=3, ca=false, mmWave=false, disabledDataIcon=false, simCard=ETC
10-20 20:03:09.615  2521  2618 D NetworkController: SignalStrength from intent slotId=0
10-20 20:03:09.705 12269 12519 W LibevQuicAsyncUDPSocket.h: setTosOrTrafficClass not implemented in LibevQuicAsyncUDPSocket
10-20 20:03:09.708  1483  2471 D NetdEventListenerService: DNS Requested by : 475, 11013, 4, true
10-20 20:03:09.723 12269 12519 E MvfstCallbacks.cpp: onConnectionSetupError: error=TransportError: Internal Error, Error on socket write Operation not permitted, 
10-20 20:03:09.728  1483  2471 D NetdEventListenerService: DNS Requested by : 475, 11013, 4, true
10-20 20:03:09.929   543   543 D io_stats: !@ 179,0 r 464478503 5645693190 w 80540958 844183840 d 1258356 33785864 f 0 0 iot 231016564 0 th 0 0 0 pt 0 inp 0 0 2550787.232
10-20 20:03:10.176  1483  2471 D NetdEventListenerService: DNS Requested by : 475, 11011
10-20 20:03:10.178 14839 14902 D TrafficStats: tagSocket(6) with statsTag=0xffffffff, statsUid=-1
10-20 20:03:10.348 12269 12519 W LibevQuicAsyncUDPSocket.h: setTosOrTrafficClass not implemented in LibevQuicAsyncUDPSocket
10-20 20:03:10.350  1483  2471 D NetdEventListenerService: DNS Requested by : 475, 11013, 4, true
10-20 20:03:10.358 12269 12519 E MvfstCallbacks.cpp: onConnectionSetupError: error=TransportError: Internal Error, Error on socket write Operation not permitted, 
10-20 20:03:11.153  1205  1205 I thermal_repeater: socket -1
