10-20 20:02:55.832 14980 14980 W [RNScreens]: disableBackButtonMenu prop is not available on Android
10-20 20:02:55.832 14980 14980 W [RNScreens]: largeTitleFontFamily prop is not available on Android
10-20 20:02:55.832 14980 14980 W [RNScreens]: largeTitleFontWeight prop is not available on Android
10-20 20:02:55.832 14980 14980 W [RNScreens]: largeTitleHideShadow prop is not available on Android
10-20 20:02:55.852 14980 15011 E IMGMapper: set:488 set: Unset optional value from type SMPTE2086
10-20 20:02:55.852 14980 15011 E IMGMapper: set:488 set: Unset optional value from type CTA861_3
10-20 20:02:55.880  1483  1483 I GestureDetector: handleMessage TAP
10-20 20:02:55.881  1483  1528 I GestureDetector: handleMessage TAP
10-20 20:02:55.891 14980 15051 D TrafficStats: tagSocket(135) with statsTag=0xffffffff, statsUid=-1
10-20 20:02:55.891  1483  2471 D NetdEventListenerService: DNS Requested by : 475, 10976
10-20 20:02:55.892 14980 15011 E IMGMapper: set:488 set: Unset optional value from type SMPTE2086
10-20 20:02:55.893 14980 15011 E IMGMapper: set:488 set: Unset optional value from type CTA861_3
10-20 20:02:55.902 14980 15011 E IMGMapper: set:488 set: Unset optional value from type SMPTE2086
10-20 20:02:55.903 14980 15011 E IMGMapper: set:488 set: Unset optional value from type CTA861_3
10-20 20:02:55.917   543   543 D io_stats: !@ 179,0 r 464476304 5645666830 w 80539429 844161436 d 1258356 33785864 f 0 0 iot 231013520 0 th 0 0 0 pt 0 inp 0 16 2550773.219
10-20 20:02:55.919 14980 15011 E IMGMapper: set:488 set: Unset optional value from type SMPTE2086
10-20 20:02:55.919 14980 15011 E IMGMapper: set:488 set: Unset optional value from type CTA861_3
10-20 20:02:55.932 14980 15011 E IMGMapper: set:488 set: Unset optional value from type SMPTE2086
10-20 20:02:55.932 14980 15011 E IMGMapper: set:488 set: Unset optional value from type CTA861_3
10-20 20:02:55.959 14980 15011 E IMGMapper: set:488 set: Unset optional value from type SMPTE2086
10-20 20:02:55.959 14980 15011 E IMGMapper: set:488 set: Unset optional value from type CTA861_3
10-20 20:02:55.971 14980 15011 E IMGMapper: set:488 set: Unset optional value from type SMPTE2086
10-20 20:02:55.971 14980 15011 E IMGMapper: set:488 set: Unset optional value from type CTA861_3
10-20 20:02:55.987 14980 15011 E IMGMapper: set:488 set: Unset optional value from type SMPTE2086
10-20 20:02:55.987 14980 15011 E IMGMapper: set:488 set: Unset optional value from type CTA861_3
10-20 20:02:56.040 14980 15011 E IMGMapper: set:488 set: Unset optional value from type SMPTE2086
10-20 20:02:56.040 14980 15011 E IMGMapper: set:488 set: Unset optional value from type CTA861_3
10-20 20:02:56.051 14980 15011 E IMGMapper: set:488 set: Unset optional value from type SMPTE2086
10-20 20:02:56.051 14980 15011 E IMGMapper: set:488 set: Unset optional value from type CTA861_3
10-20 20:02:56.061 14980 15011 E IMGMapper: set:488 set: Unset optional value from type SMPTE2086
10-20 20:02:56.061 14980 15011 E IMGMapper: set:488 set: Unset optional value from type CTA861_3
10-20 20:02:56.078 14980 15011 E IMGMapper: set:488 set: Unset optional value from type SMPTE2086
10-20 20:02:56.078 14980 15011 E IMGMapper: set:488 set: Unset optional value from type CTA861_3
10-20 20:02:56.093 14980 15011 E IMGMapper: set:488 set: Unset optional value from type SMPTE2086
10-20 20:02:56.093 14980 15011 E IMGMapper: set:488 set: Unset optional value from type CTA861_3
10-20 20:02:56.109 14980 15011 E IMGMapper: set:488 set: Unset optional value from type SMPTE2086
10-20 20:02:56.109 14980 15011 E IMGMapper: set:488 set: Unset optional value from type CTA861_3
10-20 20:02:56.126 14980 15011 E IMGMapper: set:488 set: Unset optional value from type SMPTE2086
10-20 20:02:56.126 14980 15011 E IMGMapper: set:488 set: Unset optional value from type CTA861_3
10-20 20:02:56.142 14980 15011 E IMGMapper: set:488 set: Unset optional value from type SMPTE2086
10-20 20:02:56.142 14980 15011 E IMGMapper: set:488 set: Unset optional value from type CTA861_3
10-20 20:02:56.151  1205  1205 I thermal_repeater: socket -1
10-20 20:02:56.155  1483  4874 D CustomizedBinderCallsStatsInternal: reportCpuUsage() : 3%
10-20 20:02:56.157  1483  1554 I BinderCallsStats: Collected cpu time : 0us, collected call count : 0 for 60207 ms
10-20 20:02:56.160 14980 15011 E IMGMapper: set:488 set: Unset optional value from type SMPTE2086
10-20 20:02:56.160 14980 15011 E IMGMapper: set:488 set: Unset optional value from type CTA861_3
10-20 20:02:56.176 14980 15011 E IMGMapper: set:488 set: Unset optional value from type SMPTE2086
10-20 20:02:56.176 14980 15011 E IMGMapper: set:488 set: Unset optional value from type CTA861_3
10-20 20:02:56.187 14659 14683 D SharedPreferencesImpl: Time required to fsync /data/user/0/com.opera.max.global/shared_prefs/com.google.android.gms.appid.xml: [<1: 0, <2: 0, <4: 0, <8: 0, <16: 0, <32: 0, <64: 0, <128: 0, <256: 0, <512: 0, <1024: 0, <2048: 1, <4096: 0, <8192: 0, <16384: 0, >=16384: 0]
10-20 20:02:56.194 14980 15011 E IMGMapper: set:488 set: Unset optional value from type SMPTE2086
10-20 20:02:56.194 14980 15011 E IMGMapper: set:488 set: Unset optional value from type CTA861_3
10-20 20:02:56.195 14659 14659 W pera.max.global: Long monitor contention with owner Firebase-Messaging-Topics-Io (14683) at void com.google.firebase.messaging.w0.i()(SourceFile:23) waiters=0 in boolean com.google.firebase.messaging.w0.b(java.lang.String) for 1.764s
10-20 20:02:56.200  2486  2486 I WifiHAL : Get link layer stats
10-20 20:02:56.200  2486  2486 I WifiHAL : GetLinkStatsCommand::create
10-20 20:02:56.200  2486  2486 D android.hardware.wifi@1.0-service-lazy: WifiRequest::create vendor command to iface 38, vendor_id=0x1a11, subcmd=0x1200, res=0
10-20 20:02:56.200  2486  2486 I android.hardware.wifi@1.0-service-lazy: WifiCommand::requestResponse err=-95
10-20 20:02:56.200  2486  2486 I WifiHAL : wifi_get_link_stats: result=-3
10-20 20:02:56.202  1483  2363 E WifiVendorHal: getWifiLinkLayerStats_1_5_Internal(l.1179) failed {.code = ERROR_NOT_SUPPORTED, .description = }
10-20 20:02:56.211  1483  3390 D SemWifiUsabilityStatsMonitor: onWifiUsabilityStats - seqNum 543319, isSameBssidAndFreq true
10-20 20:02:56.213  1483  2437 I SemWifiLinkQualityMonitor: Link Qos query: inf. ms / 0 Mbps
10-20 20:02:56.216 14980 15011 E IMGMapper: set:488 set: Unset optional value from type SMPTE2086
10-20 20:02:56.216 14980 15011 E IMGMapper: set:488 set: Unset optional value from type CTA861_3
10-20 20:02:56.223  2799  3186 D PhoneInterfaceManager: setDataEnabledForReason() Reason=1 Pid=1483 App=system
10-20 20:02:56.228 14980 15011 E IMGMapper: set:488 set: Unset optional value from type SMPTE2086
10-20 20:02:56.228 14980 15011 E IMGMapper: set:488 set: Unset optional value from type CTA861_3
10-20 20:02:56.229  2799  3186 D PhoneInterfaceManager: setDataEnabledForReason() Reason=1 Pid=1483 App=system
10-20 20:02:56.244 14980 15011 E IMGMapper: set:488 set: Unset optional value from type SMPTE2086
10-20 20:02:56.244 14980 15011 E IMGMapper: set:488 set: Unset optional value from type CTA861_3
10-20 20:02:56.258 14980 15011 E IMGMapper: set:488 set: Unset optional value from type SMPTE2086
10-20 20:02:56.258 14980 15011 E IMGMapper: set:488 set: Unset optional value from type CTA861_3
10-20 20:02:56.275 14980 15011 E IMGMapper: set:488 set: Unset optional value from type SMPTE2086
10-20 20:02:56.276 14980 15011 E IMGMapper: set:488 set: Unset optional value from type CTA861_3
10-20 20:02:56.292 14980 15011 E IMGMapper: set:488 set: Unset optional value from type SMPTE2086
10-20 20:02:56.292 14980 15011 E IMGMapper: set:488 set: Unset optional value from type CTA861_3
10-20 20:02:56.309 14980 15011 E IMGMapper: set:488 set: Unset optional value from type SMPTE2086
10-20 20:02:56.309 14980 15011 E IMGMapper: set:488 set: Unset optional value from type CTA861_3
10-20 20:02:56.326 14980 15011 E IMGMapper: set:488 set: Unset optional value from type SMPTE2086
10-20 20:02:56.326 14980 15011 E IMGMapper: set:488 set: Unset optional value from type CTA861_3
10-20 20:02:56.346 14980 15011 E IMGMapper: set:488 set: Unset optional value from type SMPTE2086
10-20 20:02:56.346 14980 15011 E IMGMapper: set:488 set: Unset optional value from type CTA861_3
10-20 20:02:56.353 14980 14980 I IMM_LC  : closeCurrentInput: mService.hideSoftInput
10-20 20:02:56.354  1483  4874 D InputMethodManagerService: hideSoftInput
10-20 20:02:56.354  1483  4874 V InputMethodManagerService: Client requesting input be hidden
10-20 20:02:56.354  1483  4874 V InputMethodManagerService: hideCurrentInputLocked : canceled, shouldHideSoftInput=false, mInputShown=false, mImeWindowVis=0
10-20 20:02:56.354  1483  4874 I InputMethodBindingController: setCurrentMethodNotVisible: mVisibleBound=false, mHasConnection=true, caller = com.android.server.inputmethod.InputMethodManagerService.hideCurrentInputLocked:4356 com.android.server.inputmethod.InputMethodManagerService.hideSoftInput:4294 com.android.internal.view.IInputMethodManager$Stub.onTransact:488 com.android.server.inputmethod.InputMethodManagerService.onTransact:2302 android.os.Binder.execTransactInternal:1316 android.os.Binder.execTransact:1280 <bottom of call stack> <bottom of call stack> <bottom of call stack> <bottom of call stack> 
10-20 20:02:56.357 14980 15011 E IMGMapper: set:488 set: Unset optional value from type SMPTE2086
10-20 20:02:56.357 14980 15011 E IMGMapper: set:488 set: Unset optional value from type CTA861_3
10-20 20:02:56.375 14980 15011 E IMGMapper: set:488 set: Unset optional value from type SMPTE2086
10-20 20:02:56.376 14980 15011 E IMGMapper: set:488 set: Unset optional value from type CTA861_3
10-20 20:02:56.390 14980 15011 E IMGMapper: set:488 set: Unset optional value from type SMPTE2086
10-20 20:02:56.391 14980 15011 E IMGMapper: set:488 set: Unset optional value from type CTA861_3
10-20 20:02:56.409 14980 15011 E IMGMapper: set:488 set: Unset optional value from type SMPTE2086
10-20 20:02:56.409 14980 15011 E IMGMapper: set:488 set: Unset optional value from type CTA861_3
10-20 20:02:56.416  1039  1039 I BufferQueueProducer: [com.cinemamovel/com.cinemamovel.MainActivity$_14980#505897](this:0xb400007a1f651838,id:-1,api:0,p:-1,c:1039) queueBuffer: fps=34.49 dur=1014.92 max=332.37 min=16.03
10-20 20:02:56.419   991  1074 I hwcomposer: [HWCDisplay] [Display_0 (type:1)] fps:34.496758,dur:1014.59,max:330.96,min:15.58  
10-20 20:02:56.425 14980 15011 E IMGMapper: set:488 set: Unset optional value from type SMPTE2086
10-20 20:02:56.425 14980 15011 E IMGMapper: set:488 set: Unset optional value from type CTA861_3
10-20 20:02:56.440 14980 15011 E IMGMapper: set:488 set: Unset optional value from type SMPTE2086
10-20 20:02:56.440 14980 15011 E IMGMapper: set:488 set: Unset optional value from type CTA861_3
10-20 20:02:56.444 14980 14980 D ScrollView: initGoToTop
10-20 20:02:56.457 14980 15011 E IMGMapper: set:488 set: Unset optional value from type SMPTE2086
10-20 20:02:56.457 14980 15011 E IMGMapper: set:488 set: Unset optional value from type CTA861_3
10-20 20:02:56.473 14980 15011 E IMGMapper: set:488 set: Unset optional value from type SMPTE2086
10-20 20:02:56.473 14980 15011 E IMGMapper: set:488 set: Unset optional value from type CTA861_3
10-20 20:02:56.497 14980 15011 E IMGMapper: set:488 set: Unset optional value from type SMPTE2086
10-20 20:02:56.497 14980 15011 E IMGMapper: set:488 set: Unset optional value from type CTA861_3
10-20 20:02:56.559 14980 15137 D skia    : SkJpegCodec::onGetPixels +
10-20 20:02:56.575 14980 15137 D skia    : SkJpegCodec::onGetPixels -
10-20 20:02:56.587 14980 15011 E IMGMapper: set:488 set: Unset optional value from type SMPTE2086
10-20 20:02:56.587 14980 15011 E IMGMapper: set:488 set: Unset optional value from type CTA861_3
10-20 20:02:56.609 14980 15011 E IMGMapper: set:488 set: Unset optional value from type SMPTE2086
10-20 20:02:56.609 14980 15011 E IMGMapper: set:488 set: Unset optional value from type CTA861_3
10-20 20:02:56.623 14980 15011 E IMGMapper: set:488 set: Unset optional value from type SMPTE2086
10-20 20:02:56.623 14980 15011 E IMGMapper: set:488 set: Unset optional value from type CTA861_3
10-20 20:02:56.638 14980 15011 E IMGMapper: set:488 set: Unset optional value from type SMPTE2086
10-20 20:02:56.638 14980 15011 E IMGMapper: set:488 set: Unset optional value from type CTA861_3
10-20 20:02:56.656 14980 15011 E IMGMapper: set:488 set: Unset optional value from type SMPTE2086
10-20 20:02:56.656 14980 15011 E IMGMapper: set:488 set: Unset optional value from type CTA861_3
10-20 20:02:56.672 14980 15011 E IMGMapper: set:488 set: Unset optional value from type SMPTE2086
10-20 20:02:56.673 14980 15011 E IMGMapper: set:488 set: Unset optional value from type CTA861_3
10-20 20:02:56.690 14980 15011 E IMGMapper: set:488 set: Unset optional value from type SMPTE2086
10-20 20:02:56.691 14980 15011 E IMGMapper: set:488 set: Unset optional value from type CTA861_3
10-20 20:02:56.707 14980 15011 E IMGMapper: set:488 set: Unset optional value from type SMPTE2086
10-20 20:02:56.707 14980 15011 E IMGMapper: set:488 set: Unset optional value from type CTA861_3
10-20 20:02:56.722 14980 15011 E IMGMapper: set:488 set: Unset optional value from type SMPTE2086
10-20 20:02:56.722 14980 15011 E IMGMapper: set:488 set: Unset optional value from type CTA861_3
10-20 20:02:56.740 14980 15011 E IMGMapper: set:488 set: Unset optional value from type SMPTE2086
10-20 20:02:56.740 14980 15011 E IMGMapper: set:488 set: Unset optional value from type CTA861_3
10-20 20:02:56.756 14980 15011 E IMGMapper: set:488 set: Unset optional value from type SMPTE2086
10-20 20:02:56.756 14980 15011 E IMGMapper: set:488 set: Unset optional value from type CTA861_3
10-20 20:02:56.771 14980 15011 E IMGMapper: set:488 set: Unset optional value from type SMPTE2086
10-20 20:02:56.771 14980 15011 E IMGMapper: set:488 set: Unset optional value from type CTA861_3
10-20 20:02:56.787 14980 15011 E IMGMapper: set:488 set: Unset optional value from type SMPTE2086
10-20 20:02:56.788 14980 15011 E IMGMapper: set:488 set: Unset optional value from type CTA861_3
10-20 20:02:56.804  2521  2618 D MobileStatusTracker(0/2): onSignalStrengthsChanged level=3, vendorLevel=3
10-20 20:02:56.806 14980 15011 E IMGMapper: set:488 set: Unset optional value from type SMPTE2086
10-20 20:02:56.806 14980 15011 E IMGMapper: set:488 set: Unset optional value from type CTA861_3
10-20 20:02:56.807  2521  2618 D MobileSignalController(0/2): notifyListener: enabled=true, connected=true, dataConnected=true, networkType=LTE (4G), emergencyOnly=false, roaming=false, isDefault=false, dataActivity=, level=3, ca=false, mmWave=false, disabledDataIcon=false, simCard=ETC
10-20 20:02:56.808  2521  2618 D NetworkController: SignalStrength from intent slotId=0
10-20 20:02:56.820 14980 15011 E IMGMapper: set:488 set: Unset optional value from type SMPTE2086
10-20 20:02:56.821 14980 15011 E IMGMapper: set:488 set: Unset optional value from type CTA861_3
10-20 20:02:56.838 14980 15011 E IMGMapper: set:488 set: Unset optional value from type SMPTE2086
10-20 20:02:56.838 14980 15011 E IMGMapper: set:488 set: Unset optional value from type CTA861_3
10-20 20:02:56.856 14980 15011 E IMGMapper: set:488 set: Unset optional value from type SMPTE2086
10-20 20:02:56.856 14980 15011 E IMGMapper: set:488 set: Unset optional value from type CTA861_3
10-20 20:02:56.872 14980 15011 E IMGMapper: set:488 set: Unset optional value from type SMPTE2086
10-20 20:02:56.872 14980 15011 E IMGMapper: set:488 set: Unset optional value from type CTA861_3
10-20 20:02:56.888 14980 15011 E IMGMapper: set:488 set: Unset optional value from type SMPTE2086
10-20 20:02:56.888 14980 15011 E IMGMapper: set:488 set: Unset optional value from type CTA861_3
10-20 20:02:57.274 15034 15083 I Bugle   : BugleStartup: Registering SIM change receiver...
10-20 20:02:57.276 15034 15083 I Bugle   : BugleStartup: Updating app config...
10-20 20:02:57.302  1483  4874 D PackageManager: setEnabledSetting : userId = 0 packageName = com.google.android.apps.messaging cmp = com.google.android.apps.messaging.shared.receiver.SmsReceiver newState = 2 callingPackage = 10201/com.google.android.apps.messaging
10-20 20:02:57.304  1483  4874 D PackageManager: setEnabledSetting : userId = 0 packageName = com.google.android.apps.messaging cmp = com.google.android.apps.messaging.shared.receiver.TelephonyChangeReceiver newState = 1 callingPackage = 10201/com.google.android.apps.messaging
10-20 20:02:57.305  1483  4874 D ApplicationPolicy: getApplicationStateEnabled : pkg = com.google.android.apps.messaging userId : 0
10-20 20:02:57.307  1483  4874 D ApplicationPolicy: getApplicationComponentState : pkg = com.google.android.apps.messaging userId : 0
10-20 20:02:57.309  1483  4874 D PackageManager: setEnabledSetting : userId = 0 packageName = com.google.android.apps.messaging cmp = com.google.android.apps.messaging.shared.receiver.DefaultSmsPackageChangedReceiver newState = 1 callingPackage = 10201/com.google.android.apps.messaging
10-20 20:02:57.310  1483  4874 D ApplicationPolicy: getApplicationStateEnabled : pkg = com.google.android.apps.messaging userId : 0
10-20 20:02:57.311  1483  4874 D ApplicationPolicy: getApplicationComponentState : pkg = com.google.android.apps.messaging userId : 0
10-20 20:02:57.314  1483  4874 D PackageManager: setEnabledSetting : userId = 0 packageName = com.google.android.apps.messaging cmp = com.google.android.apps.messaging.shared.receiver.RestoreReceiver newState = 1 callingPackage = 10201/com.google.android.apps.messaging
10-20 20:02:57.315  1483  4874 D ApplicationPolicy: getApplicationStateEnabled : pkg = com.google.android.apps.messaging userId : 0
10-20 20:02:57.316  1483  4874 D ApplicationPolicy: getApplicationComponentState : pkg = com.google.android.apps.messaging userId : 0
10-20 20:02:57.318  1483  4874 D PackageManager: setEnabledSetting : userId = 0 packageName = com.google.android.apps.messaging cmp = com.google.android.apps.messaging.shared.receiver.SmsRejectedReceiver newState = 2 callingPackage = 10201/com.google.android.apps.messaging
10-20 20:02:57.321  1483  4874 D PackageManager: setEnabledSetting : userId = 0 packageName = com.google.android.apps.messaging cmp = com.google.android.apps.messaging.ui.conversationlist.VideoShareIntentActivity newState = 1 callingPackage = 10201/com.google.android.apps.messaging
10-20 20:02:57.322  1483  4874 D ApplicationPolicy: getApplicationStateEnabled : pkg = com.google.android.apps.messaging userId : 0
10-20 20:02:57.323  1483  4874 D ApplicationPolicy: getApplicationComponentState : pkg = com.google.android.apps.messaging userId : 0
10-20 20:02:57.325 15034 15083 I Bugle   : BugleStartup: Done with SIM change receiver & app config.
10-20 20:02:57.326 15034 15083 I Bugle   : BugleStartup: Handling shared prefs upgrade & Load MMS Configuration...
10-20 20:02:57.386 15034 15061 I BugleRcsEngine: Unexpected action: android.intent.action.SIM_STATE_CHANGED [CONTEXT log_prefix="(Sim)" thread_id=7447 ]
10-20 20:02:57.387 15034 15061 I BugleRcsEngine: Unexpected action: android.intent.action.ACTION_DEFAULT_VOICE_SUBSCRIPTION_CHANGED [CONTEXT log_prefix="(Sim)" thread_id=7447 ]
10-20 20:02:57.395 15034 15070 I BugleDataModel: ExecuteActionRunnable: running action CountryCodeDetectorAction
10-20 20:02:57.397 15034 15097 I BugleDataModel: ActionExecutorImpl: ACTION_EXECUTE_QUEUED_CountryCodeDetectorAction
10-20 20:02:57.397 15034 15070 I BugleDataModel: ActionExecutorImpl: ACTION_BACKGROUND_QUEUED_CountryCodeDetectorAction
10-20 20:02:57.417 15034 15097 I Bugle   : BugleStartup: Initializing RCS availability...
10-20 20:02:57.421 15034 15097 I Bugle   : BugleStartup: Done with RCS availability.
10-20 20:02:57.422 15034 15234 I RcsProvisioningFlow: Received intent action: android.intent.action.SIM_STATE_CHANGED with extra SIM_STATE: LOADED
10-20 20:02:57.422 15034 15097 I Bugle   : BugleStartup: Done initializing with enabled individual init failures.
10-20 20:02:57.424 15034 15233 I BugleRcsEngine: do not delay first event [CONTEXT thread_id=7478 ]
10-20 20:02:57.427 15034 15098 I Bugle   : CountryCodeDetector: updateSmsNetworkCountry from default subscription network country. detected country: br
10-20 20:02:57.429 15034 15098 I BugleDataModel: ActionExecutorImpl: ACTION_RESPONSE_QUEUED_CountryCodeDetectorAction
10-20 20:02:57.430 15034 15234 I RcsProvisioningFlow: Sending sim state update work request to scheduler due to LOADED.
10-20 20:02:57.432 15034 15075 I BugleDataModel: Scheduling country code detector action, because a subscription changed its state.
10-20 20:02:57.434 15034 15075 I BugleDataModel: Scheduling self participants refresh action, because a subscription changed its state.
10-20 20:02:57.437 15034 15074 I BugleRcsEngine: Cannot use CS.apk as it's battery optimized [CONTEXT thread_id=7455 ]
10-20 20:02:57.550  1483  2425 I ChimeraAggressivePolicyHandler: executePolicy() - triggerSource: TRIGGER_SOURCE_LMKD
10-20 20:02:57.553  1483  2425 I ChimeraAggressivePolicyHandler: available memory: 1115124, free memory target: 747520, quit chimera
10-20 20:02:57.588 15034 15097 I RcsProvisioningFlow: Beginning update task for phone SIMs state scheduledAt: 2025-10-20T23:02:57.435Z
10-20 20:02:57.588 15034 15234 I RcsProvisioningFlow: Scheduling 3 using PWQ with updateTrigger: 6, scheduledAt: 2025-10-20T23:02:57.431Z, initialDelaySeconds: 0.
10-20 20:02:57.598 15034 15097 I RcsProvisioningFlow: Lock acquired for updatng phone SIMs state with update trigger: 1.
10-20 20:02:57.606 14659 14683 D SharedPreferencesImpl: Time required to fsync /data/user/0/com.opera.max.global/shared_prefs/com.google.android.gms.appid.xml: [<1: 0, <2: 0, <4: 0, <8: 0, <16: 0, <32: 0, <64: 0, <128: 0, <256: 0, <512: 0, <1024: 1, <2048: 1, <4096: 0, <8192: 0, <16384: 0, >=16384: 0]
10-20 20:02:57.606 14659 14659 W pera.max.global: Long monitor contention with owner Firebase-Messaging-Topics-Io (14683) at void com.google.firebase.messaging.w0.i()(SourceFile:23) waiters=0 in boolean com.google.firebase.messaging.w0.b(java.lang.String) for 1.411s
10-20 20:02:57.606 15034 15233 I BugleRcsEngine: Processing an intent [CONTEXT log_prefix="(Sim)" thread_id=7478 ]
10-20 20:02:57.612 15034 15233 I BugleRcsEngine: SIM state LOADED [CONTEXT log_prefix="(Sim)" thread_id=7478 ]
10-20 20:02:57.617 15034 15083 I BugleJobs: Starts to observe table change.
10-20 20:02:57.626 15034 15235 I RcsProvisioningFlow: Received intent action: android.telephony.action.DEFAULT_SUBSCRIPTION_CHANGED with extra SIM_STATE: null
10-20 20:02:57.628 15034 15235 I RcsProvisioningFlow: Scheduling 3 using PWQ with updateTrigger: 4, scheduledAt: 2025-10-20T23:02:57.626Z, initialDelaySeconds: 0.
10-20 20:02:57.647 15034 15097 I BugleSimStateTracker: Looking up Fi through package names.
10-20 20:02:57.647 15034 15233 I BugleRcsEngine: SIM changed: false. current id: redacted-pii:sim_id[chars:20,last3:411]; stored id: redacted-pii:sim_id[chars:20,last3:411]; isFiDevice: false; subId: 2; slotIndex: 0 [CONTEXT log_prefix="(Sim)" thread_id=7478 ]
10-20 20:02:57.655 15034 15169 I Bugle   : BroadcastReceiverAsyncWorkTracker: Acknowledging broadcast of crlf@7458483
10-20 20:02:57.663 15034 15103 I Forking : Starting analysis.
10-20 20:02:57.664 15034 15098 W Bugle   : BuglePhoneNumberUtils: canonicalizeMccMnc: invalid mccmnc. mcc: null, mnc: null
10-20 20:02:57.671 15034 15103 I Misthreading: Starting analysis.
10-20 20:02:57.677 15034 15097 I BugleSimStateTracker: default call SIM: redacted-pii:sim_id[chars:20,last3:411], default sms SIM redacted-pii:sim_id[chars:20,last3:411]. default data SIM redacted-pii:sim_id[chars:20,last3:411].
10-20 20:02:57.687 15034 15233 I BugleRcsEngine: Skipping writing subId because this is main bugle process. [CONTEXT log_prefix="(Sim)" thread_id=7478 ]
10-20 20:02:57.725  1483  1755 D SensorService: [SO] 0.147 1.476 9.912
10-20 20:02:57.741 14401 14401 D BoundBrokerSvc: onBind: Intent { act=com.google.android.gms.notifications.capping.api.NotificationsCappingApiService.START dat=chimera-action:/... cmp=com.google.android.gms/.chimera.GmsApiService }
10-20 20:02:57.741 14401 14401 D BoundBrokerSvc: Loading bound service for intent: Intent { act=com.google.android.gms.notifications.capping.api.NotificationsCappingApiService.START dat=chimera-action:/... cmp=com.google.android.gms/.chimera.GmsApiService }
10-20 20:02:57.744 15034 15233 I BugleRcsEngine: Updated SIM info: currentSimId: redacted-pii:sim_id[chars:20,last3:411]; imsi: redacted-pii:imsi[chars:15]; rawMsisdn: redacted-pii:phone_number[chars:0,last2:]; formattedMsisdn: redacted-pii:phone_number[chars:0,last2:]; mccmnc: redacted-pii:sim_operator[chars:5]; gid1: redacted-pii:sim_gid[chars:0]; isFiDevice: false; subId: 2; slotIndex: 0 [CONTEXT log_prefix="(Sim)" thread_id=7478 ]
10-20 20:02:57.753 15034 15097 I BugleSimStateTracker: Is carrier config for identified carrier: true
10-20 20:02:57.762 15034 15070 D WM-GreedyScheduler: Ignoring {WorkSpec: e0d228a3-a9a5-4eb0-a003-25ffa3d87aa0}. Requires ContentUri triggers.
10-20 20:02:57.762 15034 15098 W Bugle   : BuglePhoneNumberUtils: canonicalizeMccMnc: invalid mccmnc. mcc: null, mnc: null
10-20 20:02:57.763 15034 15070 D WM-GreedyScheduler: Ignoring {WorkSpec: 79732b8a-c6bf-466a-835a-f3d24bf24f3d}. Requires device idle.
10-20 20:02:57.763 15034 15070 D WM-GreedyScheduler: Ignoring {WorkSpec: 04db5d64-2df9-4665-98ca-54a2e84d45b7}. Requires device idle.
10-20 20:02:57.763 15034 15070 D WM-GreedyScheduler: Ignoring {WorkSpec: b3f5174e-1f68-4d59-81ba-85f8bff2abdf}. Requires device idle.
10-20 20:02:57.763 15034 15070 D WM-GreedyScheduler: Ignoring {WorkSpec: 6be00472-d46a-4116-b286-53d9597726b3}. Requires ContentUri triggers.
10-20 20:02:57.763 15034 15070 D WM-GreedyScheduler: Starting work for 62025ca4-ba9f-4c11-b5ea-47f5e612bcc2
10-20 20:02:57.779  1483  4853 D InputDispatcher: Inject key (15243/2000): action=0, f=0x0, d=-1, time=2550775081000000
10-20 20:02:57.779  1483  4853 D WindowManager: interceptKeyTq keycode=4 interactive=true keyguardActive=false policyFlags=2b000000
10-20 20:02:57.780  1483  4853 D PhoneWindowManagerExt: interceptKeyTq code=4 down=true repeatCount=0 displayId=-1 interactive=true
10-20 20:02:57.780  1483  4853 D WindowManager: interceptKeyTq interceptKeyResult=4
10-20 20:02:57.780  1483  1796 D PowerManagerService: [api] userActivityFromNative :  (event: 1 flags: 0 displayId: 0) eventTime = 2550775081
10-20 20:02:57.781  1483  1796 D WindowManager: interceptKeyTi keyCode=4 down=true repeatCount=0 keyguardOn=false canceled=false
10-20 20:02:57.781  1483  1796 D PhoneWindowManagerExt: interceptKeyTi code=4 down=true repeatCount=0 displayId=-1 interactive=true
10-20 20:02:57.783  1483  1796 I InputDispatcher: Delivering key to (14980): B action: 0x0 (0), f=0x0, m=0x0, d=0, 'c4af74a'
10-20 20:02:57.784 15034 15239 D WM-GreedyScheduler: Ignoring {WorkSpec: e0d228a3-a9a5-4eb0-a003-25ffa3d87aa0}. Requires ContentUri triggers.
10-20 20:02:57.784  5125  5125 I HBD     : b skip onKeyDown as physical keyboard not connected 
10-20 20:02:57.784 15034 15239 D WM-GreedyScheduler: Ignoring {WorkSpec: 79732b8a-c6bf-466a-835a-f3d24bf24f3d}. Requires device idle.
10-20 20:02:57.784 15034 15239 D WM-GreedyScheduler: Ignoring {WorkSpec: 04db5d64-2df9-4665-98ca-54a2e84d45b7}. Requires device idle.
10-20 20:02:57.784 15034 15239 D WM-GreedyScheduler: Ignoring {WorkSpec: b3f5174e-1f68-4d59-81ba-85f8bff2abdf}. Requires device idle.
10-20 20:02:57.784 15034 15239 D WM-GreedyScheduler: Ignoring {WorkSpec: 6be00472-d46a-4116-b286-53d9597726b3}. Requires ContentUri triggers.
10-20 20:02:57.785  5125  5125 I HBD     : HoneyBoardService onKeyDown r:7d052ccd consumed:false 1 
10-20 20:02:57.786 14980 14980 I ViewRootImpl@87d5c8f[MainActivity]: ViewPostIme key 0
10-20 20:02:57.786 14980 14980 D Activity: onKeyDown(KEYCODE_BACK)
10-20 20:02:57.787  1483  4853 D InputDispatcher: Inject key (15243/2000): action=1, f=0x0, d=-1, time=2550775081000000
10-20 20:02:57.787  1483  4853 D WindowManager: interceptKeyTq keycode=4 interactive=true keyguardActive=false policyFlags=2b000000
10-20 20:02:57.787  1483  4853 D PhoneWindowManagerExt: interceptKeyTq code=4 down=false repeatCount=0 displayId=-1 interactive=true
10-20 20:02:57.787  1483  4853 D WindowManager: interceptKeyTq interceptKeyResult=4
10-20 20:02:57.788  1483  1796 D WindowManager: interceptKeyTi keyCode=4 down=false repeatCount=0 keyguardOn=false canceled=false
10-20 20:02:57.788  1483  1796 D PhoneWindowManagerExt: interceptKeyTi code=4 down=false repeatCount=0 displayId=-1 interactive=true
10-20 20:02:57.789  1483  1796 I InputDispatcher: Delivering key to (14980): B action: 0x1 (0), f=0x0, m=0x0, d=0, 'c4af74a'
10-20 20:02:57.789 15034 15097 I BugleSimStateTracker: Is carrier config for identified carrier: true
10-20 20:02:57.790  5125  5125 I HBD     : HoneyBoardService onKeyUp r:3c04cbb3 consumed:false 1 
10-20 20:02:57.791 14980 14980 I ViewRootImpl@87d5c8f[MainActivity]: ViewPostIme key 1
10-20 20:02:57.792 14980 14980 D Activity: onKeyUp(KEYCODE_BACK) isTracking()=true isCanceled()=false hasCallback=false
10-20 20:02:57.797 15034 15233 I BugleRcsEngine: Handling SIM_LOADED in PhoneSimsStateUpdater. [CONTEXT log_prefix="(Sim)" thread_id=7478 ]
10-20 20:02:57.809 15034 15083 D WM-Processor: say: processing WorkGenerationalId(workSpecId=62025ca4-ba9f-4c11-b5ea-47f5e612bcc2, generation=0)
10-20 20:02:57.826 15034 15098 D MddListenableWorkerFactory: createWorker for class: com.google.android.apps.messaging.shared.datamodel.workqueue.WorkQueueWorkerShim
10-20 20:02:57.836 15034 15063 D CompatibilityChangeReporter: Compat change id reported: 183155436; UID 10201; state: ENABLED
10-20 20:02:57.838 15034 15034 D WM-WorkerWrapper: Starting work for com.google.android.apps.messaging.shared.datamodel.workqueue.WorkQueueWorkerShim
10-20 20:02:57.845  1483  2471 D NetdEventListenerService: DNS Requested by : 475, 11011
10-20 20:02:57.857 14839 14902 D TrafficStats: tagSocket(6) with statsTag=0xffffffff, statsUid=-1
10-20 20:02:57.862 15034 15097 I BugleSimStateTracker: Looking up Fi through package names.
10-20 20:02:57.877 15034 15098 I RcsProvisioningFlow: Handling SIM state update work request for 3 with updateTrigger 6, scheduledAt 2025-10-20T23:02:57.431Z.
10-20 20:02:57.878 15034 15098 I RcsProvisioningFlow: Beginning update task for phone SIMs state scheduledAt: 2025-10-20T23:02:57.431Z
10-20 20:02:57.882 14980 15011 E IMGMapper: set:488 set: Unset optional value from type SMPTE2086
10-20 20:02:57.883 14980 15011 E IMGMapper: set:488 set: Unset optional value from type CTA861_3
10-20 20:02:57.889  1483  4853 I LocationAccessPolicy: checkLocationPermission - callingUid: 10201, callingPid: 15034, resultForFine: DENIED_HARD
10-20 20:02:57.889  1483  4853 I LocationAccessPolicy: checkLocationPermission - callingUid: 10201, callingPid: 15034, resultForCoarse: DENIED_HARD
10-20 20:02:57.894 15034 15097 I BugleSimStateTracker: Looking up Fi through package names.
10-20 20:02:57.897  1039  1039 I BufferQueueProducer: [com.cinemamovel/com.cinemamovel.MainActivity$_14980#505897](this:0xb400007a1f651838,id:-1,api:0,p:-1,c:1039) queueBuffer: fps=17.55 dur=1481.27 max=998.53 min=16.25
10-20 20:02:57.898 15034 15237 I BugleConnectivity: isOnSatellite(2): false
10-20 20:02:57.899   991  1074 I hwcomposer: [HWCDisplay] [Display_0 (type:1)] fps:17.564365,dur:1480.27,max:998.80,min:15.57  
10-20 20:02:57.900 15034 15237 I BugleConnectivity: 2 is not on satellite and no other subscriptions are on satellite
10-20 20:02:57.904 15034 15063 I FirebaseApp: Device unlocked: initializing all Firebase APIs for app [DEFAULT]
10-20 20:02:57.911  1483  3335 I LocationAccessPolicy: checkLocationPermission - callingUid: 10201, callingPid: 15034, resultForFine: DENIED_HARD
10-20 20:02:57.911  1483  3335 I LocationAccessPolicy: checkLocationPermission - callingUid: 10201, callingPid: 15034, resultForCoarse: DENIED_HARD
10-20 20:02:57.913 15034 15073 I BugleConnectivity: isOnSatellite(1): false
10-20 20:02:57.914 15034 15073 I BugleConnectivity: 1 is not on satellite and no other subscriptions are on satellite
10-20 20:02:57.921   543   543 D io_stats: !@ 179,0 r 464476707 5645671026 w 80540216 844172964 d 1258356 33785864 f 0 0 iot 231014812 0 th 0 0 0 pt 0 inp 0 0 2550775.223
10-20 20:02:57.938 15034 15098 I BugleNetwork: FirebaseRegistrationStartupTask: Enabling Firebase component
10-20 20:02:57.941  1483  3335 D PackageManager: setEnabledSetting : userId = 0 packageName = com.google.android.apps.messaging cmp = com.google.android.apps.messaging.shared.fcm.impl.BugleFirebaseMessagingService newState = 1 callingPackage = 10201/com.google.android.apps.messaging
10-20 20:02:57.942  1483  3335 D ApplicationPolicy: getApplicationStateEnabled : pkg = com.google.android.apps.messaging userId : 0
10-20 20:02:57.943  1483  3335 D ApplicationPolicy: getApplicationComponentState : pkg = com.google.android.apps.messaging userId : 0
10-20 20:02:57.956 14980 15011 E IMGMapper: set:488 set: Unset optional value from type SMPTE2086
10-20 20:02:57.957 14980 15011 E IMGMapper: set:488 set: Unset optional value from type CTA861_3
10-20 20:02:57.970 14980 15011 E IMGMapper: set:488 set: Unset optional value from type SMPTE2086
10-20 20:02:57.970 14980 15011 E IMGMapper: set:488 set: Unset optional value from type CTA861_3
10-20 20:02:57.991 14980 15011 E IMGMapper: set:488 set: Unset optional value from type SMPTE2086
10-20 20:02:57.991 14980 15011 E IMGMapper: set:488 set: Unset optional value from type CTA861_3
10-20 20:02:57.993  8661 12234 W BpBinder: Large outgoing transaction of 391884 bytes, interface descriptor <uncached descriptor>, code 4
10-20 20:02:58.004 14980 15011 E IMGMapper: set:488 set: Unset optional value from type SMPTE2086
10-20 20:02:58.005 14980 15011 E IMGMapper: set:488 set: Unset optional value from type CTA861_3
10-20 20:02:58.010 15034 15097 I BugleSimStateTracker: Looking up Fi through package names.
10-20 20:02:58.026 14980 15011 E IMGMapper: set:488 set: Unset optional value from type SMPTE2086
10-20 20:02:58.026 14980 15011 E IMGMapper: set:488 set: Unset optional value from type CTA861_3
10-20 20:02:58.038 14980 15011 E IMGMapper: set:488 set: Unset optional value from type SMPTE2086
10-20 20:02:58.038 14980 15011 E IMGMapper: set:488 set: Unset optional value from type CTA861_3
10-20 20:02:58.040  8661  8661 D BoundBrokerSvc: onRebind: Intent { act=com.google.android.gms.common.telemetry.service.START dat=chimera-action:/... cmp=com.google.android.gms/.chimera.PersistentApiService }
10-20 20:02:58.041 15034 15097 I RcsProvisioningFlow: All newly built SimSubscriptionInfos: [(simId: redacted-pii:sim_id[chars:20,last3:411],
10-20 20:02:58.041 15034 15097 I RcsProvisioningFlow: subId: 2,
10-20 20:02:58.041 15034 15097 I RcsProvisioningFlow: simSlot: 0,
10-20 20:02:58.041 15034 15097 I RcsProvisioningFlow: imsi: redacted-pii:imsi[chars:15],
10-20 20:02:58.041 15034 15097 I RcsProvisioningFlow: phoneNumber: redacted-pii:phone_number[chars:0,last2:],
10-20 20:02:58.041 15034 15097 I RcsProvisioningFlow: countryCode: BR,
10-20 20:02:58.041 15034 15097 I RcsProvisioningFlow: networkOperatorName: CLARO BR,
10-20 20:02:58.041 15034 15097 I RcsProvisioningFlow: subscriptionGroupUuid: ,
10-20 20:02:58.041 15034 15097 I RcsProvisioningFlow: mcc: 724,
10-20 20:02:58.041 15034 15097 I RcsProvisioningFlow: mnc: 05,
10-20 20:02:58.041 15034 15097 I RcsProvisioningFlow: simCarrierId: 529,
10-20 20:02:58.041 15034 15097 I RcsProvisioningFlow: iccid: redacted-pii:sim_iccid[chars:20],
10-20 20:02:58.041 15034 15097 I RcsProvisioningFlow: isFi: false,
10-20 20:02:58.041 15034 15097 I RcsProvisioningFlow: loggableGuid: 80c3afbf-1742-4336-92f5-430b26a263f0,
10-20 20:02:58.041 15034 15097 I RcsProvisioningFlow: formattedMsisdn: redacted-pii:phone_number[chars:0,last2:],
10-20 20:02:58.041 15034 15097 I RcsProvisioningFlow: simOperatorName: Claro BR,
10-20 20:02:58.041 15034 15097 I RcsProvisioningFlow: simOperator: 72405,
10-20 20:02:58.041 15034 15097 I RcsProvisioningFlow: groupIdLevel1: ,
10-20 20:02:58.041 15034 15097 I RcsProvisioningFlow: preferredSubscriptionName: Claro BR), (simId: redacted-pii:sim_id[chars:19,last3:991],
10-20 20:02:58.041 15034 15097 I RcsProvisioningFlow: subId: 1,
10-20 20:02:58.041 15034 15097 I RcsProvisioningFlow: simSlot: 1,
10-20 20:02:58.041 15034 15097 I RcsProvisioningFlow: imsi: redacted-pii:imsi[chars:15],
10-20 20:02:58.041 15034 15097 I RcsProvisioningFlow: phoneNumber: redacted-pii:phone_number[chars:0,last2:],
10-20 20:02:58.041 15034 15097 I RcsProvisioningFlow: countryCode: BR,
10-20 20:02:58.041 15034 15097 I RcsProvisioningFlow: networkOperatorName: ,
10-20 20:02:58.041 15034 15097 I RcsProvisioningFlow: subscriptionGroupUuid: ,
10-20 20:02:58.041 15034 15097 I RcsProvisioningFlow: mcc: 724,
10-20 20:02:58.041 15034 15097 I RcsProvisioningFlow: mnc: 31,
10-20 20:02:58.041 15034 15097 I RcsProvisioningFlow: simCarrierId: 1389,
10-20 20:02:58.041 15034 15097 I RcsProvisioningFlow: iccid: redacted-pii:sim_iccid[chars:19],
10-20 20:02:58.041 15034 15097 I RcsProvisioningFlow: isFi: false,
10-20 20:02:58.041 15034 15097 I RcsProvisioningFlow: loggableGuid: 30d79941-1823-4a0d-98e2-e50e6bcb5a4e,
10-20 20:02:58.041 15034 15097 I RcsProvisioningFlow: formattedMsisdn: redacted-pii:phone_number[chars:0,last2:],
10-20 20:02:58.041 15034 15097 I RcsProvisioningFlow: simOperatorName: Oi,
10-20 20:02:58.041 15034 15097 I RcsProvisioningFlow: simOperator: 72431,
10-20 20:02:58.041 15034 15097 I RcsProvisioningFlow: groupIdLevel1: ,
10-20 20:02:58.041 15034 15097 I RcsProvisioningFlow: preferredSubscriptionName: Oi)]
10-20 20:02:58.042 15034 15097 I RcsProvisioningFlow: Storing updatedSimSubscriptionInfos: [(redacted-pii:sim_id[chars:20,last3:411], 80c3afbf-1742-4336-92f5-430b26a263f0), (redacted-pii:sim_id[chars:19,last3:991], 30d79941-1823-4a0d-98e2-e50e6bcb5a4e)]
10-20 20:02:58.046 15034 15097 I RcsProvisioningFlow: Handling SIM loaded event for all SIMs on first update: [(redacted-pii[20-chars], 80c3afbf-1742-4336-92f5-430b26a263f0), (redacted-pii[19-chars], 30d79941-1823-4a0d-98e2-e50e6bcb5a4e)]
10-20 20:02:58.046 14980 15011 E IMGMapper: set:488 set: Unset optional value from type SMPTE2086
10-20 20:02:58.046 14980 15011 E IMGMapper: set:488 set: Unset optional value from type CTA861_3
10-20 20:02:58.061 15034 15239 D WM-GreedyScheduler: Ignoring {WorkSpec: e0d228a3-a9a5-4eb0-a003-25ffa3d87aa0}. Requires ContentUri triggers.
10-20 20:02:58.062 14980 15011 E IMGMapper: set:488 set: Unset optional value from type SMPTE2086
10-20 20:02:58.062 15034 15239 D WM-GreedyScheduler: Ignoring {WorkSpec: 79732b8a-c6bf-466a-835a-f3d24bf24f3d}. Requires device idle.
10-20 20:02:58.062 14980 15011 E IMGMapper: set:488 set: Unset optional value from type CTA861_3
10-20 20:02:58.062 15034 15239 D WM-GreedyScheduler: Ignoring {WorkSpec: 04db5d64-2df9-4665-98ca-54a2e84d45b7}. Requires device idle.
10-20 20:02:58.062 15034 15239 D WM-GreedyScheduler: Ignoring {WorkSpec: b3f5174e-1f68-4d59-81ba-85f8bff2abdf}. Requires device idle.
10-20 20:02:58.062 15034 15239 D WM-GreedyScheduler: Ignoring {WorkSpec: 6be00472-d46a-4116-b286-53d9597726b3}. Requires ContentUri triggers.
10-20 20:02:58.076 15034 15166 I RcsProvisioningFlow: EVENT_TYPE_SIM_STATE_UPDATE_SCHEDULED logging skipped for redacted-pii:sim_id[chars:20,last3:411] because an active flow already exists.
10-20 20:02:58.078 14980 15011 E IMGMapper: set:488 set: Unset optional value from type SMPTE2086
10-20 20:02:58.078 14980 15011 E IMGMapper: set:488 set: Unset optional value from type CTA861_3
10-20 20:02:58.079 15034 15166 I RcsProvisioningFlow: EVENT_TYPE_SIM_STATE_UPDATE_SCHEDULED logging skipped for redacted-pii:sim_id[chars:19,last3:991] because an active flow already exists.
10-20 20:02:58.088  2521  2618 D MobileStatusTracker(0/2): onSignalStrengthsChanged level=3, vendorLevel=3
10-20 20:02:58.090  2521  2618 D MobileSignalController(0/2): notifyListener: enabled=true, connected=true, dataConnected=true, networkType=LTE (4G), emergencyOnly=false, roaming=false, isDefault=false, dataActivity=, level=3, ca=false, mmWave=false, disabledDataIcon=false, simCard=ETC
10-20 20:02:58.090  2521  2618 D NetworkController: SignalStrength from intent slotId=0
10-20 20:02:58.093 15034 15097 I Bugle   : Phone number for self is invalid! With country=BR and number=redacted-pii[0-chars] [CONTEXT sub_id=2 ]
10-20 20:02:58.094 15034 15097 I Bugle   : Phone number for self is invalid! With country=BR and number=redacted-pii[0-chars] [CONTEXT sub_id=1 ]
10-20 20:02:58.095 15034 15166 I Bugle   : RcsAvailabilityUtilForProvisioningEngineV2: updateAvailabilityForAllSimsAsync, hint: NO_HINT
10-20 20:02:58.096 15034 15166 I BugleRcsProvisioning: updateAvailabilityForAllSimsAsync: scheduling updateAvailabilityForRcsProvisioningId call. Hint: NO_HINT, enableWelcomePopupWithoutGoogleTos: false, reshowSuccessPopup: false
10-20 20:02:58.096 14980 15011 E IMGMapper: set:488 set: Unset optional value from type SMPTE2086
10-20 20:02:58.096 14980 15011 E IMGMapper: set:488 set: Unset optional value from type CTA861_3
10-20 20:02:58.100 15034 15240 I BugleRcsProvisioning: updateRcsAvailabilityForMultipleSims: hint: NO_HINT, canReshowWelcomeMessage: false
10-20 20:02:58.108 15034 15240 I RcsAvailabilityCache: Cached availability not found for simId: redacted-pii:sim_id[chars:19,last3:991]
10-20 20:02:58.114 14980 15011 E IMGMapper: set:488 set: Unset optional value from type SMPTE2086
10-20 20:02:58.114 14980 15011 E IMGMapper: set:488 set: Unset optional value from type CTA861_3
10-20 20:02:58.115 15034 15083 D WM-GreedyScheduler: Ignoring {WorkSpec: e0d228a3-a9a5-4eb0-a003-25ffa3d87aa0}. Requires ContentUri triggers.
10-20 20:02:58.115 15034 15083 D WM-GreedyScheduler: Ignoring {WorkSpec: 79732b8a-c6bf-466a-835a-f3d24bf24f3d}. Requires device idle.
10-20 20:02:58.115 15034 15083 D WM-GreedyScheduler: Ignoring {WorkSpec: 04db5d64-2df9-4665-98ca-54a2e84d45b7}. Requires device idle.
10-20 20:02:58.115 15034 15083 D WM-GreedyScheduler: Ignoring {WorkSpec: b3f5174e-1f68-4d59-81ba-85f8bff2abdf}. Requires device idle.
10-20 20:02:58.115 15034 15083 D WM-GreedyScheduler: Ignoring {WorkSpec: 6be00472-d46a-4116-b286-53d9597726b3}. Requires ContentUri triggers.
10-20 20:02:58.115 15034 15097 I BugleDataModel: SubscriptionsTracker#refreshSelfParticipantList([2, 1])
10-20 20:02:58.118 15034 15098 W BugleRcs: getAvailableProvisioningIds: accessing uninitialized provisioning identities. [CONTEXT ratelimit_period="1 MINUTES" ]
10-20 20:02:58.118 15034 15098 W BugleRcs: eqwf: FULL
10-20 20:02:58.118 15034 15098 W BugleRcs: 	at dkxq.x(PG:60)
10-20 20:02:58.118 15034 15098 W BugleRcs: 	at dlgf.p(PG:15)
10-20 20:02:58.118 15034 15098 W BugleRcs: 	at colh.p(PG:3)
10-20 20:02:58.118 15034 15098 W BugleRcs: 	at cuab.a(PG:28)
10-20 20:02:58.118 15034 15098 W BugleRcs: 	at cuaa.a(PG:23)
10-20 20:02:58.118 15034 15098 W BugleRcs: 	at ctzq.e(PG:15)
10-20 20:02:58.118 15034 15098 W BugleRcs: 	at bzvc.g(PG:21)
10-20 20:02:58.118 15034 15098 W BugleRcs: 	at bzva.run(PG:33)
10-20 20:02:58.118 15034 15098 W BugleRcs: 	at eooi.run(PG:21)
10-20 20:02:58.118 15034 15098 W BugleRcs: 	at java.util.concurrent.Executors$RunnableAdapter.call(Executors.java:487)
10-20 20:02:58.118 15034 15098 W BugleRcs: 	at eveh.a(PG:3)
10-20 20:02:58.118 15034 15098 W BugleRcs: 	at evde.run(PG:19)
10-20 20:02:58.118 15034 15098 W BugleRcs: 	at evei.run(PG:5)
10-20 20:02:58.118 15034 15098 W BugleRcs: 	at dvnc.run(PG:7)
10-20 20:02:58.118 15034 15098 W BugleRcs: 	at java.util.concurrent.ThreadPoolExecutor.runWorker(ThreadPoolExecutor.java:1145)
10-20 20:02:58.118 15034 15098 W BugleRcs: 	at java.util.concurrent.ThreadPoolExecutor$Worker.run(ThreadPoolExecutor.java:644)
10-20 20:02:58.118 15034 15098 W BugleRcs: 	at dvmg.run(PG:6)
10-20 20:02:58.118 15034 15098 W BugleRcs: 	at java.lang.Thread.run(Thread.java:1012)
10-20 20:02:58.118 15034 15098 W BugleRcs: 	at dvoa.run(PG:61)
10-20 20:02:58.119 15034 15240 I Bugle   : Has Samsung system feature: true
10-20 20:02:58.128 15034 15098 I RcsProvisioningManager: Calculating availability
10-20 20:02:58.129 15034 15098 I RcsProvisioningManager: Computing availability for all sims.
10-20 20:02:58.129 14980 15011 E IMGMapper: set:488 set: Unset optional value from type SMPTE2086
10-20 20:02:58.129 14980 15011 E IMGMapper: set:488 set: Unset optional value from type CTA861_3
10-20 20:02:58.132 15034 15098 I RcsProvisioningManager: qualifiedProvisioningEngineAdapter is present: true
10-20 20:02:58.134 15034 15098 I RcsAvailabilityCache: Cached availability not found for simId: redacted-pii:sim_id[chars:19,last3:991]
10-20 20:02:58.136 15034 15098 I RcsAvailabilityCache: Cached availability not found for simId: redacted-pii:sim_id[chars:19,last3:991]
10-20 20:02:58.141  1483  4874 D SecContentProvider2: query(), uri = 18 selection = isRCSEnabled
10-20 20:02:58.143  1483  4874 I PhoneRestrictionPolicy: isRCSEnabledInternal(), showMsg: false, columnName: enableRCS
10-20 20:02:58.143 15034 15083 D WM-GreedyScheduler: Ignoring {WorkSpec: e0d228a3-a9a5-4eb0-a003-25ffa3d87aa0}. Requires ContentUri triggers.
10-20 20:02:58.144 15034 15083 D WM-GreedyScheduler: Ignoring {WorkSpec: 79732b8a-c6bf-466a-835a-f3d24bf24f3d}. Requires device idle.
10-20 20:02:58.144 15034 15083 D WM-GreedyScheduler: Ignoring {WorkSpec: 04db5d64-2df9-4665-98ca-54a2e84d45b7}. Requires device idle.
10-20 20:02:58.144 15034 15083 D WM-GreedyScheduler: Ignoring {WorkSpec: b3f5174e-1f68-4d59-81ba-85f8bff2abdf}. Requires device idle.
10-20 20:02:58.144 15034 15083 D WM-GreedyScheduler: Ignoring {WorkSpec: 6be00472-d46a-4116-b286-53d9597726b3}. Requires ContentUri triggers.
10-20 20:02:58.144  1483  4874 E PhoneRestrictionPolicy: getEmergencyCall >>false
10-20 20:02:58.145 14980 15011 E IMGMapper: set:488 set: Unset optional value from type SMPTE2086
10-20 20:02:58.145 14980 15011 E IMGMapper: set:488 set: Unset optional value from type CTA861_3
10-20 20:02:58.146  1483  4874 I PhoneRestrictionPolicy: isRCSEnabledInternal(), showMsg: false, columnName: enableRCSForSimSlot1
10-20 20:02:58.147  1483  4874 E PhoneRestrictionPolicy: getEmergencyCall >>false
10-20 20:02:58.148  1483  3335 D SecContentProvider2: query(), uri = 18 selection = isRCSEnabled
10-20 20:02:58.148  1483  3335 I PhoneRestrictionPolicy: isRCSEnabledInternal(), showMsg: false, columnName: enableRCS
10-20 20:02:58.149  1483  3335 E PhoneRestrictionPolicy: getEmergencyCall >>false
10-20 20:02:58.150  1483  3335 I PhoneRestrictionPolicy: isRCSEnabledInternal(), showMsg: false, columnName: enableRCSForSimSlot1
10-20 20:02:58.152  1483  3335 E PhoneRestrictionPolicy: getEmergencyCall >>false
10-20 20:02:58.157 15034 15097 I BugleSelfIdentity: empty phone number from override [CONTEXT sub_id=2 ]
10-20 20:02:58.159 15034 15070 I BugleRcsEngine: getConfigServerUrl without simId [CONTEXT log_prefix="ProvisioningServerUtil" thread_id=7451 ]
10-20 20:02:58.159 15034 15235 I MobileConfigurationApi: registerParameters successfully stored 7 parameters
10-20 20:02:58.162 14980 15011 E IMGMapper: set:488 set: Unset optional value from type SMPTE2086
10-20 20:02:58.162 14980 15011 E IMGMapper: set:488 set: Unset optional value from type CTA861_3
10-20 20:02:58.166 15034 15070 I BugleRcsEngine: Using config server URL from djqr [CONTEXT log_prefix="ProvisioningServerUtil" thread_id=7451 ]
10-20 20:02:58.167 15034 15098 W Bugle   : MobileConfigurationRetriever: Cannot access SSOT for the same mobileConfigurationDataId that currently being accessed by another thread
10-20 20:02:58.167 15034 15098 W Bugle   : eqwf: FULL
10-20 20:02:58.167 15034 15098 W Bugle   : 	at ciix.g(PG:195)
10-20 20:02:58.167 15034 15098 W Bugle   : 	at ciix.c(PG:55)
10-20 20:02:58.167 15034 15098 W Bugle   : 	at cmtb.u(PG:88)
10-20 20:02:58.167 15034 15098 W Bugle   : 	at cmtb.i(PG:2)
10-20 20:02:58.167 15034 15098 W Bugle   : 	at cmtb.j(PG:18)
10-20 20:02:58.167 15034 15098 W Bugle   : 	at cmti.w(PG:3)
10-20 20:02:58.167 15034 15098 W Bugle   : 	at dlfr.apply(PG:15)
10-20 20:02:58.167 15034 15098 W Bugle   : 	at j$.util.Optional.map(r8-map-id-8519ea086e6525ca6e9099170cad34b726e2fdbd6ce83c41502380b130de29d1:17)
10-20 20:02:58.167 15034 15098 W Bugle   : 	at dlgf.y(PG:67)
10-20 20:02:58.167 15034 15098 W Bugle   : 	at dlgf.z(PG:203)
10-20 20:02:58.167 15034 15098 W Bugle   : 	at dlgf.p(PG:25)
10-20 20:02:58.167 15034 15098 W Bugle   : 	at colh.p(PG:3)
10-20 20:02:58.167 15034 15098 W Bugle   : 	at cuab.a(PG:28)
10-20 20:02:58.167 15034 15098 W Bugle   : 	at cuaa.a(PG:23)
10-20 20:02:58.167 15034 15098 W Bugle   : 	at ctzq.e(PG:15)
10-20 20:02:58.167 15034 15098 W Bugle   : 	at bzvc.g(PG:21)
10-20 20:02:58.167 15034 15098 W Bugle   : 	at bzva.run(PG:33)
10-20 20:02:58.167 15034 15098 W Bugle   : 	at eooi.run(PG:21)
10-20 20:02:58.167 15034 15098 W Bugle   : 	at java.util.concurrent.Executors$RunnableAdapter.call(Executors.java:487)
10-20 20:02:58.167 15034 15098 W Bugle   : 	at eveh.a(PG:3)
10-20 20:02:58.167 15034 15098 W Bugle   : 	at evde.run(PG:19)
10-20 20:02:58.167 15034 15098 W Bugle   : 	at evei.run(PG:5)
10-20 20:02:58.167 15034 15098 W Bugle   : 	at dvnc.run(PG:7)
10-20 20:02:58.167 15034 15098 W Bugle   : 	at java.util.concurrent.ThreadPoolExecutor.runWorker(ThreadPoolExecutor.java:1145)
10-20 20:02:58.167 15034 15098 W Bugle   : 	at java.util.concurrent.ThreadPoolExecutor$Worker.run(ThreadPoolExecutor.java:644)
10-20 20:02:58.167 15034 15098 W Bugle   : 	at dvmg.run(PG:6)
10-20 20:02:58.167 15034 15098 W Bugle   : 	at java.lang.Thread.run(Thread.java:1012)
10-20 20:02:58.167 15034 15098 W Bugle   : 	at dvoa.run(PG:61)
10-20 20:02:58.170 15034 15098 W Bugle   : MobileConfigurationRetriever: config is not cached when running on background thread.
10-20 20:02:58.170 15034 15098 W Bugle   : eqwf: FULL
10-20 20:02:58.170 15034 15098 W Bugle   : 	at ciix.g(PG:281)
