10-20 20:02:58.170 15034 15098 W Bugle   : 	at ciix.c(PG:55)
10-20 20:02:58.170 15034 15098 W Bugle   : 	at cmtb.u(PG:88)
10-20 20:02:58.170 15034 15098 W Bugle   : 	at cmtb.i(PG:2)
10-20 20:02:58.170 15034 15098 W Bugle   : 	at cmtb.j(PG:18)
10-20 20:02:58.170 15034 15098 W Bugle   : 	at cmti.w(PG:3)
10-20 20:02:58.170 15034 15098 W Bugle   : 	at dlfr.apply(PG:15)
10-20 20:02:58.170 15034 15098 W Bugle   : 	at j$.util.Optional.map(r8-map-id-8519ea086e6525ca6e9099170cad34b726e2fdbd6ce83c41502380b130de29d1:17)
10-20 20:02:58.170 15034 15098 W Bugle   : 	at dlgf.y(PG:67)
10-20 20:02:58.170 15034 15098 W Bugle   : 	at dlgf.z(PG:203)
10-20 20:02:58.170 15034 15098 W Bugle   : 	at dlgf.p(PG:25)
10-20 20:02:58.170 15034 15098 W Bugle   : 	at colh.p(PG:3)
10-20 20:02:58.170 15034 15098 W Bugle   : 	at cuab.a(PG:28)
10-20 20:02:58.170 15034 15098 W Bugle   : 	at cuaa.a(PG:23)
10-20 20:02:58.170 15034 15098 W Bugle   : 	at ctzq.e(PG:15)
10-20 20:02:58.170 15034 15098 W Bugle   : 	at bzvc.g(PG:21)
10-20 20:02:58.170 15034 15098 W Bugle   : 	at bzva.run(PG:33)
10-20 20:02:58.170 15034 15098 W Bugle   : 	at eooi.run(PG:21)
10-20 20:02:58.170 15034 15098 W Bugle   : 	at java.util.concurrent.Executors$RunnableAdapter.call(Executors.java:487)
10-20 20:02:58.170 15034 15098 W Bugle   : 	at eveh.a(PG:3)
10-20 20:02:58.170 15034 15098 W Bugle   : 	at evde.run(PG:19)
10-20 20:02:58.170 15034 15098 W Bugle   : 	at evei.run(PG:5)
10-20 20:02:58.170 15034 15098 W Bugle   : 	at dvnc.run(PG:7)
10-20 20:02:58.170 15034 15098 W Bugle   : 	at java.util.concurrent.ThreadPoolExecutor.runWorker(ThreadPoolExecutor.java:1145)
10-20 20:02:58.170 15034 15098 W Bugle   : 	at java.util.concurrent.ThreadPoolExecutor$Worker.run(ThreadPoolExecutor.java:644)
10-20 20:02:58.170 15034 15098 W Bugle   : 	at dvmg.run(PG:6)
10-20 20:02:58.170 15034 15098 W Bugle   : 	at java.lang.Thread.run(Thread.java:1012)
10-20 20:02:58.170 15034 15098 W Bugle   : 	at dvoa.run(PG:61)
10-20 20:02:58.176 14980 15011 E IMGMapper: set:488 set: Unset optional value from type SMPTE2086
10-20 20:02:58.176 14980 15011 E IMGMapper: set:488 set: Unset optional value from type CTA861_3
10-20 20:02:58.184 15034 15235 I SyncScheduler: scheduling sync for 0 seconds later, policy = KEEP
10-20 20:02:58.190 15034 15098 I Bugle   : MobileConfigurationRetriever: Cannot retrieve rcs onboarding flags in configuration right now, return default flags instead.
10-20 20:02:58.190 15034 15098 I Bugle   : eqwf: MEDIUM
10-20 20:02:58.190 15034 15098 I Bugle   : 	at ciix.c(PG:110)
10-20 20:02:58.190 15034 15098 I Bugle   : 	at cmtb.u(PG:88)
10-20 20:02:58.190 15034 15098 I Bugle   : 	at cmtb.i(PG:2)
10-20 20:02:58.190 15034 15098 I Bugle   : 	at cmtb.j(PG:18)
10-20 20:02:58.190 15034 15098 I Bugle   : 	at cmti.w(PG:3)
10-20 20:02:58.190 15034 15098 I Bugle   : 	at dlfr.apply(PG:15)
10-20 20:02:58.190 15034 15098 I Bugle   : 	at j$.util.Optional.map(r8-map-id-8519ea086e6525ca6e9099170cad34b726e2fdbd6ce83c41502380b130de29d1:17)
10-20 20:02:58.190 15034 15098 I Bugle   : 	at dlgf.y(PG:67)
10-20 20:02:58.190 15034 15098 I Bugle   : 	at dlgf.z(PG:203)
10-20 20:02:58.190 15034 15098 I Bugle   : 	at dlgf.p(PG:25)
10-20 20:02:58.190 15034 15098 I Bugle   : 	at colh.p(PG:3)
10-20 20:02:58.190 15034 15098 I Bugle   : 	at cuab.a(PG:28)
10-20 20:02:58.190 15034 15098 I Bugle   : 	at cuaa.a(PG:23)
10-20 20:02:58.190 15034 15098 I Bugle   : 	at ctzq.e(PG:15)
10-20 20:02:58.190 15034 15098 I Bugle   : 	at bzvc.g(PG:21)
10-20 20:02:58.190 15034 15098 I Bugle   : 	at bzva.run(PG:33)
10-20 20:02:58.190 15034 15098 I Bugle   : 	at eooi.run(PG:21)
10-20 20:02:58.190 15034 15098 I Bugle   : 	at java.util.concurrent.Executors$RunnableAdapter.call(Executors.java:487)
10-20 20:02:58.190 15034 15098 I Bugle   : 	at eveh.a(PG:3)
10-20 20:02:58.190 15034 15098 I Bugle   : 	at evde.run(PG:19)
10-20 20:02:58.192 14980 15011 E IMGMapper: set:488 set: Unset optional value from type SMPTE2086
10-20 20:02:58.192 14980 15011 E IMGMapper: set:488 set: Unset optional value from type CTA861_3
10-20 20:02:58.207 15034 15098 I BugleRcsEngine: [SR]: Single Registration is disabled. Skipping Single Registration capability check for subId: 1, OS.isAtLeastS:[true], enableSingleRegistrationProvisioning:[false] [CONTEXT thread_id=7465 ]
10-20 20:02:58.207 15034 15240 I BugleRcsEngine: [SR]: Single Registration is disabled. Skipping Single Registration capability check for subId: 1, OS.isAtLeastS:[true], enableSingleRegistrationProvisioning:[false] [CONTEXT thread_id=7485 ]
10-20 20:02:58.210 15034 15235 I BugleRcsProvisioning: BugleSystemBindingManager: onBuglePhenotypeFlagChanged
10-20 20:02:58.212 14980 15011 E IMGMapper: set:488 set: Unset optional value from type SMPTE2086
10-20 20:02:58.212 14980 15011 E IMGMapper: set:488 set: Unset optional value from type CTA861_3
10-20 20:02:58.215 15034 15235 I BugleTransport: Not kicking off update transport registration because RCS provisioning change has not been received.
10-20 20:02:58.215  1483  4874 D PackageManager: setEnabledSetting : userId = 0 packageName = com.google.android.apps.messaging cmp = com.google.android.ims.binding.SystemBindingService newState = 1 callingPackage = 10201/com.google.android.apps.messaging
10-20 20:02:58.221  1483  4874 D ApplicationPolicy: getApplicationStateEnabled : pkg = com.google.android.apps.messaging userId : 0
10-20 20:02:58.221 15034 15238 I BugleRcsEngine: getConfigServerUrl without simId [CONTEXT log_prefix="ProvisioningServerUtil" thread_id=7483 ]
10-20 20:02:58.222  1483  4874 D ApplicationPolicy: getApplicationComponentState : pkg = com.google.android.apps.messaging userId : 0
10-20 20:02:58.230 14980 15011 E IMGMapper: set:488 set: Unset optional value from type SMPTE2086
10-20 20:02:58.230 14980 15011 E IMGMapper: set:488 set: Unset optional value from type CTA861_3
10-20 20:02:58.230  1483  1544 E Watchdog: !@Sync: 84969 heap: 126 / 134 FD: 883 [2025-10-20 20:02:58.229]
10-20 20:02:58.233 15034 15073 I BugleRcsEngine: SystemBinding enabled: true [CONTEXT log_prefix="SystemBindingManager" thread_id=7454 ]
10-20 20:02:58.235 15034 15097 I BugleSelfIdentity: empty phone number from override [CONTEXT sub_id=2 ]
10-20 20:02:58.237 15034 15070 I BugleRcsEngine: getConfigServerUrl without simId [CONTEXT log_prefix="ProvisioningServerUtil" thread_id=7451 ]
10-20 20:02:58.239 15034 15073 I BugleRcsEngine: System Binding updated [CONTEXT thread_id=7454 ]
10-20 20:02:58.243  2486 15961 D WifiHAL : event received NL80211_CMD_VENDOR, vendor_id = 0xce7, subcmd = 0xa
10-20 20:02:58.244  2486 15961 D WifiHAL : event received NL80211_CMD_VENDOR, vendor_id = 0xce7, subcmd = 0xa
10-20 20:02:58.245 15034 15070 I BugleRcsEngine: Using config server URL from djqr [CONTEXT log_prefix="ProvisioningServerUtil" thread_id=7451 ]
10-20 20:02:58.246 15034 15047 D CompatibilityChangeReporter: Compat change id reported: 150939131; UID 10201; state: ENABLED
10-20 20:02:58.247 14980 15011 E IMGMapper: set:488 set: Unset optional value from type SMPTE2086
10-20 20:02:58.247 14980 15011 E IMGMapper: set:488 set: Unset optional value from type CTA861_3
10-20 20:02:58.250 15034 15238 I BugleRcsEngine: Using config server URL from djqr [CONTEXT log_prefix="ProvisioningServerUtil" thread_id=7483 ]
10-20 20:02:58.256 15034 15073 I Bugle   : RcsAvailabilityUtilForProvisioningEngineV2: onCsLibPhenotypeUpdated
10-20 20:02:58.256  1483  1504 D PackageManager: setEnabledSetting : userId = 0 packageName = com.google.android.apps.messaging cmp = com.google.android.ims.binding.SystemBindingService newState = 1 callingPackage = 10201/com.google.android.apps.messaging
10-20 20:02:58.257  1483  1504 D ApplicationPolicy: getApplicationStateEnabled : pkg = com.google.android.apps.messaging userId : 0
10-20 20:02:58.258  1483  1504 D ApplicationPolicy: getApplicationComponentState : pkg = com.google.android.apps.messaging userId : 0
10-20 20:02:58.259 15034 15083 I BugleRcsEngine: getConfigServerUrl without simId [CONTEXT log_prefix="ProvisioningServerUtil" thread_id=7459 ]
10-20 20:02:58.260 15034 15097 I BugleSelfIdentity: empty phone number from override [CONTEXT sub_id=1 ]
10-20 20:02:58.260  2786  4442 D DhcpClient: Received packet: 4a:f8:83:ca:71:92 ACK: your new IP /10.0.0.113, netmask /255.255.255.0, gateways [/10.0.0.1] DNS servers: /1.1.1.1 /1.0.0.1 , lease time 86400, domain meuintelbras.local
10-20 20:02:58.261 15034 15237 I BugleRcsEngine: SystemBinding enabled: true [CONTEXT log_prefix="SystemBindingManager" thread_id=7482 ]
10-20 20:02:58.262 15034 15075 I BugleRcsEngine: getConfigServerUrl without simId [CONTEXT log_prefix="ProvisioningServerUtil" thread_id=7456 ]
10-20 20:02:58.262 14980 15011 E IMGMapper: set:488 set: Unset optional value from type SMPTE2086
10-20 20:02:58.262 15034 15237 I BugleRcsEngine: System Binding updated [CONTEXT thread_id=7482 ]
10-20 20:02:58.262 14980 15011 E IMGMapper: set:488 set: Unset optional value from type CTA861_3
10-20 20:02:58.276 14980 15011 E IMGMapper: set:488 set: Unset optional value from type SMPTE2086
10-20 20:02:58.276 14980 15011 E IMGMapper: set:488 set: Unset optional value from type CTA861_3
10-20 20:02:58.286 15034 15097 I BugleSelfIdentity: empty phone number from override [CONTEXT sub_id=1 ]
10-20 20:02:58.287 15034 15098 I BugleRcsProvisioning: RcsAvailability configuration availability and enabled status: simId: redacted-pii:sim_id[chars:19,last3:991], SipConnectionType: DUAL_REG, isConfigurationAvailableAndEnabled: false
10-20 20:02:58.288 15034 15240 I BugleRcsProvisioning: RcsAvailability configuration availability and enabled status: simId: redacted-pii:sim_id[chars:19,last3:991], SipConnectionType: DUAL_REG, isConfigurationAvailableAndEnabled: false
10-20 20:02:58.288 15034 15098 I BugleRcsProvisioning: Checking isConfigServerUrlAvailable with simId: redacted-pii:sim_id[chars:19,last3:991], 
10-20 20:02:58.289 15034 15240 I BugleRcsProvisioning: Checking isConfigServerUrlAvailable with simId: redacted-pii:sim_id[chars:19,last3:991], 
10-20 20:02:58.290 15034 15098 I BugleRcsEngine: getConfigServerUrl with simId: redacted-pii:sim_id[chars:19,last3:991] [CONTEXT log_prefix="ProvisioningServerUtil" thread_id=7465 ]
10-20 20:02:58.290 15034 15240 I BugleRcsEngine: getConfigServerUrl with simId: redacted-pii:sim_id[chars:19,last3:991] [CONTEXT log_prefix="ProvisioningServerUtil" thread_id=7485 ]
10-20 20:02:58.291 15034 15240 I BugleRcsEngine: Using config server URL from ciix [CONTEXT log_prefix="ProvisioningServerUtil" thread_id=7485 ]
10-20 20:02:58.292 14980 15011 E IMGMapper: set:488 set: Unset optional value from type SMPTE2086
10-20 20:02:58.292 14980 15011 E IMGMapper: set:488 set: Unset optional value from type CTA861_3
10-20 20:02:58.293 15034 15083 I BugleRcsEngine: Using config server URL from djqr [CONTEXT log_prefix="ProvisioningServerUtil" thread_id=7459 ]
10-20 20:02:58.295 15034 15098 I BugleRcsEngine: Using config server URL from ciix [CONTEXT log_prefix="ProvisioningServerUtil" thread_id=7465 ]
10-20 20:02:58.299 15034 15075 I BugleRcsEngine: Using config server URL from djqr [CONTEXT log_prefix="ProvisioningServerUtil" thread_id=7456 ]
10-20 20:02:58.304 15034 15097 I BugleSelfIdentity: empty phone number from override [CONTEXT sub_id=2 ]
10-20 20:02:58.305 15034 15240 I BugleRcsProvisioning: RcsAvailability: Subscription Id: 1, simId: redacted-pii:sim_id[chars:19,last3:991], sipConnectionType: DUAL_REG, isRcsAvailable: false
10-20 20:02:58.309 15034 15098 I BugleRcsProvisioning: RcsAvailability: Subscription Id: 1, simId: redacted-pii:sim_id[chars:19,last3:991], sipConnectionType: DUAL_REG, isRcsAvailable: false
10-20 20:02:58.311 14980 15011 E IMGMapper: set:488 set: Unset optional value from type SMPTE2086
10-20 20:02:58.311 14980 15011 E IMGMapper: set:488 set: Unset optional value from type CTA861_3
10-20 20:02:58.319 15034 15240 I BugleRcsProvisioning: updateAvailabilityForRcsProvisioningId. SimId: redacted-pii:sim_id[chars:19,last3:991], currentAvailability: 1, newAvailability: 10, hint: NO_HINT
10-20 20:02:58.319 15034 15098 I BugleRcsProvisioning: updateAvailabilityForRcsProvisioningId. SimId: redacted-pii:sim_id[chars:19,last3:991], currentAvailability: 1, newAvailability: 10, hint: NO_HINT
10-20 20:02:58.321 15034 15098 I RcsProvisioningManager: Receive onRcsAvailabilityUpdate, SIM = redacted-pii:sim_id[chars:19,last3:991], availability = RcsAvailability{mAvailability=CARRIER_SETUP_PENDING (Carrier RCS is not set up)}
10-20 20:02:58.325 15034 15238 I RcsProvisioningManager: Cannot notify RcsVerifiedPhoneNumberListener because current availability is CARRIER_SETUP_PENDING instead of AVAILABLE.
10-20 20:02:58.325 15034 15083 I RcsProvisioningManager: AvailabilityObserver.onUpdate : Notify RcsAvailabilityListener comj@bd4d95b onRcsAvailabilityUpdate, SIM = redacted-pii:sim_id[chars:19,last3:991], availability = 10
10-20 20:02:58.325 15034 15075 I RcsProvisioningManager: AvailabilityObserver.onUpdate : Notify RcsAvailabilityListener ctzq@141b6e onRcsAvailabilityUpdate, SIM = redacted-pii:sim_id[chars:19,last3:991], availability = 10
10-20 20:02:58.325 14980 15011 E IMGMapper: set:488 set: Unset optional value from type SMPTE2086
10-20 20:02:58.326 14980 15011 E IMGMapper: set:488 set: Unset optional value from type CTA861_3
10-20 20:02:58.326 15034 15097 I BugleSelfIdentity: empty phone number from override [CONTEXT sub_id=2 ]
10-20 20:02:58.327 15034 15070 I RcsProvisioningManager: CommonRcsProvisioningChangeListenerHandler.notifyListener : Notify RcsProvisioningChangeListener dffl@a7ffad1 onRcsProvisioningChange, SIM = redacted-pii:sim_id[chars:34,last3:91)], available rcs provisioning ids  = 
10-20 20:02:58.331 15034 15098 I RcsProvisioningManager: getAvailabilityForRcsProvisioningIdSync: RcsAvailability{mAvailability=CARRIER_SETUP_PENDING (Carrier RCS is not set up)}
10-20 20:02:58.334 15034 15098 I RcsProvisioningManager: Receive onRcsAvailabilityUpdate, SIM = redacted-pii:sim_id[chars:19,last3:991], availability = RcsAvailability{mAvailability=CARRIER_SETUP_PENDING (Carrier RCS is not set up)}
10-20 20:02:58.336 15034 15070 I RcsProvisioningManager: Cannot notify RcsVerifiedPhoneNumberListener because current availability is CARRIER_SETUP_PENDING instead of AVAILABLE.
10-20 20:02:58.337 15034 15239 I RcsProvisioningManager: AvailabilityObserver.onUpdate : Notify RcsAvailabilityListener ctzq@141b6e onRcsAvailabilityUpdate, SIM = redacted-pii:sim_id[chars:19,last3:991], availability = 10
10-20 20:02:58.337 15034 15083 I RcsProvisioningManager: CommonRcsProvisioningChangeListenerHandler.notifyListener : Notify RcsProvisioningChangeListener dffl@a7ffad1 onRcsProvisioningChange, SIM = redacted-pii:sim_id[chars:34,last3:91)], available rcs provisioning ids  = 
10-20 20:02:58.338 15034 15240 I RcsProvisioningManager: Receive onRcsAvailabilityUpdate, SIM = redacted-pii:sim_id[chars:19,last3:991], availability = RcsAvailability{mAvailability=CARRIER_SETUP_PENDING (Carrier RCS is not set up)}
10-20 20:02:58.342 14980 15011 E IMGMapper: set:488 set: Unset optional value from type SMPTE2086
10-20 20:02:58.342 14980 15011 E IMGMapper: set:488 set: Unset optional value from type CTA861_3
10-20 20:02:58.346 15034 15098 I RcsProvisioningManager: qualifiedProvisioningEngineAdapter is present: true
10-20 20:02:58.352 15034 15239 I RcsProvisioningManager: AvailabilityObserver.onUpdate : Notify RcsAvailabilityListener comj@bd4d95b onRcsAvailabilityUpdate, SIM = redacted-pii:sim_id[chars:19,last3:991], availability = 10
10-20 20:02:58.352 15034 15240 I RcsAvailabilityCache: Cached availability not found for simId: redacted-pii:sim_id[chars:20,last3:411]
10-20 20:02:58.353 15034 15075 I RcsProvisioningManager: Cannot notify RcsVerifiedPhoneNumberListener because current availability is CARRIER_SETUP_PENDING instead of AVAILABLE.
10-20 20:02:58.353 15034 15238 I RcsProvisioningManager: AvailabilityObserver.onUpdate : Notify RcsAvailabilityListener ctzq@141b6e onRcsAvailabilityUpdate, SIM = redacted-pii:sim_id[chars:19,last3:991], availability = 10
10-20 20:02:58.353 15034 15098 I RcsAvailabilityCache: Cached availability not found for simId: redacted-pii:sim_id[chars:20,last3:411]
10-20 20:02:58.354 15034 15070 I RcsProvisioningManager: CommonRcsProvisioningChangeListenerHandler.notifyListener : Notify RcsProvisioningChangeListener dffl@a7ffad1 onRcsProvisioningChange, SIM = redacted-pii:sim_id[chars:34,last3:91)], available rcs provisioning ids  = 
10-20 20:02:58.354 15034 15098 I RcsAvailabilityCache: Cached availability not found for simId: redacted-pii:sim_id[chars:20,last3:411]
10-20 20:02:58.358  1483  1504 D SecContentProvider2: query(), uri = 18 selection = isRCSEnabled
10-20 20:02:58.359  1483  1504 I PhoneRestrictionPolicy: isRCSEnabledInternal(), showMsg: false, columnName: enableRCS
10-20 20:02:58.359  1483  2600 D SecContentProvider2: query(), uri = 18 selection = isRCSEnabled
10-20 20:02:58.359  1483  1504 E PhoneRestrictionPolicy: getEmergencyCall >>false
10-20 20:02:58.359  1483  2600 I PhoneRestrictionPolicy: isRCSEnabledInternal(), showMsg: false, columnName: enableRCS
10-20 20:02:58.359 14980 15011 E IMGMapper: set:488 set: Unset optional value from type SMPTE2086
10-20 20:02:58.359 14980 15011 E IMGMapper: set:488 set: Unset optional value from type CTA861_3
10-20 20:02:58.360  1483  2600 E PhoneRestrictionPolicy: getEmergencyCall >>false
10-20 20:02:58.361  1483  1504 I PhoneRestrictionPolicy: isRCSEnabledInternal(), showMsg: false, columnName: enableRCSForSimSlot1
10-20 20:02:58.361  1483  2600 I PhoneRestrictionPolicy: isRCSEnabledInternal(), showMsg: false, columnName: enableRCSForSimSlot1
10-20 20:02:58.362  1483  1504 E PhoneRestrictionPolicy: getEmergencyCall >>false
10-20 20:02:58.362  1483  2600 E PhoneRestrictionPolicy: getEmergencyCall >>false
10-20 20:02:58.376 14980 15011 E IMGMapper: set:488 set: Unset optional value from type SMPTE2086
10-20 20:02:58.376 14980 15011 E IMGMapper: set:488 set: Unset optional value from type CTA861_3
10-20 20:02:58.386  1483  2600 D PackageManager: setEnabledSetting : userId = 0 packageName = com.google.android.apps.messaging cmp = com.google.android.apps.messaging.auto.MessagingTemplateScreenServiceModule newState = 1 callingPackage = 10201/com.google.android.apps.messaging
10-20 20:02:58.387  1483  2600 D ApplicationPolicy: getApplicationStateEnabled : pkg = com.google.android.apps.messaging userId : 0
10-20 20:02:58.388  1483  2600 D ApplicationPolicy: getApplicationComponentState : pkg = com.google.android.apps.messaging userId : 0
10-20 20:02:58.391 15034 15265 I RcsProvisioningManager: AvailabilityObserver.onUpdate : Notify RcsAvailabilityListener comj@bd4d95b onRcsAvailabilityUpdate, SIM = redacted-pii:sim_id[chars:19,last3:991], availability = 10
10-20 20:02:58.393 14980 15011 E IMGMapper: set:488 set: Unset optional value from type SMPTE2086
10-20 20:02:58.393 14980 15011 E IMGMapper: set:488 set: Unset optional value from type CTA861_3
10-20 20:02:58.393 15034 15097 I BugleDataModel: SubscriptionsTracker bindToTrackingMap bound participants: [ParticipantId=1 subId=-1, ParticipantId=2 subId=1, ParticipantId=3 subId=2]
10-20 20:02:58.396 15034 15097 I BugleDataModel: set orderedRowIdAndTokenPairs: [rowId=2 subId= 1 token=c5fe3fcc-23ea-4cf4-8cfa-363cdd8db98b, rowId=3 subId= 2 token=f7e82289-5ddc-4522-8b55-52a052a0206e, rowId=1 subId= -1 token=1b1b38f0-65a6-4328-bff6-ef5a9e4251e5]
10-20 20:02:58.398 15034 15098 W Bugle   : MobileConfigurationRetriever: Cannot access SSOT for the same mobileConfigurationDataId that currently being accessed by another thread
10-20 20:02:58.398 15034 15098 W Bugle   : eqwf: FULL
10-20 20:02:58.398 15034 15098 W Bugle   : 	at ciix.g(PG:195)
10-20 20:02:58.398 15034 15098 W Bugle   : 	at ciix.c(PG:55)
10-20 20:02:58.398 15034 15098 W Bugle   : 	at cmtb.u(PG:88)
10-20 20:02:58.398 15034 15098 W Bugle   : 	at cmtb.i(PG:2)
10-20 20:02:58.398 15034 15098 W Bugle   : 	at cmtb.j(PG:18)
10-20 20:02:58.398 15034 15098 W Bugle   : 	at cmti.w(PG:3)
10-20 20:02:58.398 15034 15098 W Bugle   : 	at dlfr.apply(PG:15)
10-20 20:02:58.398 15034 15098 W Bugle   : 	at j$.util.Optional.map(r8-map-id-8519ea086e6525ca6e9099170cad34b726e2fdbd6ce83c41502380b130de29d1:17)
10-20 20:02:58.398 15034 15098 W Bugle   : 	at dlgf.y(PG:67)
10-20 20:02:58.398 15034 15098 W Bugle   : 	at dlgf.z(PG:203)
10-20 20:02:58.398 15034 15098 W Bugle   : 	at dlgf.p(PG:25)
10-20 20:02:58.398 15034 15098 W Bugle   : 	at colh.p(PG:3)
10-20 20:02:58.398 15034 15098 W Bugle   : 	at cuab.a(PG:28)
10-20 20:02:58.398 15034 15098 W Bugle   : 	at cuaa.a(PG:23)
10-20 20:02:58.398 15034 15098 W Bugle   : 	at ctzq.e(PG:15)
10-20 20:02:58.398 15034 15098 W Bugle   : 	at bzvc.g(PG:21)
10-20 20:02:58.398 15034 15098 W Bugle   : 	at bzva.run(PG:33)
10-20 20:02:58.398 15034 15098 W Bugle   : 	at eooi.run(PG:21)
10-20 20:02:58.398 15034 15098 W Bugle   : 	at java.util.concurrent.Executors$RunnableAdapter.call(Executors.java:487)
10-20 20:02:58.398 15034 15098 W Bugle   : 	at eveh.a(PG:3)
10-20 20:02:58.398 15034 15098 W Bugle   : 	at evde.run(PG:19)
10-20 20:02:58.398 15034 15098 W Bugle   : 	at evei.run(PG:5)
10-20 20:02:58.398 15034 15098 W Bugle   : 	at dvnc.run(PG:7)
10-20 20:02:58.398 15034 15098 W Bugle   : 	at java.util.concurrent.ThreadPoolExecutor.runWorker(ThreadPoolExecutor.java:1145)
10-20 20:02:58.398 15034 15098 W Bugle   : 	at java.util.concurrent.ThreadPoolExecutor$Worker.run(ThreadPoolExecutor.java:644)
10-20 20:02:58.398 15034 15098 W Bugle   : 	at dvmg.run(PG:6)
10-20 20:02:58.398 15034 15098 W Bugle   : 	at java.lang.Thread.run(Thread.java:1012)
10-20 20:02:58.398 15034 15098 W Bugle   : 	at dvoa.run(PG:61)
10-20 20:02:58.402 15034 15098 W Bugle   : MobileConfigurationRetriever: config is not cached when running on background thread.
10-20 20:02:58.402 15034 15098 W Bugle   : eqwf: FULL
10-20 20:02:58.402 15034 15098 W Bugle   : 	at ciix.g(PG:281)
10-20 20:02:58.402 15034 15098 W Bugle   : 	at ciix.c(PG:55)
10-20 20:02:58.402 15034 15098 W Bugle   : 	at cmtb.u(PG:88)
10-20 20:02:58.402 15034 15098 W Bugle   : 	at cmtb.i(PG:2)
10-20 20:02:58.402 15034 15098 W Bugle   : 	at cmtb.j(PG:18)
10-20 20:02:58.402 15034 15098 W Bugle   : 	at cmti.w(PG:3)
10-20 20:02:58.402 15034 15098 W Bugle   : 	at dlfr.apply(PG:15)
10-20 20:02:58.402 15034 15098 W Bugle   : 	at j$.util.Optional.map(r8-map-id-8519ea086e6525ca6e9099170cad34b726e2fdbd6ce83c41502380b130de29d1:17)
10-20 20:02:58.402 15034 15098 W Bugle   : 	at dlgf.y(PG:67)
10-20 20:02:58.402 15034 15098 W Bugle   : 	at dlgf.z(PG:203)
10-20 20:02:58.402 15034 15098 W Bugle   : 	at dlgf.p(PG:25)
10-20 20:02:58.402 15034 15098 W Bugle   : 	at colh.p(PG:3)
10-20 20:02:58.402 15034 15098 W Bugle   : 	at cuab.a(PG:28)
10-20 20:02:58.402 15034 15098 W Bugle   : 	at cuaa.a(PG:23)
10-20 20:02:58.402 15034 15098 W Bugle   : 	at ctzq.e(PG:15)
10-20 20:02:58.402 15034 15098 W Bugle   : 	at bzvc.g(PG:21)
10-20 20:02:58.402 15034 15098 W Bugle   : 	at bzva.run(PG:33)
10-20 20:02:58.402 15034 15098 W Bugle   : 	at eooi.run(PG:21)
10-20 20:02:58.402 15034 15098 W Bugle   : 	at java.util.concurrent.Executors$RunnableAdapter.call(Executors.java:487)
10-20 20:02:58.402 15034 15098 W Bugle   : 	at eveh.a(PG:3)
10-20 20:02:58.402 15034 15098 W Bugle   : 	at evde.run(PG:19)
10-20 20:02:58.402 15034 15098 W Bugle   : 	at evei.run(PG:5)
10-20 20:02:58.402 15034 15098 W Bugle   : 	at dvnc.run(PG:7)
10-20 20:02:58.402 15034 15098 W Bugle   : 	at java.util.concurrent.ThreadPoolExecutor.runWorker(ThreadPoolExecutor.java:1145)
10-20 20:02:58.402 15034 15098 W Bugle   : 	at java.util.concurrent.ThreadPoolExecutor$Worker.run(ThreadPoolExecutor.java:644)
10-20 20:02:58.402 15034 15098 W Bugle   : 	at dvmg.run(PG:6)
10-20 20:02:58.402 15034 15098 W Bugle   : 	at java.lang.Thread.run(Thread.java:1012)
10-20 20:02:58.402 15034 15098 W Bugle   : 	at dvoa.run(PG:61)
10-20 20:02:58.408 14980 15011 E IMGMapper: set:488 set: Unset optional value from type SMPTE2086
10-20 20:02:58.409 14980 15011 E IMGMapper: set:488 set: Unset optional value from type CTA861_3
10-20 20:02:58.409 15034 15098 I Bugle   : MobileConfigurationRetriever: Cannot retrieve rcs onboarding flags in configuration right now, return default flags instead.
10-20 20:02:58.409 15034 15098 I Bugle   : eqwf: MEDIUM
10-20 20:02:58.409 15034 15098 I Bugle   : 	at ciix.c(PG:110)
10-20 20:02:58.409 15034 15098 I Bugle   : 	at cmtb.u(PG:88)
10-20 20:02:58.409 15034 15098 I Bugle   : 	at cmtb.i(PG:2)
10-20 20:02:58.409 15034 15098 I Bugle   : 	at cmtb.j(PG:18)
10-20 20:02:58.409 15034 15098 I Bugle   : 	at cmti.w(PG:3)
10-20 20:02:58.409 15034 15098 I Bugle   : 	at dlfr.apply(PG:15)
10-20 20:02:58.409 15034 15098 I Bugle   : 	at j$.util.Optional.map(r8-map-id-8519ea086e6525ca6e9099170cad34b726e2fdbd6ce83c41502380b130de29d1:17)
10-20 20:02:58.409 15034 15098 I Bugle   : 	at dlgf.y(PG:67)
10-20 20:02:58.409 15034 15098 I Bugle   : 	at dlgf.z(PG:203)
10-20 20:02:58.409 15034 15098 I Bugle   : 	at dlgf.p(PG:25)
10-20 20:02:58.409 15034 15098 I Bugle   : 	at colh.p(PG:3)
10-20 20:02:58.409 15034 15098 I Bugle   : 	at cuab.a(PG:28)
10-20 20:02:58.409 15034 15098 I Bugle   : 	at cuaa.a(PG:23)
10-20 20:02:58.409 15034 15098 I Bugle   : 	at ctzq.e(PG:15)
10-20 20:02:58.409 15034 15098 I Bugle   : 	at bzvc.g(PG:21)
10-20 20:02:58.409 15034 15098 I Bugle   : 	at bzva.run(PG:33)
10-20 20:02:58.409 15034 15098 I Bugle   : 	at eooi.run(PG:21)
10-20 20:02:58.409 15034 15098 I Bugle   : 	at java.util.concurrent.Executors$RunnableAdapter.call(Executors.java:487)
10-20 20:02:58.409 15034 15098 I Bugle   : 	at eveh.a(PG:3)
10-20 20:02:58.409 15034 15098 I Bugle   : 	at evde.run(PG:19)
10-20 20:02:58.424 15034 15240 I BugleRcsEngine: [SR]: Single Registration is disabled. Skipping Single Registration capability check for subId: 2, OS.isAtLeastS:[true], enableSingleRegistrationProvisioning:[false] [CONTEXT thread_id=7485 ]
10-20 20:02:58.425 14980 15011 E IMGMapper: set:488 set: Unset optional value from type SMPTE2086
10-20 20:02:58.425 14980 15011 E IMGMapper: set:488 set: Unset optional value from type CTA861_3
10-20 20:02:58.429 15034 15098 I BugleRcsEngine: [SR]: Single Registration is disabled. Skipping Single Registration capability check for subId: 2, OS.isAtLeastS:[true], enableSingleRegistrationProvisioning:[false] [CONTEXT thread_id=7465 ]
10-20 20:02:58.437 15034 15240 I BugleRcsProvisioning: RcsAvailability configuration availability and enabled status: simId: redacted-pii:sim_id[chars:20,last3:411], SipConnectionType: DUAL_REG, isConfigurationAvailableAndEnabled: true
10-20 20:02:58.439 15034 15240 I BugleRcsProvisioning: Checking isConfigServerUrlAvailable with simId: redacted-pii:sim_id[chars:20,last3:411], 
10-20 20:02:58.439 15034 15098 I BugleRcsProvisioning: RcsAvailability configuration availability and enabled status: simId: redacted-pii:sim_id[chars:20,last3:411], SipConnectionType: DUAL_REG, isConfigurationAvailableAndEnabled: true
10-20 20:02:58.440  4881  7366 I AppsEdge.Badge: getBadgeIconType 0
10-20 20:02:58.440 15034 15098 I BugleRcsProvisioning: Checking isConfigServerUrlAvailable with simId: redacted-pii:sim_id[chars:20,last3:411], 
10-20 20:02:58.440 15034 15240 I BugleRcsEngine: getConfigServerUrl with simId: redacted-pii:sim_id[chars:20,last3:411] [CONTEXT log_prefix="ProvisioningServerUtil" thread_id=7485 ]
10-20 20:02:58.442 15034 15098 I BugleRcsEngine: getConfigServerUrl with simId: redacted-pii:sim_id[chars:20,last3:411] [CONTEXT log_prefix="ProvisioningServerUtil" thread_id=7465 ]
10-20 20:02:58.443 15034 15240 I BugleRcsEngine: Using config server URL from ciix [CONTEXT log_prefix="ProvisioningServerUtil" thread_id=7485 ]
10-20 20:02:58.444 15034 15098 I BugleRcsEngine: Using config server URL from ciix [CONTEXT log_prefix="ProvisioningServerUtil" thread_id=7465 ]
10-20 20:02:58.453 15034 15240 I BugleRcsProvisioning: RcsAvailability: Subscription Id: 2, simId: redacted-pii:sim_id[chars:20,last3:411], sipConnectionType: DUAL_REG, isRcsAvailable: true
10-20 20:02:58.453  9596 14012 I BadgeProvider: query, [selection] : null
10-20 20:02:58.453 15034 15098 I BugleRcsProvisioning: RcsAvailability: Subscription Id: 2, simId: redacted-pii:sim_id[chars:20,last3:411], sipConnectionType: DUAL_REG, isRcsAvailable: true
10-20 20:02:58.454 15034 15240 I BugleRcsProvisioning: updateAvailabilityForRcsProvisioningId. SimId: redacted-pii:sim_id[chars:20,last3:411], currentAvailability: 1, newAvailability: 7, hint: NO_HINT
10-20 20:02:58.456 15034 15098 I BugleRcsProvisioning: updateAvailabilityForRcsProvisioningId. SimId: redacted-pii:sim_id[chars:20,last3:411], currentAvailability: 1, newAvailability: 7, hint: NO_HINT
10-20 20:02:58.456 15034 15240 I RcsProvisioningManager: Receive onRcsAvailabilityUpdate, SIM = redacted-pii:sim_id[chars:20,last3:411], availability = RcsAvailability{mAvailability=AVAILABLE (RCS is setup)}
10-20 20:02:58.457  4881  7366 I AppsEdge.Badge: key=com.android.phone:0 count=1
10-20 20:02:58.457  4881  7366 I AppsEdge.Badge: key=com.google.android.gms:0 count=1
10-20 20:02:58.457 15034 15098 I RcsProvisioningManager: Receive onRcsAvailabilityUpdate, SIM = redacted-pii:sim_id[chars:20,last3:411], availability = RcsAvailability{mAvailability=AVAILABLE (RCS is setup)}
10-20 20:02:58.461 15034 15098 I RcsProvisioningManager: Configuration is empty: false for simId: redacted-pii:sim_id[chars:35,last3:11)]
10-20 20:02:58.461 15034 15240 I RcsProvisioningManager: Configuration is empty: false for simId: redacted-pii:sim_id[chars:35,last3:11)]
10-20 20:02:58.464 15034 15240 I Bugle   : CountryCodeDetector: updateSmsNetworkCountry from default subscription network country. detected country: br
10-20 20:02:58.522 15034 15266 I RcsClientLib: Service is deprecated skipping connection attempt: EventService
10-20 20:02:58.523 15034 15266 I RcsClientLib: Service is deprecated skipping connection attempt: ContactsService
10-20 20:02:58.524 15034 15238 I RcsProvisioningManager: AvailabilityObserver.onUpdate : Notify RcsAvailabilityListener comj@bd4d95b onRcsAvailabilityUpdate, SIM = redacted-pii:sim_id[chars:20,last3:411], availability = 7
10-20 20:02:58.524 15034 15070 I RcsProvisioningManager: AvailabilityObserver.onUpdate : Notify RcsAvailabilityListener ctzq@141b6e onRcsAvailabilityUpdate, SIM = redacted-pii:sim_id[chars:20,last3:411], availability = 7
10-20 20:02:58.524 15034 15266 I RcsClientLib: Service is deprecated skipping connection attempt: FileTransferService
10-20 20:02:58.524 15034 15265 I RcsProvisioningManager: CommonRcsProvisioningChangeListenerHandler.notifyListener : Notify RcsProvisioningChangeListener dffl@a7ffad1 onRcsProvisioningChange, SIM = redacted-pii:sim_id[chars:35,last3:11)], available rcs provisioning ids  = redacted-pii:sim_id[chars:20,last3:411]
10-20 20:02:58.525 15034 15168 I RcsProvisioningFlow: EVENT_TYPE_PROVISIONING_SUCCEEDED logging skipped for redacted-pii:sim_id[chars:20,last3:411] because of NOT_ELIGIBLE_PREVIOUS_EVENT_NOT_LOGGED
10-20 20:02:58.526 15034 15098 I RcsProvisioningManager: getAvailabilityForRcsProvisioningIdSync: RcsAvailability{mAvailability=AVAILABLE (RCS is setup)}
10-20 20:02:58.526 15034 15083 I RcsProvisioningManager: AvailabilityObserver.onUpdate : Notify RcsAvailabilityListener ctzq@141b6e onRcsAvailabilityUpdate, SIM = redacted-pii:sim_id[chars:20,last3:411], availability = 7
10-20 20:02:58.527 15034 15098 I RcsProvisioningManager: Receive onRcsAvailabilityUpdate, SIM = redacted-pii:sim_id[chars:20,last3:411], availability = RcsAvailability{mAvailability=AVAILABLE (RCS is setup)}
10-20 20:02:58.529 15034 15268 I RcsClientLib: Service is deprecated skipping connection attempt: EventService
10-20 20:02:58.529 15034 15268 I RcsClientLib: Service is deprecated skipping connection attempt: ContactsService
10-20 20:02:58.530 15034 15268 I RcsClientLib: Service is deprecated skipping connection attempt: FileTransferService
10-20 20:02:58.530 15034 15103 I RcsProvisioningFlow: EVENT_TYPE_PROVISIONING_SUCCEEDED logging skipped for redacted-pii:sim_id[chars:20,last3:411] because of NOT_ELIGIBLE_PREVIOUS_EVENT_NOT_LOGGED
10-20 20:02:58.530 15034 15266 I RcsClientLib: Service is deprecated skipping connection attempt: LocationSharingService
10-20 20:02:58.531 15034 15268 I RcsClientLib: Service is deprecated skipping connection attempt: LocationSharingService
10-20 20:02:58.531 15034 15274 I RcsProvisioningManager: CommonRcsProvisioningChangeListenerHandler.notifyListener : Notify RcsProvisioningChangeListener dffl@a7ffad1 onRcsProvisioningChange, SIM = redacted-pii:sim_id[chars:35,last3:11)], available rcs provisioning ids  = redacted-pii:sim_id[chars:20,last3:411]
10-20 20:02:58.532 15034 15268 I RcsClientLib: Service is deprecated skipping connection attempt: ImsConnectionTrackerService
10-20 20:02:58.532 15034 15271 I RcsProvisioningManager: AvailabilityObserver.onUpdate : Notify RcsAvailabilityListener comj@bd4d95b onRcsAvailabilityUpdate, SIM = redacted-pii:sim_id[chars:20,last3:411], availability = 7
10-20 20:02:58.532 15034 15266 I RcsClientLib: Service is deprecated skipping connection attempt: ImsConnectionTrackerService
10-20 20:02:58.533 15034 15268 I RcsClientLib: Service is deprecated skipping connection attempt: RcsProfileService
10-20 20:02:58.533 15034 15268 I RcsClientLib: Service is deprecated skipping connection attempt: RcsMessagingService
10-20 20:02:58.534 15034 15266 I RcsClientLib: Service is deprecated skipping connection attempt: RcsProfileService
10-20 20:02:58.534 15034 15268 I BugleRcs: connecting to 7 Rcs Services
10-20 20:02:58.535 15034 15266 I RcsClientLib: Service is deprecated skipping connection attempt: RcsMessagingService
10-20 20:02:58.535 15034 15098 I RcsProvisioningManager: Configuration is empty: false for simId: redacted-pii:sim_id[chars:35,last3:11)]
10-20 20:02:58.536 15034 15266 I BugleRcs: connecting to 7 Rcs Services
10-20 20:02:58.537 15034 15240 I RcsProvisioningManager: CommonRcsProvisioningChangeListenerHandler.notifyListener : Notify RcsProvisioningChangeListener dffl@a7ffad1 onRcsProvisioningChange, SIM = redacted-pii:sim_id[chars:35,last3:11)], available rcs provisioning ids  = redacted-pii:sim_id[chars:20,last3:411]
10-20 20:02:58.537 15034 15098 I BugleTransport: Retrieved RCS available simIds: [redacted-pii[20-chars]]
10-20 20:02:58.538 15034 15274 I RcsProvisioningManager: AvailabilityObserver.onUpdate : Notify RcsAvailabilityListener comj@bd4d95b onRcsAvailabilityUpdate, SIM = redacted-pii:sim_id[chars:20,last3:411], availability = 7
10-20 20:02:58.539 15034 15263 I RcsProvisioningManager: Identity mapping not empty. Backfill not required.
10-20 20:02:58.540 15034 15263 I BugleTransport: Retrieved RCS available simIds: [redacted-pii[20-chars]]
10-20 20:02:58.541 15034 15103 I RcsProvisioningFlow: EVENT_TYPE_PROVISIONING_SUCCEEDED logging skipped for redacted-pii:sim_id[chars:20,last3:411] because of NOT_ELIGIBLE_PREVIOUS_EVENT_NOT_LOGGED
10-20 20:02:58.542 15034 15266 I RcsProvisioningManager: AvailabilityObserver.onUpdate : Notify RcsAvailabilityListener ctzq@141b6e onRcsAvailabilityUpdate, SIM = redacted-pii:sim_id[chars:20,last3:411], availability = 7
10-20 20:02:58.565 15034 15098 I BugleTransport: Enabled chat transport for SIM = redacted-pii[20-chars] is TACHYGRAM
10-20 20:02:58.582 15034 15263 I BugleTransport: Enabled chat transport for SIM = redacted-pii[20-chars] is TACHYGRAM
10-20 20:02:58.582  1483  1583 D PowerManagerService: UserActivityStateListenerState: 0
10-20 20:02:58.583 15034 15268 I BugleTransport: Deregister all SIMs except for SIMs with subIds: [] from chat transport: SINGLE_REGISTRATION.
10-20 20:02:58.583 15034 15266 I BugleTransport: Deregister all SIMs except for SIMs with subIds: [2] from chat transport: TACHYGRAM.
10-20 20:02:58.584 15034 15239 I BugleTransport: Deregister all SIMs except for SIMs with subIds: [] from chat transport: DUAL_REGISTRATION.
10-20 20:02:58.586 15034 15098 I BugleE2eeEtouffee: EtouffeeStateMachine: Ensuring state machine consistency
10-20 20:02:58.587 15034 15266 I RcsClientLib: Service is deprecated skipping connection attempt: RcsEngineLifecycleServiceV2
10-20 20:02:58.589 15034 15169 I BugleRcsJibe: RcsServiceConnectionException was raised while waiting to connect to RcsEngineLifecycleServiceV2
10-20 20:02:58.591 15034 15098 I RcsProvisioningManager: Identity mapping not empty. Backfill not required.
10-20 20:02:58.591 15034 15266 I BugleTransport: Register SIM with subId: 2 on chat transport: TACHYGRAM.
10-20 20:02:58.595 15034 15266 I BugleTransport: Retrieved RCS available simIds: [redacted-pii[20-chars]]
10-20 20:02:58.597 15034 15166 I BugleE2eeEtouffee: EtouffeeStateMachine: onRegistrationUpdate from Tachyon, previousState: REGISTERED_WITH_PREKEYS, newState: REGISTERED_WITH_PREKEYS, reason: STARTUP_ENSURE_CONSISTENCY
10-20 20:02:58.598 15034 15266 I BugleTransport: Enabled chat transport for SIM = redacted-pii[20-chars] is TACHYGRAM
10-20 20:02:58.599 15034 15263 I BugleTransport: Deregister all SIMs except for SIMs with subIds: [2] from chat transport: TACHYGRAM.
10-20 20:02:58.599 15034 15239 I BugleTransport: Deregister all SIMs except for SIMs with subIds: [] from chat transport: SINGLE_REGISTRATION.
10-20 20:02:58.600 15034 15239 I BugleTransport: Deregister all SIMs except for SIMs with subIds: [] from chat transport: DUAL_REGISTRATION.
10-20 20:02:58.601 15034 15268 I BugleE2eeEtouffee: EtouffeeStateMachine: E2EE provisioning state update, Previous Etouffee status: PROVISIONED, New Etouffee status: PROVISIONED
10-20 20:02:58.602 15034 15266 I RcsClientLib: Service is deprecated skipping connection attempt: RcsEngineLifecycleServiceV2
10-20 20:02:58.603 15034 15102 I BugleRcsJibe: RcsServiceConnectionException was raised while waiting to connect to RcsEngineLifecycleServiceV2
10-20 20:02:58.605 15034 15268 I BugleTransport: Register SIM with subId: 2 on chat transport: TACHYGRAM.
10-20 20:02:58.607 15034 15268 I BugleTransport: Retrieved RCS available simIds: [redacted-pii[20-chars]]
10-20 20:02:58.608 15034 15268 I BugleTransport: Enabled chat transport for SIM = redacted-pii[20-chars] is TACHYGRAM
10-20 20:02:58.609 15034 15263 I BugleTransport: Deregister all SIMs except for SIMs with subIds: [2] from chat transport: TACHYGRAM.
10-20 20:02:58.609 15034 15265 I BugleTransport: Deregister all SIMs except for SIMs with subIds: [] from chat transport: DUAL_REGISTRATION.
10-20 20:02:58.610 15034 15239 I BugleTransport: Deregister all SIMs except for SIMs with subIds: [] from chat transport: SINGLE_REGISTRATION.
10-20 20:02:58.611 15034 15268 I RcsClientLib: Service is deprecated skipping connection attempt: RcsEngineLifecycleServiceV2
10-20 20:02:58.612 15034 15102 I BugleRcsJibe: RcsServiceConnectionException was raised while waiting to connect to RcsEngineLifecycleServiceV2
10-20 20:02:58.614 15034 15268 I BugleTransport: Register SIM with subId: 2 on chat transport: TACHYGRAM.
10-20 20:02:58.616 15034 15268 I BugleTransport: Retrieved RCS available simIds: [redacted-pii[20-chars]]
10-20 20:02:58.617 15034 15268 I BugleTransport: Enabled chat transport for SIM = redacted-pii[20-chars] is TACHYGRAM
10-20 20:02:58.618 15034 15263 I BugleTransport: Deregister all SIMs except for SIMs with subIds: [2] from chat transport: TACHYGRAM.
10-20 20:02:58.619 15034 15265 I BugleTransport: Deregister all SIMs except for SIMs with subIds: [] from chat transport: DUAL_REGISTRATION.
10-20 20:02:58.620 15034 15098 I RcsClientLib: Service is deprecated skipping connection attempt: RcsEngineLifecycleServiceV2
10-20 20:02:58.621 15034 15168 I BugleRcsJibe: RcsServiceConnectionException was raised while waiting to connect to RcsEngineLifecycleServiceV2
10-20 20:02:58.622 15034 15239 I BugleTransport: Deregister all SIMs except for SIMs with subIds: [] from chat transport: SINGLE_REGISTRATION.
10-20 20:02:58.623 15034 15098 I BugleTransport: Register SIM with subId: 2 on chat transport: TACHYGRAM.
10-20 20:02:58.626 15034 15098 I BugleTransport: Retrieved RCS available simIds: [redacted-pii[20-chars]]
10-20 20:02:58.627 15034 15098 I BugleTransport: Enabled chat transport for SIM = redacted-pii[20-chars] is TACHYGRAM
10-20 20:02:58.628 15034 15263 I BugleTransport: Deregister all SIMs except for SIMs with subIds: [] from chat transport: SINGLE_REGISTRATION.
10-20 20:02:58.630 15034 15263 I BugleTransport: Deregister all SIMs except for SIMs with subIds: [2] from chat transport: TACHYGRAM.
10-20 20:02:58.631 15034 15239 I BugleTransport: Deregister all SIMs except for SIMs with subIds: [] from chat transport: DUAL_REGISTRATION.
10-20 20:02:58.633 15034 15098 I RcsClientLib: Service is deprecated skipping connection attempt: RcsEngineLifecycleServiceV2
10-20 20:02:58.634 15034 15168 I BugleRcsJibe: RcsServiceConnectionException was raised while waiting to connect to RcsEngineLifecycleServiceV2
10-20 20:02:58.636 15034 15097 I BugleSelfIdentity: Phone number for MyIdentity c5fe3fcc-23ea-4cf4-8cfa-363cdd8db98b does not change [CONTEXT sub_id=1 icc_id="redacted-pii[19-chars]" messaging_identity="redacted-pii[0-chars]" rcs_provisioning_id="redacted-pii[19-chars]" ]
10-20 20:02:58.636 15034 15268 I BugleTransport: Register SIM with subId: 2 on chat transport: TACHYGRAM.
10-20 20:02:58.638 15034 15268 I BugleTransport: Retrieved RCS available simIds: [redacted-pii[20-chars]]
10-20 20:02:58.641 15034 15098 I RcsProvisioningFlow: Lock acquired for updatng phone SIMs state with update trigger: 6.
10-20 20:02:58.642 15034 15098 I BugleSimStateTracker: default call SIM: redacted-pii:sim_id[chars:20,last3:411], default sms SIM redacted-pii:sim_id[chars:20,last3:411]. default data SIM redacted-pii:sim_id[chars:20,last3:411].
10-20 20:02:58.653 14401 14401 D BoundBrokerSvc: onBind: Intent { act=com.google.android.mobstore.service.START pkg=com.google.android.gms }
10-20 20:02:58.653 14401 14401 D BoundBrokerSvc: Loading bound service for intent: Intent { act=com.google.android.mobstore.service.START pkg=com.google.android.gms }
10-20 20:02:58.654 15034 15268 I BugleTransport: Enabled chat transport for SIM = redacted-pii[20-chars] is TACHYGRAM
10-20 20:02:58.655 15034 15273 I BugleTransport: Deregister all SIMs except for SIMs with subIds: [2] from chat transport: TACHYGRAM.
10-20 20:02:58.656 15034 15274 I BugleTransport: Deregister all SIMs except for SIMs with subIds: [] from chat transport: DUAL_REGISTRATION.
10-20 20:02:58.656 15034 15239 I BugleTransport: Deregister all SIMs except for SIMs with subIds: [] from chat transport: SINGLE_REGISTRATION.
10-20 20:02:58.657 15034 15273 I RcsClientLib: Service is deprecated skipping connection attempt: RcsEngineLifecycleServiceV2
10-20 20:02:58.659 15034 15103 I BugleRcsJibe: RcsServiceConnectionException was raised while waiting to connect to RcsEngineLifecycleServiceV2
10-20 20:02:58.660 15034 15268 I BugleTransport: Register SIM with subId: 2 on chat transport: TACHYGRAM.
10-20 20:02:58.661 15034 15098 I BugleSimStateTracker: Is carrier config for identified carrier: true
10-20 20:02:58.670 15034 15098 I BugleSimStateTracker: Is carrier config for identified carrier: true
10-20 20:02:58.680 15034 15263 I native  : I0000 00:00:1761001378.679702   15263 db_store.cc:105] Loading an existing database with version 16
10-20 20:02:58.680 15034 15263 I native  : I0000 00:00:1761001378.680275   15263 db_store.cc:517] Checking presence of tables, run_sqlite_master_schema_validation=true, run_per_table_schema_validation=true
10-20 20:02:58.683  8661  8661 D WearableService: Creating wearable service asynchronously.
10-20 20:02:58.684 15034 15166 I BugleDataModel: 4 not running because already up to date, upgradeCommand: EXECUTE_UPGRADE, version: 1
10-20 20:02:58.689 15034 15102 I BugleDataModel: 2 not running because already up to date, upgradeCommand: EXECUTE_UPGRADE, version: 2
10-20 20:02:58.696  8661  9088 D WearableService: onGetService: waiting for onCreate to be completed.
10-20 20:02:58.697 15034 15169 I BugleDataModel: 3 not running because already up to date, upgradeCommand: EXECUTE_UPGRADE, version: 2
10-20 20:02:58.704 15034 15097 I BugleMDD: MddBackgroundStartupTask: Scheduled MDD periodic tasks.
10-20 20:02:58.723 15034 15098 I BugleSimStateTracker: Looking up Fi through package names.
10-20 20:02:58.775 15034 15098 I BugleSimStateTracker: Looking up Fi through package names.
10-20 20:02:58.780  8661  8709 I Wear_Controller: Wearable module requires a companion app to be installed.
10-20 20:02:58.780  8661  8709 I WearableService: onCreate: Wearable Services not starting. Wear is not available on this device.
10-20 20:02:58.784 15034 15098 I RcsProvisioningFlow: All newly built SimSubscriptionInfos: [(simId: redacted-pii:sim_id[chars:20,last3:411],
10-20 20:02:58.784 15034 15098 I RcsProvisioningFlow: subId: 2,
10-20 20:02:58.784 15034 15098 I RcsProvisioningFlow: simSlot: 0,
10-20 20:02:58.784 15034 15098 I RcsProvisioningFlow: imsi: redacted-pii:imsi[chars:15],
10-20 20:02:58.784 15034 15098 I RcsProvisioningFlow: phoneNumber: redacted-pii:phone_number[chars:0,last2:],
10-20 20:02:58.784 15034 15098 I RcsProvisioningFlow: countryCode: BR,
10-20 20:02:58.784 15034 15098 I RcsProvisioningFlow: networkOperatorName: CLARO BR,
10-20 20:02:58.784 15034 15098 I RcsProvisioningFlow: subscriptionGroupUuid: ,
10-20 20:02:58.784 15034 15098 I RcsProvisioningFlow: mcc: 724,
10-20 20:02:58.784 15034 15098 I RcsProvisioningFlow: mnc: 05,
10-20 20:02:58.784 15034 15098 I RcsProvisioningFlow: simCarrierId: 529,
10-20 20:02:58.784 15034 15098 I RcsProvisioningFlow: iccid: redacted-pii:sim_iccid[chars:20],
10-20 20:02:58.784 15034 15098 I RcsProvisioningFlow: isFi: false,
10-20 20:02:58.784 15034 15098 I RcsProvisioningFlow: loggableGuid: 80c3afbf-1742-4336-92f5-430b26a263f0,
10-20 20:02:58.784 15034 15098 I RcsProvisioningFlow: formattedMsisdn: redacted-pii:phone_number[chars:0,last2:],
10-20 20:02:58.784 15034 15098 I RcsProvisioningFlow: simOperatorName: Claro BR,
10-20 20:02:58.784 15034 15098 I RcsProvisioningFlow: simOperator: 72405,
10-20 20:02:58.784 15034 15098 I RcsProvisioningFlow: groupIdLevel1: ,
10-20 20:02:58.784 15034 15098 I RcsProvisioningFlow: preferredSubscriptionName: Claro BR), (simId: redacted-pii:sim_id[chars:19,last3:991],
10-20 20:02:58.784 15034 15098 I RcsProvisioningFlow: subId: 1,
10-20 20:02:58.784 15034 15098 I RcsProvisioningFlow: simSlot: 1,
10-20 20:02:58.784 15034 15098 I RcsProvisioningFlow: imsi: redacted-pii:imsi[chars:15],
10-20 20:02:58.784 15034 15098 I RcsProvisioningFlow: phoneNumber: redacted-pii:phone_number[chars:0,last2:],
10-20 20:02:58.784 15034 15098 I RcsProvisioningFlow: countryCode: BR,
10-20 20:02:58.784 15034 15098 I RcsProvisioningFlow: networkOperatorName: ,
10-20 20:02:58.784 15034 15098 I RcsProvisioningFlow: subscriptionGroupUuid: ,
10-20 20:02:58.784 15034 15098 I RcsProvisioningFlow: mcc: 724,
10-20 20:02:58.784 15034 15098 I RcsProvisioningFlow: mnc: 31,
10-20 20:02:58.784 15034 15098 I RcsProvisioningFlow: simCarrierId: 1389,
10-20 20:02:58.784 15034 15098 I RcsProvisioningFlow: iccid: redacted-pii:sim_iccid[chars:19],
10-20 20:02:58.784 15034 15098 I RcsProvisioningFlow: isFi: false,
10-20 20:02:58.784 15034 15098 I RcsProvisioningFlow: loggableGuid: 30d79941-1823-4a0d-98e2-e50e6bcb5a4e,
10-20 20:02:58.784 15034 15098 I RcsProvisioningFlow: formattedMsisdn: redacted-pii:phone_number[chars:0,last2:],
10-20 20:02:58.784 15034 15098 I RcsProvisioningFlow: simOperatorName: Oi,
10-20 20:02:58.784 15034 15098 I RcsProvisioningFlow: simOperator: 72431,
10-20 20:02:58.784 15034 15098 I RcsProvisioningFlow: groupIdLevel1: ,
10-20 20:02:58.784 15034 15098 I RcsProvisioningFlow: preferredSubscriptionName: Oi)]
10-20 20:02:58.786 15034 15098 I RcsProvisioningFlow: Storing updatedSimSubscriptionInfos: [(redacted-pii:sim_id[chars:20,last3:411], 80c3afbf-1742-4336-92f5-430b26a263f0), (redacted-pii:sim_id[chars:19,last3:991], 30d79941-1823-4a0d-98e2-e50e6bcb5a4e)]
10-20 20:02:58.788 15034 15098 I RcsProvisioningFlow: No newly loaded SIMs on phone sim state update.
10-20 20:02:58.797  8661  9088 W WearableService: onGetService: Wear is not available on this device.
10-20 20:02:58.867 15034 15234 D WM-GreedyScheduler: Ignoring {WorkSpec: e0d228a3-a9a5-4eb0-a003-25ffa3d87aa0}. Requires ContentUri triggers.
10-20 20:02:58.867 15034 15234 D WM-GreedyScheduler: Ignoring {WorkSpec: 79732b8a-c6bf-466a-835a-f3d24bf24f3d}. Requires device idle.
10-20 20:02:58.867 15034 15234 D WM-GreedyScheduler: Ignoring {WorkSpec: 04db5d64-2df9-4665-98ca-54a2e84d45b7}. Requires device idle.
10-20 20:02:58.868 15034 15234 D WM-GreedyScheduler: Ignoring {WorkSpec: b3f5174e-1f68-4d59-81ba-85f8bff2abdf}. Requires device idle.
10-20 20:02:58.868 15034 15234 D WM-GreedyScheduler: Ignoring {WorkSpec: 6be00472-d46a-4116-b286-53d9597726b3}. Requires ContentUri triggers.
10-20 20:02:58.868 15034 15234 D WM-GreedyScheduler: Starting work for 109bdcfe-bf11-4337-b9dd-862be1e5527e
10-20 20:02:59.186 15034 15267 D WM-GreedyScheduler: Cancelling work ID 04db5d64-2df9-4665-98ca-54a2e84d45b7
10-20 20:02:59.201  2786  2794 I rkstack.process: Background concurrent copying GC freed 88016(6045KB) AllocSpace objects, 0(0B) LOS objects, 61% free, 3815KB/9959KB, paused 337us,64us total 553.363ms
10-20 20:02:59.215  2486  2486 I WifiHAL : Get link layer stats
10-20 20:02:59.215  2486  2486 I WifiHAL : GetLinkStatsCommand::create
10-20 20:02:59.215  2486  2486 D android.hardware.wifi@1.0-service-lazy: WifiRequest::create vendor command to iface 38, vendor_id=0x1a11, subcmd=0x1200, res=0
10-20 20:02:59.215  2486  2486 I android.hardware.wifi@1.0-service-lazy: WifiCommand::requestResponse err=-95
10-20 20:02:59.215  2486  2486 I WifiHAL : wifi_get_link_stats: result=-3
10-20 20:02:59.216  1483  2363 E WifiVendorHal: getWifiLinkLayerStats_1_5_Internal(l.1179) failed {.code = ERROR_NOT_SUPPORTED, .description = }
