10-20 20:03:00.044  2521  2521 I FaceWidgetPositionAlgorithm: getClockContainerHeight() supplier = 193, bottom margin = 0, real height = 238
10-20 20:03:00.045  2521  2521 I FaceWidgetPositionAlgorithm: getClockContainerHeight() supplier = 193, bottom margin = 45, real height = 238
10-20 20:03:00.046  2521  2521 I FaceWidgetPositionAlgorithm: getMediaContainerHeight() height = 326 container Visibility = 8, isValid = false, mIsDozing = false, fraction = 1.0, source = 0, target = 0
10-20 20:03:00.046  2521  2521 I FaceWidgetPositionAlgorithm: getMediaContainerHeight() supplier = 0
10-20 20:03:00.049 14980 15011 E IMGMapper: set:488 set: Unset optional value from type SMPTE2086
10-20 20:03:00.050 14980 15011 E IMGMapper: set:488 set: Unset optional value from type CTA861_3
10-20 20:03:00.054  2521  2521 V QsExpandAnimator: setQsExpansionPosition 0.0
10-20 20:03:00.067 14980 15011 E IMGMapper: set:488 set: Unset optional value from type SMPTE2086
10-20 20:03:00.068 14980 15011 E IMGMapper: set:488 set: Unset optional value from type CTA861_3
10-20 20:03:00.068  2521  2521 V QsExpandAnimator: updateAnimators
10-20 20:03:00.068  2521  2521 V QsExpandAnimator: clearAnimationState 
10-20 20:03:00.070  2521  2521 V QsExpandAnimator: updateViews
10-20 20:03:00.073  2521  2521 V QsExpandAnimator: updateTileAnimator
10-20 20:03:00.074  2521  2605 E IMGMapper: set:488 set: Unset optional value from type SMPTE2086
10-20 20:03:00.074  2521  2605 E IMGMapper: set:488 set: Unset optional value from type CTA861_3
10-20 20:03:00.075  2521  2521 V QsExpandAnimator: updateHeaderAnimator
10-20 20:03:00.075  2521  2521 V QsExpandAnimator: updateBarAnimator
10-20 20:03:00.075  2521  2521 V QsExpandAnimator: setQsExpansionPosition 0.0
10-20 20:03:00.075  2521  2521 V QsExpandAnimator: onAnimationAtStart
10-20 20:03:00.077  1039  1039 I BufferQueueProducer: [StatusBar$_2521#94](this:0xb400007a3dae1838,id:-1,api:0,p:-1,c:1039) queueBuffer: fps=0.08 dur=12866.54 max=12866.54 min=12866.54
10-20 20:03:00.088 14980 14980 D ScrollView: initGoToTop
10-20 20:03:00.122 14980 15011 E IMGMapper: set:488 set: Unset optional value from type SMPTE2086
10-20 20:03:00.122 14980 15011 E IMGMapper: set:488 set: Unset optional value from type CTA861_3
10-20 20:03:00.142 14980 15011 E IMGMapper: set:488 set: Unset optional value from type SMPTE2086
10-20 20:03:00.143 14980 15011 E IMGMapper: set:488 set: Unset optional value from type CTA861_3
10-20 20:03:00.162  1483  1528 I GestureDetector: handleMessage TAP
10-20 20:03:00.164 14980 15011 E IMGMapper: set:488 set: Unset optional value from type SMPTE2086
10-20 20:03:00.164  1483  1483 I GestureDetector: handleMessage TAP
10-20 20:03:00.164 14980 15011 E IMGMapper: set:488 set: Unset optional value from type CTA861_3
10-20 20:03:00.181 14980 15011 E IMGMapper: set:488 set: Unset optional value from type SMPTE2086
10-20 20:03:00.181 14980 15011 E IMGMapper: set:488 set: Unset optional value from type CTA861_3
10-20 20:03:00.194 14980 15011 E IMGMapper: set:488 set: Unset optional value from type SMPTE2086
10-20 20:03:00.194 14980 15011 E IMGMapper: set:488 set: Unset optional value from type CTA861_3
10-20 20:03:00.210 14980 15011 E IMGMapper: set:488 set: Unset optional value from type SMPTE2086
10-20 20:03:00.210 14980 15011 E IMGMapper: set:488 set: Unset optional value from type CTA861_3
10-20 20:03:00.226 14980 15011 E IMGMapper: set:488 set: Unset optional value from type SMPTE2086
10-20 20:03:00.226 14980 15011 E IMGMapper: set:488 set: Unset optional value from type CTA861_3
10-20 20:03:00.246 14980 15011 E IMGMapper: set:488 set: Unset optional value from type SMPTE2086
10-20 20:03:00.246 14980 15011 E IMGMapper: set:488 set: Unset optional value from type CTA861_3
10-20 20:03:00.264 14980 15011 E IMGMapper: set:488 set: Unset optional value from type SMPTE2086
10-20 20:03:00.264 14980 15011 E IMGMapper: set:488 set: Unset optional value from type CTA861_3
10-20 20:03:00.277 14980 15011 E IMGMapper: set:488 set: Unset optional value from type SMPTE2086
10-20 20:03:00.277 14980 15011 E IMGMapper: set:488 set: Unset optional value from type CTA861_3
10-20 20:03:00.294 14980 15011 E IMGMapper: set:488 set: Unset optional value from type SMPTE2086
10-20 20:03:00.294 14980 15011 E IMGMapper: set:488 set: Unset optional value from type CTA861_3
10-20 20:03:00.318 14980 15011 E IMGMapper: set:488 set: Unset optional value from type SMPTE2086
10-20 20:03:00.318 14980 15011 E IMGMapper: set:488 set: Unset optional value from type CTA861_3
10-20 20:03:00.329 14980 15011 E IMGMapper: set:488 set: Unset optional value from type SMPTE2086
10-20 20:03:00.329 14980 15011 E IMGMapper: set:488 set: Unset optional value from type CTA861_3
10-20 20:03:00.344 14980 15011 E IMGMapper: set:488 set: Unset optional value from type SMPTE2086
10-20 20:03:00.344 14980 15011 E IMGMapper: set:488 set: Unset optional value from type CTA861_3
10-20 20:03:00.361 14980 15011 E IMGMapper: set:488 set: Unset optional value from type SMPTE2086
10-20 20:03:00.361 14980 15011 E IMGMapper: set:488 set: Unset optional value from type CTA861_3
10-20 20:03:00.377 14980 15011 E IMGMapper: set:488 set: Unset optional value from type SMPTE2086
10-20 20:03:00.377 14980 15011 E IMGMapper: set:488 set: Unset optional value from type CTA861_3
10-20 20:03:00.394 14980 15011 E IMGMapper: set:488 set: Unset optional value from type SMPTE2086
10-20 20:03:00.394 14980 15011 E IMGMapper: set:488 set: Unset optional value from type CTA861_3
10-20 20:03:00.410 14980 15011 E IMGMapper: set:488 set: Unset optional value from type SMPTE2086
10-20 20:03:00.410 14980 15011 E IMGMapper: set:488 set: Unset optional value from type CTA861_3
10-20 20:03:00.437 14980 15011 E IMGMapper: set:488 set: Unset optional value from type SMPTE2086
10-20 20:03:00.438 14980 15011 E IMGMapper: set:488 set: Unset optional value from type CTA861_3
10-20 20:03:00.457 14980 15011 E IMGMapper: set:488 set: Unset optional value from type SMPTE2086
10-20 20:03:00.457 14980 15011 E IMGMapper: set:488 set: Unset optional value from type CTA861_3
10-20 20:03:00.471 14980 15011 E IMGMapper: set:488 set: Unset optional value from type SMPTE2086
10-20 20:03:00.471 14980 15011 E IMGMapper: set:488 set: Unset optional value from type CTA861_3
10-20 20:03:00.485 14980 15011 E IMGMapper: set:488 set: Unset optional value from type SMPTE2086
10-20 20:03:00.485 14980 15011 E IMGMapper: set:488 set: Unset optional value from type CTA861_3
10-20 20:03:00.500 14980 15011 E IMGMapper: set:488 set: Unset optional value from type SMPTE2086
10-20 20:03:00.500 14980 15011 E IMGMapper: set:488 set: Unset optional value from type CTA861_3
10-20 20:03:00.583   963   963 E audit   : type=1400 audit(1761001380.580:1251002): avc:  denied  { write } for  pid=14401 comm="ThreadPoolForeg" name="traced_producer" dev="tmpfs" ino=11170 scontext=u:r:gmscore_app:s0:c512,c768 tcontext=u:object_r:traced_producer_socket:s0 tclass=sock_file permissive=0 SEPF_SM-A037M_12_0001 unfiltered
10-20 20:03:00.644  2521  2618 D MobileStatusTracker(0/2): onSignalStrengthsChanged level=3, vendorLevel=3
10-20 20:03:00.646  2521  2618 D MobileSignalController(0/2): notifyListener: enabled=true, connected=true, dataConnected=true, networkType=LTE (4G), emergencyOnly=false, roaming=false, isDefault=false, dataActivity=, level=3, ca=false, mmWave=false, disabledDataIcon=false, simCard=ETC
10-20 20:03:00.646  2521  2618 D NetworkController: SignalStrength from intent slotId=0
10-20 20:03:00.727 12269 12519 W LibevQuicAsyncUDPSocket.h: setTosOrTrafficClass not implemented in LibevQuicAsyncUDPSocket
10-20 20:03:00.729  1483  2471 D NetdEventListenerService: DNS Requested by : 475, 11013, 4, true
10-20 20:03:00.732 12269 12519 E MvfstCallbacks.cpp: onConnectionSetupError: error=TransportError: Internal Error, Error on socket write Operation not permitted, 
10-20 20:03:00.735  1483  2471 D NetdEventListenerService: DNS Requested by : 475, 11013, 4, true
10-20 20:03:01.152  1205  1205 I thermal_repeater: socket -1
10-20 20:03:01.422 12269 12519 W LibevQuicAsyncUDPSocket.h: setTosOrTrafficClass not implemented in LibevQuicAsyncUDPSocket
10-20 20:03:01.425  1483  2471 D NetdEventListenerService: DNS Requested by : 475, 11013, 4, true
10-20 20:03:01.439 12269 12519 E MvfstCallbacks.cpp: onConnectionSetupError: error=TransportError: Internal Error, Error on socket write Operation not permitted, 
10-20 20:03:01.926   543   543 D io_stats: !@ 179,0 r 464477556 5645680190 w 80540873 844183080 d 1258356 33785864 f 0 0 iot 231016168 0 th 0 0 0 pt 0 inp 0 0 2550779.228
10-20 20:03:01.926  2521  2618 D MobileStatusTracker(0/2): onSignalStrengthsChanged level=3, vendorLevel=3
10-20 20:03:01.929  2521  2618 D MobileSignalController(0/2): notifyListener: enabled=true, connected=true, dataConnected=true, networkType=LTE (4G), emergencyOnly=false, roaming=false, isDefault=false, dataActivity=, level=3, ca=false, mmWave=false, disabledDataIcon=false, simCard=ETC
10-20 20:03:01.929  2521  2618 D NetworkController: SignalStrength from intent slotId=0
10-20 20:03:01.948  1483  3335 D InputDispatcher: Inject key (15293/2000): action=0, f=0x0, d=-1, time=2550779251000000
10-20 20:03:01.948  1483  3335 D WindowManager: interceptKeyTq keycode=4 interactive=true keyguardActive=false policyFlags=2b000000
10-20 20:03:01.948  1483  3335 D PhoneWindowManagerExt: interceptKeyTq code=4 down=true repeatCount=0 displayId=-1 interactive=true
10-20 20:03:01.948  1483  3335 D WindowManager: interceptKeyTq interceptKeyResult=4
10-20 20:03:01.948  1483  1796 D PowerManagerService: [api] userActivityFromNative :  (event: 1 flags: 0 displayId: 0) eventTime = 2550779251
10-20 20:03:01.949  1483  1796 D WindowManager: interceptKeyTi keyCode=4 down=true repeatCount=0 keyguardOn=false canceled=false
10-20 20:03:01.949  1483  1796 D PhoneWindowManagerExt: interceptKeyTi code=4 down=true repeatCount=0 displayId=-1 interactive=true
10-20 20:03:01.950  1483  1796 I InputDispatcher: Delivering key to (14980): B action: 0x0 (0), f=0x0, m=0x0, d=0, 'c4af74a'
10-20 20:03:01.953  5125  5125 I HBD     : b skip onKeyDown as physical keyboard not connected 
10-20 20:03:01.953  5125  5125 I HBD     : HoneyBoardService onKeyDown r:c9393000 consumed:false 1 
10-20 20:03:01.955 14980 14980 I ViewRootImpl@87d5c8f[MainActivity]: ViewPostIme key 0
10-20 20:03:01.955 14980 14980 D Activity: onKeyDown(KEYCODE_BACK)
10-20 20:03:01.956  1483  3335 D InputDispatcher: Inject key (15293/2000): action=1, f=0x0, d=-1, time=2550779251000000
10-20 20:03:01.957  1483  3335 D WindowManager: interceptKeyTq keycode=4 interactive=true keyguardActive=false policyFlags=2b000000
10-20 20:03:01.957  1483  3335 D PhoneWindowManagerExt: interceptKeyTq code=4 down=false repeatCount=0 displayId=-1 interactive=true
10-20 20:03:01.958  1483  3335 D WindowManager: interceptKeyTq interceptKeyResult=4
10-20 20:03:01.958  1483  1796 D WindowManager: interceptKeyTi keyCode=4 down=false repeatCount=0 keyguardOn=false canceled=false
10-20 20:03:01.959  1483  1796 D PhoneWindowManagerExt: interceptKeyTi code=4 down=false repeatCount=0 displayId=-1 interactive=true
10-20 20:03:01.959  1483  1796 I InputDispatcher: Delivering key to (14980): B action: 0x1 (0), f=0x0, m=0x0, d=0, 'c4af74a'
10-20 20:03:01.960  5125  5125 I HBD     : HoneyBoardService onKeyUp r:50ba3478 consumed:false 0 
10-20 20:03:01.962 14980 14980 I ViewRootImpl@87d5c8f[MainActivity]: ViewPostIme key 1
10-20 20:03:01.962 14980 14980 D Activity: onKeyUp(KEYCODE_BACK) isTracking()=true isCanceled()=false hasCallback=false
10-20 20:03:01.992  1483  2471 D NetdEventListenerService: DNS Requested by : 475, 11011
10-20 20:03:01.994 14839 14902 D TrafficStats: tagSocket(6) with statsTag=0xffffffff, statsUid=-1
10-20 20:03:02.087 14980 15011 E IMGMapper: set:488 set: Unset optional value from type SMPTE2086
10-20 20:03:02.087 14980 15011 E IMGMapper: set:488 set: Unset optional value from type CTA861_3
10-20 20:03:02.092  1039  1039 I BufferQueueProducer: [com.cinemamovel/com.cinemamovel.MainActivity$_14980#505897](this:0xb400007a1f651838,id:-1,api:0,p:-1,c:1039) queueBuffer: fps=14.56 dur=2197.41 max=1581.80 min=15.91
10-20 20:03:02.094   991  1074 I hwcomposer: [HWCDisplay] [Display_0 (type:1)] fps:14.562085,dur:2197.49,max:1582.66,min:15.27  
10-20 20:03:02.155 14980 15011 E IMGMapper: set:488 set: Unset optional value from type SMPTE2086
10-20 20:03:02.155 14980 15011 E IMGMapper: set:488 set: Unset optional value from type CTA861_3
10-20 20:03:02.164 14980 15011 E IMGMapper: set:488 set: Unset optional value from type SMPTE2086
10-20 20:03:02.164 14980 15011 E IMGMapper: set:488 set: Unset optional value from type CTA861_3
10-20 20:03:02.175 14980 15011 E IMGMapper: set:488 set: Unset optional value from type SMPTE2086
10-20 20:03:02.175 14980 15011 E IMGMapper: set:488 set: Unset optional value from type CTA861_3
10-20 20:03:02.188 14980 15011 E IMGMapper: set:488 set: Unset optional value from type SMPTE2086
10-20 20:03:02.188 14980 15011 E IMGMapper: set:488 set: Unset optional value from type CTA861_3
10-20 20:03:02.208 14980 15011 E IMGMapper: set:488 set: Unset optional value from type SMPTE2086
10-20 20:03:02.208 14980 15011 E IMGMapper: set:488 set: Unset optional value from type CTA861_3
10-20 20:03:02.221  2486  2486 I WifiHAL : Get link layer stats
10-20 20:03:02.221  2486  2486 I WifiHAL : GetLinkStatsCommand::create
10-20 20:03:02.221  2486  2486 D android.hardware.wifi@1.0-service-lazy: WifiRequest::create vendor command to iface 38, vendor_id=0x1a11, subcmd=0x1200, res=0
10-20 20:03:02.222  2486  2486 I android.hardware.wifi@1.0-service-lazy: WifiCommand::requestResponse err=-95
10-20 20:03:02.222  2486  2486 I WifiHAL : wifi_get_link_stats: result=-3
10-20 20:03:02.222  1483  2363 E WifiVendorHal: getWifiLinkLayerStats_1_5_Internal(l.1179) failed {.code = ERROR_NOT_SUPPORTED, .description = }
10-20 20:03:02.224 14980 15011 E IMGMapper: set:488 set: Unset optional value from type SMPTE2086
10-20 20:03:02.224 14980 15011 E IMGMapper: set:488 set: Unset optional value from type CTA861_3
10-20 20:03:02.228  1483  3390 D SemWifiUsabilityStatsMonitor: onWifiUsabilityStats - seqNum 543321, isSameBssidAndFreq true
10-20 20:03:02.229  1483  2437 I SemWifiLinkQualityMonitor: Link Qos query: inf. ms / 0 Mbps
10-20 20:03:02.237 14980 15011 E IMGMapper: set:488 set: Unset optional value from type SMPTE2086
10-20 20:03:02.238 14980 15011 E IMGMapper: set:488 set: Unset optional value from type CTA861_3
10-20 20:03:02.255 14980 15011 E IMGMapper: set:488 set: Unset optional value from type SMPTE2086
10-20 20:03:02.255 14980 15011 E IMGMapper: set:488 set: Unset optional value from type CTA861_3
10-20 20:03:02.271 14980 15011 E IMGMapper: set:488 set: Unset optional value from type SMPTE2086
10-20 20:03:02.271 14980 15011 E IMGMapper: set:488 set: Unset optional value from type CTA861_3
10-20 20:03:02.288 14980 15011 E IMGMapper: set:488 set: Unset optional value from type SMPTE2086
10-20 20:03:02.288 14980 15011 E IMGMapper: set:488 set: Unset optional value from type CTA861_3
10-20 20:03:02.305 14980 15011 E IMGMapper: set:488 set: Unset optional value from type SMPTE2086
10-20 20:03:02.306 14980 15011 E IMGMapper: set:488 set: Unset optional value from type CTA861_3
10-20 20:03:02.322 14980 15011 E IMGMapper: set:488 set: Unset optional value from type SMPTE2086
10-20 20:03:02.322 14980 15011 E IMGMapper: set:488 set: Unset optional value from type CTA861_3
10-20 20:03:02.339 14980 15011 E IMGMapper: set:488 set: Unset optional value from type SMPTE2086
10-20 20:03:02.339 14980 15011 E IMGMapper: set:488 set: Unset optional value from type CTA861_3
10-20 20:03:02.355 14980 15011 E IMGMapper: set:488 set: Unset optional value from type SMPTE2086
10-20 20:03:02.356 14980 15011 E IMGMapper: set:488 set: Unset optional value from type CTA861_3
10-20 20:03:02.372 14980 15011 E IMGMapper: set:488 set: Unset optional value from type SMPTE2086
10-20 20:03:02.372 14980 15011 E IMGMapper: set:488 set: Unset optional value from type CTA861_3
10-20 20:03:02.389 14980 15011 E IMGMapper: set:488 set: Unset optional value from type SMPTE2086
10-20 20:03:02.389 14980 15011 E IMGMapper: set:488 set: Unset optional value from type CTA861_3
10-20 20:03:02.407 14980 15011 E IMGMapper: set:488 set: Unset optional value from type SMPTE2086
10-20 20:03:02.407 14980 15011 E IMGMapper: set:488 set: Unset optional value from type CTA861_3
10-20 20:03:02.426 14980 15011 E IMGMapper: set:488 set: Unset optional value from type SMPTE2086
10-20 20:03:02.426 14980 15011 E IMGMapper: set:488 set: Unset optional value from type CTA861_3
10-20 20:03:02.442 14980 15011 E IMGMapper: set:488 set: Unset optional value from type SMPTE2086
10-20 20:03:02.442 14980 15011 E IMGMapper: set:488 set: Unset optional value from type CTA861_3
10-20 20:03:02.457 14980 15011 E IMGMapper: set:488 set: Unset optional value from type SMPTE2086
10-20 20:03:02.457 14980 15011 E IMGMapper: set:488 set: Unset optional value from type CTA861_3
10-20 20:03:02.471 14980 15011 E IMGMapper: set:488 set: Unset optional value from type SMPTE2086
10-20 20:03:02.471 14980 15011 E IMGMapper: set:488 set: Unset optional value from type CTA861_3
10-20 20:03:02.488 14980 15011 E IMGMapper: set:488 set: Unset optional value from type SMPTE2086
10-20 20:03:02.488 14980 15011 E IMGMapper: set:488 set: Unset optional value from type CTA861_3
10-20 20:03:02.505 14980 15011 E IMGMapper: set:488 set: Unset optional value from type SMPTE2086
10-20 20:03:02.505 14980 15011 E IMGMapper: set:488 set: Unset optional value from type CTA861_3
10-20 20:03:02.522 14980 15011 E IMGMapper: set:488 set: Unset optional value from type SMPTE2086
10-20 20:03:02.522 14980 15011 E IMGMapper: set:488 set: Unset optional value from type CTA861_3
10-20 20:03:02.539 14980 15011 E IMGMapper: set:488 set: Unset optional value from type SMPTE2086
10-20 20:03:02.539 14980 15011 E IMGMapper: set:488 set: Unset optional value from type CTA861_3
10-20 20:03:02.556 14980 15011 E IMGMapper: set:488 set: Unset optional value from type SMPTE2086
10-20 20:03:02.556 14980 15011 E IMGMapper: set:488 set: Unset optional value from type CTA861_3
10-20 20:03:02.570  1483  2457 D WifiConnectivityMonitor.NetworkStatsAnalyzer: Backhaul result - RSSI:-61, CE:18, PE:17, TI:23, PTI:22, TW:45, PTW:50, Tx:4646, Rx:2565, TxS:4631, RxS:2540, RESULT:true, IC:0, ICT:5, WC:0, WCT:5, R:0, RC:0, IE:0, EC:0
10-20 20:03:02.573 14980 15011 E IMGMapper: set:488 set: Unset optional value from type SMPTE2086
10-20 20:03:02.573 14980 15011 E IMGMapper: set:488 set: Unset optional value from type CTA861_3
10-20 20:03:02.590 14980 15011 E IMGMapper: set:488 set: Unset optional value from type SMPTE2086
10-20 20:03:02.590 14980 15011 E IMGMapper: set:488 set: Unset optional value from type CTA861_3
10-20 20:03:02.607 14980 15011 E IMGMapper: set:488 set: Unset optional value from type SMPTE2086
10-20 20:03:02.607 14980 15011 E IMGMapper: set:488 set: Unset optional value from type CTA861_3
10-20 20:03:02.620 14980 15011 E IMGMapper: set:488 set: Unset optional value from type SMPTE2086
10-20 20:03:02.620 14980 15011 E IMGMapper: set:488 set: Unset optional value from type CTA861_3
10-20 20:03:02.636 14980 15011 E IMGMapper: set:488 set: Unset optional value from type SMPTE2086
10-20 20:03:02.637 14980 15011 E IMGMapper: set:488 set: Unset optional value from type CTA861_3
10-20 20:03:02.865  1483  1583 D PowerManagerService: UserActivityStateListenerState: 0
10-20 20:03:03.056  8661  8661 D BoundBrokerSvc: onUnbind: Intent { act=com.google.android.gms.common.telemetry.service.START dat=chimera-action:/... cmp=com.google.android.gms/.chimera.PersistentApiService }
10-20 20:03:03.204  4441  4441 I wpa_supplicant: Heartbeat 842
10-20 20:03:03.377 15034 15235 I BugleDataModel: ExecuteActionRunnable: running action FixupMessageStatusOnStartupAction
10-20 20:03:03.377 15034 15034 I BugleDataModel: ActionExecutorImpl: ACTION_EXECUTE_QUEUED_FixupMessageStatusOnStartupAction
10-20 20:03:03.379 15034 15034 I BugleDataModel: ActionExecutorImpl: ACTION_EXECUTE_QUEUED_ProcessPendingMessagesAction
10-20 20:03:03.424 15034 15235 I BugleDataModel: FixupMessageStatusOnStartupAction: sendFailedCnt: 0, downloadFailedCnt: 0, partsProcessingFailedCnt: 0
10-20 20:03:03.430  1483  1558 W BroadcastQueue: Exported Denial: sending Intent { act=android.net.conn.CONNECTIVITY_CHANGE flg=0x4200010 (has extras) }, action: android.net.conn.CONNECTIVITY_CHANGE from null (uid=-1) due to receiver ProcessRecord{9562249 15034:com.google.android.apps.messaging/u0a201} (uid 10201) not specifying RECEIVER_EXPORTED
10-20 20:03:03.434 15034 15034 I BugleDataModel: ActionExecutorImpl: ACTION_EXECUTE_QUEUED_CountryCodeDetectorAction
10-20 20:03:03.436 15034 15034 I BugleDataModel: ActionExecutorImpl: ACTION_EXECUTE_QUEUED_SelfParticipantsRefreshAction
10-20 20:03:03.538 15034 15235 I BugleDataModel: PendingMessagesProcessor process from FixupMessageStatusOnStartupAction due to process restarts throttled  with delay 0s with queues smsMessagesToSend:0 mmsMessagesToSend:0 rcsMessagesToSend:0 rcsFTMessagesToSend:0 messagesToDownload:0
10-20 20:03:03.539 15034 15235 I BugleDataModel: Cleared next retry time for channel: sms_send 
10-20 20:03:03.540 15034 15235 I BugleDataModel: Cleared next retry time for channel: mms_send 
10-20 20:03:03.541 15034 15235 I BugleDataModel: Cleared next retry time for channel: mms_download 
10-20 20:03:03.541 15034 15235 I BugleDataModel: Cleared next retry time for channel: rcs_send 
10-20 20:03:03.542 15034 15235 I BugleDataModel: Cleared next retry time for channel: rcs_ft_upload 
10-20 20:03:03.543 15034 15235 I BugleDataModel: Cleared next retry time for channel: rcs_ft_download 
10-20 20:03:03.543 15034 15235 I BugleDataModel: Cleared next retry time for channel: cloud_sync_send 
10-20 20:03:03.544 15034 15235 I BugleDataModel: Cleared next retry time for channel: cloud_sync_attachment_download 
10-20 20:03:03.546 15034 15235 I BugleDataModel: ExecuteActionRunnable: running action ProcessPendingMessagesAction
10-20 20:03:03.558 15034 15235 I BugleDataModel: PendingMessagesProcessor process from ProcessPendingMessagesAction due to scheduled processing  with delay 0s with queues smsMessagesToSend:0 mmsMessagesToSend:0 rcsMessagesToSend:0 rcsFTMessagesToSend:0 messagesToDownload:0
10-20 20:03:03.559 15034 15235 I BugleDataModel: ExecuteActionRunnable: running action CountryCodeDetectorAction
10-20 20:03:03.560 15034 15235 I BugleDataModel: ActionExecutorImpl: ACTION_BACKGROUND_QUEUED_CountryCodeDetectorAction
10-20 20:03:03.561 15034 15083 I Bugle   : CountryCodeDetector: updateSmsNetworkCountry from default subscription network country. detected country: br
10-20 20:03:03.561 15034 15235 I BugleDataModel: ExecuteActionRunnable: running action SelfParticipantsRefreshAction
10-20 20:03:03.562 15034 15083 I BugleDataModel: ActionExecutorImpl: ACTION_RESPONSE_QUEUED_CountryCodeDetectorAction
10-20 20:03:03.562 15034 15235 I BugleDataModel: ActionExecutorImpl: ACTION_BACKGROUND_QUEUED_SelfParticipantsRefreshAction
10-20 20:03:03.564 15034 15083 I BugleDataModel: ParticipantRefresh: ContactContentObserver created
10-20 20:03:03.566 15034 15083 I BugleDataModel: ParticipantFullRefresh: Start participant refresh. refreshMode: SELF_ONLY
10-20 20:03:03.572 15034 15083 I BugleDataModel: SubscriptionsTracker#refreshSelfParticipantList([2, 1])
10-20 20:03:03.638 15034 15240 I BugleDataModel: ExecuteActionRunnable: running action GenericWorkerQueueAction
10-20 20:03:03.638 15034 15083 I Bugle   : getRawTelephonyPhoneNumber redacted-pii[0-chars] [CONTEXT sub_id=2 ]
10-20 20:03:03.638 15034 15034 I BugleDataModel: ActionExecutorImpl: ACTION_EXECUTE_QUEUED_GenericWorkerQueueAction
10-20 20:03:03.639 15034 15240 I BugleDataModel: ActionExecutorImpl: ACTION_BACKGROUND_QUEUED_GenericWorkerQueueAction
10-20 20:03:03.678 15034 15083 I Bugle   : getRawTelephonyPhoneNumber redacted-pii[0-chars] [CONTEXT sub_id=2 ]
10-20 20:03:03.737 15034 15083 I Bugle   : getRawTelephonyPhoneNumber redacted-pii[0-chars] [CONTEXT sub_id=1 ]
10-20 20:03:03.776 15034 15083 I Bugle   : getRawTelephonyPhoneNumber redacted-pii[0-chars] [CONTEXT sub_id=1 ]
10-20 20:03:03.817 15034 15083 I Bugle   : getRawTelephonyPhoneNumber redacted-pii[0-chars] [CONTEXT sub_id=2 ]
10-20 20:03:03.857 15034 15083 I Bugle   : getRawTelephonyPhoneNumber redacted-pii[0-chars] [CONTEXT sub_id=2 ]
10-20 20:03:03.870 15034 15083 I BugleDataModel: SubscriptionsTracker bindToTrackingMap bound participants: [ParticipantId=1 subId=-1, ParticipantId=2 subId=1, ParticipantId=3 subId=2]
10-20 20:03:03.871 15034 15083 I BugleDataModel: set orderedRowIdAndTokenPairs: [rowId=2 subId= 1 token=c5fe3fcc-23ea-4cf4-8cfa-363cdd8db98b, rowId=3 subId= 2 token=f7e82289-5ddc-4522-8b55-52a052a0206e, rowId=1 subId= -1 token=1b1b38f0-65a6-4328-bff6-ef5a9e4251e5]
10-20 20:03:03.876 15034 15102 I BugleDataModel: SubscriptionsTracker bindToTrackingMap bound participants: [ParticipantId=1 subId=-1, ParticipantId=2 subId=1, ParticipantId=3 subId=2]
10-20 20:03:03.918 15034 15083 I Bugle   : getRawTelephonyPhoneNumber redacted-pii[0-chars] [CONTEXT sub_id=2 ]
10-20 20:03:03.926   543   543 D io_stats: !@ 179,0 r 464477949 5645683366 w 80540877 844183100 d 1258356 33785864 f 0 0 iot 231016284 0 th 0 0 0 pt 0 inp 0 0 2550781.229
10-20 20:03:04.003  2799  3186 D PhoneInterfaceManager: setDataEnabledForReason() Reason=1 Pid=1483 App=system
10-20 20:03:04.008  2799  3186 D PhoneInterfaceManager: setDataEnabledForReason() Reason=1 Pid=1483 App=system
10-20 20:03:04.019 15034 15083 I Bugle   : getRawTelephonyPhoneNumber redacted-pii[0-chars] [CONTEXT sub_id=1 ]
10-20 20:03:04.029  1483  2471 D NetdEventListenerService: DNS Requested by : 475, 11011
10-20 20:03:04.030 14839 14902 D TrafficStats: tagSocket(6) with statsTag=0xffffffff, statsUid=-1
10-20 20:03:04.042  1483  4838 D InputDispatcher: Inject motion (15302/2000): action=0x0, time=2550781342000000, f=0x0, d=0 dsdx=1.000000 dtdx=0.000000
10-20 20:03:04.042  1483  1796 I InputDispatcher: Delivering touch to (2521): action: 0x4, f=0x0, d=0, 'a9cce9e', t=1 
10-20 20:03:04.042  1483  1796 I InputDispatcher: Delivering touch to (14980): action: 0x0, f=0x0, d=0, 'c4af74a', t=1 
10-20 20:03:04.043 14980 14980 I ViewRootImpl@87d5c8f[MainActivity]: ViewPostIme pointer 0
10-20 20:03:04.043  1483  1796 D PowerManagerService: [api] userActivityFromNative :  (event: 2 flags: 0 displayId: 0) eventTime = 2550781342
10-20 20:03:04.043  1483  1528 I GestureDetector: obtain mCurrentDownEvent. id: -196622135 caller: com.android.server.wm.SystemGesturesPointerEventListener.onPointerEvent:203 com.android.server.wm.PointerEventDispatcher.onInputEvent:53 android.view.InputEventReceiver.dispatchInputEvent:285 
10-20 20:03:04.044  1483  1528 I GestureDetector: obtain mCurrentDownEvent. id: -196622135 caller: com.android.server.wm.SystemPerformancePointerEventListener.onPointerEvent:89 com.android.server.wm.PointerEventDispatcher.onInputEvent:53 android.view.InputEventReceiver.dispatchInputEvent:285 
10-20 20:03:04.044  1483  1796 D PowerManagerService: UserActivityStateListenerState: 1
10-20 20:03:04.048  1483  4838 D InputDispatcher: Inject motion (15302/2000): action=0x1, time=2550781342000000, f=0x0, d=0 dsdx=1.000000 dtdx=0.000000
10-20 20:03:04.049  1483  1796 I InputDispatcher: Delivering touch to (14980): action: 0x1, f=0x0, d=0, 'c4af74a', t=1 
10-20 20:03:04.049 14980 14980 I ViewRootImpl@87d5c8f[MainActivity]: ViewPostIme pointer 1
10-20 20:03:04.050  1483  1528 I GestureDetector: obtain mCurrentMotionEventRaw. action: 1 id: -895898485
10-20 20:03:04.050  1483  1528 I GestureDetector: obtain mCurrentMotionEventRaw. action: 1 id: -895898485
10-20 20:03:04.085 15034 15083 I Bugle   : getRawTelephonyPhoneNumber redacted-pii[0-chars] [CONTEXT sub_id=2 ]
10-20 20:03:04.113 14980 14980 W [RNScreens]: backTitleVisible prop is not available on Android
10-20 20:03:04.113 14980 14980 W [RNScreens]: backTitleFontFamily prop is not available on Android
10-20 20:03:04.113 14980 14980 W [RNScreens]: disableBackButtonMenu prop is not available on Android
10-20 20:03:04.113 14980 14980 W [RNScreens]: largeTitleFontFamily prop is not available on Android
10-20 20:03:04.113 14980 14980 W [RNScreens]: largeTitleFontWeight prop is not available on Android
10-20 20:03:04.114 14980 14980 W [RNScreens]: largeTitleHideShadow prop is not available on Android
10-20 20:03:04.122 15034 15083 I BugleDataModel: ParticipantFullRefresh: Number of participants refreshed: 0
10-20 20:03:04.126 15034 15083 I BugleDataModel: ActionExecutorImpl: ACTION_RESPONSE_QUEUED_SelfParticipantsRefreshAction
10-20 20:03:04.131 14980 15018 I ReactNativeJS: ---METRICS_JSON_START---
10-20 20:03:04.131 14980 15018 I ReactNativeJS: {
10-20 20:03:04.131 14980 15018 I ReactNativeJS:   "dashboardRenders": 3,
10-20 20:03:04.131 14980 15018 I ReactNativeJS:   "cardRenders": {
10-20 20:03:04.131 14980 15018 I ReactNativeJS:     "13494": 2,
10-20 20:03:04.131 14980 15018 I ReactNativeJS:     "506763": 2,
10-20 20:03:04.131 14980 15018 I ReactNativeJS:     "575265": 2,
10-20 20:03:04.131 14980 15018 I ReactNativeJS:     "617126": 1,
10-20 20:03:04.131 14980 15018 I ReactNativeJS:     "755898": 2,
10-20 20:03:04.131 14980 15018 I ReactNativeJS:     "803796": 2,
10-20 20:03:04.131 14980 15018 I ReactNativeJS:     "911430": 1,
10-20 20:03:04.131 14980 15018 I ReactNativeJS:     "914215": 2,
10-20 20:03:04.131 14980 15018 I ReactNativeJS:     "987400": 2,
10-20 20:03:04.131 14980 15018 I ReactNativeJS:     "993234": 1,
10-20 20:03:04.131 14980 15018 I ReactNativeJS:     "1007734": 2,
10-20 20:03:04.131 14980 15018 I ReactNativeJS:     "1028248": 2,
10-20 20:03:04.131 14980 15018 I ReactNativeJS:     "1035259": 2,
10-20 20:03:04.131 14980 15018 I ReactNativeJS:     "1038392": 2,
10-20 20:03:04.131 14980 15018 I ReactNativeJS:     "1051486": 2,
10-20 20:03:04.131 14980 15018 I ReactNativeJS:     "1061474": 2,
10-20 20:03:04.131 14980 15018 I ReactNativeJS:     "1078605": 2,
10-20 20:03:04.131 14980 15018 I ReactNativeJS:     "1087192": 2,
10-20 20:03:04.131 14980 15018 I ReactNativeJS:     "1234821": 2,
10-20 20:03:04.131 14980 15018 I ReactNativeJS:     "1242011": 1,
10-20 20:03:04.131 14980 15018 I ReactNativeJS:     "1246049": 1,
10-20 20:03:04.131 14980 15018 I ReactNativeJS:     "1265344": 2,
10-20 20:03:04.131 14980 15018 I ReactNativeJS:     "1311031": 2,
10-20 20:03:04.131 14980 15018 I ReactNativeJS:     "1355666": 1,
10-20 20:03:04.131 14980 15018 I ReactNativeJS:     "1369679": 2
10-20 20:03:04.131 14980 15018 I ReactNativeJS:   },
10-20 20:03:04.131 14980 15018 I ReactNativeJS:   "navigationEvents": [
10-20 20:03:04.131 14980 15018 I ReactNativeJS:     {
10-20 20:03:04.131 14980 15018 I ReactNativeJS:       "action": "focus_dashboard",
10-20 20:03:04.131 14980 15018 I ReactNativeJS:       "timestamp": 1761001363712
10-20 20:03:04.131 14980 15018 I ReactNativeJS:     },
10-20 20:03:04.131 14980 15018 I ReactNativeJS:     {
10-20 20:03:04.131 14980 15018 I ReactNativeJS:       "action": "navigate_to_1265344",
10-20 20:03:04.131 14980 15018 I ReactNativeJS:       "timestamp": 1761001375719
10-20 20:03:04.131 14980 15018 I ReactNativeJS:     },
10-20 20:03:04.131 14980 15018 I ReactNativeJS:     {
10-20 20:03:04.131 14980 15018 I ReactNativeJS:       "action": "leave_dashboard",
10-20 20:03:04.131 14980 15018 I ReactNativeJS:       "timestamp": 1761001375814
10-20 20:03:04.131 14980 15018 I ReactNativeJS:     },
10-20 20:03:04.131 14980 15018 I ReactNativeJS:     {
10-20 20:03:04.131 14980 15018 I ReactNativeJS:       "action": "focus_dashboard",
10-20 20:03:04.131 14980 15018 I ReactNativeJS:       "timestamp": 1761001377852
10-20 20:03:04.131 14980 15018 I ReactNativeJS:     },
10-20 20:03:04.131 14980 15018 I ReactNativeJS:     {
10-20 20:03:04.131 14980 15018 I ReactNativeJS:       "action": "navigate_to_1265344",
10-20 20:03:04.131 14980 15018 I ReactNativeJS:       "timestamp": 1761001379883
10-20 20:03:04.131 14980 15018 I ReactNativeJS:     },
10-20 20:03:04.131 14980 15018 I ReactNativeJS:     {
10-20 20:03:04.131 14980 15018 I ReactNativeJS:       "action": "leave_dashboard",
10-20 20:03:04.131 14980 15018 I ReactNativeJS:       "timestamp": 1761001379969
10-20 20:03:04.131 14980 15018 I ReactNativeJS:     },
10-20 20:03:04.131 14980 15018 I ReactNativeJS:     {
10-20 20:03:04.131 14980 15018 I ReactNativeJS:       "action": "focus_dashboard",
10-20 20:03:04.131 14980 15018 I ReactNativeJS:       "timestamp": 1761001382043
10-20 20:03:04.131 14980 15018 I ReactNativeJS:     },
10-20 20:03:04.131 14980 15018 I ReactNativeJS:     {
10-20 20:03:04.131 14980 15018 I ReactNativeJS:       "action": "navigate_to_1265344",
10-20 20:03:04.131 14980 15018 I ReactNativeJS:       "timestamp": 1761001384061
10-20 20:03:04.131 14980 15018 I ReactNativeJS:     },
10-20 20:03:04.131 14980 15018 I ReactNativeJS:     {
10-20 20:03:04.131 14980 15018 I ReactNativeJS:       "action": "leave_dashboard",
10-20 20:03:04.131 14980 15018 I ReactNativeJS:       "timestamp": 1761001384131
10-20 20:03:04.131 14980 15018 I ReactNativeJS:     }
10-20 20:03:04.131 14980 15018 I ReactNativeJS:   ]
10-20 20:03:04.131 14980 15018 I ReactNativeJS: }
10-20 20:03:04.131 14980 15018 I ReactNativeJS: ---METRICS_JSON_END---
10-20 20:03:04.136 15034 15083 I BugleJobs: GenericWorkerQueueAction: Bailing early, no work found, no failed work found
10-20 20:03:04.138 15034 15083 I BugleDataModel: ActionExecutorImpl: ACTION_RESPONSE_QUEUED_GenericWorkerQueueAction
10-20 20:03:04.159 14980 15011 E IMGMapper: set:488 set: Unset optional value from type SMPTE2086
10-20 20:03:04.159 14980 15011 E IMGMapper: set:488 set: Unset optional value from type CTA861_3
10-20 20:03:04.171  1039  1039 I BufferQueueProducer: [com.cinemamovel/com.cinemamovel.MainActivity$_14980#505897](this:0xb400007a1f651838,id:-1,api:0,p:-1,c:1039) queueBuffer: fps=15.39 dur=2079.42 max=1513.67 min=16.03
10-20 20:03:04.173   991  1074 I hwcomposer: [HWCDisplay] [Display_0 (type:1)] fps:15.394567,dur:2078.66,max:1513.25,min:15.50  
10-20 20:03:04.176 15034 15098 I Bugle   : getRawTelephonyPhoneNumber redacted-pii[0-chars] [CONTEXT sub_id=2 ]
10-20 20:03:04.188 14980 15011 E IMGMapper: set:488 set: Unset optional value from type SMPTE2086
10-20 20:03:04.188 14980 15011 E IMGMapper: set:488 set: Unset optional value from type CTA861_3
10-20 20:03:04.212 14980 15011 E IMGMapper: set:488 set: Unset optional value from type SMPTE2086
10-20 20:03:04.212 14980 15011 E IMGMapper: set:488 set: Unset optional value from type CTA861_3
10-20 20:03:04.226 15034 15098 I Bugle   : getRawTelephonyPhoneNumber redacted-pii[0-chars] [CONTEXT sub_id=1 ]
10-20 20:03:04.229 15034 15098 I BugleSelfIdentity: Phone number for MyIdentity f7e82289-5ddc-4522-8b55-52a052a0206e does not change [CONTEXT sub_id=2 icc_id="redacted-pii[20-chars]" rcs_provisioning_id="redacted-pii[0-chars]" ]
10-20 20:03:04.231 14980 14980 D ScrollView: initGoToTop
10-20 20:03:04.232 15034 15098 I BugleSelfIdentity: Phone number for MyIdentity c5fe3fcc-23ea-4cf4-8cfa-363cdd8db98b does not change [CONTEXT sub_id=1 icc_id="redacted-pii[19-chars]" rcs_provisioning_id="redacted-pii[0-chars]" ]
10-20 20:03:04.267 14980 15011 E IMGMapper: set:488 set: Unset optional value from type SMPTE2086
10-20 20:03:04.267 14980 15011 E IMGMapper: set:488 set: Unset optional value from type CTA861_3
10-20 20:03:04.281 15034 15098 I Bugle   : getRawTelephonyPhoneNumber redacted-pii[0-chars] [CONTEXT sub_id=2 ]
10-20 20:03:04.281 14980 15011 E IMGMapper: set:488 set: Unset optional value from type SMPTE2086
10-20 20:03:04.281 14980 15011 E IMGMapper: set:488 set: Unset optional value from type CTA861_3
10-20 20:03:04.306 14980 15011 E IMGMapper: set:488 set: Unset optional value from type SMPTE2086
10-20 20:03:04.306 14980 15011 E IMGMapper: set:488 set: Unset optional value from type CTA861_3
10-20 20:03:04.319  8661  8661 D BoundBrokerSvc: onUnbind: Intent { act=com.google.android.gms.time.trustedtime.service.START dat=chimera-action:/... cmp=com.google.android.gms/.chimera.PersistentApiService }
10-20 20:03:04.319 14980 15011 E IMGMapper: set:488 set: Unset optional value from type SMPTE2086
10-20 20:03:04.319 14980 15011 E IMGMapper: set:488 set: Unset optional value from type CTA861_3
10-20 20:03:04.325  8661  8661 D BoundBrokerSvc: onUnbind: Intent { act=com.google.android.gms.time.trustedtime.singleuserapi.service.START dat=chimera-action:/... cmp=com.google.android.gms/.chimera.PersistentSingleUserInternalApiService }
10-20 20:03:04.335 15034 15098 I Bugle   : getRawTelephonyPhoneNumber redacted-pii[0-chars] [CONTEXT sub_id=1 ]
10-20 20:03:04.337 14980 15011 E IMGMapper: set:488 set: Unset optional value from type SMPTE2086
10-20 20:03:04.337 14980 15011 E IMGMapper: set:488 set: Unset optional value from type CTA861_3
10-20 20:03:04.339 15034 15098 I BugleSelfIdentity: Phone number for MyIdentity f7e82289-5ddc-4522-8b55-52a052a0206e does not change [CONTEXT sub_id=2 icc_id="redacted-pii[20-chars]" rcs_provisioning_id="redacted-pii[0-chars]" ]
10-20 20:03:04.343  1483  1528 I GestureDetector: handleMessage TAP
10-20 20:03:04.343  1483  1483 I GestureDetector: handleMessage TAP
10-20 20:03:04.344 15034 15098 I BugleSelfIdentity: Phone number for MyIdentity c5fe3fcc-23ea-4cf4-8cfa-363cdd8db98b does not change [CONTEXT sub_id=1 icc_id="redacted-pii[19-chars]" rcs_provisioning_id="redacted-pii[0-chars]" ]
10-20 20:03:04.355 14980 15011 E IMGMapper: set:488 set: Unset optional value from type SMPTE2086
10-20 20:03:04.355 14980 15011 E IMGMapper: set:488 set: Unset optional value from type CTA861_3
10-20 20:03:04.371 14980 15011 E IMGMapper: set:488 set: Unset optional value from type SMPTE2086
10-20 20:03:04.371 14980 15011 E IMGMapper: set:488 set: Unset optional value from type CTA861_3
10-20 20:03:04.386 14980 15011 E IMGMapper: set:488 set: Unset optional value from type SMPTE2086
10-20 20:03:04.386 14980 15011 E IMGMapper: set:488 set: Unset optional value from type CTA861_3
10-20 20:03:04.405 14980 15011 E IMGMapper: set:488 set: Unset optional value from type SMPTE2086
10-20 20:03:04.405 14980 15011 E IMGMapper: set:488 set: Unset optional value from type CTA861_3
10-20 20:03:04.420 14980 15011 E IMGMapper: set:488 set: Unset optional value from type SMPTE2086
10-20 20:03:04.420 14980 15011 E IMGMapper: set:488 set: Unset optional value from type CTA861_3
10-20 20:03:04.437 14980 15011 E IMGMapper: set:488 set: Unset optional value from type SMPTE2086
10-20 20:03:04.437 14980 15011 E IMGMapper: set:488 set: Unset optional value from type CTA861_3
10-20 20:03:04.453 14980 15011 E IMGMapper: set:488 set: Unset optional value from type SMPTE2086
10-20 20:03:04.453 14980 15011 E IMGMapper: set:488 set: Unset optional value from type CTA861_3
10-20 20:03:04.472 14980 15011 E IMGMapper: set:488 set: Unset optional value from type SMPTE2086
10-20 20:03:04.472 14980 15011 E IMGMapper: set:488 set: Unset optional value from type CTA861_3
10-20 20:03:04.486  2521  2618 D MobileStatusTracker(0/2): onSignalStrengthsChanged level=3, vendorLevel=3
10-20 20:03:04.487  2521  2618 D MobileSignalController(0/2): notifyListener: enabled=true, connected=true, dataConnected=true, networkType=LTE (4G), emergencyOnly=false, roaming=false, isDefault=false, dataActivity=, level=3, ca=false, mmWave=false, disabledDataIcon=false, simCard=ETC
10-20 20:03:04.492 14980 15011 E IMGMapper: set:488 set: Unset optional value from type SMPTE2086
10-20 20:03:04.492 14980 15011 E IMGMapper: set:488 set: Unset optional value from type CTA861_3
10-20 20:03:04.492  2521  2618 D NetworkController: SignalStrength from intent slotId=0
10-20 20:03:04.508 14980 15011 E IMGMapper: set:488 set: Unset optional value from type SMPTE2086
10-20 20:03:04.508 14980 15011 E IMGMapper: set:488 set: Unset optional value from type CTA861_3
10-20 20:03:04.523 14980 15011 E IMGMapper: set:488 set: Unset optional value from type SMPTE2086
10-20 20:03:04.524 14980 15011 E IMGMapper: set:488 set: Unset optional value from type CTA861_3
10-20 20:03:04.538 14980 15011 E IMGMapper: set:488 set: Unset optional value from type SMPTE2086
10-20 20:03:04.538 14980 15011 E IMGMapper: set:488 set: Unset optional value from type CTA861_3
10-20 20:03:04.562 14980 15011 E IMGMapper: set:488 set: Unset optional value from type SMPTE2086
10-20 20:03:04.562 14980 15011 E IMGMapper: set:488 set: Unset optional value from type CTA861_3
10-20 20:03:04.574 14980 15011 E IMGMapper: set:488 set: Unset optional value from type SMPTE2086
10-20 20:03:04.574 14980 15011 E IMGMapper: set:488 set: Unset optional value from type CTA861_3
10-20 20:03:04.587 14980 15011 E IMGMapper: set:488 set: Unset optional value from type SMPTE2086
10-20 20:03:04.587 14980 15011 E IMGMapper: set:488 set: Unset optional value from type CTA861_3
10-20 20:03:04.603 14980 15011 E IMGMapper: set:488 set: Unset optional value from type SMPTE2086
10-20 20:03:04.604 14980 15011 E IMGMapper: set:488 set: Unset optional value from type CTA861_3
10-20 20:03:04.621 14980 15011 E IMGMapper: set:488 set: Unset optional value from type SMPTE2086
10-20 20:03:04.621 14980 15011 E IMGMapper: set:488 set: Unset optional value from type CTA861_3
10-20 20:03:04.641 14980 15011 E IMGMapper: set:488 set: Unset optional value from type SMPTE2086
10-20 20:03:04.641 14980 15011 E IMGMapper: set:488 set: Unset optional value from type CTA861_3
10-20 20:03:04.652 14980 15011 E IMGMapper: set:488 set: Unset optional value from type SMPTE2086
10-20 20:03:04.652 14980 15011 E IMGMapper: set:488 set: Unset optional value from type CTA861_3
10-20 20:03:04.662 14980 15011 E IMGMapper: set:488 set: Unset optional value from type SMPTE2086
10-20 20:03:04.662 14980 15011 E IMGMapper: set:488 set: Unset optional value from type CTA861_3
10-20 20:03:04.680  1483  1498 I system_server: Background concurrent copying GC freed 282896(19MB) AllocSpace objects, 310(5792KB) LOS objects, 17% free, 110MB/134MB, paused 881us,522us total 697.892ms
10-20 20:03:04.709  2799  2811 I m.android.phone: Background concurrent copying GC freed 207602(10MB) AllocSpace objects, 47(1600KB) LOS objects, 49% free, 12MB/24MB, paused 601us,109us total 218.883ms
10-20 20:03:05.236  2486  2486 I WifiHAL : Get link layer stats
10-20 20:03:05.236  2486  2486 I WifiHAL : GetLinkStatsCommand::create
10-20 20:03:05.236  2486  2486 D android.hardware.wifi@1.0-service-lazy: WifiRequest::create vendor command to iface 38, vendor_id=0x1a11, subcmd=0x1200, res=0
10-20 20:03:05.237  2486  2486 I android.hardware.wifi@1.0-service-lazy: WifiCommand::requestResponse err=-95
10-20 20:03:05.237  2486  2486 I WifiHAL : wifi_get_link_stats: result=-3
10-20 20:03:05.237  1483  2363 E WifiVendorHal: getWifiLinkLayerStats_1_5_Internal(l.1179) failed {.code = ERROR_NOT_SUPPORTED, .description = }
10-20 20:03:05.246  1483  3390 D SemWifiUsabilityStatsMonitor: onWifiUsabilityStats - seqNum 543322, isSameBssidAndFreq true
10-20 20:03:05.249  1483  2437 I SemWifiLinkQualityMonitor: Link Qos query: inf. ms / 0 Mbps
10-20 20:03:05.663 12269 12425 W LibevQuicAsyncUDPSocket.h: setTosOrTrafficClass not implemented in LibevQuicAsyncUDPSocket
10-20 20:03:05.664  1483  2471 D NetdEventListenerService: DNS Requested by : 475, 11013, 4, true
10-20 20:03:05.669 12269 12425 E MvfstCallbacks.cpp: onConnectionSetupError: error=TransportError: Internal Error, Error on socket write Operation not permitted, 
10-20 20:03:05.672  1483  2471 D NetdEventListenerService: DNS Requested by : 475, 11013, 4, true
10-20 20:03:05.770  2521  2618 D MobileStatusTracker(0/2): onSignalStrengthsChanged level=4, vendorLevel=3
10-20 20:03:05.775  2521  2618 D MobileSignalController(0/2): notifyListener: enabled=true, connected=true, dataConnected=true, networkType=LTE (4G), emergencyOnly=false, roaming=false, isDefault=false, dataActivity=, level=3, ca=false, mmWave=false, disabledDataIcon=false, simCard=ETC
10-20 20:03:05.776  2521  2618 D NetworkController: SignalStrength from intent slotId=0
10-20 20:03:05.927   543   543 D io_stats: !@ 179,0 r 464478390 5645690250 w 80540895 844183328 d 1258356 33785864 f 0 0 iot 231016428 0 th 0 0 0 pt 0 inp 0 0 2550783.230
10-20 20:03:06.072  1483  2471 D NetdEventListenerService: DNS Requested by : 475, 11011
10-20 20:03:06.074 14839 14902 D TrafficStats: tagSocket(6) with statsTag=0xffffffff, statsUid=-1
10-20 20:03:06.125  1483  4853 D InputDispatcher: Inject key (15319/2000): action=0, f=0x0, d=-1, time=2550783427000000
10-20 20:03:06.125  1483  4853 D WindowManager: interceptKeyTq keycode=4 interactive=true keyguardActive=false policyFlags=2b000000
10-20 20:03:06.125  1483  4853 D PhoneWindowManagerExt: interceptKeyTq code=4 down=true repeatCount=0 displayId=-1 interactive=true
10-20 20:03:06.125  1483  4853 D WindowManager: interceptKeyTq interceptKeyResult=4
10-20 20:03:06.125  1483  1796 D PowerManagerService: [api] userActivityFromNative :  (event: 1 flags: 0 displayId: 0) eventTime = 2550783427
10-20 20:03:06.126  1483  1796 D WindowManager: interceptKeyTi keyCode=4 down=true repeatCount=0 keyguardOn=false canceled=false
10-20 20:03:06.126  1483  1796 D PhoneWindowManagerExt: interceptKeyTi code=4 down=true repeatCount=0 displayId=-1 interactive=true
10-20 20:03:06.127  1483  1796 I InputDispatcher: Delivering key to (14980): B action: 0x0 (0), f=0x0, m=0x0, d=0, 'c4af74a'
10-20 20:03:06.128  5125  5125 I HBD     : b skip onKeyDown as physical keyboard not connected 
10-20 20:03:06.129  5125  5125 I HBD     : HoneyBoardService onKeyDown r:329ff4c9 consumed:false 1 
10-20 20:03:06.130 14980 14980 I ViewRootImpl@87d5c8f[MainActivity]: ViewPostIme key 0
10-20 20:03:06.130 14980 14980 D Activity: onKeyDown(KEYCODE_BACK)
10-20 20:03:06.131  1483  4853 D InputDispatcher: Inject key (15319/2000): action=1, f=0x0, d=-1, time=2550783427000000
10-20 20:03:06.131  1483  4853 D WindowManager: interceptKeyTq keycode=4 interactive=true keyguardActive=false policyFlags=2b000000
10-20 20:03:06.131  1483  4853 D PhoneWindowManagerExt: interceptKeyTq code=4 down=false repeatCount=0 displayId=-1 interactive=true
10-20 20:03:06.131  1483  4853 D WindowManager: interceptKeyTq interceptKeyResult=4
10-20 20:03:06.132  1483  1796 D WindowManager: interceptKeyTi keyCode=4 down=false repeatCount=0 keyguardOn=false canceled=false
10-20 20:03:06.132  1483  1796 D PhoneWindowManagerExt: interceptKeyTi code=4 down=false repeatCount=0 displayId=-1 interactive=true
10-20 20:03:06.132  1483  1796 I InputDispatcher: Delivering key to (14980): B action: 0x1 (0), f=0x0, m=0x0, d=0, 'c4af74a'
10-20 20:03:06.133  5125  5125 I HBD     : HoneyBoardService onKeyUp r:c79491a9 consumed:false 0 
10-20 20:03:06.134 14980 14980 I ViewRootImpl@87d5c8f[MainActivity]: ViewPostIme key 1
10-20 20:03:06.135 14980 14980 D Activity: onKeyUp(KEYCODE_BACK) isTracking()=true isCanceled()=false hasCallback=false
10-20 20:03:06.153  1205  1205 I thermal_repeater: socket -1
10-20 20:03:06.249 14980 15011 E IMGMapper: set:488 set: Unset optional value from type SMPTE2086
10-20 20:03:06.250 14980 15011 E IMGMapper: set:488 set: Unset optional value from type CTA861_3
10-20 20:03:06.252  1039  1039 I BufferQueueProducer: [com.cinemamovel/com.cinemamovel.MainActivity$_14980#505897](this:0xb400007a1f651838,id:-1,api:0,p:-1,c:1039) queueBuffer: fps=13.45 dur=2081.04 max=1564.71 min=16.09
10-20 20:03:06.255   991  1074 I hwcomposer: [HWCDisplay] [Display_0 (type:1)] fps:13.442983,dur:2082.87,max:1566.66,min:15.51  
10-20 20:03:06.322 14980 15011 E IMGMapper: set:488 set: Unset optional value from type SMPTE2086
10-20 20:03:06.322 14980 15011 E IMGMapper: set:488 set: Unset optional value from type CTA861_3
10-20 20:03:06.331 14980 15011 E IMGMapper: set:488 set: Unset optional value from type SMPTE2086
10-20 20:03:06.331 14980 15011 E IMGMapper: set:488 set: Unset optional value from type CTA861_3
10-20 20:03:06.347 14980 15011 E IMGMapper: set:488 set: Unset optional value from type SMPTE2086
10-20 20:03:06.347 14980 15011 E IMGMapper: set:488 set: Unset optional value from type CTA861_3
10-20 20:03:06.363 14980 15011 E IMGMapper: set:488 set: Unset optional value from type SMPTE2086
10-20 20:03:06.363 14980 15011 E IMGMapper: set:488 set: Unset optional value from type CTA861_3
10-20 20:03:06.382 14980 15011 E IMGMapper: set:488 set: Unset optional value from type SMPTE2086
10-20 20:03:06.382 14980 15011 E IMGMapper: set:488 set: Unset optional value from type CTA861_3
10-20 20:03:06.396 14980 15011 E IMGMapper: set:488 set: Unset optional value from type SMPTE2086
10-20 20:03:06.397 14980 15011 E IMGMapper: set:488 set: Unset optional value from type CTA861_3
10-20 20:03:06.412 14980 15011 E IMGMapper: set:488 set: Unset optional value from type SMPTE2086
10-20 20:03:06.412 14980 15011 E IMGMapper: set:488 set: Unset optional value from type CTA861_3
10-20 20:03:06.432 14980 15011 E IMGMapper: set:488 set: Unset optional value from type SMPTE2086
10-20 20:03:06.432 14980 15011 E IMGMapper: set:488 set: Unset optional value from type CTA861_3
10-20 20:03:06.446 14980 15011 E IMGMapper: set:488 set: Unset optional value from type SMPTE2086
10-20 20:03:06.446 14980 15011 E IMGMapper: set:488 set: Unset optional value from type CTA861_3
10-20 20:03:06.463 14980 15011 E IMGMapper: set:488 set: Unset optional value from type SMPTE2086
10-20 20:03:06.463 14980 15011 E IMGMapper: set:488 set: Unset optional value from type CTA861_3
10-20 20:03:06.480 14980 15011 E IMGMapper: set:488 set: Unset optional value from type SMPTE2086
10-20 20:03:06.480 14980 15011 E IMGMapper: set:488 set: Unset optional value from type CTA861_3
10-20 20:03:06.496 14980 15011 E IMGMapper: set:488 set: Unset optional value from type SMPTE2086
10-20 20:03:06.496 14980 15011 E IMGMapper: set:488 set: Unset optional value from type CTA861_3
