10-27 10:06:59.168  2025  2216 I PhoneStateTracker<0>: onServiceStateChanged: state={mVoiceRegState=0(IN_SERVICE), mDataRegState=0(IN_SERVICE), mChannelNumber=300, duplexMode()=1, mCellBandwidths=[20000], mOperatorAlphaLong=CLARO BR, mOperatorAlphaShort=CLARO BR, isManualNetworkSelection=false(automatic), getRilVoiceRadioTechnology=14(LTE), getRilDataRadioTechnology=14(LTE), mCssIndicator=unsupported, mNetworkId=*1, mSystemId=*1, mCdmaRoamingIndicator=-1, mCdmaDefaultRoamingIndicator=-1, VoiceRegType=0, Snap=0, MobileData=IN_SERVICE, MobileDataRoamingType=home, MobileDataRat=LTE, PsOnly=false, FemtocellInd=0, SprDisplayRoam=false, OptRadioTech=0, MsimSubmode=0, IsVoiceCallAvailable=true, mIsEmergencyOnly=false, isUsingCarrierAggregation=false, mArfcnRsrpBoost=0, mNetworkRegistrationInfos=[NetworkRegistrationInfo{ domain=CS transportType=WWAN registrationState=HOME roamingType=NOT_ROAMING accessNetworkTechnology=LTE rejectCause=0 emergencyEnabled=false availableServices=[VOICE,SMS,VIDEO] cellIdentity=CellIdentityLte:{ mCi=2******10 mPci=2147483647 mTac=4***5 mEarfcn=300 mBands=[1] mBandwidth=2147483647 mMcc=724 mMnc=05 mAlphaLong=CLARO BR mAlphaShort=CLARO BR mAdditionalPlmns={} mCsgInfo=null} voiceSpecificInfo=VoiceSpecificRegistrationInfo { mCssSupported=false mRoamingIndicator=0 mSystemIsInPrl=0 mDefaultRoamingIndicator=0} dataSpecificInfo=null nrState=**** rRplmn=72405 isUsingCarrierAggregation=false}, NetworkRegistrationInfo{ domain=PS transportType=WWAN registrationState=HOME roamingType=NOT_ROAMING accessNetworkTechnology=LTE rejectCause=0 emergencyEnabled=false availableServices=[DATA] cellIdentity=CellIdentityLte:{ mCi=2******10 mPci=0 mTac=4***5 mEarfcn=300 mBands=[1] mBandwidth=2147483647 mMcc=724 mMnc=05 mAlphaLong=CLARO BR mAlphaShort=CLARO BR mAdditionalPlmns={} mCsgInfo=null} voiceSpecificInfo=null dataSpecificInfo=android.telephony.DataSpecificRegistrationInfo :{ maxDataCalls = 16 isDcNrRestricted = false isNrAvailable = false isEnDcAvailable = false LteVopsSupportInfo :  mVopsSupport = 2 mEmcBearerSupport = 2 } nrState=**** rRplmn=72405 isUsingCarrierAggregation=false}], mNrFrequencyRange=0, mOperatorAlphaLongRaw=CLARO BR, mOperatorAlphaShortRaw=CLARO BR, mIsDataRoamingFromRegistration=false, mIsIwlanPreferred=false}Changed=
10-27 10:06:59.169  2025  2216 I PdnController<0>: notifyDataConnectionState
10-27 10:06:59.169  2025  2216 I PdnController<0>: initialize PendedEPDGWeakSignal flag
10-27 10:06:59.169  2025  2216 I PdnController<0>: setPendedEPDGWeakSignal
10-27 10:06:59.169  2025  2216 I PdnController<0>: notifyDataConnectionState: needNotify=false networkType=13 isEpdgConnected=false dataNetType=13=>13 dataRegState=0=>0
10-27 10:06:59.169  2025  2216 I PhoneStateTracker<0>: notifySnapshotState: snapshotState=0 old=0
10-27 10:06:59.170  2025  2216 I GeolocationCon: handleMessage : what = SERVICE_STATE_CHANGED
10-27 10:06:59.170  1187  3218 I LocationAccessPolicy: checkLocationPermission - callingUid: 10108, callingPid: 21478, resultForFine: DENIED_HARD
10-27 10:06:59.170  1187  3218 I LocationAccessPolicy: checkLocationPermission - callingUid: 10108, callingPid: 21478, resultForCoarse: DENIED_HARD
10-27 10:06:59.170  2025  2216 I GeolocationCon: matchTimingReqLocation ,match=0, timing=4
10-27 10:06:59.170  2025  2216 I GeolocationCon: matchTimingReqLocation ,match=0, timing=4
10-27 10:06:59.170  2025  2216 I GeolocationCon: profile is null
10-27 10:06:59.171  2025  2216 I GeolocationCon<0>: onNetworkCountryIsoChanged: mCountryIso = br, iso = br
10-27 10:06:59.172  1187  3218 W ContextImpl: Calling a method in the system process without a qualified user: android.app.ContextImpl.sendBroadcastMultiplePermissions:1285 com.android.server.TelephonyRegistry.broadcastServiceStateChanged:3130 com.android.server.TelephonyRegistry.notifyServiceStateForPhoneId:1630 com.android.internal.telephony.ITelephonyRegistry$Stub.onTransact:499 android.os.Binder.execTransactInternal:1321 
10-27 10:06:59.173  1187  3218 W ContextImpl: Calling a method in the system process without a qualified user: android.app.ContextImpl.sendBroadcastMultiplePermissions:1335 android.content.Context.sendBroadcastMultiplePermissions:2285 com.android.server.TelephonyRegistry.broadcastServiceStateChanged:3134 com.android.server.TelephonyRegistry.notifyServiceStateForPhoneId:1630 com.android.internal.telephony.ITelephonyRegistry$Stub.onTransact:499 
10-27 10:06:59.175  1737  1737 D MultiSIMController: onReceive() - action = android.intent.action.SERVICE_STATE
10-27 10:06:59.175  1737  1737 D KeyguardUpdateMonitor: received broadcast android.intent.action.SERVICE_STATE
10-27 10:06:59.176  1737  1737 V KeyguardUpdateMonitor: action android.intent.action.SERVICE_STATE serviceState={mVoiceRegState=0(IN_SERVICE), mDataRegState=0(IN_SERVICE), mChannelNumber=300, duplexMode()=1, mCellBandwidths=[20000], mOperatorAlphaLong=CLARO BR, mOperatorAlphaShort=CLARO BR, isManualNetworkSelection=false(automatic), getRilVoiceRadioTechnology=14(LTE), getRilDataRadioTechnology=14(LTE), mCssIndicator=unsupported, mNetworkId=*1, mSystemId=*1, mCdmaRoamingIndicator=-1, mCdmaDefaultRoamingIndicator=-1, VoiceRegType=0, Snap=0, MobileData=IN_SERVICE, MobileDataRoamingType=home, MobileDataRat=LTE, PsOnly=false, FemtocellInd=0, SprDisplayRoam=false, OptRadioTech=0, MsimSubmode=0, IsVoiceCallAvailable=true, mIsEmergencyOnly=false, isUsingCarrierAggregation=false, mArfcnRsrpBoost=0, mNetworkRegistrationInfos=[NetworkRegistrationInfo{ domain=CS transportType=WWAN registrationState=HOME roamingType=NOT_ROAMING accessNetworkTechnology=LTE rejectCause=0 emergencyEnabled=false availableServices=[VOICE,SMS,VIDEO] cellIdentity=CellIdentityLte:{ mCi=2******10 mPci=2147483647 mTac=4***5 mEarfcn=300 mBands=[1] mBandwidth=2147483647 mMcc=724 mMnc=05 mAlphaLong=CLARO BR mAlphaShort=CLARO BR mAdditionalPlmns={} mCsgInfo=null} voiceSpecificInfo=VoiceSpecificRegistrationInfo { mCssSupported=false mRoamingIndicator=0 mSystemIsInPrl=0 mDefaultRoamingIndicator=0} dataSpecificInfo=null nrState=**** rRplmn=72405 isUsingCarrierAggregation=false}, NetworkRegistrationInfo{ domain=PS transportType=WWAN registrationState=HOME roamingType=NOT_ROAMING accessNetworkTechnology=LTE rejectCause=0 emergencyEnabled=false availableServices=[DATA] cellIdentity=CellIdentityLte:{ mCi=2******10 mPci=0 mTac=4***5 mEarfcn=300 mBands=[1] mBandwidth=2147483647 mMcc=724 mMnc=05 mAlphaLong=CLARO BR mAlphaShort=CLARO BR mAdditionalPlmns={} mCsgInfo=null} voiceSpecificInfo=null dataSpecificInfo=android.telephony.DataSpecificRegistrationInfo :{ maxDataCalls = 16 isDcNrRestricted = false isNrAvailable = false isEnDcAvailable = false LteVopsSupportInfo :  mVopsSupport = 2 mEmcBearerSupport = 2 } nrState=**** rRplmn=72405 isUsingCarrierAggregation=false}], mNrFrequencyRange=0, mOperatorAlphaLongRaw=CLARO BR, mOperatorAlphaShortRaw=CLARO BR, mIsDataRoamingFromRegistration=false, mIsIwlanPreferred=false} subId=2
10-27 10:06:59.176  1737  1737 D MultiSIMController: MESSAGE_UPDATE_SERVICE_STATE
10-27 10:06:59.178  1187  1187 D SemWifiService: received: android.intent.action.SERVICE_STATE
10-27 10:06:59.178  1187  1337 W BroadcastQueue: Permission Denial: receiving Intent { act=android.intent.action.SERVICE_STATE flg=0x1000010 (has extras) } to com.google.android.cellbroadcastreceiver/com.android.cellbroadcastreceiver.CellBroadcastReceiver requires android.permission.READ_PHONE_STATE due to sender android (uid 1001)
10-27 10:06:59.179  1187  1337 W BroadcastQueue: Appop Denial: receiving Intent { act=android.intent.action.SERVICE_STATE flg=0x1000010 (has extras) } to ProcessRecord{3e7c7cd 1187:system/1000} (pid=1187, uid=1000) excludes appop android:read_phone_state due to sender android (uid 1001)
10-27 10:06:59.180  1187  3218 W ContextImpl: Calling a method in the system process without a qualified user: android.app.ContextImpl.sendBroadcastMultiplePermissions:1335 android.content.Context.sendBroadcastMultiplePermissions:2285 com.android.server.TelephonyRegistry.broadcastServiceStateChanged:3141 com.android.server.TelephonyRegistry.notifyServiceStateForPhoneId:1630 com.android.internal.telephony.ITelephonyRegistry$Stub.onTransact:499 
10-27 10:06:59.180  1187  1337 W BroadcastQueue: Appop Denial: receiving Intent { act=android.intent.action.SERVICE_STATE flg=0x1000010 (has extras) } to ProcessRecord{6226a1b 1737:com.android.systemui/u0a107} (pid=1737, uid=10107) excludes appop android:read_phone_state due to sender android (uid 1001)
10-27 10:06:59.180  1737  1942 D NetworkController: ServiceState from intent slotId=0
10-27 10:06:59.181  1187  1337 W BroadcastQueue: Appop Denial: receiving Intent { act=android.intent.action.SERVICE_STATE flg=0x1000010 (has extras) } to ProcessRecord{3053f42 1711:com.android.phone/1001} (pid=1711, uid=1001) excludes appop android:read_phone_state due to sender android (uid 1001)
10-27 10:06:59.181  1187  1337 W BroadcastQueue: Appop Denial: receiving Intent { act=android.intent.action.SERVICE_STATE flg=0x1000010 (has extras) } to ProcessRecord{3053f42 1711:com.android.phone/1001} (pid=1711, uid=1001) excludes appop android:read_phone_state due to sender android (uid 1001)
10-27 10:06:59.181  1187  1337 W BroadcastQueue: Appop Denial: receiving Intent { act=android.intent.action.SERVICE_STATE flg=0x1000010 (has extras) } to ProcessRecord{3053f42 1711:com.android.phone/1001} (pid=1711, uid=1001) excludes appop android:read_phone_state due to sender android (uid 1001)
10-27 10:06:59.181  1187  1337 W BroadcastQueue: Appop Denial: receiving Intent { act=android.intent.action.SERVICE_STATE flg=0x1000010 (has extras) } to ProcessRecord{3e7c7cd 1187:system/1000} (pid=1187, uid=1000) excludes appop android:read_phone_state due to sender android (uid 1001)
10-27 10:06:59.182  1187  1337 W BroadcastQueue: Permission Denial: receiving Intent { act=android.intent.action.SERVICE_STATE flg=0x1000010 (has extras) } to com.google.android.cellbroadcastreceiver/com.android.cellbroadcastreceiver.CellBroadcastReceiver requires android.permission.ACCESS_FINE_LOCATION due to sender android (uid 1001)
10-27 10:06:59.183  1187  3218 W ContextImpl: Calling a method in the system process without a qualified user: android.app.ContextImpl.sendBroadcastMultiplePermissions:1335 android.content.Context.sendBroadcastMultiplePermissions:2285 com.android.server.TelephonyRegistry.broadcastServiceStateChanged:3145 com.android.server.TelephonyRegistry.notifyServiceStateForPhoneId:1630 com.android.internal.telephony.ITelephonyRegistry$Stub.onTransact:499 
10-27 10:06:59.184  1187  1337 W BroadcastQueue: Appop Denial: receiving Intent { act=android.intent.action.SERVICE_STATE flg=0x1000010 (has extras) } to ProcessRecord{3e7c7cd 1187:system/1000} (pid=1187, uid=1000) excludes appop android:fine_location due to sender android (uid 1001)
10-27 10:06:59.184  1187  1337 W BroadcastQueue: Appop Denial: receiving Intent { act=android.intent.action.SERVICE_STATE flg=0x1000010 (has extras) } to ProcessRecord{6226a1b 1737:com.android.systemui/u0a107} (pid=1737, uid=10107) excludes appop android:fine_location due to sender android (uid 1001)
10-27 10:06:59.185  1187  1337 W BroadcastQueue: Appop Denial: receiving Intent { act=android.intent.action.SERVICE_STATE flg=0x1000010 (has extras) } to ProcessRecord{3053f42 1711:com.android.phone/1001} (pid=1711, uid=1001) excludes appop android:fine_location due to sender android (uid 1001)
10-27 10:06:59.185  1187  1337 W BroadcastQueue: Appop Denial: receiving Intent { act=android.intent.action.SERVICE_STATE flg=0x1000010 (has extras) } to ProcessRecord{3053f42 1711:com.android.phone/1001} (pid=1711, uid=1001) excludes appop android:fine_location due to sender android (uid 1001)
10-27 10:06:59.185  1187  1337 W BroadcastQueue: Appop Denial: receiving Intent { act=android.intent.action.SERVICE_STATE flg=0x1000010 (has extras) } to ProcessRecord{3053f42 1711:com.android.phone/1001} (pid=1711, uid=1001) excludes appop android:fine_location due to sender android (uid 1001)
10-27 10:06:59.185  1187  1337 W BroadcastQueue: Appop Denial: receiving Intent { act=android.intent.action.SERVICE_STATE flg=0x1000010 (has extras) } to ProcessRecord{3e7c7cd 1187:system/1000} (pid=1187, uid=1000) excludes appop android:fine_location due to sender android (uid 1001)
10-27 10:06:59.186  1187  1337 W BroadcastQueue: Permission Denial: receiving Intent { act=android.intent.action.SERVICE_STATE flg=0x1000010 (has extras) } to com.google.android.cellbroadcastreceiver/com.android.cellbroadcastreceiver.CellBroadcastReceiver requires android.permission.READ_PHONE_STATE due to sender android (uid 1001)
10-27 10:06:59.187  1187  1337 W BroadcastQueue: Appop Denial: receiving Intent { act=android.intent.action.SERVICE_STATE flg=0x1000010 (has extras) } to ProcessRecord{3e7c7cd 1187:system/1000} (pid=1187, uid=1000) excludes appop android:read_phone_state due to sender android (uid 1001)
10-27 10:06:59.188  1187  1337 W BroadcastQueue: Appop Denial: receiving Intent { act=android.intent.action.SERVICE_STATE flg=0x1000010 (has extras) } to ProcessRecord{6226a1b 1737:com.android.systemui/u0a107} (pid=1737, uid=10107) excludes appop android:read_phone_state due to sender android (uid 1001)
10-27 10:06:59.188  1187  1337 W BroadcastQueue: Appop Denial: receiving Intent { act=android.intent.action.SERVICE_STATE flg=0x1000010 (has extras) } to ProcessRecord{3053f42 1711:com.android.phone/1001} (pid=1711, uid=1001) excludes appop android:read_phone_state due to sender android (uid 1001)
10-27 10:06:59.188  1187  1337 W BroadcastQueue: Appop Denial: receiving Intent { act=android.intent.action.SERVICE_STATE flg=0x1000010 (has extras) } to ProcessRecord{3053f42 1711:com.android.phone/1001} (pid=1711, uid=1001) excludes appop android:read_phone_state due to sender android (uid 1001)
10-27 10:06:59.188  1187  1337 W BroadcastQueue: Appop Denial: receiving Intent { act=android.intent.action.SERVICE_STATE flg=0x1000010 (has extras) } to ProcessRecord{3053f42 1711:com.android.phone/1001} (pid=1711, uid=1001) excludes appop android:read_phone_state due to sender android (uid 1001)
10-27 10:06:59.188  1187  1337 W BroadcastQueue: Appop Denial: receiving Intent { act=android.intent.action.SERVICE_STATE flg=0x1000010 (has extras) } to ProcessRecord{3e7c7cd 1187:system/1000} (pid=1187, uid=1000) excludes appop android:read_phone_state due to sender android (uid 1001)
10-27 10:06:59.192 19764 19764 D CellBroadcastReceiver: onReceive Intent { act=android.intent.action.SERVICE_STATE flg=0x1000010 cmp=com.google.android.cellbroadcastreceiver/com.android.cellbroadcastreceiver.CellBroadcastReceiver (has extras) }
10-27 10:06:59.193 19764 19764 D CellBroadcastReceiver: onServiceStateChanged, ss: 0
10-27 10:06:59.193 19764 19764 D CellBroadcastReceiver: networkOperator: 72405
10-27 10:06:59.193 19764 19764 D CellBroadcastReceiver: update supported roaming operator as 
10-27 10:06:59.198  5277  5277 D ScrollView: initGoToTop
10-27 10:06:59.200  1737  1942 D MobileStatusTracker(0/2): onSignalStrengthsChanged level=4, vendorLevel=3
10-27 10:06:59.202  1711  1711 I Telephony: TelecomAccountRegistry$AccountEntry: isRttCurrentlySupported -- regular acct,, hasVoiceAvailability: false, isRttSupported: false, alwaysAllowWhileRoaming: false, isRoaming: false, isOnWfc: false
10-27 10:06:59.203  1711  1711 I Telephony: TelecomAccountRegistry$AccountEntry: isRttCurrentlySupported -- regular acct,, hasVoiceAvailability: false, isRttSupported: false, alwaysAllowWhileRoaming: false, isRoaming: false, isOnWfc: false
10-27 10:06:59.203  1711  1711 V PhoneGlobals: handleServiceStateChanged
10-27 10:06:59.203  1711  1711 D NotificationMgr: updateNetworkSelection, Use Samsung codes instead of AOSP codes
10-27 10:06:59.203  1711  1711 V PhoneGlobals: subId=2, mDefaultDataSubId=-1, ss roaming=false
10-27 10:06:59.207  1737  1942 D MobileSignalController(0/2): notifyListener: enabled=true, connected=true, dataConnected=true, networkType=LTE (4G), emergencyOnly=false, roaming=false, isDefault=true, dataActivity=, level=3, ca=false, mmWave=false, disabledDataIcon=false, simCard=ETC
10-27 10:06:59.207  1737  1942 D NetworkController: SignalStrength from intent slotId=0
10-27 10:06:59.235  5277  5311 E IMGMapper: set:488 set: Unset optional value from type SMPTE2086
10-27 10:06:59.235  5277  5311 E IMGMapper: set:488 set: Unset optional value from type CTA861_3
10-27 10:06:59.241  1187  1187 I GestureDetector: handleMessage TAP
10-27 10:06:59.241  1187  1303 I GestureDetector: handleMessage TAP
10-27 10:06:59.245  1737  1737 D KeyguardUpdateMonitor: handleServiceStateChange(subId=2, serviceState={mVoiceRegState=0(IN_SERVICE), mDataRegState=0(IN_SERVICE), mChannelNumber=300, duplexMode()=1, mCellBandwidths=[20000], mOperatorAlphaLong=CLARO BR, mOperatorAlphaShort=CLARO BR, isManualNetworkSelection=false(automatic), getRilVoiceRadioTechnology=14(LTE), getRilDataRadioTechnology=14(LTE), mCssIndicator=unsupported, mNetworkId=*1, mSystemId=*1, mCdmaRoamingIndicator=-1, mCdmaDefaultRoamingIndicator=-1, VoiceRegType=0, Snap=0, MobileData=IN_SERVICE, MobileDataRoamingType=home, MobileDataRat=LTE, PsOnly=false, FemtocellInd=0, SprDisplayRoam=false, OptRadioTech=0, MsimSubmode=0, IsVoiceCallAvailable=true, mIsEmergencyOnly=false, isUsingCarrierAggregation=false, mArfcnRsrpBoost=0, mNetworkRegistrationInfos=[NetworkRegistrationInfo{ domain=CS transportType=WWAN registrationState=HOME roamingType=NOT_ROAMING accessNetworkTechnology=LTE rejectCause=0 emergencyEnabled=false availableServices=[VOICE,SMS,VIDEO] cellIdentity=CellIdentityLte:{ mCi=2******10 mPci=2147483647 mTac=4***5 mEarfcn=300 mBands=[1] mBandwidth=2147483647 mMcc=724 mMnc=05 mAlphaLong=CLARO BR mAlphaShort=CLARO BR mAdditionalPlmns={} mCsgInfo=null} voiceSpecificInfo=VoiceSpecificRegistrationInfo { mCssSupported=false mRoamingIndicator=0 mSystemIsInPrl=0 mDefaultRoamingIndicator=0} dataSpecificInfo=null nrState=**** rRplmn=72405 isUsingCarrierAggregation=false}, NetworkRegistrationInfo{ domain=PS transportType=WWAN registrationState=HOME roamingType=NOT_ROAMING accessNetworkTechnology=LTE rejectCause=0 emergencyEnabled=false availableServices=[DATA] cellIdentity=CellIdentityLte:{ mCi=2******10 mPci=0 mTac=4***5 mEarfcn=300 mBands=[1] mBandwidth=2147483647 mMcc=724 mMnc=05 mAlphaLong=CLARO BR mAlphaShort=CLARO BR mAdditionalPlmns={} mCsgInfo=null} voiceSpecificInfo=null dataSpecificInfo=android.telephony.DataSpecificRegistrationInfo :{ maxDataCalls = 16 isDcNrRestricted = false isNrAvailable = false isEnDcAvailable = false LteVopsSupportInfo :  mVopsSupport = 2 mEmcBearerSupport = 2 } nrState=**** rRplmn=72405 isUsingCarrierAggregation=false}], mNrFrequencyRange=0, mOperatorAlphaLongRaw=CLARO BR, mOperatorAlphaShortRaw=CLARO BR, mIsDataRoamingFromRegistration=false, mIsIwlanPreferred=false}
10-27 10:06:59.245  1737  1737 D CarrierTextController: onRefreshCarrierInfo(), mTelephonyCapable: true
10-27 10:06:59.245  1737  1737 D CarrierTextController: updateCarrierText(): 2
10-27 10:06:59.245  1737  1737 D CarrierTextController: Handling (subId=2): 5 Claro BR
10-27 10:06:59.245  1737  1737 D CarrierTextController: carrierTextForSimState = Claro BR
10-27 10:06:59.246  1737  1737 D CarrierTextController: SIM ready and in service: subId=2, ss={mVoiceRegState=0(IN_SERVICE), mDataRegState=0(IN_SERVICE), mChannelNumber=300, duplexMode()=1, mCellBandwidths=[20000], mOperatorAlphaLong=CLARO BR, mOperatorAlphaShort=CLARO BR, isManualNetworkSelection=false(automatic), getRilVoiceRadioTechnology=14(LTE), getRilDataRadioTechnology=14(LTE), mCssIndicator=unsupported, mNetworkId=*1, mSystemId=*1, mCdmaRoamingIndicator=-1, mCdmaDefaultRoamingIndicator=-1, VoiceRegType=0, Snap=0, MobileData=IN_SERVICE, MobileDataRoamingType=home, MobileDataRat=LTE, PsOnly=false, FemtocellInd=0, SprDisplayRoam=false, OptRadioTech=0, MsimSubmode=0, IsVoiceCallAvailable=true, mIsEmergencyOnly=false, isUsingCarrierAggregation=false, mArfcnRsrpBoost=0, mNetworkRegistrationInfos=[NetworkRegistrationInfo{ domain=CS transportType=WWAN registrationState=HOME roamingType=NOT_ROAMING accessNetworkTechnology=LTE rejectCause=0 emergencyEnabled=false availableServices=[VOICE,SMS,VIDEO] cellIdentity=CellIdentityLte:{ mCi=2******10 mPci=2147483647 mTac=4***5 mEarfcn=300 mBands=[1] mBandwidth=2147483647 mMcc=724 mMnc=05 mAlphaLong=CLARO BR mAlphaShort=CLARO BR mAdditionalPlmns={} mCsgInfo=null} voiceSpecificInfo=VoiceSpecificRegistrationInfo { mCssSupported=false mRoamingIndicator=0 mSystemIsInPrl=0 mDefaultRoamingIndicator=0} dataSpecificInfo=null nrState=**** rRplmn=72405 isUsingCarrierAggregation=false}, NetworkRegistrationInfo{ domain=PS transportType=WWAN registrationState=HOME roamingType=NOT_ROAMING accessNetworkTechnology=LTE rejectCause=0 emergencyEnabled=false availableServices=[DATA] cellIdentity=CellIdentityLte:{ mCi=2******10 mPci=0 mTac=4***5 mEarfcn=300 mBands=[1] mBandwidth=2147483647 mMcc=724 mMnc=05 mAlphaLong=CLARO BR mAlphaShort=CLARO BR mAdditionalPlmns={} mCsgInfo=null} voiceSpecificInfo=null dataSpecificInfo=android.telephony.DataSpecificRegistrationInfo :{ maxDataCalls = 16 isDcNrRestricted = false isNrAvailable = false isEnDcAvailable = false LteVopsSupportInfo :  mVopsSupport = 2 mEmcBearerSupport = 2 } nrState=**** rRplmn=72405 isUsingCarrierAggregation=false}], mNrFrequencyRange=0, mOperatorAlphaLongRaw=CLARO BR, mOperatorAlphaShortRaw=CLARO BR, mIsDataRoamingFromRegistration=false, mIsIwlanPreferred=false}
10-27 10:06:59.246  1737  1737 D CarrierTextController: Handling (subId=1): 5 Somente chamadas de emergncia
10-27 10:06:59.246  1737  1737 D CarrierTextController: carrierTextForSimState = Somente chamadas de emergncia
10-27 10:06:59.246  1737  1737 D CarrierTextController: setText : Claro BR | Somente chamadas de emergncia
10-27 10:06:59.246  1737  1737 D FaceWidgetPagesController: onRefreshCarrierInfo()
10-27 10:06:59.247  1737  1737 D FaceWidgetClockRoamManager: isNetworkRoamingState id=2
10-27 10:06:59.247  1737  1737 D FaceWidgetClockRoamManager: isNetworkRoamingState false
10-27 10:06:59.247  1737  1737 D FaceWidgetClockRoamManager: onRefreshCarrierInfo(pre, now): false, false
10-27 10:06:59.247  1737  1737 D FaceWidgetClockPage: onRefreshCarrierInfo : isChanged false mIsRoaming false
10-27 10:06:59.254  5277  5311 E IMGMapper: set:488 set: Unset optional value from type SMPTE2086
10-27 10:06:59.254  5277  5311 E IMGMapper: set:488 set: Unset optional value from type CTA861_3
10-27 10:06:59.277  5277  5311 E IMGMapper: set:488 set: Unset optional value from type SMPTE2086
10-27 10:06:59.278  5277  5311 E IMGMapper: set:488 set: Unset optional value from type CTA861_3
10-27 10:06:59.291  5277  5311 E IMGMapper: set:488 set: Unset optional value from type SMPTE2086
10-27 10:06:59.292  5277  5311 E IMGMapper: set:488 set: Unset optional value from type CTA861_3
10-27 10:06:59.308  5277  5311 E IMGMapper: set:488 set: Unset optional value from type SMPTE2086
10-27 10:06:59.308  5277  5311 E IMGMapper: set:488 set: Unset optional value from type CTA861_3
10-27 10:06:59.322  5277  5311 E IMGMapper: set:488 set: Unset optional value from type SMPTE2086
10-27 10:06:59.323  5277  5311 E IMGMapper: set:488 set: Unset optional value from type CTA861_3
10-27 10:06:59.340  5277  5311 E IMGMapper: set:488 set: Unset optional value from type SMPTE2086
10-27 10:06:59.340  5277  5311 E IMGMapper: set:488 set: Unset optional value from type CTA861_3
10-27 10:06:59.360  5277  5311 E IMGMapper: set:488 set: Unset optional value from type SMPTE2086
10-27 10:06:59.360  5277  5311 E IMGMapper: set:488 set: Unset optional value from type CTA861_3
10-27 10:06:59.374  5277  5311 E IMGMapper: set:488 set: Unset optional value from type SMPTE2086
10-27 10:06:59.374  5277  5311 E IMGMapper: set:488 set: Unset optional value from type CTA861_3
10-27 10:06:59.391  5277  5311 E IMGMapper: set:488 set: Unset optional value from type SMPTE2086
10-27 10:06:59.392  5277  5311 E IMGMapper: set:488 set: Unset optional value from type CTA861_3
10-27 10:06:59.409  5277  5311 E IMGMapper: set:488 set: Unset optional value from type SMPTE2086
10-27 10:06:59.409  5277  5311 E IMGMapper: set:488 set: Unset optional value from type CTA861_3
10-27 10:06:59.423  5277  5311 E IMGMapper: set:488 set: Unset optional value from type SMPTE2086
10-27 10:06:59.424  5277  5311 E IMGMapper: set:488 set: Unset optional value from type CTA861_3
10-27 10:06:59.440  5277  5311 E IMGMapper: set:488 set: Unset optional value from type SMPTE2086
10-27 10:06:59.441  5277  5311 E IMGMapper: set:488 set: Unset optional value from type CTA861_3
10-27 10:06:59.457  5277  5311 E IMGMapper: set:488 set: Unset optional value from type SMPTE2086
10-27 10:06:59.457  5277  5311 E IMGMapper: set:488 set: Unset optional value from type CTA861_3
10-27 10:06:59.474  5277  5311 E IMGMapper: set:488 set: Unset optional value from type SMPTE2086
10-27 10:06:59.474  5277  5311 E IMGMapper: set:488 set: Unset optional value from type CTA861_3
10-27 10:06:59.491  5277  5311 E IMGMapper: set:488 set: Unset optional value from type SMPTE2086
10-27 10:06:59.491  5277  5311 E IMGMapper: set:488 set: Unset optional value from type CTA861_3
10-27 10:06:59.507  5277  5311 E IMGMapper: set:488 set: Unset optional value from type SMPTE2086
10-27 10:06:59.508  5277  5311 E IMGMapper: set:488 set: Unset optional value from type CTA861_3
10-27 10:06:59.523  5277  5311 E IMGMapper: set:488 set: Unset optional value from type SMPTE2086
10-27 10:06:59.524  5277  5311 E IMGMapper: set:488 set: Unset optional value from type CTA861_3
10-27 10:06:59.532  1187  1486 D SensorService: [SO] -0.426 1.610 9.874
10-27 10:06:59.541  5277  5311 E IMGMapper: set:488 set: Unset optional value from type SMPTE2086
10-27 10:06:59.541  5277  5311 E IMGMapper: set:488 set: Unset optional value from type CTA861_3
10-27 10:06:59.558  5277  5311 E IMGMapper: set:488 set: Unset optional value from type SMPTE2086
10-27 10:06:59.558  5277  5311 E IMGMapper: set:488 set: Unset optional value from type CTA861_3
10-27 10:06:59.575  5277  5311 E IMGMapper: set:488 set: Unset optional value from type SMPTE2086
10-27 10:06:59.575  5277  5311 E IMGMapper: set:488 set: Unset optional value from type CTA861_3
10-27 10:06:59.586  5277  5311 E IMGMapper: set:488 set: Unset optional value from type SMPTE2086
10-27 10:06:59.586  5277  5311 E IMGMapper: set:488 set: Unset optional value from type CTA861_3
10-27 10:06:59.601  5277  5311 E IMGMapper: set:488 set: Unset optional value from type SMPTE2086
10-27 10:06:59.601  5277  5311 E IMGMapper: set:488 set: Unset optional value from type CTA861_3
10-27 10:06:59.812  1187  1514 D ActivityTaskManager: SafeActivityOptions created, mOriginalCallingPid=1187, mOriginalCallingUid=1000, options=ActivityOptions(118221067), mPackageName=null, mAnimationType=-1, mStartX=0, mStartY=0, mWidth=0, mHeight=0, caller=com.android.server.am.PendingIntentRecord.sendInner:500 com.android.server.am.ActivityManagerService.sendIntentSender:6624 com.android.server.am.ActivityManagerService.sendIntentSender:6613 android.app.PendingIntent.sendAndReturnResult:1029 android.app.PendingIntent.send:1000 com.android.server.alarm.AlarmManagerService$DeliveryTracker.deliverLocked:6377 com.android.server.alarm.AlarmManagerService.deliverAlarmsLocked:5218 
10-27 10:06:59.814  1187  1514 D ActivityManager: Received BROADCAST intent 0x9f7e49f Key{broadcastIntent pkg=com.facebook.services intent=act=com.facebook.rti.fbns.intent.ACTION_ALARM.FBNS_SCHEDULED_REDELIVERY pkg=com.facebook.services flags=0x4000000 u=0} requestCode=0 sent=0 from uid 1000
10-27 10:06:59.826  1187  3231 D AlarmManager: BT=2, AT=3, WE=299998, WL=224998, uid=10108, pkg=com.facebook.services, action=com.facebook.rti.fbns.intent.ACTION_ALARM.FBNS_SCHEDULED_REDELIVERY
10-27 10:06:59.852 12607 12607 I Finsky  : [2] SCH: job service start with id 9808.
10-27 10:06:59.864 12607  5638 I Finsky  : [623] SCH: Satisfied jobs for 9808 are: 12-1
10-27 10:06:59.865 12607  5637 I Finsky  : [622] SCH: Job 12-1 starting
10-27 10:06:59.866 12607 12607 I Finsky  : [2] WM::SCH: Logging work start for 12-1
10-27 10:06:59.866 12607 12607 I Finsky  : [2] [ContentSync] job started
10-27 10:07:00.004  1737  2248 D QSClockBellTower: onReceive(android.intent.action.TIME_TICK) mTimeZoneString:null
10-27 10:07:00.006  1737  1737 D KeyguardUpdateMonitor: received broadcast android.intent.action.TIME_TICK
10-27 10:07:00.017  1737  1737 D QSClockBellTower: He is ready to ring the bell. (((QSClockBellSound - TimeText:10:07, TimeContentDescription:10:07, DateText:seg., 27 de outubro, ShortDateText:seg., 27 de out., Demo:false, QuickStar-Second(false|12:34:56))))
10-27 10:07:00.018  1737  1737 D QSClockIndicatorView: Home Indicator status_bar_clock 10:07 notifyTimeChanged(QSClockBellSound - TimeText:10:07, TimeContentDescription:10:07, DateText:seg., 27 de outubro, ShortDateText:seg., 27 de out., Demo:false, QuickStar-Second(false|12:34:56)) ClockVisibleByPolicy:true, ClockVisibleByUser:true, visible?true, parent:android.widget.LinearLayout{a46c4dc V.E...... ......ID 0,0-66,37 #7f0b04f0 app:id/left_clock_container}
10-27 10:07:00.019  1737  1737 D QSClockBellTower: Everyone heard the bell. run(currentTime:1761570420015,   getTime():Mon Oct 27 10:07:00 GMT-03:00 2025,   getTimeZone():libcore.util.ZoneInfo[mDstSavings=0,mUseDst=false,mDelegate=[id="America/Sao_Paulo",mRawOffset=-10800000,mEarliestRawOffset=-11188000,transitions=92]])
10-27 10:07:00.021  1737  1737 D KeyguardUpdateMonitor: handleTimeUpdate
10-27 10:07:00.021  1737  1737 D FaceWidgetPagesController: onTimeChanged()
10-27 10:07:00.029  1737  1737 I FaceWidgetPositionAlgorithm: getClockContainerHeight() supplier = 193, bottom margin = 0, real height = 238
10-27 10:07:00.029  1737  1737 I FaceWidgetPositionAlgorithm: getClockContainerHeight() supplier = 193, bottom margin = 45, real height = 238
10-27 10:07:00.029  1737  1737 I FaceWidgetPositionAlgorithm: getMediaContainerHeight() height = 326 container Visibility = 8, isValid = false, mIsDozing = false, fraction = 1.0, source = 0, target = 0
10-27 10:07:00.029  1737  1737 I FaceWidgetPositionAlgorithm: getMediaContainerHeight() supplier = 0
10-27 10:07:00.030  1737  1737 V QsExpandAnimator: setQsExpansionPosition 0.0
10-27 10:07:00.036  1737  1737 V QsExpandAnimator: updateAnimators
10-27 10:07:00.036  1737  1737 V QsExpandAnimator: clearAnimationState 
10-27 10:07:00.036  1737  1737 V QsExpandAnimator: updateViews
10-27 10:07:00.039  1737  1737 V QsExpandAnimator: updateTileAnimator
10-27 10:07:00.040  1737  1796 E IMGMapper: set:488 set: Unset optional value from type SMPTE2086
10-27 10:07:00.040  1737  1796 E IMGMapper: set:488 set: Unset optional value from type CTA861_3
10-27 10:07:00.042  1737  1737 V QsExpandAnimator: updateHeaderAnimator
10-27 10:07:00.042  1737  1737 V QsExpandAnimator: updateBarAnimator
10-27 10:07:00.043  1737  1737 V QsExpandAnimator: setQsExpansionPosition 0.0
10-27 10:07:00.043  1737  1737 V QsExpandAnimator: onAnimationAtStart
10-27 10:07:00.057  1039  1039 I BufferQueueProducer: [StatusBar$_1737#534029](this:0xb400007a1f0ca838,id:-1,api:0,p:-1,c:1039) queueBuffer: fps=0.07 dur=13614.40 max=13614.40 min=13614.40
10-27 10:07:00.059   991   991 I hwcomposer: [HWCDisplay] [Display_0 (type:1)] fps:28.659140,dur:1081.68,max:433.22,min:15.77  
10-27 10:07:00.393 12607 12607 W Finsky  : [2] STU: Failed to get storage stats for package 'com.google.mainline.primary.libs' (1601: Error getting stats: android.content.pm.PackageManager.NameNotFoundException)
10-27 10:07:00.429  1711  1793 I System.out: Broadcasting: Intent { act=com.sec.intent.action.CP_CHAN_INFO flg=0x1000000 (has extras) }
10-27 10:07:00.430  1187  2902 W ActivityManager: Broadcast Intent { act=com.sec.intent.action.CP_CHAN_INFO flg=0x1000010 (has extras) } not ordered but result callback requested!
10-27 10:07:00.432  1711  2117 I System.out: Broadcast completed: result=0
10-27 10:07:00.441  1737  1942 D MobileStatusTracker(0/2): onSignalStrengthsChanged level=4, vendorLevel=3
10-27 10:07:00.443  1737  1942 D MobileSignalController(0/2): notifyListener: enabled=true, connected=true, dataConnected=true, networkType=LTE (4G), emergencyOnly=false, roaming=false, isDefault=true, dataActivity=, level=3, ca=false, mmWave=false, disabledDataIcon=false, simCard=ETC
10-27 10:07:00.444  1737  1942 D NetworkController: SignalStrength from intent slotId=0
10-27 10:07:00.734   543   543 D io_stats: !@ 179,0 r 546914663 6614211298 w 94984750 1004295988 d 1259525 33790584 f 0 0 iot 273774288 0 th 0 0 0 pt 0 inp 0 0 2922322.366
10-27 10:07:00.924 12607 12607 W Finsky  : [2] STU: Failed to get storage stats for package 'com.google.android.appsearch' (1601: Error getting stats: android.content.pm.PackageManager.NameNotFoundException)
10-27 10:07:00.945 12607 12607 W Finsky  : [2] STU: Failed to get storage stats for package 'com.google.android.art' (1601: Error getting stats: android.content.pm.PackageManager.NameNotFoundException)
10-27 10:07:01.130 12607 12607 W Finsky  : [2] STU: Failed to get storage stats for package 'com.google.android.mediaprovider' (1601: Error getting stats: android.content.pm.PackageManager.NameNotFoundException)
10-27 10:07:01.199 12607 12607 W Finsky  : [2] STU: Failed to get storage stats for package 'com.google.android.resolv' (1601: Error getting stats: android.content.pm.PackageManager.NameNotFoundException)
10-27 10:07:01.234 12607 12607 W Finsky  : [2] STU: Failed to get storage stats for package 'com.google.android.media' (1601: Error getting stats: android.content.pm.PackageManager.NameNotFoundException)
10-27 10:07:01.391 12607 12607 W Finsky  : [2] STU: Failed to get storage stats for package 'com.google.android.sdkext' (1601: Error getting stats: android.content.pm.PackageManager.NameNotFoundException)
10-27 10:07:01.406 12607 12607 W Finsky  : [2] STU: Failed to get storage stats for package 'com.google.android.adservices' (1601: Error getting stats: android.content.pm.PackageManager.NameNotFoundException)
10-27 10:07:01.407 12607 12607 W Finsky  : [2] STU: Failed to get storage stats for package 'com.google.android.tethering' (1601: Error getting stats: android.content.pm.PackageManager.NameNotFoundException)
10-27 10:07:01.576 12607 12607 W Finsky  : [2] STU: Failed to get storage stats for package 'com.google.android.cellbroadcast' (1601: Error getting stats: android.content.pm.PackageManager.NameNotFoundException)
10-27 10:07:01.790  1205  1205 I thermal_repeater: socket -1
10-27 10:07:01.941 12607 12607 W Finsky  : [2] STU: Failed to get storage stats for package 'com.google.android.tzdata4' (1601: Error getting stats: android.content.pm.PackageManager.NameNotFoundException)
10-27 10:07:01.943  1187  1369 D PowerManagerService: UserActivityStateListenerState: 0
10-27 10:07:01.987 12607 12607 W Finsky  : [2] STU: Failed to get storage stats for package 'com.google.android.permission' (1601: Error getting stats: android.content.pm.PackageManager.NameNotFoundException)
10-27 10:07:02.389 12607 12607 W Finsky  : [2] STU: Failed to get storage stats for package 'com.google.android.media.swcodec' (1601: Error getting stats: android.content.pm.PackageManager.NameNotFoundException)
10-27 10:07:02.643 12607 12607 W Finsky  : [2] STU: Failed to get storage stats for package 'com.google.android.adbd' (1601: Error getting stats: android.content.pm.PackageManager.NameNotFoundException)
10-27 10:07:02.680 12607 12607 W Finsky  : [2] STU: Failed to get storage stats for package 'com.google.android.conscrypt' (1601: Error getting stats: android.content.pm.PackageManager.NameNotFoundException)
10-27 10:07:02.765 12607 12607 W Finsky  : [2] STU: Failed to get storage stats for package 'com.google.android.neuralnetworks' (1601: Error getting stats: android.content.pm.PackageManager.NameNotFoundException)
10-27 10:07:02.812 12607 12607 W Finsky  : [2] STU: Failed to get storage stats for package 'com.google.android.ipsec' (1601: Error getting stats: android.content.pm.PackageManager.NameNotFoundException)
10-27 10:07:02.867 12607 12607 W Finsky  : [2] STU: Failed to get storage stats for package 'com.google.android.ondevicepersonalization' (1601: Error getting stats: android.content.pm.PackageManager.NameNotFoundException)
10-27 10:07:02.980 12607 12607 W Finsky  : [2] STU: Failed to get storage stats for package 'com.google.android.extservices' (1601: Error getting stats: android.content.pm.PackageManager.NameNotFoundException)
10-27 10:07:03.059 12607 12607 W Finsky  : [2] STU: Failed to get storage stats for package 'com.google.android.os.statsd' (1601: Error getting stats: android.content.pm.PackageManager.NameNotFoundException)
10-27 10:07:03.165 12607 12607 W Finsky  : [2] STU: Failed to get storage stats for package 'com.google.android.scheduling' (1601: Error getting stats: android.content.pm.PackageManager.NameNotFoundException)
10-27 10:07:03.195 12607 12607 I Finsky  : [2] App states replicator found 55 unowned apps
10-27 10:07:03.265 27776 27790 E AuthPII : [RequestTokenManager] getToken() -> BAD_AUTHENTICATION. App: com.android.vending, Service: oauth2:https://www.googleapis.com/auth/googleplay
10-27 10:07:03.265 27776 27790 E AuthPII : bbix: Long live credential not available.
10-27 10:07:03.265 27776 27790 E AuthPII : 	at aeek.a(:com.google.android.gms@254131029@25.41.31 (190400-820295184):1289)
10-27 10:07:03.265 27776 27790 E AuthPII : 	at aeeq.b(:com.google.android.gms@254131029@25.41.31 (190400-820295184):28)
10-27 10:07:03.265 27776 27790 E AuthPII : 	at aeeo.a(:com.google.android.gms@254131029@25.41.31 (190400-820295184):537)
10-27 10:07:03.265 27776 27790 E AuthPII : 	at aeen.b(:com.google.android.gms@254131029@25.41.31 (190400-820295184):141)
10-27 10:07:03.265 27776 27790 E AuthPII : 	at xoe.d(:com.google.android.gms@254131029@25.41.31 (190400-820295184):620)
10-27 10:07:03.265 27776 27790 E AuthPII : 	at adxu.getAuthToken(:com.google.android.gms@254131029@25.41.31 (190400-820295184):412)
10-27 10:07:03.265 27776 27790 E AuthPII : 	at android.accounts.AbstractAccountAuthenticator$Transport.getAuthToken(AbstractAccountAuthenticator.java:246)
10-27 10:07:03.265 27776 27790 E AuthPII : 	at android.accounts.IAccountAuthenticator$Stub.onTransact(IAccountAuthenticator.java:242)
10-27 10:07:03.265 27776 27790 E AuthPII : 	at android.os.Binder.transact(Binder.java:1200)
10-27 10:07:03.265 27776 27790 E AuthPII : 	at cdzj.onTransact(:com.google.android.gms@254131029@25.41.31 (190400-820295184):10)
10-27 10:07:03.265 27776 27790 E AuthPII : 	at android.os.Binder.transact(Binder.java:1200)
10-27 10:07:03.265 27776 27790 E AuthPII : 	at btib.onTransact(:com.google.android.gms@254131029@25.41.31 (190400-820295184):161)
10-27 10:07:03.265 27776 27790 E AuthPII : 	at android.os.Binder.execTransactInternal(Binder.java:1321)
10-27 10:07:03.265 27776 27790 E AuthPII : 	at android.os.Binder.execTransact(Binder.java:1280)
10-27 10:07:03.266 27776 27790 E AuthPII : Message is Long live credential not available.
10-27 10:07:03.266 27776 27790 E AuthPII : bbix: Long live credential not available.
10-27 10:07:03.266 27776 27790 E AuthPII : 	at aeek.a(:com.google.android.gms@254131029@25.41.31 (190400-820295184):1289)
10-27 10:07:03.266 27776 27790 E AuthPII : 	at aeeq.b(:com.google.android.gms@254131029@25.41.31 (190400-820295184):28)
10-27 10:07:03.266 27776 27790 E AuthPII : 	at aeeo.a(:com.google.android.gms@254131029@25.41.31 (190400-820295184):537)
10-27 10:07:03.266 27776 27790 E AuthPII : 	at aeen.b(:com.google.android.gms@254131029@25.41.31 (190400-820295184):141)
10-27 10:07:03.266 27776 27790 E AuthPII : 	at xoe.d(:com.google.android.gms@254131029@25.41.31 (190400-820295184):620)
10-27 10:07:03.266 27776 27790 E AuthPII : 	at adxu.getAuthToken(:com.google.android.gms@254131029@25.41.31 (190400-820295184):412)
10-27 10:07:03.266 27776 27790 E AuthPII : 	at android.accounts.AbstractAccountAuthenticator$Transport.getAuthToken(AbstractAccountAuthenticator.java:246)
10-27 10:07:03.266 27776 27790 E AuthPII : 	at android.accounts.IAccountAuthenticator$Stub.onTransact(IAccountAuthenticator.java:242)
10-27 10:07:03.266 27776 27790 E AuthPII : 	at android.os.Binder.transact(Binder.java:1200)
10-27 10:07:03.266 27776 27790 E AuthPII : 	at cdzj.onTransact(:com.google.android.gms@254131029@25.41.31 (190400-820295184):10)
10-27 10:07:03.266 27776 27790 E AuthPII : 	at android.os.Binder.transact(Binder.java:1200)
10-27 10:07:03.266 27776 27790 E AuthPII : 	at btib.onTransact(:com.google.android.gms@254131029@25.41.31 (190400-820295184):161)
10-27 10:07:03.266 27776 27790 E AuthPII : 	at android.os.Binder.execTransactInternal(Binder.java:1321)
10-27 10:07:03.266 27776 27790 E AuthPII : 	at android.os.Binder.execTransact(Binder.java:1280)
10-27 10:07:03.294 27776 27790 I Auth    : (REDACTED) [GetToken] GetToken failed for app=%s with userRecoverable status: %s 
10-27 10:07:03.295 27776 27790 W Auth    : [ChimeraGetToken] exception while trying to fetch auth tokens for app=com.google.android.gms, scope=oauth2:https://www.googleapis.com/auth/googleplay [CONTEXT service_id=153 ]
10-27 10:07:03.295 27776 27790 W Auth    : aeej: GetToken failed with status code and recovery intent: BadAuthentication
10-27 10:07:03.295 27776 27790 W Auth    : 	at aeen.b(:com.google.android.gms@254131029@25.41.31 (190400-820295184):338)
10-27 10:07:03.295 27776 27790 W Auth    : 	at xoe.d(:com.google.android.gms@254131029@25.41.31 (190400-820295184):620)
10-27 10:07:03.295 27776 27790 W Auth    : 	at adxu.getAuthToken(:com.google.android.gms@254131029@25.41.31 (190400-820295184):412)
10-27 10:07:03.295 27776 27790 W Auth    : 	at android.accounts.AbstractAccountAuthenticator$Transport.getAuthToken(AbstractAccountAuthenticator.java:246)
10-27 10:07:03.295 27776 27790 W Auth    : 	at android.accounts.IAccountAuthenticator$Stub.onTransact(IAccountAuthenticator.java:242)
10-27 10:07:03.295 27776 27790 W Auth    : 	at android.os.Binder.transact(Binder.java:1200)
10-27 10:07:03.295 27776 27790 W Auth    : 	at cdzj.onTransact(:com.google.android.gms@254131029@25.41.31 (190400-820295184):10)
10-27 10:07:03.295 27776 27790 W Auth    : 	at android.os.Binder.transact(Binder.java:1200)
10-27 10:07:03.295 27776 27790 W Auth    : 	at btib.onTransact(:com.google.android.gms@254131029@25.41.31 (190400-820295184):161)
10-27 10:07:03.295 27776 27790 W Auth    : 	at android.os.Binder.execTransactInternal(Binder.java:1321)
10-27 10:07:03.295 27776 27790 W Auth    : 	at android.os.Binder.execTransact(Binder.java:1280)
10-27 10:07:03.295 27776 27790 W GLSActivity: [GmsAccountAuthenticatorImpl] error status while fetching token:BadAuthentication
10-27 10:07:03.306 12607  5639 I Finsky  : [624] Completed 1 account content syncs with 0 successful.
10-27 10:07:03.307 12607 12607 I Finsky  : [2] [ContentSync] Installation state replication failed, parameters=Id: 12-1, CT: 1761570349907, Constraints: [{ L: 40000, D: 86400000, C: CHARGING_NONE, I: IDLE_NONE, N: NET_ANY, B: BATTERY_ANY }].
10-27 10:07:03.308 12607 12607 I Finsky  : [2] [ContentSync] Scheduling replication attempt 2.
10-27 10:07:03.308 12607 12607 I Finsky  : [2] SCH: jobFinished: 12-1. TimeElapsed: 3442ms.
10-27 10:07:03.308 12607 12607 I Finsky  : [2] WM::SCH: Logging work end for 12-1
10-27 10:07:03.314 12607  5638 I Finsky  : [623] SCH: Attempting to reschedule job: Id: 12-1, Constraints: [{ L: 60000, D: 86400000, C: CHARGING_NONE, I: IDLE_NONE, N: NET_ANY, B: BATTERY_ANY }]
10-27 10:07:03.319  1187  1588 D ConnectivityService: reportNetworkActive, notify 1 listeners
10-27 10:07:03.324 12607 12645 I Finsky  : [347] SCH: Scheduling phonesky job Id: 1-1337, CT: 1761569183462, Constraints: [{ L: 43180119, D: 86380119, C: CHARGING_NONE, I: IDLE_NONE, N: NET_ANY, B: BATTERY_ANY }]
10-27 10:07:03.324 12607 12645 I Finsky  : [347] SCH: Scheduling phonesky job Id: 34-3144, CT: 1761526015654, Constraints: [{ L: 604800000, D: 2491388403, C: CHARGING_NONE, I: IDLE_NONE, N: NET_ANY, B: BATTERY_ANY }]
10-27 10:07:03.324 12607 12645 I Finsky  : [347] SCH: Scheduling phonesky job Id: 34-3148, CT: 1761526015655, Constraints: [{ L: 604800000, D: 2570602215, C: CHARGING_NONE, I: IDLE_NONE, N: NET_ANY, B: BATTERY_ANY }]
10-27 10:07:03.325 12607 12645 I Finsky  : [347] SCH: Scheduling phonesky job Id: 34-3151, CT: 1761526015656, Constraints: [{ L: 57800618, D: 1353800618, C: CHARGING_NONE, I: IDLE_NONE, N: NET_ANY, B: BATTERY_ANY }]
10-27 10:07:03.330 12607 12655 I Finsky  : [353] SCH: Scheduling 1 system job(s)
10-27 10:07:03.331 12607 12655 I Finsky  : [353] SCH: Scheduling system job Id: 9813, L: 13392944, D: 85140251, C: false, I: false, N: 1
10-27 10:07:03.339 12607  5637 I Finsky  : [622] SCH: job service finished with id 9808.
10-27 10:07:03.388  1711  1793 I System.out: Broadcasting: Intent { act=com.sec.intent.action.SARDEVICE_CP flg=0x10000000 (has extras) }
10-27 10:07:03.395  1187  1527 D MotionRecognitionService: [SAR]  onReceive : SARDEVICE_CP, callAction = on deviceID = 2 slot = 0 device_ext = 0
10-27 10:07:03.396  1187  1527 I MotionRecognitionService: [SAR] id : 1 cmd :on
10-27 10:07:03.399  1711  2580 I System.out: Broadcast completed: result=0
10-27 10:07:03.586  1737  1942 D MobileStatusTracker(0/2): onDataActivity: direction=2
10-27 10:07:03.591  1737  1942 D MobileSignalController(0/2): notifyListener: enabled=true, connected=true, dataConnected=true, networkType=LTE (4G), emergencyOnly=false, roaming=false, isDefault=true, dataActivity=out, level=3, ca=false, mmWave=false, disabledDataIcon=false, simCard=ETC
10-27 10:07:03.614  1737  1796 E IMGMapper: set:488 set: Unset optional value from type SMPTE2086
10-27 10:07:03.614  1737  1796 E IMGMapper: set:488 set: Unset optional value from type CTA861_3
10-27 10:07:03.619  1039  1039 I BufferQueueProducer: [StatusBar$_1737#534029](this:0xb400007a1f0ca838,id:-1,api:0,p:-1,c:1039) queueBuffer: fps=0.28 dur=3562.08 max=3562.08 min=3562.08
10-27 10:07:03.622   991   991 I hwcomposer: [HWCDisplay] [Display_0 (type:1)] fps:0.280633,dur:3563.37,max:3563.37,min:3563.37  
10-27 10:07:03.653 12607 12638 I Finsky  : [340] WM::SCH: Logging work initialize for 12-1
10-27 10:07:03.660 12607 12645 I Finsky  : [347] SCH: Scheduling phonesky job Id: 12-1, CT: 1761570423314, Constraints: [{ L: 60000, D: 86400000, C: CHARGING_NONE, I: IDLE_NONE, N: NET_ANY, B: BATTERY_ANY }]
10-27 10:07:03.667 12607 12648 I Finsky  : [350] SCH: Scheduling 1 system job(s)
10-27 10:07:03.668 12607 12648 I Finsky  : [350] SCH: Scheduling system job Id: 9813, L: 59647, D: 85139914, C: false, I: false, N: 1
10-27 10:07:04.034  1737  1942 D MobileStatusTracker(0/2): onSignalStrengthsChanged level=4, vendorLevel=3
10-27 10:07:04.038  1737  1942 D MobileSignalController(0/2): notifyListener: enabled=true, connected=true, dataConnected=true, networkType=LTE (4G), emergencyOnly=false, roaming=false, isDefault=true, dataActivity=out, level=3, ca=false, mmWave=false, disabledDataIcon=false, simCard=ETC
10-27 10:07:04.038  1737  1942 D NetworkController: SignalStrength from intent slotId=0
