--------- beginning of main
10-27 10:06:36.109  1737  1942 D MobileStatusTracker(0/2): onSignalStrengthsChanged level=4, vendorLevel=3
10-27 10:06:36.112  1737  1942 D MobileSignalController(0/2): notifyListener: enabled=true, connected=true, dataConnected=true, networkType=LTE (4G), emergencyOnly=false, roaming=false, isDefault=true, dataActivity=inout, level=3, ca=false, mmWave=false, disabledDataIcon=false, simCard=ETC
10-27 10:06:36.112  1737  1942 D NetworkController: SignalStrength from intent slotId=0
10-27 10:06:36.277  1737  1942 D MobileStatusTracker(0/2): onDataActivity: direction=0
10-27 10:06:36.280  1737  1942 D MobileSignalController(0/2): notifyListener: enabled=true, connected=true, dataConnected=true, networkType=LTE (4G), emergencyOnly=false, roaming=false, isDefault=true, dataActivity=, level=3, ca=false, mmWave=false, disabledDataIcon=false, simCard=ETC
10-27 10:06:36.296  1737  1796 E IMGMapper: set:488 set: Unset optional value from type SMPTE2086
10-27 10:06:36.296  1737  1796 E IMGMapper: set:488 set: Unset optional value from type CTA861_3
10-27 10:06:36.305  1039  1039 I BufferQueueProducer: [StatusBar$_1737#534029](this:0xb400007a1f0ca838,id:-1,api:0,p:-1,c:1039) queueBuffer: fps=0.11 dur=9087.56 max=9087.56 min=9087.56
10-27 10:06:36.309   991   991 I hwcomposer: [HWCDisplay] [Display_0 (type:1)] fps:8.921685,dur:3026.33,max:2563.87,min:12.40  
10-27 10:06:36.384  1187  3231 D InputDispatcher: Inject motion (5522/2000): action=0x0, time=2922298013000000, f=0x0, d=0 dsdx=1.000000 dtdx=0.000000
10-27 10:06:36.384  1187  1534 I InputDispatcher: Delivering touch to (1737): action: 0x4, f=0x0, d=0, 'd92b8ad', t=1 
10-27 10:06:36.385  1187  1534 I InputDispatcher: Delivering touch to (5277): action: 0x0, f=0x0, d=0, 'd5cb743', t=1 
--------- beginning of system
10-27 10:06:36.385  1187  1534 D PowerManagerService: [api] userActivityFromNative :  (event: 2 flags: 0 displayId: 0) eventTime = 2922298013
10-27 10:06:36.385  1187  1303 I GestureDetector: obtain mCurrentDownEvent. id: -136680394 caller: com.android.server.wm.SystemGesturesPointerEventListener.onPointerEvent:203 com.android.server.wm.PointerEventDispatcher.onInputEvent:53 android.view.InputEventReceiver.dispatchInputEvent:285 
10-27 10:06:36.386  1187  1303 I GestureDetector: obtain mCurrentDownEvent. id: -136680394 caller: com.android.server.wm.SystemPerformancePointerEventListener.onPointerEvent:89 com.android.server.wm.PointerEventDispatcher.onInputEvent:53 android.view.InputEventReceiver.dispatchInputEvent:285 
10-27 10:06:36.387  5277  5277 I ViewRootImpl@aff6157[MainActivity]: ViewPostIme pointer 0
10-27 10:06:36.389  1187  1534 D PowerManagerService: UserActivityStateListenerState: 1
10-27 10:06:36.510  1187  3231 D InputDispatcher: Inject motion (5522/2000): action=0x1, time=2922298013000000, f=0x0, d=0 dsdx=1.000000 dtdx=0.000000
10-27 10:06:36.511  1187  1534 I InputDispatcher: Delivering touch to (5277): action: 0x1, f=0x0, d=0, 'd5cb743', t=1 
10-27 10:06:36.512  5277  5277 I ViewRootImpl@aff6157[MainActivity]: ViewPostIme pointer 1
10-27 10:06:36.513  1187  1303 I GestureDetector: obtain mCurrentMotionEventRaw. action: 1 id: -612550240
10-27 10:06:36.513  1187  1303 I GestureDetector: obtain mCurrentMotionEventRaw. action: 1 id: -612550240
10-27 10:06:36.541  5277  5311 E IMGMapper: set:488 set: Unset optional value from type SMPTE2086
10-27 10:06:36.542  5277  5311 E IMGMapper: set:488 set: Unset optional value from type CTA861_3
10-27 10:06:36.555  1039  1039 I BufferQueueProducer: [com.cinemamovel/com.cinemamovel.MainActivity$_5277#594348](this:0xb400007a26325838,id:-1,api:0,p:-1,c:1039) queueBuffer: fps=8.24 dur=3278.18 max=2812.32 min=16.28
10-27 10:06:36.565  5277  5311 E IMGMapper: set:488 set: Unset optional value from type SMPTE2086
10-27 10:06:36.565  5277  5311 E IMGMapper: set:488 set: Unset optional value from type CTA861_3
10-27 10:06:36.580  5277  5311 E IMGMapper: set:488 set: Unset optional value from type SMPTE2086
10-27 10:06:36.580  5277  5311 E IMGMapper: set:488 set: Unset optional value from type CTA861_3
10-27 10:06:36.596  5277  5311 E IMGMapper: set:488 set: Unset optional value from type SMPTE2086
10-27 10:06:36.596  5277  5311 E IMGMapper: set:488 set: Unset optional value from type CTA861_3
10-27 10:06:36.619  5277  5311 E IMGMapper: set:488 set: Unset optional value from type SMPTE2086
10-27 10:06:36.619  5277  5311 E IMGMapper: set:488 set: Unset optional value from type CTA861_3
10-27 10:06:36.627  5277  5277 W [RNScreens]: backTitleVisible prop is not available on Android
10-27 10:06:36.627  5277  5277 W [RNScreens]: backTitleFontFamily prop is not available on Android
10-27 10:06:36.627  5277  5277 W [RNScreens]: disableBackButtonMenu prop is not available on Android
10-27 10:06:36.627  5277  5277 W [RNScreens]: largeTitleFontFamily prop is not available on Android
10-27 10:06:36.627  5277  5277 W [RNScreens]: largeTitleFontWeight prop is not available on Android
10-27 10:06:36.627  5277  5277 W [RNScreens]: largeTitleHideShadow prop is not available on Android
10-27 10:06:36.638  5277  5311 E IMGMapper: set:488 set: Unset optional value from type SMPTE2086
10-27 10:06:36.638  5277  5311 E IMGMapper: set:488 set: Unset optional value from type CTA861_3
10-27 10:06:36.648   886  5530 E Netd    : To use pid in case SEC_PRODUCT_FEATURE_KNOX_SUPPORT_NPA is false, to remove build error (unused variable)
10-27 10:06:36.650  5277  5311 E IMGMapper: set:488 set: Unset optional value from type SMPTE2086
10-27 10:06:36.650  5277  5311 E IMGMapper: set:488 set: Unset optional value from type CTA861_3
10-27 10:06:36.651   886  5531 E Netd    : To use pid in case SEC_PRODUCT_FEATURE_KNOX_SUPPORT_NPA is false, to remove build error (unused variable)
10-27 10:06:36.679  5277  5311 E IMGMapper: set:488 set: Unset optional value from type SMPTE2086
10-27 10:06:36.679  5277  5311 E IMGMapper: set:488 set: Unset optional value from type CTA861_3
10-27 10:06:36.686  1187  1303 I GestureDetector: handleMessage TAP
10-27 10:06:36.686  1187  1187 I GestureDetector: handleMessage TAP
10-27 10:06:36.709  5277  5311 E IMGMapper: set:488 set: Unset optional value from type SMPTE2086
10-27 10:06:36.709  5277  5311 E IMGMapper: set:488 set: Unset optional value from type CTA861_3
10-27 10:06:36.717   543   543 D io_stats: !@ 179,0 r 546914440 6614207738 w 94984650 1004294624 d 1259525 33790584 f 0 0 iot 273773868 0 th 0 0 0 pt 0 inp 0 0 2922298.349
10-27 10:06:36.726  5277  5311 E IMGMapper: set:488 set: Unset optional value from type SMPTE2086
10-27 10:06:36.726  5277  5311 E IMGMapper: set:488 set: Unset optional value from type CTA861_3
10-27 10:06:36.741  5277  5311 E IMGMapper: set:488 set: Unset optional value from type SMPTE2086
10-27 10:06:36.741  5277  5311 E IMGMapper: set:488 set: Unset optional value from type CTA861_3
10-27 10:06:36.748  1187  1677 D NetdEventListenerService: DNS Requested by : 132, 10976
10-27 10:06:36.749  5277  5430 D TrafficStats: tagSocket(142) with statsTag=0xffffffff, statsUid=-1
10-27 10:06:36.766  5277  5311 E IMGMapper: set:488 set: Unset optional value from type SMPTE2086
10-27 10:06:36.767  5277  5311 E IMGMapper: set:488 set: Unset optional value from type CTA861_3
10-27 10:06:36.776  5277  5311 E IMGMapper: set:488 set: Unset optional value from type SMPTE2086
10-27 10:06:36.776  5277  5311 E IMGMapper: set:488 set: Unset optional value from type CTA861_3
10-27 10:06:36.786  1205  1205 I thermal_repeater: socket -1
10-27 10:06:36.799  5277  5311 E IMGMapper: set:488 set: Unset optional value from type SMPTE2086
10-27 10:06:36.799  5277  5311 E IMGMapper: set:488 set: Unset optional value from type CTA861_3
10-27 10:06:36.813  5277  5311 E IMGMapper: set:488 set: Unset optional value from type SMPTE2086
10-27 10:06:36.813  5277  5311 E IMGMapper: set:488 set: Unset optional value from type CTA861_3
10-27 10:06:36.823  5277  5311 E IMGMapper: set:488 set: Unset optional value from type SMPTE2086
10-27 10:06:36.823  5277  5311 E IMGMapper: set:488 set: Unset optional value from type CTA861_3
10-27 10:06:36.854  5277  5311 E IMGMapper: set:488 set: Unset optional value from type SMPTE2086
10-27 10:06:36.855  5277  5311 E IMGMapper: set:488 set: Unset optional value from type CTA861_3
10-27 10:06:36.866  5277  5311 E IMGMapper: set:488 set: Unset optional value from type SMPTE2086
10-27 10:06:36.866  5277  5311 E IMGMapper: set:488 set: Unset optional value from type CTA861_3
10-27 10:06:36.880  5277  5311 E IMGMapper: set:488 set: Unset optional value from type SMPTE2086
10-27 10:06:36.880  5277  5311 E IMGMapper: set:488 set: Unset optional value from type CTA861_3
10-27 10:06:36.900  5277  5311 E IMGMapper: set:488 set: Unset optional value from type SMPTE2086
10-27 10:06:36.900  5277  5311 E IMGMapper: set:488 set: Unset optional value from type CTA861_3
10-27 10:06:36.916  5277  5311 E IMGMapper: set:488 set: Unset optional value from type SMPTE2086
10-27 10:06:36.916  5277  5311 E IMGMapper: set:488 set: Unset optional value from type CTA861_3
10-27 10:06:36.934  5277  5311 E IMGMapper: set:488 set: Unset optional value from type SMPTE2086
10-27 10:06:36.934  5277  5311 E IMGMapper: set:488 set: Unset optional value from type CTA861_3
10-27 10:06:36.954  5277  5311 E IMGMapper: set:488 set: Unset optional value from type SMPTE2086
10-27 10:06:36.954  5277  5311 E IMGMapper: set:488 set: Unset optional value from type CTA861_3
10-27 10:06:36.969  5277  5311 E IMGMapper: set:488 set: Unset optional value from type SMPTE2086
10-27 10:06:36.969  5277  5311 E IMGMapper: set:488 set: Unset optional value from type CTA861_3
10-27 10:06:36.975  5277  5295 W com.cinemamovel: Cleared Reference was only reachable from finalizer (only reported once)
10-27 10:06:36.986  5277  5311 E IMGMapper: set:488 set: Unset optional value from type SMPTE2086
10-27 10:06:36.986  5277  5311 E IMGMapper: set:488 set: Unset optional value from type CTA861_3
10-27 10:06:36.987  5277  5295 I com.cinemamovel: Background concurrent copying GC freed 206491(8810KB) AllocSpace objects, 18(548KB) LOS objects, 49% free, 7765KB/15MB, paused 661us,123us total 122.637ms
10-27 10:06:37.002  5277  5311 E IMGMapper: set:488 set: Unset optional value from type SMPTE2086
10-27 10:06:37.002  5277  5311 E IMGMapper: set:488 set: Unset optional value from type CTA861_3
10-27 10:06:37.016  5277  5311 E IMGMapper: set:488 set: Unset optional value from type SMPTE2086
10-27 10:06:37.016  5277  5311 E IMGMapper: set:488 set: Unset optional value from type CTA861_3
10-27 10:06:37.032  5277  5311 E IMGMapper: set:488 set: Unset optional value from type SMPTE2086
10-27 10:06:37.032  5277  5311 E IMGMapper: set:488 set: Unset optional value from type CTA861_3
10-27 10:06:37.050  5277  5311 E IMGMapper: set:488 set: Unset optional value from type SMPTE2086
10-27 10:06:37.050  5277  5311 E IMGMapper: set:488 set: Unset optional value from type CTA861_3
10-27 10:06:37.066  5277  5311 E IMGMapper: set:488 set: Unset optional value from type SMPTE2086
10-27 10:06:37.066  5277  5311 E IMGMapper: set:488 set: Unset optional value from type CTA861_3
10-27 10:06:37.083  5277  5311 E IMGMapper: set:488 set: Unset optional value from type SMPTE2086
10-27 10:06:37.084  5277  5311 E IMGMapper: set:488 set: Unset optional value from type CTA861_3
10-27 10:06:37.102  5277  5311 E IMGMapper: set:488 set: Unset optional value from type SMPTE2086
10-27 10:06:37.102  5277  5311 E IMGMapper: set:488 set: Unset optional value from type CTA861_3
10-27 10:06:37.111  1737  1942 D MobileStatusTracker(0/2): onSignalStrengthsChanged level=4, vendorLevel=3
10-27 10:06:37.118  5277  5311 E IMGMapper: set:488 set: Unset optional value from type SMPTE2086
10-27 10:06:37.118  5277  5311 E IMGMapper: set:488 set: Unset optional value from type CTA861_3
10-27 10:06:37.120  1737  1942 D MobileSignalController(0/2): notifyListener: enabled=true, connected=true, dataConnected=true, networkType=LTE (4G), emergencyOnly=false, roaming=false, isDefault=true, dataActivity=, level=3, ca=false, mmWave=false, disabledDataIcon=false, simCard=ETC
10-27 10:06:37.120  1737  1942 D NetworkController: SignalStrength from intent slotId=0
10-27 10:06:37.133  5277  5311 E IMGMapper: set:488 set: Unset optional value from type SMPTE2086
10-27 10:06:37.133  5277  5311 E IMGMapper: set:488 set: Unset optional value from type CTA861_3
10-27 10:06:37.150  5277  5311 E IMGMapper: set:488 set: Unset optional value from type SMPTE2086
10-27 10:06:37.150  5277  5311 E IMGMapper: set:488 set: Unset optional value from type CTA861_3
10-27 10:06:37.167  5277  5311 E IMGMapper: set:488 set: Unset optional value from type SMPTE2086
10-27 10:06:37.167  5277  5311 E IMGMapper: set:488 set: Unset optional value from type CTA861_3
10-27 10:06:37.183  5277  5311 E IMGMapper: set:488 set: Unset optional value from type SMPTE2086
10-27 10:06:37.183  5277  5311 E IMGMapper: set:488 set: Unset optional value from type CTA861_3
10-27 10:06:37.196  5277  5311 E IMGMapper: set:488 set: Unset optional value from type SMPTE2086
10-27 10:06:37.196  5277  5311 E IMGMapper: set:488 set: Unset optional value from type CTA861_3
10-27 10:06:37.214  5277  5311 E IMGMapper: set:488 set: Unset optional value from type SMPTE2086
10-27 10:06:37.214  5277  5311 E IMGMapper: set:488 set: Unset optional value from type CTA861_3
10-27 10:06:37.232  5277  5311 E IMGMapper: set:488 set: Unset optional value from type SMPTE2086
10-27 10:06:37.232  5277  5311 E IMGMapper: set:488 set: Unset optional value from type CTA861_3
10-27 10:06:37.246  5277  5311 E IMGMapper: set:488 set: Unset optional value from type SMPTE2086
10-27 10:06:37.246  5277  5311 E IMGMapper: set:488 set: Unset optional value from type CTA861_3
10-27 10:06:37.262  5277  5311 E IMGMapper: set:488 set: Unset optional value from type SMPTE2086
10-27 10:06:37.262  5277  5311 E IMGMapper: set:488 set: Unset optional value from type CTA861_3
10-27 10:06:37.280  5277  5311 E IMGMapper: set:488 set: Unset optional value from type SMPTE2086
10-27 10:06:37.280  5277  5311 E IMGMapper: set:488 set: Unset optional value from type CTA861_3
10-27 10:06:37.293  1737  1942 D MobileStatusTracker(0/2): onDataActivity: direction=3
10-27 10:06:37.295  1737  1942 D MobileSignalController(0/2): notifyListener: enabled=true, connected=true, dataConnected=true, networkType=LTE (4G), emergencyOnly=false, roaming=false, isDefault=true, dataActivity=inout, level=3, ca=false, mmWave=false, disabledDataIcon=false, simCard=ETC
10-27 10:06:37.298  5277  5311 E IMGMapper: set:488 set: Unset optional value from type SMPTE2086
10-27 10:06:37.298  5277  5311 E IMGMapper: set:488 set: Unset optional value from type CTA861_3
10-27 10:06:37.314  1737  1796 E IMGMapper: set:488 set: Unset optional value from type SMPTE2086
10-27 10:06:37.314  1737  1796 E IMGMapper: set:488 set: Unset optional value from type CTA861_3
10-27 10:06:37.314  5277  5311 E IMGMapper: set:488 set: Unset optional value from type SMPTE2086
10-27 10:06:37.314  5277  5311 E IMGMapper: set:488 set: Unset optional value from type CTA861_3
10-27 10:06:37.321  1039  1039 I BufferQueueProducer: [StatusBar$_1737#534029](this:0xb400007a1f0ca838,id:-1,api:0,p:-1,c:1039) queueBuffer: fps=0.98 dur=1015.66 max=1015.66 min=1015.66
10-27 10:06:37.322   991   991 I hwcomposer: [HWCDisplay] [Display_0 (type:1)] fps:43.404850,dur:1013.71,max:248.36,min:15.59  
10-27 10:06:37.330  5277  5311 E IMGMapper: set:488 set: Unset optional value from type SMPTE2086
10-27 10:06:37.330  5277  5311 E IMGMapper: set:488 set: Unset optional value from type CTA861_3
10-27 10:06:37.346  5277  5311 E IMGMapper: set:488 set: Unset optional value from type SMPTE2086
10-27 10:06:37.346  5277  5311 E IMGMapper: set:488 set: Unset optional value from type CTA861_3
10-27 10:06:37.361  5277  5311 E IMGMapper: set:488 set: Unset optional value from type SMPTE2086
10-27 10:06:37.361  5277  5311 E IMGMapper: set:488 set: Unset optional value from type CTA861_3
10-27 10:06:37.380  5277  5311 E IMGMapper: set:488 set: Unset optional value from type SMPTE2086
10-27 10:06:37.380  5277  5311 E IMGMapper: set:488 set: Unset optional value from type CTA861_3
10-27 10:06:37.395  5277  5311 E IMGMapper: set:488 set: Unset optional value from type SMPTE2086
10-27 10:06:37.395  5277  5311 E IMGMapper: set:488 set: Unset optional value from type CTA861_3
10-27 10:06:37.406  5277  5277 D ScrollView: initGoToTop
10-27 10:06:37.412  5277  5311 E IMGMapper: set:488 set: Unset optional value from type SMPTE2086
10-27 10:06:37.412  5277  5311 E IMGMapper: set:488 set: Unset optional value from type CTA861_3
10-27 10:06:37.429  5277  5311 E IMGMapper: set:488 set: Unset optional value from type SMPTE2086
10-27 10:06:37.429  5277  5311 E IMGMapper: set:488 set: Unset optional value from type CTA861_3
10-27 10:06:37.446  5277  5311 E IMGMapper: set:488 set: Unset optional value from type SMPTE2086
10-27 10:06:37.446  5277  5311 E IMGMapper: set:488 set: Unset optional value from type CTA861_3
10-27 10:06:37.477  5277  5311 E IMGMapper: set:488 set: Unset optional value from type SMPTE2086
10-27 10:06:37.477  5277  5311 E IMGMapper: set:488 set: Unset optional value from type CTA861_3
10-27 10:06:37.995   570  5214 I keystore2: keystore2::watchdog: Watchdog thread idle -> terminating. Have a great day.
10-27 10:06:38.150  1737  1942 D MobileStatusTracker(0/2): onSignalStrengthsChanged level=4, vendorLevel=3
10-27 10:06:38.154  1737  1942 D MobileSignalController(0/2): notifyListener: enabled=true, connected=true, dataConnected=true, networkType=LTE (4G), emergencyOnly=false, roaming=false, isDefault=true, dataActivity=inout, level=3, ca=false, mmWave=false, disabledDataIcon=false, simCard=ETC
10-27 10:06:38.154  1737  1942 D NetworkController: SignalStrength from intent slotId=0
10-27 10:06:38.310  1737  1942 D MobileStatusTracker(0/2): onDataActivity: direction=1
10-27 10:06:38.314  1737  1942 D MobileSignalController(0/2): notifyListener: enabled=true, connected=true, dataConnected=true, networkType=LTE (4G), emergencyOnly=false, roaming=false, isDefault=true, dataActivity=in, level=3, ca=false, mmWave=false, disabledDataIcon=false, simCard=ETC
10-27 10:06:38.328  1737  1796 E IMGMapper: set:488 set: Unset optional value from type SMPTE2086
10-27 10:06:38.328  1737  1796 E IMGMapper: set:488 set: Unset optional value from type CTA861_3
10-27 10:06:38.336  1039  1039 I BufferQueueProducer: [StatusBar$_1737#534029](this:0xb400007a1f0ca838,id:-1,api:0,p:-1,c:1039) queueBuffer: fps=0.98 dur=1015.43 max=1015.43 min=1015.43
10-27 10:06:38.339   991   991 I hwcomposer: [HWCDisplay] [Display_0 (type:1)] fps:10.819161,dur:1016.71,max:850.38,min:16.00  
10-27 10:06:38.643  1187  3231 D InputDispatcher: Inject motion (5542/2000): action=0x0, time=2922300274000000, f=0x0, d=0 dsdx=1.000000 dtdx=0.000000
10-27 10:06:38.644  1187  1534 I InputDispatcher: Delivering touch to (1737): action: 0x4, f=0x0, d=0, 'd92b8ad', t=1 
10-27 10:06:38.644  1187  1534 I InputDispatcher: Delivering touch to (5277): action: 0x0, f=0x0, d=0, 'd5cb743', t=1 
10-27 10:06:38.644  1187  1534 D PowerManagerService: [api] userActivityFromNative :  (event: 2 flags: 0 displayId: 0) eventTime = 2922300274
10-27 10:06:38.645  1187  1303 I GestureDetector: obtain mCurrentDownEvent. id: -1006700513 caller: com.android.server.wm.SystemGesturesPointerEventListener.onPointerEvent:203 com.android.server.wm.PointerEventDispatcher.onInputEvent:53 android.view.InputEventReceiver.dispatchInputEvent:285 
10-27 10:06:38.646  1187  1303 I GestureDetector: obtain mCurrentDownEvent. id: -1006700513 caller: com.android.server.wm.SystemPerformancePointerEventListener.onPointerEvent:89 com.android.server.wm.PointerEventDispatcher.onInputEvent:53 android.view.InputEventReceiver.dispatchInputEvent:285 
10-27 10:06:38.646  5277  5277 I ViewRootImpl@aff6157[MainActivity]: ViewPostIme pointer 0
10-27 10:06:38.659  1187  3231 D InputDispatcher: Inject motion (5542/2000): action=0x1, time=2922300274000000, f=0x0, d=0 dsdx=1.000000 dtdx=0.000000
10-27 10:06:38.659  1187  1534 I InputDispatcher: Delivering touch to (5277): action: 0x1, f=0x0, d=0, 'd5cb743', t=1 
10-27 10:06:38.660  5277  5277 I ViewRootImpl@aff6157[MainActivity]: ViewPostIme pointer 1
10-27 10:06:38.660  1187  1303 I GestureDetector: obtain mCurrentMotionEventRaw. action: 1 id: -519667740
10-27 10:06:38.661  1187  1303 I GestureDetector: obtain mCurrentMotionEventRaw. action: 1 id: -519667740
10-27 10:06:38.722   543   543 D io_stats: !@ 179,0 r 546914447 6614208022 w 94984650 1004294624 d 1259525 33790584 f 0 0 iot 273773880 0 th 0 0 0 pt 0 inp 0 0 2922300.354
10-27 10:06:38.945  1187  1303 I GestureDetector: handleMessage TAP
10-27 10:06:38.946  1187  1187 I GestureDetector: handleMessage TAP
10-27 10:06:39.151  1737  1942 D MobileStatusTracker(1/1): onSignalStrengthsChanged level=4, vendorLevel=4
10-27 10:06:39.154  1737  1942 D MobileSignalController(1/1): notifyListener: enabled=true, connected=true, dataConnected=false, networkType=UMTS (3G), emergencyOnly=true, roaming=false, isDefault=true, dataActivity=, level=4, ca=false, mmWave=false, disabledDataIcon=false, simCard=ETC
10-27 10:06:39.155  1737  1942 D NetworkController: SignalStrength from intent slotId=1
10-27 10:06:39.189  1737  1942 D MobileStatusTracker(0/2): onSignalStrengthsChanged level=4, vendorLevel=3
10-27 10:06:39.193  1737  1942 D MobileSignalController(0/2): notifyListener: enabled=true, connected=true, dataConnected=true, networkType=LTE (4G), emergencyOnly=false, roaming=false, isDefault=true, dataActivity=in, level=3, ca=false, mmWave=false, disabledDataIcon=false, simCard=ETC
10-27 10:06:39.193  1737  1942 D NetworkController: SignalStrength from intent slotId=0
10-27 10:06:39.329  1737  1942 D MobileStatusTracker(0/2): onDataActivity: direction=0
10-27 10:06:39.332  1737  1942 D MobileSignalController(0/2): notifyListener: enabled=true, connected=true, dataConnected=true, networkType=LTE (4G), emergencyOnly=false, roaming=false, isDefault=true, dataActivity=, level=3, ca=false, mmWave=false, disabledDataIcon=false, simCard=ETC
10-27 10:06:39.341  1737  1796 E IMGMapper: set:488 set: Unset optional value from type SMPTE2086
10-27 10:06:39.342  1737  1796 E IMGMapper: set:488 set: Unset optional value from type CTA861_3
10-27 10:06:39.351  1039  1039 I BufferQueueProducer: [StatusBar$_1737#534029](this:0xb400007a1f0ca838,id:-1,api:0,p:-1,c:1039) queueBuffer: fps=0.99 dur=1015.09 max=1015.09 min=1015.09
10-27 10:06:39.354   991   991 I hwcomposer: [HWCDisplay] [Display_0 (type:1)] fps:0.984946,dur:1015.28,max:1015.28,min:1015.28  
10-27 10:06:39.583  1014  1037 D power@timer: [mtkPowerTimer] visRead:0
10-27 10:06:39.739  1187  2902 D InputDispatcher: Inject motion (5550/2000): action=0x0, time=2922301371000000, f=0x0, d=0 dsdx=1.000000 dtdx=0.000000
10-27 10:06:39.740  1187  1534 I InputDispatcher: Delivering touch to (1737): action: 0x4, f=0x0, d=0, 'd92b8ad', t=1 
10-27 10:06:39.740  1187  1534 I InputDispatcher: Delivering touch to (5277): action: 0x0, f=0x0, d=0, 'd5cb743', t=1 
10-27 10:06:39.740  1187  1534 D PowerManagerService: [api] userActivityFromNative :  (event: 2 flags: 0 displayId: 0) eventTime = 2922301371
10-27 10:06:39.741  5277  5277 I ViewRootImpl@aff6157[MainActivity]: ViewPostIme pointer 0
10-27 10:06:39.741  1187  1303 I GestureDetector: obtain mCurrentDownEvent. id: -497935425 caller: com.android.server.wm.SystemGesturesPointerEventListener.onPointerEvent:203 com.android.server.wm.PointerEventDispatcher.onInputEvent:53 android.view.InputEventReceiver.dispatchInputEvent:285 
10-27 10:06:39.742  1187  1303 I GestureDetector: obtain mCurrentDownEvent. id: -497935425 caller: com.android.server.wm.SystemPerformancePointerEventListener.onPointerEvent:89 com.android.server.wm.PointerEventDispatcher.onInputEvent:53 android.view.InputEventReceiver.dispatchInputEvent:285 
10-27 10:06:39.754  1187  2902 D InputDispatcher: Inject motion (5550/2000): action=0x1, time=2922301371000000, f=0x0, d=0 dsdx=1.000000 dtdx=0.000000
10-27 10:06:39.755  1187  1534 I InputDispatcher: Delivering touch to (5277): action: 0x1, f=0x0, d=0, 'd5cb743', t=1 
10-27 10:06:39.755  5277  5277 I ViewRootImpl@aff6157[MainActivity]: ViewPostIme pointer 1
10-27 10:06:39.755  1187  1303 I GestureDetector: obtain mCurrentMotionEventRaw. action: 1 id: -37768737
10-27 10:06:39.756  1187  1303 I GestureDetector: obtain mCurrentMotionEventRaw. action: 1 id: -37768737
10-27 10:06:40.042  1187  1303 I GestureDetector: handleMessage TAP
10-27 10:06:40.042  1187  1187 I GestureDetector: handleMessage TAP
10-27 10:06:40.191  1737  1942 D MobileStatusTracker(0/2): onSignalStrengthsChanged level=4, vendorLevel=3
10-27 10:06:40.195  1737  1942 D MobileSignalController(0/2): notifyListener: enabled=true, connected=true, dataConnected=true, networkType=LTE (4G), emergencyOnly=false, roaming=false, isDefault=true, dataActivity=, level=3, ca=false, mmWave=false, disabledDataIcon=false, simCard=ETC
10-27 10:06:40.195  1737  1942 D NetworkController: SignalStrength from intent slotId=0
10-27 10:06:40.723  1187  1486 D SensorService: [SO] -0.426 1.610 9.855
10-27 10:06:40.724   543   543 D io_stats: !@ 179,0 r 546914449 6614208030 w 94984713 1004295648 d 1259525 33790584 f 0 0 iot 273774092 0 th 0 0 0 pt 0 inp 0 0 2922302.356
10-27 10:06:40.832  1187  3231 D InputDispatcher: Inject motion (5555/2000): action=0x0, time=2922302464000000, f=0x0, d=0 dsdx=1.000000 dtdx=0.000000
10-27 10:06:40.832  1187  1534 I InputDispatcher: Delivering touch to (1737): action: 0x4, f=0x0, d=0, 'd92b8ad', t=1 
10-27 10:06:40.833  1187  1534 I InputDispatcher: Delivering touch to (5277): action: 0x0, f=0x0, d=0, 'd5cb743', t=1 
10-27 10:06:40.833  1187  1534 D PowerManagerService: [api] userActivityFromNative :  (event: 2 flags: 0 displayId: 0) eventTime = 2922302464
10-27 10:06:40.834  1187  1303 I GestureDetector: obtain mCurrentDownEvent. id: -299918828 caller: com.android.server.wm.SystemGesturesPointerEventListener.onPointerEvent:203 com.android.server.wm.PointerEventDispatcher.onInputEvent:53 android.view.InputEventReceiver.dispatchInputEvent:285 
10-27 10:06:40.834  1187  1303 I GestureDetector: obtain mCurrentDownEvent. id: -299918828 caller: com.android.server.wm.SystemPerformancePointerEventListener.onPointerEvent:89 com.android.server.wm.PointerEventDispatcher.onInputEvent:53 android.view.InputEventReceiver.dispatchInputEvent:285 
10-27 10:06:40.834  5277  5277 I ViewRootImpl@aff6157[MainActivity]: ViewPostIme pointer 0
10-27 10:06:40.845  1187  3231 D InputDispatcher: Inject motion (5555/2000): action=0x1, time=2922302464000000, f=0x0, d=0 dsdx=1.000000 dtdx=0.000000
10-27 10:06:40.845  1187  1534 I InputDispatcher: Delivering touch to (5277): action: 0x1, f=0x0, d=0, 'd5cb743', t=1 
10-27 10:06:40.846  5277  5277 I ViewRootImpl@aff6157[MainActivity]: ViewPostIme pointer 1
10-27 10:06:40.846  1187  1303 I GestureDetector: obtain mCurrentMotionEventRaw. action: 1 id: -435241575
10-27 10:06:40.847  1187  1303 I GestureDetector: obtain mCurrentMotionEventRaw. action: 1 id: -435241575
10-27 10:06:40.979  1737  1737 D SecPowerUI.Notification: showChargingNotice oldChargingType : 11 / currentChargingType : 11, oldChargingTime : 0 / mChargingTime : 0
10-27 10:06:40.979  1737  1737 D SecPowerUI.Notification: There is no change about charging status, so return!
10-27 10:06:41.133  1187  1187 I GestureDetector: handleMessage TAP
10-27 10:06:41.134  1187  1303 I GestureDetector: handleMessage TAP
10-27 10:06:41.190  1737  1942 D MobileStatusTracker(0/2): onSignalStrengthsChanged level=4, vendorLevel=3
10-27 10:06:41.195  1737  1942 D MobileSignalController(0/2): notifyListener: enabled=true, connected=true, dataConnected=true, networkType=LTE (4G), emergencyOnly=false, roaming=false, isDefault=true, dataActivity=, level=3, ca=false, mmWave=false, disabledDataIcon=false, simCard=ETC
10-27 10:06:41.196  1737  1942 D NetworkController: SignalStrength from intent slotId=0
10-27 10:06:41.591  1045  1056 D ccci_mdinit: (1):monitor_time_update_thread round:167816 ########
10-27 10:06:41.787  1205  1205 I thermal_repeater: socket -1
10-27 10:06:41.926  1187  3231 D InputDispatcher: Inject key (5560/2000): action=0, f=0x0, d=-1, time=2922303558000000
10-27 10:06:41.926  1187  3231 D WindowManager: interceptKeyTq keycode=4 interactive=true keyguardActive=false policyFlags=2b000000
10-27 10:06:41.928  1187  3231 D PhoneWindowManagerExt: interceptKeyTq code=4 down=true repeatCount=0 displayId=-1 interactive=true
10-27 10:06:41.929  1187  3231 D WindowManager: interceptKeyTq interceptKeyResult=4
10-27 10:06:41.929  1187  1534 D PowerManagerService: [api] userActivityFromNative :  (event: 1 flags: 0 displayId: 0) eventTime = 2922303558
10-27 10:06:41.931  1187  1534 D WindowManager: interceptKeyTi keyCode=4 down=true repeatCount=0 keyguardOn=false canceled=false
10-27 10:06:41.931  1187  1534 D PhoneWindowManagerExt: interceptKeyTi code=4 down=true repeatCount=0 displayId=-1 interactive=true
10-27 10:06:41.932  1187  1534 I InputDispatcher: Delivering key to (5277): B action: 0x0 (0), f=0x0, m=0x0, d=0, 'd5cb743'
10-27 10:06:41.935 23351 23351 I HBD     : b skip onKeyDown as physical keyboard not connected 
10-27 10:06:41.937 23351 23351 I HBD     : HoneyBoardService onKeyDown r:48d7f53e consumed:false 1 
10-27 10:06:41.946  5277  5277 I ViewRootImpl@aff6157[MainActivity]: ViewPostIme key 0
10-27 10:06:41.947  5277  5277 D Activity: onKeyDown(KEYCODE_BACK)
10-27 10:06:41.948  1187  3231 D InputDispatcher: Inject key (5560/2000): action=1, f=0x0, d=-1, time=2922303558000000
10-27 10:06:41.948  1187  3231 D WindowManager: interceptKeyTq keycode=4 interactive=true keyguardActive=false policyFlags=2b000000
10-27 10:06:41.948  1187  3231 D PhoneWindowManagerExt: interceptKeyTq code=4 down=false repeatCount=0 displayId=-1 interactive=true
10-27 10:06:41.948  1187  3231 D WindowManager: interceptKeyTq interceptKeyResult=4
10-27 10:06:41.949  1187  1534 D WindowManager: interceptKeyTi keyCode=4 down=false repeatCount=0 keyguardOn=false canceled=false
10-27 10:06:41.949  1187  1534 D PhoneWindowManagerExt: interceptKeyTi code=4 down=false repeatCount=0 displayId=-1 interactive=true
10-27 10:06:41.950  1187  1534 I InputDispatcher: Delivering key to (5277): B action: 0x1 (0), f=0x0, m=0x0, d=0, 'd5cb743'
10-27 10:06:41.953 23351 23351 I HBD     : HoneyBoardService onKeyUp r:c580d4a4 consumed:false 0 
10-27 10:06:41.954  5277  5277 I ViewRootImpl@aff6157[MainActivity]: ViewPostIme key 1
10-27 10:06:41.955  5277  5277 D Activity: onKeyUp(KEYCODE_BACK) isTracking()=true isCanceled()=false hasCallback=false
10-27 10:06:42.034  5277  5337 I ReactNativeJS: ---METRICS_JSON_START---
10-27 10:06:42.034  5277  5337 I ReactNativeJS: {
10-27 10:06:42.034  5277  5337 I ReactNativeJS:   "screenRenders": 2,
10-27 10:06:42.034  5277  5337 I ReactNativeJS:   "componentRenders": {
10-27 10:06:42.034  5277  5337 I ReactNativeJS:     "Loader": 1,
10-27 10:06:42.034  5277  5337 I ReactNativeJS:     "Poster": 1,
10-27 10:06:42.034  5277  5337 I ReactNativeJS:     "InfoBlock": 1,
10-27 10:06:42.034  5277  5337 I ReactNativeJS:     "Genres": 1,
10-27 10:06:42.034  5277  5337 I ReactNativeJS:     "Overview": 1,
10-27 10:06:42.034  5277  5337 I ReactNativeJS:     "ActionButtons": 1
10-27 10:06:42.034  5277  5337 I ReactNativeJS:   },
10-27 10:06:42.034  5277  5337 I ReactNativeJS:   "interactionEvents": [
10-27 10:06:42.034  5277  5337 I ReactNativeJS:     {
10-27 10:06:42.034  5277  5337 I ReactNativeJS:       "action": "component_unmounted_logged",
10-27 10:06:42.034  5277  5337 I ReactNativeJS:       "timestamp": 1761570402033
10-27 10:06:42.034  5277  5337 I ReactNativeJS:     }
10-27 10:06:42.034  5277  5337 I ReactNativeJS:   ]
10-27 10:06:42.034  5277  5337 I ReactNativeJS: }
10-27 10:06:42.034  5277  5337 I ReactNativeJS: ---METRICS_JSON_END---
10-27 10:06:42.087  5277  5311 E IMGMapper: set:488 set: Unset optional value from type SMPTE2086
10-27 10:06:42.087  5277  5311 E IMGMapper: set:488 set: Unset optional value from type CTA861_3
10-27 10:06:42.099  1039  1039 I BufferQueueProducer: [com.cinemamovel/com.cinemamovel.MainActivity$_5277#594348](this:0xb400007a26325838,id:-1,api:0,p:-1,c:1039) queueBuffer: fps=9.74 dur=5544.49 max=4612.02 min=15.43
10-27 10:06:42.101   991   991 I hwcomposer: [HWCDisplay] [Display_0 (type:1)] fps:0.364033,dur:2747.00,max:2747.00,min:2747.00  
10-27 10:06:42.166  5277  5311 E IMGMapper: set:488 set: Unset optional value from type SMPTE2086
10-27 10:06:42.166  5277  5311 E IMGMapper: set:488 set: Unset optional value from type CTA861_3
10-27 10:06:42.176  5277  5311 E IMGMapper: set:488 set: Unset optional value from type SMPTE2086
10-27 10:06:42.176  5277  5311 E IMGMapper: set:488 set: Unset optional value from type CTA861_3
10-27 10:06:42.184  1737  1942 D MobileStatusTracker(0/2): onSignalStrengthsChanged level=4, vendorLevel=3
10-27 10:06:42.186  1737  1942 D MobileSignalController(0/2): notifyListener: enabled=true, connected=true, dataConnected=true, networkType=LTE (4G), emergencyOnly=false, roaming=false, isDefault=true, dataActivity=, level=3, ca=false, mmWave=false, disabledDataIcon=false, simCard=ETC
10-27 10:06:42.188  1737  1942 D NetworkController: SignalStrength from intent slotId=0
10-27 10:06:42.198  5277  5311 E IMGMapper: set:488 set: Unset optional value from type SMPTE2086
10-27 10:06:42.198  5277  5311 E IMGMapper: set:488 set: Unset optional value from type CTA861_3
10-27 10:06:42.213  5277  5311 E IMGMapper: set:488 set: Unset optional value from type SMPTE2086
10-27 10:06:42.213  5277  5311 E IMGMapper: set:488 set: Unset optional value from type CTA861_3
10-27 10:06:42.228  5277  5311 E IMGMapper: set:488 set: Unset optional value from type SMPTE2086
10-27 10:06:42.228  5277  5311 E IMGMapper: set:488 set: Unset optional value from type CTA861_3
10-27 10:06:42.244  5277  5311 E IMGMapper: set:488 set: Unset optional value from type SMPTE2086
10-27 10:06:42.244  5277  5311 E IMGMapper: set:488 set: Unset optional value from type CTA861_3
10-27 10:06:42.258  5277  5311 E IMGMapper: set:488 set: Unset optional value from type SMPTE2086
10-27 10:06:42.258  5277  5311 E IMGMapper: set:488 set: Unset optional value from type CTA861_3
10-27 10:06:42.275  5277  5311 E IMGMapper: set:488 set: Unset optional value from type SMPTE2086
10-27 10:06:42.275  5277  5311 E IMGMapper: set:488 set: Unset optional value from type CTA861_3
10-27 10:06:42.291  5277  5311 E IMGMapper: set:488 set: Unset optional value from type SMPTE2086
10-27 10:06:42.291  5277  5311 E IMGMapper: set:488 set: Unset optional value from type CTA861_3
10-27 10:06:42.308  5277  5311 E IMGMapper: set:488 set: Unset optional value from type SMPTE2086
10-27 10:06:42.308  5277  5311 E IMGMapper: set:488 set: Unset optional value from type CTA861_3
10-27 10:06:42.325  5277  5311 E IMGMapper: set:488 set: Unset optional value from type SMPTE2086
10-27 10:06:42.325  5277  5311 E IMGMapper: set:488 set: Unset optional value from type CTA861_3
10-27 10:06:42.342  5277  5311 E IMGMapper: set:488 set: Unset optional value from type SMPTE2086
10-27 10:06:42.342  5277  5311 E IMGMapper: set:488 set: Unset optional value from type CTA861_3
10-27 10:06:42.359  5277  5311 E IMGMapper: set:488 set: Unset optional value from type SMPTE2086
10-27 10:06:42.359  5277  5311 E IMGMapper: set:488 set: Unset optional value from type CTA861_3
10-27 10:06:42.375  5277  5311 E IMGMapper: set:488 set: Unset optional value from type SMPTE2086
10-27 10:06:42.375  5277  5311 E IMGMapper: set:488 set: Unset optional value from type CTA861_3
10-27 10:06:42.392  5277  5311 E IMGMapper: set:488 set: Unset optional value from type SMPTE2086
10-27 10:06:42.392  5277  5311 E IMGMapper: set:488 set: Unset optional value from type CTA861_3
10-27 10:06:42.409  5277  5311 E IMGMapper: set:488 set: Unset optional value from type SMPTE2086
10-27 10:06:42.410  5277  5311 E IMGMapper: set:488 set: Unset optional value from type CTA861_3
10-27 10:06:42.426  5277  5311 E IMGMapper: set:488 set: Unset optional value from type SMPTE2086
10-27 10:06:42.426  5277  5311 E IMGMapper: set:488 set: Unset optional value from type CTA861_3
10-27 10:06:42.443  5277  5311 E IMGMapper: set:488 set: Unset optional value from type SMPTE2086
10-27 10:06:42.443  5277  5311 E IMGMapper: set:488 set: Unset optional value from type CTA861_3
10-27 10:06:42.460  5277  5311 E IMGMapper: set:488 set: Unset optional value from type SMPTE2086
10-27 10:06:42.460  5277  5311 E IMGMapper: set:488 set: Unset optional value from type CTA861_3
10-27 10:06:42.475  5277  5311 E IMGMapper: set:488 set: Unset optional value from type SMPTE2086
10-27 10:06:42.475  5277  5311 E IMGMapper: set:488 set: Unset optional value from type CTA861_3
10-27 10:06:42.492  5277  5311 E IMGMapper: set:488 set: Unset optional value from type SMPTE2086
10-27 10:06:42.492  5277  5311 E IMGMapper: set:488 set: Unset optional value from type CTA861_3
10-27 10:06:42.509  5277  5311 E IMGMapper: set:488 set: Unset optional value from type SMPTE2086
10-27 10:06:42.509  5277  5311 E IMGMapper: set:488 set: Unset optional value from type CTA861_3
10-27 10:06:42.525  5277  5311 E IMGMapper: set:488 set: Unset optional value from type SMPTE2086
10-27 10:06:42.525  5277  5311 E IMGMapper: set:488 set: Unset optional value from type CTA861_3
10-27 10:06:42.543  5277  5311 E IMGMapper: set:488 set: Unset optional value from type SMPTE2086
10-27 10:06:42.543  5277  5311 E IMGMapper: set:488 set: Unset optional value from type CTA861_3
10-27 10:06:42.558  5277  5311 E IMGMapper: set:488 set: Unset optional value from type SMPTE2086
10-27 10:06:42.558  5277  5311 E IMGMapper: set:488 set: Unset optional value from type CTA861_3
10-27 10:06:42.575  5277  5311 E IMGMapper: set:488 set: Unset optional value from type SMPTE2086
10-27 10:06:42.576  5277  5311 E IMGMapper: set:488 set: Unset optional value from type CTA861_3
10-27 10:06:42.592  5277  5311 E IMGMapper: set:488 set: Unset optional value from type SMPTE2086
10-27 10:06:42.592  5277  5311 E IMGMapper: set:488 set: Unset optional value from type CTA861_3
10-27 10:06:42.608  5277  5311 E IMGMapper: set:488 set: Unset optional value from type SMPTE2086
10-27 10:06:42.608  5277  5311 E IMGMapper: set:488 set: Unset optional value from type CTA861_3
10-27 10:06:42.626  5277  5311 E IMGMapper: set:488 set: Unset optional value from type SMPTE2086
10-27 10:06:42.627  5277  5311 E IMGMapper: set:488 set: Unset optional value from type CTA861_3
10-27 10:06:42.641  5277  5311 E IMGMapper: set:488 set: Unset optional value from type SMPTE2086
10-27 10:06:42.642  5277  5311 E IMGMapper: set:488 set: Unset optional value from type CTA861_3
10-27 10:06:42.658  5277  5311 E IMGMapper: set:488 set: Unset optional value from type SMPTE2086
10-27 10:06:42.658  5277  5311 E IMGMapper: set:488 set: Unset optional value from type CTA861_3
10-27 10:06:42.725   543   543 D io_stats: !@ 179,0 r 546914473 6614208414 w 94984715 1004295652 d 1259525 33790584 f 0 0 iot 273774100 0 th 0 0 0 pt 0 inp 0 0 2922304.357
10-27 10:06:43.190  1737  1942 D MobileStatusTracker(0/2): onSignalStrengthsChanged level=4, vendorLevel=3
10-27 10:06:43.196  1737  1942 D MobileSignalController(0/2): notifyListener: enabled=true, connected=true, dataConnected=true, networkType=LTE (4G), emergencyOnly=false, roaming=false, isDefault=true, dataActivity=, level=3, ca=false, mmWave=false, disabledDataIcon=false, simCard=ETC
10-27 10:06:43.197  1737  1942 D NetworkController: SignalStrength from intent slotId=0
10-27 10:06:43.835  1187  1369 D PowerManagerService: UserActivityStateListenerState: 0
10-27 10:06:43.884  1711  1793 I System.out: Broadcasting: Intent { act=com.sec.intent.action.SARDEVICE_CP flg=0x10000000 (has extras) }
10-27 10:06:43.890  1187  1527 D MotionRecognitionService: [SAR]  onReceive : SARDEVICE_CP, callAction = off deviceID = 2 slot = 0 device_ext = 0
10-27 10:06:43.890  1187  1527 I MotionRecognitionService: [SAR] id : 1 cmd :off
10-27 10:06:43.892  1711  2580 I System.out: Broadcast completed: result=0
10-27 10:06:44.035  1187  3231 D InputDispatcher: Inject motion (5579/2000): action=0x0, time=2922305667000000, f=0x0, d=0 dsdx=1.000000 dtdx=0.000000
10-27 10:06:44.036  1187  1534 I InputDispatcher: Delivering touch to (1737): action: 0x4, f=0x0, d=0, 'd92b8ad', t=1 
10-27 10:06:44.036  1187  1534 I InputDispatcher: Delivering touch to (5277): action: 0x0, f=0x0, d=0, 'd5cb743', t=1 
10-27 10:06:44.037  1187  1534 D PowerManagerService: [api] userActivityFromNative :  (event: 2 flags: 0 displayId: 0) eventTime = 2922305667
10-27 10:06:44.037  5277  5277 I ViewRootImpl@aff6157[MainActivity]: ViewPostIme pointer 0
10-27 10:06:44.038  1187  1303 I GestureDetector: obtain mCurrentDownEvent. id: -793452824 caller: com.android.server.wm.SystemGesturesPointerEventListener.onPointerEvent:203 com.android.server.wm.PointerEventDispatcher.onInputEvent:53 android.view.InputEventReceiver.dispatchInputEvent:285 
10-27 10:06:44.039  1187  1303 I GestureDetector: obtain mCurrentDownEvent. id: -793452824 caller: com.android.server.wm.SystemPerformancePointerEventListener.onPointerEvent:89 com.android.server.wm.PointerEventDispatcher.onInputEvent:53 android.view.InputEventReceiver.dispatchInputEvent:285 
10-27 10:06:44.039  1187  1534 D PowerManagerService: UserActivityStateListenerState: 1
10-27 10:06:44.054  1187  3231 D InputDispatcher: Inject motion (5579/2000): action=0x1, time=2922305667000000, f=0x0, d=0 dsdx=1.000000 dtdx=0.000000
10-27 10:06:44.056  1187  1534 I InputDispatcher: Delivering touch to (5277): action: 0x1, f=0x0, d=0, 'd5cb743', t=1 
10-27 10:06:44.057  5277  5277 I ViewRootImpl@aff6157[MainActivity]: ViewPostIme pointer 1
10-27 10:06:44.058  1187  1303 I GestureDetector: obtain mCurrentMotionEventRaw. action: 1 id: -434878861
10-27 10:06:44.058  1187  1303 I GestureDetector: obtain mCurrentMotionEventRaw. action: 1 id: -434878861
10-27 10:06:44.078  5277  5311 E IMGMapper: set:488 set: Unset optional value from type SMPTE2086
10-27 10:06:44.079  5277  5311 E IMGMapper: set:488 set: Unset optional value from type CTA861_3
10-27 10:06:44.095  1039  1039 I BufferQueueProducer: [com.cinemamovel/com.cinemamovel.MainActivity$_5277#594348](this:0xb400007a26325838,id:-1,api:0,p:-1,c:1039) queueBuffer: fps=16.04 dur=1995.62 max=1414.73 min=16.14
10-27 10:06:44.097   991   991 I hwcomposer: [HWCDisplay] [Display_0 (type:1)] fps:16.032528,dur:1995.94,max:1415.00,min:15.00  
10-27 10:06:44.105  5277  5311 E IMGMapper: set:488 set: Unset optional value from type SMPTE2086
10-27 10:06:44.105  5277  5311 E IMGMapper: set:488 set: Unset optional value from type CTA861_3
10-27 10:06:44.120  5277  5311 E IMGMapper: set:488 set: Unset optional value from type SMPTE2086
10-27 10:06:44.120  5277  5311 E IMGMapper: set:488 set: Unset optional value from type CTA861_3
10-27 10:06:44.138  5277  5311 E IMGMapper: set:488 set: Unset optional value from type SMPTE2086
10-27 10:06:44.138  5277  5311 E IMGMapper: set:488 set: Unset optional value from type CTA861_3
10-27 10:06:44.177  5277  5277 W [RNScreens]: backTitleVisible prop is not available on Android
10-27 10:06:44.177  5277  5277 W [RNScreens]: backTitleFontFamily prop is not available on Android
10-27 10:06:44.177  5277  5277 W [RNScreens]: disableBackButtonMenu prop is not available on Android
10-27 10:06:44.177  5277  5277 W [RNScreens]: largeTitleFontFamily prop is not available on Android
10-27 10:06:44.177  5277  5277 W [RNScreens]: largeTitleFontWeight prop is not available on Android
10-27 10:06:44.177  5277  5277 W [RNScreens]: largeTitleHideShadow prop is not available on Android
10-27 10:06:44.197  5277  5311 E IMGMapper: set:488 set: Unset optional value from type SMPTE2086
10-27 10:06:44.197  5277  5311 E IMGMapper: set:488 set: Unset optional value from type CTA861_3
10-27 10:06:44.230  5277  5311 E IMGMapper: set:488 set: Unset optional value from type SMPTE2086
10-27 10:06:44.230  5277  5311 E IMGMapper: set:488 set: Unset optional value from type CTA861_3
10-27 10:06:44.244  5277  5311 E IMGMapper: set:488 set: Unset optional value from type SMPTE2086
10-27 10:06:44.244  5277  5311 E IMGMapper: set:488 set: Unset optional value from type CTA861_3
10-27 10:06:44.268  1737  1942 D MobileStatusTracker(1/1): onSignalStrengthsChanged level=4, vendorLevel=4
10-27 10:06:44.269  1737  1942 D MobileSignalController(1/1): notifyListener: enabled=true, connected=true, dataConnected=false, networkType=UMTS (3G), emergencyOnly=true, roaming=false, isDefault=true, dataActivity=, level=4, ca=false, mmWave=false, disabledDataIcon=false, simCard=ETC
10-27 10:06:44.271  1737  1942 D NetworkController: SignalStrength from intent slotId=1
10-27 10:06:44.281  5277  5311 E IMGMapper: set:488 set: Unset optional value from type SMPTE2086
10-27 10:06:44.281  5277  5311 E IMGMapper: set:488 set: Unset optional value from type CTA861_3
10-27 10:06:44.281  5277  5277 D ScrollView: initGoToTop
10-27 10:06:44.337  1187  1303 I GestureDetector: handleMessage TAP
10-27 10:06:44.339  1187  1187 I GestureDetector: handleMessage TAP
10-27 10:06:44.372  5277  5311 E IMGMapper: set:488 set: Unset optional value from type SMPTE2086
10-27 10:06:44.372  5277  5311 E IMGMapper: set:488 set: Unset optional value from type CTA861_3
10-27 10:06:44.391  5277  5311 E IMGMapper: set:488 set: Unset optional value from type SMPTE2086
10-27 10:06:44.391  5277  5311 E IMGMapper: set:488 set: Unset optional value from type CTA861_3
10-27 10:06:44.406  5277  5311 E IMGMapper: set:488 set: Unset optional value from type SMPTE2086
10-27 10:06:44.406  5277  5311 E IMGMapper: set:488 set: Unset optional value from type CTA861_3
10-27 10:06:44.416  5277  5311 E IMGMapper: set:488 set: Unset optional value from type SMPTE2086
10-27 10:06:44.417  5277  5311 E IMGMapper: set:488 set: Unset optional value from type CTA861_3
10-27 10:06:44.432  5277  5311 E IMGMapper: set:488 set: Unset optional value from type SMPTE2086
10-27 10:06:44.433  5277  5311 E IMGMapper: set:488 set: Unset optional value from type CTA861_3
10-27 10:06:44.440  1737  1942 D MobileStatusTracker(0/2): onSignalStrengthsChanged level=4, vendorLevel=3
10-27 10:06:44.443  1737  1942 D MobileSignalController(0/2): notifyListener: enabled=true, connected=true, dataConnected=true, networkType=LTE (4G), emergencyOnly=false, roaming=false, isDefault=true, dataActivity=, level=3, ca=false, mmWave=false, disabledDataIcon=false, simCard=ETC
10-27 10:06:44.449  1737  1942 D NetworkController: SignalStrength from intent slotId=0
10-27 10:06:44.453  5277  5311 E IMGMapper: set:488 set: Unset optional value from type SMPTE2086
10-27 10:06:44.453  5277  5311 E IMGMapper: set:488 set: Unset optional value from type CTA861_3
10-27 10:06:44.467  5277  5311 E IMGMapper: set:488 set: Unset optional value from type SMPTE2086
10-27 10:06:44.467  5277  5311 E IMGMapper: set:488 set: Unset optional value from type CTA861_3
10-27 10:06:44.481  5277  5311 E IMGMapper: set:488 set: Unset optional value from type SMPTE2086
10-27 10:06:44.482  5277  5311 E IMGMapper: set:488 set: Unset optional value from type CTA861_3
10-27 10:06:44.494  5277  5311 E IMGMapper: set:488 set: Unset optional value from type SMPTE2086
10-27 10:06:44.494  5277  5311 E IMGMapper: set:488 set: Unset optional value from type CTA861_3
10-27 10:06:44.514  5277  5311 E IMGMapper: set:488 set: Unset optional value from type SMPTE2086
10-27 10:06:44.515  5277  5311 E IMGMapper: set:488 set: Unset optional value from type CTA861_3
10-27 10:06:44.528  5277  5311 E IMGMapper: set:488 set: Unset optional value from type SMPTE2086
10-27 10:06:44.528  5277  5311 E IMGMapper: set:488 set: Unset optional value from type CTA861_3
10-27 10:06:44.545  5277  5311 E IMGMapper: set:488 set: Unset optional value from type SMPTE2086
10-27 10:06:44.545  5277  5311 E IMGMapper: set:488 set: Unset optional value from type CTA861_3
10-27 10:06:44.562  5277  5311 E IMGMapper: set:488 set: Unset optional value from type SMPTE2086
10-27 10:06:44.562  5277  5311 E IMGMapper: set:488 set: Unset optional value from type CTA861_3
10-27 10:06:44.580  5277  5311 E IMGMapper: set:488 set: Unset optional value from type SMPTE2086
10-27 10:06:44.580  5277  5311 E IMGMapper: set:488 set: Unset optional value from type CTA861_3
10-27 10:06:44.594  5277  5311 E IMGMapper: set:488 set: Unset optional value from type SMPTE2086
10-27 10:06:44.594  5277  5311 E IMGMapper: set:488 set: Unset optional value from type CTA861_3
10-27 10:06:44.611  5277  5311 E IMGMapper: set:488 set: Unset optional value from type SMPTE2086
10-27 10:06:44.611  5277  5311 E IMGMapper: set:488 set: Unset optional value from type CTA861_3
10-27 10:06:44.630  5277  5311 E IMGMapper: set:488 set: Unset optional value from type SMPTE2086
10-27 10:06:44.630  5277  5311 E IMGMapper: set:488 set: Unset optional value from type CTA861_3
10-27 10:06:44.645  5277  5311 E IMGMapper: set:488 set: Unset optional value from type SMPTE2086
10-27 10:06:44.645  5277  5311 E IMGMapper: set:488 set: Unset optional value from type CTA861_3
10-27 10:06:44.663  5277  5311 E IMGMapper: set:488 set: Unset optional value from type SMPTE2086
10-27 10:06:44.663  5277  5311 E IMGMapper: set:488 set: Unset optional value from type CTA861_3
10-27 10:06:44.678  5277  5311 E IMGMapper: set:488 set: Unset optional value from type SMPTE2086
10-27 10:06:44.679  5277  5311 E IMGMapper: set:488 set: Unset optional value from type CTA861_3
10-27 10:06:44.693  5277  5311 E IMGMapper: set:488 set: Unset optional value from type SMPTE2086
10-27 10:06:44.693  5277  5311 E IMGMapper: set:488 set: Unset optional value from type CTA861_3
