10-27 10:06:44.726   543   543 D io_stats: !@ 179,0 r 546914480 6614208490 w 94984723 1004295856 d 1259525 33790584 f 0 0 iot 273774108 0 th 0 0 0 pt 0 inp 0 0 2922306.359
10-27 10:06:45.035  1711  1793 I System.out: Broadcasting: Intent { act=com.sec.intent.action.SARDEVICE_CP flg=0x10000000 (has extras) }
10-27 10:06:45.042  1187  1527 D MotionRecognitionService: [SAR]  onReceive : SARDEVICE_CP, callAction = on deviceID = 2 slot = 0 device_ext = 0
10-27 10:06:45.042  1187  1527 I MotionRecognitionService: [SAR] id : 1 cmd :on
10-27 10:06:45.043  1711  2439 I System.out: Broadcast completed: result=0
10-27 10:06:45.401  1737  1942 D MobileStatusTracker(0/2): onDataActivity: direction=3
10-27 10:06:45.404  1737  1942 D MobileSignalController(0/2): notifyListener: enabled=true, connected=true, dataConnected=true, networkType=LTE (4G), emergencyOnly=false, roaming=false, isDefault=true, dataActivity=inout, level=3, ca=false, mmWave=false, disabledDataIcon=false, simCard=ETC
10-27 10:06:45.418  1737  1796 E IMGMapper: set:488 set: Unset optional value from type SMPTE2086
10-27 10:06:45.418  1737  1796 E IMGMapper: set:488 set: Unset optional value from type CTA861_3
10-27 10:06:45.427  1039  1039 I BufferQueueProducer: [StatusBar$_1737#534029](this:0xb400007a1f0ca838,id:-1,api:0,p:-1,c:1039) queueBuffer: fps=0.16 dur=6075.35 max=6075.35 min=6075.35
10-27 10:06:45.430   991   991 I hwcomposer: [HWCDisplay] [Display_0 (type:1)] fps:21.762325,dur:1332.58,max:716.68,min:15.47  
10-27 10:06:45.499  1737  1942 D MobileStatusTracker(0/2): onSignalStrengthsChanged level=4, vendorLevel=3
10-27 10:06:45.503  1737  1942 D MobileSignalController(0/2): notifyListener: enabled=true, connected=true, dataConnected=true, networkType=LTE (4G), emergencyOnly=false, roaming=false, isDefault=true, dataActivity=inout, level=3, ca=false, mmWave=false, disabledDataIcon=false, simCard=ETC
10-27 10:06:45.504  1737  1942 D NetworkController: SignalStrength from intent slotId=0
10-27 10:06:45.758   963   963 E audit   : type=1400 audit(1761570405.754:1453076): avc:  denied  { write } for  pid=27776 comm="ThreadPoolForeg" name="traced_producer" dev="tmpfs" ino=11170 scontext=u:r:gmscore_app:s0:c512,c768 tcontext=u:object_r:traced_producer_socket:s0 tclass=sock_file permissive=0 SEPF_SM-A037M_12_0001 unfiltered
10-27 10:06:46.139  1187  3218 D InputDispatcher: Inject motion (5584/2000): action=0x0, time=2922307771000000, f=0x0, d=0 dsdx=1.000000 dtdx=0.000000
10-27 10:06:46.140  1187  1534 I InputDispatcher: Delivering touch to (1737): action: 0x4, f=0x0, d=0, 'd92b8ad', t=1 
10-27 10:06:46.140  1187  1534 I InputDispatcher: Delivering touch to (5277): action: 0x0, f=0x0, d=0, 'd5cb743', t=1 
10-27 10:06:46.140  1187  1534 D PowerManagerService: [api] userActivityFromNative :  (event: 2 flags: 0 displayId: 0) eventTime = 2922307771
10-27 10:06:46.141  1187  1303 I GestureDetector: obtain mCurrentDownEvent. id: -229820771 caller: com.android.server.wm.SystemGesturesPointerEventListener.onPointerEvent:203 com.android.server.wm.PointerEventDispatcher.onInputEvent:53 android.view.InputEventReceiver.dispatchInputEvent:285 
10-27 10:06:46.142  5277  5277 I ViewRootImpl@aff6157[MainActivity]: ViewPostIme pointer 0
10-27 10:06:46.142  1187  1303 I GestureDetector: obtain mCurrentDownEvent. id: -229820771 caller: com.android.server.wm.SystemPerformancePointerEventListener.onPointerEvent:89 com.android.server.wm.PointerEventDispatcher.onInputEvent:53 android.view.InputEventReceiver.dispatchInputEvent:285 
10-27 10:06:46.149  1187  3218 D InputDispatcher: Inject motion (5584/2000): action=0x1, time=2922307771000000, f=0x0, d=0 dsdx=1.000000 dtdx=0.000000
10-27 10:06:46.150  1187  1534 I InputDispatcher: Delivering touch to (5277): action: 0x1, f=0x0, d=0, 'd5cb743', t=1 
10-27 10:06:46.150  5277  5277 I ViewRootImpl@aff6157[MainActivity]: ViewPostIme pointer 1
10-27 10:06:46.150  1187  1303 I GestureDetector: obtain mCurrentMotionEventRaw. action: 1 id: -356452439
10-27 10:06:46.151  1187  1303 I GestureDetector: obtain mCurrentMotionEventRaw. action: 1 id: -356452439
10-27 10:06:46.420  1737  1942 D MobileStatusTracker(0/2): onDataActivity: direction=0
10-27 10:06:46.425  1737  1942 D MobileSignalController(0/2): notifyListener: enabled=true, connected=true, dataConnected=true, networkType=LTE (4G), emergencyOnly=false, roaming=false, isDefault=true, dataActivity=, level=3, ca=false, mmWave=false, disabledDataIcon=false, simCard=ETC
10-27 10:06:46.434  1737  1796 E IMGMapper: set:488 set: Unset optional value from type SMPTE2086
10-27 10:06:46.434  1737  1796 E IMGMapper: set:488 set: Unset optional value from type CTA861_3
10-27 10:06:46.441  1187  1303 I GestureDetector: handleMessage TAP
10-27 10:06:46.442  1187  1187 I GestureDetector: handleMessage TAP
10-27 10:06:46.442  1039  1039 I BufferQueueProducer: [StatusBar$_1737#534029](this:0xb400007a1f0ca838,id:-1,api:0,p:-1,c:1039) queueBuffer: fps=0.98 dur=1015.90 max=1015.90 min=1015.90
10-27 10:06:46.446   991   991 I hwcomposer: [HWCDisplay] [Display_0 (type:1)] fps:0.984601,dur:1015.64,max:1015.64,min:1015.64  
10-27 10:06:46.501  1737  1942 D MobileStatusTracker(0/2): onSignalStrengthsChanged level=4, vendorLevel=3
10-27 10:06:46.509  1737  1942 D MobileSignalController(0/2): notifyListener: enabled=true, connected=true, dataConnected=true, networkType=LTE (4G), emergencyOnly=false, roaming=false, isDefault=true, dataActivity=, level=3, ca=false, mmWave=false, disabledDataIcon=false, simCard=ETC
10-27 10:06:46.509  1737  1942 D NetworkController: SignalStrength from intent slotId=0
10-27 10:06:46.788  1205  1205 I thermal_repeater: socket -1
10-27 10:06:46.838  1737  1942 D MobileStatusTracker(1/1): onSignalStrengthsChanged level=4, vendorLevel=4
10-27 10:06:46.844  1737  1942 D MobileSignalController(1/1): notifyListener: enabled=true, connected=true, dataConnected=false, networkType=UMTS (3G), emergencyOnly=true, roaming=false, isDefault=true, dataActivity=, level=4, ca=false, mmWave=false, disabledDataIcon=false, simCard=ETC
10-27 10:06:46.844  1737  1942 D NetworkController: SignalStrength from intent slotId=1
10-27 10:06:47.228  1187  2902 D InputDispatcher: Inject motion (5589/2000): action=0x0, time=2922308860000000, f=0x0, d=0 dsdx=1.000000 dtdx=0.000000
10-27 10:06:47.229  1187  1534 I InputDispatcher: Delivering touch to (1737): action: 0x4, f=0x0, d=0, 'd92b8ad', t=1 
10-27 10:06:47.229  1187  1534 I InputDispatcher: Delivering touch to (5277): action: 0x0, f=0x0, d=0, 'd5cb743', t=1 
10-27 10:06:47.230  1187  1534 D PowerManagerService: [api] userActivityFromNative :  (event: 2 flags: 0 displayId: 0) eventTime = 2922308860
10-27 10:06:47.230  5277  5277 I ViewRootImpl@aff6157[MainActivity]: ViewPostIme pointer 0
10-27 10:06:47.231  1187  1303 I GestureDetector: obtain mCurrentDownEvent. id: -181035453 caller: com.android.server.wm.SystemGesturesPointerEventListener.onPointerEvent:203 com.android.server.wm.PointerEventDispatcher.onInputEvent:53 android.view.InputEventReceiver.dispatchInputEvent:285 
10-27 10:06:47.231  1187  1303 I GestureDetector: obtain mCurrentDownEvent. id: -181035453 caller: com.android.server.wm.SystemPerformancePointerEventListener.onPointerEvent:89 com.android.server.wm.PointerEventDispatcher.onInputEvent:53 android.view.InputEventReceiver.dispatchInputEvent:285 
10-27 10:06:47.239  1187  2902 D InputDispatcher: Inject motion (5589/2000): action=0x1, time=2922308860000000, f=0x0, d=0 dsdx=1.000000 dtdx=0.000000
10-27 10:06:47.239  1187  1534 I InputDispatcher: Delivering touch to (5277): action: 0x1, f=0x0, d=0, 'd5cb743', t=1 
10-27 10:06:47.240  5277  5277 I ViewRootImpl@aff6157[MainActivity]: ViewPostIme pointer 1
10-27 10:06:47.241  1187  1303 I GestureDetector: obtain mCurrentMotionEventRaw. action: 1 id: -591205203
10-27 10:06:47.241  1187  1303 I GestureDetector: obtain mCurrentMotionEventRaw. action: 1 id: -591205203
10-27 10:06:47.499  1737  1942 D MobileStatusTracker(0/2): onSignalStrengthsChanged level=4, vendorLevel=3
10-27 10:06:47.502  1737  1942 D MobileSignalController(0/2): notifyListener: enabled=true, connected=true, dataConnected=true, networkType=LTE (4G), emergencyOnly=false, roaming=false, isDefault=true, dataActivity=, level=3, ca=false, mmWave=false, disabledDataIcon=false, simCard=ETC
10-27 10:06:47.504  1737  1942 D NetworkController: SignalStrength from intent slotId=0
10-27 10:06:47.531  1187  1187 I GestureDetector: handleMessage TAP
10-27 10:06:47.531  1187  1303 I GestureDetector: handleMessage TAP
10-27 10:06:47.550  1187  1351 D BatteryExternalStatsWorker: update stats : update-network-download (6)
10-27 10:06:47.551  1187  1351 D BatteryExternalStatsWorker: Update Rail Energy data
10-27 10:06:47.551  1187  1351 D BatteryExternalStatsWorker: Fetch modem data
10-27 10:06:47.594  1187  3231 W TelephonyManager: requestModemActivityInfo: Received an invalid ModemActivityInfo
10-27 10:06:47.595  1187  3231 W BatteryExternalStatsWorker: error reading modem stats:ERROR_INVALID_INFO_RECEIVED
10-27 10:06:47.595  1187  1351 D BatteryExternalStatsWorker: mStats lock released
10-27 10:06:47.595  1187  1351 D BatteryExternalStatsWorker: done updateExternalStatsLocked
10-27 10:06:48.319  1187  2902 D InputDispatcher: Inject motion (5594/2000): action=0x0, time=2922309951000000, f=0x0, d=0 dsdx=1.000000 dtdx=0.000000
10-27 10:06:48.319  1187  1534 I InputDispatcher: Delivering touch to (1737): action: 0x4, f=0x0, d=0, 'd92b8ad', t=1 
10-27 10:06:48.320  1187  1534 I InputDispatcher: Delivering touch to (5277): action: 0x0, f=0x0, d=0, 'd5cb743', t=1 
10-27 10:06:48.320  1187  1534 D PowerManagerService: [api] userActivityFromNative :  (event: 2 flags: 0 displayId: 0) eventTime = 2922309951
10-27 10:06:48.320  5277  5277 I ViewRootImpl@aff6157[MainActivity]: ViewPostIme pointer 0
10-27 10:06:48.320  1187  1303 I GestureDetector: obtain mCurrentDownEvent. id: -852700445 caller: com.android.server.wm.SystemGesturesPointerEventListener.onPointerEvent:203 com.android.server.wm.PointerEventDispatcher.onInputEvent:53 android.view.InputEventReceiver.dispatchInputEvent:285 
10-27 10:06:48.321  1187  1303 I GestureDetector: obtain mCurrentDownEvent. id: -852700445 caller: com.android.server.wm.SystemPerformancePointerEventListener.onPointerEvent:89 com.android.server.wm.PointerEventDispatcher.onInputEvent:53 android.view.InputEventReceiver.dispatchInputEvent:285 
10-27 10:06:48.330  1187  2902 D InputDispatcher: Inject motion (5594/2000): action=0x1, time=2922309951000000, f=0x0, d=0 dsdx=1.000000 dtdx=0.000000
10-27 10:06:48.330  1187  1534 I InputDispatcher: Delivering touch to (5277): action: 0x1, f=0x0, d=0, 'd5cb743', t=1 
10-27 10:06:48.331  5277  5277 I ViewRootImpl@aff6157[MainActivity]: ViewPostIme pointer 1
10-27 10:06:48.331  1187  1303 I GestureDetector: obtain mCurrentMotionEventRaw. action: 1 id: -300213407
10-27 10:06:48.332  1187  1303 I GestureDetector: obtain mCurrentMotionEventRaw. action: 1 id: -300213407
10-27 10:06:48.499  1737  1942 D MobileStatusTracker(0/2): onSignalStrengthsChanged level=4, vendorLevel=3
10-27 10:06:48.502  1737  1942 D MobileSignalController(0/2): notifyListener: enabled=true, connected=true, dataConnected=true, networkType=LTE (4G), emergencyOnly=false, roaming=false, isDefault=true, dataActivity=, level=3, ca=false, mmWave=false, disabledDataIcon=false, simCard=ETC
10-27 10:06:48.505  1737  1942 D NetworkController: SignalStrength from intent slotId=0
10-27 10:06:48.620  1187  1303 I GestureDetector: handleMessage TAP
10-27 10:06:48.621  1187  1187 I GestureDetector: handleMessage TAP
10-27 10:06:48.728   543   543 D io_stats: !@ 179,0 r 546914485 6614208546 w 94984723 1004295856 d 1259525 33790584 f 0 0 iot 273774116 0 th 0 0 0 pt 0 inp 0 0 2922310.360
10-27 10:06:49.402  1187  2902 D InputDispatcher: Inject key (5600/2000): action=0, f=0x0, d=-1, time=2922311034000000
10-27 10:06:49.402  1187  2902 D WindowManager: interceptKeyTq keycode=4 interactive=true keyguardActive=false policyFlags=2b000000
10-27 10:06:49.402  1187  2902 D PhoneWindowManagerExt: interceptKeyTq code=4 down=true repeatCount=0 displayId=-1 interactive=true
10-27 10:06:49.402  1187  2902 D WindowManager: interceptKeyTq interceptKeyResult=4
10-27 10:06:49.403  1187  1534 D PowerManagerService: [api] userActivityFromNative :  (event: 1 flags: 0 displayId: 0) eventTime = 2922311034
10-27 10:06:49.404  1187  1534 D WindowManager: interceptKeyTi keyCode=4 down=true repeatCount=0 keyguardOn=false canceled=false
10-27 10:06:49.404  1187  1534 D PhoneWindowManagerExt: interceptKeyTi code=4 down=true repeatCount=0 displayId=-1 interactive=true
10-27 10:06:49.405  1187  1534 I InputDispatcher: Delivering key to (5277): B action: 0x0 (0), f=0x0, m=0x0, d=0, 'd5cb743'
10-27 10:06:49.406 23351 23351 I HBD     : b skip onKeyDown as physical keyboard not connected 
10-27 10:06:49.407 23351 23351 I HBD     : HoneyBoardService onKeyDown r:367ca14d consumed:false 1 
10-27 10:06:49.409  5277  5277 I ViewRootImpl@aff6157[MainActivity]: ViewPostIme key 0
10-27 10:06:49.410  5277  5277 D Activity: onKeyDown(KEYCODE_BACK)
10-27 10:06:49.411  1187  2902 D InputDispatcher: Inject key (5600/2000): action=1, f=0x0, d=-1, time=2922311034000000
10-27 10:06:49.411  1187  2902 D WindowManager: interceptKeyTq keycode=4 interactive=true keyguardActive=false policyFlags=2b000000
10-27 10:06:49.412  1187  2902 D PhoneWindowManagerExt: interceptKeyTq code=4 down=false repeatCount=0 displayId=-1 interactive=true
10-27 10:06:49.412  1187  2902 D WindowManager: interceptKeyTq interceptKeyResult=4
10-27 10:06:49.413  1187  1534 D WindowManager: interceptKeyTi keyCode=4 down=false repeatCount=0 keyguardOn=false canceled=false
10-27 10:06:49.413  1187  1534 D PhoneWindowManagerExt: interceptKeyTi code=4 down=false repeatCount=0 displayId=-1 interactive=true
10-27 10:06:49.413  1187  1534 I InputDispatcher: Delivering key to (5277): B action: 0x1 (0), f=0x0, m=0x0, d=0, 'd5cb743'
10-27 10:06:49.415 23351 23351 I HBD     : HoneyBoardService onKeyUp r:18d7619d consumed:false 1 
10-27 10:06:49.417  5277  5277 I ViewRootImpl@aff6157[MainActivity]: ViewPostIme key 1
10-27 10:06:49.417  5277  5277 D Activity: onKeyUp(KEYCODE_BACK) isTracking()=true isCanceled()=false hasCallback=false
10-27 10:06:49.421   963   963 E audit   : type=1400 audit(1761570409.418:1453077): avc:  denied  { write } for  pid=8226 comm="ThreadPoolForeg" name="traced_producer" dev="tmpfs" ino=11170 scontext=u:r:gmscore_app:s0:c512,c768 tcontext=u:object_r:traced_producer_socket:s0 tclass=sock_file permissive=0 SEPF_SM-A037M_12_0001 unfiltered
10-27 10:06:49.499  5277  5337 I ReactNativeJS: ---METRICS_JSON_START---
10-27 10:06:49.499  5277  5337 I ReactNativeJS: {
10-27 10:06:49.499  5277  5337 I ReactNativeJS:   "screenRenders": 4,
10-27 10:06:49.499  5277  5337 I ReactNativeJS:   "componentRenders": {
10-27 10:06:49.499  5277  5337 I ReactNativeJS:     "Loader": 2,
10-27 10:06:49.499  5277  5337 I ReactNativeJS:     "Poster": 2,
10-27 10:06:49.499  5277  5337 I ReactNativeJS:     "InfoBlock": 2,
10-27 10:06:49.499  5277  5337 I ReactNativeJS:     "Genres": 2,
10-27 10:06:49.499  5277  5337 I ReactNativeJS:     "Overview": 2,
10-27 10:06:49.499  5277  5337 I ReactNativeJS:     "ActionButtons": 2
10-27 10:06:49.499  5277  5337 I ReactNativeJS:   },
10-27 10:06:49.499  5277  5337 I ReactNativeJS:   "interactionEvents": [
10-27 10:06:49.499  5277  5337 I ReactNativeJS:     {
10-27 10:06:49.499  5277  5337 I ReactNativeJS:       "action": "component_unmounted_logged",
10-27 10:06:49.499  5277  5337 I ReactNativeJS:       "timestamp": 1761570402033
10-27 10:06:49.499  5277  5337 I ReactNativeJS:     },
10-27 10:06:49.499  5277  5337 I ReactNativeJS:     {
10-27 10:06:49.499  5277  5337 I ReactNativeJS:       "action": "component_unmounted_logged",
10-27 10:06:49.499  5277  5337 I ReactNativeJS:       "timestamp": 1761570409498
10-27 10:06:49.499  5277  5337 I ReactNativeJS:     }
10-27 10:06:49.499  5277  5337 I ReactNativeJS:   ]
10-27 10:06:49.499  5277  5337 I ReactNativeJS: }
10-27 10:06:49.499  5277  5337 I ReactNativeJS: ---METRICS_JSON_END---
10-27 10:06:49.499  1737  1942 D MobileStatusTracker(0/2): onSignalStrengthsChanged level=4, vendorLevel=3
10-27 10:06:49.502  1737  1942 D MobileSignalController(0/2): notifyListener: enabled=true, connected=true, dataConnected=true, networkType=LTE (4G), emergencyOnly=false, roaming=false, isDefault=true, dataActivity=, level=3, ca=false, mmWave=false, disabledDataIcon=false, simCard=ETC
10-27 10:06:49.505  1737  1942 D NetworkController: SignalStrength from intent slotId=0
10-27 10:06:49.557  5277  5311 E IMGMapper: set:488 set: Unset optional value from type SMPTE2086
10-27 10:06:49.557  5277  5311 E IMGMapper: set:488 set: Unset optional value from type CTA861_3
10-27 10:06:49.570  1039  1039 I BufferQueueProducer: [com.cinemamovel/com.cinemamovel.MainActivity$_5277#594348](this:0xb400007a26325838,id:-1,api:0,p:-1,c:1039) queueBuffer: fps=5.30 dur=5475.45 max=4859.40 min=15.96
10-27 10:06:49.572   991   991 I hwcomposer: [HWCDisplay] [Display_0 (type:1)] fps:0.319807,dur:3126.89,max:3126.89,min:3126.89  
10-27 10:06:49.619  5277  5311 E IMGMapper: set:488 set: Unset optional value from type SMPTE2086
10-27 10:06:49.620  5277  5311 E IMGMapper: set:488 set: Unset optional value from type CTA861_3
10-27 10:06:49.632  5277  5311 E IMGMapper: set:488 set: Unset optional value from type SMPTE2086
10-27 10:06:49.632  5277  5311 E IMGMapper: set:488 set: Unset optional value from type CTA861_3
10-27 10:06:49.647  5277  5311 E IMGMapper: set:488 set: Unset optional value from type SMPTE2086
10-27 10:06:49.647  5277  5311 E IMGMapper: set:488 set: Unset optional value from type CTA861_3
10-27 10:06:49.665  5277  5311 E IMGMapper: set:488 set: Unset optional value from type SMPTE2086
10-27 10:06:49.665  5277  5311 E IMGMapper: set:488 set: Unset optional value from type CTA861_3
10-27 10:06:49.690  5277  5311 E IMGMapper: set:488 set: Unset optional value from type SMPTE2086
10-27 10:06:49.691  5277  5311 E IMGMapper: set:488 set: Unset optional value from type CTA861_3
10-27 10:06:49.704  5277  5311 E IMGMapper: set:488 set: Unset optional value from type SMPTE2086
10-27 10:06:49.704  5277  5311 E IMGMapper: set:488 set: Unset optional value from type CTA861_3
10-27 10:06:49.719  5277  5311 E IMGMapper: set:488 set: Unset optional value from type SMPTE2086
10-27 10:06:49.719  5277  5311 E IMGMapper: set:488 set: Unset optional value from type CTA861_3
10-27 10:06:49.736  5277  5311 E IMGMapper: set:488 set: Unset optional value from type SMPTE2086
10-27 10:06:49.736  5277  5311 E IMGMapper: set:488 set: Unset optional value from type CTA861_3
10-27 10:06:49.752  5277  5311 E IMGMapper: set:488 set: Unset optional value from type SMPTE2086
10-27 10:06:49.752  5277  5311 E IMGMapper: set:488 set: Unset optional value from type CTA861_3
10-27 10:06:49.769  5277  5311 E IMGMapper: set:488 set: Unset optional value from type SMPTE2086
10-27 10:06:49.769  5277  5311 E IMGMapper: set:488 set: Unset optional value from type CTA861_3
10-27 10:06:49.785  5277  5311 E IMGMapper: set:488 set: Unset optional value from type SMPTE2086
10-27 10:06:49.785  5277  5311 E IMGMapper: set:488 set: Unset optional value from type CTA861_3
10-27 10:06:49.801  5277  5311 E IMGMapper: set:488 set: Unset optional value from type SMPTE2086
10-27 10:06:49.801  5277  5311 E IMGMapper: set:488 set: Unset optional value from type CTA861_3
10-27 10:06:49.817  5277  5311 E IMGMapper: set:488 set: Unset optional value from type SMPTE2086
10-27 10:06:49.817  5277  5311 E IMGMapper: set:488 set: Unset optional value from type CTA861_3
10-27 10:06:49.835  5277  5311 E IMGMapper: set:488 set: Unset optional value from type SMPTE2086
10-27 10:06:49.835  5277  5311 E IMGMapper: set:488 set: Unset optional value from type CTA861_3
10-27 10:06:49.850  5277  5311 E IMGMapper: set:488 set: Unset optional value from type SMPTE2086
10-27 10:06:49.850  5277  5311 E IMGMapper: set:488 set: Unset optional value from type CTA861_3
10-27 10:06:49.868  5277  5311 E IMGMapper: set:488 set: Unset optional value from type SMPTE2086
10-27 10:06:49.868  5277  5311 E IMGMapper: set:488 set: Unset optional value from type CTA861_3
10-27 10:06:49.884  5277  5311 E IMGMapper: set:488 set: Unset optional value from type SMPTE2086
10-27 10:06:49.884  5277  5311 E IMGMapper: set:488 set: Unset optional value from type CTA861_3
10-27 10:06:49.901  5277  5311 E IMGMapper: set:488 set: Unset optional value from type SMPTE2086
10-27 10:06:49.901  5277  5311 E IMGMapper: set:488 set: Unset optional value from type CTA861_3
10-27 10:06:49.919  5277  5311 E IMGMapper: set:488 set: Unset optional value from type SMPTE2086
10-27 10:06:49.919  5277  5311 E IMGMapper: set:488 set: Unset optional value from type CTA861_3
10-27 10:06:49.934  5277  5311 E IMGMapper: set:488 set: Unset optional value from type SMPTE2086
10-27 10:06:49.934  5277  5311 E IMGMapper: set:488 set: Unset optional value from type CTA861_3
10-27 10:06:49.953  5277  5311 E IMGMapper: set:488 set: Unset optional value from type SMPTE2086
10-27 10:06:49.953  5277  5311 E IMGMapper: set:488 set: Unset optional value from type CTA861_3
10-27 10:06:49.966  5277  5311 E IMGMapper: set:488 set: Unset optional value from type SMPTE2086
10-27 10:06:49.966  5277  5311 E IMGMapper: set:488 set: Unset optional value from type CTA861_3
10-27 10:06:49.984  5277  5311 E IMGMapper: set:488 set: Unset optional value from type SMPTE2086
10-27 10:06:49.984  5277  5311 E IMGMapper: set:488 set: Unset optional value from type CTA861_3
10-27 10:06:50.000  5277  5311 E IMGMapper: set:488 set: Unset optional value from type SMPTE2086
10-27 10:06:50.000  5277  5311 E IMGMapper: set:488 set: Unset optional value from type CTA861_3
10-27 10:06:50.018  5277  5311 E IMGMapper: set:488 set: Unset optional value from type SMPTE2086
10-27 10:06:50.018  5277  5311 E IMGMapper: set:488 set: Unset optional value from type CTA861_3
10-27 10:06:50.034  5277  5311 E IMGMapper: set:488 set: Unset optional value from type SMPTE2086
10-27 10:06:50.034  5277  5311 E IMGMapper: set:488 set: Unset optional value from type CTA861_3
10-27 10:06:50.051  5277  5311 E IMGMapper: set:488 set: Unset optional value from type SMPTE2086
10-27 10:06:50.051  5277  5311 E IMGMapper: set:488 set: Unset optional value from type CTA861_3
10-27 10:06:50.068  5277  5311 E IMGMapper: set:488 set: Unset optional value from type SMPTE2086
10-27 10:06:50.068  5277  5311 E IMGMapper: set:488 set: Unset optional value from type CTA861_3
10-27 10:06:50.084  5277  5311 E IMGMapper: set:488 set: Unset optional value from type SMPTE2086
10-27 10:06:50.084  5277  5311 E IMGMapper: set:488 set: Unset optional value from type CTA861_3
10-27 10:06:50.100  5277  5311 E IMGMapper: set:488 set: Unset optional value from type SMPTE2086
10-27 10:06:50.100  5277  5311 E IMGMapper: set:488 set: Unset optional value from type CTA861_3
10-27 10:06:50.128  1187  1486 D SensorService: [SO] -0.426 1.610 9.874
10-27 10:06:50.500  1737  1942 D MobileStatusTracker(0/2): onSignalStrengthsChanged level=4, vendorLevel=3
10-27 10:06:50.505  1737  1942 D MobileSignalController(0/2): notifyListener: enabled=true, connected=true, dataConnected=true, networkType=LTE (4G), emergencyOnly=false, roaming=false, isDefault=true, dataActivity=, level=3, ca=false, mmWave=false, disabledDataIcon=false, simCard=ETC
10-27 10:06:50.505  1737  1942 D NetworkController: SignalStrength from intent slotId=0
10-27 10:06:50.729   543   543 D io_stats: !@ 179,0 r 546914485 6614208546 w 94984730 1004295908 d 1259525 33790584 f 0 0 iot 273774212 0 th 0 0 0 pt 0 inp 0 0 2922312.361
10-27 10:06:50.904  1187  1187 D SemWifiService: onServiceStateChanged : state - 0, dataNetworkType : 13
10-27 10:06:50.905  1187  1944 D SLocation: CellLocationManager - onServiceStateChanged 0
10-27 10:06:50.913  1737  1942 D MobileStatusTracker(0/2): onServiceStateChanged voiceState=0 dataState=0
10-27 10:06:50.916  2025  2287 I VolteServiceModule: onServiceStateChanged({mVoiceRegState=0(IN_SERVICE), mDataRegState=0(IN_SERVICE), mChannelNumber=2950, duplexMode()=1, mCellBandwidths=[10000], mOperatorAlphaLong=CLARO BR, mOperatorAlphaShort=CLARO BR, isManualNetworkSelection=false(automatic), getRilVoiceRadioTechnology=14(LTE), getRilDataRadioTechnology=14(LTE), mCssIndicator=unsupported, mNetworkId=*1, mSystemId=*1, mCdmaRoamingIndicator=-1, mCdmaDefaultRoamingIndicator=-1, VoiceRegType=0, Snap=0, MobileData=IN_SERVICE, MobileDataRoamingType=home, MobileDataRat=LTE, PsOnly=false, FemtocellInd=0, SprDisplayRoam=false, OptRadioTech=0, MsimSubmode=0, IsVoiceCallAvailable=true, mIsEmergencyOnly=false, isUsingCarrierAggregation=false, mArfcnRsrpBoost=0, mNetworkRegistrationInfos=[NetworkRegistrationInfo{ domain=CS transportType=WWAN registrationState=HOME roamingType=NOT_ROAMING accessNetworkTechnology=LTE rejectCause=0 emergencyEnabled=false availableServices=[VOICE,SMS,VIDEO] cellIdentity=CellIdentityLte:{ mCi=2******14 mPci=2147483647 mTac=4***5 mEarfcn=2950 mBands=[7] mBandwidth=2147483647 mMcc=724 mMnc=05 mAlphaLong=CLARO BR mAlphaShort=CLARO BR mAdditionalPlmns={} mCsgInfo=null} voiceSpecificInfo=VoiceSpecificRegistrationInfo { mCssSupported=false mRoamingIndicator=0 mSystemIsInPrl=0 mDefaultRoamingIndicator=0} dataSpecificInfo=null nrState=**** rRplmn=72405 isUsingCarrierAggregation=false}, NetworkRegistrationInfo{ domain=PS transportType=WWAN registrationState=HOME roamingType=NOT_ROAMING accessNetworkTechnology=LTE rejectCause=0 emergencyEnabled=false availableServices=[DATA] cellIdentity=CellIdentityLte:{ mCi=2******14 mPci=0 mTac=4***5 mEarfcn=2950 mBands=[7] mBandwidth=2147483647 mMcc=724 mMnc=05 mAlphaLong=CLARO BR mAlphaShort=CLARO BR mAdditionalPlmns={} mCsgInfo=null} voiceSpecificInfo=null dataSpecificInfo=android.telephony.DataSpecificRegistrationInfo :{ maxDataCalls = 16 isDcNrRestricted = false isNrAvailable = false isEnDcAvailable = false LteVopsSupportInfo :  mVopsSupport = 2 mEmcBearerSupport = 2 } nrState=**** rRplmn=72405 isUsingCarrierAggregation=false}], mNrFrequencyRange=0, mOperatorAlphaLongRaw=CLARO BR, mOperatorAlphaShortRaw=CLARO BR, mIsDataRoamingFromRegistration=false, mIsIwlanPreferred=false})
10-27 10:06:50.916  1187  1187 D SemWifiApServiceImpl: onServiceStateChanged : 0dataNetworkType : 13
10-27 10:06:50.916  2025  2287 I VolteServiceModule: mIsLteEpsOnlyAttached(0):false
10-27 10:06:50.916  1737  1942 D MobileSignalController(0/2): notifyListener: enabled=true, connected=true, dataConnected=true, networkType=LTE (4G), emergencyOnly=false, roaming=false, isDefault=true, dataActivity=, level=3, ca=false, mmWave=false, disabledDataIcon=false, simCard=ETC
10-27 10:06:50.919  2025  2216 I PdnController<0>: Active Phone Id = 0 MobileConnected = true
10-27 10:06:50.920  2025  2216 I PhoneStateTracker<0>: onServiceStateChanged: state={mVoiceRegState=0(IN_SERVICE), mDataRegState=0(IN_SERVICE), mChannelNumber=2950, duplexMode()=1, mCellBandwidths=[10000], mOperatorAlphaLong=CLARO BR, mOperatorAlphaShort=CLARO BR, isManualNetworkSelection=false(automatic), getRilVoiceRadioTechnology=14(LTE), getRilDataRadioTechnology=14(LTE), mCssIndicator=unsupported, mNetworkId=*1, mSystemId=*1, mCdmaRoamingIndicator=-1, mCdmaDefaultRoamingIndicator=-1, VoiceRegType=0, Snap=0, MobileData=IN_SERVICE, MobileDataRoamingType=home, MobileDataRat=LTE, PsOnly=false, FemtocellInd=0, SprDisplayRoam=false, OptRadioTech=0, MsimSubmode=0, IsVoiceCallAvailable=true, mIsEmergencyOnly=false, isUsingCarrierAggregation=false, mArfcnRsrpBoost=0, mNetworkRegistrationInfos=[NetworkRegistrationInfo{ domain=CS transportType=WWAN registrationState=HOME roamingType=NOT_ROAMING accessNetworkTechnology=LTE rejectCause=0 emergencyEnabled=false availableServices=[VOICE,SMS,VIDEO] cellIdentity=CellIdentityLte:{ mCi=2******14 mPci=2147483647 mTac=4***5 mEarfcn=2950 mBands=[7] mBandwidth=2147483647 mMcc=724 mMnc=05 mAlphaLong=CLARO BR mAlphaShort=CLARO BR mAdditionalPlmns={} mCsgInfo=null} voiceSpecificInfo=VoiceSpecificRegistrationInfo { mCssSupported=false mRoamingIndicator=0 mSystemIsInPrl=0 mDefaultRoamingIndicator=0} dataSpecificInfo=null nrState=**** rRplmn=72405 isUsingCarrierAggregation=false}, NetworkRegistrationInfo{ domain=PS transportType=WWAN registrationState=HOME roamingType=NOT_ROAMING accessNetworkTechnology=LTE rejectCause=0 emergencyEnabled=false availableServices=[DATA] cellIdentity=CellIdentityLte:{ mCi=2******14 mPci=0 mTac=4***5 mEarfcn=2950 mBands=[7] mBandwidth=2147483647 mMcc=724 mMnc=05 mAlphaLong=CLARO BR mAlphaShort=CLARO BR mAdditionalPlmns={} mCsgInfo=null} voiceSpecificInfo=null dataSpecificInfo=android.telephony.DataSpecificRegistrationInfo :{ maxDataCalls = 16 isDcNrRestricted = false isNrAvailable = false isEnDcAvailable = false LteVopsSupportInfo :  mVopsSupport = 2 mEmcBearerSupport = 2 } nrState=**** rRplmn=72405 isUsingCarrierAggregation=false}], mNrFrequencyRange=0, mOperatorAlphaLongRaw=CLARO BR, mOperatorAlphaShortRaw=CLARO BR, mIsDataRoamingFromRegistration=false, mIsIwlanPreferred=false}Changed=
10-27 10:06:50.920  2025  2216 I PdnController<0>: notifyDataConnectionState
10-27 10:06:50.921  2025  2216 I PdnController<0>: initialize PendedEPDGWeakSignal flag
10-27 10:06:50.921  2025  2216 I PdnController<0>: setPendedEPDGWeakSignal
10-27 10:06:50.921  2025  2216 I PdnController<0>: notifyDataConnectionState: needNotify=false networkType=13 isEpdgConnected=false dataNetType=13=>13 dataRegState=0=>0
10-27 10:06:50.921  2025  2216 I PhoneStateTracker<0>: notifySnapshotState: snapshotState=0 old=0
10-27 10:06:50.921  1187  3231 I LocationAccessPolicy: checkLocationPermission - callingUid: 10108, callingPid: 21478, resultForFine: DENIED_HARD
10-27 10:06:50.922  1187  3231 I LocationAccessPolicy: checkLocationPermission - callingUid: 10108, callingPid: 21478, resultForCoarse: DENIED_HARD
10-27 10:06:50.923  1187  3231 W ContextImpl: Calling a method in the system process without a qualified user: android.app.ContextImpl.sendBroadcastMultiplePermissions:1285 com.android.server.TelephonyRegistry.broadcastServiceStateChanged:3130 com.android.server.TelephonyRegistry.notifyServiceStateForPhoneId:1630 com.android.internal.telephony.ITelephonyRegistry$Stub.onTransact:499 android.os.Binder.execTransactInternal:1321 
10-27 10:06:50.924  2025  2216 I GeolocationCon: handleMessage : what = SERVICE_STATE_CHANGED
10-27 10:06:50.925  2025  2216 I GeolocationCon: matchTimingReqLocation ,match=0, timing=4
10-27 10:06:50.925  2025  2216 I GeolocationCon: matchTimingReqLocation ,match=0, timing=4
10-27 10:06:50.925  2025  2216 I GeolocationCon: profile is null
10-27 10:06:50.926  1187  3231 W ContextImpl: Calling a method in the system process without a qualified user: android.app.ContextImpl.sendBroadcastMultiplePermissions:1335 android.content.Context.sendBroadcastMultiplePermissions:2285 com.android.server.TelephonyRegistry.broadcastServiceStateChanged:3134 com.android.server.TelephonyRegistry.notifyServiceStateForPhoneId:1630 com.android.internal.telephony.ITelephonyRegistry$Stub.onTransact:499 
10-27 10:06:50.927  1711  1793 I System.out: Broadcasting: Intent { act=com.sec.intent.action.CP_CHAN_INFO flg=0x1000000 (has extras) }
10-27 10:06:50.930  1737  1737 D MultiSIMController: onReceive() - action = android.intent.action.SERVICE_STATE
10-27 10:06:50.931  1737  1737 D KeyguardUpdateMonitor: received broadcast android.intent.action.SERVICE_STATE
10-27 10:06:50.931  1737  1942 D NetworkController: ServiceState from intent slotId=0
10-27 10:06:50.932  1737  1737 V KeyguardUpdateMonitor: action android.intent.action.SERVICE_STATE serviceState={mVoiceRegState=0(IN_SERVICE), mDataRegState=0(IN_SERVICE), mChannelNumber=2950, duplexMode()=1, mCellBandwidths=[10000], mOperatorAlphaLong=CLARO BR, mOperatorAlphaShort=CLARO BR, isManualNetworkSelection=false(automatic), getRilVoiceRadioTechnology=14(LTE), getRilDataRadioTechnology=14(LTE), mCssIndicator=unsupported, mNetworkId=*1, mSystemId=*1, mCdmaRoamingIndicator=-1, mCdmaDefaultRoamingIndicator=-1, VoiceRegType=0, Snap=0, MobileData=IN_SERVICE, MobileDataRoamingType=home, MobileDataRat=LTE, PsOnly=false, FemtocellInd=0, SprDisplayRoam=false, OptRadioTech=0, MsimSubmode=0, IsVoiceCallAvailable=true, mIsEmergencyOnly=false, isUsingCarrierAggregation=false, mArfcnRsrpBoost=0, mNetworkRegistrationInfos=[NetworkRegistrationInfo{ domain=CS transportType=WWAN registrationState=HOME roamingType=NOT_ROAMING accessNetworkTechnology=LTE rejectCause=0 emergencyEnabled=false availableServices=[VOICE,SMS,VIDEO] cellIdentity=CellIdentityLte:{ mCi=2******14 mPci=2147483647 mTac=4***5 mEarfcn=2950 mBands=[7] mBandwidth=2147483647 mMcc=724 mMnc=05 mAlphaLong=CLARO BR mAlphaShort=CLARO BR mAdditionalPlmns={} mCsgInfo=null} voiceSpecificInfo=VoiceSpecificRegistrationInfo { mCssSupported=false mRoamingIndicator=0 mSystemIsInPrl=0 mDefaultRoamingIndicator=0} dataSpecificInfo=null nrState=**** rRplmn=72405 isUsingCarrierAggregation=false}, NetworkRegistrationInfo{ domain=PS transportType=WWAN registrationState=HOME roamingType=NOT_ROAMING accessNetworkTechnology=LTE rejectCause=0 emergencyEnabled=false availableServices=[DATA] cellIdentity=CellIdentityLte:{ mCi=2******14 mPci=0 mTac=4***5 mEarfcn=2950 mBands=[7] mBandwidth=2147483647 mMcc=724 mMnc=05 mAlphaLong=CLARO BR mAlphaShort=CLARO BR mAdditionalPlmns={} mCsgInfo=null} voiceSpecificInfo=null dataSpecificInfo=android.telephony.DataSpecificRegistrationInfo :{ maxDataCalls = 16 isDcNrRestricted = false isNrAvailable = false isEnDcAvailable = false LteVopsSupportInfo :  mVopsSupport = 2 mEmcBearerSupport = 2 } nrState=**** rRplmn=72405 isUsingCarrierAggregation=false}], mNrFrequencyRange=0, mOperatorAlphaLongRaw=CLARO BR, mOperatorAlphaShortRaw=CLARO BR, mIsDataRoamingFromRegistration=false, mIsIwlanPreferred=false} subId=2
10-27 10:06:50.932  1737  1737 D MultiSIMController: MESSAGE_UPDATE_SERVICE_STATE
10-27 10:06:50.933  2025  2216 I GeolocationCon<0>: onNetworkCountryIsoChanged: mCountryIso = br, iso = br
10-27 10:06:50.934  1187  1187 D SemWifiService: received: android.intent.action.SERVICE_STATE
10-27 10:06:50.935  1187  1337 W BroadcastQueue: Permission Denial: receiving Intent { act=android.intent.action.SERVICE_STATE flg=0x1000010 (has extras) } to com.google.android.cellbroadcastreceiver/com.android.cellbroadcastreceiver.CellBroadcastReceiver requires android.permission.READ_PHONE_STATE due to sender android (uid 1001)
10-27 10:06:50.936  1187  3218 W ActivityManager: Broadcast Intent { act=com.sec.intent.action.CP_CHAN_INFO flg=0x1000010 (has extras) } not ordered but result callback requested!
10-27 10:06:50.937  1187  3231 W ContextImpl: Calling a method in the system process without a qualified user: android.app.ContextImpl.sendBroadcastMultiplePermissions:1335 android.content.Context.sendBroadcastMultiplePermissions:2285 com.android.server.TelephonyRegistry.broadcastServiceStateChanged:3141 com.android.server.TelephonyRegistry.notifyServiceStateForPhoneId:1630 com.android.internal.telephony.ITelephonyRegistry$Stub.onTransact:499 
10-27 10:06:50.939  1187  3231 W ContextImpl: Calling a method in the system process without a qualified user: android.app.ContextImpl.sendBroadcastMultiplePermissions:1335 android.content.Context.sendBroadcastMultiplePermissions:2285 com.android.server.TelephonyRegistry.broadcastServiceStateChanged:3145 com.android.server.TelephonyRegistry.notifyServiceStateForPhoneId:1630 com.android.internal.telephony.ITelephonyRegistry$Stub.onTransact:499 
10-27 10:06:50.940  1187  1337 W BroadcastQueue: Appop Denial: receiving Intent { act=android.intent.action.SERVICE_STATE flg=0x1000010 (has extras) } to ProcessRecord{3e7c7cd 1187:system/1000} (pid=1187, uid=1000) excludes appop android:read_phone_state due to sender android (uid 1001)
10-27 10:06:50.941  1187  1337 W BroadcastQueue: Appop Denial: receiving Intent { act=android.intent.action.SERVICE_STATE flg=0x1000010 (has extras) } to ProcessRecord{6226a1b 1737:com.android.systemui/u0a107} (pid=1737, uid=10107) excludes appop android:read_phone_state due to sender android (uid 1001)
10-27 10:06:50.943   840  1007 D SemNativeCarrierFeature_vendor: getInstance
10-27 10:06:50.945   840  1007 D SemNativeCarrierFeature_vendor: getInstance
10-27 10:06:50.949  1187  1337 W BroadcastQueue: Appop Denial: receiving Intent { act=android.intent.action.SERVICE_STATE flg=0x1000010 (has extras) } to ProcessRecord{3053f42 1711:com.android.phone/1001} (pid=1711, uid=1001) excludes appop android:read_phone_state due to sender android (uid 1001)
10-27 10:06:50.949  1711  1711 I Telephony: TelecomAccountRegistry$AccountEntry: isRttCurrentlySupported -- regular acct,, hasVoiceAvailability: false, isRttSupported: false, alwaysAllowWhileRoaming: false, isRoaming: false, isOnWfc: false
10-27 10:06:50.949  1187  1337 W BroadcastQueue: Appop Denial: receiving Intent { act=android.intent.action.SERVICE_STATE flg=0x1000010 (has extras) } to ProcessRecord{3053f42 1711:com.android.phone/1001} (pid=1711, uid=1001) excludes appop android:read_phone_state due to sender android (uid 1001)
10-27 10:06:50.950  1187  1337 W BroadcastQueue: Appop Denial: receiving Intent { act=android.intent.action.SERVICE_STATE flg=0x1000010 (has extras) } to ProcessRecord{3053f42 1711:com.android.phone/1001} (pid=1711, uid=1001) excludes appop android:read_phone_state due to sender android (uid 1001)
10-27 10:06:50.951  1187  1337 W BroadcastQueue: Appop Denial: receiving Intent { act=android.intent.action.SERVICE_STATE flg=0x1000010 (has extras) } to ProcessRecord{3e7c7cd 1187:system/1000} (pid=1187, uid=1000) excludes appop android:read_phone_state due to sender android (uid 1001)
10-27 10:06:50.951  1711  1711 I Telephony: TelecomAccountRegistry$AccountEntry: isRttCurrentlySupported -- regular acct,, hasVoiceAvailability: false, isRttSupported: false, alwaysAllowWhileRoaming: false, isRoaming: false, isOnWfc: false
10-27 10:06:50.952  1711  1711 V PhoneGlobals: handleServiceStateChanged
10-27 10:06:50.952  1711  1711 D NotificationMgr: updateNetworkSelection, Use Samsung codes instead of AOSP codes
10-27 10:06:50.952  1711  1711 V PhoneGlobals: subId=2, mDefaultDataSubId=-1, ss roaming=false
10-27 10:06:50.952  1187  1337 W BroadcastQueue: Appop Denial: receiving Intent { act=android.intent.action.SERVICE_STATE flg=0x1000010 (has extras) } to ProcessRecord{3e7c7cd 1187:system/1000} (pid=1187, uid=1000) excludes appop android:fine_location due to sender android (uid 1001)
10-27 10:06:50.953  1187  1337 W BroadcastQueue: Appop Denial: receiving Intent { act=android.intent.action.SERVICE_STATE flg=0x1000010 (has extras) } to ProcessRecord{6226a1b 1737:com.android.systemui/u0a107} (pid=1737, uid=10107) excludes appop android:fine_location due to sender android (uid 1001)
10-27 10:06:50.954  1187  1337 W BroadcastQueue: Appop Denial: receiving Intent { act=android.intent.action.SERVICE_STATE flg=0x1000010 (has extras) } to ProcessRecord{3053f42 1711:com.android.phone/1001} (pid=1711, uid=1001) excludes appop android:fine_location due to sender android (uid 1001)
10-27 10:06:50.954  1187  1337 W BroadcastQueue: Appop Denial: receiving Intent { act=android.intent.action.SERVICE_STATE flg=0x1000010 (has extras) } to ProcessRecord{3053f42 1711:com.android.phone/1001} (pid=1711, uid=1001) excludes appop android:fine_location due to sender android (uid 1001)
10-27 10:06:50.955  1187  1337 W BroadcastQueue: Appop Denial: receiving Intent { act=android.intent.action.SERVICE_STATE flg=0x1000010 (has extras) } to ProcessRecord{3053f42 1711:com.android.phone/1001} (pid=1711, uid=1001) excludes appop android:fine_location due to sender android (uid 1001)
10-27 10:06:50.957  1187  1337 W BroadcastQueue: Appop Denial: receiving Intent { act=android.intent.action.SERVICE_STATE flg=0x1000010 (has extras) } to ProcessRecord{3e7c7cd 1187:system/1000} (pid=1187, uid=1000) excludes appop android:fine_location due to sender android (uid 1001)
10-27 10:06:50.958  1187  1337 W BroadcastQueue: Appop Denial: receiving Intent { act=android.intent.action.SERVICE_STATE flg=0x1000010 (has extras) } to ProcessRecord{3e7c7cd 1187:system/1000} (pid=1187, uid=1000) excludes appop android:read_phone_state due to sender android (uid 1001)
10-27 10:06:50.958  1187  1337 W BroadcastQueue: Appop Denial: receiving Intent { act=android.intent.action.SERVICE_STATE flg=0x1000010 (has extras) } to ProcessRecord{6226a1b 1737:com.android.systemui/u0a107} (pid=1737, uid=10107) excludes appop android:read_phone_state due to sender android (uid 1001)
10-27 10:06:50.959  1187  1337 W BroadcastQueue: Appop Denial: receiving Intent { act=android.intent.action.SERVICE_STATE flg=0x1000010 (has extras) } to ProcessRecord{3053f42 1711:com.android.phone/1001} (pid=1711, uid=1001) excludes appop android:read_phone_state due to sender android (uid 1001)
10-27 10:06:50.959  1187  1337 W BroadcastQueue: Appop Denial: receiving Intent { act=android.intent.action.SERVICE_STATE flg=0x1000010 (has extras) } to ProcessRecord{3053f42 1711:com.android.phone/1001} (pid=1711, uid=1001) excludes appop android:read_phone_state due to sender android (uid 1001)
10-27 10:06:50.960  1187  1337 W BroadcastQueue: Appop Denial: receiving Intent { act=android.intent.action.SERVICE_STATE flg=0x1000010 (has extras) } to ProcessRecord{3053f42 1711:com.android.phone/1001} (pid=1711, uid=1001) excludes appop android:read_phone_state due to sender android (uid 1001)
10-27 10:06:50.961  1187  1337 W BroadcastQueue: Appop Denial: receiving Intent { act=android.intent.action.SERVICE_STATE flg=0x1000010 (has extras) } to ProcessRecord{3e7c7cd 1187:system/1000} (pid=1187, uid=1000) excludes appop android:read_phone_state due to sender android (uid 1001)
10-27 10:06:50.961  1187  1337 W BroadcastQueue: Permission Denial: receiving Intent { act=android.intent.action.SERVICE_STATE flg=0x1000010 (has extras) } to com.google.android.cellbroadcastreceiver/com.android.cellbroadcastreceiver.CellBroadcastReceiver requires android.permission.ACCESS_FINE_LOCATION due to sender android (uid 1001)
10-27 10:06:50.963  1711  2439 I System.out: Broadcast completed: result=0
10-27 10:06:50.964  1187  1337 W BroadcastQueue: Permission Denial: receiving Intent { act=android.intent.action.SERVICE_STATE flg=0x1000010 (has extras) } to com.google.android.cellbroadcastreceiver/com.android.cellbroadcastreceiver.CellBroadcastReceiver requires android.permission.READ_PHONE_STATE due to sender android (uid 1001)
10-27 10:06:50.969 19764 19764 D CellBroadcastReceiver: onReceive Intent { act=android.intent.action.SERVICE_STATE flg=0x1000010 cmp=com.google.android.cellbroadcastreceiver/com.android.cellbroadcastreceiver.CellBroadcastReceiver (has extras) }
10-27 10:06:50.970 19764 19764 D CellBroadcastReceiver: onServiceStateChanged, ss: 0
10-27 10:06:50.970 19764 19764 D CellBroadcastReceiver: networkOperator: 72405
10-27 10:06:50.971 19764 19764 D CellBroadcastReceiver: update supported roaming operator as 
10-27 10:06:50.976  1737  1942 D MobileStatusTracker(0/2): onSignalStrengthsChanged level=4, vendorLevel=3
10-27 10:06:50.977   840  1007 D SemNativeCarrierFeature_vendor: getInstance
10-27 10:06:50.979  1737  1942 D MobileSignalController(0/2): notifyListener: enabled=true, connected=true, dataConnected=true, networkType=LTE (4G), emergencyOnly=false, roaming=false, isDefault=true, dataActivity=, level=3, ca=false, mmWave=false, disabledDataIcon=false, simCard=ETC
10-27 10:06:50.979  1737  1942 D NetworkController: SignalStrength from intent slotId=0
10-27 10:06:50.980   840   865 D SemNativeCarrierFeature_vendor: getInstance
10-27 10:06:50.983   840  1007 D SemNativeCarrierFeature_vendor: getInstance
10-27 10:06:50.987   840   865 D SemNativeCarrierFeature_vendor: getInstance
10-27 10:06:50.992  2025  2216 I PhoneStateTracker<0>: onCellInfoChanged: xxxxx
10-27 10:06:50.993  2025  2216 I ImsCallSessionManager: onCellInfoChanged, phoneId: 0
10-27 10:06:50.993  2025  2216 I RegiMgr-Handler: handleMessage: EVENT_CELL_INFO_CHANGED
10-27 10:06:50.993  2025  2216 I RegiMgr<0>: updatePani RegisterTask[0][mProfile=ZTA IMS VoLTE, mRegistrationRat=13, mPdnType=11, mState=CONNECTING, mObject=null, mReason=, mPcscfHostname=null, mDeregiReason=41]
10-27 10:06:50.994  2025  2216 I PaniGenerator<0>: generate: subId=2, network=13
10-27 10:06:50.994  2025  2216 I PaniGenerator<0>: generate: network=13, fallbackPlmn=72405
10-27 10:06:50.994  2025  2216 I PdnController<0>: getAllCellInfo mNeedCellLocationUpdate : false
10-27 10:06:50.995  2025  2216 I PaniGenerator: generate: change to NW PLMN(72405)
10-27 10:06:51.008  2025  2216 I RegiMgr<0>: tryRegister:
10-27 10:06:51.008  2025  2216 I RegiMgr<0>: RegisterTask(s): ZTA IMS VoLTE (CONNECTING), ZTA RCS (IDLE)
10-27 10:06:51.009  2025  2216 I RegiMgr<1>: RegisterTask(s): Oi RCS (IDLE)
10-27 10:06:51.009  2025  2216 I RcsPolicyMgr<0>: pendingRcsRegister: mActiveDataPhoneId = 0
10-27 10:06:51.009  2025  2216 I RegisterTask: isSuspended: mSuspended(false) mSuspendByIrat(false)
10-27 10:06:51.009  2025  2216 I RegiMgr<0>: [ZTA IMS VoLTE|CONNECTING] checkForTryRegister id: 966
10-27 10:06:51.009  2025  2216 I RegiMgr : isPdnConnected: false, PdnType: 11
10-27 10:06:51.020  1187  1187 D SemWifiService: onServiceStateChanged : state - 0, dataNetworkType : 13
10-27 10:06:51.020  1187  1944 D SLocation: CellLocationManager - onServiceStateChanged 0
10-27 10:06:51.024  1737  1942 D MobileStatusTracker(0/2): onServiceStateChanged voiceState=0 dataState=0
10-27 10:06:51.026  1737  1942 D MobileSignalController(0/2): notifyListener: enabled=true, connected=true, dataConnected=true, networkType=LTE (4G), emergencyOnly=false, roaming=false, isDefault=true, dataActivity=, level=3, ca=false, mmWave=false, disabledDataIcon=false, simCard=ETC
10-27 10:06:51.028  1187  1187 D SemWifiApServiceImpl: onServiceStateChanged : 0dataNetworkType : 13
10-27 10:06:51.028  1737  1737 D KeyguardUpdateMonitor: handleServiceStateChange(subId=2, serviceState={mVoiceRegState=0(IN_SERVICE), mDataRegState=0(IN_SERVICE), mChannelNumber=2950, duplexMode()=1, mCellBandwidths=[10000], mOperatorAlphaLong=CLARO BR, mOperatorAlphaShort=CLARO BR, isManualNetworkSelection=false(automatic), getRilVoiceRadioTechnology=14(LTE), getRilDataRadioTechnology=14(LTE), mCssIndicator=unsupported, mNetworkId=*1, mSystemId=*1, mCdmaRoamingIndicator=-1, mCdmaDefaultRoamingIndicator=-1, VoiceRegType=0, Snap=0, MobileData=IN_SERVICE, MobileDataRoamingType=home, MobileDataRat=LTE, PsOnly=false, FemtocellInd=0, SprDisplayRoam=false, OptRadioTech=0, MsimSubmode=0, IsVoiceCallAvailable=true, mIsEmergencyOnly=false, isUsingCarrierAggregation=false, mArfcnRsrpBoost=0, mNetworkRegistrationInfos=[NetworkRegistrationInfo{ domain=CS transportType=WWAN registrationState=HOME roamingType=NOT_ROAMING accessNetworkTechnology=LTE rejectCause=0 emergencyEnabled=false availableServices=[VOICE,SMS,VIDEO] cellIdentity=CellIdentityLte:{ mCi=2******14 mPci=2147483647 mTac=4***5 mEarfcn=2950 mBands=[7] mBandwidth=2147483647 mMcc=724 mMnc=05 mAlphaLong=CLARO BR mAlphaShort=CLARO BR mAdditionalPlmns={} mCsgInfo=null} voiceSpecificInfo=VoiceSpecificRegistrationInfo { mCssSupported=false mRoamingIndicator=0 mSystemIsInPrl=0 mDefaultRoamingIndicator=0} dataSpecificInfo=null nrState=**** rRplmn=72405 isUsingCarrierAggregation=false}, NetworkRegistrationInfo{ domain=PS transportType=WWAN registrationState=HOME roamingType=NOT_ROAMING accessNetworkTechnology=LTE rejectCause=0 emergencyEnabled=false availableServices=[DATA] cellIdentity=CellIdentityLte:{ mCi=2******14 mPci=0 mTac=4***5 mEarfcn=2950 mBands=[7] mBandwidth=2147483647 mMcc=724 mMnc=05 mAlphaLong=CLARO BR mAlphaShort=CLARO BR mAdditionalPlmns={} mCsgInfo=null} voiceSpecificInfo=null dataSpecificInfo=android.telephony.DataSpecificRegistrationInfo :{ maxDataCalls = 16 isDcNrRestricted = false isNrAvailable = false isEnDcAvailable = false LteVopsSupportInfo :  mVopsSupport = 2 mEmcBearerSupport = 2 } nrState=**** rRplmn=72405 isUsingCarrierAggregation=false}], mNrFrequencyRange=0, mOperatorAlphaLongRaw=CLARO BR, mOperatorAlphaShortRaw=CLARO BR, mIsDataRoamingFromRegistration=false, mIsIwlanPreferred=false}
10-27 10:06:51.028  1737  1737 D CarrierTextController: onRefreshCarrierInfo(), mTelephonyCapable: true
10-27 10:06:51.028  1737  1737 D CarrierTextController: updateCarrierText(): 2
10-27 10:06:51.028  1737  1737 D CarrierTextController: Handling (subId=2): 5 Claro BR
10-27 10:06:51.028  1737  1737 D CarrierTextController: carrierTextForSimState = Claro BR
