10-20 20:26:52.572 24250 24265 I CameraManagerGlobal: Camera 1 facing CAMERA_FACING_FRONT state now CAMERA_STATE_CLOSED for client com.whatsapp API Level 2User Id 0
10-20 20:26:52.574 24250 24264 I CameraManagerGlobal: Camera 20 facing CAMERA_FACING_BACK state now CAMERA_STATE_CLOSED for client android.system API Level 2User Id 0
10-20 20:26:52.576 24250 24264 I CameraManagerGlobal: Camera 52 facing CAMERA_FACING_BACK state now CAMERA_STATE_CLOSED for client android.system API Level 2User Id 0
10-20 20:26:52.578 24250 24264 I CameraManagerGlobal: Camera 60 facing CAMERA_FACING_BACK state now CAMERA_STATE_CLOSED for client android.system API Level 2User Id 0
10-20 20:26:52.622 24250 24362 D QuirkSettingsLoader: QuirkSettings$MetadataHolderService is not found.
10-20 20:26:52.622 24250 24362 D CameraX : QuirkSettings from app metadata: null
10-20 20:26:52.625 24250 24362 D CameraX : QuirkSettings by default: QuirkSettings{enabledWhenDeviceHasQuirk=true, forceEnabledQuirks=[], forceDisabledQuirks=[]}
10-20 20:26:52.680 24250 24364 D DeviceQuirks: camera2 DeviceQuirks = InvalidVideoProfilesQuirk
10-20 20:26:52.767  4881  7366 I AppsEdge.Badge: getBadgeIconType 0
10-20 20:26:52.772 24093 24125 I BadgeProvider: query, [selection] : null
10-20 20:26:52.778  4881  7366 I AppsEdge.Badge: key=com.android.phone:0 count=1
10-20 20:26:52.778  4881  7366 I AppsEdge.Badge: key=com.google.android.gms:0 count=1
10-20 20:26:52.786  2521  2618 D MobileStatusTracker(1/1): onSignalStrengthsChanged level=4, vendorLevel=4
10-20 20:26:52.789  2521  2618 D MobileSignalController(1/1): notifyListener: enabled=true, connected=true, dataConnected=false, networkType=UMTS (3G), emergencyOnly=true, roaming=false, isDefault=false, dataActivity=, level=4, ca=false, mmWave=false, disabledDataIcon=false, simCard=ETC
10-20 20:26:52.789  2521  2618 D NetworkController: SignalStrength from intent slotId=1
10-20 20:26:52.803 24250 24364 D CameraRepository: Added camera: 0
10-20 20:26:52.833 24250 24364 D CameraQuirks: camera2 CameraQuirks = 
10-20 20:26:52.885 24250 24364 I Camera2CameraInfo: Device Level: INFO_SUPPORTED_HARDWARE_LEVEL_3
10-20 20:26:52.900 24250 24364 I CameraManager: registerAvailabilityCallback: Is device callback = false
10-20 20:26:52.902 24250 24364 I CameraManagerGlobal: postSingleUpdate device: camera id 0 status STATUS_PRESENT
10-20 20:26:52.905 24250 24364 I CameraManagerGlobal: postSingleUpdate device: camera id 1 status STATUS_PRESENT
10-20 20:26:52.907 24250 24364 D CameraRepository: Added camera: 1
10-20 20:26:52.911 24250 24364 D CameraQuirks: camera2 CameraQuirks = 
10-20 20:26:52.914 24250 24364 I Camera2CameraInfo: Device Level: INFO_SUPPORTED_HARDWARE_LEVEL_3
10-20 20:26:52.916 24250 24364 I CameraManager: registerAvailabilityCallback: Is device callback = false
10-20 20:26:52.917 24250 24364 I CameraManagerGlobal: postSingleUpdate device: camera id 0 status STATUS_PRESENT
10-20 20:26:52.919 24250 24364 I CameraManagerGlobal: postSingleUpdate device: camera id 1 status STATUS_PRESENT
10-20 20:26:52.924 24250 24364 D CameraValidator: Verifying camera lens facing on a03s, lensFacingInteger: null
10-20 20:26:52.932 24250 24366 I CameraDevices: Initializing ExtensionsManager...
10-20 20:26:52.997 24250 24366 D ExtenderVersion: No versioning extender found. Falling back to default.
10-20 20:26:53.002 24250 24366 I CameraDevices: Successfully initialized!
10-20 20:26:53.035 24250 24338 W unknown:BridgelessReact: ReactHost{0}.getOrCreateReactInstanceTask(): Loading JS Bundle
10-20 20:26:53.063   543   543 D io_stats: !@ 179,0 r 464972643 5650842438 w 80599324 844878028 d 1258359 33785876 f 0 0 iot 231208156 0 th 0 0 0 pt 0 inp 0 1 2552210.365
10-20 20:26:53.095 24250 24366 D DeviceQuirks: video DeviceQuirks = NegativeLatLongSavesIncorrectlyQuirk
10-20 20:26:53.100 24250 24366 D CompatibilityChangeReporter: Compat change id reported: 206033068; UID 11011; state: ENABLED
10-20 20:26:53.103 24250 24366 D Camera2EncoderProfilesProvider: EncoderProfiles contains invalid video profiles, use CamcorderProfile to create EncoderProfilesProxy.
10-20 20:26:53.104 24250 24366 W EncoderProfilesProxyCompat: Should use from(EncoderProfiles) on API 33instead. CamcorderProfile is deprecated on API 31.
10-20 20:26:53.110 24250 24366 D CapabilitiesByQuality: profiles = ImmutableEncoderProfilesProxy{defaultDurationSeconds=30, recommendedFileFormat=2, audioProfiles=[AudioProfileProxy{codec=3, mediaType=audio/mp4a-latm, bitrate=128000, sampleRate=48000, channels=1, profile=2}], videoProfiles=[VideoProfileProxy{codec=2, mediaType=video/avc, bitrate=17000000, frameRate=30, width=1920, height=1080, profile=-1, bitDepth=8, chromaSubsampling=0, hdrFormat=0}]}
10-20 20:26:53.111 24250 24366 D Camera2EncoderProfilesProvider: EncoderProfiles contains invalid video profiles, use CamcorderProfile to create EncoderProfilesProxy.
10-20 20:26:53.112 24250 24366 W EncoderProfilesProxyCompat: Should use from(EncoderProfiles) on API 33instead. CamcorderProfile is deprecated on API 31.
10-20 20:26:53.113 24250 24366 D CapabilitiesByQuality: profiles = ImmutableEncoderProfilesProxy{defaultDurationSeconds=30, recommendedFileFormat=2, audioProfiles=[AudioProfileProxy{codec=3, mediaType=audio/mp4a-latm, bitrate=128000, sampleRate=48000, channels=1, profile=2}], videoProfiles=[VideoProfileProxy{codec=2, mediaType=video/avc, bitrate=9000000, frameRate=30, width=1280, height=720, profile=-1, bitDepth=8, chromaSubsampling=0, hdrFormat=0}]}
10-20 20:26:53.114 24250 24366 D Camera2EncoderProfilesProvider: EncoderProfiles contains invalid video profiles, use CamcorderProfile to create EncoderProfilesProxy.
10-20 20:26:53.115 24250 24366 W EncoderProfilesProxyCompat: Should use from(EncoderProfiles) on API 33instead. CamcorderProfile is deprecated on API 31.
10-20 20:26:53.116 24250 24366 D CapabilitiesByQuality: profiles = ImmutableEncoderProfilesProxy{defaultDurationSeconds=30, recommendedFileFormat=2, audioProfiles=[AudioProfileProxy{codec=3, mediaType=audio/mp4a-latm, bitrate=128000, sampleRate=48000, channels=1, profile=2}], videoProfiles=[VideoProfileProxy{codec=2, mediaType=video/avc, bitrate=4500000, frameRate=30, width=640, height=480, profile=-1, bitDepth=8, chromaSubsampling=0, hdrFormat=0}]}
10-20 20:26:53.125 24250 24338 E unknown:ReactNative: Exception in native call
10-20 20:26:53.125 24250 24338 E unknown:ReactNative: java.lang.RuntimeException: Unable to load script.
10-20 20:26:53.125 24250 24338 E unknown:ReactNative: 
10-20 20:26:53.125 24250 24338 E unknown:ReactNative: Make sure you're running Metro or that your bundle 'index.android.bundle' is packaged correctly for release.
10-20 20:26:53.125 24250 24338 E unknown:ReactNative: 
10-20 20:26:53.125 24250 24338 E unknown:ReactNative: The device must either be USB connected (with bundler set to "localhost:8081") or be on the same Wi-Fi network as your computer (with bundler set to your computer IP) to connect to Metro.
10-20 20:26:53.125 24250 24338 E unknown:ReactNative: 
10-20 20:26:53.125 24250 24338 E unknown:ReactNative: If you're using USB on a physical device, make sure you also run this command:
10-20 20:26:53.125 24250 24338 E unknown:ReactNative:   adb reverse tcp:8081 tcp:8081
10-20 20:26:53.125 24250 24338 E unknown:ReactNative: 	at com.facebook.react.runtime.ReactInstance.loadJSBundleFromAssets(Native Method)
10-20 20:26:53.125 24250 24338 E unknown:ReactNative: 	at com.facebook.react.runtime.ReactInstance.access$loadJSBundleFromAssets(ReactInstance.kt:85)
10-20 20:26:53.125 24250 24338 E unknown:ReactNative: 	at com.facebook.react.runtime.ReactInstance$loadJSBundle$1.loadScriptFromAssets(ReactInstance.kt:314)
10-20 20:26:53.125 24250 24338 E unknown:ReactNative: 	at com.facebook.react.bridge.JSBundleLoader$Companion$createAssetLoader$1.loadScript(JSBundleLoader.kt:33)
10-20 20:26:53.125 24250 24338 E unknown:ReactNative: 	at com.facebook.react.runtime.ReactInstance.loadJSBundle(ReactInstance.kt:293)
10-20 20:26:53.125 24250 24338 E unknown:ReactNative: 	at com.facebook.react.runtime.ReactHostImpl.getOrCreateReactInstanceTask$lambda$41$lambda$38(ReactHostImpl.kt:939)
10-20 20:26:53.125 24250 24338 E unknown:ReactNative: 	at com.facebook.react.runtime.ReactHostImpl.$r8$lambda$LQY77bFECGrnkUqd7Ku55sJ721A(Unknown Source:0)
10-20 20:26:53.125 24250 24338 E unknown:ReactNative: 	at com.facebook.react.runtime.ReactHostImpl$$ExternalSyntheticLambda22.then(D8$$SyntheticClass:0)
10-20 20:26:53.125 24250 24338 E unknown:ReactNative: 	at com.facebook.react.runtime.internal.bolts.Task$Companion.completeImmediately$lambda$3(Task.kt:356)
10-20 20:26:53.125 24250 24338 E unknown:ReactNative: 	at com.facebook.react.runtime.internal.bolts.Task$Companion.$r8$lambda$b7MTC0ufkn_2TjF4BGcNqGR9qK0(Unknown Source:0)
10-20 20:26:53.125 24250 24338 E unknown:ReactNative: 	at com.facebook.react.runtime.internal.bolts.Task$Companion$$ExternalSyntheticLambda3.run(D8$$SyntheticClass:0)
10-20 20:26:53.125 24250 24338 E unknown:ReactNative: 	at com.facebook.react.runtime.internal.bolts.Executors$ImmediateExecutor.execute(Executors.kt:41)
10-20 20:26:53.125 24250 24338 E unknown:ReactNative: 	at com.facebook.react.runtime.internal.bolts.Task$Companion.completeImmediately(Task.kt:354)
10-20 20:26:53.125 24250 24338 E unknown:ReactNative: 	at com.facebook.react.runtime.internal.bolts.Task$Companion.access$completeImmediately(Task.kt:250)
10-20 20:26:53.125 24250 24338 E unknown:ReactNative: 	at com.facebook.react.runtime.internal.bolts.Task.continueWith(Task.kt:132)
10-20 20:26:53.125 24250 24338 E unknown:ReactNative: 	at com.facebook.react.runtime.internal.bolts.Task.continueWith$default(Task.kt:117)
10-20 20:26:53.125 24250 24338 E unknown:ReactNative: 	at com.facebook.react.runtime.internal.bolts.Task.onSuccess$lambda$12(Task.kt:174)
10-20 20:26:53.125 24250 24338 E unknown:ReactNative: 	at com.facebook.react.runtime.internal.bolts.Task.$r8$lambda$l0wwo5AvbHxlwfI1R7CH_codxoo(Unknown Source:0)
10-20 20:26:53.125 24250 24338 E unknown:ReactNative: 	at com.facebook.react.runtime.internal.bolts.Task$$ExternalSyntheticLambda2.then(D8$$SyntheticClass:0)
10-20 20:26:53.125 24250 24338 E unknown:ReactNative: 	at com.facebook.react.runtime.internal.bolts.Task$Companion.completeAfterTask$lambda$5(Task.kt:390)
10-20 20:26:53.125 24250 24338 E unknown:ReactNative: 	at com.facebook.react.runtime.internal.bolts.Task$Companion.$r8$lambda$IPpysnehFwANEiW061YzapkMdoE(Unknown Source:0)
10-20 20:26:53.125 24250 24338 E unknown:ReactNative: 	at com.facebook.react.runtime.internal.bolts.Task$Companion$$ExternalSyntheticLambda4.run(D8$$SyntheticClass:0)
10-20 20:26:53.125 24250 24338 E unknown:ReactNative: 	at java.util.concurrent.ThreadPoolExecutor.runWorker(ThreadPoolExecutor.java:1145)
10-20 20:26:53.125 24250 24338 E unknown:ReactNative: 	at java.util.concurrent.ThreadPoolExecutor$Worker.run(ThreadPoolExecutor.java:644)
10-20 20:26:53.125 24250 24338 E unknown:ReactNative: 	at java.lang.Thread.run(Thread.java:1012)
10-20 20:26:53.138 24250 24250 E unknown:ReactNative: Unable to launch redbox because react activity is not available, here is the error that redbox would've displayed: Unable to load script.
10-20 20:26:53.138 24250 24250 E unknown:ReactNative: 
10-20 20:26:53.138 24250 24250 E unknown:ReactNative: Make sure you're running Metro or that your bundle 'index.android.bundle' is packaged correctly for release.
10-20 20:26:53.138 24250 24250 E unknown:ReactNative: 
10-20 20:26:53.138 24250 24250 E unknown:ReactNative: The device must either be USB connected (with bundler set to "localhost:8081") or be on the same Wi-Fi network as your computer (with bundler set to your computer IP) to connect to Metro.
10-20 20:26:53.138 24250 24250 E unknown:ReactNative: 
10-20 20:26:53.138 24250 24250 E unknown:ReactNative: If you're using USB on a physical device, make sure you also run this command:
10-20 20:26:53.138 24250 24250 E unknown:ReactNative:   adb reverse tcp:8081 tcp:8081
10-20 20:26:53.138 24250 24250 E unknown:ReactNative: Unable to launch redbox because react activity and react context is not available, here is the error that redbox would've displayed: Unable to load script.
10-20 20:26:53.138 24250 24250 E unknown:ReactNative: 
10-20 20:26:53.138 24250 24250 E unknown:ReactNative: Make sure you're running Metro or that your bundle 'index.android.bundle' is packaged correctly for release.
10-20 20:26:53.138 24250 24250 E unknown:ReactNative: 
10-20 20:26:53.138 24250 24250 E unknown:ReactNative: The device must either be USB connected (with bundler set to "localhost:8081") or be on the same Wi-Fi network as your computer (with bundler set to your computer IP) to connect to Metro.
10-20 20:26:53.138 24250 24250 E unknown:ReactNative: 
10-20 20:26:53.138 24250 24250 E unknown:ReactNative: If you're using USB on a physical device, make sure you also run this command:
10-20 20:26:53.138 24250 24250 E unknown:ReactNative:   adb reverse tcp:8081 tcp:8081
10-20 20:26:53.138 24250 24338 W unknown:BridgelessReact: ReactHost{0}.getOrCreateDestroyTask()
10-20 20:26:53.139 24250 24338 W unknown:BridgelessReact: ReactHost{0}.raiseSoftException(getOrCreateDestroyTask()): getOrCreateStartTask() failure: Unable to load script.
10-20 20:26:53.139 24250 24338 W unknown:BridgelessReact: 
10-20 20:26:53.139 24250 24338 W unknown:BridgelessReact: Make sure you're running Metro or that your bundle 'index.android.bundle' is packaged correctly for release.
10-20 20:26:53.139 24250 24338 W unknown:BridgelessReact: 
10-20 20:26:53.139 24250 24338 W unknown:BridgelessReact: The device must either be USB connected (with bundler set to "localhost:8081") or be on the same Wi-Fi network as your computer (with bundler set to your computer IP) to connect to Metro.
10-20 20:26:53.139 24250 24338 W unknown:BridgelessReact: 
10-20 20:26:53.139 24250 24338 W unknown:BridgelessReact: If you're using USB on a physical device, make sure you also run this command:
10-20 20:26:53.139 24250 24338 W unknown:BridgelessReact:   adb reverse tcp:8081 tcp:8081
10-20 20:26:53.155 24250 24338 E unknown:ReactHost: Unhandled SoftException
10-20 20:26:53.155 24250 24338 E unknown:ReactHost: com.facebook.react.bridge.ReactNoCrashSoftException: raiseSoftException(getOrCreateDestroyTask()): getOrCreateStartTask() failure: Unable to load script.
10-20 20:26:53.155 24250 24338 E unknown:ReactHost: 
10-20 20:26:53.155 24250 24338 E unknown:ReactHost: Make sure you're running Metro or that your bundle 'index.android.bundle' is packaged correctly for release.
10-20 20:26:53.155 24250 24338 E unknown:ReactHost: 
10-20 20:26:53.155 24250 24338 E unknown:ReactHost: The device must either be USB connected (with bundler set to "localhost:8081") or be on the same Wi-Fi network as your computer (with bundler set to your computer IP) to connect to Metro.
10-20 20:26:53.155 24250 24338 E unknown:ReactHost: 
10-20 20:26:53.155 24250 24338 E unknown:ReactHost: If you're using USB on a physical device, make sure you also run this command:
10-20 20:26:53.155 24250 24338 E unknown:ReactHost:   adb reverse tcp:8081 tcp:8081
10-20 20:26:53.155 24250 24338 E unknown:ReactHost: 	at com.facebook.react.runtime.ReactHostImpl.raiseSoftException(ReactHostImpl.kt:787)
10-20 20:26:53.155 24250 24338 E unknown:ReactHost: 	at com.facebook.react.runtime.ReactHostImpl.getOrCreateDestroyTask(ReactHostImpl.kt:1311)
10-20 20:26:53.155 24250 24338 E unknown:ReactHost: 	at com.facebook.react.runtime.ReactHostImpl.getOrCreateStartTask$lambda$26(ReactHostImpl.kt:763)
10-20 20:26:53.155 24250 24338 E unknown:ReactHost: 	at com.facebook.react.runtime.ReactHostImpl.$r8$lambda$SMiOuAKwRq8TM--uBrEcjRjGVZM(Unknown Source:0)
10-20 20:26:53.155 24250 24338 E unknown:ReactHost: 	at com.facebook.react.runtime.ReactHostImpl$$ExternalSyntheticLambda24.then(D8$$SyntheticClass:0)
10-20 20:26:53.155 24250 24338 E unknown:ReactHost: 	at com.facebook.react.runtime.internal.bolts.Task$Companion.completeAfterTask$lambda$5(Task.kt:390)
10-20 20:26:53.155 24250 24338 E unknown:ReactHost: 	at com.facebook.react.runtime.internal.bolts.Task$Companion.$r8$lambda$IPpysnehFwANEiW061YzapkMdoE(Unknown Source:0)
10-20 20:26:53.155 24250 24338 E unknown:ReactHost: 	at com.facebook.react.runtime.internal.bolts.Task$Companion$$ExternalSyntheticLambda4.run(D8$$SyntheticClass:0)
10-20 20:26:53.155 24250 24338 E unknown:ReactHost: 	at java.util.concurrent.ThreadPoolExecutor.runWorker(ThreadPoolExecutor.java:1145)
10-20 20:26:53.155 24250 24338 E unknown:ReactHost: 	at java.util.concurrent.ThreadPoolExecutor$Worker.run(ThreadPoolExecutor.java:644)
10-20 20:26:53.155 24250 24338 E unknown:ReactHost: 	at java.lang.Thread.run(Thread.java:1012)
10-20 20:26:53.155 24250 24338 E unknown:ReactHost: Caused by: java.lang.RuntimeException: Unable to load script.
10-20 20:26:53.155 24250 24338 E unknown:ReactHost: 
10-20 20:26:53.155 24250 24338 E unknown:ReactHost: Make sure you're running Metro or that your bundle 'index.android.bundle' is packaged correctly for release.
10-20 20:26:53.155 24250 24338 E unknown:ReactHost: 
10-20 20:26:53.155 24250 24338 E unknown:ReactHost: The device must either be USB connected (with bundler set to "localhost:8081") or be on the same Wi-Fi network as your computer (with bundler set to your computer IP) to connect to Metro.
10-20 20:26:53.155 24250 24338 E unknown:ReactHost: 
10-20 20:26:53.155 24250 24338 E unknown:ReactHost: If you're using USB on a physical device, make sure you also run this command:
10-20 20:26:53.155 24250 24338 E unknown:ReactHost:   adb reverse tcp:8081 tcp:8081
10-20 20:26:53.155 24250 24338 E unknown:ReactHost: 	at com.facebook.react.runtime.ReactInstance.loadJSBundleFromAssets(Native Method)
10-20 20:26:53.155 24250 24338 E unknown:ReactHost: 	at com.facebook.react.runtime.ReactInstance.access$loadJSBundleFromAssets(ReactInstance.kt:85)
10-20 20:26:53.155 24250 24338 E unknown:ReactHost: 	at com.facebook.react.runtime.ReactInstance$loadJSBundle$1.loadScriptFromAssets(ReactInstance.kt:314)
10-20 20:26:53.155 24250 24338 E unknown:ReactHost: 	at com.facebook.react.bridge.JSBundleLoader$Companion$createAssetLoader$1.loadScript(JSBundleLoader.kt:33)
10-20 20:26:53.155 24250 24338 E unknown:ReactHost: 	at com.facebook.react.runtime.ReactInstance.loadJSBundle(ReactInstance.kt:293)
10-20 20:26:53.155 24250 24338 E unknown:ReactHost: 	at com.facebook.react.runtime.ReactHostImpl.getOrCreateReactInstanceTask$lambda$41$lambda$38(ReactHostImpl.kt:939)
10-20 20:26:53.155 24250 24338 E unknown:ReactHost: 	at com.facebook.react.runtime.ReactHostImpl.$r8$lambda$LQY77bFECGrnkUqd7Ku55sJ721A(Unknown Source:0)
10-20 20:26:53.155 24250 24338 E unknown:ReactHost: 	at com.facebook.react.runtime.ReactHostImpl$$ExternalSyntheticLambda22.then(D8$$SyntheticClass:0)
10-20 20:26:53.155 24250 24338 E unknown:ReactHost: 	at com.facebook.react.runtime.internal.bolts.Task$Companion.completeImmediately$lambda$3(Task.kt:356)
10-20 20:26:53.155 24250 24338 E unknown:ReactHost: 	at com.facebook.react.runtime.internal.bolts.Task$Companion.$r8$lambda$b7MTC0ufkn_2TjF4BGcNqGR9qK0(Unknown Source:0)
10-20 20:26:53.155 24250 24338 E unknown:ReactHost: 	at com.facebook.react.runtime.internal.bolts.Task$Companion$$ExternalSyntheticLambda3.run(D8$$SyntheticClass:0)
10-20 20:26:53.155 24250 24338 E unknown:ReactHost: 	at com.facebook.react.runtime.internal.bolts.Executors$ImmediateExecutor.execute(Executors.kt:41)
10-20 20:26:53.155 24250 24338 E unknown:ReactHost: 	at com.facebook.react.runtime.internal.bolts.Task$Companion.completeImmediately(Task.kt:354)
10-20 20:26:53.155 24250 24338 E unknown:ReactHost: 	at com.facebook.react.runtime.internal.bolts.Task$Companion.access$completeImmediately(Task.kt:250)
10-20 20:26:53.155 24250 24338 E unknown:ReactHost: 	at com.facebook.react.runtime.internal.bolts.Task.continueWith(Task.kt:132)
10-20 20:26:53.155 24250 24338 E unknown:ReactHost: 	at com.facebook.react.runtime.internal.bolts.Task.continueWith$default(Task.kt:117)
10-20 20:26:53.155 24250 24338 E unknown:ReactHost: 	at com.facebook.react.runtime.internal.bolts.Task.onSuccess$lambda$12(Task.kt:174)
10-20 20:26:53.155 24250 24338 E unknown:ReactHost: 	at com.facebook.react.runtime.internal.bolts.Task.$r8$lambda$l0wwo5AvbHxlwfI1R7CH_codxoo(Unknown Source:0)
10-20 20:26:53.155 24250 24338 E unknown:ReactHost: 	at com.facebook.react.runtime.internal.bolts.Task$$ExternalSyntheticLambda2.then(D8$$SyntheticClass:0)
10-20 20:26:53.155 24250 24338 E unknown:ReactHost: 	... 6 more
10-20 20:26:53.156 24250 24338 W unknown:BridgelessReact: ReactHost{0}.getOrCreateDestroyTask(): Resetting createReactInstance task ref
10-20 20:26:53.157 24250 24250 W unknown:BridgelessReact: ReactHost{0}.getOrCreateDestroyTask(): Starting React Native destruction
10-20 20:26:53.158 24250 24250 W unknown:BridgelessReact: ReactHost{0}.raiseSoftException(getOrCreateDestroyTask()): Destroy: ReactInstance task faulted. Stage: 1: Starting destroy. Fault reason: Unable to load script.
10-20 20:26:53.158 24250 24250 W unknown:BridgelessReact: 
10-20 20:26:53.158 24250 24250 W unknown:BridgelessReact: Make sure you're running Metro or that your bundle 'index.android.bundle' is packaged correctly for release.
10-20 20:26:53.158 24250 24250 W unknown:BridgelessReact: 
10-20 20:26:53.158 24250 24250 W unknown:BridgelessReact: The device must either be USB connected (with bundler set to "localhost:8081") or be on the same Wi-Fi network as your computer (with bundler set to your computer IP) to connect to Metro.
10-20 20:26:53.158 24250 24250 W unknown:BridgelessReact: 
10-20 20:26:53.158 24250 24250 W unknown:BridgelessReact: If you're using USB on a physical device, make sure you also run this command:
10-20 20:26:53.158 24250 24250 W unknown:BridgelessReact:   adb reverse tcp:8081 tcp:8081. Destroy reason: getOrCreateStartTask() failure: Unable to load script.
10-20 20:26:53.158 24250 24250 W unknown:BridgelessReact: 
10-20 20:26:53.158 24250 24250 W unknown:BridgelessReact: Make sure you're running Metro or that your bundle 'index.android.bundle' is packaged correctly for release.
10-20 20:26:53.158 24250 24250 W unknown:BridgelessReact: 
10-20 20:26:53.158 24250 24250 W unknown:BridgelessReact: The device must either be USB connected (with bundler set to "localhost:8081") or be on the same Wi-Fi network as your computer (with bundler set to your computer IP) to connect to Metro.
10-20 20:26:53.158 24250 24250 W unknown:BridgelessReact: 
10-20 20:26:53.158 24250 24250 W unknown:BridgelessReact: If you're using USB on a physical device, make sure you also run this command:
10-20 20:26:53.158 24250 24250 W unknown:BridgelessReact:   adb reverse tcp:8081 tcp:8081
10-20 20:26:53.167 24250 24250 E unknown:ReactHost: Unhandled SoftException
10-20 20:26:53.167 24250 24250 E unknown:ReactHost: com.facebook.react.bridge.ReactNoCrashSoftException: raiseSoftException(getOrCreateDestroyTask()): Destroy: ReactInstance task faulted. Stage: 1: Starting destroy. Fault reason: Unable to load script.
10-20 20:26:53.167 24250 24250 E unknown:ReactHost: 
10-20 20:26:53.167 24250 24250 E unknown:ReactHost: Make sure you're running Metro or that your bundle 'index.android.bundle' is packaged correctly for release.
10-20 20:26:53.167 24250 24250 E unknown:ReactHost: 
10-20 20:26:53.167 24250 24250 E unknown:ReactHost: The device must either be USB connected (with bundler set to "localhost:8081") or be on the same Wi-Fi network as your computer (with bundler set to your computer IP) to connect to Metro.
10-20 20:26:53.167 24250 24250 E unknown:ReactHost: 
10-20 20:26:53.167 24250 24250 E unknown:ReactHost: If you're using USB on a physical device, make sure you also run this command:
10-20 20:26:53.167 24250 24250 E unknown:ReactHost:   adb reverse tcp:8081 tcp:8081. Destroy reason: getOrCreateStartTask() failure: Unable to load script.
10-20 20:26:53.167 24250 24250 E unknown:ReactHost: 
10-20 20:26:53.167 24250 24250 E unknown:ReactHost: Make sure you're running Metro or that your bundle 'index.android.bundle' is packaged correctly for release.
10-20 20:26:53.167 24250 24250 E unknown:ReactHost: 
10-20 20:26:53.167 24250 24250 E unknown:ReactHost: The device must either be USB connected (with bundler set to "localhost:8081") or be on the same Wi-Fi network as your computer (with bundler set to your computer IP) to connect to Metro.
10-20 20:26:53.167 24250 24250 E unknown:ReactHost: 
10-20 20:26:53.167 24250 24250 E unknown:ReactHost: If you're using USB on a physical device, make sure you also run this command:
10-20 20:26:53.167 24250 24250 E unknown:ReactHost:   adb reverse tcp:8081 tcp:8081
10-20 20:26:53.167 24250 24250 E unknown:ReactHost: 	at com.facebook.react.runtime.ReactHostImpl.raiseSoftException(ReactHostImpl.kt:787)
10-20 20:26:53.167 24250 24250 E unknown:ReactHost: 	at com.facebook.react.runtime.ReactHostImpl.raiseSoftException$default(ReactHostImpl.kt:779)
10-20 20:26:53.167 24250 24250 E unknown:ReactHost: 	at com.facebook.react.runtime.ReactHostImpl.createReactInstanceUnwrapper$lambda$46(ReactHostImpl.kt:1129)
10-20 20:26:53.167 24250 24250 E unknown:ReactHost: 	at com.facebook.react.runtime.ReactHostImpl.$r8$lambda$TjbS0TZW9o8rbR9te9jnWsd5w3w(Unknown Source:0)
10-20 20:26:53.167 24250 24250 E unknown:ReactHost: 	at com.facebook.react.runtime.ReactHostImpl$$ExternalSyntheticLambda36.invoke(D8$$SyntheticClass:0)
10-20 20:26:53.167 24250 24250 E unknown:ReactHost: 	at com.facebook.react.runtime.ReactHostImpl.getOrCreateDestroyTask$lambda$57(ReactHostImpl.kt:1326)
10-20 20:26:53.167 24250 24250 E unknown:ReactHost: 	at com.facebook.react.runtime.ReactHostImpl.$r8$lambda$h_JBtd6eAd3fmOqdV80aRC4HfmY(Unknown Source:0)
10-20 20:26:53.167 24250 24250 E unknown:ReactHost: 	at com.facebook.react.runtime.ReactHostImpl$$ExternalSyntheticLambda25.then(D8$$SyntheticClass:0)
10-20 20:26:53.167 24250 24250 E unknown:ReactHost: 	at com.facebook.react.runtime.internal.bolts.Task$Companion.completeAfterTask$lambda$5(Task.kt:390)
10-20 20:26:53.167 24250 24250 E unknown:ReactHost: 	at com.facebook.react.runtime.internal.bolts.Task$Companion.$r8$lambda$IPpysnehFwANEiW061YzapkMdoE(Unknown Source:0)
10-20 20:26:53.167 24250 24250 E unknown:ReactHost: 	at com.facebook.react.runtime.internal.bolts.Task$Companion$$ExternalSyntheticLambda4.run(D8$$SyntheticClass:0)
10-20 20:26:53.167 24250 24250 E unknown:ReactHost: 	at android.os.Handler.handleCallback(Handler.java:942)
10-20 20:26:53.167 24250 24250 E unknown:ReactHost: 	at android.os.Handler.dispatchMessage(Handler.java:99)
10-20 20:26:53.167 24250 24250 E unknown:ReactHost: 	at android.os.Looper.loopOnce(Looper.java:226)
10-20 20:26:53.167 24250 24250 E unknown:ReactHost: 	at android.os.Looper.loop(Looper.java:313)
10-20 20:26:53.167 24250 24250 E unknown:ReactHost: 	at android.app.ActivityThread.main(ActivityThread.java:8762)
10-20 20:26:53.167 24250 24250 E unknown:ReactHost: 	at java.lang.reflect.Method.invoke(Native Method)
10-20 20:26:53.167 24250 24250 E unknown:ReactHost: 	at com.android.internal.os.RuntimeInit$MethodAndArgsCaller.run(RuntimeInit.java:604)
10-20 20:26:53.167 24250 24250 E unknown:ReactHost: 	at com.android.internal.os.ZygoteInit.main(ZygoteInit.java:1067)
10-20 20:26:53.168 24250 24250 W unknown:BridgelessReact: ReactHost{0}.getOrCreateDestroyTask(): DevSupportManager cleanup
10-20 20:26:53.168 24250 24250 W unknown:BridgelessReact: ReactHost{0}.getOrCreateDestroyTask(): Move ReactHost to onHostDestroy()
10-20 20:26:53.174 24250 24338 W unknown:BridgelessReact: ReactHost{0}.getOrCreateDestroyTask(): Stopping all React Native surfaces
10-20 20:26:53.177 24250 24250 W unknown:BridgelessReact: ReactHost{0}.getOrCreateDestroyTask(): Destroying MemoryPressureRouter
10-20 20:26:53.177 24250 24250 W unknown:BridgelessReact: ReactHost{0}.getOrCreateDestroyTask(): Resetting ReactContext ref
10-20 20:26:53.177 24250 24250 W unknown:BridgelessReact: ReactHost{0}.getOrCreateDestroyTask(): Destroying ReactContext
10-20 20:26:53.182 24250 24338 W unknown:BridgelessReact: ReactHost{0}.getOrCreateDestroyTask(): Resetting ReactInstance ptr
10-20 20:26:53.182 24250 24338 W unknown:BridgelessReact: ReactHost{0}.getOrCreateDestroyTask(): Destroying ReactInstance
10-20 20:26:53.239  8661  8661 D BoundBrokerSvc: onUnbind: Intent { act=com.google.android.gms.auth.aang.events.services.START dat=chimera-action:/... cmp=com.google.android.gms/.chimera.PersistentApiService }
10-20 20:26:53.245 24250 24338 E unknown:ReactNative: Tried to remove non-existent frame callback
10-20 20:26:53.270 24250 24338 W unknown:BridgelessReact: ReactHost{0}.getOrCreateDestroyTask(): Resetting start task ref
10-20 20:26:53.270 24250 24338 W unknown:BridgelessReact: ReactHost{0}.getOrCreateDestroyTask(): Resetting destroy task ref
10-20 20:26:53.291 24250 24366 D Camera2EncoderProfilesProvider: EncoderProfiles contains invalid video profiles, use CamcorderProfile to create EncoderProfilesProxy.
10-20 20:26:53.291 24250 24366 W EncoderProfilesProxyCompat: Should use from(EncoderProfiles) on API 33instead. CamcorderProfile is deprecated on API 31.
10-20 20:26:53.293 24250 24366 D CapabilitiesByQuality: profiles = ImmutableEncoderProfilesProxy{defaultDurationSeconds=30, recommendedFileFormat=2, audioProfiles=[AudioProfileProxy{codec=3, mediaType=audio/mp4a-latm, bitrate=128000, sampleRate=48000, channels=1, profile=2}], videoProfiles=[VideoProfileProxy{codec=2, mediaType=video/avc, bitrate=17000000, frameRate=30, width=1920, height=1080, profile=-1, bitDepth=8, chromaSubsampling=0, hdrFormat=0}]}
10-20 20:26:53.294 24250 24366 D Camera2EncoderProfilesProvider: EncoderProfiles contains invalid video profiles, use CamcorderProfile to create EncoderProfilesProxy.
10-20 20:26:53.294 24250 24366 W EncoderProfilesProxyCompat: Should use from(EncoderProfiles) on API 33instead. CamcorderProfile is deprecated on API 31.
10-20 20:26:53.295 24250 24366 D CapabilitiesByQuality: profiles = ImmutableEncoderProfilesProxy{defaultDurationSeconds=30, recommendedFileFormat=2, audioProfiles=[AudioProfileProxy{codec=3, mediaType=audio/mp4a-latm, bitrate=128000, sampleRate=48000, channels=1, profile=2}], videoProfiles=[VideoProfileProxy{codec=2, mediaType=video/avc, bitrate=9000000, frameRate=30, width=1280, height=720, profile=-1, bitDepth=8, chromaSubsampling=0, hdrFormat=0}]}
10-20 20:26:53.296 24250 24366 D Camera2EncoderProfilesProvider: EncoderProfiles contains invalid video profiles, use CamcorderProfile to create EncoderProfilesProxy.
10-20 20:26:53.297 24250 24366 W EncoderProfilesProxyCompat: Should use from(EncoderProfiles) on API 33instead. CamcorderProfile is deprecated on API 31.
10-20 20:26:53.298 24250 24366 D CapabilitiesByQuality: profiles = ImmutableEncoderProfilesProxy{defaultDurationSeconds=30, recommendedFileFormat=2, audioProfiles=[AudioProfileProxy{codec=3, mediaType=audio/mp4a-latm, bitrate=128000, sampleRate=48000, channels=1, profile=2}], videoProfiles=[VideoProfileProxy{codec=2, mediaType=video/avc, bitrate=4500000, frameRate=30, width=640, height=480, profile=-1, bitDepth=8, chromaSubsampling=0, hdrFormat=0}]}
10-20 20:26:53.405 24250 24366 W unknown:BridgelessReact: ReactHost{0}.raiseSoftException(callWithExistingReactInstance(callFunctionOnModule("RCTDeviceEventEmitter", "emit"))): Execute: reactInstance is null. Dropping work.
10-20 20:26:53.450 24250 24366 E unknown:ReactHost: Unhandled SoftException
10-20 20:26:53.450 24250 24366 E unknown:ReactHost: com.facebook.react.bridge.ReactNoCrashSoftException: raiseSoftException(callWithExistingReactInstance(callFunctionOnModule("RCTDeviceEventEmitter", "emit"))): Execute: reactInstance is null. Dropping work.
10-20 20:26:53.450 24250 24366 E unknown:ReactHost: 	at com.facebook.react.runtime.ReactHostImpl.raiseSoftException(ReactHostImpl.kt:787)
10-20 20:26:53.450 24250 24366 E unknown:ReactHost: 	at com.facebook.react.runtime.ReactHostImpl.raiseSoftException$default(ReactHostImpl.kt:779)
10-20 20:26:53.450 24250 24366 E unknown:ReactHost: 	at com.facebook.react.runtime.ReactHostImpl.callWithExistingReactInstance$lambda$28(ReactHostImpl.kt:802)
10-20 20:26:53.450 24250 24366 E unknown:ReactHost: 	at com.facebook.react.runtime.ReactHostImpl.$r8$lambda$6NreFt2BcPly8g6qrNV9Z1C-YmU(Unknown Source:0)
10-20 20:26:53.450 24250 24366 E unknown:ReactHost: 	at com.facebook.react.runtime.ReactHostImpl$$ExternalSyntheticLambda31.then(D8$$SyntheticClass:0)
10-20 20:26:53.450 24250 24366 E unknown:ReactHost: 	at com.facebook.react.runtime.internal.bolts.Task$Companion.completeImmediately$lambda$3(Task.kt:356)
10-20 20:26:53.450 24250 24366 E unknown:ReactHost: 	at com.facebook.react.runtime.internal.bolts.Task$Companion.$r8$lambda$b7MTC0ufkn_2TjF4BGcNqGR9qK0(Unknown Source:0)
10-20 20:26:53.450 24250 24366 E unknown:ReactHost: 	at com.facebook.react.runtime.internal.bolts.Task$Companion$$ExternalSyntheticLambda3.run(D8$$SyntheticClass:0)
10-20 20:26:53.450 24250 24366 E unknown:ReactHost: 	at com.facebook.react.runtime.internal.bolts.Executors$ImmediateExecutor.execute(Executors.kt:41)
10-20 20:26:53.450 24250 24366 E unknown:ReactHost: 	at com.facebook.react.runtime.internal.bolts.Task$Companion.completeImmediately(Task.kt:354)
10-20 20:26:53.450 24250 24366 E unknown:ReactHost: 	at com.facebook.react.runtime.internal.bolts.Task$Companion.access$completeImmediately(Task.kt:250)
10-20 20:26:53.450 24250 24366 E unknown:ReactHost: 	at com.facebook.react.runtime.internal.bolts.Task.continueWith(Task.kt:132)
10-20 20:26:53.450 24250 24366 E unknown:ReactHost: 	at com.facebook.react.runtime.internal.bolts.Task.continueWith$default(Task.kt:117)
10-20 20:26:53.450 24250 24366 E unknown:ReactHost: 	at com.facebook.react.runtime.internal.bolts.Task.onSuccess$lambda$12(Task.kt:174)
10-20 20:26:53.450 24250 24366 E unknown:ReactHost: 	at com.facebook.react.runtime.internal.bolts.Task.$r8$lambda$l0wwo5AvbHxlwfI1R7CH_codxoo(Unknown Source:0)
10-20 20:26:53.450 24250 24366 E unknown:ReactHost: 	at com.facebook.react.runtime.internal.bolts.Task$$ExternalSyntheticLambda2.then(D8$$SyntheticClass:0)
10-20 20:26:53.450 24250 24366 E unknown:ReactHost: 	at com.facebook.react.runtime.internal.bolts.Task$Companion.completeAfterTask$lambda$5(Task.kt:390)
10-20 20:26:53.450 24250 24366 E unknown:ReactHost: 	at com.facebook.react.runtime.internal.bolts.Task$Companion.$r8$lambda$IPpysnehFwANEiW061YzapkMdoE(Unknown Source:0)
10-20 20:26:53.450 24250 24366 E unknown:ReactHost: 	at com.facebook.react.runtime.internal.bolts.Task$Companion$$ExternalSyntheticLambda4.run(D8$$SyntheticClass:0)
10-20 20:26:53.450 24250 24366 E unknown:ReactHost: 	at com.facebook.react.runtime.internal.bolts.Executors$ImmediateExecutor.execute(Executors.kt:41)
10-20 20:26:53.450 24250 24366 E unknown:ReactHost: 	at com.facebook.react.runtime.internal.bolts.Task$Companion.completeAfterTask(Task.kt:388)
10-20 20:26:53.450 24250 24366 E unknown:ReactHost: 	at com.facebook.react.runtime.internal.bolts.Task$Companion.access$completeAfterTask(Task.kt:250)
10-20 20:26:53.450 24250 24366 E unknown:ReactHost: 	at com.facebook.react.runtime.internal.bolts.Task.continueWithTask(Task.kt:156)
10-20 20:26:53.450 24250 24366 E unknown:ReactHost: 	at com.facebook.react.runtime.internal.bolts.Task.onSuccess(Task.kt:169)
10-20 20:26:53.450 24250 24366 E unknown:ReactHost: 	at com.facebook.react.runtime.ReactHostImpl.callWithExistingReactInstance(ReactHostImpl.kt:798)
10-20 20:26:53.450 24250 24366 E unknown:ReactHost: 	at com.facebook.react.runtime.ReactHostImpl.callWithExistingReactInstance$default(ReactHostImpl.kt:791)
10-20 20:26:53.450 24250 24366 E unknown:ReactHost: 	at com.facebook.react.runtime.ReactHostImpl.callFunctionOnModule$ReactAndroid_debug(ReactHostImpl.kt:687)
10-20 20:26:53.450 24250 24366 E unknown:ReactHost: 	at com.facebook.react.runtime.BridgelessReactContext$BridgelessJSModuleInvocationHandler.invoke(BridgelessReactContext.kt:111)
10-20 20:26:53.450 24250 24366 E unknown:ReactHost: 	at java.lang.reflect.Proxy.invoke(Proxy.java:1006)
10-20 20:26:53.450 24250 24366 E unknown:ReactHost: 	at $Proxy5.emit(Unknown Source)
10-20 20:26:53.450 24250 24366 E unknown:ReactHost: 	at com.mrousavy.camera.react.CameraDevicesManager.sendAvailableDevicesChangedEvent(CameraDevicesManager.kt:104)
10-20 20:26:53.450 24250 24366 E unknown:ReactHost: 	at com.mrousavy.camera.react.CameraDevicesManager$1.invokeSuspend(CameraDevicesManager.kt:74)
10-20 20:26:53.450 24250 24366 E unknown:ReactHost: 	at kotlin.coroutines.jvm.internal.BaseContinuationImpl.resumeWith(ContinuationImpl.kt:33)
10-20 20:26:53.450 24250 24366 E unknown:ReactHost: 	at kotlinx.coroutines.DispatchedTask.run(DispatchedTask.kt:101)
10-20 20:26:53.450 24250 24366 E unknown:ReactHost: 	at java.util.concurrent.ThreadPoolExecutor.runWorker(ThreadPoolExecutor.java:1145)
10-20 20:26:53.450 24250 24366 E unknown:ReactHost: 	at java.util.concurrent.ThreadPoolExecutor$Worker.run(ThreadPoolExecutor.java:644)
10-20 20:26:53.450 24250 24366 E unknown:ReactHost: 	at java.lang.Thread.run(Thread.java:1012)
10-20 20:26:53.529  1045  1056 D ccci_mdinit: (1):monitor_time_update_thread round:143817 ########
10-20 20:26:53.595  1483  5804 D InputDispatcher: Inject key (24369/2000): action=0, f=0x0, d=-1, time=2552210897000000
10-20 20:26:53.595  1483  5804 D WindowManager: interceptKeyTq keycode=4 interactive=true keyguardActive=false policyFlags=2b000000
10-20 20:26:53.595  1483  5804 D PhoneWindowManagerExt: interceptKeyTq code=4 down=true repeatCount=0 displayId=-1 interactive=true
10-20 20:26:53.595  1483  5804 D WindowManager: interceptKeyTq interceptKeyResult=4
10-20 20:26:53.597  1483  1796 D PowerManagerService: [api] userActivityFromNative :  (event: 1 flags: 0 displayId: 0) eventTime = 2552210897
10-20 20:26:53.597  1483  1796 D WindowManager: interceptKeyTi keyCode=4 down=true repeatCount=0 keyguardOn=false canceled=false
10-20 20:26:53.597  1483  1796 D PhoneWindowManagerExt: interceptKeyTi code=4 down=true repeatCount=0 displayId=-1 interactive=true
10-20 20:26:53.598  1483  1796 I InputDispatcher: Delivering key to (23980): B action: 0x0 (0), f=0x0, m=0x0, d=0, '5356d5d'
10-20 20:26:53.600  5125  5125 I HBD     : b skip onKeyDown as physical keyboard not connected 
10-20 20:26:53.600  5125  5125 I HBD     : HoneyBoardService onKeyDown r:142a676b consumed:false 0 
10-20 20:26:53.602 23980 23980 I ViewRootImpl@8188eb8[MainActivity]: ViewPostIme key 0
10-20 20:26:53.603 23980 23980 D Activity: onKeyDown(KEYCODE_BACK)
10-20 20:26:53.604  1483  5804 D InputDispatcher: Inject key (24369/2000): action=1, f=0x0, d=-1, time=2552210897000000
10-20 20:26:53.604  1483  5804 D WindowManager: interceptKeyTq keycode=4 interactive=true keyguardActive=false policyFlags=2b000000
10-20 20:26:53.604  1483  5804 D PhoneWindowManagerExt: interceptKeyTq code=4 down=false repeatCount=0 displayId=-1 interactive=true
10-20 20:26:53.604  1483  5804 D WindowManager: interceptKeyTq interceptKeyResult=4
10-20 20:26:53.605  1483  1796 D WindowManager: interceptKeyTi keyCode=4 down=false repeatCount=0 keyguardOn=false canceled=false
10-20 20:26:53.605  1483  1796 D PhoneWindowManagerExt: interceptKeyTi code=4 down=false repeatCount=0 displayId=-1 interactive=true
10-20 20:26:53.606  1483  1796 I InputDispatcher: Delivering key to (23980): B action: 0x1 (0), f=0x0, m=0x0, d=0, '5356d5d'
10-20 20:26:53.607  5125  5125 I HBD     : HoneyBoardService onKeyUp r:f3a61843 consumed:false 1 
10-20 20:26:53.608 23980 23980 I ViewRootImpl@8188eb8[MainActivity]: ViewPostIme key 1
10-20 20:26:53.609 23980 23980 D Activity: onKeyUp(KEYCODE_BACK) isTracking()=true isCanceled()=false hasCallback=false
10-20 20:26:53.707 23980 24003 E IMGMapper: set:488 set: Unset optional value from type SMPTE2086
10-20 20:26:53.707 23980 24003 E IMGMapper: set:488 set: Unset optional value from type CTA861_3
10-20 20:26:53.712  2486  2486 I WifiHAL : Get link layer stats
10-20 20:26:53.712  2486  2486 I WifiHAL : GetLinkStatsCommand::create
10-20 20:26:53.712  2486  2486 D android.hardware.wifi@1.0-service-lazy: WifiRequest::create vendor command to iface 38, vendor_id=0x1a11, subcmd=0x1200, res=0
10-20 20:26:53.713  2486  2486 I android.hardware.wifi@1.0-service-lazy: WifiCommand::requestResponse err=-95
10-20 20:26:53.713  2486  2486 I WifiHAL : wifi_get_link_stats: result=-3
10-20 20:26:53.719  1483  2363 E WifiVendorHal: getWifiLinkLayerStats_1_5_Internal(l.1179) failed {.code = ERROR_NOT_SUPPORTED, .description = }
10-20 20:26:53.724  1039  1039 I BufferQueueProducer: [com.cinemamovel/com.cinemamovel.MainActivity$_23980#505967](this:0xb400007a1ea3f838,id:-1,api:0,p:-1,c:1039) queueBuffer: fps=15.59 dur=2180.48 max=1514.79 min=16.24
10-20 20:26:53.725  1483  3390 D SemWifiUsabilityStatsMonitor: onWifiUsabilityStats - seqNum 543776, isSameBssidAndFreq true
10-20 20:26:53.726   991  1074 I hwcomposer: [HWCDisplay] [Display_0 (type:1)] fps:12.532858,dur:1914.97,max:1515.10,min:15.91  
10-20 20:26:53.726  1483  2437 I SemWifiLinkQualityMonitor: Link Qos query: inf. ms / 0 Mbps
10-20 20:26:53.786 23980 24003 E IMGMapper: set:488 set: Unset optional value from type SMPTE2086
10-20 20:26:53.786 23980 24003 E IMGMapper: set:488 set: Unset optional value from type CTA861_3
10-20 20:26:53.797 23980 24003 E IMGMapper: set:488 set: Unset optional value from type SMPTE2086
10-20 20:26:53.797 23980 24003 E IMGMapper: set:488 set: Unset optional value from type CTA861_3
10-20 20:26:53.806 23980 24003 E IMGMapper: set:488 set: Unset optional value from type SMPTE2086
10-20 20:26:53.806 23980 24003 E IMGMapper: set:488 set: Unset optional value from type CTA861_3
10-20 20:26:53.820 23980 24003 E IMGMapper: set:488 set: Unset optional value from type SMPTE2086
10-20 20:26:53.820 23980 24003 E IMGMapper: set:488 set: Unset optional value from type CTA861_3
10-20 20:26:53.839 23980 24003 E IMGMapper: set:488 set: Unset optional value from type SMPTE2086
10-20 20:26:53.839 23980 24003 E IMGMapper: set:488 set: Unset optional value from type CTA861_3
10-20 20:26:53.856 23980 24003 E IMGMapper: set:488 set: Unset optional value from type SMPTE2086
10-20 20:26:53.856 23980 24003 E IMGMapper: set:488 set: Unset optional value from type CTA861_3
10-20 20:26:53.872 23980 24003 E IMGMapper: set:488 set: Unset optional value from type SMPTE2086
10-20 20:26:53.872 23980 24003 E IMGMapper: set:488 set: Unset optional value from type CTA861_3
10-20 20:26:53.888 23980 24003 E IMGMapper: set:488 set: Unset optional value from type SMPTE2086
10-20 20:26:53.889 23980 24003 E IMGMapper: set:488 set: Unset optional value from type CTA861_3
10-20 20:26:53.904 23980 24003 E IMGMapper: set:488 set: Unset optional value from type SMPTE2086
10-20 20:26:53.904 23980 24003 E IMGMapper: set:488 set: Unset optional value from type CTA861_3
10-20 20:26:53.921 23980 24003 E IMGMapper: set:488 set: Unset optional value from type SMPTE2086
10-20 20:26:53.921 23980 24003 E IMGMapper: set:488 set: Unset optional value from type CTA861_3
10-20 20:26:53.936 23980 24003 E IMGMapper: set:488 set: Unset optional value from type SMPTE2086
10-20 20:26:53.936 23980 24003 E IMGMapper: set:488 set: Unset optional value from type CTA861_3
10-20 20:26:53.954 23980 24003 E IMGMapper: set:488 set: Unset optional value from type SMPTE2086
10-20 20:26:53.954 23980 24003 E IMGMapper: set:488 set: Unset optional value from type CTA861_3
10-20 20:26:53.970 23980 24003 E IMGMapper: set:488 set: Unset optional value from type SMPTE2086
10-20 20:26:53.971 23980 24003 E IMGMapper: set:488 set: Unset optional value from type CTA861_3
10-20 20:26:53.988 23980 24003 E IMGMapper: set:488 set: Unset optional value from type SMPTE2086
10-20 20:26:53.988 23980 24003 E IMGMapper: set:488 set: Unset optional value from type CTA861_3
10-20 20:26:54.004 23980 24003 E IMGMapper: set:488 set: Unset optional value from type SMPTE2086
10-20 20:26:54.005 23980 24003 E IMGMapper: set:488 set: Unset optional value from type CTA861_3
10-20 20:26:54.021 23980 24003 E IMGMapper: set:488 set: Unset optional value from type SMPTE2086
10-20 20:26:54.021 23980 24003 E IMGMapper: set:488 set: Unset optional value from type CTA861_3
10-20 20:26:54.038 23980 24003 E IMGMapper: set:488 set: Unset optional value from type SMPTE2086
10-20 20:26:54.038 23980 24003 E IMGMapper: set:488 set: Unset optional value from type CTA861_3
10-20 20:26:54.055 23980 24003 E IMGMapper: set:488 set: Unset optional value from type SMPTE2086
10-20 20:26:54.055 23980 24003 E IMGMapper: set:488 set: Unset optional value from type CTA861_3
10-20 20:26:54.056  1137  1137 I CameraService: onUidStateChanged: uid=11011, procState is changed. (20 -> 19)
10-20 20:26:54.072 23980 24003 E IMGMapper: set:488 set: Unset optional value from type SMPTE2086
10-20 20:26:54.072 23980 24003 E IMGMapper: set:488 set: Unset optional value from type CTA861_3
10-20 20:26:54.086 23980 24003 E IMGMapper: set:488 set: Unset optional value from type SMPTE2086
10-20 20:26:54.087 23980 24003 E IMGMapper: set:488 set: Unset optional value from type CTA861_3
10-20 20:26:54.102 23980 24003 E IMGMapper: set:488 set: Unset optional value from type SMPTE2086
10-20 20:26:54.102 23980 24003 E IMGMapper: set:488 set: Unset optional value from type CTA861_3
10-20 20:26:54.122 23980 24003 E IMGMapper: set:488 set: Unset optional value from type SMPTE2086
10-20 20:26:54.122 23980 24003 E IMGMapper: set:488 set: Unset optional value from type CTA861_3
10-20 20:26:54.143 23980 24003 E IMGMapper: set:488 set: Unset optional value from type SMPTE2086
10-20 20:26:54.143 23980 24003 E IMGMapper: set:488 set: Unset optional value from type CTA861_3
10-20 20:26:54.155 23980 24003 E IMGMapper: set:488 set: Unset optional value from type SMPTE2086
10-20 20:26:54.155 23980 24003 E IMGMapper: set:488 set: Unset optional value from type CTA861_3
10-20 20:26:54.172 23980 24003 E IMGMapper: set:488 set: Unset optional value from type SMPTE2086
10-20 20:26:54.172 23980 24003 E IMGMapper: set:488 set: Unset optional value from type CTA861_3
10-20 20:26:54.188 23980 24003 E IMGMapper: set:488 set: Unset optional value from type SMPTE2086
10-20 20:26:54.188 23980 24003 E IMGMapper: set:488 set: Unset optional value from type CTA861_3
10-20 20:26:54.205 23980 24003 E IMGMapper: set:488 set: Unset optional value from type SMPTE2086
10-20 20:26:54.206 23980 24003 E IMGMapper: set:488 set: Unset optional value from type CTA861_3
10-20 20:26:54.216  1483  2471 D NetdEventListenerService: DNS Requested by : 475, 11011
10-20 20:26:54.218 24250 24342 D TrafficStats: tagSocket(96) with statsTag=0xffffffff, statsUid=-1
10-20 20:26:54.224 23980 24003 E IMGMapper: set:488 set: Unset optional value from type SMPTE2086
10-20 20:26:54.224 23980 24003 E IMGMapper: set:488 set: Unset optional value from type CTA861_3
10-20 20:26:54.236 23980 24003 E IMGMapper: set:488 set: Unset optional value from type SMPTE2086
10-20 20:26:54.236 23980 24003 E IMGMapper: set:488 set: Unset optional value from type CTA861_3
10-20 20:26:54.251 23980 24003 E IMGMapper: set:488 set: Unset optional value from type SMPTE2086
10-20 20:26:54.251 23980 24003 E IMGMapper: set:488 set: Unset optional value from type CTA861_3
10-20 20:26:54.318  8083  8200 I SCS@AiSearch user 0: (BaseCollector::AOSP_MP) fetchInternal values : maxSyncId: 1000417842 indexCount: 6539 sourceCount: 6539
10-20 20:26:54.371  4441  4441 I wpa_supplicant: Heartbeat 985
10-20 20:26:54.511  1483  1583 D PowerManagerService: UserActivityStateListenerState: 0
10-20 20:26:54.745  1483  1755 D SensorService: [SO] 0.128 1.457 9.874
10-20 20:26:54.889  2521  2618 D MobileStatusTracker(0/2): onSignalStrengthsChanged level=4, vendorLevel=3
10-20 20:26:54.890  2521  2618 D MobileSignalController(0/2): notifyListener: enabled=true, connected=true, dataConnected=true, networkType=LTE (4G), emergencyOnly=false, roaming=false, isDefault=false, dataActivity=, level=3, ca=false, mmWave=false, disabledDataIcon=false, simCard=ETC
10-20 20:26:54.891  2521  2618 D NetworkController: SignalStrength from intent slotId=0
10-20 20:26:55.067   543   543 D io_stats: !@ 179,0 r 464972817 5650844650 w 80599411 844880768 d 1258359 33785876 f 0 0 iot 231208516 0 th 0 0 0 pt 0 inp 0 0 2552212.370
10-20 20:26:55.681  1483  1750 D InputDispatcher: Inject motion (24379/2000): action=0x0, time=2552212984000000, f=0x0, d=0 dsdx=1.000000 dtdx=0.000000
10-20 20:26:55.682  1483  1796 I InputDispatcher: Delivering touch to (2521): action: 0x4, f=0x0, d=0, 'a9cce9e', t=1 
10-20 20:26:55.682  1483  1796 I InputDispatcher: Delivering touch to (23980): action: 0x0, f=0x0, d=0, '5356d5d', t=1 
10-20 20:26:55.682  1483  1796 D PowerManagerService: [api] userActivityFromNative :  (event: 2 flags: 0 displayId: 0) eventTime = 2552212984
10-20 20:26:55.683 23980 23980 I ViewRootImpl@8188eb8[MainActivity]: ViewPostIme pointer 0
10-20 20:26:55.684  1483  1528 I GestureDetector: obtain mCurrentDownEvent. id: -10426116 caller: com.android.server.wm.SystemGesturesPointerEventListener.onPointerEvent:203 com.android.server.wm.PointerEventDispatcher.onInputEvent:53 android.view.InputEventReceiver.dispatchInputEvent:285 
10-20 20:26:55.684  1483  1796 D PowerManagerService: UserActivityStateListenerState: 1
10-20 20:26:55.685  1483  1528 I GestureDetector: obtain mCurrentDownEvent. id: -10426116 caller: com.android.server.wm.SystemPerformancePointerEventListener.onPointerEvent:89 com.android.server.wm.PointerEventDispatcher.onInputEvent:53 android.view.InputEventReceiver.dispatchInputEvent:285 
10-20 20:26:55.689  1483  1750 D InputDispatcher: Inject motion (24379/2000): action=0x1, time=2552212984000000, f=0x0, d=0 dsdx=1.000000 dtdx=0.000000
10-20 20:26:55.690  1483  1796 I InputDispatcher: Delivering touch to (23980): action: 0x1, f=0x0, d=0, '5356d5d', t=1 
10-20 20:26:55.690 23980 23980 I ViewRootImpl@8188eb8[MainActivity]: ViewPostIme pointer 1
