--------- beginning of main
10-20 20:26:40.614  1483  6422 D InputDispatcher: Inject motion (24230/2000): action=0x0, time=2552197916000000, f=0x0, d=0 dsdx=1.000000 dtdx=0.000000
10-20 20:26:40.615  1483  1796 I InputDispatcher: Delivering touch to (2521): action: 0x4, f=0x0, d=0, 'a9cce9e', t=1 
10-20 20:26:40.615  1483  1796 I InputDispatcher: Delivering touch to (23980): action: 0x0, f=0x0, d=0, '5356d5d', t=1 
--------- beginning of system
10-20 20:26:40.616  1483  1796 D PowerManagerService: [api] userActivityFromNative :  (event: 2 flags: 0 displayId: 0) eventTime = 2552197916
10-20 20:26:40.616 23980 23980 I ViewRootImpl@8188eb8[MainActivity]: ViewPostIme pointer 0
10-20 20:26:40.616  1483  1528 I GestureDetector: obtain mCurrentDownEvent. id: -370356139 caller: com.android.server.wm.SystemGesturesPointerEventListener.onPointerEvent:203 com.android.server.wm.PointerEventDispatcher.onInputEvent:53 android.view.InputEventReceiver.dispatchInputEvent:285 
10-20 20:26:40.617  1483  1528 I GestureDetector: obtain mCurrentDownEvent. id: -370356139 caller: com.android.server.wm.SystemPerformancePointerEventListener.onPointerEvent:89 com.android.server.wm.PointerEventDispatcher.onInputEvent:53 android.view.InputEventReceiver.dispatchInputEvent:285 
10-20 20:26:40.618  1483  1796 D PowerManagerService: UserActivityStateListenerState: 1
10-20 20:26:40.626  1483  6422 D InputDispatcher: Inject motion (24230/2000): action=0x1, time=2552197916000000, f=0x0, d=0 dsdx=1.000000 dtdx=0.000000
10-20 20:26:40.626  1483  1796 I InputDispatcher: Delivering touch to (23980): action: 0x1, f=0x0, d=0, '5356d5d', t=1 
10-20 20:26:40.627 23980 23980 I ViewRootImpl@8188eb8[MainActivity]: ViewPostIme pointer 1
10-20 20:26:40.628  1483  1528 I GestureDetector: obtain mCurrentMotionEventRaw. action: 1 id: -300956725
10-20 20:26:40.628  1483  1528 I GestureDetector: obtain mCurrentMotionEventRaw. action: 1 id: -300956725
10-20 20:26:40.800  2521  2618 D MobileStatusTracker(0/2): onSignalStrengthsChanged level=4, vendorLevel=3
10-20 20:26:40.802  2521  2618 D MobileSignalController(0/2): notifyListener: enabled=true, connected=true, dataConnected=true, networkType=LTE (4G), emergencyOnly=false, roaming=false, isDefault=false, dataActivity=, level=3, ca=false, mmWave=false, disabledDataIcon=false, simCard=ETC
10-20 20:26:40.802  2521  2618 D NetworkController: SignalStrength from intent slotId=0
10-20 20:26:40.915  1483  1528 I GestureDetector: handleMessage TAP
10-20 20:26:40.917  1483  1483 I GestureDetector: handleMessage TAP
10-20 20:26:41.040   543   543 D io_stats: !@ 179,0 r 464949058 5650549166 w 80597802 844860528 d 1258359 33785876 f 0 0 iot 231200120 0 th 0 0 0 pt 0 inp 0 15 2552198.343
10-20 20:26:41.040   543   543 D io_stats: !@ DiskUsage: /data 91.00 % used (47282 MB/ 51957 MB)
10-20 20:26:41.041   543   543 D io_stats: !@ MemInfo(KB): total 3867888 free 87392 avail 1019888 actv(f) 418488 inactv(f) 611312 dirty 15256 wb 0 anonpg 1209288 slab 351864
10-20 20:26:41.211  1483  2457 D WifiConnectivityMonitor.NetworkStatsAnalyzer: Backhaul result - RSSI:-64, CE:25, PE:18, TI:26, PTI:19, TW:24, PTW:29, Tx:5180, Rx:3143, TxS:5113, RxS:3074, RESULT:true, IC:0, ICT:5, WC:0, WCT:5, R:6, RC:0, IE:0, EC:0
10-20 20:26:41.263  2521  2618 D MobileStatusTracker(1/1): onSignalStrengthsChanged level=4, vendorLevel=4
10-20 20:26:41.265  2521  2618 D MobileSignalController(1/1): notifyListener: enabled=true, connected=true, dataConnected=false, networkType=UMTS (3G), emergencyOnly=true, roaming=false, isDefault=false, dataActivity=, level=4, ca=false, mmWave=false, disabledDataIcon=false, simCard=ETC
10-20 20:26:41.265  2521  2618 D NetworkController: SignalStrength from intent slotId=1
10-20 20:26:41.401  1205  1205 I thermal_repeater: socket -1
10-20 20:26:41.666  2486  2486 I WifiHAL : Get link layer stats
10-20 20:26:41.667  2486  2486 I WifiHAL : GetLinkStatsCommand::create
10-20 20:26:41.667  2486  2486 D android.hardware.wifi@1.0-service-lazy: WifiRequest::create vendor command to iface 38, vendor_id=0x1a11, subcmd=0x1200, res=0
10-20 20:26:41.667  2486  2486 I android.hardware.wifi@1.0-service-lazy: WifiCommand::requestResponse err=-95
10-20 20:26:41.667  2486  2486 I WifiHAL : wifi_get_link_stats: result=-3
10-20 20:26:41.668  1483  2363 E WifiVendorHal: getWifiLinkLayerStats_1_5_Internal(l.1179) failed {.code = ERROR_NOT_SUPPORTED, .description = }
10-20 20:26:41.671  1483  3390 D SemWifiUsabilityStatsMonitor: onWifiUsabilityStats - seqNum 543772, isSameBssidAndFreq true
10-20 20:26:41.674  1483  2437 I SemWifiLinkQualityMonitor: Link Qos query: inf. ms / 0 Mbps
10-20 20:26:41.696  1483  2711 D InputDispatcher: Inject key (24235/2000): action=0, f=0x0, d=-1, time=2552198998883338
10-20 20:26:41.709  1483  2711 D WindowManager: interceptKeyTq interceptKeyResult=1
10-20 20:26:41.711  1483  1796 D PowerManagerService: [api] userActivityFromNative :  (event: 1 flags: 0 displayId: 0) eventTime = 2552198998
10-20 20:26:41.716  1483  1796 I InputDispatcher: Delivering key to (23980): action: 0x0 (0), f=0x0, m=0x41, d=0, '5356d5d'
10-20 20:26:41.720  5125  5125 I HBD     : b skip onKeyDown as physical keyboard not connected 
10-20 20:26:41.725  5125  5125 I HBD     : HoneyBoardService onKeyDown r:ace7eded consumed:false 5 
10-20 20:26:41.735 23980 23980 I ViewRootImpl@8188eb8[MainActivity]: ViewPostIme key 0
10-20 20:26:41.742  1483  2711 D InputDispatcher: Inject key (24235/2000): action=0, f=0x0, d=-1, time=2552198998883338
10-20 20:26:41.766  1483  2711 D SingleKeyGesture: reset counter=0 mActiveRule=null Callers(5)=com.android.server.policy.SingleKeyGestureDetector.interceptKeyDown:453 com.android.server.policy.SingleKeyGestureDetector.interceptKey:399 com.android.server.policy.PhoneWindowManager.handleKeyGesture:5028 com.android.server.policy.PhoneWindowManager.interceptKeyBeforeQueueing:4558 com.android.server.wm.InputManagerCallback.interceptKeyBeforeQueueing:156 
10-20 20:26:41.766  1483  2711 D WindowManager: interceptKeyTq interceptKeyResult=1
10-20 20:26:41.768  1483  1796 I InputDispatcher: Delivering key to (23980): action: 0x0 (0), f=0x0, m=0x41, d=0, '5356d5d'
10-20 20:26:41.769  5125  5125 I HBD     : b skip onKeyDown as physical keyboard not connected 
10-20 20:26:41.769  5125  5125 I HBD     : HoneyBoardService onKeyDown r:9e1153bf consumed:false 1 
10-20 20:26:41.773 23980 23980 I ViewRootImpl@8188eb8[MainActivity]: setInTouchMode(false), android.view.ViewRootImpl.checkForLeavingTouchModeAndConsume:9383 android.view.ViewRootImpl.-$$Nest$mcheckForLeavingTouchModeAndConsume:0 android.view.ViewRootImpl$EarlyPostImeInputStage.processKeyEvent:7707 android.view.ViewRootImpl$EarlyPostImeInputStage.onProcess:7691 android.view.ViewRootImpl$InputStage.deliver:7213 android.view.ViewRootImpl$InputStage.onDeliverToNext:7270 android.view.ViewRootImpl$InputStage.forward:7236 android.view.ViewRootImpl$AsyncInputStage.forward:7467 android.view.ViewRootImpl$ImeInputStage.onFinishedInputEvent:7676 android.view.inputmethod.InputMethodManager$PendingEvent.run:3897 
10-20 20:26:41.774  1483  5804 D InputDispatcher: Touch mode switch rejected, caller (pid=0, uid=10976) doesn't own the focused window nor none of the previously interacted window
10-20 20:26:41.778 23980 23980 I ViewRootImpl@8188eb8[MainActivity]: ViewPostIme key 0
10-20 20:26:41.785   570 22626 I keystore2: keystore2::watchdog: Watchdog thread idle -> terminating. Have a great day.
10-20 20:26:41.808  1483  2711 D InputDispatcher: Inject key (24235/2000): action=1, f=0x0, d=-1, time=2552198998883338
10-20 20:26:41.808  1483  2711 D WindowManager: interceptKeyTq interceptKeyResult=1
10-20 20:26:41.809  1483  1796 I InputDispatcher: Delivering key to (23980): action: 0x1 (0), f=0x0, m=0x41, d=0, '5356d5d'
10-20 20:26:41.832 23980 24003 E IMGMapper: set:488 set: Unset optional value from type SMPTE2086
10-20 20:26:41.832 23980 24003 E IMGMapper: set:488 set: Unset optional value from type CTA861_3
10-20 20:26:41.837 23980 23991 W com.cinemamovel: Cleared Reference was only reachable from finalizer (only reported once)
10-20 20:26:41.837  5125  5125 I HBD     : HoneyBoardService onKeyUp r:b78ec5a3 consumed:false 5 
10-20 20:26:41.840  1039  1039 I BufferQueueProducer: [com.cinemamovel/com.cinemamovel.MainActivity$_23980#505967](this:0xb400007a1ea3f838,id:-1,api:0,p:-1,c:1039) queueBuffer: fps=6.95 dur=4892.99 max=4110.80 min=15.98
10-20 20:26:41.842   991  1074 I hwcomposer: [HWCDisplay] [Display_0 (type:1)] fps:6.947904,dur:4893.56,max:4111.81,min:15.97  
10-20 20:26:41.852 23980 23980 D InputMethodManager: startInputInner - Id : 0
10-20 20:26:41.852 23980 23980 I InputMethodManager: startInputInner - mService.startInputOrWindowGainedFocus
10-20 20:26:41.857  1483  6422 V InputMethodManagerService: startInputOrWindowGainedFocusInternalLocked: reason=CHECK_FOCUS clientState=bce82f6 attribute=android.view.inputmethod.EditorInfo@bfcf9b5 startInputFlags=VIEW_HAS_FOCUS|IS_TEXT_EDITOR|INITIAL_CONNECTION softInputMode=STATE_UNSPECIFIED|ADJUST_RESIZE windowFlags=#81810100 sameWindowFocused=true
10-20 20:26:41.858  1483  6422 D InputMethodManagerService: mDesktopModeManager null!
10-20 20:26:41.859  1483  6422 V InputMethodManagerService: getDisplayIdOfInputMethodWindowToBeAdded: displayId=0
10-20 20:26:41.859  1483  6422 D InputMethodManagerService: isImeSwitcherDisabledPackage : false
10-20 20:26:41.859  1483  6422 D InputMethodManagerService: shouldShowImeSwitcherLocked : checking vis : 3
10-20 20:26:41.860  1483  6422 D InputMethodManagerService: checkDisplayOfStartInputAndUpdateKeyboard: displayId=0, mFocusedDisplayId=0
10-20 20:26:41.860  1483  6422 D InputTransport: Input channel constructed: 'ClientS', fd=769
10-20 20:26:41.861 23980 23991 I com.cinemamovel: Background concurrent copying GC freed 354864(15MB) AllocSpace objects, 18(548KB) LOS objects, 49% free, 7560KB/14MB, paused 528us,217us total 126.183ms
10-20 20:26:41.861  1483  6422 D InputTransport: Input channel destroyed: 'ClientS', fd=769
10-20 20:26:41.862 23980 23980 I ViewRootImpl@8188eb8[MainActivity]: ViewPostIme key 1
10-20 20:26:41.863  1483  2711 D InputDispatcher: Inject key (24235/2000): action=1, f=0x0, d=-1, time=2552198998883338
10-20 20:26:41.863  1483  2711 D WindowManager: interceptKeyTq interceptKeyResult=1
10-20 20:26:41.864  1483  1796 I InputDispatcher: Delivering key to (23980): action: 0x1 (0), f=0x0, m=0x0, d=0, '5356d5d'
10-20 20:26:41.867  5125  5125 I HBD     : HoneyBoardService onFinishInput 
10-20 20:26:41.868  5125  5125 I HBD     : a IC have been unbinding,  RemoteInputConnection{idHash=#84e430d}
10-20 20:26:41.868  5125  5125 I HBD     : HoneyBoardService [PF_CL][onFinishInput]  1 ms 
10-20 20:26:41.868  5125  5125 I HBD     : HoneyBoardService onInlineSuggestionsResponse 
10-20 20:26:41.877 23980 24003 E IMGMapper: set:488 set: Unset optional value from type SMPTE2086
10-20 20:26:41.877 23980 24003 E IMGMapper: set:488 set: Unset optional value from type CTA861_3
10-20 20:26:41.881  5125  5125 I HBD     : HoneyBoardService [IMI] onStartInput - caller pid : 23980 , caller uid : 10976 
10-20 20:26:41.882  5125  5125 I HBD     : j updateConfigs 
10-20 20:26:41.882  5125  5125 I HBD     : j isEnabledNightMode : true 
10-20 20:26:41.882  5125  5125 I HBD     : a IC have been binding, RemoteInputConnection{idHash=#cf01c10} 
10-20 20:26:41.882  5125  5125 I HBD     : h [EditorInputType]setPrivateImeOptionsToTable privateImeOptions ( null )
10-20 20:26:41.882  5125  5125 I HBD     : b incognitoMode : false 
10-20 20:26:41.884  5125  5125 I HBD     : b [CPS]isPredictionOnByLanguage :false, isForceOff : false, isPredictionOn : true , isOnPref : true 
10-20 20:26:41.884  5125  5125 I HBD     : h getDefaultInputRange : UNKNOWN 
10-20 20:26:41.885  5125  5125 I HBD     : h getDefaultInputRange : UNKNOWN 
10-20 20:26:41.885  5125  5125 I HBD     : h getDefaultInputRange : UNKNOWN 
10-20 20:26:41.887  5125  5125 I HBD     : b update cached prediction status : true 
10-20 20:26:41.887  5125  5125 I HBD     : h getDefaultInputRange : UNKNOWN 
10-20 20:26:41.887  5125  5125 I HBD     : a currentState : 0 
10-20 20:26:41.888  5125  5125 I HBD     : a [UpdatePolicy] [post] a: 0 cl: 3276809 kit: [0/0] vt: 0 ir: 1 
10-20 20:26:41.888  5125  5125 I HBD     : a [NRIC] resetNoResponseState 
10-20 20:26:41.888  5125  5125 I HBD     : b update cached prediction status : true 
10-20 20:26:41.890  5125  5125 I HBD     : HoneyBoardService [PF_OP][onStartInput]  9 ms 
10-20 20:26:41.898  5125  5125 I HBD     : HoneyBoardService onKeyUp r:ce543735 consumed:false 8 
10-20 20:26:41.899 23980 23980 I ViewRootImpl@8188eb8[MainActivity]: ViewPostIme key 1
10-20 20:26:41.900  1483  2711 D InputDispatcher: Inject key (24235/2000): action=0, f=0x0, d=-1, time=2552198998883338
10-20 20:26:41.900  1483  2711 D WindowManager: interceptKeyTq interceptKeyResult=1
10-20 20:26:41.901  1483  1796 I InputDispatcher: Delivering key to (23980): action: 0x0 (0), f=0x0, m=0x0, d=0, '5356d5d'
10-20 20:26:41.902  5125  5125 I HBD     : b skip onKeyDown as physical keyboard not connected 
10-20 20:26:41.902  5125  5125 I HBD     : HoneyBoardService onKeyDown r:86197c14 consumed:false 0 
10-20 20:26:41.903 23980 23980 I ViewRootImpl@8188eb8[MainActivity]: ViewPostIme key 0
10-20 20:26:41.915  1483  2711 D InputDispatcher: Inject key (24235/2000): action=1, f=0x0, d=-1, time=2552198998883338
10-20 20:26:41.915  1483  2711 D WindowManager: interceptKeyTq interceptKeyResult=1
10-20 20:26:41.916  1483  1796 I InputDispatcher: Delivering key to (23980): action: 0x1 (0), f=0x0, m=0x0, d=0, '5356d5d'
10-20 20:26:41.923 23980 24003 E IMGMapper: set:488 set: Unset optional value from type SMPTE2086
10-20 20:26:41.923 23980 24003 E IMGMapper: set:488 set: Unset optional value from type CTA861_3
10-20 20:26:41.935  5125  5125 I HBD     : HoneyBoardService onKeyUp r:c43d3d80 consumed:false 0 
10-20 20:26:41.936 23980 23980 I ViewRootImpl@8188eb8[MainActivity]: ViewPostIme key 1
10-20 20:26:41.937  1483  2711 D InputDispatcher: Inject key (24235/2000): action=0, f=0x0, d=-1, time=2552198998883338
10-20 20:26:41.937  1483  2711 D WindowManager: interceptKeyTq interceptKeyResult=1
10-20 20:26:41.939  1483  1796 I InputDispatcher: Delivering key to (23980): action: 0x0 (0), f=0x0, m=0x0, d=0, '5356d5d'
10-20 20:26:41.940  5125  5125 I HBD     : b skip onKeyDown as physical keyboard not connected 
10-20 20:26:41.941  5125  5125 I HBD     : HoneyBoardService onKeyDown r:69168f00 consumed:false 1 
10-20 20:26:41.950 23980 23980 I ViewRootImpl@8188eb8[MainActivity]: ViewPostIme key 0
10-20 20:26:41.957  1483  2711 D InputDispatcher: Inject key (24235/2000): action=1, f=0x0, d=-1, time=2552198998883338
10-20 20:26:41.957  1483  2711 D WindowManager: interceptKeyTq interceptKeyResult=1
10-20 20:26:41.958  1483  1796 I InputDispatcher: Delivering key to (23980): action: 0x1 (0), f=0x0, m=0x0, d=0, '5356d5d'
10-20 20:26:41.974  5125  5125 I HBD     : HoneyBoardService onKeyUp r:a691cbca consumed:false 1 
10-20 20:26:41.976 23980 24003 E IMGMapper: set:488 set: Unset optional value from type SMPTE2086
10-20 20:26:41.976 23980 24003 E IMGMapper: set:488 set: Unset optional value from type CTA861_3
10-20 20:26:41.982 23980 23980 I ViewRootImpl@8188eb8[MainActivity]: ViewPostIme key 1
10-20 20:26:41.983  1483  2711 D InputDispatcher: Inject key (24235/2000): action=0, f=0x0, d=-1, time=2552198998883338
10-20 20:26:41.983  1483  2711 D WindowManager: interceptKeyTq interceptKeyResult=1
10-20 20:26:41.983  1483  1796 I InputDispatcher: Delivering key to (23980): action: 0x0 (0), f=0x0, m=0x0, d=0, '5356d5d'
10-20 20:26:41.984  5125  5125 I HBD     : b skip onKeyDown as physical keyboard not connected 
10-20 20:26:41.985  5125  5125 I HBD     : HoneyBoardService onKeyDown r:d20c011f consumed:false 1 
10-20 20:26:41.986 23980 23980 I ViewRootImpl@8188eb8[MainActivity]: ViewPostIme key 0
10-20 20:26:41.995  1483  2711 D InputDispatcher: Inject key (24235/2000): action=1, f=0x0, d=-1, time=2552198998883338
10-20 20:26:41.995  1483  2711 D WindowManager: interceptKeyTq interceptKeyResult=1
10-20 20:26:41.996  1483  1796 I InputDispatcher: Delivering key to (23980): action: 0x1 (0), f=0x0, m=0x0, d=0, '5356d5d'
10-20 20:26:42.004  5125  5125 I HBD     : HoneyBoardService onKeyUp r:f6dbd3fe consumed:false 1 
10-20 20:26:42.005 23980 23980 I ViewRootImpl@8188eb8[MainActivity]: ViewPostIme key 1
10-20 20:26:42.007 23980 24010 I ReactNativeJS: 'RENDER_DASHBOARD count=', 2
10-20 20:26:42.009 23980 24003 E IMGMapper: set:488 set: Unset optional value from type SMPTE2086
10-20 20:26:42.009 23980 24003 E IMGMapper: set:488 set: Unset optional value from type CTA861_3
10-20 20:26:42.083  2521  2618 D MobileStatusTracker(0/2): onSignalStrengthsChanged level=4, vendorLevel=3
10-20 20:26:42.085  2521  2618 D MobileSignalController(0/2): notifyListener: enabled=true, connected=true, dataConnected=true, networkType=LTE (4G), emergencyOnly=false, roaming=false, isDefault=false, dataActivity=, level=3, ca=false, mmWave=false, disabledDataIcon=false, simCard=ETC
10-20 20:26:42.085  2521  2618 D NetworkController: SignalStrength from intent slotId=0
10-20 20:26:42.093 23980 24003 E IMGMapper: set:488 set: Unset optional value from type SMPTE2086
10-20 20:26:42.094 23980 24003 E IMGMapper: set:488 set: Unset optional value from type CTA861_3
10-20 20:26:42.204 23980 24010 I ReactNativeJS: 'RENDER_DASHBOARD count=', 3
10-20 20:26:42.258 24093 24093 I BadgeCountReceiver: badge intent : Intent { act=android.intent.action.BADGE_COUNT_UPDATE flg=0x1000010 cmp=com.sec.android.provider.badge/.BadgeCountReceiver (has extras) }
10-20 20:26:42.259 24093 24093 I BadgeCountReceiver: packageName: com.whatsapp, className: com.whatsapp.Main, count: 0
10-20 20:26:42.262  3014  3014 I BadgeCountUpdaterImpl: onChange
10-20 20:26:42.264  3014  3014 I BadgeCountUpdaterImpl: onChange
10-20 20:26:42.265 24093 24093 I BadgeProvider: sendNotify entered. [uri] : content://com.sec.badge/apps
10-20 20:26:42.265 24093 24093 I BadgeProvider: sendNotify, [notify] : null
10-20 20:26:42.266 24093 24093 I BadgeProvider: update, getCallingPackage() : com.sec.android.provider.badge
10-20 20:26:42.266 24093 24093 I BadgeProvider: update, [uri] : content://com.sec.badge/apps
10-20 20:26:42.266 24093 24093 I BadgeProvider: update, [uri.query] : null
10-20 20:26:42.266 24093 24093 I BadgeProvider: update, [BadgeCount] : badgecount=0
10-20 20:26:42.266 24093 24093 I BadgeProvider: update, [UpdateCount] : 1
10-20 20:26:42.465  3014  3326 I BadgeCountUpdaterImpl: reload badge without refresh
10-20 20:26:42.473 24093 24126 I BadgeProvider: query, [selection] : null
10-20 20:26:42.524  3014  3326 I BadgeCache: reloadBadge size : 0
10-20 20:26:42.550  2521  2618 D MobileStatusTracker(1/1): onSignalStrengthsChanged level=4, vendorLevel=4
10-20 20:26:42.552  2521  2618 D MobileSignalController(1/1): notifyListener: enabled=true, connected=true, dataConnected=false, networkType=UMTS (3G), emergencyOnly=true, roaming=false, isDefault=false, dataActivity=, level=4, ca=false, mmWave=false, disabledDataIcon=false, simCard=ETC
10-20 20:26:42.552  2521  2618 D NetworkController: SignalStrength from intent slotId=1
10-20 20:26:42.572 23980 24003 E IMGMapper: set:488 set: Unset optional value from type SMPTE2086
10-20 20:26:42.572 23980 24003 E IMGMapper: set:488 set: Unset optional value from type CTA861_3
10-20 20:26:42.836 14401 14401 D BoundBrokerSvc: onUnbind: Intent { act=com.google.android.gms.safetynet.service.START pkg=com.google.android.gms }
10-20 20:26:42.848 14401 14401 D BoundBrokerSvc: onUnbind: Intent { act=com.google.android.gms.safebrowsing.SafeBrowsingService.START dat=chimera-action:/... cmp=com.google.android.gms/.chimera.GmsBoundBrokerService }
10-20 20:26:42.910  1483  2711 D CompatibilityChangeReporter: Compat change id reported: 161145287; UID 10252; state: DISABLED
10-20 20:26:42.918 23327 24240 E FilePhenotypeFlags: Config package com.google.android.gms.clearcut_client#com.bradesco cannot use FILE backing without declarative registration. See go/phenotype-android-integration#phenotype for more information. This will lead to stale flags.
10-20 20:26:42.925 30047 30047 W Finsky  : [2] STU: Failed to get storage stats for package 'com.google.android.media.swcodec' (1601: Error getting stats: android.content.pm.PackageManager.NameNotFoundException)
10-20 20:26:42.999 23980 24003 E IMGMapper: set:488 set: Unset optional value from type SMPTE2086
10-20 20:26:42.999 23980 24003 E IMGMapper: set:488 set: Unset optional value from type CTA861_3
10-20 20:26:43.007  1039  1039 I BufferQueueProducer: [com.cinemamovel/com.cinemamovel.MainActivity$_23980#505967](this:0xb400007a1ea3f838,id:-1,api:0,p:-1,c:1039) queueBuffer: fps=6.00 dur=1167.53 max=484.28 min=33.01
10-20 20:26:43.009   991  1074 I hwcomposer: [HWCDisplay] [Display_0 (type:1)] fps:5.999193,dur:1166.82,max:484.10,min:32.72  
10-20 20:26:43.044   543   543 D io_stats: !@ 179,0 r 464959801 5650648794 w 80597834 844860664 d 1258359 33785876 f 0 0 iot 231201708 0 th 0 0 0 pt 0 inp 0 1 2552200.346
10-20 20:26:43.072  1483  6407 D InputDispatcher: Inject key (24243/2000): action=0, f=0x0, d=-1, time=2552200375000000
10-20 20:26:43.072  1483  6407 D WindowManager: interceptKeyTq interceptKeyResult=1
10-20 20:26:43.073  1483  1796 D PowerManagerService: [api] userActivityFromNative :  (event: 1 flags: 0 displayId: 0) eventTime = 2552200375
10-20 20:26:43.074  1483  1796 I InputDispatcher: Delivering key to (23980): action: 0x0 (0), f=0x0, m=0x0, d=0, '5356d5d'
10-20 20:26:43.074  5125  5125 I HBD     : b skip onKeyDown as physical keyboard not connected 
10-20 20:26:43.075  5125  5125 I HBD     : HoneyBoardService onKeyDown r:f86b409f consumed:false 1 
10-20 20:26:43.076 23980 23980 I ViewRootImpl@8188eb8[MainActivity]: ViewPostIme key 0
10-20 20:26:43.081 23980 23980 I IMM_LC  : hsifw() - flag : 0
10-20 20:26:43.082 23980 23980 I IMM_LC  : hsifw() - mService.hideSoftInput
10-20 20:26:43.082  1483  4847 D InputMethodManagerService: hideSoftInput
10-20 20:26:43.082  1483  4847 V InputMethodManagerService: Client requesting input be hidden
10-20 20:26:43.082  1483  4847 V InputMethodManagerService: hideCurrentInputLocked : canceled, shouldHideSoftInput=false, mInputShown=false, mImeWindowVis=0
10-20 20:26:43.084  1483  4847 I InputMethodBindingController: setCurrentMethodNotVisible: mVisibleBound=false, mHasConnection=true, caller = com.android.server.inputmethod.InputMethodManagerService.hideCurrentInputLocked:4356 com.android.server.inputmethod.InputMethodManagerService.hideSoftInput:4294 com.android.internal.view.IInputMethodManager$Stub.onTransact:488 com.android.server.inputmethod.InputMethodManagerService.onTransact:2302 android.os.Binder.execTransactInternal:1316 android.os.Binder.execTransact:1280 <bottom of call stack> <bottom of call stack> <bottom of call stack> <bottom of call stack> 
10-20 20:26:43.085  1483  6407 D InputDispatcher: Inject key (24243/2000): action=1, f=0x0, d=-1, time=2552200375000000
10-20 20:26:43.085  1483  6407 D WindowManager: interceptKeyTq interceptKeyResult=1
10-20 20:26:43.086  1483  1796 I InputDispatcher: Delivering key to (23980): action: 0x1 (0), f=0x0, m=0x0, d=0, '5356d5d'
10-20 20:26:43.086  5125  5125 I HBD     : HoneyBoardService onKeyUp r:4295339f consumed:false 0 
10-20 20:26:43.087 23980 23980 I ViewRootImpl@8188eb8[MainActivity]: ViewPostIme key 1
10-20 20:26:43.088 23980 23980 I IMM_LC  : hsifw() - flag : 0
10-20 20:26:43.088 23980 23980 I IMM_LC  : hsifw() - mService.hideSoftInput
10-20 20:26:43.089  1483  4847 D InputMethodManagerService: hideSoftInput
10-20 20:26:43.089  1483  4847 V InputMethodManagerService: Client requesting input be hidden
10-20 20:26:43.089  1483  4847 V InputMethodManagerService: hideCurrentInputLocked : canceled, shouldHideSoftInput=false, mInputShown=false, mImeWindowVis=0
10-20 20:26:43.089  1483  4847 I InputMethodBindingController: setCurrentMethodNotVisible: mVisibleBound=false, mHasConnection=true, caller = com.android.server.inputmethod.InputMethodManagerService.hideCurrentInputLocked:4356 com.android.server.inputmethod.InputMethodManagerService.hideSoftInput:4294 com.android.internal.view.IInputMethodManager$Stub.onTransact:488 com.android.server.inputmethod.InputMethodManagerService.onTransact:2302 android.os.Binder.execTransactInternal:1316 android.os.Binder.execTransact:1280 <bottom of call stack> <bottom of call stack> <bottom of call stack> <bottom of call stack> 
10-20 20:26:43.098 23980 24003 E IMGMapper: set:488 set: Unset optional value from type SMPTE2086
10-20 20:26:43.098 23980 24003 E IMGMapper: set:488 set: Unset optional value from type CTA861_3
10-20 20:26:43.248 23980 24246 D skia    : SkJpegCodec::onGetPixels +
10-20 20:26:43.267 23980 24246 D skia    : SkJpegCodec::onGetPixels -
10-20 20:26:43.273 23980 24247 D skia    : SkJpegCodec::onGetPixels +
10-20 20:26:43.274 23980 24248 D skia    : SkJpegCodec::onGetPixels +
10-20 20:26:43.281 23980 24003 E IMGMapper: set:488 set: Unset optional value from type SMPTE2086
10-20 20:26:43.281 23980 24003 E IMGMapper: set:488 set: Unset optional value from type CTA861_3
10-20 20:26:43.283 23980 24095 D skia    : SkJpegCodec::onGetPixels +
10-20 20:26:43.288 23980 24247 D skia    : SkJpegCodec::onGetPixels -
10-20 20:26:43.293 23980 24248 D skia    : SkJpegCodec::onGetPixels -
10-20 20:26:43.302 23980 24003 E IMGMapper: set:488 set: Unset optional value from type SMPTE2086
10-20 20:26:43.302 23980 24003 E IMGMapper: set:488 set: Unset optional value from type CTA861_3
10-20 20:26:43.311 23980 24095 D skia    : SkJpegCodec::onGetPixels -
10-20 20:26:43.315 23980 24003 E IMGMapper: set:488 set: Unset optional value from type SMPTE2086
10-20 20:26:43.315 23980 24003 E IMGMapper: set:488 set: Unset optional value from type CTA861_3
10-20 20:26:43.335 30047 30047 W Finsky  : [2] STU: Failed to get storage stats for package 'com.google.android.adbd' (1601: Error getting stats: android.content.pm.PackageManager.NameNotFoundException)
10-20 20:26:43.338 23980 24003 E IMGMapper: set:488 set: Unset optional value from type SMPTE2086
10-20 20:26:43.338 23980 24003 E IMGMapper: set:488 set: Unset optional value from type CTA861_3
10-20 20:26:43.355 23980 24003 E IMGMapper: set:488 set: Unset optional value from type SMPTE2086
10-20 20:26:43.355 23980 24003 E IMGMapper: set:488 set: Unset optional value from type CTA861_3
10-20 20:26:43.364  2521  2618 D MobileStatusTracker(0/2): onSignalStrengthsChanged level=4, vendorLevel=3
10-20 20:26:43.367  2521  2618 D MobileSignalController(0/2): notifyListener: enabled=true, connected=true, dataConnected=true, networkType=LTE (4G), emergencyOnly=false, roaming=false, isDefault=false, dataActivity=, level=3, ca=false, mmWave=false, disabledDataIcon=false, simCard=ETC
10-20 20:26:43.368  2521  2618 D NetworkController: SignalStrength from intent slotId=0
10-20 20:26:43.370 23980 24003 E IMGMapper: set:488 set: Unset optional value from type SMPTE2086
10-20 20:26:43.371 23980 24003 E IMGMapper: set:488 set: Unset optional value from type CTA861_3
10-20 20:26:43.381 23980 24003 E IMGMapper: set:488 set: Unset optional value from type SMPTE2086
10-20 20:26:43.381 23980 24003 E IMGMapper: set:488 set: Unset optional value from type CTA861_3
10-20 20:26:43.395 30047 30047 W Finsky  : [2] STU: Failed to get storage stats for package 'com.google.android.conscrypt' (1601: Error getting stats: android.content.pm.PackageManager.NameNotFoundException)
10-20 20:26:43.397 23980 24003 E IMGMapper: set:488 set: Unset optional value from type SMPTE2086
10-20 20:26:43.397 23980 24003 E IMGMapper: set:488 set: Unset optional value from type CTA861_3
10-20 20:26:43.399 24132 24208 I incfs   : Initial API level of the device: 30
10-20 20:26:43.400 24132 24208 W libc    : Access denied finding property "ro.incremental.enable"
10-20 20:26:43.400 24132 24208 I incfs   : ro.incremental.enable: 
10-20 20:26:43.401   963   963 E audit   : type=1400 audit(1761002803.396:1251297): avc:  denied  { read } for  pid=24132 comm="pool-22-thread-" name="u:object_r:incremental_prop:s0" dev="tmpfs" ino=106 scontext=u:r:untrusted_app:s0:c23,c256,c512,c768 tcontext=u:object_r:incremental_prop:s0 tclass=file permissive=0 SEPF_SM-A037M_12_0001 unfiltered
10-20 20:26:43.401 24132 24208 I incfs   : IncFs_Features: v1
10-20 20:26:43.402   963   963 E audit   : type=1400 audit(1761002803.400:1251298): avc:  denied  { ioctl } for  pid=24132 comm="pool-22-thread-" path="/data/app/~~6g4Af6nJrq4Aozq2uzHGJg==/br.com.brainweb.ifood-3yBxb9jTdwsztzon3TXkFQ==/base.apk" dev="incremental-fs" ino=2138491 ioctlcmd=0x6722 scontext=u:r:untrusted_app:s0:c23,c256,c512,c768 tcontext=u:object_r:apk_data_file:s0 tclass=file permissive=0 SEPF_SM-A037M_12_0001 unfiltered
10-20 20:26:43.403   963   963 E audit   : type=1400 audit(1761002803.400:1251299): avc:  denied  { ioctl } for  pid=24132 comm="pool-22-thread-" path="/data/app/~~6g4Af6nJrq4Aozq2uzHGJg==/br.com.brainweb.ifood-3yBxb9jTdwsztzon3TXkFQ==/split_config.pt.apk" dev="incremental-fs" ino=2142055 ioctlcmd=0x6722 scontext=u:r:untrusted_app:s0:c23,c256,c512,c768 tcontext=u:object_r:apk_data_file:s0 tclass=file permissive=0 SEPF_SM-A037M_12_0001 unfiltered
10-20 20:26:43.404   963   963 E audit   : type=1400 audit(1761002803.400:1251300): avc:  denied  { ioctl } for  pid=24132 comm="pool-22-thread-" path="/data/app/~~6g4Af6nJrq4Aozq2uzHGJg==/br.com.brainweb.ifood-3yBxb9jTdwsztzon3TXkFQ==/split_config.xhdpi.apk" dev="incremental-fs" ino=2155757 ioctlcmd=0x6722 scontext=u:r:untrusted_app:s0:c23,c256,c512,c768 tcontext=u:object_r:apk_data_file:s0 tclass=file permissive=0 SEPF_SM-A037M_12_0001 unfiltered
10-20 20:26:43.413 23980 24003 E IMGMapper: set:488 set: Unset optional value from type SMPTE2086
10-20 20:26:43.413 23980 24003 E IMGMapper: set:488 set: Unset optional value from type CTA861_3
10-20 20:26:43.432 23980 24003 E IMGMapper: set:488 set: Unset optional value from type SMPTE2086
10-20 20:26:43.432 23980 24003 E IMGMapper: set:488 set: Unset optional value from type CTA861_3
10-20 20:26:43.448 23980 24003 E IMGMapper: set:488 set: Unset optional value from type SMPTE2086
10-20 20:26:43.448 23980 24003 E IMGMapper: set:488 set: Unset optional value from type CTA861_3
10-20 20:26:43.467 23980 24003 E IMGMapper: set:488 set: Unset optional value from type SMPTE2086
10-20 20:26:43.467 23980 24003 E IMGMapper: set:488 set: Unset optional value from type CTA861_3
10-20 20:26:43.484 23980 24003 E IMGMapper: set:488 set: Unset optional value from type SMPTE2086
10-20 20:26:43.484 23980 24003 E IMGMapper: set:488 set: Unset optional value from type CTA861_3
10-20 20:26:43.499 23980 24003 E IMGMapper: set:488 set: Unset optional value from type SMPTE2086
10-20 20:26:43.499 23980 24003 E IMGMapper: set:488 set: Unset optional value from type CTA861_3
10-20 20:26:43.516 23980 24003 E IMGMapper: set:488 set: Unset optional value from type SMPTE2086
10-20 20:26:43.516 23980 24003 E IMGMapper: set:488 set: Unset optional value from type CTA861_3
10-20 20:26:43.533 23980 24003 E IMGMapper: set:488 set: Unset optional value from type SMPTE2086
10-20 20:26:43.533 23980 24003 E IMGMapper: set:488 set: Unset optional value from type CTA861_3
10-20 20:26:43.549 23980 24003 E IMGMapper: set:488 set: Unset optional value from type SMPTE2086
10-20 20:26:43.549 23980 24003 E IMGMapper: set:488 set: Unset optional value from type CTA861_3
10-20 20:26:43.563 30047 30047 W Finsky  : [2] STU: Failed to get storage stats for package 'com.google.android.neuralnetworks' (1601: Error getting stats: android.content.pm.PackageManager.NameNotFoundException)
10-20 20:26:43.564 23980 24003 E IMGMapper: set:488 set: Unset optional value from type SMPTE2086
10-20 20:26:43.565 23980 24003 E IMGMapper: set:488 set: Unset optional value from type CTA861_3
10-20 20:26:43.585 23980 24003 E IMGMapper: set:488 set: Unset optional value from type SMPTE2086
10-20 20:26:43.585 23980 24003 E IMGMapper: set:488 set: Unset optional value from type CTA861_3
10-20 20:26:43.607 23980 24003 E IMGMapper: set:488 set: Unset optional value from type SMPTE2086
10-20 20:26:43.607 23980 24003 E IMGMapper: set:488 set: Unset optional value from type CTA861_3
10-20 20:26:43.615 23980 24003 E IMGMapper: set:488 set: Unset optional value from type SMPTE2086
10-20 20:26:43.615 23980 24003 E IMGMapper: set:488 set: Unset optional value from type CTA861_3
10-20 20:26:43.618  1483  1583 D PowerManagerService: UserActivityStateListenerState: 0
10-20 20:26:43.632 23980 24003 E IMGMapper: set:488 set: Unset optional value from type SMPTE2086
10-20 20:26:43.632 23980 24003 E IMGMapper: set:488 set: Unset optional value from type CTA861_3
10-20 20:26:43.647 23980 24003 E IMGMapper: set:488 set: Unset optional value from type SMPTE2086
10-20 20:26:43.647 23980 24003 E IMGMapper: set:488 set: Unset optional value from type CTA861_3
10-20 20:26:43.664 23980 24003 E IMGMapper: set:488 set: Unset optional value from type SMPTE2086
10-20 20:26:43.664 23980 24003 E IMGMapper: set:488 set: Unset optional value from type CTA861_3
10-20 20:26:43.982   963   963 E audit   : type=1400 audit(1761002803.980:1251301): avc:  denied  { write } for  pid=8661 comm="ThreadPoolForeg" name="traced_producer" dev="tmpfs" ino=11170 scontext=u:r:gmscore_app:s0:c512,c768 tcontext=u:object_r:traced_producer_socket:s0 tclass=sock_file permissive=0 SEPF_SM-A037M_12_0001 unfiltered
10-20 20:26:43.985  1483  1777 D ActivityTaskManager: SafeActivityOptions created, mOriginalCallingPid=1483, mOriginalCallingUid=1000, options=ActivityOptions(144530799), mPackageName=null, mAnimationType=-1, mStartX=0, mStartY=0, mWidth=0, mHeight=0, caller=com.android.server.am.PendingIntentRecord.sendInner:500 com.android.server.am.ActivityManagerService.sendIntentSender:6624 com.android.server.am.ActivityManagerService.sendIntentSender:6613 android.app.PendingIntent.sendAndReturnResult:1029 android.app.PendingIntent.send:1000 com.android.server.alarm.AlarmManagerService$DeliveryTracker.deliverLocked:6377 com.android.server.alarm.AlarmManagerService.deliverAlarmsLocked:5218 
10-20 20:26:43.986  1483  1777 D ActivityManager: Received BROADCAST intent 0xc74fa9b Key{broadcastIntent pkg=br.com.tradepro.promoter intent=act=HEARTBEAT cmp=br.com.tradepro.promoter/com.transistorsoft.locationmanager.scheduler.ScheduleAlarmReceiver flags=0x2000000 u=0} requestCode=-1307475748 sent=0 from uid 1000
10-20 20:26:43.993  1483  1558 D CompatibilityChangeReporter: Compat change id reported: 135634846; UID 11011; state: DISABLED
10-20 20:26:43.993  1483  1558 D CompatibilityChangeReporter: Compat change id reported: 177438394; UID 11011; state: DISABLED
10-20 20:26:43.993  1483  1558 D CompatibilityChangeReporter: Compat change id reported: 135772972; UID 11011; state: DISABLED
10-20 20:26:43.994  1483  1558 D CompatibilityChangeReporter: Compat change id reported: 135754954; UID 11011; state: ENABLED
10-20 20:26:43.996  1483  1559 D CompatibilityChangeReporter: Compat change id reported: 143937733; UID 11011; state: ENABLED
10-20 20:26:44.022 30047 30047 W Finsky  : [2] STU: Failed to get storage stats for package 'com.google.android.ipsec' (1601: Error getting stats: android.content.pm.PackageManager.NameNotFoundException)
10-20 20:26:44.022   975   975 D Zygote  : Forked child process 24250
10-20 20:26:44.025  1483  1559 I ActivityManager: Start proc 24250:br.com.tradepro.promoter/u0a1011 for broadcast {br.com.tradepro.promoter/com.transistorsoft.locationmanager.scheduler.ScheduleAlarmReceiver}
10-20 20:26:44.057 24250 24250 I adepro.promoter: Late-enabling -Xcheck:jni
10-20 20:26:44.112 23980 24003 E IMGMapper: set:488 set: Unset optional value from type SMPTE2086
10-20 20:26:44.113 23980 24003 E IMGMapper: set:488 set: Unset optional value from type CTA861_3
10-20 20:26:44.120  1039  1039 I BufferQueueProducer: [com.cinemamovel/com.cinemamovel.MainActivity$_23980#505967](this:0xb400007a1ea3f838,id:-1,api:0,p:-1,c:1039) queueBuffer: fps=23.36 dur=1113.04 max=432.74 min=16.26
10-20 20:26:44.122   991  1074 I hwcomposer: [HWCDisplay] [Display_0 (type:1)] fps:23.358107,dur:1113.10,max:433.19,min:15.59  
10-20 20:26:44.124 24250 24250 I adepro.promoter: Using CollectorTypeCC GC.
10-20 20:26:44.133 30047 30047 W Finsky  : [2] STU: Failed to get storage stats for package 'com.google.android.ondevicepersonalization' (1601: Error getting stats: android.content.pm.PackageManager.NameNotFoundException)
10-20 20:26:44.134   999   999 D IMGMemtrackHAL: hal_get_memory: memtrack cache rebuild was required
10-20 20:26:44.134  8257  8268 I adbd    : jdwp connection from 24250
10-20 20:26:44.138  1483  1757 I ActivityManager: Killing 22665:com.samsung.android.dynamiclock/u0a116 (adj 999): empty #25
10-20 20:26:44.147  1483  1560 I libprocessgroup: Successfully killed process cgroup uid 10116 pid 22665 in 7ms
10-20 20:26:44.177   975   975 I Zygote  : Process 22665 exited due to signal 9 (Killed)
10-20 20:26:44.203 24250 24250 D ActivityThread: setConscryptValidator
10-20 20:26:44.204 24250 24250 D ActivityThread: setConscryptValidator - put
10-20 20:26:44.205   999   999 D IMGMemtrackHAL: hal_get_memory: memtrack cache rebuild was required
10-20 20:26:44.283 24250 24250 D CompatibilityChangeReporter: Compat change id reported: 171979766; UID 11011; state: ENABLED
10-20 20:26:44.319 30047 30047 W Finsky  : [2] STU: Failed to get storage stats for package 'com.google.android.extservices' (1601: Error getting stats: android.content.pm.PackageManager.NameNotFoundException)
10-20 20:26:44.361  4441  4441 I wpa_supplicant: Heartbeat 984
10-20 20:26:44.377 24250 24250 D nativeloader: Configuring clns-4 for other apk /system/framework/org.apache.http.legacy.jar. target_sdk_version=36, uses_libraries=ALL, library_path=/data/app/~~GLbU4hWlm0FAGht8wIPcBw==/br.com.tradepro.promoter-P-DsGqN6MTwFVjafdbTV1Q==/lib/arm64:/data/app/~~GLbU4hWlm0FAGht8wIPcBw==/br.com.tradepro.promoter-P-DsGqN6MTwFVjafdbTV1Q==/base.apk!/lib/arm64-v8a, permitted_path=/data:/mnt/expand:/data/user/0/br.com.tradepro.promoter
10-20 20:26:44.377 24250 24250 D nativeloader: Extending system_exposed_libraries: libexifa.camera.samsung.so:libjpega.camera.samsung.so:libOpenCv.camera.samsung.so:libImageScreener.camera.samsung.so:libHpr_RecGAE_cvFeature_v1.0.camera.samsung.so:libHprFace_GAE_api.camera.samsung.so:libHprFace_GAE_jni.camera.samsung.so:libObjectAndSceneClassification_2.5_OD.camera.samsung.so:libQREngine.camera.samsung.so:libInteractiveSegmentation.camera.samsung.so:libsmart_cropping.camera.samsung.so:libFacePreProcessing_jni.camera.samsung.so:libhumantracking_util.camera.samsung.so:libMyFilterPlugin.camera.samsung.so:libsecjpeginterface.camera.samsung.so:libsurfaceutil.camera.samsung.so:libsecimaging_pdk.camera.samsung.so:libsecimaging.camera.samsung.so:libsce_v1.crypto.samsung.so:lib_vnd_client.dk.samsung.so:lib_native_client.dk.samsung.so:lib_nativeJni.dk.samsung.so:lib.engmodejni.samsung.so:libSFEffect.fonteffect.samsung.so:libknox_remotedesktopclient.knox.samsung.so:libheifcapture_jni.media.samsung.so:libjpegsq.media.samsung.so:libslljpeg.media.samsung.so:libsemimage
10-20 20:26:44.383 24250 24250 W ziparchive: Unable to open '/data/app/~~GLbU4hWlm0FAGht8wIPcBw==/br.com.tradepro.promoter-P-DsGqN6MTwFVjafdbTV1Q==/base.dm': No such file or directory
10-20 20:26:44.383 24250 24250 W ziparchive: Unable to open '/data/app/~~GLbU4hWlm0FAGht8wIPcBw==/br.com.tradepro.promoter-P-DsGqN6MTwFVjafdbTV1Q==/base.dm': No such file or directory
10-20 20:26:44.413  1483  2425 I ChimeraAggressivePolicyHandler: executePolicy() - triggerSource: TRIGGER_SOURCE_LMKD
10-20 20:26:44.415  1483  2425 I ChimeraAggressivePolicyHandler: available memory: 1129692, free memory target: 747520, quit chimera
10-20 20:26:44.437 30047 30047 W Finsky  : [2] STU: Failed to get storage stats for package 'com.google.android.os.statsd' (1601: Error getting stats: android.content.pm.PackageManager.NameNotFoundException)
10-20 20:26:44.611 23980 24003 E IMGMapper: set:488 set: Unset optional value from type SMPTE2086
10-20 20:26:44.611 23980 24003 E IMGMapper: set:488 set: Unset optional value from type CTA861_3
10-20 20:26:44.612   492   492 I lmkd    : 0(delay), 50(swap), 20(freelimit), 0(reentrymode) memory pressure events were skipped after a kill!
10-20 20:26:44.617 30047 30047 W Finsky  : [2] STU: Failed to get storage stats for package 'com.google.android.scheduling' (1601: Error getting stats: android.content.pm.PackageManager.NameNotFoundException)
10-20 20:26:44.643  2521  2618 D MobileStatusTracker(0/2): onSignalStrengthsChanged level=4, vendorLevel=3
10-20 20:26:44.646  2521  2618 D MobileSignalController(0/2): notifyListener: enabled=true, connected=true, dataConnected=true, networkType=LTE (4G), emergencyOnly=false, roaming=false, isDefault=false, dataActivity=, level=3, ca=false, mmWave=false, disabledDataIcon=false, simCard=ETC
10-20 20:26:44.646  2521  2618 D NetworkController: SignalStrength from intent slotId=0
10-20 20:26:44.674 30047 30047 I Finsky  : [2] App states replicator found 55 unowned apps
10-20 20:26:44.676  2486  2486 I WifiHAL : Get link layer stats
10-20 20:26:44.676  2486  2486 I WifiHAL : GetLinkStatsCommand::create
10-20 20:26:44.676  2486  2486 D android.hardware.wifi@1.0-service-lazy: WifiRequest::create vendor command to iface 38, vendor_id=0x1a11, subcmd=0x1200, res=0
10-20 20:26:44.677  2486  2486 I android.hardware.wifi@1.0-service-lazy: WifiCommand::requestResponse err=-95
10-20 20:26:44.677  2486  2486 I WifiHAL : wifi_get_link_stats: result=-3
10-20 20:26:44.678  1483  2363 E WifiVendorHal: getWifiLinkLayerStats_1_5_Internal(l.1179) failed {.code = ERROR_NOT_SUPPORTED, .description = }
10-20 20:26:44.681  1483  3390 D SemWifiUsabilityStatsMonitor: onWifiUsabilityStats - seqNum 543773, isSameBssidAndFreq true
10-20 20:26:44.682  1483  2437 I SemWifiLinkQualityMonitor: Link Qos query: inf. ms / 0 Mbps
10-20 20:26:44.930  8661 12004 E AuthPII : [RequestTokenManager] getToken() -> BAD_AUTHENTICATION. App: com.android.vending, Service: oauth2:https://www.googleapis.com/auth/googleplay
10-20 20:26:44.930  8661 12004 E AuthPII : bbhm: Long live credential not available.
10-20 20:26:44.930  8661 12004 E AuthPII : 	at aedv.a(:com.google.android.gms@254031029@25.40.31 (190400-816341114):1270)
10-20 20:26:44.930  8661 12004 E AuthPII : 	at aeeb.b(:com.google.android.gms@254031029@25.40.31 (190400-816341114):28)
10-20 20:26:44.930  8661 12004 E AuthPII : 	at aedz.a(:com.google.android.gms@254031029@25.40.31 (190400-816341114):537)
10-20 20:26:44.930  8661 12004 E AuthPII : 	at aedy.b(:com.google.android.gms@254031029@25.40.31 (190400-816341114):143)
10-20 20:26:44.930  8661 12004 E AuthPII : 	at xnm.d(:com.google.android.gms@254031029@25.40.31 (190400-816341114):620)
10-20 20:26:44.930  8661 12004 E AuthPII : 	at adxf.getAuthToken(:com.google.android.gms@254031029@25.40.31 (190400-816341114):412)
10-20 20:26:44.930  8661 12004 E AuthPII : 	at android.accounts.AbstractAccountAuthenticator$Transport.getAuthToken(AbstractAccountAuthenticator.java:246)
10-20 20:26:44.930  8661 12004 E AuthPII : 	at android.accounts.IAccountAuthenticator$Stub.onTransact(IAccountAuthenticator.java:242)
10-20 20:26:44.930  8661 12004 E AuthPII : 	at android.os.Binder.transact(Binder.java:1200)
10-20 20:26:44.930  8661 12004 E AuthPII : 	at cdwo.onTransact(:com.google.android.gms@254031029@25.40.31 (190400-816341114):10)
10-20 20:26:44.930  8661 12004 E AuthPII : 	at android.os.Binder.transact(Binder.java:1200)
10-20 20:26:44.930  8661 12004 E AuthPII : 	at btgl.onTransact(:com.google.android.gms@254031029@25.40.31 (190400-816341114):161)
10-20 20:26:44.930  8661 12004 E AuthPII : 	at android.os.Binder.execTransactInternal(Binder.java:1321)
10-20 20:26:44.930  8661 12004 E AuthPII : 	at android.os.Binder.execTransact(Binder.java:1280)
10-20 20:26:44.931  8661 12004 E AuthPII : Message is Long live credential not available.
10-20 20:26:44.931  8661 12004 E AuthPII : bbhm: Long live credential not available.
10-20 20:26:44.931  8661 12004 E AuthPII : 	at aedv.a(:com.google.android.gms@254031029@25.40.31 (190400-816341114):1270)
10-20 20:26:44.931  8661 12004 E AuthPII : 	at aeeb.b(:com.google.android.gms@254031029@25.40.31 (190400-816341114):28)
10-20 20:26:44.931  8661 12004 E AuthPII : 	at aedz.a(:com.google.android.gms@254031029@25.40.31 (190400-816341114):537)
10-20 20:26:44.931  8661 12004 E AuthPII : 	at aedy.b(:com.google.android.gms@254031029@25.40.31 (190400-816341114):143)
10-20 20:26:44.931  8661 12004 E AuthPII : 	at xnm.d(:com.google.android.gms@254031029@25.40.31 (190400-816341114):620)
10-20 20:26:44.931  8661 12004 E AuthPII : 	at adxf.getAuthToken(:com.google.android.gms@254031029@25.40.31 (190400-816341114):412)
10-20 20:26:44.931  8661 12004 E AuthPII : 	at android.accounts.AbstractAccountAuthenticator$Transport.getAuthToken(AbstractAccountAuthenticator.java:246)
10-20 20:26:44.931  8661 12004 E AuthPII : 	at android.accounts.IAccountAuthenticator$Stub.onTransact(IAccountAuthenticator.java:242)
10-20 20:26:44.931  8661 12004 E AuthPII : 	at android.os.Binder.transact(Binder.java:1200)
10-20 20:26:44.931  8661 12004 E AuthPII : 	at cdwo.onTransact(:com.google.android.gms@254031029@25.40.31 (190400-816341114):10)
10-20 20:26:44.931  8661 12004 E AuthPII : 	at android.os.Binder.transact(Binder.java:1200)
10-20 20:26:44.931  8661 12004 E AuthPII : 	at btgl.onTransact(:com.google.android.gms@254031029@25.40.31 (190400-816341114):161)
10-20 20:26:44.931  8661 12004 E AuthPII : 	at android.os.Binder.execTransactInternal(Binder.java:1321)
10-20 20:26:44.931  8661 12004 E AuthPII : 	at android.os.Binder.execTransact(Binder.java:1280)
10-20 20:26:44.959  8661 12004 I Auth    : (REDACTED) [GetToken] GetToken failed for app=%s with userRecoverable status: %s 
10-20 20:26:44.961  8661 12004 W Auth    : [ChimeraGetToken] exception while trying to fetch auth tokens for app=com.google.android.gsf, scope=oauth2:https://www.googleapis.com/auth/googleplay [CONTEXT service_id=153 ]
10-20 20:26:44.961  8661 12004 W Auth    : aedu: GetToken failed with status code and recovery intent: BadAuthentication
10-20 20:26:44.961  8661 12004 W Auth    : 	at aedy.b(:com.google.android.gms@254031029@25.40.31 (190400-816341114):341)
10-20 20:26:44.961  8661 12004 W Auth    : 	at xnm.d(:com.google.android.gms@254031029@25.40.31 (190400-816341114):620)
10-20 20:26:44.961  8661 12004 W Auth    : 	at adxf.getAuthToken(:com.google.android.gms@254031029@25.40.31 (190400-816341114):412)
10-20 20:26:44.961  8661 12004 W Auth    : 	at android.accounts.AbstractAccountAuthenticator$Transport.getAuthToken(AbstractAccountAuthenticator.java:246)
10-20 20:26:44.961  8661 12004 W Auth    : 	at android.accounts.IAccountAuthenticator$Stub.onTransact(IAccountAuthenticator.java:242)
10-20 20:26:44.961  8661 12004 W Auth    : 	at android.os.Binder.transact(Binder.java:1200)
10-20 20:26:44.961  8661 12004 W Auth    : 	at cdwo.onTransact(:com.google.android.gms@254031029@25.40.31 (190400-816341114):10)
10-20 20:26:44.961  8661 12004 W Auth    : 	at android.os.Binder.transact(Binder.java:1200)
10-20 20:26:44.961  8661 12004 W Auth    : 	at btgl.onTransact(:com.google.android.gms@254031029@25.40.31 (190400-816341114):161)
10-20 20:26:44.961  8661 12004 W Auth    : 	at android.os.Binder.execTransactInternal(Binder.java:1321)
10-20 20:26:44.961  8661 12004 W Auth    : 	at android.os.Binder.execTransact(Binder.java:1280)
10-20 20:26:44.961  8661 12004 W GLSActivity: [GmsAccountAuthenticatorImpl] error status while fetching token:BadAuthentication
10-20 20:26:44.983 30047 24030 I Finsky  : [7780] Completed 1 account content syncs with 0 successful.
10-20 20:26:44.987 30047 30047 I Finsky  : [2] [ContentSync] Installation state replication failed, parameters=Id: 12-1, CT: 1761002774768, Constraints: [{ L: 15000, D: 86400000, C: CHARGING_NONE, I: IDLE_NONE, N: NET_ANY, B: BATTERY_ANY }].
10-20 20:26:44.988 30047 30047 I Finsky  : [2] [ContentSync] Scheduling replication attempt 0.
10-20 20:26:44.991 30047 30047 I Finsky  : [2] SCH: jobFinished: 12-1. TimeElapsed: 11979ms.
10-20 20:26:44.993 30047 30047 I Finsky  : [2] WM::SCH: Logging work end for 12-1
10-20 20:26:45.013 30047 22805 I Finsky  : [7777] SCH: Attempting to reschedule job: Id: 12-1, Constraints: [{ L: 20000, D: 86400000, C: CHARGING_NONE, I: IDLE_NONE, N: NET_ANY, B: BATTERY_ANY }]
10-20 20:26:45.024 30047 30089 I Finsky  : [7432] SCH: Scheduling phonesky job Id: 1-1337, CT: 1760964422004, Constraints: [{ L: 43141579, D: 86341579, C: CHARGING_NONE, I: IDLE_NONE, N: NET_ANY, B: BATTERY_ANY }]
10-20 20:26:45.024 30047 30089 I Finsky  : [7432] SCH: Scheduling phonesky job Id: 34-3111, CT: 1760921465324, Constraints: [{ L: 604800000, D: 2507884180, C: CHARGING_NONE, I: IDLE_NONE, N: NET_ANY, B: BATTERY_ANY }]
10-20 20:26:45.024 30047 30089 I Finsky  : [7432] SCH: Scheduling phonesky job Id: 34-3112, CT: 1760921465324, Constraints: [{ L: 604800000, D: 2587130866, C: CHARGING_NONE, I: IDLE_NONE, N: NET_ANY, B: BATTERY_ANY }]
10-20 20:26:45.025 30047 30089 I Finsky  : [7432] SCH: Scheduling phonesky job Id: 34-3114, CT: 1760995803767, Constraints: [{ L: 79199322, D: 1375199322, C: CHARGING_NONE, I: IDLE_NONE, N: NET_ANY, B: BATTERY_ANY }]
10-20 20:26:45.025 30047 30089 I Finsky  : [7432] SCH: Scheduling phonesky job Id: 34-3116, CT: 1760995804570, Constraints: [{ L: 604800000, D: 2591999334, C: CHARGING_NONE, I: IDLE_NONE, N: NET_ANY, B: BATTERY_ANY }]
10-20 20:26:45.031 30047 30098 I Finsky  : [7440] SCH: Scheduling 1 system job(s)
10-20 20:26:45.032 30047 30098 I Finsky  : [7440] SCH: Scheduling system job Id: 9615, L: 4758552, D: 47958552, C: false, I: false, N: 1
10-20 20:26:45.043 30047 24022 I Finsky  : [7779] SCH: job service finished with id 9608.
