10-20 20:26:55.690  1483  1528 I GestureDetector: obtain mCurrentMotionEventRaw. action: 1 id: -966371596
10-20 20:26:55.691  1483  1528 I GestureDetector: obtain mCurrentMotionEventRaw. action: 1 id: -966371596
10-20 20:26:55.717 23980 24003 E IMGMapper: set:488 set: Unset optional value from type SMPTE2086
10-20 20:26:55.717 23980 24003 E IMGMapper: set:488 set: Unset optional value from type CTA861_3
10-20 20:26:55.722  1039  1039 I BufferQueueProducer: [com.cinemamovel/com.cinemamovel.MainActivity$_23980#505967](this:0xb400007a1ea3f838,id:-1,api:0,p:-1,c:1039) queueBuffer: fps=15.52 dur=1997.58 max=1448.26 min=16.08
10-20 20:26:55.723   991  1074 I hwcomposer: [HWCDisplay] [Display_0 (type:1)] fps:15.520103,dur:1997.41,max:1448.14,min:15.52  
10-20 20:26:55.746 23980 24003 E IMGMapper: set:488 set: Unset optional value from type SMPTE2086
10-20 20:26:55.746 23980 24003 E IMGMapper: set:488 set: Unset optional value from type CTA861_3
10-20 20:26:55.764 23980 24003 E IMGMapper: set:488 set: Unset optional value from type SMPTE2086
10-20 20:26:55.764 23980 24003 E IMGMapper: set:488 set: Unset optional value from type CTA861_3
10-20 20:26:55.781 23980 24003 E IMGMapper: set:488 set: Unset optional value from type SMPTE2086
10-20 20:26:55.781 23980 24003 E IMGMapper: set:488 set: Unset optional value from type CTA861_3
10-20 20:26:55.802 23980 24010 I ReactNativeJS: ---METRICS_JSON_START---
10-20 20:26:55.802 23980 24010 I ReactNativeJS: {
10-20 20:26:55.802 23980 24010 I ReactNativeJS:   "dashboardRenders": 3,
10-20 20:26:55.802 23980 24010 I ReactNativeJS:   "cardRenders": {
10-20 20:26:55.802 23980 24010 I ReactNativeJS:     "13494": 2,
10-20 20:26:55.802 23980 24010 I ReactNativeJS:     "506763": 2,
10-20 20:26:55.802 23980 24010 I ReactNativeJS:     "575265": 2,
10-20 20:26:55.802 23980 24010 I ReactNativeJS:     "617126": 1,
10-20 20:26:55.802 23980 24010 I ReactNativeJS:     "755898": 2,
10-20 20:26:55.802 23980 24010 I ReactNativeJS:     "803796": 2,
10-20 20:26:55.802 23980 24010 I ReactNativeJS:     "911430": 1,
10-20 20:26:55.802 23980 24010 I ReactNativeJS:     "914215": 2,
10-20 20:26:55.802 23980 24010 I ReactNativeJS:     "987400": 2,
10-20 20:26:55.802 23980 24010 I ReactNativeJS:     "993234": 5,
10-20 20:26:55.802 23980 24010 I ReactNativeJS:     "1007734": 2,
10-20 20:26:55.802 23980 24010 I ReactNativeJS:     "1028248": 2,
10-20 20:26:55.802 23980 24010 I ReactNativeJS:     "1035259": 2,
10-20 20:26:55.802 23980 24010 I ReactNativeJS:     "1038392": 2,
10-20 20:26:55.802 23980 24010 I ReactNativeJS:     "1051486": 2,
10-20 20:26:55.802 23980 24010 I ReactNativeJS:     "1061474": 2,
10-20 20:26:55.802 23980 24010 I ReactNativeJS:     "1078605": 2,
10-20 20:26:55.802 23980 24010 I ReactNativeJS:     "1087192": 2,
10-20 20:26:55.802 23980 24010 I ReactNativeJS:     "1234821": 2,
10-20 20:26:55.802 23980 24010 I ReactNativeJS:     "1242011": 1,
10-20 20:26:55.802 23980 24010 I ReactNativeJS:     "1246049": 5,
10-20 20:26:55.802 23980 24010 I ReactNativeJS:     "1265344": 6,
10-20 20:26:55.802 23980 24010 I ReactNativeJS:     "1311031": 2,
10-20 20:26:55.802 23980 24010 I ReactNativeJS:     "1355666": 5,
10-20 20:26:55.802 23980 24010 I ReactNativeJS:     "1369679": 2
10-20 20:26:55.802 23980 24010 I ReactNativeJS:   },
10-20 20:26:55.802 23980 24010 I ReactNativeJS:   "navigationEvents": [
10-20 20:26:55.802 23980 24010 I ReactNativeJS:     {
10-20 20:26:55.802 23980 24010 I ReactNativeJS:       "action": "focus_dashboard",
10-20 20:26:55.802 23980 24010 I ReactNativeJS:       "timestamp": 1761002796034
10-20 20:26:55.802 23980 24010 I ReactNativeJS:     },
10-20 20:26:55.802 23980 24010 I ReactNativeJS:     {
10-20 20:26:55.802 23980 24010 I ReactNativeJS:       "action": "navigate_to_1265344",
10-20 20:26:55.802 23980 24010 I ReactNativeJS:       "timestamp": 1761002807376
10-20 20:26:55.802 23980 24010 I ReactNativeJS:     },
10-20 20:26:55.802 23980 24010 I ReactNativeJS:     {
10-20 20:26:55.802 23980 24010 I ReactNativeJS:       "action": "leave_dashboard",
10-20 20:26:55.802 23980 24010 I ReactNativeJS:       "timestamp": 1761002807476
10-20 20:26:55.802 23980 24010 I ReactNativeJS:     },
10-20 20:26:55.802 23980 24010 I ReactNativeJS:     {
10-20 20:26:55.802 23980 24010 I ReactNativeJS:       "action": "focus_dashboard",
10-20 20:26:55.802 23980 24010 I ReactNativeJS:       "timestamp": 1761002809481
10-20 20:26:55.802 23980 24010 I ReactNativeJS:     },
10-20 20:26:55.802 23980 24010 I ReactNativeJS:     {
10-20 20:26:55.802 23980 24010 I ReactNativeJS:       "action": "navigate_to_1265344",
10-20 20:26:55.802 23980 24010 I ReactNativeJS:       "timestamp": 1761002811535
10-20 20:26:55.802 23980 24010 I ReactNativeJS:     },
10-20 20:26:55.802 23980 24010 I ReactNativeJS:     {
10-20 20:26:55.802 23980 24010 I ReactNativeJS:       "action": "leave_dashboard",
10-20 20:26:55.802 23980 24010 I ReactNativeJS:       "timestamp": 1761002811633
10-20 20:26:55.802 23980 24010 I ReactNativeJS:     },
10-20 20:26:55.802 23980 24010 I ReactNativeJS:     {
10-20 20:26:55.802 23980 24010 I ReactNativeJS:       "action": "focus_dashboard",
10-20 20:26:55.802 23980 24010 I ReactNativeJS:       "timestamp": 1761002813680
10-20 20:26:55.802 23980 24010 I ReactNativeJS:     },
10-20 20:26:55.802 23980 24010 I ReactNativeJS:     {
10-20 20:26:55.802 23980 24010 I ReactNativeJS:       "action": "navigate_to_1265344",
10-20 20:26:55.802 23980 24010 I ReactNativeJS:       "timestamp": 1761002815711
10-20 20:26:55.802 23980 24010 I ReactNativeJS:     },
10-20 20:26:55.802 23980 24010 I ReactNativeJS:     {
10-20 20:26:55.802 23980 24010 I ReactNativeJS:       "action": "leave_dashboard",
10-20 20:26:55.802 23980 24010 I ReactNativeJS:       "timestamp": 1761002815801
10-20 20:26:55.802 23980 24010 I ReactNativeJS:     }
10-20 20:26:55.802 23980 24010 I ReactNativeJS:   ]
10-20 20:26:55.802 23980 24010 I ReactNativeJS: }
10-20 20:26:55.802 23980 24010 I ReactNativeJS: ---METRICS_JSON_END---
10-20 20:26:55.806 23980 24003 E IMGMapper: set:488 set: Unset optional value from type SMPTE2086
10-20 20:26:55.806 23980 24003 E IMGMapper: set:488 set: Unset optional value from type CTA861_3
10-20 20:26:55.811 23980 23980 W [RNScreens]: backTitleVisible prop is not available on Android
10-20 20:26:55.811 23980 23980 W [RNScreens]: backTitleFontFamily prop is not available on Android
10-20 20:26:55.811 23980 23980 W [RNScreens]: disableBackButtonMenu prop is not available on Android
10-20 20:26:55.811 23980 23980 W [RNScreens]: largeTitleFontFamily prop is not available on Android
10-20 20:26:55.811 23980 23980 W [RNScreens]: largeTitleFontWeight prop is not available on Android
10-20 20:26:55.811 23980 23980 W [RNScreens]: largeTitleHideShadow prop is not available on Android
10-20 20:26:55.812  1014  1059 I libPerfCtl: xgfGetFPS pid:-1 fps:0
10-20 20:26:55.812  1014  1059 I libPerfCtl: xgfGetFPS ioctl_ret:-1
10-20 20:26:55.834 23980 24003 E IMGMapper: set:488 set: Unset optional value from type SMPTE2086
10-20 20:26:55.834 23980 24003 E IMGMapper: set:488 set: Unset optional value from type CTA861_3
10-20 20:26:55.861 24250 24383 D ProfileInstaller: Installing profile for br.com.tradepro.promoter
10-20 20:26:55.867 23980 24003 E IMGMapper: set:488 set: Unset optional value from type SMPTE2086
10-20 20:26:55.868 23980 24003 E IMGMapper: set:488 set: Unset optional value from type CTA861_3
10-20 20:26:55.884 23980 24003 E IMGMapper: set:488 set: Unset optional value from type SMPTE2086
10-20 20:26:55.884 23980 24003 E IMGMapper: set:488 set: Unset optional value from type CTA861_3
10-20 20:26:55.895 23980 24003 E IMGMapper: set:488 set: Unset optional value from type SMPTE2086
10-20 20:26:55.896 23980 24003 E IMGMapper: set:488 set: Unset optional value from type CTA861_3
10-20 20:26:55.912 23980 23980 D ScrollView: initGoToTop
10-20 20:26:55.948 23980 24003 E IMGMapper: set:488 set: Unset optional value from type SMPTE2086
10-20 20:26:55.948 23980 24003 E IMGMapper: set:488 set: Unset optional value from type CTA861_3
10-20 20:26:55.948  8083  8200 I SCS@AiSearch user 0: (IndexManager) [AOSP_MP-0] entering in addIndex():  
10-20 20:26:55.955  8083  8200 I SCS@AiSearch user 0: (BaseCollector::AOSP_MP) fetch: fetching took  3322 ms
10-20 20:26:55.955  8083  8200 I SCS@AiSearch user 0: (BaseCollector::AOSP_MP) fetchChanges: applied 0 items
10-20 20:26:55.955  8083  8200 I SCS@AiSearch user 0: (BaseCollector::AOSP_MP) Collect finished. Result: true
10-20 20:26:55.956  8083  8200 I SCS@AiSearch user 0: (BaseCollector::AOSP_MP) enqueue ObserverWorker name: com.sec.android.app.myfiles, policy: APPEND_OR_REPLACE
10-20 20:26:55.957  8083  8166 I WM-WorkerWrapper: Worker result SUCCESS for Work [ id=1de1ac81-faaa-4999-a129-ce42c082e0ee, tags={ com.sec.android.app.myfiles, com.samsung.android.scs.ai.search.data.collector.ObserverWorker } ]
10-20 20:26:55.963  8083  8166 I WM-WorkerWrapper: Setting status to enqueued for b0df51c3-401a-4d4e-99c9-b0f95d1ed1ef
10-20 20:26:55.964 23980 24003 E IMGMapper: set:488 set: Unset optional value from type SMPTE2086
10-20 20:26:55.965 23980 24003 E IMGMapper: set:488 set: Unset optional value from type CTA861_3
10-20 20:26:55.984  1483  1528 I GestureDetector: handleMessage TAP
10-20 20:26:55.985  1483  1483 I GestureDetector: handleMessage TAP
10-20 20:26:55.986 23980 24003 E IMGMapper: set:488 set: Unset optional value from type SMPTE2086
10-20 20:26:55.987 23980 24003 E IMGMapper: set:488 set: Unset optional value from type CTA861_3
10-20 20:26:55.996 23980 24003 E IMGMapper: set:488 set: Unset optional value from type SMPTE2086
10-20 20:26:55.996 23980 24003 E IMGMapper: set:488 set: Unset optional value from type CTA861_3
10-20 20:26:56.019 23980 24003 E IMGMapper: set:488 set: Unset optional value from type SMPTE2086
10-20 20:26:56.019 23980 24003 E IMGMapper: set:488 set: Unset optional value from type CTA861_3
10-20 20:26:56.036 23980 24003 E IMGMapper: set:488 set: Unset optional value from type SMPTE2086
10-20 20:26:56.036 23980 24003 E IMGMapper: set:488 set: Unset optional value from type CTA861_3
10-20 20:26:56.048  1483  1483 D CompatibilityChangeReporter: Compat change id reported: 135634846; UID 10199; state: DISABLED
10-20 20:26:56.048  1483  1483 D CompatibilityChangeReporter: Compat change id reported: 177438394; UID 10199; state: DISABLED
10-20 20:26:56.048  1483  1483 D CompatibilityChangeReporter: Compat change id reported: 135772972; UID 10199; state: DISABLED
10-20 20:26:56.048  1483  1483 D CompatibilityChangeReporter: Compat change id reported: 135754954; UID 10199; state: ENABLED
10-20 20:26:56.049  1483  1559 D CompatibilityChangeReporter: Compat change id reported: 143937733; UID 10199; state: ENABLED
10-20 20:26:56.055 10660 10660 I CMHJobService: [#CMH#] onStartJob Called at out. 20,2025 20:26:56 
10-20 20:26:56.055 23980 24003 E IMGMapper: set:488 set: Unset optional value from type SMPTE2086
10-20 20:26:56.056 23980 24003 E IMGMapper: set:488 set: Unset optional value from type CTA861_3
10-20 20:26:56.058 10660 10660 I CMHJobService: [#CMH#] Battery Percentage is:  0.84, High Temp: 0
10-20 20:26:56.069 23980 24003 E IMGMapper: set:488 set: Unset optional value from type SMPTE2086
10-20 20:26:56.069 23980 24003 E IMGMapper: set:488 set: Unset optional value from type CTA861_3
10-20 20:26:56.078   975   975 D Zygote  : Forked child process 24384
10-20 20:26:56.086 23980 24003 E IMGMapper: set:488 set: Unset optional value from type SMPTE2086
10-20 20:26:56.086 23980 24003 E IMGMapper: set:488 set: Unset optional value from type CTA861_3
10-20 20:26:56.092  1483  1559 I ActivityManager: Start proc 24384:com.google.android.youtube/u0a199 for service {com.google.android.youtube/androidx.work.impl.background.systemjob.SystemJobService}
10-20 20:26:56.104 23980 24003 E IMGMapper: set:488 set: Unset optional value from type SMPTE2086
10-20 20:26:56.104 23980 24003 E IMGMapper: set:488 set: Unset optional value from type CTA861_3
10-20 20:26:56.106  2521  2521 D SecPowerUI.Notification: showChargingNotice oldChargingType : 11 / currentChargingType : 11, oldChargingTime : 0 / mChargingTime : 0
10-20 20:26:56.106  2521  2521 D SecPowerUI.Notification: There is no change about charging status, so return!
10-20 20:26:56.117 23980 24003 E IMGMapper: set:488 set: Unset optional value from type SMPTE2086
10-20 20:26:56.117 23980 24003 E IMGMapper: set:488 set: Unset optional value from type CTA861_3
10-20 20:26:56.134 23980 24003 E IMGMapper: set:488 set: Unset optional value from type SMPTE2086
10-20 20:26:56.134 23980 24003 E IMGMapper: set:488 set: Unset optional value from type CTA861_3
10-20 20:26:56.134 24384 24384 I android.youtube: Using CollectorTypeCC GC.
10-20 20:26:56.143 24384 24384 E android.youtube: Not starting debugger since process cannot load the jdwp agent.
10-20 20:26:56.155 23980 24003 E IMGMapper: set:488 set: Unset optional value from type SMPTE2086
10-20 20:26:56.155 23980 24003 E IMGMapper: set:488 set: Unset optional value from type CTA861_3
10-20 20:26:56.159 24384 24384 D ActivityThread: setConscryptValidator
10-20 20:26:56.159 24384 24384 D ActivityThread: setConscryptValidator - put
10-20 20:26:56.166  2521  2618 D MobileStatusTracker(0/2): onSignalStrengthsChanged level=4, vendorLevel=3
10-20 20:26:56.168  2521  2618 D MobileSignalController(0/2): notifyListener: enabled=true, connected=true, dataConnected=true, networkType=LTE (4G), emergencyOnly=false, roaming=false, isDefault=false, dataActivity=, level=3, ca=false, mmWave=false, disabledDataIcon=false, simCard=ETC
10-20 20:26:56.171 23980 24003 E IMGMapper: set:488 set: Unset optional value from type SMPTE2086
10-20 20:26:56.172 23980 24003 E IMGMapper: set:488 set: Unset optional value from type CTA861_3
10-20 20:26:56.182  2521  2618 D NetworkController: SignalStrength from intent slotId=0
10-20 20:26:56.182 24384 24384 D CompatibilityChangeReporter: Compat change id reported: 171979766; UID 10199; state: ENABLED
10-20 20:26:56.189 23980 24003 E IMGMapper: set:488 set: Unset optional value from type SMPTE2086
10-20 20:26:56.190 23980 24003 E IMGMapper: set:488 set: Unset optional value from type CTA861_3
10-20 20:26:56.199  2799  2816 D PhoneInterfaceManager: setDataEnabledForReason() Reason=1 Pid=1483 App=system
10-20 20:26:56.202 24384 24384 D nativeloader: Configuring clns-4 for other apk /system/framework/org.apache.http.legacy.jar. target_sdk_version=35, uses_libraries=ALL, library_path=/data/app/~~NOpgMzt2rqYo_7dCU7DRhA==/com.google.android.youtube-4IiE-o9A_R9Z3Wa2HNTkMA==/lib/arm64:/data/app/~~NOpgMzt2rqYo_7dCU7DRhA==/com.google.android.youtube-4IiE-o9A_R9Z3Wa2HNTkMA==/base.apk!/lib/arm64-v8a:/data/app/~~NOpgMzt2rqYo_7dCU7DRhA==/com.google.android.youtube-4IiE-o9A_R9Z3Wa2HNTkMA==/split_config.arm64_v8a.apk!/lib/arm64-v8a:/data/app/~~NOpgMzt2rqYo_7dCU7DRhA==/com.google.android.youtube-4IiE-o9A_R9Z3Wa2HNTkMA==/split_config.pt.apk!/lib/arm64-v8a:/data/app/~~NOpgMzt2rqYo_7dCU7DRhA==/com.google.android.youtube-4IiE-o9A_R9Z3Wa2HNTkMA==/split_config.xhdpi.apk!/lib/arm64-v8a, permitted_path=/data:/mnt/expand:/data/user/0/com.google.android.youtube
10-20 20:26:56.203 24384 24384 D nativeloader: Extending system_exposed_libraries: libexifa.camera.samsung.so:libjpega.camera.samsung.so:libOpenCv.camera.samsung.so:libImageScreener.camera.samsung.so:libHpr_RecGAE_cvFeature_v1.0.camera.samsung.so:libHprFace_GAE_api.camera.samsung.so:libHprFace_GAE_jni.camera.samsung.so:libObjectAndSceneClassification_2.5_OD.camera.samsung.so:libQREngine.camera.samsung.so:libInteractiveSegmentation.camera.samsung.so:libsmart_cropping.camera.samsung.so:libFacePreProcessing_jni.camera.samsung.so:libhumantracking_util.camera.samsung.so:libMyFilterPlugin.camera.samsung.so:libsecjpeginterface.camera.samsung.so:libsurfaceutil.camera.samsung.so:libsecimaging_pdk.camera.samsung.so:libsecimaging.camera.samsung.so:libsce_v1.crypto.samsung.so:lib_vnd_client.dk.samsung.so:lib_native_client.dk.samsung.so:lib_nativeJni.dk.samsung.so:lib.engmodejni.samsung.so:libSFEffect.fonteffect.samsung.so:libknox_remotedesktopclient.knox.samsung.so:libheifcapture_jni.media.samsung.so:libjpegsq.media.samsung.so:libslljpeg.media.samsung.so:libsemimage
10-20 20:26:56.203  2799  2816 D PhoneInterfaceManager: setDataEnabledForReason() Reason=1 Pid=1483 App=system
10-20 20:26:56.204 23980 24003 E IMGMapper: set:488 set: Unset optional value from type SMPTE2086
10-20 20:26:56.204 23980 24003 E IMGMapper: set:488 set: Unset optional value from type CTA861_3
10-20 20:26:56.220 23980 24003 E IMGMapper: set:488 set: Unset optional value from type SMPTE2086
10-20 20:26:56.220 23980 24003 E IMGMapper: set:488 set: Unset optional value from type CTA861_3
10-20 20:26:56.243 23980 24003 E IMGMapper: set:488 set: Unset optional value from type SMPTE2086
10-20 20:26:56.243 23980 24003 E IMGMapper: set:488 set: Unset optional value from type CTA861_3
10-20 20:26:56.267 23980 24003 E IMGMapper: set:488 set: Unset optional value from type SMPTE2086
10-20 20:26:56.267 23980 24003 E IMGMapper: set:488 set: Unset optional value from type CTA861_3
10-20 20:26:56.282 23980 24003 E IMGMapper: set:488 set: Unset optional value from type SMPTE2086
10-20 20:26:56.282 23980 24003 E IMGMapper: set:488 set: Unset optional value from type CTA861_3
10-20 20:26:56.286 24250 24342 D TrafficStats: tagSocket(6) with statsTag=0xffffffff, statsUid=-1
10-20 20:26:56.286  1483  2471 D NetdEventListenerService: DNS Requested by : 475, 11011
10-20 20:26:56.295 23980 24003 E IMGMapper: set:488 set: Unset optional value from type SMPTE2086
10-20 20:26:56.295 23980 24003 E IMGMapper: set:488 set: Unset optional value from type CTA861_3
10-20 20:26:56.307 23980 24003 E IMGMapper: set:488 set: Unset optional value from type SMPTE2086
10-20 20:26:56.307 23980 24003 E IMGMapper: set:488 set: Unset optional value from type CTA861_3
10-20 20:26:56.325 23980 24003 E IMGMapper: set:488 set: Unset optional value from type SMPTE2086
10-20 20:26:56.326 23980 24003 E IMGMapper: set:488 set: Unset optional value from type CTA861_3
10-20 20:26:56.326 23980 23992 D InputTransport: Input channel destroyed: 'ClientS', fd=144
10-20 20:26:56.337 23980 24003 E IMGMapper: set:488 set: Unset optional value from type SMPTE2086
10-20 20:26:56.337 23980 24003 E IMGMapper: set:488 set: Unset optional value from type CTA861_3
10-20 20:26:56.344 23980 24003 E IMGMapper: set:488 set: Unset optional value from type SMPTE2086
10-20 20:26:56.344 24384 24384 W ziparchive: Unable to open '/data/app/~~NOpgMzt2rqYo_7dCU7DRhA==/com.google.android.youtube-4IiE-o9A_R9Z3Wa2HNTkMA==/split_config.arm64_v8a.dm': No such file or directory
10-20 20:26:56.344 24384 24384 W ziparchive: Unable to open '/data/app/~~NOpgMzt2rqYo_7dCU7DRhA==/com.google.android.youtube-4IiE-o9A_R9Z3Wa2HNTkMA==/split_config.arm64_v8a.dm': No such file or directory
10-20 20:26:56.344 23980 24003 E IMGMapper: set:488 set: Unset optional value from type CTA861_3
10-20 20:26:56.348 24384 24384 W android.youtube: Entry not found
10-20 20:26:56.350 24384 24384 W ziparchive: Unable to open '/data/app/~~NOpgMzt2rqYo_7dCU7DRhA==/com.google.android.youtube-4IiE-o9A_R9Z3Wa2HNTkMA==/split_config.pt.dm': No such file or directory
10-20 20:26:56.350 24384 24384 W ziparchive: Unable to open '/data/app/~~NOpgMzt2rqYo_7dCU7DRhA==/com.google.android.youtube-4IiE-o9A_R9Z3Wa2HNTkMA==/split_config.pt.dm': No such file or directory
10-20 20:26:56.352 24384 24384 W android.youtube: Entry not found
10-20 20:26:56.353 24384 24384 W ziparchive: Unable to open '/data/app/~~NOpgMzt2rqYo_7dCU7DRhA==/com.google.android.youtube-4IiE-o9A_R9Z3Wa2HNTkMA==/split_config.xhdpi.dm': No such file or directory
10-20 20:26:56.353 24384 24384 W ziparchive: Unable to open '/data/app/~~NOpgMzt2rqYo_7dCU7DRhA==/com.google.android.youtube-4IiE-o9A_R9Z3Wa2HNTkMA==/split_config.xhdpi.dm': No such file or directory
10-20 20:26:56.359 24384 24384 W android.youtube: Entry not found
10-20 20:26:56.361 24384 24384 D nativeloader: Configuring clns-5 for other apk /data/app/~~NOpgMzt2rqYo_7dCU7DRhA==/com.google.android.youtube-4IiE-o9A_R9Z3Wa2HNTkMA==/base.apk:/data/app/~~NOpgMzt2rqYo_7dCU7DRhA==/com.google.android.youtube-4IiE-o9A_R9Z3Wa2HNTkMA==/split_config.arm64_v8a.apk:/data/app/~~NOpgMzt2rqYo_7dCU7DRhA==/com.google.android.youtube-4IiE-o9A_R9Z3Wa2HNTkMA==/split_config.pt.apk:/data/app/~~NOpgMzt2rqYo_7dCU7DRhA==/com.google.android.youtube-4IiE-o9A_R9Z3Wa2HNTkMA==/split_config.xhdpi.apk. target_sdk_version=35, uses_libraries=, library_path=/data/app/~~NOpgMzt2rqYo_7dCU7DRhA==/com.google.android.youtube-4IiE-o9A_R9Z3Wa2HNTkMA==/lib/arm64:/data/app/~~NOpgMzt2rqYo_7dCU7DRhA==/com.google.android.youtube-4IiE-o9A_R9Z3Wa2HNTkMA==/base.apk!/lib/arm64-v8a:/data/app/~~NOpgMzt2rqYo_7dCU7DRhA==/com.google.android.youtube-4IiE-o9A_R9Z3Wa2HNTkMA==/split_config.arm64_v8a.apk!/lib/arm64-v8a:/data/app/~~NOpgMzt2rqYo_7dCU7DRhA==/com.google.android.youtube-4IiE-o9A_R9Z3Wa2HNTkMA==/split_config.pt.apk!/lib/arm64-v8a:/data/app/~~NOpgMzt2rqYo_7dCU7DRhA
10-20 20:26:56.403  1205  1205 I thermal_repeater: socket -1
10-20 20:26:56.406 24384 24384 V GraphicsEnvironment: ANGLE Developer option for 'com.google.android.youtube' set to: 'default'
10-20 20:26:56.406 24384 24384 V GraphicsEnvironment: ANGLE GameManagerService for com.google.android.youtube: false
10-20 20:26:56.407 24384 24384 V GraphicsEnvironment: Neither updatable production driver nor prerelease driver is supported.
10-20 20:26:56.412 24384 24384 D NetworkSecurityConfig: Using Network Security Config from resource network_security_config debugBuild: false
10-20 20:26:56.420 24384 24384 D NetworkSecurityConfig: Using Network Security Config from resource network_security_config debugBuild: false
10-20 20:26:56.729  2486  2486 I WifiHAL : Get link layer stats
10-20 20:26:56.729  2486  2486 I WifiHAL : GetLinkStatsCommand::create
10-20 20:26:56.729  2486  2486 D android.hardware.wifi@1.0-service-lazy: WifiRequest::create vendor command to iface 38, vendor_id=0x1a11, subcmd=0x1200, res=0
10-20 20:26:56.729  2486  2486 I android.hardware.wifi@1.0-service-lazy: WifiCommand::requestResponse err=-95
10-20 20:26:56.729  2486  2486 I WifiHAL : wifi_get_link_stats: result=-3
10-20 20:26:56.730  1483  2363 E WifiVendorHal: getWifiLinkLayerStats_1_5_Internal(l.1179) failed {.code = ERROR_NOT_SUPPORTED, .description = }
10-20 20:26:56.736  1483  3390 D SemWifiUsabilityStatsMonitor: onWifiUsabilityStats - seqNum 543777, isSameBssidAndFreq true
10-20 20:26:56.737  1483  2385 D ConnectivityService: notifyType CALLBACK_CAP_CHANGED for [475 WIFI]
10-20 20:26:56.739  1483  2414 D SemWifiSwitchForIndividualAppsService: stopTCPMonitoring : already stopped
10-20 20:26:56.739  1483  2437 I SemWifiLinkQualityMonitor: Link Qos query: inf. ms / 0 Mbps
10-20 20:26:56.740  1483  2414 I WifiConnectivityMonitor.NCC: sNetworkCallback(oCC) FULL : 475(true/false)[ Transports: WIFI Capabilities: NOT_METERED&INTERNET&NOT_RESTRICTED&TRUSTED&NOT_VPN&VALIDATED&NOT_ROAMING&FOREGROUND&NOT_CONGESTED&NOT_SUSPENDED&NOT_VCN_MANAGED LinkUpBandwidth>=12000Kbps LinkDnBandwidth>=30000Kbps TransportInfo: <SSID: <unknown ssid>, BSSID: 02:00:00:**:**:00, MAC: 02:00:00:**:**:00, IP: /10.0.0.112, Security type: 2, Supplicant state: COMPLETED, Wi-Fi standard: 4, RSSI: -64, Link speed: 39Mbps, Tx Link speed: 39Mbps, Max Supported Tx Link speed: 72Mbps, Rx Link speed: 58Mbps, Max Supported Rx Link speed: 72Mbps, Frequency: 2437MHz, Net ID: -1, Metered hint: false, score: 60, isUsable: true, CarrierMerged: false, SubscriptionId: -1, IsPrimary: 1, Trusted: true, Restricted: false, Ephemeral: false, OEM paid: false, OEM private: false, OSU AP: false, FQDN: <none>, Provider friendly name: <none>, Requesting package name: <none><none>MLO Information: , AP MLD Address: <none>, AP MLO Link Id: <none>, AP MLO Affiliated links: <none>> SignalStrength: -64 AdminUids: [10102] SSID: "Netonda_Braga" UnderlyingNetworks: Null]
10-20 20:26:56.742  1483  2453 I WifiConnectivityMonitor: current mode : 3
10-20 20:26:56.742  1483  2453 D OpenNetworkQos[4.00]: updateBssidNoInternet: mBssidNoInternet = false
10-20 20:26:56.742  1483  2453 D OpenNetworkQos[4.00]: getOpenNetworkQosNoInternetStatus: false[Private DNS is active. Result is ignored.]
10-20 20:26:56.742  1483  2453 D OpenNetworkQos[4.00]: getOpenNetworkQosScores: 26 23 26 [Private DNS is active. Result is ignored.]
10-20 20:26:56.742  1483  2453 D WifiConnectivityMonitor: VALIDATED_DETECTED
10-20 20:26:56.749  5125  6221 I HBD     : g onCapabilitiesChanged network : 475 current network state : wifi 
10-20 20:26:56.758 17895 18015 I BugleRcsEngine: handleMessage processing message:[NOTIFY_UPTIME_IGNORE_STATE_CHANGED] with [non-null]:RcsEngineImpl reference [CONTEXT log_prefix="RcsEngineImpl[DUAL_REG]:[478faa39-130a]>Handler" thread_id=6439 ]
10-20 20:26:56.758 17895 17974 I BugleRcsEngine: Connected state: [1], networkType: [WIFI] [CONTEXT thread_id=6430 ]
10-20 20:26:56.760 17895 18015 I BugleRcsEngine: Cannot use CS.apk as it's battery optimized [CONTEXT thread_id=6439 ]
10-20 20:26:56.760  8661 24078 I NullBinder: NullBinder for android.net.action.RECOMMEND_NETWORKS triggering remote TransactionTooLargeException due to Service without Chimera impl, calling uid: 1000, calling pid: 0
10-20 20:26:56.760  8661 24078 W .gms.persistent: Large reply transaction of 1056768 bytes, interface descriptor , code 1
10-20 20:26:56.764  2521  2618 D NetworkController.WifiSignalController: notifyListener: visible=true, connected=true, inetCondition=1, isDefault=true, wifiTestReported=true, receivedInetCondition=-1, hideDuringMobileSwitching=false
10-20 20:26:56.776 10272 10526 D WM-NetworkStateTracker: Network capabilities changed: [ Transports: WIFI Capabilities: NOT_METERED&INTERNET&NOT_RESTRICTED&TRUSTED&NOT_VPN&VALIDATED&NOT_ROAMING&FOREGROUND&NOT_CONGESTED&NOT_SUSPENDED&NOT_VCN_MANAGED LinkUpBandwidth>=12000Kbps LinkDnBandwidth>=30000Kbps TransportInfo: <SSID: <unknown ssid>, BSSID: 02:00:00:00:00:00, MAC: 02:00:00:00:00:00, IP: /10.0.0.112, Security type: 2, Supplicant state: COMPLETED, Wi-Fi standard: 4, RSSI: -64, Link speed: 39Mbps, Tx Link speed: 39Mbps, Max Supported Tx Link speed: 72Mbps, Rx Link speed: 58Mbps, Max Supported Rx Link speed: 72Mbps, Frequency: 2437MHz, Net ID: -1, Metered hint: false, score: 60, isUsable: true, CarrierMerged: false, SubscriptionId: -1, IsPrimary: -1, Trusted: true, Restricted: false, Ephemeral: false, OEM paid: false, OEM private: false, OSU AP: false, FQDN: <none>, Provider friendly name: <none>, Requesting package name: <none><none>MLO Information: , AP MLD Address: <none>, AP MLO Link Id: <none>, AP MLO Affiliated links: <none>> SignalStrength: -64 UnderlyingNetworks: Null]
10-20 20:26:56.777  2521  2618 D Tile.WifiTile: handleUpdateState isTransient=false transientEnabling =false cb.isTransient=false state.state = 2 mStateBeforeClick.value =false enabled =true
10-20 20:26:56.783  2521  2605 E IMGMapper: set:488 set: Unset optional value from type SMPTE2086
10-20 20:26:56.784  2521  2605 E IMGMapper: set:488 set: Unset optional value from type CTA861_3
10-20 20:26:56.786  1039  1039 I BufferQueueProducer: [StatusBar$_2521#94](this:0xb400007a3dae1838,id:-1,api:0,p:-1,c:1039) queueBuffer: fps=0.17 dur=6025.05 max=6025.05 min=6025.05
10-20 20:26:56.788   991  1074 I hwcomposer: [HWCDisplay] [Display_0 (type:1)] fps:31.932657,dur:1064.74,max:416.06,min:15.82  
10-20 20:26:56.849  1483  1554 I ActivityManager: Changes in 10079 5 to 8, 8 to 0
10-20 20:26:56.851  5125  5125 I HBD     : g onCapabilityChanged  setNetworkState currentNetworkState : wifi 
10-20 20:26:56.852  5125  5125 I HBD     : h LogTag.TAG_LMDOWNLOAD network status is changed.
10-20 20:26:56.927  1483  2471 D NetdEventListenerService: DNS Requested by : 475, 10199
10-20 20:26:56.955  1483  2425 I ChimeraAggressivePolicyHandler: executePolicy() - triggerSource: TRIGGER_SOURCE_LMKD
10-20 20:26:56.957  1483  2425 I ChimeraAggressivePolicyHandler: available memory: 1120608, free memory target: 747520, quit chimera
10-20 20:26:56.977  1483  5804 D CompatibilityChangeReporter: Compat change id reported: 161145287; UID 10199; state: DISABLED
10-20 20:26:57.000  8661  8661 D BoundBrokerSvc: onRebind: Intent { act=com.google.android.gms.auth.aang.events.services.START dat=chimera-action:/... cmp=com.google.android.gms/.chimera.PersistentApiService }
10-20 20:26:57.001 24384 24405 D CompatibilityChangeReporter: Compat change id reported: 183155436; UID 10199; state: ENABLED
10-20 20:26:57.010  8661  8661 D BoundBrokerSvc: onRebind: Intent { act=com.google.android.gms.common.telemetry.service.START dat=chimera-action:/... cmp=com.google.android.gms/.chimera.PersistentApiService }
10-20 20:26:57.071   543   543 D io_stats: !@ 179,0 r 464975763 5650909542 w 80599436 844880992 d 1258359 33785876 f 0 0 iot 231209276 0 th 0 0 0 pt 0 inp 0 6 2552214.374
10-20 20:26:57.108  1483  6407 I GenerationRegistry: mBackingStore.isClosed() : false
10-20 20:26:57.156 24384 24430 D ConnectivityManager: StackLog: [android.net.ConnectivityManager.sendRequestForNetwork(ConnectivityManager.java:4402)] [android.net.ConnectivityManager.registerDefaultNetworkCallbackForUid(ConnectivityManager.java:4966)] [android.net.ConnectivityManager.registerDefaultNetworkCallback(ConnectivityManager.java:4933)] [ga$$ExternalSyntheticApiModelOutline3.m(D8$$SyntheticClass:57)] [org.chromium.net.NetworkChangeNotifierAutoDetect.register(PG:37)] [org.chromium.net.NetworkChangeNotifierAutoDetect$RegistrationPolicy.register(PG:3)] [org.chromium.net.RegistrationPolicyAlwaysRegister.init(PG:4)] [org.chromium.net.NetworkChangeNotifierAutoDetect.<init>(PG:103)] [org.chromium.net.NetworkChangeNotifier.setAutoDetectConnectivityStateInternal(PG:3)] [org.chromium.net.NetworkChangeNotifier.setAutoDetectConnectivityState(PG:1)] [hfl.run(PG:191)]
10-20 20:26:57.161  1483  5804 D ConnectivityService: requestNetwork for uid/pid:10199/24384 activeRequest: null callbackRequest: 165348 [NetworkRequest [ REQUEST id=165349, [ Capabilities: INTERNET&NOT_RESTRICTED&TRUSTED&NOT_VCN_MANAGED Uid: 10199 RequestorUid: 10199 RequestorPkg: com.google.android.youtube UnderlyingNetworks: Null] ]] callback flags: 0 order: 2147483647
10-20 20:26:57.163  1483  2385 D ConnectivityService:    accepting network in place of null for NetworkRequest [ REQUEST id=165349, [ Capabilities: INTERNET&NOT_RESTRICTED&TRUSTED&NOT_VCN_MANAGED Uid: 10199 RequestorUid: 10199 RequestorPkg: com.google.android.youtube UnderlyingNetworks: Null] ]
10-20 20:26:57.167  1483  2363 D WifiNetworkFactory: got request NetworkRequest [ REQUEST id=165349, [ Capabilities: INTERNET&NOT_RESTRICTED&TRUSTED&NOT_VCN_MANAGED Uid: 10199 RequestorUid: 10199 RequestorPkg: com.google.android.youtube UnderlyingNetworks: Null] ]
10-20 20:26:57.168  1483  2363 D UntrustedWifiNetworkFactory: got request NetworkRequest [ REQUEST id=165349, [ Capabilities: INTERNET&NOT_RESTRICTED&TRUSTED&NOT_VCN_MANAGED Uid: 10199 RequestorUid: 10199 RequestorPkg: com.google.android.youtube UnderlyingNetworks: Null] ]
10-20 20:26:57.168  1483  2363 D OemPaidWifiNetworkFactory: got request NetworkRequest [ REQUEST id=165349, [ Capabilities: INTERNET&NOT_RESTRICTED&TRUSTED&NOT_VCN_MANAGED Uid: 10199 RequestorUid: 10199 RequestorPkg: com.google.android.youtube UnderlyingNetworks: Null] ]
10-20 20:26:57.169  1483  2363 D MultiInternetWifiNetworkFactory: got request NetworkRequest [ REQUEST id=165349, [ Capabilities: INTERNET&NOT_RESTRICTED&TRUSTED&NOT_VCN_MANAGED Uid: 10199 RequestorUid: 10199 RequestorPkg: com.google.android.youtube UnderlyingNetworks: Null] ]
10-20 20:26:57.172  1483  2385 D ConnectivityService: Rematched networks [computed 1ms] [applied 3ms] [issued 5]
10-20 20:26:57.172  1483  2385 D ConnectivityService: NetworkReassignment :
10-20 20:26:57.172  1483  2385 D ConnectivityService:   165349 : null  475
10-20 20:26:57.174 24384 24430 D ConnectivityManager: StackLog: [android.net.ConnectivityManager.sendRequestForNetwork(ConnectivityManager.java:4402)] [android.net.ConnectivityManager.sendRequestForNetwork(ConnectivityManager.java:4444)] [android.net.ConnectivityManager.registerNetworkCallback(ConnectivityManager.java:4826)] [ga$$ExternalSyntheticApiModelOutline3.m(D8$$SyntheticClass:58)] [org.chromium.net.NetworkChangeNotifierAutoDetect.register(PG:134)] [org.chromium.net.NetworkChangeNotifierAutoDetect$RegistrationPolicy.register(PG:3)] [org.chromium.net.RegistrationPolicyAlwaysRegister.init(PG:4)] [org.chromium.net.NetworkChangeNotifierAutoDetect.<init>(PG:103)] [org.chromium.net.NetworkChangeNotifier.setAutoDetectConnectivityStateInternal(PG:3)] [org.chromium.net.NetworkChangeNotifier.setAutoDetectConnectivityState(PG:1)] [hfl.run(PG:191)]
10-20 20:26:57.178  1483  5804 D CompatibilityChangeReporter: Compat change id reported: 319212206; UID 10199; state: ENABLED
10-20 20:26:57.190 24384 24423 D ConnectivityManager: StackLog: [android.net.ConnectivityManager.sendRequestForNetwork(ConnectivityManager.java:4402)] [android.net.ConnectivityManager.registerDefaultNetworkCallbackForUid(ConnectivityManager.java:4966)] [android.net.ConnectivityManager.registerDefaultNetworkCallback(ConnectivityManager.java:4933)] [android.net.ConnectivityManager.registerDefaultNetworkCallback(ConnectivityManager.java:4907)] [a$$ExternalSyntheticApiModelOutline4.m(D8$$SyntheticClass:66)] [aayv.<init>(PG:52)] [hdw.b(PG:1869)] [hdw.mb(PG:86)] [biyu.d(PG:10)] [biyu.mb(PG:7)] [ajsf.<init>(PG:41)] [hdw.h(PG:1282)] [hdw.mb(PG:76)] [biyu.d(PG:10)] [biyu.mb(PG:7)] [ajsq.<init>(PG:25)] [heb.h(PG:1114)] [heb.mb(PG:57)] [biyu.d(PG:10)] [biyu.mb(PG:7)] [ajrd.b(PG:20)] [aapx.e(PG:9)] [hfo.run(PG:124)] [abir.run(PG:37)] [aqns.run(PG:21)] [arrs.run(PG:44)] [rfb.run(PG:84)] [java.lang.Thread.run(Thread.java:1012)] [sey.run(PG:61)]
10-20 20:26:57.192  1483  2385 D ConnectivityService: Rematched networks [computed 2ms] [applied 3ms] [issued 7]
10-20 20:26:57.192  1483  2385 D ConnectivityService: NetworkReassignment : no changes
10-20 20:26:57.194  1483  4847 D ConnectivityService: requestNetwork for uid/pid:10199/24384 activeRequest: null callbackRequest: 165351 [NetworkRequest [ REQUEST id=165352, [ Capabilities: INTERNET&NOT_RESTRICTED&TRUSTED&NOT_VCN_MANAGED Uid: 10199 RequestorUid: 10199 RequestorPkg: com.google.android.youtube UnderlyingNetworks: Null] ]] callback flags: 0 order: 2147483647
10-20 20:26:57.196  1483  2385 D ConnectivityService:    accepting network in place of null for NetworkRequest [ REQUEST id=165352, [ Capabilities: INTERNET&NOT_RESTRICTED&TRUSTED&NOT_VCN_MANAGED Uid: 10199 RequestorUid: 10199 RequestorPkg: com.google.android.youtube UnderlyingNetworks: Null] ]
10-20 20:26:57.200  1483  2363 D WifiNetworkFactory: got request NetworkRequest [ REQUEST id=165352, [ Capabilities: INTERNET&NOT_RESTRICTED&TRUSTED&NOT_VCN_MANAGED Uid: 10199 RequestorUid: 10199 RequestorPkg: com.google.android.youtube UnderlyingNetworks: Null] ]
10-20 20:26:57.200  1483  2363 D UntrustedWifiNetworkFactory: got request NetworkRequest [ REQUEST id=165352, [ Capabilities: INTERNET&NOT_RESTRICTED&TRUSTED&NOT_VCN_MANAGED Uid: 10199 RequestorUid: 10199 RequestorPkg: com.google.android.youtube UnderlyingNetworks: Null] ]
10-20 20:26:57.201  1483  2363 D OemPaidWifiNetworkFactory: got request NetworkRequest [ REQUEST id=165352, [ Capabilities: INTERNET&NOT_RESTRICTED&TRUSTED&NOT_VCN_MANAGED Uid: 10199 RequestorUid: 10199 RequestorPkg: com.google.android.youtube UnderlyingNetworks: Null] ]
10-20 20:26:57.201  1483  2363 D MultiInternetWifiNetworkFactory: got request NetworkRequest [ REQUEST id=165352, [ Capabilities: INTERNET&NOT_RESTRICTED&TRUSTED&NOT_VCN_MANAGED Uid: 10199 RequestorUid: 10199 RequestorPkg: com.google.android.youtube UnderlyingNetworks: Null] ]
10-20 20:26:57.205  1483  2385 D ConnectivityService: Rematched networks [computed 1ms] [applied 2ms] [issued 7]
10-20 20:26:57.205  1483  2385 D ConnectivityService: NetworkReassignment :
10-20 20:26:57.205  1483  2385 D ConnectivityService:   165352 : null  475
10-20 20:26:57.263  8661 10560 I NearbySharing: Network state changed: NetworkState(isRestricted=false, isOnline=true, isCongested=false, isMetered=false, isWifiConnected=true)
10-20 20:26:57.444  2521  2618 D NetworkController: SignalStrength from intent slotId=0
10-20 20:26:57.448  2521  2618 D MobileStatusTracker(0/2): onSignalStrengthsChanged level=4, vendorLevel=3
10-20 20:26:57.450  2521  2618 D MobileSignalController(0/2): notifyListener: enabled=true, connected=true, dataConnected=true, networkType=LTE (4G), emergencyOnly=false, roaming=false, isDefault=false, dataActivity=, level=3, ca=false, mmWave=false, disabledDataIcon=false, simCard=ETC
10-20 20:26:57.454  1137  8968 D CameraService: getNumberOfCameras E
10-20 20:26:57.455  1137  8968 D CameraService: getNumberOfCameras X: ok
10-20 20:26:57.455 24384 24422 D CompatibilityChangeReporter: Compat change id reported: 160794467; UID 10199; state: ENABLED
10-20 20:26:57.456  1137  3816 D CameraService: getNumberOfCameras E
10-20 20:26:57.456  1137  3816 D CameraService: getNumberOfCameras X: ok
10-20 20:26:57.457  1137  3816 D CameraService: getCameraInfo E: 0
10-20 20:26:57.459  1137  3816 D CameraService: getCameraInfo X
10-20 20:26:57.468  1137  3816 D CameraService: getNumberOfCameras E
10-20 20:26:57.469  1137  3816 D CameraService: getNumberOfCameras X: ok
10-20 20:26:57.473  1137  8968 D CameraService: getCameraInfo E: 1
10-20 20:26:57.474  1137  8968 D CameraService: getCameraInfo X
10-20 20:26:57.500 24384 24422 D CompatibilityChangeReporter: Compat change id reported: 194532703; UID 10199; state: ENABLED
10-20 20:26:57.502  1483  2711 D CompatibilityChangeReporter: Compat change id reported: 194532703; UID 10199; state: ENABLED
10-20 20:26:57.564 24384 24418 D nativeloader: Configuring clns-6 for other apk /system/framework/com.android.media.remotedisplay.jar. target_sdk_version=36, uses_libraries=ALL, library_path=/data/app/~~kT1-m3EPBUgdDrDBHorI3g==/com.google.android.gms-NnWHIFhoO_T_ox9-pI77pw==/lib/arm64:/data/app/~~kT1-m3EPBUgdDrDBHorI3g==/com.google.android.gms-NnWHIFhoO_T_ox9-pI77pw==/base.apk!/lib/arm64-v8a, permitted_path=/data:/mnt/expand:/data/user/0/com.google.android.gms
10-20 20:26:57.564 24384 24418 D nativeloader: Extending system_exposed_libraries: libexifa.camera.samsung.so:libjpega.camera.samsung.so:libOpenCv.camera.samsung.so:libImageScreener.camera.samsung.so:libHpr_RecGAE_cvFeature_v1.0.camera.samsung.so:libHprFace_GAE_api.camera.samsung.so:libHprFace_GAE_jni.camera.samsung.so:libObjectAndSceneClassification_2.5_OD.camera.samsung.so:libQREngine.camera.samsung.so:libInteractiveSegmentation.camera.samsung.so:libsmart_cropping.camera.samsung.so:libFacePreProcessing_jni.camera.samsung.so:libhumantracking_util.camera.samsung.so:libMyFilterPlugin.camera.samsung.so:libsecjpeginterface.camera.samsung.so:libsurfaceutil.camera.samsung.so:libsecimaging_pdk.camera.samsung.so:libsecimaging.camera.samsung.so:libsce_v1.crypto.samsung.so:lib_vnd_client.dk.samsung.so:lib_native_client.dk.samsung.so:lib_nativeJni.dk.samsung.so:lib.engmodejni.samsung.so:libSFEffect.fonteffect.samsung.so:libknox_remotedesktopclient.knox.samsung.so:libheifcapture_jni.media.samsung.so:libjpegsq.media.samsung.so:libslljpeg.media.samsung.so:libsemimage
10-20 20:26:57.570  1483  1750 W JobScheduler: Job didn't exist in JobStore: 3753715 #u0a199/52208 com.google.android.youtube/androidx.work.impl.background.systemjob.SystemJobService
10-20 20:26:57.574 24384 24418 D nativeloader: Configuring clns-7 for other apk /system/framework/com.android.location.provider.jar. target_sdk_version=36, uses_libraries=ALL, library_path=/data/app/~~kT1-m3EPBUgdDrDBHorI3g==/com.google.android.gms-NnWHIFhoO_T_ox9-pI77pw==/lib/arm64:/data/app/~~kT1-m3EPBUgdDrDBHorI3g==/com.google.android.gms-NnWHIFhoO_T_ox9-pI77pw==/base.apk!/lib/arm64-v8a, permitted_path=/data:/mnt/expand:/data/user/0/com.google.android.gms
10-20 20:26:57.574 24384 24418 D nativeloader: Extending system_exposed_libraries: libexifa.camera.samsung.so:libjpega.camera.samsung.so:libOpenCv.camera.samsung.so:libImageScreener.camera.samsung.so:libHpr_RecGAE_cvFeature_v1.0.camera.samsung.so:libHprFace_GAE_api.camera.samsung.so:libHprFace_GAE_jni.camera.samsung.so:libObjectAndSceneClassification_2.5_OD.camera.samsung.so:libQREngine.camera.samsung.so:libInteractiveSegmentation.camera.samsung.so:libsmart_cropping.camera.samsung.so:libFacePreProcessing_jni.camera.samsung.so:libhumantracking_util.camera.samsung.so:libMyFilterPlugin.camera.samsung.so:libsecjpeginterface.camera.samsung.so:libsurfaceutil.camera.samsung.so:libsecimaging_pdk.camera.samsung.so:libsecimaging.camera.samsung.so:libsce_v1.crypto.samsung.so:lib_vnd_client.dk.samsung.so:lib_native_client.dk.samsung.so:lib_nativeJni.dk.samsung.so:lib.engmodejni.samsung.so:libSFEffect.fonteffect.samsung.so:libknox_remotedesktopclient.knox.samsung.so:libheifcapture_jni.media.samsung.so:libjpegsq.media.samsung.so:libslljpeg.media.samsung.so:libsemimage
10-20 20:26:57.588 24384 24412 W android.youtube: Long monitor contention with owner yt-critical Thread #2 (24413) at void java.lang.Runtime.loadLibrary0(java.lang.ClassLoader, java.lang.Class, java.lang.String)(Runtime.java:1084) waiters=0 in void java.lang.Runtime.loadLibrary0(java.lang.ClassLoader, java.lang.Class, java.lang.String) for 457ms
10-20 20:26:57.589 24384 24418 D nativeloader: Configuring clns-8 for other apk /data/app/~~kT1-m3EPBUgdDrDBHorI3g==/com.google.android.gms-NnWHIFhoO_T_ox9-pI77pw==/base.apk. target_sdk_version=36, uses_libraries=, library_path=/data/app/~~kT1-m3EPBUgdDrDBHorI3g==/com.google.android.gms-NnWHIFhoO_T_ox9-pI77pw==/lib/arm64:/data/app/~~kT1-m3EPBUgdDrDBHorI3g==/com.google.android.gms-NnWHIFhoO_T_ox9-pI77pw==/base.apk!/lib/arm64-v8a, permitted_path=/data:/mnt/expand:/data/user/0/com.google.android.gms
10-20 20:26:57.590 24384 24420 W android.youtube: Long monitor contention with owner yt-critical Thread #2 (24413) at void android.os.ConditionVariable.open()(ConditionVariable.java:70) waiters=0 in void android.os.ConditionVariable.block() for 431ms
10-20 20:26:57.600   492   492 I lmkd    : 0(delay), 50(swap), 15(freelimit), 0(reentrymode) memory pressure events were skipped after a kill!
10-20 20:26:57.718  1483  2711 I ActivityManager: Killing 22532:com.samsung.android.game.gos/u0a92 (adj 999): empty #25
10-20 20:26:57.738  1483  1560 I libprocessgroup: Successfully killed process cgroup uid 10092 pid 22532 in 17ms
10-20 20:26:57.773  1483  4847 D InputDispatcher: Inject key (24464/2000): action=0, f=0x0, d=-1, time=2552215076000000
10-20 20:26:57.774  1483  4847 D WindowManager: interceptKeyTq keycode=4 interactive=true keyguardActive=false policyFlags=2b000000
10-20 20:26:57.774  1483  4847 D PhoneWindowManagerExt: interceptKeyTq code=4 down=true repeatCount=0 displayId=-1 interactive=true
10-20 20:26:57.774  1483  4847 D WindowManager: interceptKeyTq interceptKeyResult=4
10-20 20:26:57.774  1483  1796 D PowerManagerService: [api] userActivityFromNative :  (event: 1 flags: 0 displayId: 0) eventTime = 2552215076
10-20 20:26:57.775  1483  1796 D WindowManager: interceptKeyTi keyCode=4 down=true repeatCount=0 keyguardOn=false canceled=false
10-20 20:26:57.775  1483  1796 D PhoneWindowManagerExt: interceptKeyTi code=4 down=true repeatCount=0 displayId=-1 interactive=true
10-20 20:26:57.775  1483  1796 I InputDispatcher: Delivering key to (23980): B action: 0x0 (0), f=0x0, m=0x0, d=0, '5356d5d'
10-20 20:26:57.777  5125  5125 I HBD     : b skip onKeyDown as physical keyboard not connected 
10-20 20:26:57.778  5125  5125 I HBD     : HoneyBoardService onKeyDown r:2c68d52b consumed:false 1 
10-20 20:26:57.779 23980 23980 I ViewRootImpl@8188eb8[MainActivity]: ViewPostIme key 0
10-20 20:26:57.780 23980 23980 D Activity: onKeyDown(KEYCODE_BACK)
10-20 20:26:57.780  1483  4847 D InputDispatcher: Inject key (24464/2000): action=1, f=0x0, d=-1, time=2552215076000000
10-20 20:26:57.780  1483  4847 D WindowManager: interceptKeyTq keycode=4 interactive=true keyguardActive=false policyFlags=2b000000
10-20 20:26:57.781  1483  4847 D PhoneWindowManagerExt: interceptKeyTq code=4 down=false repeatCount=0 displayId=-1 interactive=true
10-20 20:26:57.781  1483  4847 D WindowManager: interceptKeyTq interceptKeyResult=4
10-20 20:26:57.781  1483  1796 D WindowManager: interceptKeyTi keyCode=4 down=false repeatCount=0 keyguardOn=false canceled=false
10-20 20:26:57.781  1483  1796 D PhoneWindowManagerExt: interceptKeyTi code=4 down=false repeatCount=0 displayId=-1 interactive=true
10-20 20:26:57.782  1483  1796 I InputDispatcher: Delivering key to (23980): B action: 0x1 (0), f=0x0, m=0x0, d=0, '5356d5d'
10-20 20:26:57.782 24384 24463 D ConnectivityManager: StackLog: [android.net.ConnectivityManager.sendRequestForNetwork(ConnectivityManager.java:4402)] [android.net.ConnectivityManager.registerDefaultNetworkCallbackForUid(ConnectivityManager.java:4966)] [android.net.ConnectivityManager.registerDefaultNetworkCallback(ConnectivityManager.java:4933)] [android.net.ConnectivityManager.registerDefaultNetworkCallback(ConnectivityManager.java:4907)] [a$$ExternalSyntheticApiModelOutline4.m(D8$$SyntheticClass:66)] [gwv.<init>(PG:3)] [gwv.a(PG:13)] [gwi.o(PG:33)] [gwi.b(PG:62)] [gwo.run(PG:186)] [java.util.concurrent.ThreadPoolExecutor.runWorker(ThreadPoolExecutor.java:1145)] [java.util.concurrent.ThreadPoolExecutor$Worker.run(ThreadPoolExecutor.java:644)] [java.lang.Thread.run(Thread.java:1012)]
10-20 20:26:57.783  5125  5125 I HBD     : HoneyBoardService onKeyUp r:ad634f5a consumed:false 1 
10-20 20:26:57.784 23980 23980 I ViewRootImpl@8188eb8[MainActivity]: ViewPostIme key 1
10-20 20:26:57.784 23980 23980 D Activity: onKeyUp(KEYCODE_BACK) isTracking()=true isCanceled()=false hasCallback=false
10-20 20:26:57.785  1483  2711 D ConnectivityService: requestNetwork for uid/pid:10199/24384 activeRequest: null callbackRequest: 165353 [NetworkRequest [ REQUEST id=165354, [ Capabilities: INTERNET&NOT_RESTRICTED&TRUSTED&NOT_VCN_MANAGED Uid: 10199 RequestorUid: 10199 RequestorPkg: com.google.android.youtube UnderlyingNetworks: Null] ]] callback flags: 0 order: 2147483647
10-20 20:26:57.787  1483  2385 D ConnectivityService:    accepting network in place of null for NetworkRequest [ REQUEST id=165354, [ Capabilities: INTERNET&NOT_RESTRICTED&TRUSTED&NOT_VCN_MANAGED Uid: 10199 RequestorUid: 10199 RequestorPkg: com.google.android.youtube UnderlyingNetworks: Null] ]
10-20 20:26:57.792  1483  2363 D WifiNetworkFactory: got request NetworkRequest [ REQUEST id=165354, [ Capabilities: INTERNET&NOT_RESTRICTED&TRUSTED&NOT_VCN_MANAGED Uid: 10199 RequestorUid: 10199 RequestorPkg: com.google.android.youtube UnderlyingNetworks: Null] ]
10-20 20:26:57.793  1483  2363 D UntrustedWifiNetworkFactory: got request NetworkRequest [ REQUEST id=165354, [ Capabilities: INTERNET&NOT_RESTRICTED&TRUSTED&NOT_VCN_MANAGED Uid: 10199 RequestorUid: 10199 RequestorPkg: com.google.android.youtube UnderlyingNetworks: Null] ]
10-20 20:26:57.794  1483  2363 D OemPaidWifiNetworkFactory: got request NetworkRequest [ REQUEST id=165354, [ Capabilities: INTERNET&NOT_RESTRICTED&TRUSTED&NOT_VCN_MANAGED Uid: 10199 RequestorUid: 10199 RequestorPkg: com.google.android.youtube UnderlyingNetworks: Null] ]
10-20 20:26:57.794  1483  2363 D MultiInternetWifiNetworkFactory: got request NetworkRequest [ REQUEST id=165354, [ Capabilities: INTERNET&NOT_RESTRICTED&TRUSTED&NOT_VCN_MANAGED Uid: 10199 RequestorUid: 10199 RequestorPkg: com.google.android.youtube UnderlyingNetworks: Null] ]
10-20 20:26:57.797  1483  2385 D ConnectivityService: Rematched networks [computed 1ms] [applied 3ms] [issued 6]
10-20 20:26:57.797  1483  2385 D ConnectivityService: NetworkReassignment :
10-20 20:26:57.797  1483  2385 D ConnectivityService:   165354 : null  475
10-20 20:26:57.825  1483  2471 D NetdEventListenerService: DNS Requested by : 475, 10199
10-20 20:26:57.826 24384 24463 E android.youtube: Attempt to load writable dex file: /data/user/0/com.google.android.youtube/app_pccache/5/E47C86B2C77009FBA9F0C961D11E60B330CFF68E/pcam.jar
10-20 20:26:57.837 24384 24463 E android.youtube: Unable to resolve path '/data/app/~~DhqAwwKEIbta98eF8Ng3Zw==/com.google.android.youtube-4gIAmXrwUDzKp983JJtlxw==/base.apk': No such file or directory
