10-20 20:26:50.148  1483  1558 W BroadcastQueue: Appop Denial: receiving Intent { act=android.intent.action.ANY_DATA_STATE flg=0x10 (has extras) } to ProcessRecord{87896cc 2799:com.android.phone/1001} (pid=2799, uid=1001) excludes appop android:read_phone_state due to sender android (uid 1001)
10-20 20:26:50.148  2893  3125 I RegiMgr-Handler<0>: onPreciseDataConnectionStateChanged
10-20 20:26:50.169 24250 24250 D jni_lib_merge: Entering merged library JNI_OnLoad.
10-20 20:26:50.170 24250 24250 D jni_lib_merge: Preparing 12 pre-merged libs (including stub)
10-20 20:26:50.170 24250 24250 D jni_lib_merge: Preparing to register libfabricjni_so.  onload_func: 0x7851cadce0
10-20 20:26:50.170 24250 24250 D jni_lib_merge: Preparing to register libreact_devsupportjni_so.  onload_func: 0x7851ea7fc8
10-20 20:26:50.170 24250 24250 D jni_lib_merge: Preparing to register libreact_featureflagsjni_so.  onload_func: 0x7851eb6518
10-20 20:26:50.170 24250 24250 D jni_lib_merge: Preparing to register libreact_newarchdefaults_so.  onload_func: 0x7851f1e6a8
10-20 20:26:50.170 24250 24250 D jni_lib_merge: Preparing to register libreactnativeblob_so.  onload_func: 0x785210ecb4
10-20 20:26:50.171 24250 24250 D jni_lib_merge: Preparing to register libreactnativejni_so.  onload_func: 0x785215c6bc
10-20 20:26:50.171 24250 24250 D jni_lib_merge: Preparing to register libreactnativejni_common_so.  onload_func: 0x785216d044
10-20 20:26:50.171 24250 24250 D jni_lib_merge: Preparing to register librninstance_so.  onload_func: 0x78521b4764
10-20 20:26:50.171 24250 24250 D jni_lib_merge: Preparing to register libturbomodulejsijni_so.  onload_func: 0x78522ccfa8
10-20 20:26:50.171 24250 24250 D jni_lib_merge: Preparing to register libuimanagerjni_so.  onload_func: 0x78522e5ff8
10-20 20:26:50.171 24250 24250 D jni_lib_merge: Preparing to register libyoga_so.  onload_func: 0x78522f5a7c
10-20 20:26:50.171 24250 24250 D jni_lib_merge: About to register 11 actual methods.
10-20 20:26:50.171  2799  2837 I System.out: Broadcasting: Intent { act=com.samsung.intent.action.BIG_DATA_INFO (has extras) }
10-20 20:26:50.185 11529 11566 I ContactsProvider_EventLog: cp_s: [CONTACT con(156) dat(1626) acc({google(35)=1, google(2)=155, com.google.android.apps.tachyon(10)=4, com.google.android.apps.tachyon(24)=37, com.whatsapp(9)=124}) calls([logtype:100 cnt:1000]) Iso(BR) uId(0) ]
10-20 20:26:50.185 11529 11566 I ContactsProvider_EventLog: cp_s: [ agr({[2 ,9 ,10]=4, [2 ,9 ,9 ,24]=1, [2 ,9 ,24]=30, [2 ,2]=1, [2]=28, [2 ,24]=3, [35]=1, [2 ,24 ,9]=2, [9 ,2 ,24]=1, [9]=1, [2 ,9]=84}) ]
10-20 20:26:50.185 11529 11566 I ContactsProvider_EventLog: cp_s: [ cnt({contacts(24507)=4, dialer(24506)=4, acore(11529)=1}) ]
10-20 20:26:50.185 11529 11566 I ContactsProvider_EventLog: cp_s: [PROFILE ] [SAPROFILE con(1) dat(1) acc({phone(1)=1}) ]
10-20 20:26:50.185 11529 11566 I ContactsProvider_EventLog: cp_s: [STATE R(F) ]
10-20 20:26:50.204  2799  2846 I TelephonyProvider: D/TelephonyProvider: subIdString = 2 subId = 2
10-20 20:26:50.234  2799  2846 I TelephonyProvider: D/TelephonyProvider: subIdString = 2 subId = 2
10-20 20:26:50.252  2893  3267 I VolteServiceModule: onPreciseDataConnectionStateChanged: state= state: DISCONNECTED, transport: WWAN, id: -1, network type: LTE, APN Setting: [ApnSetting] Claro IMS, 6270, 72405, ims, , null, , null, null, 0, ims, IPV4V6, IPV4V6, true, 0, false, 20, 0, 300, 0, 0, null, , false, UNKNOWN, UNKNOWN, 0, -1, -1, false, link properties: {LinkAddresses: [ ] DnsAddresses: [ ] Domains: null MTU: 0 Routes: [ ]}, fail cause: PDN_THROTTLED(0xfffffff8)
10-20 20:26:50.252  1483  4847 W ContextImpl: Calling a method in the system process without a qualified user: android.app.ContextImpl.sendBroadcastMultiplePermissions:1335 android.content.Context.sendBroadcastMultiplePermissions:2285 com.android.server.TelephonyRegistry.broadcastDataConnectionStateChanged:3329 com.android.server.TelephonyRegistry.notifyDataConnectionForSubscriber:2065 com.android.internal.telephony.ITelephonyRegistry$Stub.onTransact:578 
10-20 20:26:50.252  2893  3125 I PhoneStateTracker<0>: onPreciseDataConnectionStateChanged: state= state: DISCONNECTED, transport: WWAN, id: -1, network type: LTE, APN Setting: [ApnSetting] Claro IMS, 6270, 72405, ims, , null, , null, null, 0, ims, IPV4V6, IPV4V6, true, 0, false, 20, 0, 300, 0, 0, null, , false, UNKNOWN, UNKNOWN, 0, -1, -1, false, link properties: {LinkAddresses: [ ] DnsAddresses: [ ] Domains: null MTU: 0 Routes: [ ]}, fail cause: PDN_THROTTLED(0xfffffff8)
10-20 20:26:50.252  2893  3125 I RegiMgr-Handler<0>: onPreciseDataConnectionStateChanged
10-20 20:26:50.252  2893  3125 I RegiMgr-Handler: handleMessage: EVENT_PDN_FAILED
10-20 20:26:50.253  2893  3125 I RegiMgr-NetEvtCtr: slot[0]: onPdnFailed: PDN_THROTTLED
10-20 20:26:50.254  1483  1558 W BroadcastQueue: Appop Denial: receiving Intent { act=android.intent.action.ANY_DATA_STATE flg=0x10 (has extras) } to ProcessRecord{87896cc 2799:com.android.phone/1001} (pid=2799, uid=1001) excludes appop android:read_phone_state due to sender android (uid 1001)
10-20 20:26:50.255  2893  3125 E #IMSCR  : 10-20 20:26:50 0x1101000A:0,PDN FAIL:PDN_THROTTLED
10-20 20:26:50.255  2893  3125 I RegiGvnBase<0>: onPdnRequestFailed: PDN_THROTTLED
10-20 20:26:50.256  2893  3125 I SimManager: getRilSimOperator: ETC
10-20 20:26:50.256  2893  3125 I SimManager<1>: hasIsim: [true]
10-20 20:26:50.258  1483  2471 D NetdEventListenerService: DNS Requested by : 475, 10188
10-20 20:26:50.259  2893  3125 E TelephonyManagerWrapper: use backup domain : null
10-20 20:26:50.260  2893  3125 I SimDataAdaptor: getImpuFromList:
10-20 20:26:50.260  2893  3125 E SimManager<1>: isIsimDataValid: IMPU_INVALID
10-20 20:26:50.260  2893  3125 E SimManager<1>: isIsimDataValid: HOME_DOMAIN_NOT_EXIST
10-20 20:26:50.260  2893  3125 I SimManager: mSimState:LOADED, mIsimLoaded:true, hasIsim():false
10-20 20:26:50.260  2893  3125 I RegiMgr-Handler: handleMessage: EVENT_TRY_REGISTER
10-20 20:26:50.260  2893  3125 I RegiMgr<1>: tryRegister:
10-20 20:26:50.260  2893  3125 I RegiMgr<0>: RegisterTask(s): ZTA IMS VoLTE (CONNECTING), ZTA RCS (IDLE)
10-20 20:26:50.260  2799  2846 I TelephonyProvider: D/TelephonyProvider: subIdString = 2 subId = 2
10-20 20:26:50.261 14401 24714 D TrafficStats: tagSocket(160) with statsTag=0x4003300, statsUid=10199
10-20 20:26:50.261  2893  3125 I RegiMgr<1>: RegisterTask(s): Oi RCS (IDLE)
10-20 20:26:50.261  2893  3125 I RcsPolicyMgr<1>: pendingRcsRegister: mActiveDataPhoneId = 0
10-20 20:26:50.261  2893  3125 I RegisterTask: isSuspended: mSuspended(false) mSuspendByIrat(false)
10-20 20:26:50.261  2893  3125 I RegiMgr<1>: [Oi RCS|IDLE] checkForTryRegister id: 1044
10-20 20:26:50.261  2893  3125 I RegiMgr : isPdnConnected: false, PdnType: 0
10-20 20:26:50.265  2893  3125 I PdnController: getDefaultNetworkBearer:  WIFI
10-20 20:26:50.267  2893  3125 I PdnController: isWifiConnected: [type: WIFI[], state: CONNECTED/CONNECTED, reason: (unspecified), extra: , failover: false, available: true, roaming: false]
10-20 20:26:50.268  2893  3125 I RegiMgr-Utils<1>: findBestNetwork: WIFI needWifiNetwork = true
10-20 20:26:50.268  1483  1583 D PowerManagerService: UserActivityStateListenerState: 0
10-20 20:26:50.269  2893  3125 I RegiGvnBase<1>: isReadyToDualRegister : true
10-20 20:26:50.274  2893  3125 I RegiMgr<1>: [Oi RCS|IDLE] checkInitialRegistrationIsReady: APM ON [false], Roamimg [false]
10-20 20:26:50.274  2893  3125 I RcsPolicyMgr<1>: pendingRcsRegister: mActiveDataPhoneId = 0
10-20 20:26:50.274  2893  3125 I ImsProfile: isRttSupportByCallApp : false ttyType : 1
10-20 20:26:50.274  2893  3125 I RegiMgr-Utils<1>: getPriorityRegiedTask : isPriority  High? true
10-20 20:26:50.275  2893  3125 I RegiGvnBase: checkRegiStatus: getState()=IDLE mIsUpdateRegistering=false
10-20 20:26:50.275  2893  3125 I RegiMgr<1>: getTelephonyCallStatus:
10-20 20:26:50.277  2893  3125 I ConfigProvider: query uri:xxxxx
10-20 20:26:50.285  2521  2618 D MobileStatusTracker(0/2): onDataActivity: direction=0
10-20 20:26:50.288  2521  2618 D MobileStatusTracker(0/2): onDataActivity: direction=0
10-20 20:26:50.293  2893  3125 I ConfigProvider: queryStorage path content://com.samsung.rcs.autoconfigurationprovider/parameter/version#simslot1
10-20 20:26:50.297  2893  3125 I RegiGvnRcs: isReadyToRegister: User don't try RCS service yet
10-20 20:26:50.297  2893  3125 I RegiMgr<1>: [Oi RCS|IDLE] checkForTryRegister: isReadyToRegister = false
10-20 20:26:50.301 24250 24250 D jni_lib_merge: Entering merged library JNI_OnLoad.
10-20 20:26:50.301 24250 24250 D jni_lib_merge: Preparing 12 pre-merged libs (including stub)
10-20 20:26:50.301 24250 24250 D jni_lib_merge: Preparing to register libfabricjni_so.  onload_func: 0x7851cadce0
10-20 20:26:50.301 24250 24250 D jni_lib_merge: Preparing to register libreact_devsupportjni_so.  onload_func: 0x7851ea7fc8
10-20 20:26:50.301 24250 24250 D jni_lib_merge: Preparing to register libreact_featureflagsjni_so.  onload_func: 0x7851eb6518
10-20 20:26:50.301 24250 24250 D jni_lib_merge: Preparing to register libreact_newarchdefaults_so.  onload_func: 0x7851f1e6a8
10-20 20:26:50.301 24250 24250 D jni_lib_merge: Preparing to register libreactnativeblob_so.  onload_func: 0x785210ecb4
10-20 20:26:50.301 24250 24250 D jni_lib_merge: Preparing to register libreactnativejni_so.  onload_func: 0x785215c6bc
10-20 20:26:50.301 24250 24250 D jni_lib_merge: Preparing to register libreactnativejni_common_so.  onload_func: 0x785216d044
10-20 20:26:50.301 24250 24250 D jni_lib_merge: Preparing to register librninstance_so.  onload_func: 0x78521b4764
10-20 20:26:50.301 24250 24250 D jni_lib_merge: Preparing to register libturbomodulejsijni_so.  onload_func: 0x78522ccfa8
10-20 20:26:50.301 24250 24250 D jni_lib_merge: Preparing to register libuimanagerjni_so.  onload_func: 0x78522e5ff8
10-20 20:26:50.301 24250 24250 D jni_lib_merge: Preparing to register libyoga_so.  onload_func: 0x78522f5a7c
10-20 20:26:50.301 24250 24250 D jni_lib_merge: About to register 11 actual methods.
10-20 20:26:50.308  4725  9599 W MediaProvider: isAppCloneUserPair for user 0: false
10-20 20:26:50.331  1483  5804 D SyncManager: userId - 0 auto - true
10-20 20:26:50.351 24250 24250 D jni_lib_merge: Entering merged library JNI_OnLoad.
10-20 20:26:50.351 24250 24250 D jni_lib_merge: Preparing 12 pre-merged libs (including stub)
10-20 20:26:50.351 24250 24250 D jni_lib_merge: Preparing to register libfabricjni_so.  onload_func: 0x7851cadce0
10-20 20:26:50.351 24250 24250 D jni_lib_merge: Preparing to register libreact_devsupportjni_so.  onload_func: 0x7851ea7fc8
10-20 20:26:50.351 24250 24250 D jni_lib_merge: Preparing to register libreact_featureflagsjni_so.  onload_func: 0x7851eb6518
10-20 20:26:50.351 24250 24250 D jni_lib_merge: Preparing to register libreact_newarchdefaults_so.  onload_func: 0x7851f1e6a8
10-20 20:26:50.351 24250 24250 D jni_lib_merge: Preparing to register libreactnativeblob_so.  onload_func: 0x785210ecb4
10-20 20:26:50.351 24250 24250 D jni_lib_merge: Preparing to register libreactnativejni_so.  onload_func: 0x785215c6bc
10-20 20:26:50.351 24250 24250 D jni_lib_merge: Preparing to register libreactnativejni_common_so.  onload_func: 0x785216d044
10-20 20:26:50.351 24250 24250 D jni_lib_merge: Preparing to register librninstance_so.  onload_func: 0x78521b4764
10-20 20:26:50.351 24250 24250 D jni_lib_merge: Preparing to register libturbomodulejsijni_so.  onload_func: 0x78522ccfa8
10-20 20:26:50.351 24250 24250 D jni_lib_merge: Preparing to register libuimanagerjni_so.  onload_func: 0x78522e5ff8
10-20 20:26:50.351 24250 24250 D jni_lib_merge: Preparing to register libyoga_so.  onload_func: 0x78522f5a7c
10-20 20:26:50.351 24250 24250 D jni_lib_merge: About to register 11 actual methods.
10-20 20:26:50.588 24250 24250 I Choreographer: Skipped 130 frames!  The application may be doing too much work on its main thread.
10-20 20:26:50.588  1483  6407 D CompatibilityChangeReporter: Compat change id reported: 174042980; UID 11011; state: DISABLED
10-20 20:26:50.594  1483  6407 I ActivityManager: Killing 22862:com.android.keychain/1000 (adj 999): empty #25
10-20 20:26:50.600 24093 24093 I BadgeCountReceiver: badge intent : Intent { act=android.intent.action.BADGE_COUNT_UPDATE flg=0x1000010 cmp=com.sec.android.provider.badge/.BadgeCountReceiver (has extras) }
10-20 20:26:50.600 24093 24093 I BadgeCountReceiver: packageName: com.whatsapp, className: com.whatsapp.Main, count: 0
10-20 20:26:50.605  3014  3014 I BadgeCountUpdaterImpl: onChange
10-20 20:26:50.606  1483  1560 I libprocessgroup: Successfully killed process cgroup uid 1000 pid 22862 in 9ms
10-20 20:26:50.607  3014  3014 I BadgeCountUpdaterImpl: onChange
10-20 20:26:50.608 24093 24093 I BadgeProvider: sendNotify entered. [uri] : content://com.sec.badge/apps
10-20 20:26:50.608 24093 24093 I BadgeProvider: sendNotify, [notify] : null
10-20 20:26:50.609 24093 24093 I BadgeProvider: update, getCallingPackage() : com.sec.android.provider.badge
10-20 20:26:50.609 24093 24093 I BadgeProvider: update, [uri] : content://com.sec.badge/apps
10-20 20:26:50.609 24093 24093 I BadgeProvider: update, [uri.query] : null
10-20 20:26:50.609 24093 24093 I BadgeProvider: update, [BadgeCount] : badgecount=0
10-20 20:26:50.609 24093 24093 I BadgeProvider: update, [UpdateCount] : 1
10-20 20:26:50.624  2799  2799 D SemBigDataInfoController: Intent: com.samsung.intent.action.BIG_DATA_INFO
10-20 20:26:50.625  2799  2799 D SemBigDataInfoController: BIG_DATA insertLog slot: 0, feature: 8
10-20 20:26:50.632  2799  2799 D SemBigDataInfoController: Intent: com.samsung.intent.action.BIG_DATA_INFO
10-20 20:26:50.636  2799  2816 I System.out: Broadcast completed: result=0
10-20 20:26:50.636 14401 18897 W FA-SVC  : Interrupted in onRunTask while uploading
10-20 20:26:50.654 22682 22682 I [ND]NetworkDiagnosticReceiver: main | onReceive: sec.intent.action.networkdiagnostic.USE_APP_FEATURE_SURVEY
10-20 20:26:50.654 22682 22682 I [ND]NetworkDiagnosticReceiver: main | onReceive: Bundle[mParcelledData.dataSize=460]
10-20 20:26:50.655 22682 22682 I [ND]NetworkDiagnosticManager: main | Diagnostic OFF, ignore SurveyMeasurement
10-20 20:26:50.660   975   975 I Zygote  : Process 22862 exited due to signal 9 (Killed)
10-20 20:26:50.677  8661 22978 W NetworkScheduler.ATC: Called cancelTask for already completed task com.google.android.gms/.measurement.PackageMeasurementTaskService{u=0 tag="Measurement.PackageMeasurementTaskService.UPLOAD_TASK_TAG" trigger=window{start=3084s,end=6169s,earliest=-19s,latest=3065s} requirements=[NET_CONNECTED,PREFERRED_NET_UNMETERED,PREFERRED_CHARGING] attributes=[PERSISTED] scheduled=-3103s last_run=0s exec_window_multiplier=1.0000 jid=N/A status=ACTIVE retries=0 client_lib=GMS_TASK_SCHEDULER-254031000} :1 [CONTEXT service_id=218 ]
10-20 20:26:50.700  2486  2486 I WifiHAL : Get link layer stats
10-20 20:26:50.700  2486  2486 I WifiHAL : GetLinkStatsCommand::create
10-20 20:26:50.700  2486  2486 D android.hardware.wifi@1.0-service-lazy: WifiRequest::create vendor command to iface 38, vendor_id=0x1a11, subcmd=0x1200, res=0
10-20 20:26:50.700  2486  2486 I android.hardware.wifi@1.0-service-lazy: WifiCommand::requestResponse err=-95
10-20 20:26:50.700  2486  2486 I WifiHAL : wifi_get_link_stats: result=-3
10-20 20:26:50.701  1483  2363 E WifiVendorHal: getWifiLinkLayerStats_1_5_Internal(l.1179) failed {.code = ERROR_NOT_SUPPORTED, .description = }
10-20 20:26:50.706  1483  3390 D SemWifiUsabilityStatsMonitor: onWifiUsabilityStats - seqNum 543775, isSameBssidAndFreq true
10-20 20:26:50.707  1483  2385 D ConnectivityService: notifyType CALLBACK_CAP_CHANGED for [475 WIFI]
10-20 20:26:50.707  1483  2437 I SemWifiLinkQualityMonitor: Link Qos query: inf. ms / 0 Mbps
10-20 20:26:50.708  1483  2414 D SemWifiSwitchForIndividualAppsService: stopTCPMonitoring : already stopped
10-20 20:26:50.709  1483  2414 I WifiConnectivityMonitor.NCC: sNetworkCallback(oCC) FULL : 475(true/false)[ Transports: WIFI Capabilities: NOT_METERED&INTERNET&NOT_RESTRICTED&TRUSTED&NOT_VPN&VALIDATED&NOT_ROAMING&FOREGROUND&NOT_CONGESTED&NOT_SUSPENDED&NOT_VCN_MANAGED LinkUpBandwidth>=12000Kbps LinkDnBandwidth>=30000Kbps TransportInfo: <SSID: <unknown ssid>, BSSID: 02:00:00:**:**:00, MAC: 02:00:00:**:**:00, IP: /10.0.0.112, Security type: 2, Supplicant state: COMPLETED, Wi-Fi standard: 4, RSSI: -62, Link speed: 39Mbps, Tx Link speed: 39Mbps, Max Supported Tx Link speed: 72Mbps, Rx Link speed: 65Mbps, Max Supported Rx Link speed: 72Mbps, Frequency: 2437MHz, Net ID: -1, Metered hint: false, score: 60, isUsable: true, CarrierMerged: false, SubscriptionId: -1, IsPrimary: 1, Trusted: true, Restricted: false, Ephemeral: false, OEM paid: false, OEM private: false, OSU AP: false, FQDN: <none>, Provider friendly name: <none>, Requesting package name: <none><none>MLO Information: , AP MLD Address: <none>, AP MLO Link Id: <none>, AP MLO Affiliated links: <none>> SignalStrength: -62 AdminUids: [10102] SSID: "Netonda_Braga" UnderlyingNetworks: Null]
10-20 20:26:50.710  1483  2453 I WifiConnectivityMonitor: current mode : 3
10-20 20:26:50.710  1483  2453 D OpenNetworkQos[4.00]: updateBssidNoInternet: mBssidNoInternet = false
10-20 20:26:50.711  1483  2453 D OpenNetworkQos[4.00]: getOpenNetworkQosNoInternetStatus: false[Private DNS is active. Result is ignored.]
10-20 20:26:50.711  1483  2453 D OpenNetworkQos[4.00]: getOpenNetworkQosScores: 26 23 26 [Private DNS is active. Result is ignored.]
10-20 20:26:50.711  1483  2453 D WifiConnectivityMonitor: VALIDATED_DETECTED
10-20 20:26:50.716  5125  6221 I HBD     : g onCapabilitiesChanged network : 475 current network state : wifi 
10-20 20:26:50.721  2521  2618 D NetworkController.WifiSignalController: notifyListener: visible=true, connected=true, inetCondition=1, isDefault=true, wifiTestReported=true, receivedInetCondition=-1, hideDuringMobileSwitching=false
10-20 20:26:50.725  8661 12004 I NullBinder: NullBinder for android.net.action.RECOMMEND_NETWORKS triggering remote TransactionTooLargeException due to Service without Chimera impl, calling uid: 1000, calling pid: 0
10-20 20:26:50.725  8661 12004 W .gms.persistent: Large reply transaction of 1056768 bytes, interface descriptor , code 1
10-20 20:26:50.726 10272 10526 D WM-NetworkStateTracker: Network capabilities changed: [ Transports: WIFI Capabilities: NOT_METERED&INTERNET&NOT_RESTRICTED&TRUSTED&NOT_VPN&VALIDATED&NOT_ROAMING&FOREGROUND&NOT_CONGESTED&NOT_SUSPENDED&NOT_VCN_MANAGED LinkUpBandwidth>=12000Kbps LinkDnBandwidth>=30000Kbps TransportInfo: <SSID: <unknown ssid>, BSSID: 02:00:00:00:00:00, MAC: 02:00:00:00:00:00, IP: /10.0.0.112, Security type: 2, Supplicant state: COMPLETED, Wi-Fi standard: 4, RSSI: -62, Link speed: 39Mbps, Tx Link speed: 39Mbps, Max Supported Tx Link speed: 72Mbps, Rx Link speed: 65Mbps, Max Supported Rx Link speed: 72Mbps, Frequency: 2437MHz, Net ID: -1, Metered hint: false, score: 60, isUsable: true, CarrierMerged: false, SubscriptionId: -1, IsPrimary: -1, Trusted: true, Restricted: false, Ephemeral: false, OEM paid: false, OEM private: false, OSU AP: false, FQDN: <none>, Provider friendly name: <none>, Requesting package name: <none><none>MLO Information: , AP MLD Address: <none>, AP MLO Link Id: <none>, AP MLO Affiliated links: <none>> SignalStrength: -62 UnderlyingNetworks: Null]
10-20 20:26:50.729 17895 18015 I BugleRcsEngine: handleMessage processing message:[NOTIFY_UPTIME_IGNORE_STATE_CHANGED] with [non-null]:RcsEngineImpl reference [CONTEXT log_prefix="RcsEngineImpl[DUAL_REG]:[478faa39-130a]>Handler" thread_id=6439 ]
10-20 20:26:50.732 17895 17974 I BugleRcsEngine: Connected state: [1], networkType: [WIFI] [CONTEXT thread_id=6430 ]
10-20 20:26:50.734 17895 18015 I BugleRcsEngine: Cannot use CS.apk as it's battery optimized [CONTEXT thread_id=6439 ]
10-20 20:26:50.735  2521  2618 D Tile.WifiTile: handleUpdateState isTransient=false transientEnabling =false cb.isTransient=false state.state = 2 mStateBeforeClick.value =false enabled =true
10-20 20:26:50.743  2521  2605 E IMGMapper: set:488 set: Unset optional value from type SMPTE2086
10-20 20:26:50.743  2521  2605 E IMGMapper: set:488 set: Unset optional value from type CTA861_3
10-20 20:26:50.761  1039  1039 I BufferQueueProducer: [StatusBar$_2521#94](this:0xb400007a3dae1838,id:-1,api:0,p:-1,c:1039) queueBuffer: fps=0.33 dur=2995.62 max=2995.62 min=2995.62
10-20 20:26:50.764   991  1074 I hwcomposer: [HWCDisplay] [Display_0 (type:1)] fps:24.343056,dur:1232.38,max:699.35,min:15.94  
10-20 20:26:50.808  3014  3326 I BadgeCountUpdaterImpl: reload badge without refresh
10-20 20:26:50.809  1483  4847 I ActivityManager: Changes in 10079 8 to 5, 0 to 8
10-20 20:26:50.817 24093 24125 I BadgeProvider: query, [selection] : null
10-20 20:26:50.819  5125  5125 I HBD     : g onCapabilityChanged  setNetworkState currentNetworkState : wifi 
10-20 20:26:50.819  5125  5125 I HBD     : h LogTag.TAG_LMDOWNLOAD network status is changed.
10-20 20:26:50.847  3014  3326 I BadgeCache: reloadBadge size : 0
10-20 20:26:50.879  8083  8083 I SCS@AiSearch user 0: (ObserverWorker::AOSP_MP) [main] entering in startWork():  
10-20 20:26:50.882  8083  8083 I SCS@AiSearch user 0: (BaseCollector::AOSP_MP) [main] entering in onChange():  
10-20 20:26:50.887  8083  8200 I SCS@AiSearch user 0: (BaseCollector::AOSP_MP) [AOSP_MP-0] entering in collectChanges():  
10-20 20:26:50.902  1483  2711 D PackageManager: setEnabledSetting : userId = 0 packageName = com.samsung.android.scs cmp = androidx.work.impl.background.systemalarm.RescheduleReceiver newState = 1 callingPackage = 10065/com.samsung.android.scs
10-20 20:26:50.903  1483  2711 D ApplicationPolicy: getApplicationStateEnabled : pkg = com.samsung.android.scs userId : 0
10-20 20:26:50.904  1483  2711 D ApplicationPolicy: getApplicationComponentState : pkg = com.samsung.android.scs userId : 0
10-20 20:26:50.929  1483  1803 I HqmInfo::HqmManagerService: MSG_TYPE:MSG_TYPE_PROCESS_LOG_BY_HQM
10-20 20:26:50.944 24250 24318 W adepro.promoter: Accessing hidden method Landroid/app/AppGlobals;->getInitialApplication()Landroid/app/Application; (unsupported, reflection, allowed)
10-20 20:26:51.041  2521  2618 D MobileStatusTracker(0/2): onSignalStrengthsChanged level=4, vendorLevel=3
10-20 20:26:51.042  2521  2618 D MobileSignalController(0/2): notifyListener: enabled=true, connected=true, dataConnected=true, networkType=LTE (4G), emergencyOnly=false, roaming=false, isDefault=false, dataActivity=, level=3, ca=false, mmWave=false, disabledDataIcon=false, simCard=ETC
10-20 20:26:51.042  2521  2618 D NetworkController: SignalStrength from intent slotId=0
10-20 20:26:51.060   543   543 D io_stats: !@ 179,0 r 464971080 5650820202 w 80599315 844877988 d 1258359 33785876 f 0 0 iot 231207664 0 th 0 0 0 pt 0 inp 0 1 2552208.363
10-20 20:26:51.085   992   992 I android.hardware.health@2.1-service-samsung: start ISehThermal::getService()
10-20 20:26:51.086   494   494 I hwservicemanager: getTransport: Cannot find entry vendor.samsung.hardware.thermal@1.0::ISehThermal/default in either framework or device VINTF manifest.
10-20 20:26:51.087   992   992 E android.hardware.health@2.1-service-samsung: ISehThermal::getService() fail
10-20 20:26:51.090  1483  1798 D BatteryService: Sending ACTION_BATTERY_CHANGED: level:84, status:2, health:2, ac:false, usb:true, wireless:false, pogo:false, misc:0x0, charge_type:1, charger_type:0, voltage:4094, temperature:353, online:1, current_avg:-208700, ps:false, hvc:false, capacity:280000, current_event:0x0, current_now:-109700, mcc:500000, mcv:5000000, cc:2474640, present:true, scale:100, technology:Li-ion
10-20 20:26:51.092  1483  1789 D MotionRecognitionService: [SAR]  onReceive : ACTION_BATTERY_CHANGED, Plugged: 2
10-20 20:26:51.092  1483  1483 D PhoneWindowManagerExt: ACTION_BATTERY_CHANGED - Level=84, status=2
10-20 20:26:51.092  1483  1483 D SemWifiApBroadcastReceiver: Received : android.intent.action.BATTERY_CHANGED
10-20 20:26:51.093  1483  2468 I DeviceBatteryInfoService: action: android.intent.action.BATTERY_CHANGED
10-20 20:26:51.093  1483  2468 I DeviceBatteryInfoService: phone battery level: 84
10-20 20:26:51.093  1483  2468 I DeviceBatteryInfoService: phone battery status: 2
10-20 20:26:51.095  2799  2799 D SemBigDataInfoController: Intent: android.intent.action.BATTERY_CHANGED
10-20 20:26:51.095  2799  2799 D SemBigDataInfoController: Intent: android.intent.action.BATTERY_CHANGED
10-20 20:26:51.095  2521  2521 I PowerUI : mBootCompleted = true |  mFullyConnected = true
10-20 20:26:51.095  2521  2521 I PowerUI : BATTERY_HEALTH_CHECK extraHealth=2 mBatteryMiscEvent=0
10-20 20:26:51.097  2521  2521 W PowerUI : Plug reason
10-20 20:26:51.097  2521  2521 W PowerUI : Skip charging animation - by plug status
10-20 20:26:51.097  2521  2521 D PowerUI : priorPlugType = 2 mPlugType = 2 priorBatteryStatus = 2 mBatteryStatus = 2
10-20 20:26:51.097  2521  2521 W PowerUI : Plug reason
10-20 20:26:51.097  2521  2521 W PowerUI : Skip charging sound - by plug status
10-20 20:26:51.099  2521  3585 D SecPowerUI.Notification: dismissing low battery warning: level=84
10-20 20:26:51.100  2521  3585 D SecPowerUI.Notification: updateNotification mWarning=false mPlaySound=false
10-20 20:26:51.100  2521  3585 D SecPowerUI.Notification: SecBatteryStatsSnapshot{batteryLevel=84, currentBatteryMode=0, chargingTime=0, chargingType=11, batteryHealth=2, automaticTestMode=false, isHiccupState=false}
10-20 20:26:51.102  2521  3585 D SecPowerUI.Notification: 1. restoreScreenTimeOut - saved_value : :
10-20 20:26:51.103  2521  3585 E SecPowerUI.Notification: no saved value, so we do nothing !!
10-20 20:26:51.103  2521  2521 I PowerUI : oldMisalign : false, curMisalign : false
10-20 20:26:51.103  2521  2521 D SecPowerUI.Notification: showChargingNotice oldChargingType : 11 / currentChargingType : 11, oldChargingTime : 0 / mChargingTime : 0
10-20 20:26:51.104  2521  2521 D SecPowerUI.Notification: There is no change about charging status, so return!
10-20 20:26:51.104  2521  2521 D PowerUI : Battery swelling mode - priorBatterySwellingMode = 0 mBatterySwellingMode = 0 mBatteryStatus = 2
10-20 20:26:51.104  2521  2521 I PowerUI : mBatteryMiscEvent = 0
10-20 20:26:51.105  2521  2521 I AODBatteryManager: updateBatteryData: ACTION_BATTERY_CHANGED
10-20 20:26:51.108  2521  2521 I AODBatteryManager: saveBatteryData : AOD BatteryData [mBatteryLevel=84, mBatteryStatus=CHARGING, mBatteryPlugType=USB, mBatteryPlugged=true, mRemainingChargeTime=12963040, mBatteryChargingType=1, mBatteryChargerType=NORMAL, mBatteryOnline=NONE, mBatterySwellingMode=NONE, mBatteryProtectMode=false]
10-20 20:26:51.112  2521  2521 D SamsungBatteryMeterDrawable: onBatteryLevelChanged isSomethingChanged: false
10-20 20:26:51.114  2521  2521 D SamsungBatteryMeterDrawable: onBatteryLevelChanged isSomethingChanged: false
10-20 20:26:51.115  2521  2521 D SamsungBatteryMeterDrawable: onBatteryLevelChanged isSomethingChanged: false
10-20 20:26:51.115  2521  2521 D SamsungBatteryMeterDrawable: onBatteryLevelChanged isSomethingChanged: false
10-20 20:26:51.116  2521  2521 D KeyguardUpdateMonitor: received broadcast android.intent.action.BATTERY_CHANGED
10-20 20:26:51.116  2521  2521 D KeyguardUpdateMonitor: handleBatteryUpdate
10-20 20:26:51.216  1483  2457 D WifiConnectivityMonitor.NetworkStatsAnalyzer: Backhaul result - RSSI:-62, CE:27, PE:25, TI:28, PTI:26, TW:20, PTW:24, Tx:4846, Rx:2794, TxS:4830, RxS:2781, RESULT:true, IC:0, ICT:5, WC:0, WCT:5, R:0, RC:0, IE:0, EC:0
10-20 20:26:51.229  8661 10560 I NearbySharing: Network state changed: NetworkState(isRestricted=false, isOnline=true, isCongested=false, isMetered=false, isWifiConnected=true)
10-20 20:26:51.301 24250 24315 D ConnectivityManager: StackLog: [android.net.ConnectivityManager.sendRequestForNetwork(ConnectivityManager.java:4402)] [android.net.ConnectivityManager.sendRequestForNetwork(ConnectivityManager.java:4444)] [android.net.ConnectivityManager.registerNetworkCallback(ConnectivityManager.java:4826)] [android.net.ConnectivityManager.registerNetworkCallback(ConnectivityManager.java:4796)] [com.transistorsoft.locationmanager.http.HttpService.startMonitoringConnectivityChanges(SourceFile:22)] [com.transistorsoft.locationmanager.http.HttpService.<init>(SourceFile:37)] [com.transistorsoft.locationmanager.http.HttpService.a(SourceFile:9)] [com.transistorsoft.locationmanager.http.HttpService.getInstance(SourceFile:2)] [com.transistorsoft.locationmanager.adapter.BackgroundGeolocation.d(SourceFile:3)] [com.transistorsoft.locationmanager.adapter.BackgroundGeolocation.b(SourceFile:4)] [com.transistorsoft.locationmanager.adapter.BackgroundGeolocation.getInstance(SourceFile:3)] [com.transistorsoft.locationmanager.scheduler.ScheduleEvent.a(SourceFile:33)] [com.transistorsoft.locationmanager.scheduler.ScheduleAlarmReceiver.a(SourceFile:2)] [com.transistorsoft.locationmanager.scheduler.ScheduleAlarmReceiver.$r8$lambda$_33XW1EgB6UNBASopzOGQaHgSsM(Unknown Source:0)] [com.transistorsoft.locationmanager.scheduler.ScheduleAlarmReceiver$$ExternalSyntheticLambda1.run(D8$$SyntheticClass:0)] [java.util.concurrent.ThreadPoolExecutor.runWorker(ThreadPoolExecutor.java:1145)] [java.util.concurrent.ThreadPoolExecutor$Worker.run(ThreadPoolExecutor.java:644)] [java.lang.Thread.run(Thread.java:1012)]
10-20 20:26:51.305  1483  4847 D CompatibilityChangeReporter: Compat change id reported: 319212206; UID 11011; state: ENABLED
10-20 20:26:51.312  1483  2385 D ConnectivityService: Rematched networks [computed 1ms] [applied 2ms] [issued 4]
10-20 20:26:51.312  1483  2385 D ConnectivityService: NetworkReassignment : no changes
10-20 20:26:51.333 24250 24325 W Settings: Setting airplane_mode_on has moved from android.provider.Settings.System to android.provider.Settings.Global, returning read-only value.
10-20 20:26:51.365 24250 24325 W Settings: Setting airplane_mode_on has moved from android.provider.Settings.System to android.provider.Settings.Global, returning read-only value.
10-20 20:26:51.365 24250 24315 W Settings: Setting airplane_mode_on has moved from android.provider.Settings.System to android.provider.Settings.Global, returning read-only value.
10-20 20:26:51.379  1483  4847 D CompatibilityChangeReporter: Compat change id reported: 161145287; UID 11011; state: DISABLED
10-20 20:26:51.381 24250 24315 W Settings: Setting airplane_mode_on has moved from android.provider.Settings.System to android.provider.Settings.Global, returning read-only value.
10-20 20:26:51.402  1205  1205 I thermal_repeater: socket -1
10-20 20:26:51.508  1483  4847 D InputDispatcher: Inject motion (24330/2000): action=0x0, time=2552208810000000, f=0x0, d=0 dsdx=1.000000 dtdx=0.000000
10-20 20:26:51.508  1483  1796 I InputDispatcher: Delivering touch to (2521): action: 0x4, f=0x0, d=0, 'a9cce9e', t=1 
10-20 20:26:51.508  1483  1796 I InputDispatcher: Delivering touch to (23980): action: 0x0, f=0x0, d=0, '5356d5d', t=1 
10-20 20:26:51.509  1483  1796 D PowerManagerService: [api] userActivityFromNative :  (event: 2 flags: 0 displayId: 0) eventTime = 2552208810
10-20 20:26:51.509 23980 23980 I ViewRootImpl@8188eb8[MainActivity]: ViewPostIme pointer 0
10-20 20:26:51.510  1483  1528 I GestureDetector: obtain mCurrentDownEvent. id: -999373479 caller: com.android.server.wm.SystemGesturesPointerEventListener.onPointerEvent:203 com.android.server.wm.PointerEventDispatcher.onInputEvent:53 android.view.InputEventReceiver.dispatchInputEvent:285 
10-20 20:26:51.510  1483  1528 I GestureDetector: obtain mCurrentDownEvent. id: -999373479 caller: com.android.server.wm.SystemPerformancePointerEventListener.onPointerEvent:89 com.android.server.wm.PointerEventDispatcher.onInputEvent:53 android.view.InputEventReceiver.dispatchInputEvent:285 
10-20 20:26:51.510  1483  1796 D PowerManagerService: UserActivityStateListenerState: 1
10-20 20:26:51.517  1483  4847 D InputDispatcher: Inject motion (24330/2000): action=0x1, time=2552208810000000, f=0x0, d=0 dsdx=1.000000 dtdx=0.000000
10-20 20:26:51.521  1483  1796 I InputDispatcher: Delivering touch to (23980): action: 0x1, f=0x0, d=0, '5356d5d', t=1 
10-20 20:26:51.521 23980 23980 I ViewRootImpl@8188eb8[MainActivity]: ViewPostIme pointer 1
10-20 20:26:51.522  1483  1528 I GestureDetector: obtain mCurrentMotionEventRaw. action: 1 id: -860326649
10-20 20:26:51.522  1483  1528 I GestureDetector: obtain mCurrentMotionEventRaw. action: 1 id: -860326649
10-20 20:26:51.533  1483  5804 D CompatibilityChangeReporter: Compat change id reported: 171306433; UID 11011; state: ENABLED
10-20 20:26:51.534  1483  5804 D CompatibilityChangeReporter: Compat change id reported: 226439802; UID 11011; state: DISABLED
10-20 20:26:51.536  1483  5804 D CompatibilityChangeReporter: Compat change id reported: 218533173; UID 11011; state: ENABLED
10-20 20:26:51.540 23980 24003 E IMGMapper: set:488 set: Unset optional value from type SMPTE2086
10-20 20:26:51.540 23980 24003 E IMGMapper: set:488 set: Unset optional value from type CTA861_3
10-20 20:26:51.544  1039  1039 I BufferQueueProducer: [com.cinemamovel/com.cinemamovel.MainActivity$_23980#505967](this:0xb400007a1ea3f838,id:-1,api:0,p:-1,c:1039) queueBuffer: fps=14.90 dur=2014.03 max=1481.35 min=16.32
10-20 20:26:51.551 24250 24250 D jni_lib_merge: Entering merged library JNI_OnLoad.
10-20 20:26:51.551 24250 24250 D jni_lib_merge: Preparing 4 pre-merged libs (including stub)
10-20 20:26:51.551 24250 24250 D jni_lib_merge: Preparing to register libhermes_executor_so.  onload_func: 0x78c6ab17e0
10-20 20:26:51.551 24250 24250 D jni_lib_merge: Preparing to register libhermesinstancejni_so.  onload_func: 0x78c6ae726c
10-20 20:26:51.551 24250 24250 D jni_lib_merge: Preparing to register libjsijniprofiler_so.  onload_func: 0x78c6ae92bc
10-20 20:26:51.551 24250 24250 D jni_lib_merge: About to register 3 actual methods.
10-20 20:26:51.571 23980 24003 E IMGMapper: set:488 set: Unset optional value from type SMPTE2086
10-20 20:26:51.571 23980 24003 E IMGMapper: set:488 set: Unset optional value from type CTA861_3
10-20 20:26:51.587 23980 24003 E IMGMapper: set:488 set: Unset optional value from type SMPTE2086
10-20 20:26:51.587 23980 24003 E IMGMapper: set:488 set: Unset optional value from type CTA861_3
10-20 20:26:51.608 23980 24003 E IMGMapper: set:488 set: Unset optional value from type SMPTE2086
10-20 20:26:51.608 23980 24003 E IMGMapper: set:488 set: Unset optional value from type CTA861_3
10-20 20:26:51.616 23980 23980 W [RNScreens]: backTitleVisible prop is not available on Android
10-20 20:26:51.616 23980 23980 W [RNScreens]: backTitleFontFamily prop is not available on Android
10-20 20:26:51.616 23980 23980 W [RNScreens]: disableBackButtonMenu prop is not available on Android
10-20 20:26:51.616 23980 23980 W [RNScreens]: largeTitleFontFamily prop is not available on Android
10-20 20:26:51.616 23980 23980 W [RNScreens]: largeTitleFontWeight prop is not available on Android
10-20 20:26:51.616 23980 23980 W [RNScreens]: largeTitleHideShadow prop is not available on Android
10-20 20:26:51.630 23980 24003 E IMGMapper: set:488 set: Unset optional value from type SMPTE2086
10-20 20:26:51.630 23980 24003 E IMGMapper: set:488 set: Unset optional value from type CTA861_3
10-20 20:26:51.633 23980 24010 I ReactNativeJS: ---METRICS_JSON_START---
10-20 20:26:51.634 23980 24010 I ReactNativeJS: {
10-20 20:26:51.634 23980 24010 I ReactNativeJS:   "dashboardRenders": 3,
10-20 20:26:51.634 23980 24010 I ReactNativeJS:   "cardRenders": {
10-20 20:26:51.634 23980 24010 I ReactNativeJS:     "13494": 2,
10-20 20:26:51.634 23980 24010 I ReactNativeJS:     "506763": 2,
10-20 20:26:51.634 23980 24010 I ReactNativeJS:     "575265": 2,
10-20 20:26:51.634 23980 24010 I ReactNativeJS:     "617126": 1,
10-20 20:26:51.634 23980 24010 I ReactNativeJS:     "755898": 2,
10-20 20:26:51.634 23980 24010 I ReactNativeJS:     "803796": 2,
10-20 20:26:51.634 23980 24010 I ReactNativeJS:     "911430": 1,
10-20 20:26:51.634 23980 24010 I ReactNativeJS:     "914215": 2,
10-20 20:26:51.634 23980 24010 I ReactNativeJS:     "987400": 2,
10-20 20:26:51.634 23980 24010 I ReactNativeJS:     "993234": 5,
10-20 20:26:51.634 23980 24010 I ReactNativeJS:     "1007734": 2,
10-20 20:26:51.634 23980 24010 I ReactNativeJS:     "1028248": 2,
10-20 20:26:51.634 23980 24010 I ReactNativeJS:     "1035259": 2,
10-20 20:26:51.634 23980 24010 I ReactNativeJS:     "1038392": 2,
10-20 20:26:51.634 23980 24010 I ReactNativeJS:     "1051486": 2,
10-20 20:26:51.634 23980 24010 I ReactNativeJS:     "1061474": 2,
10-20 20:26:51.634 23980 24010 I ReactNativeJS:     "1078605": 2,
10-20 20:26:51.634 23980 24010 I ReactNativeJS:     "1087192": 2,
10-20 20:26:51.634 23980 24010 I ReactNativeJS:     "1234821": 2,
10-20 20:26:51.634 23980 24010 I ReactNativeJS:     "1242011": 1,
10-20 20:26:51.634 23980 24010 I ReactNativeJS:     "1246049": 5,
10-20 20:26:51.634 23980 24010 I ReactNativeJS:     "1265344": 6,
10-20 20:26:51.634 23980 24010 I ReactNativeJS:     "1311031": 2,
10-20 20:26:51.634 23980 24010 I ReactNativeJS:     "1355666": 5,
10-20 20:26:51.634 23980 24010 I ReactNativeJS:     "1369679": 2
10-20 20:26:51.634 23980 24010 I ReactNativeJS:   },
10-20 20:26:51.634 23980 24010 I ReactNativeJS:   "navigationEvents": [
10-20 20:26:51.634 23980 24010 I ReactNativeJS:     {
10-20 20:26:51.634 23980 24010 I ReactNativeJS:       "action": "focus_dashboard",
10-20 20:26:51.634 23980 24010 I ReactNativeJS:       "timestamp": 1761002796034
10-20 20:26:51.634 23980 24010 I ReactNativeJS:     },
10-20 20:26:51.634 23980 24010 I ReactNativeJS:     {
10-20 20:26:51.634 23980 24010 I ReactNativeJS:       "action": "navigate_to_1265344",
10-20 20:26:51.634 23980 24010 I ReactNativeJS:       "timestamp": 1761002807376
10-20 20:26:51.634 23980 24010 I ReactNativeJS:     },
10-20 20:26:51.634 23980 24010 I ReactNativeJS:     {
10-20 20:26:51.634 23980 24010 I ReactNativeJS:       "action": "leave_dashboard",
10-20 20:26:51.634 23980 24010 I ReactNativeJS:       "timestamp": 1761002807476
10-20 20:26:51.634 23980 24010 I ReactNativeJS:     },
10-20 20:26:51.634 23980 24010 I ReactNativeJS:     {
10-20 20:26:51.634 23980 24010 I ReactNativeJS:       "action": "focus_dashboard",
10-20 20:26:51.634 23980 24010 I ReactNativeJS:       "timestamp": 1761002809481
10-20 20:26:51.634 23980 24010 I ReactNativeJS:     },
10-20 20:26:51.634 23980 24010 I ReactNativeJS:     {
10-20 20:26:51.634 23980 24010 I ReactNativeJS:       "action": "navigate_to_1265344",
10-20 20:26:51.634 23980 24010 I ReactNativeJS:       "timestamp": 1761002811535
10-20 20:26:51.634 23980 24010 I ReactNativeJS:     },
10-20 20:26:51.634 23980 24010 I ReactNativeJS:     {
10-20 20:26:51.634 23980 24010 I ReactNativeJS:       "action": "leave_dashboard",
10-20 20:26:51.634 23980 24010 I ReactNativeJS:       "timestamp": 1761002811633
10-20 20:26:51.634 23980 24010 I ReactNativeJS:     }
10-20 20:26:51.634 23980 24010 I ReactNativeJS:   ]
10-20 20:26:51.634 23980 24010 I ReactNativeJS: }
10-20 20:26:51.634 23980 24010 I ReactNativeJS: ---METRICS_JSON_END---
10-20 20:26:51.638 23980 24003 E IMGMapper: set:488 set: Unset optional value from type SMPTE2086
10-20 20:26:51.638 23980 24003 E IMGMapper: set:488 set: Unset optional value from type CTA861_3
10-20 20:26:51.668 23980 24003 E IMGMapper: set:488 set: Unset optional value from type SMPTE2086
10-20 20:26:51.668 23980 24003 E IMGMapper: set:488 set: Unset optional value from type CTA861_3
10-20 20:26:51.708 23980 24003 E IMGMapper: set:488 set: Unset optional value from type SMPTE2086
10-20 20:26:51.708 23980 24003 E IMGMapper: set:488 set: Unset optional value from type CTA861_3
10-20 20:26:51.723 23980 24003 E IMGMapper: set:488 set: Unset optional value from type SMPTE2086
10-20 20:26:51.723 23980 24003 E IMGMapper: set:488 set: Unset optional value from type CTA861_3
10-20 20:26:51.736 23980 24003 E IMGMapper: set:488 set: Unset optional value from type SMPTE2086
10-20 20:26:51.736 23980 24003 E IMGMapper: set:488 set: Unset optional value from type CTA861_3
10-20 20:26:51.760 23980 23980 D ScrollView: initGoToTop
10-20 20:26:51.803 23980 24003 E IMGMapper: set:488 set: Unset optional value from type SMPTE2086
10-20 20:26:51.803 23980 24003 E IMGMapper: set:488 set: Unset optional value from type CTA861_3
10-20 20:26:51.810  1483  1528 I GestureDetector: handleMessage TAP
10-20 20:26:51.811  1483  1483 I GestureDetector: handleMessage TAP
10-20 20:26:51.811   991  1074 I hwcomposer: [HWCDisplay] [Display_0 (type:1)] fps:10.501658,dur:1047.45,max:782.73,min:15.12  
10-20 20:26:51.825 23980 24003 E IMGMapper: set:488 set: Unset optional value from type SMPTE2086
10-20 20:26:51.825 23980 24003 E IMGMapper: set:488 set: Unset optional value from type CTA861_3
10-20 20:26:51.842 23980 24003 E IMGMapper: set:488 set: Unset optional value from type SMPTE2086
10-20 20:26:51.842 23980 24003 E IMGMapper: set:488 set: Unset optional value from type CTA861_3
10-20 20:26:51.860 23980 24003 E IMGMapper: set:488 set: Unset optional value from type SMPTE2086
10-20 20:26:51.860 23980 24003 E IMGMapper: set:488 set: Unset optional value from type CTA861_3
10-20 20:26:51.872 23980 24003 E IMGMapper: set:488 set: Unset optional value from type SMPTE2086
10-20 20:26:51.872 23980 24003 E IMGMapper: set:488 set: Unset optional value from type CTA861_3
10-20 20:26:51.878  1199  1199 I Accelerometer: flush, flushCnt:1
10-20 20:26:51.884  1199  1229 I Accelerometer: flush complete, flushCnt:0
10-20 20:26:51.884 24250 24250 D SensorManager: registerListener :: 1, bma253, 66667, 0, 
10-20 20:26:51.884  1483  1755 I SensorService: [SO] SENSOR_TYPE_META_DATA: 1
10-20 20:26:51.884  1483  1755 I SensorService: [SO] Send Meta Event for AR
10-20 20:26:51.890 23980 24003 E IMGMapper: set:488 set: Unset optional value from type SMPTE2086
10-20 20:26:51.890 23980 24003 E IMGMapper: set:488 set: Unset optional value from type CTA861_3
10-20 20:26:51.910 24250 24338 W unknown:BridgelessReact: ReactHost{0}.getOrCreateStartTask(): Schedule
10-20 20:26:51.910 23980 24003 E IMGMapper: set:488 set: Unset optional value from type SMPTE2086
10-20 20:26:51.911 23980 24003 E IMGMapper: set:488 set: Unset optional value from type CTA861_3
10-20 20:26:51.916 24250 24338 W unknown:BridgelessReact: ReactHost{0}.getOrCreateReactInstanceTask()
10-20 20:26:51.917 24250 24338 W unknown:BridgelessReact: ReactHost{0}.getOrCreateReactInstanceTask(): Start
10-20 20:26:51.918 24250 24338 W unknown:BridgelessReact: ReactHost{0}.getJSBundleLoader()
10-20 20:26:51.918 24250 24338 W unknown:BridgelessReact: ReactHost{0}.isMetroRunning()
10-20 20:26:51.925 23980 24003 E IMGMapper: set:488 set: Unset optional value from type SMPTE2086
10-20 20:26:51.925 23980 24003 E IMGMapper: set:488 set: Unset optional value from type CTA861_3
10-20 20:26:51.946 23980 24003 E IMGMapper: set:488 set: Unset optional value from type SMPTE2086
10-20 20:26:51.946 23980 24003 E IMGMapper: set:488 set: Unset optional value from type CTA861_3
10-20 20:26:51.958 23980 24003 E IMGMapper: set:488 set: Unset optional value from type SMPTE2086
10-20 20:26:51.959 23980 24003 E IMGMapper: set:488 set: Unset optional value from type CTA861_3
10-20 20:26:51.976 23980 24003 E IMGMapper: set:488 set: Unset optional value from type SMPTE2086
10-20 20:26:51.976 23980 24003 E IMGMapper: set:488 set: Unset optional value from type CTA861_3
10-20 20:26:51.977  1483  5804 W AppOps  : Noting op not finished: uid 11011 pkg br.com.tradepro.promoter code 1 startTime of in progress event=1761002810597
10-20 20:26:51.987  1483  5804 W AppOps  : Noting op not finished: uid 11011 pkg br.com.tradepro.promoter code 1 startTime of in progress event=1761002810597
10-20 20:26:51.994 23980 24003 E IMGMapper: set:488 set: Unset optional value from type SMPTE2086
10-20 20:26:51.994 23980 24003 E IMGMapper: set:488 set: Unset optional value from type CTA861_3
10-20 20:26:52.011 23980 24003 E IMGMapper: set:488 set: Unset optional value from type SMPTE2086
10-20 20:26:52.012 23980 24003 E IMGMapper: set:488 set: Unset optional value from type CTA861_3
10-20 20:26:52.026 23980 24003 E IMGMapper: set:488 set: Unset optional value from type SMPTE2086
10-20 20:26:52.026 23980 24003 E IMGMapper: set:488 set: Unset optional value from type CTA861_3
10-20 20:26:52.044 23980 24003 E IMGMapper: set:488 set: Unset optional value from type SMPTE2086
10-20 20:26:52.044 23980 24003 E IMGMapper: set:488 set: Unset optional value from type CTA861_3
10-20 20:26:52.049  1483  2471 D NetdEventListenerService: DNS Requested by : 475, 11011
10-20 20:26:52.052  1483  2471 D NetdEventListenerService: DNS Requested by : 475, 11011
10-20 20:26:52.062 23980 24003 E IMGMapper: set:488 set: Unset optional value from type SMPTE2086
10-20 20:26:52.063 23980 24003 E IMGMapper: set:488 set: Unset optional value from type CTA861_3
10-20 20:26:52.071 24250 24342 D TrafficStats: tagSocket(96) with statsTag=0xffffffff, statsUid=-1
10-20 20:26:52.071 24250 24341 D TrafficStats: tagSocket(100) with statsTag=0xffffffff, statsUid=-1
10-20 20:26:52.078 23980 24003 E IMGMapper: set:488 set: Unset optional value from type SMPTE2086
10-20 20:26:52.078 23980 24003 E IMGMapper: set:488 set: Unset optional value from type CTA861_3
10-20 20:26:52.093 23980 24003 E IMGMapper: set:488 set: Unset optional value from type SMPTE2086
10-20 20:26:52.093 23980 24003 E IMGMapper: set:488 set: Unset optional value from type CTA861_3
10-20 20:26:52.112 23980 24003 E IMGMapper: set:488 set: Unset optional value from type SMPTE2086
10-20 20:26:52.113 23980 24003 E IMGMapper: set:488 set: Unset optional value from type CTA861_3
10-20 20:26:52.116 24250 24341 W unknown:ReactNative: The packager does not seem to be running as we got an IOException requesting its status: unexpected end of stream on http://localhost:8081/...
10-20 20:26:52.116 24250 24341 W unknown:BridgelessReact: ReactHost{0}.isMetroRunning(): Async result = false
10-20 20:26:52.119 24250 24338 W unknown:BridgelessReact: ReactHost{0}.getOrCreateReactContext(): Creating BridgelessReactContext
10-20 20:26:52.129 23980 24003 E IMGMapper: set:488 set: Unset optional value from type SMPTE2086
10-20 20:26:52.129 23980 24003 E IMGMapper: set:488 set: Unset optional value from type CTA861_3
10-20 20:26:52.131 24250 24342 W unknown:ReconnectingWebSocket: Couldn't connect to "ws://localhost:8081/message?device=SM-A037M%20-%2013%20-%20API%2033&app=br.com.tradepro.promoter&clientid=BridgelessDevSupportManager", will silently retry
10-20 20:26:52.135 24250 24338 W unknown:BridgelessReact: ReactHost{0}.getOrCreateReactInstanceTask(): Creating ReactInstance
10-20 20:26:52.151 23980 24003 E IMGMapper: set:488 set: Unset optional value from type SMPTE2086
10-20 20:26:52.151 23980 24003 E IMGMapper: set:488 set: Unset optional value from type CTA861_3
10-20 20:26:52.169 23980 24003 E IMGMapper: set:488 set: Unset optional value from type SMPTE2086
10-20 20:26:52.169 23980 24003 E IMGMapper: set:488 set: Unset optional value from type CTA861_3
10-20 20:26:52.188 23980 24003 E IMGMapper: set:488 set: Unset optional value from type SMPTE2086
10-20 20:26:52.188 23980 24003 E IMGMapper: set:488 set: Unset optional value from type CTA861_3
10-20 20:26:52.200 23980 24003 E IMGMapper: set:488 set: Unset optional value from type SMPTE2086
10-20 20:26:52.200 23980 24003 E IMGMapper: set:488 set: Unset optional value from type CTA861_3
10-20 20:26:52.229  1483  2711 I GenerationRegistry: mBackingStore.isClosed() : false
10-20 20:26:52.240  8661 12235 I FusedLocation: (REDACTED) stationary throttling engaged @%s
10-20 20:26:52.249  1483  2711 D CompatibilityChangeReporter: Compat change id reported: 171306433; UID 10188; state: ENABLED
10-20 20:26:52.250  1483  2711 D CompatibilityChangeReporter: Compat change id reported: 218533173; UID 10188; state: ENABLED
10-20 20:26:52.273  8661 12235 I FusedLocation: (REDACTED) stationary throttling engaged @%s
10-20 20:26:52.280 24250 24355 D TrafficStats: tagSocket(105) with statsTag=0xffffffff, statsUid=-1
10-20 20:26:52.325  2521  2618 D MobileStatusTracker(0/2): onSignalStrengthsChanged level=4, vendorLevel=3
10-20 20:26:52.329  2521  2618 D MobileSignalController(0/2): notifyListener: enabled=true, connected=true, dataConnected=true, networkType=LTE (4G), emergencyOnly=false, roaming=false, isDefault=false, dataActivity=, level=3, ca=false, mmWave=false, disabledDataIcon=false, simCard=ETC
10-20 20:26:52.330  2521  2618 D NetworkController: SignalStrength from intent slotId=0
10-20 20:26:52.379 24250 24338 D TSBackgroundFetch: [RNBackgroundFetch initialize]
10-20 20:26:52.384 24250 24250 D TSBackgroundFetch:   onCreate
10-20 20:26:52.408  1483  5804 D CompatibilityChangeReporter: Compat change id reported: 161252188; UID 10187; state: DISABLED
10-20 20:26:52.470 24250 24338 I RNFusedLocation: RNFusedLocation initialized
10-20 20:26:52.471 24250 24250 D TSBackgroundFetch:   HeadlessMode? true
10-20 20:26:52.497  1199  1199 I Accelerometer: flush, flushCnt:1
10-20 20:26:52.499 24250 24357 D InstallReferrerState: OK
10-20 20:26:52.502 24250 24338 D SensorManager: registerListener :: 1, bma253, 66667, 0, 
10-20 20:26:52.502  1199  1229 I Accelerometer: flush complete, flushCnt:0
10-20 20:26:52.504  1483  1755 I SensorService: [SO] SENSOR_TYPE_META_DATA: 1
10-20 20:26:52.504  1483  1755 I SensorService: [SO] Send Meta Event for AR
10-20 20:26:52.554 24250 24338 I CameraManagerGlobal: Connecting to camera service
10-20 20:26:52.561 24250 24338 D VendorTagDescriptor: addVendorDescriptor: vendor tag id 11706189966126095484 added
10-20 20:26:52.562  1137  8412 D CameraService: addListenerHelper: Add listener 0xb40000788c58b780
10-20 20:26:52.563  1137  8412 D CameraService: addListenerHelper: CameraDeviceState for CameraManager
10-20 20:26:52.570 24250 24265 I CameraManagerGlobal: Camera 0 facing CAMERA_FACING_BACK state now CAMERA_STATE_CLOSED for client com.whatsapp API Level 2User Id 0
10-20 20:26:52.571 24250 24362 I CameraDevices: Initializing ProcessCameraProvider...
