--------- beginning of main
11-05 23:24:19.405  1187  3218 D InputDispatcher: Inject motion (17768/2000): action=0x0, time=3402781046000000, f=0x0, d=0 dsdx=1.000000 dtdx=0.000000
11-05 23:24:19.406  1187  1534 I InputDispatcher: Delivering touch to (1737): action: 0x4, f=0x0, d=0, 'd92b8ad', t=1 
11-05 23:24:19.406  1187  1534 I InputDispatcher: Delivering touch to (17626): action: 0x0, f=0x0, d=0, 'ac43cb0', t=1 
--------- beginning of system
11-05 23:24:19.407  1187  1534 D PowerManagerService: [api] userActivityFromNative :  (event: 2 flags: 0 displayId: 0) eventTime = 3402781046
11-05 23:24:19.408  1187  1303 I GestureDetector: obtain mCurrentDownEvent. id: -515464506 caller: com.android.server.wm.SystemGesturesPointerEventListener.onPointerEvent:203 com.android.server.wm.PointerEventDispatcher.onInputEvent:53 android.view.InputEventReceiver.dispatchInputEvent:285 
11-05 23:24:19.408 17626 17626 I ViewRootImpl@706bef1[MainActivity]: ViewPostIme pointer 0
11-05 23:24:19.409  1187  1303 I GestureDetector: obtain mCurrentDownEvent. id: -515464506 caller: com.android.server.wm.SystemPerformancePointerEventListener.onPointerEvent:89 com.android.server.wm.PointerEventDispatcher.onInputEvent:53 android.view.InputEventReceiver.dispatchInputEvent:285 
11-05 23:24:19.413  1187  1534 D PowerManagerService: UserActivityStateListenerState: 1
11-05 23:24:19.432  1187  1303 I GestureDetector: obtain mCurrentMotionEventRaw. action: 2 id: -836185747
11-05 23:24:19.433  1187  1303 I GestureDetector: obtain mCurrentMotionEventRaw. action: 2 id: -836185747
11-05 23:24:19.497 17626 17646 E IMGMapper: set:488 set: Unset optional value from type SMPTE2086
11-05 23:24:19.497 17626 17646 E IMGMapper: set:488 set: Unset optional value from type CTA861_3
11-05 23:24:19.508  1039  1039 I BufferQueueProducer: [com.cinemamovel/com.cinemamovel.MainActivity$_17626#687233](this:0xb400007a1f5fb838,id:-1,api:0,p:-1,c:1039) queueBuffer: fps=0.52 dur=5742.73 max=5459.64 min=33.18
11-05 23:24:19.510   991   991 I hwcomposer: [HWCDisplay] [Display_0 (type:1)] fps:0.522354,dur:5743.23,max:5460.54,min:32.52  
11-05 23:24:19.519 17626 17646 E IMGMapper: set:488 set: Unset optional value from type SMPTE2086
11-05 23:24:19.519 17626 17646 E IMGMapper: set:488 set: Unset optional value from type CTA861_3
11-05 23:24:19.532 17626 17646 E IMGMapper: set:488 set: Unset optional value from type SMPTE2086
11-05 23:24:19.532 17626 17646 E IMGMapper: set:488 set: Unset optional value from type CTA861_3
11-05 23:24:19.544 17626 17646 E IMGMapper: set:488 set: Unset optional value from type SMPTE2086
11-05 23:24:19.544 17626 17646 E IMGMapper: set:488 set: Unset optional value from type CTA861_3
11-05 23:24:19.557 17626 17646 E IMGMapper: set:488 set: Unset optional value from type SMPTE2086
11-05 23:24:19.558 17626 17646 E IMGMapper: set:488 set: Unset optional value from type CTA861_3
11-05 23:24:19.567  1693  1693 I WifiHAL : Get link layer stats
11-05 23:24:19.567  1693  1693 I WifiHAL : GetLinkStatsCommand::create
11-05 23:24:19.567  1693  1693 D android.hardware.wifi@1.0-service-lazy: WifiRequest::create vendor command to iface 38, vendor_id=0x1a11, subcmd=0x1200, res=0
11-05 23:24:19.567  1693  1693 I android.hardware.wifi@1.0-service-lazy: WifiCommand::requestResponse err=-95
11-05 23:24:19.567  1693  1693 I WifiHAL : wifi_get_link_stats: result=-3
11-05 23:24:19.568  1187  1566 E WifiVendorHal: getWifiLinkLayerStats_1_5_Internal(l.1179) failed {.code = ERROR_NOT_SUPPORTED, .description = }
11-05 23:24:19.572  1187 22074 D SemWifiUsabilityStatsMonitor: onWifiUsabilityStats - seqNum 107329, isSameBssidAndFreq true
11-05 23:24:19.573  1187  1645 I SemWifiLinkQualityMonitor: Link Qos query: inf. ms / 0 Mbps
11-05 23:24:19.579 17626 17646 E IMGMapper: set:488 set: Unset optional value from type SMPTE2086
11-05 23:24:19.579 17626 17646 E IMGMapper: set:488 set: Unset optional value from type CTA861_3
11-05 23:24:19.589 17626 17646 E IMGMapper: set:488 set: Unset optional value from type SMPTE2086
11-05 23:24:19.589 17626 17646 E IMGMapper: set:488 set: Unset optional value from type CTA861_3
11-05 23:24:19.604 17626 17646 E IMGMapper: set:488 set: Unset optional value from type SMPTE2086
11-05 23:24:19.604 17626 17646 E IMGMapper: set:488 set: Unset optional value from type CTA861_3
11-05 23:24:19.620 17626 17732 D skia    : SkJpegCodec::onGetPixels +
11-05 23:24:19.623 17626 17646 E IMGMapper: set:488 set: Unset optional value from type SMPTE2086
11-05 23:24:19.624 17626 17646 E IMGMapper: set:488 set: Unset optional value from type CTA861_3
11-05 23:24:19.638 17626 17646 E IMGMapper: set:488 set: Unset optional value from type SMPTE2086
11-05 23:24:19.638 17626 17646 E IMGMapper: set:488 set: Unset optional value from type CTA861_3
11-05 23:24:19.642 17626 17732 D skia    : SkJpegCodec::onGetPixels -
11-05 23:24:19.653 17626 17646 E IMGMapper: set:488 set: Unset optional value from type SMPTE2086
11-05 23:24:19.654 17626 17646 E IMGMapper: set:488 set: Unset optional value from type CTA861_3
11-05 23:24:19.685 17626 17646 E IMGMapper: set:488 set: Unset optional value from type SMPTE2086
11-05 23:24:19.685 17626 17646 E IMGMapper: set:488 set: Unset optional value from type CTA861_3
11-05 23:24:19.693 17626 17646 E IMGMapper: set:488 set: Unset optional value from type SMPTE2086
11-05 23:24:19.693 17626 17646 E IMGMapper: set:488 set: Unset optional value from type CTA861_3
11-05 23:24:19.735  1187  3218 D InputDispatcher: Inject motion (17768/2000): action=0x1, time=3402781376000000, f=0x0, d=0 dsdx=1.000000 dtdx=0.000000
11-05 23:24:19.735  1187  1534 I InputDispatcher: Delivering touch to (17626): action: 0x1, f=0x0, d=0, 'ac43cb0', t=1 
11-05 23:24:19.736 17626 17646 E IMGMapper: set:488 set: Unset optional value from type SMPTE2086
11-05 23:24:19.736 17626 17646 E IMGMapper: set:488 set: Unset optional value from type CTA861_3
11-05 23:24:19.737  1187  1187 I SemDvfsHyPerManager: acquire hyper - SMOOTH_SCROLL/1187@17, type = -999
11-05 23:24:19.740 17626 17626 I ViewRootImpl@706bef1[MainActivity]: ViewPostIme pointer 1
11-05 23:24:19.741   896   910 I HYPER-HAL: [RequestManager.cpp]acquire(): Acquired ID : 725427  [1187 / 17]    HINT : SMOOTH_SCROLL    list : 
11-05 23:24:19.742   896   910 I mtkpower_client: perf_lock_acq, hdl:0, dur:0, num:2, tid:910
11-05 23:24:19.743   896   910 I mtkpower_client: ret_hdl:1047452
11-05 23:24:19.743   896   910 I mtkpower_client: perf_lock_acq, hdl:0, dur:0, num:2, tid:910
11-05 23:24:19.744  1014  1065 I libPowerHal: [perfLockAcq] idx:0 hdl:1047452 hint:-1 pid:896 duration:0 lock_user:vendor.samsung. => ret_hdl:1047452
11-05 23:24:19.745  1014  1065 I libPowerHal: vendor.samsung.: cpu_ctrl set cpu freq: -1 -1 1138000 -1
11-05 23:24:19.746   896   910 I mtkpower_client: ret_hdl:1047453
11-05 23:24:19.746   896   910 I mtkpower_client: perf_lock_rel, hdl:1047452, tid:910
11-05 23:24:19.747 17626 17646 E IMGMapper: set:488 set: Unset optional value from type SMPTE2086
11-05 23:24:19.747 17626 17646 E IMGMapper: set:488 set: Unset optional value from type CTA861_3
11-05 23:24:19.747   896   910 I mtkpower_client: perf_lock_rel, hdl:1047453, tid:910
11-05 23:24:19.748  1014  1065 I libPowerHal: [perfLockAcq] idx:1 hdl:1047453 hint:-1 pid:896 duration:0 lock_user:vendor.samsung. => ret_hdl:1047453
11-05 23:24:19.748  1014  1065 I libPowerHal: vendor.samsung.: cpu_ctrl set cpu freq: 1218000 -1 1138000 -1
11-05 23:24:19.750  1014  1065 I libPowerHal: [perfLockRel] hdl:1047452, idx:0
11-05 23:24:19.750  1014  1065 I libPowerHal: vendor.samsung.: cpu_ctrl set cpu freq: 1218000 -1 -1 -1
11-05 23:24:19.752   896   910 I HYPER-HAL: [RequestManager.cpp]releaseLocked(): Released ID : 725427
11-05 23:24:19.752  1014  1065 I libPowerHal: [perfLockRel] hdl:1047453, idx:1
11-05 23:24:19.752  1187  1187 D SGM:GameManager: identifyGamePackage. com.cinemamovel, mCurrentUserId: 0, callerUserId: 0, callingMethodInfo: com.android.server.ssrm.fgapps.GameAppUtils.isGame(GameAppUtils.java:84)
11-05 23:24:19.753  1014  1065 I libPowerHal: vendor.samsung.: cpu_ctrl set cpu freq: -1 -1 -1 -1
11-05 23:24:19.753  1187  1187 D SGM:PkgDataHelper: getGamePkgData(). com.cinemamovel
11-05 23:24:19.753  1187  1187 I SemDvfsHyPerManager: acquire hyper - GESTURE_DETECTED/1187@18, type = -999
11-05 23:24:19.754   896   910 I HYPER-HAL: [RequestManager.cpp]acquire(): Acquired ID : 726633  [1187 / 18]    HINT : GESTURE_DETECTED    list : [TIMEOUT / 1702] 
11-05 23:24:19.754   896   910 I mtkpower_client: perf_lock_acq, hdl:0, dur:0, num:2, tid:910
11-05 23:24:19.755  1187  1187 D SGM:GameManager: identifyGamePackage. com.cinemamovel, mCurrentUserId: 0, callerUserId: 0, callingMethodInfo: com.android.server.ssrm.fgapps.GameAppUtils.isGame(GameAppUtils.java:84)
11-05 23:24:19.756   896   910 I mtkpower_client: ret_hdl:1047454
11-05 23:24:19.756   896   910 I mtkpower_client: perf_lock_acq, hdl:0, dur:0, num:2, tid:910
11-05 23:24:19.755  1187  1187 D SGM:PkgDataHelper: getGamePkgData(). com.cinemamovel
11-05 23:24:19.757  1187  1187 I SemDvfsHyPerManager: acquire hyper - GESTURE_DETECTED/1187@18, type = -999
11-05 23:24:19.757  1014  1065 I libPowerHal: [perfLockAcq] idx:0 hdl:1047454 hint:-1 pid:896 duration:0 lock_user:vendor.samsung. => ret_hdl:1047454
11-05 23:24:19.757  1014  1065 I libPowerHal: vendor.samsung.: cpu_ctrl set cpu freq: -1 -1 1138000 -1
11-05 23:24:19.758   896   910 I mtkpower_client: ret_hdl:1047455
11-05 23:24:19.758   896   910 I HYPER-HAL: [RequestManager.cpp]acquire(): Acquired ID : 726633  [1187 / 18]    HINT : GESTURE_DETECTED    list : [TIMEOUT / 1702] 
11-05 23:24:19.759  1014  1065 I libPowerHal: [perfLockAcq] idx:1 hdl:1047455 hint:-1 pid:896 duration:0 lock_user:vendor.samsung. => ret_hdl:1047455
11-05 23:24:19.759 17626 17646 E IMGMapper: set:488 set: Unset optional value from type SMPTE2086
11-05 23:24:19.759 17626 17646 E IMGMapper: set:488 set: Unset optional value from type CTA861_3
11-05 23:24:19.759  1014  1065 I libPowerHal: vendor.samsung.: cpu_ctrl set cpu freq: 1218000 -1 1138000 -1
11-05 23:24:19.765  1187  1187 I SemDvfsHyPerManager: acquire hyper - SMOOTH_SCROLL/1187@17, type = -999
11-05 23:24:19.765   896   910 I HYPER-HAL: [RequestManager.cpp]acquire(): Acquired ID : 725427  [1187 / 17]    HINT : SMOOTH_SCROLL    list : 
11-05 23:24:19.766   896   910 I mtkpower_client: perf_lock_rel, hdl:1047454, tid:910
11-05 23:24:19.766   896   910 I mtkpower_client: perf_lock_acq, hdl:0, dur:0, num:2, tid:910
11-05 23:24:19.766  1014  1065 I libPowerHal: [perfLockRel] hdl:1047454, idx:0
11-05 23:24:19.767  1014  1065 I libPowerHal: vendor.samsung.: cpu_ctrl set cpu freq: 1218000 -1 -1 -1
11-05 23:24:19.767   896   910 I mtkpower_client: ret_hdl:1047456
11-05 23:24:19.767   896   910 I mtkpower_client: perf_lock_rel, hdl:1047455, tid:910
11-05 23:24:19.768  1014  1065 I libPowerHal: [perfLockAcq] idx:2 hdl:1047456 hint:-1 pid:896 duration:0 lock_user:vendor.samsung. => ret_hdl:1047456
11-05 23:24:19.768  1014  1065 I libPowerHal: vendor.samsung.: cpu_ctrl set cpu freq: 1218000 -1 1138000 -1
11-05 23:24:19.768   896   910 I mtkpower_client: perf_lock_acq, hdl:0, dur:0, num:2, tid:910
11-05 23:24:19.769  1014  1065 I libPowerHal: [perfLockRel] hdl:1047455, idx:1
11-05 23:24:19.769  1014  1065 I libPowerHal: vendor.samsung.: cpu_ctrl set cpu freq: -1 -1 1138000 -1
11-05 23:24:19.771   896   910 I mtkpower_client: ret_hdl:1047457
11-05 23:24:19.771  1014  1065 I libPowerHal: [perfLockAcq] idx:0 hdl:1047457 hint:-1 pid:896 duration:0 lock_user:vendor.samsung. => ret_hdl:1047457
11-05 23:24:19.771  1014  1065 I libPowerHal: vendor.samsung.: cpu_ctrl set cpu freq: 1218000 -1 1138000 -1
11-05 23:24:19.775 17626 17646 E IMGMapper: set:488 set: Unset optional value from type SMPTE2086
11-05 23:24:19.775 17626 17646 E IMGMapper: set:488 set: Unset optional value from type CTA861_3
11-05 23:24:19.784 17626 17646 E IMGMapper: set:488 set: Unset optional value from type SMPTE2086
11-05 23:24:19.784 17626 17646 E IMGMapper: set:488 set: Unset optional value from type CTA861_3
11-05 23:24:19.808 17626 17646 E IMGMapper: set:488 set: Unset optional value from type SMPTE2086
11-05 23:24:19.809 17626 17646 E IMGMapper: set:488 set: Unset optional value from type CTA861_3
11-05 23:24:19.822  1187  1321 E Watchdog: !@Sync: 22977 heap: 115 / 119 FD: 876 [2025-11-05 23:24:19.821]
11-05 23:24:19.855 17626 17646 E IMGMapper: set:488 set: Unset optional value from type SMPTE2086
11-05 23:24:19.856 17626 17646 E IMGMapper: set:488 set: Unset optional value from type CTA861_3
11-05 23:24:19.875 17626 17646 E IMGMapper: set:488 set: Unset optional value from type SMPTE2086
11-05 23:24:19.875 17626 17646 E IMGMapper: set:488 set: Unset optional value from type CTA861_3
11-05 23:24:19.884 17626 17728 D skia    : SkJpegCodec::onGetPixels +
11-05 23:24:19.893 17626 17646 E IMGMapper: set:488 set: Unset optional value from type SMPTE2086
11-05 23:24:19.893 17626 17646 E IMGMapper: set:488 set: Unset optional value from type CTA861_3
11-05 23:24:19.901 17626 17732 D skia    : SkJpegCodec::onGetPixels +
11-05 23:24:19.911 17626 17728 D skia    : SkJpegCodec::onGetPixels -
11-05 23:24:19.915 17626 17646 E IMGMapper: set:488 set: Unset optional value from type SMPTE2086
11-05 23:24:19.916 17626 17646 E IMGMapper: set:488 set: Unset optional value from type CTA861_3
11-05 23:24:19.923 17626 17732 D skia    : SkJpegCodec::onGetPixels -
11-05 23:24:19.927 17626 17646 E IMGMapper: set:488 set: Unset optional value from type SMPTE2086
11-05 23:24:19.927 17626 17646 E IMGMapper: set:488 set: Unset optional value from type CTA861_3
11-05 23:24:19.939 17626 17646 E IMGMapper: set:488 set: Unset optional value from type SMPTE2086
11-05 23:24:19.939 17626 17646 E IMGMapper: set:488 set: Unset optional value from type CTA861_3
11-05 23:24:19.950  1187  1486 D SensorService: [SO] -0.675 1.629 9.855
11-05 23:24:19.953  1737  1942 D MobileStatusTracker(0/2): onSignalStrengthsChanged level=3, vendorLevel=3
11-05 23:24:19.958  1737  1942 D MobileSignalController(0/2): notifyListener: enabled=true, connected=true, dataConnected=true, networkType=LTE (4G), emergencyOnly=false, roaming=false, isDefault=false, dataActivity=, level=3, ca=false, mmWave=false, disabledDataIcon=false, simCard=ETC
11-05 23:24:19.959  1737  1942 D NetworkController: SignalStrength from intent slotId=0
11-05 23:24:19.960 17626 17646 E IMGMapper: set:488 set: Unset optional value from type SMPTE2086
11-05 23:24:19.960 17626 17646 E IMGMapper: set:488 set: Unset optional value from type CTA861_3
11-05 23:24:19.970 17626 17646 E IMGMapper: set:488 set: Unset optional value from type SMPTE2086
11-05 23:24:19.971 17626 17646 E IMGMapper: set:488 set: Unset optional value from type CTA861_3
11-05 23:24:19.986 17626 17646 E IMGMapper: set:488 set: Unset optional value from type SMPTE2086
11-05 23:24:19.986 17626 17646 E IMGMapper: set:488 set: Unset optional value from type CTA861_3
11-05 23:24:20.002 17626 17646 E IMGMapper: set:488 set: Unset optional value from type SMPTE2086
11-05 23:24:20.002 17626 17646 E IMGMapper: set:488 set: Unset optional value from type CTA861_3
11-05 23:24:20.005 17626 17731 D skia    : SkJpegCodec::onGetPixels +
11-05 23:24:20.019 17626 17646 E IMGMapper: set:488 set: Unset optional value from type SMPTE2086
11-05 23:24:20.019 17626 17646 E IMGMapper: set:488 set: Unset optional value from type CTA861_3
11-05 23:24:20.025 17626 17731 D skia    : SkJpegCodec::onGetPixels -
11-05 23:24:20.036 17626 17646 E IMGMapper: set:488 set: Unset optional value from type SMPTE2086
11-05 23:24:20.036 17626 17646 E IMGMapper: set:488 set: Unset optional value from type CTA861_3
11-05 23:24:20.066 17626 17646 E IMGMapper: set:488 set: Unset optional value from type SMPTE2086
11-05 23:24:20.066 17626 17646 E IMGMapper: set:488 set: Unset optional value from type CTA861_3
11-05 23:24:20.120 17626 17646 E IMGMapper: set:488 set: Unset optional value from type SMPTE2086
11-05 23:24:20.120 17626 17646 E IMGMapper: set:488 set: Unset optional value from type CTA861_3
11-05 23:24:20.128 17626 17727 D skia    : SkJpegCodec::onGetPixels +
11-05 23:24:20.134 17626 17646 E IMGMapper: set:488 set: Unset optional value from type SMPTE2086
11-05 23:24:20.135 17626 17646 E IMGMapper: set:488 set: Unset optional value from type CTA861_3
11-05 23:24:20.145 17626 17646 E IMGMapper: set:488 set: Unset optional value from type SMPTE2086
11-05 23:24:20.145 17626 17646 E IMGMapper: set:488 set: Unset optional value from type CTA861_3
11-05 23:24:20.152 17626 17727 D skia    : SkJpegCodec::onGetPixels -
11-05 23:24:20.152 17626 17728 D skia    : SkJpegCodec::onGetPixels +
11-05 23:24:20.157 17626 17646 E IMGMapper: set:488 set: Unset optional value from type SMPTE2086
11-05 23:24:20.158 17626 17646 E IMGMapper: set:488 set: Unset optional value from type CTA861_3
11-05 23:24:20.174 17626 17646 E IMGMapper: set:488 set: Unset optional value from type SMPTE2086
11-05 23:24:20.174 17626 17646 E IMGMapper: set:488 set: Unset optional value from type CTA861_3
11-05 23:24:20.176 17626 17728 D skia    : SkJpegCodec::onGetPixels -
11-05 23:24:20.192 17626 17646 E IMGMapper: set:488 set: Unset optional value from type SMPTE2086
11-05 23:24:20.192 17626 17646 E IMGMapper: set:488 set: Unset optional value from type CTA861_3
11-05 23:24:20.205 17626 17646 E IMGMapper: set:488 set: Unset optional value from type SMPTE2086
11-05 23:24:20.205 17626 17646 E IMGMapper: set:488 set: Unset optional value from type CTA861_3
11-05 23:24:20.224 17626 17646 E IMGMapper: set:488 set: Unset optional value from type SMPTE2086
11-05 23:24:20.224 17626 17646 E IMGMapper: set:488 set: Unset optional value from type CTA861_3
11-05 23:24:20.239 17626 17646 E IMGMapper: set:488 set: Unset optional value from type SMPTE2086
11-05 23:24:20.239 17626 17646 E IMGMapper: set:488 set: Unset optional value from type CTA861_3
11-05 23:24:20.252 17626 17646 E IMGMapper: set:488 set: Unset optional value from type SMPTE2086
11-05 23:24:20.252 17626 17646 E IMGMapper: set:488 set: Unset optional value from type CTA861_3
11-05 23:24:20.270 17626 17646 E IMGMapper: set:488 set: Unset optional value from type SMPTE2086
11-05 23:24:20.270 17626 17646 E IMGMapper: set:488 set: Unset optional value from type CTA861_3
11-05 23:24:20.285 17626 17646 E IMGMapper: set:488 set: Unset optional value from type SMPTE2086
11-05 23:24:20.285 17626 17646 E IMGMapper: set:488 set: Unset optional value from type CTA861_3
11-05 23:24:20.303 17626 17646 E IMGMapper: set:488 set: Unset optional value from type SMPTE2086
11-05 23:24:20.303 17626 17646 E IMGMapper: set:488 set: Unset optional value from type CTA861_3
11-05 23:24:20.319 17626 17646 E IMGMapper: set:488 set: Unset optional value from type SMPTE2086
11-05 23:24:20.319 17626 17646 E IMGMapper: set:488 set: Unset optional value from type CTA861_3
11-05 23:24:20.326 17626 17727 D skia    : SkJpegCodec::onGetPixels +
11-05 23:24:20.336 17626 17646 E IMGMapper: set:488 set: Unset optional value from type SMPTE2086
11-05 23:24:20.336 17626 17646 E IMGMapper: set:488 set: Unset optional value from type CTA861_3
11-05 23:24:20.352 17626 17727 D skia    : SkJpegCodec::onGetPixels -
11-05 23:24:20.352 17626 17646 E IMGMapper: set:488 set: Unset optional value from type SMPTE2086
11-05 23:24:20.352 17626 17646 E IMGMapper: set:488 set: Unset optional value from type CTA861_3
11-05 23:24:20.377 17626 17646 E IMGMapper: set:488 set: Unset optional value from type SMPTE2086
11-05 23:24:20.377 17626 17646 E IMGMapper: set:488 set: Unset optional value from type CTA861_3
11-05 23:24:20.425 17626 17732 D skia    : SkJpegCodec::onGetPixels +
11-05 23:24:20.426 17626 17646 E IMGMapper: set:488 set: Unset optional value from type SMPTE2086
11-05 23:24:20.426 17626 17646 E IMGMapper: set:488 set: Unset optional value from type CTA861_3
11-05 23:24:20.435 17626 17646 E IMGMapper: set:488 set: Unset optional value from type SMPTE2086
11-05 23:24:20.435 17626 17646 E IMGMapper: set:488 set: Unset optional value from type CTA861_3
11-05 23:24:20.446 17626 17732 D skia    : SkJpegCodec::onGetPixels -
11-05 23:24:20.454 17626 17646 E IMGMapper: set:488 set: Unset optional value from type SMPTE2086
11-05 23:24:20.454 17626 17646 E IMGMapper: set:488 set: Unset optional value from type CTA861_3
11-05 23:24:20.471 17626 17646 E IMGMapper: set:488 set: Unset optional value from type SMPTE2086
11-05 23:24:20.471 17626 17646 E IMGMapper: set:488 set: Unset optional value from type CTA861_3
11-05 23:24:20.489 17626 17646 E IMGMapper: set:488 set: Unset optional value from type SMPTE2086
11-05 23:24:20.489 17626 17646 E IMGMapper: set:488 set: Unset optional value from type CTA861_3
11-05 23:24:20.506 17626 17646 E IMGMapper: set:488 set: Unset optional value from type SMPTE2086
11-05 23:24:20.506 17626 17646 E IMGMapper: set:488 set: Unset optional value from type CTA861_3
11-05 23:24:20.523 17626 17646 E IMGMapper: set:488 set: Unset optional value from type SMPTE2086
11-05 23:24:20.523 17626 17646 E IMGMapper: set:488 set: Unset optional value from type CTA861_3
11-05 23:24:20.523  1039  1039 I BufferQueueProducer: [com.cinemamovel/com.cinemamovel.MainActivity$_17626#687233](this:0xb400007a1f5fb838,id:-1,api:0,p:-1,c:1039) queueBuffer: fps=53.19 dur=1015.30 max=50.52 min=16.11
11-05 23:24:20.525   991   991 I hwcomposer: [HWCDisplay] [Display_0 (type:1)] fps:53.190807,dur:1015.21,max:50.31,min:15.44  
11-05 23:24:20.540 17626 17646 E IMGMapper: set:488 set: Unset optional value from type SMPTE2086
11-05 23:24:20.540 17626 17646 E IMGMapper: set:488 set: Unset optional value from type CTA861_3
11-05 23:24:20.558 17626 17646 E IMGMapper: set:488 set: Unset optional value from type SMPTE2086
11-05 23:24:20.559 17626 17646 E IMGMapper: set:488 set: Unset optional value from type CTA861_3
11-05 23:24:20.574 17626 17646 E IMGMapper: set:488 set: Unset optional value from type SMPTE2086
11-05 23:24:20.574 17626 17646 E IMGMapper: set:488 set: Unset optional value from type CTA861_3
11-05 23:24:20.591 17626 17646 E IMGMapper: set:488 set: Unset optional value from type SMPTE2086
11-05 23:24:20.591 17626 17646 E IMGMapper: set:488 set: Unset optional value from type CTA861_3
11-05 23:24:20.606 17626 17646 E IMGMapper: set:488 set: Unset optional value from type SMPTE2086
11-05 23:24:20.606 17626 17646 E IMGMapper: set:488 set: Unset optional value from type CTA861_3
11-05 23:24:20.624 17626 17646 E IMGMapper: set:488 set: Unset optional value from type SMPTE2086
11-05 23:24:20.625 17626 17646 E IMGMapper: set:488 set: Unset optional value from type CTA861_3
11-05 23:24:20.638 17626 17646 E IMGMapper: set:488 set: Unset optional value from type SMPTE2086
11-05 23:24:20.638 17626 17646 E IMGMapper: set:488 set: Unset optional value from type CTA861_3
11-05 23:24:20.657 17626 17646 E IMGMapper: set:488 set: Unset optional value from type SMPTE2086
11-05 23:24:20.657 17626 17646 E IMGMapper: set:488 set: Unset optional value from type CTA861_3
11-05 23:24:20.673 17626 17646 E IMGMapper: set:488 set: Unset optional value from type SMPTE2086
11-05 23:24:20.673 17626 17646 E IMGMapper: set:488 set: Unset optional value from type CTA861_3
11-05 23:24:20.689 17626 17646 E IMGMapper: set:488 set: Unset optional value from type SMPTE2086
11-05 23:24:20.689 17626 17646 E IMGMapper: set:488 set: Unset optional value from type CTA861_3
11-05 23:24:20.705 17626 17646 E IMGMapper: set:488 set: Unset optional value from type SMPTE2086
11-05 23:24:20.705 17626 17646 E IMGMapper: set:488 set: Unset optional value from type CTA861_3
11-05 23:24:20.723 17626 17646 E IMGMapper: set:488 set: Unset optional value from type SMPTE2086
11-05 23:24:20.723 17626 17646 E IMGMapper: set:488 set: Unset optional value from type CTA861_3
11-05 23:24:20.738 17626 17646 E IMGMapper: set:488 set: Unset optional value from type SMPTE2086
11-05 23:24:20.738 17626 17646 E IMGMapper: set:488 set: Unset optional value from type CTA861_3
11-05 23:24:20.754 17626 17646 E IMGMapper: set:488 set: Unset optional value from type SMPTE2086
11-05 23:24:20.754 17626 17646 E IMGMapper: set:488 set: Unset optional value from type CTA861_3
11-05 23:24:20.771 17626 17646 E IMGMapper: set:488 set: Unset optional value from type SMPTE2086
11-05 23:24:20.771 17626 17646 E IMGMapper: set:488 set: Unset optional value from type CTA861_3
11-05 23:24:20.787 17626 17646 E IMGMapper: set:488 set: Unset optional value from type SMPTE2086
11-05 23:24:20.788 17626 17646 E IMGMapper: set:488 set: Unset optional value from type CTA861_3
11-05 23:24:20.804 17626 17646 E IMGMapper: set:488 set: Unset optional value from type SMPTE2086
11-05 23:24:20.804 17626 17646 E IMGMapper: set:488 set: Unset optional value from type CTA861_3
11-05 23:24:20.821 17626 17646 E IMGMapper: set:488 set: Unset optional value from type SMPTE2086
11-05 23:24:20.821 17626 17646 E IMGMapper: set:488 set: Unset optional value from type CTA861_3
11-05 23:24:20.825  1200  1324 D ULogGuard: Monitoring: 16 threads, 0 requests, 0 time-bombs; 1 guards. ResetFlags = 0x7
11-05 23:24:20.839 17626 17646 E IMGMapper: set:488 set: Unset optional value from type SMPTE2086
11-05 23:24:20.839 17626 17646 E IMGMapper: set:488 set: Unset optional value from type CTA861_3
11-05 23:24:20.855 17626 17646 E IMGMapper: set:488 set: Unset optional value from type SMPTE2086
11-05 23:24:20.856 17626 17646 E IMGMapper: set:488 set: Unset optional value from type CTA861_3
11-05 23:24:20.873 17626 17646 E IMGMapper: set:488 set: Unset optional value from type SMPTE2086
11-05 23:24:20.874 17626 17646 E IMGMapper: set:488 set: Unset optional value from type CTA861_3
11-05 23:24:20.888 17626 17646 E IMGMapper: set:488 set: Unset optional value from type SMPTE2086
11-05 23:24:20.888 17626 17646 E IMGMapper: set:488 set: Unset optional value from type CTA861_3
11-05 23:24:20.905 17626 17646 E IMGMapper: set:488 set: Unset optional value from type SMPTE2086
11-05 23:24:20.906 17626 17646 E IMGMapper: set:488 set: Unset optional value from type CTA861_3
11-05 23:24:20.922 17626 17646 E IMGMapper: set:488 set: Unset optional value from type SMPTE2086
11-05 23:24:20.923 17626 17646 E IMGMapper: set:488 set: Unset optional value from type CTA861_3
11-05 23:24:20.940 17626 17646 E IMGMapper: set:488 set: Unset optional value from type SMPTE2086
11-05 23:24:20.940 17626 17646 E IMGMapper: set:488 set: Unset optional value from type CTA861_3
11-05 23:24:20.955 17626 17646 E IMGMapper: set:488 set: Unset optional value from type SMPTE2086
11-05 23:24:20.955 17626 17646 E IMGMapper: set:488 set: Unset optional value from type CTA861_3
11-05 23:24:20.970 17626 17646 E IMGMapper: set:488 set: Unset optional value from type SMPTE2086
11-05 23:24:20.970 17626 17646 E IMGMapper: set:488 set: Unset optional value from type CTA861_3
11-05 23:24:20.987 17626 17646 E IMGMapper: set:488 set: Unset optional value from type SMPTE2086
11-05 23:24:20.987 17626 17646 E IMGMapper: set:488 set: Unset optional value from type CTA861_3
11-05 23:24:20.990   543   543 D io_stats: !@ 179,0 r 628661678 7593905018 w 113817623 1206067096 d 1261336 33797848 f 0 0 iot 323616896 0 th 0 0 0 pt 0 inp 0 0 3402782.631
11-05 23:24:21.005 17626 17646 E IMGMapper: set:488 set: Unset optional value from type SMPTE2086
11-05 23:24:21.005 17626 17646 E IMGMapper: set:488 set: Unset optional value from type CTA861_3
11-05 23:24:21.021 17626 17646 E IMGMapper: set:488 set: Unset optional value from type SMPTE2086
11-05 23:24:21.021 17626 17646 E IMGMapper: set:488 set: Unset optional value from type CTA861_3
11-05 23:24:21.029  1187  3218 D InputDispatcher: Inject motion (17776/2000): action=0x0, time=3402782671000000, f=0x0, d=0 dsdx=1.000000 dtdx=0.000000
11-05 23:24:21.030  1187  1534 I InputDispatcher: Delivering touch to (1737): action: 0x4, f=0x0, d=0, 'd92b8ad', t=1 
11-05 23:24:21.030  1187  1534 I InputDispatcher: Delivering touch to (17626): action: 0x0, f=0x0, d=0, 'ac43cb0', t=1 
11-05 23:24:21.030  1187  1534 D PowerManagerService: [api] userActivityFromNative :  (event: 2 flags: 0 displayId: 0) eventTime = 3402782671
11-05 23:24:21.031  1187  1303 I GestureDetector: obtain mCurrentDownEvent. id: -863907042 caller: com.android.server.wm.SystemGesturesPointerEventListener.onPointerEvent:203 com.android.server.wm.PointerEventDispatcher.onInputEvent:53 android.view.InputEventReceiver.dispatchInputEvent:285 
11-05 23:24:21.032  1187  1303 I GestureDetector: obtain mCurrentDownEvent. id: -863907042 caller: com.android.server.wm.SystemPerformancePointerEventListener.onPointerEvent:89 com.android.server.wm.PointerEventDispatcher.onInputEvent:53 android.view.InputEventReceiver.dispatchInputEvent:285 
11-05 23:24:21.034 17626 17626 I ViewRootImpl@706bef1[MainActivity]: ViewPostIme pointer 0
11-05 23:24:21.039 17626 17646 E IMGMapper: set:488 set: Unset optional value from type SMPTE2086
11-05 23:24:21.039 17626 17646 E IMGMapper: set:488 set: Unset optional value from type CTA861_3
11-05 23:24:21.048  1187  1303 I GestureDetector: obtain mCurrentMotionEventRaw. action: 2 id: -1069019143
11-05 23:24:21.048  1187  1303 I GestureDetector: obtain mCurrentMotionEventRaw. action: 2 id: -1069019143
11-05 23:24:21.055   896   910 I mtkpower_client: perf_lock_rel, hdl:1047456, tid:910
11-05 23:24:21.056  1014  1065 I libPowerHal: [perfLockRel] hdl:1047456, idx:2
11-05 23:24:21.056   896   910 I mtkpower_client: perf_lock_acq, hdl:0, dur:0, num:2, tid:910
11-05 23:24:21.056  1014  1065 I libPowerHal: vendor.samsung.: cpu_ctrl set cpu freq: 1218000 -1 -1 -1
11-05 23:24:21.057   896   910 I mtkpower_client: ret_hdl:1047458
11-05 23:24:21.057   896   910 I mtkpower_client: perf_lock_rel, hdl:1047457, tid:910
11-05 23:24:21.057  1014  1065 I libPowerHal: [perfLockAcq] idx:1 hdl:1047458 hint:-1 pid:896 duration:0 lock_user:vendor.samsung. => ret_hdl:1047458
11-05 23:24:21.058  1014  1065 I libPowerHal: vendor.samsung.: cpu_ctrl set cpu freq: 1218000 -1 1138000 -1
11-05 23:24:21.058  1014  1065 I libPowerHal: [perfLockRel] hdl:1047457, idx:0
11-05 23:24:21.059  1014  1065 I libPowerHal: vendor.samsung.: cpu_ctrl set cpu freq: -1 -1 1138000 -1
11-05 23:24:21.059   896   910 I mtkpower_client: perf_lock_acq, hdl:0, dur:0, num:2, tid:910
11-05 23:24:21.060 17626 17646 E IMGMapper: set:488 set: Unset optional value from type SMPTE2086
11-05 23:24:21.060 17626 17646 E IMGMapper: set:488 set: Unset optional value from type CTA861_3
11-05 23:24:21.060   896   910 I mtkpower_client: ret_hdl:1047459
11-05 23:24:21.060   896   910 I HYPER-HAL: [RequestManager.cpp]releaseLocked(): Released ID : 725427
11-05 23:24:21.060  1014  1065 I libPowerHal: [perfLockAcq] idx:0 hdl:1047459 hint:-1 pid:896 duration:0 lock_user:vendor.samsung. => ret_hdl:1047459
11-05 23:24:21.061  1014  1065 I libPowerHal: vendor.samsung.: cpu_ctrl set cpu freq: 1218000 -1 1138000 -1
11-05 23:24:21.081  1205  1205 I thermal_repeater: socket -1
11-05 23:24:21.083 17626 17646 E IMGMapper: set:488 set: Unset optional value from type SMPTE2086
11-05 23:24:21.083 17626 17646 E IMGMapper: set:488 set: Unset optional value from type CTA861_3
11-05 23:24:21.099 17626 17646 E IMGMapper: set:488 set: Unset optional value from type SMPTE2086
11-05 23:24:21.099 17626 17646 E IMGMapper: set:488 set: Unset optional value from type CTA861_3
11-05 23:24:21.112 17626 17646 E IMGMapper: set:488 set: Unset optional value from type SMPTE2086
11-05 23:24:21.113 17626 17646 E IMGMapper: set:488 set: Unset optional value from type CTA861_3
11-05 23:24:21.120 17626 17646 E IMGMapper: set:488 set: Unset optional value from type SMPTE2086
11-05 23:24:21.120 17626 17646 E IMGMapper: set:488 set: Unset optional value from type CTA861_3
11-05 23:24:21.136 17626 17646 E IMGMapper: set:488 set: Unset optional value from type SMPTE2086
11-05 23:24:21.136 17626 17646 E IMGMapper: set:488 set: Unset optional value from type CTA861_3
11-05 23:24:21.153 17626 17646 E IMGMapper: set:488 set: Unset optional value from type SMPTE2086
11-05 23:24:21.153 17626 17646 E IMGMapper: set:488 set: Unset optional value from type CTA861_3
11-05 23:24:21.169 17626 17646 E IMGMapper: set:488 set: Unset optional value from type SMPTE2086
11-05 23:24:21.169 17626 17646 E IMGMapper: set:488 set: Unset optional value from type CTA861_3
11-05 23:24:21.193 17626 17646 E IMGMapper: set:488 set: Unset optional value from type SMPTE2086
11-05 23:24:21.193 17626 17646 E IMGMapper: set:488 set: Unset optional value from type CTA861_3
11-05 23:24:21.194 17626 17727 D skia    : SkJpegCodec::onGetPixels +
11-05 23:24:21.205 17626 17646 E IMGMapper: set:488 set: Unset optional value from type SMPTE2086
11-05 23:24:21.205 17626 17646 E IMGMapper: set:488 set: Unset optional value from type CTA861_3
11-05 23:24:21.211 17626 17727 D skia    : SkJpegCodec::onGetPixels -
11-05 23:24:21.218 17626 17646 E IMGMapper: set:488 set: Unset optional value from type SMPTE2086
11-05 23:24:21.218 17626 17646 E IMGMapper: set:488 set: Unset optional value from type CTA861_3
11-05 23:24:21.232  1737  1942 D MobileStatusTracker(0/2): onSignalStrengthsChanged level=3, vendorLevel=3
11-05 23:24:21.234  1737  1942 D MobileSignalController(0/2): notifyListener: enabled=true, connected=true, dataConnected=true, networkType=LTE (4G), emergencyOnly=false, roaming=false, isDefault=false, dataActivity=, level=3, ca=false, mmWave=false, disabledDataIcon=false, simCard=ETC
11-05 23:24:21.235  1737  1942 D NetworkController: SignalStrength from intent slotId=0
11-05 23:24:21.253 17626 17646 E IMGMapper: set:488 set: Unset optional value from type SMPTE2086
11-05 23:24:21.253 17626 17646 E IMGMapper: set:488 set: Unset optional value from type CTA861_3
11-05 23:24:21.266 17626 17646 E IMGMapper: set:488 set: Unset optional value from type SMPTE2086
11-05 23:24:21.266 17626 17646 E IMGMapper: set:488 set: Unset optional value from type CTA861_3
11-05 23:24:21.284 17626 17646 E IMGMapper: set:488 set: Unset optional value from type SMPTE2086
11-05 23:24:21.286 17626 17646 E IMGMapper: set:488 set: Unset optional value from type CTA861_3
11-05 23:24:21.294 17626 17731 D skia    : SkJpegCodec::onGetPixels +
11-05 23:24:21.321 17626 17731 D skia    : SkJpegCodec::onGetPixels -
11-05 23:24:21.334 17626 17646 E IMGMapper: set:488 set: Unset optional value from type SMPTE2086
11-05 23:24:21.334 17626 17646 E IMGMapper: set:488 set: Unset optional value from type CTA861_3
11-05 23:24:21.340  1187  3218 D InputDispatcher: Inject motion (17776/2000): action=0x1, time=3402782981000000, f=0x0, d=0 dsdx=1.000000 dtdx=0.000000
11-05 23:24:21.341  1187  1534 I InputDispatcher: Delivering touch to (17626): action: 0x1, f=0x0, d=0, 'ac43cb0', t=1 
11-05 23:24:21.346 17626 17626 I ViewRootImpl@706bef1[MainActivity]: ViewPostIme pointer 1
11-05 23:24:21.351 17626 17646 E IMGMapper: set:488 set: Unset optional value from type SMPTE2086
11-05 23:24:21.352 17626 17646 E IMGMapper: set:488 set: Unset optional value from type CTA861_3
11-05 23:24:21.355  1187  1187 D SGM:GameManager: identifyGamePackage. com.cinemamovel, mCurrentUserId: 0, callerUserId: 0, callingMethodInfo: com.android.server.ssrm.fgapps.GameAppUtils.isGame(GameAppUtils.java:84)
11-05 23:24:21.355  1187  1187 D SGM:PkgDataHelper: getGamePkgData(). com.cinemamovel
11-05 23:24:21.356  1187  1187 I SemDvfsHyPerManager: acquire hyper - GESTURE_DETECTED/1187@18, type = -999
11-05 23:24:21.356   896   910 I HYPER-HAL: [RequestManager.cpp]acquire(): Acquired ID : 726633  [1187 / 18]    HINT : GESTURE_DETECTED    list : [TIMEOUT / 1702] 
11-05 23:24:21.357  1187  1187 D SGM:GameManager: identifyGamePackage. com.cinemamovel, mCurrentUserId: 0, callerUserId: 0, callingMethodInfo: com.android.server.ssrm.fgapps.GameAppUtils.isGame(GameAppUtils.java:84)
11-05 23:24:21.357  1187  1187 D SGM:PkgDataHelper: getGamePkgData(). com.cinemamovel
11-05 23:24:21.358  1187  1187 I SemDvfsHyPerManager: acquire hyper - GESTURE_DETECTED/1187@18, type = -999
11-05 23:24:21.358   896   910 I HYPER-HAL: [RequestManager.cpp]acquire(): Acquired ID : 726633  [1187 / 18]    HINT : GESTURE_DETECTED    list : [TIMEOUT / 1702] 
11-05 23:24:21.358  1187  1187 I SemDvfsHyPerManager: acquire hyper - SMOOTH_SCROLL/1187@17, type = -999
11-05 23:24:21.358   896   910 I HYPER-HAL: [RequestManager.cpp]acquire(): Acquired ID : 725427  [1187 / 17]    HINT : SMOOTH_SCROLL    list : 
11-05 23:24:21.359   896   910 I mtkpower_client: perf_lock_rel, hdl:1047458, tid:910
11-05 23:24:21.359  1187  1187 I SemDvfsHyPerManager: acquire hyper - SMOOTH_SCROLL/1187@17, type = -999
11-05 23:24:21.360   896   910 I mtkpower_client: perf_lock_acq, hdl:0, dur:0, num:2, tid:910
11-05 23:24:21.360  1014  1065 I libPowerHal: [perfLockRel] hdl:1047458, idx:1
11-05 23:24:21.361  1014  1065 I libPowerHal: vendor.samsung.: cpu_ctrl set cpu freq: 1218000 -1 -1 -1
11-05 23:24:21.362  1014  1065 I libPowerHal: [perfLockAcq] idx:2 hdl:1047460 hint:-1 pid:896 duration:0 lock_user:vendor.samsung. => ret_hdl:1047460
11-05 23:24:21.362   896   910 I mtkpower_client: ret_hdl:1047460
11-05 23:24:21.362   896   910 I mtkpower_client: perf_lock_rel, hdl:1047459, tid:910
11-05 23:24:21.362  1014  1065 I libPowerHal: vendor.samsung.: cpu_ctrl set cpu freq: 1218000 -1 1138000 -1
11-05 23:24:21.363   896   910 I mtkpower_client: perf_lock_acq, hdl:0, dur:0, num:2, tid:910
11-05 23:24:21.363  1014  1065 I libPowerHal: [perfLockRel] hdl:1047459, idx:0
11-05 23:24:21.363  1014  1065 I libPowerHal: vendor.samsung.: cpu_ctrl set cpu freq: -1 -1 1138000 -1
11-05 23:24:21.365  1014  1065 I libPowerHal: [perfLockAcq] idx:0 hdl:1047461 hint:-1 pid:896 duration:0 lock_user:vendor.samsung. => ret_hdl:1047461
11-05 23:24:21.365  1014  1065 I libPowerHal: vendor.samsung.: cpu_ctrl set cpu freq: 1218000 -1 1138000 -1
11-05 23:24:21.365   896   910 I mtkpower_client: ret_hdl:1047461
11-05 23:24:21.365   896   910 I mtkpower_client: perf_lock_rel, hdl:1047460, tid:910
11-05 23:24:21.366  1014  1065 I libPowerHal: [perfLockRel] hdl:1047460, idx:2
11-05 23:24:21.366  1014  1065 I libPowerHal: vendor.samsung.: cpu_ctrl set cpu freq: 1218000 -1 -1 -1
11-05 23:24:21.367   896   910 I mtkpower_client: perf_lock_acq, hdl:0, dur:0, num:2, tid:910
11-05 23:24:21.368  1014  1065 I libPowerHal: [perfLockAcq] idx:1 hdl:1047462 hint:-1 pid:896 duration:0 lock_user:vendor.samsung. => ret_hdl:1047462
11-05 23:24:21.368  1014  1065 I libPowerHal: vendor.samsung.: cpu_ctrl set cpu freq: 1218000 -1 1138000 -1
11-05 23:24:21.369   896   910 I mtkpower_client: ret_hdl:1047462
11-05 23:24:21.369   896   910 I mtkpower_client: perf_lock_rel, hdl:1047461, tid:910
11-05 23:24:21.369  1014  1065 I libPowerHal: [perfLockRel] hdl:1047461, idx:0
11-05 23:24:21.370  1014  1065 I libPowerHal: vendor.samsung.: cpu_ctrl set cpu freq: -1 -1 1138000 -1
11-05 23:24:21.371   896   910 I mtkpower_client: perf_lock_acq, hdl:0, dur:0, num:2, tid:910
11-05 23:24:21.372   896   910 I mtkpower_client: ret_hdl:1047463
11-05 23:24:21.372   896   910 I HYPER-HAL: [RequestManager.cpp]releaseLocked(): Released ID : 725427
11-05 23:24:21.372   896   910 I HYPER-HAL: [RequestManager.cpp]acquire(): Acquired ID : 725427  [1187 / 17]    HINT : SMOOTH_SCROLL    list : 
11-05 23:24:21.372 17626 17646 E IMGMapper: set:488 set: Unset optional value from type SMPTE2086
11-05 23:24:21.372 17626 17646 E IMGMapper: set:488 set: Unset optional value from type CTA861_3
11-05 23:24:21.373  1014  1065 I libPowerHal: [perfLockAcq] idx:0 hdl:1047463 hint:-1 pid:896 duration:0 lock_user:vendor.samsung. => ret_hdl:1047463
11-05 23:24:21.373   896   910 I mtkpower_client: perf_lock_rel, hdl:1047462, tid:910
11-05 23:24:21.373  1014  1065 I libPowerHal: vendor.samsung.: cpu_ctrl set cpu freq: 1218000 -1 1138000 -1
11-05 23:24:21.374   896   910 I mtkpower_client: perf_lock_acq, hdl:0, dur:0, num:2, tid:910
11-05 23:24:21.374  1014  1065 I libPowerHal: [perfLockRel] hdl:1047462, idx:1
11-05 23:24:21.374  1014  1065 I libPowerHal: vendor.samsung.: cpu_ctrl set cpu freq: 1218000 -1 -1 -1
11-05 23:24:21.375   896   910 I mtkpower_client: ret_hdl:1047464
11-05 23:24:21.375   896   910 I mtkpower_client: perf_lock_rel, hdl:1047463, tid:910
11-05 23:24:21.375  1014  1065 I libPowerHal: [perfLockAcq] idx:1 hdl:1047464 hint:-1 pid:896 duration:0 lock_user:vendor.samsung. => ret_hdl:1047464
11-05 23:24:21.375  1014  1065 I libPowerHal: vendor.samsung.: cpu_ctrl set cpu freq: 1218000 -1 1138000 -1
11-05 23:24:21.376   896   910 I mtkpower_client: perf_lock_acq, hdl:0, dur:0, num:2, tid:910
11-05 23:24:21.376  1014  1065 I libPowerHal: [perfLockRel] hdl:1047463, idx:0
11-05 23:24:21.376  1014  1065 I libPowerHal: vendor.samsung.: cpu_ctrl set cpu freq: -1 -1 1138000 -1
11-05 23:24:21.377   896   910 I mtkpower_client: ret_hdl:1047465
11-05 23:24:21.377  1014  1065 I libPowerHal: [perfLockAcq] idx:2 hdl:1047465 hint:-1 pid:896 duration:0 lock_user:vendor.samsung. => ret_hdl:1047465
11-05 23:24:21.377  1014  1065 I libPowerHal: vendor.samsung.: cpu_ctrl set cpu freq: 1218000 -1 1138000 -1
11-05 23:24:21.383 17626 17646 E IMGMapper: set:488 set: Unset optional value from type SMPTE2086
11-05 23:24:21.383 17626 17646 E IMGMapper: set:488 set: Unset optional value from type CTA861_3
11-05 23:24:21.397 17626 17646 E IMGMapper: set:488 set: Unset optional value from type SMPTE2086
11-05 23:24:21.398 17626 17646 E IMGMapper: set:488 set: Unset optional value from type CTA861_3
11-05 23:24:21.418 17626 17646 E IMGMapper: set:488 set: Unset optional value from type SMPTE2086
11-05 23:24:21.418 17626 17646 E IMGMapper: set:488 set: Unset optional value from type CTA861_3
11-05 23:24:21.433  1711  2457 D PhoneInterfaceManager: setDataEnabledForReason() Reason=1 Pid=1187 App=system
11-05 23:24:21.435 17626 17646 E IMGMapper: set:488 set: Unset optional value from type SMPTE2086
11-05 23:24:21.436 17626 17646 E IMGMapper: set:488 set: Unset optional value from type CTA861_3
11-05 23:24:21.438  1711  2457 D PhoneInterfaceManager: setDataEnabledForReason() Reason=1 Pid=1187 App=system
11-05 23:24:21.450 17626 17646 E IMGMapper: set:488 set: Unset optional value from type SMPTE2086
11-05 23:24:21.450 17626 17646 E IMGMapper: set:488 set: Unset optional value from type CTA861_3
11-05 23:24:21.467 17626 17646 E IMGMapper: set:488 set: Unset optional value from type SMPTE2086
11-05 23:24:21.468 17626 17646 E IMGMapper: set:488 set: Unset optional value from type CTA861_3
11-05 23:24:21.503 17626 17646 E IMGMapper: set:488 set: Unset optional value from type SMPTE2086
11-05 23:24:21.503 17626 17646 E IMGMapper: set:488 set: Unset optional value from type CTA861_3
11-05 23:24:21.516 17626 17646 E IMGMapper: set:488 set: Unset optional value from type SMPTE2086
11-05 23:24:21.516 17626 17646 E IMGMapper: set:488 set: Unset optional value from type CTA861_3
11-05 23:24:21.534 17626 17728 D skia    : SkJpegCodec::onGetPixels +
11-05 23:24:21.534 17626 17727 D skia    : SkJpegCodec::onGetPixels +
11-05 23:24:21.538  1039  1039 I BufferQueueProducer: [com.cinemamovel/com.cinemamovel.MainActivity$_17626#687233](this:0xb400007a1f5fb838,id:-1,api:0,p:-1,c:1039) queueBuffer: fps=56.15 dur=1015.16 max=33.34 min=16.09
11-05 23:24:21.540   991   991 I hwcomposer: [HWCDisplay] [Display_0 (type:1)] fps:56.184601,dur:1014.51,max:33.25,min:15.60  
11-05 23:24:21.552 17626 17728 D skia    : SkJpegCodec::onGetPixels -
11-05 23:24:21.557 17626 17727 D skia    : SkJpegCodec::onGetPixels -
11-05 23:24:21.568 17626 17646 E IMGMapper: set:488 set: Unset optional value from type SMPTE2086
11-05 23:24:21.568 17626 17646 E IMGMapper: set:488 set: Unset optional value from type CTA861_3
11-05 23:24:21.581 17626 17646 E IMGMapper: set:488 set: Unset optional value from type SMPTE2086
11-05 23:24:21.581 17626 17646 E IMGMapper: set:488 set: Unset optional value from type CTA861_3
11-05 23:24:21.601 17626 17646 E IMGMapper: set:488 set: Unset optional value from type SMPTE2086
11-05 23:24:21.601 17626 17646 E IMGMapper: set:488 set: Unset optional value from type CTA861_3
11-05 23:24:21.615 17626 17646 E IMGMapper: set:488 set: Unset optional value from type SMPTE2086
11-05 23:24:21.615 17626 17646 E IMGMapper: set:488 set: Unset optional value from type CTA861_3
11-05 23:24:21.633 17626 17646 E IMGMapper: set:488 set: Unset optional value from type SMPTE2086
11-05 23:24:21.633 17626 17646 E IMGMapper: set:488 set: Unset optional value from type CTA861_3
11-05 23:24:21.651 17626 17646 E IMGMapper: set:488 set: Unset optional value from type SMPTE2086
11-05 23:24:21.651 17626 17646 E IMGMapper: set:488 set: Unset optional value from type CTA861_3
11-05 23:24:21.676 17626 17646 E IMGMapper: set:488 set: Unset optional value from type SMPTE2086
11-05 23:24:21.676 17626 17646 E IMGMapper: set:488 set: Unset optional value from type CTA861_3
11-05 23:24:21.685 17626 17732 D skia    : SkJpegCodec::onGetPixels +
11-05 23:24:21.698 17626 17646 E IMGMapper: set:488 set: Unset optional value from type SMPTE2086
11-05 23:24:21.698 17626 17646 E IMGMapper: set:488 set: Unset optional value from type CTA861_3
11-05 23:24:21.707 17626 17732 D skia    : SkJpegCodec::onGetPixels -
11-05 23:24:21.738 17626 17646 E IMGMapper: set:488 set: Unset optional value from type SMPTE2086
11-05 23:24:21.738 17626 17646 E IMGMapper: set:488 set: Unset optional value from type CTA861_3
11-05 23:24:21.752 17626 17646 E IMGMapper: set:488 set: Unset optional value from type SMPTE2086
11-05 23:24:21.752 17626 17646 E IMGMapper: set:488 set: Unset optional value from type CTA861_3
11-05 23:24:21.757 17626 17731 D skia    : SkJpegCodec::onGetPixels +
11-05 23:24:21.775 17626 17731 D skia    : SkJpegCodec::onGetPixels -
11-05 23:24:21.778 17626 17646 E IMGMapper: set:488 set: Unset optional value from type SMPTE2086
11-05 23:24:21.778 17626 17646 E IMGMapper: set:488 set: Unset optional value from type CTA861_3
11-05 23:24:21.793 17626 17646 E IMGMapper: set:488 set: Unset optional value from type SMPTE2086
11-05 23:24:21.794 17626 17646 E IMGMapper: set:488 set: Unset optional value from type CTA861_3
11-05 23:24:21.802 17626 17646 E IMGMapper: set:488 set: Unset optional value from type SMPTE2086
11-05 23:24:21.802 17626 17646 E IMGMapper: set:488 set: Unset optional value from type CTA861_3
11-05 23:24:21.820 17626 17646 E IMGMapper: set:488 set: Unset optional value from type SMPTE2086
11-05 23:24:21.820 17626 17646 E IMGMapper: set:488 set: Unset optional value from type CTA861_3
11-05 23:24:21.835 17626 17646 E IMGMapper: set:488 set: Unset optional value from type SMPTE2086
11-05 23:24:21.835 17626 17646 E IMGMapper: set:488 set: Unset optional value from type CTA861_3
11-05 23:24:21.849 17626 17646 E IMGMapper: set:488 set: Unset optional value from type SMPTE2086
11-05 23:24:21.849 17626 17646 E IMGMapper: set:488 set: Unset optional value from type CTA861_3
11-05 23:24:21.867 17626 17646 E IMGMapper: set:488 set: Unset optional value from type SMPTE2086
11-05 23:24:21.867 17626 17646 E IMGMapper: set:488 set: Unset optional value from type CTA861_3
11-05 23:24:21.894 17626 17646 E IMGMapper: set:488 set: Unset optional value from type SMPTE2086
11-05 23:24:21.894 17626 17646 E IMGMapper: set:488 set: Unset optional value from type CTA861_3
11-05 23:24:21.901 17626 17732 D skia    : SkJpegCodec::onGetPixels +
11-05 23:24:21.907 17626 17646 E IMGMapper: set:488 set: Unset optional value from type SMPTE2086
11-05 23:24:21.907 17626 17646 E IMGMapper: set:488 set: Unset optional value from type CTA861_3
11-05 23:24:21.919 17626 17732 D skia    : SkJpegCodec::onGetPixels -
11-05 23:24:21.920 17626 17646 E IMGMapper: set:488 set: Unset optional value from type SMPTE2086
11-05 23:24:21.920 17626 17646 E IMGMapper: set:488 set: Unset optional value from type CTA861_3
11-05 23:24:21.933 17626 17646 E IMGMapper: set:488 set: Unset optional value from type SMPTE2086
11-05 23:24:21.933 17626 17646 E IMGMapper: set:488 set: Unset optional value from type CTA861_3
11-05 23:24:21.948 17626 17646 E IMGMapper: set:488 set: Unset optional value from type SMPTE2086
11-05 23:24:21.948 17626 17646 E IMGMapper: set:488 set: Unset optional value from type CTA861_3
11-05 23:24:21.967 17626 17646 E IMGMapper: set:488 set: Unset optional value from type SMPTE2086
11-05 23:24:21.967 17626 17646 E IMGMapper: set:488 set: Unset optional value from type CTA861_3
11-05 23:24:21.991 17626 17646 E IMGMapper: set:488 set: Unset optional value from type SMPTE2086
11-05 23:24:21.991 17626 17646 E IMGMapper: set:488 set: Unset optional value from type CTA861_3
11-05 23:24:21.999  1187  1277 I system_server: Background concurrent copying GC freed 351710(23MB) AllocSpace objects, 121(2600KB) LOS objects, 20% free, 94MB/118MB, paused 1.509ms,347us total 660.894ms
11-05 23:24:22.008 17626 17646 E IMGMapper: set:488 set: Unset optional value from type SMPTE2086
11-05 23:24:22.008 17626 17646 E IMGMapper: set:488 set: Unset optional value from type CTA861_3
11-05 23:24:22.015  1187  1294 W System  : A resource failed to call release. 
11-05 23:24:22.015  1187  1294 W System  : A resource failed to call end. 
11-05 23:24:22.044 17626 17646 E IMGMapper: set:488 set: Unset optional value from type SMPTE2086
11-05 23:24:22.044 17626 17646 E IMGMapper: set:488 set: Unset optional value from type CTA861_3
11-05 23:24:22.052 17626 17646 E IMGMapper: set:488 set: Unset optional value from type SMPTE2086
11-05 23:24:22.052 17626 17646 E IMGMapper: set:488 set: Unset optional value from type CTA861_3
11-05 23:24:22.068 17626 17646 E IMGMapper: set:488 set: Unset optional value from type SMPTE2086
11-05 23:24:22.068 17626 17646 E IMGMapper: set:488 set: Unset optional value from type CTA861_3
11-05 23:24:22.085 17626 17646 E IMGMapper: set:488 set: Unset optional value from type SMPTE2086
11-05 23:24:22.085 17626 17646 E IMGMapper: set:488 set: Unset optional value from type CTA861_3
