11-05 23:24:24.575  1014  1065 I libPowerHal: vendor.samsung.: cpu_ctrl set cpu freq: -1 -1 1138000 -1
11-05 23:24:24.576   896   910 I mtkpower_client: ret_hdl:1047481
11-05 23:24:24.576   896   910 I HYPER-HAL: [RequestManager.cpp]acquire(): Acquired ID : 726633  [1187 / 18]    HINT : GESTURE_DETECTED    list : [TIMEOUT / 1702] 
11-05 23:24:24.576   896   910 I HYPER-HAL: [RequestManager.cpp]acquire(): Acquired ID : 726633  [1187 / 18]    HINT : GESTURE_DETECTED    list : [TIMEOUT / 1702] 
11-05 23:24:24.577  1014  1065 I libPowerHal: [perfLockAcq] idx:1 hdl:1047481 hint:-1 pid:896 duration:0 lock_user:vendor.samsung. => ret_hdl:1047481
11-05 23:24:24.577  1014  1065 I libPowerHal: vendor.samsung.: cpu_ctrl set cpu freq: 1218000 -1 1138000 -1
11-05 23:24:24.579 17626 17731 D skia    : SkJpegCodec::onGetPixels -
11-05 23:24:24.580 17626 17646 E IMGMapper: set:488 set: Unset optional value from type SMPTE2086
11-05 23:24:24.580 17626 17646 E IMGMapper: set:488 set: Unset optional value from type CTA861_3
11-05 23:24:24.585  1039  1039 I BufferQueueProducer: [com.cinemamovel/com.cinemamovel.MainActivity$_17626#687233](this:0xb400007a1f5fb838,id:-1,api:0,p:-1,c:1039) queueBuffer: fps=58.09 dur=1015.60 max=33.50 min=16.15
11-05 23:24:24.587   991   991 I hwcomposer: [HWCDisplay] [Display_0 (type:1)] fps:58.098724,dur:1015.51,max:33.55,min:15.50  
11-05 23:24:24.594 17626 17646 E IMGMapper: set:488 set: Unset optional value from type SMPTE2086
11-05 23:24:24.594 17626 17646 E IMGMapper: set:488 set: Unset optional value from type CTA861_3
11-05 23:24:24.612 17626 17646 E IMGMapper: set:488 set: Unset optional value from type SMPTE2086
11-05 23:24:24.612 17626 17646 E IMGMapper: set:488 set: Unset optional value from type CTA861_3
11-05 23:24:24.628 17626 17646 E IMGMapper: set:488 set: Unset optional value from type SMPTE2086
11-05 23:24:24.628 17626 17646 E IMGMapper: set:488 set: Unset optional value from type CTA861_3
11-05 23:24:24.645 17626 17646 E IMGMapper: set:488 set: Unset optional value from type SMPTE2086
11-05 23:24:24.645 17626 17646 E IMGMapper: set:488 set: Unset optional value from type CTA861_3
11-05 23:24:24.662 17626 17646 E IMGMapper: set:488 set: Unset optional value from type SMPTE2086
11-05 23:24:24.662 17626 17646 E IMGMapper: set:488 set: Unset optional value from type CTA861_3
11-05 23:24:24.679 17626 17646 E IMGMapper: set:488 set: Unset optional value from type SMPTE2086
11-05 23:24:24.679 17626 17646 E IMGMapper: set:488 set: Unset optional value from type CTA861_3
11-05 23:24:24.695 17626 17646 E IMGMapper: set:488 set: Unset optional value from type SMPTE2086
11-05 23:24:24.695 17626 17646 E IMGMapper: set:488 set: Unset optional value from type CTA861_3
11-05 23:24:24.714 17626 17646 E IMGMapper: set:488 set: Unset optional value from type SMPTE2086
11-05 23:24:24.715 17626 17646 E IMGMapper: set:488 set: Unset optional value from type CTA861_3
11-05 23:24:24.725 17626 17727 D skia    : SkJpegCodec::onGetPixels +
11-05 23:24:24.729 17626 17646 E IMGMapper: set:488 set: Unset optional value from type SMPTE2086
11-05 23:24:24.729 17626 17646 E IMGMapper: set:488 set: Unset optional value from type CTA861_3
11-05 23:24:24.751 17626 17727 D skia    : SkJpegCodec::onGetPixels -
11-05 23:24:24.759 17626 17646 E IMGMapper: set:488 set: Unset optional value from type SMPTE2086
11-05 23:24:24.759 17626 17646 E IMGMapper: set:488 set: Unset optional value from type CTA861_3
11-05 23:24:24.772 17626 17646 E IMGMapper: set:488 set: Unset optional value from type SMPTE2086
11-05 23:24:24.773 17626 17646 E IMGMapper: set:488 set: Unset optional value from type CTA861_3
11-05 23:24:24.787 17626 17646 E IMGMapper: set:488 set: Unset optional value from type SMPTE2086
11-05 23:24:24.787 17626 17646 E IMGMapper: set:488 set: Unset optional value from type CTA861_3
11-05 23:24:24.844 17626 17731 D skia    : SkJpegCodec::onGetPixels +
11-05 23:24:24.845 17626 17646 E IMGMapper: set:488 set: Unset optional value from type SMPTE2086
11-05 23:24:24.845 17626 17646 E IMGMapper: set:488 set: Unset optional value from type CTA861_3
11-05 23:24:24.856 17626 17646 E IMGMapper: set:488 set: Unset optional value from type SMPTE2086
11-05 23:24:24.856 17626 17646 E IMGMapper: set:488 set: Unset optional value from type CTA861_3
11-05 23:24:24.862 17626 17731 D skia    : SkJpegCodec::onGetPixels -
11-05 23:24:24.864 17626 17646 E IMGMapper: set:488 set: Unset optional value from type SMPTE2086
11-05 23:24:24.864 17626 17646 E IMGMapper: set:488 set: Unset optional value from type CTA861_3
11-05 23:24:24.878 17626 17646 E IMGMapper: set:488 set: Unset optional value from type SMPTE2086
11-05 23:24:24.878 17626 17646 E IMGMapper: set:488 set: Unset optional value from type CTA861_3
11-05 23:24:24.897 17626 17646 E IMGMapper: set:488 set: Unset optional value from type SMPTE2086
11-05 23:24:24.897 17626 17646 E IMGMapper: set:488 set: Unset optional value from type CTA861_3
11-05 23:24:24.914 17626 17646 E IMGMapper: set:488 set: Unset optional value from type SMPTE2086
11-05 23:24:24.914 17626 17646 E IMGMapper: set:488 set: Unset optional value from type CTA861_3
11-05 23:24:24.931 17626 17727 D skia    : SkJpegCodec::onGetPixels +
11-05 23:24:24.933 17626 17646 E IMGMapper: set:488 set: Unset optional value from type SMPTE2086
11-05 23:24:24.933 17626 17646 E IMGMapper: set:488 set: Unset optional value from type CTA861_3
11-05 23:24:24.944 17626 17728 D skia    : SkJpegCodec::onGetPixels +
11-05 23:24:24.949 17626 17646 E IMGMapper: set:488 set: Unset optional value from type SMPTE2086
11-05 23:24:24.949 17626 17646 E IMGMapper: set:488 set: Unset optional value from type CTA861_3
11-05 23:24:24.950 17626 17727 D skia    : SkJpegCodec::onGetPixels -
11-05 23:24:24.968 17626 17646 E IMGMapper: set:488 set: Unset optional value from type SMPTE2086
11-05 23:24:24.968 17626 17646 E IMGMapper: set:488 set: Unset optional value from type CTA861_3
11-05 23:24:24.968 17626 17728 D skia    : SkJpegCodec::onGetPixels -
11-05 23:24:24.980 17626 17646 E IMGMapper: set:488 set: Unset optional value from type SMPTE2086
11-05 23:24:24.980 17626 17646 E IMGMapper: set:488 set: Unset optional value from type CTA861_3
11-05 23:24:24.995   543   543 D io_stats: !@ 179,0 r 628661749 7593905326 w 113817779 1206068964 d 1261336 33797848 f 0 0 iot 323617148 0 th 0 0 0 pt 0 inp 0 0 3402786.637
11-05 23:24:24.996 17626 17646 E IMGMapper: set:488 set: Unset optional value from type SMPTE2086
11-05 23:24:24.996 17626 17646 E IMGMapper: set:488 set: Unset optional value from type CTA861_3
11-05 23:24:25.014 17626 17646 E IMGMapper: set:488 set: Unset optional value from type SMPTE2086
11-05 23:24:25.014 17626 17646 E IMGMapper: set:488 set: Unset optional value from type CTA861_3
11-05 23:24:25.028 17626 17646 E IMGMapper: set:488 set: Unset optional value from type SMPTE2086
11-05 23:24:25.028 17626 17646 E IMGMapper: set:488 set: Unset optional value from type CTA861_3
11-05 23:24:25.054 17626 17646 E IMGMapper: set:488 set: Unset optional value from type SMPTE2086
11-05 23:24:25.054 17626 17646 E IMGMapper: set:488 set: Unset optional value from type CTA861_3
11-05 23:24:25.071 17626 17646 E IMGMapper: set:488 set: Unset optional value from type SMPTE2086
11-05 23:24:25.071 17626 17646 E IMGMapper: set:488 set: Unset optional value from type CTA861_3
11-05 23:24:25.072  1737  1942 D MobileStatusTracker(0/2): onSignalStrengthsChanged level=3, vendorLevel=3
11-05 23:24:25.076  1737  1942 D MobileSignalController(0/2): notifyListener: enabled=true, connected=true, dataConnected=true, networkType=LTE (4G), emergencyOnly=false, roaming=false, isDefault=false, dataActivity=, level=3, ca=false, mmWave=false, disabledDataIcon=false, simCard=ETC
11-05 23:24:25.076  1737  1942 D NetworkController: SignalStrength from intent slotId=0
11-05 23:24:25.110 17626 17646 E IMGMapper: set:488 set: Unset optional value from type SMPTE2086
11-05 23:24:25.110 17626 17646 E IMGMapper: set:488 set: Unset optional value from type CTA861_3
11-05 23:24:25.120 17626 17646 E IMGMapper: set:488 set: Unset optional value from type SMPTE2086
11-05 23:24:25.120 17626 17646 E IMGMapper: set:488 set: Unset optional value from type CTA861_3
11-05 23:24:25.128 17626 17646 E IMGMapper: set:488 set: Unset optional value from type SMPTE2086
11-05 23:24:25.128 17626 17646 E IMGMapper: set:488 set: Unset optional value from type CTA861_3
11-05 23:24:25.144 17626 17646 E IMGMapper: set:488 set: Unset optional value from type SMPTE2086
11-05 23:24:25.144 17626 17646 E IMGMapper: set:488 set: Unset optional value from type CTA861_3
11-05 23:24:25.161 17626 17646 E IMGMapper: set:488 set: Unset optional value from type SMPTE2086
11-05 23:24:25.161 17626 17646 E IMGMapper: set:488 set: Unset optional value from type CTA861_3
11-05 23:24:25.178 17626 17646 E IMGMapper: set:488 set: Unset optional value from type SMPTE2086
11-05 23:24:25.178 17626 17646 E IMGMapper: set:488 set: Unset optional value from type CTA861_3
11-05 23:24:25.195 17626 17646 E IMGMapper: set:488 set: Unset optional value from type SMPTE2086
11-05 23:24:25.195 17626 17646 E IMGMapper: set:488 set: Unset optional value from type CTA861_3
11-05 23:24:25.211 17626 17646 E IMGMapper: set:488 set: Unset optional value from type SMPTE2086
11-05 23:24:25.211 17626 17646 E IMGMapper: set:488 set: Unset optional value from type CTA861_3
11-05 23:24:25.230 17626 17646 E IMGMapper: set:488 set: Unset optional value from type SMPTE2086
11-05 23:24:25.230 17626 17646 E IMGMapper: set:488 set: Unset optional value from type CTA861_3
11-05 23:24:25.245 17626 17646 E IMGMapper: set:488 set: Unset optional value from type SMPTE2086
11-05 23:24:25.245 17626 17646 E IMGMapper: set:488 set: Unset optional value from type CTA861_3
11-05 23:24:25.261 17626 17646 E IMGMapper: set:488 set: Unset optional value from type SMPTE2086
11-05 23:24:25.261 17626 17646 E IMGMapper: set:488 set: Unset optional value from type CTA861_3
11-05 23:24:25.279 17626 17646 E IMGMapper: set:488 set: Unset optional value from type SMPTE2086
11-05 23:24:25.279 17626 17646 E IMGMapper: set:488 set: Unset optional value from type CTA861_3
11-05 23:24:25.302 17626 17646 E IMGMapper: set:488 set: Unset optional value from type SMPTE2086
11-05 23:24:25.302 17626 17646 E IMGMapper: set:488 set: Unset optional value from type CTA861_3
11-05 23:24:25.313 17626 17646 E IMGMapper: set:488 set: Unset optional value from type SMPTE2086
11-05 23:24:25.313 17626 17646 E IMGMapper: set:488 set: Unset optional value from type CTA861_3
11-05 23:24:25.333 17626 17646 E IMGMapper: set:488 set: Unset optional value from type SMPTE2086
11-05 23:24:25.333 17626 17646 E IMGMapper: set:488 set: Unset optional value from type CTA861_3
11-05 23:24:25.349 17626 17646 E IMGMapper: set:488 set: Unset optional value from type SMPTE2086
11-05 23:24:25.349 17626 17646 E IMGMapper: set:488 set: Unset optional value from type CTA861_3
11-05 23:24:25.362 17626 17646 E IMGMapper: set:488 set: Unset optional value from type SMPTE2086
11-05 23:24:25.363 17626 17646 E IMGMapper: set:488 set: Unset optional value from type CTA861_3
11-05 23:24:25.391 17626 17727 D skia    : SkJpegCodec::onGetPixels +
11-05 23:24:25.391 17626 17646 E IMGMapper: set:488 set: Unset optional value from type SMPTE2086
11-05 23:24:25.391 17626 17646 E IMGMapper: set:488 set: Unset optional value from type CTA861_3
11-05 23:24:25.405 17626 17728 D skia    : SkJpegCodec::onGetPixels +
11-05 23:24:25.409 17626 17646 E IMGMapper: set:488 set: Unset optional value from type SMPTE2086
11-05 23:24:25.409 17626 17646 E IMGMapper: set:488 set: Unset optional value from type CTA861_3
11-05 23:24:25.417 17626 17727 D skia    : SkJpegCodec::onGetPixels -
11-05 23:24:25.418 17626 17646 E IMGMapper: set:488 set: Unset optional value from type SMPTE2086
11-05 23:24:25.418 17626 17646 E IMGMapper: set:488 set: Unset optional value from type CTA861_3
11-05 23:24:25.424 17626 17728 D skia    : SkJpegCodec::onGetPixels -
11-05 23:24:25.429 17626 17646 E IMGMapper: set:488 set: Unset optional value from type SMPTE2086
11-05 23:24:25.429 17626 17646 E IMGMapper: set:488 set: Unset optional value from type CTA861_3
11-05 23:24:25.444 17626 17646 E IMGMapper: set:488 set: Unset optional value from type SMPTE2086
11-05 23:24:25.444 17626 17646 E IMGMapper: set:488 set: Unset optional value from type CTA861_3
11-05 23:24:25.464 17626 17646 E IMGMapper: set:488 set: Unset optional value from type SMPTE2086
11-05 23:24:25.464 17626 17646 E IMGMapper: set:488 set: Unset optional value from type CTA861_3
11-05 23:24:25.478 17626 17646 E IMGMapper: set:488 set: Unset optional value from type SMPTE2086
11-05 23:24:25.478 17626 17646 E IMGMapper: set:488 set: Unset optional value from type CTA861_3
11-05 23:24:25.494 17626 17646 E IMGMapper: set:488 set: Unset optional value from type SMPTE2086
11-05 23:24:25.494 17626 17646 E IMGMapper: set:488 set: Unset optional value from type CTA861_3
11-05 23:24:25.498 15628 15628 I wpa_supplicant: Heartbeat 862
11-05 23:24:25.510 17626 17646 E IMGMapper: set:488 set: Unset optional value from type SMPTE2086
11-05 23:24:25.511 17626 17646 E IMGMapper: set:488 set: Unset optional value from type CTA861_3
11-05 23:24:25.542 17626 17646 E IMGMapper: set:488 set: Unset optional value from type SMPTE2086
11-05 23:24:25.542 17626 17646 E IMGMapper: set:488 set: Unset optional value from type CTA861_3
11-05 23:24:25.553 17626 17646 E IMGMapper: set:488 set: Unset optional value from type SMPTE2086
11-05 23:24:25.553 17626 17646 E IMGMapper: set:488 set: Unset optional value from type CTA861_3
11-05 23:24:25.590 17626 17646 E IMGMapper: set:488 set: Unset optional value from type SMPTE2086
11-05 23:24:25.590  1693  1693 I WifiHAL : Get link layer stats
11-05 23:24:25.590  1693  1693 I WifiHAL : GetLinkStatsCommand::create
11-05 23:24:25.590 17626 17646 E IMGMapper: set:488 set: Unset optional value from type CTA861_3
11-05 23:24:25.590  1693  1693 D android.hardware.wifi@1.0-service-lazy: WifiRequest::create vendor command to iface 38, vendor_id=0x1a11, subcmd=0x1200, res=0
11-05 23:24:25.590  1693  1693 I android.hardware.wifi@1.0-service-lazy: WifiCommand::requestResponse err=-95
11-05 23:24:25.590  1693  1693 I WifiHAL : wifi_get_link_stats: result=-3
11-05 23:24:25.591  1187  1566 E WifiVendorHal: getWifiLinkLayerStats_1_5_Internal(l.1179) failed {.code = ERROR_NOT_SUPPORTED, .description = }
11-05 23:24:25.597  1187 22074 D SemWifiUsabilityStatsMonitor: onWifiUsabilityStats - seqNum 107331, isSameBssidAndFreq true
11-05 23:24:25.598  1187  1645 I SemWifiLinkQualityMonitor: Link Qos query: inf. ms / 0 Mbps
11-05 23:24:25.599 17626 17646 E IMGMapper: set:488 set: Unset optional value from type SMPTE2086
11-05 23:24:25.600 17626 17646 E IMGMapper: set:488 set: Unset optional value from type CTA861_3
11-05 23:24:25.600  1039  1039 I BufferQueueProducer: [com.cinemamovel/com.cinemamovel.MainActivity$_17626#687233](this:0xb400007a1f5fb838,id:-1,api:0,p:-1,c:1039) queueBuffer: fps=56.16 dur=1014.95 max=49.71 min=16.26
11-05 23:24:25.602   991   991 I hwcomposer: [HWCDisplay] [Display_0 (type:1)] fps:56.142441,dur:1015.27,max:49.28,min:15.25  
11-05 23:24:25.614 17626 17646 E IMGMapper: set:488 set: Unset optional value from type SMPTE2086
11-05 23:24:25.614 17626 17646 E IMGMapper: set:488 set: Unset optional value from type CTA861_3
11-05 23:24:25.631 17626 17646 E IMGMapper: set:488 set: Unset optional value from type SMPTE2086
11-05 23:24:25.631 17626 17646 E IMGMapper: set:488 set: Unset optional value from type CTA861_3
11-05 23:24:25.647 17626 17646 E IMGMapper: set:488 set: Unset optional value from type SMPTE2086
11-05 23:24:25.647 17626 17646 E IMGMapper: set:488 set: Unset optional value from type CTA861_3
11-05 23:24:25.665 17626 17646 E IMGMapper: set:488 set: Unset optional value from type SMPTE2086
11-05 23:24:25.665 17626 17646 E IMGMapper: set:488 set: Unset optional value from type CTA861_3
11-05 23:24:25.680 17626 17646 E IMGMapper: set:488 set: Unset optional value from type SMPTE2086
11-05 23:24:25.680 17626 17646 E IMGMapper: set:488 set: Unset optional value from type CTA861_3
11-05 23:24:25.697 17626 17646 E IMGMapper: set:488 set: Unset optional value from type SMPTE2086
11-05 23:24:25.697 17626 17646 E IMGMapper: set:488 set: Unset optional value from type CTA861_3
11-05 23:24:25.715 17626 17646 E IMGMapper: set:488 set: Unset optional value from type SMPTE2086
11-05 23:24:25.715 17626 17646 E IMGMapper: set:488 set: Unset optional value from type CTA861_3
11-05 23:24:25.732 17626 17646 E IMGMapper: set:488 set: Unset optional value from type SMPTE2086
11-05 23:24:25.733 17626 17646 E IMGMapper: set:488 set: Unset optional value from type CTA861_3
11-05 23:24:25.749 17626 17646 E IMGMapper: set:488 set: Unset optional value from type SMPTE2086
11-05 23:24:25.749 17626 17646 E IMGMapper: set:488 set: Unset optional value from type CTA861_3
11-05 23:24:25.764 17626 17646 E IMGMapper: set:488 set: Unset optional value from type SMPTE2086
11-05 23:24:25.764 17626 17646 E IMGMapper: set:488 set: Unset optional value from type CTA861_3
11-05 23:24:25.780 17626 17646 E IMGMapper: set:488 set: Unset optional value from type SMPTE2086
11-05 23:24:25.780 17626 17646 E IMGMapper: set:488 set: Unset optional value from type CTA861_3
11-05 23:24:25.798 17626 17646 E IMGMapper: set:488 set: Unset optional value from type SMPTE2086
11-05 23:24:25.798 17626 17646 E IMGMapper: set:488 set: Unset optional value from type CTA861_3
11-05 23:24:25.813 17626 17646 E IMGMapper: set:488 set: Unset optional value from type SMPTE2086
11-05 23:24:25.813 17626 17646 E IMGMapper: set:488 set: Unset optional value from type CTA861_3
11-05 23:24:25.826  1187  3218 D InputDispatcher: Inject motion (17801/2000): action=0x0, time=3402787467000000, f=0x0, d=0 dsdx=1.000000 dtdx=0.000000
11-05 23:24:25.827  1187  1534 I InputDispatcher: Delivering touch to (1737): action: 0x4, f=0x0, d=0, 'd92b8ad', t=1 
11-05 23:24:25.827  1187  1534 I InputDispatcher: Delivering touch to (17626): action: 0x0, f=0x0, d=0, 'ac43cb0', t=1 
11-05 23:24:25.827  1187  1534 D PowerManagerService: [api] userActivityFromNative :  (event: 2 flags: 0 displayId: 0) eventTime = 3402787467
11-05 23:24:25.827 17626 17626 I ViewRootImpl@706bef1[MainActivity]: ViewPostIme pointer 0
11-05 23:24:25.828  1187  1303 I GestureDetector: obtain mCurrentDownEvent. id: -920502010 caller: com.android.server.wm.SystemGesturesPointerEventListener.onPointerEvent:203 com.android.server.wm.PointerEventDispatcher.onInputEvent:53 android.view.InputEventReceiver.dispatchInputEvent:285 
11-05 23:24:25.829  1187  1303 I GestureDetector: obtain mCurrentDownEvent. id: -920502010 caller: com.android.server.wm.SystemPerformancePointerEventListener.onPointerEvent:89 com.android.server.wm.PointerEventDispatcher.onInputEvent:53 android.view.InputEventReceiver.dispatchInputEvent:285 
11-05 23:24:25.835 17626 17646 E IMGMapper: set:488 set: Unset optional value from type SMPTE2086
11-05 23:24:25.836 17626 17646 E IMGMapper: set:488 set: Unset optional value from type CTA861_3
11-05 23:24:25.842  1187  1303 I GestureDetector: obtain mCurrentMotionEventRaw. action: 2 id: -818280473
11-05 23:24:25.843  1187  1303 I GestureDetector: obtain mCurrentMotionEventRaw. action: 2 id: -818280473
11-05 23:24:25.848   896   910 I mtkpower_client: perf_lock_rel, hdl:1047480, tid:910
11-05 23:24:25.849   896   910 I mtkpower_client: perf_lock_acq, hdl:0, dur:0, num:2, tid:910
11-05 23:24:25.849  1014  1065 I libPowerHal: [perfLockRel] hdl:1047480, idx:0
11-05 23:24:25.850  1014  1065 I libPowerHal: vendor.samsung.: cpu_ctrl set cpu freq: 1218000 -1 -1 -1
11-05 23:24:25.851   896   910 I mtkpower_client: ret_hdl:1047482
11-05 23:24:25.851   896   910 I mtkpower_client: perf_lock_rel, hdl:1047481, tid:910
11-05 23:24:25.851  1014  1065 I libPowerHal: [perfLockAcq] idx:2 hdl:1047482 hint:-1 pid:896 duration:0 lock_user:vendor.samsung. => ret_hdl:1047482
11-05 23:24:25.851  1014  1065 I libPowerHal: vendor.samsung.: cpu_ctrl set cpu freq: 1218000 -1 1138000 -1
11-05 23:24:25.852   896   910 I mtkpower_client: perf_lock_acq, hdl:0, dur:0, num:2, tid:910
11-05 23:24:25.853  1014  1065 I libPowerHal: [perfLockRel] hdl:1047481, idx:1
11-05 23:24:25.853 17626 17646 E IMGMapper: set:488 set: Unset optional value from type SMPTE2086
11-05 23:24:25.853 17626 17646 E IMGMapper: set:488 set: Unset optional value from type CTA861_3
11-05 23:24:25.853  1014  1065 I libPowerHal: vendor.samsung.: cpu_ctrl set cpu freq: -1 -1 1138000 -1
11-05 23:24:25.855   896   910 I mtkpower_client: ret_hdl:1047483
11-05 23:24:25.855   896   910 I HYPER-HAL: [RequestManager.cpp]releaseLocked(): Released ID : 725427
11-05 23:24:25.855  1014  1065 I libPowerHal: [perfLockAcq] idx:0 hdl:1047483 hint:-1 pid:896 duration:0 lock_user:vendor.samsung. => ret_hdl:1047483
11-05 23:24:25.856  1014  1065 I libPowerHal: vendor.samsung.: cpu_ctrl set cpu freq: 1218000 -1 1138000 -1
11-05 23:24:25.869 17626 17646 E IMGMapper: set:488 set: Unset optional value from type SMPTE2086
11-05 23:24:25.869 17626 17646 E IMGMapper: set:488 set: Unset optional value from type CTA861_3
11-05 23:24:25.883 17626 17646 E IMGMapper: set:488 set: Unset optional value from type SMPTE2086
11-05 23:24:25.883 17626 17646 E IMGMapper: set:488 set: Unset optional value from type CTA861_3
11-05 23:24:25.907 17626 17646 E IMGMapper: set:488 set: Unset optional value from type SMPTE2086
11-05 23:24:25.907 17626 17646 E IMGMapper: set:488 set: Unset optional value from type CTA861_3
11-05 23:24:25.915 17626 17646 E IMGMapper: set:488 set: Unset optional value from type SMPTE2086
11-05 23:24:25.915 17626 17646 E IMGMapper: set:488 set: Unset optional value from type CTA861_3
11-05 23:24:25.929 17626 17646 E IMGMapper: set:488 set: Unset optional value from type SMPTE2086
11-05 23:24:25.929 17626 17646 E IMGMapper: set:488 set: Unset optional value from type CTA861_3
11-05 23:24:25.945 17626 17646 E IMGMapper: set:488 set: Unset optional value from type SMPTE2086
11-05 23:24:25.946 17626 17646 E IMGMapper: set:488 set: Unset optional value from type CTA861_3
11-05 23:24:25.961 17626 17646 E IMGMapper: set:488 set: Unset optional value from type SMPTE2086
11-05 23:24:25.961 17626 17646 E IMGMapper: set:488 set: Unset optional value from type CTA861_3
11-05 23:24:25.977 17626 17646 E IMGMapper: set:488 set: Unset optional value from type SMPTE2086
11-05 23:24:25.977 17626 17646 E IMGMapper: set:488 set: Unset optional value from type CTA861_3
11-05 23:24:25.994 17626 17646 E IMGMapper: set:488 set: Unset optional value from type SMPTE2086
11-05 23:24:25.994 17626 17646 E IMGMapper: set:488 set: Unset optional value from type CTA861_3
11-05 23:24:26.011 17626 17646 E IMGMapper: set:488 set: Unset optional value from type SMPTE2086
11-05 23:24:26.011 17626 17646 E IMGMapper: set:488 set: Unset optional value from type CTA861_3
11-05 23:24:26.030 17626 17646 E IMGMapper: set:488 set: Unset optional value from type SMPTE2086
11-05 23:24:26.030 17626 17646 E IMGMapper: set:488 set: Unset optional value from type CTA861_3
11-05 23:24:26.044 17626 17646 E IMGMapper: set:488 set: Unset optional value from type SMPTE2086
11-05 23:24:26.044 17626 17646 E IMGMapper: set:488 set: Unset optional value from type CTA861_3
11-05 23:24:26.069 17626 17646 E IMGMapper: set:488 set: Unset optional value from type SMPTE2086
11-05 23:24:26.069 17626 17646 E IMGMapper: set:488 set: Unset optional value from type CTA861_3
11-05 23:24:26.082  1205  1205 I thermal_repeater: socket -1
11-05 23:24:26.086 17626 17727 D skia    : SkJpegCodec::onGetPixels +
11-05 23:24:26.086 17626 17646 E IMGMapper: set:488 set: Unset optional value from type SMPTE2086
11-05 23:24:26.086 17626 17646 E IMGMapper: set:488 set: Unset optional value from type CTA861_3
11-05 23:24:26.093 17626 17646 E IMGMapper: set:488 set: Unset optional value from type SMPTE2086
11-05 23:24:26.093 17626 17646 E IMGMapper: set:488 set: Unset optional value from type CTA861_3
11-05 23:24:26.112 17626 17727 D skia    : SkJpegCodec::onGetPixels -
11-05 23:24:26.117 17626 17646 E IMGMapper: set:488 set: Unset optional value from type SMPTE2086
11-05 23:24:26.118 17626 17646 E IMGMapper: set:488 set: Unset optional value from type CTA861_3
11-05 23:24:26.130 17626 17646 E IMGMapper: set:488 set: Unset optional value from type SMPTE2086
11-05 23:24:26.130 17626 17646 E IMGMapper: set:488 set: Unset optional value from type CTA861_3
11-05 23:24:26.142  1187  3218 D InputDispatcher: Inject motion (17801/2000): action=0x1, time=3402787783000000, f=0x0, d=0 dsdx=1.000000 dtdx=0.000000
11-05 23:24:26.142  1187  1534 I InputDispatcher: Delivering touch to (17626): action: 0x1, f=0x0, d=0, 'ac43cb0', t=1 
11-05 23:24:26.143  1187  1187 I SemDvfsHyPerManager: acquire hyper - SMOOTH_SCROLL/1187@17, type = -999
11-05 23:24:26.144   896   910 I HYPER-HAL: [RequestManager.cpp]acquire(): Acquired ID : 725427  [1187 / 17]    HINT : SMOOTH_SCROLL    list : 
11-05 23:24:26.144   896   910 I mtkpower_client: perf_lock_rel, hdl:1047482, tid:910
11-05 23:24:26.145   896   910 I mtkpower_client: perf_lock_acq, hdl:0, dur:0, num:2, tid:910
11-05 23:24:26.145  1014  1065 I libPowerHal: [perfLockRel] hdl:1047482, idx:2
11-05 23:24:26.146  1014  1065 I libPowerHal: vendor.samsung.: cpu_ctrl set cpu freq: 1218000 -1 -1 -1
11-05 23:24:26.147  1187  1187 D SGM:GameManager: identifyGamePackage. com.cinemamovel, mCurrentUserId: 0, callerUserId: 0, callingMethodInfo: com.android.server.ssrm.fgapps.GameAppUtils.isGame(GameAppUtils.java:84)
11-05 23:24:26.147  1187  1187 D SGM:PkgDataHelper: getGamePkgData(). com.cinemamovel
11-05 23:24:26.147  1187  1187 I SemDvfsHyPerManager: acquire hyper - GESTURE_DETECTED/1187@18, type = -999
11-05 23:24:26.147 17626 17626 I ViewRootImpl@706bef1[MainActivity]: ViewPostIme pointer 1
11-05 23:24:26.148  1187  1187 D SGM:GameManager: identifyGamePackage. com.cinemamovel, mCurrentUserId: 0, callerUserId: 0, callingMethodInfo: com.android.server.ssrm.fgapps.GameAppUtils.isGame(GameAppUtils.java:84)
11-05 23:24:26.148  1187  1187 D SGM:PkgDataHelper: getGamePkgData(). com.cinemamovel
11-05 23:24:26.148  1187  1187 I SemDvfsHyPerManager: acquire hyper - GESTURE_DETECTED/1187@18, type = -999
11-05 23:24:26.154 17626 17646 E IMGMapper: set:488 set: Unset optional value from type SMPTE2086
11-05 23:24:26.155 17626 17646 E IMGMapper: set:488 set: Unset optional value from type CTA861_3
11-05 23:24:26.158  1187  1187 I SemDvfsHyPerManager: acquire hyper - SMOOTH_SCROLL/1187@17, type = -999
11-05 23:24:26.158   896   910 I mtkpower_client: ret_hdl:1047484
11-05 23:24:26.158   896   910 I mtkpower_client: perf_lock_rel, hdl:1047483, tid:910
11-05 23:24:26.159  1014  1065 I libPowerHal: [perfLockAcq] idx:1 hdl:1047484 hint:-1 pid:896 duration:0 lock_user:vendor.samsung. => ret_hdl:1047484
11-05 23:24:26.159  1014  1065 I libPowerHal: vendor.samsung.: cpu_ctrl set cpu freq: 1218000 -1 1138000 -1
11-05 23:24:26.163   896   910 I mtkpower_client: perf_lock_acq, hdl:0, dur:0, num:2, tid:910
11-05 23:24:26.163 17626 17646 E IMGMapper: set:488 set: Unset optional value from type SMPTE2086
11-05 23:24:26.163 17626 17646 E IMGMapper: set:488 set: Unset optional value from type CTA861_3
11-05 23:24:26.163  1014  1065 I libPowerHal: [perfLockRel] hdl:1047483, idx:0
11-05 23:24:26.163  1014  1065 I libPowerHal: vendor.samsung.: cpu_ctrl set cpu freq: -1 -1 1138000 -1
11-05 23:24:26.166   896   910 I mtkpower_client: ret_hdl:1047485
11-05 23:24:26.166   896   910 I mtkpower_client: perf_lock_rel, hdl:1047484, tid:910
11-05 23:24:26.167  1014  1065 I libPowerHal: [perfLockAcq] idx:0 hdl:1047485 hint:-1 pid:896 duration:0 lock_user:vendor.samsung. => ret_hdl:1047485
11-05 23:24:26.167  1014  1065 I libPowerHal: vendor.samsung.: cpu_ctrl set cpu freq: 1218000 -1 1138000 -1
11-05 23:24:26.170   896   910 I mtkpower_client: perf_lock_acq, hdl:0, dur:0, num:2, tid:910
11-05 23:24:26.171  1014  1065 I libPowerHal: [perfLockRel] hdl:1047484, idx:1
11-05 23:24:26.171  1014  1065 I libPowerHal: vendor.samsung.: cpu_ctrl set cpu freq: 1218000 -1 -1 -1
11-05 23:24:26.172   896   910 I mtkpower_client: ret_hdl:1047486
11-05 23:24:26.172   896   910 I mtkpower_client: perf_lock_rel, hdl:1047485, tid:910
11-05 23:24:26.173  1014  1065 I libPowerHal: [perfLockAcq] idx:1 hdl:1047486 hint:-1 pid:896 duration:0 lock_user:vendor.samsung. => ret_hdl:1047486
11-05 23:24:26.173  1014  1065 I libPowerHal: vendor.samsung.: cpu_ctrl set cpu freq: 1218000 -1 1138000 -1
11-05 23:24:26.174   896   910 I mtkpower_client: perf_lock_acq, hdl:0, dur:0, num:2, tid:910
11-05 23:24:26.174  1014  1065 I libPowerHal: [perfLockRel] hdl:1047485, idx:0
11-05 23:24:26.174  1014  1065 I libPowerHal: vendor.samsung.: cpu_ctrl set cpu freq: -1 -1 1138000 -1
11-05 23:24:26.175   896   910 I mtkpower_client: ret_hdl:1047487
11-05 23:24:26.175   896   910 I HYPER-HAL: [RequestManager.cpp]releaseLocked(): Released ID : 725427
11-05 23:24:26.175  1014  1065 I libPowerHal: [perfLockAcq] idx:2 hdl:1047487 hint:-1 pid:896 duration:0 lock_user:vendor.samsung. => ret_hdl:1047487
11-05 23:24:26.175   896   910 I HYPER-HAL: [RequestManager.cpp]acquire(): Acquired ID : 726633  [1187 / 18]    HINT : GESTURE_DETECTED    list : [TIMEOUT / 1702] 
11-05 23:24:26.176   896   910 I HYPER-HAL: [RequestManager.cpp]acquire(): Acquired ID : 726633  [1187 / 18]    HINT : GESTURE_DETECTED    list : [TIMEOUT / 1702] 
11-05 23:24:26.176   896   910 I HYPER-HAL: [RequestManager.cpp]acquire(): Acquired ID : 725427  [1187 / 17]    HINT : SMOOTH_SCROLL    list : 
11-05 23:24:26.176  1014  1065 I libPowerHal: vendor.samsung.: cpu_ctrl set cpu freq: 1218000 -1 1138000 -1
11-05 23:24:26.176   896   910 I mtkpower_client: perf_lock_rel, hdl:1047486, tid:910
11-05 23:24:26.176 17626 17646 E IMGMapper: set:488 set: Unset optional value from type SMPTE2086
11-05 23:24:26.176   896   910 I mtkpower_client: perf_lock_acq, hdl:0, dur:0, num:2, tid:910
11-05 23:24:26.177 17626 17646 E IMGMapper: set:488 set: Unset optional value from type CTA861_3
11-05 23:24:26.177  1014  1065 I libPowerHal: [perfLockRel] hdl:1047486, idx:1
11-05 23:24:26.177  1014  1065 I libPowerHal: vendor.samsung.: cpu_ctrl set cpu freq: 1218000 -1 -1 -1
11-05 23:24:26.178   896   910 I mtkpower_client: ret_hdl:1047488
11-05 23:24:26.178   896   910 I mtkpower_client: perf_lock_rel, hdl:1047487, tid:910
11-05 23:24:26.178  1014  1065 I libPowerHal: [perfLockAcq] idx:0 hdl:1047488 hint:-1 pid:896 duration:0 lock_user:vendor.samsung. => ret_hdl:1047488
11-05 23:24:26.178  1014  1065 I libPowerHal: vendor.samsung.: cpu_ctrl set cpu freq: 1218000 -1 1138000 -1
11-05 23:24:26.179   896   910 I mtkpower_client: perf_lock_acq, hdl:0, dur:0, num:2, tid:910
11-05 23:24:26.179  1014  1065 I libPowerHal: [perfLockRel] hdl:1047487, idx:2
11-05 23:24:26.179  1014  1065 I libPowerHal: vendor.samsung.: cpu_ctrl set cpu freq: -1 -1 1138000 -1
11-05 23:24:26.180   896   910 I mtkpower_client: ret_hdl:1047489
11-05 23:24:26.180  1014  1065 I libPowerHal: [perfLockAcq] idx:1 hdl:1047489 hint:-1 pid:896 duration:0 lock_user:vendor.samsung. => ret_hdl:1047489
11-05 23:24:26.180  1014  1065 I libPowerHal: vendor.samsung.: cpu_ctrl set cpu freq: 1218000 -1 1138000 -1
11-05 23:24:26.182 17626 17731 D skia    : SkJpegCodec::onGetPixels +
11-05 23:24:26.193 17626 17646 E IMGMapper: set:488 set: Unset optional value from type SMPTE2086
11-05 23:24:26.193 17626 17646 E IMGMapper: set:488 set: Unset optional value from type CTA861_3
11-05 23:24:26.204 17626 17731 D skia    : SkJpegCodec::onGetPixels -
11-05 23:24:26.211 17626 17646 E IMGMapper: set:488 set: Unset optional value from type SMPTE2086
11-05 23:24:26.211 17626 17646 E IMGMapper: set:488 set: Unset optional value from type CTA861_3
11-05 23:24:26.232 17626 17646 E IMGMapper: set:488 set: Unset optional value from type SMPTE2086
11-05 23:24:26.232 17626 17646 E IMGMapper: set:488 set: Unset optional value from type CTA861_3
11-05 23:24:26.247 17626 17646 E IMGMapper: set:488 set: Unset optional value from type SMPTE2086
11-05 23:24:26.247 17626 17646 E IMGMapper: set:488 set: Unset optional value from type CTA861_3
11-05 23:24:26.255 17626 17728 D skia    : SkJpegCodec::onGetPixels +
11-05 23:24:26.262 17626 17646 E IMGMapper: set:488 set: Unset optional value from type SMPTE2086
11-05 23:24:26.262 17626 17646 E IMGMapper: set:488 set: Unset optional value from type CTA861_3
11-05 23:24:26.264 17626 17732 D skia    : SkJpegCodec::onGetPixels +
11-05 23:24:26.276 17626 17728 D skia    : SkJpegCodec::onGetPixels -
11-05 23:24:26.280 17626 17732 D skia    : SkJpegCodec::onGetPixels -
11-05 23:24:26.284 17626 17646 E IMGMapper: set:488 set: Unset optional value from type SMPTE2086
11-05 23:24:26.284 17626 17646 E IMGMapper: set:488 set: Unset optional value from type CTA861_3
11-05 23:24:26.295 17626 17646 E IMGMapper: set:488 set: Unset optional value from type SMPTE2086
11-05 23:24:26.295 17626 17646 E IMGMapper: set:488 set: Unset optional value from type CTA861_3
11-05 23:24:26.312 17626 17646 E IMGMapper: set:488 set: Unset optional value from type SMPTE2086
11-05 23:24:26.312 17626 17646 E IMGMapper: set:488 set: Unset optional value from type CTA861_3
11-05 23:24:26.336 17626 17646 E IMGMapper: set:488 set: Unset optional value from type SMPTE2086
11-05 23:24:26.336 17626 17646 E IMGMapper: set:488 set: Unset optional value from type CTA861_3
11-05 23:24:26.352 17626 17646 E IMGMapper: set:488 set: Unset optional value from type SMPTE2086
11-05 23:24:26.353 17626 17646 E IMGMapper: set:488 set: Unset optional value from type CTA861_3
11-05 23:24:26.353  1737  1942 D MobileStatusTracker(0/2): onSignalStrengthsChanged level=3, vendorLevel=3
11-05 23:24:26.355  1737  1942 D MobileSignalController(0/2): notifyListener: enabled=true, connected=true, dataConnected=true, networkType=LTE (4G), emergencyOnly=false, roaming=false, isDefault=false, dataActivity=, level=3, ca=false, mmWave=false, disabledDataIcon=false, simCard=ETC
11-05 23:24:26.356  1737  1942 D NetworkController: SignalStrength from intent slotId=0
11-05 23:24:26.365 17626 17646 E IMGMapper: set:488 set: Unset optional value from type SMPTE2086
11-05 23:24:26.366 17626 17646 E IMGMapper: set:488 set: Unset optional value from type CTA861_3
11-05 23:24:26.419 17626 17646 E IMGMapper: set:488 set: Unset optional value from type SMPTE2086
11-05 23:24:26.420 17626 17646 E IMGMapper: set:488 set: Unset optional value from type CTA861_3
11-05 23:24:26.428 17626 17646 E IMGMapper: set:488 set: Unset optional value from type SMPTE2086
11-05 23:24:26.428 17626 17646 E IMGMapper: set:488 set: Unset optional value from type CTA861_3
11-05 23:24:26.444 17626 17646 E IMGMapper: set:488 set: Unset optional value from type SMPTE2086
11-05 23:24:26.444 17626 17646 E IMGMapper: set:488 set: Unset optional value from type CTA861_3
11-05 23:24:26.462 17626 17646 E IMGMapper: set:488 set: Unset optional value from type SMPTE2086
11-05 23:24:26.462 17626 17646 E IMGMapper: set:488 set: Unset optional value from type CTA861_3
11-05 23:24:26.478 17626 17646 E IMGMapper: set:488 set: Unset optional value from type SMPTE2086
11-05 23:24:26.478 17626 17646 E IMGMapper: set:488 set: Unset optional value from type CTA861_3
11-05 23:24:26.495 17626 17646 E IMGMapper: set:488 set: Unset optional value from type SMPTE2086
11-05 23:24:26.495 17626 17646 E IMGMapper: set:488 set: Unset optional value from type CTA861_3
11-05 23:24:26.505 17626 17728 D skia    : SkJpegCodec::onGetPixels +
11-05 23:24:26.513 17626 17646 E IMGMapper: set:488 set: Unset optional value from type SMPTE2086
11-05 23:24:26.513 17626 17646 E IMGMapper: set:488 set: Unset optional value from type CTA861_3
11-05 23:24:26.523 17626 17728 D skia    : SkJpegCodec::onGetPixels -
11-05 23:24:26.535 17626 17646 E IMGMapper: set:488 set: Unset optional value from type SMPTE2086
11-05 23:24:26.536 17626 17646 E IMGMapper: set:488 set: Unset optional value from type CTA861_3
11-05 23:24:26.546 17626 17646 E IMGMapper: set:488 set: Unset optional value from type SMPTE2086
11-05 23:24:26.546 17626 17646 E IMGMapper: set:488 set: Unset optional value from type CTA861_3
11-05 23:24:26.562 17626 17646 E IMGMapper: set:488 set: Unset optional value from type SMPTE2086
11-05 23:24:26.562 17626 17646 E IMGMapper: set:488 set: Unset optional value from type CTA861_3
11-05 23:24:26.573 17626 17731 D skia    : SkJpegCodec::onGetPixels +
11-05 23:24:26.577 17626 17646 E IMGMapper: set:488 set: Unset optional value from type SMPTE2086
11-05 23:24:26.577 17626 17646 E IMGMapper: set:488 set: Unset optional value from type CTA861_3
11-05 23:24:26.586 17626 17731 D skia    : SkJpegCodec::onGetPixels -
11-05 23:24:26.596 17626 17646 E IMGMapper: set:488 set: Unset optional value from type SMPTE2086
11-05 23:24:26.596 17626 17646 E IMGMapper: set:488 set: Unset optional value from type CTA861_3
11-05 23:24:26.610 17626 17646 E IMGMapper: set:488 set: Unset optional value from type SMPTE2086
11-05 23:24:26.610 17626 17646 E IMGMapper: set:488 set: Unset optional value from type CTA861_3
11-05 23:24:26.615  1039  1039 I BufferQueueProducer: [com.cinemamovel/com.cinemamovel.MainActivity$_17626#687233](this:0xb400007a1f5fb838,id:-1,api:0,p:-1,c:1039) queueBuffer: fps=58.12 dur=1015.23 max=50.12 min=15.98
11-05 23:24:26.617   991   991 I hwcomposer: [HWCDisplay] [Display_0 (type:1)] fps:58.129135,dur:1014.98,max:50.50,min:15.52  
11-05 23:24:26.637 17626 17646 E IMGMapper: set:488 set: Unset optional value from type SMPTE2086
11-05 23:24:26.637 17626 17646 E IMGMapper: set:488 set: Unset optional value from type CTA861_3
11-05 23:24:26.651 17626 17646 E IMGMapper: set:488 set: Unset optional value from type SMPTE2086
11-05 23:24:26.651 17626 17646 E IMGMapper: set:488 set: Unset optional value from type CTA861_3
11-05 23:24:26.669 17626 17646 E IMGMapper: set:488 set: Unset optional value from type SMPTE2086
11-05 23:24:26.669 17626 17646 E IMGMapper: set:488 set: Unset optional value from type CTA861_3
11-05 23:24:26.696 17626 17732 D skia    : SkJpegCodec::onGetPixels +
11-05 23:24:26.708 17626 17646 E IMGMapper: set:488 set: Unset optional value from type SMPTE2086
11-05 23:24:26.708 17626 17646 E IMGMapper: set:488 set: Unset optional value from type CTA861_3
11-05 23:24:26.714 17626 17728 D skia    : SkJpegCodec::onGetPixels +
11-05 23:24:26.715 17626 17732 D skia    : SkJpegCodec::onGetPixels -
11-05 23:24:26.726 17626 17646 E IMGMapper: set:488 set: Unset optional value from type SMPTE2086
11-05 23:24:26.726 17626 17646 E IMGMapper: set:488 set: Unset optional value from type CTA861_3
11-05 23:24:26.740 17626 17728 D skia    : SkJpegCodec::onGetPixels -
11-05 23:24:26.742 17626 17646 E IMGMapper: set:488 set: Unset optional value from type SMPTE2086
11-05 23:24:26.742 17626 17646 E IMGMapper: set:488 set: Unset optional value from type CTA861_3
11-05 23:24:26.759 17626 17646 E IMGMapper: set:488 set: Unset optional value from type SMPTE2086
11-05 23:24:26.760 17626 17646 E IMGMapper: set:488 set: Unset optional value from type CTA861_3
11-05 23:24:26.776 17626 17646 E IMGMapper: set:488 set: Unset optional value from type SMPTE2086
11-05 23:24:26.776 17626 17646 E IMGMapper: set:488 set: Unset optional value from type CTA861_3
11-05 23:24:26.792 17626 17646 E IMGMapper: set:488 set: Unset optional value from type SMPTE2086
11-05 23:24:26.792 17626 17646 E IMGMapper: set:488 set: Unset optional value from type CTA861_3
11-05 23:24:26.809 17626 17646 E IMGMapper: set:488 set: Unset optional value from type SMPTE2086
11-05 23:24:26.809 17626 17646 E IMGMapper: set:488 set: Unset optional value from type CTA861_3
11-05 23:24:26.826 17626 17646 E IMGMapper: set:488 set: Unset optional value from type SMPTE2086
11-05 23:24:26.826 17626 17646 E IMGMapper: set:488 set: Unset optional value from type CTA861_3
11-05 23:24:26.828  1200  1324 D ULogGuard: Monitoring: 16 threads, 0 requests, 0 time-bombs; 1 guards. ResetFlags = 0x7
11-05 23:24:26.841 17626 17646 E IMGMapper: set:488 set: Unset optional value from type SMPTE2086
11-05 23:24:26.841 17626 17646 E IMGMapper: set:488 set: Unset optional value from type CTA861_3
11-05 23:24:26.859 17626 17646 E IMGMapper: set:488 set: Unset optional value from type SMPTE2086
11-05 23:24:26.859 17626 17646 E IMGMapper: set:488 set: Unset optional value from type CTA861_3
11-05 23:24:26.885 17626 17646 E IMGMapper: set:488 set: Unset optional value from type SMPTE2086
11-05 23:24:26.885 17626 17646 E IMGMapper: set:488 set: Unset optional value from type CTA861_3
11-05 23:24:26.902 17626 17646 E IMGMapper: set:488 set: Unset optional value from type SMPTE2086
11-05 23:24:26.902 17626 17646 E IMGMapper: set:488 set: Unset optional value from type CTA861_3
11-05 23:24:26.926  1711  2457 D PhoneInterfaceManager: setDataEnabledForReason() Reason=1 Pid=1187 App=system
11-05 23:24:26.929  1711  2457 D PhoneInterfaceManager: setDataEnabledForReason() Reason=1 Pid=1187 App=system
11-05 23:24:26.931 17626 17646 E IMGMapper: set:488 set: Unset optional value from type SMPTE2086
11-05 23:24:26.931 17626 17646 E IMGMapper: set:488 set: Unset optional value from type CTA861_3
11-05 23:24:26.945 17626 17646 E IMGMapper: set:488 set: Unset optional value from type SMPTE2086
11-05 23:24:26.945 17626 17646 E IMGMapper: set:488 set: Unset optional value from type CTA861_3
11-05 23:24:26.960 17626 17646 E IMGMapper: set:488 set: Unset optional value from type SMPTE2086
11-05 23:24:26.960 17626 17646 E IMGMapper: set:488 set: Unset optional value from type CTA861_3
11-05 23:24:26.978 17626 17646 E IMGMapper: set:488 set: Unset optional value from type SMPTE2086
11-05 23:24:26.978 17626 17646 E IMGMapper: set:488 set: Unset optional value from type CTA861_3
11-05 23:24:26.995 17626 17646 E IMGMapper: set:488 set: Unset optional value from type SMPTE2086
11-05 23:24:26.995 17626 17646 E IMGMapper: set:488 set: Unset optional value from type CTA861_3
11-05 23:24:26.999   543   543 D io_stats: !@ 179,0 r 628661755 7593905366 w 113817797 1206069216 d 1261336 33797848 f 0 0 iot 323617152 0 th 0 0 0 pt 0 inp 0 0 3402788.640
11-05 23:24:27.009 17626 17646 E IMGMapper: set:488 set: Unset optional value from type SMPTE2086
11-05 23:24:27.009 17626 17646 E IMGMapper: set:488 set: Unset optional value from type CTA861_3
11-05 23:24:27.026 17626 17646 E IMGMapper: set:488 set: Unset optional value from type SMPTE2086
11-05 23:24:27.026 17626 17646 E IMGMapper: set:488 set: Unset optional value from type CTA861_3
11-05 23:24:27.042 17626 17646 E IMGMapper: set:488 set: Unset optional value from type SMPTE2086
11-05 23:24:27.043 17626 17646 E IMGMapper: set:488 set: Unset optional value from type CTA861_3
11-05 23:24:27.059 17626 17646 E IMGMapper: set:488 set: Unset optional value from type SMPTE2086
11-05 23:24:27.059 17626 17646 E IMGMapper: set:488 set: Unset optional value from type CTA861_3
11-05 23:24:27.076 17626 17646 E IMGMapper: set:488 set: Unset optional value from type SMPTE2086
11-05 23:24:27.076 17626 17646 E IMGMapper: set:488 set: Unset optional value from type CTA861_3
11-05 23:24:27.092 17626 17646 E IMGMapper: set:488 set: Unset optional value from type SMPTE2086
11-05 23:24:27.093 17626 17646 E IMGMapper: set:488 set: Unset optional value from type CTA861_3
11-05 23:24:27.109 17626 17646 E IMGMapper: set:488 set: Unset optional value from type SMPTE2086
11-05 23:24:27.109 17626 17646 E IMGMapper: set:488 set: Unset optional value from type CTA861_3
11-05 23:24:27.126 17626 17646 E IMGMapper: set:488 set: Unset optional value from type SMPTE2086
11-05 23:24:27.126 17626 17646 E IMGMapper: set:488 set: Unset optional value from type CTA861_3
11-05 23:24:27.144 17626 17646 E IMGMapper: set:488 set: Unset optional value from type SMPTE2086
11-05 23:24:27.144 17626 17646 E IMGMapper: set:488 set: Unset optional value from type CTA861_3
11-05 23:24:27.159 17626 17646 E IMGMapper: set:488 set: Unset optional value from type SMPTE2086
11-05 23:24:27.159  8472  8538 I WM-WorkerWrapper: Worker result SUCCESS for Work [ id=2e4c12a7-2543-4b5e-a189-ddbf4a4d6d07, tags={ com.whatsapp.messaging.xmpp.XmppLifecycleWorker } ]
11-05 23:24:27.160 17626 17646 E IMGMapper: set:488 set: Unset optional value from type CTA861_3
11-05 23:24:27.164  8472  8472 D WM-Processor: DhI 2e4c12a7-2543-4b5e-a189-ddbf4a4d6d07 executed; reschedule = false
11-05 23:24:27.165  8472  8472 D WM-GreedyScheduler: Stopping tracking for WorkGenerationalId(workSpecId=2e4c12a7-2543-4b5e-a189-ddbf4a4d6d07, generation=0)
11-05 23:24:27.165  8472  8472 D WM-SystemJobService: 2e4c12a7-2543-4b5e-a189-ddbf4a4d6d07 executed on JobScheduler
11-05 23:24:27.177  1187  3197 I ActivityManager: Changes in 10250 8 to 10, 8 to 0
11-05 23:24:27.178 17626 17646 E IMGMapper: set:488 set: Unset optional value from type SMPTE2086
11-05 23:24:27.178 17626 17646 E IMGMapper: set:488 set: Unset optional value from type CTA861_3
11-05 23:24:27.180  1187  1352 E AppOps  : evalMode() Foreground mode : uid - 10250, op - 27, capability - 0
11-05 23:24:27.180  1187  1352 E AppOps  : evalMode() Foreground mode : uid - 10250, op - 26, capability - 0
11-05 23:24:27.180  7764  9773 I dwky    : (REDACTED) appOpsListener %s %s
11-05 23:24:27.181  1187  1352 E AppOps  : evalMode() Foreground mode : uid - 10250, op - 1, capability - 0
11-05 23:24:27.181  7764  9773 I dwky    : (REDACTED) Ignoring irrelevant audio permission changes for package %s
11-05 23:24:27.185 17626 17653 I ReactNativeJS: [auto-dump]
11-05 23:24:27.185 17626 17653 I ReactNativeJS: ---IMG_METRICS_START---
11-05 23:24:27.186 17626 17653 I ReactNativeJS: {
11-05 23:24:27.186 17626 17653 I ReactNativeJS:   "dashboardRenders": 1,
11-05 23:24:27.186 17626 17653 I ReactNativeJS:   "cardRenders": {
11-05 23:24:27.186 17626 17653 I ReactNativeJS:     "155": 19,
11-05 23:24:27.186 17626 17653 I ReactNativeJS:     "7451": 21,
11-05 23:24:27.186 17626 17653 I ReactNativeJS:     "13494": 25,
11-05 23:24:27.186 17626 17653 I ReactNativeJS:     "70196": 4,
11-05 23:24:27.186 17626 17653 I ReactNativeJS:     "138843": 16,
11-05 23:24:27.186 17626 17653 I ReactNativeJS:     "157336": 11,
11-05 23:24:27.186 17626 17653 I ReactNativeJS:     "423108": 4,
11-05 23:24:27.186 17626 17653 I ReactNativeJS:     "506763": 25,
11-05 23:24:27.186 17626 17653 I ReactNativeJS:     "541671": 17,
11-05 23:24:27.186 17626 17653 I ReactNativeJS:     "552524": 19,
11-05 23:24:27.186 17626 17653 I ReactNativeJS:     "574475": 9,
11-05 23:24:27.186 17626 17653 I ReactNativeJS:     "575265": 25,
11-05 23:24:27.186 17626 17653 I ReactNativeJS:     "604079": 18,
11-05 23:24:27.186 17626 17653 I ReactNativeJS:     "617126": 21,
11-05 23:24:27.186 17626 17653 I ReactNativeJS:     "660033": 13,
11-05 23:24:27.186 17626 17653 I ReactNativeJS:     "691363": 21,
11-05 23:24:27.186 17626 17653 I ReactNativeJS:     "715287": 11,
11-05 23:24:27.186 17626 17653 I ReactNativeJS:     "755898": 25,
11-05 23:24:27.186 17626 17653 I ReactNativeJS:     "803796": 25,
11-05 23:24:27.186 17626 17653 I ReactNativeJS:     "911430": 25,
11-05 23:24:27.186 17626 17653 I ReactNativeJS:     "914215": 25,
11-05 23:24:27.186 17626 17653 I ReactNativeJS:     "974397": 3,
11-05 23:24:27.186 17626 17653 I ReactNativeJS:     "980477": 20,
11-05 23:24:27.186 17626 17653 I ReactNativeJS:     "987400": 25,
11-05 23:24:27.186 17626 17653 I ReactNativeJS:     "993234": 14,
11-05 23:24:27.186 17626 17653 I ReactNativeJS:     "994682": 13,
11-05 23:24:27.186 17626 17653 I ReactNativeJS:     "1007734": 25,
11-05 23:24:27.186 17626 17653 I ReactNativeJS:     "1011477": 3,
11-05 23:24:27.186 17626 17653 I ReactNativeJS:     "1022787": 16,
11-05 23:24:27.186 17626 17653 I ReactNativeJS:     "1028248": 25,
11-05 23:24:27.186 17626 17653 I ReactNativeJS:     "1035259": 25,
11-05 23:24:27.186 17626 17653 I ReactNativeJS:     "1038392": 25,
11-05 23:24:27.186 17626 17653 I ReactNativeJS:     "1051486": 25,
11-05 23:24:27.186 17626 17653 I ReactNativeJS:     "1061474": 25,
11-05 23:24:27.186 17626 17653 I ReactNativeJS:     "1071585": 4,
11-05 23:24:27.186 17626 17653 I ReactNativeJS:     "1078605": 25,
11-05 23:24:27.186 17626 17653 I ReactNativeJS:     "1083433": 9,
11-05 23:24:27.186 17626 17653 I ReactNativeJS:     "1087192": 25,
11-05 23:24:27.186 17626 17653 I ReactNativeJS:     "1119878": 21,
11-05 23:24:27.186 17626 17653 I ReactNativeJS:     "1125257": 14,
11-05 23:24:27.186 17626 17653 I ReactNativeJS:     "1151031": 6,
11-05 23:24:27.186 17626 17653 I ReactNativeJS:     "1151334": 21,
11-05 23:24:27.186 17626 17653 I ReactNativeJS:     "1175942": 21,
11-05 23:24:27.186 17626 17653 I ReactNativeJS:     "1188808": 20,
11-05 23:24:27.186 17626 17653 I ReactNativeJS:     "1234821": 25,
11-05 23:24:27.186 17626 17653 I ReactNativeJS:     "1241470": 2,
11-05 23:24:27.186 17626 17653 I ReactNativeJS:     "1242011": 25,
11-05 23:24:27.186 17626 17653 I ReactNativeJS:     "1242434": 9,
11-05 23:24:27.186 17626 17653 I ReactNativeJS:     "1244953": 8,
11-05 23:24:27.186 17626 17653 I ReactNativeJS:     "1252428": 18,
11-05 23:24:27.186 17626 17653 I ReactNativeJS:     "1265344": 21,
11-05 23:24:27.186 17626 17653 I ReactNativeJS:     "1284120": 15,
11-05 23:24:27.186 17626 17653 I ReactNativeJS:     "1311031": 25,
11-05 23:24:27.186 17626 17653 I ReactNativeJS:     "1321439": 17,
11-05 23:24:27.186 17626 17653 I ReactNativeJS:     "1354441": 6,
11-05 23:24:27.186 17626 17653 I ReactNativeJS:     "1367575": 15,
11-05 23:24:27.186 17626 17653 I ReactNativeJS:     "1369679": 25,
11-05 23:24:27.186 17626 17653 I ReactNativeJS:     "1382406": 21,
11-05 23:24:27.186 17626 17653 I ReactNativeJS:     "1403735": 4,
11-05 23:24:27.186 17626 17653 I ReactNativeJS:     "1470086": 2,
11-05 23:24:27.186 17626 17653 I ReactNativeJS:     "1506456": 9,
