11-05 23:24:28.209  1187  1187 D EdgeLightingManager: showForNotification : isInteractive=true, isHeadUp=true, color=0, canBypassDnd=false, sbn = StatusBarNotification(pkg=com.whatsapp user=UserHandle{0} id=1 tag=null key=0|com.whatsapp|1|null|10250: Notification(channel=individual_chat_defaults_4 shortcut=558588869321@s.whatsapp.net contentView=null vibrate=null sound=null tick defaults=0x0 flags=0x200 color=0xff21c063 category=msg groupKey=group_key_messages vis=PRIVATE publicVersion=Notification(channel=null shortcut=null contentView=null vibrate=null sound=null defaults=0x0 flags=0x0 color=0xff21c063 category=msg vis=PRIVATE semFlags=0x0 semPriority=0 semMissedCount=0) semFlags=0x0 semPriority=0 semMissedCount=0))
11-05 23:24:28.209  1187  1187 D EdgeLightingClientManager: isAvailableEdgeLighting: condition=1 mCondition=1 mIsConnected=false0
11-05 23:24:28.209  1187  1187 D EdgeLightingPolicyManager: isAcceptableApplication:  pkg=com.whatsapp , range=256 , includeAllApp=false , userId=0 , infoRange=0 , infoCategory=0
11-05 23:24:28.209  1187  1187 W CoverManager: getCoverState : This device is not supported cover
11-05 23:24:28.209  1187  1187 D EdgeLightingPolicyManager: putNotification tickerText:true,titleText:true,text:true,sub:falsecn= + null
11-05 23:24:28.209  1187  1187 D EdgeLightingPolicyManager.NotificationGroup: updateNotificationData replace :0|com.whatsapp|g:group_key_messages, group  size=3
11-05 23:24:28.209  1187  1187 D EdgeLightingPolicyManager.NotificationGroup:  last child 0|com.whatsapp|1|NrEkRZN4asMMHfvpD3nFUz0J6O/RsT+hb3erzx4BUAk=
11-05 23:24:28.209  1187  1187 D EdgeLightingPolicyManager.NotificationGroup: |10250= NotificationData { tag= NrEkRZN4asMMHfvpD3nFUz0J6O/RsT+hb3erzx4BUAk=
11-05 23:24:28.209  1187  1187 D EdgeLightingPolicyManager.NotificationGroup:  } 
11-05 23:24:28.209  1187  1187 D EdgeLightingPolicyManager.NotificationGroup:  last child 0|com.whatsapp|1|NrEkRZN4asMMHfvpD3nFUz0J6O/RsT+hb3erzx4BUAk=
11-05 23:24:28.209  1187  1187 D EdgeLightingPolicyManager.NotificationGroup: |10250= NotificationData { tag= NrEkRZN4asMMHfvpD3nFUz0J6O/RsT+hb3erzx4BUAk=
11-05 23:24:28.209  1187  1187 D EdgeLightingPolicyManager.NotificationGroup:  } 
11-05 23:24:28.209  1187  1187 D EdgeLightingPolicyManager.NotificationGroup:  last child 0|com.whatsapp|1|NrEkRZN4asMMHfvpD3nFUz0J6O/RsT+hb3erzx4BUAk=
11-05 23:24:28.209  1187  1187 D EdgeLightingPolicyManager.NotificationGroup: |10250= NotificationData { tag= NrEkRZN4asMMHfvpD3nFUz0J6O/RsT+hb3erzx4BUAk=
11-05 23:24:28.209  1187  1187 D EdgeLightingPolicyManager.NotificationGroup:  } 
11-05 23:24:28.209  1187  1187 D EdgeLightingPolicyManager.NotificationGroup:  last child 0|com.whatsapp|1|NrEkRZN4asMMHfvpD3nFUz0J6O/RsT+hb3erzx4BUAk=
11-05 23:24:28.209  1187  1187 D EdgeLightingPolicyManager.NotificationGroup: |10250= NotificationData { tag= NrEkRZN4asMMHfvpD3nFUz0J6O/RsT+hb3erzx4BUAk=
11-05 23:24:28.209  1187  1187 D EdgeLightingPolicyManager.NotificationGroup:  } 
11-05 23:24:28.210  1187  1187 D EdgeLightingPolicyManager.NotificationGroup:  last child 0|com.whatsapp|1|NrEkRZN4asMMHfvpD3nFUz0J6O/RsT+hb3erzx4BUAk=
11-05 23:24:28.210  1187  1187 D EdgeLightingPolicyManager.NotificationGroup: |10250= NotificationData { tag= NrEkRZN4asMMHfvpD3nFUz0J6O/RsT+hb3erzx4BUAk=
11-05 23:24:28.210  1187  1187 D EdgeLightingPolicyManager.NotificationGroup:  } 
11-05 23:24:28.210  1187  1187 D EdgeLightingPolicyManager.NotificationGroup:  last child 0|com.whatsapp|1|NrEkRZN4asMMHfvpD3nFUz0J6O/RsT+hb3erzx4BUAk=
11-05 23:24:28.210  1187  1187 D EdgeLightingPolicyManager.NotificationGroup: |10250= NotificationData { tag= NrEkRZN4asMMHfvpD3nFUz0J6O/RsT+hb3erzx4BUAk=
11-05 23:24:28.210  1187  1187 D EdgeLightingPolicyManager.NotificationGroup:  } 
11-05 23:24:28.210  1187  1187 D EdgeLightingPolicyManager.NotificationGroup:  last child 0|com.whatsapp|1|NrEkRZN4asMMHfvpD3nFUz0J6O/RsT+hb3erzx4BUAk=
11-05 23:24:28.210  1187  1187 D EdgeLightingPolicyManager.NotificationGroup: |10250= NotificationData { tag= NrEkRZN4asMMHfvpD3nFUz0J6O/RsT+hb3erzx4BUAk=
11-05 23:24:28.210  1187  1187 D EdgeLightingPolicyManager.NotificationGroup:  } 
11-05 23:24:28.210  1187  1187 D EdgeLightingPolicyManager.NotificationGroup:  last child 0|com.whatsapp|1|NrEkRZN4asMMHfvpD3nFUz0J6O/RsT+hb3erzx4BUAk=
11-05 23:24:28.210  1187  1187 D EdgeLightingPolicyManager.NotificationGroup: |10250= NotificationData { tag= NrEkRZN4asMMHfvpD3nFUz0J6O/RsT+hb3erzx4BUAk=
11-05 23:24:28.210  1187  1187 D EdgeLightingPolicyManager.NotificationGroup:  } 
11-05 23:24:28.210  1187  1187 D EdgeLightingPolicyManager.NotificationGroup:  last child 0|com.whatsapp|1|NrEkRZN4asMMHfvpD3nFUz0J6O/RsT+hb3erzx4BUAk=
11-05 23:24:28.210  1187  1187 D EdgeLightingPolicyManager.NotificationGroup: |10250= NotificationData { tag= NrEkRZN4asMMHfvpD3nFUz0J6O/RsT+hb3erzx4BUAk=
11-05 23:24:28.210  1187  1187 D EdgeLightingPolicyManager.NotificationGroup:  } 
11-05 23:24:28.210  1187  1187 D EdgeLightingPolicyManager: isAcceptableApplication:  pkg=com.whatsapp , range=1 , includeAllApp=false , userId=0 , infoRange=0 , infoCategory=0
11-05 23:24:28.210  2144  2144 I Launcher.NotificationListener: onNotificationPosted : com.whatsapp number : 1
11-05 23:24:28.210  2144  2343 I Launcher.NotificationListener: notificationIsValidForUI : com.whatsapp missingTitleAndText : false isGroupHeader : false
11-05 23:24:28.211  1737  1942 D PeopleSpaceWidgetMgr: No app widget ids returned
11-05 23:24:28.211  1187  1187 D EdgeLightingPolicyManager: isAcceptableApplication - accept rechecked by isEdgeLightingAllowed = true uid = 10250
11-05 23:24:28.211  1187  1187 D EdgeLightingPolicyManager: isAcceptableApplication: getRejectablePolicy true
11-05 23:24:28.212  1187  1187 D EdgeLightingManager: showEdgeLightingInternal : packageName = com.whatsapp, reason=1
11-05 23:24:28.212  1187  1187 D EdgeLightingClientManager: startEdgeLightingService : pkg = com.whatsapp, info = SemEdgeLighitngInfo{type = 2001, colors= [0, 0], repeat= 0, userId = 0}, reason = 1
11-05 23:24:28.212  1187  1187 D NotificationService: Changed notification by edgelighting.
11-05 23:24:28.213  1187  1187 I AccessibilityManager: semStartFlashNotification notitype = msg, getOpPackageName = android, sbnPackageName = com.whatsapp
11-05 23:24:28.213  1187  1187 D AccessibilityManagerService: semStartFlashNotification
11-05 23:24:28.213  1187  1187 I AccessibilityManagerService: semStartFlashNotificationInner() type=Default, pkgName=android, token=android.os.Binder@dfab283, sbnPkgName=com.whatsapp, previewType=0
11-05 23:24:28.213  1187  1187 D AccessibilityManagerService: Can not use light notification
11-05 23:24:28.214  1187  1187 D NotificationService: 0|com.whatsapp|1|null|10250: granting content://com.android.contacts/contacts/lookup/3789r668-2A2E46442E383236462A42464C.2168i3463e31489f698e6.1782r1098-2A2E46442E38323646/1417
11-05 23:24:28.215  1187  1187 D NotificationService: 0|com.whatsapp|1|null|10250: granting content://settings/system/notification_sound
11-05 23:24:28.218  1187  1187 D NotificationService: 0|com.whatsapp|1|null|10250: granting content://com.android.contacts/contacts/lookup/3789r668-2A2E46442E383236462A42464C.2168i3463e31489f698e6.1782r1098-2A2E46442E38323646/1417
11-05 23:24:28.218  1187  1187 D NotificationService: 0|com.whatsapp|1|null|10250: granting content://settings/system/notification_sound
11-05 23:24:28.219  1187  1187 D NotificationService: 0|com.whatsapp|1|null|10250: granting content://com.android.contacts/contacts/lookup/3789r668-2A2E46442E383236462A42464C.2168i3463e31489f698e6.1782r1098-2A2E46442E38323646/1417
11-05 23:24:28.219  1187  1187 D NotificationService: 0|com.whatsapp|1|null|10250: granting content://settings/system/notification_sound
11-05 23:24:28.220  1187  1187 D NotificationService: 0|com.whatsapp|1|null|10250: granting content://com.android.contacts/contacts/lookup/3789r668-2A2E46442E383236462A42464C.2168i3463e31489f698e6.1782r1098-2A2E46442E38323646/1417
11-05 23:24:28.220  1187  1187 D NotificationService: 0|com.whatsapp|1|null|10250: granting content://settings/system/notification_sound
11-05 23:24:28.220  1187  1187 D NotificationService: 0|com.whatsapp|1|null|10250: granting content://com.android.contacts/contacts/lookup/3789r668-2A2E46442E383236462A42464C.2168i3463e31489f698e6.1782r1098-2A2E46442E38323646/1417
11-05 23:24:28.220  1187  1187 D NotificationService: 0|com.whatsapp|1|null|10250: granting content://settings/system/notification_sound
11-05 23:24:28.221  1187  1187 D NotificationService: 0|com.whatsapp|1|null|10250: granting content://com.android.contacts/contacts/lookup/3789r668-2A2E46442E383236462A42464C.2168i3463e31489f698e6.1782r1098-2A2E46442E38323646/1417
11-05 23:24:28.221  1187  1187 D NotificationService: 0|com.whatsapp|1|null|10250: granting content://settings/system/notification_sound
11-05 23:24:28.222 17626 17646 E IMGMapper: set:488 set: Unset optional value from type SMPTE2086
11-05 23:24:28.222  1737  1796 E IMGMapper: set:488 set: Unset optional value from type SMPTE2086
11-05 23:24:28.222 17626 17646 E IMGMapper: set:488 set: Unset optional value from type CTA861_3
11-05 23:24:28.222  1737  1796 E IMGMapper: set:488 set: Unset optional value from type CTA861_3
11-05 23:24:28.225  3391  3391 I Edge.badge: updateBadge item = com.whatsapp:0 1
11-05 23:24:28.225  1187  1187 D NotificationReminder: addNotificationRecord record com.whatsapp
11-05 23:24:28.225  1187  1187 D EdgeLightingClientManager: startService packagename=com.whatsapp,reason=1
11-05 23:24:28.228  2144  2343 I BadgeCountUpdaterImpl: reload badge without refresh
11-05 23:24:28.230  1039  1039 I BufferQueueProducer: [StatusBar$_1737#534029](this:0xb400007a1f0ca838,id:-1,api:0,p:-1,c:1039) queueBuffer: fps=0.04 dur=28162.08 max=28162.08 min=28162.08
11-05 23:24:28.235  1187  3197 I ActivityManager: Changes in 10079 15 to 5, 0 to 8
11-05 23:24:28.239  2144  2144 I Launcher.NotificationListener: onNotificationPosted : com.whatsapp number : 1
11-05 23:24:28.239 16562 16562 D EdgeLightingService: onCreate
11-05 23:24:28.240 16562 16562 D EdgeLightingService: connectToSystemUI
11-05 23:24:28.241 17626 17646 E IMGMapper: set:488 set: Unset optional value from type SMPTE2086
11-05 23:24:28.241 17626 17646 E IMGMapper: set:488 set: Unset optional value from type CTA861_3
11-05 23:24:28.242  3391  3391 I Edge.badge: updateBadge item = com.whatsapp:0 1
11-05 23:24:28.244  1737  1942 D PeopleSpaceWidgetMgr: No app widget ids returned
11-05 23:24:28.247  1737  1737 D SysUIConditionListener: onCreate 
11-05 23:24:28.247  1737  1737 D SysUIConditionListener: onBind : Intent { act=com.android.systemui.edgelighting.interfaces.ISystemUIConditionListener cmp=com.android.systemui/.edgelighting.SystemUIConditionListenerService }
11-05 23:24:28.247 11071 11084 I BadgeProvider: query, [selection] : null
11-05 23:24:28.257 17626 17646 E IMGMapper: set:488 set: Unset optional value from type SMPTE2086
11-05 23:24:28.257 17626 17646 E IMGMapper: set:488 set: Unset optional value from type CTA861_3
11-05 23:24:28.258 16562 16562 D TurnOverEdgeLighting: setEnable: false
11-05 23:24:28.260  1737  1796 E IMGMapper: set:488 set: Unset optional value from type SMPTE2086
11-05 23:24:28.260  1737  1796 E IMGMapper: set:488 set: Unset optional value from type CTA861_3
11-05 23:24:28.260 16562 16562 D EdgeLightingScreenStatus: reset
11-05 23:24:28.262 16562 16562 D ScoverManager: registerListener
11-05 23:24:28.262  2144  2343 I BadgeCache: add to cache : com.whatsappuser : UserHandle{0}  count : 1
11-05 23:24:28.263 16562 16562 W ScoverManager: registerListener : This device is not supported cover
11-05 23:24:28.263 16562 16562 W ScoverManager: getCoverState : This device is not supported cover
11-05 23:24:28.269  1187  3235 D EdgeLightingClientManager: bind : pkg = com.android.systemui, condition = 1, mHosts = 0
11-05 23:24:28.270 16562 16562 D EdgeLightingService: onStartCommand pkg=com.whatsapp,info=SemEdgeLighitngInfo{type = 2001, colors= [0, 0], repeat= 0, userId = 0},reason=1
11-05 23:24:28.274 17626 17646 E IMGMapper: set:488 set: Unset optional value from type SMPTE2086
11-05 23:24:28.274 17626 17646 E IMGMapper: set:488 set: Unset optional value from type CTA861_3
11-05 23:24:28.278 16562 16562 I EdgeLightingSettingUtils:  loadAppCustomColor : com.whatsapp don't set custom app color
11-05 23:24:28.279 16562 16562 D EdgeLightingScheduler: startEdgeLighting: 1 com.whatsapp onGo=false
11-05 23:24:28.283 16562 16562 D LightingScheduleInfo: setDuration : duration=4000
11-05 23:24:28.284 16562 16562 D LightingScheduleInfo: setDuration : duration=4000
11-05 23:24:28.284 16562 16562 D LightingScheduleInfo: updateTimeToTakeAction time=4000
11-05 23:24:28.285 16562 16562 D EdgeLightingScheduler: don't need keep notificaton (com.whatsapp)
11-05 23:24:28.285 16562 16562 I NotificationLightingScheduler:  getOldLightingInfo com.whatsapp
11-05 23:24:28.285 16562 16562 D NotificationLightingScheduler: putLighting: com.whatsapp reason=1 cur=null, isNeedKeepPackage=false, isNeedKeepNoti=false
11-05 23:24:28.287 16562 16562 D StateIdle: isNeedTurnOverChecker: not enabled
11-05 23:24:28.290 16562 16562 D LightingScheduleInfo: getChainText: from titleText
11-05 23:24:28.293 17626 17646 E IMGMapper: set:488 set: Unset optional value from type SMPTE2086
11-05 23:24:28.293 17626 17646 E IMGMapper: set:488 set: Unset optional value from type CTA861_3
11-05 23:24:28.295 16562 16562 I EdgeLightingStyleManager: getEdgeLightingStyleType : -1
11-05 23:24:28.298  2144  2343 I BadgeCache: reloadBadge size : 1
11-05 23:24:28.299 16562 16562 I EdgeLightingSettingUtils:  getEdgeLightingStyleWidth : width 4.0 max : 9.0
11-05 23:24:28.299  2144  2343 I Launcher.NotificationListener: notificationIsValidForUI : com.whatsapp missingTitleAndText : false isGroupHeader : true
11-05 23:24:28.301 17626 17732 D skia    : SkJpegCodec::onGetPixels +
11-05 23:24:28.302 16562 16562 D LightingScheduleInfo: getChainText: from titleText
11-05 23:24:28.305 16562 16562 I EdgeLightingStyleManager: getEdgeLightingStyleType : -1
11-05 23:24:28.307 16562 16562 W Settings: Setting remove_animations has moved from android.provider.Settings.System to android.provider.Settings.Global, returning read-only value.
11-05 23:24:28.308 17626 17646 E IMGMapper: set:488 set: Unset optional value from type SMPTE2086
11-05 23:24:28.308 17626 17646 E IMGMapper: set:488 set: Unset optional value from type CTA861_3
11-05 23:24:28.309 16562 16562 I EdgeLightingService: createEdgeLightingDialog make dispatcher false
11-05 23:24:28.311 16562 16562 I EdgeLightingStyleManager: getEdgeLightingStyleType : -1
11-05 23:24:28.313 16562 16562 D EdgeLightingDispatcher: updateSetting:forceValue=null,mDefaultLighting=true,mPackageName=null,mClassName=null
11-05 23:24:28.319 16562 16562 I Dialog  : mIsDeviceDefault = false, mIsSamsungBasicInteraction = false, isMetaDataInActivity = false
11-05 23:24:28.321 16562 16562 I EdgeLightingDialog: updateBackground : TRANSPARENT
11-05 23:24:28.322 17626 17732 D skia    : SkJpegCodec::onGetPixels -
11-05 23:24:28.326 16562 16562 I DecorView: [INFO] isPopOver=false config=false
11-05 23:24:28.326 16562 16562 I DecorView: updateCaptionType: isFloating=false isApplication=true hasWindowDecorCaption=false this=DecorView@7f2fb11[]
11-05 23:24:28.326 16562 16562 D DecorView: setCaptionType = 0, this = DecorView@7f2fb11[]
11-05 23:24:28.328 16562 16562 I DecorView: getCurrentDensityDpi: from app context. densityDpi=300 msg=resources_loaded
11-05 23:24:28.328 16562 16562 I DecorView: setWindowBackground: isPopOver=false color=0 d=android.graphics.drawable.ColorDrawable@44f4a77
11-05 23:24:28.332  1039  1093 D SurfaceFlinger: [SF client] NEW(0xb400007a3da7afa0) for (16562:com.android.systemui:edgelighting)
11-05 23:24:28.332 17626 17646 E IMGMapper: set:488 set: Unset optional value from type SMPTE2086
11-05 23:24:28.332 17626 17646 E IMGMapper: set:488 set: Unset optional value from type CTA861_3
11-05 23:24:28.336 16562 16675 D NativeCustomFrequencyManager: [NativeCFMS] BpCustomFrequencyManager::BpCustomFrequencyManager()
11-05 23:24:28.338 16562 16562 I DecorView: onImmersiveModeChanged: isStatusBarHidden=true
11-05 23:24:28.338 16562 16562 I DecorView: notifyKeepScreenOnChanged: keepScreenOn=false
11-05 23:24:28.341  1039  1093 I SurfaceFlinger: id=687238 createSurf flag=80004, WindowToken{fe4f31 type=2228 android.os.BinderProxy@c863ebb}#687238
11-05 23:24:28.343  1187  4523 D InputTransport: Input channel constructed: '6d00b97', fd=722
11-05 23:24:28.343  1187  4523 D InputTransport: Input channel constructed: '6d00b97', fd=729
11-05 23:24:28.343  1187  4523 D InputTransport: Input channel constructed: '6d00b97', fd=742
11-05 23:24:28.344  1039  3041 I SurfaceFlinger: id=687239 createSurf flag=80004, 6d00b97 EdgeLightingWindow#687239
11-05 23:24:28.346  1187  4523 D InputTransport: Input channel destroyed: '6d00b97', fd=742
11-05 23:24:28.349 16562 16562 D InsetsController: onStateChanged: InsetsState: {mDisplayFrame=Rect(0, 0 - 720, 1600), mDisplayCutout=DisplayCutout{insets=Rect(0, 45 - 0, 0) waterfall=Insets{left=0, top=0, right=0, bottom=0} boundingRect={Bounds=[Rect(0, 0 - 0, 0), Rect(272, 0 - 448, 45), Rect(0, 0 - 0, 0), Rect(0, 0 - 0, 0)]} cutoutPathParserInfo={CutoutPathParserInfo{displayWidth=720 displayHeight=1600 physicalDisplayWidth=720 physicalDisplayHeight=1600 density={1.875} cutoutSpec={M 0,0 H -88 V 45 H 88 V 0 H 0 Z} rotation={0} scale={1.0} physicalPixelDisplaySizeRatio={1.0}}}}, mRoundedCorners=RoundedCorners{[RoundedCorner{position=TopLeft, radius=60, center=Point(60, 60)}, RoundedCorner{position=TopRight, radius=60, center=Point(660, 60)}, RoundedCorner{position=BottomRight, radius=60, center=Point(660, 1540)}, RoundedCorner{position=BottomLeft, radius=60, center=Point(60, 1540)}]}  mRoundedCornerFrame=Rect(0, 0 - 0, 0), mPrivacyIndicatorBounds=PrivacyIndicatorBounds {static bounds=Rect(637, 0 - 720, 45) rotation=0}, mSources= { InsetsSource: {mType=ITYPE_LEFT_GESTURES, mFrame=[0,0][0,1600], mVisible=true, mInsetsRoundedCornerFrame=false}, InsetsSource: {mType=ITYPE_RIGHT_GESTURES, mFrame=[720,0][720,1600], mVisible=true, mInsetsRoundedCornerFrame=false}, InsetsSource: {mType=ITYPE_TOP_MANDATORY_GESTURES, mFrame=[0,0][720,68], mVisible=true, mInsetsRoundedCornerFrame=false}, InsetsSource: {mType=ITYPE_BOTTOM_MANDATORY_GESTURES, mFrame=[0,1510][720,1600], mVisible=true, mInsetsRoundedCornerFrame=false}, InsetsSource: {mType=ITYPE_LEFT_DISPLAY_CUTOUT, mFrame=[0,0][-100000,1600], mVisible=true, mInsetsRoundedCornerFrame=false}, InsetsSource: {mType=ITYPE_TOP_DISPLAY_CUTOUT, mFrame=[0,0][720,45], mVisible=true, mInsetsRoundedCornerFrame=false}, InsetsSource: {mType=ITYPE_RIGHT_DISPLAY_CUTOUT, mFrame=[100000,0][720,1600], mVisible=true, mInsetsRoundedCornerFrame=false}, InsetsSource: {mType=ITYPE_BOTTOM_DISPLAY_CUTOUT, mFrame=[0,100000][720,1600], mVisible=true, mInsetsRoundedCornerFrame=false} } host=EdgeLightingWindow from=android.view.ViewRootImpl.setView:1732
11-05 23:24:28.352 17626 17646 E IMGMapper: set:488 set: Unset optional value from type SMPTE2086
11-05 23:24:28.352 16562 16562 I ViewRootImpl@87b374d[EdgeLightingWindow]: setView = com.android.internal.policy.DecorView@7f2fb11 TM=true
11-05 23:24:28.352 17626 17646 E IMGMapper: set:488 set: Unset optional value from type CTA861_3
11-05 23:24:28.352 16562 16562 I EdgeLightingService:  onShowEdgeWindow
11-05 23:24:28.353 16562 16562 D EdgeLightingScheduler: notifyEdgeLightingPackageList :[com.whatsapp], empty = false
11-05 23:24:28.355  1187  4523 D CoreBackPreview: Window{6d00b97 u0 EdgeLightingWindow}: Setting back callback OnBackInvokedCallbackInfo{mCallback=android.window.IOnBackInvokedCallback$Stub$Proxy@9b7ad6d, mPriority=0}
11-05 23:24:28.364 16562 16562 I Utils   :  getDeviceRadius : 6.0
11-05 23:24:28.364 16562 16562 I Utils   :  getDeviceRadius : 6.0
11-05 23:24:28.369 16562 16562 D Normal/VerificationCodeParser: getVerificationCode
11-05 23:24:28.370 17626 17646 E IMGMapper: set:488 set: Unset optional value from type SMPTE2086
11-05 23:24:28.370 17626 17646 E IMGMapper: set:488 set: Unset optional value from type CTA861_3
11-05 23:24:28.385 16562 16562 D ORC/VerificationCodeParserBase: getVerificationCode - not OTP message
11-05 23:24:28.387 16562 16562 I NotificationEffect: setEdgeEffectInfo:  dur=4000 hasActionButton=false isGrayScaled= true color=ff00bb0c notificationKey=0|com.whatsapp|1|null|10250 actionEnable= true
11-05 23:24:28.390 17626 17646 E IMGMapper: set:488 set: Unset optional value from type SMPTE2086
11-05 23:24:28.391 17626 17646 E IMGMapper: set:488 set: Unset optional value from type CTA861_3
11-05 23:24:28.392 16562 16562 I EdgeLightNotiEffectView: Basic lighting is not supported.
11-05 23:24:28.394 16562 16562 I EdgeLightingDialog: send broadcast : com.android.systemui.edgelighting.start
11-05 23:24:28.394  1187  1187 D PocketModeEvent: INTENT_EDGE_LIGHTING_SHOW
11-05 23:24:28.395 16562 16562 I EdgeLightingStyleManager: getEdgeLightingStyleType : -1
11-05 23:24:28.397 16562 16562 D EdgeLightingScheduler: EdgeLightingEventStyleInfo,Effect=preload/noframe,Color=#bb0c,Width=4.0,Transparency=1.0,Duration=4000
11-05 23:24:28.403 16562 16562 D EdgeLightingScheduler: startNotiEffect:  dur=4000 +On
11-05 23:24:28.403 16562 16562 D EdgeLightingScheduler: startNotification: com.whatsapp
11-05 23:24:28.403 17626 17646 E IMGMapper: set:488 set: Unset optional value from type SMPTE2086
11-05 23:24:28.404 17626 17646 E IMGMapper: set:488 set: Unset optional value from type CTA861_3
11-05 23:24:28.405 17626 17728 D skia    : SkJpegCodec::onGetPixels +
11-05 23:24:28.407 16562 16562 I EdgeLightingDialog:  onAttached Window clear FLAG NOT TOUCHABLE
11-05 23:24:28.408 16562 16562 I DecorView: notifyKeepScreenOnChanged: keepScreenOn=false
11-05 23:24:28.410 16562 16562 I NotificationEffect:  onAttached Window add Touch Insector : mIsShowMorphView=true, screen_on=true, aod_state=0
11-05 23:24:28.414 16562 16562 I MorphView: updateMargin  safe Inset top :  45
11-05 23:24:28.419 17626 17646 E IMGMapper: set:488 set: Unset optional value from type SMPTE2086
11-05 23:24:28.419 17626 17646 E IMGMapper: set:488 set: Unset optional value from type CTA861_3
11-05 23:24:28.420 16562 16562 I ViewRootImpl@87b374d[EdgeLightingWindow]: performTraversals params={(0,0)(fillxfill) gr=CENTER sim={adjust=pan} layoutInDisplayCutoutMode=shortEdges ty=2228 fmt=TRANSLUCENT
11-05 23:24:28.420 16562 16562 I ViewRootImpl@87b374d[EdgeLightingWindow]:   fl=1800508
11-05 23:24:28.420 16562 16562 I ViewRootImpl@87b374d[EdgeLightingWindow]:   pfl=12020050
11-05 23:24:28.420 16562 16562 I ViewRootImpl@87b374d[EdgeLightingWindow]:   vsysui=600
11-05 23:24:28.420 16562 16562 I ViewRootImpl@87b374d[EdgeLightingWindow]:   bhv=SHOW_TRANSIENT_BARS_BY_SWIPE
11-05 23:24:28.420 16562 16562 I ViewRootImpl@87b374d[EdgeLightingWindow]:   fitSides= naviIconColor=0
11-05 23:24:28.420 16562 16562 I ViewRootImpl@87b374d[EdgeLightingWindow]:   sfl=20000}
11-05 23:24:28.422 17626 17727 D skia    : SkJpegCodec::onGetPixels +
11-05 23:24:28.422 16562 16562 I ViewRootImpl@87b374d[EdgeLightingWindow]: performTraversals mFirst=true windowShouldResize=true viewVisibilityChanged=false mForceNextWindowRelayout=false params={(0,0)(fillxfill) gr=CENTER sim={adjust=pan} layoutInDisplayCutoutMode=shortEdges ty=2228 fmt=TRANSLUCENT
11-05 23:24:28.422 16562 16562 I ViewRootImpl@87b374d[EdgeLightingWindow]:   fl=1800508
11-05 23:24:28.422 16562 16562 I ViewRootImpl@87b374d[EdgeLightingWindow]:   pfl=12020050
11-05 23:24:28.422 16562 16562 I ViewRootImpl@87b374d[EdgeLightingWindow]:   vsysui=600
11-05 23:24:28.422 16562 16562 I ViewRootImpl@87b374d[EdgeLightingWindow]:   bhv=SHOW_TRANSIENT_BARS_BY_SWIPE
11-05 23:24:28.422 16562 16562 I ViewRootImpl@87b374d[EdgeLightingWindow]:   fitSides= naviIconColor=0
11-05 23:24:28.422 16562 16562 I ViewRootImpl@87b374d[EdgeLightingWindow]:   sfl=20000}
11-05 23:24:28.424  1187  3197 V WindowManager: Relayout Window{6d00b97 u0 EdgeLightingWindow}: viewVisibility=0 req=720x1600 d0
11-05 23:24:28.424  1187  3197 D RestrictionPolicy: isScreenCaptureEnabled : ret=true userId=0
11-05 23:24:28.426  1039  3041 I BufferQueueDebug: [EdgeLightingWindow$_16562#687240](this:0xb400007a1f6e7838,id:-1,api:0,p:-1,c:-1) BufferQueue core=(1039:/system/bin/surfaceflinger)
11-05 23:24:28.426  1039  3041 I SurfaceFlinger: id=687240 createSurf flag=40004, EdgeLightingWindow$_16562#687240
11-05 23:24:28.427  1187  3197 D WindowManager: makeSurface duration=3 name=EdgeLightingWindow$_16562
11-05 23:24:28.429 17626 17728 D skia    : SkJpegCodec::onGetPixels -
11-05 23:24:28.430  1187  3197 W WindowManager: lockNow pending, ignore updating lockscreen timeout
11-05 23:24:28.435  1187  3197 V WindowManager: Relayout hash=6d00b97, pid=16562, syncId=-1: mAttrs={(0,0)(fillxfill) gr=CENTER sim={adjust=pan} layoutInDisplayCutoutMode=shortEdges ty=2228 fmt=TRANSLUCENT
11-05 23:24:28.435  1187  3197 V WindowManager:   fl=1800508
11-05 23:24:28.435  1187  3197 V WindowManager:   pfl=12020050
11-05 23:24:28.435  1187  3197 V WindowManager:   vsysui=600
11-05 23:24:28.435  1187  3197 V WindowManager:   bhv=SHOW_TRANSIENT_BARS_BY_SWIPE
11-05 23:24:28.435  1187  3197 V WindowManager:   fitSides= naviIconColor=0
11-05 23:24:28.435  1187  3197 V WindowManager:   sfl=20000}
11-05 23:24:28.437 16562 16562 I ViewRootImpl@87b374d[EdgeLightingWindow]: updateBlastSurfaceIfNeeded mBlastBufferQueue=null isSameSurfaceControl=false
11-05 23:24:28.437 16562 16562 D BufferQueueConsumer: [](id:40b200000002,api:0,p:-1,c:16562) connect: controlledByApp=false
11-05 23:24:28.439 16562 16562 I BLASTBufferQueue: new BLASTBufferQueue, mName= ViewRootImpl@87b374d[EdgeLightingWindow] mNativeObject= 0xb4000074f9a65000 sc.mNativeObject= 0xb4000074f970e1e0 caller= android.view.ViewRootImpl.updateBlastSurfaceIfNeeded:2909 android.view.ViewRootImpl.relayoutWindow:9847 android.view.ViewRootImpl.performTraversals:3884 android.view.ViewRootImpl.doTraversal:3116 android.view.ViewRootImpl$TraversalRunnable.run:10885 android.view.Choreographer$CallbackRecord.run:1301 android.view.Choreographer$CallbackRecord.run:1309 android.view.Choreographer.doCallbacks:923 android.view.Choreographer.doFrame:852 android.view.Choreographer$FrameDisplayEventReceiver.run:1283 
11-05 23:24:28.439 16562 16562 I BLASTBufferQueue: update, w= 720 h= 1600 mName = ViewRootImpl@87b374d[EdgeLightingWindow] mNativeObject= 0xb4000074f9a65000 sc.mNativeObject= 0xb4000074f970e1e0 format= -3 caller= android.graphics.BLASTBufferQueue.<init>:84 android.view.ViewRootImpl.updateBlastSurfaceIfNeeded:2909 android.view.ViewRootImpl.relayoutWindow:9847 android.view.ViewRootImpl.performTraversals:3884 android.view.ViewRootImpl.doTraversal:3116 android.view.ViewRootImpl$TraversalRunnable.run:10885 
11-05 23:24:28.439 17626 17727 D skia    : SkJpegCodec::onGetPixels -
11-05 23:24:28.440 16562 16562 I ViewRootImpl@87b374d[EdgeLightingWindow]: Relayout returned: old=(0,0,720,1600) new=(0,0,720,1600) req=(720,1600)0 dur=15 res=0x3 s={true 0xb4000074fa666000} ch=true seqId=0
11-05 23:24:28.441 16562 16675 D OpenGLRenderer: RenderThread::requireGlContext()
11-05 23:24:28.441 16562 16562 I ViewRootImpl@87b374d[EdgeLightingWindow]: mThreadedRenderer.initialize() mSurface={isValid=true 0xb4000074fa666000} hwInitialized=true
11-05 23:24:28.445  1737  1737 D BubblesManager: onEntryAdded : bubbleEntryAdded=false
11-05 23:24:28.445  1737  1737 D InterruptionStateProvider: No  Heads up : DISABLE_HEADS_UP 0|com.whatsapp|1|null|10250
11-05 23:24:28.446 16562 16562 I ViewRootImpl@87b374d[EdgeLightingWindow]: reportNextDraw android.view.ViewRootImpl.performTraversals:4438 android.view.ViewRootImpl.doTraversal:3116 android.view.ViewRootImpl$TraversalRunnable.run:10885 android.view.Choreographer$CallbackRecord.run:1301 android.view.Choreographer$CallbackRecord.run:1309 
11-05 23:24:28.446 16562 16562 I ViewRootImpl@87b374d[EdgeLightingWindow]: Setup new sync id=0
11-05 23:24:28.446 16562 16562 I ViewRootImpl@87b374d[EdgeLightingWindow]: Setting syncFrameCallback
11-05 23:24:28.446 16562 16562 I ViewRootImpl@87b374d[EdgeLightingWindow]: registerCallbacksForSync syncBuffer=false
11-05 23:24:28.446  1187  3235 W WindowManager: lockNow pending, ignore updating lockscreen timeout
11-05 23:24:28.449  1737  1737 D InterruptionStateProvider: Group alert behavior is suppressed but we want to alert bubble
11-05 23:24:28.450  1737  1737 D BubblesManager: onEntryAdded : bubbleEntryAdded=false
11-05 23:24:28.451  1737  1737 D InterruptionStateProvider:  no Heads up : edgelighting enabled app. 0|com.whatsapp|1|NrEkRZN4asMMHfvpD3nFUz0J6O/RsT+hb3erzx4BUAk=
11-05 23:24:28.451  1737  1737 D InterruptionStateProvider: |10250
11-05 23:24:28.475 17626 17637 I com.cinemamovel: Background concurrent copying GC freed 137877(6009KB) AllocSpace objects, 26(1768KB) LOS objects, 49% free, 9332KB/18MB, paused 1.855ms,194us total 111.454ms
11-05 23:24:28.484  1737  1796 E IMGMapper: set:488 set: Unset optional value from type SMPTE2086
11-05 23:24:28.484 17626 17646 E IMGMapper: set:488 set: Unset optional value from type SMPTE2086
11-05 23:24:28.484 17626 17646 E IMGMapper: set:488 set: Unset optional value from type CTA861_3
11-05 23:24:28.484  1737  1796 E IMGMapper: set:488 set: Unset optional value from type CTA861_3
11-05 23:24:28.499 17626 17646 E IMGMapper: set:488 set: Unset optional value from type SMPTE2086
11-05 23:24:28.499 17626 17646 E IMGMapper: set:488 set: Unset optional value from type CTA861_3
11-05 23:24:28.506 17626 17646 E IMGMapper: set:488 set: Unset optional value from type SMPTE2086
11-05 23:24:28.506 17626 17646 E IMGMapper: set:488 set: Unset optional value from type CTA861_3
11-05 23:24:28.521 17626 17646 E IMGMapper: set:488 set: Unset optional value from type SMPTE2086
11-05 23:24:28.521 17626 17646 E IMGMapper: set:488 set: Unset optional value from type CTA861_3
11-05 23:24:28.538 17626 17646 E IMGMapper: set:488 set: Unset optional value from type SMPTE2086
11-05 23:24:28.538 17626 17646 E IMGMapper: set:488 set: Unset optional value from type CTA861_3
11-05 23:24:28.556 17626 17646 E IMGMapper: set:488 set: Unset optional value from type SMPTE2086
11-05 23:24:28.556 17626 17646 E IMGMapper: set:488 set: Unset optional value from type CTA861_3
11-05 23:24:28.559 16562 16675 D OpenGLRenderer: RenderThread::setGrContext()
11-05 23:24:28.560 16562 16675 D BufferQueueProducer: [ViewRootImpl@87b374d[EdgeLightingWindow]#2(BLAST Consumer)2](id:40b200000002,api:1,p:16562,c:16562) connect: api=1 producerControlledByApp=true
11-05 23:24:28.560 16562 16675 D OpenGLRenderer: eglCreateWindowSurface
11-05 23:24:28.572 16562 16683 I ViewRootImpl@87b374d[EdgeLightingWindow]: Received frameDrawingCallback syncResult=0 frameNum=1.
11-05 23:24:28.572 16562 16683 I ViewRootImpl@87b374d[EdgeLightingWindow]: Setting up sync and frameCommitCallback
11-05 23:24:28.583 17626 17646 E IMGMapper: set:488 set: Unset optional value from type SMPTE2086
11-05 23:24:28.583 17626 17646 E IMGMapper: set:488 set: Unset optional value from type CTA861_3
11-05 23:24:28.591 16562 16675 E IMGMapper: set:488 set: Unset optional value from type SMPTE2086
11-05 23:24:28.591 16562 16675 E IMGMapper: set:488 set: Unset optional value from type CTA861_3
11-05 23:24:28.591 16562 16675 I BLASTBufferQueue: [ViewRootImpl@87b374d[EdgeLightingWindow]#2](f:0,a:0) onFrameAvailable the first frame is available
11-05 23:24:28.592 16562 16675 I BLASTBufferQueue: [ViewRootImpl@87b374d[EdgeLightingWindow]#2](f:0,a:1) acquireNextBufferLocked size=720x1600 mFrameNumber=1 applyTransaction=true mTimestamp=3402790232920799(auto) mPendingTransactions.size=0 graphicBufferId=71133248356366 transform=0
11-05 23:24:28.593 16562 16675 I ViewRootImpl@87b374d[EdgeLightingWindow]: Received frameCommittedCallback lastAttemptedDrawFrameNum=1 didProduceBuffer=true
11-05 23:24:28.594 16562 16675 D OpenGLRenderer: CFMS:: SetUp Pid : 16562    Tid : 16675
11-05 23:24:28.595 16562 16675 W Parcel  : Expecting binder but got null!
11-05 23:24:28.595 17626 17646 E IMGMapper: set:488 set: Unset optional value from type SMPTE2086
11-05 23:24:28.595 17626 17646 E IMGMapper: set:488 set: Unset optional value from type CTA861_3
11-05 23:24:28.595 16562 16562 I ViewRootImpl@87b374d[EdgeLightingWindow]: onSyncComplete
11-05 23:24:28.596  1039  1039 D BufferStateLayer: EdgeLightingWindow$_16562#687240 setBuffer frameId=1, bufferId=71133248356366 fenceId=559, w= 720, h=1600
11-05 23:24:28.596 16562 16562 I ViewRootImpl@87b374d[EdgeLightingWindow]: setupSync seqId=0 mSyncId=0 fn=1 caller=android.view.ViewRootImpl$$ExternalSyntheticLambda11.accept:6 android.window.SurfaceSyncer.lambda$setupSync$1$android-window-SurfaceSyncer:128 android.window.SurfaceSyncer$$ExternalSyntheticLambda1.accept:8 android.window.SurfaceSyncer$SyncSet.checkIfSyncIsComplete:382 android.window.SurfaceSyncer$SyncSet.markSyncReady:359 android.window.SurfaceSyncer.markSyncReady:151 android.view.ViewRootImpl.performTraversals:4503 
11-05 23:24:28.596 16562 16562 I ViewRootImpl@87b374d[EdgeLightingWindow]: reportDrawFinished seqId=0 mSyncId=-1 fn=1 mSurfaceChangedTransaction=0xb40000756b619600
11-05 23:24:28.598  1187  4523 D WindowManager: finishDrawingWindow: Window{6d00b97 u0 EdgeLightingWindow} mDrawState=DRAW_PENDING seqId=0
11-05 23:24:28.600  1187  1319 W WindowManager: lockNow pending, ignore updating lockscreen timeout
11-05 23:24:28.601  1187  1319 V WindowManager: performShowLocked: mDrawState=HAS_DRAWN in Window{6d00b97 u0 EdgeLightingWindow}
11-05 23:24:28.602  1693  1693 I WifiHAL : Get link layer stats
11-05 23:24:28.602  1693  1693 I WifiHAL : GetLinkStatsCommand::create
11-05 23:24:28.602  1693  1693 D android.hardware.wifi@1.0-service-lazy: WifiRequest::create vendor command to iface 38, vendor_id=0x1a11, subcmd=0x1200, res=0
11-05 23:24:28.602  1693  1693 I android.hardware.wifi@1.0-service-lazy: WifiCommand::requestResponse err=-95
11-05 23:24:28.602  1693  1693 I WifiHAL : wifi_get_link_stats: result=-3
11-05 23:24:28.603  1187  1566 E WifiVendorHal: getWifiLinkLayerStats_1_5_Internal(l.1179) failed {.code = ERROR_NOT_SUPPORTED, .description = }
11-05 23:24:28.607 17626 17646 E IMGMapper: set:488 set: Unset optional value from type SMPTE2086
11-05 23:24:28.607 17626 17646 E IMGMapper: set:488 set: Unset optional value from type CTA861_3
11-05 23:24:28.607  1187 22074 D SemWifiUsabilityStatsMonitor: onWifiUsabilityStats - seqNum 107332, isSameBssidAndFreq true
11-05 23:24:28.608  1187  1645 I SemWifiLinkQualityMonitor: Link Qos query: inf. ms / 0 Mbps
11-05 23:24:28.612  1039  1039 I Layer   : Layer [EdgeLightingWindow$_16562#687240] hidden!! flag(0)
11-05 23:24:28.619  1039  1039 D SurfaceFlinger: Display 0 HWC layers:
11-05 23:24:28.619  1039  1039 D SurfaceFlinger:      DEVICE | 0xb400007a1f69d4c0 | 0102 | RGBA_8888    |    0.0    0.0  720.0 1600.0 |    0    0  720 1600 | com.cinemamovel/com.cinemamovel.MainActivity$_17626#687233
11-05 23:24:28.619  1039  1039 D SurfaceFlinger:      DEVICE | 0xb400007a1f69f6e0 | 0100 | RGBA_8888    |    0.0    0.0  720.0   45.0 |    0    0  720   45 | StatusBar$_1737#534029
11-05 23:24:28.619  1039  1039 D SurfaceFlinger:      DEVICE | 0xb400007a1f69b1c0 | 0100 | RGBA_8888    |    0.0    0.0   67.0  220.0 |  653  356  720  576 | com.samsung.android.app.cocktailbars[...]vice.CocktailBarService$_3391#687130
11-05 23:24:28.619  1039  1039 D SurfaceFlinger:      DEVICE | 0xb400007a1f69f520 | 0100 | RGBA_8888    |    0.0    0.0  720.0   90.0 |    0 1510  720 1600 | NavigationBar0$_1737#534024
11-05 23:24:28.619  1039  1039 D SurfaceFlinger:      DEVICE | 0xb400007a1f69cc00 | 0100 | RGBA_8888    |    0.0    0.0  720.0 1600.0 |    0    0  720 1600 | EdgeLightingWindow$_16562#687240
11-05 23:24:28.619  1039  1039 D SurfaceFlinger: 
11-05 23:24:28.625 17626 17646 E IMGMapper: set:488 set: Unset optional value from type SMPTE2086
11-05 23:24:28.625 17626 17646 E IMGMapper: set:488 set: Unset optional value from type CTA861_3
11-05 23:24:28.642 17626 17646 E IMGMapper: set:488 set: Unset optional value from type SMPTE2086
11-05 23:24:28.642 17626 17646 E IMGMapper: set:488 set: Unset optional value from type CTA861_3
11-05 23:24:28.646  1039  1039 I BufferQueueProducer: [com.cinemamovel/com.cinemamovel.MainActivity$_17626#687233](this:0xb400007a1f5fb838,id:-1,api:0,p:-1,c:1039) queueBuffer: fps=55.18 dur=1014.86 max=66.38 min=16.02
11-05 23:24:28.648   991   991 I hwcomposer: [HWCDisplay] [Display_0 (type:1)] fps:58.117325,dur:1015.19,max:33.73,min:13.10  
11-05 23:24:28.656 17626 17646 E IMGMapper: set:488 set: Unset optional value from type SMPTE2086
11-05 23:24:28.656 17626 17646 E IMGMapper: set:488 set: Unset optional value from type CTA861_3
11-05 23:24:28.673 17626 17646 E IMGMapper: set:488 set: Unset optional value from type SMPTE2086
11-05 23:24:28.673 17626 17646 E IMGMapper: set:488 set: Unset optional value from type CTA861_3
11-05 23:24:28.690 17626 17646 E IMGMapper: set:488 set: Unset optional value from type SMPTE2086
11-05 23:24:28.690 17626 17646 E IMGMapper: set:488 set: Unset optional value from type CTA861_3
11-05 23:24:28.714 17626 17646 E IMGMapper: set:488 set: Unset optional value from type SMPTE2086
11-05 23:24:28.714 17626 17646 E IMGMapper: set:488 set: Unset optional value from type CTA861_3
11-05 23:24:28.723 17626 17646 E IMGMapper: set:488 set: Unset optional value from type SMPTE2086
11-05 23:24:28.723 17626 17646 E IMGMapper: set:488 set: Unset optional value from type CTA861_3
11-05 23:24:28.728  3391  5753 I AppsEdge.Badge: getBadgeIconType 0
11-05 23:24:28.736 11071 11084 I BadgeProvider: query, [selection] : null
11-05 23:24:28.743 17626 17646 E IMGMapper: set:488 set: Unset optional value from type SMPTE2086
11-05 23:24:28.743 17626 17646 E IMGMapper: set:488 set: Unset optional value from type CTA861_3
11-05 23:24:28.747  3391  5753 I AppsEdge.Badge: key=com.google.android.gms:0 count=1
11-05 23:24:28.747  3391  5753 I AppsEdge.Badge: key=com.whatsapp:0 count=1
11-05 23:24:28.747  3391  5753 I AppsEdge.Badge: key=com.android.phone:0 count=1
11-05 23:24:28.761 17626 17646 E IMGMapper: set:488 set: Unset optional value from type SMPTE2086
11-05 23:24:28.761 17626 17646 E IMGMapper: set:488 set: Unset optional value from type CTA861_3
11-05 23:24:28.771 17626 17728 D skia    : SkJpegCodec::onGetPixels +
11-05 23:24:28.773 17626 17646 E IMGMapper: set:488 set: Unset optional value from type SMPTE2086
11-05 23:24:28.773 17626 17646 E IMGMapper: set:488 set: Unset optional value from type CTA861_3
11-05 23:24:28.790 17626 17646 E IMGMapper: set:488 set: Unset optional value from type SMPTE2086
11-05 23:24:28.790 17626 17646 E IMGMapper: set:488 set: Unset optional value from type CTA861_3
11-05 23:24:28.795 17626 17728 D skia    : SkJpegCodec::onGetPixels -
11-05 23:24:28.796 16562 16562 I NotificationEffect: EdgeLightingTouchableRect=172,45,548,143
11-05 23:24:28.807 17626 17646 E IMGMapper: set:488 set: Unset optional value from type SMPTE2086
11-05 23:24:28.807 17626 17646 E IMGMapper: set:488 set: Unset optional value from type CTA861_3
11-05 23:24:28.810 16562 16675 E IMGMapper: set:488 set: Unset optional value from type SMPTE2086
11-05 23:24:28.810 16562 16675 E IMGMapper: set:488 set: Unset optional value from type CTA861_3
11-05 23:24:28.822 17626 17646 E IMGMapper: set:488 set: Unset optional value from type SMPTE2086
11-05 23:24:28.822 17626 17646 E IMGMapper: set:488 set: Unset optional value from type CTA861_3
11-05 23:24:28.838  1737  1737 D PluginInstanceManager: startListening
11-05 23:24:28.840  1737  1974 D PluginInstanceManager: queryAll com.android.systemui.action.PLUGIN_NOTIFICATION_MENU_ROW
11-05 23:24:28.843  1737  1974 D PluginInstanceManager: Found 0 plugins
11-05 23:24:28.843 17626 17646 E IMGMapper: set:488 set: Unset optional value from type SMPTE2086
11-05 23:24:28.843 17626 17646 E IMGMapper: set:488 set: Unset optional value from type CTA861_3
11-05 23:24:28.857 17626 17646 E IMGMapper: set:488 set: Unset optional value from type SMPTE2086
11-05 23:24:28.857 17626 17646 E IMGMapper: set:488 set: Unset optional value from type CTA861_3
11-05 23:24:28.863  1737  1737 I FaceWidgetPositionAlgorithm: getClockContainerHeight() supplier = 193, bottom margin = 0, real height = 238
11-05 23:24:28.864  1737  1737 I FaceWidgetPositionAlgorithm: getClockContainerHeight() supplier = 193, bottom margin = 45, real height = 238
11-05 23:24:28.864  1737  1737 I FaceWidgetPositionAlgorithm: getMediaContainerHeight() height = 326 container Visibility = 8, isValid = false, mIsDozing = false, fraction = 1.0, source = 0, target = 0
11-05 23:24:28.864  1737  1737 I FaceWidgetPositionAlgorithm: getMediaContainerHeight() supplier = 0
11-05 23:24:28.872 17626 17727 D skia    : SkJpegCodec::onGetPixels +
11-05 23:24:28.876 17626 17646 E IMGMapper: set:488 set: Unset optional value from type SMPTE2086
11-05 23:24:28.876 17626 17646 E IMGMapper: set:488 set: Unset optional value from type CTA861_3
11-05 23:24:28.878  1737  1796 E IMGMapper: set:488 set: Unset optional value from type SMPTE2086
11-05 23:24:28.878  1737  1796 E IMGMapper: set:488 set: Unset optional value from type CTA861_3
11-05 23:24:28.889 17626 17646 E IMGMapper: set:488 set: Unset optional value from type SMPTE2086
11-05 23:24:28.889 17626 17646 E IMGMapper: set:488 set: Unset optional value from type CTA861_3
11-05 23:24:28.891  1737  1796 E IMGMapper: set:488 set: Unset optional value from type SMPTE2086
11-05 23:24:28.891  1737  1796 E IMGMapper: set:488 set: Unset optional value from type CTA861_3
11-05 23:24:28.897 17626 17727 D skia    : SkJpegCodec::onGetPixels -
11-05 23:24:28.905  1737  1796 E IMGMapper: set:488 set: Unset optional value from type SMPTE2086
11-05 23:24:28.905  1737  1796 E IMGMapper: set:488 set: Unset optional value from type CTA861_3
11-05 23:24:28.909 17626 17646 E IMGMapper: set:488 set: Unset optional value from type SMPTE2086
11-05 23:24:28.909 17626 17646 E IMGMapper: set:488 set: Unset optional value from type CTA861_3
11-05 23:24:28.918  1737  1942 D MobileStatusTracker(0/2): onSignalStrengthsChanged level=3, vendorLevel=3
11-05 23:24:28.919  1737  1942 D MobileSignalController(0/2): notifyListener: enabled=true, connected=true, dataConnected=true, networkType=LTE (4G), emergencyOnly=false, roaming=false, isDefault=false, dataActivity=, level=3, ca=false, mmWave=false, disabledDataIcon=false, simCard=ETC
11-05 23:24:28.923 17626 17646 E IMGMapper: set:488 set: Unset optional value from type SMPTE2086
11-05 23:24:28.924 17626 17646 E IMGMapper: set:488 set: Unset optional value from type CTA861_3
11-05 23:24:28.924  1737  1942 D NetworkController: SignalStrength from intent slotId=0
11-05 23:24:28.924  1737  1796 E IMGMapper: set:488 set: Unset optional value from type SMPTE2086
11-05 23:24:28.924  1737  1796 E IMGMapper: set:488 set: Unset optional value from type CTA861_3
11-05 23:24:28.938  1737  1796 E IMGMapper: set:488 set: Unset optional value from type SMPTE2086
11-05 23:24:28.938  1737  1796 E IMGMapper: set:488 set: Unset optional value from type CTA861_3
11-05 23:24:28.941 17626 17646 E IMGMapper: set:488 set: Unset optional value from type SMPTE2086
11-05 23:24:28.941 17626 17646 E IMGMapper: set:488 set: Unset optional value from type CTA861_3
11-05 23:24:28.954  1737  1796 E IMGMapper: set:488 set: Unset optional value from type SMPTE2086
11-05 23:24:28.954  1737  1796 E IMGMapper: set:488 set: Unset optional value from type CTA861_3
11-05 23:24:28.955 17626 17646 E IMGMapper: set:488 set: Unset optional value from type SMPTE2086
11-05 23:24:28.955 17626 17646 E IMGMapper: set:488 set: Unset optional value from type CTA861_3
11-05 23:24:28.975  1737  1796 E IMGMapper: set:488 set: Unset optional value from type SMPTE2086
11-05 23:24:28.975  1737  1796 E IMGMapper: set:488 set: Unset optional value from type CTA861_3
11-05 23:24:28.985 17626 17646 E IMGMapper: set:488 set: Unset optional value from type SMPTE2086
11-05 23:24:28.985 17626 17646 E IMGMapper: set:488 set: Unset optional value from type CTA861_3
11-05 23:24:28.991  1737  1796 E IMGMapper: set:488 set: Unset optional value from type SMPTE2086
11-05 23:24:28.992  1737  1796 E IMGMapper: set:488 set: Unset optional value from type CTA861_3
11-05 23:24:29.002 17626 17646 E IMGMapper: set:488 set: Unset optional value from type SMPTE2086
11-05 23:24:29.003 17626 17646 E IMGMapper: set:488 set: Unset optional value from type CTA861_3
11-05 23:24:29.005  1737  1796 E IMGMapper: set:488 set: Unset optional value from type SMPTE2086
11-05 23:24:29.005  1737  1796 E IMGMapper: set:488 set: Unset optional value from type CTA861_3
11-05 23:24:29.006   543   543 D io_stats: !@ 179,0 r 628662028 7593907862 w 113817997 1206072864 d 1261336 33797848 f 0 0 iot 323617808 0 th 0 0 0 pt 0 inp 0 0 3402790.647
11-05 23:24:29.009 16562 16675 E IMGMapper: set:488 set: Unset optional value from type SMPTE2086
11-05 23:24:29.009 16562 16675 E IMGMapper: set:488 set: Unset optional value from type CTA861_3
11-05 23:24:29.013 16562 16675 E IMGMapper: set:488 set: Unset optional value from type SMPTE2086
11-05 23:24:29.013 16562 16675 E IMGMapper: set:488 set: Unset optional value from type CTA861_3
11-05 23:24:29.019 17626 17646 E IMGMapper: set:488 set: Unset optional value from type SMPTE2086
11-05 23:24:29.019 17626 17646 E IMGMapper: set:488 set: Unset optional value from type CTA861_3
11-05 23:24:29.020 16562 16675 E IMGMapper: set:488 set: Unset optional value from type SMPTE2086
11-05 23:24:29.021 16562 16675 E IMGMapper: set:488 set: Unset optional value from type CTA861_3
11-05 23:24:29.021  1737  1796 E IMGMapper: set:488 set: Unset optional value from type SMPTE2086
11-05 23:24:29.022  1737  1796 E IMGMapper: set:488 set: Unset optional value from type CTA861_3
11-05 23:24:29.035 16562 16675 E IMGMapper: set:488 set: Unset optional value from type SMPTE2086
11-05 23:24:29.035  1737  1796 E IMGMapper: set:488 set: Unset optional value from type SMPTE2086
11-05 23:24:29.035  1737  1796 E IMGMapper: set:488 set: Unset optional value from type CTA861_3
11-05 23:24:29.035 16562 16675 E IMGMapper: set:488 set: Unset optional value from type CTA861_3
11-05 23:24:29.049 17626 17646 E IMGMapper: set:488 set: Unset optional value from type SMPTE2086
11-05 23:24:29.049 17626 17646 E IMGMapper: set:488 set: Unset optional value from type CTA861_3
11-05 23:24:29.053  1737  1796 E IMGMapper: set:488 set: Unset optional value from type SMPTE2086
11-05 23:24:29.053 16562 16675 E IMGMapper: set:488 set: Unset optional value from type SMPTE2086
11-05 23:24:29.053 16562 16675 E IMGMapper: set:488 set: Unset optional value from type CTA861_3
11-05 23:24:29.053  1737  1796 E IMGMapper: set:488 set: Unset optional value from type CTA861_3
11-05 23:24:29.056  1187  3197 D InputDispatcher: Inject motion (17820/2000): action=0x0, time=3402790698000000, f=0x0, d=0 dsdx=1.000000 dtdx=0.000000
11-05 23:24:29.057  1187  1534 I InputDispatcher: Delivering touch to (1737): action: 0x4, f=0x0, d=0, 'd92b8ad', t=1 
11-05 23:24:29.057  1187  1534 I InputDispatcher: Delivering touch to (17626): action: 0x0, f=0x0, d=0, 'ac43cb0', t=1 
11-05 23:24:29.057 17626 17646 E IMGMapper: set:488 set: Unset optional value from type SMPTE2086
11-05 23:24:29.057 17626 17646 E IMGMapper: set:488 set: Unset optional value from type CTA861_3
11-05 23:24:29.057 17626 17626 I ViewRootImpl@706bef1[MainActivity]: ViewPostIme pointer 0
11-05 23:24:29.057  1187  1534 D PowerManagerService: [api] userActivityFromNative :  (event: 2 flags: 0 displayId: 0) eventTime = 3402790698
11-05 23:24:29.058  1187  1303 I GestureDetector: obtain mCurrentDownEvent. id: -219926357 caller: com.android.server.wm.SystemGesturesPointerEventListener.onPointerEvent:203 com.android.server.wm.PointerEventDispatcher.onInputEvent:53 android.view.InputEventReceiver.dispatchInputEvent:285 
11-05 23:24:29.059  1187  1303 I GestureDetector: obtain mCurrentDownEvent. id: -219926357 caller: com.android.server.wm.SystemPerformancePointerEventListener.onPointerEvent:89 com.android.server.wm.PointerEventDispatcher.onInputEvent:53 android.view.InputEventReceiver.dispatchInputEvent:285 
11-05 23:24:29.068 16562 16675 E IMGMapper: set:488 set: Unset optional value from type SMPTE2086
11-05 23:24:29.068  1737  1796 E IMGMapper: set:488 set: Unset optional value from type SMPTE2086
11-05 23:24:29.068  1737  1796 E IMGMapper: set:488 set: Unset optional value from type CTA861_3
11-05 23:24:29.068 16562 16675 E IMGMapper: set:488 set: Unset optional value from type CTA861_3
11-05 23:24:29.068  1187  1303 I GestureDetector: obtain mCurrentMotionEventRaw. action: 2 id: -503473324
11-05 23:24:29.068  1187  1303 I GestureDetector: obtain mCurrentMotionEventRaw. action: 2 id: -503473324
11-05 23:24:29.073   896   910 I mtkpower_client: perf_lock_rel, hdl:1047496, tid:910
11-05 23:24:29.074   896   910 I mtkpower_client: perf_lock_acq, hdl:0, dur:0, num:2, tid:910
11-05 23:24:29.074  1014  1065 I libPowerHal: [perfLockRel] hdl:1047496, idx:1
11-05 23:24:29.075  1014  1065 I libPowerHal: vendor.samsung.: cpu_ctrl set cpu freq: 1218000 -1 -1 -1
11-05 23:24:29.076   896   910 I mtkpower_client: ret_hdl:1047498
11-05 23:24:29.076   896   910 I mtkpower_client: perf_lock_rel, hdl:1047497, tid:910
11-05 23:24:29.076  1014  1065 I libPowerHal: [perfLockAcq] idx:2 hdl:1047498 hint:-1 pid:896 duration:0 lock_user:vendor.samsung. => ret_hdl:1047498
11-05 23:24:29.076  1014  1065 I libPowerHal: vendor.samsung.: cpu_ctrl set cpu freq: 1218000 -1 1138000 -1
11-05 23:24:29.076   896   910 I mtkpower_client: perf_lock_acq, hdl:0, dur:0, num:2, tid:910
11-05 23:24:29.076  1014  1065 I libPowerHal: [perfLockRel] hdl:1047497, idx:0
11-05 23:24:29.077  1014  1065 I libPowerHal: vendor.samsung.: cpu_ctrl set cpu freq: -1 -1 1138000 -1
