11-05 23:24:27.186 17626 17653 I ReactNativeJS:     "1530127": 8
11-05 23:24:27.186 17626 17653 I ReactNativeJS:   },
11-05 23:24:27.186 17626 17653 I ReactNativeJS:   "imageLoads": [
11-05 23:24:27.186 17626 17653 I ReactNativeJS:     {
11-05 23:24:27.186 17626 17653 I ReactNativeJS:       "id": 1311031,
11-05 23:24:27.186 17626 17653 I ReactNativeJS:       "durationMs": 1370
11-05 23:24:27.186 17626 17653 I ReactNativeJS:     },
11-05 23:24:27.186 17626 17653 I ReactNativeJS:     {
11-05 23:24:27.186 17626 17653 I ReactNativeJS:       "id": 1038392,
11-05 23:24:27.186 17626 17653 I ReactNativeJS:       "durationMs": 1653
11-05 23:24:27.186 17626 17653 I ReactNativeJS:     },
11-05 23:24:27.186 17626 17653 I ReactNativeJS:     {
11-05 23:24:27.186 17626 17653 I ReactNativeJS:       "id": 755898,
11-05 23:24:27.186 17626 17653 I ReactNativeJS:       "durationMs": 1672
11-05 23:24:27.186 17626 17653 I ReactNativeJS:     },
11-05 23:24:27.186 17626 17653 I ReactNativeJS:     {
11-05 23:24:27.186 17626 17653 I ReactNativeJS:       "id": 987400,
11-05 23:24:27.186 17626 17653 I ReactNativeJS:       "durationMs": 1672
11-05 23:24:27.186 17626 17653 I ReactNativeJS:     },
11-05 23:24:27.186 17626 17653 I ReactNativeJS:     {
11-05 23:24:27.186 17626 17653 I ReactNativeJS:       "id": 1078605,
11-05 23:24:27.186 17626 17653 I ReactNativeJS:       "durationMs": 7176
11-05 23:24:27.186 17626 17653 I ReactNativeJS:     },
11-05 23:24:27.186 17626 17653 I ReactNativeJS:     {
11-05 23:24:27.186 17626 17653 I ReactNativeJS:       "id": 1007734,
11-05 23:24:27.186 17626 17653 I ReactNativeJS:       "durationMs": 7710
11-05 23:24:27.186 17626 17653 I ReactNativeJS:     },
11-05 23:24:27.186 17626 17653 I ReactNativeJS:     {
11-05 23:24:27.186 17626 17653 I ReactNativeJS:       "id": 1028248,
11-05 23:24:27.186 17626 17653 I ReactNativeJS:       "durationMs": 7545
11-05 23:24:27.186 17626 17653 I ReactNativeJS:     },
11-05 23:24:27.186 17626 17653 I ReactNativeJS:     {
11-05 23:24:27.186 17626 17653 I ReactNativeJS:       "id": 914215,
11-05 23:24:27.186 17626 17653 I ReactNativeJS:       "durationMs": 7546
11-05 23:24:27.186 17626 17653 I ReactNativeJS:     },
11-05 23:24:27.186 17626 17653 I ReactNativeJS:     {
11-05 23:24:27.186 17626 17653 I ReactNativeJS:       "id": 1035259,
11-05 23:24:27.186 17626 17653 I ReactNativeJS:       "durationMs": 7670
11-05 23:24:27.186 17626 17653 I ReactNativeJS:     },
11-05 23:24:27.186 17626 17653 I ReactNativeJS:     {
11-05 23:24:27.186 17626 17653 I ReactNativeJS:       "id": 1061474,
11-05 23:24:27.186 17626 17653 I ReactNativeJS:       "durationMs": 7705
11-05 23:24:27.186 17626 17653 I ReactNativeJS:     },
11-05 23:24:27.186 17626 17653 I ReactNativeJS:     {
11-05 23:24:27.186 17626 17653 I ReactNativeJS:       "id": 13494,
11-05 23:24:27.186 17626 17653 I ReactNativeJS:       "durationMs": 7869
11-05 23:24:27.186 17626 17653 I ReactNativeJS:     },
11-05 23:24:27.186 17626 17653 I ReactNativeJS:     {
11-05 23:24:27.186 17626 17653 I ReactNativeJS:       "id": 575265,
11-05 23:24:27.186 17626 17653 I ReactNativeJS:       "durationMs": 7967
11-05 23:24:27.186 17626 17653 I ReactNativeJS:     },
11-05 23:24:27.186 17626 17653 I ReactNativeJS:     {
11-05 23:24:27.186 17626 17653 I ReactNativeJS:       "id": 911430,
11-05 23:24:27.186 17626 17653 I ReactNativeJS:       "durationMs": 8764
11-05 23:24:27.186 17626 17653 I ReactNativeJS:     },
11-05 23:24:27.186 17626 17653 I ReactNativeJS:     {
11-05 23:24:27.186 17626 17653 I ReactNativeJS:       "id": 1369679,
11-05 23:24:27.186 17626 17653 I ReactNativeJS:       "durationMs": 9001
11-05 23:24:27.186 17626 17653 I ReactNativeJS:     },
11-05 23:24:27.186 17626 17653 I ReactNativeJS:     {
11-05 23:24:27.186 17626 17653 I ReactNativeJS:       "id": 1234821,
11-05 23:24:27.186 17626 17653 I ReactNativeJS:       "durationMs": 9173
11-05 23:24:27.186 17626 17653 I ReactNativeJS:     },
11-05 23:24:27.186 17626 17653 I ReactNativeJS:     {
11-05 23:24:27.186 17626 17653 I ReactNativeJS:       "id": 803796,
11-05 23:24:27.186 17626 17653 I ReactNativeJS:       "durationMs": 9173
11-05 23:24:27.186 17626 17653 I ReactNativeJS:     },
11-05 23:24:27.186 17626 17653 I ReactNativeJS:     {
11-05 23:24:27.186 17626 17653 I ReactNativeJS:       "id": 1087192,
11-05 23:24:27.186 17626 17653 I ReactNativeJS:       "durationMs": 9231
11-05 23:24:27.186 17626 17653 I ReactNativeJS:     },
11-05 23:24:27.186 17626 17653 I ReactNativeJS:     {
11-05 23:24:27.186 17626 17653 I ReactNativeJS:       "id": 1242011,
11-05 23:24:27.186 17626 17653 I ReactNativeJS:       "durationMs": 9300
11-05 23:24:27.186 17626 17653 I ReactNativeJS:     },
11-05 23:24:27.186 17626 17653 I ReactNativeJS:     {
11-05 23:24:27.186 17626 17653 I ReactNativeJS:       "id": 506763,
11-05 23:24:27.186 17626 17653 I ReactNativeJS:       "durationMs": 9495
11-05 23:24:27.186 17626 17653 I ReactNativeJS:     },
11-05 23:24:27.186 17626 17653 I ReactNativeJS:     {
11-05 23:24:27.186 17626 17653 I ReactNativeJS:       "id": 1051486,
11-05 23:24:27.186 17626 17653 I ReactNativeJS:       "durationMs": 9682
11-05 23:24:27.186 17626 17653 I ReactNativeJS:     },
11-05 23:24:27.186 17626 17653 I ReactNativeJS:     {
11-05 23:24:27.186 17626 17653 I ReactNativeJS:       "id": 1265344,
11-05 23:24:27.186 17626 17653 I ReactNativeJS:       "durationMs": 3039
11-05 23:24:27.186 17626 17653 I ReactNativeJS:     },
11-05 23:24:27.186 17626 17653 I ReactNativeJS:     {
11-05 23:24:27.186 17626 17653 I ReactNativeJS:       "id": 691363,
11-05 23:24:27.186 17626 17653 I ReactNativeJS:       "durationMs": 3243
11-05 23:24:27.186 17626 17653 I ReactNativeJS:     },
11-05 23:24:27.186 17626 17653 I ReactNativeJS:     {
11-05 23:24:27.186 17626 17653 I ReactNativeJS:       "id": 7451,
11-05 23:24:27.186 17626 17653 I ReactNativeJS:       "durationMs": 3206
11-05 23:24:27.186 17626 17653 I ReactNativeJS:     },
11-05 23:24:27.186 17626 17653 I ReactNativeJS:     {
11-05 23:24:27.186 17626 17653 I ReactNativeJS:       "id": 617126,
11-05 23:24:27.186 17626 17653 I ReactNativeJS:       "durationMs": 3188
11-05 23:24:27.186 17626 17653 I ReactNativeJS:     },
11-05 23:24:27.186 17626 17653 I ReactNativeJS:     {
11-05 23:24:27.186 17626 17653 I ReactNativeJS:       "id": 1119878,
11-05 23:24:27.186 17626 17653 I ReactNativeJS:       "durationMs": 3401
11-05 23:24:27.186 17626 17653 I ReactNativeJS:     },
11-05 23:24:27.186 17626 17653 I ReactNativeJS:     {
11-05 23:24:27.186 17626 17653 I ReactNativeJS:       "id": 1175942,
11-05 23:24:27.186 17626 17653 I ReactNativeJS:       "durationMs": 3390
11-05 23:24:27.186 17626 17653 I ReactNativeJS:     },
11-05 23:24:27.186 17626 17653 I ReactNativeJS:     {
11-05 23:24:27.186 17626 17653 I ReactNativeJS:       "id": 1382406,
11-05 23:24:27.186 17626 17653 I ReactNativeJS:       "durationMs": 3117
11-05 23:24:27.186 17626 17653 I ReactNativeJS:     },
11-05 23:24:27.186 17626 17653 I ReactNativeJS:     {
11-05 23:24:27.186 17626 17653 I ReactNativeJS:       "id": 1151334,
11-05 23:24:27.186 17626 17653 I ReactNativeJS:       "durationMs": 3132
11-05 23:24:27.186 17626 17653 I ReactNativeJS:     },
11-05 23:24:27.186 17626 17653 I ReactNativeJS:     {
11-05 23:24:27.186 17626 17653 I ReactNativeJS:       "id": 1188808,
11-05 23:24:27.186 17626 17653 I ReactNativeJS:       "durationMs": 2665
11-05 23:24:27.186 17626 17653 I ReactNativeJS:     },
11-05 23:24:27.186 17626 17653 I ReactNativeJS:     {
11-05 23:24:27.186 17626 17653 I ReactNativeJS:       "id": 980477,
11-05 23:24:27.186 17626 17653 I ReactNativeJS:       "durationMs": 2502
11-05 23:24:27.186 17626 17653 I ReactNativeJS:     },
11-05 23:24:27.186 17626 17653 I ReactNativeJS:     {
11-05 23:24:27.186 17626 17653 I ReactNativeJS:       "id": 155,
11-05 23:24:27.186 17626 17653 I ReactNativeJS:       "durationMs": 2866
11-05 23:24:27.186 17626 17653 I ReactNativeJS:     },
11-05 23:24:27.186 17626 17653 I ReactNativeJS:     {
11-05 23:24:27.186 17626 17653 I ReactNativeJS:       "id": 552524,
11-05 23:24:27.186 17626 17653 I ReactNativeJS:       "durationMs": 3094
11-05 23:24:27.186 17626 17653 I ReactNativeJS:     },
11-05 23:24:27.186 17626 17653 I ReactNativeJS:     {
11-05 23:24:27.186 17626 17653 I ReactNativeJS:       "id": 604079,
11-05 23:24:27.186 17626 17653 I ReactNativeJS:       "durationMs": 3060
11-05 23:24:27.186 17626 17653 I ReactNativeJS:     },
11-05 23:24:27.186 17626 17653 I ReactNativeJS:     {
11-05 23:24:27.186 17626 17653 I ReactNativeJS:       "id": 1252428,
11-05 23:24:27.186 17626 17653 I ReactNativeJS:       "durationMs": 3324
11-05 23:24:27.186 17626 17653 I ReactNativeJS:     },
11-05 23:24:27.186 17626 17653 I ReactNativeJS:     {
11-05 23:24:27.186 17626 17653 I ReactNativeJS:       "id": 1321439,
11-05 23:24:27.186 17626 17653 I ReactNativeJS:       "durationMs": 3037
11-05 23:24:27.186 17626 17653 I ReactNativeJS:     },
11-05 23:24:27.186 17626 17653 I ReactNativeJS:     {
11-05 23:24:27.186 17626 17653 I ReactNativeJS:       "id": 541671,
11-05 23:24:27.186 17626 17653 I ReactNativeJS:       "durationMs": 3027
11-05 23:24:27.186 17626 17653 I ReactNativeJS:     },
11-05 23:24:27.186 17626 17653 I ReactNativeJS:     {
11-05 23:24:27.186 17626 17653 I ReactNativeJS:       "id": 1022787,
11-05 23:24:27.186 17626 17653 I ReactNativeJS:       "durationMs": 2507
11-05 23:24:27.186 17626 17653 I ReactNativeJS:     },
11-05 23:24:27.186 17626 17653 I ReactNativeJS:     {
11-05 23:24:27.186 17626 17653 I ReactNativeJS:       "id": 138843,
11-05 23:24:27.186 17626 17653 I ReactNativeJS:       "durationMs": 2507
11-05 23:24:27.186 17626 17653 I ReactNativeJS:     },
11-05 23:24:27.186 17626 17653 I ReactNativeJS:     {
11-05 23:24:27.186 17626 17653 I ReactNativeJS:       "id": 1284120,
11-05 23:24:27.186 17626 17653 I ReactNativeJS:       "durationMs": 3305
11-05 23:24:27.186 17626 17653 I ReactNativeJS:     },
11-05 23:24:27.186 17626 17653 I ReactNativeJS:     {
11-05 23:24:27.186 17626 17653 I ReactNativeJS:       "id": 1367575,
11-05 23:24:27.186 17626 17653 I ReactNativeJS:       "durationMs": 3292
11-05 23:24:27.186 17626 17653 I ReactNativeJS:     },
11-05 23:24:27.186 17626 17653 I ReactNativeJS:     {
11-05 23:24:27.186 17626 17653 I ReactNativeJS:       "id": 1125257,
11-05 23:24:27.186 17626 17653 I ReactNativeJS:       "durationMs": 2864
11-05 23:24:27.186 17626 17653 I ReactNativeJS:     },
11-05 23:24:27.186 17626 17653 I ReactNativeJS:     {
11-05 23:24:27.186 17626 17653 I ReactNativeJS:       "id": 993234,
11-05 23:24:27.186 17626 17653 I ReactNativeJS:       "durationMs": 2865
11-05 23:24:27.186 17626 17653 I ReactNativeJS:     },
11-05 23:24:27.186 17626 17653 I ReactNativeJS:     {
11-05 23:24:27.186 17626 17653 I ReactNativeJS:       "id": 994682,
11-05 23:24:27.186 17626 17653 I ReactNativeJS:       "durationMs": 3127
11-05 23:24:27.186 17626 17653 I ReactNativeJS:     },
11-05 23:24:27.186 17626 17653 I ReactNativeJS:     {
11-05 23:24:27.186 17626 17653 I ReactNativeJS:       "id": 660033,
11-05 23:24:27.186 17626 17653 I ReactNativeJS:       "durationMs": 3127
11-05 23:24:27.186 17626 17653 I ReactNativeJS:     },
11-05 23:24:27.186 17626 17653 I ReactNativeJS:     {
11-05 23:24:27.186 17626 17653 I ReactNativeJS:       "id": 715287,
11-05 23:24:27.186 17626 17653 I ReactNativeJS:       "durationMs": 2852
11-05 23:24:27.186 17626 17653 I ReactNativeJS:     },
11-05 23:24:27.186 17626 17653 I ReactNativeJS:     {
11-05 23:24:27.186 17626 17653 I ReactNativeJS:       "id": 157336,
11-05 23:24:27.186 17626 17653 I ReactNativeJS:       "durationMs": 2874
11-05 23:24:27.186 17626 17653 I ReactNativeJS:     }
11-05 23:24:27.186 17626 17653 I ReactNativeJS:   ],
11-05 23:24:27.186 17626 17653 I ReactNativeJS:   "navigationEvents": [
11-05 23:24:27.186 17626 17653 I ReactNativeJS:     {
11-05 23:24:27.186 17626 17653 I ReactNativeJS:       "action": "focus_dashboard",
11-05 23:24:27.186 17626 17653 I ReactNativeJS:       "timestamp": 1762395852031
11-05 23:24:27.186 17626 17653 I ReactNativeJS:     }
11-05 23:24:27.186 17626 17653 I ReactNativeJS:   ]
11-05 23:24:27.186 17626 17653 I ReactNativeJS: }
11-05 23:24:27.186 17626 17653 I ReactNativeJS: ---IMG_METRICS_END---
11-05 23:24:27.188  8472  8538 D WM-GreedyScheduler: Cancelling work ID 2e4c12a7-2543-4b5e-a189-ddbf4a4d6d07
11-05 23:24:27.191  8472  8536 D WM-NetworkStateTracker: Unregistering network callback
11-05 23:24:27.192  8472  8536 D ConnectivityManager: StackLog: [android.net.ConnectivityManager.unregisterNetworkCallback(ConnectivityManager.java:5076)] [X.Dgn.A04(:20)] [X.Gb8.invoke(:27)] [X.2qO.A00(:98)] [X.3Kr.invokeSuspend(:10)] [X.0wX.resumeWith(:8)] [X.0wv.run(:98)] [X.Dha.run(:2)] [java.util.concurrent.ThreadPoolExecutor.runWorker(ThreadPoolExecutor.java:1145)] [java.util.concurrent.ThreadPoolExecutor$Worker.run(ThreadPoolExecutor.java:644)] [java.lang.Thread.run(Thread.java:1012)]
11-05 23:24:27.195  1187  1588 D ConnectivityService:  Removing from current network [214 WIFI], leaving 135 requests.
11-05 23:24:27.197 17626 17646 E IMGMapper: set:488 set: Unset optional value from type SMPTE2086
11-05 23:24:27.198 17626 17646 E IMGMapper: set:488 set: Unset optional value from type CTA861_3
11-05 23:24:27.211 17626 17646 E IMGMapper: set:488 set: Unset optional value from type SMPTE2086
11-05 23:24:27.211 17626 17646 E IMGMapper: set:488 set: Unset optional value from type CTA861_3
11-05 23:24:27.227 17626 17646 E IMGMapper: set:488 set: Unset optional value from type SMPTE2086
11-05 23:24:27.227 17626 17646 E IMGMapper: set:488 set: Unset optional value from type CTA861_3
11-05 23:24:27.244 17626 17646 E IMGMapper: set:488 set: Unset optional value from type SMPTE2086
11-05 23:24:27.245 17626 17646 E IMGMapper: set:488 set: Unset optional value from type CTA861_3
11-05 23:24:27.261 17626 17646 E IMGMapper: set:488 set: Unset optional value from type SMPTE2086
11-05 23:24:27.261 17626 17646 E IMGMapper: set:488 set: Unset optional value from type CTA861_3
11-05 23:24:27.279 17626 17646 E IMGMapper: set:488 set: Unset optional value from type SMPTE2086
11-05 23:24:27.279 17626 17646 E IMGMapper: set:488 set: Unset optional value from type CTA861_3
11-05 23:24:27.295 17626 17646 E IMGMapper: set:488 set: Unset optional value from type SMPTE2086
11-05 23:24:27.296 17626 17646 E IMGMapper: set:488 set: Unset optional value from type CTA861_3
11-05 23:24:27.315 17626 17646 E IMGMapper: set:488 set: Unset optional value from type SMPTE2086
11-05 23:24:27.315 17626 17646 E IMGMapper: set:488 set: Unset optional value from type CTA861_3
11-05 23:24:27.327 17626 17646 E IMGMapper: set:488 set: Unset optional value from type SMPTE2086
11-05 23:24:27.327 17626 17646 E IMGMapper: set:488 set: Unset optional value from type CTA861_3
11-05 23:24:27.345 17626 17646 E IMGMapper: set:488 set: Unset optional value from type SMPTE2086
11-05 23:24:27.345 17626 17646 E IMGMapper: set:488 set: Unset optional value from type CTA861_3
11-05 23:24:27.361 17626 17646 E IMGMapper: set:488 set: Unset optional value from type SMPTE2086
11-05 23:24:27.361 17626 17646 E IMGMapper: set:488 set: Unset optional value from type CTA861_3
11-05 23:24:27.379 17626 17646 E IMGMapper: set:488 set: Unset optional value from type SMPTE2086
11-05 23:24:27.379 17626 17646 E IMGMapper: set:488 set: Unset optional value from type CTA861_3
11-05 23:24:27.398 17626 17646 E IMGMapper: set:488 set: Unset optional value from type SMPTE2086
11-05 23:24:27.399 17626 17646 E IMGMapper: set:488 set: Unset optional value from type CTA861_3
11-05 23:24:27.413 17626 17646 E IMGMapper: set:488 set: Unset optional value from type SMPTE2086
11-05 23:24:27.413 17626 17646 E IMGMapper: set:488 set: Unset optional value from type CTA861_3
11-05 23:24:27.426  1187  4523 D InputDispatcher: Inject motion (17808/2000): action=0x0, time=3402789067000000, f=0x0, d=0 dsdx=1.000000 dtdx=0.000000
11-05 23:24:27.427  1187  1534 I InputDispatcher: Delivering touch to (1737): action: 0x4, f=0x0, d=0, 'd92b8ad', t=1 
11-05 23:24:27.427  1187  1534 I InputDispatcher: Delivering touch to (17626): action: 0x0, f=0x0, d=0, 'ac43cb0', t=1 
11-05 23:24:27.427 17626 17626 I ViewRootImpl@706bef1[MainActivity]: ViewPostIme pointer 0
11-05 23:24:27.427  1187  1534 D PowerManagerService: [api] userActivityFromNative :  (event: 2 flags: 0 displayId: 0) eventTime = 3402789067
11-05 23:24:27.429  1187  1303 I GestureDetector: obtain mCurrentDownEvent. id: -961072517 caller: com.android.server.wm.SystemGesturesPointerEventListener.onPointerEvent:203 com.android.server.wm.PointerEventDispatcher.onInputEvent:53 android.view.InputEventReceiver.dispatchInputEvent:285 
11-05 23:24:27.429  1187  1303 I GestureDetector: obtain mCurrentDownEvent. id: -961072517 caller: com.android.server.wm.SystemPerformancePointerEventListener.onPointerEvent:89 com.android.server.wm.PointerEventDispatcher.onInputEvent:53 android.view.InputEventReceiver.dispatchInputEvent:285 
11-05 23:24:27.430 17626 17646 E IMGMapper: set:488 set: Unset optional value from type SMPTE2086
11-05 23:24:27.430 17626 17646 E IMGMapper: set:488 set: Unset optional value from type CTA861_3
11-05 23:24:27.439  1187  1303 I GestureDetector: obtain mCurrentMotionEventRaw. action: 2 id: -643649627
11-05 23:24:27.439  1187  1303 I GestureDetector: obtain mCurrentMotionEventRaw. action: 2 id: -643649627
11-05 23:24:27.445   896   910 I mtkpower_client: perf_lock_rel, hdl:1047488, tid:910
11-05 23:24:27.446  1014  1065 I libPowerHal: [perfLockRel] hdl:1047488, idx:0
11-05 23:24:27.446  1014  1065 I libPowerHal: vendor.samsung.: cpu_ctrl set cpu freq: 1218000 -1 -1 -1
11-05 23:24:27.448   896   910 I mtkpower_client: perf_lock_acq, hdl:0, dur:0, num:2, tid:910
11-05 23:24:27.449   896   910 I mtkpower_client: ret_hdl:1047490
11-05 23:24:27.449   896   910 I mtkpower_client: perf_lock_rel, hdl:1047489, tid:910
11-05 23:24:27.449  1014  1065 I libPowerHal: [perfLockAcq] idx:0 hdl:1047490 hint:-1 pid:896 duration:0 lock_user:vendor.samsung. => ret_hdl:1047490
11-05 23:24:27.449  1014  1065 I libPowerHal: vendor.samsung.: cpu_ctrl set cpu freq: 1218000 -1 1138000 -1
11-05 23:24:27.451   896   910 I mtkpower_client: perf_lock_acq, hdl:0, dur:0, num:2, tid:910
11-05 23:24:27.451 17626 17646 E IMGMapper: set:488 set: Unset optional value from type SMPTE2086
11-05 23:24:27.451 17626 17646 E IMGMapper: set:488 set: Unset optional value from type CTA861_3
11-05 23:24:27.455  1014  1065 I libPowerHal: [perfLockRel] hdl:1047489, idx:1
11-05 23:24:27.456  1014  1065 I libPowerHal: vendor.samsung.: cpu_ctrl set cpu freq: -1 -1 1138000 -1
11-05 23:24:27.457   896   910 I mtkpower_client: ret_hdl:1047491
11-05 23:24:27.457   896   910 I HYPER-HAL: [RequestManager.cpp]releaseLocked(): Released ID : 725427
11-05 23:24:27.458  1014  1065 I libPowerHal: [perfLockAcq] idx:2 hdl:1047491 hint:-1 pid:896 duration:0 lock_user:vendor.samsung. => ret_hdl:1047491
11-05 23:24:27.458  1014  1065 I libPowerHal: vendor.samsung.: cpu_ctrl set cpu freq: 1218000 -1 1138000 -1
11-05 23:24:27.463 17626 17646 E IMGMapper: set:488 set: Unset optional value from type SMPTE2086
11-05 23:24:27.463 17626 17646 E IMGMapper: set:488 set: Unset optional value from type CTA861_3
11-05 23:24:27.478 17626 17646 E IMGMapper: set:488 set: Unset optional value from type SMPTE2086
11-05 23:24:27.479 17626 17646 E IMGMapper: set:488 set: Unset optional value from type CTA861_3
11-05 23:24:27.494 17626 17646 E IMGMapper: set:488 set: Unset optional value from type SMPTE2086
11-05 23:24:27.495 17626 17646 E IMGMapper: set:488 set: Unset optional value from type CTA861_3
11-05 23:24:27.509 17626 17646 E IMGMapper: set:488 set: Unset optional value from type SMPTE2086
11-05 23:24:27.509 17626 17646 E IMGMapper: set:488 set: Unset optional value from type CTA861_3
11-05 23:24:27.526 17626 17646 E IMGMapper: set:488 set: Unset optional value from type SMPTE2086
11-05 23:24:27.526 17626 17646 E IMGMapper: set:488 set: Unset optional value from type CTA861_3
11-05 23:24:27.543 17626 17646 E IMGMapper: set:488 set: Unset optional value from type SMPTE2086
11-05 23:24:27.543 17626 17646 E IMGMapper: set:488 set: Unset optional value from type CTA861_3
11-05 23:24:27.559 17626 17646 E IMGMapper: set:488 set: Unset optional value from type SMPTE2086
11-05 23:24:27.559 17626 17646 E IMGMapper: set:488 set: Unset optional value from type CTA861_3
11-05 23:24:27.580 17626 17646 E IMGMapper: set:488 set: Unset optional value from type SMPTE2086
11-05 23:24:27.580 17626 17646 E IMGMapper: set:488 set: Unset optional value from type CTA861_3
11-05 23:24:27.593 17626 17646 E IMGMapper: set:488 set: Unset optional value from type SMPTE2086
11-05 23:24:27.593 17626 17646 E IMGMapper: set:488 set: Unset optional value from type CTA861_3
11-05 23:24:27.620 17626 17646 E IMGMapper: set:488 set: Unset optional value from type SMPTE2086
11-05 23:24:27.620 17626 17646 E IMGMapper: set:488 set: Unset optional value from type CTA861_3
11-05 23:24:27.630 17626 17646 E IMGMapper: set:488 set: Unset optional value from type SMPTE2086
11-05 23:24:27.630 17626 17646 E IMGMapper: set:488 set: Unset optional value from type CTA861_3
11-05 23:24:27.631  1039  1039 I BufferQueueProducer: [com.cinemamovel/com.cinemamovel.MainActivity$_17626#687233](this:0xb400007a1f5fb838,id:-1,api:0,p:-1,c:1039) queueBuffer: fps=57.09 dur=1015.95 max=33.31 min=16.13
11-05 23:24:27.633  1737  1942 D MobileStatusTracker(0/2): onSignalStrengthsChanged level=3, vendorLevel=3
11-05 23:24:27.633   991   991 I hwcomposer: [HWCDisplay] [Display_0 (type:1)] fps:57.085388,dur:1016.02,max:33.74,min:15.53  
11-05 23:24:27.635  1737  1942 D MobileSignalController(0/2): notifyListener: enabled=true, connected=true, dataConnected=true, networkType=LTE (4G), emergencyOnly=false, roaming=false, isDefault=false, dataActivity=, level=3, ca=false, mmWave=false, disabledDataIcon=false, simCard=ETC
11-05 23:24:27.641 17626 17732 D skia    : SkJpegCodec::onGetPixels +
11-05 23:24:27.642 17626 17646 E IMGMapper: set:488 set: Unset optional value from type SMPTE2086
11-05 23:24:27.643 17626 17646 E IMGMapper: set:488 set: Unset optional value from type CTA861_3
11-05 23:24:27.644  1737  1942 D NetworkController: SignalStrength from intent slotId=0
11-05 23:24:27.658 17626 17646 E IMGMapper: set:488 set: Unset optional value from type SMPTE2086
11-05 23:24:27.658 17626 17646 E IMGMapper: set:488 set: Unset optional value from type CTA861_3
11-05 23:24:27.666 17626 17732 D skia    : SkJpegCodec::onGetPixels -
11-05 23:24:27.675 17626 17646 E IMGMapper: set:488 set: Unset optional value from type SMPTE2086
11-05 23:24:27.675 17626 17646 E IMGMapper: set:488 set: Unset optional value from type CTA861_3
11-05 23:24:27.701 17626 17646 E IMGMapper: set:488 set: Unset optional value from type SMPTE2086
11-05 23:24:27.701 17626 17646 E IMGMapper: set:488 set: Unset optional value from type CTA861_3
11-05 23:24:27.714 17626 17646 E IMGMapper: set:488 set: Unset optional value from type SMPTE2086
11-05 23:24:27.714 17626 17646 E IMGMapper: set:488 set: Unset optional value from type CTA861_3
11-05 23:24:27.714 17626 17731 D skia    : SkJpegCodec::onGetPixels +
11-05 23:24:27.729 17626 17646 E IMGMapper: set:488 set: Unset optional value from type SMPTE2086
11-05 23:24:27.729 17626 17646 E IMGMapper: set:488 set: Unset optional value from type CTA861_3
11-05 23:24:27.735  1187  4523 D InputDispatcher: Inject motion (17808/2000): action=0x1, time=3402789376000000, f=0x0, d=0 dsdx=1.000000 dtdx=0.000000
11-05 23:24:27.735  1187  1534 I InputDispatcher: Delivering touch to (17626): action: 0x1, f=0x0, d=0, 'ac43cb0', t=1 
11-05 23:24:27.737  1187  1187 I SemDvfsHyPerManager: acquire hyper - SMOOTH_SCROLL/1187@17, type = -999
11-05 23:24:27.739   896   910 I HYPER-HAL: [RequestManager.cpp]acquire(): Acquired ID : 725427  [1187 / 17]    HINT : SMOOTH_SCROLL    list : 
11-05 23:24:27.740   896   910 I mtkpower_client: perf_lock_rel, hdl:1047490, tid:910
11-05 23:24:27.740  1014  1065 I libPowerHal: [perfLockRel] hdl:1047490, idx:0
11-05 23:24:27.741  1014  1065 I libPowerHal: vendor.samsung.: cpu_ctrl set cpu freq: 1218000 -1 -1 -1
11-05 23:24:27.741   896   910 I mtkpower_client: perf_lock_acq, hdl:0, dur:0, num:2, tid:910
11-05 23:24:27.743  1014  1065 I libPowerHal: [perfLockAcq] idx:0 hdl:1047492 hint:-1 pid:896 duration:0 lock_user:vendor.samsung. => ret_hdl:1047492
11-05 23:24:27.743  1014  1065 I libPowerHal: vendor.samsung.: cpu_ctrl set cpu freq: 1218000 -1 1138000 -1
11-05 23:24:27.744   896   910 I mtkpower_client: ret_hdl:1047492
11-05 23:24:27.744   896   910 I mtkpower_client: perf_lock_rel, hdl:1047491, tid:910
11-05 23:24:27.744  1187  1187 D SGM:GameManager: identifyGamePackage. com.cinemamovel, mCurrentUserId: 0, callerUserId: 0, callingMethodInfo: com.android.server.ssrm.fgapps.GameAppUtils.isGame(GameAppUtils.java:84)
11-05 23:24:27.744  1187  1187 D SGM:PkgDataHelper: getGamePkgData(). com.cinemamovel
11-05 23:24:27.744   896   910 I mtkpower_client: perf_lock_acq, hdl:0, dur:0, num:2, tid:910
11-05 23:24:27.744  1187  1187 I SemDvfsHyPerManager: acquire hyper - GESTURE_DETECTED/1187@18, type = -999
11-05 23:24:27.745  1014  1065 I libPowerHal: [perfLockRel] hdl:1047491, idx:2
11-05 23:24:27.745  1014  1065 I libPowerHal: vendor.samsung.: cpu_ctrl set cpu freq: -1 -1 1138000 -1
11-05 23:24:27.747   896   910 I mtkpower_client: ret_hdl:1047493
11-05 23:24:27.747   896   910 I mtkpower_client: perf_lock_rel, hdl:1047492, tid:910
11-05 23:24:27.747  1187  1187 D SGM:GameManager: identifyGamePackage. com.cinemamovel, mCurrentUserId: 0, callerUserId: 0, callingMethodInfo: com.android.server.ssrm.fgapps.GameAppUtils.isGame(GameAppUtils.java:84)
11-05 23:24:27.747  1187  1187 D SGM:PkgDataHelper: getGamePkgData(). com.cinemamovel
11-05 23:24:27.747  1187  1187 I SemDvfsHyPerManager: acquire hyper - GESTURE_DETECTED/1187@18, type = -999
11-05 23:24:27.747  1014  1065 I libPowerHal: [perfLockAcq] idx:1 hdl:1047493 hint:-1 pid:896 duration:0 lock_user:vendor.samsung. => ret_hdl:1047493
11-05 23:24:27.748  1014  1065 I libPowerHal: vendor.samsung.: cpu_ctrl set cpu freq: 1218000 -1 1138000 -1
11-05 23:24:27.749   896   910 I mtkpower_client: perf_lock_acq, hdl:0, dur:0, num:2, tid:910
11-05 23:24:27.749  1014  1065 I libPowerHal: [perfLockRel] hdl:1047492, idx:0
11-05 23:24:27.750  1014  1065 I libPowerHal: vendor.samsung.: cpu_ctrl set cpu freq: 1218000 -1 -1 -1
11-05 23:24:27.750 17626 17731 D skia    : SkJpegCodec::onGetPixels -
11-05 23:24:27.751   896   910 I mtkpower_client: ret_hdl:1047494
11-05 23:24:27.751   896   910 I mtkpower_client: perf_lock_rel, hdl:1047493, tid:910
11-05 23:24:27.751  1014  1065 I libPowerHal: [perfLockAcq] idx:2 hdl:1047494 hint:-1 pid:896 duration:0 lock_user:vendor.samsung. => ret_hdl:1047494
11-05 23:24:27.751  1014  1065 I libPowerHal: vendor.samsung.: cpu_ctrl set cpu freq: 1218000 -1 1138000 -1
11-05 23:24:27.752   896   910 I mtkpower_client: perf_lock_acq, hdl:0, dur:0, num:2, tid:910
11-05 23:24:27.753  1014  1065 I libPowerHal: [perfLockRel] hdl:1047493, idx:1
11-05 23:24:27.753  1014  1065 I libPowerHal: vendor.samsung.: cpu_ctrl set cpu freq: -1 -1 1138000 -1
11-05 23:24:27.754   896   910 I mtkpower_client: ret_hdl:1047495
11-05 23:24:27.754   896   910 I HYPER-HAL: [RequestManager.cpp]releaseLocked(): Released ID : 725427
11-05 23:24:27.754   896   910 I HYPER-HAL: [RequestManager.cpp]acquire(): Acquired ID : 726633  [1187 / 18]    HINT : GESTURE_DETECTED    list : [TIMEOUT / 1702] 
11-05 23:24:27.754   896   910 I HYPER-HAL: [RequestManager.cpp]acquire(): Acquired ID : 726633  [1187 / 18]    HINT : GESTURE_DETECTED    list : [TIMEOUT / 1702] 
11-05 23:24:27.755  1014  1065 I libPowerHal: [perfLockAcq] idx:0 hdl:1047495 hint:-1 pid:896 duration:0 lock_user:vendor.samsung. => ret_hdl:1047495
11-05 23:24:27.755  1014  1065 I libPowerHal: vendor.samsung.: cpu_ctrl set cpu freq: 1218000 -1 1138000 -1
11-05 23:24:27.766 17626 17626 I ViewRootImpl@706bef1[MainActivity]: ViewPostIme pointer 1
11-05 23:24:27.774 17626 17646 E IMGMapper: set:488 set: Unset optional value from type SMPTE2086
11-05 23:24:27.775 17626 17646 E IMGMapper: set:488 set: Unset optional value from type CTA861_3
11-05 23:24:27.781  1187  1187 I SemDvfsHyPerManager: acquire hyper - SMOOTH_SCROLL/1187@17, type = -999
11-05 23:24:27.781   896   910 I HYPER-HAL: [RequestManager.cpp]acquire(): Acquired ID : 725427  [1187 / 17]    HINT : SMOOTH_SCROLL    list : 
11-05 23:24:27.783 17626 17646 E IMGMapper: set:488 set: Unset optional value from type SMPTE2086
11-05 23:24:27.783 17626 17646 E IMGMapper: set:488 set: Unset optional value from type CTA861_3
11-05 23:24:27.783   896   910 I mtkpower_client: perf_lock_rel, hdl:1047494, tid:910
11-05 23:24:27.784  1014  1065 I libPowerHal: [perfLockRel] hdl:1047494, idx:2
11-05 23:24:27.784  1014  1065 I libPowerHal: vendor.samsung.: cpu_ctrl set cpu freq: 1218000 -1 -1 -1
11-05 23:24:27.785   896   910 I mtkpower_client: perf_lock_acq, hdl:0, dur:0, num:2, tid:910
11-05 23:24:27.786   896   910 I mtkpower_client: ret_hdl:1047496
11-05 23:24:27.786   896   910 I mtkpower_client: perf_lock_rel, hdl:1047495, tid:910
11-05 23:24:27.786  1014  1065 I libPowerHal: [perfLockAcq] idx:1 hdl:1047496 hint:-1 pid:896 duration:0 lock_user:vendor.samsung. => ret_hdl:1047496
11-05 23:24:27.786  1014  1065 I libPowerHal: vendor.samsung.: cpu_ctrl set cpu freq: 1218000 -1 1138000 -1
11-05 23:24:27.787   896   910 I mtkpower_client: perf_lock_acq, hdl:0, dur:0, num:2, tid:910
11-05 23:24:27.787  1014  1065 I libPowerHal: [perfLockRel] hdl:1047495, idx:0
11-05 23:24:27.788  1014  1065 I libPowerHal: vendor.samsung.: cpu_ctrl set cpu freq: -1 -1 1138000 -1
11-05 23:24:27.789   896   910 I mtkpower_client: ret_hdl:1047497
11-05 23:24:27.789  1014  1065 I libPowerHal: [perfLockAcq] idx:0 hdl:1047497 hint:-1 pid:896 duration:0 lock_user:vendor.samsung. => ret_hdl:1047497
11-05 23:24:27.790  1014  1065 I libPowerHal: vendor.samsung.: cpu_ctrl set cpu freq: 1218000 -1 1138000 -1
11-05 23:24:27.793 17626 17646 E IMGMapper: set:488 set: Unset optional value from type SMPTE2086
11-05 23:24:27.793 17626 17646 E IMGMapper: set:488 set: Unset optional value from type CTA861_3
11-05 23:24:27.805 17626 17728 D skia    : SkJpegCodec::onGetPixels +
11-05 23:24:27.809 17626 17646 E IMGMapper: set:488 set: Unset optional value from type SMPTE2086
11-05 23:24:27.809 17626 17646 E IMGMapper: set:488 set: Unset optional value from type CTA861_3
11-05 23:24:27.819 17626 17727 D skia    : SkJpegCodec::onGetPixels +
11-05 23:24:27.823 17626 17728 D skia    : SkJpegCodec::onGetPixels -
11-05 23:24:27.825 17626 17646 E IMGMapper: set:488 set: Unset optional value from type SMPTE2086
11-05 23:24:27.825 17626 17646 E IMGMapper: set:488 set: Unset optional value from type CTA861_3
11-05 23:24:27.843 17626 17727 D skia    : SkJpegCodec::onGetPixels -
11-05 23:24:27.843 17626 17646 E IMGMapper: set:488 set: Unset optional value from type SMPTE2086
11-05 23:24:27.843 17626 17646 E IMGMapper: set:488 set: Unset optional value from type CTA861_3
11-05 23:24:27.858 17626 17646 E IMGMapper: set:488 set: Unset optional value from type SMPTE2086
11-05 23:24:27.858 17626 17646 E IMGMapper: set:488 set: Unset optional value from type CTA861_3
11-05 23:24:27.874 17626 17646 E IMGMapper: set:488 set: Unset optional value from type SMPTE2086
11-05 23:24:27.874 17626 17646 E IMGMapper: set:488 set: Unset optional value from type CTA861_3
11-05 23:24:27.890  8472  8539 D WM-SystemJobScheduler: Scheduling work ID d4823371-e738-4587-aebf-6744cb82d77eJob ID 679122
11-05 23:24:27.893 17626 17646 E IMGMapper: set:488 set: Unset optional value from type SMPTE2086
11-05 23:24:27.894 17626 17646 E IMGMapper: set:488 set: Unset optional value from type CTA861_3
11-05 23:24:27.903  1187  4523 I ActivityManager: Changes in 10250 19 to 8, 0 to 8
11-05 23:24:27.904  1187  1352 E AppOps  : evalMode() Foreground mode : uid - 10250, op - 27, capability - 8
11-05 23:24:27.904  7764  9773 I dwky    : (REDACTED) appOpsListener %s %s
11-05 23:24:27.904  1187  1352 E AppOps  : evalMode() Foreground mode : uid - 10250, op - 26, capability - 8
11-05 23:24:27.904  7764  9773 I dwky    : (REDACTED) Ignoring irrelevant audio permission changes for package %s
11-05 23:24:27.904  1187  1352 E AppOps  : evalMode() Foreground mode : uid - 10250, op - 1, capability - 8
11-05 23:24:27.911 17626 17646 E IMGMapper: set:488 set: Unset optional value from type SMPTE2086
11-05 23:24:27.912 17626 17646 E IMGMapper: set:488 set: Unset optional value from type CTA861_3
11-05 23:24:27.921  8472  8472 D WM-SystemJobService: onStartJob for WorkGenerationalId(workSpecId=d4823371-e738-4587-aebf-6744cb82d77e, generation=0)
11-05 23:24:27.922  8472  8539 D WM-GreedyScheduler: Starting tracking for d4823371-e738-4587-aebf-6744cb82d77e
11-05 23:24:27.926 17626 17646 E IMGMapper: set:488 set: Unset optional value from type SMPTE2086
11-05 23:24:27.926  8472  8539 D WM-Processor: DhI: processing WorkGenerationalId(workSpecId=d4823371-e738-4587-aebf-6744cb82d77e, generation=0)
11-05 23:24:27.926 17626 17646 E IMGMapper: set:488 set: Unset optional value from type CTA861_3
11-05 23:24:27.939  8472  8472 D WM-WorkerWrapper: Starting work for com.whatsapp.messaging.xmpp.XmppLifecycleWorker
11-05 23:24:27.941 17626 17646 E IMGMapper: set:488 set: Unset optional value from type SMPTE2086
11-05 23:24:27.941 17626 17646 E IMGMapper: set:488 set: Unset optional value from type CTA861_3
11-05 23:24:27.945  8472  8539 D WM-ConstraintTracker: Dgn: initial state = NetworkState(isConnected=true, isValidated=true, isMetered=false, isNotRoaming=true)
11-05 23:24:27.945  8472  8539 D WM-NetworkStateTracker: Registering network callback
11-05 23:24:27.945  8472  8539 D ConnectivityManager: StackLog: [android.net.ConnectivityManager.sendRequestForNetwork(ConnectivityManager.java:4402)] [android.net.ConnectivityManager.registerDefaultNetworkCallbackForUid(ConnectivityManager.java:4966)] [android.net.ConnectivityManager.registerDefaultNetworkCallback(ConnectivityManager.java:4933)] [android.net.ConnectivityManager.registerDefaultNetworkCallback(ConnectivityManager.java:4907)] [X.Dgn.A03(:20)] [androidx.work.impl.constraints.controllers.BaseConstraintController$track$1.invokeSuspend(:81)] [androidx.work.impl.constraints.controllers.BaseConstraintController$track$1.invoke(:8)] [X.46n.A00(:2)] [X.46l.A00(:52)] [X.1kX.invokeSuspend(:26)] [X.0wX.resumeWith(:8)] [X.0wv.run(:89)] [X.Dha.run(:2)] [java.util.concurrent.ThreadPoolExecutor.runWorker(ThreadPoolExecutor.java:1145)] [java.util.concurrent.ThreadPoolExecutor$Worker.run(ThreadPoolExecutor.java:644)] [java.lang.Thread.run(Thread.java:1012)]
11-05 23:24:27.948  1187  3235 D ConnectivityService: requestNetwork for uid/pid:10250/8472 activeRequest: null callbackRequest: 45696 [NetworkRequest [ REQUEST id=45697, [ Capabilities: INTERNET&NOT_RESTRICTED&TRUSTED&NOT_VCN_MANAGED Uid: 10250 RequestorUid: 10250 RequestorPkg: com.whatsapp UnderlyingNetworks: Null] ]] callback flags: 0 order: 2147483647
11-05 23:24:27.952  1187  1588 D ConnectivityService:    accepting network in place of null for NetworkRequest [ REQUEST id=45697, [ Capabilities: INTERNET&NOT_RESTRICTED&TRUSTED&NOT_VCN_MANAGED Uid: 10250 RequestorUid: 10250 RequestorPkg: com.whatsapp UnderlyingNetworks: Null] ]
11-05 23:24:27.952  8472  8539 D WM-GreedyScheduler: Constraints met: Scheduling work ID WorkGenerationalId(workSpecId=d4823371-e738-4587-aebf-6744cb82d77e, generation=0)
11-05 23:24:27.954  8472  8540 D WM-NetworkStateTracker: Network capabilities changed: [ Transports: WIFI Capabilities: NOT_METERED&INTERNET&NOT_RESTRICTED&TRUSTED&NOT_VPN&VALIDATED&NOT_ROAMING&FOREGROUND&NOT_CONGESTED&NOT_SUSPENDED&NOT_VCN_MANAGED LinkUpBandwidth>=12000Kbps LinkDnBandwidth>=30000Kbps TransportInfo: <SSID: <unknown ssid>, BSSID: 02:00:00:00:00:00, MAC: 02:00:00:00:00:00, IP: /192.168.100.28, Security type: 2, Supplicant state: COMPLETED, Wi-Fi standard: 4, RSSI: -59, Link speed: 58Mbps, Tx Link speed: 58Mbps, Max Supported Tx Link speed: 150Mbps, Rx Link speed: 58Mbps, Max Supported Rx Link speed: 150Mbps, Frequency: 2462MHz, Net ID: -1, Metered hint: false, score: 60, isUsable: true, CarrierMerged: false, SubscriptionId: -1, IsPrimary: -1, Trusted: true, Restricted: false, Ephemeral: false, OEM paid: false, OEM private: false, OSU AP: false, FQDN: <none>, Provider friendly name: <none>, Requesting package name: <none><none>MLO Information: , AP MLD Address: <none>, AP MLO Link Id: <none>, AP MLO Affiliated links: <none>> SignalStrength: -59 UnderlyingNetworks: Null]
11-05 23:24:27.954  8472  8539 D WM-Processor: Work WorkGenerationalId(workSpecId=d4823371-e738-4587-aebf-6744cb82d77e, generation=0) is already enqueued for processing
11-05 23:24:27.957 17626 17646 E IMGMapper: set:488 set: Unset optional value from type SMPTE2086
11-05 23:24:27.957 17626 17646 E IMGMapper: set:488 set: Unset optional value from type CTA861_3
11-05 23:24:27.959  1187  1566 D WifiNetworkFactory: got request NetworkRequest [ REQUEST id=45697, [ Capabilities: INTERNET&NOT_RESTRICTED&TRUSTED&NOT_VCN_MANAGED Uid: 10250 RequestorUid: 10250 RequestorPkg: com.whatsapp UnderlyingNetworks: Null] ]
11-05 23:24:27.959  1187  1566 D UntrustedWifiNetworkFactory: got request NetworkRequest [ REQUEST id=45697, [ Capabilities: INTERNET&NOT_RESTRICTED&TRUSTED&NOT_VCN_MANAGED Uid: 10250 RequestorUid: 10250 RequestorPkg: com.whatsapp UnderlyingNetworks: Null] ]
11-05 23:24:27.960  1187  1566 D OemPaidWifiNetworkFactory: got request NetworkRequest [ REQUEST id=45697, [ Capabilities: INTERNET&NOT_RESTRICTED&TRUSTED&NOT_VCN_MANAGED Uid: 10250 RequestorUid: 10250 RequestorPkg: com.whatsapp UnderlyingNetworks: Null] ]
11-05 23:24:27.960  1187  1566 D MultiInternetWifiNetworkFactory: got request NetworkRequest [ REQUEST id=45697, [ Capabilities: INTERNET&NOT_RESTRICTED&TRUSTED&NOT_VCN_MANAGED Uid: 10250 RequestorUid: 10250 RequestorPkg: com.whatsapp UnderlyingNetworks: Null] ]
11-05 23:24:27.961  1187  1588 D ConnectivityService: Rematched networks [computed 3ms] [applied 2ms] [issued 7]
11-05 23:24:27.961  1187  1588 D ConnectivityService: NetworkReassignment :
11-05 23:24:27.961  1187  1588 D ConnectivityService:   45697 : null  214
11-05 23:24:27.969  1187  3235 D ApplicationPolicy: isStatusBarNotificationAllowedAsUser: packageName = com.whatsapp,userId = 0
11-05 23:24:27.972  1187  3235 D ApplicationPolicy: isStatusBarNotificationAllowedAsUser: packageName = com.whatsapp,userId = 0
11-05 23:24:27.974 17626 17646 E IMGMapper: set:488 set: Unset optional value from type SMPTE2086
11-05 23:24:27.974 17626 17646 E IMGMapper: set:488 set: Unset optional value from type CTA861_3
11-05 23:24:27.986  1187  4523 D ApplicationPolicy: isStatusBarNotificationAllowedAsUser: packageName = com.whatsapp,userId = 0
11-05 23:24:27.989  1187  4523 D ApplicationPolicy: isStatusBarNotificationAllowedAsUser: packageName = com.whatsapp,userId = 0
11-05 23:24:28.002 17626 17646 E IMGMapper: set:488 set: Unset optional value from type SMPTE2086
11-05 23:24:28.002 17626 17646 E IMGMapper: set:488 set: Unset optional value from type CTA861_3
11-05 23:24:28.007  2097  5429 D androidtc: Initializing SystemTextClassifier, type = System
11-05 23:24:28.017 17626 17646 E IMGMapper: set:488 set: Unset optional value from type SMPTE2086
11-05 23:24:28.018 17626 17646 E IMGMapper: set:488 set: Unset optional value from type CTA861_3
11-05 23:24:28.020 11071 11071 I BadgeCountReceiver: badge intent : Intent { act=android.intent.action.BADGE_COUNT_UPDATE flg=0x1000010 cmp=com.sec.android.provider.badge/.BadgeCountReceiver (has extras) }
11-05 23:24:28.021 11071 11071 I BadgeCountReceiver: packageName: com.whatsapp, className: com.whatsapp.Main, count: 1
11-05 23:24:28.025  2144  2144 I BadgeCountUpdaterImpl: onChange
11-05 23:24:28.027  2144  2144 I BadgeCountUpdaterImpl: onChange
11-05 23:24:28.028 11071 11071 I BadgeProvider: sendNotify entered. [uri] : content://com.sec.badge/apps
11-05 23:24:28.028 11071 11071 I BadgeProvider: sendNotify, [notify] : null
11-05 23:24:28.029 11071 11071 I BadgeProvider: update, getCallingPackage() : com.sec.android.provider.badge
11-05 23:24:28.029 11071 11071 I BadgeProvider: update, [uri] : content://com.sec.badge/apps
11-05 23:24:28.029 11071 11071 I BadgeProvider: update, [uri.query] : null
11-05 23:24:28.029 11071 11071 I BadgeProvider: update, [BadgeCount] : badgecount=1
11-05 23:24:28.029 11071 11071 I BadgeProvider: update, [UpdateCount] : 1
11-05 23:24:28.048 17626 17646 E IMGMapper: set:488 set: Unset optional value from type SMPTE2086
11-05 23:24:28.048 17626 17646 E IMGMapper: set:488 set: Unset optional value from type CTA861_3
11-05 23:24:28.061 17626 17646 E IMGMapper: set:488 set: Unset optional value from type SMPTE2086
11-05 23:24:28.061 17626 17646 E IMGMapper: set:488 set: Unset optional value from type CTA861_3
11-05 23:24:28.077 17626 17646 E IMGMapper: set:488 set: Unset optional value from type SMPTE2086
11-05 23:24:28.078 17626 17646 E IMGMapper: set:488 set: Unset optional value from type CTA861_3
11-05 23:24:28.093 17626 17646 E IMGMapper: set:488 set: Unset optional value from type SMPTE2086
11-05 23:24:28.094 17626 17646 E IMGMapper: set:488 set: Unset optional value from type CTA861_3
11-05 23:24:28.102 17626 17731 D skia    : SkJpegCodec::onGetPixels +
11-05 23:24:28.119 17626 17646 E IMGMapper: set:488 set: Unset optional value from type SMPTE2086
11-05 23:24:28.120 17626 17646 E IMGMapper: set:488 set: Unset optional value from type CTA861_3
11-05 23:24:28.126 17626 17731 D skia    : SkJpegCodec::onGetPixels -
11-05 23:24:28.128 17626 17646 E IMGMapper: set:488 set: Unset optional value from type SMPTE2086
11-05 23:24:28.128 17626 17646 E IMGMapper: set:488 set: Unset optional value from type CTA861_3
11-05 23:24:28.141 17626 17646 E IMGMapper: set:488 set: Unset optional value from type SMPTE2086
11-05 23:24:28.141 17626 17646 E IMGMapper: set:488 set: Unset optional value from type CTA861_3
11-05 23:24:28.156 17626 17646 E IMGMapper: set:488 set: Unset optional value from type SMPTE2086
11-05 23:24:28.156 17626 17646 E IMGMapper: set:488 set: Unset optional value from type CTA861_3
11-05 23:24:28.175 17626 17646 E IMGMapper: set:488 set: Unset optional value from type SMPTE2086
11-05 23:24:28.175 17626 17646 E IMGMapper: set:488 set: Unset optional value from type CTA861_3
11-05 23:24:28.179  1187  1187 I Telecom:SamsungTelecomServiceImpl: isInManagedCall - callingPackage : android
11-05 23:24:28.185  1187  1187 D EdgeLightingManager: isCallingUserSupported : callingUserId=0, mUserId=0, isDualAppId=false, isKnoxId=false
11-05 23:24:28.186  1187  1187 D EdgeLightingManager: showForNotification : isInteractive=true, isHeadUp=true, color=0, canBypassDnd=false, sbn = StatusBarNotification(pkg=com.whatsapp user=UserHandle{0} id=1 tag=NrEkRZN4asMMHfvpD3nFUz0J6O/RsT+hb3erzx4BUAk=
11-05 23:24:28.186  1187  1187 D EdgeLightingManager:  key=0|com.whatsapp|1|NrEkRZN4asMMHfvpD3nFUz0J6O/RsT+hb3erzx4BUAk=
11-05 23:24:28.186  1187  1187 D EdgeLightingManager: |10250: Notification(channel=individual_chat_defaults_4 shortcut=558588869321@s.whatsapp.net contentView=null vibrate=null sound=null defaults=0x0 flags=0x8 color=0xff21c063 groupKey=group_key_messages sortKey=1 actions=3 vis=PRIVATE publicVersion=Notification(channel=null shortcut=null contentView=null vibrate=null sound=null defaults=0x0 flags=0x0 color=0xff21c063 category=msg vis=PRIVATE semFlags=0x0 semPriority=0 semMissedCount=0) semFlags=0x0 semPriority=0 semMissedCount=0))
11-05 23:24:28.186  1187  1187 D EdgeLightingClientManager: isAvailableEdgeLighting: condition=1 mCondition=1 mIsConnected=false0
11-05 23:24:28.186  1187  1187 D EdgeLightingPolicyManager: isAcceptableApplication:  pkg=com.whatsapp , range=256 , includeAllApp=false , userId=0 , infoRange=0 , infoCategory=0
11-05 23:24:28.186  1187  1187 W CoverManager: getCoverState : This device is not supported cover
11-05 23:24:28.186  1187  1187 D EdgeLightingPolicyManager: putNotification tickerText:false,titleText:true,text:true,sub:falsecn= + null
11-05 23:24:28.186  1187  1187 D EdgeLightingPolicyManager.NotificationGroup: group key = 0|com.whatsapp|g:group_key_messages ,value= summary : null , child : 1key = 0|com.whatsapp|1|NrEkRZN4asMMHfvpD3nFUz0J6O/RsT+hb3erzx4BUAk=
11-05 23:24:28.186  1187  1187 D EdgeLightingPolicyManager.NotificationGroup: |10250 , value =  NotificationData { tag= NrEkRZN4asMMHfvpD3nFUz0J6O/RsT+hb3erzx4BUAk=
11-05 23:24:28.186  1187  1187 D EdgeLightingPolicyManager.NotificationGroup:  } , } 
11-05 23:24:28.186  1187  1187 D EdgeLightingPolicyManager.NotificationGroup: group key = 0|com.android.phone|g:VOICE_MAIL_GROUP_KEY ,value= summary : null , child : 1key = 0|com.android.phone|3|null|1001 , value =  NotificationData { tag= null } , } 
11-05 23:24:28.186  1187  1187 D EdgeLightingPolicyManager.NotificationGroup: group key = 0|com.ubercab|18|null|10253 ,value= summary : null , child : 1key = 0|com.ubercab|18|null|10253 , value =  NotificationData { tag= null } , } 
11-05 23:24:28.186  1187  1187 D EdgeLightingManager: showForNotificationScreenOn No peeking: suppressed due to group alert behavior
11-05 23:24:28.187  1187  1187 D NotificationService: 0|com.whatsapp|1|NrEkRZN4asMMHfvpD3nFUz0J6O/RsT+hb3erzx4BUAk=
11-05 23:24:28.187  1187  1187 D NotificationService: |10250: granting content://com.android.contacts/contacts/lookup/3789r668-2A2E46442E383236462A42464C.2168i3463e31489f698e6.1782r1098-2A2E46442E38323646/1417
11-05 23:24:28.187  1187  1187 D NotificationService: 0|com.whatsapp|1|NrEkRZN4asMMHfvpD3nFUz0J6O/RsT+hb3erzx4BUAk=
11-05 23:24:28.187  1187  1187 D NotificationService: |10250: granting content://settings/system/notification_sound
11-05 23:24:28.188  1187  1187 D NotificationService: 0|com.whatsapp|1|NrEkRZN4asMMHfvpD3nFUz0J6O/RsT+hb3erzx4BUAk=
11-05 23:24:28.188  1187  1187 D NotificationService: |10250: granting content://com.android.contacts/contacts/lookup/3789r668-2A2E46442E383236462A42464C.2168i3463e31489f698e6.1782r1098-2A2E46442E38323646/1417
11-05 23:24:28.189  1187  1187 D NotificationService: 0|com.whatsapp|1|NrEkRZN4asMMHfvpD3nFUz0J6O/RsT+hb3erzx4BUAk=
11-05 23:24:28.189  1187  1187 D NotificationService: |10250: granting content://settings/system/notification_sound
11-05 23:24:28.189  1187  1187 D NotificationService: 0|com.whatsapp|1|NrEkRZN4asMMHfvpD3nFUz0J6O/RsT+hb3erzx4BUAk=
11-05 23:24:28.189  1187  1187 D NotificationService: |10250: granting content://com.android.contacts/contacts/lookup/3789r668-2A2E46442E383236462A42464C.2168i3463e31489f698e6.1782r1098-2A2E46442E38323646/1417
11-05 23:24:28.191  1187  1187 D NotificationService: 0|com.whatsapp|1|NrEkRZN4asMMHfvpD3nFUz0J6O/RsT+hb3erzx4BUAk=
11-05 23:24:28.191  1187  1187 D NotificationService: |10250: granting content://settings/system/notification_sound
11-05 23:24:28.191  1187  1187 D NotificationService: 0|com.whatsapp|1|NrEkRZN4asMMHfvpD3nFUz0J6O/RsT+hb3erzx4BUAk=
11-05 23:24:28.191  1187  1187 D NotificationService: |10250: granting content://com.android.contacts/contacts/lookup/3789r668-2A2E46442E383236462A42464C.2168i3463e31489f698e6.1782r1098-2A2E46442E38323646/1417
11-05 23:24:28.192  1187  1187 D NotificationService: 0|com.whatsapp|1|NrEkRZN4asMMHfvpD3nFUz0J6O/RsT+hb3erzx4BUAk=
11-05 23:24:28.192  1187  1187 D NotificationService: |10250: granting content://settings/system/notification_sound
11-05 23:24:28.193  1187  1187 D NotificationService: 0|com.whatsapp|1|NrEkRZN4asMMHfvpD3nFUz0J6O/RsT+hb3erzx4BUAk=
11-05 23:24:28.193  1187  1187 D NotificationService: |10250: granting content://com.android.contacts/contacts/lookup/3789r668-2A2E46442E383236462A42464C.2168i3463e31489f698e6.1782r1098-2A2E46442E38323646/1417
11-05 23:24:28.193  1187  1187 D NotificationService: 0|com.whatsapp|1|NrEkRZN4asMMHfvpD3nFUz0J6O/RsT+hb3erzx4BUAk=
11-05 23:24:28.193  1187  1187 D NotificationService: |10250: granting content://settings/system/notification_sound
11-05 23:24:28.194 17626 17646 E IMGMapper: set:488 set: Unset optional value from type SMPTE2086
11-05 23:24:28.194 17626 17646 E IMGMapper: set:488 set: Unset optional value from type CTA861_3
11-05 23:24:28.194  1187  1187 D NotificationService: 0|com.whatsapp|1|NrEkRZN4asMMHfvpD3nFUz0J6O/RsT+hb3erzx4BUAk=
11-05 23:24:28.194  1187  1187 D NotificationService: |10250: granting content://com.android.contacts/contacts/lookup/3789r668-2A2E46442E383236462A42464C.2168i3463e31489f698e6.1782r1098-2A2E46442E38323646/1417
11-05 23:24:28.195  1187  1187 D NotificationService: 0|com.whatsapp|1|NrEkRZN4asMMHfvpD3nFUz0J6O/RsT+hb3erzx4BUAk=
11-05 23:24:28.195  1187  1187 D NotificationService: |10250: granting content://settings/system/notification_sound
11-05 23:24:28.201  1187  1187 W NotificationHistory: Attempted to add notif for locked/gone/disabled user 0
11-05 23:24:28.202  1187  1187 D NotificationReminder: addNotificationRecord record com.whatsapp
11-05 23:24:28.204  1187  1187 I Telecom:SamsungTelecomServiceImpl: isInManagedCall - callingPackage : android
11-05 23:24:28.208 17626 17646 E IMGMapper: set:488 set: Unset optional value from type SMPTE2086
11-05 23:24:28.208 17626 17646 E IMGMapper: set:488 set: Unset optional value from type CTA861_3
11-05 23:24:28.208  1187  1187 D EdgeLightingManager: isCallingUserSupported : callingUserId=0, mUserId=0, isDualAppId=false, isKnoxId=false
