10-27 20:44:24.289 11845 11879 E IMGMapper: set:488 set: Unset optional value from type SMPTE2086
10-27 20:44:24.290 11845 11879 E IMGMapper: set:488 set: Unset optional value from type CTA861_3
10-27 20:44:24.306 11845 11879 E IMGMapper: set:488 set: Unset optional value from type SMPTE2086
10-27 20:44:24.306 11845 11879 E IMGMapper: set:488 set: Unset optional value from type CTA861_3
10-27 20:44:24.322 11845 11879 E IMGMapper: set:488 set: Unset optional value from type SMPTE2086
10-27 20:44:24.322 11845 11879 E IMGMapper: set:488 set: Unset optional value from type CTA861_3
10-27 20:44:24.337  1039  1039 I SurfaceFlinger: SFWD update time=2958782436110493
10-27 20:44:24.341 11845 11879 E IMGMapper: set:488 set: Unset optional value from type SMPTE2086
10-27 20:44:24.341 11845 11879 E IMGMapper: set:488 set: Unset optional value from type CTA861_3
10-27 20:44:24.350 11845 11879 E IMGMapper: set:488 set: Unset optional value from type SMPTE2086
10-27 20:44:24.350 11845 11879 E IMGMapper: set:488 set: Unset optional value from type CTA861_3
10-27 20:44:24.363 11845 11879 E IMGMapper: set:488 set: Unset optional value from type SMPTE2086
10-27 20:44:24.363 11845 11879 E IMGMapper: set:488 set: Unset optional value from type CTA861_3
10-27 20:44:24.447  1693  1693 I WifiHAL : Get link layer stats
10-27 20:44:24.447  1693  1693 I WifiHAL : GetLinkStatsCommand::create
10-27 20:44:24.447  1693  1693 D android.hardware.wifi@1.0-service-lazy: WifiRequest::create vendor command to iface 38, vendor_id=0x1a11, subcmd=0x1200, res=0
10-27 20:44:24.448  1693  1693 I android.hardware.wifi@1.0-service-lazy: WifiCommand::requestResponse err=-95
10-27 20:44:24.448  1693  1693 I WifiHAL : wifi_get_link_stats: result=-3
10-27 20:44:24.449  1187  1566 E WifiVendorHal: getWifiLinkLayerStats_1_5_Internal(l.1179) failed {.code = ERROR_NOT_SUPPORTED, .description = }
10-27 20:44:24.458  1187 22074 D SemWifiUsabilityStatsMonitor: onWifiUsabilityStats - seqNum 38763, isSameBssidAndFreq true
10-27 20:44:24.460  1187  1645 I SemWifiLinkQualityMonitor: Link Qos query: inf. ms / 0 Mbps
10-27 20:44:24.460  1737  1737 D NetworkController.WifiSignalController: notifyListener: visible=true, connected=true, inetCondition=1, isDefault=true, wifiTestReported=true, receivedInetCondition=-1, hideDuringMobileSwitching=false
10-27 20:44:24.481  1737  1796 E IMGMapper: set:488 set: Unset optional value from type SMPTE2086
10-27 20:44:24.481  1737  1796 E IMGMapper: set:488 set: Unset optional value from type CTA861_3
10-27 20:44:24.488  1039  1039 I BufferQueueProducer: [StatusBar$_1737#534029](this:0xb400007a1f0ca838,id:-1,api:0,p:-1,c:1039) queueBuffer: fps=0.33 dur=3012.66 max=3012.66 min=3012.66
10-27 20:44:24.768  1737  1942 D MobileStatusTracker(1/1): onSignalStrengthsChanged level=4, vendorLevel=4
10-27 20:44:24.773  1737  1942 D MobileSignalController(1/1): notifyListener: enabled=true, connected=true, dataConnected=false, networkType=UMTS (3G), emergencyOnly=true, roaming=false, isDefault=false, dataActivity=, level=4, ca=false, mmWave=false, disabledDataIcon=false, simCard=ETC
10-27 20:44:24.773  1737  1942 D NetworkController: SignalStrength from intent slotId=1
10-27 20:44:24.899  1205  1205 I thermal_repeater: socket -1
10-27 20:44:25.823  1187  2571 D InputDispatcher: Inject motion (12027/2000): action=0x0, time=2958783921000000, f=0x0, d=0 dsdx=1.000000 dtdx=0.000000
10-27 20:44:25.825  1187  1534 I InputDispatcher: Delivering touch to (1737): action: 0x4, f=0x0, d=0, 'd92b8ad', t=1 
10-27 20:44:25.825  1187  1534 I InputDispatcher: Delivering touch to (11845): action: 0x0, f=0x0, d=0, 'cff2187', t=1 
10-27 20:44:25.826  1187  1534 D PowerManagerService: [api] userActivityFromNative :  (event: 2 flags: 0 displayId: 0) eventTime = 2958783921
10-27 20:44:25.826 11845 11845 I ViewRootImpl@bcc255f[MainActivity]: ViewPostIme pointer 0
10-27 20:44:25.827  1187  1303 I GestureDetector: obtain mCurrentDownEvent. id: -758586818 caller: com.android.server.wm.SystemGesturesPointerEventListener.onPointerEvent:203 com.android.server.wm.PointerEventDispatcher.onInputEvent:53 android.view.InputEventReceiver.dispatchInputEvent:285 
10-27 20:44:25.828  1187  1303 I GestureDetector: obtain mCurrentDownEvent. id: -758586818 caller: com.android.server.wm.SystemPerformancePointerEventListener.onPointerEvent:89 com.android.server.wm.PointerEventDispatcher.onInputEvent:53 android.view.InputEventReceiver.dispatchInputEvent:285 
10-27 20:44:25.843  1187  2571 D InputDispatcher: Inject motion (12027/2000): action=0x1, time=2958783921000000, f=0x0, d=0 dsdx=1.000000 dtdx=0.000000
10-27 20:44:25.845  1187  1534 I InputDispatcher: Delivering touch to (11845): action: 0x1, f=0x0, d=0, 'cff2187', t=1 
10-27 20:44:25.845 11845 11845 I ViewRootImpl@bcc255f[MainActivity]: ViewPostIme pointer 1
10-27 20:44:25.846  1187  1303 I GestureDetector: obtain mCurrentMotionEventRaw. action: 1 id: -149237039
10-27 20:44:25.846  1187  1303 I GestureDetector: obtain mCurrentMotionEventRaw. action: 1 id: -149237039
10-27 20:44:25.866 11845 11879 E IMGMapper: set:488 set: Unset optional value from type SMPTE2086
10-27 20:44:25.867 11845 11879 E IMGMapper: set:488 set: Unset optional value from type CTA861_3
10-27 20:44:25.870  1039  1039 I BufferQueueProducer: [com.cinemamovel/com.cinemamovel.MainActivity$_11845#601688](this:0xb400007a1f634838,id:-1,api:0,p:-1,c:1039) queueBuffer: fps=13.01 dur=1998.37 max=1482.33 min=16.09
10-27 20:44:25.873   991   991 I hwcomposer: [HWCDisplay] [Display_0 (type:1)] fps:13.512614,dur:1998.13,max:1381.88,min:15.25  
10-27 20:44:25.894 11845 11879 E IMGMapper: set:488 set: Unset optional value from type SMPTE2086
10-27 20:44:25.894 11845 11879 E IMGMapper: set:488 set: Unset optional value from type CTA861_3
10-27 20:44:25.910 11845 11879 E IMGMapper: set:488 set: Unset optional value from type SMPTE2086
10-27 20:44:25.910 11845 11879 E IMGMapper: set:488 set: Unset optional value from type CTA861_3
10-27 20:44:25.952 11845 11879 E IMGMapper: set:488 set: Unset optional value from type SMPTE2086
10-27 20:44:25.952 11845 11879 E IMGMapper: set:488 set: Unset optional value from type CTA861_3
10-27 20:44:25.961 11845 11879 E IMGMapper: set:488 set: Unset optional value from type SMPTE2086
10-27 20:44:25.961 11845 11879 E IMGMapper: set:488 set: Unset optional value from type CTA861_3
10-27 20:44:25.980 11845 11879 E IMGMapper: set:488 set: Unset optional value from type SMPTE2086
10-27 20:44:25.980 11845 11879 E IMGMapper: set:488 set: Unset optional value from type CTA861_3
10-27 20:44:25.998 11845 11879 E IMGMapper: set:488 set: Unset optional value from type SMPTE2086
10-27 20:44:25.998 11845 11879 E IMGMapper: set:488 set: Unset optional value from type CTA861_3
10-27 20:44:26.015 11845 11879 E IMGMapper: set:488 set: Unset optional value from type SMPTE2086
10-27 20:44:26.015 11845 11879 E IMGMapper: set:488 set: Unset optional value from type CTA861_3
10-27 20:44:26.031 11845 11879 E IMGMapper: set:488 set: Unset optional value from type SMPTE2086
10-27 20:44:26.032 11845 11879 E IMGMapper: set:488 set: Unset optional value from type CTA861_3
10-27 20:44:26.047 11845 11879 E IMGMapper: set:488 set: Unset optional value from type SMPTE2086
10-27 20:44:26.047 11845 11879 E IMGMapper: set:488 set: Unset optional value from type CTA861_3
10-27 20:44:26.065 11845 11879 E IMGMapper: set:488 set: Unset optional value from type SMPTE2086
10-27 20:44:26.065 11845 11879 E IMGMapper: set:488 set: Unset optional value from type CTA861_3
10-27 20:44:26.082 11845 11879 E IMGMapper: set:488 set: Unset optional value from type SMPTE2086
10-27 20:44:26.082 11845 11879 E IMGMapper: set:488 set: Unset optional value from type CTA861_3
10-27 20:44:26.098 11845 11879 E IMGMapper: set:488 set: Unset optional value from type SMPTE2086
10-27 20:44:26.098 11845 11879 E IMGMapper: set:488 set: Unset optional value from type CTA861_3
10-27 20:44:26.114 11845 11879 E IMGMapper: set:488 set: Unset optional value from type SMPTE2086
10-27 20:44:26.114 11845 11879 E IMGMapper: set:488 set: Unset optional value from type CTA861_3
10-27 20:44:26.127  1187  1303 I GestureDetector: handleMessage TAP
10-27 20:44:26.129  1187  1187 I GestureDetector: handleMessage TAP
10-27 20:44:26.132 11845 11879 E IMGMapper: set:488 set: Unset optional value from type SMPTE2086
10-27 20:44:26.132 11845 11879 E IMGMapper: set:488 set: Unset optional value from type CTA861_3
10-27 20:44:26.143 11845 11879 E IMGMapper: set:488 set: Unset optional value from type SMPTE2086
10-27 20:44:26.143 11845 11879 E IMGMapper: set:488 set: Unset optional value from type CTA861_3
10-27 20:44:26.165 11845 11879 E IMGMapper: set:488 set: Unset optional value from type SMPTE2086
10-27 20:44:26.165 11845 11879 E IMGMapper: set:488 set: Unset optional value from type CTA861_3
10-27 20:44:26.206  1737  1942 D MobileStatusTracker(0/2): onSignalStrengthsChanged level=4, vendorLevel=3
10-27 20:44:26.209  1737  1942 D MobileSignalController(0/2): notifyListener: enabled=true, connected=true, dataConnected=true, networkType=LTE (4G), emergencyOnly=false, roaming=false, isDefault=false, dataActivity=, level=3, ca=false, mmWave=false, disabledDataIcon=false, simCard=ETC
10-27 20:44:26.211  1737  1942 D NetworkController: SignalStrength from intent slotId=0
10-27 20:44:26.812 29501 29501 I wpa_supplicant: Heartbeat 1604
10-27 20:44:26.933  1187  2571 D InputDispatcher: Inject motion (12032/2000): action=0x0, time=2958785031000000, f=0x0, d=0 dsdx=1.000000 dtdx=0.000000
10-27 20:44:26.934  1187  1534 I InputDispatcher: Delivering touch to (1737): action: 0x4, f=0x0, d=0, 'd92b8ad', t=1 
10-27 20:44:26.934  1187  1534 I InputDispatcher: Delivering touch to (11845): action: 0x0, f=0x0, d=0, 'cff2187', t=1 
10-27 20:44:26.935  1187  1534 D PowerManagerService: [api] userActivityFromNative :  (event: 2 flags: 0 displayId: 0) eventTime = 2958785031
10-27 20:44:26.935  1187  1303 I GestureDetector: obtain mCurrentDownEvent. id: -832338720 caller: com.android.server.wm.SystemGesturesPointerEventListener.onPointerEvent:203 com.android.server.wm.PointerEventDispatcher.onInputEvent:53 android.view.InputEventReceiver.dispatchInputEvent:285 
10-27 20:44:26.936 11845 11845 I ViewRootImpl@bcc255f[MainActivity]: ViewPostIme pointer 0
10-27 20:44:26.936  1187  1303 I GestureDetector: obtain mCurrentDownEvent. id: -832338720 caller: com.android.server.wm.SystemPerformancePointerEventListener.onPointerEvent:89 com.android.server.wm.PointerEventDispatcher.onInputEvent:53 android.view.InputEventReceiver.dispatchInputEvent:285 
10-27 20:44:26.947  1187  2571 D InputDispatcher: Inject motion (12032/2000): action=0x1, time=2958785031000000, f=0x0, d=0 dsdx=1.000000 dtdx=0.000000
10-27 20:44:26.948  1187  1534 I InputDispatcher: Delivering touch to (11845): action: 0x1, f=0x0, d=0, 'cff2187', t=1 
10-27 20:44:26.948 11845 11845 I ViewRootImpl@bcc255f[MainActivity]: ViewPostIme pointer 1
10-27 20:44:26.948  1187  1303 I GestureDetector: obtain mCurrentMotionEventRaw. action: 1 id: -561895680
10-27 20:44:26.949  1187  1303 I GestureDetector: obtain mCurrentMotionEventRaw. action: 1 id: -561895680
10-27 20:44:27.043 11845 11879 E IMGMapper: set:488 set: Unset optional value from type SMPTE2086
10-27 20:44:27.043 11845 11879 E IMGMapper: set:488 set: Unset optional value from type CTA861_3
10-27 20:44:27.051  1039  1039 I BufferQueueProducer: [com.cinemamovel/com.cinemamovel.MainActivity$_11845#601688](this:0xb400007a1f634838,id:-1,api:0,p:-1,c:1039) queueBuffer: fps=14.40 dur=1180.72 max=865.47 min=15.95
10-27 20:44:27.053   991   991 I hwcomposer: [HWCDisplay] [Display_0 (type:1)] fps:14.398549,dur:1180.67,max:865.98,min:15.09  
10-27 20:44:27.236  1187  1303 I GestureDetector: handleMessage TAP
10-27 20:44:27.236  1187  1187 I GestureDetector: handleMessage TAP
10-27 20:44:27.317  1737  1942 D MobileStatusTracker(1/1): onSignalStrengthsChanged level=3, vendorLevel=4
10-27 20:44:27.322  1737  1942 D MobileSignalController(1/1): notifyListener: enabled=true, connected=true, dataConnected=false, networkType=UMTS (3G), emergencyOnly=true, roaming=false, isDefault=false, dataActivity=, level=4, ca=false, mmWave=false, disabledDataIcon=false, simCard=ETC
10-27 20:44:27.322  1737  1942 D NetworkController: SignalStrength from intent slotId=1
10-27 20:44:27.464  1693  1693 I WifiHAL : Get link layer stats
10-27 20:44:27.464  1693  1693 I WifiHAL : GetLinkStatsCommand::create
10-27 20:44:27.464  1693  1693 D android.hardware.wifi@1.0-service-lazy: WifiRequest::create vendor command to iface 38, vendor_id=0x1a11, subcmd=0x1200, res=0
10-27 20:44:27.465  1693  1693 I android.hardware.wifi@1.0-service-lazy: WifiCommand::requestResponse err=-95
10-27 20:44:27.465  1693  1693 I WifiHAL : wifi_get_link_stats: result=-3
10-27 20:44:27.468  1187  1566 E WifiVendorHal: getWifiLinkLayerStats_1_5_Internal(l.1179) failed {.code = ERROR_NOT_SUPPORTED, .description = }
10-27 20:44:27.478  1187 22074 D SemWifiUsabilityStatsMonitor: onWifiUsabilityStats - seqNum 38764, isSameBssidAndFreq true
10-27 20:44:27.479  1187  1645 I SemWifiLinkQualityMonitor: Link Qos query: inf. ms / 0 Mbps
10-27 20:44:27.480  1737  1737 D NetworkController.WifiSignalController: notifyListener: visible=true, connected=true, inetCondition=1, isDefault=true, wifiTestReported=true, receivedInetCondition=-1, hideDuringMobileSwitching=false
10-27 20:44:27.493  1737  1796 E IMGMapper: set:488 set: Unset optional value from type SMPTE2086
10-27 20:44:27.493  1737  1796 E IMGMapper: set:488 set: Unset optional value from type CTA861_3
10-27 20:44:27.500  1039  1039 I BufferQueueProducer: [StatusBar$_1737#534029](this:0xb400007a1f0ca838,id:-1,api:0,p:-1,c:1039) queueBuffer: fps=0.33 dur=3012.36 max=3012.36 min=3012.36
10-27 20:44:28.025  1187  1301 D InputDispatcher: Inject motion (12037/2000): action=0x0, time=2958786123000000, f=0x0, d=0 dsdx=1.000000 dtdx=0.000000
10-27 20:44:28.026  1187  1534 I InputDispatcher: Delivering touch to (1737): action: 0x4, f=0x0, d=0, 'd92b8ad', t=1 
10-27 20:44:28.026  1187  1534 I InputDispatcher: Delivering touch to (11845): action: 0x0, f=0x0, d=0, 'cff2187', t=1 
10-27 20:44:28.026  1187  1534 D PowerManagerService: [api] userActivityFromNative :  (event: 2 flags: 0 displayId: 0) eventTime = 2958786123
10-27 20:44:28.026 11845 11845 I ViewRootImpl@bcc255f[MainActivity]: ViewPostIme pointer 0
10-27 20:44:28.027  1187  1303 I GestureDetector: obtain mCurrentDownEvent. id: -1036128800 caller: com.android.server.wm.SystemGesturesPointerEventListener.onPointerEvent:203 com.android.server.wm.PointerEventDispatcher.onInputEvent:53 android.view.InputEventReceiver.dispatchInputEvent:285 
10-27 20:44:28.027  1187  1303 I GestureDetector: obtain mCurrentDownEvent. id: -1036128800 caller: com.android.server.wm.SystemPerformancePointerEventListener.onPointerEvent:89 com.android.server.wm.PointerEventDispatcher.onInputEvent:53 android.view.InputEventReceiver.dispatchInputEvent:285 
10-27 20:44:28.033  1187  1301 D InputDispatcher: Inject motion (12037/2000): action=0x1, time=2958786123000000, f=0x0, d=0 dsdx=1.000000 dtdx=0.000000
10-27 20:44:28.034  1187  1534 I InputDispatcher: Delivering touch to (11845): action: 0x1, f=0x0, d=0, 'cff2187', t=1 
10-27 20:44:28.034 11845 11845 I ViewRootImpl@bcc255f[MainActivity]: ViewPostIme pointer 1
10-27 20:44:28.034  1187  1303 I GestureDetector: obtain mCurrentMotionEventRaw. action: 1 id: -68966740
10-27 20:44:28.035  1187  1303 I GestureDetector: obtain mCurrentMotionEventRaw. action: 1 id: -68966740
10-27 20:44:28.059 11845 11879 E IMGMapper: set:488 set: Unset optional value from type SMPTE2086
10-27 20:44:28.059 11845 11879 E IMGMapper: set:488 set: Unset optional value from type CTA861_3
10-27 20:44:28.066  1039  1039 I BufferQueueProducer: [com.cinemamovel/com.cinemamovel.MainActivity$_11845#601688](this:0xb400007a1f634838,id:-1,api:0,p:-1,c:1039) queueBuffer: fps=0.99 dur=1014.90 max=1014.90 min=1014.90
10-27 20:44:28.067   991   991 I hwcomposer: [HWCDisplay] [Display_0 (type:1)] fps:1.972582,dur:1013.90,max:563.82,min:450.08  
10-27 20:44:28.088 11845 11879 E IMGMapper: set:488 set: Unset optional value from type SMPTE2086
10-27 20:44:28.089 11845 11879 E IMGMapper: set:488 set: Unset optional value from type CTA861_3
10-27 20:44:28.126 11845 11879 E IMGMapper: set:488 set: Unset optional value from type SMPTE2086
10-27 20:44:28.127 11845 11879 E IMGMapper: set:488 set: Unset optional value from type CTA861_3
10-27 20:44:28.135 11845 11879 E IMGMapper: set:488 set: Unset optional value from type SMPTE2086
10-27 20:44:28.136 11845 11879 E IMGMapper: set:488 set: Unset optional value from type CTA861_3
10-27 20:44:28.143 11845 11879 E IMGMapper: set:488 set: Unset optional value from type SMPTE2086
10-27 20:44:28.143 11845 11879 E IMGMapper: set:488 set: Unset optional value from type CTA861_3
10-27 20:44:28.161 11845 11879 E IMGMapper: set:488 set: Unset optional value from type SMPTE2086
10-27 20:44:28.161 11845 11879 E IMGMapper: set:488 set: Unset optional value from type CTA861_3
10-27 20:44:28.176 11845 11879 E IMGMapper: set:488 set: Unset optional value from type SMPTE2086
10-27 20:44:28.176 11845 11879 E IMGMapper: set:488 set: Unset optional value from type CTA861_3
10-27 20:44:28.193 11845 11879 E IMGMapper: set:488 set: Unset optional value from type SMPTE2086
10-27 20:44:28.193 11845 11879 E IMGMapper: set:488 set: Unset optional value from type CTA861_3
10-27 20:44:28.210 11845 11879 E IMGMapper: set:488 set: Unset optional value from type SMPTE2086
10-27 20:44:28.210 11845 11879 E IMGMapper: set:488 set: Unset optional value from type CTA861_3
10-27 20:44:28.227 11845 11879 E IMGMapper: set:488 set: Unset optional value from type SMPTE2086
10-27 20:44:28.227 11845 11879 E IMGMapper: set:488 set: Unset optional value from type CTA861_3
10-27 20:44:28.243 11845 11879 E IMGMapper: set:488 set: Unset optional value from type SMPTE2086
10-27 20:44:28.243 11845 11879 E IMGMapper: set:488 set: Unset optional value from type CTA861_3
10-27 20:44:28.262 11845 11879 E IMGMapper: set:488 set: Unset optional value from type SMPTE2086
10-27 20:44:28.262 11845 11879 E IMGMapper: set:488 set: Unset optional value from type CTA861_3
10-27 20:44:28.279 11845 11879 E IMGMapper: set:488 set: Unset optional value from type SMPTE2086
10-27 20:44:28.279 11845 11879 E IMGMapper: set:488 set: Unset optional value from type CTA861_3
10-27 20:44:28.296 11845 11879 E IMGMapper: set:488 set: Unset optional value from type SMPTE2086
10-27 20:44:28.296 11845 11879 E IMGMapper: set:488 set: Unset optional value from type CTA861_3
10-27 20:44:28.310 11845 11879 E IMGMapper: set:488 set: Unset optional value from type SMPTE2086
10-27 20:44:28.310 11845 11879 E IMGMapper: set:488 set: Unset optional value from type CTA861_3
10-27 20:44:28.327 11845 11879 E IMGMapper: set:488 set: Unset optional value from type SMPTE2086
10-27 20:44:28.327 11845 11879 E IMGMapper: set:488 set: Unset optional value from type CTA861_3
10-27 20:44:28.327  1187  1303 I GestureDetector: handleMessage TAP
10-27 20:44:28.327  1187  1187 I GestureDetector: handleMessage TAP
10-27 20:44:28.350 11845 11879 E IMGMapper: set:488 set: Unset optional value from type SMPTE2086
10-27 20:44:28.350 11845 11879 E IMGMapper: set:488 set: Unset optional value from type CTA861_3
10-27 20:44:28.766  1737  1942 D MobileStatusTracker(0/2): onSignalStrengthsChanged level=4, vendorLevel=3
10-27 20:44:28.771  1737  1942 D MobileSignalController(0/2): notifyListener: enabled=true, connected=true, dataConnected=true, networkType=LTE (4G), emergencyOnly=false, roaming=false, isDefault=false, dataActivity=, level=3, ca=false, mmWave=false, disabledDataIcon=false, simCard=ETC
10-27 20:44:28.772  1737  1942 D NetworkController: SignalStrength from intent slotId=0
10-27 20:44:29.112  1187  1301 D InputDispatcher: Inject key (12042/2000): action=0, f=0x0, d=-1, time=2958787210000000
10-27 20:44:29.112  1187  1301 D WindowManager: interceptKeyTq keycode=4 interactive=true keyguardActive=false policyFlags=2b000000
10-27 20:44:29.113  1187  1301 D PhoneWindowManagerExt: interceptKeyTq code=4 down=true repeatCount=0 displayId=-1 interactive=true
10-27 20:44:29.113  1187  1301 D WindowManager: interceptKeyTq interceptKeyResult=4
10-27 20:44:29.113  1187  1534 D PowerManagerService: [api] userActivityFromNative :  (event: 1 flags: 0 displayId: 0) eventTime = 2958787210
10-27 20:44:29.114  1187  1534 D WindowManager: interceptKeyTi keyCode=4 down=true repeatCount=0 keyguardOn=false canceled=false
10-27 20:44:29.114  1187  1534 D PhoneWindowManagerExt: interceptKeyTi code=4 down=true repeatCount=0 displayId=-1 interactive=true
10-27 20:44:29.114  1187  1534 I InputDispatcher: Delivering key to (11845): B action: 0x0 (0), f=0x0, m=0x0, d=0, 'cff2187'
10-27 20:44:29.115 23351 23351 I HBD     : b skip onKeyDown as physical keyboard not connected 
10-27 20:44:29.116 23351 23351 I HBD     : HoneyBoardService onKeyDown r:127ec90d consumed:false 1 
10-27 20:44:29.117 11845 11845 I ViewRootImpl@bcc255f[MainActivity]: ViewPostIme key 0
10-27 20:44:29.118 11845 11845 D Activity: onKeyDown(KEYCODE_BACK)
10-27 20:44:29.118  1187  1301 D InputDispatcher: Inject key (12042/2000): action=1, f=0x0, d=-1, time=2958787210000000
10-27 20:44:29.118  1187  1301 D WindowManager: interceptKeyTq keycode=4 interactive=true keyguardActive=false policyFlags=2b000000
10-27 20:44:29.118  1187  1301 D PhoneWindowManagerExt: interceptKeyTq code=4 down=false repeatCount=0 displayId=-1 interactive=true
10-27 20:44:29.118  1187  1301 D WindowManager: interceptKeyTq interceptKeyResult=4
10-27 20:44:29.119  1187  1534 D WindowManager: interceptKeyTi keyCode=4 down=false repeatCount=0 keyguardOn=false canceled=false
10-27 20:44:29.119  1187  1534 D PhoneWindowManagerExt: interceptKeyTi code=4 down=false repeatCount=0 displayId=-1 interactive=true
10-27 20:44:29.119  1187  1534 I InputDispatcher: Delivering key to (11845): B action: 0x1 (0), f=0x0, m=0x0, d=0, 'cff2187'
10-27 20:44:29.121 23351 23351 I HBD     : HoneyBoardService onKeyUp r:dc57d3a7 consumed:false 1 
10-27 20:44:29.123 11845 11845 I ViewRootImpl@bcc255f[MainActivity]: ViewPostIme key 1
10-27 20:44:29.123 11845 11845 D Activity: onKeyUp(KEYCODE_BACK) isTracking()=true isCanceled()=false hasCallback=false
10-27 20:44:29.174 11845 11886 I ReactNativeJS: ---METRICS_JSON_START---
10-27 20:44:29.174 11845 11886 I ReactNativeJS: {
10-27 20:44:29.174 11845 11886 I ReactNativeJS:   "screenRenders": 15,
10-27 20:44:29.174 11845 11886 I ReactNativeJS:   "componentRenders": {
10-27 20:44:29.174 11845 11886 I ReactNativeJS:     "Loader": 3,
10-27 20:44:29.174 11845 11886 I ReactNativeJS:     "MovieDetailsPure": 12,
10-27 20:44:29.174 11845 11886 I ReactNativeJS:     "Poster": 12,
10-27 20:44:29.174 11845 11886 I ReactNativeJS:     "InfoBlock": 12,
10-27 20:44:29.174 11845 11886 I ReactNativeJS:     "RatingBlock": 12,
10-27 20:44:29.174 11845 11886 I ReactNativeJS:     "Overview": 12,
10-27 20:44:29.174 11845 11886 I ReactNativeJS:     "Genres": 12
10-27 20:44:29.174 11845 11886 I ReactNativeJS:   },
10-27 20:44:29.174 11845 11886 I ReactNativeJS:   "interactionEvents": [
10-27 20:44:29.174 11845 11886 I ReactNativeJS:     {
10-27 20:44:29.174 11845 11886 I ReactNativeJS:       "action": "toggle_favorite",
10-27 20:44:29.174 11845 11886 I ReactNativeJS:       "timestamp": 1761608650881
10-27 20:44:29.174 11845 11886 I ReactNativeJS:     },
10-27 20:44:29.174 11845 11886 I ReactNativeJS:     {
10-27 20:44:29.174 11845 11886 I ReactNativeJS:       "action": "set_rating_3",
10-27 20:44:29.174 11845 11886 I ReactNativeJS:       "timestamp": 1761608651983
10-27 20:44:29.174 11845 11886 I ReactNativeJS:     },
10-27 20:44:29.174 11845 11886 I ReactNativeJS:     {
10-27 20:44:29.174 11845 11886 I ReactNativeJS:       "action": "toggle_overview",
10-27 20:44:29.174 11845 11886 I ReactNativeJS:       "timestamp": 1761608653085
10-27 20:44:29.174 11845 11886 I ReactNativeJS:     },
10-27 20:44:29.174 11845 11886 I ReactNativeJS:     {
10-27 20:44:29.174 11845 11886 I ReactNativeJS:       "action": "component_unmounted_logged",
10-27 20:44:29.174 11845 11886 I ReactNativeJS:       "timestamp": 1761608654238
10-27 20:44:29.174 11845 11886 I ReactNativeJS:     },
10-27 20:44:29.174 11845 11886 I ReactNativeJS:     {
10-27 20:44:29.174 11845 11886 I ReactNativeJS:       "action": "toggle_favorite",
10-27 20:44:29.174 11845 11886 I ReactNativeJS:       "timestamp": 1761608658373
10-27 20:44:29.174 11845 11886 I ReactNativeJS:     },
10-27 20:44:29.174 11845 11886 I ReactNativeJS:     {
10-27 20:44:29.174 11845 11886 I ReactNativeJS:       "action": "set_rating_3",
10-27 20:44:29.174 11845 11886 I ReactNativeJS:       "timestamp": 1761608659468
10-27 20:44:29.174 11845 11886 I ReactNativeJS:     },
10-27 20:44:29.174 11845 11886 I ReactNativeJS:     {
10-27 20:44:29.174 11845 11886 I ReactNativeJS:       "action": "toggle_overview",
10-27 20:44:29.174 11845 11886 I ReactNativeJS:       "timestamp": 1761608660567
10-27 20:44:29.174 11845 11886 I ReactNativeJS:     },
10-27 20:44:29.174 11845 11886 I ReactNativeJS:     {
10-27 20:44:29.174 11845 11886 I ReactNativeJS:       "action": "component_unmounted_logged",
10-27 20:44:29.174 11845 11886 I ReactNativeJS:       "timestamp": 1761608661695
10-27 20:44:29.174 11845 11886 I ReactNativeJS:     },
10-27 20:44:29.174 11845 11886 I ReactNativeJS:     {
10-27 20:44:29.174 11845 11886 I ReactNativeJS:       "action": "toggle_favorite",
10-27 20:44:29.174 11845 11886 I ReactNativeJS:       "timestamp": 1761608665863
10-27 20:44:29.174 11845 11886 I ReactNativeJS:     },
10-27 20:44:29.174 11845 11886 I ReactNativeJS:     {
10-27 20:44:29.174 11845 11886 I ReactNativeJS:       "action": "set_rating_3",
10-27 20:44:29.174 11845 11886 I ReactNativeJS:       "timestamp": 1761608666971
10-27 20:44:29.174 11845 11886 I ReactNativeJS:     },
10-27 20:44:29.174 11845 11886 I ReactNativeJS:     {
10-27 20:44:29.174 11845 11886 I ReactNativeJS:       "action": "toggle_overview",
10-27 20:44:29.174 11845 11886 I ReactNativeJS:       "timestamp": 1761608668056
10-27 20:44:29.174 11845 11886 I ReactNativeJS:     },
10-27 20:44:29.174 11845 11886 I ReactNativeJS:     {
10-27 20:44:29.174 11845 11886 I ReactNativeJS:       "action": "component_unmounted_logged",
10-27 20:44:29.174 11845 11886 I ReactNativeJS:       "timestamp": 1761608669174
10-27 20:44:29.174 11845 11886 I ReactNativeJS:     }
10-27 20:44:29.174 11845 11886 I ReactNativeJS:   ]
10-27 20:44:29.174 11845 11886 I ReactNativeJS: }
10-27 20:44:29.175 11845 11886 I ReactNativeJS: ---METRICS_JSON_END---
10-27 20:44:29.216 11845 11879 E IMGMapper: set:488 set: Unset optional value from type SMPTE2086
10-27 20:44:29.216 11845 11879 E IMGMapper: set:488 set: Unset optional value from type CTA861_3
10-27 20:44:29.231  1039  1039 I BufferQueueProducer: [com.cinemamovel/com.cinemamovel.MainActivity$_11845#601688](this:0xb400007a1f634838,id:-1,api:0,p:-1,c:1039) queueBuffer: fps=14.59 dur=1165.34 max=865.31 min=15.68
10-27 20:44:29.233   991   991 I hwcomposer: [HWCDisplay] [Display_0 (type:1)] fps:14.585334,dur:1165.55,max:864.33,min:15.72  
10-27 20:44:29.276 11845 11879 E IMGMapper: set:488 set: Unset optional value from type SMPTE2086
10-27 20:44:29.276 11845 11879 E IMGMapper: set:488 set: Unset optional value from type CTA861_3
10-27 20:44:29.287 11845 11879 E IMGMapper: set:488 set: Unset optional value from type SMPTE2086
10-27 20:44:29.287 11845 11879 E IMGMapper: set:488 set: Unset optional value from type CTA861_3
10-27 20:44:29.297 11845 11879 E IMGMapper: set:488 set: Unset optional value from type SMPTE2086
10-27 20:44:29.298 11845 11879 E IMGMapper: set:488 set: Unset optional value from type CTA861_3
10-27 20:44:29.312 11845 11879 E IMGMapper: set:488 set: Unset optional value from type SMPTE2086
10-27 20:44:29.312 11845 11879 E IMGMapper: set:488 set: Unset optional value from type CTA861_3
10-27 20:44:29.331 11845 11879 E IMGMapper: set:488 set: Unset optional value from type SMPTE2086
10-27 20:44:29.332 11845 11879 E IMGMapper: set:488 set: Unset optional value from type CTA861_3
10-27 20:44:29.344 11845 11879 E IMGMapper: set:488 set: Unset optional value from type SMPTE2086
10-27 20:44:29.344 11845 11879 E IMGMapper: set:488 set: Unset optional value from type CTA861_3
10-27 20:44:29.360 11845 11879 E IMGMapper: set:488 set: Unset optional value from type SMPTE2086
10-27 20:44:29.361 11845 11879 E IMGMapper: set:488 set: Unset optional value from type CTA861_3
10-27 20:44:29.378 11845 11879 E IMGMapper: set:488 set: Unset optional value from type SMPTE2086
10-27 20:44:29.378 11845 11879 E IMGMapper: set:488 set: Unset optional value from type CTA861_3
10-27 20:44:29.396 11845 11879 E IMGMapper: set:488 set: Unset optional value from type SMPTE2086
10-27 20:44:29.396 11845 11879 E IMGMapper: set:488 set: Unset optional value from type CTA861_3
10-27 20:44:29.413 11845 11879 E IMGMapper: set:488 set: Unset optional value from type SMPTE2086
10-27 20:44:29.413 11845 11879 E IMGMapper: set:488 set: Unset optional value from type CTA861_3
10-27 20:44:29.429 11845 11879 E IMGMapper: set:488 set: Unset optional value from type SMPTE2086
10-27 20:44:29.430 11845 11879 E IMGMapper: set:488 set: Unset optional value from type CTA861_3
10-27 20:44:29.444 11845 11879 E IMGMapper: set:488 set: Unset optional value from type SMPTE2086
10-27 20:44:29.444 11845 11879 E IMGMapper: set:488 set: Unset optional value from type CTA861_3
10-27 20:44:29.463 11845 11879 E IMGMapper: set:488 set: Unset optional value from type SMPTE2086
10-27 20:44:29.463 11845 11879 E IMGMapper: set:488 set: Unset optional value from type CTA861_3
10-27 20:44:29.479 11845 11879 E IMGMapper: set:488 set: Unset optional value from type SMPTE2086
10-27 20:44:29.479 11845 11879 E IMGMapper: set:488 set: Unset optional value from type CTA861_3
10-27 20:44:29.496 11845 11879 E IMGMapper: set:488 set: Unset optional value from type SMPTE2086
10-27 20:44:29.496 11845 11879 E IMGMapper: set:488 set: Unset optional value from type CTA861_3
10-27 20:44:29.512 11845 11879 E IMGMapper: set:488 set: Unset optional value from type SMPTE2086
10-27 20:44:29.513 11845 11879 E IMGMapper: set:488 set: Unset optional value from type CTA861_3
10-27 20:44:29.528 11845 11879 E IMGMapper: set:488 set: Unset optional value from type SMPTE2086
10-27 20:44:29.528 11845 11879 E IMGMapper: set:488 set: Unset optional value from type CTA861_3
10-27 20:44:29.546 11845 11879 E IMGMapper: set:488 set: Unset optional value from type SMPTE2086
10-27 20:44:29.546 11845 11879 E IMGMapper: set:488 set: Unset optional value from type CTA861_3
10-27 20:44:29.562 11845 11879 E IMGMapper: set:488 set: Unset optional value from type SMPTE2086
10-27 20:44:29.562 11845 11879 E IMGMapper: set:488 set: Unset optional value from type CTA861_3
10-27 20:44:29.578 11845 11879 E IMGMapper: set:488 set: Unset optional value from type SMPTE2086
10-27 20:44:29.579 11845 11879 E IMGMapper: set:488 set: Unset optional value from type CTA861_3
10-27 20:44:29.594 11845 11879 E IMGMapper: set:488 set: Unset optional value from type SMPTE2086
10-27 20:44:29.594 11845 11879 E IMGMapper: set:488 set: Unset optional value from type CTA861_3
10-27 20:44:29.612 11845 11879 E IMGMapper: set:488 set: Unset optional value from type SMPTE2086
10-27 20:44:29.613 11845 11879 E IMGMapper: set:488 set: Unset optional value from type CTA861_3
10-27 20:44:29.628 11845 11879 E IMGMapper: set:488 set: Unset optional value from type SMPTE2086
10-27 20:44:29.628 11845 11879 E IMGMapper: set:488 set: Unset optional value from type CTA861_3
10-27 20:44:29.636  1187  1663 D WifiConnectivityMonitor.NetworkStatsAnalyzer: Backhaul result - RSSI:-43, CE:22, PE:22, TI:23, PTI:23, TW:2, PTW:1, Tx:10, Rx:9, TxS:9, RxS:8, RESULT:true, IC:0, ICT:5, WC:0, WCT:5, R:0, RC:0, IE:0, EC:0
10-27 20:44:29.646 11845 11879 E IMGMapper: set:488 set: Unset optional value from type SMPTE2086
10-27 20:44:29.646 11845 11879 E IMGMapper: set:488 set: Unset optional value from type CTA861_3
10-27 20:44:29.662 11845 11879 E IMGMapper: set:488 set: Unset optional value from type SMPTE2086
10-27 20:44:29.662 11845 11879 E IMGMapper: set:488 set: Unset optional value from type CTA861_3
10-27 20:44:29.678 11845 11879 E IMGMapper: set:488 set: Unset optional value from type SMPTE2086
10-27 20:44:29.678 11845 11879 E IMGMapper: set:488 set: Unset optional value from type CTA861_3
10-27 20:44:29.694 11845 11879 E IMGMapper: set:488 set: Unset optional value from type SMPTE2086
10-27 20:44:29.694 11845 11879 E IMGMapper: set:488 set: Unset optional value from type CTA861_3
10-27 20:44:29.712 11845 11879 E IMGMapper: set:488 set: Unset optional value from type SMPTE2086
10-27 20:44:29.712 11845 11879 E IMGMapper: set:488 set: Unset optional value from type CTA861_3
10-27 20:44:29.727 11845 11879 E IMGMapper: set:488 set: Unset optional value from type SMPTE2086
10-27 20:44:29.727 11845 11879 E IMGMapper: set:488 set: Unset optional value from type CTA861_3
10-27 20:44:29.744 11845 11879 E IMGMapper: set:488 set: Unset optional value from type SMPTE2086
10-27 20:44:29.744 11845 11879 E IMGMapper: set:488 set: Unset optional value from type CTA861_3
10-27 20:44:29.870  1737  1942 D MobileStatusTracker(1/1): onSignalStrengthsChanged level=4, vendorLevel=4
10-27 20:44:29.876  1737  1942 D MobileSignalController(1/1): notifyListener: enabled=true, connected=true, dataConnected=false, networkType=UMTS (3G), emergencyOnly=true, roaming=false, isDefault=false, dataActivity=, level=4, ca=false, mmWave=false, disabledDataIcon=false, simCard=ETC
10-27 20:44:29.876  1737  1942 D NetworkController: SignalStrength from intent slotId=1
10-27 20:44:29.900  1205  1205 I thermal_repeater: socket -1
10-27 20:44:29.981  1187  1321 E Watchdog: !@Sync: 8187 heap: 94 / 111 FD: 896 [2025-10-27 20:44:29.980]
10-27 20:44:30.026  1045  1056 D ccci_mdinit: (1):monitor_time_update_thread round:169144 ########
10-27 20:44:30.045  1737  1942 D MobileStatusTracker(0/2): onSignalStrengthsChanged level=4, vendorLevel=3
10-27 20:44:30.052  1737  1942 D MobileSignalController(0/2): notifyListener: enabled=true, connected=true, dataConnected=true, networkType=LTE (4G), emergencyOnly=false, roaming=false, isDefault=false, dataActivity=, level=3, ca=false, mmWave=false, disabledDataIcon=false, simCard=ETC
10-27 20:44:30.052  1737  1942 D NetworkController: SignalStrength from intent slotId=0
10-27 20:44:30.485  1693  1693 I WifiHAL : Get link layer stats
10-27 20:44:30.485  1693  1693 I WifiHAL : GetLinkStatsCommand::create
10-27 20:44:30.485  1693  1693 D android.hardware.wifi@1.0-service-lazy: WifiRequest::create vendor command to iface 38, vendor_id=0x1a11, subcmd=0x1200, res=0
10-27 20:44:30.486  1693  1693 I android.hardware.wifi@1.0-service-lazy: WifiCommand::requestResponse err=-95
10-27 20:44:30.486  1693  1693 I WifiHAL : wifi_get_link_stats: result=-3
10-27 20:44:30.487  1187  1566 E WifiVendorHal: getWifiLinkLayerStats_1_5_Internal(l.1179) failed {.code = ERROR_NOT_SUPPORTED, .description = }
10-27 20:44:30.500  1187 22074 D SemWifiUsabilityStatsMonitor: onWifiUsabilityStats - seqNum 38765, isSameBssidAndFreq true
10-27 20:44:30.504  1187  1645 I SemWifiLinkQualityMonitor: Link Qos query: inf. ms / 0 Mbps
10-27 20:44:30.505  1737  1737 D NetworkController.WifiSignalController: notifyListener: visible=true, connected=true, inetCondition=1, isDefault=true, wifiTestReported=true, receivedInetCondition=-1, hideDuringMobileSwitching=false
10-27 20:44:30.524  1737  1796 E IMGMapper: set:488 set: Unset optional value from type SMPTE2086
10-27 20:44:30.524  1737  1796 E IMGMapper: set:488 set: Unset optional value from type CTA861_3
10-27 20:44:30.530  1039  1039 I BufferQueueProducer: [StatusBar$_1737#534029](this:0xb400007a1f0ca838,id:-1,api:0,p:-1,c:1039) queueBuffer: fps=0.33 dur=3029.83 max=3029.83 min=3029.83
10-27 20:44:30.533   991   991 I hwcomposer: [HWCDisplay] [Display_0 (type:1)] fps:23.840166,dur:1300.33,max:765.52,min:15.40  
10-27 20:44:31.029  1187  1369 D PowerManagerService: UserActivityStateListenerState: 0
10-27 20:44:31.199  1187  2571 D InputDispatcher: Inject motion (12048/2000): action=0x0, time=2958789297000000, f=0x0, d=0 dsdx=1.000000 dtdx=0.000000
10-27 20:44:31.200  1187  1534 I InputDispatcher: Delivering touch to (1737): action: 0x4, f=0x0, d=0, 'd92b8ad', t=1 
10-27 20:44:31.200  1187  1534 I InputDispatcher: Delivering touch to (11845): action: 0x0, f=0x0, d=0, 'cff2187', t=1 
10-27 20:44:31.200  1187  1534 D PowerManagerService: [api] userActivityFromNative :  (event: 2 flags: 0 displayId: 0) eventTime = 2958789297
10-27 20:44:31.201 11845 11845 I ViewRootImpl@bcc255f[MainActivity]: ViewPostIme pointer 0
10-27 20:44:31.201  1187  1534 D PowerManagerService: UserActivityStateListenerState: 1
10-27 20:44:31.201  1187  1303 I GestureDetector: obtain mCurrentDownEvent. id: -275553609 caller: com.android.server.wm.SystemGesturesPointerEventListener.onPointerEvent:203 com.android.server.wm.PointerEventDispatcher.onInputEvent:53 android.view.InputEventReceiver.dispatchInputEvent:285 
10-27 20:44:31.202  1187  1303 I GestureDetector: obtain mCurrentDownEvent. id: -275553609 caller: com.android.server.wm.SystemPerformancePointerEventListener.onPointerEvent:89 com.android.server.wm.PointerEventDispatcher.onInputEvent:53 android.view.InputEventReceiver.dispatchInputEvent:285 
10-27 20:44:31.207  1187  2571 D InputDispatcher: Inject motion (12048/2000): action=0x1, time=2958789297000000, f=0x0, d=0 dsdx=1.000000 dtdx=0.000000
10-27 20:44:31.208  1187  1534 I InputDispatcher: Delivering touch to (11845): action: 0x1, f=0x0, d=0, 'cff2187', t=1 
10-27 20:44:31.208 11845 11845 I ViewRootImpl@bcc255f[MainActivity]: ViewPostIme pointer 1
10-27 20:44:31.208  1187  1303 I GestureDetector: obtain mCurrentMotionEventRaw. action: 1 id: -315316972
10-27 20:44:31.209  1187  1303 I GestureDetector: obtain mCurrentMotionEventRaw. action: 1 id: -315316972
10-27 20:44:31.282 11845 11845 W [RNScreens]: backTitleVisible prop is not available on Android
10-27 20:44:31.282 11845 11845 W [RNScreens]: backTitleFontFamily prop is not available on Android
10-27 20:44:31.282 11845 11845 W [RNScreens]: disableBackButtonMenu prop is not available on Android
10-27 20:44:31.282 11845 11845 W [RNScreens]: largeTitleFontFamily prop is not available on Android
10-27 20:44:31.282 11845 11845 W [RNScreens]: largeTitleFontWeight prop is not available on Android
10-27 20:44:31.282 11845 11845 W [RNScreens]: largeTitleHideShadow prop is not available on Android
10-27 20:44:31.317 11845 11879 E IMGMapper: set:488 set: Unset optional value from type SMPTE2086
10-27 20:44:31.317 11845 11879 E IMGMapper: set:488 set: Unset optional value from type CTA861_3
10-27 20:44:31.326  1737  1942 D MobileStatusTracker(0/2): onSignalStrengthsChanged level=4, vendorLevel=3
10-27 20:44:31.327  1737  1942 D MobileSignalController(0/2): notifyListener: enabled=true, connected=true, dataConnected=true, networkType=LTE (4G), emergencyOnly=false, roaming=false, isDefault=false, dataActivity=, level=3, ca=false, mmWave=false, disabledDataIcon=false, simCard=ETC
10-27 20:44:31.329  1039  1039 I BufferQueueProducer: [com.cinemamovel/com.cinemamovel.MainActivity$_11845#601688](this:0xb400007a1f634838,id:-1,api:0,p:-1,c:1039) queueBuffer: fps=14.78 dur=2097.69 max=1564.18 min=16.16
10-27 20:44:31.329  1737  1942 D NetworkController: SignalStrength from intent slotId=0
10-27 20:44:31.359 11845 11879 E IMGMapper: set:488 set: Unset optional value from type SMPTE2086
10-27 20:44:31.359 11845 11879 E IMGMapper: set:488 set: Unset optional value from type CTA861_3
10-27 20:44:31.372 11845 11879 E IMGMapper: set:488 set: Unset optional value from type SMPTE2086
10-27 20:44:31.372 11845 11879 E IMGMapper: set:488 set: Unset optional value from type CTA861_3
10-27 20:44:31.388 11845 11879 E IMGMapper: set:488 set: Unset optional value from type SMPTE2086
10-27 20:44:31.388 11845 11879 E IMGMapper: set:488 set: Unset optional value from type CTA861_3
10-27 20:44:31.406 11845 11879 E IMGMapper: set:488 set: Unset optional value from type SMPTE2086
10-27 20:44:31.406 11845 11879 E IMGMapper: set:488 set: Unset optional value from type CTA861_3
10-27 20:44:31.435 11845 11845 D ScrollView: initGoToTop
10-27 20:44:31.485 11845 11879 E IMGMapper: set:488 set: Unset optional value from type SMPTE2086
10-27 20:44:31.486 11845 11879 E IMGMapper: set:488 set: Unset optional value from type CTA861_3
10-27 20:44:31.500 11845 11879 E IMGMapper: set:488 set: Unset optional value from type SMPTE2086
10-27 20:44:31.500 11845 11879 E IMGMapper: set:488 set: Unset optional value from type CTA861_3
10-27 20:44:31.501  1187  1303 I GestureDetector: handleMessage TAP
10-27 20:44:31.502  1187  1187 I GestureDetector: handleMessage TAP
10-27 20:44:31.510 11845 11879 E IMGMapper: set:488 set: Unset optional value from type SMPTE2086
10-27 20:44:31.510 11845 11879 E IMGMapper: set:488 set: Unset optional value from type CTA861_3
10-27 20:44:31.524 11845 11879 E IMGMapper: set:488 set: Unset optional value from type SMPTE2086
10-27 20:44:31.524 11845 11879 E IMGMapper: set:488 set: Unset optional value from type CTA861_3
10-27 20:44:31.546 11845 11879 E IMGMapper: set:488 set: Unset optional value from type SMPTE2086
10-27 20:44:31.546 11845 11879 E IMGMapper: set:488 set: Unset optional value from type CTA861_3
10-27 20:44:31.547   991   991 I hwcomposer: [HWCDisplay] [Display_0 (type:1)] fps:8.875719,dur:1014.00,max:797.24,min:16.48  
10-27 20:44:31.562 11845 11879 E IMGMapper: set:488 set: Unset optional value from type SMPTE2086
10-27 20:44:31.563 11845 11879 E IMGMapper: set:488 set: Unset optional value from type CTA861_3
10-27 20:44:31.579 11845 11879 E IMGMapper: set:488 set: Unset optional value from type SMPTE2086
10-27 20:44:31.579 11845 11879 E IMGMapper: set:488 set: Unset optional value from type CTA861_3
10-27 20:44:31.595 11845 11879 E IMGMapper: set:488 set: Unset optional value from type SMPTE2086
10-27 20:44:31.596 11845 11879 E IMGMapper: set:488 set: Unset optional value from type CTA861_3
10-27 20:44:31.612 11845 11879 E IMGMapper: set:488 set: Unset optional value from type SMPTE2086
10-27 20:44:31.613 11845 11879 E IMGMapper: set:488 set: Unset optional value from type CTA861_3
10-27 20:44:31.629 11845 11879 E IMGMapper: set:488 set: Unset optional value from type SMPTE2086
10-27 20:44:31.629 11845 11879 E IMGMapper: set:488 set: Unset optional value from type CTA861_3
10-27 20:44:31.646 11845 11879 E IMGMapper: set:488 set: Unset optional value from type SMPTE2086
10-27 20:44:31.646 11845 11879 E IMGMapper: set:488 set: Unset optional value from type CTA861_3
10-27 20:44:31.664 11845 11879 E IMGMapper: set:488 set: Unset optional value from type SMPTE2086
10-27 20:44:31.664 11845 11879 E IMGMapper: set:488 set: Unset optional value from type CTA861_3
10-27 20:44:31.680 11845 11879 E IMGMapper: set:488 set: Unset optional value from type SMPTE2086
10-27 20:44:31.680 11845 11879 E IMGMapper: set:488 set: Unset optional value from type CTA861_3
10-27 20:44:31.695 11845 11879 E IMGMapper: set:488 set: Unset optional value from type SMPTE2086
10-27 20:44:31.696 11845 11879 E IMGMapper: set:488 set: Unset optional value from type CTA861_3
10-27 20:44:31.713 11845 11879 E IMGMapper: set:488 set: Unset optional value from type SMPTE2086
10-27 20:44:31.713 11845 11879 E IMGMapper: set:488 set: Unset optional value from type CTA861_3
10-27 20:44:31.729 11845 11879 E IMGMapper: set:488 set: Unset optional value from type SMPTE2086
10-27 20:44:31.730 11845 11879 E IMGMapper: set:488 set: Unset optional value from type CTA861_3
10-27 20:44:31.746 11845 11879 E IMGMapper: set:488 set: Unset optional value from type SMPTE2086
10-27 20:44:31.747 11845 11879 E IMGMapper: set:488 set: Unset optional value from type CTA861_3
10-27 20:44:31.763 11845 11879 E IMGMapper: set:488 set: Unset optional value from type SMPTE2086
10-27 20:44:31.763 11845 11879 E IMGMapper: set:488 set: Unset optional value from type CTA861_3
10-27 20:44:31.779 11845 11879 E IMGMapper: set:488 set: Unset optional value from type SMPTE2086
10-27 20:44:31.779 11845 11879 E IMGMapper: set:488 set: Unset optional value from type CTA861_3
10-27 20:44:31.795 11845 11879 E IMGMapper: set:488 set: Unset optional value from type SMPTE2086
10-27 20:44:31.795 11845 11879 E IMGMapper: set:488 set: Unset optional value from type CTA861_3
10-27 20:44:31.811 11845 11879 E IMGMapper: set:488 set: Unset optional value from type SMPTE2086
10-27 20:44:31.811 11845 11879 E IMGMapper: set:488 set: Unset optional value from type CTA861_3
10-27 20:44:31.826 11845 11879 E IMGMapper: set:488 set: Unset optional value from type SMPTE2086
10-27 20:44:31.826 11845 11879 E IMGMapper: set:488 set: Unset optional value from type CTA861_3
10-27 20:44:31.842 11845 11879 E IMGMapper: set:488 set: Unset optional value from type SMPTE2086
10-27 20:44:31.842 11845 11879 E IMGMapper: set:488 set: Unset optional value from type CTA861_3
10-27 20:44:32.160  1187  1486 D SensorService: [SO] -0.733 1.667 9.817
10-27 20:44:32.251   543   543 D io_stats: !@ 179,0 r 552742836 6683738850 w 96126731 1019489576 d 1259600 33790884 f 0 0 iot 277175436 0 th 0 0 0 pt 0 inp 0 0 2958790.349
10-27 20:44:32.443  1737  1942 D MobileStatusTracker(1/1): onSignalStrengthsChanged level=4, vendorLevel=4
10-27 20:44:32.447  1737  1942 D MobileSignalController(1/1): notifyListener: enabled=true, connected=true, dataConnected=false, networkType=UMTS (3G), emergencyOnly=true, roaming=false, isDefault=false, dataActivity=, level=4, ca=false, mmWave=false, disabledDataIcon=false, simCard=ETC
10-27 20:44:32.448  1737  1942 D NetworkController: SignalStrength from intent slotId=1
10-27 20:44:32.609  1737  1942 D MobileStatusTracker(0/2): onSignalStrengthsChanged level=4, vendorLevel=3
10-27 20:44:32.612  1737  1942 D MobileSignalController(0/2): notifyListener: enabled=true, connected=true, dataConnected=true, networkType=LTE (4G), emergencyOnly=false, roaming=false, isDefault=false, dataActivity=, level=3, ca=false, mmWave=false, disabledDataIcon=false, simCard=ETC
10-27 20:44:32.614  1737  1942 D NetworkController: SignalStrength from intent slotId=0
10-27 20:44:33.509  1693  1693 I WifiHAL : Get link layer stats
10-27 20:44:33.509  1693  1693 I WifiHAL : GetLinkStatsCommand::create
10-27 20:44:33.509  1693  1693 D android.hardware.wifi@1.0-service-lazy: WifiRequest::create vendor command to iface 38, vendor_id=0x1a11, subcmd=0x1200, res=0
10-27 20:44:33.509  1693  1693 I android.hardware.wifi@1.0-service-lazy: WifiCommand::requestResponse err=-95
10-27 20:44:33.509  1693  1693 I WifiHAL : wifi_get_link_stats: result=-3
10-27 20:44:33.511  1187  1566 E WifiVendorHal: getWifiLinkLayerStats_1_5_Internal(l.1179) failed {.code = ERROR_NOT_SUPPORTED, .description = }
10-27 20:44:33.521  1187 22074 D SemWifiUsabilityStatsMonitor: onWifiUsabilityStats - seqNum 38766, isSameBssidAndFreq true
10-27 20:44:33.524  1187  1645 I SemWifiLinkQualityMonitor: Link Qos query: inf. ms / 0 Mbps
10-27 20:44:33.712  1737  1942 D MobileStatusTracker(1/1): onSignalStrengthsChanged level=4, vendorLevel=4
10-27 20:44:33.716  1737  1942 D MobileSignalController(1/1): notifyListener: enabled=true, connected=true, dataConnected=false, networkType=UMTS (3G), emergencyOnly=true, roaming=false, isDefault=false, dataActivity=, level=4, ca=false, mmWave=false, disabledDataIcon=false, simCard=ETC
10-27 20:44:33.716  1737  1942 D NetworkController: SignalStrength from intent slotId=1
10-27 20:44:33.887  1737  1942 D MobileStatusTracker(0/2): onSignalStrengthsChanged level=4, vendorLevel=3
10-27 20:44:33.890  1737  1942 D MobileSignalController(0/2): notifyListener: enabled=true, connected=true, dataConnected=true, networkType=LTE (4G), emergencyOnly=false, roaming=false, isDefault=false, dataActivity=, level=3, ca=false, mmWave=false, disabledDataIcon=false, simCard=ETC
10-27 20:44:33.894  1737  1942 D NetworkController: SignalStrength from intent slotId=0
10-27 20:44:34.204  1187  1369 D PowerManagerService: UserActivityStateListenerState: 0
10-27 20:44:34.901  1205  1205 I thermal_repeater: socket -1
10-27 20:44:35.148   963   963 E audit   : type=1400 audit(1761608675.144:1470251): avc:  denied  { write } for  pid=21942 comm="ThreadPoolForeg" name="traced_producer" dev="tmpfs" ino=11170 scontext=u:r:gmscore_app:s0:c512,c768 tcontext=u:object_r:traced_producer_socket:s0 tclass=sock_file permissive=0 SEPF_SM-A037M_12_0001 unfiltered
10-27 20:44:35.161  1737  1942 D MobileStatusTracker(0/2): onSignalStrengthsChanged level=4, vendorLevel=3
10-27 20:44:35.164  1737  1942 D MobileSignalController(0/2): notifyListener: enabled=true, connected=true, dataConnected=true, networkType=LTE (4G), emergencyOnly=false, roaming=false, isDefault=false, dataActivity=, level=3, ca=false, mmWave=false, disabledDataIcon=false, simCard=ETC
10-27 20:44:35.165  1737  1942 D NetworkController: SignalStrength from intent slotId=0
10-27 20:44:35.236  9226  9226 D WM-DelayedWorkTracker: Scheduling work 7f614c0d-db45-4f84-b63e-efd12b49d777
10-27 20:44:35.238  9226  9226 D WM-GreedyScheduler: Starting tracking for 7f614c0d-db45-4f84-b63e-efd12b49d777
10-27 20:44:35.242  9226  9307 D WM-ConstraintTracker: H10: initial state = NetworkState(isConnected=true, isValidated=true, isMetered=false, isNotRoaming=true)
10-27 20:44:35.242  9226  9307 D WM-NetworkStateTracker: Registering network callback
