--------- beginning of main
10-27 20:44:08.750  1187  2579 D InputDispatcher: Inject motion (11961/2000): action=0x0, time=2958766847000000, f=0x0, d=0 dsdx=1.000000 dtdx=0.000000
10-27 20:44:08.751  1187  1534 I InputDispatcher: Delivering touch to (1737): action: 0x4, f=0x0, d=0, 'd92b8ad', t=1 
10-27 20:44:08.751  1187  1534 I InputDispatcher: Delivering touch to (11845): action: 0x0, f=0x0, d=0, 'cff2187', t=1 
--------- beginning of system
10-27 20:44:08.752  1187  1534 D PowerManagerService: [api] userActivityFromNative :  (event: 2 flags: 0 displayId: 0) eventTime = 2958766847
10-27 20:44:08.753  1187  1303 I GestureDetector: obtain mCurrentDownEvent. id: -999150173 caller: com.android.server.wm.SystemGesturesPointerEventListener.onPointerEvent:203 com.android.server.wm.PointerEventDispatcher.onInputEvent:53 android.view.InputEventReceiver.dispatchInputEvent:285 
10-27 20:44:08.753 11845 11845 I ViewRootImpl@bcc255f[MainActivity]: ViewPostIme pointer 0
10-27 20:44:08.754  1187  1534 D PowerManagerService: UserActivityStateListenerState: 1
10-27 20:44:08.754  1187  1303 I GestureDetector: obtain mCurrentDownEvent. id: -999150173 caller: com.android.server.wm.SystemPerformancePointerEventListener.onPointerEvent:89 com.android.server.wm.PointerEventDispatcher.onInputEvent:53 android.view.InputEventReceiver.dispatchInputEvent:285 
10-27 20:44:08.769  1187  2579 D InputDispatcher: Inject motion (11961/2000): action=0x1, time=2958766847000000, f=0x0, d=0 dsdx=1.000000 dtdx=0.000000
10-27 20:44:08.770  1187  1534 I InputDispatcher: Delivering touch to (11845): action: 0x1, f=0x0, d=0, 'cff2187', t=1 
10-27 20:44:08.770 11845 11845 I ViewRootImpl@bcc255f[MainActivity]: ViewPostIme pointer 1
10-27 20:44:08.776  1187  1303 I GestureDetector: obtain mCurrentMotionEventRaw. action: 1 id: -559304056
10-27 20:44:08.777  1187  1303 I GestureDetector: obtain mCurrentMotionEventRaw. action: 1 id: -559304056
10-27 20:44:08.796 11845 11879 E IMGMapper: set:488 set: Unset optional value from type SMPTE2086
10-27 20:44:08.796 11845 11879 E IMGMapper: set:488 set: Unset optional value from type CTA861_3
10-27 20:44:08.809  1039  1039 I BufferQueueProducer: [com.cinemamovel/com.cinemamovel.MainActivity$_11845#601688](this:0xb400007a1f634838,id:-1,api:0,p:-1,c:1039) queueBuffer: fps=15.11 dur=2713.15 max=1997.39 min=15.98
10-27 20:44:08.811   991   991 I hwcomposer: [HWCDisplay] [Display_0 (type:1)] fps:15.114734,dur:2712.58,max:1997.21,min:15.20  
10-27 20:44:08.819 11845 11879 E IMGMapper: set:488 set: Unset optional value from type SMPTE2086
10-27 20:44:08.819 11845 11879 E IMGMapper: set:488 set: Unset optional value from type CTA861_3
10-27 20:44:08.834 11845 11879 E IMGMapper: set:488 set: Unset optional value from type SMPTE2086
10-27 20:44:08.834 11845 11879 E IMGMapper: set:488 set: Unset optional value from type CTA861_3
10-27 20:44:08.851 11845 11879 E IMGMapper: set:488 set: Unset optional value from type SMPTE2086
10-27 20:44:08.851 11845 11879 E IMGMapper: set:488 set: Unset optional value from type CTA861_3
10-27 20:44:08.878 11845 11879 E IMGMapper: set:488 set: Unset optional value from type SMPTE2086
10-27 20:44:08.878 11845 11879 E IMGMapper: set:488 set: Unset optional value from type CTA861_3
10-27 20:44:08.882 11845 11845 W [RNScreens]: backTitleVisible prop is not available on Android
10-27 20:44:08.882 11845 11845 W [RNScreens]: backTitleFontFamily prop is not available on Android
10-27 20:44:08.883 11845 11845 W [RNScreens]: disableBackButtonMenu prop is not available on Android
10-27 20:44:08.883 11845 11845 W [RNScreens]: largeTitleFontFamily prop is not available on Android
10-27 20:44:08.883 11845 11845 W [RNScreens]: largeTitleFontWeight prop is not available on Android
10-27 20:44:08.883 11845 11845 W [RNScreens]: largeTitleHideShadow prop is not available on Android
10-27 20:44:08.892 11845 11879 E IMGMapper: set:488 set: Unset optional value from type SMPTE2086
10-27 20:44:08.892 11845 11879 E IMGMapper: set:488 set: Unset optional value from type CTA861_3
10-27 20:44:08.895   886 11966 E Netd    : To use pid in case SEC_PRODUCT_FEATURE_KNOX_SUPPORT_NPA is false, to remove build error (unused variable)
10-27 20:44:08.922 11845 11879 E IMGMapper: set:488 set: Unset optional value from type SMPTE2086
10-27 20:44:08.922 11845 11879 E IMGMapper: set:488 set: Unset optional value from type CTA861_3
10-27 20:44:08.955 11845 11879 E IMGMapper: set:488 set: Unset optional value from type SMPTE2086
10-27 20:44:08.955 11845 11879 E IMGMapper: set:488 set: Unset optional value from type CTA861_3
10-27 20:44:08.967 11845 11879 E IMGMapper: set:488 set: Unset optional value from type SMPTE2086
10-27 20:44:08.967 11845 11879 E IMGMapper: set:488 set: Unset optional value from type CTA861_3
10-27 20:44:08.985 11845 11879 E IMGMapper: set:488 set: Unset optional value from type SMPTE2086
10-27 20:44:08.985 11845 11879 E IMGMapper: set:488 set: Unset optional value from type CTA861_3
10-27 20:44:09.002 11845 11879 E IMGMapper: set:488 set: Unset optional value from type SMPTE2086
10-27 20:44:09.002 11845 11879 E IMGMapper: set:488 set: Unset optional value from type CTA861_3
10-27 20:44:09.022 11845 11879 E IMGMapper: set:488 set: Unset optional value from type SMPTE2086
10-27 20:44:09.022 11845 11879 E IMGMapper: set:488 set: Unset optional value from type CTA861_3
10-27 20:44:09.045 11845 11879 E IMGMapper: set:488 set: Unset optional value from type SMPTE2086
10-27 20:44:09.045 11845 11879 E IMGMapper: set:488 set: Unset optional value from type CTA861_3
10-27 20:44:09.052  1187  1303 I GestureDetector: handleMessage TAP
10-27 20:44:09.053  1187  1187 I GestureDetector: handleMessage TAP
10-27 20:44:09.079 11845 11879 E IMGMapper: set:488 set: Unset optional value from type SMPTE2086
10-27 20:44:09.079 11845 11879 E IMGMapper: set:488 set: Unset optional value from type CTA861_3
10-27 20:44:09.093 11845 11879 E IMGMapper: set:488 set: Unset optional value from type SMPTE2086
10-27 20:44:09.093 11845 11879 E IMGMapper: set:488 set: Unset optional value from type CTA861_3
10-27 20:44:09.104 11845 11879 E IMGMapper: set:488 set: Unset optional value from type SMPTE2086
10-27 20:44:09.104 11845 11879 E IMGMapper: set:488 set: Unset optional value from type CTA861_3
10-27 20:44:09.118 11845 11879 E IMGMapper: set:488 set: Unset optional value from type SMPTE2086
10-27 20:44:09.118 11845 11879 E IMGMapper: set:488 set: Unset optional value from type CTA861_3
10-27 20:44:09.137 11845 11879 E IMGMapper: set:488 set: Unset optional value from type SMPTE2086
10-27 20:44:09.137 11845 11879 E IMGMapper: set:488 set: Unset optional value from type CTA861_3
10-27 20:44:09.150  1187  1677 D NetdEventListenerService: DNS Requested by : 140, 10976
10-27 20:44:09.151 11845 11902 D TrafficStats: tagSocket(107) with statsTag=0xffffffff, statsUid=-1
10-27 20:44:09.154 11845 11879 E IMGMapper: set:488 set: Unset optional value from type SMPTE2086
10-27 20:44:09.154 11845 11879 E IMGMapper: set:488 set: Unset optional value from type CTA861_3
10-27 20:44:09.171 11845 11879 E IMGMapper: set:488 set: Unset optional value from type SMPTE2086
10-27 20:44:09.171 11845 11879 E IMGMapper: set:488 set: Unset optional value from type CTA861_3
10-27 20:44:09.186 11845 11879 E IMGMapper: set:488 set: Unset optional value from type SMPTE2086
10-27 20:44:09.186 11845 11879 E IMGMapper: set:488 set: Unset optional value from type CTA861_3
10-27 20:44:09.204 11845 11879 E IMGMapper: set:488 set: Unset optional value from type SMPTE2086
10-27 20:44:09.204 11845 11879 E IMGMapper: set:488 set: Unset optional value from type CTA861_3
10-27 20:44:09.219 11845 11879 E IMGMapper: set:488 set: Unset optional value from type SMPTE2086
10-27 20:44:09.219 11845 11879 E IMGMapper: set:488 set: Unset optional value from type CTA861_3
10-27 20:44:09.237 11845 11879 E IMGMapper: set:488 set: Unset optional value from type SMPTE2086
10-27 20:44:09.237 11845 11879 E IMGMapper: set:488 set: Unset optional value from type CTA861_3
10-27 20:44:09.254 11845 11879 E IMGMapper: set:488 set: Unset optional value from type SMPTE2086
10-27 20:44:09.254 11845 11879 E IMGMapper: set:488 set: Unset optional value from type CTA861_3
10-27 20:44:09.270 11845 11879 E IMGMapper: set:488 set: Unset optional value from type SMPTE2086
10-27 20:44:09.270 11845 11879 E IMGMapper: set:488 set: Unset optional value from type CTA861_3
10-27 20:44:09.286 11845 11879 E IMGMapper: set:488 set: Unset optional value from type SMPTE2086
10-27 20:44:09.286 11845 11879 E IMGMapper: set:488 set: Unset optional value from type CTA861_3
10-27 20:44:09.304 11845 11879 E IMGMapper: set:488 set: Unset optional value from type SMPTE2086
10-27 20:44:09.304 11845 11879 E IMGMapper: set:488 set: Unset optional value from type CTA861_3
10-27 20:44:09.320 11845 11879 E IMGMapper: set:488 set: Unset optional value from type SMPTE2086
10-27 20:44:09.320 11845 11879 E IMGMapper: set:488 set: Unset optional value from type CTA861_3
10-27 20:44:09.337 11845 11879 E IMGMapper: set:488 set: Unset optional value from type SMPTE2086
10-27 20:44:09.338 11845 11879 E IMGMapper: set:488 set: Unset optional value from type CTA861_3
10-27 20:44:09.353 11845 11879 E IMGMapper: set:488 set: Unset optional value from type SMPTE2086
10-27 20:44:09.353 11845 11879 E IMGMapper: set:488 set: Unset optional value from type CTA861_3
10-27 20:44:09.363  1693  1693 I WifiHAL : Get link layer stats
10-27 20:44:09.363  1693  1693 I WifiHAL : GetLinkStatsCommand::create
10-27 20:44:09.363  1693  1693 D android.hardware.wifi@1.0-service-lazy: WifiRequest::create vendor command to iface 38, vendor_id=0x1a11, subcmd=0x1200, res=0
10-27 20:44:09.363  1693  1693 I android.hardware.wifi@1.0-service-lazy: WifiCommand::requestResponse err=-95
10-27 20:44:09.363  1693  1693 I WifiHAL : wifi_get_link_stats: result=-3
10-27 20:44:09.364  1187  1566 E WifiVendorHal: getWifiLinkLayerStats_1_5_Internal(l.1179) failed {.code = ERROR_NOT_SUPPORTED, .description = }
10-27 20:44:09.368  1187 22074 D SemWifiUsabilityStatsMonitor: onWifiUsabilityStats - seqNum 38758, isSameBssidAndFreq true
10-27 20:44:09.369  1187  1645 I SemWifiLinkQualityMonitor: Link Qos query: inf. ms / 0 Mbps
10-27 20:44:09.371 11845 11879 E IMGMapper: set:488 set: Unset optional value from type SMPTE2086
10-27 20:44:09.371 11845 11879 E IMGMapper: set:488 set: Unset optional value from type CTA861_3
10-27 20:44:09.387 11845 11879 E IMGMapper: set:488 set: Unset optional value from type SMPTE2086
10-27 20:44:09.387 11845 11879 E IMGMapper: set:488 set: Unset optional value from type CTA861_3
10-27 20:44:09.394  1737  1942 D MobileStatusTracker(1/1): onSignalStrengthsChanged level=4, vendorLevel=4
10-27 20:44:09.398  1737  1942 D MobileSignalController(1/1): notifyListener: enabled=true, connected=true, dataConnected=false, networkType=UMTS (3G), emergencyOnly=true, roaming=false, isDefault=false, dataActivity=, level=4, ca=false, mmWave=false, disabledDataIcon=false, simCard=ETC
10-27 20:44:09.399  1737  1942 D NetworkController: SignalStrength from intent slotId=1
10-27 20:44:09.404 11845 11879 E IMGMapper: set:488 set: Unset optional value from type SMPTE2086
10-27 20:44:09.404 11845 11879 E IMGMapper: set:488 set: Unset optional value from type CTA861_3
10-27 20:44:09.420 11845 11879 E IMGMapper: set:488 set: Unset optional value from type SMPTE2086
10-27 20:44:09.420 11845 11879 E IMGMapper: set:488 set: Unset optional value from type CTA861_3
10-27 20:44:09.432 11845 11879 E IMGMapper: set:488 set: Unset optional value from type SMPTE2086
10-27 20:44:09.432 11845 11879 E IMGMapper: set:488 set: Unset optional value from type CTA861_3
10-27 20:44:09.449 11845 11879 E IMGMapper: set:488 set: Unset optional value from type SMPTE2086
10-27 20:44:09.449 11845 11879 E IMGMapper: set:488 set: Unset optional value from type CTA861_3
10-27 20:44:09.466 11845 11879 E IMGMapper: set:488 set: Unset optional value from type SMPTE2086
10-27 20:44:09.466 11845 11879 E IMGMapper: set:488 set: Unset optional value from type CTA861_3
10-27 20:44:09.483 11845 11879 E IMGMapper: set:488 set: Unset optional value from type SMPTE2086
10-27 20:44:09.483 11845 11879 E IMGMapper: set:488 set: Unset optional value from type CTA861_3
10-27 20:44:09.501 11845 11879 E IMGMapper: set:488 set: Unset optional value from type SMPTE2086
10-27 20:44:09.501 11845 11879 E IMGMapper: set:488 set: Unset optional value from type CTA861_3
10-27 20:44:09.518 11845 11879 E IMGMapper: set:488 set: Unset optional value from type SMPTE2086
10-27 20:44:09.518 11845 11879 E IMGMapper: set:488 set: Unset optional value from type CTA861_3
10-27 20:44:09.534 11845 11879 E IMGMapper: set:488 set: Unset optional value from type SMPTE2086
10-27 20:44:09.534 11845 11879 E IMGMapper: set:488 set: Unset optional value from type CTA861_3
10-27 20:44:09.551 11845 11879 E IMGMapper: set:488 set: Unset optional value from type SMPTE2086
10-27 20:44:09.552 11845 11879 E IMGMapper: set:488 set: Unset optional value from type CTA861_3
10-27 20:44:09.567 11845 11879 E IMGMapper: set:488 set: Unset optional value from type SMPTE2086
10-27 20:44:09.567 11845 11879 E IMGMapper: set:488 set: Unset optional value from type CTA861_3
10-27 20:44:09.584 11845 11879 E IMGMapper: set:488 set: Unset optional value from type SMPTE2086
10-27 20:44:09.585 11845 11879 E IMGMapper: set:488 set: Unset optional value from type CTA861_3
10-27 20:44:09.600 11845 11879 E IMGMapper: set:488 set: Unset optional value from type SMPTE2086
10-27 20:44:09.601 11845 11879 E IMGMapper: set:488 set: Unset optional value from type CTA861_3
10-27 20:44:09.614  1187  1663 D WifiConnectivityMonitor.NetworkStatsAnalyzer: Backhaul result - RSSI:-49, CE:22, PE:19, TI:23, PTI:20, TW:1, PTW:0, Tx:228, Rx:337, TxS:221, RxS:328, RESULT:true, IC:0, ICT:5, WC:0, WCT:5, R:12, RC:0, IE:0, EC:0
10-27 20:44:09.618 11845 11879 E IMGMapper: set:488 set: Unset optional value from type SMPTE2086
10-27 20:44:09.618 11845 11879 E IMGMapper: set:488 set: Unset optional value from type CTA861_3
10-27 20:44:09.632 11845 11879 E IMGMapper: set:488 set: Unset optional value from type SMPTE2086
10-27 20:44:09.633 11845 11879 E IMGMapper: set:488 set: Unset optional value from type CTA861_3
10-27 20:44:09.650 11845 11879 E IMGMapper: set:488 set: Unset optional value from type SMPTE2086
10-27 20:44:09.650 11845 11879 E IMGMapper: set:488 set: Unset optional value from type CTA861_3
10-27 20:44:09.663  1187  1664 D WifiConnectivityMonitor: start WCM Poll.
10-27 20:44:09.668 11845 11879 E IMGMapper: set:488 set: Unset optional value from type SMPTE2086
10-27 20:44:09.668 11845 11879 E IMGMapper: set:488 set: Unset optional value from type CTA861_3
10-27 20:44:09.685 11845 11879 E IMGMapper: set:488 set: Unset optional value from type SMPTE2086
10-27 20:44:09.685 11845 11879 E IMGMapper: set:488 set: Unset optional value from type CTA861_3
10-27 20:44:09.700 11845 11879 E IMGMapper: set:488 set: Unset optional value from type SMPTE2086
10-27 20:44:09.701 11845 11879 E IMGMapper: set:488 set: Unset optional value from type CTA861_3
10-27 20:44:09.718 11845 11879 E IMGMapper: set:488 set: Unset optional value from type SMPTE2086
10-27 20:44:09.718 11845 11879 E IMGMapper: set:488 set: Unset optional value from type CTA861_3
10-27 20:44:09.735 11845 11879 E IMGMapper: set:488 set: Unset optional value from type SMPTE2086
10-27 20:44:09.735 11845 11879 E IMGMapper: set:488 set: Unset optional value from type CTA861_3
10-27 20:44:09.752 11845 11879 E IMGMapper: set:488 set: Unset optional value from type SMPTE2086
10-27 20:44:09.752 11845 11879 E IMGMapper: set:488 set: Unset optional value from type CTA861_3
10-27 20:44:09.769 11845 11879 E IMGMapper: set:488 set: Unset optional value from type SMPTE2086
10-27 20:44:09.769 11845 11879 E IMGMapper: set:488 set: Unset optional value from type CTA861_3
10-27 20:44:09.783 11845 11879 E IMGMapper: set:488 set: Unset optional value from type SMPTE2086
10-27 20:44:09.783 11845 11879 E IMGMapper: set:488 set: Unset optional value from type CTA861_3
10-27 20:44:09.800 11845 11879 E IMGMapper: set:488 set: Unset optional value from type SMPTE2086
10-27 20:44:09.800 11845 11879 E IMGMapper: set:488 set: Unset optional value from type CTA861_3
10-27 20:44:09.817 11845 11879 E IMGMapper: set:488 set: Unset optional value from type SMPTE2086
10-27 20:44:09.817 11845 11879 E IMGMapper: set:488 set: Unset optional value from type CTA861_3
10-27 20:44:09.824  1039  1039 I BufferQueueProducer: [com.cinemamovel/com.cinemamovel.MainActivity$_11845#601688](this:0xb400007a1f634838,id:-1,api:0,p:-1,c:1039) queueBuffer: fps=56.16 dur=1014.95 max=33.78 min=16.14
10-27 20:44:09.826   991   991 I hwcomposer: [HWCDisplay] [Display_0 (type:1)] fps:56.166901,dur:1014.83,max:34.01,min:15.33  
10-27 20:44:09.832 11845 11879 E IMGMapper: set:488 set: Unset optional value from type SMPTE2086
10-27 20:44:09.833 11845 11879 E IMGMapper: set:488 set: Unset optional value from type CTA861_3
10-27 20:44:09.848 11845 11879 E IMGMapper: set:488 set: Unset optional value from type SMPTE2086
10-27 20:44:09.848 11845 11879 E IMGMapper: set:488 set: Unset optional value from type CTA861_3
10-27 20:44:09.865 11845 11879 E IMGMapper: set:488 set: Unset optional value from type SMPTE2086
10-27 20:44:09.865 11845 11879 E IMGMapper: set:488 set: Unset optional value from type CTA861_3
10-27 20:44:09.882 11845 11879 E IMGMapper: set:488 set: Unset optional value from type SMPTE2086
10-27 20:44:09.882 11845 11879 E IMGMapper: set:488 set: Unset optional value from type CTA861_3
10-27 20:44:09.896  1205  1205 I thermal_repeater: socket -1
10-27 20:44:09.899 11845 11879 E IMGMapper: set:488 set: Unset optional value from type SMPTE2086
10-27 20:44:09.899 11845 11879 E IMGMapper: set:488 set: Unset optional value from type CTA861_3
10-27 20:44:09.915 11845 11879 E IMGMapper: set:488 set: Unset optional value from type SMPTE2086
10-27 20:44:09.915 11845 11879 E IMGMapper: set:488 set: Unset optional value from type CTA861_3
10-27 20:44:09.932 11845 11879 E IMGMapper: set:488 set: Unset optional value from type SMPTE2086
10-27 20:44:09.932 11845 11879 E IMGMapper: set:488 set: Unset optional value from type CTA861_3
10-27 20:44:09.948 11845 11879 E IMGMapper: set:488 set: Unset optional value from type SMPTE2086
10-27 20:44:09.948 11845 11879 E IMGMapper: set:488 set: Unset optional value from type CTA861_3
10-27 20:44:09.950 11845 11845 D ScrollView: initGoToTop
10-27 20:44:09.965 11845 11879 E IMGMapper: set:488 set: Unset optional value from type SMPTE2086
10-27 20:44:09.965 11845 11879 E IMGMapper: set:488 set: Unset optional value from type CTA861_3
10-27 20:44:09.982 11845 11879 E IMGMapper: set:488 set: Unset optional value from type SMPTE2086
10-27 20:44:09.982 11845 11879 E IMGMapper: set:488 set: Unset optional value from type CTA861_3
10-27 20:44:09.998 11845 11879 E IMGMapper: set:488 set: Unset optional value from type SMPTE2086
10-27 20:44:09.998 11845 11879 E IMGMapper: set:488 set: Unset optional value from type CTA861_3
10-27 20:44:10.015 11845 11879 E IMGMapper: set:488 set: Unset optional value from type SMPTE2086
10-27 20:44:10.015 11845 11879 E IMGMapper: set:488 set: Unset optional value from type CTA861_3
10-27 20:44:10.041 11845 11879 E IMGMapper: set:488 set: Unset optional value from type SMPTE2086
10-27 20:44:10.042 11845 11879 E IMGMapper: set:488 set: Unset optional value from type CTA861_3
10-27 20:44:10.065 11845 11879 E IMGMapper: set:488 set: Unset optional value from type SMPTE2086
10-27 20:44:10.066 11845 11879 E IMGMapper: set:488 set: Unset optional value from type CTA861_3
10-27 20:44:10.072 11845 11863 W com.cinemamovel: Cleared Reference was only reachable from finalizer (only reported once)
10-27 20:44:10.082 11845 11863 I com.cinemamovel: Background concurrent copying GC freed 231035(9629KB) AllocSpace objects, 18(548KB) LOS objects, 49% free, 7617KB/14MB, paused 513us,68us total 123.379ms
10-27 20:44:10.096 22104 22258 I ContactsProvider_EventLog: cp_s: [CONTACT con(156) dat(1622) acc({google(35)=1, google(2)=155, com.google.android.apps.tachyon(10)=4, com.google.android.apps.tachyon(24)=36, com.whatsapp(9)=124}) calls([logtype:100 cnt:1014]) Iso(BR) uId(0) ]
10-27 20:44:10.096 22104 22258 I ContactsProvider_EventLog: cp_s: [ agr({[2 ,9 ,10]=4, [2 ,9 ,24]=30, [2 ,2]=1, [2]=28, [2 ,24]=3, [35]=1, [2 ,24 ,9]=2, [2 ,9 ,9]=1, [9 ,2 ,24]=1, [9]=1, [2 ,9]=84}) ]
10-27 20:44:10.096 22104 22258 I ContactsProvider_EventLog: cp_s: [ cnt({acore(22104)=1}) ]
10-27 20:44:10.096 22104 22258 I ContactsProvider_EventLog: cp_s: [PROFILE ] [SAPROFILE con(1) dat(1) acc({phone(1)=1}) ]
10-27 20:44:10.096 22104 22258 I ContactsProvider_EventLog: cp_s: [STATE R(F) ]
10-27 20:44:10.237   543   543 D io_stats: !@ 179,0 r 552742830 6683738746 w 96126694 1019488944 d 1259600 33790884 f 0 0 iot 277175368 0 th 0 0 0 pt 0 inp 0 0 2958768.336
10-27 20:44:10.291   570 11800 I keystore2: keystore2::watchdog: Watchdog thread idle -> terminating. Have a great day.
10-27 20:44:10.842  1737  1942 D MobileStatusTracker(0/2): onSignalStrengthsChanged level=4, vendorLevel=3
10-27 20:44:10.847  1737  1942 D MobileSignalController(0/2): notifyListener: enabled=true, connected=true, dataConnected=true, networkType=LTE (4G), emergencyOnly=false, roaming=false, isDefault=false, dataActivity=, level=3, ca=false, mmWave=false, disabledDataIcon=false, simCard=ETC
10-27 20:44:10.847  1737  1942 D NetworkController: SignalStrength from intent slotId=0
10-27 20:44:10.853  1187  1301 D InputDispatcher: Inject motion (11970/2000): action=0x0, time=2958768951000000, f=0x0, d=0 dsdx=1.000000 dtdx=0.000000
10-27 20:44:10.854  1187  1534 I InputDispatcher: Delivering touch to (1737): action: 0x4, f=0x0, d=0, 'd92b8ad', t=1 
10-27 20:44:10.854  1187  1534 I InputDispatcher: Delivering touch to (11845): action: 0x0, f=0x0, d=0, 'cff2187', t=1 
10-27 20:44:10.854  1187  1534 D PowerManagerService: [api] userActivityFromNative :  (event: 2 flags: 0 displayId: 0) eventTime = 2958768951
10-27 20:44:10.855  1187  1303 I GestureDetector: obtain mCurrentDownEvent. id: -581977941 caller: com.android.server.wm.SystemGesturesPointerEventListener.onPointerEvent:203 com.android.server.wm.PointerEventDispatcher.onInputEvent:53 android.view.InputEventReceiver.dispatchInputEvent:285 
10-27 20:44:10.856  1187  1303 I GestureDetector: obtain mCurrentDownEvent. id: -581977941 caller: com.android.server.wm.SystemPerformancePointerEventListener.onPointerEvent:89 com.android.server.wm.PointerEventDispatcher.onInputEvent:53 android.view.InputEventReceiver.dispatchInputEvent:285 
10-27 20:44:10.856 11845 11845 I ViewRootImpl@bcc255f[MainActivity]: ViewPostIme pointer 0
10-27 20:44:10.866  1187  1301 D InputDispatcher: Inject motion (11970/2000): action=0x1, time=2958768951000000, f=0x0, d=0 dsdx=1.000000 dtdx=0.000000
10-27 20:44:10.867  1187  1534 I InputDispatcher: Delivering touch to (11845): action: 0x1, f=0x0, d=0, 'cff2187', t=1 
10-27 20:44:10.867 11845 11845 I ViewRootImpl@bcc255f[MainActivity]: ViewPostIme pointer 1
10-27 20:44:10.867  1187  1303 I GestureDetector: obtain mCurrentMotionEventRaw. action: 1 id: -1003879545
10-27 20:44:10.868  1187  1303 I GestureDetector: obtain mCurrentMotionEventRaw. action: 1 id: -1003879545
10-27 20:44:10.884 11845 11879 E IMGMapper: set:488 set: Unset optional value from type SMPTE2086
10-27 20:44:10.884 11845 11879 E IMGMapper: set:488 set: Unset optional value from type CTA861_3
10-27 20:44:10.889  1039  1039 I BufferQueueProducer: [com.cinemamovel/com.cinemamovel.MainActivity$_11845#601688](this:0xb400007a1f634838,id:-1,api:0,p:-1,c:1039) queueBuffer: fps=15.02 dur=1065.28 max=815.38 min=16.18
10-27 20:44:10.891   991   991 I hwcomposer: [HWCDisplay] [Display_0 (type:1)] fps:15.022697,dur:1065.06,max:815.82,min:15.39  
10-27 20:44:10.912 11845 11879 E IMGMapper: set:488 set: Unset optional value from type SMPTE2086
10-27 20:44:10.912 11845 11879 E IMGMapper: set:488 set: Unset optional value from type CTA861_3
10-27 20:44:10.929 11845 11879 E IMGMapper: set:488 set: Unset optional value from type SMPTE2086
10-27 20:44:10.929 11845 11879 E IMGMapper: set:488 set: Unset optional value from type CTA861_3
10-27 20:44:10.971 11845 11879 E IMGMapper: set:488 set: Unset optional value from type SMPTE2086
10-27 20:44:10.971 11845 11879 E IMGMapper: set:488 set: Unset optional value from type CTA861_3
10-27 20:44:10.980 11845 11879 E IMGMapper: set:488 set: Unset optional value from type SMPTE2086
10-27 20:44:10.980 11845 11879 E IMGMapper: set:488 set: Unset optional value from type CTA861_3
10-27 20:44:11.000 11845 11879 E IMGMapper: set:488 set: Unset optional value from type SMPTE2086
10-27 20:44:11.000 11845 11879 E IMGMapper: set:488 set: Unset optional value from type CTA861_3
10-27 20:44:11.017 11845 11879 E IMGMapper: set:488 set: Unset optional value from type SMPTE2086
10-27 20:44:11.017 11845 11879 E IMGMapper: set:488 set: Unset optional value from type CTA861_3
10-27 20:44:11.034 11845 11879 E IMGMapper: set:488 set: Unset optional value from type SMPTE2086
10-27 20:44:11.034 11845 11879 E IMGMapper: set:488 set: Unset optional value from type CTA861_3
10-27 20:44:11.050 11845 11879 E IMGMapper: set:488 set: Unset optional value from type SMPTE2086
10-27 20:44:11.051 11845 11879 E IMGMapper: set:488 set: Unset optional value from type CTA861_3
10-27 20:44:11.069 11845 11879 E IMGMapper: set:488 set: Unset optional value from type SMPTE2086
10-27 20:44:11.069 11845 11879 E IMGMapper: set:488 set: Unset optional value from type CTA861_3
10-27 20:44:11.084 11845 11879 E IMGMapper: set:488 set: Unset optional value from type SMPTE2086
10-27 20:44:11.084 11845 11879 E IMGMapper: set:488 set: Unset optional value from type CTA861_3
10-27 20:44:11.100 11845 11879 E IMGMapper: set:488 set: Unset optional value from type SMPTE2086
10-27 20:44:11.100 11845 11879 E IMGMapper: set:488 set: Unset optional value from type CTA861_3
10-27 20:44:11.117 11845 11879 E IMGMapper: set:488 set: Unset optional value from type SMPTE2086
10-27 20:44:11.117 11845 11879 E IMGMapper: set:488 set: Unset optional value from type CTA861_3
10-27 20:44:11.135 11845 11879 E IMGMapper: set:488 set: Unset optional value from type SMPTE2086
10-27 20:44:11.136 11845 11879 E IMGMapper: set:488 set: Unset optional value from type CTA861_3
10-27 20:44:11.150 11845 11879 E IMGMapper: set:488 set: Unset optional value from type SMPTE2086
10-27 20:44:11.150 11845 11879 E IMGMapper: set:488 set: Unset optional value from type CTA861_3
10-27 20:44:11.155  1187  1303 I GestureDetector: handleMessage TAP
10-27 20:44:11.155  1187  1187 I GestureDetector: handleMessage TAP
10-27 20:44:11.167 11845 11879 E IMGMapper: set:488 set: Unset optional value from type SMPTE2086
10-27 20:44:11.167 11845 11879 E IMGMapper: set:488 set: Unset optional value from type CTA861_3
10-27 20:44:11.185 11845 11879 E IMGMapper: set:488 set: Unset optional value from type SMPTE2086
10-27 20:44:11.185 11845 11879 E IMGMapper: set:488 set: Unset optional value from type CTA861_3
10-27 20:44:11.948  1737  1942 D MobileStatusTracker(1/1): onSignalStrengthsChanged level=4, vendorLevel=4
10-27 20:44:11.951  1187  2571 D InputDispatcher: Inject motion (11975/2000): action=0x0, time=2958770049000000, f=0x0, d=0 dsdx=1.000000 dtdx=0.000000
10-27 20:44:11.952  1187  1534 I InputDispatcher: Delivering touch to (1737): action: 0x4, f=0x0, d=0, 'd92b8ad', t=1 
10-27 20:44:11.952  1737  1942 D MobileSignalController(1/1): notifyListener: enabled=true, connected=true, dataConnected=false, networkType=UMTS (3G), emergencyOnly=true, roaming=false, isDefault=false, dataActivity=, level=4, ca=false, mmWave=false, disabledDataIcon=false, simCard=ETC
10-27 20:44:11.952  1737  1942 D NetworkController: SignalStrength from intent slotId=1
10-27 20:44:11.952  1187  1534 I InputDispatcher: Delivering touch to (11845): action: 0x0, f=0x0, d=0, 'cff2187', t=1 
10-27 20:44:11.953  1187  1534 D PowerManagerService: [api] userActivityFromNative :  (event: 2 flags: 0 displayId: 0) eventTime = 2958770049
10-27 20:44:11.954  1187  1303 I GestureDetector: obtain mCurrentDownEvent. id: -1012675301 caller: com.android.server.wm.SystemGesturesPointerEventListener.onPointerEvent:203 com.android.server.wm.PointerEventDispatcher.onInputEvent:53 android.view.InputEventReceiver.dispatchInputEvent:285 
10-27 20:44:11.954 11845 11845 I ViewRootImpl@bcc255f[MainActivity]: ViewPostIme pointer 0
10-27 20:44:11.955  1187  1303 I GestureDetector: obtain mCurrentDownEvent. id: -1012675301 caller: com.android.server.wm.SystemPerformancePointerEventListener.onPointerEvent:89 com.android.server.wm.PointerEventDispatcher.onInputEvent:53 android.view.InputEventReceiver.dispatchInputEvent:285 
10-27 20:44:11.967  1187  2571 D InputDispatcher: Inject motion (11975/2000): action=0x1, time=2958770049000000, f=0x0, d=0 dsdx=1.000000 dtdx=0.000000
10-27 20:44:11.968  1187  1534 I InputDispatcher: Delivering touch to (11845): action: 0x1, f=0x0, d=0, 'cff2187', t=1 
10-27 20:44:11.969 11845 11845 I ViewRootImpl@bcc255f[MainActivity]: ViewPostIme pointer 1
10-27 20:44:11.970  1187  1303 I GestureDetector: obtain mCurrentMotionEventRaw. action: 1 id: -397169941
10-27 20:44:11.970  1187  1303 I GestureDetector: obtain mCurrentMotionEventRaw. action: 1 id: -397169941
10-27 20:44:11.986 11845 11879 E IMGMapper: set:488 set: Unset optional value from type SMPTE2086
10-27 20:44:11.986 11845 11879 E IMGMapper: set:488 set: Unset optional value from type CTA861_3
10-27 20:44:12.004  1039  1039 I BufferQueueProducer: [com.cinemamovel/com.cinemamovel.MainActivity$_11845#601688](this:0xb400007a1f634838,id:-1,api:0,p:-1,c:1039) queueBuffer: fps=15.25 dur=1115.06 max=798.61 min=16.00
10-27 20:44:12.006   991   991 I hwcomposer: [HWCDisplay] [Display_0 (type:1)] fps:15.241609,dur:1115.37,max:798.05,min:15.05  
10-27 20:44:12.011 11845 11879 E IMGMapper: set:488 set: Unset optional value from type SMPTE2086
10-27 20:44:12.011 11845 11879 E IMGMapper: set:488 set: Unset optional value from type CTA861_3
10-27 20:44:12.027 11845 11879 E IMGMapper: set:488 set: Unset optional value from type SMPTE2086
10-27 20:44:12.028 11845 11879 E IMGMapper: set:488 set: Unset optional value from type CTA861_3
10-27 20:44:12.061 11845 11879 E IMGMapper: set:488 set: Unset optional value from type SMPTE2086
10-27 20:44:12.061 11845 11879 E IMGMapper: set:488 set: Unset optional value from type CTA861_3
10-27 20:44:12.068 11845 11879 E IMGMapper: set:488 set: Unset optional value from type SMPTE2086
10-27 20:44:12.068 11845 11879 E IMGMapper: set:488 set: Unset optional value from type CTA861_3
10-27 20:44:12.081 11845 11879 E IMGMapper: set:488 set: Unset optional value from type SMPTE2086
10-27 20:44:12.082 11845 11879 E IMGMapper: set:488 set: Unset optional value from type CTA861_3
10-27 20:44:12.098 11845 11879 E IMGMapper: set:488 set: Unset optional value from type SMPTE2086
10-27 20:44:12.098 11845 11879 E IMGMapper: set:488 set: Unset optional value from type CTA861_3
10-27 20:44:12.115 11845 11879 E IMGMapper: set:488 set: Unset optional value from type SMPTE2086
10-27 20:44:12.116 11845 11879 E IMGMapper: set:488 set: Unset optional value from type CTA861_3
10-27 20:44:12.120  1737  1942 D MobileStatusTracker(0/2): onSignalStrengthsChanged level=4, vendorLevel=3
10-27 20:44:12.122  1737  1942 D MobileSignalController(0/2): notifyListener: enabled=true, connected=true, dataConnected=true, networkType=LTE (4G), emergencyOnly=false, roaming=false, isDefault=false, dataActivity=, level=3, ca=false, mmWave=false, disabledDataIcon=false, simCard=ETC
10-27 20:44:12.124  1737  1942 D NetworkController: SignalStrength from intent slotId=0
10-27 20:44:12.131 11845 11879 E IMGMapper: set:488 set: Unset optional value from type SMPTE2086
10-27 20:44:12.131 11845 11879 E IMGMapper: set:488 set: Unset optional value from type CTA861_3
10-27 20:44:12.149 11845 11879 E IMGMapper: set:488 set: Unset optional value from type SMPTE2086
10-27 20:44:12.149 11845 11879 E IMGMapper: set:488 set: Unset optional value from type CTA861_3
10-27 20:44:12.164 11845 11879 E IMGMapper: set:488 set: Unset optional value from type SMPTE2086
10-27 20:44:12.165 11845 11879 E IMGMapper: set:488 set: Unset optional value from type CTA861_3
10-27 20:44:12.181 11845 11879 E IMGMapper: set:488 set: Unset optional value from type SMPTE2086
10-27 20:44:12.182 11845 11879 E IMGMapper: set:488 set: Unset optional value from type CTA861_3
10-27 20:44:12.200 11845 11879 E IMGMapper: set:488 set: Unset optional value from type SMPTE2086
10-27 20:44:12.201 11845 11879 E IMGMapper: set:488 set: Unset optional value from type CTA861_3
10-27 20:44:12.215 11845 11879 E IMGMapper: set:488 set: Unset optional value from type SMPTE2086
10-27 20:44:12.215 11845 11879 E IMGMapper: set:488 set: Unset optional value from type CTA861_3
10-27 20:44:12.232 11845 11879 E IMGMapper: set:488 set: Unset optional value from type SMPTE2086
10-27 20:44:12.232 11845 11879 E IMGMapper: set:488 set: Unset optional value from type CTA861_3
10-27 20:44:12.248 11845 11879 E IMGMapper: set:488 set: Unset optional value from type SMPTE2086
10-27 20:44:12.248 11845 11879 E IMGMapper: set:488 set: Unset optional value from type CTA861_3
10-27 20:44:12.254  1187  1303 I GestureDetector: handleMessage TAP
10-27 20:44:12.255  1187  1187 I GestureDetector: handleMessage TAP
10-27 20:44:12.270 11845 11879 E IMGMapper: set:488 set: Unset optional value from type SMPTE2086
10-27 20:44:12.271 11845 11879 E IMGMapper: set:488 set: Unset optional value from type CTA861_3
10-27 20:44:12.375  1693  1693 I WifiHAL : Get link layer stats
10-27 20:44:12.375  1693  1693 I WifiHAL : GetLinkStatsCommand::create
10-27 20:44:12.375  1693  1693 D android.hardware.wifi@1.0-service-lazy: WifiRequest::create vendor command to iface 38, vendor_id=0x1a11, subcmd=0x1200, res=0
10-27 20:44:12.376  1693  1693 I android.hardware.wifi@1.0-service-lazy: WifiCommand::requestResponse err=-95
10-27 20:44:12.376  1693  1693 I WifiHAL : wifi_get_link_stats: result=-3
10-27 20:44:12.378  1187  1566 E WifiVendorHal: getWifiLinkLayerStats_1_5_Internal(l.1179) failed {.code = ERROR_NOT_SUPPORTED, .description = }
10-27 20:44:12.387  1187 22074 D SemWifiUsabilityStatsMonitor: onWifiUsabilityStats - seqNum 38759, isSameBssidAndFreq true
10-27 20:44:12.390  1187  1645 I SemWifiLinkQualityMonitor: Link Qos query: inf. ms / 0 Mbps
10-27 20:44:13.052  1187  1301 D InputDispatcher: Inject motion (11980/2000): action=0x0, time=2958771150000000, f=0x0, d=0 dsdx=1.000000 dtdx=0.000000
10-27 20:44:13.053  1187  1534 I InputDispatcher: Delivering touch to (1737): action: 0x4, f=0x0, d=0, 'd92b8ad', t=1 
10-27 20:44:13.054  1187  1534 I InputDispatcher: Delivering touch to (11845): action: 0x0, f=0x0, d=0, 'cff2187', t=1 
10-27 20:44:13.054  1187  1534 D PowerManagerService: [api] userActivityFromNative :  (event: 2 flags: 0 displayId: 0) eventTime = 2958771150
10-27 20:44:13.055  1187  1303 I GestureDetector: obtain mCurrentDownEvent. id: -141158050 caller: com.android.server.wm.SystemGesturesPointerEventListener.onPointerEvent:203 com.android.server.wm.PointerEventDispatcher.onInputEvent:53 android.view.InputEventReceiver.dispatchInputEvent:285 
10-27 20:44:13.055 11845 11845 I ViewRootImpl@bcc255f[MainActivity]: ViewPostIme pointer 0
10-27 20:44:13.056  1187  1303 I GestureDetector: obtain mCurrentDownEvent. id: -141158050 caller: com.android.server.wm.SystemPerformancePointerEventListener.onPointerEvent:89 com.android.server.wm.PointerEventDispatcher.onInputEvent:53 android.view.InputEventReceiver.dispatchInputEvent:285 
10-27 20:44:13.068  1187  1301 D InputDispatcher: Inject motion (11980/2000): action=0x1, time=2958771150000000, f=0x0, d=0 dsdx=1.000000 dtdx=0.000000
10-27 20:44:13.070  1187  1534 I InputDispatcher: Delivering touch to (11845): action: 0x1, f=0x0, d=0, 'cff2187', t=1 
10-27 20:44:13.070 11845 11845 I ViewRootImpl@bcc255f[MainActivity]: ViewPostIme pointer 1
10-27 20:44:13.070  1187  1303 I GestureDetector: obtain mCurrentMotionEventRaw. action: 1 id: -460476752
10-27 20:44:13.071  1187  1303 I GestureDetector: obtain mCurrentMotionEventRaw. action: 1 id: -460476752
10-27 20:44:13.178 11845 11879 E IMGMapper: set:488 set: Unset optional value from type SMPTE2086
10-27 20:44:13.178 11845 11879 E IMGMapper: set:488 set: Unset optional value from type CTA861_3
10-27 20:44:13.186  1039  1039 I BufferQueueProducer: [com.cinemamovel/com.cinemamovel.MainActivity$_11845#601688](this:0xb400007a1f634838,id:-1,api:0,p:-1,c:1039) queueBuffer: fps=14.38 dur=1181.88 max=898.75 min=16.17
10-27 20:44:13.189   991   991 I hwcomposer: [HWCDisplay] [Display_0 (type:1)] fps:14.379719,dur:1182.22,max:898.61,min:15.72  
10-27 20:44:13.348  1187  1486 D SensorService: [SO] -0.733 1.667 9.836
10-27 20:44:13.355  1187  1303 I GestureDetector: handleMessage TAP
10-27 20:44:13.357  1187  1187 I GestureDetector: handleMessage TAP
10-27 20:44:14.158  1187  2579 D InputDispatcher: Inject key (11985/2000): action=0, f=0x0, d=-1, time=2958772256000000
10-27 20:44:14.158  1187  2579 D WindowManager: interceptKeyTq keycode=4 interactive=true keyguardActive=false policyFlags=2b000000
10-27 20:44:14.158  1187  2579 D PhoneWindowManagerExt: interceptKeyTq code=4 down=true repeatCount=0 displayId=-1 interactive=true
10-27 20:44:14.158  1187  2579 D WindowManager: interceptKeyTq interceptKeyResult=4
10-27 20:44:14.158  1187  1534 D PowerManagerService: [api] userActivityFromNative :  (event: 1 flags: 0 displayId: 0) eventTime = 2958772256
10-27 20:44:14.159  1187  1534 D WindowManager: interceptKeyTi keyCode=4 down=true repeatCount=0 keyguardOn=false canceled=false
10-27 20:44:14.160  1187  1534 D PhoneWindowManagerExt: interceptKeyTi code=4 down=true repeatCount=0 displayId=-1 interactive=true
10-27 20:44:14.161  1187  1534 I InputDispatcher: Delivering key to (11845): B action: 0x0 (0), f=0x0, m=0x0, d=0, 'cff2187'
10-27 20:44:14.162 23351 23351 I HBD     : b skip onKeyDown as physical keyboard not connected 
10-27 20:44:14.163 23351 23351 I HBD     : HoneyBoardService onKeyDown r:6f7d36c2 consumed:false 1 
10-27 20:44:14.170 11845 11845 I ViewRootImpl@bcc255f[MainActivity]: ViewPostIme key 0
10-27 20:44:14.171 11845 11845 D Activity: onKeyDown(KEYCODE_BACK)
10-27 20:44:14.172  1187  2579 D InputDispatcher: Inject key (11985/2000): action=1, f=0x0, d=-1, time=2958772256000000
10-27 20:44:14.173  1187  2579 D WindowManager: interceptKeyTq keycode=4 interactive=true keyguardActive=false policyFlags=2b000000
10-27 20:44:14.173  1187  2579 D PhoneWindowManagerExt: interceptKeyTq code=4 down=false repeatCount=0 displayId=-1 interactive=true
10-27 20:44:14.174  1187  2579 D WindowManager: interceptKeyTq interceptKeyResult=4
10-27 20:44:14.175  1187  1534 D WindowManager: interceptKeyTi keyCode=4 down=false repeatCount=0 keyguardOn=false canceled=false
10-27 20:44:14.175  1187  1534 D PhoneWindowManagerExt: interceptKeyTi code=4 down=false repeatCount=0 displayId=-1 interactive=true
10-27 20:44:14.176  1187  1534 I InputDispatcher: Delivering key to (11845): B action: 0x1 (0), f=0x0, m=0x0, d=0, 'cff2187'
10-27 20:44:14.177 23351 23351 I HBD     : HoneyBoardService onKeyUp r:db119839 consumed:false 1 
10-27 20:44:14.179 11845 11845 I ViewRootImpl@bcc255f[MainActivity]: ViewPostIme key 1
10-27 20:44:14.179 11845 11845 D Activity: onKeyUp(KEYCODE_BACK) isTracking()=true isCanceled()=false hasCallback=false
10-27 20:44:14.239 11845 11886 I ReactNativeJS: ---METRICS_JSON_START---
10-27 20:44:14.239 11845 11886 I ReactNativeJS: {
10-27 20:44:14.239 11845 11886 I ReactNativeJS:   "screenRenders": 5,
10-27 20:44:14.239 11845 11886 I ReactNativeJS:   "componentRenders": {
10-27 20:44:14.239 11845 11886 I ReactNativeJS:     "Loader": 1,
10-27 20:44:14.239 11845 11886 I ReactNativeJS:     "MovieDetailsPure": 4,
10-27 20:44:14.239 11845 11886 I ReactNativeJS:     "Poster": 4,
10-27 20:44:14.239 11845 11886 I ReactNativeJS:     "InfoBlock": 4,
10-27 20:44:14.239 11845 11886 I ReactNativeJS:     "RatingBlock": 4,
10-27 20:44:14.239 11845 11886 I ReactNativeJS:     "Overview": 4,
10-27 20:44:14.239 11845 11886 I ReactNativeJS:     "Genres": 4
10-27 20:44:14.239 11845 11886 I ReactNativeJS:   },
10-27 20:44:14.239 11845 11886 I ReactNativeJS:   "interactionEvents": [
10-27 20:44:14.239 11845 11886 I ReactNativeJS:     {
10-27 20:44:14.239 11845 11886 I ReactNativeJS:       "action": "toggle_favorite",
10-27 20:44:14.239 11845 11886 I ReactNativeJS:       "timestamp": 1761608650881
10-27 20:44:14.239 11845 11886 I ReactNativeJS:     },
10-27 20:44:14.239 11845 11886 I ReactNativeJS:     {
10-27 20:44:14.239 11845 11886 I ReactNativeJS:       "action": "set_rating_3",
10-27 20:44:14.239 11845 11886 I ReactNativeJS:       "timestamp": 1761608651983
10-27 20:44:14.239 11845 11886 I ReactNativeJS:     },
10-27 20:44:14.239 11845 11886 I ReactNativeJS:     {
10-27 20:44:14.239 11845 11886 I ReactNativeJS:       "action": "toggle_overview",
10-27 20:44:14.239 11845 11886 I ReactNativeJS:       "timestamp": 1761608653085
10-27 20:44:14.239 11845 11886 I ReactNativeJS:     },
10-27 20:44:14.239 11845 11886 I ReactNativeJS:     {
10-27 20:44:14.239 11845 11886 I ReactNativeJS:       "action": "component_unmounted_logged",
10-27 20:44:14.239 11845 11886 I ReactNativeJS:       "timestamp": 1761608654238
10-27 20:44:14.239 11845 11886 I ReactNativeJS:     }
10-27 20:44:14.239 11845 11886 I ReactNativeJS:   ]
10-27 20:44:14.239 11845 11886 I ReactNativeJS: }
10-27 20:44:14.239 11845 11886 I ReactNativeJS: ---METRICS_JSON_END---
10-27 20:44:14.239   543   543 D io_stats: !@ 179,0 r 552742831 6683738754 w 96126720 1019489516 d 1259600 33790884 f 0 0 iot 277175432 0 th 0 0 0 pt 0 inp 0 0 2958772.337
10-27 20:44:14.290 11845 11879 E IMGMapper: set:488 set: Unset optional value from type SMPTE2086
10-27 20:44:14.291 11845 11879 E IMGMapper: set:488 set: Unset optional value from type CTA861_3
10-27 20:44:14.301  1039  1039 I BufferQueueProducer: [com.cinemamovel/com.cinemamovel.MainActivity$_11845#601688](this:0xb400007a1f634838,id:-1,api:0,p:-1,c:1039) queueBuffer: fps=0.90 dur=1115.00 max=1115.00 min=1115.00
10-27 20:44:14.303   991   991 I hwcomposer: [HWCDisplay] [Display_0 (type:1)] fps:0.897047,dur:1114.77,max:1114.77,min:1114.77  
10-27 20:44:14.360 11845 11879 E IMGMapper: set:488 set: Unset optional value from type SMPTE2086
10-27 20:44:14.360 11845 11879 E IMGMapper: set:488 set: Unset optional value from type CTA861_3
10-27 20:44:14.374 11845 11879 E IMGMapper: set:488 set: Unset optional value from type SMPTE2086
10-27 20:44:14.374 11845 11879 E IMGMapper: set:488 set: Unset optional value from type CTA861_3
10-27 20:44:14.388 11845 11879 E IMGMapper: set:488 set: Unset optional value from type SMPTE2086
10-27 20:44:14.388 11845 11879 E IMGMapper: set:488 set: Unset optional value from type CTA861_3
10-27 20:44:14.402 11845 11879 E IMGMapper: set:488 set: Unset optional value from type SMPTE2086
10-27 20:44:14.402 11845 11879 E IMGMapper: set:488 set: Unset optional value from type CTA861_3
10-27 20:44:14.417 11845 11879 E IMGMapper: set:488 set: Unset optional value from type SMPTE2086
10-27 20:44:14.418 11845 11879 E IMGMapper: set:488 set: Unset optional value from type CTA861_3
10-27 20:44:14.434 11845 11879 E IMGMapper: set:488 set: Unset optional value from type SMPTE2086
10-27 20:44:14.435 11845 11879 E IMGMapper: set:488 set: Unset optional value from type CTA861_3
10-27 20:44:14.448 11845 11879 E IMGMapper: set:488 set: Unset optional value from type SMPTE2086
10-27 20:44:14.448 11845 11879 E IMGMapper: set:488 set: Unset optional value from type CTA861_3
10-27 20:44:14.466 11845 11879 E IMGMapper: set:488 set: Unset optional value from type SMPTE2086
10-27 20:44:14.466 11845 11879 E IMGMapper: set:488 set: Unset optional value from type CTA861_3
10-27 20:44:14.483 11845 11879 E IMGMapper: set:488 set: Unset optional value from type SMPTE2086
10-27 20:44:14.483 11845 11879 E IMGMapper: set:488 set: Unset optional value from type CTA861_3
10-27 20:44:14.498 11845 11879 E IMGMapper: set:488 set: Unset optional value from type SMPTE2086
10-27 20:44:14.499 11845 11879 E IMGMapper: set:488 set: Unset optional value from type CTA861_3
10-27 20:44:14.518 11845 11879 E IMGMapper: set:488 set: Unset optional value from type SMPTE2086
10-27 20:44:14.518 11845 11879 E IMGMapper: set:488 set: Unset optional value from type CTA861_3
10-27 20:44:14.532 11845 11879 E IMGMapper: set:488 set: Unset optional value from type SMPTE2086
10-27 20:44:14.533 11845 11879 E IMGMapper: set:488 set: Unset optional value from type CTA861_3
10-27 20:44:14.549 11845 11879 E IMGMapper: set:488 set: Unset optional value from type SMPTE2086
10-27 20:44:14.549 11845 11879 E IMGMapper: set:488 set: Unset optional value from type CTA861_3
10-27 20:44:14.566 11845 11879 E IMGMapper: set:488 set: Unset optional value from type SMPTE2086
10-27 20:44:14.566 11845 11879 E IMGMapper: set:488 set: Unset optional value from type CTA861_3
10-27 20:44:14.582 11845 11879 E IMGMapper: set:488 set: Unset optional value from type SMPTE2086
10-27 20:44:14.582 11845 11879 E IMGMapper: set:488 set: Unset optional value from type CTA861_3
10-27 20:44:14.599 11845 11879 E IMGMapper: set:488 set: Unset optional value from type SMPTE2086
10-27 20:44:14.599 11845 11879 E IMGMapper: set:488 set: Unset optional value from type CTA861_3
10-27 20:44:14.616 11845 11879 E IMGMapper: set:488 set: Unset optional value from type SMPTE2086
10-27 20:44:14.616 11845 11879 E IMGMapper: set:488 set: Unset optional value from type CTA861_3
10-27 20:44:14.631 11845 11879 E IMGMapper: set:488 set: Unset optional value from type SMPTE2086
10-27 20:44:14.631 11845 11879 E IMGMapper: set:488 set: Unset optional value from type CTA861_3
10-27 20:44:14.649 11845 11879 E IMGMapper: set:488 set: Unset optional value from type SMPTE2086
10-27 20:44:14.649 11845 11879 E IMGMapper: set:488 set: Unset optional value from type CTA861_3
10-27 20:44:14.665 11845 11879 E IMGMapper: set:488 set: Unset optional value from type SMPTE2086
10-27 20:44:14.665 11845 11879 E IMGMapper: set:488 set: Unset optional value from type CTA861_3
10-27 20:44:14.681  1737  1942 D MobileStatusTracker(0/2): onSignalStrengthsChanged level=4, vendorLevel=3
10-27 20:44:14.686  1737  1942 D MobileSignalController(0/2): notifyListener: enabled=true, connected=true, dataConnected=true, networkType=LTE (4G), emergencyOnly=false, roaming=false, isDefault=false, dataActivity=, level=3, ca=false, mmWave=false, disabledDataIcon=false, simCard=ETC
10-27 20:44:14.687 11845 11879 E IMGMapper: set:488 set: Unset optional value from type SMPTE2086
10-27 20:44:14.687 11845 11879 E IMGMapper: set:488 set: Unset optional value from type CTA861_3
10-27 20:44:14.688  1737  1942 D NetworkController: SignalStrength from intent slotId=0
10-27 20:44:14.700 11845 11879 E IMGMapper: set:488 set: Unset optional value from type SMPTE2086
10-27 20:44:14.700 11845 11879 E IMGMapper: set:488 set: Unset optional value from type CTA861_3
10-27 20:44:14.715 11845 11879 E IMGMapper: set:488 set: Unset optional value from type SMPTE2086
10-27 20:44:14.715 11845 11879 E IMGMapper: set:488 set: Unset optional value from type CTA861_3
10-27 20:44:14.732 11845 11879 E IMGMapper: set:488 set: Unset optional value from type SMPTE2086
10-27 20:44:14.732 11845 11879 E IMGMapper: set:488 set: Unset optional value from type CTA861_3
10-27 20:44:14.748 11845 11879 E IMGMapper: set:488 set: Unset optional value from type SMPTE2086
10-27 20:44:14.748 11845 11879 E IMGMapper: set:488 set: Unset optional value from type CTA861_3
10-27 20:44:14.764 11845 11879 E IMGMapper: set:488 set: Unset optional value from type SMPTE2086
10-27 20:44:14.764 11845 11879 E IMGMapper: set:488 set: Unset optional value from type CTA861_3
10-27 20:44:14.782 11845 11879 E IMGMapper: set:488 set: Unset optional value from type SMPTE2086
10-27 20:44:14.782 11845 11879 E IMGMapper: set:488 set: Unset optional value from type CTA861_3
10-27 20:44:14.797 11845 11879 E IMGMapper: set:488 set: Unset optional value from type SMPTE2086
10-27 20:44:14.797 11845 11879 E IMGMapper: set:488 set: Unset optional value from type CTA861_3
10-27 20:44:14.813 11845 11879 E IMGMapper: set:488 set: Unset optional value from type SMPTE2086
10-27 20:44:14.813 11845 11879 E IMGMapper: set:488 set: Unset optional value from type CTA861_3
10-27 20:44:14.897  1205  1205 I thermal_repeater: socket -1
10-27 20:44:15.195 21942 21942 D BoundBrokerSvc: onUnbind: Intent { act=com.google.android.gms.backup.GMS_MODULE_RESTORE dat=chimera-action:/... cmp=com.google.android.gms/.chimera.GmsInternalBoundBrokerService }
10-27 20:44:15.394  1693  1693 I WifiHAL : Get link layer stats
10-27 20:44:15.394  1693  1693 I WifiHAL : GetLinkStatsCommand::create
10-27 20:44:15.395  1693  1693 D android.hardware.wifi@1.0-service-lazy: WifiRequest::create vendor command to iface 38, vendor_id=0x1a11, subcmd=0x1200, res=0
10-27 20:44:15.395  1693  1693 I android.hardware.wifi@1.0-service-lazy: WifiCommand::requestResponse err=-95
10-27 20:44:15.395  1693  1693 I WifiHAL : wifi_get_link_stats: result=-3
10-27 20:44:15.397  1187  1566 E WifiVendorHal: getWifiLinkLayerStats_1_5_Internal(l.1179) failed {.code = ERROR_NOT_SUPPORTED, .description = }
10-27 20:44:15.407  1187 22074 D SemWifiUsabilityStatsMonitor: onWifiUsabilityStats - seqNum 38760, isSameBssidAndFreq true
10-27 20:44:15.410  1187  1645 I SemWifiLinkQualityMonitor: Link Qos query: inf. ms / 0 Mbps
10-27 20:44:15.966  1737  1942 D MobileStatusTracker(0/2): onSignalStrengthsChanged level=4, vendorLevel=3
