10-27 20:44:15.972  1737  1942 D MobileSignalController(0/2): notifyListener: enabled=true, connected=true, dataConnected=true, networkType=LTE (4G), emergencyOnly=false, roaming=false, isDefault=false, dataActivity=, level=3, ca=false, mmWave=false, disabledDataIcon=false, simCard=ETC
10-27 20:44:15.972  1737  1942 D NetworkController: SignalStrength from intent slotId=0
10-27 20:44:16.059  1187  1369 D PowerManagerService: UserActivityStateListenerState: 0
10-27 20:44:16.256  1187  2571 D InputDispatcher: Inject motion (11992/2000): action=0x0, time=2958774354000000, f=0x0, d=0 dsdx=1.000000 dtdx=0.000000
10-27 20:44:16.257  1187  1534 I InputDispatcher: Delivering touch to (1737): action: 0x4, f=0x0, d=0, 'd92b8ad', t=1 
10-27 20:44:16.257  1187  1534 I InputDispatcher: Delivering touch to (11845): action: 0x0, f=0x0, d=0, 'cff2187', t=1 
10-27 20:44:16.258 11845 11845 I ViewRootImpl@bcc255f[MainActivity]: ViewPostIme pointer 0
10-27 20:44:16.258  1187  1534 D PowerManagerService: [api] userActivityFromNative :  (event: 2 flags: 0 displayId: 0) eventTime = 2958774354
10-27 20:44:16.259  1187  1303 I GestureDetector: obtain mCurrentDownEvent. id: -577504959 caller: com.android.server.wm.SystemGesturesPointerEventListener.onPointerEvent:203 com.android.server.wm.PointerEventDispatcher.onInputEvent:53 android.view.InputEventReceiver.dispatchInputEvent:285 
10-27 20:44:16.259  1187  1303 I GestureDetector: obtain mCurrentDownEvent. id: -577504959 caller: com.android.server.wm.SystemPerformancePointerEventListener.onPointerEvent:89 com.android.server.wm.PointerEventDispatcher.onInputEvent:53 android.view.InputEventReceiver.dispatchInputEvent:285 
10-27 20:44:16.260  1187  1534 D PowerManagerService: UserActivityStateListenerState: 1
10-27 20:44:16.265  1187  2571 D InputDispatcher: Inject motion (11992/2000): action=0x1, time=2958774354000000, f=0x0, d=0 dsdx=1.000000 dtdx=0.000000
10-27 20:44:16.266  1187  1534 I InputDispatcher: Delivering touch to (11845): action: 0x1, f=0x0, d=0, 'cff2187', t=1 
10-27 20:44:16.267 11845 11845 I ViewRootImpl@bcc255f[MainActivity]: ViewPostIme pointer 1
10-27 20:44:16.267  1187  1303 I GestureDetector: obtain mCurrentMotionEventRaw. action: 1 id: -876873064
10-27 20:44:16.267  1187  1303 I GestureDetector: obtain mCurrentMotionEventRaw. action: 1 id: -876873064
10-27 20:44:16.294 11845 11879 E IMGMapper: set:488 set: Unset optional value from type SMPTE2086
10-27 20:44:16.294 11845 11879 E IMGMapper: set:488 set: Unset optional value from type CTA861_3
10-27 20:44:16.300  1039  1039 I BufferQueueProducer: [com.cinemamovel/com.cinemamovel.MainActivity$_11845#601688](this:0xb400007a1f634838,id:-1,api:0,p:-1,c:1039) queueBuffer: fps=15.01 dur=1998.46 max=1465.35 min=16.11
10-27 20:44:16.302   991   991 I hwcomposer: [HWCDisplay] [Display_0 (type:1)] fps:15.012246,dur:1998.37,max:1465.49,min:15.59  
10-27 20:44:16.323 11845 11879 E IMGMapper: set:488 set: Unset optional value from type SMPTE2086
10-27 20:44:16.323 11845 11879 E IMGMapper: set:488 set: Unset optional value from type CTA861_3
10-27 20:44:16.342 11845 11879 E IMGMapper: set:488 set: Unset optional value from type SMPTE2086
10-27 20:44:16.342 11845 11879 E IMGMapper: set:488 set: Unset optional value from type CTA861_3
10-27 20:44:16.381 11845 11845 W [RNScreens]: backTitleVisible prop is not available on Android
10-27 20:44:16.382 11845 11845 W [RNScreens]: backTitleFontFamily prop is not available on Android
10-27 20:44:16.382 11845 11845 W [RNScreens]: disableBackButtonMenu prop is not available on Android
10-27 20:44:16.382 11845 11845 W [RNScreens]: largeTitleFontFamily prop is not available on Android
10-27 20:44:16.382 11845 11845 W [RNScreens]: largeTitleFontWeight prop is not available on Android
10-27 20:44:16.382 11845 11845 W [RNScreens]: largeTitleHideShadow prop is not available on Android
10-27 20:44:16.402 11845 11879 E IMGMapper: set:488 set: Unset optional value from type SMPTE2086
10-27 20:44:16.402 11845 11879 E IMGMapper: set:488 set: Unset optional value from type CTA861_3
10-27 20:44:16.435 11845 11879 E IMGMapper: set:488 set: Unset optional value from type SMPTE2086
10-27 20:44:16.435 11845 11879 E IMGMapper: set:488 set: Unset optional value from type CTA861_3
10-27 20:44:16.449 11845 11879 E IMGMapper: set:488 set: Unset optional value from type SMPTE2086
10-27 20:44:16.449 11845 11879 E IMGMapper: set:488 set: Unset optional value from type CTA861_3
10-27 20:44:16.478 11845 11879 E IMGMapper: set:488 set: Unset optional value from type SMPTE2086
10-27 20:44:16.478 11845 11879 E IMGMapper: set:488 set: Unset optional value from type CTA861_3
10-27 20:44:16.491 11845 11879 E IMGMapper: set:488 set: Unset optional value from type SMPTE2086
10-27 20:44:16.492 11845 11879 E IMGMapper: set:488 set: Unset optional value from type CTA861_3
10-27 20:44:16.522 11845 11845 D ScrollView: initGoToTop
10-27 20:44:16.559  1187  1303 I GestureDetector: handleMessage TAP
10-27 20:44:16.560  1187  1187 I GestureDetector: handleMessage TAP
10-27 20:44:16.571 11845 11879 E IMGMapper: set:488 set: Unset optional value from type SMPTE2086
10-27 20:44:16.571 11845 11879 E IMGMapper: set:488 set: Unset optional value from type CTA861_3
10-27 20:44:16.582 11845 11879 E IMGMapper: set:488 set: Unset optional value from type SMPTE2086
10-27 20:44:16.582 11845 11879 E IMGMapper: set:488 set: Unset optional value from type CTA861_3
10-27 20:44:16.603 11845 11879 E IMGMapper: set:488 set: Unset optional value from type SMPTE2086
10-27 20:44:16.604 11845 11879 E IMGMapper: set:488 set: Unset optional value from type CTA861_3
10-27 20:44:16.622 11845 11879 E IMGMapper: set:488 set: Unset optional value from type SMPTE2086
10-27 20:44:16.622 11845 11879 E IMGMapper: set:488 set: Unset optional value from type CTA861_3
10-27 20:44:16.635 11845 11879 E IMGMapper: set:488 set: Unset optional value from type SMPTE2086
10-27 20:44:16.635 11845 11879 E IMGMapper: set:488 set: Unset optional value from type CTA861_3
10-27 20:44:16.651 11845 11879 E IMGMapper: set:488 set: Unset optional value from type SMPTE2086
10-27 20:44:16.651 11845 11879 E IMGMapper: set:488 set: Unset optional value from type CTA861_3
10-27 20:44:16.668 11845 11879 E IMGMapper: set:488 set: Unset optional value from type SMPTE2086
10-27 20:44:16.668 11845 11879 E IMGMapper: set:488 set: Unset optional value from type CTA861_3
10-27 20:44:16.683 11845 11879 E IMGMapper: set:488 set: Unset optional value from type SMPTE2086
10-27 20:44:16.683 11845 11879 E IMGMapper: set:488 set: Unset optional value from type CTA861_3
10-27 20:44:16.698 11845 11879 E IMGMapper: set:488 set: Unset optional value from type SMPTE2086
10-27 20:44:16.698 11845 11879 E IMGMapper: set:488 set: Unset optional value from type CTA861_3
10-27 20:44:16.720 11845 11879 E IMGMapper: set:488 set: Unset optional value from type SMPTE2086
10-27 20:44:16.720 11845 11879 E IMGMapper: set:488 set: Unset optional value from type CTA861_3
10-27 20:44:16.731 11845 11879 E IMGMapper: set:488 set: Unset optional value from type SMPTE2086
10-27 20:44:16.732 11845 11879 E IMGMapper: set:488 set: Unset optional value from type CTA861_3
10-27 20:44:16.748 11845 11879 E IMGMapper: set:488 set: Unset optional value from type SMPTE2086
10-27 20:44:16.748 11845 11879 E IMGMapper: set:488 set: Unset optional value from type CTA861_3
10-27 20:44:16.765 11845 11879 E IMGMapper: set:488 set: Unset optional value from type SMPTE2086
10-27 20:44:16.765 11845 11879 E IMGMapper: set:488 set: Unset optional value from type CTA861_3
10-27 20:44:16.782 11845 11879 E IMGMapper: set:488 set: Unset optional value from type SMPTE2086
10-27 20:44:16.782 11845 11879 E IMGMapper: set:488 set: Unset optional value from type CTA861_3
10-27 20:44:16.800 11845 11879 E IMGMapper: set:488 set: Unset optional value from type SMPTE2086
10-27 20:44:16.800 11845 11879 E IMGMapper: set:488 set: Unset optional value from type CTA861_3
10-27 20:44:16.802 29501 29501 I wpa_supplicant: Heartbeat 1603
10-27 20:44:16.815 11845 11879 E IMGMapper: set:488 set: Unset optional value from type SMPTE2086
10-27 20:44:16.816 11845 11879 E IMGMapper: set:488 set: Unset optional value from type CTA861_3
10-27 20:44:16.832 11845 11879 E IMGMapper: set:488 set: Unset optional value from type SMPTE2086
10-27 20:44:16.832 11845 11879 E IMGMapper: set:488 set: Unset optional value from type CTA861_3
10-27 20:44:16.848 11845 11879 E IMGMapper: set:488 set: Unset optional value from type SMPTE2086
10-27 20:44:16.848 11845 11879 E IMGMapper: set:488 set: Unset optional value from type CTA861_3
10-27 20:44:16.865 11845 11879 E IMGMapper: set:488 set: Unset optional value from type SMPTE2086
10-27 20:44:16.865 11845 11879 E IMGMapper: set:488 set: Unset optional value from type CTA861_3
10-27 20:44:16.883 11845 11879 E IMGMapper: set:488 set: Unset optional value from type SMPTE2086
10-27 20:44:16.883 11845 11879 E IMGMapper: set:488 set: Unset optional value from type CTA861_3
10-27 20:44:16.892 11845 11879 E IMGMapper: set:488 set: Unset optional value from type SMPTE2086
10-27 20:44:16.892 11845 11879 E IMGMapper: set:488 set: Unset optional value from type CTA861_3
10-27 20:44:16.906 11845 11879 E IMGMapper: set:488 set: Unset optional value from type SMPTE2086
10-27 20:44:16.906 11845 11879 E IMGMapper: set:488 set: Unset optional value from type CTA861_3
10-27 20:44:17.247  1737  1942 D MobileStatusTracker(0/2): onSignalStrengthsChanged level=4, vendorLevel=3
10-27 20:44:17.253  1737  1942 D MobileSignalController(0/2): notifyListener: enabled=true, connected=true, dataConnected=true, networkType=LTE (4G), emergencyOnly=false, roaming=false, isDefault=false, dataActivity=, level=3, ca=false, mmWave=false, disabledDataIcon=false, simCard=ETC
10-27 20:44:17.253  1737  1942 D NetworkController: SignalStrength from intent slotId=0
10-27 20:44:18.344  1187  1301 D InputDispatcher: Inject motion (11997/2000): action=0x0, time=2958776442000000, f=0x0, d=0 dsdx=1.000000 dtdx=0.000000
10-27 20:44:18.346  1187  1534 I InputDispatcher: Delivering touch to (1737): action: 0x4, f=0x0, d=0, 'd92b8ad', t=1 
10-27 20:44:18.346  1187  1534 I InputDispatcher: Delivering touch to (11845): action: 0x0, f=0x0, d=0, 'cff2187', t=1 
10-27 20:44:18.346  1187  1534 D PowerManagerService: [api] userActivityFromNative :  (event: 2 flags: 0 displayId: 0) eventTime = 2958776442
10-27 20:44:18.347 11845 11845 I ViewRootImpl@bcc255f[MainActivity]: ViewPostIme pointer 0
10-27 20:44:18.347  1187  1303 I GestureDetector: obtain mCurrentDownEvent. id: -186126391 caller: com.android.server.wm.SystemGesturesPointerEventListener.onPointerEvent:203 com.android.server.wm.PointerEventDispatcher.onInputEvent:53 android.view.InputEventReceiver.dispatchInputEvent:285 
10-27 20:44:18.347  1187  1303 I GestureDetector: obtain mCurrentDownEvent. id: -186126391 caller: com.android.server.wm.SystemPerformancePointerEventListener.onPointerEvent:89 com.android.server.wm.PointerEventDispatcher.onInputEvent:53 android.view.InputEventReceiver.dispatchInputEvent:285 
10-27 20:44:18.358  1187  1301 D InputDispatcher: Inject motion (11997/2000): action=0x1, time=2958776442000000, f=0x0, d=0 dsdx=1.000000 dtdx=0.000000
10-27 20:44:18.358  1187  1534 I InputDispatcher: Delivering touch to (11845): action: 0x1, f=0x0, d=0, 'cff2187', t=1 
10-27 20:44:18.359 11845 11845 I ViewRootImpl@bcc255f[MainActivity]: ViewPostIme pointer 1
10-27 20:44:18.359  1187  1303 I GestureDetector: obtain mCurrentMotionEventRaw. action: 1 id: -673637970
10-27 20:44:18.359  1187  1303 I GestureDetector: obtain mCurrentMotionEventRaw. action: 1 id: -673637970
10-27 20:44:18.412  1693  1693 I WifiHAL : Get link layer stats
10-27 20:44:18.412  1693  1693 I WifiHAL : GetLinkStatsCommand::create
10-27 20:44:18.412  1693  1693 D android.hardware.wifi@1.0-service-lazy: WifiRequest::create vendor command to iface 38, vendor_id=0x1a11, subcmd=0x1200, res=0
10-27 20:44:18.413  1693  1693 I android.hardware.wifi@1.0-service-lazy: WifiCommand::requestResponse err=-95
10-27 20:44:18.413  1693  1693 I WifiHAL : wifi_get_link_stats: result=-3
10-27 20:44:18.413  1187  1566 E WifiVendorHal: getWifiLinkLayerStats_1_5_Internal(l.1179) failed {.code = ERROR_NOT_SUPPORTED, .description = }
10-27 20:44:18.419  1187 22074 D SemWifiUsabilityStatsMonitor: onWifiUsabilityStats - seqNum 38761, isSameBssidAndFreq true
10-27 20:44:18.421  1187  1645 I SemWifiLinkQualityMonitor: Link Qos query: inf. ms / 0 Mbps
10-27 20:44:18.422  1737  1737 D NetworkController.WifiSignalController: notifyListener: visible=true, connected=true, inetCondition=1, isDefault=true, wifiTestReported=true, receivedInetCondition=-1, hideDuringMobileSwitching=false
10-27 20:44:18.439  1737  1796 E IMGMapper: set:488 set: Unset optional value from type SMPTE2086
10-27 20:44:18.439  1737  1796 E IMGMapper: set:488 set: Unset optional value from type CTA861_3
10-27 20:44:18.446  1039  1039 I BufferQueueProducer: [StatusBar$_1737#534029](this:0xb400007a1f0ca838,id:-1,api:0,p:-1,c:1039) queueBuffer: fps=0.11 dur=18291.85 max=18075.79 min=216.06
10-27 20:44:18.448   991   991 I hwcomposer: [HWCDisplay] [Display_0 (type:1)] fps:13.979699,dur:2145.97,max:1514.60,min:15.40  
10-27 20:44:18.459 11845 11879 E IMGMapper: set:488 set: Unset optional value from type SMPTE2086
10-27 20:44:18.459 11845 11879 E IMGMapper: set:488 set: Unset optional value from type CTA861_3
10-27 20:44:18.463  1039  1039 I BufferQueueProducer: [com.cinemamovel/com.cinemamovel.MainActivity$_11845#601688](this:0xb400007a1f634838,id:-1,api:0,p:-1,c:1039) queueBuffer: fps=13.87 dur=2163.09 max=1531.41 min=16.08
10-27 20:44:18.466 11845 11879 E IMGMapper: set:488 set: Unset optional value from type SMPTE2086
10-27 20:44:18.467 11845 11879 E IMGMapper: set:488 set: Unset optional value from type CTA861_3
10-27 20:44:18.647  1187  1303 I GestureDetector: handleMessage TAP
10-27 20:44:18.648  1187  1187 I GestureDetector: handleMessage TAP
10-27 20:44:18.756  1187  1661 D WifiConnectivityMonitor: Stop WCM Poll. cnt : 5
10-27 20:44:18.823  1187  1351 D BatteryExternalStatsWorker: update stats : update-network-download (6)
10-27 20:44:18.823  1187  1351 D BatteryExternalStatsWorker: Update Rail Energy data
10-27 20:44:18.824  1187  1351 D BatteryExternalStatsWorker: Fetch modem data
10-27 20:44:18.878  1187  2571 D TelephonyManager: requestModemActivityInfo: Sending result to app: ModemActivityInfo{ mTimestamp=4299752930 mSleepTimeMs=4345319 mIdleTimeMs=416779 mActivityStatsTechSpecificInfo=[{mRat=UNKNOWN,mFrequencyRange=UNKNOWN,mTxTimeMs[]=[0, 0, 13, 283, 84],mRxTimeMs=16649}]}
10-27 20:44:18.878  1187  1351 D BatteryExternalStatsWorker: mStats lock released
10-27 20:44:18.894  1187  1351 D BatteryExternalStatsWorker: Update modem state
10-27 20:44:18.894  1187  1351 D BatteryExternalStatsWorker: done updateExternalStatsLocked
10-27 20:44:19.437  1187  1301 D InputDispatcher: Inject motion (12002/2000): action=0x0, time=2958777535000000, f=0x0, d=0 dsdx=1.000000 dtdx=0.000000
10-27 20:44:19.438  1187  1534 I InputDispatcher: Delivering touch to (1737): action: 0x4, f=0x0, d=0, 'd92b8ad', t=1 
10-27 20:44:19.438  1187  1534 I InputDispatcher: Delivering touch to (11845): action: 0x0, f=0x0, d=0, 'cff2187', t=1 
10-27 20:44:19.439  1187  1534 D PowerManagerService: [api] userActivityFromNative :  (event: 2 flags: 0 displayId: 0) eventTime = 2958777535
10-27 20:44:19.440 11845 11845 I ViewRootImpl@bcc255f[MainActivity]: ViewPostIme pointer 0
10-27 20:44:19.440  1187  1303 I GestureDetector: obtain mCurrentDownEvent. id: -636781912 caller: com.android.server.wm.SystemGesturesPointerEventListener.onPointerEvent:203 com.android.server.wm.PointerEventDispatcher.onInputEvent:53 android.view.InputEventReceiver.dispatchInputEvent:285 
10-27 20:44:19.440  1187  1303 I GestureDetector: obtain mCurrentDownEvent. id: -636781912 caller: com.android.server.wm.SystemPerformancePointerEventListener.onPointerEvent:89 com.android.server.wm.PointerEventDispatcher.onInputEvent:53 android.view.InputEventReceiver.dispatchInputEvent:285 
10-27 20:44:19.451  1187  1301 D InputDispatcher: Inject motion (12002/2000): action=0x1, time=2958777535000000, f=0x0, d=0 dsdx=1.000000 dtdx=0.000000
10-27 20:44:19.452  1187  1534 I InputDispatcher: Delivering touch to (11845): action: 0x1, f=0x0, d=0, 'cff2187', t=1 
10-27 20:44:19.452 11845 11845 I ViewRootImpl@bcc255f[MainActivity]: ViewPostIme pointer 1
10-27 20:44:19.453  1187  1303 I GestureDetector: obtain mCurrentMotionEventRaw. action: 1 id: -402915019
10-27 20:44:19.453  1187  1303 I GestureDetector: obtain mCurrentMotionEventRaw. action: 1 id: -402915019
10-27 20:44:19.472 11845 11879 E IMGMapper: set:488 set: Unset optional value from type SMPTE2086
10-27 20:44:19.473 11845 11879 E IMGMapper: set:488 set: Unset optional value from type CTA861_3
10-27 20:44:19.478  1039  1039 I BufferQueueProducer: [com.cinemamovel/com.cinemamovel.MainActivity$_11845#601688](this:0xb400007a1f634838,id:-1,api:0,p:-1,c:1039) queueBuffer: fps=1.97 dur=1015.33 max=998.93 min=16.40
10-27 20:44:19.479   991   991 I hwcomposer: [HWCDisplay] [Display_0 (type:1)] fps:2.907980,dur:1031.64,max:998.78,min:15.72  
10-27 20:44:19.501 11845 11879 E IMGMapper: set:488 set: Unset optional value from type SMPTE2086
10-27 20:44:19.501 11845 11879 E IMGMapper: set:488 set: Unset optional value from type CTA861_3
10-27 20:44:19.518 11845 11879 E IMGMapper: set:488 set: Unset optional value from type SMPTE2086
10-27 20:44:19.518 11845 11879 E IMGMapper: set:488 set: Unset optional value from type CTA861_3
10-27 20:44:19.550 11845 11879 E IMGMapper: set:488 set: Unset optional value from type SMPTE2086
10-27 20:44:19.550 11845 11879 E IMGMapper: set:488 set: Unset optional value from type CTA861_3
10-27 20:44:19.557 11845 11879 E IMGMapper: set:488 set: Unset optional value from type SMPTE2086
10-27 20:44:19.557 11845 11879 E IMGMapper: set:488 set: Unset optional value from type CTA861_3
10-27 20:44:19.570 11845 11879 E IMGMapper: set:488 set: Unset optional value from type SMPTE2086
10-27 20:44:19.571 11845 11879 E IMGMapper: set:488 set: Unset optional value from type CTA861_3
10-27 20:44:19.588 11845 11879 E IMGMapper: set:488 set: Unset optional value from type SMPTE2086
10-27 20:44:19.589 11845 11879 E IMGMapper: set:488 set: Unset optional value from type CTA861_3
10-27 20:44:19.606 11845 11879 E IMGMapper: set:488 set: Unset optional value from type SMPTE2086
10-27 20:44:19.606 11845 11879 E IMGMapper: set:488 set: Unset optional value from type CTA861_3
10-27 20:44:19.624 11845 11879 E IMGMapper: set:488 set: Unset optional value from type SMPTE2086
10-27 20:44:19.624 11845 11879 E IMGMapper: set:488 set: Unset optional value from type CTA861_3
10-27 20:44:19.627  1737  1942 D MobileStatusTracker(1/1): onSignalStrengthsChanged level=4, vendorLevel=4
10-27 20:44:19.628  1187  1663 D WifiConnectivityMonitor.NetworkStatsAnalyzer: Backhaul result - RSSI:-41, CE:22, PE:22, TI:23, PTI:23, TW:1, PTW:1, Tx:6, Rx:16, TxS:6, RxS:9, RESULT:true, IC:0, ICT:5, WC:0, WCT:5, R:0, RC:0, IE:0, EC:0
10-27 20:44:19.632  1737  1942 D MobileSignalController(1/1): notifyListener: enabled=true, connected=true, dataConnected=false, networkType=UMTS (3G), emergencyOnly=true, roaming=false, isDefault=false, dataActivity=, level=4, ca=false, mmWave=false, disabledDataIcon=false, simCard=ETC
10-27 20:44:19.632  1737  1942 D NetworkController: SignalStrength from intent slotId=1
10-27 20:44:19.638 11845 11879 E IMGMapper: set:488 set: Unset optional value from type SMPTE2086
10-27 20:44:19.638 11845 11879 E IMGMapper: set:488 set: Unset optional value from type CTA861_3
10-27 20:44:19.655 11845 11879 E IMGMapper: set:488 set: Unset optional value from type SMPTE2086
10-27 20:44:19.655 11845 11879 E IMGMapper: set:488 set: Unset optional value from type CTA861_3
10-27 20:44:19.673 11845 11879 E IMGMapper: set:488 set: Unset optional value from type SMPTE2086
10-27 20:44:19.673 11845 11879 E IMGMapper: set:488 set: Unset optional value from type CTA861_3
10-27 20:44:19.690 11845 11879 E IMGMapper: set:488 set: Unset optional value from type SMPTE2086
10-27 20:44:19.690 11845 11879 E IMGMapper: set:488 set: Unset optional value from type CTA861_3
10-27 20:44:19.706 11845 11879 E IMGMapper: set:488 set: Unset optional value from type SMPTE2086
10-27 20:44:19.706 11845 11879 E IMGMapper: set:488 set: Unset optional value from type CTA861_3
10-27 20:44:19.722 11845 11879 E IMGMapper: set:488 set: Unset optional value from type SMPTE2086
10-27 20:44:19.722 11845 11879 E IMGMapper: set:488 set: Unset optional value from type CTA861_3
10-27 20:44:19.739 11845 11879 E IMGMapper: set:488 set: Unset optional value from type SMPTE2086
10-27 20:44:19.739 11845 11879 E IMGMapper: set:488 set: Unset optional value from type CTA861_3
10-27 20:44:19.740  1187  1187 I GestureDetector: handleMessage TAP
10-27 20:44:19.740  1187  1303 I GestureDetector: handleMessage TAP
10-27 20:44:19.759 11845 11879 E IMGMapper: set:488 set: Unset optional value from type SMPTE2086
10-27 20:44:19.759 11845 11879 E IMGMapper: set:488 set: Unset optional value from type CTA861_3
10-27 20:44:19.898  1205  1205 I thermal_repeater: socket -1
10-27 20:44:20.236   963   963 E audit   : type=1400 audit(1761608660.232:1470250): avc:  denied  { write } for  pid=14180 comm="ThreadPoolForeg" name="traced_producer" dev="tmpfs" ino=11170 scontext=u:r:gmscore_app:s0:c512,c768 tcontext=u:object_r:traced_producer_socket:s0 tclass=sock_file permissive=0 SEPF_SM-A037M_12_0001 unfiltered
10-27 20:44:20.479   886 12008 E Netd    : To use pid in case SEC_PRODUCT_FEATURE_KNOX_SUPPORT_NPA is false, to remove build error (unused variable)
10-27 20:44:20.529  1187  2571 D InputDispatcher: Inject motion (12010/2000): action=0x0, time=2958778627000000, f=0x0, d=0 dsdx=1.000000 dtdx=0.000000
10-27 20:44:20.531  1187  1534 I InputDispatcher: Delivering touch to (1737): action: 0x4, f=0x0, d=0, 'd92b8ad', t=1 
10-27 20:44:20.531  1187  1534 I InputDispatcher: Delivering touch to (11845): action: 0x0, f=0x0, d=0, 'cff2187', t=1 
10-27 20:44:20.532  1187  1534 D PowerManagerService: [api] userActivityFromNative :  (event: 2 flags: 0 displayId: 0) eventTime = 2958778627
10-27 20:44:20.532 11845 11845 I ViewRootImpl@bcc255f[MainActivity]: ViewPostIme pointer 0
10-27 20:44:20.533  1187  1303 I GestureDetector: obtain mCurrentDownEvent. id: -524220853 caller: com.android.server.wm.SystemGesturesPointerEventListener.onPointerEvent:203 com.android.server.wm.PointerEventDispatcher.onInputEvent:53 android.view.InputEventReceiver.dispatchInputEvent:285 
10-27 20:44:20.534  1187  1303 I GestureDetector: obtain mCurrentDownEvent. id: -524220853 caller: com.android.server.wm.SystemPerformancePointerEventListener.onPointerEvent:89 com.android.server.wm.PointerEventDispatcher.onInputEvent:53 android.view.InputEventReceiver.dispatchInputEvent:285 
10-27 20:44:20.544  1187  2571 D InputDispatcher: Inject motion (12010/2000): action=0x1, time=2958778627000000, f=0x0, d=0 dsdx=1.000000 dtdx=0.000000
10-27 20:44:20.545  1187  1534 I InputDispatcher: Delivering touch to (11845): action: 0x1, f=0x0, d=0, 'cff2187', t=1 
10-27 20:44:20.546 11845 11845 I ViewRootImpl@bcc255f[MainActivity]: ViewPostIme pointer 1
10-27 20:44:20.546  1187  1303 I GestureDetector: obtain mCurrentMotionEventRaw. action: 1 id: -866795042
10-27 20:44:20.547  1187  1303 I GestureDetector: obtain mCurrentMotionEventRaw. action: 1 id: -866795042
10-27 20:44:20.563  1187  1677 D NetdEventListenerService: DNS Requested by : 140, 10108
10-27 20:44:20.565 21478 21523 D TrafficStats: tagSocket(98) with statsTag=0xffffffff, statsUid=-1
10-27 20:44:20.571 11845 11879 E IMGMapper: set:488 set: Unset optional value from type SMPTE2086
10-27 20:44:20.571 11845 11879 E IMGMapper: set:488 set: Unset optional value from type CTA861_3
10-27 20:44:20.576  1039  1039 I BufferQueueProducer: [com.cinemamovel/com.cinemamovel.MainActivity$_11845#601688](this:0xb400007a1f634838,id:-1,api:0,p:-1,c:1039) queueBuffer: fps=15.48 dur=1098.07 max=798.78 min=16.06
10-27 20:44:20.578   991   991 I hwcomposer: [HWCDisplay] [Display_0 (type:1)] fps:15.471636,dur:1098.78,max:798.07,min:15.47  
10-27 20:44:20.599 11845 11879 E IMGMapper: set:488 set: Unset optional value from type SMPTE2086
10-27 20:44:20.599 11845 11879 E IMGMapper: set:488 set: Unset optional value from type CTA861_3
10-27 20:44:20.616 11845 11879 E IMGMapper: set:488 set: Unset optional value from type SMPTE2086
10-27 20:44:20.616 11845 11879 E IMGMapper: set:488 set: Unset optional value from type CTA861_3
10-27 20:44:20.648 11845 11879 E IMGMapper: set:488 set: Unset optional value from type SMPTE2086
10-27 20:44:20.648 11845 11879 E IMGMapper: set:488 set: Unset optional value from type CTA861_3
10-27 20:44:20.656 11845 11879 E IMGMapper: set:488 set: Unset optional value from type SMPTE2086
10-27 20:44:20.656 11845 11879 E IMGMapper: set:488 set: Unset optional value from type CTA861_3
10-27 20:44:20.668 11845 11879 E IMGMapper: set:488 set: Unset optional value from type SMPTE2086
10-27 20:44:20.668 11845 11879 E IMGMapper: set:488 set: Unset optional value from type CTA861_3
10-27 20:44:20.685 11845 11879 E IMGMapper: set:488 set: Unset optional value from type SMPTE2086
10-27 20:44:20.685 11845 11879 E IMGMapper: set:488 set: Unset optional value from type CTA861_3
10-27 20:44:20.704 11845 11879 E IMGMapper: set:488 set: Unset optional value from type SMPTE2086
10-27 20:44:20.705 11845 11879 E IMGMapper: set:488 set: Unset optional value from type CTA861_3
10-27 20:44:20.720 11845 11879 E IMGMapper: set:488 set: Unset optional value from type SMPTE2086
10-27 20:44:20.720 11845 11879 E IMGMapper: set:488 set: Unset optional value from type CTA861_3
10-27 20:44:20.735 11845 11879 E IMGMapper: set:488 set: Unset optional value from type SMPTE2086
10-27 20:44:20.735 11845 11879 E IMGMapper: set:488 set: Unset optional value from type CTA861_3
10-27 20:44:20.754 11845 11879 E IMGMapper: set:488 set: Unset optional value from type SMPTE2086
10-27 20:44:20.754 11845 11879 E IMGMapper: set:488 set: Unset optional value from type CTA861_3
10-27 20:44:20.770 11845 11879 E IMGMapper: set:488 set: Unset optional value from type SMPTE2086
10-27 20:44:20.770 11845 11879 E IMGMapper: set:488 set: Unset optional value from type CTA861_3
10-27 20:44:20.788 11845 11879 E IMGMapper: set:488 set: Unset optional value from type SMPTE2086
10-27 20:44:20.788 11845 11879 E IMGMapper: set:488 set: Unset optional value from type CTA861_3
10-27 20:44:20.805 11845 11879 E IMGMapper: set:488 set: Unset optional value from type SMPTE2086
10-27 20:44:20.805 11845 11879 E IMGMapper: set:488 set: Unset optional value from type CTA861_3
10-27 20:44:20.821 11845 11879 E IMGMapper: set:488 set: Unset optional value from type SMPTE2086
10-27 20:44:20.821 11845 11879 E IMGMapper: set:488 set: Unset optional value from type CTA861_3
10-27 20:44:20.832  1187  1303 I GestureDetector: handleMessage TAP
10-27 20:44:20.833  1187  1187 I GestureDetector: handleMessage TAP
10-27 20:44:20.839 11845 11879 E IMGMapper: set:488 set: Unset optional value from type SMPTE2086
10-27 20:44:20.839 11845 11879 E IMGMapper: set:488 set: Unset optional value from type CTA861_3
10-27 20:44:20.858 11845 11879 E IMGMapper: set:488 set: Unset optional value from type SMPTE2086
10-27 20:44:20.858 11845 11879 E IMGMapper: set:488 set: Unset optional value from type CTA861_3
10-27 20:44:20.913  1737  1942 D MobileStatusTracker(1/1): onSignalStrengthsChanged level=4, vendorLevel=4
10-27 20:44:20.918  1737  1942 D MobileSignalController(1/1): notifyListener: enabled=true, connected=true, dataConnected=false, networkType=UMTS (3G), emergencyOnly=true, roaming=false, isDefault=false, dataActivity=, level=4, ca=false, mmWave=false, disabledDataIcon=false, simCard=ETC
10-27 20:44:20.919  1737  1942 D NetworkController: SignalStrength from intent slotId=1
10-27 20:44:21.090  1737  1942 D MobileStatusTracker(0/2): onSignalStrengthsChanged level=4, vendorLevel=3
10-27 20:44:21.095  1737  1942 D MobileSignalController(0/2): notifyListener: enabled=true, connected=true, dataConnected=true, networkType=LTE (4G), emergencyOnly=false, roaming=false, isDefault=false, dataActivity=, level=3, ca=false, mmWave=false, disabledDataIcon=false, simCard=ETC
10-27 20:44:21.096  1737  1942 D NetworkController: SignalStrength from intent slotId=0
10-27 20:44:21.426  1693  1693 I WifiHAL : Get link layer stats
10-27 20:44:21.427  1693  1693 I WifiHAL : GetLinkStatsCommand::create
10-27 20:44:21.427  1693  1693 D android.hardware.wifi@1.0-service-lazy: WifiRequest::create vendor command to iface 38, vendor_id=0x1a11, subcmd=0x1200, res=0
10-27 20:44:21.427  1693  1693 I android.hardware.wifi@1.0-service-lazy: WifiCommand::requestResponse err=-95
10-27 20:44:21.427  1693  1693 I WifiHAL : wifi_get_link_stats: result=-3
10-27 20:44:21.429  1187  1566 E WifiVendorHal: getWifiLinkLayerStats_1_5_Internal(l.1179) failed {.code = ERROR_NOT_SUPPORTED, .description = }
10-27 20:44:21.441  1187 22074 D SemWifiUsabilityStatsMonitor: onWifiUsabilityStats - seqNum 38762, isSameBssidAndFreq true
10-27 20:44:21.444  1737  1737 D NetworkController.WifiSignalController: notifyListener: visible=true, connected=true, inetCondition=1, isDefault=true, wifiTestReported=true, receivedInetCondition=-1, hideDuringMobileSwitching=false
10-27 20:44:21.445  1187  1645 I SemWifiLinkQualityMonitor: Link Qos query: inf. ms / 0 Mbps
10-27 20:44:21.468  1737  1796 E IMGMapper: set:488 set: Unset optional value from type SMPTE2086
10-27 20:44:21.468  1737  1796 E IMGMapper: set:488 set: Unset optional value from type CTA861_3
10-27 20:44:21.475  1039  1039 I BufferQueueProducer: [StatusBar$_1737#534029](this:0xb400007a1f0ca838,id:-1,api:0,p:-1,c:1039) queueBuffer: fps=0.33 dur=3029.44 max=3029.44 min=3029.44
10-27 20:44:21.627  1187  1301 D InputDispatcher: Inject key (12015/2000): action=0, f=0x0, d=-1, time=2958779725000000
10-27 20:44:21.627  1187  1301 D WindowManager: interceptKeyTq keycode=4 interactive=true keyguardActive=false policyFlags=2b000000
10-27 20:44:21.627  1187  1301 D PhoneWindowManagerExt: interceptKeyTq code=4 down=true repeatCount=0 displayId=-1 interactive=true
10-27 20:44:21.628  1187  1301 D WindowManager: interceptKeyTq interceptKeyResult=4
10-27 20:44:21.628  1187  1534 D PowerManagerService: [api] userActivityFromNative :  (event: 1 flags: 0 displayId: 0) eventTime = 2958779725
10-27 20:44:21.629  1187  1534 D WindowManager: interceptKeyTi keyCode=4 down=true repeatCount=0 keyguardOn=false canceled=false
10-27 20:44:21.629  1187  1534 D PhoneWindowManagerExt: interceptKeyTi code=4 down=true repeatCount=0 displayId=-1 interactive=true
10-27 20:44:21.630  1187  1534 I InputDispatcher: Delivering key to (11845): B action: 0x0 (0), f=0x0, m=0x0, d=0, 'cff2187'
10-27 20:44:21.632 23351 23351 I HBD     : b skip onKeyDown as physical keyboard not connected 
10-27 20:44:21.633 23351 23351 I HBD     : HoneyBoardService onKeyDown r:637e86fa consumed:false 1 
10-27 20:44:21.635 11845 11845 I ViewRootImpl@bcc255f[MainActivity]: ViewPostIme key 0
10-27 20:44:21.636 11845 11845 D Activity: onKeyDown(KEYCODE_BACK)
10-27 20:44:21.637  1187  1301 D InputDispatcher: Inject key (12015/2000): action=1, f=0x0, d=-1, time=2958779725000000
10-27 20:44:21.637  1187  1301 D WindowManager: interceptKeyTq keycode=4 interactive=true keyguardActive=false policyFlags=2b000000
10-27 20:44:21.637  1187  1301 D PhoneWindowManagerExt: interceptKeyTq code=4 down=false repeatCount=0 displayId=-1 interactive=true
10-27 20:44:21.638  1187  1301 D WindowManager: interceptKeyTq interceptKeyResult=4
10-27 20:44:21.638  1187  1534 D WindowManager: interceptKeyTi keyCode=4 down=false repeatCount=0 keyguardOn=false canceled=false
10-27 20:44:21.639  1187  1534 D PhoneWindowManagerExt: interceptKeyTi code=4 down=false repeatCount=0 displayId=-1 interactive=true
10-27 20:44:21.639  1187  1534 I InputDispatcher: Delivering key to (11845): B action: 0x1 (0), f=0x0, m=0x0, d=0, 'cff2187'
10-27 20:44:21.642 23351 23351 I HBD     : HoneyBoardService onKeyUp r:bf5d6ddd consumed:false 2 
10-27 20:44:21.644 11845 11845 I ViewRootImpl@bcc255f[MainActivity]: ViewPostIme key 1
10-27 20:44:21.644 11845 11845 D Activity: onKeyUp(KEYCODE_BACK) isTracking()=true isCanceled()=false hasCallback=false
10-27 20:44:21.695 11845 11886 I ReactNativeJS: ---METRICS_JSON_START---
10-27 20:44:21.695 11845 11886 I ReactNativeJS: {
10-27 20:44:21.695 11845 11886 I ReactNativeJS:   "screenRenders": 10,
10-27 20:44:21.695 11845 11886 I ReactNativeJS:   "componentRenders": {
10-27 20:44:21.695 11845 11886 I ReactNativeJS:     "Loader": 2,
10-27 20:44:21.695 11845 11886 I ReactNativeJS:     "MovieDetailsPure": 8,
10-27 20:44:21.695 11845 11886 I ReactNativeJS:     "Poster": 8,
10-27 20:44:21.695 11845 11886 I ReactNativeJS:     "InfoBlock": 8,
10-27 20:44:21.695 11845 11886 I ReactNativeJS:     "RatingBlock": 8,
10-27 20:44:21.695 11845 11886 I ReactNativeJS:     "Overview": 8,
10-27 20:44:21.695 11845 11886 I ReactNativeJS:     "Genres": 8
10-27 20:44:21.695 11845 11886 I ReactNativeJS:   },
10-27 20:44:21.695 11845 11886 I ReactNativeJS:   "interactionEvents": [
10-27 20:44:21.695 11845 11886 I ReactNativeJS:     {
10-27 20:44:21.695 11845 11886 I ReactNativeJS:       "action": "toggle_favorite",
10-27 20:44:21.695 11845 11886 I ReactNativeJS:       "timestamp": 1761608650881
10-27 20:44:21.695 11845 11886 I ReactNativeJS:     },
10-27 20:44:21.695 11845 11886 I ReactNativeJS:     {
10-27 20:44:21.695 11845 11886 I ReactNativeJS:       "action": "set_rating_3",
10-27 20:44:21.695 11845 11886 I ReactNativeJS:       "timestamp": 1761608651983
10-27 20:44:21.695 11845 11886 I ReactNativeJS:     },
10-27 20:44:21.695 11845 11886 I ReactNativeJS:     {
10-27 20:44:21.695 11845 11886 I ReactNativeJS:       "action": "toggle_overview",
10-27 20:44:21.695 11845 11886 I ReactNativeJS:       "timestamp": 1761608653085
10-27 20:44:21.695 11845 11886 I ReactNativeJS:     },
10-27 20:44:21.695 11845 11886 I ReactNativeJS:     {
10-27 20:44:21.695 11845 11886 I ReactNativeJS:       "action": "component_unmounted_logged",
10-27 20:44:21.695 11845 11886 I ReactNativeJS:       "timestamp": 1761608654238
10-27 20:44:21.695 11845 11886 I ReactNativeJS:     },
10-27 20:44:21.695 11845 11886 I ReactNativeJS:     {
10-27 20:44:21.695 11845 11886 I ReactNativeJS:       "action": "toggle_favorite",
10-27 20:44:21.695 11845 11886 I ReactNativeJS:       "timestamp": 1761608658373
10-27 20:44:21.695 11845 11886 I ReactNativeJS:     },
10-27 20:44:21.695 11845 11886 I ReactNativeJS:     {
10-27 20:44:21.695 11845 11886 I ReactNativeJS:       "action": "set_rating_3",
10-27 20:44:21.695 11845 11886 I ReactNativeJS:       "timestamp": 1761608659468
10-27 20:44:21.695 11845 11886 I ReactNativeJS:     },
10-27 20:44:21.695 11845 11886 I ReactNativeJS:     {
10-27 20:44:21.695 11845 11886 I ReactNativeJS:       "action": "toggle_overview",
10-27 20:44:21.695 11845 11886 I ReactNativeJS:       "timestamp": 1761608660567
10-27 20:44:21.695 11845 11886 I ReactNativeJS:     },
10-27 20:44:21.695 11845 11886 I ReactNativeJS:     {
10-27 20:44:21.695 11845 11886 I ReactNativeJS:       "action": "component_unmounted_logged",
10-27 20:44:21.695 11845 11886 I ReactNativeJS:       "timestamp": 1761608661695
10-27 20:44:21.695 11845 11886 I ReactNativeJS:     }
10-27 20:44:21.695 11845 11886 I ReactNativeJS:   ]
10-27 20:44:21.695 11845 11886 I ReactNativeJS: }
10-27 20:44:21.695 11845 11886 I ReactNativeJS: ---METRICS_JSON_END---
10-27 20:44:21.743 11845 11879 E IMGMapper: set:488 set: Unset optional value from type SMPTE2086
10-27 20:44:21.743 11845 11879 E IMGMapper: set:488 set: Unset optional value from type CTA861_3
10-27 20:44:21.758  1039  1039 I BufferQueueProducer: [com.cinemamovel/com.cinemamovel.MainActivity$_11845#601688](this:0xb400007a1f634838,id:-1,api:0,p:-1,c:1039) queueBuffer: fps=14.38 dur=1181.84 max=882.10 min=16.05
10-27 20:44:21.760   991   991 I hwcomposer: [HWCDisplay] [Display_0 (type:1)] fps:15.232377,dur:1181.69,max:599.43,min:15.57  
10-27 20:44:21.809 11845 11879 E IMGMapper: set:488 set: Unset optional value from type SMPTE2086
10-27 20:44:21.809 11845 11879 E IMGMapper: set:488 set: Unset optional value from type CTA861_3
10-27 20:44:21.818 11845 11879 E IMGMapper: set:488 set: Unset optional value from type SMPTE2086
10-27 20:44:21.818 11845 11879 E IMGMapper: set:488 set: Unset optional value from type CTA861_3
10-27 20:44:21.834 11845 11879 E IMGMapper: set:488 set: Unset optional value from type SMPTE2086
10-27 20:44:21.834 11845 11879 E IMGMapper: set:488 set: Unset optional value from type CTA861_3
10-27 20:44:21.853 11845 11879 E IMGMapper: set:488 set: Unset optional value from type SMPTE2086
10-27 20:44:21.853 11845 11879 E IMGMapper: set:488 set: Unset optional value from type CTA861_3
10-27 20:44:21.878 11845 11879 E IMGMapper: set:488 set: Unset optional value from type SMPTE2086
10-27 20:44:21.878 11845 11879 E IMGMapper: set:488 set: Unset optional value from type CTA861_3
10-27 20:44:21.893 11845 11879 E IMGMapper: set:488 set: Unset optional value from type SMPTE2086
10-27 20:44:21.893 11845 11879 E IMGMapper: set:488 set: Unset optional value from type CTA861_3
10-27 20:44:21.907 11845 11879 E IMGMapper: set:488 set: Unset optional value from type SMPTE2086
10-27 20:44:21.908 11845 11879 E IMGMapper: set:488 set: Unset optional value from type CTA861_3
10-27 20:44:21.922 11845 11879 E IMGMapper: set:488 set: Unset optional value from type SMPTE2086
10-27 20:44:21.922 11845 11879 E IMGMapper: set:488 set: Unset optional value from type CTA861_3
10-27 20:44:21.938 11845 11879 E IMGMapper: set:488 set: Unset optional value from type SMPTE2086
10-27 20:44:21.939 11845 11879 E IMGMapper: set:488 set: Unset optional value from type CTA861_3
10-27 20:44:21.956 11845 11879 E IMGMapper: set:488 set: Unset optional value from type SMPTE2086
10-27 20:44:21.956 11845 11879 E IMGMapper: set:488 set: Unset optional value from type CTA861_3
10-27 20:44:21.972 11845 11879 E IMGMapper: set:488 set: Unset optional value from type SMPTE2086
10-27 20:44:21.972 11845 11879 E IMGMapper: set:488 set: Unset optional value from type CTA861_3
10-27 20:44:21.987 11845 11879 E IMGMapper: set:488 set: Unset optional value from type SMPTE2086
10-27 20:44:21.987 11845 11879 E IMGMapper: set:488 set: Unset optional value from type CTA861_3
10-27 20:44:22.005 11845 11879 E IMGMapper: set:488 set: Unset optional value from type SMPTE2086
10-27 20:44:22.005 11845 11879 E IMGMapper: set:488 set: Unset optional value from type CTA861_3
10-27 20:44:22.020 11845 11879 E IMGMapper: set:488 set: Unset optional value from type SMPTE2086
10-27 20:44:22.020 11845 11879 E IMGMapper: set:488 set: Unset optional value from type CTA861_3
10-27 20:44:22.038 11845 11879 E IMGMapper: set:488 set: Unset optional value from type SMPTE2086
10-27 20:44:22.038 11845 11879 E IMGMapper: set:488 set: Unset optional value from type CTA861_3
10-27 20:44:22.054 11845 11879 E IMGMapper: set:488 set: Unset optional value from type SMPTE2086
10-27 20:44:22.054 11845 11879 E IMGMapper: set:488 set: Unset optional value from type CTA861_3
10-27 20:44:22.070 11845 11879 E IMGMapper: set:488 set: Unset optional value from type SMPTE2086
10-27 20:44:22.070 11845 11879 E IMGMapper: set:488 set: Unset optional value from type CTA861_3
10-27 20:44:22.088 11845 11879 E IMGMapper: set:488 set: Unset optional value from type SMPTE2086
10-27 20:44:22.088 11845 11879 E IMGMapper: set:488 set: Unset optional value from type CTA861_3
10-27 20:44:22.104 11845 11879 E IMGMapper: set:488 set: Unset optional value from type SMPTE2086
10-27 20:44:22.104 11845 11879 E IMGMapper: set:488 set: Unset optional value from type CTA861_3
10-27 20:44:22.121 11845 11879 E IMGMapper: set:488 set: Unset optional value from type SMPTE2086
10-27 20:44:22.121 11845 11879 E IMGMapper: set:488 set: Unset optional value from type CTA861_3
10-27 20:44:22.138 11845 11879 E IMGMapper: set:488 set: Unset optional value from type SMPTE2086
10-27 20:44:22.138 11845 11879 E IMGMapper: set:488 set: Unset optional value from type CTA861_3
10-27 20:44:22.154 11845 11879 E IMGMapper: set:488 set: Unset optional value from type SMPTE2086
10-27 20:44:22.154 11845 11879 E IMGMapper: set:488 set: Unset optional value from type CTA861_3
10-27 20:44:22.172 11845 11879 E IMGMapper: set:488 set: Unset optional value from type SMPTE2086
10-27 20:44:22.172 11845 11879 E IMGMapper: set:488 set: Unset optional value from type CTA861_3
10-27 20:44:22.189 11845 11879 E IMGMapper: set:488 set: Unset optional value from type SMPTE2086
10-27 20:44:22.189 11845 11879 E IMGMapper: set:488 set: Unset optional value from type CTA861_3
10-27 20:44:22.204 11845 11879 E IMGMapper: set:488 set: Unset optional value from type SMPTE2086
10-27 20:44:22.204 11845 11879 E IMGMapper: set:488 set: Unset optional value from type CTA861_3
10-27 20:44:22.222 11845 11879 E IMGMapper: set:488 set: Unset optional value from type SMPTE2086
10-27 20:44:22.222 11845 11879 E IMGMapper: set:488 set: Unset optional value from type CTA861_3
10-27 20:44:22.238 11845 11879 E IMGMapper: set:488 set: Unset optional value from type SMPTE2086
10-27 20:44:22.238 11845 11879 E IMGMapper: set:488 set: Unset optional value from type CTA861_3
10-27 20:44:22.243   543   543 D io_stats: !@ 179,0 r 552742836 6683738850 w 96126721 1019489516 d 1259600 33790884 f 0 0 iot 277175436 0 th 0 0 0 pt 0 inp 0 0 2958780.341
10-27 20:44:22.255 11845 11879 E IMGMapper: set:488 set: Unset optional value from type SMPTE2086
10-27 20:44:22.255 11845 11879 E IMGMapper: set:488 set: Unset optional value from type CTA861_3
10-27 20:44:22.270 11845 11879 E IMGMapper: set:488 set: Unset optional value from type SMPTE2086
10-27 20:44:22.270 11845 11879 E IMGMapper: set:488 set: Unset optional value from type CTA861_3
10-27 20:44:22.287 11845 11879 E IMGMapper: set:488 set: Unset optional value from type SMPTE2086
10-27 20:44:22.288 11845 11879 E IMGMapper: set:488 set: Unset optional value from type CTA861_3
10-27 20:44:22.304 11845 11879 E IMGMapper: set:488 set: Unset optional value from type SMPTE2086
10-27 20:44:22.304 11845 11879 E IMGMapper: set:488 set: Unset optional value from type CTA861_3
10-27 20:44:22.755  1187  1486 D SensorService: [SO] -0.752 1.667 9.836
10-27 20:44:23.536  1187  1369 D PowerManagerService: UserActivityStateListenerState: 0
10-27 20:44:23.648  1737  1942 D MobileStatusTracker(0/2): onSignalStrengthsChanged level=4, vendorLevel=3
10-27 20:44:23.652  1737  1942 D MobileSignalController(0/2): notifyListener: enabled=true, connected=true, dataConnected=true, networkType=LTE (4G), emergencyOnly=false, roaming=false, isDefault=false, dataActivity=, level=3, ca=false, mmWave=false, disabledDataIcon=false, simCard=ETC
10-27 20:44:23.654  1737  1942 D NetworkController: SignalStrength from intent slotId=0
10-27 20:44:23.722  1187  2571 D InputDispatcher: Inject motion (12022/2000): action=0x0, time=2958781820000000, f=0x0, d=0 dsdx=1.000000 dtdx=0.000000
10-27 20:44:23.723  1187  1534 I InputDispatcher: Delivering touch to (1737): action: 0x4, f=0x0, d=0, 'd92b8ad', t=1 
10-27 20:44:23.723  1187  1534 I InputDispatcher: Delivering touch to (11845): action: 0x0, f=0x0, d=0, 'cff2187', t=1 
10-27 20:44:23.724  1187  1534 D PowerManagerService: [api] userActivityFromNative :  (event: 2 flags: 0 displayId: 0) eventTime = 2958781820
10-27 20:44:23.724 11845 11845 I ViewRootImpl@bcc255f[MainActivity]: ViewPostIme pointer 0
10-27 20:44:23.724  1187  1303 I GestureDetector: obtain mCurrentDownEvent. id: -81186899 caller: com.android.server.wm.SystemGesturesPointerEventListener.onPointerEvent:203 com.android.server.wm.PointerEventDispatcher.onInputEvent:53 android.view.InputEventReceiver.dispatchInputEvent:285 
10-27 20:44:23.725  1187  1303 I GestureDetector: obtain mCurrentDownEvent. id: -81186899 caller: com.android.server.wm.SystemPerformancePointerEventListener.onPointerEvent:89 com.android.server.wm.PointerEventDispatcher.onInputEvent:53 android.view.InputEventReceiver.dispatchInputEvent:285 
10-27 20:44:23.725  1187  1534 D PowerManagerService: UserActivityStateListenerState: 1
10-27 20:44:23.735  1187  2571 D InputDispatcher: Inject motion (12022/2000): action=0x1, time=2958781820000000, f=0x0, d=0 dsdx=1.000000 dtdx=0.000000
10-27 20:44:23.736  1187  1534 I InputDispatcher: Delivering touch to (11845): action: 0x1, f=0x0, d=0, 'cff2187', t=1 
10-27 20:44:23.736 11845 11845 I ViewRootImpl@bcc255f[MainActivity]: ViewPostIme pointer 1
10-27 20:44:23.736  1187  1303 I GestureDetector: obtain mCurrentMotionEventRaw. action: 1 id: -963927636
10-27 20:44:23.736  1187  1303 I GestureDetector: obtain mCurrentMotionEventRaw. action: 1 id: -963927636
10-27 20:44:23.843 11845 11845 W [RNScreens]: backTitleVisible prop is not available on Android
10-27 20:44:23.843 11845 11845 W [RNScreens]: backTitleFontFamily prop is not available on Android
10-27 20:44:23.843 11845 11845 W [RNScreens]: disableBackButtonMenu prop is not available on Android
10-27 20:44:23.843 11845 11845 W [RNScreens]: largeTitleFontFamily prop is not available on Android
10-27 20:44:23.843 11845 11845 W [RNScreens]: largeTitleFontWeight prop is not available on Android
10-27 20:44:23.843 11845 11845 W [RNScreens]: largeTitleHideShadow prop is not available on Android
10-27 20:44:23.868 11845 11879 E IMGMapper: set:488 set: Unset optional value from type SMPTE2086
10-27 20:44:23.869 11845 11879 E IMGMapper: set:488 set: Unset optional value from type CTA861_3
10-27 20:44:23.872  1039  1039 I BufferQueueProducer: [com.cinemamovel/com.cinemamovel.MainActivity$_11845#601688](this:0xb400007a1f634838,id:-1,api:0,p:-1,c:1039) queueBuffer: fps=15.14 dur=2113.73 max=1547.45 min=16.02
10-27 20:44:23.874   991   991 I hwcomposer: [HWCDisplay] [Display_0 (type:1)] fps:15.132723,dur:2114.62,max:1547.87,min:15.19  
10-27 20:44:23.905 11845 11879 E IMGMapper: set:488 set: Unset optional value from type SMPTE2086
10-27 20:44:23.906 11845 11879 E IMGMapper: set:488 set: Unset optional value from type CTA861_3
10-27 20:44:23.927 11845 11879 E IMGMapper: set:488 set: Unset optional value from type SMPTE2086
10-27 20:44:23.927 11845 11879 E IMGMapper: set:488 set: Unset optional value from type CTA861_3
10-27 20:44:23.944 11845 11879 E IMGMapper: set:488 set: Unset optional value from type SMPTE2086
10-27 20:44:23.944 11845 11879 E IMGMapper: set:488 set: Unset optional value from type CTA861_3
10-27 20:44:23.971 11845 11845 D ScrollView: initGoToTop
10-27 20:44:24.022 11845 11879 E IMGMapper: set:488 set: Unset optional value from type SMPTE2086
10-27 20:44:24.022 11845 11879 E IMGMapper: set:488 set: Unset optional value from type CTA861_3
10-27 20:44:24.024  1187  1303 I GestureDetector: handleMessage TAP
10-27 20:44:24.025  1187  1187 I GestureDetector: handleMessage TAP
10-27 20:44:24.037 11845 11879 E IMGMapper: set:488 set: Unset optional value from type SMPTE2086
10-27 20:44:24.037 11845 11879 E IMGMapper: set:488 set: Unset optional value from type CTA861_3
10-27 20:44:24.055 11845 11879 E IMGMapper: set:488 set: Unset optional value from type SMPTE2086
10-27 20:44:24.055 11845 11879 E IMGMapper: set:488 set: Unset optional value from type CTA861_3
10-27 20:44:24.071 11845 11879 E IMGMapper: set:488 set: Unset optional value from type SMPTE2086
10-27 20:44:24.071 11845 11879 E IMGMapper: set:488 set: Unset optional value from type CTA861_3
10-27 20:44:24.087 11845 11879 E IMGMapper: set:488 set: Unset optional value from type SMPTE2086
10-27 20:44:24.087 11845 11879 E IMGMapper: set:488 set: Unset optional value from type CTA861_3
10-27 20:44:24.103 11845 11879 E IMGMapper: set:488 set: Unset optional value from type SMPTE2086
10-27 20:44:24.104 11845 11879 E IMGMapper: set:488 set: Unset optional value from type CTA861_3
10-27 20:44:24.120 11845 11879 E IMGMapper: set:488 set: Unset optional value from type SMPTE2086
10-27 20:44:24.120 11845 11879 E IMGMapper: set:488 set: Unset optional value from type CTA861_3
10-27 20:44:24.136 11845 11879 E IMGMapper: set:488 set: Unset optional value from type SMPTE2086
10-27 20:44:24.136 11845 11879 E IMGMapper: set:488 set: Unset optional value from type CTA861_3
10-27 20:44:24.154 11845 11879 E IMGMapper: set:488 set: Unset optional value from type SMPTE2086
10-27 20:44:24.155 11845 11879 E IMGMapper: set:488 set: Unset optional value from type CTA861_3
10-27 20:44:24.171 11845 11879 E IMGMapper: set:488 set: Unset optional value from type SMPTE2086
10-27 20:44:24.171 11845 11879 E IMGMapper: set:488 set: Unset optional value from type CTA861_3
10-27 20:44:24.188 11845 11879 E IMGMapper: set:488 set: Unset optional value from type SMPTE2086
10-27 20:44:24.188 11845 11879 E IMGMapper: set:488 set: Unset optional value from type CTA861_3
10-27 20:44:24.205 11845 11879 E IMGMapper: set:488 set: Unset optional value from type SMPTE2086
10-27 20:44:24.205 11845 11879 E IMGMapper: set:488 set: Unset optional value from type CTA861_3
10-27 20:44:24.222 11845 11879 E IMGMapper: set:488 set: Unset optional value from type SMPTE2086
10-27 20:44:24.222 11845 11879 E IMGMapper: set:488 set: Unset optional value from type CTA861_3
10-27 20:44:24.239 11845 11879 E IMGMapper: set:488 set: Unset optional value from type SMPTE2086
10-27 20:44:24.239 11845 11879 E IMGMapper: set:488 set: Unset optional value from type CTA861_3
10-27 20:44:24.256 11845 11879 E IMGMapper: set:488 set: Unset optional value from type SMPTE2086
10-27 20:44:24.256 11845 11879 E IMGMapper: set:488 set: Unset optional value from type CTA861_3
10-27 20:44:24.272 11845 11879 E IMGMapper: set:488 set: Unset optional value from type SMPTE2086
10-27 20:44:24.272 11845 11879 E IMGMapper: set:488 set: Unset optional value from type CTA861_3
