11-06 12:01:02.686   896   910 I mtkpower_client: perf_lock_acq, hdl:0, dur:0, num:2, tid:910
11-06 12:01:02.686  1014  1065 I libPowerHal: [perfLockRel] hdl:1053459, idx:2
11-06 12:01:02.687  1014  1065 I libPowerHal: vendor.samsung.: cpu_ctrl set cpu freq: 1218000 -1 -1 -1
11-06 12:01:02.688   896   910 I mtkpower_client: ret_hdl:1053461
11-06 12:01:02.688   896   910 I mtkpower_client: perf_lock_rel, hdl:1053460, tid:910
11-06 12:01:02.688  1014  1065 I libPowerHal: [perfLockAcq] idx:1 hdl:1053461 hint:-1 pid:896 duration:0 lock_user:vendor.samsung. => ret_hdl:1053461
11-06 12:01:02.688  1014  1065 I libPowerHal: vendor.samsung.: cpu_ctrl set cpu freq: 1218000 -1 1138000 -1
11-06 12:01:02.689   896   910 I mtkpower_client: perf_lock_acq, hdl:0, dur:0, num:2, tid:910
11-06 12:01:02.689  1014  1065 I libPowerHal: [perfLockRel] hdl:1053460, idx:0
11-06 12:01:02.691  1014  1065 I libPowerHal: vendor.samsung.: cpu_ctrl set cpu freq: -1 -1 1138000 -1
11-06 12:01:02.692 17603 17621 E IMGMapper: set:488 set: Unset optional value from type SMPTE2086
11-06 12:01:02.693 17603 17621 E IMGMapper: set:488 set: Unset optional value from type CTA861_3
11-06 12:01:02.693   896   910 I mtkpower_client: ret_hdl:1053462
11-06 12:01:02.693  1014  1065 I libPowerHal: [perfLockAcq] idx:2 hdl:1053462 hint:-1 pid:896 duration:0 lock_user:vendor.samsung. => ret_hdl:1053462
11-06 12:01:02.693   896   910 I HYPER-HAL: [RequestManager.cpp]releaseLocked(): Released ID : 725427
11-06 12:01:02.693  1014  1065 I libPowerHal: vendor.samsung.: cpu_ctrl set cpu freq: 1218000 -1 1138000 -1
11-06 12:01:02.703 17603 17621 E IMGMapper: set:488 set: Unset optional value from type SMPTE2086
11-06 12:01:02.703 17603 17621 E IMGMapper: set:488 set: Unset optional value from type CTA861_3
11-06 12:01:02.722 17603 17621 E IMGMapper: set:488 set: Unset optional value from type SMPTE2086
11-06 12:01:02.722 17603 17621 E IMGMapper: set:488 set: Unset optional value from type CTA861_3
11-06 12:01:02.736 17603 17621 E IMGMapper: set:488 set: Unset optional value from type SMPTE2086
11-06 12:01:02.736 17603 17621 E IMGMapper: set:488 set: Unset optional value from type CTA861_3
11-06 12:01:02.751 17603 17621 E IMGMapper: set:488 set: Unset optional value from type SMPTE2086
11-06 12:01:02.751 17603 17621 E IMGMapper: set:488 set: Unset optional value from type CTA861_3
11-06 12:01:02.773 17603 17621 E IMGMapper: set:488 set: Unset optional value from type SMPTE2086
11-06 12:01:02.773 17603 17621 E IMGMapper: set:488 set: Unset optional value from type CTA861_3
11-06 12:01:02.786 17603 17621 E IMGMapper: set:488 set: Unset optional value from type SMPTE2086
11-06 12:01:02.786 17603 17621 E IMGMapper: set:488 set: Unset optional value from type CTA861_3
11-06 12:01:02.799 17603 17621 E IMGMapper: set:488 set: Unset optional value from type SMPTE2086
11-06 12:01:02.799 17603 17621 E IMGMapper: set:488 set: Unset optional value from type CTA861_3
11-06 12:01:02.815 17603 17621 E IMGMapper: set:488 set: Unset optional value from type SMPTE2086
11-06 12:01:02.815 17603 17621 E IMGMapper: set:488 set: Unset optional value from type CTA861_3
11-06 12:01:02.831 17603 17621 E IMGMapper: set:488 set: Unset optional value from type SMPTE2086
11-06 12:01:02.831 17603 17621 E IMGMapper: set:488 set: Unset optional value from type CTA861_3
11-06 12:01:02.847 17603 17621 E IMGMapper: set:488 set: Unset optional value from type SMPTE2086
11-06 12:01:02.847 17603 17621 E IMGMapper: set:488 set: Unset optional value from type CTA861_3
11-06 12:01:02.864 17603 17621 E IMGMapper: set:488 set: Unset optional value from type SMPTE2086
11-06 12:01:02.864 17603 17621 E IMGMapper: set:488 set: Unset optional value from type CTA861_3
11-06 12:01:02.884 17603 17621 E IMGMapper: set:488 set: Unset optional value from type SMPTE2086
11-06 12:01:02.884 17603 17621 E IMGMapper: set:488 set: Unset optional value from type CTA861_3
11-06 12:01:02.897 17603 17621 E IMGMapper: set:488 set: Unset optional value from type SMPTE2086
11-06 12:01:02.898 17603 17621 E IMGMapper: set:488 set: Unset optional value from type CTA861_3
11-06 12:01:02.915 17603 17621 E IMGMapper: set:488 set: Unset optional value from type SMPTE2086
11-06 12:01:02.915 17603 17621 E IMGMapper: set:488 set: Unset optional value from type CTA861_3
11-06 12:01:02.937 17603 17621 E IMGMapper: set:488 set: Unset optional value from type SMPTE2086
11-06 12:01:02.937 17603 17621 E IMGMapper: set:488 set: Unset optional value from type CTA861_3
11-06 12:01:02.949 17603 17621 E IMGMapper: set:488 set: Unset optional value from type SMPTE2086
11-06 12:01:02.950 17603 17621 E IMGMapper: set:488 set: Unset optional value from type CTA861_3
11-06 12:01:02.966 17603 17621 E IMGMapper: set:488 set: Unset optional value from type SMPTE2086
11-06 12:01:02.966 17603 17621 E IMGMapper: set:488 set: Unset optional value from type CTA861_3
11-06 12:01:02.974  1187  1792 D InputDispatcher: Inject motion (17793/2000): action=0x1, time=3428078283000000, f=0x0, d=0 dsdx=1.000000 dtdx=0.000000
11-06 12:01:02.974  1187  1534 I InputDispatcher: Delivering touch to (17603): action: 0x1, f=0x0, d=0, 'f1e935b', t=1 
11-06 12:01:02.975  1187  1187 I SemDvfsHyPerManager: acquire hyper - SMOOTH_SCROLL/1187@17, type = -999
11-06 12:01:02.976 17603 17603 I ViewRootImpl@706bef1[MainActivity]: ViewPostIme pointer 1
11-06 12:01:02.979  1187  1187 D SGM:GameManager: identifyGamePackage. com.cinemamovel, mCurrentUserId: 0, callerUserId: 0, callingMethodInfo: com.android.server.ssrm.fgapps.GameAppUtils.isGame(GameAppUtils.java:84)
11-06 12:01:02.979  1187  1187 D SGM:PkgDataHelper: getGamePkgData(). com.cinemamovel
11-06 12:01:02.980  1187  1187 I SemDvfsHyPerManager: acquire hyper - GESTURE_DETECTED/1187@18, type = -999
11-06 12:01:02.982 17603 17621 E IMGMapper: set:488 set: Unset optional value from type SMPTE2086
11-06 12:01:02.982 17603 17621 E IMGMapper: set:488 set: Unset optional value from type CTA861_3
11-06 12:01:02.982   896   910 I HYPER-HAL: [RequestManager.cpp]acquire(): Acquired ID : 725427  [1187 / 17]    HINT : SMOOTH_SCROLL    list : 
11-06 12:01:02.982  1187  1187 D SGM:GameManager: identifyGamePackage. com.cinemamovel, mCurrentUserId: 0, callerUserId: 0, callingMethodInfo: com.android.server.ssrm.fgapps.GameAppUtils.isGame(GameAppUtils.java:84)
11-06 12:01:02.983  1187  1187 D SGM:PkgDataHelper: getGamePkgData(). com.cinemamovel
11-06 12:01:02.983  1187  1187 I SemDvfsHyPerManager: acquire hyper - GESTURE_DETECTED/1187@18, type = -999
11-06 12:01:02.983  1187  1187 I SemDvfsHyPerManager: acquire hyper - SMOOTH_SCROLL/1187@17, type = -999
11-06 12:01:02.983   896   910 I mtkpower_client: perf_lock_rel, hdl:1053461, tid:910
11-06 12:01:02.983   896   910 I mtkpower_client: perf_lock_acq, hdl:0, dur:0, num:2, tid:910
11-06 12:01:02.984  1014  1065 I libPowerHal: [perfLockRel] hdl:1053461, idx:1
11-06 12:01:02.984  1014  1065 I libPowerHal: vendor.samsung.: cpu_ctrl set cpu freq: 1218000 -1 -1 -1
11-06 12:01:02.986   896   910 I mtkpower_client: ret_hdl:1053463
11-06 12:01:02.986   896   910 I mtkpower_client: perf_lock_rel, hdl:1053462, tid:910
11-06 12:01:02.986   896   910 I mtkpower_client: perf_lock_acq, hdl:0, dur:0, num:2, tid:910
11-06 12:01:02.987  1014  1065 I libPowerHal: [perfLockAcq] idx:0 hdl:1053463 hint:-1 pid:896 duration:0 lock_user:vendor.samsung. => ret_hdl:1053463
11-06 12:01:02.988  1014  1065 I libPowerHal: vendor.samsung.: cpu_ctrl set cpu freq: 1218000 -1 1138000 -1
11-06 12:01:02.989  1014  1065 I libPowerHal: [perfLockRel] hdl:1053462, idx:2
11-06 12:01:02.992  1014  1065 I libPowerHal: vendor.samsung.: cpu_ctrl set cpu freq: -1 -1 1138000 -1
11-06 12:01:02.993   896   910 I mtkpower_client: ret_hdl:1053464
11-06 12:01:02.993  1014  1065 I libPowerHal: [perfLockAcq] idx:1 hdl:1053464 hint:-1 pid:896 duration:0 lock_user:vendor.samsung. => ret_hdl:1053464
11-06 12:01:02.993   896   910 I mtkpower_client: perf_lock_rel, hdl:1053463, tid:910
11-06 12:01:02.994  1014  1065 I libPowerHal: vendor.samsung.: cpu_ctrl set cpu freq: 1218000 -1 1138000 -1
11-06 12:01:02.995   896   910 I mtkpower_client: perf_lock_acq, hdl:0, dur:0, num:2, tid:910
11-06 12:01:02.996  1014  1065 I libPowerHal: [perfLockRel] hdl:1053463, idx:0
11-06 12:01:02.996  1014  1065 I libPowerHal: vendor.samsung.: cpu_ctrl set cpu freq: 1218000 -1 -1 -1
11-06 12:01:02.998   896   910 I mtkpower_client: ret_hdl:1053465
11-06 12:01:02.998   896   910 I mtkpower_client: perf_lock_rel, hdl:1053464, tid:910
11-06 12:01:02.998  1014  1065 I libPowerHal: [perfLockAcq] idx:2 hdl:1053465 hint:-1 pid:896 duration:0 lock_user:vendor.samsung. => ret_hdl:1053465
11-06 12:01:02.998  1014  1065 I libPowerHal: vendor.samsung.: cpu_ctrl set cpu freq: 1218000 -1 1138000 -1
11-06 12:01:02.998   896   910 I mtkpower_client: perf_lock_acq, hdl:0, dur:0, num:2, tid:910
11-06 12:01:02.999  1014  1065 I libPowerHal: [perfLockRel] hdl:1053464, idx:1
11-06 12:01:02.999  1014  1065 I libPowerHal: vendor.samsung.: cpu_ctrl set cpu freq: -1 -1 1138000 -1
11-06 12:01:03.000   896   910 I mtkpower_client: ret_hdl:1053466
11-06 12:01:03.000  1014  1065 I libPowerHal: [perfLockAcq] idx:0 hdl:1053466 hint:-1 pid:896 duration:0 lock_user:vendor.samsung. => ret_hdl:1053466
11-06 12:01:03.000   896   910 I HYPER-HAL: [RequestManager.cpp]releaseLocked(): Released ID : 725427
11-06 12:01:03.000   896   910 I HYPER-HAL: [RequestManager.cpp]acquire(): Acquired ID : 726633  [1187 / 18]    HINT : GESTURE_DETECTED    list : [TIMEOUT / 1702] 
11-06 12:01:03.000   896   910 I HYPER-HAL: [RequestManager.cpp]acquire(): Acquired ID : 726633  [1187 / 18]    HINT : GESTURE_DETECTED    list : [TIMEOUT / 1702] 
11-06 12:01:03.000  1014  1065 I libPowerHal: vendor.samsung.: cpu_ctrl set cpu freq: 1218000 -1 1138000 -1
11-06 12:01:03.000   896   910 I HYPER-HAL: [RequestManager.cpp]acquire(): Acquired ID : 725427  [1187 / 17]    HINT : SMOOTH_SCROLL    list : 
11-06 12:01:03.001   896   910 I mtkpower_client: perf_lock_rel, hdl:1053465, tid:910
11-06 12:01:03.001   896   910 I mtkpower_client: perf_lock_acq, hdl:0, dur:0, num:2, tid:910
11-06 12:01:03.002  1014  1065 I libPowerHal: [perfLockRel] hdl:1053465, idx:2
11-06 12:01:03.003  1014  1065 I libPowerHal: vendor.samsung.: cpu_ctrl set cpu freq: 1218000 -1 -1 -1
11-06 12:01:03.003   896   910 I mtkpower_client: ret_hdl:1053467
11-06 12:01:03.004   896   910 I mtkpower_client: perf_lock_rel, hdl:1053466, tid:910
11-06 12:01:03.004   896   910 I mtkpower_client: perf_lock_acq, hdl:0, dur:0, num:2, tid:910
11-06 12:01:03.005   896   910 I mtkpower_client: ret_hdl:1053468
11-06 12:01:03.006  1014  1065 I libPowerHal: [perfLockAcq] idx:1 hdl:1053467 hint:-1 pid:896 duration:0 lock_user:vendor.samsung. => ret_hdl:1053467
11-06 12:01:03.006  1014  1065 I libPowerHal: vendor.samsung.: cpu_ctrl set cpu freq: 1218000 -1 1138000 -1
11-06 12:01:03.006 17603 17621 E IMGMapper: set:488 set: Unset optional value from type SMPTE2086
11-06 12:01:03.006 17603 17621 E IMGMapper: set:488 set: Unset optional value from type CTA861_3
11-06 12:01:03.007  1014  1065 I libPowerHal: [perfLockRel] hdl:1053466, idx:0
11-06 12:01:03.007  1014  1065 I libPowerHal: vendor.samsung.: cpu_ctrl set cpu freq: -1 -1 1138000 -1
11-06 12:01:03.008  1014  1065 I libPowerHal: [perfLockAcq] idx:2 hdl:1053468 hint:-1 pid:896 duration:0 lock_user:vendor.samsung. => ret_hdl:1053468
11-06 12:01:03.009  1014  1065 I libPowerHal: vendor.samsung.: cpu_ctrl set cpu freq: 1218000 -1 1138000 -1
11-06 12:01:03.022 17603 17621 E IMGMapper: set:488 set: Unset optional value from type SMPTE2086
11-06 12:01:03.022 17603 17621 E IMGMapper: set:488 set: Unset optional value from type CTA861_3
11-06 12:01:03.038 17603 17621 E IMGMapper: set:488 set: Unset optional value from type SMPTE2086
11-06 12:01:03.038 17603 17621 E IMGMapper: set:488 set: Unset optional value from type CTA861_3
11-06 12:01:03.064 17603 17621 E IMGMapper: set:488 set: Unset optional value from type SMPTE2086
11-06 12:01:03.064 17603 17621 E IMGMapper: set:488 set: Unset optional value from type CTA861_3
11-06 12:01:03.087 17603 17621 E IMGMapper: set:488 set: Unset optional value from type SMPTE2086
11-06 12:01:03.087 17603 17621 E IMGMapper: set:488 set: Unset optional value from type CTA861_3
11-06 12:01:03.098 17603 17621 E IMGMapper: set:488 set: Unset optional value from type SMPTE2086
11-06 12:01:03.098 17603 17621 E IMGMapper: set:488 set: Unset optional value from type CTA861_3
11-06 12:01:03.112 17603 17621 E IMGMapper: set:488 set: Unset optional value from type SMPTE2086
11-06 12:01:03.112 17603 17621 E IMGMapper: set:488 set: Unset optional value from type CTA861_3
11-06 12:01:03.138 17603 17621 E IMGMapper: set:488 set: Unset optional value from type SMPTE2086
11-06 12:01:03.138 17603 17621 E IMGMapper: set:488 set: Unset optional value from type CTA861_3
11-06 12:01:03.152 17603 17621 E IMGMapper: set:488 set: Unset optional value from type SMPTE2086
11-06 12:01:03.153 17603 17621 E IMGMapper: set:488 set: Unset optional value from type CTA861_3
11-06 12:01:03.164 17603 17621 E IMGMapper: set:488 set: Unset optional value from type SMPTE2086
11-06 12:01:03.165 17603 17621 E IMGMapper: set:488 set: Unset optional value from type CTA861_3
11-06 12:01:03.179 17603 17621 E IMGMapper: set:488 set: Unset optional value from type SMPTE2086
11-06 12:01:03.179 17603 17621 E IMGMapper: set:488 set: Unset optional value from type CTA861_3
11-06 12:01:03.197 17603 17621 E IMGMapper: set:488 set: Unset optional value from type SMPTE2086
11-06 12:01:03.197 17603 17621 E IMGMapper: set:488 set: Unset optional value from type CTA861_3
11-06 12:01:03.212 17603 17621 E IMGMapper: set:488 set: Unset optional value from type SMPTE2086
11-06 12:01:03.212 17603 17621 E IMGMapper: set:488 set: Unset optional value from type CTA861_3
11-06 12:01:03.230 17603 17621 E IMGMapper: set:488 set: Unset optional value from type SMPTE2086
11-06 12:01:03.230 17603 17621 E IMGMapper: set:488 set: Unset optional value from type CTA861_3
11-06 12:01:03.246 17603 17621 E IMGMapper: set:488 set: Unset optional value from type SMPTE2086
11-06 12:01:03.246 17603 17621 E IMGMapper: set:488 set: Unset optional value from type CTA861_3
11-06 12:01:03.263 17603 17621 E IMGMapper: set:488 set: Unset optional value from type SMPTE2086
11-06 12:01:03.264 17603 17621 E IMGMapper: set:488 set: Unset optional value from type CTA861_3
11-06 12:01:03.289 17603 17621 E IMGMapper: set:488 set: Unset optional value from type SMPTE2086
11-06 12:01:03.289 17603 17621 E IMGMapper: set:488 set: Unset optional value from type CTA861_3
11-06 12:01:03.307 17603 17621 E IMGMapper: set:488 set: Unset optional value from type SMPTE2086
11-06 12:01:03.308 17603 17621 E IMGMapper: set:488 set: Unset optional value from type CTA861_3
11-06 12:01:03.341 17603 17621 E IMGMapper: set:488 set: Unset optional value from type SMPTE2086
11-06 12:01:03.341 17603 17621 E IMGMapper: set:488 set: Unset optional value from type CTA861_3
11-06 12:01:03.348 17603 17621 E IMGMapper: set:488 set: Unset optional value from type SMPTE2086
11-06 12:01:03.348 17603 17621 E IMGMapper: set:488 set: Unset optional value from type CTA861_3
11-06 12:01:03.352  1039  1039 I BufferQueueProducer: [com.cinemamovel/com.cinemamovel.MainActivity$_17603#690630](this:0xb400007a1e951838,id:-1,api:0,p:-1,c:1039) queueBuffer: fps=58.14 dur=1031.96 max=33.56 min=15.78
11-06 12:01:03.354   991 11009 I hwcomposer: [HWCDisplay] [Display_0 (type:1)] fps:58.119621,dur:1032.35,max:34.41,min:15.43  
11-06 12:01:03.366 17603 17621 E IMGMapper: set:488 set: Unset optional value from type SMPTE2086
11-06 12:01:03.366 17603 17621 E IMGMapper: set:488 set: Unset optional value from type CTA861_3
11-06 12:01:03.382 17603 17621 E IMGMapper: set:488 set: Unset optional value from type SMPTE2086
11-06 12:01:03.382 17603 17621 E IMGMapper: set:488 set: Unset optional value from type CTA861_3
11-06 12:01:03.407 17603 17621 E IMGMapper: set:488 set: Unset optional value from type SMPTE2086
11-06 12:01:03.407 17603 17621 E IMGMapper: set:488 set: Unset optional value from type CTA861_3
11-06 12:01:03.424 17603 17621 E IMGMapper: set:488 set: Unset optional value from type SMPTE2086
11-06 12:01:03.424 17603 17621 E IMGMapper: set:488 set: Unset optional value from type CTA861_3
11-06 12:01:03.433 17603 17621 E IMGMapper: set:488 set: Unset optional value from type SMPTE2086
11-06 12:01:03.433 17603 17621 E IMGMapper: set:488 set: Unset optional value from type CTA861_3
11-06 12:01:03.447 17603 17621 E IMGMapper: set:488 set: Unset optional value from type SMPTE2086
11-06 12:01:03.447 17603 17621 E IMGMapper: set:488 set: Unset optional value from type CTA861_3
11-06 12:01:03.464 17603 17621 E IMGMapper: set:488 set: Unset optional value from type SMPTE2086
11-06 12:01:03.464 17603 17621 E IMGMapper: set:488 set: Unset optional value from type CTA861_3
11-06 12:01:03.481 17603 17621 E IMGMapper: set:488 set: Unset optional value from type SMPTE2086
11-06 12:01:03.481 17603 17621 E IMGMapper: set:488 set: Unset optional value from type CTA861_3
11-06 12:01:03.501 17603 17621 E IMGMapper: set:488 set: Unset optional value from type SMPTE2086
11-06 12:01:03.501 17603 17621 E IMGMapper: set:488 set: Unset optional value from type CTA861_3
11-06 12:01:03.515 17603 17621 E IMGMapper: set:488 set: Unset optional value from type SMPTE2086
11-06 12:01:03.515 17603 17621 E IMGMapper: set:488 set: Unset optional value from type CTA861_3
11-06 12:01:03.529 17603 17621 E IMGMapper: set:488 set: Unset optional value from type SMPTE2086
11-06 12:01:03.529 17603 17621 E IMGMapper: set:488 set: Unset optional value from type CTA861_3
11-06 12:01:03.546 17603 17621 E IMGMapper: set:488 set: Unset optional value from type SMPTE2086
11-06 12:01:03.546 17603 17621 E IMGMapper: set:488 set: Unset optional value from type CTA861_3
11-06 12:01:03.562 17603 17621 E IMGMapper: set:488 set: Unset optional value from type SMPTE2086
11-06 12:01:03.562 17603 17621 E IMGMapper: set:488 set: Unset optional value from type CTA861_3
11-06 12:01:03.564  1205  1205 I thermal_repeater: socket -1
11-06 12:01:03.590 17603 17621 E IMGMapper: set:488 set: Unset optional value from type SMPTE2086
11-06 12:01:03.590 17603 17621 E IMGMapper: set:488 set: Unset optional value from type CTA861_3
11-06 12:01:03.604 17603 17621 E IMGMapper: set:488 set: Unset optional value from type SMPTE2086
11-06 12:01:03.604 17603 17621 E IMGMapper: set:488 set: Unset optional value from type CTA861_3
11-06 12:01:03.645 17603 17621 E IMGMapper: set:488 set: Unset optional value from type SMPTE2086
11-06 12:01:03.645 17603 17621 E IMGMapper: set:488 set: Unset optional value from type CTA861_3
11-06 12:01:03.654 17603 17621 E IMGMapper: set:488 set: Unset optional value from type SMPTE2086
11-06 12:01:03.654 17603 17621 E IMGMapper: set:488 set: Unset optional value from type CTA861_3
11-06 12:01:03.675 17603 17621 E IMGMapper: set:488 set: Unset optional value from type SMPTE2086
11-06 12:01:03.675 17603 17621 E IMGMapper: set:488 set: Unset optional value from type CTA861_3
11-06 12:01:03.684 17603 17621 E IMGMapper: set:488 set: Unset optional value from type SMPTE2086
11-06 12:01:03.684 17603 17621 E IMGMapper: set:488 set: Unset optional value from type CTA861_3
11-06 12:01:03.693 20121 20121 D BoundBrokerSvc: onBind: Intent { act=com.google.android.gms.feedback.internal.IFeedbackService dat=chimera-action:/... cmp=com.google.android.gms/.chimera.GmsBoundBrokerService }
11-06 12:01:03.694 20121 20121 D BoundBrokerSvc: Loading bound service for intent: Intent { act=com.google.android.gms.feedback.internal.IFeedbackService dat=chimera-action:/... cmp=com.google.android.gms/.chimera.GmsBoundBrokerService }
11-06 12:01:03.695 17603 17621 E IMGMapper: set:488 set: Unset optional value from type SMPTE2086
11-06 12:01:03.695 17603 17621 E IMGMapper: set:488 set: Unset optional value from type CTA861_3
11-06 12:01:03.713 17603 17621 E IMGMapper: set:488 set: Unset optional value from type SMPTE2086
11-06 12:01:03.713 17603 17621 E IMGMapper: set:488 set: Unset optional value from type CTA861_3
11-06 12:01:03.729 17603 17621 E IMGMapper: set:488 set: Unset optional value from type SMPTE2086
11-06 12:01:03.729 17603 17621 E IMGMapper: set:488 set: Unset optional value from type CTA861_3
11-06 12:01:03.745 17603 17621 E IMGMapper: set:488 set: Unset optional value from type SMPTE2086
11-06 12:01:03.745 17603 17621 E IMGMapper: set:488 set: Unset optional value from type CTA861_3
11-06 12:01:03.762 17603 17621 E IMGMapper: set:488 set: Unset optional value from type SMPTE2086
11-06 12:01:03.762 17603 17621 E IMGMapper: set:488 set: Unset optional value from type CTA861_3
11-06 12:01:03.779 17603 17621 E IMGMapper: set:488 set: Unset optional value from type SMPTE2086
11-06 12:01:03.779 17603 17621 E IMGMapper: set:488 set: Unset optional value from type CTA861_3
11-06 12:01:03.796 17603 17621 E IMGMapper: set:488 set: Unset optional value from type SMPTE2086
11-06 12:01:03.796 17603 17621 E IMGMapper: set:488 set: Unset optional value from type CTA861_3
11-06 12:01:03.813 17603 17621 E IMGMapper: set:488 set: Unset optional value from type SMPTE2086
11-06 12:01:03.813 17603 17621 E IMGMapper: set:488 set: Unset optional value from type CTA861_3
11-06 12:01:03.835 17603 17621 E IMGMapper: set:488 set: Unset optional value from type SMPTE2086
11-06 12:01:03.835 17603 17621 E IMGMapper: set:488 set: Unset optional value from type CTA861_3
11-06 12:01:03.849 20222 20222 D BoundBrokerSvc: onUnbind: Intent { act=com.google.android.gms.libs.gmscorelogger.service.START dat=chimera-action:/... cmp=com.google.android.gms/.chimera.PersistentDirectBootAwareApiService }
11-06 12:01:03.851 17603 17621 E IMGMapper: set:488 set: Unset optional value from type SMPTE2086
11-06 12:01:03.851 17603 17621 E IMGMapper: set:488 set: Unset optional value from type CTA861_3
11-06 12:01:03.869 17603 17621 E IMGMapper: set:488 set: Unset optional value from type SMPTE2086
11-06 12:01:03.869 17603 17621 E IMGMapper: set:488 set: Unset optional value from type CTA861_3
11-06 12:01:03.883 17603 17621 E IMGMapper: set:488 set: Unset optional value from type SMPTE2086
11-06 12:01:03.883 17603 17621 E IMGMapper: set:488 set: Unset optional value from type CTA861_3
11-06 12:01:03.894 17603 17621 E IMGMapper: set:488 set: Unset optional value from type SMPTE2086
11-06 12:01:03.894 17603 17621 E IMGMapper: set:488 set: Unset optional value from type CTA861_3
11-06 12:01:03.924 17603 17621 E IMGMapper: set:488 set: Unset optional value from type SMPTE2086
11-06 12:01:03.924 17603 17621 E IMGMapper: set:488 set: Unset optional value from type CTA861_3
11-06 12:01:03.930 17603 17621 E IMGMapper: set:488 set: Unset optional value from type SMPTE2086
11-06 12:01:03.931 17603 17621 E IMGMapper: set:488 set: Unset optional value from type CTA861_3
11-06 12:01:03.952 17603 17621 E IMGMapper: set:488 set: Unset optional value from type SMPTE2086
11-06 12:01:03.952 17603 17621 E IMGMapper: set:488 set: Unset optional value from type CTA861_3
11-06 12:01:03.965 17603 17621 E IMGMapper: set:488 set: Unset optional value from type SMPTE2086
11-06 12:01:03.965 17603 17621 E IMGMapper: set:488 set: Unset optional value from type CTA861_3
11-06 12:01:03.981 17603 17621 E IMGMapper: set:488 set: Unset optional value from type SMPTE2086
11-06 12:01:03.981 17603 17621 E IMGMapper: set:488 set: Unset optional value from type CTA861_3
11-06 12:01:03.996 17603 17621 E IMGMapper: set:488 set: Unset optional value from type SMPTE2086
11-06 12:01:03.996 17603 17621 E IMGMapper: set:488 set: Unset optional value from type CTA861_3
11-06 12:01:04.013 17603 17621 E IMGMapper: set:488 set: Unset optional value from type SMPTE2086
11-06 12:01:04.013 17603 17621 E IMGMapper: set:488 set: Unset optional value from type CTA861_3
11-06 12:01:04.029 17603 17621 E IMGMapper: set:488 set: Unset optional value from type SMPTE2086
11-06 12:01:04.029 17603 17621 E IMGMapper: set:488 set: Unset optional value from type CTA861_3
11-06 12:01:04.047 17603 17621 E IMGMapper: set:488 set: Unset optional value from type SMPTE2086
11-06 12:01:04.047 17603 17621 E IMGMapper: set:488 set: Unset optional value from type CTA861_3
11-06 12:01:04.063 17603 17621 E IMGMapper: set:488 set: Unset optional value from type SMPTE2086
11-06 12:01:04.063 17603 17621 E IMGMapper: set:488 set: Unset optional value from type CTA861_3
11-06 12:01:04.080 17603 17621 E IMGMapper: set:488 set: Unset optional value from type SMPTE2086
11-06 12:01:04.080 17603 17621 E IMGMapper: set:488 set: Unset optional value from type CTA861_3
11-06 12:01:04.097 17603 17621 E IMGMapper: set:488 set: Unset optional value from type SMPTE2086
11-06 12:01:04.097 17603 17621 E IMGMapper: set:488 set: Unset optional value from type CTA861_3
11-06 12:01:04.113 17603 17621 E IMGMapper: set:488 set: Unset optional value from type SMPTE2086
11-06 12:01:04.113 17603 17621 E IMGMapper: set:488 set: Unset optional value from type CTA861_3
11-06 12:01:04.130 17603 17621 E IMGMapper: set:488 set: Unset optional value from type SMPTE2086
11-06 12:01:04.130 17603 17621 E IMGMapper: set:488 set: Unset optional value from type CTA861_3
11-06 12:01:04.146 17603 17621 E IMGMapper: set:488 set: Unset optional value from type SMPTE2086
11-06 12:01:04.147 17603 17621 E IMGMapper: set:488 set: Unset optional value from type CTA861_3
11-06 12:01:04.159  1693  1693 I WifiHAL : Get link layer stats
11-06 12:01:04.159  1693  1693 I WifiHAL : GetLinkStatsCommand::create
11-06 12:01:04.160  1693  1693 D android.hardware.wifi@1.0-service-lazy: WifiRequest::create vendor command to iface 38, vendor_id=0x1a11, subcmd=0x1200, res=0
11-06 12:01:04.160  1693  1693 I android.hardware.wifi@1.0-service-lazy: WifiCommand::requestResponse err=-95
11-06 12:01:04.160  1693  1693 I WifiHAL : wifi_get_link_stats: result=-3
11-06 12:01:04.160  1187  1566 E WifiVendorHal: getWifiLinkLayerStats_1_5_Internal(l.1179) failed {.code = ERROR_NOT_SUPPORTED, .description = }
11-06 12:01:04.164  1187 22074 D SemWifiUsabilityStatsMonitor: onWifiUsabilityStats - seqNum 110687, isSameBssidAndFreq true
11-06 12:01:04.165  1187  1645 I SemWifiLinkQualityMonitor: Link Qos query: inf. ms / 0 Mbps
11-06 12:01:04.166 17603 17621 E IMGMapper: set:488 set: Unset optional value from type SMPTE2086
11-06 12:01:04.166 17603 17621 E IMGMapper: set:488 set: Unset optional value from type CTA861_3
11-06 12:01:04.179 17603 17621 E IMGMapper: set:488 set: Unset optional value from type SMPTE2086
11-06 12:01:04.179 17603 17621 E IMGMapper: set:488 set: Unset optional value from type CTA861_3
11-06 12:01:04.202 17603 17621 E IMGMapper: set:488 set: Unset optional value from type SMPTE2086
11-06 12:01:04.203 17603 17621 E IMGMapper: set:488 set: Unset optional value from type CTA861_3
11-06 12:01:04.214 17603 17621 E IMGMapper: set:488 set: Unset optional value from type SMPTE2086
11-06 12:01:04.215 17603 17621 E IMGMapper: set:488 set: Unset optional value from type CTA861_3
11-06 12:01:04.231 17603 17621 E IMGMapper: set:488 set: Unset optional value from type SMPTE2086
11-06 12:01:04.231 17603 17621 E IMGMapper: set:488 set: Unset optional value from type CTA861_3
11-06 12:01:04.247 17603 17621 E IMGMapper: set:488 set: Unset optional value from type SMPTE2086
11-06 12:01:04.248 17603 17621 E IMGMapper: set:488 set: Unset optional value from type CTA861_3
11-06 12:01:04.263  1187  4544 D InputDispatcher: Inject motion (17806/2000): action=0x0, time=3428079572000000, f=0x0, d=0 dsdx=1.000000 dtdx=0.000000
11-06 12:01:04.263  1187  1534 I InputDispatcher: Delivering touch to (1737): action: 0x4, f=0x0, d=0, 'd92b8ad', t=1 
11-06 12:01:04.263  1187  1534 I InputDispatcher: Delivering touch to (17603): action: 0x0, f=0x0, d=0, 'f1e935b', t=1 
11-06 12:01:04.264  1187  1534 D PowerManagerService: [api] userActivityFromNative :  (event: 2 flags: 0 displayId: 0) eventTime = 3428079572
11-06 12:01:04.264 17603 17603 I ViewRootImpl@706bef1[MainActivity]: ViewPostIme pointer 0
11-06 12:01:04.264 17603 17621 E IMGMapper: set:488 set: Unset optional value from type SMPTE2086
11-06 12:01:04.264 17603 17621 E IMGMapper: set:488 set: Unset optional value from type CTA861_3
11-06 12:01:04.266  1187  1303 I GestureDetector: obtain mCurrentDownEvent. id: -1019222801 caller: com.android.server.wm.SystemGesturesPointerEventListener.onPointerEvent:203 com.android.server.wm.PointerEventDispatcher.onInputEvent:53 android.view.InputEventReceiver.dispatchInputEvent:285 
11-06 12:01:04.266  1187  1303 I GestureDetector: obtain mCurrentDownEvent. id: -1019222801 caller: com.android.server.wm.SystemPerformancePointerEventListener.onPointerEvent:89 com.android.server.wm.PointerEventDispatcher.onInputEvent:53 android.view.InputEventReceiver.dispatchInputEvent:285 
11-06 12:01:04.275  1187  1303 I GestureDetector: obtain mCurrentMotionEventRaw. action: 2 id: -967764596
11-06 12:01:04.275  1187  1303 I GestureDetector: obtain mCurrentMotionEventRaw. action: 2 id: -967764596
11-06 12:01:04.280   896   910 I mtkpower_client: perf_lock_rel, hdl:1053467, tid:910
11-06 12:01:04.281  1014  1065 I libPowerHal: [perfLockRel] hdl:1053467, idx:1
11-06 12:01:04.282   896   910 I mtkpower_client: perf_lock_acq, hdl:0, dur:0, num:2, tid:910
11-06 12:01:04.282  1014  1065 I libPowerHal: vendor.samsung.: cpu_ctrl set cpu freq: 1218000 -1 -1 -1
11-06 12:01:04.283   896   910 I mtkpower_client: ret_hdl:1053469
11-06 12:01:04.283   896   910 I mtkpower_client: perf_lock_rel, hdl:1053468, tid:910
11-06 12:01:04.283  1014  1065 I libPowerHal: [perfLockAcq] idx:0 hdl:1053469 hint:-1 pid:896 duration:0 lock_user:vendor.samsung. => ret_hdl:1053469
11-06 12:01:04.284  1014  1065 I libPowerHal: vendor.samsung.: cpu_ctrl set cpu freq: 1218000 -1 1138000 -1
11-06 12:01:04.284   896   910 I mtkpower_client: perf_lock_acq, hdl:0, dur:0, num:2, tid:910
11-06 12:01:04.285 17603 17621 E IMGMapper: set:488 set: Unset optional value from type SMPTE2086
11-06 12:01:04.285 17603 17621 E IMGMapper: set:488 set: Unset optional value from type CTA861_3
11-06 12:01:04.286  1014  1065 I libPowerHal: [perfLockRel] hdl:1053468, idx:2
11-06 12:01:04.286  1014  1065 I libPowerHal: vendor.samsung.: cpu_ctrl set cpu freq: -1 -1 1138000 -1
11-06 12:01:04.287   896   910 I mtkpower_client: ret_hdl:1053470
11-06 12:01:04.287   896   910 I HYPER-HAL: [RequestManager.cpp]releaseLocked(): Released ID : 725427
11-06 12:01:04.288  1014  1065 I libPowerHal: [perfLockAcq] idx:1 hdl:1053470 hint:-1 pid:896 duration:0 lock_user:vendor.samsung. => ret_hdl:1053470
11-06 12:01:04.288  1014  1065 I libPowerHal: vendor.samsung.: cpu_ctrl set cpu freq: 1218000 -1 1138000 -1
11-06 12:01:04.305 17603 17621 E IMGMapper: set:488 set: Unset optional value from type SMPTE2086
11-06 12:01:04.305 17603 17621 E IMGMapper: set:488 set: Unset optional value from type CTA861_3
11-06 12:01:04.315 17603 17621 E IMGMapper: set:488 set: Unset optional value from type SMPTE2086
11-06 12:01:04.315 17603 17621 E IMGMapper: set:488 set: Unset optional value from type CTA861_3
11-06 12:01:04.331 17603 17621 E IMGMapper: set:488 set: Unset optional value from type SMPTE2086
11-06 12:01:04.331 17603 17621 E IMGMapper: set:488 set: Unset optional value from type CTA861_3
11-06 12:01:04.347 17603 17621 E IMGMapper: set:488 set: Unset optional value from type SMPTE2086
11-06 12:01:04.347 17603 17621 E IMGMapper: set:488 set: Unset optional value from type CTA861_3
11-06 12:01:04.366 17603 17621 E IMGMapper: set:488 set: Unset optional value from type SMPTE2086
11-06 12:01:04.366 17603 17621 E IMGMapper: set:488 set: Unset optional value from type CTA861_3
11-06 12:01:04.368  1039  1039 I BufferQueueProducer: [com.cinemamovel/com.cinemamovel.MainActivity$_17603#690630](this:0xb400007a1e951838,id:-1,api:0,p:-1,c:1039) queueBuffer: fps=59.07 dur=1015.72 max=33.61 min=16.28
11-06 12:01:04.370   991 11009 I hwcomposer: [HWCDisplay] [Display_0 (type:1)] fps:59.084053,dur:1015.50,max:33.80,min:15.42  
11-06 12:01:04.382 17603 17621 E IMGMapper: set:488 set: Unset optional value from type SMPTE2086
11-06 12:01:04.383 17603 17621 E IMGMapper: set:488 set: Unset optional value from type CTA861_3
11-06 12:01:04.398 17603 17621 E IMGMapper: set:488 set: Unset optional value from type SMPTE2086
11-06 12:01:04.398 17603 17621 E IMGMapper: set:488 set: Unset optional value from type CTA861_3
11-06 12:01:04.423 17603 17621 E IMGMapper: set:488 set: Unset optional value from type SMPTE2086
11-06 12:01:04.424 17603 17621 E IMGMapper: set:488 set: Unset optional value from type CTA861_3
11-06 12:01:04.433 17603 17621 E IMGMapper: set:488 set: Unset optional value from type SMPTE2086
11-06 12:01:04.433 17603 17621 E IMGMapper: set:488 set: Unset optional value from type CTA861_3
11-06 12:01:04.449 17603 17621 E IMGMapper: set:488 set: Unset optional value from type SMPTE2086
11-06 12:01:04.449 17603 17621 E IMGMapper: set:488 set: Unset optional value from type CTA861_3
11-06 12:01:04.468 17603 17621 E IMGMapper: set:488 set: Unset optional value from type SMPTE2086
11-06 12:01:04.468 17603 17621 E IMGMapper: set:488 set: Unset optional value from type CTA861_3
11-06 12:01:04.480 17603 17621 E IMGMapper: set:488 set: Unset optional value from type SMPTE2086
11-06 12:01:04.480 17603 17621 E IMGMapper: set:488 set: Unset optional value from type CTA861_3
11-06 12:01:04.495 17603 17621 E IMGMapper: set:488 set: Unset optional value from type SMPTE2086
11-06 12:01:04.496 17603 17621 E IMGMapper: set:488 set: Unset optional value from type CTA861_3
11-06 12:01:04.515 17603 17621 E IMGMapper: set:488 set: Unset optional value from type SMPTE2086
11-06 12:01:04.515 17603 17621 E IMGMapper: set:488 set: Unset optional value from type CTA861_3
11-06 12:01:04.530 17603 17621 E IMGMapper: set:488 set: Unset optional value from type SMPTE2086
11-06 12:01:04.530 17603 17621 E IMGMapper: set:488 set: Unset optional value from type CTA861_3
11-06 12:01:04.547 17603 17621 E IMGMapper: set:488 set: Unset optional value from type SMPTE2086
11-06 12:01:04.547 17603 17621 E IMGMapper: set:488 set: Unset optional value from type CTA861_3
11-06 12:01:04.562 17603 17621 E IMGMapper: set:488 set: Unset optional value from type SMPTE2086
11-06 12:01:04.562 17603 17621 E IMGMapper: set:488 set: Unset optional value from type CTA861_3
11-06 12:01:04.572  1187  4544 D InputDispatcher: Inject motion (17806/2000): action=0x1, time=3428079881000000, f=0x0, d=0 dsdx=1.000000 dtdx=0.000000
11-06 12:01:04.572  1187  1534 I InputDispatcher: Delivering touch to (17603): action: 0x1, f=0x0, d=0, 'f1e935b', t=1 
11-06 12:01:04.573  1187  1187 I SemDvfsHyPerManager: acquire hyper - SMOOTH_SCROLL/1187@17, type = -999
11-06 12:01:04.574   896   910 I HYPER-HAL: [RequestManager.cpp]acquire(): Acquired ID : 725427  [1187 / 17]    HINT : SMOOTH_SCROLL    list : 
11-06 12:01:04.574   896   910 I mtkpower_client: perf_lock_rel, hdl:1053469, tid:910
11-06 12:01:04.575 17603 17603 I ViewRootImpl@706bef1[MainActivity]: ViewPostIme pointer 1
11-06 12:01:04.575  1014  1065 I libPowerHal: [perfLockRel] hdl:1053469, idx:0
11-06 12:01:04.576  1014  1065 I libPowerHal: vendor.samsung.: cpu_ctrl set cpu freq: 1218000 -1 -1 -1
11-06 12:01:04.578  1187  1187 D SGM:GameManager: identifyGamePackage. com.cinemamovel, mCurrentUserId: 0, callerUserId: 0, callingMethodInfo: com.android.server.ssrm.fgapps.GameAppUtils.isGame(GameAppUtils.java:84)
11-06 12:01:04.578  1187  1187 D SGM:PkgDataHelper: getGamePkgData(). com.cinemamovel
11-06 12:01:04.578  1187  1187 I SemDvfsHyPerManager: acquire hyper - GESTURE_DETECTED/1187@18, type = -999
11-06 12:01:04.579   896   910 I mtkpower_client: perf_lock_acq, hdl:0, dur:0, num:2, tid:910
11-06 12:01:04.580  1014  1065 I libPowerHal: [perfLockAcq] idx:0 hdl:1053471 hint:-1 pid:896 duration:0 lock_user:vendor.samsung. => ret_hdl:1053471
11-06 12:01:04.580  1014  1065 I libPowerHal: vendor.samsung.: cpu_ctrl set cpu freq: 1218000 -1 1138000 -1
11-06 12:01:04.580   896   910 I mtkpower_client: ret_hdl:1053471
11-06 12:01:04.580   896   910 I mtkpower_client: perf_lock_rel, hdl:1053470, tid:910
11-06 12:01:04.581  1014  1065 I libPowerHal: [perfLockRel] hdl:1053470, idx:1
11-06 12:01:04.581  1014  1065 I libPowerHal: vendor.samsung.: cpu_ctrl set cpu freq: -1 -1 1138000 -1
11-06 12:01:04.581 17603 17621 E IMGMapper: set:488 set: Unset optional value from type SMPTE2086
11-06 12:01:04.581 17603 17621 E IMGMapper: set:488 set: Unset optional value from type CTA861_3
11-06 12:01:04.582   896   910 I mtkpower_client: perf_lock_acq, hdl:0, dur:0, num:2, tid:910
11-06 12:01:04.583   896   910 I mtkpower_client: ret_hdl:1053472
11-06 12:01:04.583   896   910 I mtkpower_client: perf_lock_rel, hdl:1053471, tid:910
11-06 12:01:04.583  1187  1187 D SGM:GameManager: identifyGamePackage. com.cinemamovel, mCurrentUserId: 0, callerUserId: 0, callingMethodInfo: com.android.server.ssrm.fgapps.GameAppUtils.isGame(GameAppUtils.java:84)
11-06 12:01:04.583  1187  1187 D SGM:PkgDataHelper: getGamePkgData(). com.cinemamovel
11-06 12:01:04.584  1187  1187 I SemDvfsHyPerManager: acquire hyper - GESTURE_DETECTED/1187@18, type = -999
11-06 12:01:04.584  1187  1187 I SemDvfsHyPerManager: acquire hyper - SMOOTH_SCROLL/1187@17, type = -999
11-06 12:01:04.584  1014  1065 I libPowerHal: [perfLockAcq] idx:1 hdl:1053472 hint:-1 pid:896 duration:0 lock_user:vendor.samsung. => ret_hdl:1053472
11-06 12:01:04.585  1014  1065 I libPowerHal: vendor.samsung.: cpu_ctrl set cpu freq: 1218000 -1 1138000 -1
11-06 12:01:04.585   896   910 I mtkpower_client: perf_lock_acq, hdl:0, dur:0, num:2, tid:910
11-06 12:01:04.586  1014  1065 I libPowerHal: [perfLockRel] hdl:1053471, idx:0
11-06 12:01:04.586  1014  1065 I libPowerHal: vendor.samsung.: cpu_ctrl set cpu freq: 1218000 -1 -1 -1
11-06 12:01:04.587   896   910 I mtkpower_client: ret_hdl:1053473
11-06 12:01:04.587   896   910 I mtkpower_client: perf_lock_rel, hdl:1053472, tid:910
11-06 12:01:04.588  1014  1065 I libPowerHal: [perfLockAcq] idx:0 hdl:1053473 hint:-1 pid:896 duration:0 lock_user:vendor.samsung. => ret_hdl:1053473
11-06 12:01:04.588  1014  1065 I libPowerHal: vendor.samsung.: cpu_ctrl set cpu freq: 1218000 -1 1138000 -1
11-06 12:01:04.589  1014  1065 I libPowerHal: [perfLockRel] hdl:1053472, idx:1
11-06 12:01:04.589   896   910 I mtkpower_client: perf_lock_acq, hdl:0, dur:0, num:2, tid:910
11-06 12:01:04.589  1014  1065 I libPowerHal: vendor.samsung.: cpu_ctrl set cpu freq: -1 -1 1138000 -1
11-06 12:01:04.590   896   910 I mtkpower_client: ret_hdl:1053474
11-06 12:01:04.590   896   910 I HYPER-HAL: [RequestManager.cpp]releaseLocked(): Released ID : 725427
11-06 12:01:04.590  1014  1065 I libPowerHal: [perfLockAcq] idx:1 hdl:1053474 hint:-1 pid:896 duration:0 lock_user:vendor.samsung. => ret_hdl:1053474
11-06 12:01:04.590   896   910 I HYPER-HAL: [RequestManager.cpp]acquire(): Acquired ID : 726633  [1187 / 18]    HINT : GESTURE_DETECTED    list : [TIMEOUT / 1702] 
11-06 12:01:04.590   896   910 I HYPER-HAL: [RequestManager.cpp]acquire(): Acquired ID : 726633  [1187 / 18]    HINT : GESTURE_DETECTED    list : [TIMEOUT / 1702] 
11-06 12:01:04.590   896   910 I HYPER-HAL: [RequestManager.cpp]acquire(): Acquired ID : 725427  [1187 / 17]    HINT : SMOOTH_SCROLL    list : 
11-06 12:01:04.590  1014  1065 I libPowerHal: vendor.samsung.: cpu_ctrl set cpu freq: 1218000 -1 1138000 -1
11-06 12:01:04.590   896   910 I mtkpower_client: perf_lock_rel, hdl:1053473, tid:910
11-06 12:01:04.591   896   910 I mtkpower_client: perf_lock_acq, hdl:0, dur:0, num:2, tid:910
11-06 12:01:04.591  1014  1065 I libPowerHal: [perfLockRel] hdl:1053473, idx:0
11-06 12:01:04.591  1014  1065 I libPowerHal: vendor.samsung.: cpu_ctrl set cpu freq: 1218000 -1 -1 -1
11-06 12:01:04.593   896   910 I mtkpower_client: ret_hdl:1053475
11-06 12:01:04.593   896   910 I mtkpower_client: perf_lock_rel, hdl:1053474, tid:910
11-06 12:01:04.593  1014  1065 I libPowerHal: [perfLockAcq] idx:2 hdl:1053475 hint:-1 pid:896 duration:0 lock_user:vendor.samsung. => ret_hdl:1053475
11-06 12:01:04.593  1014  1065 I libPowerHal: vendor.samsung.: cpu_ctrl set cpu freq: 1218000 -1 1138000 -1
11-06 12:01:04.594   896   910 I mtkpower_client: perf_lock_acq, hdl:0, dur:0, num:2, tid:910
11-06 12:01:04.594  1014  1065 I libPowerHal: [perfLockRel] hdl:1053474, idx:1
11-06 12:01:04.594  1014  1065 I libPowerHal: vendor.samsung.: cpu_ctrl set cpu freq: -1 -1 1138000 -1
11-06 12:01:04.595   896   910 I mtkpower_client: ret_hdl:1053476
11-06 12:01:04.595  1014  1065 I libPowerHal: [perfLockAcq] idx:0 hdl:1053476 hint:-1 pid:896 duration:0 lock_user:vendor.samsung. => ret_hdl:1053476
11-06 12:01:04.595  1014  1065 I libPowerHal: vendor.samsung.: cpu_ctrl set cpu freq: 1218000 -1 1138000 -1
11-06 12:01:04.597 17603 17621 E IMGMapper: set:488 set: Unset optional value from type SMPTE2086
11-06 12:01:04.597 17603 17621 E IMGMapper: set:488 set: Unset optional value from type CTA861_3
11-06 12:01:04.618 17603 17621 E IMGMapper: set:488 set: Unset optional value from type SMPTE2086
11-06 12:01:04.618 17603 17621 E IMGMapper: set:488 set: Unset optional value from type CTA861_3
11-06 12:01:04.626   543   543 D io_stats: !@ 179,0 r 632717420 7638282466 w 114756939 1217336440 d 1261428 33798216 f 0 0 iot 326189452 0 th 0 0 0 pt 0 inp 0 0 3428079.935
11-06 12:01:04.636 17603 17621 E IMGMapper: set:488 set: Unset optional value from type SMPTE2086
11-06 12:01:04.637 17603 17621 E IMGMapper: set:488 set: Unset optional value from type CTA861_3
11-06 12:01:04.667 17603 17621 E IMGMapper: set:488 set: Unset optional value from type SMPTE2086
11-06 12:01:04.667 17603 17621 E IMGMapper: set:488 set: Unset optional value from type CTA861_3
11-06 12:01:04.679  1737  1942 D MobileStatusTracker(0/2): onSignalStrengthsChanged level=4, vendorLevel=3
11-06 12:01:04.682  1737  1942 D MobileSignalController(0/2): notifyListener: enabled=true, connected=true, dataConnected=true, networkType=LTE (4G), emergencyOnly=false, roaming=false, isDefault=false, dataActivity=, level=3, ca=false, mmWave=false, disabledDataIcon=false, simCard=ETC
11-06 12:01:04.682  1737  1942 D NetworkController: SignalStrength from intent slotId=0
11-06 12:01:04.684 17603 17621 E IMGMapper: set:488 set: Unset optional value from type SMPTE2086
11-06 12:01:04.684 17603 17621 E IMGMapper: set:488 set: Unset optional value from type CTA861_3
11-06 12:01:04.696 17603 17621 E IMGMapper: set:488 set: Unset optional value from type SMPTE2086
11-06 12:01:04.697 17603 17621 E IMGMapper: set:488 set: Unset optional value from type CTA861_3
11-06 12:01:04.711 17603 17621 E IMGMapper: set:488 set: Unset optional value from type SMPTE2086
11-06 12:01:04.711 17603 17621 E IMGMapper: set:488 set: Unset optional value from type CTA861_3
11-06 12:01:04.727 17603 17621 E IMGMapper: set:488 set: Unset optional value from type SMPTE2086
11-06 12:01:04.727 17603 17621 E IMGMapper: set:488 set: Unset optional value from type CTA861_3
11-06 12:01:04.744 17603 17621 E IMGMapper: set:488 set: Unset optional value from type SMPTE2086
11-06 12:01:04.744 17603 17621 E IMGMapper: set:488 set: Unset optional value from type CTA861_3
11-06 12:01:04.761 17603 17621 E IMGMapper: set:488 set: Unset optional value from type SMPTE2086
11-06 12:01:04.761 17603 17621 E IMGMapper: set:488 set: Unset optional value from type CTA861_3
11-06 12:01:04.777 17603 17621 E IMGMapper: set:488 set: Unset optional value from type SMPTE2086
11-06 12:01:04.777 17603 17621 E IMGMapper: set:488 set: Unset optional value from type CTA861_3
11-06 12:01:04.794 17603 17621 E IMGMapper: set:488 set: Unset optional value from type SMPTE2086
11-06 12:01:04.794 17603 17621 E IMGMapper: set:488 set: Unset optional value from type CTA861_3
11-06 12:01:04.813 17603 17621 E IMGMapper: set:488 set: Unset optional value from type SMPTE2086
11-06 12:01:04.814 17603 17621 E IMGMapper: set:488 set: Unset optional value from type CTA861_3
11-06 12:01:04.837 17603 17621 E IMGMapper: set:488 set: Unset optional value from type SMPTE2086
11-06 12:01:04.838 17603 17621 E IMGMapper: set:488 set: Unset optional value from type CTA861_3
11-06 12:01:04.854 17603 17621 E IMGMapper: set:488 set: Unset optional value from type SMPTE2086
11-06 12:01:04.854 17603 17621 E IMGMapper: set:488 set: Unset optional value from type CTA861_3
11-06 12:01:04.894 17603 17621 E IMGMapper: set:488 set: Unset optional value from type SMPTE2086
11-06 12:01:04.894 17603 17621 E IMGMapper: set:488 set: Unset optional value from type CTA861_3
11-06 12:01:04.919 17603 17621 E IMGMapper: set:488 set: Unset optional value from type SMPTE2086
11-06 12:01:04.919 17603 17621 E IMGMapper: set:488 set: Unset optional value from type CTA861_3
11-06 12:01:04.932 17603 17621 E IMGMapper: set:488 set: Unset optional value from type SMPTE2086
11-06 12:01:04.933 17603 17621 E IMGMapper: set:488 set: Unset optional value from type CTA861_3
11-06 12:01:04.946 17603 17621 E IMGMapper: set:488 set: Unset optional value from type SMPTE2086
11-06 12:01:04.946 17603 17621 E IMGMapper: set:488 set: Unset optional value from type CTA861_3
11-06 12:01:04.960 17603 17621 E IMGMapper: set:488 set: Unset optional value from type SMPTE2086
11-06 12:01:04.960 17603 17621 E IMGMapper: set:488 set: Unset optional value from type CTA861_3
11-06 12:01:04.979 17603 17621 E IMGMapper: set:488 set: Unset optional value from type SMPTE2086
11-06 12:01:04.980 17603 17621 E IMGMapper: set:488 set: Unset optional value from type CTA861_3
11-06 12:01:04.994 17603 17621 E IMGMapper: set:488 set: Unset optional value from type SMPTE2086
11-06 12:01:04.994 17603 17621 E IMGMapper: set:488 set: Unset optional value from type CTA861_3
11-06 12:01:05.011 17603 17621 E IMGMapper: set:488 set: Unset optional value from type SMPTE2086
11-06 12:01:05.011 17603 17621 E IMGMapper: set:488 set: Unset optional value from type CTA861_3
11-06 12:01:05.028 17603 17621 E IMGMapper: set:488 set: Unset optional value from type SMPTE2086
11-06 12:01:05.028 17603 17621 E IMGMapper: set:488 set: Unset optional value from type CTA861_3
11-06 12:01:05.044 17603 17621 E IMGMapper: set:488 set: Unset optional value from type SMPTE2086
11-06 12:01:05.044 17603 17621 E IMGMapper: set:488 set: Unset optional value from type CTA861_3
11-06 12:01:05.060 17603 17621 E IMGMapper: set:488 set: Unset optional value from type SMPTE2086
11-06 12:01:05.060 17603 17621 E IMGMapper: set:488 set: Unset optional value from type CTA861_3
11-06 12:01:05.077 17603 17621 E IMGMapper: set:488 set: Unset optional value from type SMPTE2086
11-06 12:01:05.077 17603 17621 E IMGMapper: set:488 set: Unset optional value from type CTA861_3
11-06 12:01:05.094 17603 17621 E IMGMapper: set:488 set: Unset optional value from type SMPTE2086
11-06 12:01:05.094 17603 17621 E IMGMapper: set:488 set: Unset optional value from type CTA861_3
11-06 12:01:05.111 17603 17621 E IMGMapper: set:488 set: Unset optional value from type SMPTE2086
11-06 12:01:05.111 17603 17621 E IMGMapper: set:488 set: Unset optional value from type CTA861_3
11-06 12:01:05.136 17603 17621 E IMGMapper: set:488 set: Unset optional value from type SMPTE2086
11-06 12:01:05.136 17603 17621 E IMGMapper: set:488 set: Unset optional value from type CTA861_3
11-06 12:01:05.153 17603 17621 E IMGMapper: set:488 set: Unset optional value from type SMPTE2086
11-06 12:01:05.153 17603 17621 E IMGMapper: set:488 set: Unset optional value from type CTA861_3
11-06 12:01:05.168 17603 17621 E IMGMapper: set:488 set: Unset optional value from type SMPTE2086
11-06 12:01:05.168 17603 17621 E IMGMapper: set:488 set: Unset optional value from type CTA861_3
11-06 12:01:05.220 17603 17621 E IMGMapper: set:488 set: Unset optional value from type SMPTE2086
11-06 12:01:05.220 17603 17621 E IMGMapper: set:488 set: Unset optional value from type CTA861_3
11-06 12:01:05.229 17603 17621 E IMGMapper: set:488 set: Unset optional value from type SMPTE2086
11-06 12:01:05.229 17603 17621 E IMGMapper: set:488 set: Unset optional value from type CTA861_3
11-06 12:01:05.248 17603 17621 E IMGMapper: set:488 set: Unset optional value from type SMPTE2086
11-06 12:01:05.248 17603 17621 E IMGMapper: set:488 set: Unset optional value from type CTA861_3
11-06 12:01:05.264 17603 17621 E IMGMapper: set:488 set: Unset optional value from type SMPTE2086
11-06 12:01:05.264 17603 17621 E IMGMapper: set:488 set: Unset optional value from type CTA861_3
11-06 12:01:05.280 17603 17621 E IMGMapper: set:488 set: Unset optional value from type SMPTE2086
11-06 12:01:05.280 17603 17621 E IMGMapper: set:488 set: Unset optional value from type CTA861_3
11-06 12:01:05.296 17603 17621 E IMGMapper: set:488 set: Unset optional value from type SMPTE2086
11-06 12:01:05.296 17603 17621 E IMGMapper: set:488 set: Unset optional value from type CTA861_3
11-06 12:01:05.320 17603 17621 E IMGMapper: set:488 set: Unset optional value from type SMPTE2086
11-06 12:01:05.320 17603 17621 E IMGMapper: set:488 set: Unset optional value from type CTA861_3
11-06 12:01:05.337 17603 17621 E IMGMapper: set:488 set: Unset optional value from type SMPTE2086
11-06 12:01:05.337 17603 17621 E IMGMapper: set:488 set: Unset optional value from type CTA861_3
11-06 12:01:05.347 17603 17621 E IMGMapper: set:488 set: Unset optional value from type SMPTE2086
11-06 12:01:05.347 17603 17621 E IMGMapper: set:488 set: Unset optional value from type CTA861_3
11-06 12:01:05.360 17603 17621 E IMGMapper: set:488 set: Unset optional value from type SMPTE2086
11-06 12:01:05.360 17603 17621 E IMGMapper: set:488 set: Unset optional value from type CTA861_3
11-06 12:01:05.377 17603 17621 E IMGMapper: set:488 set: Unset optional value from type SMPTE2086
11-06 12:01:05.377 17603 17621 E IMGMapper: set:488 set: Unset optional value from type CTA861_3
