11-06 12:00:57.385 17603 17621 E IMGMapper: set:488 set: Unset optional value from type CTA861_3
11-06 12:00:57.402 17603 17621 E IMGMapper: set:488 set: Unset optional value from type SMPTE2086
11-06 12:00:57.402 17603 17621 E IMGMapper: set:488 set: Unset optional value from type CTA861_3
11-06 12:00:57.419 17603 17621 E IMGMapper: set:488 set: Unset optional value from type SMPTE2086
11-06 12:00:57.419 17603 17621 E IMGMapper: set:488 set: Unset optional value from type CTA861_3
11-06 12:00:57.434 17603 17621 E IMGMapper: set:488 set: Unset optional value from type SMPTE2086
11-06 12:00:57.435 17603 17621 E IMGMapper: set:488 set: Unset optional value from type CTA861_3
11-06 12:00:57.451 17603 17621 E IMGMapper: set:488 set: Unset optional value from type SMPTE2086
11-06 12:00:57.451 17603 17621 E IMGMapper: set:488 set: Unset optional value from type CTA861_3
11-06 12:00:57.468 17603 17621 E IMGMapper: set:488 set: Unset optional value from type SMPTE2086
11-06 12:00:57.468 17603 17621 E IMGMapper: set:488 set: Unset optional value from type CTA861_3
11-06 12:00:57.493 17603 17621 E IMGMapper: set:488 set: Unset optional value from type SMPTE2086
11-06 12:00:57.493 17603 17621 E IMGMapper: set:488 set: Unset optional value from type CTA861_3
11-06 12:00:57.511 17603 17621 E IMGMapper: set:488 set: Unset optional value from type SMPTE2086
11-06 12:00:57.511 17603 17621 E IMGMapper: set:488 set: Unset optional value from type CTA861_3
11-06 12:00:57.524 17603 17621 E IMGMapper: set:488 set: Unset optional value from type SMPTE2086
11-06 12:00:57.524 17603 17621 E IMGMapper: set:488 set: Unset optional value from type CTA861_3
11-06 12:00:57.549 17603 17621 E IMGMapper: set:488 set: Unset optional value from type SMPTE2086
11-06 12:00:57.549 17603 17621 E IMGMapper: set:488 set: Unset optional value from type CTA861_3
11-06 12:00:57.555 17603 17621 E IMGMapper: set:488 set: Unset optional value from type SMPTE2086
11-06 12:00:57.555 17603 17621 E IMGMapper: set:488 set: Unset optional value from type CTA861_3
11-06 12:00:57.578 17603 17621 E IMGMapper: set:488 set: Unset optional value from type SMPTE2086
11-06 12:00:57.578 17603 17621 E IMGMapper: set:488 set: Unset optional value from type CTA861_3
11-06 12:00:57.590 17603 17621 E IMGMapper: set:488 set: Unset optional value from type SMPTE2086
11-06 12:00:57.590 17603 17621 E IMGMapper: set:488 set: Unset optional value from type CTA861_3
11-06 12:00:57.606 17603 17621 E IMGMapper: set:488 set: Unset optional value from type SMPTE2086
11-06 12:00:57.607 17603 17621 E IMGMapper: set:488 set: Unset optional value from type CTA861_3
11-06 12:00:57.623 17603 17621 E IMGMapper: set:488 set: Unset optional value from type SMPTE2086
11-06 12:00:57.623 17603 17621 E IMGMapper: set:488 set: Unset optional value from type CTA861_3
11-06 12:00:57.640 17603 17621 E IMGMapper: set:488 set: Unset optional value from type SMPTE2086
11-06 12:00:57.641 17603 17621 E IMGMapper: set:488 set: Unset optional value from type CTA861_3
11-06 12:00:57.655 17603 17621 E IMGMapper: set:488 set: Unset optional value from type SMPTE2086
11-06 12:00:57.655 17603 17621 E IMGMapper: set:488 set: Unset optional value from type CTA861_3
11-06 12:00:57.670 17603 17621 E IMGMapper: set:488 set: Unset optional value from type SMPTE2086
11-06 12:00:57.670 17603 17621 E IMGMapper: set:488 set: Unset optional value from type CTA861_3
11-06 12:00:57.688 17603 17621 E IMGMapper: set:488 set: Unset optional value from type SMPTE2086
11-06 12:00:57.689 17603 17621 E IMGMapper: set:488 set: Unset optional value from type CTA861_3
11-06 12:00:57.704 17603 17621 E IMGMapper: set:488 set: Unset optional value from type SMPTE2086
11-06 12:00:57.704 17603 17621 E IMGMapper: set:488 set: Unset optional value from type CTA861_3
11-06 12:00:57.721 17603 17621 E IMGMapper: set:488 set: Unset optional value from type SMPTE2086
11-06 12:00:57.721 17603 17621 E IMGMapper: set:488 set: Unset optional value from type CTA861_3
11-06 12:00:57.738 17603 17621 E IMGMapper: set:488 set: Unset optional value from type SMPTE2086
11-06 12:00:57.738 17603 17621 E IMGMapper: set:488 set: Unset optional value from type CTA861_3
11-06 12:00:57.756 17603 17621 E IMGMapper: set:488 set: Unset optional value from type SMPTE2086
11-06 12:00:57.756 17603 17621 E IMGMapper: set:488 set: Unset optional value from type CTA861_3
11-06 12:00:57.771 17603 17621 E IMGMapper: set:488 set: Unset optional value from type SMPTE2086
11-06 12:00:57.771 17603 17621 E IMGMapper: set:488 set: Unset optional value from type CTA861_3
11-06 12:00:57.786 17603 17621 E IMGMapper: set:488 set: Unset optional value from type SMPTE2086
11-06 12:00:57.787 17603 17621 E IMGMapper: set:488 set: Unset optional value from type CTA861_3
11-06 12:00:57.803 17603 17621 E IMGMapper: set:488 set: Unset optional value from type SMPTE2086
11-06 12:00:57.803 17603 17621 E IMGMapper: set:488 set: Unset optional value from type CTA861_3
11-06 12:00:57.821 17603 17621 E IMGMapper: set:488 set: Unset optional value from type SMPTE2086
11-06 12:00:57.821 17603 17621 E IMGMapper: set:488 set: Unset optional value from type CTA861_3
11-06 12:00:57.839 17603 17621 E IMGMapper: set:488 set: Unset optional value from type SMPTE2086
11-06 12:00:57.839 17603 17621 E IMGMapper: set:488 set: Unset optional value from type CTA861_3
11-06 12:00:57.854 17603 17621 E IMGMapper: set:488 set: Unset optional value from type SMPTE2086
11-06 12:00:57.854 17603 17621 E IMGMapper: set:488 set: Unset optional value from type CTA861_3
11-06 12:00:57.871 17603 17621 E IMGMapper: set:488 set: Unset optional value from type SMPTE2086
11-06 12:00:57.871 17603 17621 E IMGMapper: set:488 set: Unset optional value from type CTA861_3
11-06 12:00:57.884  1187  1962 D InputDispatcher: Inject motion (17771/2000): action=0x0, time=3428073193000000, f=0x0, d=0 dsdx=1.000000 dtdx=0.000000
11-06 12:00:57.885  1187  1534 I InputDispatcher: Delivering touch to (1737): action: 0x4, f=0x0, d=0, 'd92b8ad', t=1 
11-06 12:00:57.885  1187  1534 I InputDispatcher: Delivering touch to (17603): action: 0x0, f=0x0, d=0, 'f1e935b', t=1 
11-06 12:00:57.885  1187  1534 D PowerManagerService: [api] userActivityFromNative :  (event: 2 flags: 0 displayId: 0) eventTime = 3428073193
11-06 12:00:57.885  1187  1303 I GestureDetector: obtain mCurrentDownEvent. id: -257076073 caller: com.android.server.wm.SystemGesturesPointerEventListener.onPointerEvent:203 com.android.server.wm.PointerEventDispatcher.onInputEvent:53 android.view.InputEventReceiver.dispatchInputEvent:285 
11-06 12:00:57.886  1187  1303 I GestureDetector: obtain mCurrentDownEvent. id: -257076073 caller: com.android.server.wm.SystemPerformancePointerEventListener.onPointerEvent:89 com.android.server.wm.PointerEventDispatcher.onInputEvent:53 android.view.InputEventReceiver.dispatchInputEvent:285 
11-06 12:00:57.886 17603 17603 I ViewRootImpl@706bef1[MainActivity]: ViewPostIme pointer 0
11-06 12:00:57.891 17603 17621 E IMGMapper: set:488 set: Unset optional value from type SMPTE2086
11-06 12:00:57.891 17603 17621 E IMGMapper: set:488 set: Unset optional value from type CTA861_3
11-06 12:00:57.896  1187  1303 I GestureDetector: obtain mCurrentMotionEventRaw. action: 2 id: -486191915
11-06 12:00:57.896  1187  1303 I GestureDetector: obtain mCurrentMotionEventRaw. action: 2 id: -486191915
11-06 12:00:57.903   896   910 I mtkpower_client: perf_lock_rel, hdl:1053435, tid:910
11-06 12:00:57.903   896   910 I mtkpower_client: perf_lock_acq, hdl:0, dur:0, num:2, tid:910
11-06 12:00:57.903  1014  1065 I libPowerHal: [perfLockRel] hdl:1053435, idx:2
11-06 12:00:57.904  1014  1065 I libPowerHal: vendor.samsung.: cpu_ctrl set cpu freq: 1218000 -1 -1 -1
11-06 12:00:57.905   896   910 I mtkpower_client: ret_hdl:1053437
11-06 12:00:57.905   896   910 I mtkpower_client: perf_lock_rel, hdl:1053436, tid:910
11-06 12:00:57.905  1014  1065 I libPowerHal: [perfLockAcq] idx:1 hdl:1053437 hint:-1 pid:896 duration:0 lock_user:vendor.samsung. => ret_hdl:1053437
11-06 12:00:57.905  1014  1065 I libPowerHal: vendor.samsung.: cpu_ctrl set cpu freq: 1218000 -1 1138000 -1
11-06 12:00:57.905   896   910 I mtkpower_client: perf_lock_acq, hdl:0, dur:0, num:2, tid:910
11-06 12:00:57.906  1014  1065 I libPowerHal: [perfLockRel] hdl:1053436, idx:0
11-06 12:00:57.906  1014  1065 I libPowerHal: vendor.samsung.: cpu_ctrl set cpu freq: -1 -1 1138000 -1
11-06 12:00:57.907   896   910 I mtkpower_client: ret_hdl:1053438
11-06 12:00:57.907  1014  1065 I libPowerHal: [perfLockAcq] idx:0 hdl:1053438 hint:-1 pid:896 duration:0 lock_user:vendor.samsung. => ret_hdl:1053438
11-06 12:00:57.907 17603 17621 E IMGMapper: set:488 set: Unset optional value from type SMPTE2086
11-06 12:00:57.907 17603 17621 E IMGMapper: set:488 set: Unset optional value from type CTA861_3
11-06 12:00:57.907   896   910 I HYPER-HAL: [RequestManager.cpp]releaseLocked(): Released ID : 725427
11-06 12:00:57.907  1014  1065 I libPowerHal: vendor.samsung.: cpu_ctrl set cpu freq: 1218000 -1 1138000 -1
11-06 12:00:57.922 17603 17621 E IMGMapper: set:488 set: Unset optional value from type SMPTE2086
11-06 12:00:57.922 17603 17621 E IMGMapper: set:488 set: Unset optional value from type CTA861_3
11-06 12:00:57.940 17603 17621 E IMGMapper: set:488 set: Unset optional value from type SMPTE2086
11-06 12:00:57.940 17603 17621 E IMGMapper: set:488 set: Unset optional value from type CTA861_3
11-06 12:00:57.956 17603 17621 E IMGMapper: set:488 set: Unset optional value from type SMPTE2086
11-06 12:00:57.957 17603 17621 E IMGMapper: set:488 set: Unset optional value from type CTA861_3
11-06 12:00:57.980 17603 17621 E IMGMapper: set:488 set: Unset optional value from type SMPTE2086
11-06 12:00:57.980 17603 17621 E IMGMapper: set:488 set: Unset optional value from type CTA861_3
11-06 12:00:57.989 17603 17621 E IMGMapper: set:488 set: Unset optional value from type SMPTE2086
11-06 12:00:57.989 17603 17621 E IMGMapper: set:488 set: Unset optional value from type CTA861_3
11-06 12:00:58.004 17603 17621 E IMGMapper: set:488 set: Unset optional value from type SMPTE2086
11-06 12:00:58.004 17603 17621 E IMGMapper: set:488 set: Unset optional value from type CTA861_3
11-06 12:00:58.021 17603 17621 E IMGMapper: set:488 set: Unset optional value from type SMPTE2086
11-06 12:00:58.021 17603 17621 E IMGMapper: set:488 set: Unset optional value from type CTA861_3
11-06 12:00:58.036 17603 17621 E IMGMapper: set:488 set: Unset optional value from type SMPTE2086
11-06 12:00:58.036 17603 17621 E IMGMapper: set:488 set: Unset optional value from type CTA861_3
11-06 12:00:58.053 17603 17621 E IMGMapper: set:488 set: Unset optional value from type SMPTE2086
11-06 12:00:58.053 17603 17621 E IMGMapper: set:488 set: Unset optional value from type CTA861_3
11-06 12:00:58.069 17603 17621 E IMGMapper: set:488 set: Unset optional value from type SMPTE2086
11-06 12:00:58.069 17603 17621 E IMGMapper: set:488 set: Unset optional value from type CTA861_3
11-06 12:00:58.085 17603 17621 E IMGMapper: set:488 set: Unset optional value from type SMPTE2086
11-06 12:00:58.085 17603 17621 E IMGMapper: set:488 set: Unset optional value from type CTA861_3
11-06 12:00:58.104 17603 17621 E IMGMapper: set:488 set: Unset optional value from type SMPTE2086
11-06 12:00:58.104 17603 17621 E IMGMapper: set:488 set: Unset optional value from type CTA861_3
11-06 12:00:58.119 17603 17621 E IMGMapper: set:488 set: Unset optional value from type SMPTE2086
11-06 12:00:58.119 17603 17621 E IMGMapper: set:488 set: Unset optional value from type CTA861_3
11-06 12:00:58.140  1693  1693 I WifiHAL : Get link layer stats
11-06 12:00:58.140  1693  1693 I WifiHAL : GetLinkStatsCommand::create
11-06 12:00:58.140  1693  1693 D android.hardware.wifi@1.0-service-lazy: WifiRequest::create vendor command to iface 38, vendor_id=0x1a11, subcmd=0x1200, res=0
11-06 12:00:58.141  1693  1693 I android.hardware.wifi@1.0-service-lazy: WifiCommand::requestResponse err=-95
11-06 12:00:58.141  1693  1693 I WifiHAL : wifi_get_link_stats: result=-3
11-06 12:00:58.141  1187  1566 E WifiVendorHal: getWifiLinkLayerStats_1_5_Internal(l.1179) failed {.code = ERROR_NOT_SUPPORTED, .description = }
11-06 12:00:58.142 17603 17621 E IMGMapper: set:488 set: Unset optional value from type SMPTE2086
11-06 12:00:58.142 17603 17621 E IMGMapper: set:488 set: Unset optional value from type CTA861_3
11-06 12:00:58.146  1187 22074 D SemWifiUsabilityStatsMonitor: onWifiUsabilityStats - seqNum 110685, isSameBssidAndFreq true
11-06 12:00:58.147  1187  1645 I SemWifiLinkQualityMonitor: Link Qos query: inf. ms / 0 Mbps
11-06 12:00:58.157 17603 17621 E IMGMapper: set:488 set: Unset optional value from type SMPTE2086
11-06 12:00:58.157 17603 17621 E IMGMapper: set:488 set: Unset optional value from type CTA861_3
11-06 12:00:58.182 17603 17621 E IMGMapper: set:488 set: Unset optional value from type SMPTE2086
11-06 12:00:58.183 17603 17621 E IMGMapper: set:488 set: Unset optional value from type CTA861_3
11-06 12:00:58.190 17603 17621 E IMGMapper: set:488 set: Unset optional value from type SMPTE2086
11-06 12:00:58.190 17603 17621 E IMGMapper: set:488 set: Unset optional value from type CTA861_3
11-06 12:00:58.197  1187  1962 D InputDispatcher: Inject motion (17771/2000): action=0x1, time=3428073506000000, f=0x0, d=0 dsdx=1.000000 dtdx=0.000000
11-06 12:00:58.197  1187  1534 I InputDispatcher: Delivering touch to (17603): action: 0x1, f=0x0, d=0, 'f1e935b', t=1 
11-06 12:00:58.199  1187  1187 I SemDvfsHyPerManager: acquire hyper - SMOOTH_SCROLL/1187@17, type = -999
11-06 12:00:58.199   896   910 I HYPER-HAL: [RequestManager.cpp]acquire(): Acquired ID : 725427  [1187 / 17]    HINT : SMOOTH_SCROLL    list : 
11-06 12:00:58.200   896   910 I mtkpower_client: perf_lock_rel, hdl:1053437, tid:910
11-06 12:00:58.200 17603 17603 I ViewRootImpl@706bef1[MainActivity]: ViewPostIme pointer 1
11-06 12:00:58.200   896   910 I mtkpower_client: perf_lock_acq, hdl:0, dur:0, num:2, tid:910
11-06 12:00:58.201  1187  1187 D SGM:GameManager: identifyGamePackage. com.cinemamovel, mCurrentUserId: 0, callerUserId: 0, callingMethodInfo: com.android.server.ssrm.fgapps.GameAppUtils.isGame(GameAppUtils.java:84)
11-06 12:00:58.201  1187  1187 D SGM:PkgDataHelper: getGamePkgData(). com.cinemamovel
11-06 12:00:58.201  1187  1187 I SemDvfsHyPerManager: acquire hyper - GESTURE_DETECTED/1187@18, type = -999
11-06 12:00:58.201   896   910 I mtkpower_client: ret_hdl:1053439
11-06 12:00:58.201   896   910 I mtkpower_client: perf_lock_rel, hdl:1053438, tid:910
11-06 12:00:58.202   896   910 I mtkpower_client: perf_lock_acq, hdl:0, dur:0, num:2, tid:910
11-06 12:00:58.202   896   910 I mtkpower_client: ret_hdl:1053440
11-06 12:00:58.202  1187  1187 D SGM:GameManager: identifyGamePackage. com.cinemamovel, mCurrentUserId: 0, callerUserId: 0, callingMethodInfo: com.android.server.ssrm.fgapps.GameAppUtils.isGame(GameAppUtils.java:84)
11-06 12:00:58.202   896   910 I mtkpower_client: perf_lock_rel, hdl:1053439, tid:910
11-06 12:00:58.202  1187  1187 D SGM:PkgDataHelper: getGamePkgData(). com.cinemamovel
11-06 12:00:58.202  1187  1187 I SemDvfsHyPerManager: acquire hyper - GESTURE_DETECTED/1187@18, type = -999
11-06 12:00:58.203   896   910 I mtkpower_client: perf_lock_acq, hdl:0, dur:0, num:2, tid:910
11-06 12:00:58.203   896   910 I mtkpower_client: ret_hdl:1053441
11-06 12:00:58.203   896   910 I mtkpower_client: perf_lock_rel, hdl:1053440, tid:910
11-06 12:00:58.203   896   910 I mtkpower_client: perf_lock_acq, hdl:0, dur:0, num:2, tid:910
11-06 12:00:58.204   896   910 I mtkpower_client: ret_hdl:1053442
11-06 12:00:58.204   896   910 I HYPER-HAL: [RequestManager.cpp]releaseLocked(): Released ID : 725427
11-06 12:00:58.204   896   910 I HYPER-HAL: [RequestManager.cpp]acquire(): Acquired ID : 726633  [1187 / 18]    HINT : GESTURE_DETECTED    list : [TIMEOUT / 1702] 
11-06 12:00:58.204   896   910 I HYPER-HAL: [RequestManager.cpp]acquire(): Acquired ID : 726633  [1187 / 18]    HINT : GESTURE_DETECTED    list : [TIMEOUT / 1702] 
11-06 12:00:58.205 17603 17621 E IMGMapper: set:488 set: Unset optional value from type SMPTE2086
11-06 12:00:58.205 17603 17621 E IMGMapper: set:488 set: Unset optional value from type CTA861_3
11-06 12:00:58.206  1014  1065 I libPowerHal: [perfLockRel] hdl:1053437, idx:1
11-06 12:00:58.206  1187  1187 I SemDvfsHyPerManager: acquire hyper - SMOOTH_SCROLL/1187@17, type = -999
11-06 12:00:58.206  1014  1065 I libPowerHal: vendor.samsung.: cpu_ctrl set cpu freq: 1218000 -1 -1 -1
11-06 12:00:58.207   896   910 I HYPER-HAL: [RequestManager.cpp]acquire(): Acquired ID : 725427  [1187 / 17]    HINT : SMOOTH_SCROLL    list : 
11-06 12:00:58.207   896   910 I mtkpower_client: perf_lock_rel, hdl:1053441, tid:910
11-06 12:00:58.208  1014  1065 I libPowerHal: [perfLockAcq] idx:2 hdl:1053439 hint:-1 pid:896 duration:0 lock_user:vendor.samsung. => ret_hdl:1053439
11-06 12:00:58.208  1014  1065 I libPowerHal: vendor.samsung.: cpu_ctrl set cpu freq: 1218000 -1 1138000 -1
11-06 12:00:58.209  1014  1065 I libPowerHal: [perfLockRel] hdl:1053438, idx:0
11-06 12:00:58.209  1014  1065 I libPowerHal: vendor.samsung.: cpu_ctrl set cpu freq: -1 -1 1138000 -1
11-06 12:00:58.211  1014  1065 I libPowerHal: [perfLockAcq] idx:3 hdl:1053440 hint:-1 pid:896 duration:0 lock_user:vendor.samsung. => ret_hdl:1053440
11-06 12:00:58.211  1014  1065 I libPowerHal: vendor.samsung.: cpu_ctrl set cpu freq: 1218000 -1 1138000 -1
11-06 12:00:58.212  1014  1065 I libPowerHal: [perfLockRel] hdl:1053439, idx:2
11-06 12:00:58.212  1014  1065 I libPowerHal: vendor.samsung.: cpu_ctrl set cpu freq: 1218000 -1 -1 -1
11-06 12:00:58.214  1014  1065 I libPowerHal: [perfLockAcq] idx:4 hdl:1053441 hint:-1 pid:896 duration:0 lock_user:vendor.samsung. => ret_hdl:1053441
11-06 12:00:58.214  1014  1065 I libPowerHal: vendor.samsung.: cpu_ctrl set cpu freq: 1218000 -1 1138000 -1
11-06 12:00:58.214  1014  1065 I libPowerHal: [perfLockRel] hdl:1053440, idx:3
11-06 12:00:58.215  1014  1065 I libPowerHal: vendor.samsung.: cpu_ctrl set cpu freq: -1 -1 1138000 -1
11-06 12:00:58.215  1014  1065 I libPowerHal: [perfLockAcq] idx:5 hdl:1053442 hint:-1 pid:896 duration:0 lock_user:vendor.samsung. => ret_hdl:1053442
11-06 12:00:58.216  1014  1065 I libPowerHal: vendor.samsung.: cpu_ctrl set cpu freq: 1218000 -1 1138000 -1
11-06 12:00:58.216   896   910 I mtkpower_client: perf_lock_acq, hdl:0, dur:0, num:2, tid:910
11-06 12:00:58.217  1014  1065 I libPowerHal: [perfLockRel] hdl:1053441, idx:4
11-06 12:00:58.217  1014  1065 I libPowerHal: vendor.samsung.: cpu_ctrl set cpu freq: 1218000 -1 -1 -1
11-06 12:00:58.218   896   910 I mtkpower_client: ret_hdl:1053443
11-06 12:00:58.219   896   910 I mtkpower_client: perf_lock_rel, hdl:1053442, tid:910
11-06 12:00:58.219   896   910 I mtkpower_client: perf_lock_acq, hdl:0, dur:0, num:2, tid:910
11-06 12:00:58.219   896   910 I mtkpower_client: ret_hdl:1053444
11-06 12:00:58.220  1014  1065 I libPowerHal: [perfLockAcq] idx:0 hdl:1053443 hint:-1 pid:896 duration:0 lock_user:vendor.samsung. => ret_hdl:1053443
11-06 12:00:58.221 17603 17621 E IMGMapper: set:488 set: Unset optional value from type SMPTE2086
11-06 12:00:58.221 17603 17621 E IMGMapper: set:488 set: Unset optional value from type CTA861_3
11-06 12:00:58.221  1014  1065 I libPowerHal: vendor.samsung.: cpu_ctrl set cpu freq: 1218000 -1 1138000 -1
11-06 12:00:58.221  1014  1065 I libPowerHal: [perfLockRel] hdl:1053442, idx:5
11-06 12:00:58.222  1014  1065 I libPowerHal: vendor.samsung.: cpu_ctrl set cpu freq: -1 -1 1138000 -1
11-06 12:00:58.222  1014  1065 I libPowerHal: [perfLockAcq] idx:1 hdl:1053444 hint:-1 pid:896 duration:0 lock_user:vendor.samsung. => ret_hdl:1053444
11-06 12:00:58.222  1014  1065 I libPowerHal: vendor.samsung.: cpu_ctrl set cpu freq: 1218000 -1 1138000 -1
11-06 12:00:58.235 17603 17621 E IMGMapper: set:488 set: Unset optional value from type SMPTE2086
11-06 12:00:58.235 17603 17621 E IMGMapper: set:488 set: Unset optional value from type CTA861_3
11-06 12:00:58.251 17603 17621 E IMGMapper: set:488 set: Unset optional value from type SMPTE2086
11-06 12:00:58.251 17603 17621 E IMGMapper: set:488 set: Unset optional value from type CTA861_3
11-06 12:00:58.259  1039  1039 I BufferQueueProducer: [com.cinemamovel/com.cinemamovel.MainActivity$_17603#690630](this:0xb400007a1e951838,id:-1,api:0,p:-1,c:1039) queueBuffer: fps=59.08 dur=1015.49 max=33.64 min=16.33
11-06 12:00:58.260   991 11009 I hwcomposer: [HWCDisplay] [Display_0 (type:1)] fps:59.090454,dur:1015.39,max:33.81,min:15.85  
11-06 12:00:58.268 17603 17621 E IMGMapper: set:488 set: Unset optional value from type SMPTE2086
11-06 12:00:58.268 17603 17621 E IMGMapper: set:488 set: Unset optional value from type CTA861_3
11-06 12:00:58.281  1737  1942 D MobileStatusTracker(0/2): onSignalStrengthsChanged level=4, vendorLevel=3
11-06 12:00:58.282  1737  1942 D MobileSignalController(0/2): notifyListener: enabled=true, connected=true, dataConnected=true, networkType=LTE (4G), emergencyOnly=false, roaming=false, isDefault=false, dataActivity=, level=3, ca=false, mmWave=false, disabledDataIcon=false, simCard=ETC
11-06 12:00:58.283  1737  1942 D NetworkController: SignalStrength from intent slotId=0
11-06 12:00:58.286 17603 17621 E IMGMapper: set:488 set: Unset optional value from type SMPTE2086
11-06 12:00:58.286 17603 17621 E IMGMapper: set:488 set: Unset optional value from type CTA861_3
11-06 12:00:58.303 17603 17621 E IMGMapper: set:488 set: Unset optional value from type SMPTE2086
11-06 12:00:58.303 17603 17621 E IMGMapper: set:488 set: Unset optional value from type CTA861_3
11-06 12:00:58.334 17603 17621 E IMGMapper: set:488 set: Unset optional value from type SMPTE2086
11-06 12:00:58.334 17603 17621 E IMGMapper: set:488 set: Unset optional value from type CTA861_3
11-06 12:00:58.352 17603 17621 E IMGMapper: set:488 set: Unset optional value from type SMPTE2086
11-06 12:00:58.352 17603 17621 E IMGMapper: set:488 set: Unset optional value from type CTA861_3
11-06 12:00:58.365 17603 17621 E IMGMapper: set:488 set: Unset optional value from type SMPTE2086
11-06 12:00:58.365 17603 17621 E IMGMapper: set:488 set: Unset optional value from type CTA861_3
11-06 12:00:58.423 17603 17621 E IMGMapper: set:488 set: Unset optional value from type SMPTE2086
11-06 12:00:58.423 17603 17621 E IMGMapper: set:488 set: Unset optional value from type CTA861_3
11-06 12:00:58.434 17603 17621 E IMGMapper: set:488 set: Unset optional value from type SMPTE2086
11-06 12:00:58.434 17603 17621 E IMGMapper: set:488 set: Unset optional value from type CTA861_3
11-06 12:00:58.451 17603 17621 E IMGMapper: set:488 set: Unset optional value from type SMPTE2086
11-06 12:00:58.451 17603 17621 E IMGMapper: set:488 set: Unset optional value from type CTA861_3
11-06 12:00:58.466 17603 17621 E IMGMapper: set:488 set: Unset optional value from type SMPTE2086
11-06 12:00:58.466 17603 17621 E IMGMapper: set:488 set: Unset optional value from type CTA861_3
11-06 12:00:58.483 17603 17621 E IMGMapper: set:488 set: Unset optional value from type SMPTE2086
11-06 12:00:58.483 17603 17621 E IMGMapper: set:488 set: Unset optional value from type CTA861_3
11-06 12:00:58.500 17603 17621 E IMGMapper: set:488 set: Unset optional value from type SMPTE2086
11-06 12:00:58.500 17603 17621 E IMGMapper: set:488 set: Unset optional value from type CTA861_3
11-06 12:00:58.518 17603 17621 E IMGMapper: set:488 set: Unset optional value from type SMPTE2086
11-06 12:00:58.518 17603 17621 E IMGMapper: set:488 set: Unset optional value from type CTA861_3
11-06 12:00:58.533 17603 17621 E IMGMapper: set:488 set: Unset optional value from type SMPTE2086
11-06 12:00:58.533 17603 17621 E IMGMapper: set:488 set: Unset optional value from type CTA861_3
11-06 12:00:58.549 17603 17621 E IMGMapper: set:488 set: Unset optional value from type SMPTE2086
11-06 12:00:58.550 17603 17621 E IMGMapper: set:488 set: Unset optional value from type CTA861_3
11-06 12:00:58.564  1205  1205 I thermal_repeater: socket -1
11-06 12:00:58.566 17603 17621 E IMGMapper: set:488 set: Unset optional value from type SMPTE2086
11-06 12:00:58.566 17603 17621 E IMGMapper: set:488 set: Unset optional value from type CTA861_3
11-06 12:00:58.585 17603 17621 E IMGMapper: set:488 set: Unset optional value from type SMPTE2086
11-06 12:00:58.585 17603 17621 E IMGMapper: set:488 set: Unset optional value from type CTA861_3
11-06 12:00:58.609 17603 17621 E IMGMapper: set:488 set: Unset optional value from type SMPTE2086
11-06 12:00:58.609 17603 17621 E IMGMapper: set:488 set: Unset optional value from type CTA861_3
11-06 12:00:58.618   543   543 D io_stats: !@ 179,0 r 632716870 7638277486 w 114756826 1217335372 d 1261428 33798216 f 0 0 iot 326189036 0 th 0 0 0 pt 0 inp 0 0 3428073.927
11-06 12:00:58.627 17603 17621 E IMGMapper: set:488 set: Unset optional value from type SMPTE2086
11-06 12:00:58.627 17603 17621 E IMGMapper: set:488 set: Unset optional value from type CTA861_3
11-06 12:00:58.654 17603 17621 E IMGMapper: set:488 set: Unset optional value from type SMPTE2086
11-06 12:00:58.654 17603 17621 E IMGMapper: set:488 set: Unset optional value from type CTA861_3
11-06 12:00:58.667 17603 17621 E IMGMapper: set:488 set: Unset optional value from type SMPTE2086
11-06 12:00:58.667 17603 17621 E IMGMapper: set:488 set: Unset optional value from type CTA861_3
11-06 12:00:58.683 17603 17621 E IMGMapper: set:488 set: Unset optional value from type SMPTE2086
11-06 12:00:58.683 17603 17621 E IMGMapper: set:488 set: Unset optional value from type CTA861_3
11-06 12:00:58.700 17603 17621 E IMGMapper: set:488 set: Unset optional value from type SMPTE2086
11-06 12:00:58.700 17603 17621 E IMGMapper: set:488 set: Unset optional value from type CTA861_3
11-06 12:00:58.709  1187  1664 D WifiConnectivityMonitor: called startWcmPoll but already Ongoing
11-06 12:00:58.709  1187  1664 D SemWifiRssiBasePoller: RSSI_BASE_STOP
11-06 12:00:58.717 17603 17621 E IMGMapper: set:488 set: Unset optional value from type SMPTE2086
11-06 12:00:58.717 17603 17621 E IMGMapper: set:488 set: Unset optional value from type CTA861_3
11-06 12:00:58.733 17603 17621 E IMGMapper: set:488 set: Unset optional value from type SMPTE2086
11-06 12:00:58.733 17603 17621 E IMGMapper: set:488 set: Unset optional value from type CTA861_3
11-06 12:00:58.749 17603 17621 E IMGMapper: set:488 set: Unset optional value from type SMPTE2086
11-06 12:00:58.749 17603 17621 E IMGMapper: set:488 set: Unset optional value from type CTA861_3
11-06 12:00:58.766 17603 17621 E IMGMapper: set:488 set: Unset optional value from type SMPTE2086
11-06 12:00:58.766 17603 17621 E IMGMapper: set:488 set: Unset optional value from type CTA861_3
11-06 12:00:58.783 17603 17621 E IMGMapper: set:488 set: Unset optional value from type SMPTE2086
11-06 12:00:58.783 17603 17621 E IMGMapper: set:488 set: Unset optional value from type CTA861_3
11-06 12:00:58.809 17603 17621 E IMGMapper: set:488 set: Unset optional value from type SMPTE2086
11-06 12:00:58.809 17603 17621 E IMGMapper: set:488 set: Unset optional value from type CTA861_3
11-06 12:00:58.825 17603 17621 E IMGMapper: set:488 set: Unset optional value from type SMPTE2086
11-06 12:00:58.825 17603 17621 E IMGMapper: set:488 set: Unset optional value from type CTA861_3
11-06 12:00:58.866 17603 17621 E IMGMapper: set:488 set: Unset optional value from type SMPTE2086
11-06 12:00:58.866 17603 17621 E IMGMapper: set:488 set: Unset optional value from type CTA861_3
11-06 12:00:58.876 17603 17621 E IMGMapper: set:488 set: Unset optional value from type SMPTE2086
11-06 12:00:58.876 17603 17621 E IMGMapper: set:488 set: Unset optional value from type CTA861_3
11-06 12:00:58.891 17603 17621 E IMGMapper: set:488 set: Unset optional value from type SMPTE2086
11-06 12:00:58.891 17603 17621 E IMGMapper: set:488 set: Unset optional value from type CTA861_3
11-06 12:00:58.903 17603 17621 E IMGMapper: set:488 set: Unset optional value from type SMPTE2086
11-06 12:00:58.903 17603 17621 E IMGMapper: set:488 set: Unset optional value from type CTA861_3
11-06 12:00:58.921 17603 17621 E IMGMapper: set:488 set: Unset optional value from type SMPTE2086
11-06 12:00:58.921 17603 17621 E IMGMapper: set:488 set: Unset optional value from type CTA861_3
11-06 12:00:58.935 17603 17621 E IMGMapper: set:488 set: Unset optional value from type SMPTE2086
11-06 12:00:58.935 17603 17621 E IMGMapper: set:488 set: Unset optional value from type CTA861_3
11-06 12:00:58.954 17603 17621 E IMGMapper: set:488 set: Unset optional value from type SMPTE2086
11-06 12:00:58.954 17603 17621 E IMGMapper: set:488 set: Unset optional value from type CTA861_3
11-06 12:00:58.972 17603 17621 E IMGMapper: set:488 set: Unset optional value from type SMPTE2086
11-06 12:00:58.972 17603 17621 E IMGMapper: set:488 set: Unset optional value from type CTA861_3
11-06 12:00:58.986 17603 17621 E IMGMapper: set:488 set: Unset optional value from type SMPTE2086
11-06 12:00:58.987 17603 17621 E IMGMapper: set:488 set: Unset optional value from type CTA861_3
11-06 12:00:59.003 17603 17621 E IMGMapper: set:488 set: Unset optional value from type SMPTE2086
11-06 12:00:59.003 17603 17621 E IMGMapper: set:488 set: Unset optional value from type CTA861_3
11-06 12:00:59.019 17603 17621 E IMGMapper: set:488 set: Unset optional value from type SMPTE2086
11-06 12:00:59.019 17603 17621 E IMGMapper: set:488 set: Unset optional value from type CTA861_3
11-06 12:00:59.036 17603 17621 E IMGMapper: set:488 set: Unset optional value from type SMPTE2086
11-06 12:00:59.036 17603 17621 E IMGMapper: set:488 set: Unset optional value from type CTA861_3
11-06 12:00:59.052 17603 17621 E IMGMapper: set:488 set: Unset optional value from type SMPTE2086
11-06 12:00:59.053 17603 17621 E IMGMapper: set:488 set: Unset optional value from type CTA861_3
11-06 12:00:59.069 17603 17621 E IMGMapper: set:488 set: Unset optional value from type SMPTE2086
11-06 12:00:59.069 17603 17621 E IMGMapper: set:488 set: Unset optional value from type CTA861_3
11-06 12:00:59.086 17603 17621 E IMGMapper: set:488 set: Unset optional value from type SMPTE2086
11-06 12:00:59.086 17603 17621 E IMGMapper: set:488 set: Unset optional value from type CTA861_3
11-06 12:00:59.104 17603 17621 E IMGMapper: set:488 set: Unset optional value from type SMPTE2086
11-06 12:00:59.104 17603 17621 E IMGMapper: set:488 set: Unset optional value from type CTA861_3
11-06 12:00:59.117 17603 17621 E IMGMapper: set:488 set: Unset optional value from type SMPTE2086
11-06 12:00:59.117 17603 17621 E IMGMapper: set:488 set: Unset optional value from type CTA861_3
11-06 12:00:59.133 17603 17621 E IMGMapper: set:488 set: Unset optional value from type SMPTE2086
11-06 12:00:59.134 17603 17621 E IMGMapper: set:488 set: Unset optional value from type CTA861_3
11-06 12:00:59.149 17603 17621 E IMGMapper: set:488 set: Unset optional value from type SMPTE2086
11-06 12:00:59.150 17603 17621 E IMGMapper: set:488 set: Unset optional value from type CTA861_3
11-06 12:00:59.166 17603 17621 E IMGMapper: set:488 set: Unset optional value from type SMPTE2086
11-06 12:00:59.166 17603 17621 E IMGMapper: set:488 set: Unset optional value from type CTA861_3
11-06 12:00:59.182 17603 17621 E IMGMapper: set:488 set: Unset optional value from type SMPTE2086
11-06 12:00:59.183 17603 17621 E IMGMapper: set:488 set: Unset optional value from type CTA861_3
11-06 12:00:59.199 17603 17621 E IMGMapper: set:488 set: Unset optional value from type SMPTE2086
11-06 12:00:59.199 17603 17621 E IMGMapper: set:488 set: Unset optional value from type CTA861_3
11-06 12:00:59.216 17603 17621 E IMGMapper: set:488 set: Unset optional value from type SMPTE2086
11-06 12:00:59.216 17603 17621 E IMGMapper: set:488 set: Unset optional value from type CTA861_3
11-06 12:00:59.232 17603 17621 E IMGMapper: set:488 set: Unset optional value from type SMPTE2086
11-06 12:00:59.232 17603 17621 E IMGMapper: set:488 set: Unset optional value from type CTA861_3
11-06 12:00:59.249 17603 17621 E IMGMapper: set:488 set: Unset optional value from type SMPTE2086
11-06 12:00:59.249 17603 17621 E IMGMapper: set:488 set: Unset optional value from type CTA861_3
11-06 12:00:59.266 17603 17621 E IMGMapper: set:488 set: Unset optional value from type SMPTE2086
11-06 12:00:59.266 17603 17621 E IMGMapper: set:488 set: Unset optional value from type CTA861_3
11-06 12:00:59.274  1039  1039 I BufferQueueProducer: [com.cinemamovel/com.cinemamovel.MainActivity$_17603#690630](this:0xb400007a1e951838,id:-1,api:0,p:-1,c:1039) queueBuffer: fps=55.14 dur=1015.54 max=49.63 min=16.27
11-06 12:00:59.276   991 11009 I hwcomposer: [HWCDisplay] [Display_0 (type:1)] fps:55.124920,dur:1015.87,max:49.48,min:15.46  
11-06 12:00:59.286 17603 17621 E IMGMapper: set:488 set: Unset optional value from type SMPTE2086
11-06 12:00:59.286 17603 17621 E IMGMapper: set:488 set: Unset optional value from type CTA861_3
11-06 12:00:59.304 17603 17621 E IMGMapper: set:488 set: Unset optional value from type SMPTE2086
11-06 12:00:59.304 17603 17621 E IMGMapper: set:488 set: Unset optional value from type CTA861_3
11-06 12:00:59.316 17603 17621 E IMGMapper: set:488 set: Unset optional value from type SMPTE2086
11-06 12:00:59.316 17603 17621 E IMGMapper: set:488 set: Unset optional value from type CTA861_3
11-06 12:00:59.335 17603 17621 E IMGMapper: set:488 set: Unset optional value from type SMPTE2086
11-06 12:00:59.335 17603 17621 E IMGMapper: set:488 set: Unset optional value from type CTA861_3
11-06 12:00:59.352 17603 17621 E IMGMapper: set:488 set: Unset optional value from type SMPTE2086
11-06 12:00:59.352 17603 17621 E IMGMapper: set:488 set: Unset optional value from type CTA861_3
11-06 12:00:59.369 17603 17621 E IMGMapper: set:488 set: Unset optional value from type SMPTE2086
11-06 12:00:59.369 17603 17621 E IMGMapper: set:488 set: Unset optional value from type CTA861_3
11-06 12:00:59.386 17603 17621 E IMGMapper: set:488 set: Unset optional value from type SMPTE2086
11-06 12:00:59.386 17603 17621 E IMGMapper: set:488 set: Unset optional value from type CTA861_3
11-06 12:00:59.402 17603 17621 E IMGMapper: set:488 set: Unset optional value from type SMPTE2086
11-06 12:00:59.402 17603 17621 E IMGMapper: set:488 set: Unset optional value from type CTA861_3
11-06 12:00:59.411  1200  1324 D ULogGuard: Monitoring: 16 threads, 0 requests, 0 time-bombs; 1 guards. ResetFlags = 0x7
11-06 12:00:59.419 17603 17621 E IMGMapper: set:488 set: Unset optional value from type SMPTE2086
11-06 12:00:59.419 17603 17621 E IMGMapper: set:488 set: Unset optional value from type CTA861_3
11-06 12:00:59.435 17603 17621 E IMGMapper: set:488 set: Unset optional value from type SMPTE2086
11-06 12:00:59.435 17603 17621 E IMGMapper: set:488 set: Unset optional value from type CTA861_3
11-06 12:00:59.453 17603 17621 E IMGMapper: set:488 set: Unset optional value from type SMPTE2086
11-06 12:00:59.453 17603 17621 E IMGMapper: set:488 set: Unset optional value from type CTA861_3
11-06 12:00:59.465  1187  1962 D InputDispatcher: Inject motion (17779/2000): action=0x0, time=3428074774000000, f=0x0, d=0 dsdx=1.000000 dtdx=0.000000
11-06 12:00:59.465  1187  1534 I InputDispatcher: Delivering touch to (1737): action: 0x4, f=0x0, d=0, 'd92b8ad', t=1 
11-06 12:00:59.466  1187  1534 I InputDispatcher: Delivering touch to (17603): action: 0x0, f=0x0, d=0, 'f1e935b', t=1 
11-06 12:00:59.466  1187  1534 D PowerManagerService: [api] userActivityFromNative :  (event: 2 flags: 0 displayId: 0) eventTime = 3428074774
11-06 12:00:59.466  1187  1303 I GestureDetector: obtain mCurrentDownEvent. id: -76287076 caller: com.android.server.wm.SystemGesturesPointerEventListener.onPointerEvent:203 com.android.server.wm.PointerEventDispatcher.onInputEvent:53 android.view.InputEventReceiver.dispatchInputEvent:285 
11-06 12:00:59.467  1187  1303 I GestureDetector: obtain mCurrentDownEvent. id: -76287076 caller: com.android.server.wm.SystemPerformancePointerEventListener.onPointerEvent:89 com.android.server.wm.PointerEventDispatcher.onInputEvent:53 android.view.InputEventReceiver.dispatchInputEvent:285 
11-06 12:00:59.468 17603 17603 I ViewRootImpl@706bef1[MainActivity]: ViewPostIme pointer 0
11-06 12:00:59.472 17603 17621 E IMGMapper: set:488 set: Unset optional value from type SMPTE2086
11-06 12:00:59.472 17603 17621 E IMGMapper: set:488 set: Unset optional value from type CTA861_3
11-06 12:00:59.478  1187  1303 I GestureDetector: obtain mCurrentMotionEventRaw. action: 2 id: -292585653
11-06 12:00:59.478  1187  1303 I GestureDetector: obtain mCurrentMotionEventRaw. action: 2 id: -292585653
11-06 12:00:59.484   896   910 I mtkpower_client: perf_lock_rel, hdl:1053443, tid:910
11-06 12:00:59.485   896   910 I mtkpower_client: perf_lock_acq, hdl:0, dur:0, num:2, tid:910
11-06 12:00:59.485  1014  1065 I libPowerHal: [perfLockRel] hdl:1053443, idx:0
11-06 12:00:59.486  1014  1065 I libPowerHal: vendor.samsung.: cpu_ctrl set cpu freq: 1218000 -1 -1 -1
11-06 12:00:59.486   896   910 I mtkpower_client: ret_hdl:1053445
11-06 12:00:59.487   896   910 I mtkpower_client: perf_lock_rel, hdl:1053444, tid:910
11-06 12:00:59.487  1014  1065 I libPowerHal: [perfLockAcq] idx:2 hdl:1053445 hint:-1 pid:896 duration:0 lock_user:vendor.samsung. => ret_hdl:1053445
11-06 12:00:59.487  1014  1065 I libPowerHal: vendor.samsung.: cpu_ctrl set cpu freq: 1218000 -1 1138000 -1
11-06 12:00:59.487   896   910 I mtkpower_client: perf_lock_acq, hdl:0, dur:0, num:2, tid:910
11-06 12:00:59.487  1014  1065 I libPowerHal: [perfLockRel] hdl:1053444, idx:1
11-06 12:00:59.488  1014  1065 I libPowerHal: vendor.samsung.: cpu_ctrl set cpu freq: -1 -1 1138000 -1
11-06 12:00:59.488 17603 17621 E IMGMapper: set:488 set: Unset optional value from type SMPTE2086
11-06 12:00:59.488 17603 17621 E IMGMapper: set:488 set: Unset optional value from type CTA861_3
11-06 12:00:59.488   896   910 I mtkpower_client: ret_hdl:1053446
11-06 12:00:59.488  1014  1065 I libPowerHal: [perfLockAcq] idx:0 hdl:1053446 hint:-1 pid:896 duration:0 lock_user:vendor.samsung. => ret_hdl:1053446
11-06 12:00:59.488   896   910 I HYPER-HAL: [RequestManager.cpp]releaseLocked(): Released ID : 725427
11-06 12:00:59.489  1014  1065 I libPowerHal: vendor.samsung.: cpu_ctrl set cpu freq: 1218000 -1 1138000 -1
11-06 12:00:59.506 17603 17621 E IMGMapper: set:488 set: Unset optional value from type SMPTE2086
11-06 12:00:59.506 17603 17621 E IMGMapper: set:488 set: Unset optional value from type CTA861_3
11-06 12:00:59.518 17603 17621 E IMGMapper: set:488 set: Unset optional value from type SMPTE2086
11-06 12:00:59.518 17603 17621 E IMGMapper: set:488 set: Unset optional value from type CTA861_3
11-06 12:00:59.537 17603 17621 E IMGMapper: set:488 set: Unset optional value from type SMPTE2086
11-06 12:00:59.537 17603 17621 E IMGMapper: set:488 set: Unset optional value from type CTA861_3
11-06 12:00:59.550 17603 17621 E IMGMapper: set:488 set: Unset optional value from type SMPTE2086
11-06 12:00:59.551 17603 17621 E IMGMapper: set:488 set: Unset optional value from type CTA861_3
11-06 12:00:59.557  1737  1942 D MobileStatusTracker(0/2): onSignalStrengthsChanged level=4, vendorLevel=3
11-06 12:00:59.558  1737  1942 D MobileSignalController(0/2): notifyListener: enabled=true, connected=true, dataConnected=true, networkType=LTE (4G), emergencyOnly=false, roaming=false, isDefault=false, dataActivity=, level=3, ca=false, mmWave=false, disabledDataIcon=false, simCard=ETC
11-06 12:00:59.561  1737  1942 D NetworkController: SignalStrength from intent slotId=0
11-06 12:00:59.570 17603 17621 E IMGMapper: set:488 set: Unset optional value from type SMPTE2086
11-06 12:00:59.570 17603 17621 E IMGMapper: set:488 set: Unset optional value from type CTA861_3
11-06 12:00:59.583 17603 17621 E IMGMapper: set:488 set: Unset optional value from type SMPTE2086
11-06 12:00:59.584 17603 17621 E IMGMapper: set:488 set: Unset optional value from type CTA861_3
11-06 12:00:59.599 17603 17621 E IMGMapper: set:488 set: Unset optional value from type SMPTE2086
11-06 12:00:59.599 17603 17621 E IMGMapper: set:488 set: Unset optional value from type CTA861_3
11-06 12:00:59.618 17603 17621 E IMGMapper: set:488 set: Unset optional value from type SMPTE2086
11-06 12:00:59.618 17603 17621 E IMGMapper: set:488 set: Unset optional value from type CTA861_3
11-06 12:00:59.632 17603 17621 E IMGMapper: set:488 set: Unset optional value from type SMPTE2086
11-06 12:00:59.632 17603 17621 E IMGMapper: set:488 set: Unset optional value from type CTA861_3
11-06 12:00:59.639   986  2895 D [BT]    : mtk_bt_op: BT_VND_OP_LPM_WAKE_SET_STATE
11-06 12:00:59.649 17603 17621 E IMGMapper: set:488 set: Unset optional value from type SMPTE2086
11-06 12:00:59.649 17603 17621 E IMGMapper: set:488 set: Unset optional value from type CTA861_3
11-06 12:00:59.672 17603 17621 E IMGMapper: set:488 set: Unset optional value from type SMPTE2086
11-06 12:00:59.672 17603 17621 E IMGMapper: set:488 set: Unset optional value from type CTA861_3
11-06 12:00:59.683 17603 17621 E IMGMapper: set:488 set: Unset optional value from type SMPTE2086
11-06 12:00:59.683 17603 17621 E IMGMapper: set:488 set: Unset optional value from type CTA861_3
11-06 12:00:59.699 17603 17621 E IMGMapper: set:488 set: Unset optional value from type SMPTE2086
11-06 12:00:59.699 17603 17621 E IMGMapper: set:488 set: Unset optional value from type CTA861_3
11-06 12:00:59.722 17603 17621 E IMGMapper: set:488 set: Unset optional value from type SMPTE2086
11-06 12:00:59.722 17603 17621 E IMGMapper: set:488 set: Unset optional value from type CTA861_3
11-06 12:00:59.737 17603 17621 E IMGMapper: set:488 set: Unset optional value from type SMPTE2086
11-06 12:00:59.737 17603 17621 E IMGMapper: set:488 set: Unset optional value from type CTA861_3
11-06 12:00:59.754 17603 17621 E IMGMapper: set:488 set: Unset optional value from type SMPTE2086
11-06 12:00:59.754 17603 17621 E IMGMapper: set:488 set: Unset optional value from type CTA861_3
11-06 12:00:59.786 17603 17621 E IMGMapper: set:488 set: Unset optional value from type SMPTE2086
11-06 12:00:59.786 17603 17621 E IMGMapper: set:488 set: Unset optional value from type CTA861_3
11-06 12:00:59.788  1187  1962 D InputDispatcher: Inject motion (17779/2000): action=0x1, time=3428075097000000, f=0x0, d=0 dsdx=1.000000 dtdx=0.000000
11-06 12:00:59.788  1187  1534 I InputDispatcher: Delivering touch to (17603): action: 0x1, f=0x0, d=0, 'f1e935b', t=1 
11-06 12:00:59.790  1187  1187 I SemDvfsHyPerManager: acquire hyper - SMOOTH_SCROLL/1187@17, type = -999
11-06 12:00:59.791   896   910 I HYPER-HAL: [RequestManager.cpp]acquire(): Acquired ID : 725427  [1187 / 17]    HINT : SMOOTH_SCROLL    list : 
11-06 12:00:59.791   896   910 I mtkpower_client: perf_lock_rel, hdl:1053445, tid:910
11-06 12:00:59.791  1187  1187 D SGM:GameManager: identifyGamePackage. com.cinemamovel, mCurrentUserId: 0, callerUserId: 0, callingMethodInfo: com.android.server.ssrm.fgapps.GameAppUtils.isGame(GameAppUtils.java:84)
11-06 12:00:59.791 17603 17603 I ViewRootImpl@706bef1[MainActivity]: ViewPostIme pointer 1
11-06 12:00:59.791  1187  1187 D SGM:PkgDataHelper: getGamePkgData(). com.cinemamovel
11-06 12:00:59.792  1187  1187 I SemDvfsHyPerManager: acquire hyper - GESTURE_DETECTED/1187@18, type = -999
11-06 12:00:59.792  1014  1065 I libPowerHal: [perfLockRel] hdl:1053445, idx:2
11-06 12:00:59.792  1014  1065 I libPowerHal: vendor.samsung.: cpu_ctrl set cpu freq: 1218000 -1 -1 -1
11-06 12:00:59.793  1187  1187 D SGM:GameManager: identifyGamePackage. com.cinemamovel, mCurrentUserId: 0, callerUserId: 0, callingMethodInfo: com.android.server.ssrm.fgapps.GameAppUtils.isGame(GameAppUtils.java:84)
11-06 12:00:59.794  1187  1187 D SGM:PkgDataHelper: getGamePkgData(). com.cinemamovel
11-06 12:00:59.794  1187  1187 I SemDvfsHyPerManager: acquire hyper - GESTURE_DETECTED/1187@18, type = -999
11-06 12:00:59.797 17603 17621 E IMGMapper: set:488 set: Unset optional value from type SMPTE2086
11-06 12:00:59.797 17603 17621 E IMGMapper: set:488 set: Unset optional value from type CTA861_3
11-06 12:00:59.798   896   910 I mtkpower_client: perf_lock_acq, hdl:0, dur:0, num:2, tid:910
11-06 12:00:59.798   896   910 I mtkpower_client: ret_hdl:1053447
11-06 12:00:59.798   896   910 I mtkpower_client: perf_lock_rel, hdl:1053446, tid:910
11-06 12:00:59.799  1014  1065 I libPowerHal: [perfLockAcq] idx:1 hdl:1053447 hint:-1 pid:896 duration:0 lock_user:vendor.samsung. => ret_hdl:1053447
11-06 12:00:59.799  1014  1065 I libPowerHal: vendor.samsung.: cpu_ctrl set cpu freq: 1218000 -1 1138000 -1
11-06 12:00:59.799  1014  1065 I libPowerHal: [perfLockRel] hdl:1053446, idx:0
11-06 12:00:59.799   896   910 I mtkpower_client: perf_lock_acq, hdl:0, dur:0, num:2, tid:910
11-06 12:00:59.800  1014  1065 I libPowerHal: vendor.samsung.: cpu_ctrl set cpu freq: -1 -1 1138000 -1
11-06 12:00:59.801  1187  1187 I SemDvfsHyPerManager: acquire hyper - SMOOTH_SCROLL/1187@17, type = -999
11-06 12:00:59.801   896   910 I mtkpower_client: ret_hdl:1053448
11-06 12:00:59.801   896   910 I mtkpower_client: perf_lock_rel, hdl:1053447, tid:910
11-06 12:00:59.802  1014  1065 I libPowerHal: [perfLockAcq] idx:0 hdl:1053448 hint:-1 pid:896 duration:0 lock_user:vendor.samsung. => ret_hdl:1053448
11-06 12:00:59.802  1014  1065 I libPowerHal: vendor.samsung.: cpu_ctrl set cpu freq: 1218000 -1 1138000 -1
11-06 12:00:59.803   896   910 I mtkpower_client: perf_lock_acq, hdl:0, dur:0, num:2, tid:910
11-06 12:00:59.803  1014  1065 I libPowerHal: [perfLockRel] hdl:1053447, idx:1
11-06 12:00:59.803  1014  1065 I libPowerHal: vendor.samsung.: cpu_ctrl set cpu freq: 1218000 -1 -1 -1
11-06 12:00:59.804   896   910 I mtkpower_client: ret_hdl:1053449
11-06 12:00:59.804   896   910 I mtkpower_client: perf_lock_rel, hdl:1053448, tid:910
11-06 12:00:59.804  1014  1065 I libPowerHal: [perfLockAcq] idx:1 hdl:1053449 hint:-1 pid:896 duration:0 lock_user:vendor.samsung. => ret_hdl:1053449
11-06 12:00:59.804  1014  1065 I libPowerHal: vendor.samsung.: cpu_ctrl set cpu freq: 1218000 -1 1138000 -1
11-06 12:00:59.804 17603 17621 E IMGMapper: set:488 set: Unset optional value from type SMPTE2086
11-06 12:00:59.804 17603 17621 E IMGMapper: set:488 set: Unset optional value from type CTA861_3
11-06 12:00:59.804   896   910 I mtkpower_client: perf_lock_acq, hdl:0, dur:0, num:2, tid:910
11-06 12:00:59.804  1014  1065 I libPowerHal: [perfLockRel] hdl:1053448, idx:0
11-06 12:00:59.805  1014  1065 I libPowerHal: vendor.samsung.: cpu_ctrl set cpu freq: -1 -1 1138000 -1
11-06 12:00:59.805   896   910 I mtkpower_client: ret_hdl:1053450
11-06 12:00:59.805  1014  1065 I libPowerHal: [perfLockAcq] idx:0 hdl:1053450 hint:-1 pid:896 duration:0 lock_user:vendor.samsung. => ret_hdl:1053450
11-06 12:00:59.805  1014  1065 I libPowerHal: vendor.samsung.: cpu_ctrl set cpu freq: 1218000 -1 1138000 -1
11-06 12:00:59.806   896   910 I HYPER-HAL: [RequestManager.cpp]releaseLocked(): Released ID : 725427
11-06 12:00:59.806   896   910 I HYPER-HAL: [RequestManager.cpp]acquire(): Acquired ID : 726633  [1187 / 18]    HINT : GESTURE_DETECTED    list : [TIMEOUT / 1702] 
11-06 12:00:59.806   896   910 I HYPER-HAL: [RequestManager.cpp]acquire(): Acquired ID : 726633  [1187 / 18]    HINT : GESTURE_DETECTED    list : [TIMEOUT / 1702] 
11-06 12:00:59.806   896   910 I HYPER-HAL: [RequestManager.cpp]acquire(): Acquired ID : 725427  [1187 / 17]    HINT : SMOOTH_SCROLL    list : 
11-06 12:00:59.806   896   910 I mtkpower_client: perf_lock_rel, hdl:1053449, tid:910
11-06 12:00:59.807   896   910 I mtkpower_client: perf_lock_acq, hdl:0, dur:0, num:2, tid:910
11-06 12:00:59.807  1014  1065 I libPowerHal: [perfLockRel] hdl:1053449, idx:1
11-06 12:00:59.808  1014  1065 I libPowerHal: vendor.samsung.: cpu_ctrl set cpu freq: 1218000 -1 -1 -1
11-06 12:00:59.811   896   910 I mtkpower_client: ret_hdl:1053451
11-06 12:00:59.811   896   910 I mtkpower_client: perf_lock_rel, hdl:1053450, tid:910
11-06 12:00:59.811   896   910 I mtkpower_client: perf_lock_acq, hdl:0, dur:0, num:2, tid:910
11-06 12:00:59.812   896   910 I mtkpower_client: ret_hdl:1053452
11-06 12:00:59.812  1014  1065 I libPowerHal: [perfLockAcq] idx:2 hdl:1053451 hint:-1 pid:896 duration:0 lock_user:vendor.samsung. => ret_hdl:1053451
11-06 12:00:59.812  1014  1065 I libPowerHal: vendor.samsung.: cpu_ctrl set cpu freq: 1218000 -1 1138000 -1
11-06 12:00:59.813  1014  1065 I libPowerHal: [perfLockRel] hdl:1053450, idx:0
11-06 12:00:59.813  1014  1065 I libPowerHal: vendor.samsung.: cpu_ctrl set cpu freq: -1 -1 1138000 -1
11-06 12:00:59.814  1014  1065 I libPowerHal: [perfLockAcq] idx:1 hdl:1053452 hint:-1 pid:896 duration:0 lock_user:vendor.samsung. => ret_hdl:1053452
11-06 12:00:59.814  1014  1065 I libPowerHal: vendor.samsung.: cpu_ctrl set cpu freq: 1218000 -1 1138000 -1
11-06 12:00:59.814 17603 17621 E IMGMapper: set:488 set: Unset optional value from type SMPTE2086
11-06 12:00:59.815 17603 17621 E IMGMapper: set:488 set: Unset optional value from type CTA861_3
11-06 12:00:59.834 17603 17621 E IMGMapper: set:488 set: Unset optional value from type SMPTE2086
11-06 12:00:59.835 17603 17621 E IMGMapper: set:488 set: Unset optional value from type CTA861_3
11-06 12:00:59.850 17603 17621 E IMGMapper: set:488 set: Unset optional value from type SMPTE2086
11-06 12:00:59.850 17603 17621 E IMGMapper: set:488 set: Unset optional value from type CTA861_3
11-06 12:00:59.870 17603 17621 E IMGMapper: set:488 set: Unset optional value from type SMPTE2086
11-06 12:00:59.870 17603 17621 E IMGMapper: set:488 set: Unset optional value from type CTA861_3
11-06 12:00:59.883 17603 17621 E IMGMapper: set:488 set: Unset optional value from type SMPTE2086
11-06 12:00:59.884 17603 17621 E IMGMapper: set:488 set: Unset optional value from type CTA861_3
11-06 12:00:59.901 17603 17621 E IMGMapper: set:488 set: Unset optional value from type SMPTE2086
11-06 12:00:59.901 17603 17621 E IMGMapper: set:488 set: Unset optional value from type CTA861_3
