11-06 12:00:55.241 17603 17621 E IMGMapper: set:488 set: Unset optional value from type SMPTE2086
11-06 12:00:55.241 17603 17621 E IMGMapper: set:488 set: Unset optional value from type CTA861_3
11-06 12:00:55.260 17603 17621 E IMGMapper: set:488 set: Unset optional value from type SMPTE2086
11-06 12:00:55.260 17603 17621 E IMGMapper: set:488 set: Unset optional value from type CTA861_3
11-06 12:00:55.274 17603 17621 E IMGMapper: set:488 set: Unset optional value from type SMPTE2086
11-06 12:00:55.275 17603 17621 E IMGMapper: set:488 set: Unset optional value from type CTA861_3
11-06 12:00:55.300 17603 17621 E IMGMapper: set:488 set: Unset optional value from type SMPTE2086
11-06 12:00:55.300 17603 17621 E IMGMapper: set:488 set: Unset optional value from type CTA861_3
11-06 12:00:55.314 17603 17621 E IMGMapper: set:488 set: Unset optional value from type SMPTE2086
11-06 12:00:55.315 17603 17621 E IMGMapper: set:488 set: Unset optional value from type CTA861_3
11-06 12:00:55.359 17603 17621 E IMGMapper: set:488 set: Unset optional value from type SMPTE2086
11-06 12:00:55.359 17603 17621 E IMGMapper: set:488 set: Unset optional value from type CTA861_3
11-06 12:00:55.372 17603 17621 E IMGMapper: set:488 set: Unset optional value from type SMPTE2086
11-06 12:00:55.372 17603 17621 E IMGMapper: set:488 set: Unset optional value from type CTA861_3
11-06 12:00:55.380 17603 17621 E IMGMapper: set:488 set: Unset optional value from type SMPTE2086
11-06 12:00:55.381 17603 17621 E IMGMapper: set:488 set: Unset optional value from type CTA861_3
11-06 12:00:55.394 17603 17621 E IMGMapper: set:488 set: Unset optional value from type SMPTE2086
11-06 12:00:55.395 17603 17621 E IMGMapper: set:488 set: Unset optional value from type CTA861_3
11-06 12:00:55.409 17603 17621 E IMGMapper: set:488 set: Unset optional value from type SMPTE2086
11-06 12:00:55.409 17603 17621 E IMGMapper: set:488 set: Unset optional value from type CTA861_3
11-06 12:00:55.427 17603 17621 E IMGMapper: set:488 set: Unset optional value from type SMPTE2086
11-06 12:00:55.427 17603 17621 E IMGMapper: set:488 set: Unset optional value from type CTA861_3
11-06 12:00:55.441 17603 17621 E IMGMapper: set:488 set: Unset optional value from type SMPTE2086
11-06 12:00:55.441 17603 17621 E IMGMapper: set:488 set: Unset optional value from type CTA861_3
11-06 12:00:55.457 17603 17621 E IMGMapper: set:488 set: Unset optional value from type SMPTE2086
11-06 12:00:55.457 17603 17621 E IMGMapper: set:488 set: Unset optional value from type CTA861_3
11-06 12:00:55.475 17603 17621 E IMGMapper: set:488 set: Unset optional value from type SMPTE2086
11-06 12:00:55.475 17603 17621 E IMGMapper: set:488 set: Unset optional value from type CTA861_3
11-06 12:00:55.491 17603 17621 E IMGMapper: set:488 set: Unset optional value from type SMPTE2086
11-06 12:00:55.491 17603 17621 E IMGMapper: set:488 set: Unset optional value from type CTA861_3
11-06 12:00:55.516 17603 17621 E IMGMapper: set:488 set: Unset optional value from type SMPTE2086
11-06 12:00:55.516 17603 17621 E IMGMapper: set:488 set: Unset optional value from type CTA861_3
11-06 12:00:55.533 17603 17621 E IMGMapper: set:488 set: Unset optional value from type SMPTE2086
11-06 12:00:55.534 17603 17621 E IMGMapper: set:488 set: Unset optional value from type CTA861_3
11-06 12:00:55.572 17603 17621 E IMGMapper: set:488 set: Unset optional value from type SMPTE2086
11-06 12:00:55.572 17603 17621 E IMGMapper: set:488 set: Unset optional value from type CTA861_3
11-06 12:00:55.585 17603 17621 E IMGMapper: set:488 set: Unset optional value from type SMPTE2086
11-06 12:00:55.585 17603 17621 E IMGMapper: set:488 set: Unset optional value from type CTA861_3
11-06 12:00:55.596 17603 17621 E IMGMapper: set:488 set: Unset optional value from type SMPTE2086
11-06 12:00:55.596 17603 17621 E IMGMapper: set:488 set: Unset optional value from type CTA861_3
11-06 12:00:55.610 17603 17621 E IMGMapper: set:488 set: Unset optional value from type SMPTE2086
11-06 12:00:55.611 17603 17621 E IMGMapper: set:488 set: Unset optional value from type CTA861_3
11-06 12:00:55.628 17603 17621 E IMGMapper: set:488 set: Unset optional value from type SMPTE2086
11-06 12:00:55.628 17603 17621 E IMGMapper: set:488 set: Unset optional value from type CTA861_3
11-06 12:00:55.645 17603 17621 E IMGMapper: set:488 set: Unset optional value from type SMPTE2086
11-06 12:00:55.645 17603 17621 E IMGMapper: set:488 set: Unset optional value from type CTA861_3
11-06 12:00:55.663 17603 17621 E IMGMapper: set:488 set: Unset optional value from type SMPTE2086
11-06 12:00:55.663 17603 17621 E IMGMapper: set:488 set: Unset optional value from type CTA861_3
11-06 12:00:55.678 17603 17621 E IMGMapper: set:488 set: Unset optional value from type SMPTE2086
11-06 12:00:55.678 17603 17621 E IMGMapper: set:488 set: Unset optional value from type CTA861_3
11-06 12:00:55.694 17603 17621 E IMGMapper: set:488 set: Unset optional value from type SMPTE2086
11-06 12:00:55.694 17603 17621 E IMGMapper: set:488 set: Unset optional value from type CTA861_3
11-06 12:00:55.711 17603 17621 E IMGMapper: set:488 set: Unset optional value from type SMPTE2086
11-06 12:00:55.711 17603 17621 E IMGMapper: set:488 set: Unset optional value from type CTA861_3
11-06 12:00:55.729 17603 17621 E IMGMapper: set:488 set: Unset optional value from type SMPTE2086
11-06 12:00:55.729 17603 17621 E IMGMapper: set:488 set: Unset optional value from type CTA861_3
11-06 12:00:55.744 17603 17621 E IMGMapper: set:488 set: Unset optional value from type SMPTE2086
11-06 12:00:55.744 17603 17621 E IMGMapper: set:488 set: Unset optional value from type CTA861_3
11-06 12:00:55.763 17603 17621 E IMGMapper: set:488 set: Unset optional value from type SMPTE2086
11-06 12:00:55.763 17603 17621 E IMGMapper: set:488 set: Unset optional value from type CTA861_3
11-06 12:00:55.778 17603 17621 E IMGMapper: set:488 set: Unset optional value from type SMPTE2086
11-06 12:00:55.778 17603 17621 E IMGMapper: set:488 set: Unset optional value from type CTA861_3
11-06 12:00:55.794 17603 17621 E IMGMapper: set:488 set: Unset optional value from type SMPTE2086
11-06 12:00:55.794 17603 17621 E IMGMapper: set:488 set: Unset optional value from type CTA861_3
11-06 12:00:55.810 17603 17621 E IMGMapper: set:488 set: Unset optional value from type SMPTE2086
11-06 12:00:55.810 17603 17621 E IMGMapper: set:488 set: Unset optional value from type CTA861_3
11-06 12:00:55.827 17603 17621 E IMGMapper: set:488 set: Unset optional value from type SMPTE2086
11-06 12:00:55.827 17603 17621 E IMGMapper: set:488 set: Unset optional value from type CTA861_3
11-06 12:00:55.845 17603 17621 E IMGMapper: set:488 set: Unset optional value from type SMPTE2086
11-06 12:00:55.845 17603 17621 E IMGMapper: set:488 set: Unset optional value from type CTA861_3
11-06 12:00:55.862 17603 17621 E IMGMapper: set:488 set: Unset optional value from type SMPTE2086
11-06 12:00:55.862 17603 17621 E IMGMapper: set:488 set: Unset optional value from type CTA861_3
11-06 12:00:55.883 17603 17621 E IMGMapper: set:488 set: Unset optional value from type SMPTE2086
11-06 12:00:55.883 17603 17621 E IMGMapper: set:488 set: Unset optional value from type CTA861_3
11-06 12:00:55.897 17603 17621 E IMGMapper: set:488 set: Unset optional value from type SMPTE2086
11-06 12:00:55.897 17603 17621 E IMGMapper: set:488 set: Unset optional value from type CTA861_3
11-06 12:00:55.911 17603 17621 E IMGMapper: set:488 set: Unset optional value from type SMPTE2086
11-06 12:00:55.911 17603 17621 E IMGMapper: set:488 set: Unset optional value from type CTA861_3
11-06 12:00:55.927 17603 17621 E IMGMapper: set:488 set: Unset optional value from type SMPTE2086
11-06 12:00:55.928 17603 17621 E IMGMapper: set:488 set: Unset optional value from type CTA861_3
11-06 12:00:55.945 17603 17621 E IMGMapper: set:488 set: Unset optional value from type SMPTE2086
11-06 12:00:55.945 17603 17621 E IMGMapper: set:488 set: Unset optional value from type CTA861_3
11-06 12:00:55.959 17603 17621 E IMGMapper: set:488 set: Unset optional value from type SMPTE2086
11-06 12:00:55.959 17603 17621 E IMGMapper: set:488 set: Unset optional value from type CTA861_3
11-06 12:00:55.974 17603 17621 E IMGMapper: set:488 set: Unset optional value from type SMPTE2086
11-06 12:00:55.974 17603 17621 E IMGMapper: set:488 set: Unset optional value from type CTA861_3
11-06 12:00:55.990 17603 17621 E IMGMapper: set:488 set: Unset optional value from type SMPTE2086
11-06 12:00:55.990 17603 17621 E IMGMapper: set:488 set: Unset optional value from type CTA861_3
11-06 12:00:56.009 17603 17621 E IMGMapper: set:488 set: Unset optional value from type SMPTE2086
11-06 12:00:56.009 17603 17621 E IMGMapper: set:488 set: Unset optional value from type CTA861_3
11-06 12:00:56.025 17603 17621 E IMGMapper: set:488 set: Unset optional value from type SMPTE2086
11-06 12:00:56.026 17603 17621 E IMGMapper: set:488 set: Unset optional value from type CTA861_3
11-06 12:00:56.045 17603 17621 E IMGMapper: set:488 set: Unset optional value from type SMPTE2086
11-06 12:00:56.045 17603 17621 E IMGMapper: set:488 set: Unset optional value from type CTA861_3
11-06 12:00:56.050   992   992 I android.hardware.health@2.1-service-samsung: start ISehThermal::getService()
11-06 12:00:56.051   494   494 I hwservicemanager: getTransport: Cannot find entry vendor.samsung.hardware.thermal@1.0::ISehThermal/default in either framework or device VINTF manifest.
11-06 12:00:56.052   992   992 E android.hardware.health@2.1-service-samsung: ISehThermal::getService() fail
11-06 12:00:56.055  1187  1960 D BatteryService: Sending ACTION_BATTERY_CHANGED: level:89, status:2, health:2, ac:false, usb:true, wireless:false, pogo:false, misc:0x0, charge_type:1, charger_type:0, voltage:4185, temperature:388, online:1, current_avg:-280000, ps:false, hvc:false, capacity:280000, current_event:0x0, current_now:-223800, mcc:500000, mcv:5000000, cc:2621940, present:true, scale:100, technology:Li-ion
11-06 12:00:56.058 17603 17621 E IMGMapper: set:488 set: Unset optional value from type SMPTE2086
11-06 12:00:56.058 17603 17621 E IMGMapper: set:488 set: Unset optional value from type CTA861_3
11-06 12:00:56.075 17603 17621 E IMGMapper: set:488 set: Unset optional value from type SMPTE2086
11-06 12:00:56.075 17603 17621 E IMGMapper: set:488 set: Unset optional value from type CTA861_3
11-06 12:00:56.097 17603 17621 E IMGMapper: set:488 set: Unset optional value from type SMPTE2086
11-06 12:00:56.098 17603 17621 E IMGMapper: set:488 set: Unset optional value from type CTA861_3
11-06 12:00:56.126  1187  1663 D WifiConnectivityMonitor.NetworkStatsAnalyzer: Backhaul result - RSSI:-59, CE:14, PE:13, TI:15, PTI:15, TW:2, PTW:2, Tx:841, Rx:815, TxS:832, RxS:807, RESULT:true, IC:0, ICT:5, WC:0, WCT:5, R:19, RC:0, IE:0, EC:0
11-06 12:00:56.129  1187  1187 E BatteryService: !@[BatteryInfo] IOException in readFromFile
11-06 12:00:56.129  1187  1187 D BatteryService: !@[BatteryInfo] /sys/class/power_supply/battery/fg_asoc : data is null.
11-06 12:00:56.130  1187  1187 D BatteryService: !@currentAsoc: -1
11-06 12:00:56.131  1187  1187 D BatteryService: !@[BatteryInfo] readFromFile /efs/FactoryApp/asoc: -1
11-06 12:00:56.131  1187  1187 D BatteryService: !@initializeSavedAsoc: -1
11-06 12:00:56.132  1187  1187 D BatteryService: !@[BatteryInfo] writeToFile /efs/FactoryApp/asoc: -1
11-06 12:00:56.135  1187  1187 E BatteryService: !@[BatteryInfo] IOException in writeToFile
11-06 12:00:56.136  1187  1527 D MotionRecognitionService: [SAR]  onReceive : ACTION_BATTERY_CHANGED, Plugged: 2
11-06 12:00:56.136  1187  1674 I DeviceBatteryInfoService: action: android.intent.action.BATTERY_CHANGED
11-06 12:00:56.136  1187  1674 I DeviceBatteryInfoService: phone battery level: 89
11-06 12:00:56.136  1187  1674 I DeviceBatteryInfoService: phone battery status: 2
11-06 12:00:56.136  1187  1674 D DeviceBatteryInfoService: setBatteryStatus : 2
11-06 12:00:56.137  1711  1711 D SemBigDataInfoController: Intent: android.intent.action.BATTERY_CHANGED
11-06 12:00:56.138  1711  1711 D SemBigDataInfoController: Intent: android.intent.action.BATTERY_CHANGED
11-06 12:00:56.140  1737  1737 I PowerUI : mBootCompleted = true |  mFullyConnected = true
11-06 12:00:56.140  1737  1737 I PowerUI : BATTERY_HEALTH_CHECK extraHealth=2 mBatteryMiscEvent=0
11-06 12:00:56.140  1737  1737 W PowerUI : Plug reason
11-06 12:00:56.140  1737  1737 W PowerUI : Skip charging animation - by plug status
11-06 12:00:56.140  1737  1737 D PowerUI : priorPlugType = 2 mPlugType = 2 priorBatteryStatus = 2 mBatteryStatus = 2
11-06 12:00:56.140  1737  1737 W PowerUI : Plug reason
11-06 12:00:56.140  1737  1737 W PowerUI : Skip charging sound - by plug status
11-06 12:00:56.140  1737  1737 I PowerUI : oldMisalign : false, curMisalign : false
11-06 12:00:56.141  1737  1737 D SecPowerUI.Notification: showChargingNotice oldChargingType : 11 / currentChargingType : 11, oldChargingTime : 0 / mChargingTime : 0
11-06 12:00:56.141  1737  1737 D SecPowerUI.Notification: showChargingNotification()
11-06 12:00:56.141  1737  1737 D SecPowerUI.Notification: SecBatteryStatsSnapshot{batteryLevel=89, currentBatteryMode=0, chargingTime=0, chargingType=11, batteryHealth=2, automaticTestMode=false, isHiccupState=false}
11-06 12:00:56.142  1737 10636 D SecPowerUI.Notification: dismissing low battery warning: level=89
11-06 12:00:56.142  1737 10636 D SecPowerUI.Notification: updateNotification mWarning=false mPlaySound=false
11-06 12:00:56.142  1737 10636 D SecPowerUI.Notification: SecBatteryStatsSnapshot{batteryLevel=89, currentBatteryMode=0, chargingTime=0, chargingType=11, batteryHealth=2, automaticTestMode=false, isHiccupState=false}
11-06 12:00:56.145  1737 10636 D SecPowerUI.Notification: 1. restoreScreenTimeOut - saved_value : :
11-06 12:00:56.145  1737 10636 E SecPowerUI.Notification: no saved value, so we do nothing !!
11-06 12:00:56.147  3184  3184 E SDHMS:SDHMS_UTIL_IO: e = /sys/class/power_supply/battery/chg_type: open failed: ENOENT (No such file or directory)
11-06 12:00:56.148  1187  1187 D PhoneWindowManagerExt: ACTION_BATTERY_CHANGED - Level=89, status=2
11-06 12:00:56.148  1187  1187 D SemWifiApBroadcastReceiver: Received : android.intent.action.BATTERY_CHANGED
11-06 12:00:56.150  1187  1337 D CompatibilityChangeReporter: Compat change id reported: 135634846; UID 10183; state: DISABLED
11-06 12:00:56.150  1187  1337 D CompatibilityChangeReporter: Compat change id reported: 177438394; UID 10183; state: DISABLED
11-06 12:00:56.150  1187  1337 D CompatibilityChangeReporter: Compat change id reported: 135772972; UID 10183; state: DISABLED
11-06 12:00:56.150  1187  1337 D CompatibilityChangeReporter: Compat change id reported: 135754954; UID 10183; state: ENABLED
11-06 12:00:56.152  1187  1339 D CompatibilityChangeReporter: Compat change id reported: 143937733; UID 10183; state: ENABLED
11-06 12:00:56.154 17603 17621 E IMGMapper: set:488 set: Unset optional value from type SMPTE2086
11-06 12:00:56.154 17603 17621 E IMGMapper: set:488 set: Unset optional value from type CTA861_3
11-06 12:00:56.154  1187  1187 D CompatibilityChangeReporter: Compat change id reported: 161145287; UID 1000; state: DISABLED
11-06 12:00:56.157  1187  1792 D ApplicationPolicy: isStatusBarNotificationAllowedAsUser: packageName = com.android.systemui,userId = 0
11-06 12:00:56.158  1187  1792 D ApplicationPolicy: isStatusBarNotificationAllowedAsUser: packageName = com.android.systemui,userId = -1
11-06 12:00:56.158  1187  1792 D ApplicationPolicy: isStatusBarNotificationAllowedAsUser: converting userId from USER_ALLto 0
11-06 12:00:56.160  1737  1737 D PowerUI : Battery swelling mode - priorBatterySwellingMode = 0 mBatterySwellingMode = 0 mBatteryStatus = 2
11-06 12:00:56.160  1737  1737 I PowerUI : mBatteryMiscEvent = 0
11-06 12:00:56.160  1737  1737 D KeyguardUpdateMonitor: received broadcast android.intent.action.BATTERY_CHANGED
11-06 12:00:56.161  1737  1737 D SamsungBatteryMeterDrawable: onBatteryLevelChanged isSomethingChanged: true
11-06 12:00:56.161  1737  1737 D SamsungBatteryMeterDrawable: onBatteryLevelChanged isSomethingChanged: true
11-06 12:00:56.164 17603 17621 E IMGMapper: set:488 set: Unset optional value from type SMPTE2086
11-06 12:00:56.164 17603 17621 E IMGMapper: set:488 set: Unset optional value from type CTA861_3
11-06 12:00:56.168  1737  1737 D SamsungBatteryMeterDrawable: onBatteryLevelChanged isSomethingChanged: true
11-06 12:00:56.169  1737  1737 D SamsungBatteryMeterDrawable: onBatteryLevelChanged isSomethingChanged: true
11-06 12:00:56.170  1737  1737 I AODBatteryManager: updateBatteryData: ACTION_BATTERY_CHANGED
11-06 12:00:56.172  1737  1737 I AODBatteryManager: saveBatteryData : AOD BatteryData [mBatteryLevel=89, mBatteryStatus=CHARGING, mBatteryPlugType=USB, mBatteryPlugged=true, mRemainingChargeTime=7964770, mBatteryChargingType=1, mBatteryChargerType=NORMAL, mBatteryOnline=NONE, mBatterySwellingMode=NONE, mBatteryProtectMode=false]
11-06 12:00:56.172  1737  1737 I ChargingInfoManager: updateChargingInfo: newState = AOD ChargingInfo [mState=BATTERY_AND_REMAIN_TIME, mIsCharging=true, mIsFullyCharged=false, mIsBatteryProtectMode=false], oldState = AOD ChargingInfo [mState=BATTERY_AND_REMAIN_TIME, mIsCharging=true, mIsFullyCharged=false, mIsBatteryProtectMode=false]
11-06 12:00:56.172  1737  1737 D KeyguardUpdateMonitor: handleBatteryUpdate
11-06 12:00:56.176 17603 17621 E IMGMapper: set:488 set: Unset optional value from type SMPTE2086
11-06 12:00:56.176 17603 17621 E IMGMapper: set:488 set: Unset optional value from type CTA861_3
11-06 12:00:56.177   881   881 D Zygote  : Forked child process 17738
11-06 12:00:56.178  1187  1339 I ActivityManager: Start proc 17738:com.google.android.apps.turbo/u0a183 for broadcast {com.google.android.apps.turbo/com.google.android.apps.turbo.nudges.broadcasts.BatteryStatusChangedReceiver}
11-06 12:00:56.191 17603 17621 E IMGMapper: set:488 set: Unset optional value from type SMPTE2086
11-06 12:00:56.192 17603 17621 E IMGMapper: set:488 set: Unset optional value from type CTA861_3
11-06 12:00:56.205 17603 17621 E IMGMapper: set:488 set: Unset optional value from type SMPTE2086
11-06 12:00:56.205 17603 17621 E IMGMapper: set:488 set: Unset optional value from type CTA861_3
11-06 12:00:56.224 17603 17621 E IMGMapper: set:488 set: Unset optional value from type SMPTE2086
11-06 12:00:56.224 17603 17621 E IMGMapper: set:488 set: Unset optional value from type CTA861_3
11-06 12:00:56.228  1039  1039 I BufferQueueProducer: [com.cinemamovel/com.cinemamovel.MainActivity$_17603#690630](this:0xb400007a1e951838,id:-1,api:0,p:-1,c:1039) queueBuffer: fps=56.15 dur=1015.20 max=49.87 min=15.75
11-06 12:00:56.230   991 11009 I hwcomposer: [HWCDisplay] [Display_0 (type:1)] fps:56.190235,dur:1014.41,max:49.80,min:15.72  
11-06 12:00:56.240 17603 17621 E IMGMapper: set:488 set: Unset optional value from type SMPTE2086
11-06 12:00:56.240 17603 17621 E IMGMapper: set:488 set: Unset optional value from type CTA861_3
11-06 12:00:56.257 17603 17621 E IMGMapper: set:488 set: Unset optional value from type SMPTE2086
11-06 12:00:56.257 17603 17621 E IMGMapper: set:488 set: Unset optional value from type CTA861_3
11-06 12:00:56.274 17603 17621 E IMGMapper: set:488 set: Unset optional value from type SMPTE2086
11-06 12:00:56.274 17603 17621 E IMGMapper: set:488 set: Unset optional value from type CTA861_3
11-06 12:00:56.282  1737  1737 D KeyguardSecIndicationController: addIndicationTimeout() returned - unlocking
11-06 12:00:56.282  1737  1737 D KeyguardSecIndicationController: addIndication() returned - unlocking
11-06 12:00:56.283  1737  1737 D KeyguardSecIndicationPolicy:  remove Item pos = DEFAULT, type =           OWNER_INFO
11-06 12:00:56.284  1737  1737 D KeyguardSecIndicationController: addBatteryAndOwnerInfoIndication() battery status = BatteryStatus{status=2,level=89,plugged=2,health=2,maxChargingWattage=2500000,remaining=7964770ultraFastCharger=0}
11-06 12:00:56.289  1187  1792 D InputDispatcher: Inject motion (17741/2000): action=0x0, time=3428071598000000, f=0x0, d=0 dsdx=1.000000 dtdx=0.000000
11-06 12:00:56.290  1187  1534 I InputDispatcher: Delivering touch to (1737): action: 0x4, f=0x0, d=0, 'd92b8ad', t=1 
11-06 12:00:56.290  1187  1534 I InputDispatcher: Delivering touch to (17603): action: 0x0, f=0x0, d=0, 'f1e935b', t=1 
11-06 12:00:56.290  1737  1737 I FaceWidgetPositionAlgorithm: getClockContainerHeight() supplier = 193, bottom margin = 0, real height = 238
11-06 12:00:56.290  1187  1534 D PowerManagerService: [api] userActivityFromNative :  (event: 2 flags: 0 displayId: 0) eventTime = 3428071598
11-06 12:00:56.290 17603 17603 I ViewRootImpl@706bef1[MainActivity]: ViewPostIme pointer 0
11-06 12:00:56.290  1737  1737 I FaceWidgetPositionAlgorithm: getClockContainerHeight() supplier = 193, bottom margin = 45, real height = 238
11-06 12:00:56.291  1737  1737 I FaceWidgetPositionAlgorithm: getMediaContainerHeight() height = 326 container Visibility = 8, isValid = false, mIsDozing = false, fraction = 1.0, source = 0, target = 0
11-06 12:00:56.291  1737  1737 I FaceWidgetPositionAlgorithm: getMediaContainerHeight() supplier = 0
11-06 12:00:56.292  1737  1737 V QsExpandAnimator: setQsExpansionPosition 0.0
11-06 12:00:56.293 17603 17621 E IMGMapper: set:488 set: Unset optional value from type SMPTE2086
11-06 12:00:56.293 17603 17621 E IMGMapper: set:488 set: Unset optional value from type CTA861_3
11-06 12:00:56.295  1187  1303 I GestureDetector: obtain mCurrentDownEvent. id: -868531220 caller: com.android.server.wm.SystemGesturesPointerEventListener.onPointerEvent:203 com.android.server.wm.PointerEventDispatcher.onInputEvent:53 android.view.InputEventReceiver.dispatchInputEvent:285 
11-06 12:00:56.296  1187  1303 I GestureDetector: obtain mCurrentDownEvent. id: -868531220 caller: com.android.server.wm.SystemPerformancePointerEventListener.onPointerEvent:89 com.android.server.wm.PointerEventDispatcher.onInputEvent:53 android.view.InputEventReceiver.dispatchInputEvent:285 
11-06 12:00:56.304  1187  1303 I GestureDetector: obtain mCurrentMotionEventRaw. action: 2 id: -942428326
11-06 12:00:56.304  1187  1303 I GestureDetector: obtain mCurrentMotionEventRaw. action: 2 id: -942428326
11-06 12:00:56.305 17738 17738 I roid.apps.turbo: Using CollectorTypeCC GC.
11-06 12:00:56.307  1737  1796 E IMGMapper: set:488 set: Unset optional value from type SMPTE2086
11-06 12:00:56.311  1737  1796 E IMGMapper: set:488 set: Unset optional value from type CTA861_3
11-06 12:00:56.313   896   910 I mtkpower_client: perf_lock_rel, hdl:1053427, tid:910
11-06 12:00:56.313   896   910 I mtkpower_client: perf_lock_acq, hdl:0, dur:0, num:2, tid:910
11-06 12:00:56.314  1014  1065 I libPowerHal: [perfLockRel] hdl:1053427, idx:0
11-06 12:00:56.315  1014  1065 I libPowerHal: vendor.samsung.: cpu_ctrl set cpu freq: 1218000 -1 -1 -1
11-06 12:00:56.315 17603 17621 E IMGMapper: set:488 set: Unset optional value from type SMPTE2086
11-06 12:00:56.316 17603 17621 E IMGMapper: set:488 set: Unset optional value from type CTA861_3
11-06 12:00:56.317 17738 17738 E roid.apps.turbo: Not starting debugger since process cannot load the jdwp agent.
11-06 12:00:56.317   896   910 I mtkpower_client: ret_hdl:1053429
11-06 12:00:56.317   896   910 I mtkpower_client: perf_lock_rel, hdl:1053428, tid:910
11-06 12:00:56.318   896   910 I mtkpower_client: perf_lock_acq, hdl:0, dur:0, num:2, tid:910
11-06 12:00:56.318   896   910 I mtkpower_client: ret_hdl:1053430
11-06 12:00:56.318   896   910 I HYPER-HAL: [RequestManager.cpp]releaseLocked(): Released ID : 725427
11-06 12:00:56.319  1014  1065 I libPowerHal: [perfLockAcq] idx:2 hdl:1053429 hint:-1 pid:896 duration:0 lock_user:vendor.samsung. => ret_hdl:1053429
11-06 12:00:56.319  1014  1065 I libPowerHal: vendor.samsung.: cpu_ctrl set cpu freq: 1218000 -1 1138000 -1
11-06 12:00:56.320  1014  1065 I libPowerHal: [perfLockRel] hdl:1053428, idx:1
11-06 12:00:56.320  1014  1065 I libPowerHal: vendor.samsung.: cpu_ctrl set cpu freq: -1 -1 1138000 -1
11-06 12:00:56.321  1014  1065 I libPowerHal: [perfLockAcq] idx:0 hdl:1053430 hint:-1 pid:896 duration:0 lock_user:vendor.samsung. => ret_hdl:1053430
11-06 12:00:56.321  1014  1065 I libPowerHal: vendor.samsung.: cpu_ctrl set cpu freq: 1218000 -1 1138000 -1
11-06 12:00:56.324  1737  1796 E IMGMapper: set:488 set: Unset optional value from type SMPTE2086
11-06 12:00:56.324  1737  1796 E IMGMapper: set:488 set: Unset optional value from type CTA861_3
11-06 12:00:56.326 17603 17621 E IMGMapper: set:488 set: Unset optional value from type SMPTE2086
11-06 12:00:56.326 17603 17621 E IMGMapper: set:488 set: Unset optional value from type CTA861_3
11-06 12:00:56.328  1039  1039 I BufferQueueProducer: [StatusBar$_1737#534029](this:0xb400007a1f0ca838,id:-1,api:0,p:-1,c:1039) queueBuffer: fps=0.05 dur=19236.89 max=19236.89 min=19236.89
11-06 12:00:56.332 17738 17738 D ActivityThread: setConscryptValidator
11-06 12:00:56.332 17738 17738 D ActivityThread: setConscryptValidator - put
11-06 12:00:56.340  1187  1962 D CompatibilityChangeReporter: Compat change id reported: 168419799; UID 10183; state: DISABLED
11-06 12:00:56.341 17603 17621 E IMGMapper: set:488 set: Unset optional value from type SMPTE2086
11-06 12:00:56.341 17603 17621 E IMGMapper: set:488 set: Unset optional value from type CTA861_3
11-06 12:00:56.352 17738 17738 D CompatibilityChangeReporter: Compat change id reported: 171979766; UID 10183; state: ENABLED
11-06 12:00:56.357 17603 17621 E IMGMapper: set:488 set: Unset optional value from type SMPTE2086
11-06 12:00:56.357 17603 17621 E IMGMapper: set:488 set: Unset optional value from type CTA861_3
11-06 12:00:56.367  1187  1187 I Telecom:SamsungTelecomServiceImpl: isInManagedCall - callingPackage : android
11-06 12:00:56.373 17603 17621 E IMGMapper: set:488 set: Unset optional value from type SMPTE2086
11-06 12:00:56.373 17603 17621 E IMGMapper: set:488 set: Unset optional value from type CTA861_3
11-06 12:00:56.380  3391  3391 I Edge.badge: updateBadge item = com.android.systemui:-1 1
11-06 12:00:56.380  2144  2144 I Launcher.NotificationListener: onNotificationPosted : com.android.systemui number : 0
11-06 12:00:56.389 17738 17738 D nativeloader: Configuring clns-4 for other apk /system/framework/org.apache.http.legacy.jar. target_sdk_version=33, uses_libraries=ALL, library_path=/data/app/~~fJResQTJ-v6B2v60Zw_6KA==/com.google.android.apps.turbo-KHtmwjMySz5SZrmtmjoleA==/lib/arm64:/data/app/~~fJResQTJ-v6B2v60Zw_6KA==/com.google.android.apps.turbo-KHtmwjMySz5SZrmtmjoleA==/base.apk!/lib/arm64-v8a, permitted_path=/data:/mnt/expand:/data/user/0/com.google.android.apps.turbo
11-06 12:00:56.389 17738 17738 D nativeloader: Extending system_exposed_libraries: libexifa.camera.samsung.so:libjpega.camera.samsung.so:libOpenCv.camera.samsung.so:libImageScreener.camera.samsung.so:libHpr_RecGAE_cvFeature_v1.0.camera.samsung.so:libHprFace_GAE_api.camera.samsung.so:libHprFace_GAE_jni.camera.samsung.so:libObjectAndSceneClassification_2.5_OD.camera.samsung.so:libQREngine.camera.samsung.so:libInteractiveSegmentation.camera.samsung.so:libsmart_cropping.camera.samsung.so:libFacePreProcessing_jni.camera.samsung.so:libhumantracking_util.camera.samsung.so:libMyFilterPlugin.camera.samsung.so:libsecjpeginterface.camera.samsung.so:libsurfaceutil.camera.samsung.so:libsecimaging_pdk.camera.samsung.so:libsecimaging.camera.samsung.so:libsce_v1.crypto.samsung.so:lib_vnd_client.dk.samsung.so:lib_native_client.dk.samsung.so:lib_nativeJni.dk.samsung.so:lib.engmodejni.samsung.so:libSFEffect.fonteffect.samsung.so:libknox_remotedesktopclient.knox.samsung.so:libheifcapture_jni.media.samsung.so:libjpegsq.media.samsung.so:libslljpeg.media.samsung.so:libsemimage
11-06 12:00:56.390 17603 17621 E IMGMapper: set:488 set: Unset optional value from type SMPTE2086
11-06 12:00:56.390 17603 17621 E IMGMapper: set:488 set: Unset optional value from type CTA861_3
11-06 12:00:56.403  1737  1796 E IMGMapper: set:488 set: Unset optional value from type SMPTE2086
11-06 12:00:56.403  1737  1796 E IMGMapper: set:488 set: Unset optional value from type CTA861_3
11-06 12:00:56.406 17603 17621 E IMGMapper: set:488 set: Unset optional value from type SMPTE2086
11-06 12:00:56.406 17603 17621 E IMGMapper: set:488 set: Unset optional value from type CTA861_3
11-06 12:00:56.411  1200  1324 D ULogGuard: Monitoring: 16 threads, 0 requests, 0 time-bombs; 1 guards. ResetFlags = 0x7
11-06 12:00:56.422 17603 17621 E IMGMapper: set:488 set: Unset optional value from type SMPTE2086
11-06 12:00:56.422 17603 17621 E IMGMapper: set:488 set: Unset optional value from type CTA861_3
11-06 12:00:56.443 17603 17621 E IMGMapper: set:488 set: Unset optional value from type SMPTE2086
11-06 12:00:56.444 17603 17621 E IMGMapper: set:488 set: Unset optional value from type CTA861_3
11-06 12:00:56.453 17603 17621 E IMGMapper: set:488 set: Unset optional value from type SMPTE2086
11-06 12:00:56.453 17603 17621 E IMGMapper: set:488 set: Unset optional value from type CTA861_3
11-06 12:00:56.470 17603 17621 E IMGMapper: set:488 set: Unset optional value from type SMPTE2086
11-06 12:00:56.470 17603 17621 E IMGMapper: set:488 set: Unset optional value from type CTA861_3
11-06 12:00:56.488 17603 17621 E IMGMapper: set:488 set: Unset optional value from type SMPTE2086
11-06 12:00:56.488 17603 17621 E IMGMapper: set:488 set: Unset optional value from type CTA861_3
11-06 12:00:56.506 17603 17621 E IMGMapper: set:488 set: Unset optional value from type SMPTE2086
11-06 12:00:56.506 17603 17621 E IMGMapper: set:488 set: Unset optional value from type CTA861_3
11-06 12:00:56.517 17738 17738 D nativeloader: Configuring clns-5 for other apk /data/app/~~fJResQTJ-v6B2v60Zw_6KA==/com.google.android.apps.turbo-KHtmwjMySz5SZrmtmjoleA==/base.apk. target_sdk_version=33, uses_libraries=, library_path=/data/app/~~fJResQTJ-v6B2v60Zw_6KA==/com.google.android.apps.turbo-KHtmwjMySz5SZrmtmjoleA==/lib/arm64:/data/app/~~fJResQTJ-v6B2v60Zw_6KA==/com.google.android.apps.turbo-KHtmwjMySz5SZrmtmjoleA==/base.apk!/lib/arm64-v8a, permitted_path=/data:/mnt/expand:/data/user/0/com.google.android.apps.turbo
11-06 12:00:56.523 17603 17621 E IMGMapper: set:488 set: Unset optional value from type SMPTE2086
11-06 12:00:56.523 17603 17621 E IMGMapper: set:488 set: Unset optional value from type CTA861_3
11-06 12:00:56.540 17603 17621 E IMGMapper: set:488 set: Unset optional value from type SMPTE2086
11-06 12:00:56.540 17603 17621 E IMGMapper: set:488 set: Unset optional value from type CTA861_3
11-06 12:00:56.548 17738 17738 V GraphicsEnvironment: ANGLE Developer option for 'com.google.android.apps.turbo' set to: 'default'
11-06 12:00:56.549 17738 17738 V GraphicsEnvironment: ANGLE GameManagerService for com.google.android.apps.turbo: false
11-06 12:00:56.549 17738 17738 V GraphicsEnvironment: Neither updatable production driver nor prerelease driver is supported.
11-06 12:00:56.556 17738 17738 D NetworkSecurityConfig: No Network Security Config specified, using platform default
11-06 12:00:56.557 17603 17621 E IMGMapper: set:488 set: Unset optional value from type SMPTE2086
11-06 12:00:56.557 17603 17621 E IMGMapper: set:488 set: Unset optional value from type CTA861_3
11-06 12:00:56.563 17738 17738 D NetworkSecurityConfig: No Network Security Config specified, using platform default
11-06 12:00:56.574 17603 17621 E IMGMapper: set:488 set: Unset optional value from type SMPTE2086
11-06 12:00:56.574 17603 17621 E IMGMapper: set:488 set: Unset optional value from type CTA861_3
11-06 12:00:56.584  1737  1737 D BubblesManager: onEntryUpdated : shouldBubbleUp=false ,key=-1|com.android.systemui|2131428972|charging_state|10107
11-06 12:00:56.586  1737  1737 D InterruptionStateProvider:  no Heads up : edgelighting enabled app. -1|com.android.systemui|2131428972|charging_state|10107
11-06 12:00:56.594 17603 17621 E IMGMapper: set:488 set: Unset optional value from type SMPTE2086
11-06 12:00:56.594 17603 17621 E IMGMapper: set:488 set: Unset optional value from type CTA861_3
11-06 12:00:56.600  1187  1792 D InputDispatcher: Inject motion (17741/2000): action=0x1, time=3428071909000000, f=0x0, d=0 dsdx=1.000000 dtdx=0.000000
11-06 12:00:56.600  1187  1534 I InputDispatcher: Delivering touch to (17603): action: 0x1, f=0x0, d=0, 'f1e935b', t=1 
11-06 12:00:56.601  1187  1187 I SemDvfsHyPerManager: acquire hyper - SMOOTH_SCROLL/1187@17, type = -999
11-06 12:00:56.602   896   910 I HYPER-HAL: [RequestManager.cpp]acquire(): Acquired ID : 725427  [1187 / 17]    HINT : SMOOTH_SCROLL    list : 
11-06 12:00:56.603   896   910 I mtkpower_client: perf_lock_rel, hdl:1053429, tid:910
11-06 12:00:56.603   896   910 I mtkpower_client: perf_lock_acq, hdl:0, dur:0, num:2, tid:910
11-06 12:00:56.603  1014  1065 I libPowerHal: [perfLockRel] hdl:1053429, idx:2
11-06 12:00:56.603  1014  1065 I libPowerHal: vendor.samsung.: cpu_ctrl set cpu freq: 1218000 -1 -1 -1
11-06 12:00:56.604  1187  1187 D SGM:GameManager: identifyGamePackage. com.cinemamovel, mCurrentUserId: 0, callerUserId: 0, callingMethodInfo: com.android.server.ssrm.fgapps.GameAppUtils.isGame(GameAppUtils.java:84)
11-06 12:00:56.604  1187  1187 D SGM:PkgDataHelper: getGamePkgData(). com.cinemamovel
11-06 12:00:56.604  1187  1187 I SemDvfsHyPerManager: acquire hyper - GESTURE_DETECTED/1187@18, type = -999
11-06 12:00:56.604   896   910 I mtkpower_client: ret_hdl:1053431
11-06 12:00:56.604   896   910 I mtkpower_client: perf_lock_rel, hdl:1053430, tid:910
11-06 12:00:56.604  1014  1065 I libPowerHal: [perfLockAcq] idx:1 hdl:1053431 hint:-1 pid:896 duration:0 lock_user:vendor.samsung. => ret_hdl:1053431
11-06 12:00:56.605  1014  1065 I libPowerHal: vendor.samsung.: cpu_ctrl set cpu freq: 1218000 -1 1138000 -1
11-06 12:00:56.605  1187  1187 D SGM:GameManager: identifyGamePackage. com.cinemamovel, mCurrentUserId: 0, callerUserId: 0, callingMethodInfo: com.android.server.ssrm.fgapps.GameAppUtils.isGame(GameAppUtils.java:84)
11-06 12:00:56.605  1187  1187 D SGM:PkgDataHelper: getGamePkgData(). com.cinemamovel
11-06 12:00:56.605  1187  1187 I SemDvfsHyPerManager: acquire hyper - GESTURE_DETECTED/1187@18, type = -999
11-06 12:00:56.606   896   910 I mtkpower_client: perf_lock_acq, hdl:0, dur:0, num:2, tid:910
11-06 12:00:56.606  1014  1065 I libPowerHal: [perfLockRel] hdl:1053430, idx:0
11-06 12:00:56.606  1014  1065 I libPowerHal: vendor.samsung.: cpu_ctrl set cpu freq: -1 -1 1138000 -1
11-06 12:00:56.607   896   910 I mtkpower_client: ret_hdl:1053432
11-06 12:00:56.607   896   910 I mtkpower_client: perf_lock_rel, hdl:1053431, tid:910
11-06 12:00:56.608  1737  1737 I FaceWidgetPositionAlgorithm: getClockContainerHeight() supplier = 193, bottom margin = 0, real height = 238
11-06 12:00:56.608  1737  1737 I FaceWidgetPositionAlgorithm: getClockContainerHeight() supplier = 193, bottom margin = 45, real height = 238
11-06 12:00:56.608  1737  1737 I FaceWidgetPositionAlgorithm: getMediaContainerHeight() height = 326 container Visibility = 8, isValid = false, mIsDozing = false, fraction = 1.0, source = 0, target = 0
11-06 12:00:56.608  1737  1737 I FaceWidgetPositionAlgorithm: getMediaContainerHeight() supplier = 0
11-06 12:00:56.609  1014  1065 I libPowerHal: [perfLockAcq] idx:0 hdl:1053432 hint:-1 pid:896 duration:0 lock_user:vendor.samsung. => ret_hdl:1053432
11-06 12:00:56.609  1014  1065 I libPowerHal: vendor.samsung.: cpu_ctrl set cpu freq: 1218000 -1 1138000 -1
11-06 12:00:56.610   896   910 I mtkpower_client: perf_lock_acq, hdl:0, dur:0, num:2, tid:910
11-06 12:00:56.610  1014  1065 I libPowerHal: [perfLockRel] hdl:1053431, idx:1
11-06 12:00:56.610  1014  1065 I libPowerHal: vendor.samsung.: cpu_ctrl set cpu freq: 1218000 -1 -1 -1
11-06 12:00:56.611   896   910 I mtkpower_client: ret_hdl:1053433
11-06 12:00:56.611   896   910 I mtkpower_client: perf_lock_rel, hdl:1053432, tid:910
11-06 12:00:56.611  1014  1065 I libPowerHal: [perfLockAcq] idx:1 hdl:1053433 hint:-1 pid:896 duration:0 lock_user:vendor.samsung. => ret_hdl:1053433
11-06 12:00:56.611  1014  1065 I libPowerHal: vendor.samsung.: cpu_ctrl set cpu freq: 1218000 -1 1138000 -1
11-06 12:00:56.611 17603 17603 I ViewRootImpl@706bef1[MainActivity]: ViewPostIme pointer 1
11-06 12:00:56.612  1014  1065 I libPowerHal: [perfLockRel] hdl:1053432, idx:0
11-06 12:00:56.612   896   910 I mtkpower_client: perf_lock_acq, hdl:0, dur:0, num:2, tid:910
11-06 12:00:56.612  1014  1065 I libPowerHal: vendor.samsung.: cpu_ctrl set cpu freq: -1 -1 1138000 -1
11-06 12:00:56.613   896   910 I mtkpower_client: ret_hdl:1053434
11-06 12:00:56.613   896   910 I HYPER-HAL: [RequestManager.cpp]releaseLocked(): Released ID : 725427
11-06 12:00:56.613  1014  1065 I libPowerHal: [perfLockAcq] idx:0 hdl:1053434 hint:-1 pid:896 duration:0 lock_user:vendor.samsung. => ret_hdl:1053434
11-06 12:00:56.613   896   910 I HYPER-HAL: [RequestManager.cpp]acquire(): Acquired ID : 726633  [1187 / 18]    HINT : GESTURE_DETECTED    list : [TIMEOUT / 1702] 
11-06 12:00:56.613   896   910 I HYPER-HAL: [RequestManager.cpp]acquire(): Acquired ID : 726633  [1187 / 18]    HINT : GESTURE_DETECTED    list : [TIMEOUT / 1702] 
11-06 12:00:56.613  1014  1065 I libPowerHal: vendor.samsung.: cpu_ctrl set cpu freq: 1218000 -1 1138000 -1
11-06 12:00:56.615   543   543 D io_stats: !@ 179,0 r 632716604 7638271650 w 114756823 1217335348 d 1261428 33798216 f 0 0 iot 326188980 0 th 0 0 0 pt 0 inp 0 0 3428071.925
11-06 12:00:56.617 17603 17621 E IMGMapper: set:488 set: Unset optional value from type SMPTE2086
11-06 12:00:56.617 17603 17621 E IMGMapper: set:488 set: Unset optional value from type CTA861_3
11-06 12:00:56.620  1737  1796 E IMGMapper: set:488 set: Unset optional value from type SMPTE2086
11-06 12:00:56.621  1737  1796 E IMGMapper: set:488 set: Unset optional value from type CTA861_3
11-06 12:00:56.621  1187  1187 I SemDvfsHyPerManager: acquire hyper - SMOOTH_SCROLL/1187@17, type = -999
11-06 12:00:56.622   896   910 I HYPER-HAL: [RequestManager.cpp]acquire(): Acquired ID : 725427  [1187 / 17]    HINT : SMOOTH_SCROLL    list : 
11-06 12:00:56.623   896   910 I mtkpower_client: perf_lock_rel, hdl:1053433, tid:910
11-06 12:00:56.623   896   910 I mtkpower_client: perf_lock_acq, hdl:0, dur:0, num:2, tid:910
11-06 12:00:56.624  1014  1065 I libPowerHal: [perfLockRel] hdl:1053433, idx:1
11-06 12:00:56.624  1014  1065 I libPowerHal: vendor.samsung.: cpu_ctrl set cpu freq: 1218000 -1 -1 -1
11-06 12:00:56.625   896   910 I mtkpower_client: ret_hdl:1053435
11-06 12:00:56.625   896   910 I mtkpower_client: perf_lock_rel, hdl:1053434, tid:910
11-06 12:00:56.625  1014  1065 I libPowerHal: [perfLockAcq] idx:2 hdl:1053435 hint:-1 pid:896 duration:0 lock_user:vendor.samsung. => ret_hdl:1053435
11-06 12:00:56.625  1014  1065 I libPowerHal: vendor.samsung.: cpu_ctrl set cpu freq: 1218000 -1 1138000 -1
11-06 12:00:56.625 17603 17621 E IMGMapper: set:488 set: Unset optional value from type SMPTE2086
11-06 12:00:56.626 17603 17621 E IMGMapper: set:488 set: Unset optional value from type CTA861_3
11-06 12:00:56.626   896   910 I mtkpower_client: perf_lock_acq, hdl:0, dur:0, num:2, tid:910
11-06 12:00:56.626  1014  1065 I libPowerHal: [perfLockRel] hdl:1053434, idx:0
11-06 12:00:56.626  1014  1065 I libPowerHal: vendor.samsung.: cpu_ctrl set cpu freq: -1 -1 1138000 -1
11-06 12:00:56.627   896   910 I mtkpower_client: ret_hdl:1053436
11-06 12:00:56.627  1014  1065 I libPowerHal: [perfLockAcq] idx:0 hdl:1053436 hint:-1 pid:896 duration:0 lock_user:vendor.samsung. => ret_hdl:1053436
11-06 12:00:56.627  1014  1065 I libPowerHal: vendor.samsung.: cpu_ctrl set cpu freq: 1218000 -1 1138000 -1
11-06 12:00:56.636 17603 17621 E IMGMapper: set:488 set: Unset optional value from type SMPTE2086
11-06 12:00:56.636 17603 17621 E IMGMapper: set:488 set: Unset optional value from type CTA861_3
11-06 12:00:56.657 17603 17621 E IMGMapper: set:488 set: Unset optional value from type SMPTE2086
11-06 12:00:56.657 17603 17621 E IMGMapper: set:488 set: Unset optional value from type CTA861_3
11-06 12:00:56.666 17738 17738 D CompatibilityChangeReporter: Compat change id reported: 183155436; UID 10183; state: ENABLED
11-06 12:00:56.667  1737  1737 I FaceWidgetPositionAlgorithm: getClockContainerHeight() supplier = 193, bottom margin = 0, real height = 238
11-06 12:00:56.667  1737  1737 I FaceWidgetPositionAlgorithm: getClockContainerHeight() supplier = 193, bottom margin = 45, real height = 238
11-06 12:00:56.667  1737  1737 I FaceWidgetPositionAlgorithm: getMediaContainerHeight() height = 326 container Visibility = 8, isValid = false, mIsDozing = false, fraction = 1.0, source = 0, target = 0
11-06 12:00:56.667  1737  1737 I FaceWidgetPositionAlgorithm: getMediaContainerHeight() supplier = 0
11-06 12:00:56.672 17603 17621 E IMGMapper: set:488 set: Unset optional value from type SMPTE2086
11-06 12:00:56.673 17603 17621 E IMGMapper: set:488 set: Unset optional value from type CTA861_3
11-06 12:00:56.691 17603 17621 E IMGMapper: set:488 set: Unset optional value from type SMPTE2086
11-06 12:00:56.691 17603 17621 E IMGMapper: set:488 set: Unset optional value from type CTA861_3
11-06 12:00:56.706 17603 17621 E IMGMapper: set:488 set: Unset optional value from type SMPTE2086
11-06 12:00:56.707 17603 17621 E IMGMapper: set:488 set: Unset optional value from type CTA861_3
11-06 12:00:56.723 17603 17621 E IMGMapper: set:488 set: Unset optional value from type SMPTE2086
11-06 12:00:56.723 17603 17621 E IMGMapper: set:488 set: Unset optional value from type CTA861_3
11-06 12:00:56.729  1737  1737 I FaceWidgetPositionAlgorithm: getClockContainerHeight() supplier = 193, bottom margin = 0, real height = 238
11-06 12:00:56.730  1737  1737 I FaceWidgetPositionAlgorithm: getClockContainerHeight() supplier = 193, bottom margin = 45, real height = 238
11-06 12:00:56.730  1737  1737 I FaceWidgetPositionAlgorithm: getMediaContainerHeight() height = 326 container Visibility = 8, isValid = false, mIsDozing = false, fraction = 1.0, source = 0, target = 0
11-06 12:00:56.730  1737  1737 I FaceWidgetPositionAlgorithm: getMediaContainerHeight() supplier = 0
11-06 12:00:56.736  1737  1796 E IMGMapper: set:488 set: Unset optional value from type SMPTE2086
11-06 12:00:56.736  1737  1796 E IMGMapper: set:488 set: Unset optional value from type CTA861_3
11-06 12:00:56.738 17603 17621 E IMGMapper: set:488 set: Unset optional value from type SMPTE2086
11-06 12:00:56.738 17603 17621 E IMGMapper: set:488 set: Unset optional value from type CTA861_3
11-06 12:00:56.742 17738 17738 W Turbo.TurboApplication: Going to the application!
11-06 12:00:56.761 17603 17621 E IMGMapper: set:488 set: Unset optional value from type SMPTE2086
11-06 12:00:56.761 17603 17621 E IMGMapper: set:488 set: Unset optional value from type CTA861_3
11-06 12:00:56.763  1187  1962 D CompatibilityChangeReporter: Compat change id reported: 161145287; UID 10183; state: DISABLED
11-06 12:00:56.779 17603 17621 E IMGMapper: set:488 set: Unset optional value from type SMPTE2086
11-06 12:00:56.779 17603 17621 E IMGMapper: set:488 set: Unset optional value from type CTA861_3
11-06 12:00:56.803 17603 17621 E IMGMapper: set:488 set: Unset optional value from type SMPTE2086
11-06 12:00:56.803 17603 17621 E IMGMapper: set:488 set: Unset optional value from type CTA861_3
11-06 12:00:56.819 17603 17621 E IMGMapper: set:488 set: Unset optional value from type SMPTE2086
11-06 12:00:56.819 17603 17621 E IMGMapper: set:488 set: Unset optional value from type CTA861_3
11-06 12:00:56.839 17603 17621 E IMGMapper: set:488 set: Unset optional value from type SMPTE2086
11-06 12:00:56.840 17603 17621 E IMGMapper: set:488 set: Unset optional value from type CTA861_3
11-06 12:00:56.856 17603 17621 E IMGMapper: set:488 set: Unset optional value from type SMPTE2086
11-06 12:00:56.857 17603 17621 E IMGMapper: set:488 set: Unset optional value from type CTA861_3
11-06 12:00:56.872 17603 17621 E IMGMapper: set:488 set: Unset optional value from type SMPTE2086
11-06 12:00:56.873 17603 17621 E IMGMapper: set:488 set: Unset optional value from type CTA861_3
11-06 12:00:56.888 17603 17621 E IMGMapper: set:488 set: Unset optional value from type SMPTE2086
11-06 12:00:56.888 17603 17621 E IMGMapper: set:488 set: Unset optional value from type CTA861_3
11-06 12:00:56.902 17603 17621 E IMGMapper: set:488 set: Unset optional value from type SMPTE2086
11-06 12:00:56.902 17603 17621 E IMGMapper: set:488 set: Unset optional value from type CTA861_3
11-06 12:00:56.921 17603 17621 E IMGMapper: set:488 set: Unset optional value from type SMPTE2086
11-06 12:00:56.921 17603 17621 E IMGMapper: set:488 set: Unset optional value from type CTA861_3
11-06 12:00:56.935 17603 17621 E IMGMapper: set:488 set: Unset optional value from type SMPTE2086
11-06 12:00:56.935 17603 17621 E IMGMapper: set:488 set: Unset optional value from type CTA861_3
11-06 12:00:56.952 17603 17621 E IMGMapper: set:488 set: Unset optional value from type SMPTE2086
11-06 12:00:56.952 17603 17621 E IMGMapper: set:488 set: Unset optional value from type CTA861_3
11-06 12:00:56.968 17603 17621 E IMGMapper: set:488 set: Unset optional value from type SMPTE2086
11-06 12:00:56.968 17603 17621 E IMGMapper: set:488 set: Unset optional value from type CTA861_3
11-06 12:00:56.994 17603 17621 E IMGMapper: set:488 set: Unset optional value from type SMPTE2086
11-06 12:00:56.994 17603 17621 E IMGMapper: set:488 set: Unset optional value from type CTA861_3
11-06 12:00:57.027 17603 17621 E IMGMapper: set:488 set: Unset optional value from type SMPTE2086
11-06 12:00:57.027 17603 17621 E IMGMapper: set:488 set: Unset optional value from type CTA861_3
11-06 12:00:57.036 17603 17621 E IMGMapper: set:488 set: Unset optional value from type SMPTE2086
11-06 12:00:57.036 17603 17621 E IMGMapper: set:488 set: Unset optional value from type CTA861_3
11-06 12:00:57.054 17603 17621 E IMGMapper: set:488 set: Unset optional value from type SMPTE2086
11-06 12:00:57.054 17603 17621 E IMGMapper: set:488 set: Unset optional value from type CTA861_3
11-06 12:00:57.073 17603 17621 E IMGMapper: set:488 set: Unset optional value from type SMPTE2086
11-06 12:00:57.073 17603 17621 E IMGMapper: set:488 set: Unset optional value from type CTA861_3
11-06 12:00:57.089 17603 17621 E IMGMapper: set:488 set: Unset optional value from type SMPTE2086
11-06 12:00:57.089 17603 17621 E IMGMapper: set:488 set: Unset optional value from type CTA861_3
11-06 12:00:57.103 17603 17621 E IMGMapper: set:488 set: Unset optional value from type SMPTE2086
11-06 12:00:57.103 17603 17621 E IMGMapper: set:488 set: Unset optional value from type CTA861_3
11-06 12:00:57.119 17603 17621 E IMGMapper: set:488 set: Unset optional value from type SMPTE2086
11-06 12:00:57.119 17603 17621 E IMGMapper: set:488 set: Unset optional value from type CTA861_3
11-06 12:00:57.135 17603 17621 E IMGMapper: set:488 set: Unset optional value from type SMPTE2086
11-06 12:00:57.136 17603 17621 E IMGMapper: set:488 set: Unset optional value from type CTA861_3
11-06 12:00:57.152 17603 17621 E IMGMapper: set:488 set: Unset optional value from type SMPTE2086
11-06 12:00:57.152 17603 17621 E IMGMapper: set:488 set: Unset optional value from type CTA861_3
11-06 12:00:57.170 17603 17621 E IMGMapper: set:488 set: Unset optional value from type SMPTE2086
11-06 12:00:57.170 17603 17621 E IMGMapper: set:488 set: Unset optional value from type CTA861_3
11-06 12:00:57.187 17603 17621 E IMGMapper: set:488 set: Unset optional value from type SMPTE2086
11-06 12:00:57.187 17603 17621 E IMGMapper: set:488 set: Unset optional value from type CTA861_3
11-06 12:00:57.208 17603 17621 E IMGMapper: set:488 set: Unset optional value from type SMPTE2086
11-06 12:00:57.208 17603 17621 E IMGMapper: set:488 set: Unset optional value from type CTA861_3
11-06 12:00:57.229 17603 17621 E IMGMapper: set:488 set: Unset optional value from type SMPTE2086
11-06 12:00:57.229 17603 17621 E IMGMapper: set:488 set: Unset optional value from type CTA861_3
11-06 12:00:57.243  1039  1039 I BufferQueueProducer: [com.cinemamovel/com.cinemamovel.MainActivity$_17603#690630](this:0xb400007a1e951838,id:-1,api:0,p:-1,c:1039) queueBuffer: fps=58.13 dur=1014.99 max=33.53 min=16.36
11-06 12:00:57.245 17603 17621 E IMGMapper: set:488 set: Unset optional value from type SMPTE2086
11-06 12:00:57.245   991 11009 I hwcomposer: [HWCDisplay] [Display_0 (type:1)] fps:58.128880,dur:1014.99,max:33.56,min:15.97  
11-06 12:00:57.245 17603 17621 E IMGMapper: set:488 set: Unset optional value from type CTA861_3
11-06 12:00:57.260 17603 17621 E IMGMapper: set:488 set: Unset optional value from type SMPTE2086
11-06 12:00:57.260 17603 17621 E IMGMapper: set:488 set: Unset optional value from type CTA861_3
11-06 12:00:57.275 17603 17621 E IMGMapper: set:488 set: Unset optional value from type SMPTE2086
11-06 12:00:57.275 17603 17621 E IMGMapper: set:488 set: Unset optional value from type CTA861_3
11-06 12:00:57.304 17603 17621 E IMGMapper: set:488 set: Unset optional value from type SMPTE2086
11-06 12:00:57.304 17603 17621 E IMGMapper: set:488 set: Unset optional value from type CTA861_3
11-06 12:00:57.320 17603 17621 E IMGMapper: set:488 set: Unset optional value from type SMPTE2086
11-06 12:00:57.320 17603 17621 E IMGMapper: set:488 set: Unset optional value from type CTA861_3
11-06 12:00:57.338 17603 17621 E IMGMapper: set:488 set: Unset optional value from type SMPTE2086
11-06 12:00:57.338 17603 17621 E IMGMapper: set:488 set: Unset optional value from type CTA861_3
11-06 12:00:57.356 17603 17621 E IMGMapper: set:488 set: Unset optional value from type SMPTE2086
11-06 12:00:57.356 17603 17621 E IMGMapper: set:488 set: Unset optional value from type CTA861_3
11-06 12:00:57.368 17603 17621 E IMGMapper: set:488 set: Unset optional value from type SMPTE2086
11-06 12:00:57.368 17603 17621 E IMGMapper: set:488 set: Unset optional value from type CTA861_3
11-06 12:00:57.385 17603 17621 E IMGMapper: set:488 set: Unset optional value from type SMPTE2086
