11-06 12:01:05.383  1039  1039 I BufferQueueProducer: [com.cinemamovel/com.cinemamovel.MainActivity$_17603#690630](this:0xb400007a1e951838,id:-1,api:0,p:-1,c:1039) queueBuffer: fps=55.18 dur=1014.91 max=50.51 min=16.07
11-06 12:01:05.385   991 11009 I hwcomposer: [HWCDisplay] [Display_0 (type:1)] fps:55.179729,dur:1014.87,max:51.18,min:15.50  
11-06 12:01:05.393 17603 17621 E IMGMapper: set:488 set: Unset optional value from type SMPTE2086
11-06 12:01:05.393 17603 17621 E IMGMapper: set:488 set: Unset optional value from type CTA861_3
11-06 12:01:05.410 17603 17621 E IMGMapper: set:488 set: Unset optional value from type SMPTE2086
11-06 12:01:05.410 17603 17621 E IMGMapper: set:488 set: Unset optional value from type CTA861_3
11-06 12:01:05.413  1200  1324 D ULogGuard: Monitoring: 16 threads, 0 requests, 0 time-bombs; 1 guards. ResetFlags = 0x7
11-06 12:01:05.427 17603 17621 E IMGMapper: set:488 set: Unset optional value from type SMPTE2086
11-06 12:01:05.427 17603 17621 E IMGMapper: set:488 set: Unset optional value from type CTA861_3
11-06 12:01:05.449 17603 17621 E IMGMapper: set:488 set: Unset optional value from type SMPTE2086
11-06 12:01:05.449 17603 17621 E IMGMapper: set:488 set: Unset optional value from type CTA861_3
11-06 12:01:05.463 17603 17621 E IMGMapper: set:488 set: Unset optional value from type SMPTE2086
11-06 12:01:05.463 17603 17621 E IMGMapper: set:488 set: Unset optional value from type CTA861_3
11-06 12:01:05.476 17603 17621 E IMGMapper: set:488 set: Unset optional value from type SMPTE2086
11-06 12:01:05.476 17603 17621 E IMGMapper: set:488 set: Unset optional value from type CTA861_3
11-06 12:01:05.493 17603 17621 E IMGMapper: set:488 set: Unset optional value from type SMPTE2086
11-06 12:01:05.493 17603 17621 E IMGMapper: set:488 set: Unset optional value from type CTA861_3
11-06 12:01:05.509 17603 17621 E IMGMapper: set:488 set: Unset optional value from type SMPTE2086
11-06 12:01:05.510 17603 17621 E IMGMapper: set:488 set: Unset optional value from type CTA861_3
11-06 12:01:05.527 17603 17621 E IMGMapper: set:488 set: Unset optional value from type SMPTE2086
11-06 12:01:05.528 17603 17621 E IMGMapper: set:488 set: Unset optional value from type CTA861_3
11-06 12:01:05.553 17603 17621 E IMGMapper: set:488 set: Unset optional value from type SMPTE2086
11-06 12:01:05.553 17603 17621 E IMGMapper: set:488 set: Unset optional value from type CTA861_3
11-06 12:01:05.562 17603 17621 E IMGMapper: set:488 set: Unset optional value from type SMPTE2086
11-06 12:01:05.563 17603 17621 E IMGMapper: set:488 set: Unset optional value from type CTA861_3
11-06 12:01:05.578 17603 17621 E IMGMapper: set:488 set: Unset optional value from type SMPTE2086
11-06 12:01:05.578 17603 17621 E IMGMapper: set:488 set: Unset optional value from type CTA861_3
11-06 12:01:05.593 17603 17621 E IMGMapper: set:488 set: Unset optional value from type SMPTE2086
11-06 12:01:05.593 17603 17621 E IMGMapper: set:488 set: Unset optional value from type CTA861_3
11-06 12:01:05.611 17603 17621 E IMGMapper: set:488 set: Unset optional value from type SMPTE2086
11-06 12:01:05.611 17603 17621 E IMGMapper: set:488 set: Unset optional value from type CTA861_3
11-06 12:01:05.626 17603 17621 E IMGMapper: set:488 set: Unset optional value from type SMPTE2086
11-06 12:01:05.626 17603 17621 E IMGMapper: set:488 set: Unset optional value from type CTA861_3
11-06 12:01:05.643 17603 17621 E IMGMapper: set:488 set: Unset optional value from type SMPTE2086
11-06 12:01:05.644 17603 17621 E IMGMapper: set:488 set: Unset optional value from type CTA861_3
11-06 12:01:05.654   963   963 E audit   : type=1400 audit(1762441265.647:1732720): avc:  denied  { write } for  pid=20222 comm="ThreadPoolForeg" name="traced_producer" dev="tmpfs" ino=11170 scontext=u:r:gmscore_app:s0:c512,c768 tcontext=u:object_r:traced_producer_socket:s0 tclass=sock_file permissive=0 SEPF_SM-A037M_12_0001 unfiltered
11-06 12:01:05.661 17603 17621 E IMGMapper: set:488 set: Unset optional value from type SMPTE2086
11-06 12:01:05.661 17603 17621 E IMGMapper: set:488 set: Unset optional value from type CTA861_3
11-06 12:01:05.677 17603 17621 E IMGMapper: set:488 set: Unset optional value from type SMPTE2086
11-06 12:01:05.677 17603 17621 E IMGMapper: set:488 set: Unset optional value from type CTA861_3
11-06 12:01:05.694 17603 17621 E IMGMapper: set:488 set: Unset optional value from type SMPTE2086
11-06 12:01:05.694 17603 17621 E IMGMapper: set:488 set: Unset optional value from type CTA861_3
11-06 12:01:05.711 17603 17621 E IMGMapper: set:488 set: Unset optional value from type SMPTE2086
11-06 12:01:05.711 17603 17621 E IMGMapper: set:488 set: Unset optional value from type CTA861_3
11-06 12:01:05.727 17603 17621 E IMGMapper: set:488 set: Unset optional value from type SMPTE2086
11-06 12:01:05.727 17603 17621 E IMGMapper: set:488 set: Unset optional value from type CTA861_3
11-06 12:01:05.744 17603 17621 E IMGMapper: set:488 set: Unset optional value from type SMPTE2086
11-06 12:01:05.744 17603 17621 E IMGMapper: set:488 set: Unset optional value from type CTA861_3
11-06 12:01:05.762 17603 17621 E IMGMapper: set:488 set: Unset optional value from type SMPTE2086
11-06 12:01:05.762 17603 17621 E IMGMapper: set:488 set: Unset optional value from type CTA861_3
11-06 12:01:05.786 17603 17621 E IMGMapper: set:488 set: Unset optional value from type SMPTE2086
11-06 12:01:05.787 17603 17621 E IMGMapper: set:488 set: Unset optional value from type CTA861_3
11-06 12:01:05.801 17603 17621 E IMGMapper: set:488 set: Unset optional value from type SMPTE2086
11-06 12:01:05.802 17603 17621 E IMGMapper: set:488 set: Unset optional value from type CTA861_3
11-06 12:01:05.834 17603 17621 E IMGMapper: set:488 set: Unset optional value from type SMPTE2086
11-06 12:01:05.834 17603 17621 E IMGMapper: set:488 set: Unset optional value from type CTA861_3
11-06 12:01:05.849 17603 17621 E IMGMapper: set:488 set: Unset optional value from type SMPTE2086
11-06 12:01:05.849 17603 17621 E IMGMapper: set:488 set: Unset optional value from type CTA861_3
11-06 12:01:05.863 17603 17621 E IMGMapper: set:488 set: Unset optional value from type SMPTE2086
11-06 12:01:05.863 17603 17621 E IMGMapper: set:488 set: Unset optional value from type CTA861_3
11-06 12:01:05.879 17603 17621 E IMGMapper: set:488 set: Unset optional value from type SMPTE2086
11-06 12:01:05.879 17603 17621 E IMGMapper: set:488 set: Unset optional value from type CTA861_3
11-06 12:01:05.896 17603 17621 E IMGMapper: set:488 set: Unset optional value from type SMPTE2086
11-06 12:01:05.896 17603 17621 E IMGMapper: set:488 set: Unset optional value from type CTA861_3
11-06 12:01:05.912 17603 17621 E IMGMapper: set:488 set: Unset optional value from type SMPTE2086
11-06 12:01:05.913 17603 17621 E IMGMapper: set:488 set: Unset optional value from type CTA861_3
11-06 12:01:05.929 17603 17621 E IMGMapper: set:488 set: Unset optional value from type SMPTE2086
11-06 12:01:05.929 17603 17621 E IMGMapper: set:488 set: Unset optional value from type CTA861_3
11-06 12:01:05.947 17603 17621 E IMGMapper: set:488 set: Unset optional value from type SMPTE2086
11-06 12:01:05.947 17603 17621 E IMGMapper: set:488 set: Unset optional value from type CTA861_3
11-06 12:01:05.965 17603 17621 E IMGMapper: set:488 set: Unset optional value from type SMPTE2086
11-06 12:01:05.965 17603 17621 E IMGMapper: set:488 set: Unset optional value from type CTA861_3
11-06 12:01:05.981 17603 17621 E IMGMapper: set:488 set: Unset optional value from type SMPTE2086
11-06 12:01:05.981 17603 17621 E IMGMapper: set:488 set: Unset optional value from type CTA861_3
11-06 12:01:05.995 17603 17621 E IMGMapper: set:488 set: Unset optional value from type SMPTE2086
11-06 12:01:05.995 17603 17621 E IMGMapper: set:488 set: Unset optional value from type CTA861_3
11-06 12:01:06.013 17603 17621 E IMGMapper: set:488 set: Unset optional value from type SMPTE2086
11-06 12:01:06.013 17603 17621 E IMGMapper: set:488 set: Unset optional value from type CTA861_3
11-06 12:01:06.029 17603 17621 E IMGMapper: set:488 set: Unset optional value from type SMPTE2086
11-06 12:01:06.029 17603 17621 E IMGMapper: set:488 set: Unset optional value from type CTA861_3
11-06 12:01:06.046 17603 17621 E IMGMapper: set:488 set: Unset optional value from type SMPTE2086
11-06 12:01:06.047 17603 17621 E IMGMapper: set:488 set: Unset optional value from type CTA861_3
11-06 12:01:06.064 17603 17621 E IMGMapper: set:488 set: Unset optional value from type SMPTE2086
11-06 12:01:06.064 17603 17621 E IMGMapper: set:488 set: Unset optional value from type CTA861_3
11-06 12:01:06.082 17603 17621 E IMGMapper: set:488 set: Unset optional value from type SMPTE2086
11-06 12:01:06.082 17603 17621 E IMGMapper: set:488 set: Unset optional value from type CTA861_3
11-06 12:01:06.098 17603 17621 E IMGMapper: set:488 set: Unset optional value from type SMPTE2086
11-06 12:01:06.098 17603 17621 E IMGMapper: set:488 set: Unset optional value from type CTA861_3
11-06 12:01:06.116 17603 17621 E IMGMapper: set:488 set: Unset optional value from type SMPTE2086
11-06 12:01:06.116 17603 17621 E IMGMapper: set:488 set: Unset optional value from type CTA861_3
11-06 12:01:06.131 17603 17621 E IMGMapper: set:488 set: Unset optional value from type SMPTE2086
11-06 12:01:06.131 17603 17621 E IMGMapper: set:488 set: Unset optional value from type CTA861_3
11-06 12:01:06.133  1187  1663 D WifiConnectivityMonitor.NetworkStatsAnalyzer: Backhaul result - RSSI:-59, CE:14, PE:14, TI:15, PTI:15, TW:2, PTW:2, Tx:5171, Rx:3109, TxS:5170, RxS:3109, RESULT:true, IC:0, ICT:5, WC:0, WCT:5, R:0, RC:0, IE:0, EC:0
11-06 12:01:06.147 17603 17621 E IMGMapper: set:488 set: Unset optional value from type SMPTE2086
11-06 12:01:06.147 17603 17621 E IMGMapper: set:488 set: Unset optional value from type CTA861_3
11-06 12:01:06.162 17603 17621 E IMGMapper: set:488 set: Unset optional value from type SMPTE2086
11-06 12:01:06.162 17603 17621 E IMGMapper: set:488 set: Unset optional value from type CTA861_3
11-06 12:01:06.181 17603 17621 E IMGMapper: set:488 set: Unset optional value from type SMPTE2086
11-06 12:01:06.181 17603 17621 E IMGMapper: set:488 set: Unset optional value from type CTA861_3
11-06 12:01:06.194 17603 17621 E IMGMapper: set:488 set: Unset optional value from type SMPTE2086
11-06 12:01:06.194 17603 17621 E IMGMapper: set:488 set: Unset optional value from type CTA861_3
11-06 12:01:06.211 17603 17621 E IMGMapper: set:488 set: Unset optional value from type SMPTE2086
11-06 12:01:06.211 17603 17621 E IMGMapper: set:488 set: Unset optional value from type CTA861_3
11-06 12:01:06.229 17603 17621 E IMGMapper: set:488 set: Unset optional value from type SMPTE2086
11-06 12:01:06.229 17603 17621 E IMGMapper: set:488 set: Unset optional value from type CTA861_3
11-06 12:01:06.242 17603 17621 E IMGMapper: set:488 set: Unset optional value from type SMPTE2086
11-06 12:01:06.242 17603 17621 E IMGMapper: set:488 set: Unset optional value from type CTA861_3
11-06 12:01:06.264 17603 17621 E IMGMapper: set:488 set: Unset optional value from type SMPTE2086
11-06 12:01:06.264 17603 17621 E IMGMapper: set:488 set: Unset optional value from type CTA861_3
11-06 12:01:06.275 17603 17621 E IMGMapper: set:488 set: Unset optional value from type SMPTE2086
11-06 12:01:06.275 17603 17621 E IMGMapper: set:488 set: Unset optional value from type CTA861_3
11-06 12:01:06.292   896 17725 I mtkpower_client: perf_lock_rel, hdl:1053475, tid:17725
11-06 12:01:06.293  1014  1065 I libPowerHal: [perfLockRel] hdl:1053475, idx:2
11-06 12:01:06.293  1014  1065 I libPowerHal: vendor.samsung.: cpu_ctrl set cpu freq: 1218000 -1 -1 -1
11-06 12:01:06.294 17603 17621 E IMGMapper: set:488 set: Unset optional value from type SMPTE2086
11-06 12:01:06.294 17603 17621 E IMGMapper: set:488 set: Unset optional value from type CTA861_3
11-06 12:01:06.294   896 17725 I mtkpower_client: perf_lock_acq, hdl:0, dur:0, num:2, tid:17725
11-06 12:01:06.295  1014  1065 I libPowerHal: [perfLockAcq] idx:1 hdl:1053477 hint:-1 pid:896 duration:0 lock_user:vendor.samsung. => ret_hdl:1053477
11-06 12:01:06.295   896 17725 I mtkpower_client: ret_hdl:1053477
11-06 12:01:06.295   896 17725 I mtkpower_client: perf_lock_rel, hdl:1053476, tid:17725
11-06 12:01:06.295  1014  1065 I libPowerHal: vendor.samsung.: cpu_ctrl set cpu freq: 1218000 -1 1138000 -1
11-06 12:01:06.296   896 17725 I mtkpower_client: perf_lock_acq, hdl:0, dur:0, num:2, tid:17725
11-06 12:01:06.296  1014  1065 I libPowerHal: [perfLockRel] hdl:1053476, idx:0
11-06 12:01:06.296  1014  1065 I libPowerHal: vendor.samsung.: cpu_ctrl set cpu freq: -1 -1 1138000 -1
11-06 12:01:06.297   896 17725 I mtkpower_client: ret_hdl:1053478
11-06 12:01:06.297   896 17725 I HYPER-HAL: [RequestManager.cpp]releaseLocked(): Released ID : 726633
11-06 12:01:06.298  1014  1065 I libPowerHal: [perfLockAcq] idx:0 hdl:1053478 hint:-1 pid:896 duration:0 lock_user:vendor.samsung. => ret_hdl:1053478
11-06 12:01:06.299  1014  1065 I libPowerHal: vendor.samsung.: cpu_ctrl set cpu freq: 1218000 -1 1138000 -1
11-06 12:01:06.304   896   910 I mtkpower_client: perf_lock_rel, hdl:1053477, tid:910
11-06 12:01:06.305  1014  1065 I libPowerHal: [perfLockRel] hdl:1053477, idx:1
11-06 12:01:06.305  1014  1065 I libPowerHal: vendor.samsung.: cpu_ctrl set cpu freq: 1218000 -1 -1 -1
11-06 12:01:06.306   896   910 I mtkpower_client: perf_lock_rel, hdl:1053478, tid:910
11-06 12:01:06.306   896   910 I HYPER-HAL: [RequestManager.cpp]releaseLocked(): Released ID : 725427
11-06 12:01:06.307  1014  1065 I libPowerHal: [perfLockRel] hdl:1053478, idx:0
11-06 12:01:06.307  1014  1065 I libPowerHal: vendor.samsung.: cpu_ctrl set cpu freq: -1 -1 -1 -1
11-06 12:01:06.309 17603 17621 E IMGMapper: set:488 set: Unset optional value from type SMPTE2086
11-06 12:01:06.309 17603 17621 E IMGMapper: set:488 set: Unset optional value from type CTA861_3
11-06 12:01:06.327 17603 17621 E IMGMapper: set:488 set: Unset optional value from type SMPTE2086
11-06 12:01:06.327 17603 17621 E IMGMapper: set:488 set: Unset optional value from type CTA861_3
11-06 12:01:06.627   543   543 D io_stats: !@ 179,0 r 632717439 7638282938 w 114757045 1217337440 d 1261428 33798216 f 0 0 iot 326189612 0 th 0 0 0 pt 0 inp 0 0 3428081.936
11-06 12:01:06.725 17603 17621 E IMGMapper: set:488 set: Unset optional value from type SMPTE2086
11-06 12:01:06.725 17603 17621 E IMGMapper: set:488 set: Unset optional value from type CTA861_3
11-06 12:01:06.731  1039  1039 I BufferQueueProducer: [com.cinemamovel/com.cinemamovel.MainActivity$_17603#690630](this:0xb400007a1e951838,id:-1,api:0,p:-1,c:1039) queueBuffer: fps=43.01 dur=1348.58 max=383.19 min=15.89
11-06 12:01:06.734   991 11009 I hwcomposer: [HWCDisplay] [Display_0 (type:1)] fps:42.990978,dur:1349.12,max:383.88,min:15.77  
11-06 12:01:06.742 17603 17621 E IMGMapper: set:488 set: Unset optional value from type SMPTE2086
11-06 12:01:06.742 17603 17621 E IMGMapper: set:488 set: Unset optional value from type CTA861_3
11-06 12:01:06.760 17603 17621 E IMGMapper: set:488 set: Unset optional value from type SMPTE2086
11-06 12:01:06.761 17603 17621 E IMGMapper: set:488 set: Unset optional value from type CTA861_3
11-06 12:01:06.775 17603 17621 E IMGMapper: set:488 set: Unset optional value from type SMPTE2086
11-06 12:01:06.775 17603 17621 E IMGMapper: set:488 set: Unset optional value from type CTA861_3
11-06 12:01:06.791 17603 17621 E IMGMapper: set:488 set: Unset optional value from type SMPTE2086
11-06 12:01:06.791 17603 17621 E IMGMapper: set:488 set: Unset optional value from type CTA861_3
11-06 12:01:06.808 17603 17621 E IMGMapper: set:488 set: Unset optional value from type SMPTE2086
11-06 12:01:06.808 17603 17621 E IMGMapper: set:488 set: Unset optional value from type CTA861_3
11-06 12:01:06.827 17603 17621 E IMGMapper: set:488 set: Unset optional value from type SMPTE2086
11-06 12:01:06.827 17603 17621 E IMGMapper: set:488 set: Unset optional value from type CTA861_3
11-06 12:01:06.842 17603 17621 E IMGMapper: set:488 set: Unset optional value from type SMPTE2086
11-06 12:01:06.842 17603 17621 E IMGMapper: set:488 set: Unset optional value from type CTA861_3
11-06 12:01:06.857 17603 17621 E IMGMapper: set:488 set: Unset optional value from type SMPTE2086
11-06 12:01:06.857 17603 17621 E IMGMapper: set:488 set: Unset optional value from type CTA861_3
11-06 12:01:06.875 17603 17621 E IMGMapper: set:488 set: Unset optional value from type SMPTE2086
11-06 12:01:06.875 17603 17621 E IMGMapper: set:488 set: Unset optional value from type CTA861_3
11-06 12:01:06.891 17603 17621 E IMGMapper: set:488 set: Unset optional value from type SMPTE2086
11-06 12:01:06.892 17603 17621 E IMGMapper: set:488 set: Unset optional value from type CTA861_3
11-06 12:01:06.909 17603 17621 E IMGMapper: set:488 set: Unset optional value from type SMPTE2086
11-06 12:01:06.910 17603 17621 E IMGMapper: set:488 set: Unset optional value from type CTA861_3
11-06 12:01:06.924 17603 17621 E IMGMapper: set:488 set: Unset optional value from type SMPTE2086
11-06 12:01:06.924 17603 17621 E IMGMapper: set:488 set: Unset optional value from type CTA861_3
11-06 12:01:06.941 17603 17621 E IMGMapper: set:488 set: Unset optional value from type SMPTE2086
11-06 12:01:06.941 17603 17621 E IMGMapper: set:488 set: Unset optional value from type CTA861_3
11-06 12:01:06.958 17603 17621 E IMGMapper: set:488 set: Unset optional value from type SMPTE2086
11-06 12:01:06.958 17603 17621 E IMGMapper: set:488 set: Unset optional value from type CTA861_3
11-06 12:01:06.974 17603 17621 E IMGMapper: set:488 set: Unset optional value from type SMPTE2086
11-06 12:01:06.975 17603 17621 E IMGMapper: set:488 set: Unset optional value from type CTA861_3
11-06 12:01:07.171  1693  1693 I WifiHAL : Get link layer stats
11-06 12:01:07.171  1693  1693 I WifiHAL : GetLinkStatsCommand::create
11-06 12:01:07.171  1693  1693 D android.hardware.wifi@1.0-service-lazy: WifiRequest::create vendor command to iface 38, vendor_id=0x1a11, subcmd=0x1200, res=0
11-06 12:01:07.171  1693  1693 I android.hardware.wifi@1.0-service-lazy: WifiCommand::requestResponse err=-95
11-06 12:01:07.171  1693  1693 I WifiHAL : wifi_get_link_stats: result=-3
11-06 12:01:07.173  1187  1566 E WifiVendorHal: getWifiLinkLayerStats_1_5_Internal(l.1179) failed {.code = ERROR_NOT_SUPPORTED, .description = }
11-06 12:01:07.183  1187 22074 D SemWifiUsabilityStatsMonitor: onWifiUsabilityStats - seqNum 110688, isSameBssidAndFreq true
11-06 12:01:07.184  1187  1645 I SemWifiLinkQualityMonitor: Link Qos query: inf. ms / 0 Mbps
11-06 12:01:07.475  1187  1369 D PowerManagerService: UserActivityStateListenerState: 0
