10-20 21:22:07.754  8703  8916 I RcsProvisioningFlow: Beginning update task for phone SIMs state scheduledAt: 2025-10-21T00:22:07.549Z
10-20 21:22:07.762   543   543 D io_stats: !@ 179,0 r 465766517 5659586742 w 80704374 846316840 d 1258364 33785896 f 0 0 iot 231568124 0 th 0 0 0 pt 0 inp 0 0 2555525.065
10-20 21:22:07.769  8703  8774 I BugleSimStateTracker: Looking up Fi through package names.
10-20 21:22:07.787  8703  8774 I BugleSimStateTracker: Looking up Fi through package names.
10-20 21:22:07.790  8661  6424 W BpBinder: Large outgoing transaction of 391972 bytes, interface descriptor <uncached descriptor>, code 4
10-20 21:22:07.807  8703  8753 D CompatibilityChangeReporter: Compat change id reported: 183155436; UID 10201; state: ENABLED
10-20 21:22:07.811  8703  8753 I FirebaseApp: Device unlocked: initializing all Firebase APIs for app [DEFAULT]
10-20 21:22:07.822  8703  8916 I BugleNetwork: FirebaseRegistrationStartupTask: Enabling Firebase component
10-20 21:22:07.827  1483  3183 D PackageManager: setEnabledSetting : userId = 0 packageName = com.google.android.apps.messaging cmp = com.google.android.apps.messaging.shared.fcm.impl.BugleFirebaseMessagingService newState = 1 callingPackage = 10201/com.google.android.apps.messaging
10-20 21:22:07.828  1483  3183 D ApplicationPolicy: getApplicationStateEnabled : pkg = com.google.android.apps.messaging userId : 0
10-20 21:22:07.829  1483  3183 D ApplicationPolicy: getApplicationComponentState : pkg = com.google.android.apps.messaging userId : 0
10-20 21:22:07.842  8703  8774 I BugleSimStateTracker: Looking up Fi through package names.
10-20 21:22:07.851  8703  8774 I RcsProvisioningFlow: All newly built SimSubscriptionInfos: [(simId: redacted-pii:sim_id[chars:20,last3:411],
10-20 21:22:07.851  8703  8774 I RcsProvisioningFlow: subId: 2,
10-20 21:22:07.851  8703  8774 I RcsProvisioningFlow: simSlot: 0,
10-20 21:22:07.851  8703  8774 I RcsProvisioningFlow: imsi: redacted-pii:imsi[chars:15],
10-20 21:22:07.851  8703  8774 I RcsProvisioningFlow: phoneNumber: redacted-pii:phone_number[chars:0,last2:],
10-20 21:22:07.851  8703  8774 I RcsProvisioningFlow: countryCode: BR,
10-20 21:22:07.851  8703  8774 I RcsProvisioningFlow: networkOperatorName: CLARO BR,
10-20 21:22:07.851  8703  8774 I RcsProvisioningFlow: subscriptionGroupUuid: ,
10-20 21:22:07.851  8703  8774 I RcsProvisioningFlow: mcc: 724,
10-20 21:22:07.851  8703  8774 I RcsProvisioningFlow: mnc: 05,
10-20 21:22:07.851  8703  8774 I RcsProvisioningFlow: simCarrierId: 529,
10-20 21:22:07.851  8703  8774 I RcsProvisioningFlow: iccid: redacted-pii:sim_iccid[chars:20],
10-20 21:22:07.851  8703  8774 I RcsProvisioningFlow: isFi: false,
10-20 21:22:07.851  8703  8774 I RcsProvisioningFlow: loggableGuid: 80c3afbf-1742-4336-92f5-430b26a263f0,
10-20 21:22:07.851  8703  8774 I RcsProvisioningFlow: formattedMsisdn: redacted-pii:phone_number[chars:0,last2:],
10-20 21:22:07.851  8703  8774 I RcsProvisioningFlow: simOperatorName: Claro BR,
10-20 21:22:07.851  8703  8774 I RcsProvisioningFlow: simOperator: 72405,
10-20 21:22:07.851  8703  8774 I RcsProvisioningFlow: groupIdLevel1: ,
10-20 21:22:07.851  8703  8774 I RcsProvisioningFlow: preferredSubscriptionName: Claro BR), (simId: redacted-pii:sim_id[chars:19,last3:991],
10-20 21:22:07.851  8703  8774 I RcsProvisioningFlow: subId: 1,
10-20 21:22:07.851  8703  8774 I RcsProvisioningFlow: simSlot: 1,
10-20 21:22:07.851  8703  8774 I RcsProvisioningFlow: imsi: redacted-pii:imsi[chars:15],
10-20 21:22:07.851  8703  8774 I RcsProvisioningFlow: phoneNumber: redacted-pii:phone_number[chars:0,last2:],
10-20 21:22:07.851  8703  8774 I RcsProvisioningFlow: countryCode: BR,
10-20 21:22:07.851  8703  8774 I RcsProvisioningFlow: networkOperatorName: ,
10-20 21:22:07.851  8703  8774 I RcsProvisioningFlow: subscriptionGroupUuid: ,
10-20 21:22:07.851  8703  8774 I RcsProvisioningFlow: mcc: 724,
10-20 21:22:07.851  8703  8774 I RcsProvisioningFlow: mnc: 31,
10-20 21:22:07.851  8703  8774 I RcsProvisioningFlow: simCarrierId: 1389,
10-20 21:22:07.851  8703  8774 I RcsProvisioningFlow: iccid: redacted-pii:sim_iccid[chars:19],
10-20 21:22:07.851  8703  8774 I RcsProvisioningFlow: isFi: false,
10-20 21:22:07.851  8703  8774 I RcsProvisioningFlow: loggableGuid: 30d79941-1823-4a0d-98e2-e50e6bcb5a4e,
10-20 21:22:07.851  8703  8774 I RcsProvisioningFlow: formattedMsisdn: redacted-pii:phone_number[chars:0,last2:],
10-20 21:22:07.851  8703  8774 I RcsProvisioningFlow: simOperatorName: Oi,
10-20 21:22:07.851  8703  8774 I RcsProvisioningFlow: simOperator: 72431,
10-20 21:22:07.851  8703  8774 I RcsProvisioningFlow: groupIdLevel1: ,
10-20 21:22:07.851  8703  8774 I RcsProvisioningFlow: preferredSubscriptionName: Oi)]
10-20 21:22:07.852  8703  8774 I RcsProvisioningFlow: Storing updatedSimSubscriptionInfos: [(redacted-pii:sim_id[chars:20,last3:411], 80c3afbf-1742-4336-92f5-430b26a263f0), (redacted-pii:sim_id[chars:19,last3:991], 30d79941-1823-4a0d-98e2-e50e6bcb5a4e)]
10-20 21:22:07.855  8703  8774 I RcsProvisioningFlow: Handling SIM loaded event for all SIMs on first update: [(redacted-pii[20-chars], 80c3afbf-1742-4336-92f5-430b26a263f0), (redacted-pii[19-chars], 30d79941-1823-4a0d-98e2-e50e6bcb5a4e)]
10-20 21:22:07.870  8703  8774 I Bugle   : Phone number for self is invalid! With country=BR and number=redacted-pii[0-chars] [CONTEXT sub_id=2 ]
10-20 21:22:07.871  8703  8774 I Bugle   : Phone number for self is invalid! With country=BR and number=redacted-pii[0-chars] [CONTEXT sub_id=1 ]
10-20 21:22:07.873  8703  8789 I Bugle   : RcsAvailabilityUtilForProvisioningEngineV2: updateAvailabilityForAllSimsAsync, hint: NO_HINT
10-20 21:22:07.874  8703  8789 I BugleRcsProvisioning: updateAvailabilityForAllSimsAsync: scheduling updateAvailabilityForRcsProvisioningId call. Hint: NO_HINT, enableWelcomePopupWithoutGoogleTos: false, reshowSuccessPopup: false
10-20 21:22:07.875  8703  8917 I BugleRcsProvisioning: updateRcsAvailabilityForMultipleSims: hint: NO_HINT, canReshowWelcomeMessage: false
10-20 21:22:07.877  8703  8917 I RcsAvailabilityCache: Cached availability not found for simId: redacted-pii:sim_id[chars:19,last3:991]
10-20 21:22:07.878  8703  8774 I BugleDataModel: SubscriptionsTracker#refreshSelfParticipantList([2, 1])
10-20 21:22:07.883  8703  8760 D WM-GreedyScheduler: Ignoring {WorkSpec: e0d228a3-a9a5-4eb0-a003-25ffa3d87aa0}. Requires ContentUri triggers.
10-20 21:22:07.883  8703  8760 D WM-GreedyScheduler: Ignoring {WorkSpec: 79732b8a-c6bf-466a-835a-f3d24bf24f3d}. Requires device idle.
10-20 21:22:07.883  8703  8760 D WM-GreedyScheduler: Ignoring {WorkSpec: 04db5d64-2df9-4665-98ca-54a2e84d45b7}. Requires device idle.
10-20 21:22:07.883  8703  8760 D WM-GreedyScheduler: Ignoring {WorkSpec: b3f5174e-1f68-4d59-81ba-85f8bff2abdf}. Requires device idle.
10-20 21:22:07.883  8703  8760 D WM-GreedyScheduler: Ignoring {WorkSpec: 6be00472-d46a-4116-b286-53d9597726b3}. Requires ContentUri triggers.
10-20 21:22:07.890  8703  8785 I MobileConfigurationApi: registerParameters successfully stored 7 parameters
10-20 21:22:07.895  8703  8785 I SyncScheduler: scheduling sync for 0 seconds later, policy = KEEP
10-20 21:22:07.908  8703  8917 I Bugle   : Has Samsung system feature: true
10-20 21:22:07.908  8703  8789 I RcsProvisioningFlow: EVENT_TYPE_SIM_STATE_UPDATE_SCHEDULED logging skipped for redacted-pii:sim_id[chars:20,last3:411] because an active flow already exists.
10-20 21:22:07.912  8703  8789 I RcsProvisioningFlow: EVENT_TYPE_SIM_STATE_UPDATE_SCHEDULED logging skipped for redacted-pii:sim_id[chars:19,last3:991] because an active flow already exists.
10-20 21:22:07.917  1483  1750 D SecContentProvider2: query(), uri = 18 selection = isRCSEnabled
10-20 21:22:07.919  1483  1750 I PhoneRestrictionPolicy: isRCSEnabledInternal(), showMsg: false, columnName: enableRCS
10-20 21:22:07.921  1483  1750 E PhoneRestrictionPolicy: getEmergencyCall >>false
10-20 21:22:07.922  1483  1750 I PhoneRestrictionPolicy: isRCSEnabledInternal(), showMsg: false, columnName: enableRCSForSimSlot1
10-20 21:22:07.923  1483  1750 E PhoneRestrictionPolicy: getEmergencyCall >>false
10-20 21:22:07.928  8661  8661 D BoundBrokerSvc: onRebind: Intent { act=com.google.android.gms.common.telemetry.service.START dat=chimera-action:/... cmp=com.google.android.gms/.chimera.PersistentApiService }
10-20 21:22:07.933  8703  8774 I BugleSelfIdentity: empty phone number from override [CONTEXT sub_id=2 ]
10-20 21:22:07.936  8703  8785 I BugleRcsProvisioning: BugleSystemBindingManager: onBuglePhenotypeFlagChanged
10-20 21:22:07.938  8703  8785 I BugleTransport: Not kicking off update transport registration because RCS provisioning change has not been received.
10-20 21:22:07.939  1483  6422 D PackageManager: setEnabledSetting : userId = 0 packageName = com.google.android.apps.messaging cmp = com.google.android.ims.binding.SystemBindingService newState = 1 callingPackage = 10201/com.google.android.apps.messaging
10-20 21:22:07.940  8703  8767 I BugleRcsEngine: getConfigServerUrl without simId [CONTEXT log_prefix="ProvisioningServerUtil" thread_id=7468 ]
10-20 21:22:07.940  1483  6422 D ApplicationPolicy: getApplicationStateEnabled : pkg = com.google.android.apps.messaging userId : 0
10-20 21:22:07.941  1483  6422 D ApplicationPolicy: getApplicationComponentState : pkg = com.google.android.apps.messaging userId : 0
10-20 21:22:07.943  8703  8762 I BugleRcsEngine: SystemBinding enabled: true [CONTEXT log_prefix="SystemBindingManager" thread_id=7464 ]
10-20 21:22:07.945  8703  8762 I BugleRcsEngine: System Binding updated [CONTEXT thread_id=7464 ]
10-20 21:22:07.946  8703  8767 I BugleRcsEngine: Using config server URL from djqr [CONTEXT log_prefix="ProvisioningServerUtil" thread_id=7468 ]
10-20 21:22:07.947  8703  8760 I BugleRcsEngine: getConfigServerUrl without simId [CONTEXT log_prefix="ProvisioningServerUtil" thread_id=7462 ]
10-20 21:22:07.948  8703  8783 I BugleRcsEngine: getConfigServerUrl without simId [CONTEXT log_prefix="ProvisioningServerUtil" thread_id=7477 ]
10-20 21:22:07.951  8703  8917 I BugleRcsEngine: [SR]: Single Registration is disabled. Skipping Single Registration capability check for subId: 1, OS.isAtLeastS:[true], enableSingleRegistrationProvisioning:[false] [CONTEXT thread_id=7493 ]
10-20 21:22:07.960  8703  8786 D WM-GreedyScheduler: Ignoring {WorkSpec: e0d228a3-a9a5-4eb0-a003-25ffa3d87aa0}. Requires ContentUri triggers.
10-20 21:22:07.960  8703  8786 D WM-GreedyScheduler: Ignoring {WorkSpec: 79732b8a-c6bf-466a-835a-f3d24bf24f3d}. Requires device idle.
10-20 21:22:07.960  8703  8786 D WM-GreedyScheduler: Ignoring {WorkSpec: 04db5d64-2df9-4665-98ca-54a2e84d45b7}. Requires device idle.
10-20 21:22:07.960  8703  8786 D WM-GreedyScheduler: Ignoring {WorkSpec: b3f5174e-1f68-4d59-81ba-85f8bff2abdf}. Requires device idle.
10-20 21:22:07.960  8703  8786 D WM-GreedyScheduler: Ignoring {WorkSpec: 6be00472-d46a-4116-b286-53d9597726b3}. Requires ContentUri triggers.
10-20 21:22:07.962  8703  8783 I BugleRcsEngine: Using config server URL from djqr [CONTEXT log_prefix="ProvisioningServerUtil" thread_id=7477 ]
10-20 21:22:07.969  8703  8760 I BugleRcsEngine: Using config server URL from djqr [CONTEXT log_prefix="ProvisioningServerUtil" thread_id=7462 ]
10-20 21:22:07.970  8703  8917 I BugleRcsProvisioning: RcsAvailability configuration availability and enabled status: simId: redacted-pii:sim_id[chars:19,last3:991], SipConnectionType: DUAL_REG, isConfigurationAvailableAndEnabled: false
10-20 21:22:07.971  8703  8917 I BugleRcsProvisioning: Checking isConfigServerUrlAvailable with simId: redacted-pii:sim_id[chars:19,last3:991], 
10-20 21:22:07.973  8703  8917 I BugleRcsEngine: getConfigServerUrl with simId: redacted-pii:sim_id[chars:19,last3:991] [CONTEXT log_prefix="ProvisioningServerUtil" thread_id=7493 ]
10-20 21:22:07.974  8703  8917 I BugleRcsEngine: Using config server URL from ciix [CONTEXT log_prefix="ProvisioningServerUtil" thread_id=7493 ]
10-20 21:22:07.982  8703  8917 I BugleRcsProvisioning: RcsAvailability: Subscription Id: 1, simId: redacted-pii:sim_id[chars:19,last3:991], sipConnectionType: DUAL_REG, isRcsAvailable: false
10-20 21:22:07.983  8703  8774 I BugleSelfIdentity: empty phone number from override [CONTEXT sub_id=2 ]
10-20 21:22:07.988  8703  8917 I BugleRcsProvisioning: updateAvailabilityForRcsProvisioningId. SimId: redacted-pii:sim_id[chars:19,last3:991], currentAvailability: 1, newAvailability: 10, hint: NO_HINT
10-20 21:22:07.990  8703  8917 I RcsProvisioningManager: Receive onRcsAvailabilityUpdate, SIM = redacted-pii:sim_id[chars:19,last3:991], availability = RcsAvailability{mAvailability=CARRIER_SETUP_PENDING (Carrier RCS is not set up)}
10-20 21:22:07.992  8703  8783 I RcsProvisioningManager: Cannot notify RcsVerifiedPhoneNumberListener because current availability is CARRIER_SETUP_PENDING instead of AVAILABLE.
10-20 21:22:07.993  8703  8760 I RcsProvisioningManager: AvailabilityObserver.onUpdate : Notify RcsAvailabilityListener ctzq@9ea807a onRcsAvailabilityUpdate, SIM = redacted-pii:sim_id[chars:19,last3:991], availability = 10
10-20 21:22:07.995  8703  8936 I RcsProvisioningManager: AvailabilityObserver.onUpdate : Notify RcsAvailabilityListener comj@b3c75f8 onRcsAvailabilityUpdate, SIM = redacted-pii:sim_id[chars:19,last3:991], availability = 10
10-20 21:22:07.996  8703  8786 I RcsProvisioningManager: CommonRcsProvisioningChangeListenerHandler.notifyListener : Notify RcsProvisioningChangeListener dffl@58fa936 onRcsProvisioningChange, SIM = redacted-pii:sim_id[chars:34,last3:91)], available rcs provisioning ids  = 
10-20 21:22:07.999  8703  8917 I RcsAvailabilityCache: Cached availability not found for simId: redacted-pii:sim_id[chars:20,last3:411]
10-20 21:22:08.001  8703  8916 W BugleRcs: getAvailableProvisioningIds: accessing uninitialized provisioning identities. [CONTEXT ratelimit_period="1 MINUTES" skipped=1 ]
10-20 21:22:08.001  8703  8916 W BugleRcs: eqwf: FULL
10-20 21:22:08.001  8703  8916 W BugleRcs: 	at dkxq.x(PG:60)
10-20 21:22:08.001  8703  8916 W BugleRcs: 	at dlgf.p(PG:15)
10-20 21:22:08.001  8703  8916 W BugleRcs: 	at colh.p(PG:3)
10-20 21:22:08.001  8703  8916 W BugleRcs: 	at cuab.a(PG:28)
10-20 21:22:08.001  8703  8916 W BugleRcs: 	at cuaa.a(PG:23)
10-20 21:22:08.001  8703  8916 W BugleRcs: 	at ctzq.e(PG:15)
10-20 21:22:08.001  8703  8916 W BugleRcs: 	at bzvc.g(PG:21)
10-20 21:22:08.001  8703  8916 W BugleRcs: 	at bzva.run(PG:33)
10-20 21:22:08.001  8703  8916 W BugleRcs: 	at eooi.run(PG:21)
10-20 21:22:08.001  8703  8916 W BugleRcs: 	at java.util.concurrent.Executors$RunnableAdapter.call(Executors.java:487)
10-20 21:22:08.001  8703  8916 W BugleRcs: 	at eveh.a(PG:3)
10-20 21:22:08.001  8703  8916 W BugleRcs: 	at evde.run(PG:19)
10-20 21:22:08.001  8703  8916 W BugleRcs: 	at evei.run(PG:5)
10-20 21:22:08.001  8703  8916 W BugleRcs: 	at dvnc.run(PG:7)
10-20 21:22:08.001  8703  8916 W BugleRcs: 	at java.util.concurrent.ThreadPoolExecutor.runWorker(ThreadPoolExecutor.java:1145)
10-20 21:22:08.001  8703  8916 W BugleRcs: 	at java.util.concurrent.ThreadPoolExecutor$Worker.run(ThreadPoolExecutor.java:644)
10-20 21:22:08.001  8703  8916 W BugleRcs: 	at dvmg.run(PG:6)
10-20 21:22:08.001  8703  8916 W BugleRcs: 	at java.lang.Thread.run(Thread.java:1012)
10-20 21:22:08.001  8703  8916 W BugleRcs: 	at dvoa.run(PG:61)
10-20 21:22:08.001  8703  8765 D WM-GreedyScheduler: Ignoring {WorkSpec: e0d228a3-a9a5-4eb0-a003-25ffa3d87aa0}. Requires ContentUri triggers.
10-20 21:22:08.001  8703  8765 D WM-GreedyScheduler: Ignoring {WorkSpec: 79732b8a-c6bf-466a-835a-f3d24bf24f3d}. Requires device idle.
10-20 21:22:08.001  8703  8765 D WM-GreedyScheduler: Ignoring {WorkSpec: 04db5d64-2df9-4665-98ca-54a2e84d45b7}. Requires device idle.
10-20 21:22:08.001  8703  8765 D WM-GreedyScheduler: Ignoring {WorkSpec: b3f5174e-1f68-4d59-81ba-85f8bff2abdf}. Requires device idle.
10-20 21:22:08.002  8703  8765 D WM-GreedyScheduler: Ignoring {WorkSpec: 6be00472-d46a-4116-b286-53d9597726b3}. Requires ContentUri triggers.
10-20 21:22:08.002  8703  8916 I RcsProvisioningManager: Calculating availability
10-20 21:22:08.003  8703  8916 I RcsProvisioningManager: Computing availability for all sims.
10-20 21:22:08.003  8703  8774 I BugleSelfIdentity: empty phone number from override [CONTEXT sub_id=1 ]
10-20 21:22:08.009  8703  8916 I RcsProvisioningManager: qualifiedProvisioningEngineAdapter is present: true
10-20 21:22:08.010  8703  8916 I RcsProvisioningManager: getAvailabilityForRcsProvisioningIdSync: RcsAvailability{mAvailability=CARRIER_SETUP_PENDING (Carrier RCS is not set up)}
10-20 21:22:08.011  1483  3183 D SecContentProvider2: query(), uri = 18 selection = isRCSEnabled
10-20 21:22:08.011  1483  3183 I PhoneRestrictionPolicy: isRCSEnabledInternal(), showMsg: false, columnName: enableRCS
10-20 21:22:08.012  8703  8916 I RcsProvisioningManager: Receive onRcsAvailabilityUpdate, SIM = redacted-pii:sim_id[chars:19,last3:991], availability = RcsAvailability{mAvailability=CARRIER_SETUP_PENDING (Carrier RCS is not set up)}
10-20 21:22:08.012  1483  3183 E PhoneRestrictionPolicy: getEmergencyCall >>false
10-20 21:22:08.013  1483  3183 I PhoneRestrictionPolicy: isRCSEnabledInternal(), showMsg: false, columnName: enableRCSForSimSlot1
10-20 21:22:08.014  8703  8760 I RcsProvisioningManager: Cannot notify RcsVerifiedPhoneNumberListener because current availability is CARRIER_SETUP_PENDING instead of AVAILABLE.
10-20 21:22:08.014  1483  3183 E PhoneRestrictionPolicy: getEmergencyCall >>false
10-20 21:22:08.014  8703  8936 I RcsProvisioningManager: AvailabilityObserver.onUpdate : Notify RcsAvailabilityListener comj@b3c75f8 onRcsAvailabilityUpdate, SIM = redacted-pii:sim_id[chars:19,last3:991], availability = 10
10-20 21:22:08.015  8703  8786 I RcsProvisioningManager: CommonRcsProvisioningChangeListenerHandler.notifyListener : Notify RcsProvisioningChangeListener dffl@58fa936 onRcsProvisioningChange, SIM = redacted-pii:sim_id[chars:34,last3:91)], available rcs provisioning ids  = 
10-20 21:22:08.016  8703  8916 I RcsProvisioningManager: qualifiedProvisioningEngineAdapter is present: true
10-20 21:22:08.017  8703  8916 I RcsAvailabilityCache: Cached availability not found for simId: redacted-pii:sim_id[chars:20,last3:411]
10-20 21:22:08.019  8703  8916 I RcsAvailabilityCache: Cached availability not found for simId: redacted-pii:sim_id[chars:20,last3:411]
10-20 21:22:08.020  8703  8937 I RcsProvisioningManager: AvailabilityObserver.onUpdate : Notify RcsAvailabilityListener ctzq@9ea807a onRcsAvailabilityUpdate, SIM = redacted-pii:sim_id[chars:19,last3:991], availability = 10
10-20 21:22:08.021  8703  8774 I BugleSelfIdentity: empty phone number from override [CONTEXT sub_id=1 ]
10-20 21:22:08.030  1483  3183 D SecContentProvider2: query(), uri = 18 selection = isRCSEnabled
10-20 21:22:08.030  1483  3183 I PhoneRestrictionPolicy: isRCSEnabledInternal(), showMsg: false, columnName: enableRCS
10-20 21:22:08.031  1483  3183 E PhoneRestrictionPolicy: getEmergencyCall >>false
10-20 21:22:08.032  1483  3183 I PhoneRestrictionPolicy: isRCSEnabledInternal(), showMsg: false, columnName: enableRCSForSimSlot1
10-20 21:22:08.032  1483  3183 E PhoneRestrictionPolicy: getEmergencyCall >>false
10-20 21:22:08.033  8703  8774 I BugleSelfIdentity: empty phone number from override [CONTEXT sub_id=2 ]
10-20 21:22:08.035  8703  8839 D CompatibilityChangeReporter: Compat change id reported: 150939131; UID 10201; state: ENABLED
10-20 21:22:08.037  8703  8917 I BugleRcsEngine: [SR]: Single Registration is disabled. Skipping Single Registration capability check for subId: 2, OS.isAtLeastS:[true], enableSingleRegistrationProvisioning:[false] [CONTEXT thread_id=7493 ]
10-20 21:22:08.037  1483  6422 D PackageManager: setEnabledSetting : userId = 0 packageName = com.google.android.apps.messaging cmp = com.google.android.ims.binding.SystemBindingService newState = 1 callingPackage = 10201/com.google.android.apps.messaging
10-20 21:22:08.038  8703  8763 I Bugle   : RcsAvailabilityUtilForProvisioningEngineV2: onCsLibPhenotypeUpdated
10-20 21:22:08.038  8703  8760 I BugleRcsEngine: getConfigServerUrl without simId [CONTEXT log_prefix="ProvisioningServerUtil" thread_id=7462 ]
10-20 21:22:08.039  1483  6422 D ApplicationPolicy: getApplicationStateEnabled : pkg = com.google.android.apps.messaging userId : 0
10-20 21:22:08.039  1483  6422 D ApplicationPolicy: getApplicationComponentState : pkg = com.google.android.apps.messaging userId : 0
10-20 21:22:08.042  8703  8753 I BugleRcsEngine: SystemBinding enabled: true [CONTEXT log_prefix="SystemBindingManager" thread_id=7457 ]
10-20 21:22:08.045  8703  8765 I BugleRcsEngine: getConfigServerUrl without simId [CONTEXT log_prefix="ProvisioningServerUtil" thread_id=7466 ]
10-20 21:22:08.045  8703  8922 I BugleRcsEngine: System Binding updated [CONTEXT thread_id=7497 ]
10-20 21:22:08.058  8703  8774 I BugleSelfIdentity: empty phone number from override [CONTEXT sub_id=2 ]
10-20 21:22:08.071  8703  8765 I BugleRcsEngine: Using config server URL from djqr [CONTEXT log_prefix="ProvisioningServerUtil" thread_id=7466 ]
10-20 21:22:08.075  8703  8916 I BugleRcsEngine: [SR]: Single Registration is disabled. Skipping Single Registration capability check for subId: 2, OS.isAtLeastS:[true], enableSingleRegistrationProvisioning:[false] [CONTEXT thread_id=7492 ]
10-20 21:22:08.078  8703  8760 I BugleRcsEngine: Using config server URL from djqr [CONTEXT log_prefix="ProvisioningServerUtil" thread_id=7462 ]
10-20 21:22:08.084  1483  2471 D NetdEventListenerService: DNS Requested by : 475, 11011
10-20 21:22:08.089  8703  8916 I BugleRcsProvisioning: RcsAvailability configuration availability and enabled status: simId: redacted-pii:sim_id[chars:20,last3:411], SipConnectionType: DUAL_REG, isConfigurationAvailableAndEnabled: true
10-20 21:22:08.090  8703  8916 I BugleRcsProvisioning: Checking isConfigServerUrlAvailable with simId: redacted-pii:sim_id[chars:20,last3:411], 
10-20 21:22:08.091 24250  5698 D TrafficStats: tagSocket(6) with statsTag=0xffffffff, statsUid=-1
10-20 21:22:08.092  8703  8916 I BugleRcsEngine: getConfigServerUrl with simId: redacted-pii:sim_id[chars:20,last3:411] [CONTEXT log_prefix="ProvisioningServerUtil" thread_id=7492 ]
10-20 21:22:08.094  8703  8916 I BugleRcsEngine: Using config server URL from ciix [CONTEXT log_prefix="ProvisioningServerUtil" thread_id=7492 ]
10-20 21:22:08.108  8703  8916 I BugleRcsProvisioning: RcsAvailability: Subscription Id: 2, simId: redacted-pii:sim_id[chars:20,last3:411], sipConnectionType: DUAL_REG, isRcsAvailable: true
10-20 21:22:08.110 24250 24342 D TrafficStats: tagSocket(116) with statsTag=0xffffffff, statsUid=-1
10-20 21:22:08.120  8703  8916 I BugleRcsProvisioning: updateAvailabilityForRcsProvisioningId. SimId: redacted-pii:sim_id[chars:20,last3:411], currentAvailability: 1, newAvailability: 7, hint: NO_HINT
10-20 21:22:08.120  8703  8917 I BugleRcsProvisioning: RcsAvailability configuration availability and enabled status: simId: redacted-pii:sim_id[chars:20,last3:411], SipConnectionType: DUAL_REG, isConfigurationAvailableAndEnabled: true
10-20 21:22:08.121  8703  8917 I BugleRcsProvisioning: Checking isConfigServerUrlAvailable with simId: redacted-pii:sim_id[chars:20,last3:411], 
10-20 21:22:08.122  8703  8789 I BugleDataModel: 4 not running because already up to date, upgradeCommand: EXECUTE_UPGRADE, version: 1
10-20 21:22:08.124  1483  1750 D PackageManager: setEnabledSetting : userId = 0 packageName = com.google.android.apps.messaging cmp = com.google.android.apps.messaging.auto.MessagingTemplateScreenServiceModule newState = 1 callingPackage = 10201/com.google.android.apps.messaging
10-20 21:22:08.125  1483  1750 D ApplicationPolicy: getApplicationStateEnabled : pkg = com.google.android.apps.messaging userId : 0
10-20 21:22:08.127  1483  1750 D ApplicationPolicy: getApplicationComponentState : pkg = com.google.android.apps.messaging userId : 0
10-20 21:22:08.127  8703  8790 I BugleDataModel: 3 not running because already up to date, upgradeCommand: EXECUTE_UPGRADE, version: 2
10-20 21:22:08.128  8703  8774 I BugleDataModel: SubscriptionsTracker bindToTrackingMap bound participants: [ParticipantId=1 subId=-1, ParticipantId=2 subId=1, ParticipantId=3 subId=2]
10-20 21:22:08.129  8703  8917 I BugleRcsEngine: getConfigServerUrl with simId: redacted-pii:sim_id[chars:20,last3:411] [CONTEXT log_prefix="ProvisioningServerUtil" thread_id=7493 ]
10-20 21:22:08.131  8703  8788 I BugleDataModel: 2 not running because already up to date, upgradeCommand: EXECUTE_UPGRADE, version: 2
10-20 21:22:08.138  8703  8917 I BugleRcsEngine: Using config server URL from ciix [CONTEXT log_prefix="ProvisioningServerUtil" thread_id=7493 ]
10-20 21:22:08.148  8703  8774 I BugleDataModel: set orderedRowIdAndTokenPairs: [rowId=2 subId= 1 token=c5fe3fcc-23ea-4cf4-8cfa-363cdd8db98b, rowId=3 subId= 2 token=f7e82289-5ddc-4522-8b55-52a052a0206e, rowId=1 subId= -1 token=1b1b38f0-65a6-4328-bff6-ef5a9e4251e5]
10-20 21:22:08.153  2521  2618 D MobileStatusTracker(0/2): onSignalStrengthsChanged level=4, vendorLevel=3
10-20 21:22:08.155  2521  2618 D MobileSignalController(0/2): notifyListener: enabled=true, connected=true, dataConnected=true, networkType=LTE (4G), emergencyOnly=false, roaming=false, isDefault=false, dataActivity=, level=3, ca=false, mmWave=false, disabledDataIcon=false, simCard=ETC
10-20 21:22:08.155  8703  8917 I BugleRcsProvisioning: RcsAvailability: Subscription Id: 2, simId: redacted-pii:sim_id[chars:20,last3:411], sipConnectionType: DUAL_REG, isRcsAvailable: true
10-20 21:22:08.155  2521  2618 D NetworkController: SignalStrength from intent slotId=0
10-20 21:22:08.157  8703  8916 I RcsProvisioningManager: Receive onRcsAvailabilityUpdate, SIM = redacted-pii:sim_id[chars:20,last3:411], availability = RcsAvailability{mAvailability=AVAILABLE (RCS is setup)}
10-20 21:22:08.158  8703  8917 I BugleRcsProvisioning: updateAvailabilityForRcsProvisioningId. SimId: redacted-pii:sim_id[chars:20,last3:411], currentAvailability: 1, newAvailability: 7, hint: NO_HINT
10-20 21:22:08.159  8703  8917 I RcsProvisioningManager: Receive onRcsAvailabilityUpdate, SIM = redacted-pii:sim_id[chars:20,last3:411], availability = RcsAvailability{mAvailability=AVAILABLE (RCS is setup)}
10-20 21:22:08.172  8703  8916 I RcsProvisioningManager: Configuration is empty: false for simId: redacted-pii:sim_id[chars:35,last3:11)]
10-20 21:22:08.179  8703  8916 I Bugle   : CountryCodeDetector: updateSmsNetworkCountry from default subscription network country. detected country: br
10-20 21:22:08.182  8703  8917 I RcsProvisioningManager: Configuration is empty: false for simId: redacted-pii:sim_id[chars:35,last3:11)]
10-20 21:22:08.189  8703  8765 D WM-GreedyScheduler: Ignoring {WorkSpec: e0d228a3-a9a5-4eb0-a003-25ffa3d87aa0}. Requires ContentUri triggers.
10-20 21:22:08.190  8703  8765 D WM-GreedyScheduler: Ignoring {WorkSpec: 79732b8a-c6bf-466a-835a-f3d24bf24f3d}. Requires device idle.
10-20 21:22:08.190  8703  8765 D WM-GreedyScheduler: Ignoring {WorkSpec: 04db5d64-2df9-4665-98ca-54a2e84d45b7}. Requires device idle.
10-20 21:22:08.190  8703  8765 D WM-GreedyScheduler: Ignoring {WorkSpec: b3f5174e-1f68-4d59-81ba-85f8bff2abdf}. Requires device idle.
10-20 21:22:08.190  8703  8765 D WM-GreedyScheduler: Ignoring {WorkSpec: 6be00472-d46a-4116-b286-53d9597726b3}. Requires ContentUri triggers.
10-20 21:22:08.190  8703  8765 D WM-GreedyScheduler: Starting work for 0a75bd12-f64f-4427-a2a9-32cba3489732
10-20 21:22:08.196  8703  8760 I RcsProvisioningManager: AvailabilityObserver.onUpdate : Notify RcsAvailabilityListener ctzq@9ea807a onRcsAvailabilityUpdate, SIM = redacted-pii:sim_id[chars:20,last3:411], availability = 7
10-20 21:22:08.197  8703  8767 I RcsProvisioningManager: AvailabilityObserver.onUpdate : Notify RcsAvailabilityListener comj@b3c75f8 onRcsAvailabilityUpdate, SIM = redacted-pii:sim_id[chars:20,last3:411], availability = 7
10-20 21:22:08.199  8703  8939 I RcsProvisioningManager: CommonRcsProvisioningChangeListenerHandler.notifyListener : Notify RcsProvisioningChangeListener dffl@58fa936 onRcsProvisioningChange, SIM = redacted-pii:sim_id[chars:35,last3:11)], available rcs provisioning ids  = redacted-pii:sim_id[chars:20,last3:411]
10-20 21:22:08.202  8703  8765 D WM-Processor: say: processing WorkGenerationalId(workSpecId=0a75bd12-f64f-4427-a2a9-32cba3489732, generation=0)
10-20 21:22:08.203  8703  8937 I RcsProvisioningManager: AvailabilityObserver.onUpdate : Notify RcsAvailabilityListener comj@b3c75f8 onRcsAvailabilityUpdate, SIM = redacted-pii:sim_id[chars:20,last3:411], availability = 7
10-20 21:22:08.205  8703  8916 I RcsProvisioningManager: getAvailabilityForRcsProvisioningIdSync: RcsAvailability{mAvailability=AVAILABLE (RCS is setup)}
10-20 21:22:08.207  8703  8916 I RcsProvisioningManager: Receive onRcsAvailabilityUpdate, SIM = redacted-pii:sim_id[chars:20,last3:411], availability = RcsAvailability{mAvailability=AVAILABLE (RCS is setup)}
10-20 21:22:08.208  8703  8917 D MddListenableWorkerFactory: createWorker for class: com.google.android.apps.messaging.shared.datamodel.workqueue.WorkQueueWorkerShim
10-20 21:22:08.208  8703  8788 I RcsProvisioningFlow: EVENT_TYPE_PROVISIONING_SUCCEEDED logging skipped for redacted-pii:sim_id[chars:20,last3:411] because of NOT_ELIGIBLE_PREVIOUS_EVENT_NOT_LOGGED
10-20 21:22:08.213  8703  8863 I RcsProvisioningFlow: EVENT_TYPE_PROVISIONING_SUCCEEDED logging skipped for redacted-pii:sim_id[chars:20,last3:411] because of NOT_ELIGIBLE_PREVIOUS_EVENT_NOT_LOGGED
10-20 21:22:08.214  8703  8916 I RcsProvisioningManager: Configuration is empty: false for simId: redacted-pii:sim_id[chars:35,last3:11)]
10-20 21:22:08.216  8703  8760 I RcsClientLib: Service is deprecated skipping connection attempt: EventService
10-20 21:22:08.217  8703  8942 I RcsProvisioningManager: AvailabilityObserver.onUpdate : Notify RcsAvailabilityListener ctzq@9ea807a onRcsAvailabilityUpdate, SIM = redacted-pii:sim_id[chars:20,last3:411], availability = 7
10-20 21:22:08.218  8703  8938 W .apps.messaging: Long monitor contention with owner Blocking Thread #8 (8916) at void dlgf.z()(PG:295) waiters=0 in void dlgf.z() for 192ms
10-20 21:22:08.219  8703  8916 I BugleTransport: Retrieved RCS available simIds: [redacted-pii[20-chars]]
10-20 21:22:08.219  8703  8937 I RcsProvisioningManager: AvailabilityObserver.onUpdate : Notify RcsAvailabilityListener ctzq@9ea807a onRcsAvailabilityUpdate, SIM = redacted-pii:sim_id[chars:20,last3:411], availability = 7
10-20 21:22:08.219  1483  2425 I ChimeraAggressivePolicyHandler: executePolicy() - triggerSource: TRIGGER_SOURCE_LMKD
10-20 21:22:08.219  8703  8938 I RcsProvisioningManager: Identity mapping not empty. Backfill not required.
10-20 21:22:08.220  8703  8938 I BugleTransport: Retrieved RCS available simIds: [redacted-pii[20-chars]]
10-20 21:22:08.221  1483  2425 I ChimeraAggressivePolicyHandler: available memory: 1090192, free memory target: 747520, quit chimera
10-20 21:22:08.222  8703  8939 I RcsProvisioningManager: CommonRcsProvisioningChangeListenerHandler.notifyListener : Notify RcsProvisioningChangeListener dffl@58fa936 onRcsProvisioningChange, SIM = redacted-pii:sim_id[chars:35,last3:11)], available rcs provisioning ids  = redacted-pii:sim_id[chars:20,last3:411]
10-20 21:22:08.224  8703  8942 I RcsProvisioningManager: AvailabilityObserver.onUpdate : Notify RcsAvailabilityListener comj@b3c75f8 onRcsAvailabilityUpdate, SIM = redacted-pii:sim_id[chars:20,last3:411], availability = 7
10-20 21:22:08.225  8703  8863 I RcsProvisioningFlow: EVENT_TYPE_PROVISIONING_SUCCEEDED logging skipped for redacted-pii:sim_id[chars:20,last3:411] because of NOT_ELIGIBLE_PREVIOUS_EVENT_NOT_LOGGED
10-20 21:22:08.226  8703  8760 I RcsClientLib: Service is deprecated skipping connection attempt: ContactsService
10-20 21:22:08.226  8703  8703 D WM-WorkerWrapper: Starting work for com.google.android.apps.messaging.shared.datamodel.workqueue.WorkQueueWorkerShim
10-20 21:22:08.227  8703  8760 I RcsClientLib: Service is deprecated skipping connection attempt: FileTransferService
10-20 21:22:08.228  8703  8760 I RcsClientLib: Service is deprecated skipping connection attempt: LocationSharingService
10-20 21:22:08.230  8703  8938 I BugleTransport: Enabled chat transport for SIM = redacted-pii[20-chars] is TACHYGRAM
10-20 21:22:08.233  8703  8760 I RcsClientLib: Service is deprecated skipping connection attempt: ImsConnectionTrackerService
10-20 21:22:08.234  8703  8944 I RcsProvisioningManager: CommonRcsProvisioningChangeListenerHandler.notifyListener : Notify RcsProvisioningChangeListener dffl@58fa936 onRcsProvisioningChange, SIM = redacted-pii:sim_id[chars:35,last3:11)], available rcs provisioning ids  = redacted-pii:sim_id[chars:20,last3:411]
10-20 21:22:08.235  8703  8917 I RcsClientLib: Service is deprecated skipping connection attempt: EventService
10-20 21:22:08.235  8703  8760 I RcsClientLib: Service is deprecated skipping connection attempt: RcsProfileService
10-20 21:22:08.235  8703  8917 I RcsClientLib: Service is deprecated skipping connection attempt: ContactsService
10-20 21:22:08.236  8703  8760 I RcsClientLib: Service is deprecated skipping connection attempt: RcsMessagingService
10-20 21:22:08.237  8703  8917 I RcsClientLib: Service is deprecated skipping connection attempt: FileTransferService
10-20 21:22:08.238  8703  8760 I BugleRcs: connecting to 7 Rcs Services
10-20 21:22:08.239  8703  8917 I RcsClientLib: Service is deprecated skipping connection attempt: LocationSharingService
10-20 21:22:08.240  8703  8917 I RcsClientLib: Service is deprecated skipping connection attempt: ImsConnectionTrackerService
10-20 21:22:08.241  8703  8917 I RcsClientLib: Service is deprecated skipping connection attempt: RcsProfileService
10-20 21:22:08.242  8703  8917 I RcsClientLib: Service is deprecated skipping connection attempt: RcsMessagingService
10-20 21:22:08.243  8703  8917 I BugleRcs: connecting to 7 Rcs Services
10-20 21:22:08.256  8703  8774 I BugleSelfIdentity: Phone number for MyIdentity c5fe3fcc-23ea-4cf4-8cfa-363cdd8db98b does not change [CONTEXT sub_id=1 icc_id="redacted-pii[19-chars]" messaging_identity="redacted-pii[0-chars]" rcs_provisioning_id="redacted-pii[19-chars]" ]
10-20 21:22:08.269  8703  8942 I BugleTransport: Deregister all SIMs except for SIMs with subIds: [2] from chat transport: TACHYGRAM.
10-20 21:22:08.270  8703  8947 I RcsProvisioningFlow: Lock acquired for updatng phone SIMs state with update trigger: 6.
10-20 21:22:08.271  8703  8916 I BugleTransport: Enabled chat transport for SIM = redacted-pii[20-chars] is TACHYGRAM
10-20 21:22:08.275  8703  8942 I BugleTransport: Deregister all SIMs except for SIMs with subIds: [] from chat transport: DUAL_REGISTRATION.
10-20 21:22:08.279  8703  8916 I BugleE2eeEtouffee: EtouffeeStateMachine: Ensuring state machine consistency
10-20 21:22:08.280  8703  8916 I RcsProvisioningManager: Identity mapping not empty. Backfill not required.
10-20 21:22:08.280  8703  8947 I BugleSimStateTracker: default call SIM: redacted-pii:sim_id[chars:20,last3:411], default sms SIM redacted-pii:sim_id[chars:20,last3:411]. default data SIM redacted-pii:sim_id[chars:20,last3:411].
10-20 21:22:08.281  8703  8938 I RcsClientLib: Service is deprecated skipping connection attempt: RcsEngineLifecycleServiceV2
10-20 21:22:08.286  1483  1528 D SensorService: setUidStateForConnection uid= 11011 , ident = 0xb4000077f75f8500 , state= 1
10-20 21:22:08.286  1483  1528 D SensorService: setUidStateForConnection uid= 11011 , ident = 0xb400007801469ec0 , state= 1
10-20 21:22:08.286  1483  1528 D SensorService: setUidStateForConnection uid= 11011 , ident = 0xb400007806cda880 , state= 1
10-20 21:22:08.286  1483  1528 D SensorService: setUidStateForConnection uid= 11011 , ident = 0xb40000780cb4c1c0 , state= 1
10-20 21:22:08.286  1483  1528 D SensorService: setUidStateForConnection uid= 11011 , ident = 0xb40000784263e5c0 , state= 1
10-20 21:22:08.286  1483  1528 D SensorService: setUidStateForConnection uid= 11011 , ident = 0xb400007842805600 , state= 1
10-20 21:22:08.287  1199  1199 E SensorManager: Correct handle(0) maxdelay: 16000000 old: 20000000
10-20 21:22:08.289  8703  8790 I BugleRcsJibe: RcsServiceConnectionException was raised while waiting to connect to RcsEngineLifecycleServiceV2
10-20 21:22:08.298  8703  8945 I BugleTransport: Deregister all SIMs except for SIMs with subIds: [] from chat transport: SINGLE_REGISTRATION.
10-20 21:22:08.301  8703  8785 I BugleRcsEngine: Cannot use CS.apk as it's battery optimized [CONTEXT thread_id=7479 ]
10-20 21:22:08.302  8703  8947 I BugleSimStateTracker: Is carrier config for identified carrier: true
10-20 21:22:08.304  8703  8785 I BugleSatellite: Processing Phenotype flag changes.
10-20 21:22:08.305  8703  8949 I BugleSatellite: Reporting to Telephony: SMS supported = true
10-20 21:22:08.307  8703  8784 I BugleE2eeEtouffee: EtouffeeStateMachine: onRegistrationUpdate from Tachyon, previousState: REGISTERED_WITH_PREKEYS, newState: REGISTERED_WITH_PREKEYS, reason: STARTUP_ENSURE_CONSISTENCY
10-20 21:22:08.311  1483  6037 D InputDispatcher: Inject motion (8952/2000): action=0x0, time=2555525614000000, f=0x0, d=0 dsdx=1.000000 dtdx=0.000000
10-20 21:22:08.312  1483  1796 I InputDispatcher: Delivering touch to (2521): action: 0x4, f=0x0, d=0, 'a9cce9e', t=1 
10-20 21:22:08.312  1483  1796 I InputDispatcher: Delivering touch to (8615): action: 0x0, f=0x0, d=0, 'ee6bb8 ', t=1 
10-20 21:22:08.312  1483  1796 D PowerManagerService: [api] userActivityFromNative :  (event: 2 flags: 0 displayId: 0) eventTime = 2555525614
10-20 21:22:08.313  8615  8615 I ViewRootImpl@8188eb8[MainActivity]: ViewPostIme pointer 0
10-20 21:22:08.313  1483  1528 I GestureDetector: obtain mCurrentDownEvent. id: -195705110 caller: com.android.server.wm.SystemGesturesPointerEventListener.onPointerEvent:203 com.android.server.wm.PointerEventDispatcher.onInputEvent:53 android.view.InputEventReceiver.dispatchInputEvent:285 
10-20 21:22:08.313  1483  1528 I GestureDetector: obtain mCurrentDownEvent. id: -195705110 caller: com.android.server.wm.SystemPerformancePointerEventListener.onPointerEvent:89 com.android.server.wm.PointerEventDispatcher.onInputEvent:53 android.view.InputEventReceiver.dispatchInputEvent:285 
10-20 21:22:08.314  1483  1796 D PowerManagerService: UserActivityStateListenerState: 1
10-20 21:22:08.318  8703  8767 I BugleTransport: Register SIM with subId: 2 on chat transport: TACHYGRAM.
10-20 21:22:08.319  8703  8947 I BugleSimStateTracker: Is carrier config for identified carrier: true
10-20 21:22:08.320  1483  6037 D InputDispatcher: Inject motion (8952/2000): action=0x1, time=2555525614000000, f=0x0, d=0 dsdx=1.000000 dtdx=0.000000
10-20 21:22:08.320  1483  1796 I InputDispatcher: Delivering touch to (8615): action: 0x1, f=0x0, d=0, 'ee6bb8 ', t=1 
10-20 21:22:08.320  8615  8615 I ViewRootImpl@8188eb8[MainActivity]: ViewPostIme pointer 1
10-20 21:22:08.321 14401 14401 D BoundBrokerSvc: onBind: Intent { act=com.google.android.mobstore.service.START pkg=com.google.android.gms }
10-20 21:22:08.321 14401 14401 D BoundBrokerSvc: Loading bound service for intent: Intent { act=com.google.android.mobstore.service.START pkg=com.google.android.gms }
10-20 21:22:08.322  1483  1528 I GestureDetector: obtain mCurrentMotionEventRaw. action: 1 id: -668882150
10-20 21:22:08.323  1483  1528 I GestureDetector: obtain mCurrentMotionEventRaw. action: 1 id: -668882150
10-20 21:22:08.326  8703  8945 I BugleE2eeEtouffee: EtouffeeStateMachine: E2EE provisioning state update, Previous Etouffee status: PROVISIONED, New Etouffee status: PROVISIONED
10-20 21:22:08.334  8703  8949 I BugleTransport: Retrieved RCS available simIds: [redacted-pii[20-chars]]
10-20 21:22:08.335  8703  8949 I BugleTransport: Enabled chat transport for SIM = redacted-pii[20-chars] is TACHYGRAM
10-20 21:22:08.337  8703  8774 I BugleTransport: Deregister all SIMs except for SIMs with subIds: [2] from chat transport: TACHYGRAM.
10-20 21:22:08.338  8703  8917 I BugleTransport: Deregister all SIMs except for SIMs with subIds: [] from chat transport: DUAL_REGISTRATION.
10-20 21:22:08.340  8703  8785 I WM-WorkerWrapper: Worker result SUCCESS for Work [ id=0a75bd12-f64f-4427-a2a9-32cba3489732, tags={ com.google.android.apps.messaging.shared.datamodel.workqueue.WorkQueueWorkerShim,data_upgrade- } ]
10-20 21:22:08.344  8703  8936 I BugleTransport: Deregister all SIMs except for SIMs with subIds: [] from chat transport: SINGLE_REGISTRATION.
10-20 21:22:08.351  8703  8703 D WM-Processor: say 0a75bd12-f64f-4427-a2a9-32cba3489732 executed; reschedule = false
10-20 21:22:08.353  8703  8946 I RcsClientLib: Service is deprecated skipping connection attempt: RcsEngineLifecycleServiceV2
10-20 21:22:08.357  8703  8788 I BugleRcsJibe: RcsServiceConnectionException was raised while waiting to connect to RcsEngineLifecycleServiceV2
10-20 21:22:08.359  8703  8785 I BugleTransport: Register SIM with subId: 2 on chat transport: TACHYGRAM.
10-20 21:22:08.363  8661  8661 D WearableService: Creating wearable service asynchronously.
10-20 21:22:08.366  8703  8917 I BugleTransport: Retrieved RCS available simIds: [redacted-pii[20-chars]]
10-20 21:22:08.370  8703  8917 I BugleTransport: Enabled chat transport for SIM = redacted-pii[20-chars] is TACHYGRAM
10-20 21:22:08.371  8703  8938 I BugleTransport: Deregister all SIMs except for SIMs with subIds: [] from chat transport: DUAL_REGISTRATION.
10-20 21:22:08.373  8703  8949 I BugleTransport: Deregister all SIMs except for SIMs with subIds: [2] from chat transport: TACHYGRAM.
10-20 21:22:08.374  8703  8774 I RcsClientLib: Service is deprecated skipping connection attempt: RcsEngineLifecycleServiceV2
10-20 21:22:08.375  8703  8937 I BugleTransport: Deregister all SIMs except for SIMs with subIds: [] from chat transport: SINGLE_REGISTRATION.
10-20 21:22:08.378  8703  8789 I BugleRcsJibe: RcsServiceConnectionException was raised while waiting to connect to RcsEngineLifecycleServiceV2
10-20 21:22:08.381  8703  8916 D WM-GreedyScheduler: Cancelling work ID 0a75bd12-f64f-4427-a2a9-32cba3489732
10-20 21:22:08.382  8703  8936 I native  : I0000 00:00:1761006128.382150    8936 db_store.cc:105] Loading an existing database with version 16
10-20 21:22:08.382  8703  8936 I native  : I0000 00:00:1761006128.382566    8936 db_store.cc:517] Checking presence of tables, run_sqlite_master_schema_validation=true, run_per_table_schema_validation=true
10-20 21:22:08.384  8703  8765 I BugleMDD: MddBackgroundStartupTask: Scheduled MDD periodic tasks.
10-20 21:22:08.385  8615  8615 W [RNScreens]: backTitleVisible prop is not available on Android
10-20 21:22:08.386  8615  8615 W [RNScreens]: backTitleFontFamily prop is not available on Android
10-20 21:22:08.386  8615  8615 W [RNScreens]: disableBackButtonMenu prop is not available on Android
10-20 21:22:08.386  8615  8615 W [RNScreens]: largeTitleFontFamily prop is not available on Android
10-20 21:22:08.386  8615  8615 W [RNScreens]: largeTitleFontWeight prop is not available on Android
10-20 21:22:08.386  8615  8615 W [RNScreens]: largeTitleHideShadow prop is not available on Android
10-20 21:22:08.386  8703  8949 I BugleTransport: Register SIM with subId: 2 on chat transport: TACHYGRAM.
10-20 21:22:08.389  8703  8949 I BugleTransport: Retrieved RCS available simIds: [redacted-pii[20-chars]]
10-20 21:22:08.390  8703  8947 I BugleSimStateTracker: Looking up Fi through package names.
10-20 21:22:08.391  8703  8949 I BugleTransport: Enabled chat transport for SIM = redacted-pii[20-chars] is TACHYGRAM
10-20 21:22:08.392  8703  8937 I BugleTransport: Deregister all SIMs except for SIMs with subIds: [] from chat transport: SINGLE_REGISTRATION.
10-20 21:22:08.393  8703  8917 D ProfileInstaller: Skipping profile installation for com.google.android.apps.messaging
10-20 21:22:08.397  8703  8765 I BugleTransport: Deregister all SIMs except for SIMs with subIds: [] from chat transport: DUAL_REGISTRATION.
10-20 21:22:08.397  8703  8916 D WM-GreedyScheduler: Ignoring {WorkSpec: e0d228a3-a9a5-4eb0-a003-25ffa3d87aa0}. Requires ContentUri triggers.
10-20 21:22:08.398  8703  8916 D WM-GreedyScheduler: Ignoring {WorkSpec: 79732b8a-c6bf-466a-835a-f3d24bf24f3d}. Requires device idle.
10-20 21:22:08.398  8703  8916 D WM-GreedyScheduler: Ignoring {WorkSpec: 04db5d64-2df9-4665-98ca-54a2e84d45b7}. Requires device idle.
10-20 21:22:08.398  8703  8916 D WM-GreedyScheduler: Ignoring {WorkSpec: b3f5174e-1f68-4d59-81ba-85f8bff2abdf}. Requires device idle.
10-20 21:22:08.398  8703  8916 D WM-GreedyScheduler: Ignoring {WorkSpec: 6be00472-d46a-4116-b286-53d9597726b3}. Requires ContentUri triggers.
10-20 21:22:08.399  8703  8949 I RcsClientLib: Service is deprecated skipping connection attempt: RcsEngineLifecycleServiceV2
10-20 21:22:08.400  8703  8790 I BugleRcsJibe: RcsServiceConnectionException was raised while waiting to connect to RcsEngineLifecycleServiceV2
10-20 21:22:08.401  8703  8937 I BugleTransport: Deregister all SIMs except for SIMs with subIds: [2] from chat transport: TACHYGRAM.
10-20 21:22:08.405  8703  8937 I BugleTransport: Register SIM with subId: 2 on chat transport: TACHYGRAM.
10-20 21:22:08.408  8661  9746 D WearableService: onGetService: waiting for onCreate to be completed.
10-20 21:22:08.408  8703  8916 I BugleTransport: Retrieved RCS available simIds: [redacted-pii[20-chars]]
10-20 21:22:08.410  8703  8916 I BugleTransport: Enabled chat transport for SIM = redacted-pii[20-chars] is TACHYGRAM
10-20 21:22:08.410  8661  8709 I Wear_Controller: Wearable module requires a companion app to be installed.
10-20 21:22:08.410  8661  8709 I WearableService: onCreate: Wearable Services not starting. Wear is not available on this device.
10-20 21:22:08.411  8703  8765 I BugleTransport: Deregister all SIMs except for SIMs with subIds: [2] from chat transport: TACHYGRAM.
10-20 21:22:08.412  8661  9746 W WearableService: onGetService: Wear is not available on this device.
10-20 21:22:08.413  8703  8937 I BugleTransport: Deregister all SIMs except for SIMs with subIds: [] from chat transport: SINGLE_REGISTRATION.
10-20 21:22:08.413  8703  8949 I BugleTransport: Deregister all SIMs except for SIMs with subIds: [] from chat transport: DUAL_REGISTRATION.
10-20 21:22:08.414  8615  8656 I ReactNativeJS: ---METRICS_JSON_START---
10-20 21:22:08.414  8615  8656 I ReactNativeJS: {
10-20 21:22:08.414  8615  8656 I ReactNativeJS:   "dashboardRenders": 3,
10-20 21:22:08.414  8615  8656 I ReactNativeJS:   "cardRenders": {
10-20 21:22:08.414  8615  8656 I ReactNativeJS:     "13494": 2,
10-20 21:22:08.414  8615  8656 I ReactNativeJS:     "506763": 2,
10-20 21:22:08.414  8615  8656 I ReactNativeJS:     "575265": 2,
10-20 21:22:08.414  8615  8656 I ReactNativeJS:     "617126": 1,
10-20 21:22:08.414  8615  8656 I ReactNativeJS:     "755898": 2,
10-20 21:22:08.414  8615  8656 I ReactNativeJS:     "803796": 2,
10-20 21:22:08.414  8615  8656 I ReactNativeJS:     "911430": 1,
10-20 21:22:08.414  8615  8656 I ReactNativeJS:     "914215": 2,
10-20 21:22:08.414  8615  8656 I ReactNativeJS:     "987400": 2,
10-20 21:22:08.414  8615  8656 I ReactNativeJS:     "993234": 1,
10-20 21:22:08.414  8615  8656 I ReactNativeJS:     "1007734": 2,
10-20 21:22:08.414  8615  8656 I ReactNativeJS:     "1028248": 2,
10-20 21:22:08.414  8615  8656 I ReactNativeJS:     "1035259": 2,
10-20 21:22:08.414  8615  8656 I ReactNativeJS:     "1038392": 2,
10-20 21:22:08.414  8615  8656 I ReactNativeJS:     "1051486": 2,
10-20 21:22:08.414  8615  8656 I ReactNativeJS:     "1061474": 2,
10-20 21:22:08.414  8615  8656 I ReactNativeJS:     "1078605": 2,
10-20 21:22:08.414  8615  8656 I ReactNativeJS:     "1087192": 2,
10-20 21:22:08.414  8615  8656 I ReactNativeJS:     "1234821": 2,
10-20 21:22:08.414  8615  8656 I ReactNativeJS:     "1242011": 1,
10-20 21:22:08.414  8615  8656 I ReactNativeJS:     "1246049": 1,
10-20 21:22:08.414  8615  8656 I ReactNativeJS:     "1265344": 2,
10-20 21:22:08.414  8615  8656 I ReactNativeJS:     "1311031": 2,
10-20 21:22:08.414  8615  8656 I ReactNativeJS:     "1355666": 1,
10-20 21:22:08.414  8615  8656 I ReactNativeJS:     "1369679": 2
10-20 21:22:08.414  8615  8656 I ReactNativeJS:   },
10-20 21:22:08.414  8615  8656 I ReactNativeJS:   "navigationEvents": [
10-20 21:22:08.414  8615  8656 I ReactNativeJS:     {
10-20 21:22:08.414  8615  8656 I ReactNativeJS:       "action": "focus_dashboard",
10-20 21:22:08.414  8615  8656 I ReactNativeJS:       "timestamp": 1761006113360
10-20 21:22:08.414  8615  8656 I ReactNativeJS:     },
10-20 21:22:08.414  8615  8656 I ReactNativeJS:     {
10-20 21:22:08.414  8615  8656 I ReactNativeJS:       "action": "navigate_to_1265344",
10-20 21:22:08.414  8615  8656 I ReactNativeJS:       "timestamp": 1761006124158
10-20 21:22:08.414  8615  8656 I ReactNativeJS:     },
10-20 21:22:08.414  8615  8656 I ReactNativeJS:     {
10-20 21:22:08.414  8615  8656 I ReactNativeJS:       "action": "leave_dashboard",
10-20 21:22:08.414  8615  8656 I ReactNativeJS:       "timestamp": 1761006124228
10-20 21:22:08.414  8615  8656 I ReactNativeJS:     },
10-20 21:22:08.414  8615  8656 I ReactNativeJS:     {
10-20 21:22:08.414  8615  8656 I ReactNativeJS:       "action": "focus_dashboard",
10-20 21:22:08.414  8615  8656 I ReactNativeJS:       "timestamp": 1761006126285
10-20 21:22:08.414  8615  8656 I ReactNativeJS:     },
10-20 21:22:08.414  8615  8656 I ReactNativeJS:     {
10-20 21:22:08.414  8615  8656 I ReactNativeJS:       "action": "navigate_to_1265344",
10-20 21:22:08.414  8615  8656 I ReactNativeJS:       "timestamp": 1761006128333
10-20 21:22:08.414  8615  8656 I ReactNativeJS:     },
10-20 21:22:08.414  8615  8656 I ReactNativeJS:     {
10-20 21:22:08.414  8615  8656 I ReactNativeJS:       "action": "leave_dashboard",
10-20 21:22:08.414  8615  8656 I ReactNativeJS:       "timestamp": 1761006128414
10-20 21:22:08.414  8615  8656 I ReactNativeJS:     }
10-20 21:22:08.414  8615  8656 I ReactNativeJS:   ]
