10-20 21:22:09.764   543   543 D io_stats: !@ 179,0 r 465766941 5659591338 w 80704744 846318856 d 1258364 33785896 f 0 0 iot 231568704 0 th 0 0 0 pt 0 inp 0 0 2555527.067
10-20 21:22:10.147 24250 24342 D TrafficStats: tagSocket(6) with statsTag=0xffffffff, statsUid=-1
10-20 21:22:10.148  1483  2471 D NetdEventListenerService: DNS Requested by : 475, 11011
10-20 21:22:10.148 24250  5698 D TrafficStats: tagSocket(84) with statsTag=0xffffffff, statsUid=-1
10-20 21:22:10.392  1483  3183 D InputDispatcher: Inject key (8963/2000): action=0, f=0x0, d=-1, time=2555527694000000
10-20 21:22:10.392  1483  3183 D WindowManager: interceptKeyTq keycode=4 interactive=true keyguardActive=false policyFlags=2b000000
10-20 21:22:10.392  1483  3183 D PhoneWindowManagerExt: interceptKeyTq code=4 down=true repeatCount=0 displayId=-1 interactive=true
10-20 21:22:10.392  1483  3183 D WindowManager: interceptKeyTq interceptKeyResult=4
10-20 21:22:10.392  1483  1796 D PowerManagerService: [api] userActivityFromNative :  (event: 1 flags: 0 displayId: 0) eventTime = 2555527694
10-20 21:22:10.392  1483  1796 D WindowManager: interceptKeyTi keyCode=4 down=true repeatCount=0 keyguardOn=false canceled=false
10-20 21:22:10.393  1483  1796 D PhoneWindowManagerExt: interceptKeyTi code=4 down=true repeatCount=0 displayId=-1 interactive=true
10-20 21:22:10.393  1483  1796 I InputDispatcher: Delivering key to (8615): B action: 0x0 (0), f=0x0, m=0x0, d=0, 'ee6bb8 '
10-20 21:22:10.395  5125  5125 I HBD     : b skip onKeyDown as physical keyboard not connected 
10-20 21:22:10.396  5125  5125 I HBD     : HoneyBoardService onKeyDown r:9da33b93 consumed:false 0 
10-20 21:22:10.396  8615  8615 I ViewRootImpl@8188eb8[MainActivity]: ViewPostIme key 0
10-20 21:22:10.397  8615  8615 D Activity: onKeyDown(KEYCODE_BACK)
10-20 21:22:10.397  1483  3183 D InputDispatcher: Inject key (8963/2000): action=1, f=0x0, d=-1, time=2555527694000000
10-20 21:22:10.398  1483  3183 D WindowManager: interceptKeyTq keycode=4 interactive=true keyguardActive=false policyFlags=2b000000
10-20 21:22:10.398  1483  3183 D PhoneWindowManagerExt: interceptKeyTq code=4 down=false repeatCount=0 displayId=-1 interactive=true
10-20 21:22:10.398  1483  3183 D WindowManager: interceptKeyTq interceptKeyResult=4
10-20 21:22:10.398  1483  1796 D WindowManager: interceptKeyTi keyCode=4 down=false repeatCount=0 keyguardOn=false canceled=false
10-20 21:22:10.398  1483  1796 D PhoneWindowManagerExt: interceptKeyTi code=4 down=false repeatCount=0 displayId=-1 interactive=true
10-20 21:22:10.399  1483  1796 I InputDispatcher: Delivering key to (8615): B action: 0x1 (0), f=0x0, m=0x0, d=0, 'ee6bb8 '
10-20 21:22:10.400  5125  5125 I HBD     : HoneyBoardService onKeyUp r:1058e0f6 consumed:false 1 
10-20 21:22:10.401  8615  8615 I ViewRootImpl@8188eb8[MainActivity]: ViewPostIme key 1
10-20 21:22:10.401  8615  8615 D Activity: onKeyUp(KEYCODE_BACK) isTracking()=true isCanceled()=false hasCallback=false
10-20 21:22:10.503  8615  8649 E IMGMapper: set:488 set: Unset optional value from type SMPTE2086
10-20 21:22:10.503  8615  8649 E IMGMapper: set:488 set: Unset optional value from type CTA861_3
10-20 21:22:10.506  1039  1039 I BufferQueueProducer: [com.cinemamovel/com.cinemamovel.MainActivity$_8615#506300](this:0xb400007a26325838,id:-1,api:0,p:-1,c:1039) queueBuffer: fps=14.65 dur=2047.34 max=1531.19 min=16.29
10-20 21:22:10.509   991  1074 I hwcomposer: [HWCDisplay] [Display_0 (type:1)] fps:14.652571,dur:2047.42,max:1531.26,min:15.86  
10-20 21:22:10.582  8615  8649 E IMGMapper: set:488 set: Unset optional value from type SMPTE2086
10-20 21:22:10.582  8615  8649 E IMGMapper: set:488 set: Unset optional value from type CTA861_3
10-20 21:22:10.591  8615  8649 E IMGMapper: set:488 set: Unset optional value from type SMPTE2086
10-20 21:22:10.591  8615  8649 E IMGMapper: set:488 set: Unset optional value from type CTA861_3
10-20 21:22:10.602  8615  8649 E IMGMapper: set:488 set: Unset optional value from type SMPTE2086
10-20 21:22:10.602  8615  8649 E IMGMapper: set:488 set: Unset optional value from type CTA861_3
10-20 21:22:10.618  8615  8649 E IMGMapper: set:488 set: Unset optional value from type SMPTE2086
10-20 21:22:10.618  8615  8649 E IMGMapper: set:488 set: Unset optional value from type CTA861_3
10-20 21:22:10.638  8615  8649 E IMGMapper: set:488 set: Unset optional value from type SMPTE2086
10-20 21:22:10.638  8615  8649 E IMGMapper: set:488 set: Unset optional value from type CTA861_3
10-20 21:22:10.652  8615  8649 E IMGMapper: set:488 set: Unset optional value from type SMPTE2086
10-20 21:22:10.652  8615  8649 E IMGMapper: set:488 set: Unset optional value from type CTA861_3
10-20 21:22:10.669  8615  8649 E IMGMapper: set:488 set: Unset optional value from type SMPTE2086
10-20 21:22:10.669  8615  8649 E IMGMapper: set:488 set: Unset optional value from type CTA861_3
10-20 21:22:10.687  8615  8649 E IMGMapper: set:488 set: Unset optional value from type SMPTE2086
10-20 21:22:10.687  8615  8649 E IMGMapper: set:488 set: Unset optional value from type CTA861_3
10-20 21:22:10.704  8615  8649 E IMGMapper: set:488 set: Unset optional value from type SMPTE2086
10-20 21:22:10.705  8615  8649 E IMGMapper: set:488 set: Unset optional value from type CTA861_3
10-20 21:22:10.716  2521  2618 D MobileStatusTracker(0/2): onSignalStrengthsChanged level=4, vendorLevel=3
10-20 21:22:10.720  2521  2618 D MobileSignalController(0/2): notifyListener: enabled=true, connected=true, dataConnected=true, networkType=LTE (4G), emergencyOnly=false, roaming=false, isDefault=false, dataActivity=, level=3, ca=false, mmWave=false, disabledDataIcon=false, simCard=ETC
10-20 21:22:10.720  2521  2618 D NetworkController: SignalStrength from intent slotId=0
10-20 21:22:10.724  8615  8649 E IMGMapper: set:488 set: Unset optional value from type SMPTE2086
10-20 21:22:10.724  8615  8649 E IMGMapper: set:488 set: Unset optional value from type CTA861_3
10-20 21:22:10.736  8615  8649 E IMGMapper: set:488 set: Unset optional value from type SMPTE2086
10-20 21:22:10.736  8615  8649 E IMGMapper: set:488 set: Unset optional value from type CTA861_3
10-20 21:22:10.753  8615  8649 E IMGMapper: set:488 set: Unset optional value from type SMPTE2086
10-20 21:22:10.754  8615  8649 E IMGMapper: set:488 set: Unset optional value from type CTA861_3
10-20 21:22:10.770  8615  8649 E IMGMapper: set:488 set: Unset optional value from type SMPTE2086
10-20 21:22:10.771  8615  8649 E IMGMapper: set:488 set: Unset optional value from type CTA861_3
10-20 21:22:10.786  8615  8649 E IMGMapper: set:488 set: Unset optional value from type SMPTE2086
10-20 21:22:10.786  8615  8649 E IMGMapper: set:488 set: Unset optional value from type CTA861_3
10-20 21:22:10.804  8615  8649 E IMGMapper: set:488 set: Unset optional value from type SMPTE2086
10-20 21:22:10.804  8615  8649 E IMGMapper: set:488 set: Unset optional value from type CTA861_3
10-20 21:22:10.820  8615  8649 E IMGMapper: set:488 set: Unset optional value from type SMPTE2086
10-20 21:22:10.820  8615  8649 E IMGMapper: set:488 set: Unset optional value from type CTA861_3
10-20 21:22:10.837  8615  8649 E IMGMapper: set:488 set: Unset optional value from type SMPTE2086
10-20 21:22:10.837  8615  8649 E IMGMapper: set:488 set: Unset optional value from type CTA861_3
10-20 21:22:10.854  8615  8649 E IMGMapper: set:488 set: Unset optional value from type SMPTE2086
10-20 21:22:10.855  8615  8649 E IMGMapper: set:488 set: Unset optional value from type CTA861_3
10-20 21:22:10.871  8615  8649 E IMGMapper: set:488 set: Unset optional value from type SMPTE2086
10-20 21:22:10.871  8615  8649 E IMGMapper: set:488 set: Unset optional value from type CTA861_3
10-20 21:22:10.887  8615  8649 E IMGMapper: set:488 set: Unset optional value from type SMPTE2086
10-20 21:22:10.887  8615  8649 E IMGMapper: set:488 set: Unset optional value from type CTA861_3
10-20 21:22:10.904  8615  8649 E IMGMapper: set:488 set: Unset optional value from type SMPTE2086
10-20 21:22:10.904  8615  8649 E IMGMapper: set:488 set: Unset optional value from type CTA861_3
10-20 21:22:10.920  8615  8649 E IMGMapper: set:488 set: Unset optional value from type SMPTE2086
10-20 21:22:10.920  8615  8649 E IMGMapper: set:488 set: Unset optional value from type CTA861_3
10-20 21:22:10.940  8615  8649 E IMGMapper: set:488 set: Unset optional value from type SMPTE2086
10-20 21:22:10.940  8615  8649 E IMGMapper: set:488 set: Unset optional value from type CTA861_3
10-20 21:22:10.956  8615  8649 E IMGMapper: set:488 set: Unset optional value from type SMPTE2086
10-20 21:22:10.956  8615  8649 E IMGMapper: set:488 set: Unset optional value from type CTA861_3
10-20 21:22:10.973  8615  8649 E IMGMapper: set:488 set: Unset optional value from type SMPTE2086
10-20 21:22:10.973  8615  8649 E IMGMapper: set:488 set: Unset optional value from type CTA861_3
10-20 21:22:10.985  8615  8649 E IMGMapper: set:488 set: Unset optional value from type SMPTE2086
10-20 21:22:10.985  8615  8649 E IMGMapper: set:488 set: Unset optional value from type CTA861_3
10-20 21:22:11.003  8615  8649 E IMGMapper: set:488 set: Unset optional value from type SMPTE2086
10-20 21:22:11.003  8615  8649 E IMGMapper: set:488 set: Unset optional value from type CTA861_3
10-20 21:22:11.021  8615  8649 E IMGMapper: set:488 set: Unset optional value from type SMPTE2086
10-20 21:22:11.021  8615  8649 E IMGMapper: set:488 set: Unset optional value from type CTA861_3
10-20 21:22:11.033  8615  8649 E IMGMapper: set:488 set: Unset optional value from type SMPTE2086
10-20 21:22:11.033  8615  8649 E IMGMapper: set:488 set: Unset optional value from type CTA861_3
10-20 21:22:11.050  8615  8649 E IMGMapper: set:488 set: Unset optional value from type SMPTE2086
10-20 21:22:11.050  8615  8649 E IMGMapper: set:488 set: Unset optional value from type CTA861_3
10-20 21:22:11.316  1483  1583 D PowerManagerService: UserActivityStateListenerState: 0
10-20 21:22:11.769   543   543 D io_stats: !@ 179,0 r 465767018 5659591726 w 80704839 846319288 d 1258364 33785896 f 0 0 iot 231568828 0 th 0 0 0 pt 0 inp 0 0 2555529.071
10-20 21:22:11.978  1205  1205 I thermal_repeater: socket -1
10-20 21:22:12.181 24250  5698 D TrafficStats: tagSocket(6) with statsTag=0xffffffff, statsUid=-1
10-20 21:22:12.182 24250 24342 D TrafficStats: tagSocket(84) with statsTag=0xffffffff, statsUid=-1
10-20 21:22:12.182  1483  2471 D NetdEventListenerService: DNS Requested by : 475, 11011
10-20 21:22:12.184  2486  2486 I WifiHAL : Get link layer stats
10-20 21:22:12.185  2486  2486 I WifiHAL : GetLinkStatsCommand::create
10-20 21:22:12.185  2486  2486 D android.hardware.wifi@1.0-service-lazy: WifiRequest::create vendor command to iface 38, vendor_id=0x1a11, subcmd=0x1200, res=0
10-20 21:22:12.185  2486  2486 I android.hardware.wifi@1.0-service-lazy: WifiCommand::requestResponse err=-95
10-20 21:22:12.185  2486  2486 I WifiHAL : wifi_get_link_stats: result=-3
10-20 21:22:12.188  1483  2363 E WifiVendorHal: getWifiLinkLayerStats_1_5_Internal(l.1179) failed {.code = ERROR_NOT_SUPPORTED, .description = }
10-20 21:22:12.201  1483  3390 D SemWifiUsabilityStatsMonitor: onWifiUsabilityStats - seqNum 544814, isSameBssidAndFreq true
10-20 21:22:12.202  1483  2437 I SemWifiLinkQualityMonitor: Link Qos query: inf. ms / 0 Mbps
10-20 21:22:12.263  1483  1498 I system_server: Background concurrent copying GC freed 341263(20MB) AllocSpace objects, 291(5428KB) LOS objects, 17% free, 110MB/134MB, paused 1.703ms,341us total 647.053ms
10-20 21:22:12.468  1483  6047 D InputDispatcher: Inject motion (8973/2000): action=0x0, time=2555529770000000, f=0x0, d=0 dsdx=1.000000 dtdx=0.000000
10-20 21:22:12.468  1483  1796 I InputDispatcher: Delivering touch to (2521): action: 0x4, f=0x0, d=0, 'a9cce9e', t=1 
10-20 21:22:12.468  1483  1796 I InputDispatcher: Delivering touch to (8615): action: 0x0, f=0x0, d=0, 'ee6bb8 ', t=1 
10-20 21:22:12.468  1483  1796 D PowerManagerService: [api] userActivityFromNative :  (event: 2 flags: 0 displayId: 0) eventTime = 2555529770
10-20 21:22:12.469  8615  8615 I ViewRootImpl@8188eb8[MainActivity]: ViewPostIme pointer 0
10-20 21:22:12.469  1483  1528 I GestureDetector: obtain mCurrentDownEvent. id: -446661728 caller: com.android.server.wm.SystemGesturesPointerEventListener.onPointerEvent:203 com.android.server.wm.PointerEventDispatcher.onInputEvent:53 android.view.InputEventReceiver.dispatchInputEvent:285 
10-20 21:22:12.469  1483  1796 D PowerManagerService: UserActivityStateListenerState: 1
10-20 21:22:12.470  1483  1528 I GestureDetector: obtain mCurrentDownEvent. id: -446661728 caller: com.android.server.wm.SystemPerformancePointerEventListener.onPointerEvent:89 com.android.server.wm.PointerEventDispatcher.onInputEvent:53 android.view.InputEventReceiver.dispatchInputEvent:285 
10-20 21:22:12.480  1483  6047 D InputDispatcher: Inject motion (8973/2000): action=0x1, time=2555529770000000, f=0x0, d=0 dsdx=1.000000 dtdx=0.000000
10-20 21:22:12.481  1483  1796 I InputDispatcher: Delivering touch to (8615): action: 0x1, f=0x0, d=0, 'ee6bb8 ', t=1 
10-20 21:22:12.482  8615  8615 I ViewRootImpl@8188eb8[MainActivity]: ViewPostIme pointer 1
10-20 21:22:12.483  1483  1528 I GestureDetector: obtain mCurrentMotionEventRaw. action: 1 id: -164495154
10-20 21:22:12.483  1483  1528 I GestureDetector: obtain mCurrentMotionEventRaw. action: 1 id: -164495154
10-20 21:22:12.499  8615  8649 E IMGMapper: set:488 set: Unset optional value from type SMPTE2086
10-20 21:22:12.499  8615  8649 E IMGMapper: set:488 set: Unset optional value from type CTA861_3
10-20 21:22:12.504  1039  1039 I BufferQueueProducer: [com.cinemamovel/com.cinemamovel.MainActivity$_8615#506300](this:0xb400007a26325838,id:-1,api:0,p:-1,c:1039) queueBuffer: fps=15.52 dur=1997.89 max=1431.88 min=16.00
10-20 21:22:12.507   991  1074 I hwcomposer: [HWCDisplay] [Display_0 (type:1)] fps:15.511879,dur:1998.47,max:1432.38,min:15.18  
10-20 21:22:12.529  8615  8649 E IMGMapper: set:488 set: Unset optional value from type SMPTE2086
10-20 21:22:12.529  8615  8649 E IMGMapper: set:488 set: Unset optional value from type CTA861_3
10-20 21:22:12.547  8615  8649 E IMGMapper: set:488 set: Unset optional value from type SMPTE2086
10-20 21:22:12.547  8615  8649 E IMGMapper: set:488 set: Unset optional value from type CTA861_3
10-20 21:22:12.574  8615  8615 W [RNScreens]: backTitleVisible prop is not available on Android
10-20 21:22:12.574  8615  8649 E IMGMapper: set:488 set: Unset optional value from type SMPTE2086
10-20 21:22:12.574  8615  8615 W [RNScreens]: backTitleFontFamily prop is not available on Android
10-20 21:22:12.574  8615  8649 E IMGMapper: set:488 set: Unset optional value from type CTA861_3
10-20 21:22:12.574  8615  8615 W [RNScreens]: disableBackButtonMenu prop is not available on Android
10-20 21:22:12.574  8615  8615 W [RNScreens]: largeTitleFontFamily prop is not available on Android
10-20 21:22:12.574  8615  8615 W [RNScreens]: largeTitleFontWeight prop is not available on Android
10-20 21:22:12.574  8615  8615 W [RNScreens]: largeTitleHideShadow prop is not available on Android
10-20 21:22:12.577  8615  8656 I ReactNativeJS: ---METRICS_JSON_START---
10-20 21:22:12.578  8615  8656 I ReactNativeJS: {
10-20 21:22:12.578  8615  8656 I ReactNativeJS:   "dashboardRenders": 3,
10-20 21:22:12.578  8615  8656 I ReactNativeJS:   "cardRenders": {
10-20 21:22:12.578  8615  8656 I ReactNativeJS:     "13494": 2,
10-20 21:22:12.578  8615  8656 I ReactNativeJS:     "506763": 2,
10-20 21:22:12.578  8615  8656 I ReactNativeJS:     "575265": 2,
10-20 21:22:12.578  8615  8656 I ReactNativeJS:     "617126": 1,
10-20 21:22:12.578  8615  8656 I ReactNativeJS:     "755898": 2,
10-20 21:22:12.578  8615  8656 I ReactNativeJS:     "803796": 2,
10-20 21:22:12.578  8615  8656 I ReactNativeJS:     "911430": 1,
10-20 21:22:12.578  8615  8656 I ReactNativeJS:     "914215": 2,
10-20 21:22:12.578  8615  8656 I ReactNativeJS:     "987400": 2,
10-20 21:22:12.578  8615  8656 I ReactNativeJS:     "993234": 1,
10-20 21:22:12.578  8615  8656 I ReactNativeJS:     "1007734": 2,
10-20 21:22:12.578  8615  8656 I ReactNativeJS:     "1028248": 2,
10-20 21:22:12.578  8615  8656 I ReactNativeJS:     "1035259": 2,
10-20 21:22:12.578  8615  8656 I ReactNativeJS:     "1038392": 2,
10-20 21:22:12.578  8615  8656 I ReactNativeJS:     "1051486": 2,
10-20 21:22:12.578  8615  8656 I ReactNativeJS:     "1061474": 2,
10-20 21:22:12.578  8615  8656 I ReactNativeJS:     "1078605": 2,
10-20 21:22:12.578  8615  8656 I ReactNativeJS:     "1087192": 2,
10-20 21:22:12.578  8615  8656 I ReactNativeJS:     "1234821": 2,
10-20 21:22:12.578  8615  8656 I ReactNativeJS:     "1242011": 1,
10-20 21:22:12.578  8615  8656 I ReactNativeJS:     "1246049": 1,
10-20 21:22:12.578  8615  8656 I ReactNativeJS:     "1265344": 2,
10-20 21:22:12.578  8615  8656 I ReactNativeJS:     "1311031": 2,
10-20 21:22:12.578  8615  8656 I ReactNativeJS:     "1355666": 1,
10-20 21:22:12.578  8615  8656 I ReactNativeJS:     "1369679": 2
10-20 21:22:12.578  8615  8656 I ReactNativeJS:   },
10-20 21:22:12.578  8615  8656 I ReactNativeJS:   "navigationEvents": [
10-20 21:22:12.578  8615  8656 I ReactNativeJS:     {
10-20 21:22:12.578  8615  8656 I ReactNativeJS:       "action": "focus_dashboard",
10-20 21:22:12.578  8615  8656 I ReactNativeJS:       "timestamp": 1761006113360
10-20 21:22:12.578  8615  8656 I ReactNativeJS:     },
10-20 21:22:12.578  8615  8656 I ReactNativeJS:     {
10-20 21:22:12.578  8615  8656 I ReactNativeJS:       "action": "navigate_to_1265344",
10-20 21:22:12.578  8615  8656 I ReactNativeJS:       "timestamp": 1761006124158
10-20 21:22:12.578  8615  8656 I ReactNativeJS:     },
10-20 21:22:12.578  8615  8656 I ReactNativeJS:     {
10-20 21:22:12.578  8615  8656 I ReactNativeJS:       "action": "leave_dashboard",
10-20 21:22:12.578  8615  8656 I ReactNativeJS:       "timestamp": 1761006124228
10-20 21:22:12.578  8615  8656 I ReactNativeJS:     },
10-20 21:22:12.578  8615  8656 I ReactNativeJS:     {
10-20 21:22:12.578  8615  8656 I ReactNativeJS:       "action": "focus_dashboard",
10-20 21:22:12.578  8615  8656 I ReactNativeJS:       "timestamp": 1761006126285
10-20 21:22:12.578  8615  8656 I ReactNativeJS:     },
10-20 21:22:12.578  8615  8656 I ReactNativeJS:     {
10-20 21:22:12.578  8615  8656 I ReactNativeJS:       "action": "navigate_to_1265344",
10-20 21:22:12.578  8615  8656 I ReactNativeJS:       "timestamp": 1761006128333
10-20 21:22:12.578  8615  8656 I ReactNativeJS:     },
10-20 21:22:12.578  8615  8656 I ReactNativeJS:     {
10-20 21:22:12.578  8615  8656 I ReactNativeJS:       "action": "leave_dashboard",
10-20 21:22:12.578  8615  8656 I ReactNativeJS:       "timestamp": 1761006128414
10-20 21:22:12.578  8615  8656 I ReactNativeJS:     },
10-20 21:22:12.578  8615  8656 I ReactNativeJS:     {
10-20 21:22:12.578  8615  8656 I ReactNativeJS:       "action": "focus_dashboard",
10-20 21:22:12.578  8615  8656 I ReactNativeJS:       "timestamp": 1761006130456
10-20 21:22:12.578  8615  8656 I ReactNativeJS:     },
10-20 21:22:12.578  8615  8656 I ReactNativeJS:     {
10-20 21:22:12.578  8615  8656 I ReactNativeJS:       "action": "navigate_to_1265344",
10-20 21:22:12.578  8615  8656 I ReactNativeJS:       "timestamp": 1761006132494
10-20 21:22:12.578  8615  8656 I ReactNativeJS:     },
10-20 21:22:12.578  8615  8656 I ReactNativeJS:     {
10-20 21:22:12.578  8615  8656 I ReactNativeJS:       "action": "leave_dashboard",
10-20 21:22:12.578  8615  8656 I ReactNativeJS:       "timestamp": 1761006132577
10-20 21:22:12.578  8615  8656 I ReactNativeJS:     }
10-20 21:22:12.578  8615  8656 I ReactNativeJS:   ]
10-20 21:22:12.578  8615  8656 I ReactNativeJS: }
10-20 21:22:12.578  8615  8656 I ReactNativeJS: ---METRICS_JSON_END---
10-20 21:22:12.594  8615  8649 E IMGMapper: set:488 set: Unset optional value from type SMPTE2086
10-20 21:22:12.595  8615  8649 E IMGMapper: set:488 set: Unset optional value from type CTA861_3
10-20 21:22:12.628  8615  8649 E IMGMapper: set:488 set: Unset optional value from type SMPTE2086
10-20 21:22:12.628  8615  8649 E IMGMapper: set:488 set: Unset optional value from type CTA861_3
10-20 21:22:12.658  8615  8649 E IMGMapper: set:488 set: Unset optional value from type SMPTE2086
10-20 21:22:12.659  8615  8649 E IMGMapper: set:488 set: Unset optional value from type CTA861_3
10-20 21:22:12.673  8615  8615 D ScrollView: initGoToTop
10-20 21:22:12.674  8615  8649 E IMGMapper: set:488 set: Unset optional value from type SMPTE2086
10-20 21:22:12.675  8615  8649 E IMGMapper: set:488 set: Unset optional value from type CTA861_3
10-20 21:22:12.755  8615  8649 E IMGMapper: set:488 set: Unset optional value from type SMPTE2086
10-20 21:22:12.755  8615  8649 E IMGMapper: set:488 set: Unset optional value from type CTA861_3
10-20 21:22:12.768  8615  8649 E IMGMapper: set:488 set: Unset optional value from type SMPTE2086
10-20 21:22:12.768  1483  1528 I GestureDetector: handleMessage TAP
10-20 21:22:12.768  8615  8649 E IMGMapper: set:488 set: Unset optional value from type CTA861_3
10-20 21:22:12.771  1483  1483 I GestureDetector: handleMessage TAP
10-20 21:22:12.792  8615  8649 E IMGMapper: set:488 set: Unset optional value from type SMPTE2086
10-20 21:22:12.792  8615  8649 E IMGMapper: set:488 set: Unset optional value from type CTA861_3
10-20 21:22:12.808  8615  8649 E IMGMapper: set:488 set: Unset optional value from type SMPTE2086
10-20 21:22:12.808  8615  8649 E IMGMapper: set:488 set: Unset optional value from type CTA861_3
10-20 21:22:12.822  8615  8649 E IMGMapper: set:488 set: Unset optional value from type SMPTE2086
10-20 21:22:12.822  8615  8649 E IMGMapper: set:488 set: Unset optional value from type CTA861_3
10-20 21:22:12.836  8615  8649 E IMGMapper: set:488 set: Unset optional value from type SMPTE2086
10-20 21:22:12.836  8615  8649 E IMGMapper: set:488 set: Unset optional value from type CTA861_3
10-20 21:22:12.853  8615  8649 E IMGMapper: set:488 set: Unset optional value from type SMPTE2086
10-20 21:22:12.853  8615  8649 E IMGMapper: set:488 set: Unset optional value from type CTA861_3
10-20 21:22:12.869  8615  8649 E IMGMapper: set:488 set: Unset optional value from type SMPTE2086
10-20 21:22:12.869  8615  8649 E IMGMapper: set:488 set: Unset optional value from type CTA861_3
10-20 21:22:12.886  8615  8649 E IMGMapper: set:488 set: Unset optional value from type SMPTE2086
10-20 21:22:12.886  8615  8649 E IMGMapper: set:488 set: Unset optional value from type CTA861_3
10-20 21:22:12.908  8615  8649 E IMGMapper: set:488 set: Unset optional value from type SMPTE2086
10-20 21:22:12.908  8615  8649 E IMGMapper: set:488 set: Unset optional value from type CTA861_3
10-20 21:22:12.919  8615  8649 E IMGMapper: set:488 set: Unset optional value from type SMPTE2086
10-20 21:22:12.919  8615  8649 E IMGMapper: set:488 set: Unset optional value from type CTA861_3
10-20 21:22:12.941  8615  8649 E IMGMapper: set:488 set: Unset optional value from type SMPTE2086
10-20 21:22:12.942  8615  8649 E IMGMapper: set:488 set: Unset optional value from type CTA861_3
10-20 21:22:12.958  8615  8649 E IMGMapper: set:488 set: Unset optional value from type SMPTE2086
10-20 21:22:12.958  8615  8649 E IMGMapper: set:488 set: Unset optional value from type CTA861_3
10-20 21:22:12.969  8615  8649 E IMGMapper: set:488 set: Unset optional value from type SMPTE2086
10-20 21:22:12.969  8615  8649 E IMGMapper: set:488 set: Unset optional value from type CTA861_3
10-20 21:22:12.977  8661  8661 D BoundBrokerSvc: onUnbind: Intent { act=com.google.android.gms.common.telemetry.service.START dat=chimera-action:/... cmp=com.google.android.gms/.chimera.PersistentApiService }
10-20 21:22:12.986  8615  8649 E IMGMapper: set:488 set: Unset optional value from type SMPTE2086
10-20 21:22:12.986  8615  8649 E IMGMapper: set:488 set: Unset optional value from type CTA861_3
10-20 21:22:13.003  8615  8649 E IMGMapper: set:488 set: Unset optional value from type SMPTE2086
10-20 21:22:13.003  8615  8649 E IMGMapper: set:488 set: Unset optional value from type CTA861_3
10-20 21:22:13.021  8615  8649 E IMGMapper: set:488 set: Unset optional value from type SMPTE2086
10-20 21:22:13.021  8615  8649 E IMGMapper: set:488 set: Unset optional value from type CTA861_3
10-20 21:22:13.036  8615  8649 E IMGMapper: set:488 set: Unset optional value from type SMPTE2086
10-20 21:22:13.036  8615  8649 E IMGMapper: set:488 set: Unset optional value from type CTA861_3
10-20 21:22:13.051  8615  8649 E IMGMapper: set:488 set: Unset optional value from type SMPTE2086
10-20 21:22:13.051  8615  8649 E IMGMapper: set:488 set: Unset optional value from type CTA861_3
10-20 21:22:13.072  8615  8649 E IMGMapper: set:488 set: Unset optional value from type SMPTE2086
10-20 21:22:13.072  8615  8649 E IMGMapper: set:488 set: Unset optional value from type CTA861_3
10-20 21:22:13.085  8615  8649 E IMGMapper: set:488 set: Unset optional value from type SMPTE2086
10-20 21:22:13.085  8615  8649 E IMGMapper: set:488 set: Unset optional value from type CTA861_3
10-20 21:22:13.096  2521  2618 D MobileStatusTracker(1/1): onSignalStrengthsChanged level=3, vendorLevel=4
10-20 21:22:13.099  2521  2618 D MobileSignalController(1/1): notifyListener: enabled=true, connected=true, dataConnected=false, networkType=UMTS (3G), emergencyOnly=true, roaming=false, isDefault=false, dataActivity=, level=4, ca=false, mmWave=false, disabledDataIcon=false, simCard=ETC
10-20 21:22:13.099  2521  2618 D NetworkController: SignalStrength from intent slotId=1
10-20 21:22:13.103  8615  8649 E IMGMapper: set:488 set: Unset optional value from type SMPTE2086
10-20 21:22:13.103  8615  8649 E IMGMapper: set:488 set: Unset optional value from type CTA861_3
10-20 21:22:13.123  8615  8649 E IMGMapper: set:488 set: Unset optional value from type SMPTE2086
10-20 21:22:13.123  8615  8649 E IMGMapper: set:488 set: Unset optional value from type CTA861_3
10-20 21:22:13.134  8615  8649 E IMGMapper: set:488 set: Unset optional value from type SMPTE2086
10-20 21:22:13.134  8615  8649 E IMGMapper: set:488 set: Unset optional value from type CTA861_3
10-20 21:22:13.143  8615  8649 E IMGMapper: set:488 set: Unset optional value from type SMPTE2086
10-20 21:22:13.143  8615  8649 E IMGMapper: set:488 set: Unset optional value from type CTA861_3
10-20 21:22:13.281  2521  2618 D MobileStatusTracker(0/2): onSignalStrengthsChanged level=4, vendorLevel=3
10-20 21:22:13.284  2521  2618 D MobileSignalController(0/2): notifyListener: enabled=true, connected=true, dataConnected=true, networkType=LTE (4G), emergencyOnly=false, roaming=false, isDefault=false, dataActivity=, level=3, ca=false, mmWave=false, disabledDataIcon=false, simCard=ETC
10-20 21:22:13.284  2521  2618 D NetworkController: SignalStrength from intent slotId=0
10-20 21:22:13.537  8703  8703 I BugleDataModel: ActionExecutorImpl: ACTION_EXECUTE_QUEUED_FixupMessageStatusOnStartupAction
10-20 21:22:13.538  8703  8949 I BugleDataModel: ExecuteActionRunnable: running action FixupMessageStatusOnStartupAction
10-20 21:22:13.539  8703  8703 I BugleDataModel: ActionExecutorImpl: ACTION_EXECUTE_QUEUED_ProcessPendingMessagesAction
10-20 21:22:13.564  8703  8703 I BugleDataModel: ActionExecutorImpl: ACTION_EXECUTE_QUEUED_CountryCodeDetectorAction
10-20 21:22:13.568  8703  8703 I BugleDataModel: ActionExecutorImpl: ACTION_EXECUTE_QUEUED_SelfParticipantsRefreshAction
10-20 21:22:13.580  2799  3186 D PhoneInterfaceManager: setDataEnabledForReason() Reason=1 Pid=1483 App=system
10-20 21:22:13.585  2799  3186 D PhoneInterfaceManager: setDataEnabledForReason() Reason=1 Pid=1483 App=system
10-20 21:22:13.594  8703  8949 I BugleDataModel: FixupMessageStatusOnStartupAction: sendFailedCnt: 0, downloadFailedCnt: 0, partsProcessingFailedCnt: 0
10-20 21:22:13.599  1483  1558 W BroadcastQueue: Exported Denial: sending Intent { act=android.net.conn.CONNECTIVITY_CHANGE flg=0x4200010 (has extras) }, action: android.net.conn.CONNECTIVITY_CHANGE from null (uid=-1) due to receiver ProcessRecord{645950a 8703:com.google.android.apps.messaging/u0a201} (uid 10201) not specifying RECEIVER_EXPORTED
10-20 21:22:13.667  8703  8703 I BugleDataModel: ActionExecutorImpl: ACTION_EXECUTE_QUEUED_GenericWorkerQueueAction
10-20 21:22:13.732  8703  8949 I BugleDataModel: PendingMessagesProcessor process from FixupMessageStatusOnStartupAction due to process restarts throttled  with delay 0s with queues smsMessagesToSend:0 mmsMessagesToSend:0 rcsMessagesToSend:0 rcsFTMessagesToSend:0 messagesToDownload:0
10-20 21:22:13.734  8703  8949 I BugleDataModel: Cleared next retry time for channel: sms_send 
10-20 21:22:13.734  8703  8949 I BugleDataModel: Cleared next retry time for channel: mms_send 
10-20 21:22:13.735  8703  8949 I BugleDataModel: Cleared next retry time for channel: mms_download 
10-20 21:22:13.736  8703  8949 I BugleDataModel: Cleared next retry time for channel: rcs_send 
10-20 21:22:13.737  8703  8949 I BugleDataModel: Cleared next retry time for channel: rcs_ft_upload 
10-20 21:22:13.738  8703  8949 I BugleDataModel: Cleared next retry time for channel: rcs_ft_download 
10-20 21:22:13.738  8703  8949 I BugleDataModel: Cleared next retry time for channel: cloud_sync_send 
10-20 21:22:13.739  8703  8949 I BugleDataModel: Cleared next retry time for channel: cloud_sync_attachment_download 
10-20 21:22:13.740  8703  8949 I BugleDataModel: ExecuteActionRunnable: running action ProcessPendingMessagesAction
10-20 21:22:13.754  8703  8949 I BugleDataModel: PendingMessagesProcessor process from ProcessPendingMessagesAction due to scheduled processing  with delay 0s with queues smsMessagesToSend:0 mmsMessagesToSend:0 rcsMessagesToSend:0 rcsFTMessagesToSend:0 messagesToDownload:0
10-20 21:22:13.756  8703  8949 I BugleDataModel: ExecuteActionRunnable: running action CountryCodeDetectorAction
10-20 21:22:13.758  8703  8937 I Bugle   : CountryCodeDetector: updateSmsNetworkCountry from default subscription network country. detected country: br
10-20 21:22:13.759  8703  8949 I BugleDataModel: ActionExecutorImpl: ACTION_BACKGROUND_QUEUED_CountryCodeDetectorAction
10-20 21:22:13.759  8703  8937 I BugleDataModel: ActionExecutorImpl: ACTION_RESPONSE_QUEUED_CountryCodeDetectorAction
10-20 21:22:13.760  8703  8949 I BugleDataModel: ExecuteActionRunnable: running action SelfParticipantsRefreshAction
10-20 21:22:13.763  8703  8937 I BugleDataModel: ParticipantRefresh: ContactContentObserver created
10-20 21:22:13.763  8703  8949 I BugleDataModel: ActionExecutorImpl: ACTION_BACKGROUND_QUEUED_SelfParticipantsRefreshAction
10-20 21:22:13.764  8703  8949 I BugleDataModel: ExecuteActionRunnable: running action GenericWorkerQueueAction
10-20 21:22:13.764  8703  8937 I BugleDataModel: ParticipantFullRefresh: Start participant refresh. refreshMode: SELF_ONLY
10-20 21:22:13.767  8703  8949 I BugleDataModel: ActionExecutorImpl: ACTION_BACKGROUND_QUEUED_GenericWorkerQueueAction
10-20 21:22:13.770   543   543 D io_stats: !@ 179,0 r 465767416 5659593494 w 80704904 846319876 d 1258364 33785896 f 0 0 iot 231569076 0 th 0 0 0 pt 0 inp 0 0 2555531.072
10-20 21:22:13.770  8703  8937 I BugleDataModel: SubscriptionsTracker#refreshSelfParticipantList([2, 1])
10-20 21:22:13.823  8703  8937 I Bugle   : getRawTelephonyPhoneNumber redacted-pii[0-chars] [CONTEXT sub_id=2 ]
10-20 21:22:13.858  8703  8937 I Bugle   : getRawTelephonyPhoneNumber redacted-pii[0-chars] [CONTEXT sub_id=2 ]
10-20 21:22:13.896  8703  8937 I Bugle   : getRawTelephonyPhoneNumber redacted-pii[0-chars] [CONTEXT sub_id=1 ]
10-20 21:22:13.931  8703  8937 I Bugle   : getRawTelephonyPhoneNumber redacted-pii[0-chars] [CONTEXT sub_id=1 ]
10-20 21:22:13.973  8703  8937 I Bugle   : getRawTelephonyPhoneNumber redacted-pii[0-chars] [CONTEXT sub_id=2 ]
10-20 21:22:14.011  8703  8937 I Bugle   : getRawTelephonyPhoneNumber redacted-pii[0-chars] [CONTEXT sub_id=2 ]
10-20 21:22:14.025  8703  8937 I BugleDataModel: SubscriptionsTracker bindToTrackingMap bound participants: [ParticipantId=1 subId=-1, ParticipantId=2 subId=1, ParticipantId=3 subId=2]
10-20 21:22:14.026  8703  8937 I BugleDataModel: set orderedRowIdAndTokenPairs: [rowId=2 subId= 1 token=c5fe3fcc-23ea-4cf4-8cfa-363cdd8db98b, rowId=3 subId= 2 token=f7e82289-5ddc-4522-8b55-52a052a0206e, rowId=1 subId= -1 token=1b1b38f0-65a6-4328-bff6-ef5a9e4251e5]
10-20 21:22:14.032  8703  8784 I BugleDataModel: SubscriptionsTracker bindToTrackingMap bound participants: [ParticipantId=1 subId=-1, ParticipantId=2 subId=1, ParticipantId=3 subId=2]
10-20 21:22:14.069  8703  8937 I Bugle   : getRawTelephonyPhoneNumber redacted-pii[0-chars] [CONTEXT sub_id=2 ]
10-20 21:22:14.147  8703  8937 I Bugle   : getRawTelephonyPhoneNumber redacted-pii[0-chars] [CONTEXT sub_id=1 ]
10-20 21:22:14.200  8703  8937 I Bugle   : getRawTelephonyPhoneNumber redacted-pii[0-chars] [CONTEXT sub_id=2 ]
10-20 21:22:14.212  1483  2471 D NetdEventListenerService: DNS Requested by : 475, 11011
10-20 21:22:14.212 24250  5698 D TrafficStats: tagSocket(6) with statsTag=0xffffffff, statsUid=-1
10-20 21:22:14.213 24250 24342 D TrafficStats: tagSocket(116) with statsTag=0xffffffff, statsUid=-1
10-20 21:22:14.230  8703  8937 I BugleDataModel: ParticipantFullRefresh: Number of participants refreshed: 0
10-20 21:22:14.233  8703  8937 I BugleDataModel: ActionExecutorImpl: ACTION_RESPONSE_QUEUED_SelfParticipantsRefreshAction
10-20 21:22:14.242  8703  8937 I BugleJobs: GenericWorkerQueueAction: Bailing early, no work found, no failed work found
10-20 21:22:14.243  8703  8937 I BugleDataModel: ActionExecutorImpl: ACTION_RESPONSE_QUEUED_GenericWorkerQueueAction
10-20 21:22:14.278  8703  8765 I Bugle   : getRawTelephonyPhoneNumber redacted-pii[0-chars] [CONTEXT sub_id=2 ]
10-20 21:22:14.313  8703  8765 I Bugle   : getRawTelephonyPhoneNumber redacted-pii[0-chars] [CONTEXT sub_id=1 ]
10-20 21:22:14.317  8703  8765 I BugleSelfIdentity: Phone number for MyIdentity f7e82289-5ddc-4522-8b55-52a052a0206e does not change [CONTEXT sub_id=2 icc_id="redacted-pii[20-chars]" rcs_provisioning_id="redacted-pii[0-chars]" ]
10-20 21:22:14.321  8703  8765 I BugleSelfIdentity: Phone number for MyIdentity c5fe3fcc-23ea-4cf4-8cfa-363cdd8db98b does not change [CONTEXT sub_id=1 icc_id="redacted-pii[19-chars]" rcs_provisioning_id="redacted-pii[0-chars]" ]
10-20 21:22:14.368  8703  8765 I Bugle   : getRawTelephonyPhoneNumber redacted-pii[0-chars] [CONTEXT sub_id=2 ]
10-20 21:22:14.406  8703  8765 I Bugle   : getRawTelephonyPhoneNumber redacted-pii[0-chars] [CONTEXT sub_id=1 ]
10-20 21:22:14.410  8703  8765 I BugleSelfIdentity: Phone number for MyIdentity f7e82289-5ddc-4522-8b55-52a052a0206e does not change [CONTEXT sub_id=2 icc_id="redacted-pii[20-chars]" rcs_provisioning_id="redacted-pii[0-chars]" ]
10-20 21:22:14.413  8703  8765 I BugleSelfIdentity: Phone number for MyIdentity c5fe3fcc-23ea-4cf4-8cfa-363cdd8db98b does not change [CONTEXT sub_id=1 icc_id="redacted-pii[19-chars]" rcs_provisioning_id="redacted-pii[0-chars]" ]
10-20 21:22:14.539  8661  8661 D BoundBrokerSvc: onUnbind: Intent { act=com.google.android.gms.time.trustedtime.service.START dat=chimera-action:/... cmp=com.google.android.gms/.chimera.PersistentApiService }
10-20 21:22:14.546  8661  8661 D BoundBrokerSvc: onUnbind: Intent { act=com.google.android.gms.time.trustedtime.singleuserapi.service.START dat=chimera-action:/... cmp=com.google.android.gms/.chimera.PersistentSingleUserInternalApiService }
10-20 21:22:14.557  2521  2618 D MobileStatusTracker(0/2): onSignalStrengthsChanged level=4, vendorLevel=3
10-20 21:22:14.558  1483  6047 D InputDispatcher: Inject key (8981/2000): action=0, f=0x0, d=-1, time=2555531860000000
10-20 21:22:14.558  1483  6047 D WindowManager: interceptKeyTq keycode=4 interactive=true keyguardActive=false policyFlags=2b000000
10-20 21:22:14.558  1483  6047 D PhoneWindowManagerExt: interceptKeyTq code=4 down=true repeatCount=0 displayId=-1 interactive=true
10-20 21:22:14.558  1483  6047 D WindowManager: interceptKeyTq interceptKeyResult=4
10-20 21:22:14.558  1483  1796 D PowerManagerService: [api] userActivityFromNative :  (event: 1 flags: 0 displayId: 0) eventTime = 2555531860
10-20 21:22:14.559  1483  1796 D WindowManager: interceptKeyTi keyCode=4 down=true repeatCount=0 keyguardOn=false canceled=false
10-20 21:22:14.559  2521  2618 D MobileSignalController(0/2): notifyListener: enabled=true, connected=true, dataConnected=true, networkType=LTE (4G), emergencyOnly=false, roaming=false, isDefault=false, dataActivity=, level=3, ca=false, mmWave=false, disabledDataIcon=false, simCard=ETC
10-20 21:22:14.559  1483  1796 D PhoneWindowManagerExt: interceptKeyTi code=4 down=true repeatCount=0 displayId=-1 interactive=true
10-20 21:22:14.559  1483  1796 I InputDispatcher: Delivering key to (8615): B action: 0x0 (0), f=0x0, m=0x0, d=0, 'ee6bb8 '
10-20 21:22:14.560  2521  2618 D NetworkController: SignalStrength from intent slotId=0
10-20 21:22:14.560  5125  5125 I HBD     : b skip onKeyDown as physical keyboard not connected 
10-20 21:22:14.561  5125  5125 I HBD     : HoneyBoardService onKeyDown r:cad03d82 consumed:false 1 
10-20 21:22:14.562  8615  8615 I ViewRootImpl@8188eb8[MainActivity]: ViewPostIme key 0
10-20 21:22:14.562  8615  8615 D Activity: onKeyDown(KEYCODE_BACK)
10-20 21:22:14.563  1483  6047 D InputDispatcher: Inject key (8981/2000): action=1, f=0x0, d=-1, time=2555531860000000
10-20 21:22:14.563  1483  6047 D WindowManager: interceptKeyTq keycode=4 interactive=true keyguardActive=false policyFlags=2b000000
10-20 21:22:14.563  1483  6047 D PhoneWindowManagerExt: interceptKeyTq code=4 down=false repeatCount=0 displayId=-1 interactive=true
10-20 21:22:14.563  1483  6047 D WindowManager: interceptKeyTq interceptKeyResult=4
10-20 21:22:14.564  1483  1796 D WindowManager: interceptKeyTi keyCode=4 down=false repeatCount=0 keyguardOn=false canceled=false
10-20 21:22:14.564  1483  1796 D PhoneWindowManagerExt: interceptKeyTi code=4 down=false repeatCount=0 displayId=-1 interactive=true
10-20 21:22:14.564  1483  1796 I InputDispatcher: Delivering key to (8615): B action: 0x1 (0), f=0x0, m=0x0, d=0, 'ee6bb8 '
10-20 21:22:14.566  5125  5125 I HBD     : HoneyBoardService onKeyUp r:9daca935 consumed:false 1 
10-20 21:22:14.566  8615  8615 I ViewRootImpl@8188eb8[MainActivity]: ViewPostIme key 1
10-20 21:22:14.567  8615  8615 D Activity: onKeyUp(KEYCODE_BACK) isTracking()=true isCanceled()=false hasCallback=false
10-20 21:22:14.661  8615  8649 E IMGMapper: set:488 set: Unset optional value from type SMPTE2086
10-20 21:22:14.661  8615  8649 E IMGMapper: set:488 set: Unset optional value from type CTA861_3
10-20 21:22:14.668  1039  1039 I BufferQueueProducer: [com.cinemamovel/com.cinemamovel.MainActivity$_8615#506300](this:0xb400007a26325838,id:-1,api:0,p:-1,c:1039) queueBuffer: fps=15.26 dur=2163.21 max=1497.81 min=15.93
10-20 21:22:14.670   991  1074 I hwcomposer: [HWCDisplay] [Display_0 (type:1)] fps:15.257934,dur:2162.81,max:1498.16,min:14.23  
10-20 21:22:14.746  8615  8649 E IMGMapper: set:488 set: Unset optional value from type SMPTE2086
10-20 21:22:14.746  8615  8649 E IMGMapper: set:488 set: Unset optional value from type CTA861_3
10-20 21:22:14.756  8615  8649 E IMGMapper: set:488 set: Unset optional value from type SMPTE2086
10-20 21:22:14.756  8615  8649 E IMGMapper: set:488 set: Unset optional value from type CTA861_3
10-20 21:22:14.765  8615  8649 E IMGMapper: set:488 set: Unset optional value from type SMPTE2086
10-20 21:22:14.765  8615  8649 E IMGMapper: set:488 set: Unset optional value from type CTA861_3
10-20 21:22:14.784  8615  8649 E IMGMapper: set:488 set: Unset optional value from type SMPTE2086
10-20 21:22:14.784  8615  8649 E IMGMapper: set:488 set: Unset optional value from type CTA861_3
10-20 21:22:14.798  8615  8649 E IMGMapper: set:488 set: Unset optional value from type SMPTE2086
10-20 21:22:14.798  8615  8649 E IMGMapper: set:488 set: Unset optional value from type CTA861_3
10-20 21:22:14.813  8615  8649 E IMGMapper: set:488 set: Unset optional value from type SMPTE2086
10-20 21:22:14.813  8615  8649 E IMGMapper: set:488 set: Unset optional value from type CTA861_3
10-20 21:22:14.835  8615  8649 E IMGMapper: set:488 set: Unset optional value from type SMPTE2086
10-20 21:22:14.835  8615  8649 E IMGMapper: set:488 set: Unset optional value from type CTA861_3
10-20 21:22:14.835  1483  1755 D SensorService: [SO] 0.090 1.552 9.893
10-20 21:22:14.849  8615  8649 E IMGMapper: set:488 set: Unset optional value from type SMPTE2086
10-20 21:22:14.849  8615  8649 E IMGMapper: set:488 set: Unset optional value from type CTA861_3
10-20 21:22:14.856  1483  2457 D WifiConnectivityMonitor.NetworkStatsAnalyzer: Backhaul result - RSSI:-63, CE:14, PE:16, TI:19, PTI:20, TW:67, PTW:66, Tx:4669, Rx:2491, TxS:4665, RxS:2491, RESULT:true, IC:0, ICT:5, WC:0, WCT:5, R:0, RC:0, IE:0, EC:0
10-20 21:22:14.864  8615  8649 E IMGMapper: set:488 set: Unset optional value from type SMPTE2086
10-20 21:22:14.864  8615  8649 E IMGMapper: set:488 set: Unset optional value from type CTA861_3
10-20 21:22:14.881  8615  8649 E IMGMapper: set:488 set: Unset optional value from type SMPTE2086
10-20 21:22:14.881  8615  8649 E IMGMapper: set:488 set: Unset optional value from type CTA861_3
10-20 21:22:14.898  8615  8632 D InputTransport: Input channel destroyed: 'ClientS', fd=135
10-20 21:22:14.898  8615  8649 E IMGMapper: set:488 set: Unset optional value from type SMPTE2086
10-20 21:22:14.898  8615  8649 E IMGMapper: set:488 set: Unset optional value from type CTA861_3
10-20 21:22:14.914  8615  8649 E IMGMapper: set:488 set: Unset optional value from type SMPTE2086
10-20 21:22:14.915  8615  8649 E IMGMapper: set:488 set: Unset optional value from type CTA861_3
10-20 21:22:14.932  8615  8649 E IMGMapper: set:488 set: Unset optional value from type SMPTE2086
10-20 21:22:14.932  8615  8649 E IMGMapper: set:488 set: Unset optional value from type CTA861_3
10-20 21:22:14.949  8615  8649 E IMGMapper: set:488 set: Unset optional value from type SMPTE2086
10-20 21:22:14.949  8615  8649 E IMGMapper: set:488 set: Unset optional value from type CTA861_3
10-20 21:22:14.966  8615  8649 E IMGMapper: set:488 set: Unset optional value from type SMPTE2086
10-20 21:22:14.966  8615  8649 E IMGMapper: set:488 set: Unset optional value from type CTA861_3
10-20 21:22:14.981  8615  8649 E IMGMapper: set:488 set: Unset optional value from type SMPTE2086
10-20 21:22:14.981  8615  8649 E IMGMapper: set:488 set: Unset optional value from type CTA861_3
10-20 21:22:14.997  8615  8649 E IMGMapper: set:488 set: Unset optional value from type SMPTE2086
10-20 21:22:14.997  8615  8649 E IMGMapper: set:488 set: Unset optional value from type CTA861_3
10-20 21:22:15.019  8615  8649 E IMGMapper: set:488 set: Unset optional value from type SMPTE2086
10-20 21:22:15.019  8615  8649 E IMGMapper: set:488 set: Unset optional value from type CTA861_3
10-20 21:22:15.033  8615  8649 E IMGMapper: set:488 set: Unset optional value from type SMPTE2086
10-20 21:22:15.033  8615  8649 E IMGMapper: set:488 set: Unset optional value from type CTA861_3
10-20 21:22:15.047  8615  8649 E IMGMapper: set:488 set: Unset optional value from type SMPTE2086
10-20 21:22:15.047  8615  8649 E IMGMapper: set:488 set: Unset optional value from type CTA861_3
10-20 21:22:15.064  8615  8649 E IMGMapper: set:488 set: Unset optional value from type SMPTE2086
10-20 21:22:15.064  8615  8649 E IMGMapper: set:488 set: Unset optional value from type CTA861_3
10-20 21:22:15.080  8615  8649 E IMGMapper: set:488 set: Unset optional value from type SMPTE2086
10-20 21:22:15.080  8615  8649 E IMGMapper: set:488 set: Unset optional value from type CTA861_3
10-20 21:22:15.097  8615  8649 E IMGMapper: set:488 set: Unset optional value from type SMPTE2086
10-20 21:22:15.097  8615  8649 E IMGMapper: set:488 set: Unset optional value from type CTA861_3
10-20 21:22:15.114  8615  8649 E IMGMapper: set:488 set: Unset optional value from type SMPTE2086
10-20 21:22:15.114  8615  8649 E IMGMapper: set:488 set: Unset optional value from type CTA861_3
10-20 21:22:15.131  8615  8649 E IMGMapper: set:488 set: Unset optional value from type SMPTE2086
10-20 21:22:15.131  8615  8649 E IMGMapper: set:488 set: Unset optional value from type CTA861_3
10-20 21:22:15.147  8615  8649 E IMGMapper: set:488 set: Unset optional value from type SMPTE2086
10-20 21:22:15.147  8615  8649 E IMGMapper: set:488 set: Unset optional value from type CTA861_3
10-20 21:22:15.165  8615  8649 E IMGMapper: set:488 set: Unset optional value from type SMPTE2086
10-20 21:22:15.165  8615  8649 E IMGMapper: set:488 set: Unset optional value from type CTA861_3
10-20 21:22:15.183  8615  8649 E IMGMapper: set:488 set: Unset optional value from type SMPTE2086
10-20 21:22:15.183  8615  8649 E IMGMapper: set:488 set: Unset optional value from type CTA861_3
10-20 21:22:15.196  8615  8649 E IMGMapper: set:488 set: Unset optional value from type SMPTE2086
10-20 21:22:15.197  8615  8649 E IMGMapper: set:488 set: Unset optional value from type CTA861_3
10-20 21:22:15.205  2486  2486 I WifiHAL : Get link layer stats
10-20 21:22:15.205  2486  2486 I WifiHAL : GetLinkStatsCommand::create
10-20 21:22:15.205  2486  2486 D android.hardware.wifi@1.0-service-lazy: WifiRequest::create vendor command to iface 38, vendor_id=0x1a11, subcmd=0x1200, res=0
10-20 21:22:15.205  2486  2486 I android.hardware.wifi@1.0-service-lazy: WifiCommand::requestResponse err=-95
10-20 21:22:15.205  2486  2486 I WifiHAL : wifi_get_link_stats: result=-3
10-20 21:22:15.206  1483  2363 E WifiVendorHal: getWifiLinkLayerStats_1_5_Internal(l.1179) failed {.code = ERROR_NOT_SUPPORTED, .description = }
10-20 21:22:15.208  1483  3390 D SemWifiUsabilityStatsMonitor: onWifiUsabilityStats - seqNum 544815, isSameBssidAndFreq true
10-20 21:22:15.210  1483  2437 I SemWifiLinkQualityMonitor: Link Qos query: inf. ms / 0 Mbps
10-20 21:22:15.211  8615  8649 E IMGMapper: set:488 set: Unset optional value from type SMPTE2086
10-20 21:22:15.211  8615  8649 E IMGMapper: set:488 set: Unset optional value from type CTA861_3
10-20 21:22:15.471  1483  1583 D PowerManagerService: UserActivityStateListenerState: 0
10-20 21:22:15.771   543   543 D io_stats: !@ 179,0 r 465767488 5659593906 w 80704917 846319932 d 1258364 33785896 f 0 0 iot 231569100 0 th 0 0 0 pt 0 inp 0 0 2555533.073
10-20 21:22:15.837  2521  2618 D MobileStatusTracker(0/2): onSignalStrengthsChanged level=4, vendorLevel=3
10-20 21:22:15.840  2521  2618 D MobileSignalController(0/2): notifyListener: enabled=true, connected=true, dataConnected=true, networkType=LTE (4G), emergencyOnly=false, roaming=false, isDefault=false, dataActivity=, level=3, ca=false, mmWave=false, disabledDataIcon=false, simCard=ETC
10-20 21:22:15.840  2521  2618 D NetworkController: SignalStrength from intent slotId=0
10-20 21:22:15.933   963   963 E audit   : type=1400 audit(1761006135.928:1252240): avc:  denied  { write } for  pid=8661 comm="ThreadPoolForeg" name="traced_producer" dev="tmpfs" ino=11170 scontext=u:r:gmscore_app:s0:c512,c768 tcontext=u:object_r:traced_producer_socket:s0 tclass=sock_file permissive=0 SEPF_SM-A037M_12_0001 unfiltered
10-20 21:22:16.237  1483  2471 D NetdEventListenerService: DNS Requested by : 475, 11011
10-20 21:22:16.238 24250  5698 D TrafficStats: tagSocket(84) with statsTag=0xffffffff, statsUid=-1
10-20 21:22:16.240  1483  2471 D NetdEventListenerService: DNS Requested by : 475, 11011
10-20 21:22:16.241 24250 24342 D TrafficStats: tagSocket(116) with statsTag=0xffffffff, statsUid=-1
10-20 21:22:16.943  8661  3188 I AOSP-MdnsDiscoveryManag: (REDACTED) %s
10-20 21:22:16.944  8661  3189 I AOSP-MdnsDiscoveryManag: (REDACTED) %s
10-20 21:22:16.945  8661  3189 I AOSP-MdnsDiscoveryManag: (REDACTED) %s
10-20 21:22:16.946  8661  3185 I AOSP-MdnsDiscoveryManag: (REDACTED) %s
10-20 21:22:16.947  8661  3185 I AOSP-MdnsDiscoveryManag: (REDACTED) %s
10-20 21:22:16.948  8661  9716 I AOSP-MdnsDiscoveryManag: (REDACTED) %s
10-20 21:22:16.949  8661  3185 I AOSP-MdnsDiscoveryManag: (REDACTED) %s
10-20 21:22:16.950  8661  3187 W AOSP-MdnsDiscoveryManag: Error while decoding multicast packet (6340): 1 [CONTEXT service_id=168 ]
10-20 21:22:16.951  8661  3187 W AOSP-MdnsDiscoveryManag: Error while decoding multicast packet (6341): 1 [CONTEXT service_id=168 ]
10-20 21:22:16.952  8661  3188 I AOSP-MdnsDiscoveryManag: (REDACTED) %s
10-20 21:22:16.953  8661  9716 I AOSP-MdnsDiscoveryManag: (REDACTED) %s
10-20 21:22:16.954  8661  3187 W AOSP-MdnsDiscoveryManag: Error while decoding multicast packet (6342): 1 [CONTEXT service_id=168 ]
10-20 21:22:16.954  8661  3185 I AOSP-MdnsDiscoveryManag: (REDACTED) %s
10-20 21:22:16.956  8661  3187 W AOSP-MdnsDiscoveryManag: Error while decoding multicast packet (6343): 1 [CONTEXT service_id=168 ]
10-20 21:22:16.979  1205  1205 I thermal_repeater: socket -1
10-20 21:22:17.118  2521  2618 D MobileStatusTracker(0/2): onSignalStrengthsChanged level=4, vendorLevel=3
10-20 21:22:17.124  2521  2618 D MobileSignalController(0/2): notifyListener: enabled=true, connected=true, dataConnected=true, networkType=LTE (4G), emergencyOnly=false, roaming=false, isDefault=false, dataActivity=, level=3, ca=false, mmWave=false, disabledDataIcon=false, simCard=ETC
10-20 21:22:17.124  2521  2618 D NetworkController: SignalStrength from intent slotId=0
10-20 21:22:17.141  4441  4441 I wpa_supplicant: Heartbeat 1317
10-20 21:22:17.772   543   543 D io_stats: !@ 179,0 r 465767493 5659593930 w 80704945 846320072 d 1258364 33785896 f 0 0 iot 231569104 0 th 0 0 0 pt 0 inp 0 0 2555535.074
10-20 21:22:17.950  8661  3189 I AOSP-MdnsDiscoveryManag: (REDACTED) %s
10-20 21:22:17.951  8661  3189 I AOSP-MdnsDiscoveryManag: (REDACTED) %s
10-20 21:22:17.952  8661  3185 I AOSP-MdnsDiscoveryManag: (REDACTED) %s
10-20 21:22:17.952  8661  9716 I AOSP-MdnsDiscoveryManag: (REDACTED) %s
10-20 21:22:17.954  8661  3187 W AOSP-MdnsDiscoveryManag: Error while decoding multicast packet (6344): 1 [CONTEXT service_id=168 ]
10-20 21:22:17.954  8661  3185 I AOSP-MdnsDiscoveryManag: (REDACTED) %s
