10-20 21:22:17.954  8661  3188 I AOSP-MdnsDiscoveryManag: (REDACTED) %s
10-20 21:22:17.955  8661  3188 I AOSP-MdnsDiscoveryManag: (REDACTED) %s
10-20 21:22:17.956  8661  9716 I AOSP-MdnsDiscoveryManag: (REDACTED) %s
10-20 21:22:17.957  8661  3187 W AOSP-MdnsDiscoveryManag: Error while decoding multicast packet (6345): 1 [CONTEXT service_id=168 ]
10-20 21:22:17.958  8661  3185 I AOSP-MdnsDiscoveryManag: (REDACTED) %s
10-20 21:22:17.960  8661  3187 W AOSP-MdnsDiscoveryManag: Error while decoding multicast packet (6346): 1 [CONTEXT service_id=168 ]
10-20 21:22:17.961  8661  3185 I AOSP-MdnsDiscoveryManag: (REDACTED) %s
10-20 21:22:17.965  8661  3187 W AOSP-MdnsDiscoveryManag: Error while decoding multicast packet (6347): 1 [CONTEXT service_id=168 ]
10-20 21:22:18.126  1014  1037 D power@timer: [mtkPowerTimer] visRead:0
10-20 21:22:18.218  2486  2486 I WifiHAL : Get link layer stats
10-20 21:22:18.219  2486  2486 I WifiHAL : GetLinkStatsCommand::create
10-20 21:22:18.219  2486  2486 D android.hardware.wifi@1.0-service-lazy: WifiRequest::create vendor command to iface 38, vendor_id=0x1a11, subcmd=0x1200, res=0
10-20 21:22:18.219  2486  2486 I android.hardware.wifi@1.0-service-lazy: WifiCommand::requestResponse err=-95
10-20 21:22:18.219  2486  2486 I WifiHAL : wifi_get_link_stats: result=-3
10-20 21:22:18.221  1483  2363 E WifiVendorHal: getWifiLinkLayerStats_1_5_Internal(l.1179) failed {.code = ERROR_NOT_SUPPORTED, .description = }
10-20 21:22:18.223  2521  2618 D MobileStatusTracker(1/1): onSignalStrengthsChanged level=3, vendorLevel=4
10-20 21:22:18.227  2521  2618 D MobileSignalController(1/1): notifyListener: enabled=true, connected=true, dataConnected=false, networkType=UMTS (3G), emergencyOnly=true, roaming=false, isDefault=false, dataActivity=, level=4, ca=false, mmWave=false, disabledDataIcon=false, simCard=ETC
10-20 21:22:18.228  2521  2618 D NetworkController: SignalStrength from intent slotId=1
10-20 21:22:18.234  1483  3390 D SemWifiUsabilityStatsMonitor: onWifiUsabilityStats - seqNum 544816, isSameBssidAndFreq true
10-20 21:22:18.235  1483  2437 I SemWifiLinkQualityMonitor: Link Qos query: inf. ms / 0 Mbps
10-20 21:22:18.277  1483  2471 D NetdEventListenerService: DNS Requested by : 475, 11011
10-20 21:22:18.278 24250  5698 D TrafficStats: tagSocket(84) with statsTag=0xffffffff, statsUid=-1
10-20 21:22:18.279 24250 24342 D TrafficStats: tagSocket(6) with statsTag=0xffffffff, statsUid=-1
10-20 21:22:18.396  2521  2618 D MobileStatusTracker(0/2): onSignalStrengthsChanged level=4, vendorLevel=3
10-20 21:22:18.400  2521  2618 D MobileSignalController(0/2): notifyListener: enabled=true, connected=true, dataConnected=true, networkType=LTE (4G), emergencyOnly=false, roaming=false, isDefault=false, dataActivity=, level=3, ca=false, mmWave=false, disabledDataIcon=false, simCard=ETC
10-20 21:22:18.402  2521  2618 D NetworkController: SignalStrength from intent slotId=0
10-20 21:22:18.955  8661  3189 I AOSP-MdnsDiscoveryManag: (REDACTED) %s
10-20 21:22:18.956  8661  3185 I AOSP-MdnsDiscoveryManag: (REDACTED) %s
10-20 21:22:18.957  8661  3189 I AOSP-MdnsDiscoveryManag: (REDACTED) %s
10-20 21:22:18.958  8661  9716 I AOSP-MdnsDiscoveryManag: (REDACTED) %s
10-20 21:22:18.959  8661  3188 I AOSP-MdnsDiscoveryManag: (REDACTED) %s
10-20 21:22:18.960  8661  3188 I AOSP-MdnsDiscoveryManag: (REDACTED) %s
10-20 21:22:18.960  8661  9716 I AOSP-MdnsDiscoveryManag: (REDACTED) %s
10-20 21:22:18.961  8661  3187 W AOSP-MdnsDiscoveryManag: Error while decoding multicast packet (6348): 1 [CONTEXT service_id=168 ]
10-20 21:22:18.961  8661  3185 I AOSP-MdnsDiscoveryManag: (REDACTED) %s
10-20 21:22:18.962  8661  3185 I AOSP-MdnsDiscoveryManag: (REDACTED) %s
10-20 21:22:18.963  8661  3185 I AOSP-MdnsDiscoveryManag: (REDACTED) %s
10-20 21:22:18.963  8661  3187 W AOSP-MdnsDiscoveryManag: Error while decoding multicast packet (6349): 1 [CONTEXT service_id=168 ]
10-20 21:22:18.965  8661  3187 W AOSP-MdnsDiscoveryManag: Error while decoding multicast packet (6350): 1 [CONTEXT service_id=168 ]
10-20 21:22:18.966  8661  3187 W AOSP-MdnsDiscoveryManag: Error while decoding multicast packet (6351): 1 [CONTEXT service_id=168 ]
