10-20 21:22:02.042  1483  1796 D PowerManagerService: UserActivityStateListenerState: 1
10-20 21:22:02.053  1483  6422 D InputDispatcher: Inject motion (8884/2000): action=0x1, time=2555519340000000, f=0x0, d=0 dsdx=1.000000 dtdx=0.000000
10-20 21:22:02.054  1483  1796 I InputDispatcher: Delivering touch to (8615): action: 0x1, f=0x0, d=0, 'ee6bb8 ', t=1 
10-20 21:22:02.054  8615  8615 I ViewRootImpl@8188eb8[MainActivity]: ViewPostIme pointer 1
10-20 21:22:02.055  1483  1528 I GestureDetector: obtain mCurrentMotionEventRaw. action: 1 id: -409455871
10-20 21:22:02.055  1483  1528 I GestureDetector: obtain mCurrentMotionEventRaw. action: 1 id: -409455871
10-20 21:22:02.341  1483  1528 I GestureDetector: handleMessage TAP
10-20 21:22:02.341  1483  1483 I GestureDetector: handleMessage TAP
10-20 21:22:02.483  8615  8649 E IMGMapper: set:488 set: Unset optional value from type SMPTE2086
10-20 21:22:02.484  8615  8649 E IMGMapper: set:488 set: Unset optional value from type CTA861_3
10-20 21:22:02.501  1039  1039 I BufferQueueProducer: [com.cinemamovel/com.cinemamovel.MainActivity$_8615#506300](this:0xb400007a26325838,id:-1,api:0,p:-1,c:1039) queueBuffer: fps=1.98 dur=1514.61 max=515.64 min=499.24
10-20 21:22:02.504   991  1074 I hwcomposer: [HWCDisplay] [Display_0 (type:1)] fps:1.980928,dur:1514.44,max:516.91,min:498.61  
10-20 21:22:02.983  8615  8649 E IMGMapper: set:488 set: Unset optional value from type SMPTE2086
10-20 21:22:02.983  8615  8649 E IMGMapper: set:488 set: Unset optional value from type CTA861_3
10-20 21:22:03.138  2486  2486 I WifiHAL : Get link layer stats
10-20 21:22:03.138  2486  2486 I WifiHAL : GetLinkStatsCommand::create
10-20 21:22:03.138  2486  2486 D android.hardware.wifi@1.0-service-lazy: WifiRequest::create vendor command to iface 38, vendor_id=0x1a11, subcmd=0x1200, res=0
10-20 21:22:03.138  2486  2486 I android.hardware.wifi@1.0-service-lazy: WifiCommand::requestResponse err=-95
10-20 21:22:03.138  2486  2486 I WifiHAL : wifi_get_link_stats: result=-3
10-20 21:22:03.139  1483  2363 E WifiVendorHal: getWifiLinkLayerStats_1_5_Internal(l.1179) failed {.code = ERROR_NOT_SUPPORTED, .description = }
10-20 21:22:03.142  1483  3390 D SemWifiUsabilityStatsMonitor: onWifiUsabilityStats - seqNum 544811, isSameBssidAndFreq true
10-20 21:22:03.143  1483  2437 I SemWifiLinkQualityMonitor: Link Qos query: inf. ms / 0 Mbps
10-20 21:22:03.317   963   963 E audit   : type=1400 audit(1761006123.312:1252239): avc:  denied  { write } for  pid=14401 comm="ThreadPoolForeg" name="traced_producer" dev="tmpfs" ino=11170 scontext=u:r:gmscore_app:s0:c512,c768 tcontext=u:object_r:traced_producer_socket:s0 tclass=sock_file permissive=0 SEPF_SM-A037M_12_0001 unfiltered
10-20 21:22:03.483  8615  8649 E IMGMapper: set:488 set: Unset optional value from type SMPTE2086
10-20 21:22:03.483  8615  8649 E IMGMapper: set:488 set: Unset optional value from type CTA861_3
10-20 21:22:03.499  1039  1039 I SurfaceFlinger: SFWD update time=2555520802500921
10-20 21:22:03.679 14401 14401 D BoundBrokerSvc: onUnbind: Intent { act=com.google.android.gms.backup.GMS_MODULE_RESTORE dat=chimera-action:/... cmp=com.google.android.gms/.chimera.GmsInternalBoundBrokerService }
10-20 21:22:03.755   543   543 D io_stats: !@ 179,0 r 465766254 5659584270 w 80704211 846316008 d 1258364 33785896 f 0 0 iot 231567900 0 th 0 0 0 pt 0 inp 0 0 2555521.058
10-20 21:22:03.981  8615  8649 E IMGMapper: set:488 set: Unset optional value from type SMPTE2086
10-20 21:22:03.982  8615  8649 E IMGMapper: set:488 set: Unset optional value from type CTA861_3
10-20 21:22:03.999  1039  1039 I BufferQueueProducer: [com.cinemamovel/com.cinemamovel.MainActivity$_8615#506300](this:0xb400007a26325838,id:-1,api:0,p:-1,c:1039) queueBuffer: fps=2.00 dur=1497.90 max=499.95 min=498.92
10-20 21:22:04.002   991  1074 I hwcomposer: [HWCDisplay] [Display_0 (type:1)] fps:2.002741,dur:1497.95,max:500.15,min:498.38  
10-20 21:22:04.022  1483  2471 D NetdEventListenerService: DNS Requested by : 475, 11011
10-20 21:22:04.023 24250 24342 D TrafficStats: tagSocket(84) with statsTag=0xffffffff, statsUid=-1
10-20 21:22:04.025  1483  2471 D NetdEventListenerService: DNS Requested by : 475, 11011
10-20 21:22:04.026 24250  5698 D TrafficStats: tagSocket(116) with statsTag=0xffffffff, statsUid=-1
10-20 21:22:04.132  1483  6047 D InputDispatcher: Inject motion (8895/2000): action=0x0, time=2555521435000000, f=0x0, d=0 dsdx=1.000000 dtdx=0.000000
10-20 21:22:04.133  1483  1796 I InputDispatcher: Delivering touch to (2521): action: 0x4, f=0x0, d=0, 'a9cce9e', t=1 
10-20 21:22:04.133  1483  1796 I InputDispatcher: Delivering touch to (8615): action: 0x0, f=0x0, d=0, 'ee6bb8 ', t=1 
10-20 21:22:04.133  1483  1796 D PowerManagerService: [api] userActivityFromNative :  (event: 2 flags: 0 displayId: 0) eventTime = 2555521435
10-20 21:22:04.133  8615  8615 I ViewRootImpl@8188eb8[MainActivity]: ViewPostIme pointer 0
10-20 21:22:04.134  1483  1528 I GestureDetector: obtain mCurrentDownEvent. id: -981728192 caller: com.android.server.wm.SystemGesturesPointerEventListener.onPointerEvent:203 com.android.server.wm.PointerEventDispatcher.onInputEvent:53 android.view.InputEventReceiver.dispatchInputEvent:285 
10-20 21:22:04.135  1483  1528 I GestureDetector: obtain mCurrentDownEvent. id: -981728192 caller: com.android.server.wm.SystemPerformancePointerEventListener.onPointerEvent:89 com.android.server.wm.PointerEventDispatcher.onInputEvent:53 android.view.InputEventReceiver.dispatchInputEvent:285 
10-20 21:22:04.145  1483  6047 D InputDispatcher: Inject motion (8895/2000): action=0x1, time=2555521435000000, f=0x0, d=0 dsdx=1.000000 dtdx=0.000000
10-20 21:22:04.146  1483  1796 I InputDispatcher: Delivering touch to (8615): action: 0x1, f=0x0, d=0, 'ee6bb8 ', t=1 
10-20 21:22:04.146  8615  8615 I ViewRootImpl@8188eb8[MainActivity]: ViewPostIme pointer 1
10-20 21:22:04.146  1483  1528 I GestureDetector: obtain mCurrentMotionEventRaw. action: 1 id: -388437878
10-20 21:22:04.147  1483  1528 I GestureDetector: obtain mCurrentMotionEventRaw. action: 1 id: -388437878
10-20 21:22:04.229  8615  8656 I ReactNativeJS: ---METRICS_JSON_START---
10-20 21:22:04.229  8615  8656 I ReactNativeJS: {
10-20 21:22:04.229  8615  8656 I ReactNativeJS:   "dashboardRenders": 3,
10-20 21:22:04.229  8615  8656 I ReactNativeJS:   "cardRenders": {
10-20 21:22:04.229  8615  8656 I ReactNativeJS:     "13494": 2,
10-20 21:22:04.229  8615  8656 I ReactNativeJS:     "506763": 2,
10-20 21:22:04.229  8615  8656 I ReactNativeJS:     "575265": 2,
10-20 21:22:04.229  8615  8656 I ReactNativeJS:     "617126": 1,
10-20 21:22:04.229  8615  8656 I ReactNativeJS:     "755898": 2,
10-20 21:22:04.229  8615  8656 I ReactNativeJS:     "803796": 2,
10-20 21:22:04.229  8615  8656 I ReactNativeJS:     "911430": 1,
10-20 21:22:04.229  8615  8656 I ReactNativeJS:     "914215": 2,
10-20 21:22:04.229  8615  8656 I ReactNativeJS:     "987400": 2,
10-20 21:22:04.229  8615  8656 I ReactNativeJS:     "993234": 1,
10-20 21:22:04.229  8615  8656 I ReactNativeJS:     "1007734": 2,
10-20 21:22:04.229  8615  8656 I ReactNativeJS:     "1028248": 2,
10-20 21:22:04.229  8615  8656 I ReactNativeJS:     "1035259": 2,
10-20 21:22:04.229  8615  8656 I ReactNativeJS:     "1038392": 2,
10-20 21:22:04.229  8615  8656 I ReactNativeJS:     "1051486": 2,
10-20 21:22:04.229  8615  8656 I ReactNativeJS:     "1061474": 2,
10-20 21:22:04.229  8615  8656 I ReactNativeJS:     "1078605": 2,
10-20 21:22:04.229  8615  8656 I ReactNativeJS:     "1087192": 2,
10-20 21:22:04.229  8615  8656 I ReactNativeJS:     "1234821": 2,
10-20 21:22:04.229  8615  8656 I ReactNativeJS:     "1242011": 1,
10-20 21:22:04.229  8615  8656 I ReactNativeJS:     "1246049": 1,
10-20 21:22:04.229  8615  8656 I ReactNativeJS:     "1265344": 2,
10-20 21:22:04.229  8615  8656 I ReactNativeJS:     "1311031": 2,
10-20 21:22:04.229  8615  8656 I ReactNativeJS:     "1355666": 1,
10-20 21:22:04.229  8615  8656 I ReactNativeJS:     "1369679": 2
10-20 21:22:04.229  8615  8656 I ReactNativeJS:   },
10-20 21:22:04.229  8615  8656 I ReactNativeJS:   "navigationEvents": [
10-20 21:22:04.229  8615  8656 I ReactNativeJS:     {
10-20 21:22:04.229  8615  8656 I ReactNativeJS:       "action": "focus_dashboard",
10-20 21:22:04.229  8615  8656 I ReactNativeJS:       "timestamp": 1761006113360
10-20 21:22:04.229  8615  8656 I ReactNativeJS:     },
10-20 21:22:04.229  8615  8656 I ReactNativeJS:     {
10-20 21:22:04.229  8615  8656 I ReactNativeJS:       "action": "navigate_to_1265344",
10-20 21:22:04.229  8615  8656 I ReactNativeJS:       "timestamp": 1761006124158
10-20 21:22:04.229  8615  8656 I ReactNativeJS:     },
10-20 21:22:04.229  8615  8656 I ReactNativeJS:     {
10-20 21:22:04.229  8615  8656 I ReactNativeJS:       "action": "leave_dashboard",
10-20 21:22:04.229  8615  8656 I ReactNativeJS:       "timestamp": 1761006124228
10-20 21:22:04.229  8615  8656 I ReactNativeJS:     }
10-20 21:22:04.229  8615  8656 I ReactNativeJS:   ]
10-20 21:22:04.229  8615  8656 I ReactNativeJS: }
10-20 21:22:04.229  8615  8656 I ReactNativeJS: ---METRICS_JSON_END---
10-20 21:22:04.265  8615  8615 W [RNScreens]: backTitleVisible prop is not available on Android
10-20 21:22:04.265  8615  8615 W [RNScreens]: backTitleFontFamily prop is not available on Android
10-20 21:22:04.265  8615  8615 W [RNScreens]: disableBackButtonMenu prop is not available on Android
10-20 21:22:04.265  8615  8615 W [RNScreens]: largeTitleFontFamily prop is not available on Android
10-20 21:22:04.266  8615  8615 W [RNScreens]: largeTitleFontWeight prop is not available on Android
10-20 21:22:04.266  8615  8615 W [RNScreens]: largeTitleHideShadow prop is not available on Android
10-20 21:22:04.291  8615  8700 D TrafficStats: tagSocket(90) with statsTag=0xffffffff, statsUid=-1
10-20 21:22:04.292  8615  8649 E IMGMapper: set:488 set: Unset optional value from type SMPTE2086
10-20 21:22:04.293  8615  8649 E IMGMapper: set:488 set: Unset optional value from type CTA861_3
10-20 21:22:04.294  1483  2471 D NetdEventListenerService: DNS Requested by : 475, 10976
10-20 21:22:04.322  2521  2618 D MobileStatusTracker(0/2): onSignalStrengthsChanged level=4, vendorLevel=3
10-20 21:22:04.322  8615  8649 E IMGMapper: set:488 set: Unset optional value from type SMPTE2086
10-20 21:22:04.322  8615  8649 E IMGMapper: set:488 set: Unset optional value from type CTA861_3
10-20 21:22:04.325  2521  2618 D MobileSignalController(0/2): notifyListener: enabled=true, connected=true, dataConnected=true, networkType=LTE (4G), emergencyOnly=false, roaming=false, isDefault=false, dataActivity=, level=3, ca=false, mmWave=false, disabledDataIcon=false, simCard=ETC
10-20 21:22:04.329  2521  2618 D NetworkController: SignalStrength from intent slotId=0
10-20 21:22:04.337  8615  8649 E IMGMapper: set:488 set: Unset optional value from type SMPTE2086
10-20 21:22:04.337  8615  8649 E IMGMapper: set:488 set: Unset optional value from type CTA861_3
10-20 21:22:04.349  8615  8649 E IMGMapper: set:488 set: Unset optional value from type SMPTE2086
10-20 21:22:04.349  8615  8649 E IMGMapper: set:488 set: Unset optional value from type CTA861_3
10-20 21:22:04.367  8615  8649 E IMGMapper: set:488 set: Unset optional value from type SMPTE2086
10-20 21:22:04.368  8615  8649 E IMGMapper: set:488 set: Unset optional value from type CTA861_3
10-20 21:22:04.379  8615  8649 E IMGMapper: set:488 set: Unset optional value from type SMPTE2086
10-20 21:22:04.379  8615  8649 E IMGMapper: set:488 set: Unset optional value from type CTA861_3
10-20 21:22:04.418  8615  8649 E IMGMapper: set:488 set: Unset optional value from type SMPTE2086
10-20 21:22:04.418  8615  8649 E IMGMapper: set:488 set: Unset optional value from type CTA861_3
10-20 21:22:04.431  8615  8649 E IMGMapper: set:488 set: Unset optional value from type SMPTE2086
10-20 21:22:04.431  8615  8649 E IMGMapper: set:488 set: Unset optional value from type CTA861_3
10-20 21:22:04.433  1483  1528 I GestureDetector: handleMessage TAP
10-20 21:22:04.435  1483  1483 I GestureDetector: handleMessage TAP
10-20 21:22:04.444  8615  8649 E IMGMapper: set:488 set: Unset optional value from type SMPTE2086
10-20 21:22:04.445  8615  8649 E IMGMapper: set:488 set: Unset optional value from type CTA861_3
10-20 21:22:04.461  8615  8649 E IMGMapper: set:488 set: Unset optional value from type SMPTE2086
10-20 21:22:04.461  8615  8649 E IMGMapper: set:488 set: Unset optional value from type CTA861_3
10-20 21:22:04.475  8615  8649 E IMGMapper: set:488 set: Unset optional value from type SMPTE2086
10-20 21:22:04.475  8615  8649 E IMGMapper: set:488 set: Unset optional value from type CTA861_3
10-20 21:22:04.499  8615  8649 E IMGMapper: set:488 set: Unset optional value from type SMPTE2086
10-20 21:22:04.500  8615  8649 E IMGMapper: set:488 set: Unset optional value from type CTA861_3
10-20 21:22:04.508  8615  8649 E IMGMapper: set:488 set: Unset optional value from type SMPTE2086
10-20 21:22:04.509  8615  8649 E IMGMapper: set:488 set: Unset optional value from type CTA861_3
10-20 21:22:04.525  8615  8649 E IMGMapper: set:488 set: Unset optional value from type SMPTE2086
10-20 21:22:04.526  8615  8649 E IMGMapper: set:488 set: Unset optional value from type CTA861_3
10-20 21:22:04.541  8615  8649 E IMGMapper: set:488 set: Unset optional value from type SMPTE2086
10-20 21:22:04.542  8615  8649 E IMGMapper: set:488 set: Unset optional value from type CTA861_3
10-20 21:22:04.560  8615  8649 E IMGMapper: set:488 set: Unset optional value from type SMPTE2086
10-20 21:22:04.560  8615  8649 E IMGMapper: set:488 set: Unset optional value from type CTA861_3
10-20 21:22:04.573  8661  8661 D BoundBrokerSvc: onUnbind: Intent { act=com.google.android.gms.common.telemetry.service.START dat=chimera-action:/... cmp=com.google.android.gms/.chimera.PersistentApiService }
10-20 21:22:04.577  8615  8649 E IMGMapper: set:488 set: Unset optional value from type SMPTE2086
10-20 21:22:04.577  8615  8649 E IMGMapper: set:488 set: Unset optional value from type CTA861_3
10-20 21:22:04.591  8615  8649 E IMGMapper: set:488 set: Unset optional value from type SMPTE2086
10-20 21:22:04.591  8615  8649 E IMGMapper: set:488 set: Unset optional value from type CTA861_3
10-20 21:22:04.612  8615  8649 E IMGMapper: set:488 set: Unset optional value from type SMPTE2086
10-20 21:22:04.612  8615  8649 E IMGMapper: set:488 set: Unset optional value from type CTA861_3
10-20 21:22:04.627  8615  8649 E IMGMapper: set:488 set: Unset optional value from type SMPTE2086
10-20 21:22:04.627  8615  8649 E IMGMapper: set:488 set: Unset optional value from type CTA861_3
10-20 21:22:04.644  8615  8649 E IMGMapper: set:488 set: Unset optional value from type SMPTE2086
10-20 21:22:04.644  8615  8649 E IMGMapper: set:488 set: Unset optional value from type CTA861_3
10-20 21:22:04.660  8615  8649 E IMGMapper: set:488 set: Unset optional value from type SMPTE2086
10-20 21:22:04.660  8615  8649 E IMGMapper: set:488 set: Unset optional value from type CTA861_3
10-20 21:22:04.676  8615  8649 E IMGMapper: set:488 set: Unset optional value from type SMPTE2086
10-20 21:22:04.676  8615  8649 E IMGMapper: set:488 set: Unset optional value from type CTA861_3
10-20 21:22:04.693  8615  8649 E IMGMapper: set:488 set: Unset optional value from type SMPTE2086
10-20 21:22:04.693  8615  8649 E IMGMapper: set:488 set: Unset optional value from type CTA861_3
10-20 21:22:04.710  8615  8649 E IMGMapper: set:488 set: Unset optional value from type SMPTE2086
10-20 21:22:04.710  8615  8649 E IMGMapper: set:488 set: Unset optional value from type CTA861_3
10-20 21:22:04.728  8615  8649 E IMGMapper: set:488 set: Unset optional value from type SMPTE2086
10-20 21:22:04.728  8615  8649 E IMGMapper: set:488 set: Unset optional value from type CTA861_3
10-20 21:22:04.744  8615  8649 E IMGMapper: set:488 set: Unset optional value from type SMPTE2086
10-20 21:22:04.744  8615  8649 E IMGMapper: set:488 set: Unset optional value from type CTA861_3
10-20 21:22:04.760  8615  8649 E IMGMapper: set:488 set: Unset optional value from type SMPTE2086
10-20 21:22:04.760  8615  8649 E IMGMapper: set:488 set: Unset optional value from type CTA861_3
10-20 21:22:04.778  8615  8649 E IMGMapper: set:488 set: Unset optional value from type SMPTE2086
10-20 21:22:04.778  8615  8649 E IMGMapper: set:488 set: Unset optional value from type CTA861_3
10-20 21:22:04.786  8615  8615 I IMM_LC  : closeCurrentInput: mService.hideSoftInput
10-20 21:22:04.786  1483  6422 D InputMethodManagerService: hideSoftInput
10-20 21:22:04.786  1483  6422 V InputMethodManagerService: Client requesting input be hidden
10-20 21:22:04.786  1483  6422 V InputMethodManagerService: hideCurrentInputLocked : canceled, shouldHideSoftInput=false, mInputShown=false, mImeWindowVis=0
10-20 21:22:04.787  1483  6422 I InputMethodBindingController: setCurrentMethodNotVisible: mVisibleBound=false, mHasConnection=true, caller = com.android.server.inputmethod.InputMethodManagerService.hideCurrentInputLocked:4356 com.android.server.inputmethod.InputMethodManagerService.hideSoftInput:4294 com.android.internal.view.IInputMethodManager$Stub.onTransact:488 com.android.server.inputmethod.InputMethodManagerService.onTransact:2302 android.os.Binder.execTransactInternal:1316 android.os.Binder.execTransact:1280 <bottom of call stack> <bottom of call stack> <bottom of call stack> <bottom of call stack> 
10-20 21:22:04.789  8615  8649 E IMGMapper: set:488 set: Unset optional value from type SMPTE2086
10-20 21:22:04.789  8615  8649 E IMGMapper: set:488 set: Unset optional value from type CTA861_3
10-20 21:22:04.807  8615  8649 E IMGMapper: set:488 set: Unset optional value from type SMPTE2086
10-20 21:22:04.807  8615  8649 E IMGMapper: set:488 set: Unset optional value from type CTA861_3
10-20 21:22:04.824  8615  8649 E IMGMapper: set:488 set: Unset optional value from type SMPTE2086
10-20 21:22:04.824  8615  8649 E IMGMapper: set:488 set: Unset optional value from type CTA861_3
10-20 21:22:04.840  8615  8649 E IMGMapper: set:488 set: Unset optional value from type SMPTE2086
10-20 21:22:04.840  8615  8649 E IMGMapper: set:488 set: Unset optional value from type CTA861_3
10-20 21:22:04.851  1483  2457 D WifiConnectivityMonitor.NetworkStatsAnalyzer: Backhaul result - RSSI:-62, CE:16, PE:15, TI:20, PTI:19, TW:66, PTW:66, Tx:5421, Rx:3016, TxS:5391, RxS:3004, RESULT:true, IC:0, ICT:5, WC:0, WCT:5, R:6, RC:0, IE:0, EC:0
10-20 21:22:04.856  8615  8649 E IMGMapper: set:488 set: Unset optional value from type SMPTE2086
10-20 21:22:04.856  8615  8649 E IMGMapper: set:488 set: Unset optional value from type CTA861_3
10-20 21:22:04.872  8615  8649 E IMGMapper: set:488 set: Unset optional value from type SMPTE2086
10-20 21:22:04.872  8615  8649 E IMGMapper: set:488 set: Unset optional value from type CTA861_3
10-20 21:22:04.889  8615  8649 E IMGMapper: set:488 set: Unset optional value from type SMPTE2086
10-20 21:22:04.889  8615  8649 E IMGMapper: set:488 set: Unset optional value from type CTA861_3
10-20 21:22:04.908  8615  8649 E IMGMapper: set:488 set: Unset optional value from type SMPTE2086
10-20 21:22:04.908  8615  8649 E IMGMapper: set:488 set: Unset optional value from type CTA861_3
10-20 21:22:04.924  8615  8649 E IMGMapper: set:488 set: Unset optional value from type SMPTE2086
10-20 21:22:04.924  8615  8649 E IMGMapper: set:488 set: Unset optional value from type CTA861_3
10-20 21:22:04.939  8615  8649 E IMGMapper: set:488 set: Unset optional value from type SMPTE2086
10-20 21:22:04.939  8615  8649 E IMGMapper: set:488 set: Unset optional value from type CTA861_3
10-20 21:22:04.955  8615  8649 E IMGMapper: set:488 set: Unset optional value from type SMPTE2086
10-20 21:22:04.955  8615  8649 E IMGMapper: set:488 set: Unset optional value from type CTA861_3
10-20 21:22:04.972  8615  8649 E IMGMapper: set:488 set: Unset optional value from type SMPTE2086
10-20 21:22:04.972  8615  8649 E IMGMapper: set:488 set: Unset optional value from type CTA861_3
10-20 21:22:04.989  8615  8649 E IMGMapper: set:488 set: Unset optional value from type SMPTE2086
10-20 21:22:04.990  8615  8649 E IMGMapper: set:488 set: Unset optional value from type CTA861_3
10-20 21:22:05.006  8615  8649 E IMGMapper: set:488 set: Unset optional value from type SMPTE2086
10-20 21:22:05.006  8615  8649 E IMGMapper: set:488 set: Unset optional value from type CTA861_3
10-20 21:22:05.014  1039  1039 I BufferQueueProducer: [com.cinemamovel/com.cinemamovel.MainActivity$_8615#506300](this:0xb400007a26325838,id:-1,api:0,p:-1,c:1039) queueBuffer: fps=41.37 dur=1015.30 max=299.85 min=16.06
10-20 21:22:05.016   991  1074 I hwcomposer: [HWCDisplay] [Display_0 (type:1)] fps:41.422188,dur:1013.95,max:299.56,min:15.14  
10-20 21:22:05.023  8615  8649 E IMGMapper: set:488 set: Unset optional value from type SMPTE2086
10-20 21:22:05.023  8615  8649 E IMGMapper: set:488 set: Unset optional value from type CTA861_3
10-20 21:22:05.028  8615  8615 D ScrollView: initGoToTop
10-20 21:22:05.038  8615  8649 E IMGMapper: set:488 set: Unset optional value from type SMPTE2086
10-20 21:22:05.038  8615  8649 E IMGMapper: set:488 set: Unset optional value from type CTA861_3
10-20 21:22:05.054  8615  8649 E IMGMapper: set:488 set: Unset optional value from type SMPTE2086
10-20 21:22:05.054  8615  8649 E IMGMapper: set:488 set: Unset optional value from type CTA861_3
10-20 21:22:05.085  8615  8649 E IMGMapper: set:488 set: Unset optional value from type SMPTE2086
10-20 21:22:05.085  8615  8649 E IMGMapper: set:488 set: Unset optional value from type CTA861_3
10-20 21:22:05.154  8615  8830 D skia    : SkJpegCodec::onGetPixels +
10-20 21:22:05.169  8615  8830 D skia    : SkJpegCodec::onGetPixels -
10-20 21:22:05.187  8615  8649 E IMGMapper: set:488 set: Unset optional value from type SMPTE2086
10-20 21:22:05.187  8615  8649 E IMGMapper: set:488 set: Unset optional value from type CTA861_3
10-20 21:22:05.210  8615  8649 E IMGMapper: set:488 set: Unset optional value from type SMPTE2086
10-20 21:22:05.210  8615  8649 E IMGMapper: set:488 set: Unset optional value from type CTA861_3
10-20 21:22:05.219  8615  8649 E IMGMapper: set:488 set: Unset optional value from type SMPTE2086
10-20 21:22:05.219  8615  8649 E IMGMapper: set:488 set: Unset optional value from type CTA861_3
10-20 21:22:05.238  8615  8649 E IMGMapper: set:488 set: Unset optional value from type SMPTE2086
10-20 21:22:05.238  8615  8649 E IMGMapper: set:488 set: Unset optional value from type CTA861_3
10-20 21:22:05.253  8615  8649 E IMGMapper: set:488 set: Unset optional value from type SMPTE2086
10-20 21:22:05.253  8615  8649 E IMGMapper: set:488 set: Unset optional value from type CTA861_3
10-20 21:22:05.267   986 29841 D [BT]    : mtk_bt_op: BT_VND_OP_LPM_WAKE_SET_STATE
10-20 21:22:05.271  8615  8649 E IMGMapper: set:488 set: Unset optional value from type SMPTE2086
10-20 21:22:05.271  8615  8649 E IMGMapper: set:488 set: Unset optional value from type CTA861_3
10-20 21:22:05.288  8615  8649 E IMGMapper: set:488 set: Unset optional value from type SMPTE2086
10-20 21:22:05.288  8615  8649 E IMGMapper: set:488 set: Unset optional value from type CTA861_3
10-20 21:22:05.304  8615  8649 E IMGMapper: set:488 set: Unset optional value from type SMPTE2086
10-20 21:22:05.304  8615  8649 E IMGMapper: set:488 set: Unset optional value from type CTA861_3
10-20 21:22:05.321  8615  8649 E IMGMapper: set:488 set: Unset optional value from type SMPTE2086
10-20 21:22:05.321  8615  8649 E IMGMapper: set:488 set: Unset optional value from type CTA861_3
10-20 21:22:05.336  8615  8649 E IMGMapper: set:488 set: Unset optional value from type SMPTE2086
10-20 21:22:05.336  8615  8649 E IMGMapper: set:488 set: Unset optional value from type CTA861_3
10-20 21:22:05.349  2799  3039 D PhoneInterfaceManager: setDataEnabledForReason() Reason=1 Pid=1483 App=system
10-20 21:22:05.354  8615  8649 E IMGMapper: set:488 set: Unset optional value from type SMPTE2086
10-20 21:22:05.354  8615  8649 E IMGMapper: set:488 set: Unset optional value from type CTA861_3
10-20 21:22:05.355  2799  3039 D PhoneInterfaceManager: setDataEnabledForReason() Reason=1 Pid=1483 App=system
10-20 21:22:05.370  8615  8649 E IMGMapper: set:488 set: Unset optional value from type SMPTE2086
10-20 21:22:05.370  8615  8649 E IMGMapper: set:488 set: Unset optional value from type CTA861_3
10-20 21:22:05.387  8615  8649 E IMGMapper: set:488 set: Unset optional value from type SMPTE2086
10-20 21:22:05.387  8615  8649 E IMGMapper: set:488 set: Unset optional value from type CTA861_3
10-20 21:22:05.405  8615  8649 E IMGMapper: set:488 set: Unset optional value from type SMPTE2086
10-20 21:22:05.405  8615  8649 E IMGMapper: set:488 set: Unset optional value from type CTA861_3
10-20 21:22:05.423  8615  8649 E IMGMapper: set:488 set: Unset optional value from type SMPTE2086
10-20 21:22:05.423  8615  8649 E IMGMapper: set:488 set: Unset optional value from type CTA861_3
10-20 21:22:05.423  2521  2618 D MobileStatusTracker(1/1): onSignalStrengthsChanged level=4, vendorLevel=4
10-20 21:22:05.427  2521  2618 D MobileSignalController(1/1): notifyListener: enabled=true, connected=true, dataConnected=false, networkType=UMTS (3G), emergencyOnly=true, roaming=false, isDefault=false, dataActivity=, level=4, ca=false, mmWave=false, disabledDataIcon=false, simCard=ETC
10-20 21:22:05.428  2521  2618 D NetworkController: SignalStrength from intent slotId=1
10-20 21:22:05.433  1483  1755 D SensorService: [SO] 0.090 1.533 9.855
10-20 21:22:05.438  8615  8649 E IMGMapper: set:488 set: Unset optional value from type SMPTE2086
10-20 21:22:05.438  8615  8649 E IMGMapper: set:488 set: Unset optional value from type CTA861_3
10-20 21:22:05.455  8615  8649 E IMGMapper: set:488 set: Unset optional value from type SMPTE2086
10-20 21:22:05.455  8615  8649 E IMGMapper: set:488 set: Unset optional value from type CTA861_3
10-20 21:22:05.473  8615  8649 E IMGMapper: set:488 set: Unset optional value from type SMPTE2086
10-20 21:22:05.473  8615  8649 E IMGMapper: set:488 set: Unset optional value from type CTA861_3
10-20 21:22:05.488  8615  8649 E IMGMapper: set:488 set: Unset optional value from type SMPTE2086
10-20 21:22:05.488  8615  8649 E IMGMapper: set:488 set: Unset optional value from type CTA861_3
10-20 21:22:05.508  8615  8649 E IMGMapper: set:488 set: Unset optional value from type SMPTE2086
10-20 21:22:05.508  8615  8649 E IMGMapper: set:488 set: Unset optional value from type CTA861_3
10-20 21:22:05.600  2521  2618 D MobileStatusTracker(0/2): onSignalStrengthsChanged level=4, vendorLevel=3
10-20 21:22:05.603  2521  2618 D MobileSignalController(0/2): notifyListener: enabled=true, connected=true, dataConnected=true, networkType=LTE (4G), emergencyOnly=false, roaming=false, isDefault=false, dataActivity=, level=3, ca=false, mmWave=false, disabledDataIcon=false, simCard=ETC
10-20 21:22:05.606  2521  2618 D NetworkController: SignalStrength from intent slotId=0
10-20 21:22:05.759   543   543 D io_stats: !@ 179,0 r 465766279 5659584498 w 80704314 846316584 d 1258364 33785896 f 0 0 iot 231567992 0 th 0 0 0 pt 0 inp 0 0 2555523.062
10-20 21:22:06.052  1483  2471 D NetdEventListenerService: DNS Requested by : 475, 11011
10-20 21:22:06.053 24250 24342 D TrafficStats: tagSocket(6) with statsTag=0xffffffff, statsUid=-1
10-20 21:22:06.054 24250  5698 D TrafficStats: tagSocket(84) with statsTag=0xffffffff, statsUid=-1
10-20 21:22:06.148  2486  2486 I WifiHAL : Get link layer stats
10-20 21:22:06.149  2486  2486 I WifiHAL : GetLinkStatsCommand::create
10-20 21:22:06.149  2486  2486 D android.hardware.wifi@1.0-service-lazy: WifiRequest::create vendor command to iface 38, vendor_id=0x1a11, subcmd=0x1200, res=0
10-20 21:22:06.149  2486  2486 I android.hardware.wifi@1.0-service-lazy: WifiCommand::requestResponse err=-95
10-20 21:22:06.149  2486  2486 I WifiHAL : wifi_get_link_stats: result=-3
10-20 21:22:06.151  1483  2363 E WifiVendorHal: getWifiLinkLayerStats_1_5_Internal(l.1179) failed {.code = ERROR_NOT_SUPPORTED, .description = }
10-20 21:22:06.158  1483  3390 D SemWifiUsabilityStatsMonitor: onWifiUsabilityStats - seqNum 544812, isSameBssidAndFreq true
10-20 21:22:06.160  1483  2437 I SemWifiLinkQualityMonitor: Link Qos query: inf. ms / 0 Mbps
10-20 21:22:06.225  1483  6422 D InputDispatcher: Inject key (8909/2000): action=0, f=0x0, d=-1, time=2555523527000000
10-20 21:22:06.225  1483  6422 D WindowManager: interceptKeyTq keycode=4 interactive=true keyguardActive=false policyFlags=2b000000
10-20 21:22:06.227  1483  6422 D PhoneWindowManagerExt: interceptKeyTq code=4 down=true repeatCount=0 displayId=-1 interactive=true
10-20 21:22:06.227  1483  6422 D WindowManager: interceptKeyTq interceptKeyResult=4
10-20 21:22:06.227  1483  1796 D PowerManagerService: [api] userActivityFromNative :  (event: 1 flags: 0 displayId: 0) eventTime = 2555523527
10-20 21:22:06.228  1483  1796 D WindowManager: interceptKeyTi keyCode=4 down=true repeatCount=0 keyguardOn=false canceled=false
10-20 21:22:06.228  1483  1796 D PhoneWindowManagerExt: interceptKeyTi code=4 down=true repeatCount=0 displayId=-1 interactive=true
10-20 21:22:06.231  1483  1796 I InputDispatcher: Delivering key to (8615): B action: 0x0 (0), f=0x0, m=0x0, d=0, 'ee6bb8 '
10-20 21:22:06.232  5125  5125 I HBD     : b skip onKeyDown as physical keyboard not connected 
10-20 21:22:06.232  5125  5125 I HBD     : HoneyBoardService onKeyDown r:1497d1e7 consumed:false 0 
10-20 21:22:06.233  8615  8615 I ViewRootImpl@8188eb8[MainActivity]: ViewPostIme key 0
10-20 21:22:06.234  8615  8615 D Activity: onKeyDown(KEYCODE_BACK)
10-20 21:22:06.234  1483  6422 D InputDispatcher: Inject key (8909/2000): action=1, f=0x0, d=-1, time=2555523527000000
10-20 21:22:06.234  1483  6422 D WindowManager: interceptKeyTq keycode=4 interactive=true keyguardActive=false policyFlags=2b000000
10-20 21:22:06.234  1483  6422 D PhoneWindowManagerExt: interceptKeyTq code=4 down=false repeatCount=0 displayId=-1 interactive=true
10-20 21:22:06.234  1483  6422 D WindowManager: interceptKeyTq interceptKeyResult=4
10-20 21:22:06.235  1483  1796 D WindowManager: interceptKeyTi keyCode=4 down=false repeatCount=0 keyguardOn=false canceled=false
10-20 21:22:06.235  1483  1796 D PhoneWindowManagerExt: interceptKeyTi code=4 down=false repeatCount=0 displayId=-1 interactive=true
10-20 21:22:06.235  1483  1796 I InputDispatcher: Delivering key to (8615): B action: 0x1 (0), f=0x0, m=0x0, d=0, 'ee6bb8 '
10-20 21:22:06.236  5125  5125 I HBD     : HoneyBoardService onKeyUp r:c1acd2c6 consumed:false 0 
10-20 21:22:06.237  8615  8615 I ViewRootImpl@8188eb8[MainActivity]: ViewPostIme key 1
10-20 21:22:06.238  8615  8615 D Activity: onKeyUp(KEYCODE_BACK) isTracking()=true isCanceled()=false hasCallback=false
10-20 21:22:06.314  8615  8649 E IMGMapper: set:488 set: Unset optional value from type SMPTE2086
10-20 21:22:06.314  8615  8649 E IMGMapper: set:488 set: Unset optional value from type CTA861_3
10-20 21:22:06.329  1039  1039 I BufferQueueProducer: [com.cinemamovel/com.cinemamovel.MainActivity$_8615#506300](this:0xb400007a26325838,id:-1,api:0,p:-1,c:1039) queueBuffer: fps=19.78 dur=1314.73 max=815.50 min=16.05
10-20 21:22:06.331   991  1074 I hwcomposer: [HWCDisplay] [Display_0 (type:1)] fps:19.775921,dur:1314.73,max:815.59,min:15.80  
10-20 21:22:06.394  8615  8649 E IMGMapper: set:488 set: Unset optional value from type SMPTE2086
10-20 21:22:06.394  8615  8649 E IMGMapper: set:488 set: Unset optional value from type CTA861_3
10-20 21:22:06.403  8615  8649 E IMGMapper: set:488 set: Unset optional value from type SMPTE2086
10-20 21:22:06.403  8615  8649 E IMGMapper: set:488 set: Unset optional value from type CTA861_3
10-20 21:22:06.425  8615  8649 E IMGMapper: set:488 set: Unset optional value from type SMPTE2086
10-20 21:22:06.425  8615  8649 E IMGMapper: set:488 set: Unset optional value from type CTA861_3
10-20 21:22:06.450  8615  8649 E IMGMapper: set:488 set: Unset optional value from type SMPTE2086
10-20 21:22:06.450  8615  8649 E IMGMapper: set:488 set: Unset optional value from type CTA861_3
10-20 21:22:06.466  8615  8649 E IMGMapper: set:488 set: Unset optional value from type SMPTE2086
10-20 21:22:06.466  8615  8649 E IMGMapper: set:488 set: Unset optional value from type CTA861_3
10-20 21:22:06.476  8615  8649 E IMGMapper: set:488 set: Unset optional value from type SMPTE2086
10-20 21:22:06.476  8615  8649 E IMGMapper: set:488 set: Unset optional value from type CTA861_3
10-20 21:22:06.489  8615  8649 E IMGMapper: set:488 set: Unset optional value from type SMPTE2086
10-20 21:22:06.491  8615  8649 E IMGMapper: set:488 set: Unset optional value from type CTA861_3
10-20 21:22:06.505  8615  8649 E IMGMapper: set:488 set: Unset optional value from type SMPTE2086
10-20 21:22:06.505  8615  8649 E IMGMapper: set:488 set: Unset optional value from type CTA861_3
10-20 21:22:06.524  8615  8649 E IMGMapper: set:488 set: Unset optional value from type SMPTE2086
10-20 21:22:06.524  8615  8649 E IMGMapper: set:488 set: Unset optional value from type CTA861_3
10-20 21:22:06.540  8615  8649 E IMGMapper: set:488 set: Unset optional value from type SMPTE2086
10-20 21:22:06.540  8615  8649 E IMGMapper: set:488 set: Unset optional value from type CTA861_3
10-20 21:22:06.556  8615  8649 E IMGMapper: set:488 set: Unset optional value from type SMPTE2086
10-20 21:22:06.556  8615  8649 E IMGMapper: set:488 set: Unset optional value from type CTA861_3
10-20 21:22:06.572  8615  8649 E IMGMapper: set:488 set: Unset optional value from type SMPTE2086
10-20 21:22:06.572  8615  8649 E IMGMapper: set:488 set: Unset optional value from type CTA861_3
10-20 21:22:06.589  8615  8649 E IMGMapper: set:488 set: Unset optional value from type SMPTE2086
10-20 21:22:06.589  8615  8649 E IMGMapper: set:488 set: Unset optional value from type CTA861_3
10-20 21:22:06.605  8615  8649 E IMGMapper: set:488 set: Unset optional value from type SMPTE2086
10-20 21:22:06.605  8615  8649 E IMGMapper: set:488 set: Unset optional value from type CTA861_3
10-20 21:22:06.622  8615  8649 E IMGMapper: set:488 set: Unset optional value from type SMPTE2086
10-20 21:22:06.622  8615  8649 E IMGMapper: set:488 set: Unset optional value from type CTA861_3
10-20 21:22:06.630  1483  6047 D CustomizedBinderCallsStatsInternal: reportCpuUsage() : 3%
10-20 21:22:06.631  1483  1554 I BinderCallsStats: Collected cpu time : 0us, collected call count : 0 for 60140 ms
10-20 21:22:06.640  8615  8649 E IMGMapper: set:488 set: Unset optional value from type SMPTE2086
10-20 21:22:06.640  8615  8649 E IMGMapper: set:488 set: Unset optional value from type CTA861_3
10-20 21:22:06.656  8615  8649 E IMGMapper: set:488 set: Unset optional value from type SMPTE2086
10-20 21:22:06.656  8615  8649 E IMGMapper: set:488 set: Unset optional value from type CTA861_3
10-20 21:22:06.672  8615  8649 E IMGMapper: set:488 set: Unset optional value from type SMPTE2086
10-20 21:22:06.672  8615  8649 E IMGMapper: set:488 set: Unset optional value from type CTA861_3
10-20 21:22:06.690  8615  8649 E IMGMapper: set:488 set: Unset optional value from type SMPTE2086
10-20 21:22:06.690  8615  8649 E IMGMapper: set:488 set: Unset optional value from type CTA861_3
10-20 21:22:06.705  8615  8649 E IMGMapper: set:488 set: Unset optional value from type SMPTE2086
10-20 21:22:06.705  8615  8649 E IMGMapper: set:488 set: Unset optional value from type CTA861_3
10-20 21:22:06.723  8615  8649 E IMGMapper: set:488 set: Unset optional value from type SMPTE2086
10-20 21:22:06.723  8615  8649 E IMGMapper: set:488 set: Unset optional value from type CTA861_3
10-20 21:22:06.740  8615  8649 E IMGMapper: set:488 set: Unset optional value from type SMPTE2086
10-20 21:22:06.740  8615  8649 E IMGMapper: set:488 set: Unset optional value from type CTA861_3
10-20 21:22:06.756  8615  8649 E IMGMapper: set:488 set: Unset optional value from type SMPTE2086
10-20 21:22:06.756  8615  8649 E IMGMapper: set:488 set: Unset optional value from type CTA861_3
10-20 21:22:06.772  8615  8649 E IMGMapper: set:488 set: Unset optional value from type SMPTE2086
10-20 21:22:06.772  8615  8649 E IMGMapper: set:488 set: Unset optional value from type CTA861_3
10-20 21:22:06.790  8615  8649 E IMGMapper: set:488 set: Unset optional value from type SMPTE2086
10-20 21:22:06.790  8615  8649 E IMGMapper: set:488 set: Unset optional value from type CTA861_3
10-20 21:22:06.806  8615  8649 E IMGMapper: set:488 set: Unset optional value from type SMPTE2086
10-20 21:22:06.806  8615  8649 E IMGMapper: set:488 set: Unset optional value from type CTA861_3
10-20 21:22:06.823  8615  8649 E IMGMapper: set:488 set: Unset optional value from type SMPTE2086
10-20 21:22:06.823  8615  8649 E IMGMapper: set:488 set: Unset optional value from type CTA861_3
10-20 21:22:06.839  8615  8649 E IMGMapper: set:488 set: Unset optional value from type SMPTE2086
10-20 21:22:06.839  8615  8649 E IMGMapper: set:488 set: Unset optional value from type CTA861_3
10-20 21:22:06.858  8615  8649 E IMGMapper: set:488 set: Unset optional value from type SMPTE2086
10-20 21:22:06.858  8615  8649 E IMGMapper: set:488 set: Unset optional value from type CTA861_3
10-20 21:22:06.874  2521  2618 D MobileStatusTracker(0/2): onSignalStrengthsChanged level=4, vendorLevel=3
10-20 21:22:06.876  2521  2618 D MobileSignalController(0/2): notifyListener: enabled=true, connected=true, dataConnected=true, networkType=LTE (4G), emergencyOnly=false, roaming=false, isDefault=false, dataActivity=, level=3, ca=false, mmWave=false, disabledDataIcon=false, simCard=ETC
10-20 21:22:06.879  8615  8649 E IMGMapper: set:488 set: Unset optional value from type SMPTE2086
10-20 21:22:06.879  8615  8649 E IMGMapper: set:488 set: Unset optional value from type CTA861_3
10-20 21:22:06.880  2521  2618 D NetworkController: SignalStrength from intent slotId=0
10-20 21:22:06.890  8615  8649 E IMGMapper: set:488 set: Unset optional value from type SMPTE2086
10-20 21:22:06.890  8615  8649 E IMGMapper: set:488 set: Unset optional value from type CTA861_3
10-20 21:22:06.977  1205  1205 I thermal_repeater: socket -1
10-20 21:22:07.131  4441  4441 I wpa_supplicant: Heartbeat 1316
10-20 21:22:07.135  1483  1583 D PowerManagerService: UserActivityStateListenerState: 0
10-20 21:22:07.476  8703  8774 I Bugle   : BugleStartup: Registering SIM change receiver...
10-20 21:22:07.479  8703  8774 I Bugle   : BugleStartup: Updating app config...
10-20 21:22:07.482  1483  1502 D PackageManager: setEnabledSetting : userId = 0 packageName = com.google.android.apps.messaging cmp = com.google.android.apps.messaging.shared.receiver.SmsReceiver newState = 2 callingPackage = 10201/com.google.android.apps.messaging
10-20 21:22:07.486  1483  1502 D PackageManager: setEnabledSetting : userId = 0 packageName = com.google.android.apps.messaging cmp = com.google.android.apps.messaging.shared.receiver.TelephonyChangeReceiver newState = 1 callingPackage = 10201/com.google.android.apps.messaging
10-20 21:22:07.488  1483  1502 D ApplicationPolicy: getApplicationStateEnabled : pkg = com.google.android.apps.messaging userId : 0
10-20 21:22:07.490  1483  1502 D ApplicationPolicy: getApplicationComponentState : pkg = com.google.android.apps.messaging userId : 0
10-20 21:22:07.494  1483  6422 D PackageManager: setEnabledSetting : userId = 0 packageName = com.google.android.apps.messaging cmp = com.google.android.apps.messaging.shared.receiver.DefaultSmsPackageChangedReceiver newState = 1 callingPackage = 10201/com.google.android.apps.messaging
10-20 21:22:07.495  1483  6422 D ApplicationPolicy: getApplicationStateEnabled : pkg = com.google.android.apps.messaging userId : 0
10-20 21:22:07.496  1483  6422 D ApplicationPolicy: getApplicationComponentState : pkg = com.google.android.apps.messaging userId : 0
10-20 21:22:07.500  1483  1502 D PackageManager: setEnabledSetting : userId = 0 packageName = com.google.android.apps.messaging cmp = com.google.android.apps.messaging.shared.receiver.RestoreReceiver newState = 1 callingPackage = 10201/com.google.android.apps.messaging
10-20 21:22:07.501  1483  1502 D ApplicationPolicy: getApplicationStateEnabled : pkg = com.google.android.apps.messaging userId : 0
10-20 21:22:07.502  1483  1502 D ApplicationPolicy: getApplicationComponentState : pkg = com.google.android.apps.messaging userId : 0
10-20 21:22:07.505  1483  6422 D PackageManager: setEnabledSetting : userId = 0 packageName = com.google.android.apps.messaging cmp = com.google.android.apps.messaging.shared.receiver.SmsRejectedReceiver newState = 2 callingPackage = 10201/com.google.android.apps.messaging
10-20 21:22:07.509  1483  1502 D PackageManager: setEnabledSetting : userId = 0 packageName = com.google.android.apps.messaging cmp = com.google.android.apps.messaging.ui.conversationlist.VideoShareIntentActivity newState = 1 callingPackage = 10201/com.google.android.apps.messaging
10-20 21:22:07.510  1483  1502 D ApplicationPolicy: getApplicationStateEnabled : pkg = com.google.android.apps.messaging userId : 0
10-20 21:22:07.511  1483  1502 D ApplicationPolicy: getApplicationComponentState : pkg = com.google.android.apps.messaging userId : 0
10-20 21:22:07.513  8703  8774 I Bugle   : BugleStartup: Done with SIM change receiver & app config.
10-20 21:22:07.514  8703  8774 I Bugle   : BugleStartup: Handling shared prefs upgrade & Load MMS Configuration...
10-20 21:22:07.536  8703  8753 I BugleRcsEngine: Unexpected action: android.intent.action.SIM_STATE_CHANGED [CONTEXT log_prefix="(Sim)" thread_id=7457 ]
10-20 21:22:07.537  8703  8753 I BugleRcsEngine: Unexpected action: android.intent.action.ACTION_DEFAULT_VOICE_SUBSCRIPTION_CHANGED [CONTEXT log_prefix="(Sim)" thread_id=7457 ]
10-20 21:22:07.541  8703  8774 I Bugle   : BugleStartup: Initializing RCS availability...
10-20 21:22:07.542  8703  8915 I BugleRcsEngine: do not delay first event [CONTEXT thread_id=7491 ]
10-20 21:22:07.546  8703  8774 I Bugle   : BugleStartup: Done with RCS availability.
10-20 21:22:07.546  8703  8785 I RcsProvisioningFlow: Received intent action: android.intent.action.SIM_STATE_CHANGED with extra SIM_STATE: LOADED
10-20 21:22:07.547  8703  8774 I Bugle   : BugleStartup: Done initializing with enabled individual init failures.
10-20 21:22:07.548  8703  8785 I RcsProvisioningFlow: Sending sim state update work request to scheduler due to LOADED.
10-20 21:22:07.548  8703  8767 I BugleDataModel: ActionExecutorImpl: ACTION_EXECUTE_QUEUED_CountryCodeDetectorAction
10-20 21:22:07.548  8703  8765 I BugleDataModel: ExecuteActionRunnable: running action CountryCodeDetectorAction
10-20 21:22:07.550  8703  8765 I BugleDataModel: ActionExecutorImpl: ACTION_BACKGROUND_QUEUED_CountryCodeDetectorAction
10-20 21:22:07.562  8703  8760 I BugleDataModel: Scheduling country code detector action, because a subscription changed its state.
10-20 21:22:07.562  8703  8786 I Bugle   : CountryCodeDetector: updateSmsNetworkCountry from default subscription network country. detected country: br
10-20 21:22:07.563  8703  8762 I BugleRcsEngine: Cannot use CS.apk as it's battery optimized [CONTEXT thread_id=7464 ]
10-20 21:22:07.564  8703  8786 I BugleDataModel: ActionExecutorImpl: ACTION_RESPONSE_QUEUED_CountryCodeDetectorAction
10-20 21:22:07.565  8703  8760 I BugleDataModel: Scheduling self participants refresh action, because a subscription changed its state.
10-20 21:22:07.568  8703  8915 I BugleRcsEngine: Processing an intent [CONTEXT log_prefix="(Sim)" thread_id=7491 ]
10-20 21:22:07.570  8703  8915 I BugleRcsEngine: SIM state LOADED [CONTEXT log_prefix="(Sim)" thread_id=7491 ]
10-20 21:22:07.581  8703  8774 I RcsProvisioningFlow: Beginning update task for phone SIMs state scheduledAt: 2025-10-21T00:22:07.550Z
10-20 21:22:07.582  8703  8785 I RcsProvisioningFlow: Scheduling 3 using PWQ with updateTrigger: 6, scheduledAt: 2025-10-21T00:22:07.549Z, initialDelaySeconds: 0.
10-20 21:22:07.583  8703  8915 I BugleRcsEngine: SIM changed: false. current id: redacted-pii:sim_id[chars:20,last3:411]; stored id: redacted-pii:sim_id[chars:20,last3:411]; isFiDevice: false; subId: 2; slotIndex: 0 [CONTEXT log_prefix="(Sim)" thread_id=7491 ]
10-20 21:22:07.591  8703  8774 I RcsProvisioningFlow: Lock acquired for updatng phone SIMs state with update trigger: 1.
10-20 21:22:07.598  8703  8774 I BugleSimStateTracker: Looking up Fi through package names.
10-20 21:22:07.600  8703  8916 W Bugle   : BuglePhoneNumberUtils: canonicalizeMccMnc: invalid mccmnc. mcc: null, mnc: null
10-20 21:22:07.621  8703  8774 I BugleSimStateTracker: default call SIM: redacted-pii:sim_id[chars:20,last3:411], default sms SIM redacted-pii:sim_id[chars:20,last3:411]. default data SIM redacted-pii:sim_id[chars:20,last3:411].
10-20 21:22:07.631  8703  8785 I RcsProvisioningFlow: Received intent action: android.telephony.action.DEFAULT_SUBSCRIPTION_CHANGED with extra SIM_STATE: null
10-20 21:22:07.633  8703  8785 I RcsProvisioningFlow: Scheduling 3 using PWQ with updateTrigger: 4, scheduledAt: 2025-10-21T00:22:07.631Z, initialDelaySeconds: 0.
10-20 21:22:07.638  8703  8915 I BugleRcsEngine: Skipping writing subId because this is main bugle process. [CONTEXT log_prefix="(Sim)" thread_id=7491 ]
10-20 21:22:07.639  8703  8760 I BugleJobs: Starts to observe table change.
10-20 21:22:07.657  8703  8863 I Bugle   : BroadcastReceiverAsyncWorkTracker: Acknowledging broadcast of crlf@74b8600
10-20 21:22:07.658  8703  8774 I BugleSimStateTracker: Is carrier config for identified carrier: true
10-20 21:22:07.660  8703  8915 I BugleRcsEngine: Updated SIM info: currentSimId: redacted-pii:sim_id[chars:20,last3:411]; imsi: redacted-pii:imsi[chars:15]; rawMsisdn: redacted-pii:phone_number[chars:0,last2:]; formattedMsisdn: redacted-pii:phone_number[chars:0,last2:]; mccmnc: redacted-pii:sim_operator[chars:5]; gid1: redacted-pii:sim_gid[chars:0]; isFiDevice: false; subId: 2; slotIndex: 0 [CONTEXT log_prefix="(Sim)" thread_id=7491 ]
10-20 21:22:07.669  8703  8783 D WM-GreedyScheduler: Ignoring {WorkSpec: e0d228a3-a9a5-4eb0-a003-25ffa3d87aa0}. Requires ContentUri triggers.
10-20 21:22:07.669  8703  8774 I BugleSimStateTracker: Is carrier config for identified carrier: true
10-20 21:22:07.669  8703  8783 D WM-GreedyScheduler: Ignoring {WorkSpec: 79732b8a-c6bf-466a-835a-f3d24bf24f3d}. Requires device idle.
10-20 21:22:07.669  8703  8783 D WM-GreedyScheduler: Ignoring {WorkSpec: 04db5d64-2df9-4665-98ca-54a2e84d45b7}. Requires device idle.
10-20 21:22:07.669  8703  8783 D WM-GreedyScheduler: Ignoring {WorkSpec: b3f5174e-1f68-4d59-81ba-85f8bff2abdf}. Requires device idle.
10-20 21:22:07.669  8703  8783 D WM-GreedyScheduler: Ignoring {WorkSpec: 6be00472-d46a-4116-b286-53d9597726b3}. Requires ContentUri triggers.
10-20 21:22:07.669  8703  8783 D WM-GreedyScheduler: Starting work for 6fcf3121-88f1-4ab2-8eb4-6ddc043778ea
10-20 21:22:07.678  8703  8916 W Bugle   : BuglePhoneNumberUtils: canonicalizeMccMnc: invalid mccmnc. mcc: null, mnc: null
10-20 21:22:07.684  8703  8789 I Forking : Starting analysis.
10-20 21:22:07.687  8703  8789 I Misthreading: Starting analysis.
10-20 21:22:07.702  8703  8785 D WM-Processor: say: processing WorkGenerationalId(workSpecId=6fcf3121-88f1-4ab2-8eb4-6ddc043778ea, generation=0)
10-20 21:22:07.702  8703  8915 I BugleRcsEngine: Handling SIM_LOADED in PhoneSimsStateUpdater. [CONTEXT log_prefix="(Sim)" thread_id=7491 ]
10-20 21:22:07.717  1483  6422 I LocationAccessPolicy: checkLocationPermission - callingUid: 10201, callingPid: 8703, resultForFine: DENIED_HARD
10-20 21:22:07.717  1483  6422 I LocationAccessPolicy: checkLocationPermission - callingUid: 10201, callingPid: 8703, resultForCoarse: DENIED_HARD
10-20 21:22:07.721 14401 14401 D BoundBrokerSvc: onBind: Intent { act=com.google.android.gms.notifications.capping.api.NotificationsCappingApiService.START dat=chimera-action:/... cmp=com.google.android.gms/.chimera.GmsApiService }
10-20 21:22:07.721 14401 14401 D BoundBrokerSvc: Loading bound service for intent: Intent { act=com.google.android.gms.notifications.capping.api.NotificationsCappingApiService.START dat=chimera-action:/... cmp=com.google.android.gms/.chimera.GmsApiService }
10-20 21:22:07.723  8703  8767 D WM-GreedyScheduler: Ignoring {WorkSpec: e0d228a3-a9a5-4eb0-a003-25ffa3d87aa0}. Requires ContentUri triggers.
10-20 21:22:07.723  8703  8767 D WM-GreedyScheduler: Ignoring {WorkSpec: 79732b8a-c6bf-466a-835a-f3d24bf24f3d}. Requires device idle.
10-20 21:22:07.723  8703  8767 D WM-GreedyScheduler: Ignoring {WorkSpec: 04db5d64-2df9-4665-98ca-54a2e84d45b7}. Requires device idle.
10-20 21:22:07.723  8703  8767 D WM-GreedyScheduler: Ignoring {WorkSpec: b3f5174e-1f68-4d59-81ba-85f8bff2abdf}. Requires device idle.
10-20 21:22:07.723  8703  8767 D WM-GreedyScheduler: Ignoring {WorkSpec: 6be00472-d46a-4116-b286-53d9597726b3}. Requires ContentUri triggers.
10-20 21:22:07.728  8703  8763 I BugleConnectivity: isOnSatellite(1): false
10-20 21:22:07.730  8703  8763 I BugleConnectivity: 1 is not on satellite and no other subscriptions are on satellite
10-20 21:22:07.734  1483  6422 I LocationAccessPolicy: checkLocationPermission - callingUid: 10201, callingPid: 8703, resultForFine: DENIED_HARD
10-20 21:22:07.734  8703  8767 D MddListenableWorkerFactory: createWorker for class: com.google.android.apps.messaging.shared.datamodel.workqueue.WorkQueueWorkerShim
10-20 21:22:07.734  1483  6422 I LocationAccessPolicy: checkLocationPermission - callingUid: 10201, callingPid: 8703, resultForCoarse: DENIED_HARD
10-20 21:22:07.737  8703  8762 I BugleConnectivity: isOnSatellite(2): false
10-20 21:22:07.738  8703  8762 I BugleConnectivity: 2 is not on satellite and no other subscriptions are on satellite
10-20 21:22:07.742  8703  8703 D WM-WorkerWrapper: Starting work for com.google.android.apps.messaging.shared.datamodel.workqueue.WorkQueueWorkerShim
10-20 21:22:07.752  8703  8916 I RcsProvisioningFlow: Handling SIM state update work request for 3 with updateTrigger 6, scheduledAt 2025-10-21T00:22:07.549Z.
