10-27 13:06:17.932 28239 28259 E IMGMapper: set:488 set: Unset optional value from type CTA861_3
10-27 13:06:17.952 28239 28259 E IMGMapper: set:488 set: Unset optional value from type SMPTE2086
10-27 13:06:17.952 28239 28259 E IMGMapper: set:488 set: Unset optional value from type CTA861_3
10-27 13:06:17.965 28239 28259 E IMGMapper: set:488 set: Unset optional value from type SMPTE2086
10-27 13:06:17.965 28239 28259 E IMGMapper: set:488 set: Unset optional value from type CTA861_3
10-27 13:06:17.981 28239 28259 E IMGMapper: set:488 set: Unset optional value from type SMPTE2086
10-27 13:06:17.981 28239 28259 E IMGMapper: set:488 set: Unset optional value from type CTA861_3
10-27 13:06:18.000 28239 28259 E IMGMapper: set:488 set: Unset optional value from type SMPTE2086
10-27 13:06:18.001 28239 28259 E IMGMapper: set:488 set: Unset optional value from type CTA861_3
10-27 13:06:18.002  1737  1942 D MobileStatusTracker(1/1): onSignalStrengthsChanged level=4, vendorLevel=4
10-27 13:06:18.006  1737  1942 D MobileSignalController(1/1): notifyListener: enabled=true, connected=true, dataConnected=false, networkType=UMTS (3G), emergencyOnly=true, roaming=false, isDefault=true, dataActivity=, level=4, ca=false, mmWave=false, disabledDataIcon=false, simCard=ETC
10-27 13:06:18.006  1737  1942 D NetworkController: SignalStrength from intent slotId=1
10-27 13:06:18.016 28239 28259 E IMGMapper: set:488 set: Unset optional value from type SMPTE2086
10-27 13:06:18.017 28239 28259 E IMGMapper: set:488 set: Unset optional value from type CTA861_3
10-27 13:06:18.032 28239 28259 E IMGMapper: set:488 set: Unset optional value from type SMPTE2086
10-27 13:06:18.032 28239 28259 E IMGMapper: set:488 set: Unset optional value from type CTA861_3
10-27 13:06:18.048 28239 28259 E IMGMapper: set:488 set: Unset optional value from type SMPTE2086
10-27 13:06:18.048 28239 28259 E IMGMapper: set:488 set: Unset optional value from type CTA861_3
10-27 13:06:18.064 28239 28259 E IMGMapper: set:488 set: Unset optional value from type SMPTE2086
10-27 13:06:18.065 28239 28259 E IMGMapper: set:488 set: Unset optional value from type CTA861_3
10-27 13:06:18.081 28239 28259 E IMGMapper: set:488 set: Unset optional value from type SMPTE2086
10-27 13:06:18.081 28239 28259 E IMGMapper: set:488 set: Unset optional value from type CTA861_3
10-27 13:06:18.097 28239 28259 E IMGMapper: set:488 set: Unset optional value from type SMPTE2086
10-27 13:06:18.097 28239 28259 E IMGMapper: set:488 set: Unset optional value from type CTA861_3
10-27 13:06:18.115 28239 28259 E IMGMapper: set:488 set: Unset optional value from type SMPTE2086
10-27 13:06:18.116 28239 28259 E IMGMapper: set:488 set: Unset optional value from type CTA861_3
10-27 13:06:18.132 28239 28259 E IMGMapper: set:488 set: Unset optional value from type SMPTE2086
10-27 13:06:18.132 28239 28259 E IMGMapper: set:488 set: Unset optional value from type CTA861_3
10-27 13:06:18.148 28239 28259 E IMGMapper: set:488 set: Unset optional value from type SMPTE2086
10-27 13:06:18.149 28239 28259 E IMGMapper: set:488 set: Unset optional value from type CTA861_3
10-27 13:06:18.166 28239 28259 E IMGMapper: set:488 set: Unset optional value from type SMPTE2086
10-27 13:06:18.167 28239 28259 E IMGMapper: set:488 set: Unset optional value from type CTA861_3
10-27 13:06:18.177 28239 28259 E IMGMapper: set:488 set: Unset optional value from type SMPTE2086
10-27 13:06:18.178 28239 28259 E IMGMapper: set:488 set: Unset optional value from type CTA861_3
10-27 13:06:18.190 28239 28259 E IMGMapper: set:488 set: Unset optional value from type SMPTE2086
10-27 13:06:18.190 28239 28259 E IMGMapper: set:488 set: Unset optional value from type CTA861_3
10-27 13:06:18.269  1737  1942 D MobileStatusTracker(0/2): onDataActivity: direction=3
10-27 13:06:18.272  1737  1942 D MobileSignalController(0/2): notifyListener: enabled=true, connected=true, dataConnected=true, networkType=LTE (4G), emergencyOnly=false, roaming=false, isDefault=true, dataActivity=inout, level=3, ca=false, mmWave=false, disabledDataIcon=false, simCard=ETC
10-27 13:06:18.291  1737  1796 E IMGMapper: set:488 set: Unset optional value from type SMPTE2086
10-27 13:06:18.291  1737  1796 E IMGMapper: set:488 set: Unset optional value from type CTA861_3
10-27 13:06:18.298  1039  1039 I BufferQueueProducer: [StatusBar$_1737#534029](this:0xb400007a1f0ca838,id:-1,api:0,p:-1,c:1039) queueBuffer: fps=0.49 dur=2030.52 max=2030.52 min=2030.52
10-27 13:06:18.317  1737  1942 D MobileStatusTracker(0/2): onSignalStrengthsChanged level=4, vendorLevel=3
10-27 13:06:18.320  1737  1942 D MobileSignalController(0/2): notifyListener: enabled=true, connected=true, dataConnected=true, networkType=LTE (4G), emergencyOnly=false, roaming=false, isDefault=true, dataActivity=inout, level=3, ca=false, mmWave=false, disabledDataIcon=false, simCard=ETC
10-27 13:06:18.321  1737  1942 D NetworkController: SignalStrength from intent slotId=0
10-27 13:06:18.792  1187  1299 D CustomizedBinderCallsStatsInternal: reportCpuUsage() : 1%
10-27 13:06:18.793  1187  1334 I BinderCallsStats: Collected cpu time : 0us, collected call count : 0 for 60200 ms
10-27 13:06:18.842  1205  1205 I thermal_repeater: socket -1
10-27 13:06:19.285  1737  1942 D MobileStatusTracker(0/2): onDataActivity: direction=0
10-27 13:06:19.289  1737  1942 D MobileSignalController(0/2): notifyListener: enabled=true, connected=true, dataConnected=true, networkType=LTE (4G), emergencyOnly=false, roaming=false, isDefault=true, dataActivity=, level=3, ca=false, mmWave=false, disabledDataIcon=false, simCard=ETC
10-27 13:06:19.308  1737  1796 E IMGMapper: set:488 set: Unset optional value from type SMPTE2086
10-27 13:06:19.308  1737  1796 E IMGMapper: set:488 set: Unset optional value from type CTA861_3
10-27 13:06:19.314  1039  1039 I BufferQueueProducer: [StatusBar$_1737#534029](this:0xb400007a1f0ca838,id:-1,api:0,p:-1,c:1039) queueBuffer: fps=0.98 dur=1015.37 max=1015.37 min=1015.37
10-27 13:06:19.317   991 11009 I hwcomposer: [HWCDisplay] [Display_0 (type:1)] fps:19.457840,dur:1747.37,max:1015.59,min:15.55  
10-27 13:06:19.318  1737  1942 D MobileStatusTracker(0/2): onSignalStrengthsChanged level=4, vendorLevel=3
10-27 13:06:19.321  1737  1942 D MobileSignalController(0/2): notifyListener: enabled=true, connected=true, dataConnected=true, networkType=LTE (4G), emergencyOnly=false, roaming=false, isDefault=true, dataActivity=, level=3, ca=false, mmWave=false, disabledDataIcon=false, simCard=ETC
10-27 13:06:19.321  1737  1942 D NetworkController: SignalStrength from intent slotId=0
10-27 13:06:19.620  1187  1299 D InputDispatcher: Inject motion (28424/2000): action=0x0, time=2933081252000000, f=0x0, d=0 dsdx=1.000000 dtdx=0.000000
10-27 13:06:19.621  1187  1534 I InputDispatcher: Delivering touch to (1737): action: 0x4, f=0x0, d=0, 'd92b8ad', t=1 
10-27 13:06:19.621  1187  1534 I InputDispatcher: Delivering touch to (28239): action: 0x0, f=0x0, d=0, '79e1fda', t=1 
10-27 13:06:19.621  1187  1534 D PowerManagerService: [api] userActivityFromNative :  (event: 2 flags: 0 displayId: 0) eventTime = 2933081252
10-27 13:06:19.623 28239 28239 I ViewRootImpl@d913698[MainActivity]: ViewPostIme pointer 0
10-27 13:06:19.623  1187  1303 I GestureDetector: obtain mCurrentDownEvent. id: -379562237 caller: com.android.server.wm.SystemGesturesPointerEventListener.onPointerEvent:203 com.android.server.wm.PointerEventDispatcher.onInputEvent:53 android.view.InputEventReceiver.dispatchInputEvent:285 
10-27 13:06:19.624  1187  1303 I GestureDetector: obtain mCurrentDownEvent. id: -379562237 caller: com.android.server.wm.SystemPerformancePointerEventListener.onPointerEvent:89 com.android.server.wm.PointerEventDispatcher.onInputEvent:53 android.view.InputEventReceiver.dispatchInputEvent:285 
10-27 13:06:19.638  1187  1299 D InputDispatcher: Inject motion (28424/2000): action=0x1, time=2933081252000000, f=0x0, d=0 dsdx=1.000000 dtdx=0.000000
10-27 13:06:19.639  1187  1534 I InputDispatcher: Delivering touch to (28239): action: 0x1, f=0x0, d=0, '79e1fda', t=1 
10-27 13:06:19.640  1187  1303 I GestureDetector: obtain mCurrentMotionEventRaw. action: 1 id: -268353973
10-27 13:06:19.641  1187  1303 I GestureDetector: obtain mCurrentMotionEventRaw. action: 1 id: -268353973
10-27 13:06:19.641 28239 28239 I ViewRootImpl@d913698[MainActivity]: ViewPostIme pointer 1
10-27 13:06:19.657 28239 28259 E IMGMapper: set:488 set: Unset optional value from type SMPTE2086
10-27 13:06:19.657 28239 28259 E IMGMapper: set:488 set: Unset optional value from type CTA861_3
10-27 13:06:19.663  1039  1039 I BufferQueueProducer: [com.cinemamovel/com.cinemamovel.MainActivity$_28239#595908](this:0xb400007a2639b838,id:-1,api:0,p:-1,c:1039) queueBuffer: fps=15.74 dur=2096.38 max=1447.96 min=16.09
10-27 13:06:19.686 28239 28259 E IMGMapper: set:488 set: Unset optional value from type SMPTE2086
10-27 13:06:19.686 28239 28259 E IMGMapper: set:488 set: Unset optional value from type CTA861_3
10-27 13:06:19.703 28239 28259 E IMGMapper: set:488 set: Unset optional value from type SMPTE2086
10-27 13:06:19.704 28239 28259 E IMGMapper: set:488 set: Unset optional value from type CTA861_3
10-27 13:06:19.738 28239 28259 E IMGMapper: set:488 set: Unset optional value from type SMPTE2086
10-27 13:06:19.738 28239 28259 E IMGMapper: set:488 set: Unset optional value from type CTA861_3
10-27 13:06:19.747 28239 28259 E IMGMapper: set:488 set: Unset optional value from type SMPTE2086
10-27 13:06:19.747 28239 28259 E IMGMapper: set:488 set: Unset optional value from type CTA861_3
10-27 13:06:19.756 28239 28259 E IMGMapper: set:488 set: Unset optional value from type SMPTE2086
10-27 13:06:19.757 28239 28259 E IMGMapper: set:488 set: Unset optional value from type CTA861_3
10-27 13:06:19.774 28239 28259 E IMGMapper: set:488 set: Unset optional value from type SMPTE2086
10-27 13:06:19.774 28239 28259 E IMGMapper: set:488 set: Unset optional value from type CTA861_3
10-27 13:06:19.789 28239 28259 E IMGMapper: set:488 set: Unset optional value from type SMPTE2086
10-27 13:06:19.790 28239 28259 E IMGMapper: set:488 set: Unset optional value from type CTA861_3
10-27 13:06:19.806 28239 28259 E IMGMapper: set:488 set: Unset optional value from type SMPTE2086
10-27 13:06:19.806 28239 28259 E IMGMapper: set:488 set: Unset optional value from type CTA861_3
10-27 13:06:19.822 28239 28259 E IMGMapper: set:488 set: Unset optional value from type SMPTE2086
10-27 13:06:19.823 28239 28259 E IMGMapper: set:488 set: Unset optional value from type CTA861_3
10-27 13:06:19.841 28239 28259 E IMGMapper: set:488 set: Unset optional value from type SMPTE2086
10-27 13:06:19.841 28239 28259 E IMGMapper: set:488 set: Unset optional value from type CTA861_3
10-27 13:06:19.858 28239 28259 E IMGMapper: set:488 set: Unset optional value from type SMPTE2086
10-27 13:06:19.858 28239 28259 E IMGMapper: set:488 set: Unset optional value from type CTA861_3
10-27 13:06:19.874 28239 28259 E IMGMapper: set:488 set: Unset optional value from type SMPTE2086
10-27 13:06:19.874 28239 28259 E IMGMapper: set:488 set: Unset optional value from type CTA861_3
10-27 13:06:19.891 28239 28259 E IMGMapper: set:488 set: Unset optional value from type SMPTE2086
10-27 13:06:19.891 28239 28259 E IMGMapper: set:488 set: Unset optional value from type CTA861_3
10-27 13:06:19.908 28239 28259 E IMGMapper: set:488 set: Unset optional value from type SMPTE2086
10-27 13:06:19.908 28239 28259 E IMGMapper: set:488 set: Unset optional value from type CTA861_3
10-27 13:06:19.923  1187  1303 I GestureDetector: handleMessage TAP
10-27 13:06:19.924 28239 28259 E IMGMapper: set:488 set: Unset optional value from type SMPTE2086
10-27 13:06:19.924 28239 28259 E IMGMapper: set:488 set: Unset optional value from type CTA861_3
10-27 13:06:19.924  1187  1187 I GestureDetector: handleMessage TAP
10-27 13:06:19.943 28239 28259 E IMGMapper: set:488 set: Unset optional value from type SMPTE2086
10-27 13:06:19.943 28239 28259 E IMGMapper: set:488 set: Unset optional value from type CTA861_3
10-27 13:06:20.416   963   963 E audit   : type=1400 audit(1761581180.410:1456193): avc:  denied  { write } for  pid=14180 comm="ThreadPoolForeg" name="traced_producer" dev="tmpfs" ino=11170 scontext=u:r:gmscore_app:s0:c512,c768 tcontext=u:object_r:traced_producer_socket:s0 tclass=sock_file permissive=0 SEPF_SM-A037M_12_0001 unfiltered
10-27 13:06:20.435  1045  1056 D ccci_mdinit: (1):monitor_time_update_thread round:168175 ########
10-27 13:06:20.562  1737  1942 D MobileStatusTracker(1/1): onSignalStrengthsChanged level=4, vendorLevel=4
10-27 13:06:20.565  1737  1942 D MobileSignalController(1/1): notifyListener: enabled=true, connected=true, dataConnected=false, networkType=UMTS (3G), emergencyOnly=true, roaming=false, isDefault=true, dataActivity=, level=4, ca=false, mmWave=false, disabledDataIcon=false, simCard=ETC
10-27 13:06:20.566  1737  1942 D NetworkController: SignalStrength from intent slotId=1
10-27 13:06:20.722  1187  4545 D InputDispatcher: Inject motion (28429/2000): action=0x0, time=2933082354000000, f=0x0, d=0 dsdx=1.000000 dtdx=0.000000
10-27 13:06:20.723  1187  1534 I InputDispatcher: Delivering touch to (1737): action: 0x4, f=0x0, d=0, 'd92b8ad', t=1 
10-27 13:06:20.723  1187  1534 I InputDispatcher: Delivering touch to (28239): action: 0x0, f=0x0, d=0, '79e1fda', t=1 
10-27 13:06:20.724  1187  1534 D PowerManagerService: [api] userActivityFromNative :  (event: 2 flags: 0 displayId: 0) eventTime = 2933082354
10-27 13:06:20.725  1187  1303 I GestureDetector: obtain mCurrentDownEvent. id: -849285831 caller: com.android.server.wm.SystemGesturesPointerEventListener.onPointerEvent:203 com.android.server.wm.PointerEventDispatcher.onInputEvent:53 android.view.InputEventReceiver.dispatchInputEvent:285 
10-27 13:06:20.725 28239 28239 I ViewRootImpl@d913698[MainActivity]: ViewPostIme pointer 0
10-27 13:06:20.726  1187  1303 I GestureDetector: obtain mCurrentDownEvent. id: -849285831 caller: com.android.server.wm.SystemPerformancePointerEventListener.onPointerEvent:89 com.android.server.wm.PointerEventDispatcher.onInputEvent:53 android.view.InputEventReceiver.dispatchInputEvent:285 
10-27 13:06:20.735  1187  4545 D InputDispatcher: Inject motion (28429/2000): action=0x1, time=2933082354000000, f=0x0, d=0 dsdx=1.000000 dtdx=0.000000
10-27 13:06:20.736  1187  1534 I InputDispatcher: Delivering touch to (28239): action: 0x1, f=0x0, d=0, '79e1fda', t=1 
10-27 13:06:20.736 28239 28239 I ViewRootImpl@d913698[MainActivity]: ViewPostIme pointer 1
10-27 13:06:20.740  1187  1303 I GestureDetector: obtain mCurrentMotionEventRaw. action: 1 id: -674749781
10-27 13:06:20.740  1187  1303 I GestureDetector: obtain mCurrentMotionEventRaw. action: 1 id: -674749781
10-27 13:06:20.756 28239 28259 E IMGMapper: set:488 set: Unset optional value from type SMPTE2086
10-27 13:06:20.756 28239 28259 E IMGMapper: set:488 set: Unset optional value from type CTA861_3
10-27 13:06:20.761  1039  1039 I BufferQueueProducer: [com.cinemamovel/com.cinemamovel.MainActivity$_28239#595908](this:0xb400007a2639b838,id:-1,api:0,p:-1,c:1039) queueBuffer: fps=15.48 dur=1098.42 max=798.64 min=16.09
10-27 13:06:20.763   991 11009 I hwcomposer: [HWCDisplay] [Display_0 (type:1)] fps:12.446541,dur:1446.18,max:797.44,min:15.85  
10-27 13:06:20.784 28239 28259 E IMGMapper: set:488 set: Unset optional value from type SMPTE2086
10-27 13:06:20.784 28239 28259 E IMGMapper: set:488 set: Unset optional value from type CTA861_3
10-27 13:06:20.802 28239 28259 E IMGMapper: set:488 set: Unset optional value from type SMPTE2086
10-27 13:06:20.802 28239 28259 E IMGMapper: set:488 set: Unset optional value from type CTA861_3
10-27 13:06:20.836 28239 28259 E IMGMapper: set:488 set: Unset optional value from type SMPTE2086
10-27 13:06:20.836 28239 28259 E IMGMapper: set:488 set: Unset optional value from type CTA861_3
10-27 13:06:20.846 28239 28259 E IMGMapper: set:488 set: Unset optional value from type SMPTE2086
10-27 13:06:20.846 28239 28259 E IMGMapper: set:488 set: Unset optional value from type CTA861_3
10-27 13:06:20.854 28239 28259 E IMGMapper: set:488 set: Unset optional value from type SMPTE2086
10-27 13:06:20.854 28239 28259 E IMGMapper: set:488 set: Unset optional value from type CTA861_3
10-27 13:06:20.872 28239 28259 E IMGMapper: set:488 set: Unset optional value from type SMPTE2086
10-27 13:06:20.872 28239 28259 E IMGMapper: set:488 set: Unset optional value from type CTA861_3
10-27 13:06:20.890 28239 28259 E IMGMapper: set:488 set: Unset optional value from type SMPTE2086
10-27 13:06:20.890 28239 28259 E IMGMapper: set:488 set: Unset optional value from type CTA861_3
10-27 13:06:20.906 28239 28259 E IMGMapper: set:488 set: Unset optional value from type SMPTE2086
10-27 13:06:20.906 28239 28259 E IMGMapper: set:488 set: Unset optional value from type CTA861_3
10-27 13:06:20.924 28239 28259 E IMGMapper: set:488 set: Unset optional value from type SMPTE2086
10-27 13:06:20.924 28239 28259 E IMGMapper: set:488 set: Unset optional value from type CTA861_3
10-27 13:06:20.941 28239 28259 E IMGMapper: set:488 set: Unset optional value from type SMPTE2086
10-27 13:06:20.941 28239 28259 E IMGMapper: set:488 set: Unset optional value from type CTA861_3
10-27 13:06:20.957 28239 28259 E IMGMapper: set:488 set: Unset optional value from type SMPTE2086
10-27 13:06:20.957 28239 28259 E IMGMapper: set:488 set: Unset optional value from type CTA861_3
10-27 13:06:20.973 28239 28259 E IMGMapper: set:488 set: Unset optional value from type SMPTE2086
10-27 13:06:20.973 28239 28259 E IMGMapper: set:488 set: Unset optional value from type CTA861_3
10-27 13:06:20.990 28239 28259 E IMGMapper: set:488 set: Unset optional value from type SMPTE2086
10-27 13:06:20.990 28239 28259 E IMGMapper: set:488 set: Unset optional value from type CTA861_3
10-27 13:06:21.006 28239 28259 E IMGMapper: set:488 set: Unset optional value from type SMPTE2086
10-27 13:06:21.006 28239 28259 E IMGMapper: set:488 set: Unset optional value from type CTA861_3
10-27 13:06:21.021 28239 28259 E IMGMapper: set:488 set: Unset optional value from type SMPTE2086
10-27 13:06:21.022 28239 28259 E IMGMapper: set:488 set: Unset optional value from type CTA861_3
10-27 13:06:21.025  1187  1187 I GestureDetector: handleMessage TAP
10-27 13:06:21.025  1187  1303 I GestureDetector: handleMessage TAP
10-27 13:06:21.043 28239 28259 E IMGMapper: set:488 set: Unset optional value from type SMPTE2086
10-27 13:06:21.043 28239 28259 E IMGMapper: set:488 set: Unset optional value from type CTA861_3
10-27 13:06:21.317  1737  1942 D MobileStatusTracker(0/2): onSignalStrengthsChanged level=4, vendorLevel=3
10-27 13:06:21.321  1737  1942 D MobileSignalController(0/2): notifyListener: enabled=true, connected=true, dataConnected=true, networkType=LTE (4G), emergencyOnly=false, roaming=false, isDefault=true, dataActivity=, level=3, ca=false, mmWave=false, disabledDataIcon=false, simCard=ETC
10-27 13:06:21.321  1737  1942 D NetworkController: SignalStrength from intent slotId=0
10-27 13:06:21.815  1187  1299 D InputDispatcher: Inject motion (28436/2000): action=0x0, time=2933083447000000, f=0x0, d=0 dsdx=1.000000 dtdx=0.000000
10-27 13:06:21.815  1187  1534 I InputDispatcher: Delivering touch to (1737): action: 0x4, f=0x0, d=0, 'd92b8ad', t=1 
10-27 13:06:21.815  1187  1534 I InputDispatcher: Delivering touch to (28239): action: 0x0, f=0x0, d=0, '79e1fda', t=1 
10-27 13:06:21.815  1187  1534 D PowerManagerService: [api] userActivityFromNative :  (event: 2 flags: 0 displayId: 0) eventTime = 2933083447
10-27 13:06:21.816 28239 28239 I ViewRootImpl@d913698[MainActivity]: ViewPostIme pointer 0
10-27 13:06:21.816  1187  1303 I GestureDetector: obtain mCurrentDownEvent. id: -7080989 caller: com.android.server.wm.SystemGesturesPointerEventListener.onPointerEvent:203 com.android.server.wm.PointerEventDispatcher.onInputEvent:53 android.view.InputEventReceiver.dispatchInputEvent:285 
10-27 13:06:21.817  1187  1303 I GestureDetector: obtain mCurrentDownEvent. id: -7080989 caller: com.android.server.wm.SystemPerformancePointerEventListener.onPointerEvent:89 com.android.server.wm.PointerEventDispatcher.onInputEvent:53 android.view.InputEventReceiver.dispatchInputEvent:285 
10-27 13:06:21.823  1187  1299 D InputDispatcher: Inject motion (28436/2000): action=0x1, time=2933083447000000, f=0x0, d=0 dsdx=1.000000 dtdx=0.000000
10-27 13:06:21.823  1187  1534 I InputDispatcher: Delivering touch to (28239): action: 0x1, f=0x0, d=0, '79e1fda', t=1 
10-27 13:06:21.824 28239 28239 I ViewRootImpl@d913698[MainActivity]: ViewPostIme pointer 1
10-27 13:06:21.825  1187  1303 I GestureDetector: obtain mCurrentMotionEventRaw. action: 1 id: -634540141
10-27 13:06:21.825  1187  1303 I GestureDetector: obtain mCurrentMotionEventRaw. action: 1 id: -634540141
10-27 13:06:21.906 28239 28259 E IMGMapper: set:488 set: Unset optional value from type SMPTE2086
10-27 13:06:21.907 28239 28259 E IMGMapper: set:488 set: Unset optional value from type CTA861_3
10-27 13:06:21.910  1039  1039 I BufferQueueProducer: [com.cinemamovel/com.cinemamovel.MainActivity$_28239#595908](this:0xb400007a2639b838,id:-1,api:0,p:-1,c:1039) queueBuffer: fps=14.80 dur=1148.65 max=849.08 min=16.18
10-27 13:06:21.913   991 11009 I hwcomposer: [HWCDisplay] [Display_0 (type:1)] fps:14.779148,dur:1150.27,max:850.44,min:15.95  
10-27 13:06:22.116  1187  1303 I GestureDetector: handleMessage TAP
10-27 13:06:22.117  1187  1187 I GestureDetector: handleMessage TAP
10-27 13:06:22.323  1737  1942 D MobileStatusTracker(0/2): onSignalStrengthsChanged level=4, vendorLevel=3
10-27 13:06:22.326  1737  1942 D MobileSignalController(0/2): notifyListener: enabled=true, connected=true, dataConnected=true, networkType=LTE (4G), emergencyOnly=false, roaming=false, isDefault=true, dataActivity=, level=3, ca=false, mmWave=false, disabledDataIcon=false, simCard=ETC
10-27 13:06:22.326  1737  1942 D NetworkController: SignalStrength from intent slotId=0
10-27 13:06:22.906  1187  4538 D InputDispatcher: Inject key (28441/2000): action=0, f=0x0, d=-1, time=2933084538000000
10-27 13:06:22.906  1187  4538 D WindowManager: interceptKeyTq keycode=4 interactive=true keyguardActive=false policyFlags=2b000000
10-27 13:06:22.906  1187  4538 D PhoneWindowManagerExt: interceptKeyTq code=4 down=true repeatCount=0 displayId=-1 interactive=true
10-27 13:06:22.906  1187  4538 D WindowManager: interceptKeyTq interceptKeyResult=4
10-27 13:06:22.906  1187  1534 D PowerManagerService: [api] userActivityFromNative :  (event: 1 flags: 0 displayId: 0) eventTime = 2933084538
10-27 13:06:22.907  1187  1534 D WindowManager: interceptKeyTi keyCode=4 down=true repeatCount=0 keyguardOn=false canceled=false
10-27 13:06:22.907  1187  1534 D PhoneWindowManagerExt: interceptKeyTi code=4 down=true repeatCount=0 displayId=-1 interactive=true
10-27 13:06:22.908  1187  1534 I InputDispatcher: Delivering key to (28239): B action: 0x0 (0), f=0x0, m=0x0, d=0, '79e1fda'
10-27 13:06:22.910 23351 23351 I HBD     : b skip onKeyDown as physical keyboard not connected 
10-27 13:06:22.911 23351 23351 I HBD     : HoneyBoardService onKeyDown r:1ea262cf consumed:false 2 
10-27 13:06:22.913 28239 28239 I ViewRootImpl@d913698[MainActivity]: ViewPostIme key 0
10-27 13:06:22.913 28239 28239 D Activity: onKeyDown(KEYCODE_BACK)
10-27 13:06:22.915  1187  4538 D InputDispatcher: Inject key (28441/2000): action=1, f=0x0, d=-1, time=2933084538000000
10-27 13:06:22.915  1187  4538 D WindowManager: interceptKeyTq keycode=4 interactive=true keyguardActive=false policyFlags=2b000000
10-27 13:06:22.916  1187  4538 D PhoneWindowManagerExt: interceptKeyTq code=4 down=false repeatCount=0 displayId=-1 interactive=true
10-27 13:06:22.916  1187  4538 D WindowManager: interceptKeyTq interceptKeyResult=4
10-27 13:06:22.916  1187  1534 D WindowManager: interceptKeyTi keyCode=4 down=false repeatCount=0 keyguardOn=false canceled=false
10-27 13:06:22.917  1187  1534 D PhoneWindowManagerExt: interceptKeyTi code=4 down=false repeatCount=0 displayId=-1 interactive=true
10-27 13:06:22.917  1187  1534 I InputDispatcher: Delivering key to (28239): B action: 0x1 (0), f=0x0, m=0x0, d=0, '79e1fda'
10-27 13:06:22.920 23351 23351 I HBD     : HoneyBoardService onKeyUp r:a166ea8d consumed:false 1 
10-27 13:06:22.921 28239 28239 I ViewRootImpl@d913698[MainActivity]: ViewPostIme key 1
10-27 13:06:22.922 28239 28239 D Activity: onKeyUp(KEYCODE_BACK) isTracking()=true isCanceled()=false hasCallback=false
10-27 13:06:22.982 28239 28266 I ReactNativeJS: ---METRICS_JSON_START---
10-27 13:06:22.982 28239 28266 I ReactNativeJS: {
10-27 13:06:22.982 28239 28266 I ReactNativeJS:   "screenRenders": 15,
10-27 13:06:22.982 28239 28266 I ReactNativeJS:   "componentRenders": {
10-27 13:06:22.982 28239 28266 I ReactNativeJS:     "Loader": 3,
10-27 13:06:22.982 28239 28266 I ReactNativeJS:     "Poster": 3,
10-27 13:06:22.982 28239 28266 I ReactNativeJS:     "InfoBlock": 12,
10-27 13:06:22.982 28239 28266 I ReactNativeJS:     "RatingBlock": 12,
10-27 13:06:22.982 28239 28266 I ReactNativeJS:     "Overview": 12,
10-27 13:06:22.982 28239 28266 I ReactNativeJS:     "Genres": 3
10-27 13:06:22.982 28239 28266 I ReactNativeJS:   },
10-27 13:06:22.982 28239 28266 I ReactNativeJS:   "interactionEvents": [
10-27 13:06:22.982 28239 28266 I ReactNativeJS:     {
10-27 13:06:22.982 28239 28266 I ReactNativeJS:       "action": "toggle_favorite",
10-27 13:06:22.982 28239 28266 I ReactNativeJS:       "timestamp": 1761581164725
10-27 13:06:22.982 28239 28266 I ReactNativeJS:     },
10-27 13:06:22.982 28239 28266 I ReactNativeJS:     {
10-27 13:06:22.982 28239 28266 I ReactNativeJS:       "action": "set_rating_3",
10-27 13:06:22.982 28239 28266 I ReactNativeJS:       "timestamp": 1761581165805
10-27 13:06:22.982 28239 28266 I ReactNativeJS:     },
10-27 13:06:22.982 28239 28266 I ReactNativeJS:     {
10-27 13:06:22.982 28239 28266 I ReactNativeJS:       "action": "toggle_overview",
10-27 13:06:22.982 28239 28266 I ReactNativeJS:       "timestamp": 1761581166894
10-27 13:06:22.982 28239 28266 I ReactNativeJS:     },
10-27 13:06:22.982 28239 28266 I ReactNativeJS:     {
10-27 13:06:22.982 28239 28266 I ReactNativeJS:       "action": "component_unmounted_logged",
10-27 13:06:22.982 28239 28266 I ReactNativeJS:       "timestamp": 1761581168044
10-27 13:06:22.982 28239 28266 I ReactNativeJS:     },
10-27 13:06:22.982 28239 28266 I ReactNativeJS:     {
10-27 13:06:22.982 28239 28266 I ReactNativeJS:       "action": "toggle_favorite",
10-27 13:06:22.982 28239 28266 I ReactNativeJS:       "timestamp": 1761581172181
10-27 13:06:22.982 28239 28266 I ReactNativeJS:     },
10-27 13:06:22.982 28239 28266 I ReactNativeJS:     {
10-27 13:06:22.982 28239 28266 I ReactNativeJS:       "action": "set_rating_3",
10-27 13:06:22.982 28239 28266 I ReactNativeJS:       "timestamp": 1761581173280
10-27 13:06:22.982 28239 28266 I ReactNativeJS:     },
10-27 13:06:22.982 28239 28266 I ReactNativeJS:     {
10-27 13:06:22.982 28239 28266 I ReactNativeJS:       "action": "toggle_overview",
10-27 13:06:22.982 28239 28266 I ReactNativeJS:       "timestamp": 1761581174360
10-27 13:06:22.982 28239 28266 I ReactNativeJS:     },
10-27 13:06:22.982 28239 28266 I ReactNativeJS:     {
10-27 13:06:22.982 28239 28266 I ReactNativeJS:       "action": "component_unmounted_logged",
10-27 13:06:22.982 28239 28266 I ReactNativeJS:       "timestamp": 1761581175509
10-27 13:06:22.982 28239 28266 I ReactNativeJS:     },
10-27 13:06:22.982 28239 28266 I ReactNativeJS:     {
10-27 13:06:22.982 28239 28266 I ReactNativeJS:       "action": "toggle_favorite",
10-27 13:06:22.982 28239 28266 I ReactNativeJS:       "timestamp": 1761581179655
10-27 13:06:22.982 28239 28266 I ReactNativeJS:     },
10-27 13:06:22.982 28239 28266 I ReactNativeJS:     {
10-27 13:06:22.982 28239 28266 I ReactNativeJS:       "action": "set_rating_3",
10-27 13:06:22.982 28239 28266 I ReactNativeJS:       "timestamp": 1761581180753
10-27 13:06:22.982 28239 28266 I ReactNativeJS:     },
10-27 13:06:22.982 28239 28266 I ReactNativeJS:     {
10-27 13:06:22.982 28239 28266 I ReactNativeJS:       "action": "toggle_overview",
10-27 13:06:22.982 28239 28266 I ReactNativeJS:       "timestamp": 1761581181836
10-27 13:06:22.982 28239 28266 I ReactNativeJS:     },
10-27 13:06:22.982 28239 28266 I ReactNativeJS:     {
10-27 13:06:22.982 28239 28266 I ReactNativeJS:       "action": "component_unmounted_logged",
10-27 13:06:22.982 28239 28266 I ReactNativeJS:       "timestamp": 1761581182981
10-27 13:06:22.982 28239 28266 I ReactNativeJS:     }
10-27 13:06:22.982 28239 28266 I ReactNativeJS:   ]
10-27 13:06:22.982 28239 28266 I ReactNativeJS: }
10-27 13:06:22.982 28239 28266 I ReactNativeJS: ---METRICS_JSON_END---
10-27 13:06:23.025 28239 28259 E IMGMapper: set:488 set: Unset optional value from type SMPTE2086
10-27 13:06:23.026 28239 28259 E IMGMapper: set:488 set: Unset optional value from type CTA861_3
10-27 13:06:23.042  1039  1039 I BufferQueueProducer: [com.cinemamovel/com.cinemamovel.MainActivity$_28239#595908](this:0xb400007a2639b838,id:-1,api:0,p:-1,c:1039) queueBuffer: fps=0.88 dur=1131.85 max=1131.85 min=1131.85
10-27 13:06:23.044   991 11009 I hwcomposer: [HWCDisplay] [Display_0 (type:1)] fps:0.884535,dur:1130.54,max:1130.54,min:1130.54  
10-27 13:06:23.086 28239 28259 E IMGMapper: set:488 set: Unset optional value from type SMPTE2086
10-27 13:06:23.086 28239 28259 E IMGMapper: set:488 set: Unset optional value from type CTA861_3
10-27 13:06:23.096 28239 28259 E IMGMapper: set:488 set: Unset optional value from type SMPTE2086
10-27 13:06:23.096 28239 28259 E IMGMapper: set:488 set: Unset optional value from type CTA861_3
10-27 13:06:23.111 28239 28259 E IMGMapper: set:488 set: Unset optional value from type SMPTE2086
10-27 13:06:23.111 28239 28259 E IMGMapper: set:488 set: Unset optional value from type CTA861_3
10-27 13:06:23.122  1737  1942 D MobileStatusTracker(1/1): onSignalStrengthsChanged level=4, vendorLevel=4
10-27 13:06:23.125  1737  1942 D MobileSignalController(1/1): notifyListener: enabled=true, connected=true, dataConnected=false, networkType=UMTS (3G), emergencyOnly=true, roaming=false, isDefault=true, dataActivity=, level=4, ca=false, mmWave=false, disabledDataIcon=false, simCard=ETC
10-27 13:06:23.125  1737  1942 D NetworkController: SignalStrength from intent slotId=1
10-27 13:06:23.128 28239 28259 E IMGMapper: set:488 set: Unset optional value from type SMPTE2086
10-27 13:06:23.128 28239 28259 E IMGMapper: set:488 set: Unset optional value from type CTA861_3
10-27 13:06:23.144 28239 28259 E IMGMapper: set:488 set: Unset optional value from type SMPTE2086
10-27 13:06:23.144 28239 28259 E IMGMapper: set:488 set: Unset optional value from type CTA861_3
10-27 13:06:23.155 28239 28259 E IMGMapper: set:488 set: Unset optional value from type SMPTE2086
10-27 13:06:23.155 28239 28259 E IMGMapper: set:488 set: Unset optional value from type CTA861_3
10-27 13:06:23.171 28239 28259 E IMGMapper: set:488 set: Unset optional value from type SMPTE2086
10-27 13:06:23.171 28239 28259 E IMGMapper: set:488 set: Unset optional value from type CTA861_3
10-27 13:06:23.189 28239 28259 E IMGMapper: set:488 set: Unset optional value from type SMPTE2086
10-27 13:06:23.189 28239 28259 E IMGMapper: set:488 set: Unset optional value from type CTA861_3
10-27 13:06:23.204 28239 28259 E IMGMapper: set:488 set: Unset optional value from type SMPTE2086
10-27 13:06:23.204 28239 28259 E IMGMapper: set:488 set: Unset optional value from type CTA861_3
10-27 13:06:23.221 28239 28259 E IMGMapper: set:488 set: Unset optional value from type SMPTE2086
10-27 13:06:23.221 28239 28259 E IMGMapper: set:488 set: Unset optional value from type CTA861_3
10-27 13:06:23.237 28239 28259 E IMGMapper: set:488 set: Unset optional value from type SMPTE2086
10-27 13:06:23.237 28239 28259 E IMGMapper: set:488 set: Unset optional value from type CTA861_3
10-27 13:06:23.255 28239 28259 E IMGMapper: set:488 set: Unset optional value from type SMPTE2086
10-27 13:06:23.255 28239 28259 E IMGMapper: set:488 set: Unset optional value from type CTA861_3
10-27 13:06:23.272 28239 28259 E IMGMapper: set:488 set: Unset optional value from type SMPTE2086
10-27 13:06:23.272 28239 28259 E IMGMapper: set:488 set: Unset optional value from type CTA861_3
10-27 13:06:23.288 28239 28259 E IMGMapper: set:488 set: Unset optional value from type SMPTE2086
10-27 13:06:23.288 28239 28259 E IMGMapper: set:488 set: Unset optional value from type CTA861_3
10-27 13:06:23.306 28239 28259 E IMGMapper: set:488 set: Unset optional value from type SMPTE2086
10-27 13:06:23.307 28239 28259 E IMGMapper: set:488 set: Unset optional value from type CTA861_3
10-27 13:06:23.314  1737  1942 D MobileStatusTracker(0/2): onSignalStrengthsChanged level=4, vendorLevel=3
10-27 13:06:23.318  1737  1942 D MobileSignalController(0/2): notifyListener: enabled=true, connected=true, dataConnected=true, networkType=LTE (4G), emergencyOnly=false, roaming=false, isDefault=true, dataActivity=, level=3, ca=false, mmWave=false, disabledDataIcon=false, simCard=ETC
10-27 13:06:23.318  1737  1942 D NetworkController: SignalStrength from intent slotId=0
10-27 13:06:23.325 28239 28259 E IMGMapper: set:488 set: Unset optional value from type SMPTE2086
10-27 13:06:23.325 28239 28259 E IMGMapper: set:488 set: Unset optional value from type CTA861_3
10-27 13:06:23.340 28239 28259 E IMGMapper: set:488 set: Unset optional value from type SMPTE2086
10-27 13:06:23.340 28239 28259 E IMGMapper: set:488 set: Unset optional value from type CTA861_3
10-27 13:06:23.355 28239 28259 E IMGMapper: set:488 set: Unset optional value from type SMPTE2086
10-27 13:06:23.355 28239 28259 E IMGMapper: set:488 set: Unset optional value from type CTA861_3
10-27 13:06:23.372 28239 28259 E IMGMapper: set:488 set: Unset optional value from type SMPTE2086
10-27 13:06:23.372 28239 28259 E IMGMapper: set:488 set: Unset optional value from type CTA861_3
10-27 13:06:23.382  1187  1486 D SensorService: [SO] -0.656 1.878 9.797
10-27 13:06:23.390 28239 28259 E IMGMapper: set:488 set: Unset optional value from type SMPTE2086
10-27 13:06:23.390 28239 28259 E IMGMapper: set:488 set: Unset optional value from type CTA861_3
10-27 13:06:23.405 28239 28259 E IMGMapper: set:488 set: Unset optional value from type SMPTE2086
10-27 13:06:23.405 28239 28259 E IMGMapper: set:488 set: Unset optional value from type CTA861_3
10-27 13:06:23.422 28239 28259 E IMGMapper: set:488 set: Unset optional value from type SMPTE2086
10-27 13:06:23.422 28239 28259 E IMGMapper: set:488 set: Unset optional value from type CTA861_3
10-27 13:06:23.443 28239 28259 E IMGMapper: set:488 set: Unset optional value from type SMPTE2086
10-27 13:06:23.443 28239 28259 E IMGMapper: set:488 set: Unset optional value from type CTA861_3
10-27 13:06:23.457 28239 28259 E IMGMapper: set:488 set: Unset optional value from type SMPTE2086
10-27 13:06:23.457 28239 28259 E IMGMapper: set:488 set: Unset optional value from type CTA861_3
10-27 13:06:23.475 28239 28259 E IMGMapper: set:488 set: Unset optional value from type SMPTE2086
10-27 13:06:23.475 28239 28259 E IMGMapper: set:488 set: Unset optional value from type CTA861_3
10-27 13:06:23.487 28239 28259 E IMGMapper: set:488 set: Unset optional value from type SMPTE2086
10-27 13:06:23.487 28239 28259 E IMGMapper: set:488 set: Unset optional value from type CTA861_3
10-27 13:06:23.504 28239 28259 E IMGMapper: set:488 set: Unset optional value from type SMPTE2086
10-27 13:06:23.504 28239 28259 E IMGMapper: set:488 set: Unset optional value from type CTA861_3
10-27 13:06:23.522 28239 28259 E IMGMapper: set:488 set: Unset optional value from type SMPTE2086
10-27 13:06:23.522 28239 28259 E IMGMapper: set:488 set: Unset optional value from type CTA861_3
10-27 13:06:23.539 28239 28259 E IMGMapper: set:488 set: Unset optional value from type SMPTE2086
10-27 13:06:23.539 28239 28259 E IMGMapper: set:488 set: Unset optional value from type CTA861_3
10-27 13:06:23.552 28239 28259 E IMGMapper: set:488 set: Unset optional value from type SMPTE2086
10-27 13:06:23.553 28239 28259 E IMGMapper: set:488 set: Unset optional value from type CTA861_3
10-27 13:06:23.568 28239 28259 E IMGMapper: set:488 set: Unset optional value from type SMPTE2086
10-27 13:06:23.568 28239 28259 E IMGMapper: set:488 set: Unset optional value from type CTA861_3
10-27 13:06:23.843  1205  1205 I thermal_repeater: socket -1
10-27 13:06:24.045  1711  1793 I System.out: Broadcasting: Intent { act=com.sec.intent.action.SARDEVICE_CP flg=0x10000000 (has extras) }
10-27 13:06:24.052  1187  1527 D MotionRecognitionService: [SAR]  onReceive : SARDEVICE_CP, callAction = off deviceID = 2 slot = 0 device_ext = 0
10-27 13:06:24.052  1187  1527 I MotionRecognitionService: [SAR] id : 1 cmd :off
10-27 13:06:24.053  1711  2457 I System.out: Broadcast completed: result=0
10-27 13:06:24.579  1737  1942 D MobileStatusTracker(0/2): onSignalStrengthsChanged level=4, vendorLevel=3
10-27 13:06:24.582  1737  1942 D MobileSignalController(0/2): notifyListener: enabled=true, connected=true, dataConnected=true, networkType=LTE (4G), emergencyOnly=false, roaming=false, isDefault=true, dataActivity=, level=3, ca=false, mmWave=false, disabledDataIcon=false, simCard=ETC
10-27 13:06:24.583  1737  1942 D NetworkController: SignalStrength from intent slotId=0
10-27 13:06:24.819  1187  1369 D PowerManagerService: UserActivityStateListenerState: 0
10-27 13:06:25.001  1187  4538 D InputDispatcher: Inject motion (28447/2000): action=0x0, time=2933086633000000, f=0x0, d=0 dsdx=1.000000 dtdx=0.000000
10-27 13:06:25.003  1187  1534 I InputDispatcher: Delivering touch to (1737): action: 0x4, f=0x0, d=0, 'd92b8ad', t=1 
10-27 13:06:25.003  1187  1534 I InputDispatcher: Delivering touch to (28239): action: 0x0, f=0x0, d=0, '79e1fda', t=1 
10-27 13:06:25.004  1187  1534 D PowerManagerService: [api] userActivityFromNative :  (event: 2 flags: 0 displayId: 0) eventTime = 2933086633
10-27 13:06:25.004 28239 28239 I ViewRootImpl@d913698[MainActivity]: ViewPostIme pointer 0
10-27 13:06:25.005  1187  1303 I GestureDetector: obtain mCurrentDownEvent. id: -26260060 caller: com.android.server.wm.SystemGesturesPointerEventListener.onPointerEvent:203 com.android.server.wm.PointerEventDispatcher.onInputEvent:53 android.view.InputEventReceiver.dispatchInputEvent:285 
10-27 13:06:25.005  1187  1534 D PowerManagerService: UserActivityStateListenerState: 1
10-27 13:06:25.007  1187  1303 I GestureDetector: obtain mCurrentDownEvent. id: -26260060 caller: com.android.server.wm.SystemPerformancePointerEventListener.onPointerEvent:89 com.android.server.wm.PointerEventDispatcher.onInputEvent:53 android.view.InputEventReceiver.dispatchInputEvent:285 
10-27 13:06:25.018  1187  4538 D InputDispatcher: Inject motion (28447/2000): action=0x1, time=2933086633000000, f=0x0, d=0 dsdx=1.000000 dtdx=0.000000
10-27 13:06:25.020  1187  1534 I InputDispatcher: Delivering touch to (28239): action: 0x1, f=0x0, d=0, '79e1fda', t=1 
10-27 13:06:25.020 28239 28239 I ViewRootImpl@d913698[MainActivity]: ViewPostIme pointer 1
10-27 13:06:25.021  1187  1303 I GestureDetector: obtain mCurrentMotionEventRaw. action: 1 id: -553854638
10-27 13:06:25.022  1187  1303 I GestureDetector: obtain mCurrentMotionEventRaw. action: 1 id: -553854638
10-27 13:06:25.043 28239 28259 E IMGMapper: set:488 set: Unset optional value from type SMPTE2086
10-27 13:06:25.043 28239 28259 E IMGMapper: set:488 set: Unset optional value from type CTA861_3
10-27 13:06:25.056  1039  1039 I BufferQueueProducer: [com.cinemamovel/com.cinemamovel.MainActivity$_28239#595908](this:0xb400007a2639b838,id:-1,api:0,p:-1,c:1039) queueBuffer: fps=15.89 dur=2013.97 max=1464.80 min=15.94
10-27 13:06:25.058   991 11009 I hwcomposer: [HWCDisplay] [Display_0 (type:1)] fps:15.886040,dur:2014.35,max:1465.12,min:15.33  
10-27 13:06:25.065 28239 28259 E IMGMapper: set:488 set: Unset optional value from type SMPTE2086
10-27 13:06:25.065 28239 28259 E IMGMapper: set:488 set: Unset optional value from type CTA861_3
10-27 13:06:25.081 28239 28259 E IMGMapper: set:488 set: Unset optional value from type SMPTE2086
10-27 13:06:25.081 28239 28259 E IMGMapper: set:488 set: Unset optional value from type CTA861_3
10-27 13:06:25.099 28239 28259 E IMGMapper: set:488 set: Unset optional value from type SMPTE2086
10-27 13:06:25.099 28239 28259 E IMGMapper: set:488 set: Unset optional value from type CTA861_3
10-27 13:06:25.114 28239 28239 W [RNScreens]: backTitleVisible prop is not available on Android
10-27 13:06:25.114 28239 28239 W [RNScreens]: backTitleFontFamily prop is not available on Android
10-27 13:06:25.114 28239 28239 W [RNScreens]: disableBackButtonMenu prop is not available on Android
10-27 13:06:25.115 28239 28239 W [RNScreens]: largeTitleFontFamily prop is not available on Android
10-27 13:06:25.115 28239 28239 W [RNScreens]: largeTitleFontWeight prop is not available on Android
10-27 13:06:25.115 28239 28239 W [RNScreens]: largeTitleHideShadow prop is not available on Android
10-27 13:06:25.125 28239 28259 E IMGMapper: set:488 set: Unset optional value from type SMPTE2086
10-27 13:06:25.125 28239 28259 E IMGMapper: set:488 set: Unset optional value from type CTA861_3
10-27 13:06:25.146 28239 28259 E IMGMapper: set:488 set: Unset optional value from type SMPTE2086
10-27 13:06:25.146 28239 28259 E IMGMapper: set:488 set: Unset optional value from type CTA861_3
10-27 13:06:25.184 28239 28259 E IMGMapper: set:488 set: Unset optional value from type SMPTE2086
10-27 13:06:25.184 28239 28259 E IMGMapper: set:488 set: Unset optional value from type CTA861_3
10-27 13:06:25.196 28239 28259 E IMGMapper: set:488 set: Unset optional value from type SMPTE2086
10-27 13:06:25.196 28239 28259 E IMGMapper: set:488 set: Unset optional value from type CTA861_3
10-27 13:06:25.216 28239 28259 E IMGMapper: set:488 set: Unset optional value from type SMPTE2086
10-27 13:06:25.216 28239 28259 E IMGMapper: set:488 set: Unset optional value from type CTA861_3
10-27 13:06:25.232 28239 28259 E IMGMapper: set:488 set: Unset optional value from type SMPTE2086
10-27 13:06:25.232 28239 28259 E IMGMapper: set:488 set: Unset optional value from type CTA861_3
10-27 13:06:25.260 28239 28239 D ScrollView: initGoToTop
10-27 13:06:25.304 28239 28259 E IMGMapper: set:488 set: Unset optional value from type SMPTE2086
10-27 13:06:25.304 28239 28259 E IMGMapper: set:488 set: Unset optional value from type CTA861_3
10-27 13:06:25.305  1187  1303 I GestureDetector: handleMessage TAP
10-27 13:06:25.306  1187  1187 I GestureDetector: handleMessage TAP
10-27 13:06:25.319 28239 28259 E IMGMapper: set:488 set: Unset optional value from type SMPTE2086
10-27 13:06:25.319 28239 28259 E IMGMapper: set:488 set: Unset optional value from type CTA861_3
10-27 13:06:25.342 28239 28259 E IMGMapper: set:488 set: Unset optional value from type SMPTE2086
10-27 13:06:25.342 28239 28259 E IMGMapper: set:488 set: Unset optional value from type CTA861_3
10-27 13:06:25.356 28239 28259 E IMGMapper: set:488 set: Unset optional value from type SMPTE2086
10-27 13:06:25.357 28239 28259 E IMGMapper: set:488 set: Unset optional value from type CTA861_3
10-27 13:06:25.373 28239 28259 E IMGMapper: set:488 set: Unset optional value from type SMPTE2086
10-27 13:06:25.373 28239 28259 E IMGMapper: set:488 set: Unset optional value from type CTA861_3
10-27 13:06:25.389 28239 28259 E IMGMapper: set:488 set: Unset optional value from type SMPTE2086
10-27 13:06:25.389 28239 28259 E IMGMapper: set:488 set: Unset optional value from type CTA861_3
10-27 13:06:25.406 28239 28259 E IMGMapper: set:488 set: Unset optional value from type SMPTE2086
10-27 13:06:25.406 28239 28259 E IMGMapper: set:488 set: Unset optional value from type CTA861_3
10-27 13:06:25.425 28239 28259 E IMGMapper: set:488 set: Unset optional value from type SMPTE2086
10-27 13:06:25.425 28239 28259 E IMGMapper: set:488 set: Unset optional value from type CTA861_3
10-27 13:06:25.438 28239 28259 E IMGMapper: set:488 set: Unset optional value from type SMPTE2086
10-27 13:06:25.438 28239 28259 E IMGMapper: set:488 set: Unset optional value from type CTA861_3
10-27 13:06:25.454 28239 28259 E IMGMapper: set:488 set: Unset optional value from type SMPTE2086
10-27 13:06:25.454 28239 28259 E IMGMapper: set:488 set: Unset optional value from type CTA861_3
10-27 13:06:25.473 28239 28259 E IMGMapper: set:488 set: Unset optional value from type SMPTE2086
10-27 13:06:25.473 28239 28259 E IMGMapper: set:488 set: Unset optional value from type CTA861_3
10-27 13:06:25.488 28239 28259 E IMGMapper: set:488 set: Unset optional value from type SMPTE2086
10-27 13:06:25.488 28239 28259 E IMGMapper: set:488 set: Unset optional value from type CTA861_3
10-27 13:06:25.504 28239 28259 E IMGMapper: set:488 set: Unset optional value from type SMPTE2086
10-27 13:06:25.504 28239 28259 E IMGMapper: set:488 set: Unset optional value from type CTA861_3
10-27 13:06:25.521 28239 28259 E IMGMapper: set:488 set: Unset optional value from type SMPTE2086
10-27 13:06:25.521 28239 28259 E IMGMapper: set:488 set: Unset optional value from type CTA861_3
10-27 13:06:25.538 28239 28259 E IMGMapper: set:488 set: Unset optional value from type SMPTE2086
10-27 13:06:25.538 28239 28259 E IMGMapper: set:488 set: Unset optional value from type CTA861_3
10-27 13:06:25.553 28239 28259 E IMGMapper: set:488 set: Unset optional value from type SMPTE2086
10-27 13:06:25.553 28239 28259 E IMGMapper: set:488 set: Unset optional value from type CTA861_3
10-27 13:06:25.571 28239 28259 E IMGMapper: set:488 set: Unset optional value from type SMPTE2086
10-27 13:06:25.571 28239 28259 E IMGMapper: set:488 set: Unset optional value from type CTA861_3
10-27 13:06:25.588 28239 28259 E IMGMapper: set:488 set: Unset optional value from type SMPTE2086
10-27 13:06:25.588 28239 28259 E IMGMapper: set:488 set: Unset optional value from type CTA861_3
10-27 13:06:25.605 28239 28259 E IMGMapper: set:488 set: Unset optional value from type SMPTE2086
10-27 13:06:25.605 28239 28259 E IMGMapper: set:488 set: Unset optional value from type CTA861_3
10-27 13:06:25.623 28239 28259 E IMGMapper: set:488 set: Unset optional value from type SMPTE2086
10-27 13:06:25.623 28239 28259 E IMGMapper: set:488 set: Unset optional value from type CTA861_3
10-27 13:06:25.632 28239 28259 E IMGMapper: set:488 set: Unset optional value from type SMPTE2086
10-27 13:06:25.632 28239 28259 E IMGMapper: set:488 set: Unset optional value from type CTA861_3
10-27 13:06:25.649 28239 28259 E IMGMapper: set:488 set: Unset optional value from type SMPTE2086
10-27 13:06:25.649 28239 28259 E IMGMapper: set:488 set: Unset optional value from type CTA861_3
10-27 13:06:25.858  1737  1942 D MobileStatusTracker(0/2): onSignalStrengthsChanged level=4, vendorLevel=3
10-27 13:06:25.862  1737  1942 D MobileSignalController(0/2): notifyListener: enabled=true, connected=true, dataConnected=true, networkType=LTE (4G), emergencyOnly=false, roaming=false, isDefault=true, dataActivity=, level=3, ca=false, mmWave=false, disabledDataIcon=false, simCard=ETC
10-27 13:06:25.863  1737  1942 D NetworkController: SignalStrength from intent slotId=0
10-27 13:06:25.896  1711  1793 I System.out: Broadcasting: Intent { act=com.sec.intent.action.CP_CHAN_INFO flg=0x1000000 (has extras) }
10-27 13:06:25.899  1187  4545 W ActivityManager: Broadcast Intent { act=com.sec.intent.action.CP_CHAN_INFO flg=0x1000010 (has extras) } not ordered but result callback requested!
10-27 13:06:25.901  1711  2457 I System.out: Broadcast completed: result=0
10-27 13:06:25.923   840  1007 D SemNativeCarrierFeature_vendor: getInstance
10-27 13:06:25.926   840  1007 D SemNativeCarrierFeature_vendor: getInstance
10-27 13:06:25.962   543   543 D io_stats: !@ 179,0 r 548192234 6629184130 w 95238727 1007927872 d 1259540 33790644 f 0 0 iot 274531180 0 th 0 0 0 pt 0 inp 0 0 2933087.594
10-27 13:06:25.973   840  1007 D SemNativeCarrierFeature_vendor: getInstance
10-27 13:06:25.983   840   865 D SemNativeCarrierFeature_vendor: getInstance
10-27 13:06:25.993   840  1007 D SemNativeCarrierFeature_vendor: getInstance
10-27 13:06:26.005   840   865 D SemNativeCarrierFeature_vendor: getInstance
10-27 13:06:26.014  2025  2216 I PhoneStateTracker<0>: onCellInfoChanged: xxxxx
10-27 13:06:26.014  2025  2216 I ImsCallSessionManager: onCellInfoChanged, phoneId: 0
10-27 13:06:26.015  2025  2216 I RegiMgr-Handler: handleMessage: EVENT_CELL_INFO_CHANGED
10-27 13:06:26.015  2025  2216 I RegiMgr<0>: updatePani RegisterTask[0][mProfile=ZTA IMS VoLTE, mRegistrationRat=13, mPdnType=11, mState=CONNECTING, mObject=null, mReason=, mPcscfHostname=null, mDeregiReason=41]
10-27 13:06:26.017  2025  2216 I PaniGenerator<0>: generate: subId=2, network=13
10-27 13:06:26.017  2025  2216 I PaniGenerator<0>: generate: network=13, fallbackPlmn=72405
10-27 13:06:26.017  2025  2216 I PdnController<0>: getAllCellInfo mNeedCellLocationUpdate : false
10-27 13:06:26.017  2025  2216 I PaniGenerator: generate: change to NW PLMN(72405)
10-27 13:06:26.025  2025  2216 I RegiMgr<0>: tryRegister:
10-27 13:06:26.025  2025  2216 I RegiMgr<0>: RegisterTask(s): ZTA IMS VoLTE (CONNECTING), ZTA RCS (IDLE)
10-27 13:06:26.026  2025  2216 I RegiMgr<1>: RegisterTask(s): Oi RCS (IDLE)
10-27 13:06:26.026  2025  2216 I RcsPolicyMgr<0>: pendingRcsRegister: mActiveDataPhoneId = 0
10-27 13:06:26.026  2025  2216 I RegisterTask: isSuspended: mSuspended(false) mSuspendByIrat(false)
10-27 13:06:26.026  2025  2216 I RegiMgr<0>: [ZTA IMS VoLTE|CONNECTING] checkForTryRegister id: 966
10-27 13:06:26.026  2025  2216 I RegiMgr : isPdnConnected: false, PdnType: 11
10-27 13:06:26.030  2025  2216 I PdnController: getDefaultNetworkBearer: CELLULAR
10-27 13:06:26.031  2025  2216 I PdnController<0>: isNetworkAvailable: isEpdgConnected=false getDataNetworkType()=13
10-27 13:06:26.035  2025  2216 I RegiMgr-Utils<0>: findBestNetwork: LTE
10-27 13:06:26.036  2025  2216 I RegiGvnBase<0>: isReadyToDualRegister : true
