10-27 13:06:08.389 28239 28259 E IMGMapper: set:488 set: Unset optional value from type SMPTE2086
10-27 13:06:08.389 28239 28259 E IMGMapper: set:488 set: Unset optional value from type CTA861_3
10-27 13:06:08.406 28239 28259 E IMGMapper: set:488 set: Unset optional value from type SMPTE2086
10-27 13:06:08.406 28239 28259 E IMGMapper: set:488 set: Unset optional value from type CTA861_3
10-27 13:06:08.424 28239 28259 E IMGMapper: set:488 set: Unset optional value from type SMPTE2086
10-27 13:06:08.424 28239 28259 E IMGMapper: set:488 set: Unset optional value from type CTA861_3
10-27 13:06:08.439 28239 28259 E IMGMapper: set:488 set: Unset optional value from type SMPTE2086
10-27 13:06:08.439 28239 28259 E IMGMapper: set:488 set: Unset optional value from type CTA861_3
10-27 13:06:08.457 28239 28259 E IMGMapper: set:488 set: Unset optional value from type SMPTE2086
10-27 13:06:08.457 28239 28259 E IMGMapper: set:488 set: Unset optional value from type CTA861_3
10-27 13:06:08.472 28239 28259 E IMGMapper: set:488 set: Unset optional value from type SMPTE2086
10-27 13:06:08.472 28239 28259 E IMGMapper: set:488 set: Unset optional value from type CTA861_3
10-27 13:06:08.490 28239 28259 E IMGMapper: set:488 set: Unset optional value from type SMPTE2086
10-27 13:06:08.490 28239 28259 E IMGMapper: set:488 set: Unset optional value from type CTA861_3
10-27 13:06:08.507 28239 28259 E IMGMapper: set:488 set: Unset optional value from type SMPTE2086
10-27 13:06:08.508 28239 28259 E IMGMapper: set:488 set: Unset optional value from type CTA861_3
10-27 13:06:08.522 28239 28259 E IMGMapper: set:488 set: Unset optional value from type SMPTE2086
10-27 13:06:08.523 28239 28259 E IMGMapper: set:488 set: Unset optional value from type CTA861_3
10-27 13:06:08.540 28239 28259 E IMGMapper: set:488 set: Unset optional value from type SMPTE2086
10-27 13:06:08.540 28239 28259 E IMGMapper: set:488 set: Unset optional value from type CTA861_3
10-27 13:06:08.555 28239 28259 E IMGMapper: set:488 set: Unset optional value from type SMPTE2086
10-27 13:06:08.555 28239 28259 E IMGMapper: set:488 set: Unset optional value from type CTA861_3
10-27 13:06:08.572 28239 28259 E IMGMapper: set:488 set: Unset optional value from type SMPTE2086
10-27 13:06:08.572 28239 28259 E IMGMapper: set:488 set: Unset optional value from type CTA861_3
10-27 13:06:08.590 28239 28259 E IMGMapper: set:488 set: Unset optional value from type SMPTE2086
10-27 13:06:08.590 28239 28259 E IMGMapper: set:488 set: Unset optional value from type CTA861_3
10-27 13:06:08.606 28239 28259 E IMGMapper: set:488 set: Unset optional value from type SMPTE2086
10-27 13:06:08.606 28239 28259 E IMGMapper: set:488 set: Unset optional value from type CTA861_3
10-27 13:06:08.624 28239 28259 E IMGMapper: set:488 set: Unset optional value from type SMPTE2086
10-27 13:06:08.624 28239 28259 E IMGMapper: set:488 set: Unset optional value from type CTA861_3
10-27 13:06:08.640 28239 28259 E IMGMapper: set:488 set: Unset optional value from type SMPTE2086
10-27 13:06:08.641 28239 28259 E IMGMapper: set:488 set: Unset optional value from type CTA861_3
10-27 13:06:08.655 28239 28259 E IMGMapper: set:488 set: Unset optional value from type SMPTE2086
10-27 13:06:08.655 28239 28259 E IMGMapper: set:488 set: Unset optional value from type CTA861_3
10-27 13:06:08.671 28239 28259 E IMGMapper: set:488 set: Unset optional value from type SMPTE2086
10-27 13:06:08.671 28239 28259 E IMGMapper: set:488 set: Unset optional value from type CTA861_3
10-27 13:06:08.839  1205  1205 I thermal_repeater: socket -1
10-27 13:06:09.235  1737  1942 D MobileStatusTracker(0/2): onSignalStrengthsChanged level=4, vendorLevel=3
10-27 13:06:09.238  1737  1942 D MobileSignalController(0/2): notifyListener: enabled=true, connected=true, dataConnected=true, networkType=LTE (4G), emergencyOnly=false, roaming=false, isDefault=true, dataActivity=inout, level=3, ca=false, mmWave=false, disabledDataIcon=false, simCard=ETC
10-27 13:06:09.240  1737  1942 D NetworkController: SignalStrength from intent slotId=0
10-27 13:06:09.870  1187  1369 D PowerManagerService: UserActivityStateListenerState: 0
10-27 13:06:09.955   543   543 D io_stats: !@ 179,0 r 548192214 6629183978 w 95238687 1007927472 d 1259540 33790644 f 0 0 iot 274531164 0 th 0 0 0 pt 0 inp 0 0 2933071.588
10-27 13:06:10.071  1187  1299 D InputDispatcher: Inject motion (28392/2000): action=0x0, time=2933071703000000, f=0x0, d=0 dsdx=1.000000 dtdx=0.000000
10-27 13:06:10.071  1187  1534 I InputDispatcher: Delivering touch to (1737): action: 0x4, f=0x0, d=0, 'd92b8ad', t=1 
10-27 13:06:10.071  1187  1534 I InputDispatcher: Delivering touch to (28239): action: 0x0, f=0x0, d=0, '79e1fda', t=1 
10-27 13:06:10.072  1187  1534 D PowerManagerService: [api] userActivityFromNative :  (event: 2 flags: 0 displayId: 0) eventTime = 2933071703
10-27 13:06:10.072 28239 28239 I ViewRootImpl@d913698[MainActivity]: ViewPostIme pointer 0
10-27 13:06:10.072  1187  1303 I GestureDetector: obtain mCurrentDownEvent. id: -101470544 caller: com.android.server.wm.SystemGesturesPointerEventListener.onPointerEvent:203 com.android.server.wm.PointerEventDispatcher.onInputEvent:53 android.view.InputEventReceiver.dispatchInputEvent:285 
10-27 13:06:10.072  1187  1534 D PowerManagerService: UserActivityStateListenerState: 1
10-27 13:06:10.073  1187  1303 I GestureDetector: obtain mCurrentDownEvent. id: -101470544 caller: com.android.server.wm.SystemPerformancePointerEventListener.onPointerEvent:89 com.android.server.wm.PointerEventDispatcher.onInputEvent:53 android.view.InputEventReceiver.dispatchInputEvent:285 
10-27 13:06:10.082  1187  1299 D InputDispatcher: Inject motion (28392/2000): action=0x1, time=2933071703000000, f=0x0, d=0 dsdx=1.000000 dtdx=0.000000
10-27 13:06:10.083  1187  1534 I InputDispatcher: Delivering touch to (28239): action: 0x1, f=0x0, d=0, '79e1fda', t=1 
10-27 13:06:10.083 28239 28239 I ViewRootImpl@d913698[MainActivity]: ViewPostIme pointer 1
10-27 13:06:10.084  1187  1303 I GestureDetector: obtain mCurrentMotionEventRaw. action: 1 id: -218908575
10-27 13:06:10.084  1187  1303 I GestureDetector: obtain mCurrentMotionEventRaw. action: 1 id: -218908575
10-27 13:06:10.105 28239 28259 E IMGMapper: set:488 set: Unset optional value from type SMPTE2086
10-27 13:06:10.105 28239 28259 E IMGMapper: set:488 set: Unset optional value from type CTA861_3
10-27 13:06:10.109  1039  1039 I BufferQueueProducer: [com.cinemamovel/com.cinemamovel.MainActivity$_28239#595908](this:0xb400007a2639b838,id:-1,api:0,p:-1,c:1039) queueBuffer: fps=16.02 dur=1997.28 max=1415.00 min=15.50
10-27 13:06:10.112   991 11009 I hwcomposer: [HWCDisplay] [Display_0 (type:1)] fps:16.519161,dur:1997.68,max:1416.06,min:15.20  
10-27 13:06:10.133 28239 28259 E IMGMapper: set:488 set: Unset optional value from type SMPTE2086
10-27 13:06:10.134 28239 28259 E IMGMapper: set:488 set: Unset optional value from type CTA861_3
10-27 13:06:10.153 28239 28259 E IMGMapper: set:488 set: Unset optional value from type SMPTE2086
10-27 13:06:10.153 28239 28259 E IMGMapper: set:488 set: Unset optional value from type CTA861_3
10-27 13:06:10.159  1737  1942 D MobileStatusTracker(0/2): onDataActivity: direction=0
10-27 13:06:10.161  1737  1942 D MobileSignalController(0/2): notifyListener: enabled=true, connected=true, dataConnected=true, networkType=LTE (4G), emergencyOnly=false, roaming=false, isDefault=true, dataActivity=, level=3, ca=false, mmWave=false, disabledDataIcon=false, simCard=ETC
10-27 13:06:10.182  1737  1796 E IMGMapper: set:488 set: Unset optional value from type SMPTE2086
10-27 13:06:10.182  1737  1796 E IMGMapper: set:488 set: Unset optional value from type CTA861_3
10-27 13:06:10.192 28239 28239 W [RNScreens]: backTitleVisible prop is not available on Android
10-27 13:06:10.192 28239 28239 W [RNScreens]: backTitleFontFamily prop is not available on Android
10-27 13:06:10.192 28239 28239 W [RNScreens]: disableBackButtonMenu prop is not available on Android
10-27 13:06:10.192 28239 28239 W [RNScreens]: largeTitleFontFamily prop is not available on Android
10-27 13:06:10.192  1039  1039 I BufferQueueProducer: [StatusBar$_1737#534029](this:0xb400007a1f0ca838,id:-1,api:0,p:-1,c:1039) queueBuffer: fps=0.49 dur=2030.03 max=2030.03 min=2030.03
10-27 13:06:10.192 28239 28239 W [RNScreens]: largeTitleFontWeight prop is not available on Android
10-27 13:06:10.192 28239 28239 W [RNScreens]: largeTitleHideShadow prop is not available on Android
10-27 13:06:10.211 28239 28259 E IMGMapper: set:488 set: Unset optional value from type SMPTE2086
10-27 13:06:10.212 28239 28259 E IMGMapper: set:488 set: Unset optional value from type CTA861_3
10-27 13:06:10.228  1737  1942 D MobileStatusTracker(0/2): onSignalStrengthsChanged level=4, vendorLevel=3
10-27 13:06:10.230  1737  1942 D MobileSignalController(0/2): notifyListener: enabled=true, connected=true, dataConnected=true, networkType=LTE (4G), emergencyOnly=false, roaming=false, isDefault=true, dataActivity=, level=3, ca=false, mmWave=false, disabledDataIcon=false, simCard=ETC
10-27 13:06:10.231  1737  1942 D NetworkController: SignalStrength from intent slotId=0
10-27 13:06:10.252 28239 28259 E IMGMapper: set:488 set: Unset optional value from type SMPTE2086
10-27 13:06:10.252 28239 28259 E IMGMapper: set:488 set: Unset optional value from type CTA861_3
10-27 13:06:10.265 28239 28259 E IMGMapper: set:488 set: Unset optional value from type SMPTE2086
10-27 13:06:10.265 28239 28259 E IMGMapper: set:488 set: Unset optional value from type CTA861_3
10-27 13:06:10.284 28239 28259 E IMGMapper: set:488 set: Unset optional value from type SMPTE2086
10-27 13:06:10.284 28239 28259 E IMGMapper: set:488 set: Unset optional value from type CTA861_3
10-27 13:06:10.302 28239 28259 E IMGMapper: set:488 set: Unset optional value from type SMPTE2086
10-27 13:06:10.302 28239 28259 E IMGMapper: set:488 set: Unset optional value from type CTA861_3
10-27 13:06:10.329 28239 28239 D ScrollView: initGoToTop
10-27 13:06:10.371 28239 28259 E IMGMapper: set:488 set: Unset optional value from type SMPTE2086
10-27 13:06:10.371 28239 28259 E IMGMapper: set:488 set: Unset optional value from type CTA861_3
10-27 13:06:10.372  1187  1303 I GestureDetector: handleMessage TAP
10-27 13:06:10.373  1187  1187 I GestureDetector: handleMessage TAP
10-27 13:06:10.398 28239 28259 E IMGMapper: set:488 set: Unset optional value from type SMPTE2086
10-27 13:06:10.398 28239 28259 E IMGMapper: set:488 set: Unset optional value from type CTA861_3
10-27 13:06:10.412 28239 28259 E IMGMapper: set:488 set: Unset optional value from type SMPTE2086
10-27 13:06:10.413 28239 28259 E IMGMapper: set:488 set: Unset optional value from type CTA861_3
10-27 13:06:10.428 28239 28259 E IMGMapper: set:488 set: Unset optional value from type SMPTE2086
10-27 13:06:10.429 28239 28259 E IMGMapper: set:488 set: Unset optional value from type CTA861_3
10-27 13:06:10.446 28239 28259 E IMGMapper: set:488 set: Unset optional value from type SMPTE2086
10-27 13:06:10.447 28239 28259 E IMGMapper: set:488 set: Unset optional value from type CTA861_3
10-27 13:06:10.463 28239 28259 E IMGMapper: set:488 set: Unset optional value from type SMPTE2086
10-27 13:06:10.463 28239 28259 E IMGMapper: set:488 set: Unset optional value from type CTA861_3
10-27 13:06:10.475 28239 28259 E IMGMapper: set:488 set: Unset optional value from type SMPTE2086
10-27 13:06:10.475 28239 28259 E IMGMapper: set:488 set: Unset optional value from type CTA861_3
10-27 13:06:10.495 28239 28259 E IMGMapper: set:488 set: Unset optional value from type SMPTE2086
10-27 13:06:10.496 28239 28259 E IMGMapper: set:488 set: Unset optional value from type CTA861_3
10-27 13:06:10.510 28239 28259 E IMGMapper: set:488 set: Unset optional value from type SMPTE2086
10-27 13:06:10.510 28239 28259 E IMGMapper: set:488 set: Unset optional value from type CTA861_3
10-27 13:06:10.523 28239 28259 E IMGMapper: set:488 set: Unset optional value from type SMPTE2086
10-27 13:06:10.523 28239 28259 E IMGMapper: set:488 set: Unset optional value from type CTA861_3
10-27 13:06:10.542 28239 28259 E IMGMapper: set:488 set: Unset optional value from type SMPTE2086
10-27 13:06:10.542 28239 28259 E IMGMapper: set:488 set: Unset optional value from type CTA861_3
10-27 13:06:10.558 28239 28259 E IMGMapper: set:488 set: Unset optional value from type SMPTE2086
10-27 13:06:10.558 28239 28259 E IMGMapper: set:488 set: Unset optional value from type CTA861_3
10-27 13:06:10.574 28239 28259 E IMGMapper: set:488 set: Unset optional value from type SMPTE2086
10-27 13:06:10.574 28239 28259 E IMGMapper: set:488 set: Unset optional value from type CTA861_3
10-27 13:06:10.591 28239 28259 E IMGMapper: set:488 set: Unset optional value from type SMPTE2086
10-27 13:06:10.591 28239 28259 E IMGMapper: set:488 set: Unset optional value from type CTA861_3
10-27 13:06:10.609 28239 28259 E IMGMapper: set:488 set: Unset optional value from type SMPTE2086
10-27 13:06:10.609 28239 28259 E IMGMapper: set:488 set: Unset optional value from type CTA861_3
10-27 13:06:10.626 28239 28259 E IMGMapper: set:488 set: Unset optional value from type SMPTE2086
10-27 13:06:10.626 28239 28259 E IMGMapper: set:488 set: Unset optional value from type CTA861_3
10-27 13:06:10.643 28239 28259 E IMGMapper: set:488 set: Unset optional value from type SMPTE2086
10-27 13:06:10.643 28239 28259 E IMGMapper: set:488 set: Unset optional value from type CTA861_3
10-27 13:06:10.661 28239 28259 E IMGMapper: set:488 set: Unset optional value from type SMPTE2086
10-27 13:06:10.661 28239 28259 E IMGMapper: set:488 set: Unset optional value from type CTA861_3
10-27 13:06:10.681 28239 28259 E IMGMapper: set:488 set: Unset optional value from type SMPTE2086
10-27 13:06:10.681 28239 28259 E IMGMapper: set:488 set: Unset optional value from type CTA861_3
10-27 13:06:10.694 28239 28259 E IMGMapper: set:488 set: Unset optional value from type SMPTE2086
10-27 13:06:10.694 28239 28259 E IMGMapper: set:488 set: Unset optional value from type CTA861_3
10-27 13:06:10.707 28239 28259 E IMGMapper: set:488 set: Unset optional value from type SMPTE2086
10-27 13:06:10.707 28239 28259 E IMGMapper: set:488 set: Unset optional value from type CTA861_3
10-27 13:06:10.722 28239 28259 E IMGMapper: set:488 set: Unset optional value from type SMPTE2086
10-27 13:06:10.722 28239 28259 E IMGMapper: set:488 set: Unset optional value from type CTA861_3
10-27 13:06:11.236  1737  1942 D MobileStatusTracker(0/2): onSignalStrengthsChanged level=4, vendorLevel=3
10-27 13:06:11.241  1737  1942 D MobileSignalController(0/2): notifyListener: enabled=true, connected=true, dataConnected=true, networkType=LTE (4G), emergencyOnly=false, roaming=false, isDefault=true, dataActivity=, level=3, ca=false, mmWave=false, disabledDataIcon=false, simCard=ETC
10-27 13:06:11.241  1737  1942 D NetworkController: SignalStrength from intent slotId=0
10-27 13:06:11.957   543   543 D io_stats: !@ 179,0 r 548192225 6629184070 w 95238716 1007927792 d 1259540 33790644 f 0 0 iot 274531176 0 th 0 0 0 pt 0 inp 0 0 2933073.589
10-27 13:06:12.160  1187  4538 D InputDispatcher: Inject motion (28397/2000): action=0x0, time=2933073792000000, f=0x0, d=0 dsdx=1.000000 dtdx=0.000000
10-27 13:06:12.160  1187  1534 I InputDispatcher: Delivering touch to (1737): action: 0x4, f=0x0, d=0, 'd92b8ad', t=1 
10-27 13:06:12.160  1187  1534 I InputDispatcher: Delivering touch to (28239): action: 0x0, f=0x0, d=0, '79e1fda', t=1 
10-27 13:06:12.161  1187  1534 D PowerManagerService: [api] userActivityFromNative :  (event: 2 flags: 0 displayId: 0) eventTime = 2933073792
10-27 13:06:12.162  1187  1303 I GestureDetector: obtain mCurrentDownEvent. id: -469534935 caller: com.android.server.wm.SystemGesturesPointerEventListener.onPointerEvent:203 com.android.server.wm.PointerEventDispatcher.onInputEvent:53 android.view.InputEventReceiver.dispatchInputEvent:285 
10-27 13:06:12.162 28239 28239 I ViewRootImpl@d913698[MainActivity]: ViewPostIme pointer 0
10-27 13:06:12.162  1187  1303 I GestureDetector: obtain mCurrentDownEvent. id: -469534935 caller: com.android.server.wm.SystemPerformancePointerEventListener.onPointerEvent:89 com.android.server.wm.PointerEventDispatcher.onInputEvent:53 android.view.InputEventReceiver.dispatchInputEvent:285 
10-27 13:06:12.168  1187  4538 D InputDispatcher: Inject motion (28397/2000): action=0x1, time=2933073792000000, f=0x0, d=0 dsdx=1.000000 dtdx=0.000000
10-27 13:06:12.169  1187  1534 I InputDispatcher: Delivering touch to (28239): action: 0x1, f=0x0, d=0, '79e1fda', t=1 
10-27 13:06:12.169 28239 28239 I ViewRootImpl@d913698[MainActivity]: ViewPostIme pointer 1
10-27 13:06:12.169  1187  1303 I GestureDetector: obtain mCurrentMotionEventRaw. action: 1 id: -262680517
10-27 13:06:12.170  1187  1303 I GestureDetector: obtain mCurrentMotionEventRaw. action: 1 id: -262680517
10-27 13:06:12.252 28239 28259 E IMGMapper: set:488 set: Unset optional value from type SMPTE2086
10-27 13:06:12.252 28239 28259 E IMGMapper: set:488 set: Unset optional value from type CTA861_3
10-27 13:06:12.257  1039  1039 I BufferQueueProducer: [com.cinemamovel/com.cinemamovel.MainActivity$_28239#595908](this:0xb400007a2639b838,id:-1,api:0,p:-1,c:1039) queueBuffer: fps=13.97 dur=2147.88 max=1514.77 min=16.25
10-27 13:06:12.259   991 11009 I hwcomposer: [HWCDisplay] [Display_0 (type:1)] fps:14.438668,dur:2147.01,max:1514.51,min:16.07  
10-27 13:06:12.261 28239 28259 E IMGMapper: set:488 set: Unset optional value from type SMPTE2086
10-27 13:06:12.262 28239 28259 E IMGMapper: set:488 set: Unset optional value from type CTA861_3
10-27 13:06:12.271  1737  1942 D MobileStatusTracker(0/2): onSignalStrengthsChanged level=4, vendorLevel=3
10-27 13:06:12.273  1737  1942 D MobileSignalController(0/2): notifyListener: enabled=true, connected=true, dataConnected=true, networkType=LTE (4G), emergencyOnly=false, roaming=false, isDefault=true, dataActivity=, level=3, ca=false, mmWave=false, disabledDataIcon=false, simCard=ETC
10-27 13:06:12.273  1737  1942 D NetworkController: SignalStrength from intent slotId=0
10-27 13:06:12.462  1187  1303 I GestureDetector: handleMessage TAP
10-27 13:06:12.462  1187  1187 I GestureDetector: handleMessage TAP
10-27 13:06:13.243  1187  4538 D InputDispatcher: Inject motion (28402/2000): action=0x0, time=2933074876000000, f=0x0, d=0 dsdx=1.000000 dtdx=0.000000
10-27 13:06:13.244  1187  1534 I InputDispatcher: Delivering touch to (1737): action: 0x4, f=0x0, d=0, 'd92b8ad', t=1 
10-27 13:06:13.244  1187  1534 I InputDispatcher: Delivering touch to (28239): action: 0x0, f=0x0, d=0, '79e1fda', t=1 
10-27 13:06:13.244  1187  1534 D PowerManagerService: [api] userActivityFromNative :  (event: 2 flags: 0 displayId: 0) eventTime = 2933074876
10-27 13:06:13.245 28239 28239 I ViewRootImpl@d913698[MainActivity]: ViewPostIme pointer 0
10-27 13:06:13.245  1187  1303 I GestureDetector: obtain mCurrentDownEvent. id: -271183469 caller: com.android.server.wm.SystemGesturesPointerEventListener.onPointerEvent:203 com.android.server.wm.PointerEventDispatcher.onInputEvent:53 android.view.InputEventReceiver.dispatchInputEvent:285 
10-27 13:06:13.246  1187  1303 I GestureDetector: obtain mCurrentDownEvent. id: -271183469 caller: com.android.server.wm.SystemPerformancePointerEventListener.onPointerEvent:89 com.android.server.wm.PointerEventDispatcher.onInputEvent:53 android.view.InputEventReceiver.dispatchInputEvent:285 
10-27 13:06:13.258  1187  4538 D InputDispatcher: Inject motion (28402/2000): action=0x1, time=2933074876000000, f=0x0, d=0 dsdx=1.000000 dtdx=0.000000
10-27 13:06:13.259  1187  1534 I InputDispatcher: Delivering touch to (28239): action: 0x1, f=0x0, d=0, '79e1fda', t=1 
10-27 13:06:13.260 28239 28239 I ViewRootImpl@d913698[MainActivity]: ViewPostIme pointer 1
10-27 13:06:13.260  1187  1303 I GestureDetector: obtain mCurrentMotionEventRaw. action: 1 id: -405712606
10-27 13:06:13.261  1187  1303 I GestureDetector: obtain mCurrentMotionEventRaw. action: 1 id: -405712606
10-27 13:06:13.270  1737  1942 D MobileStatusTracker(0/2): onSignalStrengthsChanged level=4, vendorLevel=3
10-27 13:06:13.277  1737  1942 D MobileSignalController(0/2): notifyListener: enabled=true, connected=true, dataConnected=true, networkType=LTE (4G), emergencyOnly=false, roaming=false, isDefault=true, dataActivity=, level=3, ca=false, mmWave=false, disabledDataIcon=false, simCard=ETC
10-27 13:06:13.277  1737  1942 D NetworkController: SignalStrength from intent slotId=0
10-27 13:06:13.284 28239 28259 E IMGMapper: set:488 set: Unset optional value from type SMPTE2086
10-27 13:06:13.284 28239 28259 E IMGMapper: set:488 set: Unset optional value from type CTA861_3
10-27 13:06:13.289  1039  1039 I BufferQueueProducer: [com.cinemamovel/com.cinemamovel.MainActivity$_28239#595908](this:0xb400007a2639b838,id:-1,api:0,p:-1,c:1039) queueBuffer: fps=1.94 dur=1031.48 max=1015.26 min=16.22
10-27 13:06:13.290   991 11009 I hwcomposer: [HWCDisplay] [Display_0 (type:1)] fps:1.939461,dur:1031.21,max:1015.52,min:15.69  
10-27 13:06:13.312 28239 28259 E IMGMapper: set:488 set: Unset optional value from type SMPTE2086
10-27 13:06:13.312 28239 28259 E IMGMapper: set:488 set: Unset optional value from type CTA861_3
10-27 13:06:13.318  1187  1351 D BatteryExternalStatsWorker: update stats : update-network-download (6)
10-27 13:06:13.318  1187  1351 D BatteryExternalStatsWorker: Update Rail Energy data
10-27 13:06:13.318  1187  1351 D BatteryExternalStatsWorker: Fetch modem data
10-27 13:06:13.329 28239 28259 E IMGMapper: set:488 set: Unset optional value from type SMPTE2086
10-27 13:06:13.329 28239 28259 E IMGMapper: set:488 set: Unset optional value from type CTA861_3
10-27 13:06:13.352  1187  4538 W TelephonyManager: requestModemActivityInfo: Received an invalid ModemActivityInfo
10-27 13:06:13.352  1187  4538 W BatteryExternalStatsWorker: error reading modem stats:ERROR_INVALID_INFO_RECEIVED
10-27 13:06:13.352  1187  1351 D BatteryExternalStatsWorker: mStats lock released
10-27 13:06:13.352  1187  1351 D BatteryExternalStatsWorker: done updateExternalStatsLocked
10-27 13:06:13.359 28239 28259 E IMGMapper: set:488 set: Unset optional value from type SMPTE2086
10-27 13:06:13.360 28239 28259 E IMGMapper: set:488 set: Unset optional value from type CTA861_3
10-27 13:06:13.367 28239 28259 E IMGMapper: set:488 set: Unset optional value from type SMPTE2086
10-27 13:06:13.367 28239 28259 E IMGMapper: set:488 set: Unset optional value from type CTA861_3
10-27 13:06:13.381 28239 28259 E IMGMapper: set:488 set: Unset optional value from type SMPTE2086
10-27 13:06:13.382 28239 28259 E IMGMapper: set:488 set: Unset optional value from type CTA861_3
10-27 13:06:13.400 28239 28259 E IMGMapper: set:488 set: Unset optional value from type SMPTE2086
10-27 13:06:13.401 28239 28259 E IMGMapper: set:488 set: Unset optional value from type CTA861_3
10-27 13:06:13.415 28239 28259 E IMGMapper: set:488 set: Unset optional value from type SMPTE2086
10-27 13:06:13.415 28239 28259 E IMGMapper: set:488 set: Unset optional value from type CTA861_3
10-27 13:06:13.431 28239 28259 E IMGMapper: set:488 set: Unset optional value from type SMPTE2086
10-27 13:06:13.432 28239 28259 E IMGMapper: set:488 set: Unset optional value from type CTA861_3
10-27 13:06:13.450 28239 28259 E IMGMapper: set:488 set: Unset optional value from type SMPTE2086
10-27 13:06:13.450 28239 28259 E IMGMapper: set:488 set: Unset optional value from type CTA861_3
10-27 13:06:13.467 28239 28259 E IMGMapper: set:488 set: Unset optional value from type SMPTE2086
10-27 13:06:13.467 28239 28259 E IMGMapper: set:488 set: Unset optional value from type CTA861_3
10-27 13:06:13.484 28239 28259 E IMGMapper: set:488 set: Unset optional value from type SMPTE2086
10-27 13:06:13.484 28239 28259 E IMGMapper: set:488 set: Unset optional value from type CTA861_3
10-27 13:06:13.499 28239 28259 E IMGMapper: set:488 set: Unset optional value from type SMPTE2086
10-27 13:06:13.500 28239 28259 E IMGMapper: set:488 set: Unset optional value from type CTA861_3
10-27 13:06:13.516 28239 28259 E IMGMapper: set:488 set: Unset optional value from type SMPTE2086
10-27 13:06:13.516 28239 28259 E IMGMapper: set:488 set: Unset optional value from type CTA861_3
10-27 13:06:13.533 28239 28259 E IMGMapper: set:488 set: Unset optional value from type SMPTE2086
10-27 13:06:13.533 28239 28259 E IMGMapper: set:488 set: Unset optional value from type CTA861_3
10-27 13:06:13.545  1187  1303 I GestureDetector: handleMessage TAP
10-27 13:06:13.547  1187  1187 I GestureDetector: handleMessage TAP
10-27 13:06:13.550 28239 28259 E IMGMapper: set:488 set: Unset optional value from type SMPTE2086
10-27 13:06:13.551 28239 28259 E IMGMapper: set:488 set: Unset optional value from type CTA861_3
10-27 13:06:13.572 28239 28259 E IMGMapper: set:488 set: Unset optional value from type SMPTE2086
10-27 13:06:13.572 28239 28259 E IMGMapper: set:488 set: Unset optional value from type CTA861_3
10-27 13:06:13.840  1205  1205 I thermal_repeater: socket -1
10-27 13:06:13.980  1187  1486 D SensorService: [SO] -0.675 1.897 9.797
10-27 13:06:14.211  1737  1942 D MobileStatusTracker(0/2): onDataActivity: direction=3
10-27 13:06:14.216  1737  1942 D MobileSignalController(0/2): notifyListener: enabled=true, connected=true, dataConnected=true, networkType=LTE (4G), emergencyOnly=false, roaming=false, isDefault=true, dataActivity=inout, level=3, ca=false, mmWave=false, disabledDataIcon=false, simCard=ETC
10-27 13:06:14.231  1737  1796 E IMGMapper: set:488 set: Unset optional value from type SMPTE2086
10-27 13:06:14.231  1737  1796 E IMGMapper: set:488 set: Unset optional value from type CTA861_3
10-27 13:06:14.237  1039  1039 I BufferQueueProducer: [StatusBar$_1737#534029](this:0xb400007a1f0ca838,id:-1,api:0,p:-1,c:1039) queueBuffer: fps=0.25 dur=4044.83 max=4044.83 min=4044.83
10-27 13:06:14.275  1737  1942 D MobileStatusTracker(0/2): onSignalStrengthsChanged level=4, vendorLevel=3
10-27 13:06:14.282  1737  1942 D MobileSignalController(0/2): notifyListener: enabled=true, connected=true, dataConnected=true, networkType=LTE (4G), emergencyOnly=false, roaming=false, isDefault=true, dataActivity=inout, level=3, ca=false, mmWave=false, disabledDataIcon=false, simCard=ETC
10-27 13:06:14.282  1737  1942 D NetworkController: SignalStrength from intent slotId=0
10-27 13:06:14.337  1187  1299 D InputDispatcher: Inject motion (28407/2000): action=0x0, time=2933075970000000, f=0x0, d=0 dsdx=1.000000 dtdx=0.000000
10-27 13:06:14.338  1187  1534 I InputDispatcher: Delivering touch to (1737): action: 0x4, f=0x0, d=0, 'd92b8ad', t=1 
10-27 13:06:14.338  1187  1534 I InputDispatcher: Delivering touch to (28239): action: 0x0, f=0x0, d=0, '79e1fda', t=1 
10-27 13:06:14.339 28239 28239 I ViewRootImpl@d913698[MainActivity]: ViewPostIme pointer 0
10-27 13:06:14.339  1187  1534 D PowerManagerService: [api] userActivityFromNative :  (event: 2 flags: 0 displayId: 0) eventTime = 2933075970
10-27 13:06:14.340  1187  1303 I GestureDetector: obtain mCurrentDownEvent. id: -644054401 caller: com.android.server.wm.SystemGesturesPointerEventListener.onPointerEvent:203 com.android.server.wm.PointerEventDispatcher.onInputEvent:53 android.view.InputEventReceiver.dispatchInputEvent:285 
10-27 13:06:14.341  1187  1303 I GestureDetector: obtain mCurrentDownEvent. id: -644054401 caller: com.android.server.wm.SystemPerformancePointerEventListener.onPointerEvent:89 com.android.server.wm.PointerEventDispatcher.onInputEvent:53 android.view.InputEventReceiver.dispatchInputEvent:285 
10-27 13:06:14.350  1187  1299 D InputDispatcher: Inject motion (28407/2000): action=0x1, time=2933075970000000, f=0x0, d=0 dsdx=1.000000 dtdx=0.000000
10-27 13:06:14.350  1187  1534 I InputDispatcher: Delivering touch to (28239): action: 0x1, f=0x0, d=0, '79e1fda', t=1 
10-27 13:06:14.351 28239 28239 I ViewRootImpl@d913698[MainActivity]: ViewPostIme pointer 1
10-27 13:06:14.351  1187  1303 I GestureDetector: obtain mCurrentMotionEventRaw. action: 1 id: -782011814
10-27 13:06:14.351  1187  1303 I GestureDetector: obtain mCurrentMotionEventRaw. action: 1 id: -782011814
10-27 13:06:14.441 28239 28259 E IMGMapper: set:488 set: Unset optional value from type SMPTE2086
10-27 13:06:14.441 28239 28259 E IMGMapper: set:488 set: Unset optional value from type CTA861_3
10-27 13:06:14.453  1039  1039 I BufferQueueProducer: [com.cinemamovel/com.cinemamovel.MainActivity$_28239#595908](this:0xb400007a2639b838,id:-1,api:0,p:-1,c:1039) queueBuffer: fps=14.60 dur=1164.77 max=865.14 min=16.34
10-27 13:06:14.456   991 11009 I hwcomposer: [HWCDisplay] [Display_0 (type:1)] fps:15.441259,dur:1165.71,max:650.12,min:16.01  
10-27 13:06:14.640  1187  1303 I GestureDetector: handleMessage TAP
10-27 13:06:14.641  1187  1187 I GestureDetector: handleMessage TAP
10-27 13:06:14.991 21942 21942 D BoundBrokerSvc: onUnbind: Intent { act=com.google.android.gms.potokens.service.START dat=chimera-action:/... cmp=com.google.android.gms/.chimera.GmsApiService }
10-27 13:06:15.275  1737  1942 D MobileStatusTracker(0/2): onSignalStrengthsChanged level=4, vendorLevel=3
10-27 13:06:15.278  1737  1942 D MobileSignalController(0/2): notifyListener: enabled=true, connected=true, dataConnected=true, networkType=LTE (4G), emergencyOnly=false, roaming=false, isDefault=true, dataActivity=inout, level=3, ca=false, mmWave=false, disabledDataIcon=false, simCard=ETC
10-27 13:06:15.281  1737  1942 D NetworkController: SignalStrength from intent slotId=0
10-27 13:06:15.431  1187  4545 D InputDispatcher: Inject key (28412/2000): action=0, f=0x0, d=-1, time=2933077063000000
10-27 13:06:15.431  1187  4545 D WindowManager: interceptKeyTq keycode=4 interactive=true keyguardActive=false policyFlags=2b000000
10-27 13:06:15.431  1187  4545 D PhoneWindowManagerExt: interceptKeyTq code=4 down=true repeatCount=0 displayId=-1 interactive=true
10-27 13:06:15.431  1187  4545 D WindowManager: interceptKeyTq interceptKeyResult=4
10-27 13:06:15.432  1187  1534 D PowerManagerService: [api] userActivityFromNative :  (event: 1 flags: 0 displayId: 0) eventTime = 2933077063
10-27 13:06:15.433  1187  1534 D WindowManager: interceptKeyTi keyCode=4 down=true repeatCount=0 keyguardOn=false canceled=false
10-27 13:06:15.433  1187  1534 D PhoneWindowManagerExt: interceptKeyTi code=4 down=true repeatCount=0 displayId=-1 interactive=true
10-27 13:06:15.434  1187  1534 I InputDispatcher: Delivering key to (28239): B action: 0x0 (0), f=0x0, m=0x0, d=0, '79e1fda'
10-27 13:06:15.436 23351 23351 I HBD     : b skip onKeyDown as physical keyboard not connected 
10-27 13:06:15.438 23351 23351 I HBD     : HoneyBoardService onKeyDown r:88e0d706 consumed:false 2 
10-27 13:06:15.441 28239 28239 I ViewRootImpl@d913698[MainActivity]: ViewPostIme key 0
10-27 13:06:15.441 28239 28239 D Activity: onKeyDown(KEYCODE_BACK)
10-27 13:06:15.442  1187  4545 D InputDispatcher: Inject key (28412/2000): action=1, f=0x0, d=-1, time=2933077063000000
10-27 13:06:15.443  1187  4545 D WindowManager: interceptKeyTq keycode=4 interactive=true keyguardActive=false policyFlags=2b000000
10-27 13:06:15.443  1187  4545 D PhoneWindowManagerExt: interceptKeyTq code=4 down=false repeatCount=0 displayId=-1 interactive=true
10-27 13:06:15.444  1187  4545 D WindowManager: interceptKeyTq interceptKeyResult=4
10-27 13:06:15.445  1187  1534 D WindowManager: interceptKeyTi keyCode=4 down=false repeatCount=0 keyguardOn=false canceled=false
10-27 13:06:15.445  1187  1534 D PhoneWindowManagerExt: interceptKeyTi code=4 down=false repeatCount=0 displayId=-1 interactive=true
10-27 13:06:15.446  1187  1534 I InputDispatcher: Delivering key to (28239): B action: 0x1 (0), f=0x0, m=0x0, d=0, '79e1fda'
10-27 13:06:15.447 23351 23351 I HBD     : HoneyBoardService onKeyUp r:596e3e8f consumed:false 0 
10-27 13:06:15.449 28239 28239 I ViewRootImpl@d913698[MainActivity]: ViewPostIme key 1
10-27 13:06:15.449 28239 28239 D Activity: onKeyUp(KEYCODE_BACK) isTracking()=true isCanceled()=false hasCallback=false
10-27 13:06:15.509 28239 28266 I ReactNativeJS: ---METRICS_JSON_START---
10-27 13:06:15.510 28239 28266 I ReactNativeJS: {
10-27 13:06:15.510 28239 28266 I ReactNativeJS:   "screenRenders": 10,
10-27 13:06:15.510 28239 28266 I ReactNativeJS:   "componentRenders": {
10-27 13:06:15.510 28239 28266 I ReactNativeJS:     "Loader": 2,
10-27 13:06:15.510 28239 28266 I ReactNativeJS:     "Poster": 2,
10-27 13:06:15.510 28239 28266 I ReactNativeJS:     "InfoBlock": 8,
10-27 13:06:15.510 28239 28266 I ReactNativeJS:     "RatingBlock": 8,
10-27 13:06:15.510 28239 28266 I ReactNativeJS:     "Overview": 8,
10-27 13:06:15.510 28239 28266 I ReactNativeJS:     "Genres": 2
10-27 13:06:15.510 28239 28266 I ReactNativeJS:   },
10-27 13:06:15.510 28239 28266 I ReactNativeJS:   "interactionEvents": [
10-27 13:06:15.510 28239 28266 I ReactNativeJS:     {
10-27 13:06:15.510 28239 28266 I ReactNativeJS:       "action": "toggle_favorite",
10-27 13:06:15.510 28239 28266 I ReactNativeJS:       "timestamp": 1761581164725
10-27 13:06:15.510 28239 28266 I ReactNativeJS:     },
10-27 13:06:15.510 28239 28266 I ReactNativeJS:     {
10-27 13:06:15.510 28239 28266 I ReactNativeJS:       "action": "set_rating_3",
10-27 13:06:15.510 28239 28266 I ReactNativeJS:       "timestamp": 1761581165805
10-27 13:06:15.510 28239 28266 I ReactNativeJS:     },
10-27 13:06:15.510 28239 28266 I ReactNativeJS:     {
10-27 13:06:15.510 28239 28266 I ReactNativeJS:       "action": "toggle_overview",
10-27 13:06:15.510 28239 28266 I ReactNativeJS:       "timestamp": 1761581166894
10-27 13:06:15.510 28239 28266 I ReactNativeJS:     },
10-27 13:06:15.510 28239 28266 I ReactNativeJS:     {
10-27 13:06:15.510 28239 28266 I ReactNativeJS:       "action": "component_unmounted_logged",
10-27 13:06:15.510 28239 28266 I ReactNativeJS:       "timestamp": 1761581168044
10-27 13:06:15.510 28239 28266 I ReactNativeJS:     },
10-27 13:06:15.510 28239 28266 I ReactNativeJS:     {
10-27 13:06:15.510 28239 28266 I ReactNativeJS:       "action": "toggle_favorite",
10-27 13:06:15.510 28239 28266 I ReactNativeJS:       "timestamp": 1761581172181
10-27 13:06:15.510 28239 28266 I ReactNativeJS:     },
10-27 13:06:15.510 28239 28266 I ReactNativeJS:     {
10-27 13:06:15.510 28239 28266 I ReactNativeJS:       "action": "set_rating_3",
10-27 13:06:15.510 28239 28266 I ReactNativeJS:       "timestamp": 1761581173280
10-27 13:06:15.510 28239 28266 I ReactNativeJS:     },
10-27 13:06:15.510 28239 28266 I ReactNativeJS:     {
10-27 13:06:15.510 28239 28266 I ReactNativeJS:       "action": "toggle_overview",
10-27 13:06:15.510 28239 28266 I ReactNativeJS:       "timestamp": 1761581174360
10-27 13:06:15.510 28239 28266 I ReactNativeJS:     },
10-27 13:06:15.510 28239 28266 I ReactNativeJS:     {
10-27 13:06:15.510 28239 28266 I ReactNativeJS:       "action": "component_unmounted_logged",
10-27 13:06:15.510 28239 28266 I ReactNativeJS:       "timestamp": 1761581175509
10-27 13:06:15.510 28239 28266 I ReactNativeJS:     }
10-27 13:06:15.510 28239 28266 I ReactNativeJS:   ]
10-27 13:06:15.510 28239 28266 I ReactNativeJS: }
10-27 13:06:15.510 28239 28266 I ReactNativeJS: ---METRICS_JSON_END---
10-27 13:06:15.549 28239 28259 E IMGMapper: set:488 set: Unset optional value from type SMPTE2086
10-27 13:06:15.550 28239 28259 E IMGMapper: set:488 set: Unset optional value from type CTA861_3
10-27 13:06:15.568  1039  1039 I BufferQueueProducer: [com.cinemamovel/com.cinemamovel.MainActivity$_28239#595908](this:0xb400007a2639b838,id:-1,api:0,p:-1,c:1039) queueBuffer: fps=0.90 dur=1115.08 max=1115.08 min=1115.08
10-27 13:06:15.570   991 11009 I hwcomposer: [HWCDisplay] [Display_0 (type:1)] fps:0.897513,dur:1114.19,max:1114.19,min:1114.19  
10-27 13:06:15.614 28239 28259 E IMGMapper: set:488 set: Unset optional value from type SMPTE2086
10-27 13:06:15.614 28239 28259 E IMGMapper: set:488 set: Unset optional value from type CTA861_3
10-27 13:06:15.625 28239 28259 E IMGMapper: set:488 set: Unset optional value from type SMPTE2086
10-27 13:06:15.625 28239 28259 E IMGMapper: set:488 set: Unset optional value from type CTA861_3
10-27 13:06:15.635 28239 28259 E IMGMapper: set:488 set: Unset optional value from type SMPTE2086
10-27 13:06:15.636 28239 28259 E IMGMapper: set:488 set: Unset optional value from type CTA861_3
10-27 13:06:15.649 28239 28259 E IMGMapper: set:488 set: Unset optional value from type SMPTE2086
10-27 13:06:15.649 28239 28259 E IMGMapper: set:488 set: Unset optional value from type CTA861_3
10-27 13:06:15.668 28239 28259 E IMGMapper: set:488 set: Unset optional value from type SMPTE2086
10-27 13:06:15.668 28239 28259 E IMGMapper: set:488 set: Unset optional value from type CTA861_3
10-27 13:06:15.681 28239 28259 E IMGMapper: set:488 set: Unset optional value from type SMPTE2086
10-27 13:06:15.681 28239 28259 E IMGMapper: set:488 set: Unset optional value from type CTA861_3
10-27 13:06:15.698 28239 28259 E IMGMapper: set:488 set: Unset optional value from type SMPTE2086
10-27 13:06:15.698 28239 28259 E IMGMapper: set:488 set: Unset optional value from type CTA861_3
10-27 13:06:15.715 28239 28259 E IMGMapper: set:488 set: Unset optional value from type SMPTE2086
10-27 13:06:15.715 28239 28259 E IMGMapper: set:488 set: Unset optional value from type CTA861_3
10-27 13:06:15.732 28239 28259 E IMGMapper: set:488 set: Unset optional value from type SMPTE2086
10-27 13:06:15.732 28239 28259 E IMGMapper: set:488 set: Unset optional value from type CTA861_3
10-27 13:06:15.750 28239 28259 E IMGMapper: set:488 set: Unset optional value from type SMPTE2086
10-27 13:06:15.750 28239 28259 E IMGMapper: set:488 set: Unset optional value from type CTA861_3
10-27 13:06:15.766 28239 28259 E IMGMapper: set:488 set: Unset optional value from type SMPTE2086
10-27 13:06:15.766 28239 28259 E IMGMapper: set:488 set: Unset optional value from type CTA861_3
10-27 13:06:15.781 28239 28259 E IMGMapper: set:488 set: Unset optional value from type SMPTE2086
10-27 13:06:15.782 28239 28259 E IMGMapper: set:488 set: Unset optional value from type CTA861_3
10-27 13:06:15.800 28239 28259 E IMGMapper: set:488 set: Unset optional value from type SMPTE2086
10-27 13:06:15.800 28239 28259 E IMGMapper: set:488 set: Unset optional value from type CTA861_3
10-27 13:06:15.816 28239 28259 E IMGMapper: set:488 set: Unset optional value from type SMPTE2086
10-27 13:06:15.816 28239 28259 E IMGMapper: set:488 set: Unset optional value from type CTA861_3
10-27 13:06:15.833 28239 28259 E IMGMapper: set:488 set: Unset optional value from type SMPTE2086
10-27 13:06:15.833 28239 28259 E IMGMapper: set:488 set: Unset optional value from type CTA861_3
10-27 13:06:15.849 28239 28259 E IMGMapper: set:488 set: Unset optional value from type SMPTE2086
10-27 13:06:15.849 28239 28259 E IMGMapper: set:488 set: Unset optional value from type CTA861_3
10-27 13:06:15.866 28239 28259 E IMGMapper: set:488 set: Unset optional value from type SMPTE2086
10-27 13:06:15.866 28239 28259 E IMGMapper: set:488 set: Unset optional value from type CTA861_3
10-27 13:06:15.881 28239 28259 E IMGMapper: set:488 set: Unset optional value from type SMPTE2086
10-27 13:06:15.882 28239 28259 E IMGMapper: set:488 set: Unset optional value from type CTA861_3
10-27 13:06:15.899 28239 28259 E IMGMapper: set:488 set: Unset optional value from type SMPTE2086
10-27 13:06:15.899 28239 28259 E IMGMapper: set:488 set: Unset optional value from type CTA861_3
10-27 13:06:15.915 28239 28259 E IMGMapper: set:488 set: Unset optional value from type SMPTE2086
10-27 13:06:15.915 28239 28259 E IMGMapper: set:488 set: Unset optional value from type CTA861_3
10-27 13:06:15.932 28239 28259 E IMGMapper: set:488 set: Unset optional value from type SMPTE2086
10-27 13:06:15.933 28239 28259 E IMGMapper: set:488 set: Unset optional value from type CTA861_3
10-27 13:06:15.949 28239 28259 E IMGMapper: set:488 set: Unset optional value from type SMPTE2086
10-27 13:06:15.949 28239 28259 E IMGMapper: set:488 set: Unset optional value from type CTA861_3
10-27 13:06:15.958   543   543 D io_stats: !@ 179,0 r 548192231 6629184118 w 95238720 1007927808 d 1259540 33790644 f 0 0 iot 274531180 0 th 0 0 0 pt 0 inp 0 0 2933077.591
10-27 13:06:15.966 28239 28259 E IMGMapper: set:488 set: Unset optional value from type SMPTE2086
10-27 13:06:15.967 28239 28259 E IMGMapper: set:488 set: Unset optional value from type CTA861_3
10-27 13:06:15.984 28239 28259 E IMGMapper: set:488 set: Unset optional value from type SMPTE2086
10-27 13:06:15.984 28239 28259 E IMGMapper: set:488 set: Unset optional value from type CTA861_3
10-27 13:06:16.000 28239 28259 E IMGMapper: set:488 set: Unset optional value from type SMPTE2086
10-27 13:06:16.000 28239 28259 E IMGMapper: set:488 set: Unset optional value from type CTA861_3
10-27 13:06:16.016 28239 28259 E IMGMapper: set:488 set: Unset optional value from type SMPTE2086
10-27 13:06:16.017 28239 28259 E IMGMapper: set:488 set: Unset optional value from type CTA861_3
10-27 13:06:16.034 28239 28259 E IMGMapper: set:488 set: Unset optional value from type SMPTE2086
10-27 13:06:16.035 28239 28259 E IMGMapper: set:488 set: Unset optional value from type CTA861_3
10-27 13:06:16.050 28239 28259 E IMGMapper: set:488 set: Unset optional value from type SMPTE2086
10-27 13:06:16.050 28239 28259 E IMGMapper: set:488 set: Unset optional value from type CTA861_3
10-27 13:06:16.067 28239 28259 E IMGMapper: set:488 set: Unset optional value from type SMPTE2086
10-27 13:06:16.067 28239 28259 E IMGMapper: set:488 set: Unset optional value from type CTA861_3
10-27 13:06:16.080 28239 28259 E IMGMapper: set:488 set: Unset optional value from type SMPTE2086
10-27 13:06:16.081 28239 28259 E IMGMapper: set:488 set: Unset optional value from type CTA861_3
10-27 13:06:16.095 28239 28259 E IMGMapper: set:488 set: Unset optional value from type SMPTE2086
10-27 13:06:16.095 28239 28259 E IMGMapper: set:488 set: Unset optional value from type CTA861_3
10-27 13:06:16.241  1737  1942 D MobileStatusTracker(0/2): onDataActivity: direction=0
10-27 13:06:16.244  1737  1942 D MobileSignalController(0/2): notifyListener: enabled=true, connected=true, dataConnected=true, networkType=LTE (4G), emergencyOnly=false, roaming=false, isDefault=true, dataActivity=, level=3, ca=false, mmWave=false, disabledDataIcon=false, simCard=ETC
10-27 13:06:16.263  1737  1796 E IMGMapper: set:488 set: Unset optional value from type SMPTE2086
10-27 13:06:16.263  1737  1796 E IMGMapper: set:488 set: Unset optional value from type CTA861_3
10-27 13:06:16.268  1039  1039 I BufferQueueProducer: [StatusBar$_1737#534029](this:0xb400007a1f0ca838,id:-1,api:0,p:-1,c:1039) queueBuffer: fps=0.49 dur=2030.57 max=2030.57 min=2030.57
10-27 13:06:16.278  1737  1942 D MobileStatusTracker(0/2): onSignalStrengthsChanged level=4, vendorLevel=3
10-27 13:06:16.281  1737  1942 D MobileSignalController(0/2): notifyListener: enabled=true, connected=true, dataConnected=true, networkType=LTE (4G), emergencyOnly=false, roaming=false, isDefault=true, dataActivity=, level=3, ca=false, mmWave=false, disabledDataIcon=false, simCard=ETC
10-27 13:06:16.283  1737  1942 D NetworkController: SignalStrength from intent slotId=0
10-27 13:06:17.314  1737  1942 D MobileStatusTracker(0/2): onSignalStrengthsChanged level=4, vendorLevel=3
10-27 13:06:17.318  1737  1942 D MobileSignalController(0/2): notifyListener: enabled=true, connected=true, dataConnected=true, networkType=LTE (4G), emergencyOnly=false, roaming=false, isDefault=true, dataActivity=, level=3, ca=false, mmWave=false, disabledDataIcon=false, simCard=ETC
10-27 13:06:17.322  1737  1942 D NetworkController: SignalStrength from intent slotId=0
10-27 13:06:17.342  1187  1369 D PowerManagerService: UserActivityStateListenerState: 0
10-27 13:06:17.525  1187  4538 D InputDispatcher: Inject motion (28419/2000): action=0x0, time=2933079158000000, f=0x0, d=0 dsdx=1.000000 dtdx=0.000000
10-27 13:06:17.526  1187  1534 I InputDispatcher: Delivering touch to (1737): action: 0x4, f=0x0, d=0, 'd92b8ad', t=1 
10-27 13:06:17.526  1187  1534 I InputDispatcher: Delivering touch to (28239): action: 0x0, f=0x0, d=0, '79e1fda', t=1 
10-27 13:06:17.526  1187  1534 D PowerManagerService: [api] userActivityFromNative :  (event: 2 flags: 0 displayId: 0) eventTime = 2933079158
10-27 13:06:17.527 28239 28239 I ViewRootImpl@d913698[MainActivity]: ViewPostIme pointer 0
10-27 13:06:17.527  1187  1303 I GestureDetector: obtain mCurrentDownEvent. id: -793338644 caller: com.android.server.wm.SystemGesturesPointerEventListener.onPointerEvent:203 com.android.server.wm.PointerEventDispatcher.onInputEvent:53 android.view.InputEventReceiver.dispatchInputEvent:285 
10-27 13:06:17.527  1187  1303 I GestureDetector: obtain mCurrentDownEvent. id: -793338644 caller: com.android.server.wm.SystemPerformancePointerEventListener.onPointerEvent:89 com.android.server.wm.PointerEventDispatcher.onInputEvent:53 android.view.InputEventReceiver.dispatchInputEvent:285 
10-27 13:06:17.528  1187  1534 D PowerManagerService: UserActivityStateListenerState: 1
10-27 13:06:17.537  1187  4538 D InputDispatcher: Inject motion (28419/2000): action=0x1, time=2933079158000000, f=0x0, d=0 dsdx=1.000000 dtdx=0.000000
10-27 13:06:17.537  1187  1534 I InputDispatcher: Delivering touch to (28239): action: 0x1, f=0x0, d=0, '79e1fda', t=1 
10-27 13:06:17.538 28239 28239 I ViewRootImpl@d913698[MainActivity]: ViewPostIme pointer 1
10-27 13:06:17.538  1187  1303 I GestureDetector: obtain mCurrentMotionEventRaw. action: 1 id: -112321860
10-27 13:06:17.538  1187  1303 I GestureDetector: obtain mCurrentMotionEventRaw. action: 1 id: -112321860
10-27 13:06:17.563 28239 28259 E IMGMapper: set:488 set: Unset optional value from type SMPTE2086
10-27 13:06:17.563 28239 28259 E IMGMapper: set:488 set: Unset optional value from type CTA861_3
10-27 13:06:17.566  1039  1039 I BufferQueueProducer: [com.cinemamovel/com.cinemamovel.MainActivity$_28239#595908](this:0xb400007a2639b838,id:-1,api:0,p:-1,c:1039) queueBuffer: fps=16.02 dur=1997.95 max=1448.44 min=15.91
10-27 13:06:17.569   991 11009 I hwcomposer: [HWCDisplay] [Display_0 (type:1)] fps:16.507408,dur:1999.10,max:1298.59,min:15.59  
10-27 13:06:17.590 28239 28259 E IMGMapper: set:488 set: Unset optional value from type SMPTE2086
10-27 13:06:17.590 28239 28259 E IMGMapper: set:488 set: Unset optional value from type CTA861_3
10-27 13:06:17.611 28239 28259 E IMGMapper: set:488 set: Unset optional value from type SMPTE2086
10-27 13:06:17.611 28239 28259 E IMGMapper: set:488 set: Unset optional value from type CTA861_3
10-27 13:06:17.635 28239 28259 E IMGMapper: set:488 set: Unset optional value from type SMPTE2086
10-27 13:06:17.635 28239 28259 E IMGMapper: set:488 set: Unset optional value from type CTA861_3
10-27 13:06:17.638 28239 28239 W [RNScreens]: backTitleVisible prop is not available on Android
10-27 13:06:17.638 28239 28239 W [RNScreens]: backTitleFontFamily prop is not available on Android
10-27 13:06:17.638 28239 28239 W [RNScreens]: disableBackButtonMenu prop is not available on Android
10-27 13:06:17.639 28239 28239 W [RNScreens]: largeTitleFontFamily prop is not available on Android
10-27 13:06:17.639 28239 28239 W [RNScreens]: largeTitleFontWeight prop is not available on Android
10-27 13:06:17.639 28239 28239 W [RNScreens]: largeTitleHideShadow prop is not available on Android
10-27 13:06:17.655 28239 28259 E IMGMapper: set:488 set: Unset optional value from type SMPTE2086
10-27 13:06:17.655 28239 28259 E IMGMapper: set:488 set: Unset optional value from type CTA861_3
10-27 13:06:17.673 28239 28259 E IMGMapper: set:488 set: Unset optional value from type SMPTE2086
10-27 13:06:17.673 28239 28259 E IMGMapper: set:488 set: Unset optional value from type CTA861_3
10-27 13:06:17.710 28239 28259 E IMGMapper: set:488 set: Unset optional value from type SMPTE2086
10-27 13:06:17.710 28239 28259 E IMGMapper: set:488 set: Unset optional value from type CTA861_3
10-27 13:06:17.723 28239 28259 E IMGMapper: set:488 set: Unset optional value from type SMPTE2086
10-27 13:06:17.724 28239 28259 E IMGMapper: set:488 set: Unset optional value from type CTA861_3
10-27 13:06:17.742 28239 28259 E IMGMapper: set:488 set: Unset optional value from type SMPTE2086
10-27 13:06:17.742 28239 28259 E IMGMapper: set:488 set: Unset optional value from type CTA861_3
10-27 13:06:17.756 28239 28259 E IMGMapper: set:488 set: Unset optional value from type SMPTE2086
10-27 13:06:17.756 28239 28259 E IMGMapper: set:488 set: Unset optional value from type CTA861_3
10-27 13:06:17.789 28239 28239 D ScrollView: initGoToTop
10-27 13:06:17.827  1187  1187 I GestureDetector: handleMessage TAP
10-27 13:06:17.827  1187  1303 I GestureDetector: handleMessage TAP
10-27 13:06:17.834 28239 28259 E IMGMapper: set:488 set: Unset optional value from type SMPTE2086
10-27 13:06:17.834 28239 28259 E IMGMapper: set:488 set: Unset optional value from type CTA861_3
10-27 13:06:17.851 28239 28259 E IMGMapper: set:488 set: Unset optional value from type SMPTE2086
10-27 13:06:17.851 28239 28259 E IMGMapper: set:488 set: Unset optional value from type CTA861_3
10-27 13:06:17.871 28239 28259 E IMGMapper: set:488 set: Unset optional value from type SMPTE2086
10-27 13:06:17.871 28239 28259 E IMGMapper: set:488 set: Unset optional value from type CTA861_3
10-27 13:06:17.884 28239 28259 E IMGMapper: set:488 set: Unset optional value from type SMPTE2086
10-27 13:06:17.884 28239 28259 E IMGMapper: set:488 set: Unset optional value from type CTA861_3
10-27 13:06:17.898 28239 28259 E IMGMapper: set:488 set: Unset optional value from type SMPTE2086
10-27 13:06:17.898 28239 28259 E IMGMapper: set:488 set: Unset optional value from type CTA861_3
10-27 13:06:17.918 28239 28259 E IMGMapper: set:488 set: Unset optional value from type SMPTE2086
10-27 13:06:17.918 28239 28259 E IMGMapper: set:488 set: Unset optional value from type CTA861_3
10-27 13:06:17.932 28239 28259 E IMGMapper: set:488 set: Unset optional value from type SMPTE2086
