--------- beginning of main
10-27 13:06:02.549  1187  1299 D InputDispatcher: Inject motion (28351/2000): action=0x0, time=2933064179000000, f=0x0, d=0 dsdx=1.000000 dtdx=0.000000
10-27 13:06:02.552  1187  1534 I InputDispatcher: Delivering touch to (1737): action: 0x4, f=0x0, d=0, 'd92b8ad', t=1 
10-27 13:06:02.552  1187  1534 I InputDispatcher: Delivering touch to (28239): action: 0x0, f=0x0, d=0, '79e1fda', t=1 
--------- beginning of system
10-27 13:06:02.553  1187  1534 D PowerManagerService: [api] userActivityFromNative :  (event: 2 flags: 0 displayId: 0) eventTime = 2933064179
10-27 13:06:02.555  1187  1303 I GestureDetector: obtain mCurrentDownEvent. id: -615090442 caller: com.android.server.wm.SystemGesturesPointerEventListener.onPointerEvent:203 com.android.server.wm.PointerEventDispatcher.onInputEvent:53 android.view.InputEventReceiver.dispatchInputEvent:285 
10-27 13:06:02.556  1187  1534 D PowerManagerService: UserActivityStateListenerState: 1
10-27 13:06:02.557 28239 28239 I ViewRootImpl@d913698[MainActivity]: ViewPostIme pointer 0
10-27 13:06:02.557  1187  1303 I GestureDetector: obtain mCurrentDownEvent. id: -615090442 caller: com.android.server.wm.SystemPerformancePointerEventListener.onPointerEvent:89 com.android.server.wm.PointerEventDispatcher.onInputEvent:53 android.view.InputEventReceiver.dispatchInputEvent:285 
10-27 13:06:02.584  1187  1299 D InputDispatcher: Inject motion (28351/2000): action=0x1, time=2933064179000000, f=0x0, d=0 dsdx=1.000000 dtdx=0.000000
10-27 13:06:02.584  1187  1534 I InputDispatcher: Delivering touch to (28239): action: 0x1, f=0x0, d=0, '79e1fda', t=1 
10-27 13:06:02.584 28239 28239 I ViewRootImpl@d913698[MainActivity]: ViewPostIme pointer 1
10-27 13:06:02.585  1187  1303 I GestureDetector: obtain mCurrentMotionEventRaw. action: 1 id: -508904075
10-27 13:06:02.585  1187  1303 I GestureDetector: obtain mCurrentMotionEventRaw. action: 1 id: -508904075
10-27 13:06:02.608 28239 28259 E IMGMapper: set:488 set: Unset optional value from type SMPTE2086
10-27 13:06:02.608 28239 28259 E IMGMapper: set:488 set: Unset optional value from type CTA861_3
10-27 13:06:02.619  1039  1039 I BufferQueueProducer: [com.cinemamovel/com.cinemamovel.MainActivity$_28239#595908](this:0xb400007a2639b838,id:-1,api:0,p:-1,c:1039) queueBuffer: fps=3.46 dur=3761.55 max=3561.93 min=16.37
10-27 13:06:02.644 28239 28259 E IMGMapper: set:488 set: Unset optional value from type SMPTE2086
10-27 13:06:02.644 28239 28259 E IMGMapper: set:488 set: Unset optional value from type CTA861_3
10-27 13:06:02.661 28239 28259 E IMGMapper: set:488 set: Unset optional value from type SMPTE2086
10-27 13:06:02.661 28239 28259 E IMGMapper: set:488 set: Unset optional value from type CTA861_3
10-27 13:06:02.688 28239 28259 E IMGMapper: set:488 set: Unset optional value from type SMPTE2086
10-27 13:06:02.689 28239 28259 E IMGMapper: set:488 set: Unset optional value from type CTA861_3
10-27 13:06:02.689 28239 28239 W [RNScreens]: backTitleVisible prop is not available on Android
10-27 13:06:02.690 28239 28239 W [RNScreens]: backTitleFontFamily prop is not available on Android
10-27 13:06:02.690 28239 28239 W [RNScreens]: disableBackButtonMenu prop is not available on Android
10-27 13:06:02.690 28239 28239 W [RNScreens]: largeTitleFontFamily prop is not available on Android
10-27 13:06:02.690 28239 28239 W [RNScreens]: largeTitleFontWeight prop is not available on Android
10-27 13:06:02.690 28239 28239 W [RNScreens]: largeTitleHideShadow prop is not available on Android
10-27 13:06:02.708 28239 28259 E IMGMapper: set:488 set: Unset optional value from type SMPTE2086
10-27 13:06:02.708 28239 28259 E IMGMapper: set:488 set: Unset optional value from type CTA861_3
10-27 13:06:02.710   886 28356 E Netd    : To use pid in case SEC_PRODUCT_FEATURE_KNOX_SUPPORT_NPA is false, to remove build error (unused variable)
10-27 13:06:02.714   886 28357 E Netd    : To use pid in case SEC_PRODUCT_FEATURE_KNOX_SUPPORT_NPA is false, to remove build error (unused variable)
10-27 13:06:02.730 28239 28259 E IMGMapper: set:488 set: Unset optional value from type SMPTE2086
10-27 13:06:02.730 28239 28259 E IMGMapper: set:488 set: Unset optional value from type CTA861_3
10-27 13:06:02.747  1711  1720 I m.android.phone: Background concurrent copying GC freed 204846(10210KB) AllocSpace objects, 0(0B) LOS objects, 49% free, 10MB/20MB, paused 418us,78us total 110.181ms
10-27 13:06:02.763 28239 28259 E IMGMapper: set:488 set: Unset optional value from type SMPTE2086
10-27 13:06:02.764 28239 28259 E IMGMapper: set:488 set: Unset optional value from type CTA861_3
10-27 13:06:02.776 28239 28259 E IMGMapper: set:488 set: Unset optional value from type SMPTE2086
10-27 13:06:02.776 28239 28259 E IMGMapper: set:488 set: Unset optional value from type CTA861_3
10-27 13:06:02.796 28239 28259 E IMGMapper: set:488 set: Unset optional value from type SMPTE2086
10-27 13:06:02.796 28239 28259 E IMGMapper: set:488 set: Unset optional value from type CTA861_3
10-27 13:06:02.797  1187  1677 D NetdEventListenerService: DNS Requested by : 132, 10976
10-27 13:06:02.799 28239 28281 D TrafficStats: tagSocket(103) with statsTag=0xffffffff, statsUid=-1
10-27 13:06:02.813 28239 28259 E IMGMapper: set:488 set: Unset optional value from type SMPTE2086
10-27 13:06:02.813 28239 28259 E IMGMapper: set:488 set: Unset optional value from type CTA861_3
10-27 13:06:02.834 28239 28259 E IMGMapper: set:488 set: Unset optional value from type SMPTE2086
10-27 13:06:02.835 28239 28259 E IMGMapper: set:488 set: Unset optional value from type CTA861_3
10-27 13:06:02.855  1187  1303 I GestureDetector: handleMessage TAP
10-27 13:06:02.856  1187  1187 I GestureDetector: handleMessage TAP
10-27 13:06:02.858 28239 28259 E IMGMapper: set:488 set: Unset optional value from type SMPTE2086
10-27 13:06:02.859 28239 28259 E IMGMapper: set:488 set: Unset optional value from type CTA861_3
10-27 13:06:02.871 28239 28259 E IMGMapper: set:488 set: Unset optional value from type SMPTE2086
10-27 13:06:02.871 28239 28259 E IMGMapper: set:488 set: Unset optional value from type CTA861_3
10-27 13:06:02.890 28239 28259 E IMGMapper: set:488 set: Unset optional value from type SMPTE2086
10-27 13:06:02.890 28239 28259 E IMGMapper: set:488 set: Unset optional value from type CTA861_3
10-27 13:06:02.921 28239 28259 E IMGMapper: set:488 set: Unset optional value from type SMPTE2086
10-27 13:06:02.922 28239 28259 E IMGMapper: set:488 set: Unset optional value from type CTA861_3
10-27 13:06:02.932 28239 28259 E IMGMapper: set:488 set: Unset optional value from type SMPTE2086
10-27 13:06:02.932 28239 28259 E IMGMapper: set:488 set: Unset optional value from type CTA861_3
10-27 13:06:02.947 28239 28259 E IMGMapper: set:488 set: Unset optional value from type SMPTE2086
10-27 13:06:02.947 28239 28259 E IMGMapper: set:488 set: Unset optional value from type CTA861_3
10-27 13:06:02.964 28239 28259 E IMGMapper: set:488 set: Unset optional value from type SMPTE2086
10-27 13:06:02.964 28239 28259 E IMGMapper: set:488 set: Unset optional value from type CTA861_3
10-27 13:06:02.977  3184  3899 I SDHMS:m : Polling event syncDatabaseLocked will starts.
10-27 13:06:02.979  3184  3899 I SDHMS:m : Polling event syncDatabaseLocked finished.
10-27 13:06:02.979  3184  3899 I SDHMS:m : Polling event checkDatabaseLocked will starts.
10-27 13:06:02.980 28239 28259 E IMGMapper: set:488 set: Unset optional value from type SMPTE2086
10-27 13:06:02.981 28239 28259 E IMGMapper: set:488 set: Unset optional value from type CTA861_3
10-27 13:06:02.995 28239 28259 E IMGMapper: set:488 set: Unset optional value from type SMPTE2086
10-27 13:06:02.995 28239 28259 E IMGMapper: set:488 set: Unset optional value from type CTA861_3
10-27 13:06:03.015 28239 28259 E IMGMapper: set:488 set: Unset optional value from type SMPTE2086
10-27 13:06:03.015 28239 28259 E IMGMapper: set:488 set: Unset optional value from type CTA861_3
10-27 13:06:03.032 28239 28259 E IMGMapper: set:488 set: Unset optional value from type SMPTE2086
10-27 13:06:03.032 28239 28259 E IMGMapper: set:488 set: Unset optional value from type CTA861_3
10-27 13:06:03.034  3184  3899 I SDHMS:m : Polling event checkDatabaseLocked finished.
10-27 13:06:03.034  3184  3899 I SDHMS:m : Polling event checkDatabaseOverflow will starts.
10-27 13:06:03.037  3184  3899 I SDHMS:m : Polling event checkDatabaseOverflow finished.
10-27 13:06:03.047 28239 28259 E IMGMapper: set:488 set: Unset optional value from type SMPTE2086
10-27 13:06:03.047 28239 28259 E IMGMapper: set:488 set: Unset optional value from type CTA861_3
10-27 13:06:03.064 28239 28259 E IMGMapper: set:488 set: Unset optional value from type SMPTE2086
10-27 13:06:03.064 28239 28259 E IMGMapper: set:488 set: Unset optional value from type CTA861_3
10-27 13:06:03.079  1737  1942 D MobileStatusTracker(0/2): onDataActivity: direction=3
10-27 13:06:03.081  1737  1942 D MobileSignalController(0/2): notifyListener: enabled=true, connected=true, dataConnected=true, networkType=LTE (4G), emergencyOnly=false, roaming=false, isDefault=true, dataActivity=inout, level=3, ca=false, mmWave=false, disabledDataIcon=false, simCard=ETC
10-27 13:06:03.084 28239 28259 E IMGMapper: set:488 set: Unset optional value from type SMPTE2086
10-27 13:06:03.084 28239 28259 E IMGMapper: set:488 set: Unset optional value from type CTA861_3
10-27 13:06:03.092  1737  1796 E IMGMapper: set:488 set: Unset optional value from type SMPTE2086
10-27 13:06:03.092  1737  1796 E IMGMapper: set:488 set: Unset optional value from type CTA861_3
10-27 13:06:03.098 28239 28259 E IMGMapper: set:488 set: Unset optional value from type SMPTE2086
10-27 13:06:03.098 28239 28259 E IMGMapper: set:488 set: Unset optional value from type CTA861_3
10-27 13:06:03.115 28239 28259 E IMGMapper: set:488 set: Unset optional value from type SMPTE2086
10-27 13:06:03.115 28239 28259 E IMGMapper: set:488 set: Unset optional value from type CTA861_3
10-27 13:06:03.121   991 11009 I hwcomposer: [HWCDisplay] [Display_0 (type:1)] fps:25.630463,dur:1014.42,max:514.72,min:15.22  
10-27 13:06:03.131 28239 28259 E IMGMapper: set:488 set: Unset optional value from type SMPTE2086
10-27 13:06:03.131 28239 28259 E IMGMapper: set:488 set: Unset optional value from type CTA861_3
10-27 13:06:03.148 28239 28259 E IMGMapper: set:488 set: Unset optional value from type SMPTE2086
10-27 13:06:03.148 28239 28259 E IMGMapper: set:488 set: Unset optional value from type CTA861_3
10-27 13:06:03.166 28239 28259 E IMGMapper: set:488 set: Unset optional value from type SMPTE2086
10-27 13:06:03.167 28239 28259 E IMGMapper: set:488 set: Unset optional value from type CTA861_3
10-27 13:06:03.168  1737  1942 D MobileStatusTracker(0/2): onSignalStrengthsChanged level=4, vendorLevel=3
10-27 13:06:03.170  1737  1942 D MobileSignalController(0/2): notifyListener: enabled=true, connected=true, dataConnected=true, networkType=LTE (4G), emergencyOnly=false, roaming=false, isDefault=true, dataActivity=inout, level=3, ca=false, mmWave=false, disabledDataIcon=false, simCard=ETC
10-27 13:06:03.175  1737  1942 D NetworkController: SignalStrength from intent slotId=0
10-27 13:06:03.180 28239 28259 E IMGMapper: set:488 set: Unset optional value from type SMPTE2086
10-27 13:06:03.180 28239 28259 E IMGMapper: set:488 set: Unset optional value from type CTA861_3
10-27 13:06:03.196 28239 28259 E IMGMapper: set:488 set: Unset optional value from type SMPTE2086
10-27 13:06:03.196 28239 28259 E IMGMapper: set:488 set: Unset optional value from type CTA861_3
10-27 13:06:03.213 28239 28259 E IMGMapper: set:488 set: Unset optional value from type SMPTE2086
10-27 13:06:03.213 28239 28259 E IMGMapper: set:488 set: Unset optional value from type CTA861_3
10-27 13:06:03.232 28239 28259 E IMGMapper: set:488 set: Unset optional value from type SMPTE2086
10-27 13:06:03.232 28239 28259 E IMGMapper: set:488 set: Unset optional value from type CTA861_3
10-27 13:06:03.244 28239 28259 E IMGMapper: set:488 set: Unset optional value from type SMPTE2086
10-27 13:06:03.244 28239 28259 E IMGMapper: set:488 set: Unset optional value from type CTA861_3
10-27 13:06:03.261 28239 28259 E IMGMapper: set:488 set: Unset optional value from type SMPTE2086
10-27 13:06:03.261 28239 28259 E IMGMapper: set:488 set: Unset optional value from type CTA861_3
10-27 13:06:03.277 28239 28259 E IMGMapper: set:488 set: Unset optional value from type SMPTE2086
10-27 13:06:03.277 28239 28259 E IMGMapper: set:488 set: Unset optional value from type CTA861_3
10-27 13:06:03.294 28239 28259 E IMGMapper: set:488 set: Unset optional value from type SMPTE2086
10-27 13:06:03.294 28239 28259 E IMGMapper: set:488 set: Unset optional value from type CTA861_3
10-27 13:06:03.311 28239 28259 E IMGMapper: set:488 set: Unset optional value from type SMPTE2086
10-27 13:06:03.311 28239 28259 E IMGMapper: set:488 set: Unset optional value from type CTA861_3
10-27 13:06:03.327 28239 28259 E IMGMapper: set:488 set: Unset optional value from type SMPTE2086
10-27 13:06:03.327 28239 28259 E IMGMapper: set:488 set: Unset optional value from type CTA861_3
10-27 13:06:03.343 28239 28259 E IMGMapper: set:488 set: Unset optional value from type SMPTE2086
10-27 13:06:03.343 28239 28259 E IMGMapper: set:488 set: Unset optional value from type CTA861_3
10-27 13:06:03.360 28239 28259 E IMGMapper: set:488 set: Unset optional value from type SMPTE2086
10-27 13:06:03.360 28239 28259 E IMGMapper: set:488 set: Unset optional value from type CTA861_3
10-27 13:06:03.377 28239 28259 E IMGMapper: set:488 set: Unset optional value from type SMPTE2086
10-27 13:06:03.377 28239 28259 E IMGMapper: set:488 set: Unset optional value from type CTA861_3
10-27 13:06:03.393 28239 28259 E IMGMapper: set:488 set: Unset optional value from type SMPTE2086
10-27 13:06:03.393 28239 28259 E IMGMapper: set:488 set: Unset optional value from type CTA861_3
10-27 13:06:03.410 28239 28259 E IMGMapper: set:488 set: Unset optional value from type SMPTE2086
10-27 13:06:03.410 28239 28259 E IMGMapper: set:488 set: Unset optional value from type CTA861_3
10-27 13:06:03.426 28239 28259 E IMGMapper: set:488 set: Unset optional value from type SMPTE2086
10-27 13:06:03.426 28239 28259 E IMGMapper: set:488 set: Unset optional value from type CTA861_3
10-27 13:06:03.428 28239 28239 D ScrollView: initGoToTop
10-27 13:06:03.442 28239 28259 E IMGMapper: set:488 set: Unset optional value from type SMPTE2086
10-27 13:06:03.442 28239 28259 E IMGMapper: set:488 set: Unset optional value from type CTA861_3
10-27 13:06:03.462 28239 28259 E IMGMapper: set:488 set: Unset optional value from type SMPTE2086
10-27 13:06:03.462 28239 28259 E IMGMapper: set:488 set: Unset optional value from type CTA861_3
10-27 13:06:03.478 28239 28259 E IMGMapper: set:488 set: Unset optional value from type SMPTE2086
10-27 13:06:03.478 28239 28259 E IMGMapper: set:488 set: Unset optional value from type CTA861_3
10-27 13:06:03.502 28239 28259 E IMGMapper: set:488 set: Unset optional value from type SMPTE2086
10-27 13:06:03.502 28239 28259 E IMGMapper: set:488 set: Unset optional value from type CTA861_3
10-27 13:06:03.526 28239 28259 E IMGMapper: set:488 set: Unset optional value from type SMPTE2086
10-27 13:06:03.526 28239 28259 E IMGMapper: set:488 set: Unset optional value from type CTA861_3
10-27 13:06:03.560 28239 28249 W com.cinemamovel: Cleared Reference was only reachable from finalizer (only reported once)
10-27 13:06:03.571 28239 28249 I com.cinemamovel: Background concurrent copying GC freed 232580(9688KB) AllocSpace objects, 18(548KB) LOS objects, 49% free, 7734KB/15MB, paused 439us,60us total 116.851ms
10-27 13:06:03.661   570 28200 I keystore2: keystore2::watchdog: Watchdog thread idle -> terminating. Have a great day.
10-27 13:06:03.838  1205  1205 I thermal_repeater: socket -1
10-27 13:06:03.944  1737  1942 D MobileStatusTracker(1/1): onSignalStrengthsChanged level=4, vendorLevel=4
10-27 13:06:03.948  1737  1942 D MobileSignalController(1/1): notifyListener: enabled=true, connected=true, dataConnected=false, networkType=UMTS (3G), emergencyOnly=true, roaming=false, isDefault=true, dataActivity=, level=4, ca=false, mmWave=false, disabledDataIcon=false, simCard=ETC
10-27 13:06:03.948  1737  1942 D NetworkController: SignalStrength from intent slotId=1
10-27 13:06:03.951   543   543 D io_stats: !@ 179,0 r 548192072 6629182882 w 95237986 1007910400 d 1259540 33790644 f 0 0 iot 274528772 0 th 0 0 0 pt 0 inp 0 0 2933065.583
10-27 13:06:04.194  1737  1942 D MobileStatusTracker(0/2): onSignalStrengthsChanged level=4, vendorLevel=3
10-27 13:06:04.199  1737  1942 D MobileSignalController(0/2): notifyListener: enabled=true, connected=true, dataConnected=true, networkType=LTE (4G), emergencyOnly=false, roaming=false, isDefault=true, dataActivity=inout, level=3, ca=false, mmWave=false, disabledDataIcon=false, simCard=ETC
10-27 13:06:04.200  1737  1942 D NetworkController: SignalStrength from intent slotId=0
10-27 13:06:04.576  1187  1486 D SensorService: [SO] -0.675 1.897 9.797
10-27 13:06:04.685  1187  4538 D InputDispatcher: Inject motion (28366/2000): action=0x0, time=2933066317000000, f=0x0, d=0 dsdx=1.000000 dtdx=0.000000
10-27 13:06:04.685  1187  1534 I InputDispatcher: Delivering touch to (1737): action: 0x4, f=0x0, d=0, 'd92b8ad', t=1 
10-27 13:06:04.686  1187  1534 I InputDispatcher: Delivering touch to (28239): action: 0x0, f=0x0, d=0, '79e1fda', t=1 
10-27 13:06:04.686 28239 28239 I ViewRootImpl@d913698[MainActivity]: ViewPostIme pointer 0
10-27 13:06:04.686  1187  1534 D PowerManagerService: [api] userActivityFromNative :  (event: 2 flags: 0 displayId: 0) eventTime = 2933066317
10-27 13:06:04.687  1187  1303 I GestureDetector: obtain mCurrentDownEvent. id: -140267580 caller: com.android.server.wm.SystemGesturesPointerEventListener.onPointerEvent:203 com.android.server.wm.PointerEventDispatcher.onInputEvent:53 android.view.InputEventReceiver.dispatchInputEvent:285 
10-27 13:06:04.688  1187  1303 I GestureDetector: obtain mCurrentDownEvent. id: -140267580 caller: com.android.server.wm.SystemPerformancePointerEventListener.onPointerEvent:89 com.android.server.wm.PointerEventDispatcher.onInputEvent:53 android.view.InputEventReceiver.dispatchInputEvent:285 
10-27 13:06:04.699  1187  4538 D InputDispatcher: Inject motion (28366/2000): action=0x1, time=2933066317000000, f=0x0, d=0 dsdx=1.000000 dtdx=0.000000
10-27 13:06:04.699  1187  1534 I InputDispatcher: Delivering touch to (28239): action: 0x1, f=0x0, d=0, '79e1fda', t=1 
10-27 13:06:04.700  1187  1303 I GestureDetector: obtain mCurrentMotionEventRaw. action: 1 id: -332566584
10-27 13:06:04.700  1187  1303 I GestureDetector: obtain mCurrentMotionEventRaw. action: 1 id: -332566584
10-27 13:06:04.700 28239 28239 I ViewRootImpl@d913698[MainActivity]: ViewPostIme pointer 1
10-27 13:06:04.717   963   963 E audit   : type=1400 audit(1761581164.714:1456192): avc:  denied  { write } for  pid=21942 comm="ThreadPoolForeg" name="traced_producer" dev="tmpfs" ino=11170 scontext=u:r:gmscore_app:s0:c512,c768 tcontext=u:object_r:traced_producer_socket:s0 tclass=sock_file permissive=0 SEPF_SM-A037M_12_0001 unfiltered
10-27 13:06:04.728 28239 28259 E IMGMapper: set:488 set: Unset optional value from type SMPTE2086
10-27 13:06:04.728 28239 28259 E IMGMapper: set:488 set: Unset optional value from type CTA861_3
10-27 13:06:04.733  1039  1039 I BufferQueueProducer: [com.cinemamovel/com.cinemamovel.MainActivity$_28239#595908](this:0xb400007a2639b838,id:-1,api:0,p:-1,c:1039) queueBuffer: fps=24.13 dur=2113.76 max=1198.12 min=15.82
10-27 13:06:04.735   991 11009 I hwcomposer: [HWCDisplay] [Display_0 (type:1)] fps:16.114584,dur:1613.45,max:1198.28,min:14.48  
10-27 13:06:04.756 28239 28259 E IMGMapper: set:488 set: Unset optional value from type SMPTE2086
10-27 13:06:04.756 28239 28259 E IMGMapper: set:488 set: Unset optional value from type CTA861_3
10-27 13:06:04.773 28239 28259 E IMGMapper: set:488 set: Unset optional value from type SMPTE2086
10-27 13:06:04.773 28239 28259 E IMGMapper: set:488 set: Unset optional value from type CTA861_3
10-27 13:06:04.802 28239 28259 E IMGMapper: set:488 set: Unset optional value from type SMPTE2086
10-27 13:06:04.802 28239 28259 E IMGMapper: set:488 set: Unset optional value from type CTA861_3
10-27 13:06:04.808 28239 28259 E IMGMapper: set:488 set: Unset optional value from type SMPTE2086
10-27 13:06:04.809 28239 28259 E IMGMapper: set:488 set: Unset optional value from type CTA861_3
10-27 13:06:04.823 28239 28259 E IMGMapper: set:488 set: Unset optional value from type SMPTE2086
10-27 13:06:04.823 28239 28259 E IMGMapper: set:488 set: Unset optional value from type CTA861_3
10-27 13:06:04.843 28239 28259 E IMGMapper: set:488 set: Unset optional value from type SMPTE2086
10-27 13:06:04.843 28239 28259 E IMGMapper: set:488 set: Unset optional value from type CTA861_3
10-27 13:06:04.859 28239 28259 E IMGMapper: set:488 set: Unset optional value from type SMPTE2086
10-27 13:06:04.859 28239 28259 E IMGMapper: set:488 set: Unset optional value from type CTA861_3
10-27 13:06:04.875 28239 28259 E IMGMapper: set:488 set: Unset optional value from type SMPTE2086
10-27 13:06:04.876 28239 28259 E IMGMapper: set:488 set: Unset optional value from type CTA861_3
10-27 13:06:04.894 28239 28259 E IMGMapper: set:488 set: Unset optional value from type SMPTE2086
10-27 13:06:04.894 28239 28259 E IMGMapper: set:488 set: Unset optional value from type CTA861_3
10-27 13:06:04.910 28239 28259 E IMGMapper: set:488 set: Unset optional value from type SMPTE2086
10-27 13:06:04.910 28239 28259 E IMGMapper: set:488 set: Unset optional value from type CTA861_3
10-27 13:06:04.924 28239 28259 E IMGMapper: set:488 set: Unset optional value from type SMPTE2086
10-27 13:06:04.924 28239 28259 E IMGMapper: set:488 set: Unset optional value from type CTA861_3
10-27 13:06:04.942 28239 28259 E IMGMapper: set:488 set: Unset optional value from type SMPTE2086
10-27 13:06:04.942 28239 28259 E IMGMapper: set:488 set: Unset optional value from type CTA861_3
10-27 13:06:04.959 28239 28259 E IMGMapper: set:488 set: Unset optional value from type SMPTE2086
10-27 13:06:04.959 28239 28259 E IMGMapper: set:488 set: Unset optional value from type CTA861_3
10-27 13:06:04.976 28239 28259 E IMGMapper: set:488 set: Unset optional value from type SMPTE2086
10-27 13:06:04.976 28239 28259 E IMGMapper: set:488 set: Unset optional value from type CTA861_3
10-27 13:06:04.987  1187  1303 I GestureDetector: handleMessage TAP
10-27 13:06:04.988  1187  1187 I GestureDetector: handleMessage TAP
10-27 13:06:04.991 28239 28259 E IMGMapper: set:488 set: Unset optional value from type SMPTE2086
10-27 13:06:04.991 28239 28259 E IMGMapper: set:488 set: Unset optional value from type CTA861_3
10-27 13:06:05.013 28239 28259 E IMGMapper: set:488 set: Unset optional value from type SMPTE2086
10-27 13:06:05.013 28239 28259 E IMGMapper: set:488 set: Unset optional value from type CTA861_3
10-27 13:06:05.197  1737  1942 D MobileStatusTracker(0/2): onSignalStrengthsChanged level=4, vendorLevel=3
10-27 13:06:05.204  1737  1942 D MobileSignalController(0/2): notifyListener: enabled=true, connected=true, dataConnected=true, networkType=LTE (4G), emergencyOnly=false, roaming=false, isDefault=true, dataActivity=inout, level=3, ca=false, mmWave=false, disabledDataIcon=false, simCard=ETC
10-27 13:06:05.204  1737  1942 D NetworkController: SignalStrength from intent slotId=0
10-27 13:06:05.518 27750 27803 I [ND]ApplicationMonitoring: RxComputationThreadPool-1 | no activity exiting process
10-27 13:06:05.533 27750 27803 I tworkdiagnostic: System.exit called, status: 0
10-27 13:06:05.533 27750 27803 I AndroidRuntime: VM exiting with result code 0, cleanup skipped.
10-27 13:06:05.575  1187  1299 I ActivityManager: Process com.samsung.android.networkdiagnostic (pid 27750) has died: cch+65 CEM (119,1164)
10-27 13:06:05.576   881   881 I Zygote  : Process 27750 exited cleanly (0)
10-27 13:06:05.579  1187  1340 I libprocessgroup: Successfully killed process cgroup uid 5023 pid 27750 in 1ms
10-27 13:06:05.585   999   999 D IMGMemtrackHAL: hal_get_memory: memtrack cache rebuild was required
10-27 13:06:05.778  1187  1299 D InputDispatcher: Inject motion (28373/2000): action=0x0, time=2933067410000000, f=0x0, d=0 dsdx=1.000000 dtdx=0.000000
10-27 13:06:05.778  1187  1534 I InputDispatcher: Delivering touch to (1737): action: 0x4, f=0x0, d=0, 'd92b8ad', t=1 
10-27 13:06:05.779  1187  1534 I InputDispatcher: Delivering touch to (28239): action: 0x0, f=0x0, d=0, '79e1fda', t=1 
10-27 13:06:05.779 28239 28239 I ViewRootImpl@d913698[MainActivity]: ViewPostIme pointer 0
10-27 13:06:05.779  1187  1534 D PowerManagerService: [api] userActivityFromNative :  (event: 2 flags: 0 displayId: 0) eventTime = 2933067410
10-27 13:06:05.780  1187  1303 I GestureDetector: obtain mCurrentDownEvent. id: -703962115 caller: com.android.server.wm.SystemGesturesPointerEventListener.onPointerEvent:203 com.android.server.wm.PointerEventDispatcher.onInputEvent:53 android.view.InputEventReceiver.dispatchInputEvent:285 
10-27 13:06:05.781  1187  1303 I GestureDetector: obtain mCurrentDownEvent. id: -703962115 caller: com.android.server.wm.SystemPerformancePointerEventListener.onPointerEvent:89 com.android.server.wm.PointerEventDispatcher.onInputEvent:53 android.view.InputEventReceiver.dispatchInputEvent:285 
10-27 13:06:05.785  1187  1299 D InputDispatcher: Inject motion (28373/2000): action=0x1, time=2933067410000000, f=0x0, d=0 dsdx=1.000000 dtdx=0.000000
10-27 13:06:05.785  1187  1534 I InputDispatcher: Delivering touch to (28239): action: 0x1, f=0x0, d=0, '79e1fda', t=1 
10-27 13:06:05.786 28239 28239 I ViewRootImpl@d913698[MainActivity]: ViewPostIme pointer 1
10-27 13:06:05.787  1187  1303 I GestureDetector: obtain mCurrentMotionEventRaw. action: 1 id: -774357718
10-27 13:06:05.788  1187  1303 I GestureDetector: obtain mCurrentMotionEventRaw. action: 1 id: -774357718
10-27 13:06:05.808 28239 28259 E IMGMapper: set:488 set: Unset optional value from type SMPTE2086
10-27 13:06:05.808 28239 28259 E IMGMapper: set:488 set: Unset optional value from type CTA861_3
10-27 13:06:05.815  1039  1039 I BufferQueueProducer: [com.cinemamovel/com.cinemamovel.MainActivity$_28239#595908](this:0xb400007a2639b838,id:-1,api:0,p:-1,c:1039) queueBuffer: fps=15.71 dur=1081.81 max=782.03 min=16.30
10-27 13:06:05.817   991 11009 I hwcomposer: [HWCDisplay] [Display_0 (type:1)] fps:15.713157,dur:1081.90,max:781.52,min:15.74  
10-27 13:06:05.837 28239 28259 E IMGMapper: set:488 set: Unset optional value from type SMPTE2086
10-27 13:06:05.837 28239 28259 E IMGMapper: set:488 set: Unset optional value from type CTA861_3
10-27 13:06:05.856 28239 28259 E IMGMapper: set:488 set: Unset optional value from type SMPTE2086
10-27 13:06:05.856 28239 28259 E IMGMapper: set:488 set: Unset optional value from type CTA861_3
10-27 13:06:05.888 28239 28259 E IMGMapper: set:488 set: Unset optional value from type SMPTE2086
10-27 13:06:05.889 28239 28259 E IMGMapper: set:488 set: Unset optional value from type CTA861_3
10-27 13:06:05.897 28239 28259 E IMGMapper: set:488 set: Unset optional value from type SMPTE2086
10-27 13:06:05.897 28239 28259 E IMGMapper: set:488 set: Unset optional value from type CTA861_3
10-27 13:06:05.907 28239 28259 E IMGMapper: set:488 set: Unset optional value from type SMPTE2086
10-27 13:06:05.908 28239 28259 E IMGMapper: set:488 set: Unset optional value from type CTA861_3
10-27 13:06:05.926 28239 28259 E IMGMapper: set:488 set: Unset optional value from type SMPTE2086
10-27 13:06:05.926 28239 28259 E IMGMapper: set:488 set: Unset optional value from type CTA861_3
10-27 13:06:05.941 28239 28259 E IMGMapper: set:488 set: Unset optional value from type SMPTE2086
10-27 13:06:05.941 28239 28259 E IMGMapper: set:488 set: Unset optional value from type CTA861_3
10-27 13:06:05.952   543   543 D io_stats: !@ 179,0 r 548192096 6629183062 w 95238477 1007924588 d 1259540 33790644 f 0 0 iot 274530616 0 th 0 0 0 pt 0 inp 0 7 2933067.585
10-27 13:06:05.953   543   543 D io_stats: !@ DiskUsage: /data 88.46 % used (45963 MB/ 51957 MB)
10-27 13:06:05.953   543   543 D io_stats: !@ MemInfo(KB): total 3867888 free 124564 avail 1225836 actv(f) 575508 inactv(f) 610992 dirty 2680 wb 700 anonpg 1211956 slab 365224
10-27 13:06:05.959 28239 28259 E IMGMapper: set:488 set: Unset optional value from type SMPTE2086
10-27 13:06:05.960 28239 28259 E IMGMapper: set:488 set: Unset optional value from type CTA861_3
10-27 13:06:05.975 28239 28259 E IMGMapper: set:488 set: Unset optional value from type SMPTE2086
10-27 13:06:05.975 28239 28259 E IMGMapper: set:488 set: Unset optional value from type CTA861_3
10-27 13:06:05.993 28239 28259 E IMGMapper: set:488 set: Unset optional value from type SMPTE2086
10-27 13:06:05.993 28239 28259 E IMGMapper: set:488 set: Unset optional value from type CTA861_3
10-27 13:06:06.008 28239 28259 E IMGMapper: set:488 set: Unset optional value from type SMPTE2086
10-27 13:06:06.008 28239 28259 E IMGMapper: set:488 set: Unset optional value from type CTA861_3
10-27 13:06:06.025 28239 28259 E IMGMapper: set:488 set: Unset optional value from type SMPTE2086
10-27 13:06:06.026 28239 28259 E IMGMapper: set:488 set: Unset optional value from type CTA861_3
10-27 13:06:06.043 28239 28259 E IMGMapper: set:488 set: Unset optional value from type SMPTE2086
10-27 13:06:06.043 28239 28259 E IMGMapper: set:488 set: Unset optional value from type CTA861_3
10-27 13:06:06.059 28239 28259 E IMGMapper: set:488 set: Unset optional value from type SMPTE2086
10-27 13:06:06.060 28239 28259 E IMGMapper: set:488 set: Unset optional value from type CTA861_3
10-27 13:06:06.074 28239 28259 E IMGMapper: set:488 set: Unset optional value from type SMPTE2086
10-27 13:06:06.074 28239 28259 E IMGMapper: set:488 set: Unset optional value from type CTA861_3
10-27 13:06:06.081  1187  1303 I GestureDetector: handleMessage TAP
10-27 13:06:06.081  1187  1187 I GestureDetector: handleMessage TAP
10-27 13:06:06.110 28239 28259 E IMGMapper: set:488 set: Unset optional value from type SMPTE2086
10-27 13:06:06.110 28239 28259 E IMGMapper: set:488 set: Unset optional value from type CTA861_3
10-27 13:06:06.115  1737  1942 D MobileStatusTracker(0/2): onDataActivity: direction=0
10-27 13:06:06.117  1737  1942 D MobileSignalController(0/2): notifyListener: enabled=true, connected=true, dataConnected=true, networkType=LTE (4G), emergencyOnly=false, roaming=false, isDefault=true, dataActivity=, level=3, ca=false, mmWave=false, disabledDataIcon=false, simCard=ETC
10-27 13:06:06.140  1737  1796 E IMGMapper: set:488 set: Unset optional value from type SMPTE2086
10-27 13:06:06.140  1737  1796 E IMGMapper: set:488 set: Unset optional value from type CTA861_3
10-27 13:06:06.148  1039  1039 I BufferQueueProducer: [StatusBar$_1737#534029](this:0xb400007a1f0ca838,id:-1,api:0,p:-1,c:1039) queueBuffer: fps=0.49 dur=4044.23 max=3045.70 min=998.53
10-27 13:06:06.195  1737  1942 D MobileStatusTracker(0/2): onSignalStrengthsChanged level=4, vendorLevel=3
10-27 13:06:06.199  1737  1942 D MobileSignalController(0/2): notifyListener: enabled=true, connected=true, dataConnected=true, networkType=LTE (4G), emergencyOnly=false, roaming=false, isDefault=true, dataActivity=, level=3, ca=false, mmWave=false, disabledDataIcon=false, simCard=ETC
10-27 13:06:06.200  1737  1942 D NetworkController: SignalStrength from intent slotId=0
10-27 13:06:06.501  1737  1942 D MobileStatusTracker(1/1): onSignalStrengthsChanged level=4, vendorLevel=4
10-27 13:06:06.506  1737  1942 D MobileSignalController(1/1): notifyListener: enabled=true, connected=true, dataConnected=false, networkType=UMTS (3G), emergencyOnly=true, roaming=false, isDefault=true, dataActivity=, level=4, ca=false, mmWave=false, disabledDataIcon=false, simCard=ETC
10-27 13:06:06.506  1737  1942 D NetworkController: SignalStrength from intent slotId=1
10-27 13:06:06.864  1187  4538 D InputDispatcher: Inject motion (28378/2000): action=0x0, time=2933068496000000, f=0x0, d=0 dsdx=1.000000 dtdx=0.000000
10-27 13:06:06.865  1187  1534 I InputDispatcher: Delivering touch to (1737): action: 0x4, f=0x0, d=0, 'd92b8ad', t=1 
10-27 13:06:06.865  1187  1534 I InputDispatcher: Delivering touch to (28239): action: 0x0, f=0x0, d=0, '79e1fda', t=1 
10-27 13:06:06.866  1187  1534 D PowerManagerService: [api] userActivityFromNative :  (event: 2 flags: 0 displayId: 0) eventTime = 2933068496
10-27 13:06:06.866 28239 28239 I ViewRootImpl@d913698[MainActivity]: ViewPostIme pointer 0
10-27 13:06:06.866  1187  1303 I GestureDetector: obtain mCurrentDownEvent. id: -177729325 caller: com.android.server.wm.SystemGesturesPointerEventListener.onPointerEvent:203 com.android.server.wm.PointerEventDispatcher.onInputEvent:53 android.view.InputEventReceiver.dispatchInputEvent:285 
10-27 13:06:06.868  1187  1303 I GestureDetector: obtain mCurrentDownEvent. id: -177729325 caller: com.android.server.wm.SystemPerformancePointerEventListener.onPointerEvent:89 com.android.server.wm.PointerEventDispatcher.onInputEvent:53 android.view.InputEventReceiver.dispatchInputEvent:285 
10-27 13:06:06.878  1187  4538 D InputDispatcher: Inject motion (28378/2000): action=0x1, time=2933068496000000, f=0x0, d=0 dsdx=1.000000 dtdx=0.000000
10-27 13:06:06.879  1187  1534 I InputDispatcher: Delivering touch to (28239): action: 0x1, f=0x0, d=0, '79e1fda', t=1 
10-27 13:06:06.880 28239 28239 I ViewRootImpl@d913698[MainActivity]: ViewPostIme pointer 1
10-27 13:06:06.880  1187  1303 I GestureDetector: obtain mCurrentMotionEventRaw. action: 1 id: -240875367
10-27 13:06:06.881  1187  1303 I GestureDetector: obtain mCurrentMotionEventRaw. action: 1 id: -240875367
10-27 13:06:06.983 28239 28259 E IMGMapper: set:488 set: Unset optional value from type SMPTE2086
10-27 13:06:06.983 28239 28259 E IMGMapper: set:488 set: Unset optional value from type CTA861_3
10-27 13:06:06.997  1039  1039 I BufferQueueProducer: [com.cinemamovel/com.cinemamovel.MainActivity$_28239#595908](this:0xb400007a2639b838,id:-1,api:0,p:-1,c:1039) queueBuffer: fps=14.38 dur=1182.22 max=882.28 min=16.39
10-27 13:06:07.000   991 11009 I hwcomposer: [HWCDisplay] [Display_0 (type:1)] fps:15.213675,dur:1183.15,max:848.92,min:15.70  
10-27 13:06:07.167  1187  1303 I GestureDetector: handleMessage TAP
10-27 13:06:07.167  1187  1187 I GestureDetector: handleMessage TAP
10-27 13:06:07.195  1737  1942 D MobileStatusTracker(0/2): onSignalStrengthsChanged level=4, vendorLevel=3
10-27 13:06:07.200  1737  1942 D MobileSignalController(0/2): notifyListener: enabled=true, connected=true, dataConnected=true, networkType=LTE (4G), emergencyOnly=false, roaming=false, isDefault=true, dataActivity=, level=3, ca=false, mmWave=false, disabledDataIcon=false, simCard=ETC
10-27 13:06:07.200  1737  1942 D NetworkController: SignalStrength from intent slotId=0
10-27 13:06:07.262  1187  1351 D BatteryExternalStatsWorker: update stats : procstate-change (14)
10-27 13:06:07.263  1187  1351 D BatteryExternalStatsWorker: Update Rail Energy data
10-27 13:06:07.263  1187  1351 D BatteryExternalStatsWorker: Fetch Bluetooth data
10-27 13:06:07.264  1187  1351 D BatteryExternalStatsWorker: Fetch modem data
10-27 13:06:07.269  1187  4538 W BatteryExternalStatsWorker: error reading Bluetooth stats: 11
10-27 13:06:07.303  1187  4538 W TelephonyManager: requestModemActivityInfo: Received an invalid ModemActivityInfo
10-27 13:06:07.304  1187  4538 W BatteryExternalStatsWorker: error reading modem stats:ERROR_INVALID_INFO_RECEIVED
10-27 13:06:07.304  1187  1351 D BatteryExternalStatsWorker: mStats lock released
10-27 13:06:07.304  1187  1351 D BatteryExternalStatsWorker: done updateExternalStatsLocked
10-27 13:06:07.659 23605 23665 D WM-SystemJobScheduler: Scheduling work ID 15aa36fb-9cf6-42a2-9ab7-6bad9687f6ddJob ID 672720
10-27 13:06:07.671  1187  4538 I ActivityManager: Changes in 10250 15 to 8, 0 to 8
10-27 13:06:07.673 18481 18496 I dwbx    : (REDACTED) appOpsListener %s %s
10-27 13:06:07.674  1187  1352 E AppOps  : evalMode() Foreground mode : uid - 10250, op - 27, capability - 8
10-27 13:06:07.674 18481 18496 I dwbx    : (REDACTED) Ignoring irrelevant audio permission changes for package %s
10-27 13:06:07.683  1187  1352 E AppOps  : evalMode() Foreground mode : uid - 10250, op - 26, capability - 8
10-27 13:06:07.683  1187  1352 E AppOps  : evalMode() Foreground mode : uid - 10250, op - 1, capability - 8
10-27 13:06:07.688 23605 23605 D WM-SystemJobService: onStartJob for WorkGenerationalId(workSpecId=15aa36fb-9cf6-42a2-9ab7-6bad9687f6dd, generation=0)
10-27 13:06:07.691 23605 23665 D WM-GreedyScheduler: Starting tracking for 15aa36fb-9cf6-42a2-9ab7-6bad9687f6dd
10-27 13:06:07.694 23605 23665 D WM-Processor: H1d: processing WorkGenerationalId(workSpecId=15aa36fb-9cf6-42a2-9ab7-6bad9687f6dd, generation=0)
10-27 13:06:07.706 23605 23605 D WM-WorkerWrapper: Starting work for com.whatsapp.messaging.xmpp.XmppLifecycleWorker
10-27 13:06:07.710 23605 23661 D WM-ConstraintTracker: H10: initial state = NetworkState(isConnected=true, isValidated=true, isMetered=true, isNotRoaming=true)
10-27 13:06:07.710 23605 23661 D WM-NetworkStateTracker: Registering network callback
10-27 13:06:07.711 23605 23661 D ConnectivityManager: StackLog: [android.net.ConnectivityManager.sendRequestForNetwork(ConnectivityManager.java:4402)] [android.net.ConnectivityManager.registerDefaultNetworkCallbackForUid(ConnectivityManager.java:4966)] [android.net.ConnectivityManager.registerDefaultNetworkCallback(ConnectivityManager.java:4933)] [android.net.ConnectivityManager.registerDefaultNetworkCallback(ConnectivityManager.java:4907)] [X.H10.A03(:20)] [androidx.work.impl.constraints.controllers.BaseConstraintController$track$1.invokeSuspend(:81)] [androidx.work.impl.constraints.controllers.BaseConstraintController$track$1.invoke(:8)] [X.1al.A00(:2)] [X.1an.A00(:52)] [X.1af.invokeSuspend(:26)] [X.0xO.resumeWith(:8)] [X.0xr.run(:89)] [X.H2M.run(:2)] [java.util.concurrent.ThreadPoolExecutor.runWorker(ThreadPoolExecutor.java:1145)] [java.util.concurrent.ThreadPoolExecutor$Worker.run(ThreadPoolExecutor.java:644)] [java.lang.Thread.run(Thread.java:1012)]
10-27 13:06:07.713  1187  1299 D ConnectivityService: requestNetwork for uid/pid:10250/23605 activeRequest: null callbackRequest: 14087 [NetworkRequest [ REQUEST id=14088, [ Capabilities: INTERNET&NOT_RESTRICTED&TRUSTED&NOT_VCN_MANAGED Uid: 10250 RequestorUid: 10250 RequestorPkg: com.whatsapp UnderlyingNetworks: Null] ]] callback flags: 0 order: 2147483647
10-27 13:06:07.714  1187  1588 D ConnectivityService:    accepting network in place of null for NetworkRequest [ REQUEST id=14088, [ Capabilities: INTERNET&NOT_RESTRICTED&TRUSTED&NOT_VCN_MANAGED Uid: 10250 RequestorUid: 10250 RequestorPkg: com.whatsapp UnderlyingNetworks: Null] ]
10-27 13:06:07.715 23605 23661 D WM-GreedyScheduler: Constraints met: Scheduling work ID WorkGenerationalId(workSpecId=15aa36fb-9cf6-42a2-9ab7-6bad9687f6dd, generation=0)
10-27 13:06:07.716 23605 23671 D WM-NetworkStateTracker: Network capabilities changed: [ Transports: CELLULAR Capabilities: SUPL&INTERNET&NOT_RESTRICTED&TRUSTED&NOT_VPN&VALIDATED&NOT_ROAMING&FOREGROUND&NOT_CONGESTED&NOT_SUSPENDED&NOT_VCN_MANAGED LinkUpBandwidth>=12134Kbps LinkDnBandwidth>=7237Kbps Specifier: <TelephonyNetworkSpecifier [mSubId = 2]> SubscriptionIds: {2} UnderlyingNetworks: Null]
10-27 13:06:07.717 23605 23661 D WM-Processor: Work WorkGenerationalId(workSpecId=15aa36fb-9cf6-42a2-9ab7-6bad9687f6dd, generation=0) is already enqueued for processing
10-27 13:06:07.719  1187  1566 D WifiNetworkFactory: got request NetworkRequest [ REQUEST id=14088, [ Capabilities: INTERNET&NOT_RESTRICTED&TRUSTED&NOT_VCN_MANAGED Uid: 10250 RequestorUid: 10250 RequestorPkg: com.whatsapp UnderlyingNetworks: Null] ]
10-27 13:06:07.720  1187  1566 D UntrustedWifiNetworkFactory: got request NetworkRequest [ REQUEST id=14088, [ Capabilities: INTERNET&NOT_RESTRICTED&TRUSTED&NOT_VCN_MANAGED Uid: 10250 RequestorUid: 10250 RequestorPkg: com.whatsapp UnderlyingNetworks: Null] ]
10-27 13:06:07.720  1187  1566 D OemPaidWifiNetworkFactory: got request NetworkRequest [ REQUEST id=14088, [ Capabilities: INTERNET&NOT_RESTRICTED&TRUSTED&NOT_VCN_MANAGED Uid: 10250 RequestorUid: 10250 RequestorPkg: com.whatsapp UnderlyingNetworks: Null] ]
10-27 13:06:07.720  1187  1566 D MultiInternetWifiNetworkFactory: got request NetworkRequest [ REQUEST id=14088, [ Capabilities: INTERNET&NOT_RESTRICTED&TRUSTED&NOT_VCN_MANAGED Uid: 10250 RequestorUid: 10250 RequestorPkg: com.whatsapp UnderlyingNetworks: Null] ]
10-27 13:06:07.721  1187  1588 D ConnectivityService: Rematched networks [computed 0ms] [applied 2ms] [issued 5]
10-27 13:06:07.721  1187  1588 D ConnectivityService: NetworkReassignment :
10-27 13:06:07.721  1187  1588 D ConnectivityService:   14088 : null → 132
10-27 13:06:07.954   543   543 D io_stats: !@ 179,0 r 548192182 6629183578 w 95238685 1007927468 d 1259540 33790644 f 0 0 iot 274531148 0 th 0 0 0 pt 0 inp 0 0 2933069.587
10-27 13:06:07.960  1187  1299 D InputDispatcher: Inject key (28385/2000): action=0, f=0x0, d=-1, time=2933069592000000
10-27 13:06:07.961  1187  1299 D WindowManager: interceptKeyTq keycode=4 interactive=true keyguardActive=false policyFlags=2b000000
10-27 13:06:07.964  1187  1299 D PhoneWindowManagerExt: interceptKeyTq code=4 down=true repeatCount=0 displayId=-1 interactive=true
10-27 13:06:07.965  1187  1299 D WindowManager: interceptKeyTq interceptKeyResult=4
10-27 13:06:07.965  1187  1534 D PowerManagerService: [api] userActivityFromNative :  (event: 1 flags: 0 displayId: 0) eventTime = 2933069592
10-27 13:06:07.967  1187  1534 D WindowManager: interceptKeyTi keyCode=4 down=true repeatCount=0 keyguardOn=false canceled=false
10-27 13:06:07.967  1187  1534 D PhoneWindowManagerExt: interceptKeyTi code=4 down=true repeatCount=0 displayId=-1 interactive=true
10-27 13:06:07.968  1187  1534 I InputDispatcher: Delivering key to (28239): B action: 0x0 (0), f=0x0, m=0x0, d=0, '79e1fda'
10-27 13:06:07.971 23351 23351 I HBD     : b skip onKeyDown as physical keyboard not connected 
10-27 13:06:07.973 23351 23351 I HBD     : HoneyBoardService onKeyDown r:7c1a3768 consumed:false 2 
10-27 13:06:07.984 28239 28239 I ViewRootImpl@d913698[MainActivity]: ViewPostIme key 0
10-27 13:06:07.985 28239 28239 D Activity: onKeyDown(KEYCODE_BACK)
10-27 13:06:07.986  1187  1299 D InputDispatcher: Inject key (28385/2000): action=1, f=0x0, d=-1, time=2933069592000000
10-27 13:06:07.986  1187  1299 D WindowManager: interceptKeyTq keycode=4 interactive=true keyguardActive=false policyFlags=2b000000
10-27 13:06:07.986  1187  1299 D PhoneWindowManagerExt: interceptKeyTq code=4 down=false repeatCount=0 displayId=-1 interactive=true
10-27 13:06:07.986  1187  1299 D WindowManager: interceptKeyTq interceptKeyResult=4
10-27 13:06:07.987  1187  1534 D WindowManager: interceptKeyTi keyCode=4 down=false repeatCount=0 keyguardOn=false canceled=false
10-27 13:06:07.987  1187  1534 D PhoneWindowManagerExt: interceptKeyTi code=4 down=false repeatCount=0 displayId=-1 interactive=true
10-27 13:06:07.988  1187  1534 I InputDispatcher: Delivering key to (28239): B action: 0x1 (0), f=0x0, m=0x0, d=0, '79e1fda'
10-27 13:06:07.991 23351 23351 I HBD     : HoneyBoardService onKeyUp r:41c02016 consumed:false 2 
10-27 13:06:07.993 28239 28239 I ViewRootImpl@d913698[MainActivity]: ViewPostIme key 1
10-27 13:06:07.993 28239 28239 D Activity: onKeyUp(KEYCODE_BACK) isTracking()=true isCanceled()=false hasCallback=false
10-27 13:06:08.044 28239 28266 I ReactNativeJS: ---METRICS_JSON_START---
10-27 13:06:08.044 28239 28266 I ReactNativeJS: {
10-27 13:06:08.044 28239 28266 I ReactNativeJS:   "screenRenders": 5,
10-27 13:06:08.044 28239 28266 I ReactNativeJS:   "componentRenders": {
10-27 13:06:08.044 28239 28266 I ReactNativeJS:     "Loader": 1,
10-27 13:06:08.044 28239 28266 I ReactNativeJS:     "Poster": 1,
10-27 13:06:08.044 28239 28266 I ReactNativeJS:     "InfoBlock": 4,
10-27 13:06:08.044 28239 28266 I ReactNativeJS:     "RatingBlock": 4,
10-27 13:06:08.044 28239 28266 I ReactNativeJS:     "Overview": 4,
10-27 13:06:08.044 28239 28266 I ReactNativeJS:     "Genres": 1
10-27 13:06:08.044 28239 28266 I ReactNativeJS:   },
10-27 13:06:08.044 28239 28266 I ReactNativeJS:   "interactionEvents": [
10-27 13:06:08.044 28239 28266 I ReactNativeJS:     {
10-27 13:06:08.044 28239 28266 I ReactNativeJS:       "action": "toggle_favorite",
10-27 13:06:08.044 28239 28266 I ReactNativeJS:       "timestamp": 1761581164725
10-27 13:06:08.044 28239 28266 I ReactNativeJS:     },
10-27 13:06:08.044 28239 28266 I ReactNativeJS:     {
10-27 13:06:08.044 28239 28266 I ReactNativeJS:       "action": "set_rating_3",
10-27 13:06:08.044 28239 28266 I ReactNativeJS:       "timestamp": 1761581165805
10-27 13:06:08.044 28239 28266 I ReactNativeJS:     },
10-27 13:06:08.044 28239 28266 I ReactNativeJS:     {
10-27 13:06:08.044 28239 28266 I ReactNativeJS:       "action": "toggle_overview",
10-27 13:06:08.044 28239 28266 I ReactNativeJS:       "timestamp": 1761581166894
10-27 13:06:08.044 28239 28266 I ReactNativeJS:     },
10-27 13:06:08.044 28239 28266 I ReactNativeJS:     {
10-27 13:06:08.044 28239 28266 I ReactNativeJS:       "action": "component_unmounted_logged",
10-27 13:06:08.044 28239 28266 I ReactNativeJS:       "timestamp": 1761581168044
10-27 13:06:08.044 28239 28266 I ReactNativeJS:     }
10-27 13:06:08.044 28239 28266 I ReactNativeJS:   ]
10-27 13:06:08.044 28239 28266 I ReactNativeJS: }
10-27 13:06:08.044 28239 28266 I ReactNativeJS: ---METRICS_JSON_END---
10-27 13:06:08.103 28239 28259 E IMGMapper: set:488 set: Unset optional value from type SMPTE2086
10-27 13:06:08.103 28239 28259 E IMGMapper: set:488 set: Unset optional value from type CTA861_3
10-27 13:06:08.112  1039  1039 I SurfaceFlinger: SFWD update time=2933069744379114
10-27 13:06:08.112  1039  1039 I BufferQueueProducer: [com.cinemamovel/com.cinemamovel.MainActivity$_28239#595908](this:0xb400007a2639b838,id:-1,api:0,p:-1,c:1039) queueBuffer: fps=0.90 dur=1115.20 max=1115.20 min=1115.20
10-27 13:06:08.114   991 11009 I hwcomposer: [HWCDisplay] [Display_0 (type:1)] fps:0.897036,dur:1114.78,max:1114.78,min:1114.78  
10-27 13:06:08.136  1737  1942 D MobileStatusTracker(0/2): onDataActivity: direction=3
10-27 13:06:08.137  1737  1942 D MobileSignalController(0/2): notifyListener: enabled=true, connected=true, dataConnected=true, networkType=LTE (4G), emergencyOnly=false, roaming=false, isDefault=true, dataActivity=inout, level=3, ca=false, mmWave=false, disabledDataIcon=false, simCard=ETC
10-27 13:06:08.151  1737  1796 E IMGMapper: set:488 set: Unset optional value from type SMPTE2086
10-27 13:06:08.151  1737  1796 E IMGMapper: set:488 set: Unset optional value from type CTA861_3
10-27 13:06:08.162  1039  1039 I BufferQueueProducer: [StatusBar$_1737#534029](this:0xb400007a1f0ca838,id:-1,api:0,p:-1,c:1039) queueBuffer: fps=0.50 dur=2014.31 max=2014.31 min=2014.31
10-27 13:06:08.178 28239 28259 E IMGMapper: set:488 set: Unset optional value from type SMPTE2086
10-27 13:06:08.178 28239 28259 E IMGMapper: set:488 set: Unset optional value from type CTA861_3
10-27 13:06:08.193 28239 28259 E IMGMapper: set:488 set: Unset optional value from type SMPTE2086
10-27 13:06:08.193 28239 28259 E IMGMapper: set:488 set: Unset optional value from type CTA861_3
10-27 13:06:08.195  1737  1942 D MobileStatusTracker(0/2): onSignalStrengthsChanged level=4, vendorLevel=3
10-27 13:06:08.198  1737  1942 D MobileSignalController(0/2): notifyListener: enabled=true, connected=true, dataConnected=true, networkType=LTE (4G), emergencyOnly=false, roaming=false, isDefault=true, dataActivity=inout, level=3, ca=false, mmWave=false, disabledDataIcon=false, simCard=ETC
10-27 13:06:08.198  1737  1942 D NetworkController: SignalStrength from intent slotId=0
10-27 13:06:08.213 28239 28259 E IMGMapper: set:488 set: Unset optional value from type SMPTE2086
10-27 13:06:08.213 28239 28259 E IMGMapper: set:488 set: Unset optional value from type CTA861_3
10-27 13:06:08.229 28239 28259 E IMGMapper: set:488 set: Unset optional value from type SMPTE2086
10-27 13:06:08.230 28239 28259 E IMGMapper: set:488 set: Unset optional value from type CTA861_3
10-27 13:06:08.244 28239 28259 E IMGMapper: set:488 set: Unset optional value from type SMPTE2086
10-27 13:06:08.244 28239 28259 E IMGMapper: set:488 set: Unset optional value from type CTA861_3
10-27 13:06:08.256 28239 28259 E IMGMapper: set:488 set: Unset optional value from type SMPTE2086
10-27 13:06:08.257 28239 28259 E IMGMapper: set:488 set: Unset optional value from type CTA861_3
10-27 13:06:08.273 28239 28259 E IMGMapper: set:488 set: Unset optional value from type SMPTE2086
10-27 13:06:08.273 28239 28259 E IMGMapper: set:488 set: Unset optional value from type CTA861_3
10-27 13:06:08.290 28239 28259 E IMGMapper: set:488 set: Unset optional value from type SMPTE2086
10-27 13:06:08.290 28239 28259 E IMGMapper: set:488 set: Unset optional value from type CTA861_3
10-27 13:06:08.305 28239 28259 E IMGMapper: set:488 set: Unset optional value from type SMPTE2086
10-27 13:06:08.305 28239 28259 E IMGMapper: set:488 set: Unset optional value from type CTA861_3
10-27 13:06:08.322 28239 28259 E IMGMapper: set:488 set: Unset optional value from type SMPTE2086
10-27 13:06:08.322 28239 28259 E IMGMapper: set:488 set: Unset optional value from type CTA861_3
10-27 13:06:08.340 28239 28259 E IMGMapper: set:488 set: Unset optional value from type SMPTE2086
10-27 13:06:08.340 28239 28259 E IMGMapper: set:488 set: Unset optional value from type CTA861_3
10-27 13:06:08.357 28239 28259 E IMGMapper: set:488 set: Unset optional value from type SMPTE2086
10-27 13:06:08.357 28239 28259 E IMGMapper: set:488 set: Unset optional value from type CTA861_3
10-27 13:06:08.374 28239 28259 E IMGMapper: set:488 set: Unset optional value from type SMPTE2086
10-27 13:06:08.374 28239 28259 E IMGMapper: set:488 set: Unset optional value from type CTA861_3
