10-20 21:37:57.645  1483  1502 D WindowManager: interceptKeyTq interceptKeyResult=4
10-20 21:37:57.645  1483  1796 D PowerManagerService: [api] userActivityFromNative :  (event: 1 flags: 0 displayId: 0) eventTime = 2556474947
10-20 21:37:57.646  1483  1796 D WindowManager: interceptKeyTi keyCode=4 down=true repeatCount=0 keyguardOn=false canceled=false
10-20 21:37:57.646  1483  1796 D PhoneWindowManagerExt: interceptKeyTi code=4 down=true repeatCount=0 displayId=-1 interactive=true
10-20 21:37:57.646  1483  1796 I InputDispatcher: Delivering key to (13579): B action: 0x0 (0), f=0x0, m=0x0, d=0, 'e79635a'
10-20 21:37:57.648  5125  5125 I HBD     : b skip onKeyDown as physical keyboard not connected 
10-20 21:37:57.649  5125  5125 I HBD     : HoneyBoardService onKeyDown r:ff112401 consumed:false 1 
10-20 21:37:57.650 13579 13579 I ViewRootImpl@8188eb8[MainActivity]: ViewPostIme key 0
10-20 21:37:57.651 13579 13579 D Activity: onKeyDown(KEYCODE_BACK)
10-20 21:37:57.651  1483  1502 D InputDispatcher: Inject key (13879/2000): action=1, f=0x0, d=-1, time=2556474947000000
10-20 21:37:57.651  1483  1502 D WindowManager: interceptKeyTq keycode=4 interactive=true keyguardActive=false policyFlags=2b000000
10-20 21:37:57.652  1483  1502 D PhoneWindowManagerExt: interceptKeyTq code=4 down=false repeatCount=0 displayId=-1 interactive=true
10-20 21:37:57.652  1483  1502 D WindowManager: interceptKeyTq interceptKeyResult=4
10-20 21:37:57.652  1483  1796 D WindowManager: interceptKeyTi keyCode=4 down=false repeatCount=0 keyguardOn=false canceled=false
10-20 21:37:57.652  1483  1796 D PhoneWindowManagerExt: interceptKeyTi code=4 down=false repeatCount=0 displayId=-1 interactive=true
10-20 21:37:57.653  1483  1796 I InputDispatcher: Delivering key to (13579): B action: 0x1 (0), f=0x0, m=0x0, d=0, 'e79635a'
10-20 21:37:57.654  5125  5125 I HBD     : HoneyBoardService onKeyUp r:1d871ce7 consumed:false 1 
10-20 21:37:57.656 13579 13579 I ViewRootImpl@8188eb8[MainActivity]: ViewPostIme key 1
10-20 21:37:57.656 13579 13579 D Activity: onKeyUp(KEYCODE_BACK) isTracking()=true isCanceled()=false hasCallback=false
10-20 21:37:57.749 13579 13608 E IMGMapper: set:488 set: Unset optional value from type SMPTE2086
10-20 21:37:57.750 13579 13608 E IMGMapper: set:488 set: Unset optional value from type CTA861_3
10-20 21:37:57.763  1039  1039 I BufferQueueProducer: [com.cinemamovel/com.cinemamovel.MainActivity$_13579#506355](this:0xb400007a1f6e8838,id:-1,api:0,p:-1,c:1039) queueBuffer: fps=15.40 dur=1298.41 max=981.27 min=15.74
10-20 21:37:57.764   991  1074 I hwcomposer: [HWCDisplay] [Display_0 (type:1)] fps:15.408346,dur:1298.00,max:980.10,min:15.48  
10-20 21:37:57.825 13579 13608 E IMGMapper: set:488 set: Unset optional value from type SMPTE2086
10-20 21:37:57.825 13579 13608 E IMGMapper: set:488 set: Unset optional value from type CTA861_3
10-20 21:37:57.835 13579 13608 E IMGMapper: set:488 set: Unset optional value from type SMPTE2086
10-20 21:37:57.836 13579 13608 E IMGMapper: set:488 set: Unset optional value from type CTA861_3
10-20 21:37:57.845 13579 13608 E IMGMapper: set:488 set: Unset optional value from type SMPTE2086
10-20 21:37:57.845 13579 13608 E IMGMapper: set:488 set: Unset optional value from type CTA861_3
10-20 21:37:57.868 13579 13608 E IMGMapper: set:488 set: Unset optional value from type SMPTE2086
10-20 21:37:57.868 13579 13608 E IMGMapper: set:488 set: Unset optional value from type CTA861_3
10-20 21:37:57.880 13579 13608 E IMGMapper: set:488 set: Unset optional value from type SMPTE2086
10-20 21:37:57.880 13579 13608 E IMGMapper: set:488 set: Unset optional value from type CTA861_3
10-20 21:37:57.900 13579 13608 E IMGMapper: set:488 set: Unset optional value from type SMPTE2086
10-20 21:37:57.900 13579 13608 E IMGMapper: set:488 set: Unset optional value from type CTA861_3
10-20 21:37:57.914  2521  2618 D MobileStatusTracker(0/2): onSignalStrengthsChanged level=4, vendorLevel=3
10-20 21:37:57.918  2521  2618 D MobileSignalController(0/2): notifyListener: enabled=true, connected=true, dataConnected=true, networkType=LTE (4G), emergencyOnly=false, roaming=false, isDefault=false, dataActivity=, level=3, ca=false, mmWave=false, disabledDataIcon=false, simCard=ETC
10-20 21:37:57.919  2521  2618 D NetworkController: SignalStrength from intent slotId=0
10-20 21:37:57.921 13579 13608 E IMGMapper: set:488 set: Unset optional value from type SMPTE2086
10-20 21:37:57.921 13579 13608 E IMGMapper: set:488 set: Unset optional value from type CTA861_3
10-20 21:37:57.925  4441  4441 I wpa_supplicant: Heartbeat 1411
10-20 21:37:57.930 13579 13608 E IMGMapper: set:488 set: Unset optional value from type SMPTE2086
10-20 21:37:57.931 13579 13608 E IMGMapper: set:488 set: Unset optional value from type CTA861_3
10-20 21:37:57.944 13579 13608 E IMGMapper: set:488 set: Unset optional value from type SMPTE2086
10-20 21:37:57.944 13579 13608 E IMGMapper: set:488 set: Unset optional value from type CTA861_3
10-20 21:37:57.958  1483  1554 I ActivityManager: Changes in 10079 5 to 8, 8 to 0
10-20 21:37:57.966 13579 13608 E IMGMapper: set:488 set: Unset optional value from type SMPTE2086
10-20 21:37:57.966 13579 13608 E IMGMapper: set:488 set: Unset optional value from type CTA861_3
10-20 21:37:57.978 13579 13608 E IMGMapper: set:488 set: Unset optional value from type SMPTE2086
10-20 21:37:57.978 13579 13608 E IMGMapper: set:488 set: Unset optional value from type CTA861_3
10-20 21:37:57.994 13579 13608 E IMGMapper: set:488 set: Unset optional value from type SMPTE2086
10-20 21:37:57.994 13579 13608 E IMGMapper: set:488 set: Unset optional value from type CTA861_3
10-20 21:37:58.011 13579 13608 E IMGMapper: set:488 set: Unset optional value from type SMPTE2086
10-20 21:37:58.011 13579 13608 E IMGMapper: set:488 set: Unset optional value from type CTA861_3
10-20 21:37:58.027 13579 13608 E IMGMapper: set:488 set: Unset optional value from type SMPTE2086
10-20 21:37:58.027 13579 13608 E IMGMapper: set:488 set: Unset optional value from type CTA861_3
10-20 21:37:58.043 13579 13608 E IMGMapper: set:488 set: Unset optional value from type SMPTE2086
10-20 21:37:58.043 13579 13608 E IMGMapper: set:488 set: Unset optional value from type CTA861_3
10-20 21:37:58.060 13579 13608 E IMGMapper: set:488 set: Unset optional value from type SMPTE2086
10-20 21:37:58.060 13579 13608 E IMGMapper: set:488 set: Unset optional value from type CTA861_3
10-20 21:37:58.078 13579 13608 E IMGMapper: set:488 set: Unset optional value from type SMPTE2086
10-20 21:37:58.078 13579 13608 E IMGMapper: set:488 set: Unset optional value from type CTA861_3
10-20 21:37:58.093 13579 13608 E IMGMapper: set:488 set: Unset optional value from type SMPTE2086
10-20 21:37:58.093 13579 13608 E IMGMapper: set:488 set: Unset optional value from type CTA861_3
10-20 21:37:58.110 13579 13608 E IMGMapper: set:488 set: Unset optional value from type SMPTE2086
10-20 21:37:58.110 13579 13608 E IMGMapper: set:488 set: Unset optional value from type CTA861_3
10-20 21:37:58.127 13579 13608 E IMGMapper: set:488 set: Unset optional value from type SMPTE2086
10-20 21:37:58.127 13579 13608 E IMGMapper: set:488 set: Unset optional value from type CTA861_3
10-20 21:37:58.143 13579 13608 E IMGMapper: set:488 set: Unset optional value from type SMPTE2086
10-20 21:37:58.143 13579 13608 E IMGMapper: set:488 set: Unset optional value from type CTA861_3
10-20 21:37:58.160 13579 13608 E IMGMapper: set:488 set: Unset optional value from type SMPTE2086
10-20 21:37:58.160 13579 13608 E IMGMapper: set:488 set: Unset optional value from type CTA861_3
10-20 21:37:58.176 13579 13608 E IMGMapper: set:488 set: Unset optional value from type SMPTE2086
10-20 21:37:58.176 13579 13608 E IMGMapper: set:488 set: Unset optional value from type CTA861_3
10-20 21:37:58.193 13579 13608 E IMGMapper: set:488 set: Unset optional value from type SMPTE2086
10-20 21:37:58.193 13579 13608 E IMGMapper: set:488 set: Unset optional value from type CTA861_3
10-20 21:37:58.210 13579 13608 E IMGMapper: set:488 set: Unset optional value from type SMPTE2086
10-20 21:37:58.210 13579 13608 E IMGMapper: set:488 set: Unset optional value from type CTA861_3
10-20 21:37:58.226 13579 13608 E IMGMapper: set:488 set: Unset optional value from type SMPTE2086
10-20 21:37:58.226 13579 13608 E IMGMapper: set:488 set: Unset optional value from type CTA861_3
10-20 21:37:58.244 13579 13608 E IMGMapper: set:488 set: Unset optional value from type SMPTE2086
10-20 21:37:58.244 13579 13608 E IMGMapper: set:488 set: Unset optional value from type CTA861_3
10-20 21:37:58.259 13579 13608 E IMGMapper: set:488 set: Unset optional value from type SMPTE2086
10-20 21:37:58.260 13579 13608 E IMGMapper: set:488 set: Unset optional value from type CTA861_3
10-20 21:37:58.279 13579 13608 E IMGMapper: set:488 set: Unset optional value from type SMPTE2086
10-20 21:37:58.279 13579 13608 E IMGMapper: set:488 set: Unset optional value from type CTA861_3
10-20 21:37:58.291 13579 13608 E IMGMapper: set:488 set: Unset optional value from type SMPTE2086
10-20 21:37:58.291 13579 13608 E IMGMapper: set:488 set: Unset optional value from type CTA861_3
10-20 21:37:58.308 13579 13608 E IMGMapper: set:488 set: Unset optional value from type SMPTE2086
10-20 21:37:58.308 13579 13608 E IMGMapper: set:488 set: Unset optional value from type CTA861_3
10-20 21:37:58.408 11529 11566 I ContactsProvider_EventLog: cp_s: [CONTACT con(156) dat(1626) acc({google(35)=1, google(2)=155, com.google.android.apps.tachyon(10)=4, com.google.android.apps.tachyon(24)=37, com.whatsapp(9)=124}) calls([logtype:100 cnt:1000]) Iso(BR) uId(0) ]
10-20 21:37:58.408 11529 11566 I ContactsProvider_EventLog: cp_s: [ agr({[2 ,9 ,10]=4, [2 ,9 ,9 ,24]=1, [2 ,9 ,24]=30, [2 ,2]=1, [2]=28, [2 ,24]=3, [35]=1, [2 ,24 ,9]=2, [9 ,2 ,24]=1, [9]=1, [2 ,9]=84}) ]
10-20 21:37:58.408 11529 11566 I ContactsProvider_EventLog: cp_s: [ cnt({acore(11529)=1}) ]
10-20 21:37:58.408 11529 11566 I ContactsProvider_EventLog: cp_s: [PROFILE ] [SAPROFILE con(1) dat(1) acc({phone(1)=1}) ]
10-20 21:37:58.408 11529 11566 I ContactsProvider_EventLog: cp_s: [STATE R(F) ]
10-20 21:37:58.491   543   543 D io_stats: !@ 179,0 r 465922601 5661194898 w 80734100 846829056 d 1258365 33785900 f 0 0 iot 231664608 0 th 0 0 0 pt 0 inp 0 0 2556475.794
10-20 21:37:58.563  1483  1583 D PowerManagerService: UserActivityStateListenerState: 0
10-20 21:37:58.664 24250 24342 D TrafficStats: tagSocket(6) with statsTag=0xffffffff, statsUid=-1
10-20 21:37:58.935  1483  2471 D NetdEventListenerService: DNS Requested by : 475, 11011
10-20 21:37:58.936 24250  5698 D TrafficStats: tagSocket(6) with statsTag=0xffffffff, statsUid=-1
10-20 21:37:59.736  1483  4825 D InputDispatcher: Inject motion (13890/2000): action=0x0, time=2556477039000000, f=0x0, d=0 dsdx=1.000000 dtdx=0.000000
10-20 21:37:59.737  1483  1796 I InputDispatcher: Delivering touch to (2521): action: 0x4, f=0x0, d=0, 'a9cce9e', t=1 
10-20 21:37:59.737  1483  1796 I InputDispatcher: Delivering touch to (13579): action: 0x0, f=0x0, d=0, 'e79635a', t=1 
10-20 21:37:59.738  1483  1796 D PowerManagerService: [api] userActivityFromNative :  (event: 2 flags: 0 displayId: 0) eventTime = 2556477039
10-20 21:37:59.738  1483  1528 I GestureDetector: obtain mCurrentDownEvent. id: -785171672 caller: com.android.server.wm.SystemGesturesPointerEventListener.onPointerEvent:203 com.android.server.wm.PointerEventDispatcher.onInputEvent:53 android.view.InputEventReceiver.dispatchInputEvent:285 
10-20 21:37:59.739  1483  1528 I GestureDetector: obtain mCurrentDownEvent. id: -785171672 caller: com.android.server.wm.SystemPerformancePointerEventListener.onPointerEvent:89 com.android.server.wm.PointerEventDispatcher.onInputEvent:53 android.view.InputEventReceiver.dispatchInputEvent:285 
10-20 21:37:59.739 13579 13579 I ViewRootImpl@8188eb8[MainActivity]: ViewPostIme pointer 0
10-20 21:37:59.739  1483  1796 D PowerManagerService: UserActivityStateListenerState: 1
10-20 21:37:59.747  1483  4825 D InputDispatcher: Inject motion (13890/2000): action=0x1, time=2556477039000000, f=0x0, d=0 dsdx=1.000000 dtdx=0.000000
10-20 21:37:59.748  1483  1796 I InputDispatcher: Delivering touch to (13579): action: 0x1, f=0x0, d=0, 'e79635a', t=1 
10-20 21:37:59.748  1483  1528 I GestureDetector: obtain mCurrentMotionEventRaw. action: 1 id: -761506931
10-20 21:37:59.749  1483  1528 I GestureDetector: obtain mCurrentMotionEventRaw. action: 1 id: -761506931
10-20 21:37:59.749 13579 13579 I ViewRootImpl@8188eb8[MainActivity]: ViewPostIme pointer 1
10-20 21:37:59.770 13579 13608 E IMGMapper: set:488 set: Unset optional value from type SMPTE2086
10-20 21:37:59.770 13579 13608 E IMGMapper: set:488 set: Unset optional value from type CTA861_3
10-20 21:37:59.777  1039  1039 I BufferQueueProducer: [com.cinemamovel/com.cinemamovel.MainActivity$_13579#506355](this:0xb400007a1f6e8838,id:-1,api:0,p:-1,c:1039) queueBuffer: fps=15.88 dur=2014.54 max=1448.15 min=16.05
10-20 21:37:59.779   991  1074 I hwcomposer: [HWCDisplay] [Display_0 (type:1)] fps:15.883473,dur:2014.67,max:1447.99,min:15.57  
10-20 21:37:59.802 13579 13608 E IMGMapper: set:488 set: Unset optional value from type SMPTE2086
10-20 21:37:59.803 13579 13608 E IMGMapper: set:488 set: Unset optional value from type CTA861_3
10-20 21:37:59.819 13579 13608 E IMGMapper: set:488 set: Unset optional value from type SMPTE2086
10-20 21:37:59.819 13579 13608 E IMGMapper: set:488 set: Unset optional value from type CTA861_3
10-20 21:37:59.837 13579 13608 E IMGMapper: set:488 set: Unset optional value from type SMPTE2086
10-20 21:37:59.837 13579 13608 E IMGMapper: set:488 set: Unset optional value from type CTA861_3
10-20 21:37:59.856 13579 13615 I ReactNativeJS: ---METRICS_JSON_START---
10-20 21:37:59.857 13579 13615 I ReactNativeJS: {
10-20 21:37:59.857 13579 13615 I ReactNativeJS:   "dashboardRenders": 3,
10-20 21:37:59.857 13579 13615 I ReactNativeJS:   "cardRenders": {
10-20 21:37:59.857 13579 13615 I ReactNativeJS:     "13494": 2,
10-20 21:37:59.857 13579 13615 I ReactNativeJS:     "506763": 2,
10-20 21:37:59.857 13579 13615 I ReactNativeJS:     "575265": 2,
10-20 21:37:59.857 13579 13615 I ReactNativeJS:     "617126": 1,
10-20 21:37:59.857 13579 13615 I ReactNativeJS:     "755898": 2,
10-20 21:37:59.857 13579 13615 I ReactNativeJS:     "803796": 2,
10-20 21:37:59.857 13579 13615 I ReactNativeJS:     "911430": 1,
10-20 21:37:59.857 13579 13615 I ReactNativeJS:     "914215": 2,
10-20 21:37:59.857 13579 13615 I ReactNativeJS:     "987400": 2,
10-20 21:37:59.857 13579 13615 I ReactNativeJS:     "993234": 5,
10-20 21:37:59.857 13579 13615 I ReactNativeJS:     "1007734": 2,
10-20 21:37:59.857 13579 13615 I ReactNativeJS:     "1028248": 2,
10-20 21:37:59.857 13579 13615 I ReactNativeJS:     "1035259": 2,
10-20 21:37:59.857 13579 13615 I ReactNativeJS:     "1038392": 2,
10-20 21:37:59.857 13579 13615 I ReactNativeJS:     "1051486": 2,
10-20 21:37:59.857 13579 13615 I ReactNativeJS:     "1061474": 2,
10-20 21:37:59.857 13579 13615 I ReactNativeJS:     "1078605": 2,
10-20 21:37:59.857 13579 13615 I ReactNativeJS:     "1087192": 2,
10-20 21:37:59.857 13579 13615 I ReactNativeJS:     "1234821": 2,
10-20 21:37:59.857 13579 13615 I ReactNativeJS:     "1242011": 1,
10-20 21:37:59.857 13579 13615 I ReactNativeJS:     "1246049": 5,
10-20 21:37:59.857 13579 13615 I ReactNativeJS:     "1265344": 6,
10-20 21:37:59.857 13579 13615 I ReactNativeJS:     "1311031": 2,
10-20 21:37:59.857 13579 13615 I ReactNativeJS:     "1355666": 5,
10-20 21:37:59.857 13579 13615 I ReactNativeJS:     "1369679": 2
10-20 21:37:59.857 13579 13615 I ReactNativeJS:   },
10-20 21:37:59.857 13579 13615 I ReactNativeJS:   "navigationEvents": [
10-20 21:37:59.857 13579 13615 I ReactNativeJS:     {
10-20 21:37:59.857 13579 13615 I ReactNativeJS:       "action": "focus_dashboard",
10-20 21:37:59.857 13579 13615 I ReactNativeJS:       "timestamp": 1761007063719
10-20 21:37:59.857 13579 13615 I ReactNativeJS:     },
10-20 21:37:59.857 13579 13615 I ReactNativeJS:     {
10-20 21:37:59.857 13579 13615 I ReactNativeJS:       "action": "navigate_to_1265344",
10-20 21:37:59.857 13579 13615 I ReactNativeJS:       "timestamp": 1761007075591
10-20 21:37:59.857 13579 13615 I ReactNativeJS:     },
10-20 21:37:59.857 13579 13615 I ReactNativeJS:     {
10-20 21:37:59.857 13579 13615 I ReactNativeJS:       "action": "leave_dashboard",
10-20 21:37:59.857 13579 13615 I ReactNativeJS:       "timestamp": 1761007075682
10-20 21:37:59.857 13579 13615 I ReactNativeJS:     },
10-20 21:37:59.857 13579 13615 I ReactNativeJS:     {
10-20 21:37:59.857 13579 13615 I ReactNativeJS:       "action": "focus_dashboard",
10-20 21:37:59.857 13579 13615 I ReactNativeJS:       "timestamp": 1761007077706
10-20 21:37:59.857 13579 13615 I ReactNativeJS:     },
10-20 21:37:59.857 13579 13615 I ReactNativeJS:     {
10-20 21:37:59.857 13579 13615 I ReactNativeJS:       "action": "navigate_to_1265344",
10-20 21:37:59.857 13579 13615 I ReactNativeJS:       "timestamp": 1761007079765
10-20 21:37:59.857 13579 13615 I ReactNativeJS:     },
10-20 21:37:59.857 13579 13615 I ReactNativeJS:     {
10-20 21:37:59.857 13579 13615 I ReactNativeJS:       "action": "leave_dashboard",
10-20 21:37:59.857 13579 13615 I ReactNativeJS:       "timestamp": 1761007079856
10-20 21:37:59.857 13579 13615 I ReactNativeJS:     }
10-20 21:37:59.857 13579 13615 I ReactNativeJS:   ]
10-20 21:37:59.857 13579 13615 I ReactNativeJS: }
10-20 21:37:59.857 13579 13615 I ReactNativeJS: ---METRICS_JSON_END---
10-20 21:37:59.863 13579 13579 W [RNScreens]: backTitleVisible prop is not available on Android
10-20 21:37:59.863 13579 13579 W [RNScreens]: backTitleFontFamily prop is not available on Android
10-20 21:37:59.863 13579 13579 W [RNScreens]: disableBackButtonMenu prop is not available on Android
10-20 21:37:59.863 13579 13579 W [RNScreens]: largeTitleFontFamily prop is not available on Android
10-20 21:37:59.863 13579 13579 W [RNScreens]: largeTitleFontWeight prop is not available on Android
10-20 21:37:59.863 13579 13579 W [RNScreens]: largeTitleHideShadow prop is not available on Android
10-20 21:37:59.866 13579 13608 E IMGMapper: set:488 set: Unset optional value from type SMPTE2086
10-20 21:37:59.866 13579 13608 E IMGMapper: set:488 set: Unset optional value from type CTA861_3
10-20 21:37:59.887 13579 13608 E IMGMapper: set:488 set: Unset optional value from type SMPTE2086
10-20 21:37:59.887 13579 13608 E IMGMapper: set:488 set: Unset optional value from type CTA861_3
10-20 21:37:59.922 13579 13608 E IMGMapper: set:488 set: Unset optional value from type SMPTE2086
10-20 21:37:59.922 13579 13608 E IMGMapper: set:488 set: Unset optional value from type CTA861_3
10-20 21:37:59.936 13579 13579 D ScrollView: initGoToTop
10-20 21:37:59.936 13579 13608 E IMGMapper: set:488 set: Unset optional value from type SMPTE2086
10-20 21:37:59.936 13579 13608 E IMGMapper: set:488 set: Unset optional value from type CTA861_3
10-20 21:38:00.010  2521  2521 D KeyguardUpdateMonitor: received broadcast android.intent.action.TIME_TICK
10-20 21:38:00.010 13579 13608 E IMGMapper: set:488 set: Unset optional value from type SMPTE2086
10-20 21:38:00.010 13579 13608 E IMGMapper: set:488 set: Unset optional value from type CTA861_3
10-20 21:38:00.010  2521  2521 D KeyguardUpdateMonitor: handleTimeUpdate
10-20 21:38:00.011  2521  3090 D QSClockBellTower: onReceive(android.intent.action.TIME_TICK) mTimeZoneString:null
10-20 21:38:00.012  2521  2521 D FaceWidgetPagesController: onTimeChanged()
10-20 21:38:00.022 13579 13608 E IMGMapper: set:488 set: Unset optional value from type SMPTE2086
10-20 21:38:00.022 13579 13608 E IMGMapper: set:488 set: Unset optional value from type CTA861_3
10-20 21:38:00.038  1483  1528 I GestureDetector: handleMessage TAP
10-20 21:38:00.039  1483  1483 I GestureDetector: handleMessage TAP
10-20 21:38:00.043  2521  2521 D QSClockBellTower: He is ready to ring the bell. (((QSClockBellSound - TimeText:21:38, TimeContentDescription:21:38, DateText:seg., 20 de outubro, ShortDateText:seg., 20 de out., Demo:false, QuickStar-Second(false|12:34:56))))
10-20 21:38:00.046  2521  2521 D QSClockIndicatorView: Home Indicator status_bar_clock 21:38 notifyTimeChanged(QSClockBellSound - TimeText:21:38, TimeContentDescription:21:38, DateText:seg., 20 de outubro, ShortDateText:seg., 20 de out., Demo:false, QuickStar-Second(false|12:34:56)) ClockVisibleByPolicy:true, ClockVisibleByUser:true, visible?true, parent:android.widget.LinearLayout{46b63c0 V.E...... ......ID 0,0-66,37 #7f0b04f0 app:id/left_clock_container}
10-20 21:38:00.047  2521  2521 D QSClockBellTower: Everyone heard the bell. run(currentTime:1761007080041,   getTime():Mon Oct 20 21:38:00 GMT-03:00 2025,   getTimeZone():libcore.util.ZoneInfo[mDstSavings=0,mUseDst=false,mDelegate=[id="America/Sao_Paulo",mRawOffset=-10800000,mEarliestRawOffset=-11188000,transitions=92]])
10-20 21:38:00.053 13579 13608 E IMGMapper: set:488 set: Unset optional value from type SMPTE2086
10-20 21:38:00.053 13579 13608 E IMGMapper: set:488 set: Unset optional value from type CTA861_3
10-20 21:38:00.066  2521  2521 I FaceWidgetPositionAlgorithm: getClockContainerHeight() supplier = 193, bottom margin = 0, real height = 238
10-20 21:38:00.067  2521  2521 I FaceWidgetPositionAlgorithm: getClockContainerHeight() supplier = 193, bottom margin = 45, real height = 238
10-20 21:38:00.067  2521  2521 I FaceWidgetPositionAlgorithm: getMediaContainerHeight() height = 326 container Visibility = 8, isValid = false, mIsDozing = false, fraction = 1.0, source = 0, target = 0
10-20 21:38:00.067  2521  2521 I FaceWidgetPositionAlgorithm: getMediaContainerHeight() supplier = 0
10-20 21:38:00.068  2521  2521 V QsExpandAnimator: setQsExpansionPosition 0.0
10-20 21:38:00.071 13579 13608 E IMGMapper: set:488 set: Unset optional value from type SMPTE2086
10-20 21:38:00.071 13579 13608 E IMGMapper: set:488 set: Unset optional value from type CTA861_3
10-20 21:38:00.087  2521  2605 E IMGMapper: set:488 set: Unset optional value from type SMPTE2086
10-20 21:38:00.087 13579 13608 E IMGMapper: set:488 set: Unset optional value from type SMPTE2086
10-20 21:38:00.087 13579 13608 E IMGMapper: set:488 set: Unset optional value from type CTA861_3
10-20 21:38:00.087  2521  2605 E IMGMapper: set:488 set: Unset optional value from type CTA861_3
10-20 21:38:00.088  2521  2521 V QsExpandAnimator: updateAnimators
10-20 21:38:00.088  2521  2521 V QsExpandAnimator: clearAnimationState 
10-20 21:38:00.089  2521  2521 V QsExpandAnimator: updateViews
10-20 21:38:00.093  1039  1039 I BufferQueueProducer: [StatusBar$_2521#94](this:0xb400007a3dae1838,id:-1,api:0,p:-1,c:1039) queueBuffer: fps=1.53 dur=8472.49 max=8272.68 min=16.50
10-20 21:38:00.096  2521  2521 V QsExpandAnimator: updateTileAnimator
10-20 21:38:00.097 13579 13608 E IMGMapper: set:488 set: Unset optional value from type SMPTE2086
10-20 21:38:00.097 13579 13608 E IMGMapper: set:488 set: Unset optional value from type CTA861_3
10-20 21:38:00.098  2521  2521 V QsExpandAnimator: updateHeaderAnimator
10-20 21:38:00.099  2521  2521 V QsExpandAnimator: updateBarAnimator
10-20 21:38:00.099  2521  2521 V QsExpandAnimator: setQsExpansionPosition 0.0
10-20 21:38:00.100  2521  2521 V QsExpandAnimator: onAnimationAtStart
10-20 21:38:00.111 13579 13608 E IMGMapper: set:488 set: Unset optional value from type SMPTE2086
10-20 21:38:00.112 13579 13608 E IMGMapper: set:488 set: Unset optional value from type CTA861_3
10-20 21:38:00.127 13579 13608 E IMGMapper: set:488 set: Unset optional value from type SMPTE2086
10-20 21:38:00.127 13579 13608 E IMGMapper: set:488 set: Unset optional value from type CTA861_3
10-20 21:38:00.145 13579 13608 E IMGMapper: set:488 set: Unset optional value from type SMPTE2086
10-20 21:38:00.145 13579 13608 E IMGMapper: set:488 set: Unset optional value from type CTA861_3
10-20 21:38:00.162 13579 13608 E IMGMapper: set:488 set: Unset optional value from type SMPTE2086
10-20 21:38:00.162 13579 13608 E IMGMapper: set:488 set: Unset optional value from type CTA861_3
10-20 21:38:00.176 13579 13608 E IMGMapper: set:488 set: Unset optional value from type SMPTE2086
10-20 21:38:00.177 13579 13608 E IMGMapper: set:488 set: Unset optional value from type CTA861_3
10-20 21:38:00.193 13579 13608 E IMGMapper: set:488 set: Unset optional value from type SMPTE2086
10-20 21:38:00.193 13579 13608 E IMGMapper: set:488 set: Unset optional value from type CTA861_3
10-20 21:38:00.215 13579 13608 E IMGMapper: set:488 set: Unset optional value from type SMPTE2086
10-20 21:38:00.215 13579 13608 E IMGMapper: set:488 set: Unset optional value from type CTA861_3
10-20 21:38:00.226 13579 13608 E IMGMapper: set:488 set: Unset optional value from type SMPTE2086
10-20 21:38:00.226 13579 13608 E IMGMapper: set:488 set: Unset optional value from type CTA861_3
10-20 21:38:00.242 13579 13608 E IMGMapper: set:488 set: Unset optional value from type SMPTE2086
10-20 21:38:00.242 13579 13608 E IMGMapper: set:488 set: Unset optional value from type CTA861_3
10-20 21:38:00.259 13579 13608 E IMGMapper: set:488 set: Unset optional value from type SMPTE2086
10-20 21:38:00.259 13579 13608 E IMGMapper: set:488 set: Unset optional value from type CTA861_3
10-20 21:38:00.276 13579 13608 E IMGMapper: set:488 set: Unset optional value from type SMPTE2086
10-20 21:38:00.276 13579 13608 E IMGMapper: set:488 set: Unset optional value from type CTA861_3
10-20 21:38:00.294 13579 13608 E IMGMapper: set:488 set: Unset optional value from type SMPTE2086
10-20 21:38:00.294 13579 13608 E IMGMapper: set:488 set: Unset optional value from type CTA861_3
10-20 21:38:00.297  2521  2618 D MobileStatusTracker(1/1): onSignalStrengthsChanged level=4, vendorLevel=4
10-20 21:38:00.304  2521  2618 D MobileSignalController(1/1): notifyListener: enabled=true, connected=true, dataConnected=false, networkType=UMTS (3G), emergencyOnly=true, roaming=false, isDefault=false, dataActivity=, level=4, ca=false, mmWave=false, disabledDataIcon=false, simCard=ETC
10-20 21:38:00.304  2521  2618 D NetworkController: SignalStrength from intent slotId=1
10-20 21:38:00.311 13579 13608 E IMGMapper: set:488 set: Unset optional value from type SMPTE2086
10-20 21:38:00.311 13579 13608 E IMGMapper: set:488 set: Unset optional value from type CTA861_3
10-20 21:38:00.326 13579 13608 E IMGMapper: set:488 set: Unset optional value from type SMPTE2086
10-20 21:38:00.326 13579 13608 E IMGMapper: set:488 set: Unset optional value from type CTA861_3
10-20 21:38:00.342 13579 13608 E IMGMapper: set:488 set: Unset optional value from type SMPTE2086
10-20 21:38:00.342 13579 13608 E IMGMapper: set:488 set: Unset optional value from type CTA861_3
10-20 21:38:00.363 13579 13608 E IMGMapper: set:488 set: Unset optional value from type SMPTE2086
10-20 21:38:00.363 13579 13608 E IMGMapper: set:488 set: Unset optional value from type CTA861_3
10-20 21:38:00.374 13579 13608 E IMGMapper: set:488 set: Unset optional value from type SMPTE2086
10-20 21:38:00.374 13579 13608 E IMGMapper: set:488 set: Unset optional value from type CTA861_3
10-20 21:38:00.387 13579 13608 E IMGMapper: set:488 set: Unset optional value from type SMPTE2086
10-20 21:38:00.387 13579 13608 E IMGMapper: set:488 set: Unset optional value from type CTA861_3
10-20 21:38:00.454  8661  8661 D BoundBrokerSvc: onRebind: Intent { act=com.google.android.gms.libs.gmscorelogger.service.START dat=chimera-action:/... cmp=com.google.android.gms/.chimera.PersistentDirectBootAwareApiService }
10-20 21:38:00.489  1483  1568 D BatteryExternalStatsWorker: update stats : update-network-download (6)
10-20 21:38:00.489  1483  1568 D BatteryExternalStatsWorker: Update Rail Energy data
10-20 21:38:00.490  1483  1568 D BatteryExternalStatsWorker: Fetch modem data
10-20 21:38:00.492   543   543 D io_stats: !@ 179,0 r 465922607 5661194942 w 80734276 846829700 d 1258365 33785900 f 0 0 iot 231664716 0 th 0 0 0 pt 0 inp 0 0 2556477.795
10-20 21:38:00.525  1483  4870 W TelephonyManager: requestModemActivityInfo: Received an invalid ModemActivityInfo
10-20 21:38:00.525  1483  4870 W BatteryExternalStatsWorker: error reading modem stats:ERROR_INVALID_INFO_RECEIVED
10-20 21:38:00.527  1483  1568 D BatteryExternalStatsWorker: mStats lock released
10-20 21:38:00.527  1483  1568 D BatteryExternalStatsWorker: done updateExternalStatsLocked
10-20 21:38:00.604  2486  2486 I WifiHAL : Get link layer stats
10-20 21:38:00.605  2486  2486 I WifiHAL : GetLinkStatsCommand::create
10-20 21:38:00.605  2486  2486 D android.hardware.wifi@1.0-service-lazy: WifiRequest::create vendor command to iface 38, vendor_id=0x1a11, subcmd=0x1200, res=0
10-20 21:38:00.605  2486  2486 I android.hardware.wifi@1.0-service-lazy: WifiCommand::requestResponse err=-95
10-20 21:38:00.605  2486  2486 I WifiHAL : wifi_get_link_stats: result=-3
10-20 21:38:00.606  1483  2363 E WifiVendorHal: getWifiLinkLayerStats_1_5_Internal(l.1179) failed {.code = ERROR_NOT_SUPPORTED, .description = }
10-20 21:38:00.613  1483  3390 D SemWifiUsabilityStatsMonitor: onWifiUsabilityStats - seqNum 545128, isSameBssidAndFreq true
10-20 21:38:00.616  1483  2437 I SemWifiLinkQualityMonitor: Link Qos query: inf. ms / 0 Mbps
10-20 21:38:00.688 24250 24342 D TrafficStats: tagSocket(6) with statsTag=0xffffffff, statsUid=-1
10-20 21:38:00.961  1483  2471 D NetdEventListenerService: DNS Requested by : 475, 11011
10-20 21:38:00.961 24250  5698 D TrafficStats: tagSocket(6) with statsTag=0xffffffff, statsUid=-1
10-20 21:38:01.327  1483  1544 E Watchdog: !@Sync: 85159 heap: 128 / 136 FD: 925 [2025-10-20 21:38:01.326]
10-20 21:38:01.755  2521  2618 D MobileStatusTracker(0/2): onSignalStrengthsChanged level=4, vendorLevel=3
10-20 21:38:01.761  2521  2618 D MobileSignalController(0/2): notifyListener: enabled=true, connected=true, dataConnected=true, networkType=LTE (4G), emergencyOnly=false, roaming=false, isDefault=false, dataActivity=, level=3, ca=false, mmWave=false, disabledDataIcon=false, simCard=ETC
10-20 21:38:01.761  2521  2618 D NetworkController: SignalStrength from intent slotId=0
10-20 21:38:01.829  1483  4825 D InputDispatcher: Inject key (13900/2000): action=0, f=0x0, d=-1, time=2556479132000000
10-20 21:38:01.829  1483  4825 D WindowManager: interceptKeyTq keycode=4 interactive=true keyguardActive=false policyFlags=2b000000
10-20 21:38:01.830  1483  4825 D PhoneWindowManagerExt: interceptKeyTq code=4 down=true repeatCount=0 displayId=-1 interactive=true
10-20 21:38:01.830  1483  4825 D WindowManager: interceptKeyTq interceptKeyResult=4
10-20 21:38:01.830  1483  1796 D PowerManagerService: [api] userActivityFromNative :  (event: 1 flags: 0 displayId: 0) eventTime = 2556479132
10-20 21:38:01.830  1483  1796 D WindowManager: interceptKeyTi keyCode=4 down=true repeatCount=0 keyguardOn=false canceled=false
10-20 21:38:01.830  1483  1796 D PhoneWindowManagerExt: interceptKeyTi code=4 down=true repeatCount=0 displayId=-1 interactive=true
10-20 21:38:01.831  1483  1796 I InputDispatcher: Delivering key to (13579): B action: 0x0 (0), f=0x0, m=0x0, d=0, 'e79635a'
10-20 21:38:01.832  5125  5125 I HBD     : b skip onKeyDown as physical keyboard not connected 
10-20 21:38:01.833  5125  5125 I HBD     : HoneyBoardService onKeyDown r:157844a0 consumed:false 1 
10-20 21:38:01.834 13579 13579 I ViewRootImpl@8188eb8[MainActivity]: ViewPostIme key 0
10-20 21:38:01.835 13579 13579 D Activity: onKeyDown(KEYCODE_BACK)
10-20 21:38:01.836  1483  4825 D InputDispatcher: Inject key (13900/2000): action=1, f=0x0, d=-1, time=2556479132000000
10-20 21:38:01.836  1483  4825 D WindowManager: interceptKeyTq keycode=4 interactive=true keyguardActive=false policyFlags=2b000000
10-20 21:38:01.837  1483  4825 D PhoneWindowManagerExt: interceptKeyTq code=4 down=false repeatCount=0 displayId=-1 interactive=true
10-20 21:38:01.837  1483  4825 D WindowManager: interceptKeyTq interceptKeyResult=4
10-20 21:38:01.837  1483  1796 D WindowManager: interceptKeyTi keyCode=4 down=false repeatCount=0 keyguardOn=false canceled=false
10-20 21:38:01.837  1483  1796 D PhoneWindowManagerExt: interceptKeyTi code=4 down=false repeatCount=0 displayId=-1 interactive=true
10-20 21:38:01.838  1483  1796 I InputDispatcher: Delivering key to (13579): B action: 0x1 (0), f=0x0, m=0x0, d=0, 'e79635a'
10-20 21:38:01.839  5125  5125 I HBD     : HoneyBoardService onKeyUp r:c3b59749 consumed:false 1 
10-20 21:38:01.839 13579 13579 I ViewRootImpl@8188eb8[MainActivity]: ViewPostIme key 1
10-20 21:38:01.840 13579 13579 D Activity: onKeyUp(KEYCODE_BACK) isTracking()=true isCanceled()=false hasCallback=false
10-20 21:38:01.955 13579 13608 E IMGMapper: set:488 set: Unset optional value from type SMPTE2086
10-20 21:38:01.955 13579 13608 E IMGMapper: set:488 set: Unset optional value from type CTA861_3
10-20 21:38:01.974  1039  1039 I BufferQueueProducer: [com.cinemamovel/com.cinemamovel.MainActivity$_13579#506355](this:0xb400007a1f6e8838,id:-1,api:0,p:-1,c:1039) queueBuffer: fps=14.57 dur=2196.67 max=1564.61 min=16.16
10-20 21:38:01.976   991  1074 I hwcomposer: [HWCDisplay] [Display_0 (type:1)] fps:14.565963,dur:2196.90,max:1565.17,min:15.41  
10-20 21:38:02.033 13579 13608 E IMGMapper: set:488 set: Unset optional value from type SMPTE2086
10-20 21:38:02.033 13579 13608 E IMGMapper: set:488 set: Unset optional value from type CTA861_3
10-20 21:38:02.043 13579 13608 E IMGMapper: set:488 set: Unset optional value from type SMPTE2086
10-20 21:38:02.043 13579 13608 E IMGMapper: set:488 set: Unset optional value from type CTA861_3
10-20 21:38:02.060 13579 13608 E IMGMapper: set:488 set: Unset optional value from type SMPTE2086
10-20 21:38:02.060 13579 13608 E IMGMapper: set:488 set: Unset optional value from type CTA861_3
10-20 21:38:02.071 13579 13608 E IMGMapper: set:488 set: Unset optional value from type SMPTE2086
10-20 21:38:02.071 13579 13608 E IMGMapper: set:488 set: Unset optional value from type CTA861_3
10-20 21:38:02.089 13579 13608 E IMGMapper: set:488 set: Unset optional value from type SMPTE2086
10-20 21:38:02.089 13579 13608 E IMGMapper: set:488 set: Unset optional value from type CTA861_3
10-20 21:38:02.103 13579 13608 E IMGMapper: set:488 set: Unset optional value from type SMPTE2086
10-20 21:38:02.103 13579 13608 E IMGMapper: set:488 set: Unset optional value from type CTA861_3
10-20 21:38:02.121 13579 13608 E IMGMapper: set:488 set: Unset optional value from type SMPTE2086
10-20 21:38:02.121 13579 13608 E IMGMapper: set:488 set: Unset optional value from type CTA861_3
10-20 21:38:02.136 13579 13608 E IMGMapper: set:488 set: Unset optional value from type SMPTE2086
10-20 21:38:02.137 13579 13608 E IMGMapper: set:488 set: Unset optional value from type CTA861_3
10-20 21:38:02.142  1205  1205 I thermal_repeater: socket -1
10-20 21:38:02.154 13579 13608 E IMGMapper: set:488 set: Unset optional value from type SMPTE2086
10-20 21:38:02.154 13579 13608 E IMGMapper: set:488 set: Unset optional value from type CTA861_3
10-20 21:38:02.171 13579 13608 E IMGMapper: set:488 set: Unset optional value from type SMPTE2086
10-20 21:38:02.171 13579 13608 E IMGMapper: set:488 set: Unset optional value from type CTA861_3
10-20 21:38:02.189 13579 13608 E IMGMapper: set:488 set: Unset optional value from type SMPTE2086
10-20 21:38:02.189 13579 13608 E IMGMapper: set:488 set: Unset optional value from type CTA861_3
10-20 21:38:02.203 13579 13608 E IMGMapper: set:488 set: Unset optional value from type SMPTE2086
10-20 21:38:02.204 13579 13608 E IMGMapper: set:488 set: Unset optional value from type CTA861_3
10-20 21:38:02.217  4881  7366 I AppsEdge.Badge: getBadgeIconType 0
10-20 21:38:02.223 13579 13608 E IMGMapper: set:488 set: Unset optional value from type SMPTE2086
10-20 21:38:02.223 13579 13608 E IMGMapper: set:488 set: Unset optional value from type CTA861_3
10-20 21:38:02.231  8408 10856 I BadgeProvider: query, [selection] : null
10-20 21:38:02.239  4881  7366 I AppsEdge.Badge: key=com.shopee.br:0 count=1
10-20 21:38:02.239  4881  7366 I AppsEdge.Badge: key=com.google.android.gms:0 count=1
10-20 21:38:02.239  4881  7366 I AppsEdge.Badge: key=com.android.phone:0 count=1
10-20 21:38:02.239 13579 13608 E IMGMapper: set:488 set: Unset optional value from type SMPTE2086
10-20 21:38:02.239 13579 13608 E IMGMapper: set:488 set: Unset optional value from type CTA861_3
10-20 21:38:02.254 13579 13608 E IMGMapper: set:488 set: Unset optional value from type SMPTE2086
10-20 21:38:02.254 13579 13608 E IMGMapper: set:488 set: Unset optional value from type CTA861_3
10-20 21:38:02.278 13579 13608 E IMGMapper: set:488 set: Unset optional value from type SMPTE2086
10-20 21:38:02.278 13579 13608 E IMGMapper: set:488 set: Unset optional value from type CTA861_3
10-20 21:38:02.289 13579 13608 E IMGMapper: set:488 set: Unset optional value from type SMPTE2086
10-20 21:38:02.289 13579 13608 E IMGMapper: set:488 set: Unset optional value from type CTA861_3
10-20 21:38:02.307 13579 13608 E IMGMapper: set:488 set: Unset optional value from type SMPTE2086
10-20 21:38:02.307 13579 13608 E IMGMapper: set:488 set: Unset optional value from type CTA861_3
10-20 21:38:02.320 13579 13608 E IMGMapper: set:488 set: Unset optional value from type SMPTE2086
10-20 21:38:02.320 13579 13608 E IMGMapper: set:488 set: Unset optional value from type CTA861_3
10-20 21:38:02.336 13579 13608 E IMGMapper: set:488 set: Unset optional value from type SMPTE2086
10-20 21:38:02.336 13579 13608 E IMGMapper: set:488 set: Unset optional value from type CTA861_3
10-20 21:38:02.353 13579 13608 E IMGMapper: set:488 set: Unset optional value from type SMPTE2086
10-20 21:38:02.353 13579 13608 E IMGMapper: set:488 set: Unset optional value from type CTA861_3
10-20 21:38:02.370 13579 13608 E IMGMapper: set:488 set: Unset optional value from type SMPTE2086
10-20 21:38:02.370 13579 13608 E IMGMapper: set:488 set: Unset optional value from type CTA861_3
10-20 21:38:02.386 13579 13608 E IMGMapper: set:488 set: Unset optional value from type SMPTE2086
10-20 21:38:02.386 13579 13608 E IMGMapper: set:488 set: Unset optional value from type CTA861_3
10-20 21:38:02.404 13579 13608 E IMGMapper: set:488 set: Unset optional value from type SMPTE2086
10-20 21:38:02.404 13579 13608 E IMGMapper: set:488 set: Unset optional value from type CTA861_3
10-20 21:38:02.419 13579 13608 E IMGMapper: set:488 set: Unset optional value from type SMPTE2086
10-20 21:38:02.419 13579 13608 E IMGMapper: set:488 set: Unset optional value from type CTA861_3
10-20 21:38:02.438 13579 13608 E IMGMapper: set:488 set: Unset optional value from type SMPTE2086
10-20 21:38:02.438 13579 13608 E IMGMapper: set:488 set: Unset optional value from type CTA861_3
10-20 21:38:02.454 13579 13608 E IMGMapper: set:488 set: Unset optional value from type SMPTE2086
10-20 21:38:02.455 13579 13608 E IMGMapper: set:488 set: Unset optional value from type CTA861_3
10-20 21:38:02.470 13579 13608 E IMGMapper: set:488 set: Unset optional value from type SMPTE2086
10-20 21:38:02.470 13579 13608 E IMGMapper: set:488 set: Unset optional value from type CTA861_3
10-20 21:38:02.486 13579 13608 E IMGMapper: set:488 set: Unset optional value from type SMPTE2086
10-20 21:38:02.486 13579 13608 E IMGMapper: set:488 set: Unset optional value from type CTA861_3
10-20 21:38:02.493   543   543 D io_stats: !@ 179,0 r 465922610 5661194994 w 80734310 846830036 d 1258365 33785900 f 0 0 iot 231664808 0 th 0 0 0 pt 0 inp 0 0 2556479.796
10-20 21:38:02.714 24250 24342 D TrafficStats: tagSocket(6) with statsTag=0xffffffff, statsUid=-1
10-20 21:38:02.740  1483  1583 D PowerManagerService: UserActivityStateListenerState: 0
10-20 21:38:02.988  1483  2471 D NetdEventListenerService: DNS Requested by : 475, 11011
10-20 21:38:02.989 24250  5698 D TrafficStats: tagSocket(6) with statsTag=0xffffffff, statsUid=-1
10-20 21:38:03.030  2521  2618 D MobileStatusTracker(0/2): onSignalStrengthsChanged level=4, vendorLevel=3
10-20 21:38:03.031  2521  2618 D MobileSignalController(0/2): notifyListener: enabled=true, connected=true, dataConnected=true, networkType=LTE (4G), emergencyOnly=false, roaming=false, isDefault=false, dataActivity=, level=3, ca=false, mmWave=false, disabledDataIcon=false, simCard=ETC
10-20 21:38:03.033  2521  2618 D NetworkController: SignalStrength from intent slotId=0
10-20 21:38:03.075 14401 14401 D BoundBrokerSvc: onUnbind: Intent { act=com.google.android.gms.measurement.START pkg=com.google.android.gms }
10-20 21:38:03.484  2799  3527 D PhoneInterfaceManager: setDataEnabledForReason() Reason=1 Pid=1483 App=system
10-20 21:38:03.487  2799  3527 D PhoneInterfaceManager: setDataEnabledForReason() Reason=1 Pid=1483 App=system
10-20 21:38:03.621  2486  2486 I WifiHAL : Get link layer stats
10-20 21:38:03.621  2486  2486 I WifiHAL : GetLinkStatsCommand::create
10-20 21:38:03.621  2486  2486 D android.hardware.wifi@1.0-service-lazy: WifiRequest::create vendor command to iface 38, vendor_id=0x1a11, subcmd=0x1200, res=0
10-20 21:38:03.624  2486  2486 I android.hardware.wifi@1.0-service-lazy: WifiCommand::requestResponse err=-95
10-20 21:38:03.625  2486  2486 I WifiHAL : wifi_get_link_stats: result=-3
10-20 21:38:03.627  1483  2363 E WifiVendorHal: getWifiLinkLayerStats_1_5_Internal(l.1179) failed {.code = ERROR_NOT_SUPPORTED, .description = }
10-20 21:38:03.632  1483  3390 D SemWifiUsabilityStatsMonitor: onWifiUsabilityStats - seqNum 545129, isSameBssidAndFreq true
10-20 21:38:03.633  1483  2437 I SemWifiLinkQualityMonitor: Link Qos query: inf. ms / 0 Mbps
10-20 21:38:03.851   963   963 E audit   : type=1400 audit(1761007083.848:1252433): avc:  denied  { write } for  pid=14401 comm="ThreadPoolForeg" name="traced_producer" dev="tmpfs" ino=11170 scontext=u:r:gmscore_app:s0:c512,c768 tcontext=u:object_r:traced_producer_socket:s0 tclass=sock_file permissive=0 SEPF_SM-A037M_12_0001 unfiltered
10-20 21:38:03.912  1483  4870 D InputDispatcher: Inject motion (13909/2000): action=0x0, time=2556481215000000, f=0x0, d=0 dsdx=1.000000 dtdx=0.000000
10-20 21:38:03.913  1483  1796 I InputDispatcher: Delivering touch to (2521): action: 0x4, f=0x0, d=0, 'a9cce9e', t=1 
10-20 21:38:03.913  1483  1796 I InputDispatcher: Delivering touch to (13579): action: 0x0, f=0x0, d=0, 'e79635a', t=1 
10-20 21:38:03.914  1483  1796 D PowerManagerService: [api] userActivityFromNative :  (event: 2 flags: 0 displayId: 0) eventTime = 2556481215
10-20 21:38:03.914  1483  1528 I GestureDetector: obtain mCurrentDownEvent. id: -493555166 caller: com.android.server.wm.SystemGesturesPointerEventListener.onPointerEvent:203 com.android.server.wm.PointerEventDispatcher.onInputEvent:53 android.view.InputEventReceiver.dispatchInputEvent:285 
10-20 21:38:03.915 13579 13579 I ViewRootImpl@8188eb8[MainActivity]: ViewPostIme pointer 0
10-20 21:38:03.916  1483  1796 D PowerManagerService: UserActivityStateListenerState: 1
10-20 21:38:03.917  1483  1528 I GestureDetector: obtain mCurrentDownEvent. id: -493555166 caller: com.android.server.wm.SystemPerformancePointerEventListener.onPointerEvent:89 com.android.server.wm.PointerEventDispatcher.onInputEvent:53 android.view.InputEventReceiver.dispatchInputEvent:285 
10-20 21:38:03.927  1483  4870 D InputDispatcher: Inject motion (13909/2000): action=0x1, time=2556481215000000, f=0x0, d=0 dsdx=1.000000 dtdx=0.000000
10-20 21:38:03.928  1483  1796 I InputDispatcher: Delivering touch to (13579): action: 0x1, f=0x0, d=0, 'e79635a', t=1 
10-20 21:38:03.928  1483  1528 I GestureDetector: obtain mCurrentMotionEventRaw. action: 1 id: -454477355
10-20 21:38:03.928 13579 13579 I ViewRootImpl@8188eb8[MainActivity]: ViewPostIme pointer 1
10-20 21:38:03.929  1483  1528 I GestureDetector: obtain mCurrentMotionEventRaw. action: 1 id: -454477355
10-20 21:38:03.952 13579 13608 E IMGMapper: set:488 set: Unset optional value from type SMPTE2086
10-20 21:38:03.952 13579 13608 E IMGMapper: set:488 set: Unset optional value from type CTA861_3
10-20 21:38:03.955  1039  1039 I BufferQueueProducer: [com.cinemamovel/com.cinemamovel.MainActivity$_13579#506355](this:0xb400007a1f6e8838,id:-1,api:0,p:-1,c:1039) queueBuffer: fps=15.14 dur=1981.05 max=1448.09 min=15.78
10-20 21:38:03.958   991  1074 I hwcomposer: [HWCDisplay] [Display_0 (type:1)] fps:15.139318,dur:1981.60,max:1448.17,min:15.22  
10-20 21:38:03.980 13579 13608 E IMGMapper: set:488 set: Unset optional value from type SMPTE2086
10-20 21:38:03.980 13579 13608 E IMGMapper: set:488 set: Unset optional value from type CTA861_3
10-20 21:38:04.000 13579 13608 E IMGMapper: set:488 set: Unset optional value from type SMPTE2086
10-20 21:38:04.000 13579 13608 E IMGMapper: set:488 set: Unset optional value from type CTA861_3
10-20 21:38:04.013 13579 13608 E IMGMapper: set:488 set: Unset optional value from type SMPTE2086
10-20 21:38:04.013 13579 13608 E IMGMapper: set:488 set: Unset optional value from type CTA861_3
10-20 21:38:04.028 13579 13579 W [RNScreens]: backTitleVisible prop is not available on Android
10-20 21:38:04.028 13579 13579 W [RNScreens]: backTitleFontFamily prop is not available on Android
10-20 21:38:04.028 13579 13579 W [RNScreens]: disableBackButtonMenu prop is not available on Android
10-20 21:38:04.028 13579 13579 W [RNScreens]: largeTitleFontFamily prop is not available on Android
10-20 21:38:04.028 13579 13579 W [RNScreens]: largeTitleFontWeight prop is not available on Android
10-20 21:38:04.028 13579 13579 W [RNScreens]: largeTitleHideShadow prop is not available on Android
10-20 21:38:04.038 13579 13608 E IMGMapper: set:488 set: Unset optional value from type SMPTE2086
10-20 21:38:04.038 13579 13608 E IMGMapper: set:488 set: Unset optional value from type CTA861_3
10-20 21:38:04.044 13579 13615 I ReactNativeJS: ---METRICS_JSON_START---
10-20 21:38:04.044 13579 13615 I ReactNativeJS: {
10-20 21:38:04.044 13579 13615 I ReactNativeJS:   "dashboardRenders": 3,
10-20 21:38:04.044 13579 13615 I ReactNativeJS:   "cardRenders": {
10-20 21:38:04.044 13579 13615 I ReactNativeJS:     "13494": 2,
10-20 21:38:04.044 13579 13615 I ReactNativeJS:     "506763": 2,
10-20 21:38:04.044 13579 13615 I ReactNativeJS:     "575265": 2,
10-20 21:38:04.044 13579 13615 I ReactNativeJS:     "617126": 1,
10-20 21:38:04.044 13579 13615 I ReactNativeJS:     "755898": 2,
10-20 21:38:04.044 13579 13615 I ReactNativeJS:     "803796": 2,
10-20 21:38:04.044 13579 13615 I ReactNativeJS:     "911430": 1,
10-20 21:38:04.044 13579 13615 I ReactNativeJS:     "914215": 2,
10-20 21:38:04.044 13579 13615 I ReactNativeJS:     "987400": 2,
10-20 21:38:04.044 13579 13615 I ReactNativeJS:     "993234": 5,
10-20 21:38:04.044 13579 13615 I ReactNativeJS:     "1007734": 2,
10-20 21:38:04.044 13579 13615 I ReactNativeJS:     "1028248": 2,
10-20 21:38:04.044 13579 13615 I ReactNativeJS:     "1035259": 2,
10-20 21:38:04.044 13579 13615 I ReactNativeJS:     "1038392": 2,
10-20 21:38:04.044 13579 13615 I ReactNativeJS:     "1051486": 2,
10-20 21:38:04.044 13579 13615 I ReactNativeJS:     "1061474": 2,
10-20 21:38:04.044 13579 13615 I ReactNativeJS:     "1078605": 2,
10-20 21:38:04.044 13579 13615 I ReactNativeJS:     "1087192": 2,
10-20 21:38:04.044 13579 13615 I ReactNativeJS:     "1234821": 2,
10-20 21:38:04.044 13579 13615 I ReactNativeJS:     "1242011": 1,
10-20 21:38:04.044 13579 13615 I ReactNativeJS:     "1246049": 5,
10-20 21:38:04.044 13579 13615 I ReactNativeJS:     "1265344": 6,
10-20 21:38:04.044 13579 13615 I ReactNativeJS:     "1311031": 2,
10-20 21:38:04.044 13579 13615 I ReactNativeJS:     "1355666": 5,
10-20 21:38:04.044 13579 13615 I ReactNativeJS:     "1369679": 2
10-20 21:38:04.044 13579 13615 I ReactNativeJS:   },
10-20 21:38:04.044 13579 13615 I ReactNativeJS:   "navigationEvents": [
10-20 21:38:04.044 13579 13615 I ReactNativeJS:     {
10-20 21:38:04.044 13579 13615 I ReactNativeJS:       "action": "focus_dashboard",
10-20 21:38:04.044 13579 13615 I ReactNativeJS:       "timestamp": 1761007063719
10-20 21:38:04.044 13579 13615 I ReactNativeJS:     },
10-20 21:38:04.044 13579 13615 I ReactNativeJS:     {
10-20 21:38:04.044 13579 13615 I ReactNativeJS:       "action": "navigate_to_1265344",
10-20 21:38:04.044 13579 13615 I ReactNativeJS:       "timestamp": 1761007075591
10-20 21:38:04.044 13579 13615 I ReactNativeJS:     },
10-20 21:38:04.044 13579 13615 I ReactNativeJS:     {
10-20 21:38:04.044 13579 13615 I ReactNativeJS:       "action": "leave_dashboard",
10-20 21:38:04.044 13579 13615 I ReactNativeJS:       "timestamp": 1761007075682
10-20 21:38:04.044 13579 13615 I ReactNativeJS:     },
10-20 21:38:04.044 13579 13615 I ReactNativeJS:     {
10-20 21:38:04.044 13579 13615 I ReactNativeJS:       "action": "focus_dashboard",
10-20 21:38:04.044 13579 13615 I ReactNativeJS:       "timestamp": 1761007077706
10-20 21:38:04.044 13579 13615 I ReactNativeJS:     },
10-20 21:38:04.044 13579 13615 I ReactNativeJS:     {
10-20 21:38:04.044 13579 13615 I ReactNativeJS:       "action": "navigate_to_1265344",
10-20 21:38:04.044 13579 13615 I ReactNativeJS:       "timestamp": 1761007079765
10-20 21:38:04.044 13579 13615 I ReactNativeJS:     },
10-20 21:38:04.044 13579 13615 I ReactNativeJS:     {
10-20 21:38:04.044 13579 13615 I ReactNativeJS:       "action": "leave_dashboard",
10-20 21:38:04.044 13579 13615 I ReactNativeJS:       "timestamp": 1761007079856
10-20 21:38:04.044 13579 13615 I ReactNativeJS:     },
10-20 21:38:04.044 13579 13615 I ReactNativeJS:     {
10-20 21:38:04.044 13579 13615 I ReactNativeJS:       "action": "focus_dashboard",
10-20 21:38:04.044 13579 13615 I ReactNativeJS:       "timestamp": 1761007081908
10-20 21:38:04.044 13579 13615 I ReactNativeJS:     },
10-20 21:38:04.044 13579 13615 I ReactNativeJS:     {
10-20 21:38:04.044 13579 13615 I ReactNativeJS:       "action": "navigate_to_1265344",
10-20 21:38:04.044 13579 13615 I ReactNativeJS:       "timestamp": 1761007083947
10-20 21:38:04.044 13579 13615 I ReactNativeJS:     },
10-20 21:38:04.044 13579 13615 I ReactNativeJS:     {
10-20 21:38:04.044 13579 13615 I ReactNativeJS:       "action": "leave_dashboard",
10-20 21:38:04.044 13579 13615 I ReactNativeJS:       "timestamp": 1761007084044
