10-20 21:38:04.044 13579 13615 I ReactNativeJS:     }
10-20 21:38:04.044 13579 13615 I ReactNativeJS:   ]
10-20 21:38:04.044 13579 13615 I ReactNativeJS: }
10-20 21:38:04.044 13579 13615 I ReactNativeJS: ---METRICS_JSON_END---
10-20 21:38:04.047 13579 13608 E IMGMapper: set:488 set: Unset optional value from type SMPTE2086
10-20 21:38:04.047 13579 13608 E IMGMapper: set:488 set: Unset optional value from type CTA861_3
10-20 21:38:04.075 13579 13608 E IMGMapper: set:488 set: Unset optional value from type SMPTE2086
10-20 21:38:04.075 13579 13608 E IMGMapper: set:488 set: Unset optional value from type CTA861_3
10-20 21:38:04.110 13579 13608 E IMGMapper: set:488 set: Unset optional value from type SMPTE2086
10-20 21:38:04.110 13579 13608 E IMGMapper: set:488 set: Unset optional value from type CTA861_3
10-20 21:38:04.123 13579 13608 E IMGMapper: set:488 set: Unset optional value from type SMPTE2086
10-20 21:38:04.123 13579 13608 E IMGMapper: set:488 set: Unset optional value from type CTA861_3
10-20 21:38:04.132 13579 13579 D ScrollView: initGoToTop
10-20 21:38:04.206 13579 13608 E IMGMapper: set:488 set: Unset optional value from type SMPTE2086
10-20 21:38:04.207 13579 13608 E IMGMapper: set:488 set: Unset optional value from type CTA861_3
10-20 21:38:04.215  1483  1528 I GestureDetector: handleMessage TAP
10-20 21:38:04.215  1483  1483 I GestureDetector: handleMessage TAP
10-20 21:38:04.219 13579 13608 E IMGMapper: set:488 set: Unset optional value from type SMPTE2086
10-20 21:38:04.219 13579 13608 E IMGMapper: set:488 set: Unset optional value from type CTA861_3
10-20 21:38:04.243 13579 13608 E IMGMapper: set:488 set: Unset optional value from type SMPTE2086
10-20 21:38:04.243 13579 13608 E IMGMapper: set:488 set: Unset optional value from type CTA861_3
10-20 21:38:04.254 13579 13608 E IMGMapper: set:488 set: Unset optional value from type SMPTE2086
10-20 21:38:04.254 13579 13608 E IMGMapper: set:488 set: Unset optional value from type CTA861_3
10-20 21:38:04.276 13579 13608 E IMGMapper: set:488 set: Unset optional value from type SMPTE2086
10-20 21:38:04.276 13579 13608 E IMGMapper: set:488 set: Unset optional value from type CTA861_3
10-20 21:38:04.287 13579 13608 E IMGMapper: set:488 set: Unset optional value from type SMPTE2086
10-20 21:38:04.287 13579 13608 E IMGMapper: set:488 set: Unset optional value from type CTA861_3
10-20 21:38:04.304 13579 13608 E IMGMapper: set:488 set: Unset optional value from type SMPTE2086
10-20 21:38:04.304 13579 13608 E IMGMapper: set:488 set: Unset optional value from type CTA861_3
10-20 21:38:04.313  2521  2618 D MobileStatusTracker(0/2): onSignalStrengthsChanged level=4, vendorLevel=3
10-20 21:38:04.316  2521  2618 D MobileSignalController(0/2): notifyListener: enabled=true, connected=true, dataConnected=true, networkType=LTE (4G), emergencyOnly=false, roaming=false, isDefault=false, dataActivity=, level=3, ca=false, mmWave=false, disabledDataIcon=false, simCard=ETC
10-20 21:38:04.316  2521  2618 D NetworkController: SignalStrength from intent slotId=0
10-20 21:38:04.323 13579 13608 E IMGMapper: set:488 set: Unset optional value from type SMPTE2086
10-20 21:38:04.323 13579 13608 E IMGMapper: set:488 set: Unset optional value from type CTA861_3
10-20 21:38:04.339 13579 13608 E IMGMapper: set:488 set: Unset optional value from type SMPTE2086
10-20 21:38:04.339 13579 13608 E IMGMapper: set:488 set: Unset optional value from type CTA861_3
10-20 21:38:04.341  8661  3189 I AOSP-MdnsDiscoveryManag: (REDACTED) %s
10-20 21:38:04.342  8661  3185 I AOSP-MdnsDiscoveryManag: (REDACTED) %s
10-20 21:38:04.343  8661  3185 I AOSP-MdnsDiscoveryManag: (REDACTED) %s
10-20 21:38:04.344  8661  3187 W AOSP-MdnsDiscoveryManag: Error while decoding multicast packet (6856): 1 [CONTEXT service_id=168 ]
10-20 21:38:04.344  8661  3189 I AOSP-MdnsDiscoveryManag: (REDACTED) %s
10-20 21:38:04.345  1483  1755 D SensorService: [SO] 0.071 1.533 9.855
10-20 21:38:04.345  8661  3187 W AOSP-MdnsDiscoveryManag: Error while decoding multicast packet (6857): 1 [CONTEXT service_id=168 ]
10-20 21:38:04.346  8661  3185 I AOSP-MdnsDiscoveryManag: (REDACTED) %s
10-20 21:38:04.346  8661  9716 I AOSP-MdnsDiscoveryManag: (REDACTED) %s
10-20 21:38:04.347  8661  3187 W AOSP-MdnsDiscoveryManag: Error while decoding multicast packet (6858): 1 [CONTEXT service_id=168 ]
10-20 21:38:04.349  8661  3188 I AOSP-MdnsDiscoveryManag: (REDACTED) %s
10-20 21:38:04.350  8661  3188 I AOSP-MdnsDiscoveryManag: (REDACTED) %s
10-20 21:38:04.350  8661  3185 I AOSP-MdnsDiscoveryManag: (REDACTED) %s
10-20 21:38:04.352  8661  3187 W AOSP-MdnsDiscoveryManag: Error while decoding multicast packet (6859): 1 [CONTEXT service_id=168 ]
10-20 21:38:04.353  8661  9716 I AOSP-MdnsDiscoveryManag: (REDACTED) %s
10-20 21:38:04.369 13579 13608 E IMGMapper: set:488 set: Unset optional value from type SMPTE2086
10-20 21:38:04.369 13579 13608 E IMGMapper: set:488 set: Unset optional value from type CTA861_3
10-20 21:38:04.382 13579 13608 E IMGMapper: set:488 set: Unset optional value from type SMPTE2086
10-20 21:38:04.382 13579 13608 E IMGMapper: set:488 set: Unset optional value from type CTA861_3
10-20 21:38:04.398 13579 13608 E IMGMapper: set:488 set: Unset optional value from type SMPTE2086
10-20 21:38:04.398 13579 13608 E IMGMapper: set:488 set: Unset optional value from type CTA861_3
10-20 21:38:04.417 13579 13608 E IMGMapper: set:488 set: Unset optional value from type SMPTE2086
10-20 21:38:04.418 13579 13608 E IMGMapper: set:488 set: Unset optional value from type CTA861_3
10-20 21:38:04.431 13579 13608 E IMGMapper: set:488 set: Unset optional value from type SMPTE2086
10-20 21:38:04.431 13579 13608 E IMGMapper: set:488 set: Unset optional value from type CTA861_3
10-20 21:38:04.449 13579 13608 E IMGMapper: set:488 set: Unset optional value from type SMPTE2086
10-20 21:38:04.449 13579 13608 E IMGMapper: set:488 set: Unset optional value from type CTA861_3
10-20 21:38:04.467 13579 13608 E IMGMapper: set:488 set: Unset optional value from type SMPTE2086
10-20 21:38:04.467 13579 13608 E IMGMapper: set:488 set: Unset optional value from type CTA861_3
10-20 21:38:04.483 13579 13608 E IMGMapper: set:488 set: Unset optional value from type SMPTE2086
10-20 21:38:04.483 13579 13608 E IMGMapper: set:488 set: Unset optional value from type CTA861_3
10-20 21:38:04.500 13579 13608 E IMGMapper: set:488 set: Unset optional value from type SMPTE2086
10-20 21:38:04.500 13579 13608 E IMGMapper: set:488 set: Unset optional value from type CTA861_3
10-20 21:38:04.518 13579 13608 E IMGMapper: set:488 set: Unset optional value from type SMPTE2086
10-20 21:38:04.518 13579 13608 E IMGMapper: set:488 set: Unset optional value from type CTA861_3
10-20 21:38:04.536 13579 13608 E IMGMapper: set:488 set: Unset optional value from type SMPTE2086
10-20 21:38:04.537 13579 13608 E IMGMapper: set:488 set: Unset optional value from type CTA861_3
10-20 21:38:04.553 13579 13608 E IMGMapper: set:488 set: Unset optional value from type SMPTE2086
10-20 21:38:04.554 13579 13608 E IMGMapper: set:488 set: Unset optional value from type CTA861_3
10-20 21:38:04.567 13579 13608 E IMGMapper: set:488 set: Unset optional value from type SMPTE2086
10-20 21:38:04.567 13579 13608 E IMGMapper: set:488 set: Unset optional value from type CTA861_3
10-20 21:38:04.584 13579 13608 E IMGMapper: set:488 set: Unset optional value from type SMPTE2086
10-20 21:38:04.584 13579 13608 E IMGMapper: set:488 set: Unset optional value from type CTA861_3
10-20 21:38:04.595 13579 13608 E IMGMapper: set:488 set: Unset optional value from type SMPTE2086
10-20 21:38:04.595 13579 13608 E IMGMapper: set:488 set: Unset optional value from type CTA861_3
10-20 21:38:04.611 13579 13608 E IMGMapper: set:488 set: Unset optional value from type SMPTE2086
10-20 21:38:04.611 13579 13608 E IMGMapper: set:488 set: Unset optional value from type CTA861_3
10-20 21:38:04.741 24250 24342 D TrafficStats: tagSocket(6) with statsTag=0xffffffff, statsUid=-1
10-20 21:38:05.012  1483  2471 D NetdEventListenerService: DNS Requested by : 475, 11011
10-20 21:38:05.013 24250  5698 D TrafficStats: tagSocket(6) with statsTag=0xffffffff, statsUid=-1
10-20 21:38:05.351  8661  3189 I AOSP-MdnsDiscoveryManag: (REDACTED) %s
10-20 21:38:05.352  8661  3185 I AOSP-MdnsDiscoveryManag: (REDACTED) %s
10-20 21:38:05.352  8661  3189 I AOSP-MdnsDiscoveryManag: (REDACTED) %s
10-20 21:38:05.354  8661  3187 W AOSP-MdnsDiscoveryManag: Error while decoding multicast packet (6860): 1 [CONTEXT service_id=168 ]
10-20 21:38:05.354  8661  9716 I AOSP-MdnsDiscoveryManag: (REDACTED) %s
10-20 21:38:05.355  8661  3185 I AOSP-MdnsDiscoveryManag: (REDACTED) %s
10-20 21:38:05.356  8661  3188 I AOSP-MdnsDiscoveryManag: (REDACTED) %s
10-20 21:38:05.357  8661  3188 I AOSP-MdnsDiscoveryManag: (REDACTED) %s
10-20 21:38:05.357  8661  3185 I AOSP-MdnsDiscoveryManag: (REDACTED) %s
10-20 21:38:05.358  8661  9716 I AOSP-MdnsDiscoveryManag: (REDACTED) %s
10-20 21:38:05.359  8661  3185 I AOSP-MdnsDiscoveryManag: (REDACTED) %s
10-20 21:38:05.359  8661  3187 W AOSP-MdnsDiscoveryManag: Error while decoding multicast packet (6861): 1 [CONTEXT service_id=168 ]
10-20 21:38:05.360  8661  3187 W AOSP-MdnsDiscoveryManag: Error while decoding multicast packet (6862): 1 [CONTEXT service_id=168 ]
10-20 21:38:05.362  8661  3187 W AOSP-MdnsDiscoveryManag: Error while decoding multicast packet (6863): 1 [CONTEXT service_id=168 ]
10-20 21:38:05.527  1483  2457 D WifiConnectivityMonitor.NetworkStatsAnalyzer: Backhaul result - RSSI:-68, CE:12, PE:11, TI:16, PTI:15, TW:62, PTW:61, Tx:5514, Rx:2898, TxS:5497, RxS:2889, RESULT:true, IC:0, ICT:5, WC:0, WCT:5, R:0, RC:0, IE:0, EC:0
10-20 21:38:05.592  2521  2618 D MobileStatusTracker(0/2): onSignalStrengthsChanged level=4, vendorLevel=3
10-20 21:38:05.594  2521  2618 D MobileSignalController(0/2): notifyListener: enabled=true, connected=true, dataConnected=true, networkType=LTE (4G), emergencyOnly=false, roaming=false, isDefault=false, dataActivity=, level=3, ca=false, mmWave=false, disabledDataIcon=false, simCard=ETC
10-20 21:38:05.598  2521  2618 D NetworkController: SignalStrength from intent slotId=0
10-20 21:38:06.001  1483  4870 D InputDispatcher: Inject key (13920/2000): action=0, f=0x0, d=-1, time=2556483303000000
10-20 21:38:06.001  1483  4870 D WindowManager: interceptKeyTq keycode=4 interactive=true keyguardActive=false policyFlags=2b000000
10-20 21:38:06.001  1483  4870 D PhoneWindowManagerExt: interceptKeyTq code=4 down=true repeatCount=0 displayId=-1 interactive=true
10-20 21:38:06.001  1483  4870 D WindowManager: interceptKeyTq interceptKeyResult=4
10-20 21:38:06.002  1483  1796 D PowerManagerService: [api] userActivityFromNative :  (event: 1 flags: 0 displayId: 0) eventTime = 2556483303
10-20 21:38:06.003  1483  1796 D WindowManager: interceptKeyTi keyCode=4 down=true repeatCount=0 keyguardOn=false canceled=false
10-20 21:38:06.003  1483  1796 D PhoneWindowManagerExt: interceptKeyTi code=4 down=true repeatCount=0 displayId=-1 interactive=true
10-20 21:38:06.004  1483  1796 I InputDispatcher: Delivering key to (13579): B action: 0x0 (0), f=0x0, m=0x0, d=0, 'e79635a'
10-20 21:38:06.004  5125  5125 I HBD     : b skip onKeyDown as physical keyboard not connected 
10-20 21:38:06.005  5125  5125 I HBD     : HoneyBoardService onKeyDown r:f1b62b35 consumed:false 1 
10-20 21:38:06.006 13579 13579 I ViewRootImpl@8188eb8[MainActivity]: ViewPostIme key 0
10-20 21:38:06.006 13579 13579 D Activity: onKeyDown(KEYCODE_BACK)
10-20 21:38:06.007  1483  4870 D InputDispatcher: Inject key (13920/2000): action=1, f=0x0, d=-1, time=2556483303000000
10-20 21:38:06.007  1483  4870 D WindowManager: interceptKeyTq keycode=4 interactive=true keyguardActive=false policyFlags=2b000000
10-20 21:38:06.007  1483  4870 D PhoneWindowManagerExt: interceptKeyTq code=4 down=false repeatCount=0 displayId=-1 interactive=true
10-20 21:38:06.007  1483  4870 D WindowManager: interceptKeyTq interceptKeyResult=4
10-20 21:38:06.008  1483  1796 D WindowManager: interceptKeyTi keyCode=4 down=false repeatCount=0 keyguardOn=false canceled=false
10-20 21:38:06.008  1483  1796 D PhoneWindowManagerExt: interceptKeyTi code=4 down=false repeatCount=0 displayId=-1 interactive=true
10-20 21:38:06.008  1483  1796 I InputDispatcher: Delivering key to (13579): B action: 0x1 (0), f=0x0, m=0x0, d=0, 'e79635a'
10-20 21:38:06.010  5125  5125 I HBD     : HoneyBoardService onKeyUp r:7dc462d9 consumed:false 1 
10-20 21:38:06.011 13579 13579 I ViewRootImpl@8188eb8[MainActivity]: ViewPostIme key 1
10-20 21:38:06.011 13579 13579 D Activity: onKeyUp(KEYCODE_BACK) isTracking()=true isCanceled()=false hasCallback=false
10-20 21:38:06.115 13579 13608 E IMGMapper: set:488 set: Unset optional value from type SMPTE2086
10-20 21:38:06.116 13579 13608 E IMGMapper: set:488 set: Unset optional value from type CTA861_3
10-20 21:38:06.119  1039  1039 I BufferQueueProducer: [com.cinemamovel/com.cinemamovel.MainActivity$_13579#506355](this:0xb400007a1f6e8838,id:-1,api:0,p:-1,c:1039) queueBuffer: fps=15.71 dur=2163.74 max=1481.81 min=15.87
10-20 21:38:06.121   991  1074 I hwcomposer: [HWCDisplay] [Display_0 (type:1)] fps:15.712554,dur:2163.87,max:1482.46,min:15.10  
10-20 21:38:06.211 13579 13608 E IMGMapper: set:488 set: Unset optional value from type SMPTE2086
10-20 21:38:06.211 13579 13608 E IMGMapper: set:488 set: Unset optional value from type CTA861_3
10-20 21:38:06.222 13579 13608 E IMGMapper: set:488 set: Unset optional value from type SMPTE2086
10-20 21:38:06.222 13579 13608 E IMGMapper: set:488 set: Unset optional value from type CTA861_3
10-20 21:38:06.236 13579 13608 E IMGMapper: set:488 set: Unset optional value from type SMPTE2086
10-20 21:38:06.237 13579 13608 E IMGMapper: set:488 set: Unset optional value from type CTA861_3
10-20 21:38:06.254 13579 13608 E IMGMapper: set:488 set: Unset optional value from type SMPTE2086
10-20 21:38:06.255 13579 13608 E IMGMapper: set:488 set: Unset optional value from type CTA861_3
10-20 21:38:06.266 13579 13608 E IMGMapper: set:488 set: Unset optional value from type SMPTE2086
10-20 21:38:06.267 13579 13608 E IMGMapper: set:488 set: Unset optional value from type CTA861_3
10-20 21:38:06.281 13579 13608 E IMGMapper: set:488 set: Unset optional value from type SMPTE2086
10-20 21:38:06.281 13579 13608 E IMGMapper: set:488 set: Unset optional value from type CTA861_3
10-20 21:38:06.298 13579 13608 E IMGMapper: set:488 set: Unset optional value from type SMPTE2086
10-20 21:38:06.298 13579 13608 E IMGMapper: set:488 set: Unset optional value from type CTA861_3
10-20 21:38:06.314 13579 13608 E IMGMapper: set:488 set: Unset optional value from type SMPTE2086
10-20 21:38:06.314 13579 13608 E IMGMapper: set:488 set: Unset optional value from type CTA861_3
10-20 21:38:06.333 13579 13608 E IMGMapper: set:488 set: Unset optional value from type SMPTE2086
10-20 21:38:06.333 13579 13608 E IMGMapper: set:488 set: Unset optional value from type CTA861_3
10-20 21:38:06.351 13579 13608 E IMGMapper: set:488 set: Unset optional value from type SMPTE2086
10-20 21:38:06.351 13579 13608 E IMGMapper: set:488 set: Unset optional value from type CTA861_3
10-20 21:38:06.356  8661  3189 I AOSP-MdnsDiscoveryManag: (REDACTED) %s
10-20 21:38:06.357  8661  3185 I AOSP-MdnsDiscoveryManag: (REDACTED) %s
10-20 21:38:06.357  8661  3189 I AOSP-MdnsDiscoveryManag: (REDACTED) %s
10-20 21:38:06.358  8661  9716 I AOSP-MdnsDiscoveryManag: (REDACTED) %s
10-20 21:38:06.358  8661  3187 W AOSP-MdnsDiscoveryManag: Error while decoding multicast packet (6864): 1 [CONTEXT service_id=168 ]
10-20 21:38:06.358  8661  3188 I AOSP-MdnsDiscoveryManag: (REDACTED) %s
10-20 21:38:06.359  8661  3185 I AOSP-MdnsDiscoveryManag: (REDACTED) %s
10-20 21:38:06.359  8661  3188 I AOSP-MdnsDiscoveryManag: (REDACTED) %s
10-20 21:38:06.359  8661  3185 I AOSP-MdnsDiscoveryManag: (REDACTED) %s
10-20 21:38:06.359  8661  9716 I AOSP-MdnsDiscoveryManag: (REDACTED) %s
10-20 21:38:06.360  8661  3185 I AOSP-MdnsDiscoveryManag: (REDACTED) %s
10-20 21:38:06.361  8661  3187 W AOSP-MdnsDiscoveryManag: Error while decoding multicast packet (6865): 1 [CONTEXT service_id=168 ]
10-20 21:38:06.362  8661  3187 W AOSP-MdnsDiscoveryManag: Error while decoding multicast packet (6866): 1 [CONTEXT service_id=168 ]
10-20 21:38:06.363  8661  3187 W AOSP-MdnsDiscoveryManag: Error while decoding multicast packet (6867): 1 [CONTEXT service_id=168 ]
10-20 21:38:06.375 13579 13608 E IMGMapper: set:488 set: Unset optional value from type SMPTE2086
10-20 21:38:06.375 13579 13608 E IMGMapper: set:488 set: Unset optional value from type CTA861_3
10-20 21:38:06.387 13579 13608 E IMGMapper: set:488 set: Unset optional value from type SMPTE2086
10-20 21:38:06.388 13579 13608 E IMGMapper: set:488 set: Unset optional value from type CTA861_3
10-20 21:38:06.398 13579 13608 E IMGMapper: set:488 set: Unset optional value from type SMPTE2086
10-20 21:38:06.398 13579 13608 E IMGMapper: set:488 set: Unset optional value from type CTA861_3
10-20 21:38:06.413 13579 13608 E IMGMapper: set:488 set: Unset optional value from type SMPTE2086
10-20 21:38:06.413 13579 13608 E IMGMapper: set:488 set: Unset optional value from type CTA861_3
10-20 21:38:06.431 13579 13608 E IMGMapper: set:488 set: Unset optional value from type SMPTE2086
10-20 21:38:06.431 13579 13608 E IMGMapper: set:488 set: Unset optional value from type CTA861_3
10-20 21:38:06.449 13579 13608 E IMGMapper: set:488 set: Unset optional value from type SMPTE2086
10-20 21:38:06.449 13579 13608 E IMGMapper: set:488 set: Unset optional value from type CTA861_3
10-20 21:38:06.464 13579 13608 E IMGMapper: set:488 set: Unset optional value from type SMPTE2086
10-20 21:38:06.464 13579 13608 E IMGMapper: set:488 set: Unset optional value from type CTA861_3
10-20 21:38:06.482 13579 13608 E IMGMapper: set:488 set: Unset optional value from type SMPTE2086
10-20 21:38:06.482 13579 13608 E IMGMapper: set:488 set: Unset optional value from type CTA861_3
10-20 21:38:06.497   543   543 D io_stats: !@ 179,0 r 465922625 5661195074 w 80734329 846830252 d 1258365 33785900 f 0 0 iot 231664820 0 th 0 0 0 pt 0 inp 0 0 2556483.800
10-20 21:38:06.498 13579 13608 E IMGMapper: set:488 set: Unset optional value from type SMPTE2086
10-20 21:38:06.498 13579 13608 E IMGMapper: set:488 set: Unset optional value from type CTA861_3
10-20 21:38:06.516 13579 13608 E IMGMapper: set:488 set: Unset optional value from type SMPTE2086
10-20 21:38:06.516 13579 13608 E IMGMapper: set:488 set: Unset optional value from type CTA861_3
10-20 21:38:06.532 13579 13608 E IMGMapper: set:488 set: Unset optional value from type SMPTE2086
10-20 21:38:06.532 13579 13608 E IMGMapper: set:488 set: Unset optional value from type CTA861_3
10-20 21:38:06.549 13579 13608 E IMGMapper: set:488 set: Unset optional value from type SMPTE2086
10-20 21:38:06.549 13579 13608 E IMGMapper: set:488 set: Unset optional value from type CTA861_3
10-20 21:38:06.567 13579 13608 E IMGMapper: set:488 set: Unset optional value from type SMPTE2086
10-20 21:38:06.567 13579 13608 E IMGMapper: set:488 set: Unset optional value from type CTA861_3
10-20 21:38:06.588 13579 13608 E IMGMapper: set:488 set: Unset optional value from type SMPTE2086
10-20 21:38:06.588 13579 13608 E IMGMapper: set:488 set: Unset optional value from type CTA861_3
10-20 21:38:06.599 13579 13608 E IMGMapper: set:488 set: Unset optional value from type SMPTE2086
10-20 21:38:06.599 13579 13608 E IMGMapper: set:488 set: Unset optional value from type CTA861_3
10-20 21:38:06.615 13579 13608 E IMGMapper: set:488 set: Unset optional value from type SMPTE2086
10-20 21:38:06.615 13579 13608 E IMGMapper: set:488 set: Unset optional value from type CTA861_3
10-20 21:38:06.630 13579 13608 E IMGMapper: set:488 set: Unset optional value from type SMPTE2086
10-20 21:38:06.630 13579 13608 E IMGMapper: set:488 set: Unset optional value from type CTA861_3
10-20 21:38:06.638  2486  2486 I WifiHAL : Get link layer stats
10-20 21:38:06.638  2486  2486 I WifiHAL : GetLinkStatsCommand::create
10-20 21:38:06.638  2486  2486 D android.hardware.wifi@1.0-service-lazy: WifiRequest::create vendor command to iface 38, vendor_id=0x1a11, subcmd=0x1200, res=0
10-20 21:38:06.639  2486  2486 I android.hardware.wifi@1.0-service-lazy: WifiCommand::requestResponse err=-95
10-20 21:38:06.639  2486  2486 I WifiHAL : wifi_get_link_stats: result=-3
10-20 21:38:06.641  1483  2363 E WifiVendorHal: getWifiLinkLayerStats_1_5_Internal(l.1179) failed {.code = ERROR_NOT_SUPPORTED, .description = }
10-20 21:38:06.647  1483  3390 D SemWifiUsabilityStatsMonitor: onWifiUsabilityStats - seqNum 545130, isSameBssidAndFreq true
10-20 21:38:06.649  1483  2437 I SemWifiLinkQualityMonitor: Link Qos query: inf. ms / 0 Mbps
10-20 21:38:06.652 13579 13608 E IMGMapper: set:488 set: Unset optional value from type SMPTE2086
10-20 21:38:06.652 13579 13608 E IMGMapper: set:488 set: Unset optional value from type CTA861_3
10-20 21:38:06.666 13579 13608 E IMGMapper: set:488 set: Unset optional value from type SMPTE2086
10-20 21:38:06.666 13579 13608 E IMGMapper: set:488 set: Unset optional value from type CTA861_3
10-20 21:38:06.680 13579 13608 E IMGMapper: set:488 set: Unset optional value from type SMPTE2086
10-20 21:38:06.680 13579 13608 E IMGMapper: set:488 set: Unset optional value from type CTA861_3
10-20 21:38:06.767 24250 24342 D TrafficStats: tagSocket(6) with statsTag=0xffffffff, statsUid=-1
10-20 21:38:06.875  2521  2618 D MobileStatusTracker(0/2): onSignalStrengthsChanged level=4, vendorLevel=3
10-20 21:38:06.882  2521  2618 D MobileSignalController(0/2): notifyListener: enabled=true, connected=true, dataConnected=true, networkType=LTE (4G), emergencyOnly=false, roaming=false, isDefault=false, dataActivity=, level=3, ca=false, mmWave=false, disabledDataIcon=false, simCard=ETC
10-20 21:38:06.882  2521  2618 D NetworkController: SignalStrength from intent slotId=0
10-20 21:38:06.917  1483  1583 D PowerManagerService: UserActivityStateListenerState: 0
10-20 21:38:07.034  1483  2471 D NetdEventListenerService: DNS Requested by : 475, 11011
10-20 21:38:07.036 24250  5698 D TrafficStats: tagSocket(6) with statsTag=0xffffffff, statsUid=-1
10-20 21:38:07.143  1205  1205 I thermal_repeater: socket -1
10-20 21:38:07.925  4441  4441 I wpa_supplicant: Heartbeat 1412
10-20 21:38:08.156  2521  2618 D MobileStatusTracker(0/2): onSignalStrengthsChanged level=4, vendorLevel=3
10-20 21:38:08.160  2521  2618 D MobileSignalController(0/2): notifyListener: enabled=true, connected=true, dataConnected=true, networkType=LTE (4G), emergencyOnly=false, roaming=false, isDefault=false, dataActivity=, level=3, ca=false, mmWave=false, disabledDataIcon=false, simCard=ETC
10-20 21:38:08.161  2521  2618 D NetworkController: SignalStrength from intent slotId=0
10-20 21:38:08.498   543   543 D io_stats: !@ 179,0 r 465922627 5661195082 w 80734346 846830356 d 1258365 33785900 f 0 0 iot 231664900 0 th 0 0 0 pt 0 inp 0 0 2556485.801
10-20 21:38:08.682  1483  4825 D CustomizedBinderCallsStatsInternal: reportCpuUsage() : 3%
10-20 21:38:08.683  1483  1554 I BinderCallsStats: Collected cpu time : 0us, collected call count : 0 for 60112 ms
10-20 21:38:08.793 24250 24342 D TrafficStats: tagSocket(6) with statsTag=0xffffffff, statsUid=-1
10-20 21:38:09.062  1483  2471 D NetdEventListenerService: DNS Requested by : 475, 11011
10-20 21:38:09.063 24250  5698 D TrafficStats: tagSocket(6) with statsTag=0xffffffff, statsUid=-1
10-20 21:38:09.165  1483 13932 D TrafficStats: tagSocket(823) with statsTag=0xffffffff, statsUid=-1
10-20 21:38:09.172  1483 13932 D TrafficStats: tagSocket(830) with statsTag=0xffffffff, statsUid=-1
10-20 21:38:09.377  1483 13932 D WifiConnectivityMonitor.DnsThread:  [|213] []
10-20 21:38:09.378  1483  2457 D WifiConnectivityMonitor.NetworkStatsAnalyzer: DNS resultType : 0, responseTime : 213
10-20 21:38:09.378  1483  2453 D OpenNetworkQos[4.00]: updateBssidLatestDnsResultType - result: 0
10-20 21:38:09.379  1483  2453 D OpenNetworkQos[4.00]: updateBssidNoInternet: mBssidNoInternet = false
10-20 21:38:09.379  1483  2453 D OpenNetworkQos[4.00]: getOpenNetworkQosNoInternetStatus: false[Private DNS is active. Result is ignored.]
10-20 21:38:09.379  1483  2453 D OpenNetworkQos[4.00]: getOpenNetworkQosScores: 26 23 26 [Private DNS is active. Result is ignored.]
10-20 21:38:09.654  2486  2486 I WifiHAL : Get link layer stats
10-20 21:38:09.654  2486  2486 I WifiHAL : GetLinkStatsCommand::create
10-20 21:38:09.654  2486  2486 D android.hardware.wifi@1.0-service-lazy: WifiRequest::create vendor command to iface 38, vendor_id=0x1a11, subcmd=0x1200, res=0
10-20 21:38:09.654  2486  2486 I android.hardware.wifi@1.0-service-lazy: WifiCommand::requestResponse err=-95
10-20 21:38:09.654  2486  2486 I WifiHAL : wifi_get_link_stats: result=-3
10-20 21:38:09.656  1483  2363 E WifiVendorHal: getWifiLinkLayerStats_1_5_Internal(l.1179) failed {.code = ERROR_NOT_SUPPORTED, .description = }
10-20 21:38:09.661  1483  3390 D SemWifiUsabilityStatsMonitor: onWifiUsabilityStats - seqNum 545131, isSameBssidAndFreq true
10-20 21:38:09.663  1483  2437 I SemWifiLinkQualityMonitor: Link Qos query: inf. ms / 0 Mbps
10-20 21:38:10.523  1483  1528 D SensorService: setUidStateForConnection uid= 11011 , ident = 0xb4000077f75f8500 , state= 1
10-20 21:38:10.523  1483  1528 D SensorService: setUidStateForConnection uid= 11011 , ident = 0xb400007801469ec0 , state= 1
10-20 21:38:10.523  1483  1528 D SensorService: setUidStateForConnection uid= 11011 , ident = 0xb400007806cda880 , state= 1
10-20 21:38:10.523  1483  1528 D SensorService: setUidStateForConnection uid= 11011 , ident = 0xb40000780cb4c1c0 , state= 1
10-20 21:38:10.524  1483  1528 D SensorService: setUidStateForConnection uid= 11011 , ident = 0xb40000784263e5c0 , state= 1
10-20 21:38:10.524  1483  1528 D SensorService: setUidStateForConnection uid= 11011 , ident = 0xb400007842805600 , state= 1
10-20 21:38:10.524  1199  1199 E SensorManager: Correct handle(0) maxdelay: 16000000 old: 20000000
10-20 21:38:10.540  2521  2618 D MobileStatusTracker(1/1): onSignalStrengthsChanged level=4, vendorLevel=4
10-20 21:38:10.554  2521  2618 D MobileSignalController(1/1): notifyListener: enabled=true, connected=true, dataConnected=false, networkType=UMTS (3G), emergencyOnly=true, roaming=false, isDefault=false, dataActivity=, level=4, ca=false, mmWave=false, disabledDataIcon=false, simCard=ETC
10-20 21:38:10.555  2521  2618 D NetworkController: SignalStrength from intent slotId=1
10-20 21:38:10.709  2521  2618 D MobileStatusTracker(0/2): onSignalStrengthsChanged level=4, vendorLevel=3
10-20 21:38:10.711  2521  2618 D MobileSignalController(0/2): notifyListener: enabled=true, connected=true, dataConnected=true, networkType=LTE (4G), emergencyOnly=false, roaming=false, isDefault=false, dataActivity=, level=3, ca=false, mmWave=false, disabledDataIcon=false, simCard=ETC
10-20 21:38:10.712  2521  2618 D NetworkController: SignalStrength from intent slotId=0
10-20 21:38:10.812 24250 24342 D TrafficStats: tagSocket(6) with statsTag=0xffffffff, statsUid=-1
10-20 21:38:10.907  1483  1498 I system_server: Background concurrent copying GC freed 356890(20MB) AllocSpace objects, 300(5500KB) LOS objects, 17% free, 115MB/139MB, paused 522us,1.238ms total 629.072ms
10-20 21:38:10.912  2799  3527 D PhoneInterfaceManager: setDataEnabledForReason() Reason=1 Pid=1483 App=system
10-20 21:38:10.916  2799  3527 D PhoneInterfaceManager: setDataEnabledForReason() Reason=1 Pid=1483 App=system
10-20 21:38:10.923  1483  1500 W System  : A resource failed to call close. 
10-20 21:38:10.924  1483  1500 W System  : A resource failed to call close. 
