--------- beginning of main
10-20 21:37:48.953  2521  2618 D MobileStatusTracker(0/2): onSignalStrengthsChanged level=3, vendorLevel=3
10-20 21:37:48.956  2521  2618 D MobileSignalController(0/2): notifyListener: enabled=true, connected=true, dataConnected=true, networkType=LTE (4G), emergencyOnly=false, roaming=false, isDefault=false, dataActivity=, level=3, ca=false, mmWave=false, disabledDataIcon=false, simCard=ETC
10-20 21:37:48.956  2521  2618 D NetworkController: SignalStrength from intent slotId=0
10-20 21:37:49.040  1483  4870 D InputDispatcher: Inject motion (13713/2000): action=0x0, time=2556466337000000, f=0x0, d=0 dsdx=1.000000 dtdx=0.000000
10-20 21:37:49.041  1483  1796 I InputDispatcher: Delivering touch to (2521): action: 0x4, f=0x0, d=0, 'a9cce9e', t=1 
10-20 21:37:49.041  1483  1796 I InputDispatcher: Delivering touch to (13579): action: 0x0, f=0x0, d=0, 'e79635a', t=1 
--------- beginning of system
10-20 21:37:49.042  1483  1796 D PowerManagerService: [api] userActivityFromNative :  (event: 2 flags: 0 displayId: 0) eventTime = 2556466337
10-20 21:37:49.042  1483  1528 I GestureDetector: obtain mCurrentDownEvent. id: -103304936 caller: com.android.server.wm.SystemGesturesPointerEventListener.onPointerEvent:203 com.android.server.wm.PointerEventDispatcher.onInputEvent:53 android.view.InputEventReceiver.dispatchInputEvent:285 
10-20 21:37:49.042 13579 13579 I ViewRootImpl@8188eb8[MainActivity]: ViewPostIme pointer 0
10-20 21:37:49.043  1483  1528 I GestureDetector: obtain mCurrentDownEvent. id: -103304936 caller: com.android.server.wm.SystemPerformancePointerEventListener.onPointerEvent:89 com.android.server.wm.PointerEventDispatcher.onInputEvent:53 android.view.InputEventReceiver.dispatchInputEvent:285 
10-20 21:37:49.044  1483  1796 D PowerManagerService: UserActivityStateListenerState: 1
10-20 21:37:49.055  1483  4870 D InputDispatcher: Inject motion (13713/2000): action=0x1, time=2556466337000000, f=0x0, d=0 dsdx=1.000000 dtdx=0.000000
10-20 21:37:49.055  1483  1796 I InputDispatcher: Delivering touch to (13579): action: 0x1, f=0x0, d=0, 'e79635a', t=1 
10-20 21:37:49.055 13579 13579 I ViewRootImpl@8188eb8[MainActivity]: ViewPostIme pointer 1
10-20 21:37:49.056  1483  1528 I GestureDetector: obtain mCurrentMotionEventRaw. action: 1 id: -169805514
10-20 21:37:49.058  1483  1528 I GestureDetector: obtain mCurrentMotionEventRaw. action: 1 id: -169805514
10-20 21:37:49.343  1483  1528 I GestureDetector: handleMessage TAP
10-20 21:37:49.343  1483  1483 I GestureDetector: handleMessage TAP
10-20 21:37:50.134  1483  4870 D InputDispatcher: Inject key (13719/2000): action=0, f=0x0, d=-1, time=2556467436469746
10-20 21:37:50.134  1483  4870 D WindowManager: interceptKeyTq interceptKeyResult=1
10-20 21:37:50.134  1483  1796 D PowerManagerService: [api] userActivityFromNative :  (event: 1 flags: 0 displayId: 0) eventTime = 2556467436
10-20 21:37:50.135  1483  1796 I InputDispatcher: Delivering key to (13579): action: 0x0 (0), f=0x0, m=0x41, d=0, 'e79635a'
10-20 21:37:50.136  5125  5125 I HBD     : b skip onKeyDown as physical keyboard not connected 
10-20 21:37:50.137  5125  5125 I HBD     : HoneyBoardService onKeyDown r:d1b0581f consumed:false 1 
10-20 21:37:50.144 13579 13579 I ViewRootImpl@8188eb8[MainActivity]: ViewPostIme key 0
10-20 21:37:50.147  1483  4870 D InputDispatcher: Inject key (13719/2000): action=0, f=0x0, d=-1, time=2556467436469746
10-20 21:37:50.147  1483  4870 D SingleKeyGesture: reset counter=0 mActiveRule=null Callers(5)=com.android.server.policy.SingleKeyGestureDetector.interceptKeyDown:453 com.android.server.policy.SingleKeyGestureDetector.interceptKey:399 com.android.server.policy.PhoneWindowManager.handleKeyGesture:5028 com.android.server.policy.PhoneWindowManager.interceptKeyBeforeQueueing:4558 com.android.server.wm.InputManagerCallback.interceptKeyBeforeQueueing:156 
10-20 21:37:50.147  1483  4870 D WindowManager: interceptKeyTq interceptKeyResult=1
10-20 21:37:50.149  1483  1796 I InputDispatcher: Delivering key to (13579): action: 0x0 (0), f=0x0, m=0x41, d=0, 'e79635a'
10-20 21:37:50.150  5125  5125 I HBD     : b skip onKeyDown as physical keyboard not connected 
10-20 21:37:50.150  5125  5125 I HBD     : HoneyBoardService onKeyDown r:36622078 consumed:false 1 
10-20 21:37:50.154 13579 13579 I ViewRootImpl@8188eb8[MainActivity]: setInTouchMode(false), android.view.ViewRootImpl.checkForLeavingTouchModeAndConsume:9383 android.view.ViewRootImpl.-$$Nest$mcheckForLeavingTouchModeAndConsume:0 android.view.ViewRootImpl$EarlyPostImeInputStage.processKeyEvent:7707 android.view.ViewRootImpl$EarlyPostImeInputStage.onProcess:7691 android.view.ViewRootImpl$InputStage.deliver:7213 android.view.ViewRootImpl$InputStage.onDeliverToNext:7270 android.view.ViewRootImpl$InputStage.forward:7236 android.view.ViewRootImpl$AsyncInputStage.forward:7467 android.view.ViewRootImpl$ImeInputStage.onFinishedInputEvent:7676 android.view.inputmethod.InputMethodManager$PendingEvent.run:3897 
10-20 21:37:50.156  1483  4825 D InputDispatcher: Touch mode switch rejected, caller (pid=0, uid=10976) doesn't own the focused window nor none of the previously interacted window
10-20 21:37:50.160 13579 13579 I ViewRootImpl@8188eb8[MainActivity]: ViewPostIme key 0
10-20 21:37:50.185  1483  4870 D InputDispatcher: Inject key (13719/2000): action=1, f=0x0, d=-1, time=2556467436469746
10-20 21:37:50.196  1483  4870 D WindowManager: interceptKeyTq interceptKeyResult=1
10-20 21:37:50.197  1483  1796 I InputDispatcher: Delivering key to (13579): action: 0x1 (0), f=0x0, m=0x41, d=0, 'e79635a'
10-20 21:37:50.198 13579 13579 D InputMethodManager: startInputInner - Id : 0
10-20 21:37:50.198 13579 13579 I InputMethodManager: startInputInner - mService.startInputOrWindowGainedFocus
10-20 21:37:50.200 13579 13608 E IMGMapper: set:488 set: Unset optional value from type SMPTE2086
10-20 21:37:50.200 13579 13608 E IMGMapper: set:488 set: Unset optional value from type CTA861_3
10-20 21:37:50.201  1483  4825 V InputMethodManagerService: startInputOrWindowGainedFocusInternalLocked: reason=CHECK_FOCUS clientState=623ae80 attribute=android.view.inputmethod.EditorInfo@1356719 startInputFlags=VIEW_HAS_FOCUS|IS_TEXT_EDITOR|INITIAL_CONNECTION softInputMode=STATE_UNSPECIFIED|ADJUST_RESIZE windowFlags=#81810100 sameWindowFocused=true
10-20 21:37:50.202  1483  4825 D InputMethodManagerService: mDesktopModeManager null!
10-20 21:37:50.202  1483  4825 V InputMethodManagerService: getDisplayIdOfInputMethodWindowToBeAdded: displayId=0
10-20 21:37:50.203  1483  4825 D InputMethodManagerService: isImeSwitcherDisabledPackage : false
10-20 21:37:50.203  1483  4825 D InputMethodManagerService: shouldShowImeSwitcherLocked : checking vis : 3
10-20 21:37:50.205  1483  4825 D InputMethodManagerService: checkDisplayOfStartInputAndUpdateKeyboard: displayId=0, mFocusedDisplayId=0
10-20 21:37:50.205  1483  4825 D InputTransport: Input channel constructed: 'ClientS', fd=797
10-20 21:37:50.205  1039  1039 I BufferQueueProducer: [com.cinemamovel/com.cinemamovel.MainActivity$_13579#506355](this:0xb400007a1f6e8838,id:-1,api:0,p:-1,c:1039) queueBuffer: fps=4.26 dur=4925.58 max=4576.35 min=16.16
10-20 21:37:50.205  1483  4825 D InputTransport: Input channel destroyed: 'ClientS', fd=797
10-20 21:37:50.207   991  1074 I hwcomposer: [HWCDisplay] [Display_0 (type:1)] fps:1.287723,dur:4659.39,max:4576.77,min:15.99  
10-20 21:37:50.212  5125  5125 I HBD     : HoneyBoardService onKeyUp r:04cd1356 consumed:false 1 
10-20 21:37:50.214  5125  5125 I HBD     : HoneyBoardService onFinishInput 
10-20 21:37:50.215  5125  5125 I HBD     : a IC have been unbinding,  RemoteInputConnection{idHash=#ab0fa09}
10-20 21:37:50.215 13579 13579 I ViewRootImpl@8188eb8[MainActivity]: ViewPostIme key 1
10-20 21:37:50.215  5125  5125 I HBD     : HoneyBoardService [PF_CL][onFinishInput]  1 ms 
10-20 21:37:50.216  5125  5125 I HBD     : HoneyBoardService onInlineSuggestionsResponse 
10-20 21:37:50.216  5125  5125 I HBD     : HoneyBoardService [IMI] onStartInput - caller pid : 13579 , caller uid : 10976 
10-20 21:37:50.216  5125  5125 I HBD     : j updateConfigs 
10-20 21:37:50.216  5125  5125 I HBD     : j isEnabledNightMode : true 
10-20 21:37:50.216  5125  5125 I HBD     : a IC have been binding, RemoteInputConnection{idHash=#4288c3c} 
10-20 21:37:50.216  5125  5125 I HBD     : h [EditorInputType]setPrivateImeOptionsToTable privateImeOptions ( null )
10-20 21:37:50.216  5125  5125 I HBD     : b incognitoMode : false 
10-20 21:37:50.216  1483  4870 D InputDispatcher: Inject key (13719/2000): action=1, f=0x0, d=-1, time=2556467436469746
10-20 21:37:50.217  5125  5125 I HBD     : b [CPS]isPredictionOnByLanguage :false, isForceOff : false, isPredictionOn : true , isOnPref : true 
10-20 21:37:50.217  1483  4870 D WindowManager: interceptKeyTq interceptKeyResult=1
10-20 21:37:50.217  5125  5125 I HBD     : h getDefaultInputRange : UNKNOWN 
10-20 21:37:50.217  5125  5125 I HBD     : h getDefaultInputRange : UNKNOWN 
10-20 21:37:50.217  5125  5125 I HBD     : h getDefaultInputRange : UNKNOWN 
10-20 21:37:50.218  1483  1796 I InputDispatcher: Delivering key to (13579): action: 0x1 (0), f=0x0, m=0x0, d=0, 'e79635a'
10-20 21:37:50.219  5125  5125 I HBD     : b update cached prediction status : true 
10-20 21:37:50.219  5125  5125 I HBD     : h getDefaultInputRange : UNKNOWN 
10-20 21:37:50.219  5125  5125 I HBD     : a currentState : 0 
10-20 21:37:50.220  5125  5125 I HBD     : a [UpdatePolicy] [post] a: 0 cl: 3276809 kit: [0/0] vt: 0 ir: 1 
10-20 21:37:50.221  5125  5125 I HBD     : a [NRIC] resetNoResponseState 
10-20 21:37:50.221  5125  5125 I HBD     : b update cached prediction status : true 
10-20 21:37:50.222 13579 13608 E IMGMapper: set:488 set: Unset optional value from type SMPTE2086
10-20 21:37:50.222 13579 13608 E IMGMapper: set:488 set: Unset optional value from type CTA861_3
10-20 21:37:50.224  5125  5125 I HBD     : HoneyBoardService [PF_OP][onStartInput]  8 ms 
10-20 21:37:50.226  5125  5125 I HBD     : HoneyBoardService onKeyUp r:3ec2602b consumed:false 2 
10-20 21:37:50.228 13579 13579 I ViewRootImpl@8188eb8[MainActivity]: ViewPostIme key 1
10-20 21:37:50.229  1483  4870 D InputDispatcher: Inject key (13719/2000): action=0, f=0x0, d=-1, time=2556467436469746
10-20 21:37:50.230  1483  4870 D WindowManager: interceptKeyTq interceptKeyResult=1
10-20 21:37:50.230  1483  1796 I InputDispatcher: Delivering key to (13579): action: 0x0 (0), f=0x0, m=0x0, d=0, 'e79635a'
10-20 21:37:50.232  2521  2618 D MobileStatusTracker(0/2): onSignalStrengthsChanged level=3, vendorLevel=3
10-20 21:37:50.232  5125  5125 I HBD     : b skip onKeyDown as physical keyboard not connected 
10-20 21:37:50.232  5125  5125 I HBD     : HoneyBoardService onKeyDown r:d769a906 consumed:false 0 
10-20 21:37:50.234 13579 13579 I ViewRootImpl@8188eb8[MainActivity]: ViewPostIme key 0
10-20 21:37:50.235  2521  2618 D MobileSignalController(0/2): notifyListener: enabled=true, connected=true, dataConnected=true, networkType=LTE (4G), emergencyOnly=false, roaming=false, isDefault=false, dataActivity=, level=3, ca=false, mmWave=false, disabledDataIcon=false, simCard=ETC
10-20 21:37:50.235  2521  2618 D NetworkController: SignalStrength from intent slotId=0
10-20 21:37:50.242  1483  4870 D InputDispatcher: Inject key (13719/2000): action=1, f=0x0, d=-1, time=2556467436469746
10-20 21:37:50.242  1483  4870 D WindowManager: interceptKeyTq interceptKeyResult=1
10-20 21:37:50.243  1483  1796 I InputDispatcher: Delivering key to (13579): action: 0x1 (0), f=0x0, m=0x0, d=0, 'e79635a'
10-20 21:37:50.249  5125  5125 I HBD     : HoneyBoardService onKeyUp r:6ff519d5 consumed:false 0 
10-20 21:37:50.250 13579 13579 I ViewRootImpl@8188eb8[MainActivity]: ViewPostIme key 1
10-20 21:37:50.251  1483  4870 D InputDispatcher: Inject key (13719/2000): action=0, f=0x0, d=-1, time=2556467436469746
10-20 21:37:50.251  1483  4870 D WindowManager: interceptKeyTq interceptKeyResult=1
10-20 21:37:50.252  1483  1796 I InputDispatcher: Delivering key to (13579): action: 0x0 (0), f=0x0, m=0x0, d=0, 'e79635a'
10-20 21:37:50.252 13579 13608 E IMGMapper: set:488 set: Unset optional value from type SMPTE2086
10-20 21:37:50.252 13579 13608 E IMGMapper: set:488 set: Unset optional value from type CTA861_3
10-20 21:37:50.253  5125  5125 I HBD     : b skip onKeyDown as physical keyboard not connected 
10-20 21:37:50.254  5125  5125 I HBD     : HoneyBoardService onKeyDown r:7bbbd6de consumed:false 1 
10-20 21:37:50.256 13579 13579 I ViewRootImpl@8188eb8[MainActivity]: ViewPostIme key 0
10-20 21:37:50.264  1483  4870 D InputDispatcher: Inject key (13719/2000): action=1, f=0x0, d=-1, time=2556467436469746
10-20 21:37:50.264  1483  4870 D WindowManager: interceptKeyTq interceptKeyResult=1
10-20 21:37:50.265  1483  1796 I InputDispatcher: Delivering key to (13579): action: 0x1 (0), f=0x0, m=0x0, d=0, 'e79635a'
10-20 21:37:50.279  5125  5125 I HBD     : HoneyBoardService onKeyUp r:8d426fbe consumed:false 1 
10-20 21:37:50.280 13579 13579 I ViewRootImpl@8188eb8[MainActivity]: ViewPostIme key 1
10-20 21:37:50.281  1483  4870 D InputDispatcher: Inject key (13719/2000): action=0, f=0x0, d=-1, time=2556467436469746
10-20 21:37:50.281  1483  4870 D WindowManager: interceptKeyTq interceptKeyResult=1
10-20 21:37:50.282  1483  1796 I InputDispatcher: Delivering key to (13579): action: 0x0 (0), f=0x0, m=0x0, d=0, 'e79635a'
10-20 21:37:50.283 13579 13608 E IMGMapper: set:488 set: Unset optional value from type SMPTE2086
10-20 21:37:50.283  5125  5125 I HBD     : b skip onKeyDown as physical keyboard not connected 
10-20 21:37:50.283 13579 13608 E IMGMapper: set:488 set: Unset optional value from type CTA861_3
10-20 21:37:50.284  5125  5125 I HBD     : HoneyBoardService onKeyDown r:b7daaecb consumed:false 1 
10-20 21:37:50.285 13579 13579 I ViewRootImpl@8188eb8[MainActivity]: ViewPostIme key 0
10-20 21:37:50.294  1483  4870 D InputDispatcher: Inject key (13719/2000): action=1, f=0x0, d=-1, time=2556467436469746
10-20 21:37:50.295  1483  4870 D WindowManager: interceptKeyTq interceptKeyResult=1
10-20 21:37:50.295  1483  1796 I InputDispatcher: Delivering key to (13579): action: 0x1 (0), f=0x0, m=0x0, d=0, 'e79635a'
10-20 21:37:50.300  5125  5125 I HBD     : HoneyBoardService onKeyUp r:e114cdfb consumed:false 0 
10-20 21:37:50.301 13579 13579 I ViewRootImpl@8188eb8[MainActivity]: ViewPostIme key 1
10-20 21:37:50.303 13579 13608 E IMGMapper: set:488 set: Unset optional value from type SMPTE2086
10-20 21:37:50.303 13579 13608 E IMGMapper: set:488 set: Unset optional value from type CTA861_3
10-20 21:37:50.375 13579 13615 I ReactNativeJS: '📊 RENDER_DASHBOARD_hooks', 2
10-20 21:37:50.409  8661 13601 D ConnectivityManager: StackLog: [android.net.ConnectivityManager.reportNetworkConnectivity(ConnectivityManager.java:3556)] [btxj.a(:com.google.android.gms@254031029@25.40.31 (190400-816341114):15)] [btzp.n(:com.google.android.gms@254031029@25.40.31 (190400-816341114):6)] [btzd.run(:com.google.android.gms@254031029@25.40.31 (190400-816341114):623)] [buaa.run(:com.google.android.gms@254031029@25.40.31 (190400-816341114):5)] [ghht.run(:com.google.android.gms@254031029@25.40.31 (190400-816341114):21)] [bcnt.c(:com.google.android.gms@254031029@25.40.31 (190400-816341114):50)] [bcnt.run(:com.google.android.gms@254031029@25.40.31 (190400-816341114):73)] [java.util.concurrent.ThreadPoolExecutor.runWorker(ThreadPoolExecutor.java:1145)] [java.util.concurrent.ThreadPoolExecutor$Worker.run(ThreadPoolExecutor.java:644)] [bctl.run(:com.google.android.gms@254031029@25.40.31 (190400-816341114):8)] [java.lang.Thread.run(Thread.java:1012)]
10-20 21:37:50.411  8661 13601 I AlarmManager: setExactAndAllowWhileIdle [name: GCM_HB_ALARM type: 2 triggerAtMillis: 3698578337]
10-20 21:37:50.432  8661 13136 I AlarmManager: setExactAndAllowWhileIdle [name: FcmRetry type: 2 triggerAtMillis: 3698278356]
10-20 21:37:50.435  8661 13601 I AlarmManager: setExactAndAllowWhileIdle [name: GCM_HB_ALARM type: 2 triggerAtMillis: 3698578362]
10-20 21:37:50.452 13579 13594 W com.cinemamovel: Cleared Reference was only reachable from finalizer (only reported once)
10-20 21:37:50.472 13579 13594 I com.cinemamovel: Background concurrent copying GC freed 361127(16MB) AllocSpace objects, 18(548KB) LOS objects, 49% free, 7645KB/14MB, paused 378us,107us total 130.937ms
10-20 21:37:50.474 13579 13595 D InputTransport: Input channel destroyed: 'ClientS', fd=155
10-20 21:37:50.482   543   543 D io_stats: !@ 179,0 r 465921588 5661189018 w 80733374 846824056 d 1258365 33785900 f 0 0 iot 231663160 0 th 0 0 0 pt 0 inp 0 0 2556467.785
10-20 21:37:50.494 13579 13608 E IMGMapper: set:488 set: Unset optional value from type SMPTE2086
10-20 21:37:50.494 13579 13608 E IMGMapper: set:488 set: Unset optional value from type CTA861_3
10-20 21:37:50.558 24250 24342 D TrafficStats: tagSocket(6) with statsTag=0xffffffff, statsUid=-1
10-20 21:37:50.577 13579 13615 I ReactNativeJS: '📊 RENDER_DASHBOARD_hooks', 3
10-20 21:37:50.611   570 13540 I keystore2: keystore2::watchdog: Watchdog thread idle -> terminating. Have a great day.
10-20 21:37:50.643 13579 13608 E IMGMapper: set:488 set: Unset optional value from type SMPTE2086
10-20 21:37:50.643 13579 13608 E IMGMapper: set:488 set: Unset optional value from type CTA861_3
10-20 21:37:50.670  1483  3183 W ActivityManager: Background start not allowed: service Intent { act=com.whatsapp.messageservice.messaging.MessageService.START cmp=com.whatsapp/.messageservice.messaging.MessageService } to com.whatsapp/.messageservice.messaging.MessageService from pid=5964 uid=10250 pkg=com.whatsapp startFg?=false
10-20 21:37:50.672  1483  4870 W ActivityManager: startForegroundService() not allowed due to mAllowStartForeground false: service com.whatsapp/.messaging.service.GcmFGService
10-20 21:37:50.693  5964  6064 D TrafficStats: tagSocket(192) with statsTag=0x1, statsUid=-1
10-20 21:37:50.699  5964  6076 D WM-SystemJobScheduler: Scheduling work ID 2ccd6c8b-676d-4b46-9aa7-63e55e5e29f5Job ID 668429
10-20 21:37:50.700  1483  2471 D NetdEventListenerService: DNS Requested by : 475, 10250
10-20 21:37:50.717  5964  6076 D WM-GreedyScheduler: Starting tracking for 2ccd6c8b-676d-4b46-9aa7-63e55e5e29f5
10-20 21:37:50.722  5964  5964 D WM-SystemJobService: onStartJob for WorkGenerationalId(workSpecId=2ccd6c8b-676d-4b46-9aa7-63e55e5e29f5, generation=0)
10-20 21:37:50.723  5964  6076 D WM-ConstraintTracker: HRq: initial state = NetworkState(isConnected=true, isValidated=true, isMetered=false, isNotRoaming=true)
10-20 21:37:50.723  5964  6076 D WM-NetworkStateTracker: Registering network callback
10-20 21:37:50.723  5964  6076 D ConnectivityManager: StackLog: [android.net.ConnectivityManager.sendRequestForNetwork(ConnectivityManager.java:4402)] [android.net.ConnectivityManager.registerDefaultNetworkCallbackForUid(ConnectivityManager.java:4966)] [android.net.ConnectivityManager.registerDefaultNetworkCallback(ConnectivityManager.java:4933)] [android.net.ConnectivityManager.registerDefaultNetworkCallback(ConnectivityManager.java:4907)] [X.HRq.A03(:20)] [androidx.work.impl.constraints.controllers.BaseConstraintController$track$1.invokeSuspend(:81)] [androidx.work.impl.constraints.controllers.BaseConstraintController$track$1.invoke(:8)] [X.48O.A00(:2)] [X.48M.A00(:52)] [X.3TF.invokeSuspend(:26)] [X.0vz.resumeWith(:8)] [X.0wP.run(:89)] [X.HIQ.run(:2)] [java.util.concurrent.ThreadPoolExecutor.runWorker(ThreadPoolExecutor.java:1145)] [java.util.concurrent.ThreadPoolExecutor$Worker.run(ThreadPoolExecutor.java:644)] [java.lang.Thread.run(Thread.java:1012)]
10-20 21:37:50.726  1483  3183 D ConnectivityService: requestNetwork for uid/pid:10250/5964 activeRequest: null callbackRequest: 165624 [NetworkRequest [ REQUEST id=165625, [ Capabilities: INTERNET&NOT_RESTRICTED&TRUSTED&NOT_VCN_MANAGED Uid: 10250 RequestorUid: 10250 RequestorPkg: com.whatsapp UnderlyingNetworks: Null] ]] callback flags: 0 order: 2147483647
10-20 21:37:50.728  1483  2385 D ConnectivityService:    accepting network in place of null for NetworkRequest [ REQUEST id=165625, [ Capabilities: INTERNET&NOT_RESTRICTED&TRUSTED&NOT_VCN_MANAGED Uid: 10250 RequestorUid: 10250 RequestorPkg: com.whatsapp UnderlyingNetworks: Null] ]
10-20 21:37:50.729  5964  6094 D WM-NetworkStateTracker: Network capabilities changed: [ Transports: WIFI Capabilities: NOT_METERED&INTERNET&NOT_RESTRICTED&TRUSTED&NOT_VPN&VALIDATED&NOT_ROAMING&FOREGROUND&NOT_CONGESTED&NOT_SUSPENDED&NOT_VCN_MANAGED LinkUpBandwidth>=12000Kbps LinkDnBandwidth>=30000Kbps TransportInfo: <SSID: <unknown ssid>, BSSID: 02:00:00:00:00:00, MAC: 02:00:00:00:00:00, IP: /10.0.0.112, Security type: 2, Supplicant state: COMPLETED, Wi-Fi standard: 4, RSSI: -67, Link speed: 39Mbps, Tx Link speed: 39Mbps, Max Supported Tx Link speed: 72Mbps, Rx Link speed: 39Mbps, Max Supported Rx Link speed: 72Mbps, Frequency: 2437MHz, Net ID: -1, Metered hint: false, score: 60, isUsable: true, CarrierMerged: false, SubscriptionId: -1, IsPrimary: -1, Trusted: true, Restricted: false, Ephemeral: false, OEM paid: false, OEM private: false, OSU AP: false, FQDN: <none>, Provider friendly name: <none>, Requesting package name: <none><none>MLO Information: , AP MLD Address: <none>, AP MLO Link Id: <none>, AP MLO Affiliated links: <none>> SignalStrength: -67 UnderlyingNetworks: Null]
10-20 21:37:50.730  5964  6076 D WM-Processor: JGD: processing WorkGenerationalId(workSpecId=2ccd6c8b-676d-4b46-9aa7-63e55e5e29f5, generation=0)
10-20 21:37:50.733  1483  2363 D WifiNetworkFactory: got request NetworkRequest [ REQUEST id=165625, [ Capabilities: INTERNET&NOT_RESTRICTED&TRUSTED&NOT_VCN_MANAGED Uid: 10250 RequestorUid: 10250 RequestorPkg: com.whatsapp UnderlyingNetworks: Null] ]
10-20 21:37:50.734  1483  2363 D UntrustedWifiNetworkFactory: got request NetworkRequest [ REQUEST id=165625, [ Capabilities: INTERNET&NOT_RESTRICTED&TRUSTED&NOT_VCN_MANAGED Uid: 10250 RequestorUid: 10250 RequestorPkg: com.whatsapp UnderlyingNetworks: Null] ]
10-20 21:37:50.735  1483  2363 D OemPaidWifiNetworkFactory: got request NetworkRequest [ REQUEST id=165625, [ Capabilities: INTERNET&NOT_RESTRICTED&TRUSTED&NOT_VCN_MANAGED Uid: 10250 RequestorUid: 10250 RequestorPkg: com.whatsapp UnderlyingNetworks: Null] ]
10-20 21:37:50.735  1483  2363 D MultiInternetWifiNetworkFactory: got request NetworkRequest [ REQUEST id=165625, [ Capabilities: INTERNET&NOT_RESTRICTED&TRUSTED&NOT_VCN_MANAGED Uid: 10250 RequestorUid: 10250 RequestorPkg: com.whatsapp UnderlyingNetworks: Null] ]
10-20 21:37:50.738  1483  2385 D ConnectivityService: Rematched networks [computed 1ms] [applied 4ms] [issued 6]
10-20 21:37:50.738  1483  2385 D ConnectivityService: NetworkReassignment :
10-20 21:37:50.738  1483  2385 D ConnectivityService:   165625 : null → 475
10-20 21:37:50.742  5964  5964 D WM-WorkerWrapper: Starting work for com.whatsapp.networkavailable.service.RestoreChatConnectionWorker
10-20 21:37:50.743  5964  6068 D WM-GreedyScheduler: Constraints met: Scheduling work ID WorkGenerationalId(workSpecId=2ccd6c8b-676d-4b46-9aa7-63e55e5e29f5, generation=0)
10-20 21:37:50.748  5964  6076 D WM-Processor: Work WorkGenerationalId(workSpecId=2ccd6c8b-676d-4b46-9aa7-63e55e5e29f5, generation=0) is already enqueued for processing
10-20 21:37:50.806 13579 13608 E IMGMapper: set:488 set: Unset optional value from type SMPTE2086
10-20 21:37:50.806 13579 13608 E IMGMapper: set:488 set: Unset optional value from type CTA861_3
10-20 21:37:50.842  1483  2471 D NetdEventListenerService: DNS Requested by : 475, 11011
10-20 21:37:50.843 24250  5698 D TrafficStats: tagSocket(6) with statsTag=0xffffffff, statsUid=-1
10-20 21:37:50.925 13579 13737 D skia    : SkJpegCodec::onGetPixels +
10-20 21:37:50.940 13579 13737 D skia    : SkJpegCodec::onGetPixels -
10-20 21:37:50.969 13579 13608 E IMGMapper: set:488 set: Unset optional value from type SMPTE2086
10-20 21:37:50.969 13579 13608 E IMGMapper: set:488 set: Unset optional value from type CTA861_3
10-20 21:37:50.995 13579 13608 E IMGMapper: set:488 set: Unset optional value from type SMPTE2086
10-20 21:37:50.995 13579 13608 E IMGMapper: set:488 set: Unset optional value from type CTA861_3
10-20 21:37:51.001 13579 13738 D skia    : SkJpegCodec::onGetPixels +
10-20 21:37:51.005 13579 13608 E IMGMapper: set:488 set: Unset optional value from type SMPTE2086
10-20 21:37:51.005 13579 13608 E IMGMapper: set:488 set: Unset optional value from type CTA861_3
10-20 21:37:51.016 13579 13608 E IMGMapper: set:488 set: Unset optional value from type SMPTE2086
10-20 21:37:51.016 13579 13608 E IMGMapper: set:488 set: Unset optional value from type CTA861_3
10-20 21:37:51.020 13579 13738 D skia    : SkJpegCodec::onGetPixels -
10-20 21:37:51.032 13579 13608 E IMGMapper: set:488 set: Unset optional value from type SMPTE2086
10-20 21:37:51.032 13579 13608 E IMGMapper: set:488 set: Unset optional value from type CTA861_3
10-20 21:37:51.048 13579 13608 E IMGMapper: set:488 set: Unset optional value from type SMPTE2086
10-20 21:37:51.048 13579 13608 E IMGMapper: set:488 set: Unset optional value from type CTA861_3
10-20 21:37:51.071 13579 13608 E IMGMapper: set:488 set: Unset optional value from type SMPTE2086
10-20 21:37:51.071 13579 13608 E IMGMapper: set:488 set: Unset optional value from type CTA861_3
10-20 21:37:51.081 13579 13608 E IMGMapper: set:488 set: Unset optional value from type SMPTE2086
10-20 21:37:51.081 13579 13608 E IMGMapper: set:488 set: Unset optional value from type CTA861_3
10-20 21:37:51.099 13579 13608 E IMGMapper: set:488 set: Unset optional value from type SMPTE2086
10-20 21:37:51.099 13579 13608 E IMGMapper: set:488 set: Unset optional value from type CTA861_3
10-20 21:37:51.109 13579 13739 D skia    : SkJpegCodec::onGetPixels +
10-20 21:37:51.119 13579 13608 E IMGMapper: set:488 set: Unset optional value from type SMPTE2086
10-20 21:37:51.119 13579 13608 E IMGMapper: set:488 set: Unset optional value from type CTA861_3
10-20 21:37:51.127 13579 13739 D skia    : SkJpegCodec::onGetPixels -
10-20 21:37:51.130 13579 13667 D skia    : SkJpegCodec::onGetPixels +
10-20 21:37:51.133 13579 13608 E IMGMapper: set:488 set: Unset optional value from type SMPTE2086
10-20 21:37:51.133 13579 13608 E IMGMapper: set:488 set: Unset optional value from type CTA861_3
10-20 21:37:51.145  1483  4873 W ActivityManager: Background start not allowed: service Intent { act=com.whatsapp.messageservice.messaging.MessageService.START cmp=com.whatsapp/.messageservice.messaging.MessageService } to com.whatsapp/.messageservice.messaging.MessageService from pid=5964 uid=10250 pkg=com.whatsapp startFg?=false
10-20 21:37:51.146  5964  6078 I WM-WorkerWrapper: Worker result SUCCESS for Work [ id=2ccd6c8b-676d-4b46-9aa7-63e55e5e29f5, tags={ com.whatsapp.networkavailable.service.RestoreChatConnectionWorker } ]
10-20 21:37:51.147 13579 13667 D skia    : SkJpegCodec::onGetPixels -
10-20 21:37:51.150 13579 13608 E IMGMapper: set:488 set: Unset optional value from type SMPTE2086
10-20 21:37:51.150 13579 13608 E IMGMapper: set:488 set: Unset optional value from type CTA861_3
10-20 21:37:51.164 13579 13608 E IMGMapper: set:488 set: Unset optional value from type SMPTE2086
10-20 21:37:51.164 13579 13608 E IMGMapper: set:488 set: Unset optional value from type CTA861_3
10-20 21:37:51.185 13579 13608 E IMGMapper: set:488 set: Unset optional value from type SMPTE2086
10-20 21:37:51.185 13579 13608 E IMGMapper: set:488 set: Unset optional value from type CTA861_3
10-20 21:37:51.202 13579 13608 E IMGMapper: set:488 set: Unset optional value from type SMPTE2086
10-20 21:37:51.202 13579 13608 E IMGMapper: set:488 set: Unset optional value from type CTA861_3
10-20 21:37:51.205  1039  1039 I BufferQueueProducer: [com.cinemamovel/com.cinemamovel.MainActivity$_13579#506355](this:0xb400007a1f6e8838,id:-1,api:0,p:-1,c:1039) queueBuffer: fps=21.00 dur=1000.07 max=199.45 min=16.16
10-20 21:37:51.208   991  1074 I hwcomposer: [HWCDisplay] [Display_0 (type:1)] fps:20.988852,dur:1000.53,max:199.70,min:15.54  
10-20 21:37:51.217 13579 13608 E IMGMapper: set:488 set: Unset optional value from type SMPTE2086
10-20 21:37:51.217 13579 13608 E IMGMapper: set:488 set: Unset optional value from type CTA861_3
10-20 21:37:51.219  5964  5964 D WM-Processor: JGD 2ccd6c8b-676d-4b46-9aa7-63e55e5e29f5 executed; reschedule = false
10-20 21:37:51.219  5964  5964 D WM-GreedyScheduler: Stopping tracking for WorkGenerationalId(workSpecId=2ccd6c8b-676d-4b46-9aa7-63e55e5e29f5, generation=0)
10-20 21:37:51.219  5964  5964 D WM-SystemJobService: 2ccd6c8b-676d-4b46-9aa7-63e55e5e29f5 executed on JobScheduler
10-20 21:37:51.230  5964  6078 D WM-GreedyScheduler: Cancelling work ID 2ccd6c8b-676d-4b46-9aa7-63e55e5e29f5
10-20 21:37:51.236  5964  6076 D WM-NetworkStateTracker: Unregistering network callback
10-20 21:37:51.236  5964  6076 D ConnectivityManager: StackLog: [android.net.ConnectivityManager.unregisterNetworkCallback(ConnectivityManager.java:5076)] [X.HRq.A04(:20)] [X.K1j.invoke(:27)] [X.2l8.A00(:98)] [X.3EF.invokeSuspend(:10)] [X.0vz.resumeWith(:8)] [X.0wP.run(:98)] [X.HIQ.run(:2)] [java.util.concurrent.ThreadPoolExecutor.runWorker(ThreadPoolExecutor.java:1145)] [java.util.concurrent.ThreadPoolExecutor$Worker.run(ThreadPoolExecutor.java:644)] [java.lang.Thread.run(Thread.java:1012)]
10-20 21:37:51.238  1483  2385 D ConnectivityService:  Removing from current network [475 WIFI], leaving 141 requests.
10-20 21:37:51.239 13579 13608 E IMGMapper: set:488 set: Unset optional value from type SMPTE2086
10-20 21:37:51.239 13579 13608 E IMGMapper: set:488 set: Unset optional value from type CTA861_3
10-20 21:37:51.249 13579 13608 E IMGMapper: set:488 set: Unset optional value from type SMPTE2086
10-20 21:37:51.249 13579 13608 E IMGMapper: set:488 set: Unset optional value from type CTA861_3
10-20 21:37:51.266 13579 13608 E IMGMapper: set:488 set: Unset optional value from type SMPTE2086
10-20 21:37:51.266 13579 13608 E IMGMapper: set:488 set: Unset optional value from type CTA861_3
10-20 21:37:51.284 13579 13608 E IMGMapper: set:488 set: Unset optional value from type SMPTE2086
10-20 21:37:51.284 13579 13608 E IMGMapper: set:488 set: Unset optional value from type CTA861_3
10-20 21:37:51.300 13579 13608 E IMGMapper: set:488 set: Unset optional value from type SMPTE2086
10-20 21:37:51.300 13579 13608 E IMGMapper: set:488 set: Unset optional value from type CTA861_3
10-20 21:37:51.316 13579 13608 E IMGMapper: set:488 set: Unset optional value from type SMPTE2086
10-20 21:37:51.316 13579 13608 E IMGMapper: set:488 set: Unset optional value from type CTA861_3
10-20 21:37:51.332 13579 13608 E IMGMapper: set:488 set: Unset optional value from type SMPTE2086
10-20 21:37:51.333 13579 13608 E IMGMapper: set:488 set: Unset optional value from type CTA861_3
10-20 21:37:51.347 13579 13608 E IMGMapper: set:488 set: Unset optional value from type SMPTE2086
10-20 21:37:51.347 13579 13608 E IMGMapper: set:488 set: Unset optional value from type CTA861_3
10-20 21:37:51.365 13579 13608 E IMGMapper: set:488 set: Unset optional value from type SMPTE2086
10-20 21:37:51.365 13579 13608 E IMGMapper: set:488 set: Unset optional value from type CTA861_3
10-20 21:37:51.377  1483  4870 D InputDispatcher: Inject key (13747/2000): action=0, f=0x0, d=-1, time=2556468680000000
10-20 21:37:51.378  1483  4870 D WindowManager: interceptKeyTq interceptKeyResult=1
10-20 21:37:51.378  1483  1796 D PowerManagerService: [api] userActivityFromNative :  (event: 1 flags: 0 displayId: 0) eventTime = 2556468680
10-20 21:37:51.379  1483  1796 I InputDispatcher: Delivering key to (13579): action: 0x0 (0), f=0x0, m=0x0, d=0, 'e79635a'
10-20 21:37:51.379  5125  5125 I HBD     : b skip onKeyDown as physical keyboard not connected 
10-20 21:37:51.380  5125  5125 I HBD     : HoneyBoardService onKeyDown r:a6932d34 consumed:false 1 
10-20 21:37:51.381 13579 13579 I ViewRootImpl@8188eb8[MainActivity]: ViewPostIme key 0
10-20 21:37:51.382 13579 13608 E IMGMapper: set:488 set: Unset optional value from type SMPTE2086
10-20 21:37:51.382 13579 13608 E IMGMapper: set:488 set: Unset optional value from type CTA861_3
10-20 21:37:51.387 13579 13579 I IMM_LC  : hsifw() - flag : 0
10-20 21:37:51.387 13579 13579 I IMM_LC  : hsifw() - mService.hideSoftInput
10-20 21:37:51.388  1483  3183 D InputMethodManagerService: hideSoftInput
10-20 21:37:51.388  1483  3183 V InputMethodManagerService: Client requesting input be hidden
10-20 21:37:51.388  1483  3183 V InputMethodManagerService: hideCurrentInputLocked : canceled, shouldHideSoftInput=false, mInputShown=false, mImeWindowVis=0
10-20 21:37:51.388  1483  3183 I InputMethodBindingController: setCurrentMethodNotVisible: mVisibleBound=false, mHasConnection=true, caller = com.android.server.inputmethod.InputMethodManagerService.hideCurrentInputLocked:4356 com.android.server.inputmethod.InputMethodManagerService.hideSoftInput:4294 com.android.internal.view.IInputMethodManager$Stub.onTransact:488 com.android.server.inputmethod.InputMethodManagerService.onTransact:2302 android.os.Binder.execTransactInternal:1316 android.os.Binder.execTransact:1280 <bottom of call stack> <bottom of call stack> <bottom of call stack> <bottom of call stack> 
10-20 21:37:51.390  1483  4870 D InputDispatcher: Inject key (13747/2000): action=1, f=0x0, d=-1, time=2556468680000000
10-20 21:37:51.391  1483  4870 D WindowManager: interceptKeyTq interceptKeyResult=1
10-20 21:37:51.392  1483  1796 I InputDispatcher: Delivering key to (13579): action: 0x1 (0), f=0x0, m=0x0, d=0, 'e79635a'
10-20 21:37:51.396  5125  5125 I HBD     : HoneyBoardService onKeyUp r:de22a7a5 consumed:false 0 
10-20 21:37:51.397 13579 13579 I ViewRootImpl@8188eb8[MainActivity]: ViewPostIme key 1
10-20 21:37:51.399 13579 13579 I IMM_LC  : hsifw() - flag : 0
10-20 21:37:51.399 13579 13579 I IMM_LC  : hsifw() - mService.hideSoftInput
10-20 21:37:51.399  1483  3183 D InputMethodManagerService: hideSoftInput
10-20 21:37:51.399  1483  3183 V InputMethodManagerService: Client requesting input be hidden
10-20 21:37:51.399  1483  3183 V InputMethodManagerService: hideCurrentInputLocked : canceled, shouldHideSoftInput=false, mInputShown=false, mImeWindowVis=0
10-20 21:37:51.400  1483  3183 I InputMethodBindingController: setCurrentMethodNotVisible: mVisibleBound=false, mHasConnection=true, caller = com.android.server.inputmethod.InputMethodManagerService.hideCurrentInputLocked:4356 com.android.server.inputmethod.InputMethodManagerService.hideSoftInput:4294 com.android.internal.view.IInputMethodManager$Stub.onTransact:488 com.android.server.inputmethod.InputMethodManagerService.onTransact:2302 android.os.Binder.execTransactInternal:1316 android.os.Binder.execTransact:1280 <bottom of call stack> <bottom of call stack> <bottom of call stack> <bottom of call stack> 
10-20 21:37:51.401 13579 13608 E IMGMapper: set:488 set: Unset optional value from type SMPTE2086
10-20 21:37:51.401 13579 13608 E IMGMapper: set:488 set: Unset optional value from type CTA861_3
10-20 21:37:51.416 13579 13608 E IMGMapper: set:488 set: Unset optional value from type SMPTE2086
10-20 21:37:51.416 13579 13608 E IMGMapper: set:488 set: Unset optional value from type CTA861_3
10-20 21:37:51.430 13579 13608 E IMGMapper: set:488 set: Unset optional value from type SMPTE2086
10-20 21:37:51.430 13579 13608 E IMGMapper: set:488 set: Unset optional value from type CTA861_3
10-20 21:37:51.449 13579 13608 E IMGMapper: set:488 set: Unset optional value from type SMPTE2086
10-20 21:37:51.450 13579 13608 E IMGMapper: set:488 set: Unset optional value from type CTA861_3
10-20 21:37:51.466 13579 13608 E IMGMapper: set:488 set: Unset optional value from type SMPTE2086
10-20 21:37:51.467 13579 13608 E IMGMapper: set:488 set: Unset optional value from type CTA861_3
10-20 21:37:51.483 13579 13608 E IMGMapper: set:488 set: Unset optional value from type SMPTE2086
10-20 21:37:51.483 13579 13608 E IMGMapper: set:488 set: Unset optional value from type CTA861_3
10-20 21:37:51.503 22803 22803 W fbservices-stub:InitStatus: Not blocking Service (190648627)
10-20 21:37:51.503 22803 22803 W fbservices-stub:InitStatus: Not blocking Service (190648627)
10-20 21:37:51.513  2521  2618 D MobileStatusTracker(0/2): onSignalStrengthsChanged level=3, vendorLevel=3
10-20 21:37:51.514  5964  6076 D WM-SystemJobScheduler: Scheduling work ID 1fe75f70-2914-4244-a9be-4e6a307ca0deJob ID 668430
10-20 21:37:51.516  2521  2618 D MobileSignalController(0/2): notifyListener: enabled=true, connected=true, dataConnected=true, networkType=LTE (4G), emergencyOnly=false, roaming=false, isDefault=false, dataActivity=, level=3, ca=false, mmWave=false, disabledDataIcon=false, simCard=ETC
10-20 21:37:51.516  2521  2618 D NetworkController: SignalStrength from intent slotId=0
10-20 21:37:51.520  1483  4870 I ActivityManager: Changes in 10250 8 to 8, 0 to 8
10-20 21:37:51.522  1483  1571 E AppOps  : evalMode() Foreground mode : uid - 10250, op - 27, capability - 8
10-20 21:37:51.522 23059 28924 I dvns    : (REDACTED) appOpsListener %s %s
10-20 21:37:51.522  1483  1571 E AppOps  : evalMode() Foreground mode : uid - 10250, op - 26, capability - 8
10-20 21:37:51.522  1483  1571 E AppOps  : evalMode() Foreground mode : uid - 10250, op - 1, capability - 8
10-20 21:37:51.522 23059 28924 I dvns    : (REDACTED) Ignoring irrelevant audio permission changes for package %s
10-20 21:37:51.529  5964  5964 D WM-SystemJobService: onStartJob for WorkGenerationalId(workSpecId=1fe75f70-2914-4244-a9be-4e6a307ca0de, generation=0)
10-20 21:37:51.535  5964  6076 D WM-GreedyScheduler: Starting tracking for 1fe75f70-2914-4244-a9be-4e6a307ca0de
10-20 21:37:51.545  2486  2486 I WifiHAL : Get link layer stats
10-20 21:37:51.545  2486  2486 I WifiHAL : GetLinkStatsCommand::create
10-20 21:37:51.545  2486  2486 D android.hardware.wifi@1.0-service-lazy: WifiRequest::create vendor command to iface 38, vendor_id=0x1a11, subcmd=0x1200, res=0
10-20 21:37:51.545  2486  2486 I android.hardware.wifi@1.0-service-lazy: WifiCommand::requestResponse err=-95
10-20 21:37:51.545  2486  2486 I WifiHAL : wifi_get_link_stats: result=-3
10-20 21:37:51.546  1483  2363 E WifiVendorHal: getWifiLinkLayerStats_1_5_Internal(l.1179) failed {.code = ERROR_NOT_SUPPORTED, .description = }
10-20 21:37:51.549   999   999 D IMGMemtrackHAL: hal_get_memory: memtrack cache rebuild was required
10-20 21:37:51.553  5964  6081 D WM-Processor: JGD: processing WorkGenerationalId(workSpecId=1fe75f70-2914-4244-a9be-4e6a307ca0de, generation=0)
10-20 21:37:51.555  1483  3390 D SemWifiUsabilityStatsMonitor: onWifiUsabilityStats - seqNum 545125, isSameBssidAndFreq true
10-20 21:37:51.556  1483  4873 D PackageManager: setEnabledSetting : userId = 0 packageName = com.facebook.services cmp = com.facebook.oxygen.services.fbns.RegisteredMqttSystemBroadcastReceiver newState = 1 callingPackage = 10108/com.facebook.services
10-20 21:37:51.556  1483  2437 I SemWifiLinkQualityMonitor: Link Qos query: inf. ms / 0 Mbps
10-20 21:37:51.558  1483  4873 D ApplicationPolicy: getApplicationStateEnabled : pkg = com.facebook.services userId : 0
10-20 21:37:51.559  1483  4873 D ApplicationPolicy: getApplicationComponentState : pkg = com.facebook.services userId : 0
10-20 21:37:51.566  1483  1483 D EdgeLightingManager: isCallingUserSupported : callingUserId=0, mUserId=0, isDualAppId=false, isKnoxId=false
10-20 21:37:51.566  1483  1483 D EdgeLightingManager: hideForNotification : packageName = com.whatsapp
10-20 21:37:51.566  1483  1483 D EdgeLightingPolicyManager:NotificationGroup: remove : sbn : StatusBarNotification(pkg=com.whatsapp user=UserHandle{0} id=1 tag=NrEkRZN4asMMHfvpD3nFUz0J6O/RsT+hb3erzx4BUAk=
10-20 21:37:51.566  1483  1483 D EdgeLightingPolicyManager:NotificationGroup:  key=0|com.whatsapp|1|NrEkRZN4asMMHfvpD3nFUz0J6O/RsT+hb3erzx4BUAk=
10-20 21:37:51.566  1483  1483 D EdgeLightingPolicyManager:NotificationGroup: |10250: Notification(channel=individual_chat_defaults_4 shortcut=558588869321@s.whatsapp.net contentView=null vibrate=null sound=null defaults=0x0 flags=0x8 color=0xff21c063 groupKey=group_key_messages sortKey=1 actions=3 vis=PRIVATE publicVersion=Notification(channel=null shortcut=null contentView=null vibrate=null sound=null defaults=0x0 flags=0x0 color=0xff21c063 category=msg vis=PRIVATE semFlags=0x0 semPriority=0 semMissedCount=0) semFlags=0x0 semPriority=0 semMissedCount=0))
10-20 21:37:51.566  1483  1483 D EdgeLightingPolicyManager.NotificationGroup: group key = 0|com.android.phone|g:VOICE_MAIL_GROUP_KEY ,value= summary : null , child : 1key = 0|com.android.phone|3|null|1001 , value =  NotificationData { tag= null } , } 
10-20 21:37:51.567  1483  1483 D EdgeLightingPolicyManager.NotificationGroup: group key = 0|com.shopee.br|g:0 ,value= summary :  NotificationData { tag= null }  , child : 1key = 0|com.shopee.br|68871035|null|10899 , value =  NotificationData { tag= null } , } 
10-20 21:37:51.567  1483  1483 D EdgeLightingPolicyManager.NotificationGroup: group key = 0|com.ubercab|18|null|10253 ,value= summary : null , child : 1key = 0|com.ubercab|18|null|10253 , value =  NotificationData { tag= null } , } 
10-20 21:37:51.567  1483  1483 D EdgeLightingPolicyManager.NotificationGroup: group key = 0|com.ubercab|20|null|10253 ,value= summary : null , child : 1key = 0|com.ubercab|20|null|10253 , value =  NotificationData { tag= null } , } 
10-20 21:37:51.567  1483  1483 D EdgeLightingPolicyManager.NotificationGroup: group key = 0|com.ubercab|3|cbd71e22-cf18-4ac3-b859-94fe161aa8aa|10253 ,value= summary : null , child : 1key = 0|com.ubercab|3|cbd71e22-cf18-4ac3-b859-94fe161aa8aa|10253 , value =  NotificationData { tag= cbd71e22-cf18-4ac3-b859-94fe161aa8aa } , } 
10-20 21:37:51.567  1483  1483 D EdgeLightingPolicyManager.NotificationGroup: group key = 0|com.whatsapp|g:otp_notification_group ,value= summary : null , child : 1key = 0|com.whatsapp|1|NC/hzt/wWN9AJdemPfucXuRbaHT17KXOzoGGNJB9quY=
10-20 21:37:51.567  1483  1483 D EdgeLightingPolicyManager.NotificationGroup: |10250 , value =  NotificationData { tag= NC/hzt/wWN9AJdemPfucXuRbaHT17KXOzoGGNJB9quY=
10-20 21:37:51.567  1483  1483 D EdgeLightingPolicyManager.NotificationGroup:  } , } 
10-20 21:37:51.567  1483  1483 D EdgeLightingPolicyManager.NotificationGroup: group key = 0|com.ubercab|3|e5fd6883-e101-48f1-bdd1-217744ae6e0c|10253 ,value= summary : null , child : 1key = 0|com.ubercab|3|e5fd6883-e101-48f1-bdd1-217744ae6e0c|10253 , value =  NotificationData { tag= e5fd6883-e101-48f1-bdd1-217744ae6e0c } , } 
10-20 21:37:51.567  1483  1483 D EdgeLightingManager: hideForNotification : isOngoing is false
10-20 21:37:51.568  1483  1483 D EdgeLightingManager: isCallingUserSupported : callingUserId=0, mUserId=0, isDualAppId=false, isKnoxId=false
10-20 21:37:51.568  1483  1483 D EdgeLightingManager: hideForNotification : packageName = com.whatsapp
10-20 21:37:51.569  1483  1483 D EdgeLightingPolicyManager:NotificationGroup: remove : sbn : StatusBarNotification(pkg=com.whatsapp user=UserHandle{0} id=1 tag=null key=0|com.whatsapp|1|null|10250: Notification(channel=individual_chat_defaults_4 shortcut=558588869321@s.whatsapp.net contentView=null vibrate=null sound=null tick defaults=0x0 flags=0x200 color=0xff21c063 category=msg groupKey=group_key_messages vis=PRIVATE publicVersion=Notification(channel=null shortcut=null contentView=null vibrate=null sound=null defaults=0x0 flags=0x0 color=0xff21c063 category=msg vis=PRIVATE semFlags=0x0 semPriority=0 semMissedCount=0) semFlags=0x2008 semPriority=0 semMissedCount=0))
10-20 21:37:51.569  1483  1483 D EdgeLightingPolicyManager.NotificationGroup: group key = 0|com.android.phone|g:VOICE_MAIL_GROUP_KEY ,value= summary : null , child : 1key = 0|com.android.phone|3|null|1001 , value =  NotificationData { tag= null } , } 
10-20 21:37:51.569  1483  1483 D EdgeLightingPolicyManager.NotificationGroup: group key = 0|com.shopee.br|g:0 ,value= summary :  NotificationData { tag= null }  , child : 1key = 0|com.shopee.br|68871035|null|10899 , value =  NotificationData { tag= null } , } 
10-20 21:37:51.569  1483  1483 D EdgeLightingPolicyManager.NotificationGroup: group key = 0|com.ubercab|18|null|10253 ,value= summary : null , child : 1key = 0|com.ubercab|18|null|10253 , value =  NotificationData { tag= null } , } 
10-20 21:37:51.569  1483  1483 D EdgeLightingPolicyManager.NotificationGroup: group key = 0|com.ubercab|20|null|10253 ,value= summary : null , child : 1key = 0|com.ubercab|20|null|10253 , value =  NotificationData { tag= null } , } 
10-20 21:37:51.569  1483  1483 D EdgeLightingPolicyManager.NotificationGroup: group key = 0|com.ubercab|3|cbd71e22-cf18-4ac3-b859-94fe161aa8aa|10253 ,value= summary : null , child : 1key = 0|com.ubercab|3|cbd71e22-cf18-4ac3-b859-94fe161aa8aa|10253 , value =  NotificationData { tag= cbd71e22-cf18-4ac3-b859-94fe161aa8aa } , } 
10-20 21:37:51.569  1483  1483 D EdgeLightingPolicyManager.NotificationGroup: group key = 0|com.whatsapp|g:otp_notification_group ,value= summary : null , child : 1key = 0|com.whatsapp|1|NC/hzt/wWN9AJdemPfucXuRbaHT17KXOzoGGNJB9quY=
10-20 21:37:51.569  1483  1483 D EdgeLightingPolicyManager.NotificationGroup: |10250 , value =  NotificationData { tag= NC/hzt/wWN9AJdemPfucXuRbaHT17KXOzoGGNJB9quY=
10-20 21:37:51.569  1483  1483 D EdgeLightingPolicyManager.NotificationGroup:  } , } 
10-20 21:37:51.569  1483  1483 D EdgeLightingPolicyManager.NotificationGroup: group key = 0|com.ubercab|3|e5fd6883-e101-48f1-bdd1-217744ae6e0c|10253 ,value= summary : null , child : 1key = 0|com.ubercab|3|e5fd6883-e101-48f1-bdd1-217744ae6e0c|10253 , value =  NotificationData { tag= e5fd6883-e101-48f1-bdd1-217744ae6e0c } , } 
10-20 21:37:51.569  1483  1483 D EdgeLightingManager: hideForNotification : isOngoing is false
10-20 21:37:51.571  1483  1483 D CompatibilityChangeReporter: Compat change id reported: 175319604; UID 1000; state: ENABLED
10-20 21:37:51.574  1483  1483 D CompatibilityChangeReporter: Compat change id reported: 195579280; UID 1000; state: ENABLED
10-20 21:37:51.579  2521  2521 D BubblesManager: setupNotifPipeline(), onEntryRemoved : reason=8
10-20 21:37:51.580  1483  1483 D NotificationReminder: removeFromNotiList record com.whatsapp
10-20 21:37:51.581  2521  2618 D PeopleSpaceWidgetMgr: No app widget ids returned
10-20 21:37:51.582  1483  1483 D NotificationReminder: removeFromNotiList record com.whatsapp
10-20 21:37:51.583  2521  2521 D BubblesManager: setupNotifPipeline(), onEntryRemoved : reason=23
10-20 21:37:51.584  2521  2618 D PeopleSpaceWidgetMgr: No app widget ids returned
10-20 21:37:51.584  5964  6068 D WM-ConstraintTracker: HRq: initial state = NetworkState(isConnected=true, isValidated=true, isMetered=false, isNotRoaming=true)
10-20 21:37:51.584  5964  6068 D WM-NetworkStateTracker: Registering network callback
10-20 21:37:51.585  5964  6068 D ConnectivityManager: StackLog: [android.net.ConnectivityManager.sendRequestForNetwork(ConnectivityManager.java:4402)] [android.net.ConnectivityManager.registerDefaultNetworkCallbackForUid(ConnectivityManager.java:4966)] [android.net.ConnectivityManager.registerDefaultNetworkCallback(ConnectivityManager.java:4933)] [android.net.ConnectivityManager.registerDefaultNetworkCallback(ConnectivityManager.java:4907)] [X.HRq.A03(:20)] [androidx.work.impl.constraints.controllers.BaseConstraintController$track$1.invokeSuspend(:81)] [androidx.work.impl.constraints.controllers.BaseConstraintController$track$1.invoke(:8)] [X.48O.A00(:2)] [X.48M.A00(:52)] [X.3TF.invokeSuspend(:26)] [X.0vz.resumeWith(:8)] [X.0wP.run(:89)] [X.HIQ.run(:2)] [java.util.concurrent.ThreadPoolExecutor.runWorker(ThreadPoolExecutor.java:1145)] [java.util.concurrent.ThreadPoolExecutor$Worker.run(ThreadPoolExecutor.java:644)] [java.lang.Thread.run(Thread.java:1012)]
10-20 21:37:51.587  1483  4825 D ConnectivityService: requestNetwork for uid/pid:10250/5964 activeRequest: null callbackRequest: 165626 [NetworkRequest [ REQUEST id=165627, [ Capabilities: INTERNET&NOT_RESTRICTED&TRUSTED&NOT_VCN_MANAGED Uid: 10250 RequestorUid: 10250 RequestorPkg: com.whatsapp UnderlyingNetworks: Null] ]] callback flags: 0 order: 2147483647
10-20 21:37:51.589  1483  2385 D ConnectivityService:    accepting network in place of null for NetworkRequest [ REQUEST id=165627, [ Capabilities: INTERNET&NOT_RESTRICTED&TRUSTED&NOT_VCN_MANAGED Uid: 10250 RequestorUid: 10250 RequestorPkg: com.whatsapp UnderlyingNetworks: Null] ]
10-20 21:37:51.591  2521  2521 D PluginInstanceManager: stopListening
10-20 21:37:51.592  5964  6068 D WM-GreedyScheduler: Constraints met: Scheduling work ID WorkGenerationalId(workSpecId=1fe75f70-2914-4244-a9be-4e6a307ca0de, generation=0)
10-20 21:37:51.593  1483  2363 D WifiNetworkFactory: got request NetworkRequest [ REQUEST id=165627, [ Capabilities: INTERNET&NOT_RESTRICTED&TRUSTED&NOT_VCN_MANAGED Uid: 10250 RequestorUid: 10250 RequestorPkg: com.whatsapp UnderlyingNetworks: Null] ]
10-20 21:37:51.593  5964  5964 D WM-WorkerWrapper: Starting work for com.whatsapp.messaging.xmpp.XmppLifecycleWorker
10-20 21:37:51.594  1483  2363 D UntrustedWifiNetworkFactory: got request NetworkRequest [ REQUEST id=165627, [ Capabilities: INTERNET&NOT_RESTRICTED&TRUSTED&NOT_VCN_MANAGED Uid: 10250 RequestorUid: 10250 RequestorPkg: com.whatsapp UnderlyingNetworks: Null] ]
10-20 21:37:51.595  1483  2363 D OemPaidWifiNetworkFactory: got request NetworkRequest [ REQUEST id=165627, [ Capabilities: INTERNET&NOT_RESTRICTED&TRUSTED&NOT_VCN_MANAGED Uid: 10250 RequestorUid: 10250 RequestorPkg: com.whatsapp UnderlyingNetworks: Null] ]
10-20 21:37:51.595  1483  2363 D MultiInternetWifiNetworkFactory: got request NetworkRequest [ REQUEST id=165627, [ Capabilities: INTERNET&NOT_RESTRICTED&TRUSTED&NOT_VCN_MANAGED Uid: 10250 RequestorUid: 10250 RequestorPkg: com.whatsapp UnderlyingNetworks: Null] ]
10-20 21:37:51.596  5964  6068 D WM-Processor: Work WorkGenerationalId(workSpecId=1fe75f70-2914-4244-a9be-4e6a307ca0de, generation=0) is already enqueued for processing
