10-20 21:37:51.596  2521  2521 I FaceWidgetPositionAlgorithm: getClockContainerHeight() supplier = 193, bottom margin = 0, real height = 238
10-20 21:37:51.596  2521  2521 I FaceWidgetPositionAlgorithm: getClockContainerHeight() supplier = 193, bottom margin = 45, real height = 238
10-20 21:37:51.597  2521  2521 I FaceWidgetPositionAlgorithm: getMediaContainerHeight() height = 326 container Visibility = 8, isValid = false, mIsDozing = false, fraction = 1.0, source = 0, target = 0
10-20 21:37:51.597  2521  2521 I FaceWidgetPositionAlgorithm: getMediaContainerHeight() supplier = 0
10-20 21:37:51.598  1483  2385 D ConnectivityService: Rematched networks [computed 1ms] [applied 3ms] [issued 6]
10-20 21:37:51.598  1483  2385 D ConnectivityService: NetworkReassignment :
10-20 21:37:51.598  1483  2385 D ConnectivityService:   165627 : null → 475
10-20 21:37:51.600  5964  6094 D WM-NetworkStateTracker: Network capabilities changed: [ Transports: WIFI Capabilities: NOT_METERED&INTERNET&NOT_RESTRICTED&TRUSTED&NOT_VPN&VALIDATED&NOT_ROAMING&FOREGROUND&NOT_CONGESTED&NOT_SUSPENDED&NOT_VCN_MANAGED LinkUpBandwidth>=12000Kbps LinkDnBandwidth>=30000Kbps TransportInfo: <SSID: <unknown ssid>, BSSID: 02:00:00:00:00:00, MAC: 02:00:00:00:00:00, IP: /10.0.0.112, Security type: 2, Supplicant state: COMPLETED, Wi-Fi standard: 4, RSSI: -67, Link speed: 39Mbps, Tx Link speed: 39Mbps, Max Supported Tx Link speed: 72Mbps, Rx Link speed: 39Mbps, Max Supported Rx Link speed: 72Mbps, Frequency: 2437MHz, Net ID: -1, Metered hint: false, score: 60, isUsable: true, CarrierMerged: false, SubscriptionId: -1, IsPrimary: -1, Trusted: true, Restricted: false, Ephemeral: false, OEM paid: false, OEM private: false, OSU AP: false, FQDN: <none>, Provider friendly name: <none>, Requesting package name: <none><none>MLO Information: , AP MLD Address: <none>, AP MLO Link Id: <none>, AP MLO Affiliated links: <none>> SignalStrength: -67 UnderlyingNetworks: Null]
10-20 21:37:51.609  2521  2605 E IMGMapper: set:488 set: Unset optional value from type SMPTE2086
10-20 21:37:51.609  2521  2605 E IMGMapper: set:488 set: Unset optional value from type CTA861_3
10-20 21:37:51.621  1039  1039 I BufferQueueProducer: [StatusBar$_2521#94](this:0xb400007a3dae1838,id:-1,api:0,p:-1,c:1039) queueBuffer: fps=0.11 dur=9071.12 max=9071.12 min=9071.12
10-20 21:37:51.628  2521  2605 E IMGMapper: set:488 set: Unset optional value from type SMPTE2086
10-20 21:37:51.628  2521  2605 E IMGMapper: set:488 set: Unset optional value from type CTA861_3
10-20 21:37:51.644  2521  2605 E IMGMapper: set:488 set: Unset optional value from type SMPTE2086
10-20 21:37:51.644  2521  2605 E IMGMapper: set:488 set: Unset optional value from type CTA861_3
10-20 21:37:51.659  2521  2605 E IMGMapper: set:488 set: Unset optional value from type SMPTE2086
10-20 21:37:51.659  2521  2605 E IMGMapper: set:488 set: Unset optional value from type CTA861_3
10-20 21:37:51.676  2521  2605 E IMGMapper: set:488 set: Unset optional value from type SMPTE2086
10-20 21:37:51.676  2521  2605 E IMGMapper: set:488 set: Unset optional value from type CTA861_3
10-20 21:37:51.693  2521  2605 E IMGMapper: set:488 set: Unset optional value from type SMPTE2086
10-20 21:37:51.693  2521  2605 E IMGMapper: set:488 set: Unset optional value from type CTA861_3
10-20 21:37:51.703  8408  8408 I BadgeCountReceiver: badge intent : Intent { act=android.intent.action.BADGE_COUNT_UPDATE flg=0x1000010 cmp=com.sec.android.provider.badge/.BadgeCountReceiver (has extras) }
10-20 21:37:51.703  8408  8408 I BadgeCountReceiver: packageName: com.whatsapp, className: com.whatsapp.Main, count: 0
10-20 21:37:51.710  2521  2605 E IMGMapper: set:488 set: Unset optional value from type SMPTE2086
10-20 21:37:51.710  2521  2605 E IMGMapper: set:488 set: Unset optional value from type CTA861_3
10-20 21:37:51.710  3014  3014 I BadgeCountUpdaterImpl: onChange
10-20 21:37:51.714  3014  3014 I BadgeCountUpdaterImpl: onChange
10-20 21:37:51.714  8408  8408 I BadgeProvider: sendNotify entered. [uri] : content://com.sec.badge/apps
10-20 21:37:51.714  8408  8408 I BadgeProvider: sendNotify, [notify] : null
10-20 21:37:51.715  8408  8408 I BadgeProvider: update, getCallingPackage() : com.sec.android.provider.badge
10-20 21:37:51.715  8408  8408 I BadgeProvider: update, [uri] : content://com.sec.badge/apps
10-20 21:37:51.715  8408  8408 I BadgeProvider: update, [uri.query] : null
10-20 21:37:51.715  8408  8408 I BadgeProvider: update, [BadgeCount] : badgecount=0
10-20 21:37:51.715  8408  8408 I BadgeProvider: update, [UpdateCount] : 1
10-20 21:37:51.718  1483  4825 D CompatibilityChangeReporter: Compat change id reported: 135634846; UID 10023; state: DISABLED
10-20 21:37:51.718  1483  4825 D CompatibilityChangeReporter: Compat change id reported: 177438394; UID 10023; state: DISABLED
10-20 21:37:51.718  1483  4825 D CompatibilityChangeReporter: Compat change id reported: 135772972; UID 10023; state: DISABLED
10-20 21:37:51.718  1483  4825 D CompatibilityChangeReporter: Compat change id reported: 135754954; UID 10023; state: ENABLED
10-20 21:37:51.719  1483  1559 D CompatibilityChangeReporter: Compat change id reported: 143937733; UID 10023; state: ENABLED
10-20 21:37:51.728  2521  2605 E IMGMapper: set:488 set: Unset optional value from type SMPTE2086
10-20 21:37:51.728  2521  2605 E IMGMapper: set:488 set: Unset optional value from type CTA861_3
10-20 21:37:51.743  2521  2605 E IMGMapper: set:488 set: Unset optional value from type SMPTE2086
10-20 21:37:51.743  2521  2605 E IMGMapper: set:488 set: Unset optional value from type CTA861_3
10-20 21:37:51.743   975   975 D Zygote  : Forked child process 13764
10-20 21:37:51.745  1483  1559 I ActivityManager: Start proc 13764:com.opera.max.global/u0a23 for broadcast {com.opera.max.global/com.opera.max.webapps.WebAppBadges$BadgeReceiver}
10-20 21:37:51.759  2521  2605 E IMGMapper: set:488 set: Unset optional value from type SMPTE2086
10-20 21:37:51.759  2521  2605 E IMGMapper: set:488 set: Unset optional value from type CTA861_3
10-20 21:37:51.775  2521  2605 E IMGMapper: set:488 set: Unset optional value from type SMPTE2086
10-20 21:37:51.775  2521  2605 E IMGMapper: set:488 set: Unset optional value from type CTA861_3
10-20 21:37:51.793 13764 13764 I pera.max.global: Using CollectorTypeCC GC.
10-20 21:37:51.795  2521  2605 E IMGMapper: set:488 set: Unset optional value from type SMPTE2086
10-20 21:37:51.796  2521  2605 E IMGMapper: set:488 set: Unset optional value from type CTA861_3
10-20 21:37:51.802 13764 13764 E pera.max.global: Not starting debugger since process cannot load the jdwp agent.
10-20 21:37:51.809  2521  2605 E IMGMapper: set:488 set: Unset optional value from type SMPTE2086
10-20 21:37:51.810  2521  2605 E IMGMapper: set:488 set: Unset optional value from type CTA861_3
10-20 21:37:51.817 13764 13764 D ActivityThread: setConscryptValidator
10-20 21:37:51.817 13764 13764 D ActivityThread: setConscryptValidator - put
10-20 21:37:51.827  1483  4870 D CompatibilityChangeReporter: Compat change id reported: 168419799; UID 10023; state: DISABLED
10-20 21:37:51.830  1483  4870 D CompatibilityChangeReporter: Compat change id reported: 181136395; UID 10976; state: DISABLED
10-20 21:37:51.830  1483  4870 D CompatibilityChangeReporter: Compat change id reported: 174042936; UID 10976; state: DISABLED
10-20 21:37:51.838 13764 13764 D CompatibilityChangeReporter: Compat change id reported: 171979766; UID 10023; state: ENABLED
10-20 21:37:51.886 13764 13764 D nativeloader: Configuring clns-4 for other apk /data/app/~~p-YB5w_KE65D53J5yABnsQ==/com.opera.max.global-2wl7Bi-kJazoisVQvR5WoA==/base.apk. target_sdk_version=34, uses_libraries=, library_path=/data/app/~~p-YB5w_KE65D53J5yABnsQ==/com.opera.max.global-2wl7Bi-kJazoisVQvR5WoA==/lib/arm64:/data/app/~~p-YB5w_KE65D53J5yABnsQ==/com.opera.max.global-2wl7Bi-kJazoisVQvR5WoA==/base.apk!/lib/arm64-v8a, permitted_path=/data:/mnt/expand:/data/user/0/com.opera.max.global
10-20 21:37:51.894 13579 13608 E IMGMapper: set:488 set: Unset optional value from type SMPTE2086
10-20 21:37:51.894 13579 13608 E IMGMapper: set:488 set: Unset optional value from type CTA861_3
10-20 21:37:51.915  3014  3326 I BadgeCountUpdaterImpl: reload badge without refresh
10-20 21:37:51.917  1483  4870 I ActivityManager: Changes in 10079 19 to 5, 0 to 8
10-20 21:37:51.922 13764 13764 V GraphicsEnvironment: ANGLE Developer option for 'com.opera.max.global' set to: 'default'
10-20 21:37:51.923 13764 13764 V GraphicsEnvironment: ANGLE GameManagerService for com.opera.max.global: false
10-20 21:37:51.923 13764 13764 V GraphicsEnvironment: Neither updatable production driver nor prerelease driver is supported.
10-20 21:37:51.929 13764 13764 D NetworkSecurityConfig: Using Network Security Config from resource network_security_config debugBuild: false
10-20 21:37:51.929  8408 13022 I BadgeProvider: query, [selection] : null
10-20 21:37:51.935 13764 13764 D NetworkSecurityConfig: Using Network Security Config from resource network_security_config debugBuild: false
10-20 21:37:51.938  3014  3326 I BadgeCache: update cache : com.whatsapp user : UserHandle{0}  count : 0
10-20 21:37:51.945 13764 13764 D CompatibilityChangeReporter: Compat change id reported: 183155436; UID 10023; state: ENABLED
10-20 21:37:51.954  3014  3326 I BadgeCache: reloadBadge size : 1
10-20 21:37:52.046  1483  1583 D PowerManagerService: UserActivityStateListenerState: 0
10-20 21:37:52.071 13764 13790 W pera.max.global: ClassLoaderContext classpath size mismatch. expected=15, found=0 (DLC[];PCL[base.apk*2479986885:base.apk!classes2.dex*606712081:base.apk!classes3.dex*2314631990:base.apk!classes4.dex*164076386:base.apk!classes5.dex*516248676:base.apk!classes6.dex*158423540:base.apk!classes7.dex*3251070457:base.apk!classes8.dex*1030935092:base.apk!classes9.dex*370333312:base.apk!classes10.dex*374868216:base.apk!classes11.dex*1828118786:base.apk!classes12.dex*178574977:base.apk!classes13.dex*954452473:base.apk!classes14.dex*2684057422:base.apk!classes15.dex*3539920651]{PCL[/system/framework/org.apache.http.legacy.jar*1871818340]#PCL[/system/framework/com.android.media.remotedisplay.jar*3886290639]#PCL[/system/framework/com.android.location.provider.jar*3868789108]#PCL[/system/framework/org.apache.http.legacy.jar*1871818340]} | DLC[];PCL[])
10-20 21:37:52.086  4881  7366 I AppsEdge.Badge: getBadgeIconType 0
10-20 21:37:52.092  8408 13022 I BadgeProvider: query, [selection] : null
10-20 21:37:52.097  4881  7366 I AppsEdge.Badge: key=com.shopee.br:0 count=1
10-20 21:37:52.097  4881  7366 I AppsEdge.Badge: key=com.google.android.gms:0 count=1
10-20 21:37:52.097  4881  7366 I AppsEdge.Badge: key=com.android.phone:0 count=1
10-20 21:37:52.141  1205  1205 I thermal_repeater: socket -1
10-20 21:37:52.145  1483  4870 D CompatibilityChangeReporter: Compat change id reported: 161145287; UID 10023; state: DISABLED
10-20 21:37:52.146  1483  3183 I GenerationRegistry: mBackingStore.isClosed() : false
10-20 21:37:52.155 13764 13790 W System  : ClassLoader referenced unknown path: 
10-20 21:37:52.155 13764 13790 D nativeloader: Configuring clns-5 for other apk . target_sdk_version=36, uses_libraries=, library_path=/data/app/~~kT1-m3EPBUgdDrDBHorI3g==/com.google.android.gms-NnWHIFhoO_T_ox9-pI77pw==/lib/arm64:/data/app/~~kT1-m3EPBUgdDrDBHorI3g==/com.google.android.gms-NnWHIFhoO_T_ox9-pI77pw==/base.apk!/lib/arm64-v8a, permitted_path=/data:/mnt/expand:/data/user/0/com.google.android.gms
10-20 21:37:52.185 13764 13792 D libcrashlytics: Initializing libcrashlytics version 3.2.0
10-20 21:37:52.190 13764 13790 W pera.max.global: ClassLoaderContext classpath size mismatch. expected=15, found=2 (DLC[];PCL[base.apk*2479986885:base.apk!classes2.dex*606712081:base.apk!classes3.dex*2314631990:base.apk!classes4.dex*164076386:base.apk!classes5.dex*516248676:base.apk!classes6.dex*158423540:base.apk!classes7.dex*3251070457:base.apk!classes8.dex*1030935092:base.apk!classes9.dex*370333312:base.apk!classes10.dex*374868216:base.apk!classes11.dex*1828118786:base.apk!classes12.dex*178574977:base.apk!classes13.dex*954452473:base.apk!classes14.dex*2684057422:base.apk!classes15.dex*3539920651]{PCL[/system/framework/org.apache.http.legacy.jar*1871818340]#PCL[/system/framework/com.android.media.remotedisplay.jar*3886290639]#PCL[/system/framework/com.android.location.provider.jar*3868789108]#PCL[/system/framework/org.apache.http.legacy.jar*1871818340]} | DLC[];PCL[/data/app/~~p-YB5w_KE65D53J5yABnsQ==/com.opera.max.global-2wl7Bi-kJazoisVQvR5WoA==/base.apk*2772872220:/data/app/~~p-YB5w_KE65D53J5yABnsQ==/com.opera.max.global-2wl7Bi-kJazoisVQvR5WoA==/base.apk!classes2.dex*1283025598])
10-20 21:37:52.264 13764 13792 D libcrashlytics: Initializing native crash handling successful.
10-20 21:37:52.285  1483  4870 D PackageManager: setEnabledSetting : userId = 0 packageName = com.opera.max.global cmp = com.opera.max.global.sdk.quicksettings.QuickSettingsServiceNMobileSavings newState = 0 callingPackage = 10023/com.opera.max.global
10-20 21:37:52.287  1483  4870 D ApplicationPolicy: getApplicationStateEnabled : pkg = com.opera.max.global userId : 0
10-20 21:37:52.288  1483  4870 D ApplicationPolicy: getApplicationComponentState : pkg = com.opera.max.global userId : 0
10-20 21:37:52.298  1483  3183 D PackageManager: setEnabledSetting : userId = 0 packageName = com.opera.max.global cmp = com.opera.max.global.sdk.quicksettings.QuickSettingsServiceNAllSavings newState = 0 callingPackage = 10023/com.opera.max.global
10-20 21:37:52.299  1483  3183 D ApplicationPolicy: getApplicationStateEnabled : pkg = com.opera.max.global userId : 0
10-20 21:37:52.300  1483  3183 D ApplicationPolicy: getApplicationComponentState : pkg = com.opera.max.global userId : 0
10-20 21:37:52.303  1483  4870 D PackageManager: setEnabledSetting : userId = 0 packageName = com.opera.max.global cmp = com.opera.max.global.sdk.quicksettings.QuickSettingsServiceNCovert newState = 0 callingPackage = 10023/com.opera.max.global
10-20 21:37:52.304  1483  4870 D ApplicationPolicy: getApplicationStateEnabled : pkg = com.opera.max.global userId : 0
10-20 21:37:52.304  1483  4870 D ApplicationPolicy: getApplicationComponentState : pkg = com.opera.max.global userId : 0
10-20 21:37:52.321 13764 13812 D CompatibilityChangeReporter: Compat change id reported: 160794467; UID 10023; state: ENABLED
10-20 21:37:52.365  8661  6424 I PhenotypeResourceReader: unable to find any Phenotype resource metadata for com.opera.max.global
10-20 21:37:52.412 13579 13608 E IMGMapper: set:488 set: Unset optional value from type SMPTE2086
10-20 21:37:52.413 13579 13608 E IMGMapper: set:488 set: Unset optional value from type CTA861_3
10-20 21:37:52.420  1039  1039 I BufferQueueProducer: [com.cinemamovel/com.cinemamovel.MainActivity$_13579#506355](this:0xb400007a1f6e8838,id:-1,api:0,p:-1,c:1039) queueBuffer: fps=16.47 dur=1214.47 max=515.91 min=15.78
10-20 21:37:52.422   991  1074 I hwcomposer: [HWCDisplay] [Display_0 (type:1)] fps:27.169018,dur:1214.62,max:516.83,min:15.71  
10-20 21:37:52.432  1483  2425 I ChimeraAggressivePolicyHandler: executePolicy() - triggerSource: TRIGGER_SOURCE_LMKD
10-20 21:37:52.434  1483  2425 I ChimeraAggressivePolicyHandler: available memory: 1120808, free memory target: 747520, quit chimera
10-20 21:37:52.485   543   543 D io_stats: !@ 179,0 r 465921920 5661191506 w 80733850 846827100 d 1258365 33785900 f 0 0 iot 231664044 0 th 0 0 0 pt 0 inp 0 0 2556469.788
10-20 21:37:52.501 13764 13764 I TetheringManager: registerTetheringEventCallback:com.opera.max.global
10-20 21:37:52.540  1483  1502 I LocationAccessPolicy: checkLocationPermission - callingUid: 10023, callingPid: 13764, resultForFine: DENIED_HARD
10-20 21:37:52.540  1483  1502 I LocationAccessPolicy: checkLocationPermission - callingUid: 10023, callingPid: 13764, resultForCoarse: DENIED_HARD
10-20 21:37:52.579 24250 24342 D TrafficStats: tagSocket(6) with statsTag=0xffffffff, statsUid=-1
10-20 21:37:52.739  1199  1199 I Accelerometer: flush, flushCnt:1
10-20 21:37:52.742  1483  1502 D SensorService: resetSensorStateForIdleUID uid= 10023 , ident = 0xb400007801281200
10-20 21:37:52.744  1199  1229 I Accelerometer: flush complete, flushCnt:0
10-20 21:37:52.744  1483  1755 I SensorService: [SO] SENSOR_TYPE_META_DATA: 1
10-20 21:37:52.744  1483  1755 I SensorService: [SO] Send Meta Event for AR
10-20 21:37:52.744 13764 13812 D SensorManager: registerListener :: 1, bma253, 200000, 0, 
10-20 21:37:52.793  2521  2618 D MobileStatusTracker(0/2): onSignalStrengthsChanged level=4, vendorLevel=3
10-20 21:37:52.798  2521  2618 D MobileSignalController(0/2): notifyListener: enabled=true, connected=true, dataConnected=true, networkType=LTE (4G), emergencyOnly=false, roaming=false, isDefault=false, dataActivity=, level=3, ca=false, mmWave=false, disabledDataIcon=false, simCard=ETC
10-20 21:37:52.798  2521  2618 D NetworkController: SignalStrength from intent slotId=0
10-20 21:37:52.811 13764 13814 E pera.max.global: No package ID 6a found for ID 0x6a0b000f.
10-20 21:37:52.813 13764 13814 I FA      : App measurement initialized, version: 140007
10-20 21:37:52.813 13764 13814 I FA      : To enable debug logging run: adb shell setprop log.tag.FA VERBOSE
10-20 21:37:52.814 13764 13814 I FA      : To enable faster debug mode event logging run:
10-20 21:37:52.814 13764 13814 I FA      :   adb shell setprop debug.firebase.analytics.app com.opera.max.global
10-20 21:37:52.852  2521  2521 D SecPowerUI.Notification: showChargingNotice oldChargingType : 11 / currentChargingType : 11, oldChargingTime : 0 / mChargingTime : 0
10-20 21:37:52.852  2521  2521 D SecPowerUI.Notification: There is no change about charging status, so return!
10-20 21:37:52.862  1483  2471 D NetdEventListenerService: DNS Requested by : 475, 11011
10-20 21:37:52.863 24250  5698 D TrafficStats: tagSocket(6) with statsTag=0xffffffff, statsUid=-1
10-20 21:37:52.875 14401 14401 D BoundBrokerSvc: onBind: Intent { act=com.google.android.gms.measurement.START pkg=com.google.android.gms }
10-20 21:37:52.875 14401 14401 D BoundBrokerSvc: Loading bound service for intent: Intent { act=com.google.android.gms.measurement.START pkg=com.google.android.gms }
10-20 21:37:52.912 13579 13608 E IMGMapper: set:488 set: Unset optional value from type SMPTE2086
10-20 21:37:52.912 13579 13608 E IMGMapper: set:488 set: Unset optional value from type CTA861_3
10-20 21:37:53.024 14401 13842 D AdvertisingIdClient: AdvertisingIdClient already created.
10-20 21:37:53.024 14401 13842 D AdvertisingIdClient: AdvertisingIdClient is not bounded. Starting to bind it...
10-20 21:37:53.038 14401 13842 D AdvertisingIdClient: AdvertisingIdClient is bounded
10-20 21:37:53.049 14401 13842 I AdvertisingIdClient: shouldSendLog 3697786366
10-20 21:37:53.049 14401 13842 I AdvertisingIdClient: GetInfoInternal elapse 24ms
10-20 21:37:53.170  1483  2471 D NetdEventListenerService: DNS Requested by : 475, 10188
10-20 21:37:53.171  8661  9172 D TrafficStats: tagSocket(177) with statsTag=0x4000407, statsUid=-1
10-20 21:37:53.412 13579 13608 E IMGMapper: set:488 set: Unset optional value from type SMPTE2086
10-20 21:37:53.412 13579 13608 E IMGMapper: set:488 set: Unset optional value from type CTA861_3
10-20 21:37:53.476  1483  4825 D InputDispatcher: Inject motion (13853/2000): action=0x0, time=2556470779000000, f=0x0, d=0 dsdx=1.000000 dtdx=0.000000
10-20 21:37:53.478  1483  1796 I InputDispatcher: Delivering touch to (2521): action: 0x4, f=0x0, d=0, 'a9cce9e', t=1 
10-20 21:37:53.479  1483  1796 I InputDispatcher: Delivering touch to (13579): action: 0x0, f=0x0, d=0, 'e79635a', t=1 
10-20 21:37:53.479  1483  1796 D PowerManagerService: [api] userActivityFromNative :  (event: 2 flags: 0 displayId: 0) eventTime = 2556470779
10-20 21:37:53.481  1483  1796 D PowerManagerService: UserActivityStateListenerState: 1
10-20 21:37:53.481 13579 13579 I ViewRootImpl@8188eb8[MainActivity]: ViewPostIme pointer 0
10-20 21:37:53.482  1483  1528 I GestureDetector: obtain mCurrentDownEvent. id: -1041897913 caller: com.android.server.wm.SystemGesturesPointerEventListener.onPointerEvent:203 com.android.server.wm.PointerEventDispatcher.onInputEvent:53 android.view.InputEventReceiver.dispatchInputEvent:285 
10-20 21:37:53.482  1483  1528 I GestureDetector: obtain mCurrentDownEvent. id: -1041897913 caller: com.android.server.wm.SystemPerformancePointerEventListener.onPointerEvent:89 com.android.server.wm.PointerEventDispatcher.onInputEvent:53 android.view.InputEventReceiver.dispatchInputEvent:285 
10-20 21:37:53.488  1483  4825 D InputDispatcher: Inject motion (13853/2000): action=0x1, time=2556470779000000, f=0x0, d=0 dsdx=1.000000 dtdx=0.000000
10-20 21:37:53.488  1483  1796 I InputDispatcher: Delivering touch to (13579): action: 0x1, f=0x0, d=0, 'e79635a', t=1 
10-20 21:37:53.488 13579 13579 I ViewRootImpl@8188eb8[MainActivity]: ViewPostIme pointer 1
10-20 21:37:53.488  1483  1528 I GestureDetector: obtain mCurrentMotionEventRaw. action: 1 id: -945477172
10-20 21:37:53.489  1483  1528 I GestureDetector: obtain mCurrentMotionEventRaw. action: 1 id: -945477172
10-20 21:37:53.595 13764 13800 E FirebaseMessaging: Failed to sync topics. Won't retry sync. TOO_MANY_SUBSCRIBERS
10-20 21:37:53.740 13764 13829 I incfs   : Initial API level of the device: 30
10-20 21:37:53.740   963   963 E audit   : type=1400 audit(1761007073.736:1252429): avc:  denied  { read } for  pid=13764 comm="pool-22-thread-" name="u:object_r:incremental_prop:s0" dev="tmpfs" ino=106 scontext=u:r:untrusted_app:s0:c23,c256,c512,c768 tcontext=u:object_r:incremental_prop:s0 tclass=file permissive=0 SEPF_SM-A037M_12_0001 unfiltered
10-20 21:37:53.741 13764 13829 W libc    : Access denied finding property "ro.incremental.enable"
10-20 21:37:53.741 13764 13829 I incfs   : ro.incremental.enable: 
10-20 21:37:53.742 13764 13829 I incfs   : IncFs_Features: v1
10-20 21:37:53.742   963   963 E audit   : type=1400 audit(1761007073.740:1252430): avc:  denied  { ioctl } for  pid=13764 comm="pool-22-thread-" path="/data/app/~~6g4Af6nJrq4Aozq2uzHGJg==/br.com.brainweb.ifood-3yBxb9jTdwsztzon3TXkFQ==/base.apk" dev="incremental-fs" ino=2138491 ioctlcmd=0x6722 scontext=u:r:untrusted_app:s0:c23,c256,c512,c768 tcontext=u:object_r:apk_data_file:s0 tclass=file permissive=0 SEPF_SM-A037M_12_0001 unfiltered
10-20 21:37:53.744   963   963 E audit   : type=1400 audit(1761007073.740:1252431): avc:  denied  { ioctl } for  pid=13764 comm="pool-22-thread-" path="/data/app/~~6g4Af6nJrq4Aozq2uzHGJg==/br.com.brainweb.ifood-3yBxb9jTdwsztzon3TXkFQ==/split_config.pt.apk" dev="incremental-fs" ino=2142055 ioctlcmd=0x6722 scontext=u:r:untrusted_app:s0:c23,c256,c512,c768 tcontext=u:object_r:apk_data_file:s0 tclass=file permissive=0 SEPF_SM-A037M_12_0001 unfiltered
10-20 21:37:53.745   963   963 E audit   : type=1400 audit(1761007073.744:1252432): avc:  denied  { ioctl } for  pid=13764 comm="pool-22-thread-" path="/data/app/~~6g4Af6nJrq4Aozq2uzHGJg==/br.com.brainweb.ifood-3yBxb9jTdwsztzon3TXkFQ==/split_config.xhdpi.apk" dev="incremental-fs" ino=2155757 ioctlcmd=0x6722 scontext=u:r:untrusted_app:s0:c23,c256,c512,c768 tcontext=u:object_r:apk_data_file:s0 tclass=file permissive=0 SEPF_SM-A037M_12_0001 unfiltered
10-20 21:37:53.781  1483  1528 I GestureDetector: handleMessage TAP
10-20 21:37:53.783  1483  1483 I GestureDetector: handleMessage TAP
10-20 21:37:53.910 13579 13608 E IMGMapper: set:488 set: Unset optional value from type SMPTE2086
10-20 21:37:53.910 13579 13608 E IMGMapper: set:488 set: Unset optional value from type CTA861_3
10-20 21:37:53.918  1039  1039 I BufferQueueProducer: [com.cinemamovel/com.cinemamovel.MainActivity$_13579#506355](this:0xb400007a1f6e8838,id:-1,api:0,p:-1,c:1039) queueBuffer: fps=2.00 dur=1498.39 max=499.54 min=499.42
10-20 21:37:53.920   991  1074 I hwcomposer: [HWCDisplay] [Display_0 (type:1)] fps:2.002644,dur:1498.02,max:499.73,min:498.64  
10-20 21:37:53.989  8661  9172 D TrafficStats: tagSocket(126) with statsTag=0x4000407, statsUid=-1
10-20 21:37:54.073  2521  2618 D MobileStatusTracker(0/2): onSignalStrengthsChanged level=4, vendorLevel=3
10-20 21:37:54.075  2521  2618 D MobileSignalController(0/2): notifyListener: enabled=true, connected=true, dataConnected=true, networkType=LTE (4G), emergencyOnly=false, roaming=false, isDefault=false, dataActivity=, level=3, ca=false, mmWave=false, disabledDataIcon=false, simCard=ETC
10-20 21:37:54.075  2521  2618 D NetworkController: SignalStrength from intent slotId=0
10-20 21:37:54.412 13579 13608 E IMGMapper: set:488 set: Unset optional value from type SMPTE2086
10-20 21:37:54.412 13579 13608 E IMGMapper: set:488 set: Unset optional value from type CTA861_3
10-20 21:37:54.489   543   543 D io_stats: !@ 179,0 r 465922578 5661194798 w 80733889 846827232 d 1258365 33785900 f 0 0 iot 231664360 0 th 0 0 0 pt 0 inp 0 0 2556471.792
10-20 21:37:54.561  2486  2486 I WifiHAL : Get link layer stats
10-20 21:37:54.562  2486  2486 I WifiHAL : GetLinkStatsCommand::create
10-20 21:37:54.562  2486  2486 D android.hardware.wifi@1.0-service-lazy: WifiRequest::create vendor command to iface 38, vendor_id=0x1a11, subcmd=0x1200, res=0
10-20 21:37:54.563  2486  2486 I android.hardware.wifi@1.0-service-lazy: WifiCommand::requestResponse err=-95
10-20 21:37:54.563  2486  2486 I WifiHAL : wifi_get_link_stats: result=-3
10-20 21:37:54.566  1483  2363 E WifiVendorHal: getWifiLinkLayerStats_1_5_Internal(l.1179) failed {.code = ERROR_NOT_SUPPORTED, .description = }
10-20 21:37:54.578  1483  3390 D SemWifiUsabilityStatsMonitor: onWifiUsabilityStats - seqNum 545126, isSameBssidAndFreq true
10-20 21:37:54.580  1483  2437 I SemWifiLinkQualityMonitor: Link Qos query: inf. ms / 0 Mbps
10-20 21:37:54.612 24250 24342 D TrafficStats: tagSocket(6) with statsTag=0xffffffff, statsUid=-1
10-20 21:37:54.882  1483  2471 D NetdEventListenerService: DNS Requested by : 475, 11011
10-20 21:37:54.883 24250  5698 D TrafficStats: tagSocket(6) with statsTag=0xffffffff, statsUid=-1
10-20 21:37:54.907 13579 13608 E IMGMapper: set:488 set: Unset optional value from type SMPTE2086
10-20 21:37:54.907 13579 13608 E IMGMapper: set:488 set: Unset optional value from type CTA861_3
10-20 21:37:54.941  1483  1755 D SensorService: [SO] 0.090 1.571 9.836
10-20 21:37:55.357  2521  2618 D MobileStatusTracker(0/2): onSignalStrengthsChanged level=4, vendorLevel=3
10-20 21:37:55.360  2521  2618 D MobileSignalController(0/2): notifyListener: enabled=true, connected=true, dataConnected=true, networkType=LTE (4G), emergencyOnly=false, roaming=false, isDefault=false, dataActivity=, level=3, ca=false, mmWave=false, disabledDataIcon=false, simCard=ETC
10-20 21:37:55.362  2521  2618 D NetworkController: SignalStrength from intent slotId=0
10-20 21:37:55.402 14401 14401 D BoundBrokerSvc: onUnbind: Intent { act=com.google.android.gms.backup.GMS_MODULE_RESTORE dat=chimera-action:/... cmp=com.google.android.gms/.chimera.GmsInternalBoundBrokerService }
10-20 21:37:55.411 13579 13608 E IMGMapper: set:488 set: Unset optional value from type SMPTE2086
10-20 21:37:55.411 13579 13608 E IMGMapper: set:488 set: Unset optional value from type CTA861_3
10-20 21:37:55.416  1039  1039 I BufferQueueProducer: [com.cinemamovel/com.cinemamovel.MainActivity$_13579#506355](this:0xb400007a1f6e8838,id:-1,api:0,p:-1,c:1039) queueBuffer: fps=2.00 dur=1497.86 max=499.68 min=498.80
10-20 21:37:55.418   991  1074 I hwcomposer: [HWCDisplay] [Display_0 (type:1)] fps:2.003236,dur:1497.58,max:499.77,min:498.16  
10-20 21:37:55.519  1483  2457 D WifiConnectivityMonitor.NetworkStatsAnalyzer: Backhaul result - RSSI:-67, CE:11, PE:11, TI:15, PTI:15, TW:61, PTW:62, Tx:5218, Rx:2883, TxS:5191, RxS:2859, RESULT:true, IC:0, ICT:5, WC:0, WCT:5, R:0, RC:0, IE:0, EC:0
10-20 21:37:55.560  1483  1502 D InputDispatcher: Inject motion (13862/2000): action=0x0, time=2556472863000000, f=0x0, d=0 dsdx=1.000000 dtdx=0.000000
10-20 21:37:55.561  1483  1796 I InputDispatcher: Delivering touch to (2521): action: 0x4, f=0x0, d=0, 'a9cce9e', t=1 
10-20 21:37:55.561  1483  1796 I InputDispatcher: Delivering touch to (13579): action: 0x0, f=0x0, d=0, 'e79635a', t=1 
10-20 21:37:55.562  1483  1796 D PowerManagerService: [api] userActivityFromNative :  (event: 2 flags: 0 displayId: 0) eventTime = 2556472863
10-20 21:37:55.562 13579 13579 I ViewRootImpl@8188eb8[MainActivity]: ViewPostIme pointer 0
10-20 21:37:55.562  1483  1528 I GestureDetector: obtain mCurrentDownEvent. id: -409937814 caller: com.android.server.wm.SystemGesturesPointerEventListener.onPointerEvent:203 com.android.server.wm.PointerEventDispatcher.onInputEvent:53 android.view.InputEventReceiver.dispatchInputEvent:285 
10-20 21:37:55.562  1483  1528 I GestureDetector: obtain mCurrentDownEvent. id: -409937814 caller: com.android.server.wm.SystemPerformancePointerEventListener.onPointerEvent:89 com.android.server.wm.PointerEventDispatcher.onInputEvent:53 android.view.InputEventReceiver.dispatchInputEvent:285 
10-20 21:37:55.571  1483  1502 D InputDispatcher: Inject motion (13862/2000): action=0x1, time=2556472863000000, f=0x0, d=0 dsdx=1.000000 dtdx=0.000000
10-20 21:37:55.571  1483  1796 I InputDispatcher: Delivering touch to (13579): action: 0x1, f=0x0, d=0, 'e79635a', t=1 
10-20 21:37:55.572  1483  1528 I GestureDetector: obtain mCurrentMotionEventRaw. action: 1 id: -960882512
10-20 21:37:55.572  1483  1528 I GestureDetector: obtain mCurrentMotionEventRaw. action: 1 id: -960882512
10-20 21:37:55.572 13579 13579 I ViewRootImpl@8188eb8[MainActivity]: ViewPostIme pointer 1
10-20 21:37:55.596 13579 13608 E IMGMapper: set:488 set: Unset optional value from type SMPTE2086
10-20 21:37:55.596 13579 13608 E IMGMapper: set:488 set: Unset optional value from type CTA861_3
10-20 21:37:55.623 13579 13608 E IMGMapper: set:488 set: Unset optional value from type SMPTE2086
10-20 21:37:55.623 13579 13608 E IMGMapper: set:488 set: Unset optional value from type CTA861_3
10-20 21:37:55.641 13579 13608 E IMGMapper: set:488 set: Unset optional value from type SMPTE2086
10-20 21:37:55.641 13579 13608 E IMGMapper: set:488 set: Unset optional value from type CTA861_3
10-20 21:37:55.658 13579 13608 E IMGMapper: set:488 set: Unset optional value from type SMPTE2086
10-20 21:37:55.658 13579 13608 E IMGMapper: set:488 set: Unset optional value from type CTA861_3
10-20 21:37:55.682 13579 13615 I ReactNativeJS: ---METRICS_JSON_START---
10-20 21:37:55.682 13579 13615 I ReactNativeJS: {
10-20 21:37:55.682 13579 13615 I ReactNativeJS:   "dashboardRenders": 3,
10-20 21:37:55.682 13579 13615 I ReactNativeJS:   "cardRenders": {
10-20 21:37:55.682 13579 13615 I ReactNativeJS:     "13494": 2,
10-20 21:37:55.682 13579 13615 I ReactNativeJS:     "506763": 2,
10-20 21:37:55.682 13579 13615 I ReactNativeJS:     "575265": 2,
10-20 21:37:55.682 13579 13615 I ReactNativeJS:     "617126": 1,
10-20 21:37:55.682 13579 13615 I ReactNativeJS:     "755898": 2,
10-20 21:37:55.682 13579 13615 I ReactNativeJS:     "803796": 2,
10-20 21:37:55.682 13579 13615 I ReactNativeJS:     "911430": 1,
10-20 21:37:55.682 13579 13615 I ReactNativeJS:     "914215": 2,
10-20 21:37:55.682 13579 13615 I ReactNativeJS:     "987400": 2,
10-20 21:37:55.682 13579 13615 I ReactNativeJS:     "993234": 5,
10-20 21:37:55.682 13579 13615 I ReactNativeJS:     "1007734": 2,
10-20 21:37:55.682 13579 13615 I ReactNativeJS:     "1028248": 2,
10-20 21:37:55.682 13579 13615 I ReactNativeJS:     "1035259": 2,
10-20 21:37:55.682 13579 13615 I ReactNativeJS:     "1038392": 2,
10-20 21:37:55.682 13579 13615 I ReactNativeJS:     "1051486": 2,
10-20 21:37:55.682 13579 13615 I ReactNativeJS:     "1061474": 2,
10-20 21:37:55.682 13579 13615 I ReactNativeJS:     "1078605": 2,
10-20 21:37:55.682 13579 13615 I ReactNativeJS:     "1087192": 2,
10-20 21:37:55.682 13579 13615 I ReactNativeJS:     "1234821": 2,
10-20 21:37:55.682 13579 13615 I ReactNativeJS:     "1242011": 1,
10-20 21:37:55.682 13579 13615 I ReactNativeJS:     "1246049": 5,
10-20 21:37:55.682 13579 13615 I ReactNativeJS:     "1265344": 6,
10-20 21:37:55.682 13579 13615 I ReactNativeJS:     "1311031": 2,
10-20 21:37:55.682 13579 13615 I ReactNativeJS:     "1355666": 5,
10-20 21:37:55.682 13579 13615 I ReactNativeJS:     "1369679": 2
10-20 21:37:55.682 13579 13615 I ReactNativeJS:   },
10-20 21:37:55.682 13579 13615 I ReactNativeJS:   "navigationEvents": [
10-20 21:37:55.682 13579 13615 I ReactNativeJS:     {
10-20 21:37:55.682 13579 13615 I ReactNativeJS:       "action": "focus_dashboard",
10-20 21:37:55.682 13579 13615 I ReactNativeJS:       "timestamp": 1761007063719
10-20 21:37:55.682 13579 13615 I ReactNativeJS:     },
10-20 21:37:55.682 13579 13615 I ReactNativeJS:     {
10-20 21:37:55.682 13579 13615 I ReactNativeJS:       "action": "navigate_to_1265344",
10-20 21:37:55.682 13579 13615 I ReactNativeJS:       "timestamp": 1761007075591
10-20 21:37:55.682 13579 13615 I ReactNativeJS:     },
10-20 21:37:55.682 13579 13615 I ReactNativeJS:     {
10-20 21:37:55.682 13579 13615 I ReactNativeJS:       "action": "leave_dashboard",
10-20 21:37:55.682 13579 13615 I ReactNativeJS:       "timestamp": 1761007075682
10-20 21:37:55.682 13579 13615 I ReactNativeJS:     }
10-20 21:37:55.682 13579 13615 I ReactNativeJS:   ]
10-20 21:37:55.682 13579 13615 I ReactNativeJS: }
10-20 21:37:55.682 13579 13615 I ReactNativeJS: ---METRICS_JSON_END---
10-20 21:37:55.702  1483  2471 D NetdEventListenerService: DNS Requested by : 475, 10976
10-20 21:37:55.703 13579 13634 D TrafficStats: tagSocket(129) with statsTag=0xffffffff, statsUid=-1
10-20 21:37:55.720  2799  3184 D PhoneInterfaceManager: setDataEnabledForReason() Reason=1 Pid=1483 App=system
10-20 21:37:55.722 13579 13579 W [RNScreens]: backTitleVisible prop is not available on Android
10-20 21:37:55.722 13579 13579 W [RNScreens]: backTitleFontFamily prop is not available on Android
10-20 21:37:55.722 13579 13579 W [RNScreens]: disableBackButtonMenu prop is not available on Android
10-20 21:37:55.722 13579 13579 W [RNScreens]: largeTitleFontFamily prop is not available on Android
10-20 21:37:55.723 13579 13579 W [RNScreens]: largeTitleFontWeight prop is not available on Android
10-20 21:37:55.723 13579 13579 W [RNScreens]: largeTitleHideShadow prop is not available on Android
10-20 21:37:55.725  2799  3184 D PhoneInterfaceManager: setDataEnabledForReason() Reason=1 Pid=1483 App=system
10-20 21:37:55.743 13579 13608 E IMGMapper: set:488 set: Unset optional value from type SMPTE2086
10-20 21:37:55.744 13579 13608 E IMGMapper: set:488 set: Unset optional value from type CTA861_3
10-20 21:37:55.769 13579 13608 E IMGMapper: set:488 set: Unset optional value from type SMPTE2086
10-20 21:37:55.769 13579 13608 E IMGMapper: set:488 set: Unset optional value from type CTA861_3
10-20 21:37:55.780 13579 13608 E IMGMapper: set:488 set: Unset optional value from type SMPTE2086
10-20 21:37:55.780 13579 13608 E IMGMapper: set:488 set: Unset optional value from type CTA861_3
10-20 21:37:55.796 13579 13608 E IMGMapper: set:488 set: Unset optional value from type SMPTE2086
10-20 21:37:55.796 13579 13608 E IMGMapper: set:488 set: Unset optional value from type CTA861_3
10-20 21:37:55.818 13579 13608 E IMGMapper: set:488 set: Unset optional value from type SMPTE2086
10-20 21:37:55.818 13579 13608 E IMGMapper: set:488 set: Unset optional value from type CTA861_3
10-20 21:37:55.830 13579 13608 E IMGMapper: set:488 set: Unset optional value from type SMPTE2086
10-20 21:37:55.830 13579 13608 E IMGMapper: set:488 set: Unset optional value from type CTA861_3
10-20 21:37:55.860 13579 13608 E IMGMapper: set:488 set: Unset optional value from type SMPTE2086
10-20 21:37:55.860 13579 13608 E IMGMapper: set:488 set: Unset optional value from type CTA861_3
10-20 21:37:55.862  1483  1528 I GestureDetector: handleMessage TAP
10-20 21:37:55.862  1483  1483 I GestureDetector: handleMessage TAP
10-20 21:37:55.877 13579 13608 E IMGMapper: set:488 set: Unset optional value from type SMPTE2086
10-20 21:37:55.877 13579 13608 E IMGMapper: set:488 set: Unset optional value from type CTA861_3
10-20 21:37:55.880  1014  1059 I libPerfCtl: xgfGetFPS pid:-1 fps:0
10-20 21:37:55.880  1014  1059 I libPerfCtl: xgfGetFPS ioctl_ret:-1
10-20 21:37:55.897 13579 13608 E IMGMapper: set:488 set: Unset optional value from type SMPTE2086
10-20 21:37:55.898 13579 13608 E IMGMapper: set:488 set: Unset optional value from type CTA861_3
10-20 21:37:55.906 13579 13608 E IMGMapper: set:488 set: Unset optional value from type SMPTE2086
10-20 21:37:55.906 13579 13608 E IMGMapper: set:488 set: Unset optional value from type CTA861_3
10-20 21:37:55.924 13579 13608 E IMGMapper: set:488 set: Unset optional value from type SMPTE2086
10-20 21:37:55.924 13579 13608 E IMGMapper: set:488 set: Unset optional value from type CTA861_3
10-20 21:37:55.942 13579 13608 E IMGMapper: set:488 set: Unset optional value from type SMPTE2086
10-20 21:37:55.942 13579 13608 E IMGMapper: set:488 set: Unset optional value from type CTA861_3
10-20 21:37:55.958 13579 13608 E IMGMapper: set:488 set: Unset optional value from type SMPTE2086
10-20 21:37:55.958 13579 13608 E IMGMapper: set:488 set: Unset optional value from type CTA861_3
10-20 21:37:55.978 13579 13608 E IMGMapper: set:488 set: Unset optional value from type SMPTE2086
10-20 21:37:55.979 13579 13608 E IMGMapper: set:488 set: Unset optional value from type CTA861_3
10-20 21:37:55.995 13579 13608 E IMGMapper: set:488 set: Unset optional value from type SMPTE2086
10-20 21:37:55.995 13579 13608 E IMGMapper: set:488 set: Unset optional value from type CTA861_3
10-20 21:37:56.011 13579 13608 E IMGMapper: set:488 set: Unset optional value from type SMPTE2086
10-20 21:37:56.011 13579 13608 E IMGMapper: set:488 set: Unset optional value from type CTA861_3
10-20 21:37:56.026 13579 13608 E IMGMapper: set:488 set: Unset optional value from type SMPTE2086
10-20 21:37:56.026 13579 13608 E IMGMapper: set:488 set: Unset optional value from type CTA861_3
10-20 21:37:56.044 13579 13608 E IMGMapper: set:488 set: Unset optional value from type SMPTE2086
10-20 21:37:56.044 13579 13608 E IMGMapper: set:488 set: Unset optional value from type CTA861_3
10-20 21:37:56.061 13579 13608 E IMGMapper: set:488 set: Unset optional value from type SMPTE2086
10-20 21:37:56.061 13579 13608 E IMGMapper: set:488 set: Unset optional value from type CTA861_3
10-20 21:37:56.074  1483  2471 D NetdEventListenerService: DNS Requested by : 475, 10108
10-20 21:37:56.074 22803 22850 D TrafficStats: tagSocket(97) with statsTag=0xffffffff, statsUid=-1
10-20 21:37:56.079 13579 13608 E IMGMapper: set:488 set: Unset optional value from type SMPTE2086
10-20 21:37:56.079 13579 13608 E IMGMapper: set:488 set: Unset optional value from type CTA861_3
10-20 21:37:56.092 13579 13608 E IMGMapper: set:488 set: Unset optional value from type SMPTE2086
10-20 21:37:56.093 13579 13608 E IMGMapper: set:488 set: Unset optional value from type CTA861_3
10-20 21:37:56.109 13579 13608 E IMGMapper: set:488 set: Unset optional value from type SMPTE2086
10-20 21:37:56.109 13579 13608 E IMGMapper: set:488 set: Unset optional value from type CTA861_3
10-20 21:37:56.128 13579 13608 E IMGMapper: set:488 set: Unset optional value from type SMPTE2086
10-20 21:37:56.128 13579 13608 E IMGMapper: set:488 set: Unset optional value from type CTA861_3
10-20 21:37:56.143 13579 13608 E IMGMapper: set:488 set: Unset optional value from type SMPTE2086
10-20 21:37:56.143 13579 13608 E IMGMapper: set:488 set: Unset optional value from type CTA861_3
10-20 21:37:56.161 13579 13608 E IMGMapper: set:488 set: Unset optional value from type SMPTE2086
10-20 21:37:56.161 13579 13608 E IMGMapper: set:488 set: Unset optional value from type CTA861_3
10-20 21:37:56.178 13579 13608 E IMGMapper: set:488 set: Unset optional value from type SMPTE2086
10-20 21:37:56.178 13579 13608 E IMGMapper: set:488 set: Unset optional value from type CTA861_3
10-20 21:37:56.195 13579 13608 E IMGMapper: set:488 set: Unset optional value from type SMPTE2086
10-20 21:37:56.196 13579 13608 E IMGMapper: set:488 set: Unset optional value from type CTA861_3
10-20 21:37:56.211 13579 13608 E IMGMapper: set:488 set: Unset optional value from type SMPTE2086
10-20 21:37:56.211 13579 13608 E IMGMapper: set:488 set: Unset optional value from type CTA861_3
10-20 21:37:56.227 13579 13608 E IMGMapper: set:488 set: Unset optional value from type SMPTE2086
10-20 21:37:56.227 13579 13608 E IMGMapper: set:488 set: Unset optional value from type CTA861_3
10-20 21:37:56.244 13579 13608 E IMGMapper: set:488 set: Unset optional value from type SMPTE2086
10-20 21:37:56.244 13579 13608 E IMGMapper: set:488 set: Unset optional value from type CTA861_3
10-20 21:37:56.250 13579 13579 I IMM_LC  : closeCurrentInput: mService.hideSoftInput
10-20 21:37:56.250  1483  4870 D InputMethodManagerService: hideSoftInput
10-20 21:37:56.251  1483  4870 V InputMethodManagerService: Client requesting input be hidden
10-20 21:37:56.251  1483  4870 V InputMethodManagerService: hideCurrentInputLocked : canceled, shouldHideSoftInput=false, mInputShown=false, mImeWindowVis=0
10-20 21:37:56.251  1483  4870 I InputMethodBindingController: setCurrentMethodNotVisible: mVisibleBound=false, mHasConnection=true, caller = com.android.server.inputmethod.InputMethodManagerService.hideCurrentInputLocked:4356 com.android.server.inputmethod.InputMethodManagerService.hideSoftInput:4294 com.android.internal.view.IInputMethodManager$Stub.onTransact:488 com.android.server.inputmethod.InputMethodManagerService.onTransact:2302 android.os.Binder.execTransactInternal:1316 android.os.Binder.execTransact:1280 <bottom of call stack> <bottom of call stack> <bottom of call stack> <bottom of call stack> 
10-20 21:37:56.257 13579 13608 E IMGMapper: set:488 set: Unset optional value from type SMPTE2086
10-20 21:37:56.257 13579 13608 E IMGMapper: set:488 set: Unset optional value from type CTA861_3
10-20 21:37:56.272 13579 13608 E IMGMapper: set:488 set: Unset optional value from type SMPTE2086
10-20 21:37:56.272 13579 13608 E IMGMapper: set:488 set: Unset optional value from type CTA861_3
10-20 21:37:56.288 13579 13608 E IMGMapper: set:488 set: Unset optional value from type SMPTE2086
10-20 21:37:56.288 13579 13608 E IMGMapper: set:488 set: Unset optional value from type CTA861_3
10-20 21:37:56.308 13579 13608 E IMGMapper: set:488 set: Unset optional value from type SMPTE2086
10-20 21:37:56.308 13579 13608 E IMGMapper: set:488 set: Unset optional value from type CTA861_3
10-20 21:37:56.314 13579 13579 D ScrollView: initGoToTop
10-20 21:37:56.323 13579 13608 E IMGMapper: set:488 set: Unset optional value from type SMPTE2086
10-20 21:37:56.323 13579 13608 E IMGMapper: set:488 set: Unset optional value from type CTA861_3
10-20 21:37:56.339 13579 13608 E IMGMapper: set:488 set: Unset optional value from type SMPTE2086
10-20 21:37:56.339 13579 13608 E IMGMapper: set:488 set: Unset optional value from type CTA861_3
10-20 21:37:56.356 13579 13608 E IMGMapper: set:488 set: Unset optional value from type SMPTE2086
10-20 21:37:56.356 13579 13608 E IMGMapper: set:488 set: Unset optional value from type CTA861_3
10-20 21:37:56.384 13579 13608 E IMGMapper: set:488 set: Unset optional value from type SMPTE2086
10-20 21:37:56.384 13579 13608 E IMGMapper: set:488 set: Unset optional value from type CTA861_3
10-20 21:37:56.430 13579 13691 D skia    : SkJpegCodec::onGetPixels +
10-20 21:37:56.447 13579 13691 D skia    : SkJpegCodec::onGetPixels -
10-20 21:37:56.457 13579 13608 E IMGMapper: set:488 set: Unset optional value from type SMPTE2086
10-20 21:37:56.457 13579 13608 E IMGMapper: set:488 set: Unset optional value from type CTA861_3
10-20 21:37:56.464  1039  1039 I BufferQueueProducer: [com.cinemamovel/com.cinemamovel.MainActivity$_13579#506355](this:0xb400007a1f6e8838,id:-1,api:0,p:-1,c:1039) queueBuffer: fps=41.02 dur=1048.38 max=183.22 min=15.99
10-20 21:37:56.466   991  1074 I hwcomposer: [HWCDisplay] [Display_0 (type:1)] fps:41.009167,dur:1048.55,max:183.60,min:15.44  
10-20 21:37:56.477 13579 13608 E IMGMapper: set:488 set: Unset optional value from type SMPTE2086
10-20 21:37:56.477 13579 13608 E IMGMapper: set:488 set: Unset optional value from type CTA861_3
10-20 21:37:56.489 13579 13608 E IMGMapper: set:488 set: Unset optional value from type SMPTE2086
10-20 21:37:56.489 13579 13608 E IMGMapper: set:488 set: Unset optional value from type CTA861_3
10-20 21:37:56.490   543   543 D io_stats: !@ 179,0 r 465922590 5661194854 w 80734020 846828152 d 1258365 33785900 f 0 0 iot 231664468 0 th 0 0 0 pt 0 inp 0 0 2556473.793
10-20 21:37:56.507 13579 13608 E IMGMapper: set:488 set: Unset optional value from type SMPTE2086
10-20 21:37:56.507 13579 13608 E IMGMapper: set:488 set: Unset optional value from type CTA861_3
10-20 21:37:56.524 13579 13608 E IMGMapper: set:488 set: Unset optional value from type SMPTE2086
10-20 21:37:56.524 13579 13608 E IMGMapper: set:488 set: Unset optional value from type CTA861_3
10-20 21:37:56.539 13579 13608 E IMGMapper: set:488 set: Unset optional value from type SMPTE2086
10-20 21:37:56.539 13579 13608 E IMGMapper: set:488 set: Unset optional value from type CTA861_3
10-20 21:37:56.556 13579 13608 E IMGMapper: set:488 set: Unset optional value from type SMPTE2086
10-20 21:37:56.556 13579 13608 E IMGMapper: set:488 set: Unset optional value from type CTA861_3
10-20 21:37:56.573 13579 13608 E IMGMapper: set:488 set: Unset optional value from type SMPTE2086
10-20 21:37:56.573 13579 13608 E IMGMapper: set:488 set: Unset optional value from type CTA861_3
10-20 21:37:56.590 13579 13608 E IMGMapper: set:488 set: Unset optional value from type SMPTE2086
10-20 21:37:56.590 13579 13608 E IMGMapper: set:488 set: Unset optional value from type CTA861_3
10-20 21:37:56.607 13579 13608 E IMGMapper: set:488 set: Unset optional value from type SMPTE2086
10-20 21:37:56.607 13579 13608 E IMGMapper: set:488 set: Unset optional value from type CTA861_3
10-20 21:37:56.624 13579 13608 E IMGMapper: set:488 set: Unset optional value from type SMPTE2086
10-20 21:37:56.625 13579 13608 E IMGMapper: set:488 set: Unset optional value from type CTA861_3
10-20 21:37:56.636 24250 24342 D TrafficStats: tagSocket(6) with statsTag=0xffffffff, statsUid=-1
10-20 21:37:56.636  2521  2618 D MobileStatusTracker(0/2): onSignalStrengthsChanged level=4, vendorLevel=3
10-20 21:37:56.640  2521  2618 D MobileSignalController(0/2): notifyListener: enabled=true, connected=true, dataConnected=true, networkType=LTE (4G), emergencyOnly=false, roaming=false, isDefault=false, dataActivity=, level=3, ca=false, mmWave=false, disabledDataIcon=false, simCard=ETC
10-20 21:37:56.640  2521  2618 D NetworkController: SignalStrength from intent slotId=0
10-20 21:37:56.641 13579 13608 E IMGMapper: set:488 set: Unset optional value from type SMPTE2086
10-20 21:37:56.641 13579 13608 E IMGMapper: set:488 set: Unset optional value from type CTA861_3
10-20 21:37:56.657 13579 13608 E IMGMapper: set:488 set: Unset optional value from type SMPTE2086
10-20 21:37:56.657 13579 13608 E IMGMapper: set:488 set: Unset optional value from type CTA861_3
10-20 21:37:56.673 13579 13608 E IMGMapper: set:488 set: Unset optional value from type SMPTE2086
10-20 21:37:56.673 13579 13608 E IMGMapper: set:488 set: Unset optional value from type CTA861_3
10-20 21:37:56.690 13579 13608 E IMGMapper: set:488 set: Unset optional value from type SMPTE2086
10-20 21:37:56.691 13579 13608 E IMGMapper: set:488 set: Unset optional value from type CTA861_3
10-20 21:37:56.706 13579 13608 E IMGMapper: set:488 set: Unset optional value from type SMPTE2086
10-20 21:37:56.706 13579 13608 E IMGMapper: set:488 set: Unset optional value from type CTA861_3
10-20 21:37:56.724 13579 13608 E IMGMapper: set:488 set: Unset optional value from type SMPTE2086
10-20 21:37:56.724 13579 13608 E IMGMapper: set:488 set: Unset optional value from type CTA861_3
10-20 21:37:56.741 13579 13608 E IMGMapper: set:488 set: Unset optional value from type SMPTE2086
10-20 21:37:56.741 13579 13608 E IMGMapper: set:488 set: Unset optional value from type CTA861_3
10-20 21:37:56.755 13579 13608 E IMGMapper: set:488 set: Unset optional value from type SMPTE2086
10-20 21:37:56.755 13579 13608 E IMGMapper: set:488 set: Unset optional value from type CTA861_3
10-20 21:37:56.771 13579 13608 E IMGMapper: set:488 set: Unset optional value from type SMPTE2086
10-20 21:37:56.771 13579 13608 E IMGMapper: set:488 set: Unset optional value from type CTA861_3
10-20 21:37:56.907  1483  2471 D NetdEventListenerService: DNS Requested by : 475, 11011
10-20 21:37:56.908 24250  5698 D TrafficStats: tagSocket(6) with statsTag=0xffffffff, statsUid=-1
10-20 21:37:57.142  1205  1205 I thermal_repeater: socket -1
10-20 21:37:57.220  1045  1056 D ccci_mdinit: (1):monitor_time_update_thread round:143959 ########
10-20 21:37:57.587  2486  2486 I WifiHAL : Get link layer stats
10-20 21:37:57.587  2486  2486 I WifiHAL : GetLinkStatsCommand::create
10-20 21:37:57.587  2486  2486 D android.hardware.wifi@1.0-service-lazy: WifiRequest::create vendor command to iface 38, vendor_id=0x1a11, subcmd=0x1200, res=0
10-20 21:37:57.587  2486  2486 I android.hardware.wifi@1.0-service-lazy: WifiCommand::requestResponse err=-95
10-20 21:37:57.587  2486  2486 I WifiHAL : wifi_get_link_stats: result=-3
10-20 21:37:57.589  1483  2363 E WifiVendorHal: getWifiLinkLayerStats_1_5_Internal(l.1179) failed {.code = ERROR_NOT_SUPPORTED, .description = }
10-20 21:37:57.596  1483  3390 D SemWifiUsabilityStatsMonitor: onWifiUsabilityStats - seqNum 545127, isSameBssidAndFreq true
10-20 21:37:57.600  1483  2437 I SemWifiLinkQualityMonitor: Link Qos query: inf. ms / 0 Mbps
10-20 21:37:57.645  1483  1502 D InputDispatcher: Inject key (13879/2000): action=0, f=0x0, d=-1, time=2556474947000000
10-20 21:37:57.645  1483  1502 D WindowManager: interceptKeyTq keycode=4 interactive=true keyguardActive=false policyFlags=2b000000
10-20 21:37:57.645  1483  1502 D PhoneWindowManagerExt: interceptKeyTq code=4 down=true repeatCount=0 displayId=-1 interactive=true
