11-05 23:20:55.262  1014  1065 I libPowerHal: vendor.samsung.: cpu_ctrl set cpu freq: -1 -1 1138000 -1
11-05 23:20:55.263   896   910 I mtkpower_client: ret_hdl:1047362
11-05 23:20:55.263  1014  1065 I libPowerHal: [perfLockAcq] idx:0 hdl:1047362 hint:-1 pid:896 duration:0 lock_user:vendor.samsung. => ret_hdl:1047362
11-05 23:20:55.263  1014  1065 I libPowerHal: vendor.samsung.: cpu_ctrl set cpu freq: 1218000 -1 1138000 -1
11-05 23:20:55.268 15523 16158 D skia    : SkJpegCodec::onGetPixels +
11-05 23:20:55.278 15523 15548 E IMGMapper: set:488 set: Unset optional value from type SMPTE2086
11-05 23:20:55.278 15523 15548 E IMGMapper: set:488 set: Unset optional value from type CTA861_3
11-05 23:20:55.293 15523 16158 D skia    : SkJpegCodec::onGetPixels -
11-05 23:20:55.295 15523 15548 E IMGMapper: set:488 set: Unset optional value from type SMPTE2086
11-05 23:20:55.296 15523 15548 E IMGMapper: set:488 set: Unset optional value from type CTA861_3
11-05 23:20:55.311 15523 15548 E IMGMapper: set:488 set: Unset optional value from type SMPTE2086
11-05 23:20:55.312 15523 15548 E IMGMapper: set:488 set: Unset optional value from type CTA861_3
11-05 23:20:55.316 15628 15628 I wpa_supplicant: Heartbeat 841
11-05 23:20:55.332 15523 15548 E IMGMapper: set:488 set: Unset optional value from type SMPTE2086
11-05 23:20:55.332 15523 15548 E IMGMapper: set:488 set: Unset optional value from type CTA861_3
11-05 23:20:55.351 15523 15548 E IMGMapper: set:488 set: Unset optional value from type SMPTE2086
11-05 23:20:55.351 15523 15548 E IMGMapper: set:488 set: Unset optional value from type CTA861_3
11-05 23:20:55.373 15523 16156 D skia    : SkJpegCodec::onGetPixels +
11-05 23:20:55.377 15523 15548 E IMGMapper: set:488 set: Unset optional value from type SMPTE2086
11-05 23:20:55.377 15523 15548 E IMGMapper: set:488 set: Unset optional value from type CTA861_3
11-05 23:20:55.383 15523 16155 D skia    : SkJpegCodec::onGetPixels +
11-05 23:20:55.396 15523 15548 E IMGMapper: set:488 set: Unset optional value from type SMPTE2086
11-05 23:20:55.397 15523 15548 E IMGMapper: set:488 set: Unset optional value from type CTA861_3
11-05 23:20:55.399 15523 16156 D skia    : SkJpegCodec::onGetPixels -
11-05 23:20:55.409 15523 16155 D skia    : SkJpegCodec::onGetPixels -
11-05 23:20:55.435 15523 15548 E IMGMapper: set:488 set: Unset optional value from type SMPTE2086
11-05 23:20:55.435 15523 15548 E IMGMapper: set:488 set: Unset optional value from type CTA861_3
11-05 23:20:55.452 15523 15548 E IMGMapper: set:488 set: Unset optional value from type SMPTE2086
11-05 23:20:55.453 15523 15548 E IMGMapper: set:488 set: Unset optional value from type CTA861_3
11-05 23:20:55.465 15523 15548 E IMGMapper: set:488 set: Unset optional value from type SMPTE2086
11-05 23:20:55.465 15523 15548 E IMGMapper: set:488 set: Unset optional value from type CTA861_3
11-05 23:20:55.480 15523 15548 E IMGMapper: set:488 set: Unset optional value from type SMPTE2086
11-05 23:20:55.480 15523 15548 E IMGMapper: set:488 set: Unset optional value from type CTA861_3
11-05 23:20:55.491 16340 16340 W ziparchive: Unable to open '/data/app/~~C9HGX9vOHIcUitoLJNc36g==/com.google.android.apps.messaging-7FVlpX0gPGIu6O1TKafHKQ==/split_config.arm64_v8a.dm': No such file or directory
11-05 23:20:55.491 16340 16340 W ziparchive: Unable to open '/data/app/~~C9HGX9vOHIcUitoLJNc36g==/com.google.android.apps.messaging-7FVlpX0gPGIu6O1TKafHKQ==/split_config.arm64_v8a.dm': No such file or directory
11-05 23:20:55.493 16340 16340 W .apps.messaging: Entry not found
11-05 23:20:55.495 16340 16340 W ziparchive: Unable to open '/data/app/~~C9HGX9vOHIcUitoLJNc36g==/com.google.android.apps.messaging-7FVlpX0gPGIu6O1TKafHKQ==/split_config.pt.dm': No such file or directory
11-05 23:20:55.495 16340 16340 W ziparchive: Unable to open '/data/app/~~C9HGX9vOHIcUitoLJNc36g==/com.google.android.apps.messaging-7FVlpX0gPGIu6O1TKafHKQ==/split_config.pt.dm': No such file or directory
11-05 23:20:55.496 15523 15548 E IMGMapper: set:488 set: Unset optional value from type SMPTE2086
11-05 23:20:55.496 15523 15548 E IMGMapper: set:488 set: Unset optional value from type CTA861_3
11-05 23:20:55.496 16340 16340 W .apps.messaging: Entry not found
11-05 23:20:55.497 16340 16340 W ziparchive: Unable to open '/data/app/~~C9HGX9vOHIcUitoLJNc36g==/com.google.android.apps.messaging-7FVlpX0gPGIu6O1TKafHKQ==/split_config.xhdpi.dm': No such file or directory
11-05 23:20:55.497 16340 16340 W ziparchive: Unable to open '/data/app/~~C9HGX9vOHIcUitoLJNc36g==/com.google.android.apps.messaging-7FVlpX0gPGIu6O1TKafHKQ==/split_config.xhdpi.dm': No such file or directory
11-05 23:20:55.498 16340 16340 W .apps.messaging: Entry not found
11-05 23:20:55.503 16340 16340 D nativeloader: Configuring clns-5 for other apk /data/app/~~C9HGX9vOHIcUitoLJNc36g==/com.google.android.apps.messaging-7FVlpX0gPGIu6O1TKafHKQ==/base.apk:/data/app/~~C9HGX9vOHIcUitoLJNc36g==/com.google.android.apps.messaging-7FVlpX0gPGIu6O1TKafHKQ==/split_config.arm64_v8a.apk:/data/app/~~C9HGX9vOHIcUitoLJNc36g==/com.google.android.apps.messaging-7FVlpX0gPGIu6O1TKafHKQ==/split_config.pt.apk:/data/app/~~C9HGX9vOHIcUitoLJNc36g==/com.google.android.apps.messaging-7FVlpX0gPGIu6O1TKafHKQ==/split_config.xhdpi.apk. target_sdk_version=36, uses_libraries=, library_path=/data/app/~~C9HGX9vOHIcUitoLJNc36g==/com.google.android.apps.messaging-7FVlpX0gPGIu6O1TKafHKQ==/lib/arm64:/data/app/~~C9HGX9vOHIcUitoLJNc36g==/com.google.android.apps.messaging-7FVlpX0gPGIu6O1TKafHKQ==/base.apk!/lib/arm64-v8a:/data/app/~~C9HGX9vOHIcUitoLJNc36g==/com.google.android.apps.messaging-7FVlpX0gPGIu6O1TKafHKQ==/split_config.arm64_v8a.apk!/lib/arm64-v8a:/data/app/~~C9HGX9vOHIcUitoLJNc36g==/com.google.android.apps.messaging-7FVlpX0gPGIu6O1TKafHKQ==/split_config.
11-05 23:20:55.513 15523 15548 E IMGMapper: set:488 set: Unset optional value from type SMPTE2086
11-05 23:20:55.513 15523 15548 E IMGMapper: set:488 set: Unset optional value from type CTA861_3
11-05 23:20:55.530 15523 15548 E IMGMapper: set:488 set: Unset optional value from type SMPTE2086
11-05 23:20:55.530 15523 15548 E IMGMapper: set:488 set: Unset optional value from type CTA861_3
11-05 23:20:55.544 15523 15548 E IMGMapper: set:488 set: Unset optional value from type SMPTE2086
11-05 23:20:55.544 15523 15548 E IMGMapper: set:488 set: Unset optional value from type CTA861_3
11-05 23:20:55.548 16340 16340 V GraphicsEnvironment: ANGLE Developer option for 'com.google.android.apps.messaging' set to: 'default'
11-05 23:20:55.549 16340 16340 V GraphicsEnvironment: ANGLE GameManagerService for com.google.android.apps.messaging: false
11-05 23:20:55.550 16340 16340 V GraphicsEnvironment: Neither updatable production driver nor prerelease driver is supported.
11-05 23:20:55.559 16340 16340 D NetworkSecurityConfig: No Network Security Config specified, using platform default
11-05 23:20:55.561 15523 15548 E IMGMapper: set:488 set: Unset optional value from type SMPTE2086
11-05 23:20:55.561 15523 15548 E IMGMapper: set:488 set: Unset optional value from type CTA861_3
11-05 23:20:55.567 16340 16366 W ResourcesOffloading: An exception occurred : 
11-05 23:20:55.567 16340 16366 W ResourcesOffloading: android.content.res.Resources$NotFoundException: Resource ID #0x7f080161
11-05 23:20:55.567 16340 16366 W ResourcesOffloading: 	at android.content.res.ResourcesImpl.getValueForDensity(ResourcesImpl.java:251)
11-05 23:20:55.567 16340 16366 W ResourcesOffloading: 	at android.content.res.Resources.offloadDrawable(Resources.java:2916)
11-05 23:20:55.567 16340 16366 W ResourcesOffloading: 	at android.app.ResourcesOffloading$ResourcesOffloadingRunnable.run(ResourcesOffloading.java:94)
11-05 23:20:55.567 16340 16366 W ResourcesOffloading: 	at java.lang.Thread.run(Thread.java:1012)
11-05 23:20:55.569 16340 16340 D NetworkSecurityConfig: No Network Security Config specified, using platform default
11-05 23:20:55.574 16340 16340 I MultiDex: VM with version 2.1.0 has multidex support
11-05 23:20:55.575 16340 16340 I MultiDex: Installing application
11-05 23:20:55.575 16340 16340 I MultiDex: VM has multidex support, MultiDex support library is disabled.
11-05 23:20:55.579 15523 15548 E IMGMapper: set:488 set: Unset optional value from type SMPTE2086
11-05 23:20:55.579 15523 15548 E IMGMapper: set:488 set: Unset optional value from type CTA861_3
11-05 23:20:55.596 15523 15548 E IMGMapper: set:488 set: Unset optional value from type SMPTE2086
11-05 23:20:55.596 15523 15548 E IMGMapper: set:488 set: Unset optional value from type CTA861_3
11-05 23:20:55.600  1039  1039 I BufferQueueProducer: [com.cinemamovel/com.cinemamovel.MainActivity$_15523#687207](this:0xb400007a262e1838,id:-1,api:0,p:-1,c:1039) queueBuffer: fps=53.17 dur=1015.64 max=83.50 min=16.32
11-05 23:20:55.602   991   991 I hwcomposer: [HWCDisplay] [Display_0 (type:1)] fps:53.147049,dur:1016.05,max:83.64,min:15.55  
11-05 23:20:55.615 15523 15548 E IMGMapper: set:488 set: Unset optional value from type SMPTE2086
11-05 23:20:55.615 15523 15548 E IMGMapper: set:488 set: Unset optional value from type CTA861_3
11-05 23:20:55.621 15523 16156 D skia    : SkJpegCodec::onGetPixels +
11-05 23:20:55.631 15523 15548 E IMGMapper: set:488 set: Unset optional value from type SMPTE2086
11-05 23:20:55.631 15523 15548 E IMGMapper: set:488 set: Unset optional value from type CTA861_3
11-05 23:20:55.640 15523 16156 D skia    : SkJpegCodec::onGetPixels -
11-05 23:20:55.643  1187  1884 D CompatibilityChangeReporter: Compat change id reported: 161145287; UID 10201; state: DISABLED
11-05 23:20:55.645 15523 15548 E IMGMapper: set:488 set: Unset optional value from type SMPTE2086
11-05 23:20:55.645 15523 15548 E IMGMapper: set:488 set: Unset optional value from type CTA861_3
11-05 23:20:55.657 16340 16340 I ejer    : SslGuard completed installation.
11-05 23:20:55.663 15523 15548 E IMGMapper: set:488 set: Unset optional value from type SMPTE2086
11-05 23:20:55.663 15523 15548 E IMGMapper: set:488 set: Unset optional value from type CTA861_3
11-05 23:20:55.669 16340 16340 I Bugle   : BugleApplicationBase: Bugle version: messages.android_20251009_00_rc00.phone_samsung_dynamic , Bugle version code: 291322900
11-05 23:20:55.671 16340 16340 I Bugle   : DarkModeManager: setDarkMode: -1
11-05 23:20:55.673 16340 16380 I stetho  : Listening on @stetho_com.google.android.apps.messaging_devtools_remote
11-05 23:20:55.678 15523 15548 E IMGMapper: set:488 set: Unset optional value from type SMPTE2086
11-05 23:20:55.678 15523 15548 E IMGMapper: set:488 set: Unset optional value from type CTA861_3
11-05 23:20:55.680  6477  6477 W Finsky  : [2] STU: Failed to get storage stats for package 'com.google.android.tzdata4' (1601: Error getting stats: android.content.pm.PackageManager.NameNotFoundException)
11-05 23:20:55.710 15523 15548 E IMGMapper: set:488 set: Unset optional value from type SMPTE2086
11-05 23:20:55.710 15523 15548 E IMGMapper: set:488 set: Unset optional value from type CTA861_3
11-05 23:20:55.723 15523 15548 E IMGMapper: set:488 set: Unset optional value from type SMPTE2086
11-05 23:20:55.723 15523 15548 E IMGMapper: set:488 set: Unset optional value from type CTA861_3
11-05 23:20:55.755  6477  6477 W Finsky  : [2] STU: Failed to get storage stats for package 'com.google.android.permission' (1601: Error getting stats: android.content.pm.PackageManager.NameNotFoundException)
11-05 23:20:55.767 15523 15548 E IMGMapper: set:488 set: Unset optional value from type SMPTE2086
11-05 23:20:55.767 15523 15548 E IMGMapper: set:488 set: Unset optional value from type CTA861_3
11-05 23:20:55.778 15523 15548 E IMGMapper: set:488 set: Unset optional value from type SMPTE2086
11-05 23:20:55.778 15523 15548 E IMGMapper: set:488 set: Unset optional value from type CTA861_3
11-05 23:20:55.795 15523 15548 E IMGMapper: set:488 set: Unset optional value from type SMPTE2086
11-05 23:20:55.796 15523 15548 E IMGMapper: set:488 set: Unset optional value from type CTA861_3
11-05 23:20:55.808 15523 16160 D skia    : SkJpegCodec::onGetPixels +
11-05 23:20:55.812 15523 15548 E IMGMapper: set:488 set: Unset optional value from type SMPTE2086
11-05 23:20:55.812 15523 15548 E IMGMapper: set:488 set: Unset optional value from type CTA861_3
11-05 23:20:55.818 15523 16156 D skia    : SkJpegCodec::onGetPixels +
11-05 23:20:55.826 15523 16160 D skia    : SkJpegCodec::onGetPixels -
11-05 23:20:55.829 15523 15548 E IMGMapper: set:488 set: Unset optional value from type SMPTE2086
11-05 23:20:55.829 15523 15548 E IMGMapper: set:488 set: Unset optional value from type CTA861_3
11-05 23:20:55.836 15523 16156 D skia    : SkJpegCodec::onGetPixels -
11-05 23:20:55.847 15523 15548 E IMGMapper: set:488 set: Unset optional value from type SMPTE2086
11-05 23:20:55.847 15523 15548 E IMGMapper: set:488 set: Unset optional value from type CTA861_3
11-05 23:20:55.853 16340 16369 I ForwardSyncCache: reclaimMemory: Clearing caches
11-05 23:20:55.866 15523 15548 E IMGMapper: set:488 set: Unset optional value from type SMPTE2086
11-05 23:20:55.866 15523 15548 E IMGMapper: set:488 set: Unset optional value from type CTA861_3
11-05 23:20:55.878 16340 16377 I Bugle   : DatabaseHelperBasic.doInitializationTraced
11-05 23:20:55.880 15523 15548 E IMGMapper: set:488 set: Unset optional value from type SMPTE2086
11-05 23:20:55.880 15523 15548 E IMGMapper: set:488 set: Unset optional value from type CTA861_3
11-05 23:20:55.887 16340 16382 I Bugle   : DatabaseHelperBasic.doInitializationTraced
11-05 23:20:55.889  1187  1792 I GenerationRegistry: mBackingStore.isClosed() : false
11-05 23:20:55.897 15523 15548 E IMGMapper: set:488 set: Unset optional value from type SMPTE2086
11-05 23:20:55.897 15523 15548 E IMGMapper: set:488 set: Unset optional value from type CTA861_3
11-05 23:20:55.909 15523 16158 D skia    : SkJpegCodec::onGetPixels +
11-05 23:20:55.913 15523 15548 E IMGMapper: set:488 set: Unset optional value from type SMPTE2086
11-05 23:20:55.913 15523 15548 E IMGMapper: set:488 set: Unset optional value from type CTA861_3
11-05 23:20:55.923 15523 16155 D skia    : SkJpegCodec::onGetPixels +
11-05 23:20:55.927 15523 16158 D skia    : SkJpegCodec::onGetPixels -
11-05 23:20:55.936 15523 15548 E IMGMapper: set:488 set: Unset optional value from type SMPTE2086
11-05 23:20:55.937 15523 15548 E IMGMapper: set:488 set: Unset optional value from type CTA861_3
11-05 23:20:55.946 15523 16155 D skia    : SkJpegCodec::onGetPixels -
11-05 23:20:55.953 16340 16373 D SemCarrierFeature: update default carrier features
11-05 23:20:55.955 15523 15548 E IMGMapper: set:488 set: Unset optional value from type SMPTE2086
11-05 23:20:55.955 15523 15548 E IMGMapper: set:488 set: Unset optional value from type CTA861_3
11-05 23:20:55.959 16340 16373 D FeatureUtil: filePath /optics/configs/carriers/single/ZTO/conf/system/customer_carrier_feature.json carrierGroup ZTO canonicalId -1
11-05 23:20:55.985 15523 15548 E IMGMapper: set:488 set: Unset optional value from type SMPTE2086
11-05 23:20:55.985 15523 15548 E IMGMapper: set:488 set: Unset optional value from type CTA861_3
11-05 23:20:55.994 15523 15548 E IMGMapper: set:488 set: Unset optional value from type SMPTE2086
11-05 23:20:55.994 15523 15548 E IMGMapper: set:488 set: Unset optional value from type CTA861_3
11-05 23:20:56.011 15523 15548 E IMGMapper: set:488 set: Unset optional value from type SMPTE2086
11-05 23:20:56.011 15523 15548 E IMGMapper: set:488 set: Unset optional value from type CTA861_3
11-05 23:20:56.029 15523 15548 E IMGMapper: set:488 set: Unset optional value from type SMPTE2086
11-05 23:20:56.029 15523 15548 E IMGMapper: set:488 set: Unset optional value from type CTA861_3
11-05 23:20:56.039 16340 16377 I Bugle   : DatabaseHelperBasic: sqlite version is 3.32.2
11-05 23:20:56.044 16340 16377 I Bugle   : DatabaseHelperBasic.doInitializationTraced() returned SQLiteDatabase: /data/user/0/com.google.android.apps.messaging/databases/bugle_backup_db
11-05 23:20:56.045 16340 16377 I Bugle   : DatabaseHelperBasic.doInitializationTraced returned SQLiteDatabase: /data/user/0/com.google.android.apps.messaging/databases/bugle_backup_db
11-05 23:20:56.045 15523 15548 E IMGMapper: set:488 set: Unset optional value from type SMPTE2086
11-05 23:20:56.045 15523 15548 E IMGMapper: set:488 set: Unset optional value from type CTA861_3
11-05 23:20:56.048  1205  1205 I thermal_repeater: socket -1
11-05 23:20:56.054 16340 16373 D FeatureUtil: filePath /omr/carrier/0/customer_carrier_feature.json carrierGroup ZTO canonicalId -1
11-05 23:20:56.062 16340 16373 D SemCarrierFeature: update carrier features : 0/31209
11-05 23:20:56.062 16340 16373 D FeatureUtil: filePath /optics/configs/carriers/single/ZTO/conf/system/customer_carrier_feature.json carrierGroup ZTO canonicalId 31209
11-05 23:20:56.063 15523 15548 E IMGMapper: set:488 set: Unset optional value from type SMPTE2086
11-05 23:20:56.063 15523 15548 E IMGMapper: set:488 set: Unset optional value from type CTA861_3
11-05 23:20:56.063 16340 16373 D FeatureUtil: filePath /omr/carrier/0/customer_carrier_feature.json carrierGroup ZTO canonicalId 31209
11-05 23:20:56.064 16340 16373 D SemCarrierFeature: update default carrier features
11-05 23:20:56.064 16340 16373 D FeatureUtil: filePath /optics/configs/carriers/single/ZTO/conf/system/customer_carrier_feature.json carrierGroup ZTO canonicalId -1
11-05 23:20:56.066 16340 16373 D FeatureUtil: filePath /omr/carrier/1/customer_carrier_feature.json carrierGroup ZTO canonicalId -1
11-05 23:20:56.076 16340 16373 D SemCarrierFeature: update carrier features : 1/31212
11-05 23:20:56.076 16340 16373 D FeatureUtil: filePath /optics/configs/carriers/single/ZTO/conf/system/customer_carrier_feature.json carrierGroup ZTO canonicalId 31212
11-05 23:20:56.077 16340 16373 D FeatureUtil: filePath /omr/carrier/1/customer_carrier_feature.json carrierGroup ZTO canonicalId 31212
11-05 23:20:56.079 15523 15548 E IMGMapper: set:488 set: Unset optional value from type SMPTE2086
11-05 23:20:56.079 15523 15548 E IMGMapper: set:488 set: Unset optional value from type CTA861_3
11-05 23:20:56.094 15523 15548 E IMGMapper: set:488 set: Unset optional value from type SMPTE2086
11-05 23:20:56.095 15523 15548 E IMGMapper: set:488 set: Unset optional value from type CTA861_3
11-05 23:20:56.113 15523 15548 E IMGMapper: set:488 set: Unset optional value from type SMPTE2086
11-05 23:20:56.113 15523 15548 E IMGMapper: set:488 set: Unset optional value from type CTA861_3
11-05 23:20:56.133 15523 15548 E IMGMapper: set:488 set: Unset optional value from type SMPTE2086
11-05 23:20:56.133 15523 15548 E IMGMapper: set:488 set: Unset optional value from type CTA861_3
11-05 23:20:56.146 15523 15548 E IMGMapper: set:488 set: Unset optional value from type SMPTE2086
11-05 23:20:56.146 15523 15548 E IMGMapper: set:488 set: Unset optional value from type CTA861_3
11-05 23:20:56.162 15523 15548 E IMGMapper: set:488 set: Unset optional value from type SMPTE2086
11-05 23:20:56.162 15523 15548 E IMGMapper: set:488 set: Unset optional value from type CTA861_3
11-05 23:20:56.178 15523 15548 E IMGMapper: set:488 set: Unset optional value from type SMPTE2086
11-05 23:20:56.179 15523 15548 E IMGMapper: set:488 set: Unset optional value from type CTA861_3
11-05 23:20:56.184 16340 16373 I Bugle   : Initializing EmojiCompat
11-05 23:20:56.188 16340 16373 I CarrierServices: Initializing Carrier Services Library. [CONTEXT thread_id=1663 ]
11-05 23:20:56.200 15523 15548 E IMGMapper: set:488 set: Unset optional value from type SMPTE2086
11-05 23:20:56.200 15523 15548 E IMGMapper: set:488 set: Unset optional value from type CTA861_3
11-05 23:20:56.201 16493 22780 I FontLog : (REDACTED) Received query %s, URI %s
11-05 23:20:56.201 16493 22780 I FontLog : (REDACTED) Query [%s] resolved to %s
11-05 23:20:56.207 16493 22780 I FontLog : (REDACTED) Fetch %s end status %s
11-05 23:20:56.207 16493 16508 I FontLog : (REDACTED) Received query %s, URI %s
11-05 23:20:56.208 16493 16508 I FontLog : (REDACTED) Query [%s] resolved to %s
11-05 23:20:56.210 16493 18290 I FontLog : (REDACTED) Pulling font file for id = %d, cache size = %d
11-05 23:20:56.212 16493 16508 I FontLog : (REDACTED) Fetch %s end status %s
11-05 23:20:56.215 16493 22780 I FontLog : (REDACTED) Pulling font file for id = %d, cache size = %d
11-05 23:20:56.216 15523 15548 E IMGMapper: set:488 set: Unset optional value from type SMPTE2086
11-05 23:20:56.216 15523 15548 E IMGMapper: set:488 set: Unset optional value from type CTA861_3
11-05 23:20:56.217 16340 16373 I CarrierServices: Initializing Carrier Services Logging. [CONTEXT thread_id=1663 ]
11-05 23:20:56.221 16493 22780 I FontLog : (REDACTED) Pulling font file for id = %d, cache size = %d
11-05 23:20:56.224 16493 22780 I FontLog : (REDACTED) Pulling font file for id = %d, cache size = %d
11-05 23:20:56.226 15523 15548 E IMGMapper: set:488 set: Unset optional value from type SMPTE2086
11-05 23:20:56.226 15523 15548 E IMGMapper: set:488 set: Unset optional value from type CTA861_3
11-05 23:20:56.232 16340 16373 I LogSaver: LogSaver new instance with filename: carrier_services
11-05 23:20:56.245 15523 15548 E IMGMapper: set:488 set: Unset optional value from type SMPTE2086
11-05 23:20:56.246 15523 15548 E IMGMapper: set:488 set: Unset optional value from type CTA861_3
11-05 23:20:56.261 15523 15548 E IMGMapper: set:488 set: Unset optional value from type SMPTE2086
11-05 23:20:56.262 15523 15548 E IMGMapper: set:488 set: Unset optional value from type CTA861_3
11-05 23:20:56.281 15523 15548 E IMGMapper: set:488 set: Unset optional value from type SMPTE2086
11-05 23:20:56.281 15523 15548 E IMGMapper: set:488 set: Unset optional value from type CTA861_3
11-05 23:20:56.296 15523 15548 E IMGMapper: set:488 set: Unset optional value from type SMPTE2086
11-05 23:20:56.296 15523 15548 E IMGMapper: set:488 set: Unset optional value from type CTA861_3
11-05 23:20:56.311 15523 15548 E IMGMapper: set:488 set: Unset optional value from type SMPTE2086
11-05 23:20:56.311 15523 15548 E IMGMapper: set:488 set: Unset optional value from type CTA861_3
11-05 23:20:56.329 15523 15548 E IMGMapper: set:488 set: Unset optional value from type SMPTE2086
11-05 23:20:56.329 15523 15548 E IMGMapper: set:488 set: Unset optional value from type CTA861_3
11-05 23:20:56.346 15523 15548 E IMGMapper: set:488 set: Unset optional value from type SMPTE2086
11-05 23:20:56.346 15523 15548 E IMGMapper: set:488 set: Unset optional value from type CTA861_3
11-05 23:20:56.363 15523 15548 E IMGMapper: set:488 set: Unset optional value from type SMPTE2086
11-05 23:20:56.363 15523 15548 E IMGMapper: set:488 set: Unset optional value from type CTA861_3
11-05 23:20:56.380 15523 15548 E IMGMapper: set:488 set: Unset optional value from type SMPTE2086
11-05 23:20:56.380 15523 15548 E IMGMapper: set:488 set: Unset optional value from type CTA861_3
11-05 23:20:56.398 15523 15548 E IMGMapper: set:488 set: Unset optional value from type SMPTE2086
11-05 23:20:56.398 15523 15548 E IMGMapper: set:488 set: Unset optional value from type CTA861_3
11-05 23:20:56.413 15523 15548 E IMGMapper: set:488 set: Unset optional value from type SMPTE2086
11-05 23:20:56.413 15523 15548 E IMGMapper: set:488 set: Unset optional value from type CTA861_3
11-05 23:20:56.431 15523 15548 E IMGMapper: set:488 set: Unset optional value from type SMPTE2086
11-05 23:20:56.431 15523 15548 E IMGMapper: set:488 set: Unset optional value from type CTA861_3
11-05 23:20:56.435  1737  1942 D MobileStatusTracker(0/2): onSignalStrengthsChanged level=3, vendorLevel=3
11-05 23:20:56.437  1737  1942 D MobileSignalController(0/2): notifyListener: enabled=true, connected=true, dataConnected=true, networkType=LTE (4G), emergencyOnly=false, roaming=false, isDefault=false, dataActivity=, level=3, ca=false, mmWave=false, disabledDataIcon=false, simCard=ETC
11-05 23:20:56.440  1737  1942 D NetworkController: SignalStrength from intent slotId=0
11-05 23:20:56.448 15523 15548 E IMGMapper: set:488 set: Unset optional value from type SMPTE2086
11-05 23:20:56.448 15523 15548 E IMGMapper: set:488 set: Unset optional value from type CTA861_3
11-05 23:20:56.463 15523 15548 E IMGMapper: set:488 set: Unset optional value from type SMPTE2086
11-05 23:20:56.463 15523 15548 E IMGMapper: set:488 set: Unset optional value from type CTA861_3
11-05 23:20:56.473 16340 16373 I BugleBackup: Registering preference change listener for "bugle".
11-05 23:20:56.484 15523 15548 E IMGMapper: set:488 set: Unset optional value from type SMPTE2086
11-05 23:20:56.484 15523 15548 E IMGMapper: set:488 set: Unset optional value from type CTA861_3
11-05 23:20:56.499 15523 15548 E IMGMapper: set:488 set: Unset optional value from type SMPTE2086
11-05 23:20:56.499 15523 15548 E IMGMapper: set:488 set: Unset optional value from type CTA861_3
11-05 23:20:56.514 15523 15548 E IMGMapper: set:488 set: Unset optional value from type SMPTE2086
11-05 23:20:56.514 15523 15548 E IMGMapper: set:488 set: Unset optional value from type CTA861_3
11-05 23:20:56.520 16340 16377 I Bugle   : TelephonyManagerFactory: Returning per-subscription TelephonyManager (>= N) subscription{id:2}
11-05 23:20:56.528 15523 15548 E IMGMapper: set:488 set: Unset optional value from type SMPTE2086
11-05 23:20:56.529 15523 15548 E IMGMapper: set:488 set: Unset optional value from type CTA861_3
11-05 23:20:56.544 15523 15548 E IMGMapper: set:488 set: Unset optional value from type SMPTE2086
11-05 23:20:56.544 15523 15548 E IMGMapper: set:488 set: Unset optional value from type CTA861_3
11-05 23:20:56.561 15523 15548 E IMGMapper: set:488 set: Unset optional value from type SMPTE2086
11-05 23:20:56.561 15523 15548 E IMGMapper: set:488 set: Unset optional value from type CTA861_3
11-05 23:20:56.572  1187  3223 D InputDispatcher: Inject motion (16391/2000): action=0x0, time=3402578213000000, f=0x0, d=0 dsdx=1.000000 dtdx=0.000000
11-05 23:20:56.575  1187  1534 I InputDispatcher: Delivering touch to (1737): action: 0x4, f=0x0, d=0, 'd92b8ad', t=1 
11-05 23:20:56.575  1187  1534 I InputDispatcher: Delivering touch to (15523): action: 0x0, f=0x0, d=0, '5279eff', t=1 
11-05 23:20:56.575  1187  1534 D PowerManagerService: [api] userActivityFromNative :  (event: 2 flags: 0 displayId: 0) eventTime = 3402578213
11-05 23:20:56.575 15523 15523 I ViewRootImpl@fc90bac[MainActivity]: ViewPostIme pointer 0
11-05 23:20:56.576  1187  1303 I GestureDetector: obtain mCurrentDownEvent. id: -494805255 caller: com.android.server.wm.SystemGesturesPointerEventListener.onPointerEvent:203 com.android.server.wm.PointerEventDispatcher.onInputEvent:53 android.view.InputEventReceiver.dispatchInputEvent:285 
11-05 23:20:56.576  1187  1303 I GestureDetector: obtain mCurrentDownEvent. id: -494805255 caller: com.android.server.wm.SystemPerformancePointerEventListener.onPointerEvent:89 com.android.server.wm.PointerEventDispatcher.onInputEvent:53 android.view.InputEventReceiver.dispatchInputEvent:285 
11-05 23:20:56.580 15523 15548 E IMGMapper: set:488 set: Unset optional value from type SMPTE2086
11-05 23:20:56.580 15523 15548 E IMGMapper: set:488 set: Unset optional value from type CTA861_3
11-05 23:20:56.585  1187  1303 I GestureDetector: obtain mCurrentMotionEventRaw. action: 2 id: -808083109
11-05 23:20:56.586  1187  1303 I GestureDetector: obtain mCurrentMotionEventRaw. action: 2 id: -808083109
11-05 23:20:56.589  8777  8777 I lmkd    : 0(delay), 50(swap), 8(freelimit), 0(reentrymode) memory pressure events were skipped after a kill!
11-05 23:20:56.590   896   910 I mtkpower_client: perf_lock_rel, hdl:1047361, tid:910
11-05 23:20:56.590   896   910 I mtkpower_client: perf_lock_acq, hdl:0, dur:0, num:2, tid:910
11-05 23:20:56.591  1014  1065 I libPowerHal: [perfLockRel] hdl:1047361, idx:1
11-05 23:20:56.592  1014  1065 I libPowerHal: vendor.samsung.: cpu_ctrl set cpu freq: 1218000 -1 -1 -1
11-05 23:20:56.593   896   910 I mtkpower_client: ret_hdl:1047363
11-05 23:20:56.593   896   910 I mtkpower_client: perf_lock_rel, hdl:1047362, tid:910
11-05 23:20:56.593   896   910 I mtkpower_client: perf_lock_acq, hdl:0, dur:0, num:2, tid:910
11-05 23:20:56.593   896   910 I mtkpower_client: ret_hdl:1047364
11-05 23:20:56.593   896   910 I HYPER-HAL: [RequestManager.cpp]releaseLocked(): Released ID : 725427
11-05 23:20:56.593  1014  1065 I libPowerHal: [perfLockAcq] idx:2 hdl:1047363 hint:-1 pid:896 duration:0 lock_user:vendor.samsung. => ret_hdl:1047363
11-05 23:20:56.594  1014  1065 I libPowerHal: vendor.samsung.: cpu_ctrl set cpu freq: 1218000 -1 1138000 -1
11-05 23:20:56.594 15523 15548 E IMGMapper: set:488 set: Unset optional value from type SMPTE2086
11-05 23:20:56.594 15523 15548 E IMGMapper: set:488 set: Unset optional value from type CTA861_3
11-05 23:20:56.594  1014  1065 I libPowerHal: [perfLockRel] hdl:1047362, idx:0
11-05 23:20:56.595  1014  1065 I libPowerHal: vendor.samsung.: cpu_ctrl set cpu freq: -1 -1 1138000 -1
11-05 23:20:56.595  1014  1065 I libPowerHal: [perfLockAcq] idx:1 hdl:1047364 hint:-1 pid:896 duration:0 lock_user:vendor.samsung. => ret_hdl:1047364
11-05 23:20:56.596  1014  1065 I libPowerHal: vendor.samsung.: cpu_ctrl set cpu freq: 1218000 -1 1138000 -1
11-05 23:20:56.611 15523 15548 E IMGMapper: set:488 set: Unset optional value from type SMPTE2086
11-05 23:20:56.611 15523 15548 E IMGMapper: set:488 set: Unset optional value from type CTA861_3
11-05 23:20:56.615  1039  1039 I BufferQueueProducer: [com.cinemamovel/com.cinemamovel.MainActivity$_15523#687207](this:0xb400007a262e1838,id:-1,api:0,p:-1,c:1039) queueBuffer: fps=57.15 dur=1014.93 max=50.32 min=16.25
11-05 23:20:56.617   991   991 I hwcomposer: [HWCDisplay] [Display_0 (type:1)] fps:57.179695,dur:1014.35,max:50.46,min:15.60  
11-05 23:20:56.641 15523 15548 E IMGMapper: set:488 set: Unset optional value from type SMPTE2086
11-05 23:20:56.641 15523 15548 E IMGMapper: set:488 set: Unset optional value from type CTA861_3
11-05 23:20:56.653 15523 15548 E IMGMapper: set:488 set: Unset optional value from type SMPTE2086
11-05 23:20:56.653 15523 15548 E IMGMapper: set:488 set: Unset optional value from type CTA861_3
11-05 23:20:56.661 15523 15548 E IMGMapper: set:488 set: Unset optional value from type SMPTE2086
11-05 23:20:56.661 15523 15548 E IMGMapper: set:488 set: Unset optional value from type CTA861_3
11-05 23:20:56.676 15523 15548 E IMGMapper: set:488 set: Unset optional value from type SMPTE2086
11-05 23:20:56.676 15523 15548 E IMGMapper: set:488 set: Unset optional value from type CTA861_3
11-05 23:20:56.693 15523 15548 E IMGMapper: set:488 set: Unset optional value from type SMPTE2086
11-05 23:20:56.693 15523 15548 E IMGMapper: set:488 set: Unset optional value from type CTA861_3
11-05 23:20:56.709 15523 15548 E IMGMapper: set:488 set: Unset optional value from type SMPTE2086
11-05 23:20:56.709 15523 15548 E IMGMapper: set:488 set: Unset optional value from type CTA861_3
11-05 23:20:56.726 15523 15548 E IMGMapper: set:488 set: Unset optional value from type SMPTE2086
11-05 23:20:56.726 15523 15548 E IMGMapper: set:488 set: Unset optional value from type CTA861_3
11-05 23:20:56.746 15523 15548 E IMGMapper: set:488 set: Unset optional value from type SMPTE2086
11-05 23:20:56.746 15523 15548 E IMGMapper: set:488 set: Unset optional value from type CTA861_3
11-05 23:20:56.747  1200  1324 D ULogGuard: Monitoring: 16 threads, 0 requests, 0 time-bombs; 1 guards. ResetFlags = 0x7
11-05 23:20:56.749   543   543 D io_stats: !@ 179,0 r 628549698 7592944154 w 113805672 1205876876 d 1261336 33797848 f 0 0 iot 323570568 0 th 0 0 0 pt 0 inp 0 13 3402578.390
11-05 23:20:56.749   543   543 D io_stats: !@ DiskUsage: /data 88.52 % used (45997 MB/ 51957 MB)
11-05 23:20:56.750   543   543 D io_stats: !@ MemInfo(KB): total 3867888 free 80152 avail 1173976 actv(f) 520220 inactv(f) 667376 dirty 23404 wb 588 anonpg 1140376 slab 362100
11-05 23:20:56.762 15523 15548 E IMGMapper: set:488 set: Unset optional value from type SMPTE2086
11-05 23:20:56.762 15523 15548 E IMGMapper: set:488 set: Unset optional value from type CTA861_3
11-05 23:20:56.779 15523 15548 E IMGMapper: set:488 set: Unset optional value from type SMPTE2086
11-05 23:20:56.780 15523 15548 E IMGMapper: set:488 set: Unset optional value from type CTA861_3
11-05 23:20:56.804 15523 15548 E IMGMapper: set:488 set: Unset optional value from type SMPTE2086
11-05 23:20:56.805 15523 15548 E IMGMapper: set:488 set: Unset optional value from type CTA861_3
11-05 23:20:56.844 15523 15548 E IMGMapper: set:488 set: Unset optional value from type SMPTE2086
11-05 23:20:56.844 15523 15548 E IMGMapper: set:488 set: Unset optional value from type CTA861_3
11-05 23:20:56.855 15523 15548 E IMGMapper: set:488 set: Unset optional value from type SMPTE2086
11-05 23:20:56.855 15523 15548 E IMGMapper: set:488 set: Unset optional value from type CTA861_3
11-05 23:20:56.875 15523 15548 E IMGMapper: set:488 set: Unset optional value from type SMPTE2086
11-05 23:20:56.875 15523 15548 E IMGMapper: set:488 set: Unset optional value from type CTA861_3
11-05 23:20:56.885  1187  3223 D InputDispatcher: Inject motion (16391/2000): action=0x1, time=3402578526000000, f=0x0, d=0 dsdx=1.000000 dtdx=0.000000
11-05 23:20:56.886  1187  1534 I InputDispatcher: Delivering touch to (15523): action: 0x1, f=0x0, d=0, '5279eff', t=1 
11-05 23:20:56.887 15523 15523 I ViewRootImpl@fc90bac[MainActivity]: ViewPostIme pointer 1
11-05 23:20:56.888  1187  1187 I SemDvfsHyPerManager: acquire hyper - SMOOTH_SCROLL/1187@17, type = -999
11-05 23:20:56.890  1187  1187 D SGM:GameManager: identifyGamePackage. com.cinemamovel, mCurrentUserId: 0, callerUserId: 0, callingMethodInfo: com.android.server.ssrm.fgapps.GameAppUtils.isGame(GameAppUtils.java:84)
11-05 23:20:56.890  1187  1187 D SGM:PkgDataHelper: getGamePkgData(). com.cinemamovel
11-05 23:20:56.891  1187  1187 I SemDvfsHyPerManager: acquire hyper - GESTURE_DETECTED/1187@18, type = -999
11-05 23:20:56.892  1187  1187 D SGM:GameManager: identifyGamePackage. com.cinemamovel, mCurrentUserId: 0, callerUserId: 0, callingMethodInfo: com.android.server.ssrm.fgapps.GameAppUtils.isGame(GameAppUtils.java:84)
11-05 23:20:56.892 15523 15548 E IMGMapper: set:488 set: Unset optional value from type SMPTE2086
11-05 23:20:56.892   896   910 I HYPER-HAL: [RequestManager.cpp]acquire(): Acquired ID : 725427  [1187 / 17]    HINT : SMOOTH_SCROLL    list : 
11-05 23:20:56.892 15523 15548 E IMGMapper: set:488 set: Unset optional value from type CTA861_3
11-05 23:20:56.892  1187  1187 D SGM:PkgDataHelper: getGamePkgData(). com.cinemamovel
11-05 23:20:56.892  1187  1187 I SemDvfsHyPerManager: acquire hyper - GESTURE_DETECTED/1187@18, type = -999
11-05 23:20:56.893  1187  1187 I SemDvfsHyPerManager: acquire hyper - SMOOTH_SCROLL/1187@17, type = -999
11-05 23:20:56.893   896   910 I mtkpower_client: perf_lock_rel, hdl:1047363, tid:910
11-05 23:20:56.893   896   910 I mtkpower_client: perf_lock_acq, hdl:0, dur:0, num:2, tid:910
11-05 23:20:56.894  1014  1065 I libPowerHal: [perfLockRel] hdl:1047363, idx:2
11-05 23:20:56.894  1014  1065 I libPowerHal: vendor.samsung.: cpu_ctrl set cpu freq: 1218000 -1 -1 -1
11-05 23:20:56.895  1014  1065 I libPowerHal: [perfLockAcq] idx:0 hdl:1047365 hint:-1 pid:896 duration:0 lock_user:vendor.samsung. => ret_hdl:1047365
11-05 23:20:56.895   896   910 I mtkpower_client: ret_hdl:1047365
11-05 23:20:56.896   896   910 I mtkpower_client: perf_lock_rel, hdl:1047364, tid:910
11-05 23:20:56.896  1014  1065 I libPowerHal: vendor.samsung.: cpu_ctrl set cpu freq: 1218000 -1 1138000 -1
11-05 23:20:56.897   896   910 I mtkpower_client: perf_lock_acq, hdl:0, dur:0, num:2, tid:910
11-05 23:20:56.897  1014  1065 I libPowerHal: [perfLockRel] hdl:1047364, idx:1
11-05 23:20:56.897  1014  1065 I libPowerHal: vendor.samsung.: cpu_ctrl set cpu freq: -1 -1 1138000 -1
11-05 23:20:56.898   896   910 I mtkpower_client: ret_hdl:1047366
11-05 23:20:56.898   896   910 I mtkpower_client: perf_lock_rel, hdl:1047365, tid:910
11-05 23:20:56.899  1014  1065 I libPowerHal: [perfLockAcq] idx:1 hdl:1047366 hint:-1 pid:896 duration:0 lock_user:vendor.samsung. => ret_hdl:1047366
11-05 23:20:56.899  1014  1065 I libPowerHal: vendor.samsung.: cpu_ctrl set cpu freq: 1218000 -1 1138000 -1
11-05 23:20:56.900   896   910 I mtkpower_client: perf_lock_acq, hdl:0, dur:0, num:2, tid:910
11-05 23:20:56.901  1014  1065 I libPowerHal: [perfLockRel] hdl:1047365, idx:0
11-05 23:20:56.901  1014  1065 I libPowerHal: vendor.samsung.: cpu_ctrl set cpu freq: 1218000 -1 -1 -1
11-05 23:20:56.902   896   910 I mtkpower_client: ret_hdl:1047367
11-05 23:20:56.902   896   910 I mtkpower_client: perf_lock_rel, hdl:1047366, tid:910
11-05 23:20:56.903  1014  1065 I libPowerHal: [perfLockAcq] idx:2 hdl:1047367 hint:-1 pid:896 duration:0 lock_user:vendor.samsung. => ret_hdl:1047367
11-05 23:20:56.903  1014  1065 I libPowerHal: vendor.samsung.: cpu_ctrl set cpu freq: 1218000 -1 1138000 -1
11-05 23:20:56.903   896   910 I mtkpower_client: perf_lock_acq, hdl:0, dur:0, num:2, tid:910
11-05 23:20:56.904  1014  1065 I libPowerHal: [perfLockRel] hdl:1047366, idx:1
11-05 23:20:56.904  1014  1065 I libPowerHal: vendor.samsung.: cpu_ctrl set cpu freq: -1 -1 1138000 -1
11-05 23:20:56.905   896   910 I mtkpower_client: ret_hdl:1047368
11-05 23:20:56.905  1014  1065 I libPowerHal: [perfLockAcq] idx:0 hdl:1047368 hint:-1 pid:896 duration:0 lock_user:vendor.samsung. => ret_hdl:1047368
11-05 23:20:56.905   896   910 I HYPER-HAL: [RequestManager.cpp]releaseLocked(): Released ID : 725427
11-05 23:20:56.905   896   910 I HYPER-HAL: [RequestManager.cpp]acquire(): Acquired ID : 726633  [1187 / 18]    HINT : GESTURE_DETECTED    list : [TIMEOUT / 1702] 
11-05 23:20:56.905   896   910 I HYPER-HAL: [RequestManager.cpp]acquire(): Acquired ID : 726633  [1187 / 18]    HINT : GESTURE_DETECTED    list : [TIMEOUT / 1702] 
11-05 23:20:56.905   896   910 I HYPER-HAL: [RequestManager.cpp]acquire(): Acquired ID : 725427  [1187 / 17]    HINT : SMOOTH_SCROLL    list : 
11-05 23:20:56.905  1014  1065 I libPowerHal: vendor.samsung.: cpu_ctrl set cpu freq: 1218000 -1 1138000 -1
11-05 23:20:56.905   896   910 I mtkpower_client: perf_lock_rel, hdl:1047367, tid:910
11-05 23:20:56.906   896   910 I mtkpower_client: perf_lock_acq, hdl:0, dur:0, num:2, tid:910
11-05 23:20:56.906  1014  1065 I libPowerHal: [perfLockRel] hdl:1047367, idx:2
11-05 23:20:56.906  1014  1065 I libPowerHal: vendor.samsung.: cpu_ctrl set cpu freq: 1218000 -1 -1 -1
11-05 23:20:56.907   896   910 I mtkpower_client: ret_hdl:1047369
11-05 23:20:56.907   896   910 I mtkpower_client: perf_lock_rel, hdl:1047368, tid:910
11-05 23:20:56.907  1014  1065 I libPowerHal: [perfLockAcq] idx:1 hdl:1047369 hint:-1 pid:896 duration:0 lock_user:vendor.samsung. => ret_hdl:1047369
11-05 23:20:56.907 15523 15548 E IMGMapper: set:488 set: Unset optional value from type SMPTE2086
11-05 23:20:56.907 15523 15548 E IMGMapper: set:488 set: Unset optional value from type CTA861_3
11-05 23:20:56.908  1014  1065 I libPowerHal: vendor.samsung.: cpu_ctrl set cpu freq: 1218000 -1 1138000 -1
11-05 23:20:56.908   896   910 I mtkpower_client: perf_lock_acq, hdl:0, dur:0, num:2, tid:910
11-05 23:20:56.908  1014  1065 I libPowerHal: [perfLockRel] hdl:1047368, idx:0
11-05 23:20:56.909  1014  1065 I libPowerHal: vendor.samsung.: cpu_ctrl set cpu freq: -1 -1 1138000 -1
11-05 23:20:56.910   896   910 I mtkpower_client: ret_hdl:1047370
11-05 23:20:56.910  1014  1065 I libPowerHal: [perfLockAcq] idx:0 hdl:1047370 hint:-1 pid:896 duration:0 lock_user:vendor.samsung. => ret_hdl:1047370
11-05 23:20:56.910  1014  1065 I libPowerHal: vendor.samsung.: cpu_ctrl set cpu freq: 1218000 -1 1138000 -1
11-05 23:20:56.924 15523 15548 E IMGMapper: set:488 set: Unset optional value from type SMPTE2086
11-05 23:20:56.925 15523 15548 E IMGMapper: set:488 set: Unset optional value from type CTA861_3
11-05 23:20:56.951 15523 15548 E IMGMapper: set:488 set: Unset optional value from type SMPTE2086
11-05 23:20:56.951 15523 15548 E IMGMapper: set:488 set: Unset optional value from type CTA861_3
11-05 23:20:56.990 16340 16382 I Bugle   : DatabaseHelperBasic: sqlite version is 3.32.2
11-05 23:20:56.997 15523 15548 E IMGMapper: set:488 set: Unset optional value from type SMPTE2086
11-05 23:20:56.997 15523 15548 E IMGMapper: set:488 set: Unset optional value from type CTA861_3
11-05 23:20:57.014 15523 15548 E IMGMapper: set:488 set: Unset optional value from type SMPTE2086
11-05 23:20:57.014 15523 15548 E IMGMapper: set:488 set: Unset optional value from type CTA861_3
11-05 23:20:57.029 15523 15548 E IMGMapper: set:488 set: Unset optional value from type SMPTE2086
11-05 23:20:57.029 15523 15548 E IMGMapper: set:488 set: Unset optional value from type CTA861_3
11-05 23:20:57.038 16493 10885 W BpBinder: Large outgoing transaction of 391248 bytes, interface descriptor <uncached descriptor>, code 4
11-05 23:20:57.044 15523 15548 E IMGMapper: set:488 set: Unset optional value from type SMPTE2086
11-05 23:20:57.044 15523 15548 E IMGMapper: set:488 set: Unset optional value from type CTA861_3
11-05 23:20:57.057 15523 15548 E IMGMapper: set:488 set: Unset optional value from type SMPTE2086
11-05 23:20:57.058 15523 15548 E IMGMapper: set:488 set: Unset optional value from type CTA861_3
11-05 23:20:57.074 15523 15548 E IMGMapper: set:488 set: Unset optional value from type SMPTE2086
11-05 23:20:57.074 15523 15548 E IMGMapper: set:488 set: Unset optional value from type CTA861_3
11-05 23:20:57.092 15523 15548 E IMGMapper: set:488 set: Unset optional value from type SMPTE2086
11-05 23:20:57.092 15523 15548 E IMGMapper: set:488 set: Unset optional value from type CTA861_3
11-05 23:20:57.104 16340 16382 I BugleDataModel: HeavyWorkQueueEmptyObserver: Starting observation of WorkQueueWorkManagerTable
11-05 23:20:57.111 15523 15548 E IMGMapper: set:488 set: Unset optional value from type SMPTE2086
11-05 23:20:57.111 15523 15548 E IMGMapper: set:488 set: Unset optional value from type CTA861_3
11-05 23:20:57.121 15523 16155 D skia    : SkJpegCodec::onGetPixels +
11-05 23:20:57.122 15523 16160 D skia    : SkJpegCodec::onGetPixels +
11-05 23:20:57.123 15523 16158 D skia    : SkJpegCodec::onGetPixels +
11-05 23:20:57.129 15523 15548 E IMGMapper: set:488 set: Unset optional value from type SMPTE2086
11-05 23:20:57.129 15523 15548 E IMGMapper: set:488 set: Unset optional value from type CTA861_3
11-05 23:20:57.131 15523 16156 D skia    : SkJpegCodec::onGetPixels +
11-05 23:20:57.136 16340 16340 D CompatibilityChangeReporter: Compat change id reported: 119147584; UID 10201; state: ENABLED
11-05 23:20:57.139 15523 16155 D skia    : SkJpegCodec::onGetPixels -
11-05 23:20:57.149 15523 16160 D skia    : SkJpegCodec::onGetPixels -
11-05 23:20:57.151 15523 16158 D skia    : SkJpegCodec::onGetPixels -
11-05 23:20:57.158 15523 15548 E IMGMapper: set:488 set: Unset optional value from type SMPTE2086
11-05 23:20:57.158 15523 15548 E IMGMapper: set:488 set: Unset optional value from type CTA861_3
11-05 23:20:57.168 15523 16156 D skia    : SkJpegCodec::onGetPixels -
11-05 23:20:57.175 15523 15548 E IMGMapper: set:488 set: Unset optional value from type SMPTE2086
11-05 23:20:57.175 15523 15548 E IMGMapper: set:488 set: Unset optional value from type CTA861_3
11-05 23:20:57.190 15523 15548 E IMGMapper: set:488 set: Unset optional value from type SMPTE2086
11-05 23:20:57.190 15523 15548 E IMGMapper: set:488 set: Unset optional value from type CTA861_3
11-05 23:20:57.193 16340 16373 I BugleRcsProvisioning: BugleSystemBindingManager: onBuglePhenotypeFlagChanged
11-05 23:20:57.196 16340 16373 I BugleTransport: Not kicking off update transport registration because RCS provisioning change has not been received.
11-05 23:20:57.196  1187  1792 D PackageManager: setEnabledSetting : userId = 0 packageName = com.google.android.apps.messaging cmp = com.google.android.ims.binding.SystemBindingService newState = 1 callingPackage = 10201/com.google.android.apps.messaging
11-05 23:20:57.199  1187  1792 D ApplicationPolicy: getApplicationStateEnabled : pkg = com.google.android.apps.messaging userId : 0
11-05 23:20:57.202  1187  1792 D ApplicationPolicy: getApplicationComponentState : pkg = com.google.android.apps.messaging userId : 0
11-05 23:20:57.205 15523 15548 E IMGMapper: set:488 set: Unset optional value from type SMPTE2086
11-05 23:20:57.205 15523 15548 E IMGMapper: set:488 set: Unset optional value from type CTA861_3
11-05 23:20:57.209 16340 16396 I BugleRcsEngine: getConfigServerUrl without simId [CONTEXT log_prefix="ProvisioningServerUtil" thread_id=1677 ]
11-05 23:20:57.209 16340 16370 I BugleRcsEngine: SystemBinding enabled: true [CONTEXT log_prefix="SystemBindingManager" thread_id=1660 ]
11-05 23:20:57.212 16340 16370 I BugleRcsEngine: System Binding updated [CONTEXT thread_id=1660 ]
11-05 23:20:57.212 16340 16397 I BugleRcsEngine: getConfigServerUrl without simId [CONTEXT log_prefix="ProvisioningServerUtil" thread_id=1678 ]
11-05 23:20:57.215 15523 15548 E IMGMapper: set:488 set: Unset optional value from type SMPTE2086
11-05 23:20:57.215 15523 15548 E IMGMapper: set:488 set: Unset optional value from type CTA861_3
11-05 23:20:57.228 16340 16382 I BugleJobs: Starting sync data to wearable message observer. [CONTEXT class_name="SyncDataToWearableMessageChangeObserver" ]
11-05 23:20:57.234 15523 15548 E IMGMapper: set:488 set: Unset optional value from type SMPTE2086
11-05 23:20:57.234 15523 15548 E IMGMapper: set:488 set: Unset optional value from type CTA861_3
11-05 23:20:57.254 15523 15548 E IMGMapper: set:488 set: Unset optional value from type SMPTE2086
11-05 23:20:57.254 15523 15548 E IMGMapper: set:488 set: Unset optional value from type CTA861_3
11-05 23:20:57.265 16340 16382 I Bugle   : DatabaseHelperBasic.doInitializationTraced() returned SQLiteDatabase: /data/user/0/com.google.android.apps.messaging/databases/bugle_db
11-05 23:20:57.266 16340 16382 I Bugle   : DatabaseHelperBasic.doInitializationTraced returned SQLiteDatabase: /data/user/0/com.google.android.apps.messaging/databases/bugle_db
11-05 23:20:57.266 15523 15548 E IMGMapper: set:488 set: Unset optional value from type SMPTE2086
11-05 23:20:57.266 15523 15548 E IMGMapper: set:488 set: Unset optional value from type CTA861_3
11-05 23:20:57.286 15523 15548 E IMGMapper: set:488 set: Unset optional value from type SMPTE2086
11-05 23:20:57.286 15523 15548 E IMGMapper: set:488 set: Unset optional value from type CTA861_3
11-05 23:20:57.322 15523 15548 E IMGMapper: set:488 set: Unset optional value from type SMPTE2086
11-05 23:20:57.322 15523 15548 E IMGMapper: set:488 set: Unset optional value from type CTA861_3
11-05 23:20:57.329 16340 16397 I BugleRcsEngine: Using config server URL from dkmc [CONTEXT log_prefix="ProvisioningServerUtil" thread_id=1678 ]
11-05 23:20:57.329 16340 16396 I BugleRcsEngine: Using config server URL from dkmc [CONTEXT log_prefix="ProvisioningServerUtil" thread_id=1677 ]
11-05 23:20:57.330 15523 15548 E IMGMapper: set:488 set: Unset optional value from type SMPTE2086
11-05 23:20:57.330 15523 15548 E IMGMapper: set:488 set: Unset optional value from type CTA861_3
11-05 23:20:57.342 15523 15548 E IMGMapper: set:488 set: Unset optional value from type SMPTE2086
11-05 23:20:57.342 15523 15548 E IMGMapper: set:488 set: Unset optional value from type CTA861_3
11-05 23:20:57.357 15523 15548 E IMGMapper: set:488 set: Unset optional value from type SMPTE2086
11-05 23:20:57.357 15523 15548 E IMGMapper: set:488 set: Unset optional value from type CTA861_3
11-05 23:20:57.366  1693  1693 I WifiHAL : Get link layer stats
11-05 23:20:57.366  1693  1693 I WifiHAL : GetLinkStatsCommand::create
11-05 23:20:57.367  1693  1693 D android.hardware.wifi@1.0-service-lazy: WifiRequest::create vendor command to iface 38, vendor_id=0x1a11, subcmd=0x1200, res=0
11-05 23:20:57.367  1693  1693 I android.hardware.wifi@1.0-service-lazy: WifiCommand::requestResponse err=-95
11-05 23:20:57.367  1693  1693 I WifiHAL : wifi_get_link_stats: result=-3
11-05 23:20:57.368  1187  1566 E WifiVendorHal: getWifiLinkLayerStats_1_5_Internal(l.1179) failed {.code = ERROR_NOT_SUPPORTED, .description = }
11-05 23:20:57.375 15523 15548 E IMGMapper: set:488 set: Unset optional value from type SMPTE2086
11-05 23:20:57.375 15523 15548 E IMGMapper: set:488 set: Unset optional value from type CTA861_3
11-05 23:20:57.376  1187  1588 D ConnectivityService: notifyType CALLBACK_CAP_CHANGED for [214 WIFI]
11-05 23:20:57.378  1187  1621 D SemWifiSwitchForIndividualAppsService: stopTCPMonitoring : already stopped
11-05 23:20:57.379  1187  1621 I WifiConnectivityMonitor.NCC: sNetworkCallback(oCC) FULL : 214(true/false)[ Transports: WIFI Capabilities: NOT_METERED&INTERNET&NOT_RESTRICTED&TRUSTED&NOT_VPN&VALIDATED&NOT_ROAMING&FOREGROUND&NOT_CONGESTED&NOT_SUSPENDED&NOT_VCN_MANAGED LinkUpBandwidth>=12000Kbps LinkDnBandwidth>=30000Kbps TransportInfo: <SSID: <unknown ssid>, BSSID: 02:00:00:**:**:00, MAC: 02:00:00:**:**:00, IP: /192.168.100.28, Security type: 2, Supplicant state: COMPLETED, Wi-Fi standard: 4, RSSI: -63, Link speed: 58Mbps, Tx Link speed: 58Mbps, Max Supported Tx Link speed: 150Mbps, Rx Link speed: 58Mbps, Max Supported Rx Link speed: 150Mbps, Frequency: 2462MHz, Net ID: -1, Metered hint: false, score: 60, isUsable: true, CarrierMerged: false, SubscriptionId: -1, IsPrimary: 1, Trusted: true, Restricted: false, Ephemeral: false, OEM paid: false, OEM private: false, OSU AP: false, FQDN: <none>, Provider friendly name: <none>, Requesting package name: <none><none>MLO Information: , AP MLD Address: <none>, AP MLO Link Id: <none>, AP MLO Affiliated links: <none>> SignalStrength: -63 AdminUids: [1000] SSID: "SOUZA-2G" UnderlyingNetworks: Null]
11-05 23:20:57.381  1187  1661 I WifiConnectivityMonitor: current mode : 3
11-05 23:20:57.381  1187  1661 D OpenNetworkQos[4.00]: updateBssidNoInternet: mBssidNoInternet = false
11-05 23:20:57.381  1187  1661 D OpenNetworkQos[4.00]: getOpenNetworkQosNoInternetStatus: false
11-05 23:20:57.381  1187  1661 D OpenNetworkQos[4.00]: getOpenNetworkQosScores: 23 23 16 
