11-05 23:21:03.269 16340 16356 W Binder  : Caught a RuntimeException from the binder stub implementation.
11-05 23:21:03.269 16340 16356 W Binder  : java.lang.UnsupportedOperationException
11-05 23:21:03.269 16340 16356 W Binder  : 	at com.google.android.gms.clearcut.internal.DefaultClearcutLoggerCallbacks.onLogError(PG:3)
11-05 23:21:03.269 16340 16356 W Binder  : 	at com.google.android.gms.clearcut.internal.IClearcutLoggerCallbacks$Stub.dispatchTransaction(PG:33)
11-05 23:21:03.269 16340 16356 W Binder  : 	at com.google.android.aidl.BaseStub.onTransact(PG:13)
11-05 23:21:03.269 16340 16356 W Binder  : 	at android.os.Binder.execTransactInternal(Binder.java:1321)
11-05 23:21:03.269 16340 16356 W Binder  : 	at android.os.Binder.execTransact(Binder.java:1280)
11-05 23:21:03.270 15523 15548 E IMGMapper: set:488 set: Unset optional value from type SMPTE2086
11-05 23:21:03.271 15523 15548 E IMGMapper: set:488 set: Unset optional value from type CTA861_3
11-05 23:21:03.284 15523 15548 E IMGMapper: set:488 set: Unset optional value from type SMPTE2086
11-05 23:21:03.284 15523 15548 E IMGMapper: set:488 set: Unset optional value from type CTA861_3
11-05 23:21:03.284 16340 16356 V ClearcutMetricXmitter: Transmission is done.
11-05 23:21:03.285 16340 16355 W Binder  : Caught a RuntimeException from the binder stub implementation.
11-05 23:21:03.285 16340 16355 W Binder  : java.lang.UnsupportedOperationException
11-05 23:21:03.285 16340 16355 W Binder  : 	at com.google.android.gms.clearcut.internal.DefaultClearcutLoggerCallbacks.onLogError(PG:3)
11-05 23:21:03.285 16340 16355 W Binder  : 	at com.google.android.gms.clearcut.internal.IClearcutLoggerCallbacks$Stub.dispatchTransaction(PG:33)
11-05 23:21:03.285 16340 16355 W Binder  : 	at com.google.android.aidl.BaseStub.onTransact(PG:13)
11-05 23:21:03.285 16340 16355 W Binder  : 	at android.os.Binder.execTransactInternal(Binder.java:1321)
11-05 23:21:03.285 16340 16355 W Binder  : 	at android.os.Binder.execTransact(Binder.java:1280)
11-05 23:21:03.287 16340 16355 V ClearcutMetricXmitter: Transmission is done.
11-05 23:21:03.301 15523 15548 E IMGMapper: set:488 set: Unset optional value from type SMPTE2086
11-05 23:21:03.301 15523 15548 E IMGMapper: set:488 set: Unset optional value from type CTA861_3
11-05 23:21:03.317 15523 15548 E IMGMapper: set:488 set: Unset optional value from type SMPTE2086
11-05 23:21:03.317 15523 15548 E IMGMapper: set:488 set: Unset optional value from type CTA861_3
11-05 23:21:03.323  1187  1663 D WifiConnectivityMonitor.NetworkStatsAnalyzer: Backhaul result - RSSI:-61, CE:21, PE:21, TI:25, PTI:25, TW:33, PTW:41, Tx:5428, Rx:4498, TxS:5426, RxS:4496, RESULT:true, IC:0, ICT:5, WC:0, WCT:5, R:0, RC:0, IE:0, EC:0
11-05 23:21:03.337 15523 15548 E IMGMapper: set:488 set: Unset optional value from type SMPTE2086
11-05 23:21:03.337 15523 15548 E IMGMapper: set:488 set: Unset optional value from type CTA861_3
11-05 23:21:03.343  1187  1962 D InputDispatcher: Inject motion (16435/2000): action=0x1, time=3402584984000000, f=0x0, d=0 dsdx=1.000000 dtdx=0.000000
11-05 23:21:03.343  1187  1534 I InputDispatcher: Delivering touch to (15523): action: 0x1, f=0x0, d=0, '5279eff', t=1 
11-05 23:21:03.344  1187  1187 I SemDvfsHyPerManager: acquire hyper - SMOOTH_SCROLL/1187@17, type = -999
11-05 23:21:03.346   896   910 I HYPER-HAL: [RequestManager.cpp]acquire(): Acquired ID : 725427  [1187 / 17]    HINT : SMOOTH_SCROLL    list : 
11-05 23:21:03.346  1187  1187 D SGM:GameManager: identifyGamePackage. com.cinemamovel, mCurrentUserId: 0, callerUserId: 0, callingMethodInfo: com.android.server.ssrm.fgapps.GameAppUtils.isGame(GameAppUtils.java:84)
11-05 23:21:03.346  1187  1187 D SGM:PkgDataHelper: getGamePkgData(). com.cinemamovel
11-05 23:21:03.346  1187  1187 I SemDvfsHyPerManager: acquire hyper - GESTURE_DETECTED/1187@18, type = -999
11-05 23:21:03.346   896   910 I mtkpower_client: perf_lock_rel, hdl:1047395, tid:910
11-05 23:21:03.347   896   910 I mtkpower_client: perf_lock_acq, hdl:0, dur:0, num:2, tid:910
11-05 23:21:03.347  1014  1065 I libPowerHal: [perfLockRel] hdl:1047395, idx:2
11-05 23:21:03.347  1014  1065 I libPowerHal: vendor.samsung.: cpu_ctrl set cpu freq: 1218000 -1 -1 -1
11-05 23:21:03.347  1187  1187 D SGM:GameManager: identifyGamePackage. com.cinemamovel, mCurrentUserId: 0, callerUserId: 0, callingMethodInfo: com.android.server.ssrm.fgapps.GameAppUtils.isGame(GameAppUtils.java:84)
11-05 23:21:03.347  1187  1187 D SGM:PkgDataHelper: getGamePkgData(). com.cinemamovel
11-05 23:21:03.347  1187  1187 I SemDvfsHyPerManager: acquire hyper - GESTURE_DETECTED/1187@18, type = -999
11-05 23:21:03.348   896   910 I mtkpower_client: ret_hdl:1047397
11-05 23:21:03.348   896   910 I mtkpower_client: perf_lock_rel, hdl:1047396, tid:910
11-05 23:21:03.348  1014  1065 I libPowerHal: [perfLockAcq] idx:1 hdl:1047397 hint:-1 pid:896 duration:0 lock_user:vendor.samsung. => ret_hdl:1047397
11-05 23:21:03.348  1014  1065 I libPowerHal: vendor.samsung.: cpu_ctrl set cpu freq: 1218000 -1 1138000 -1
11-05 23:21:03.349   896   910 I mtkpower_client: perf_lock_acq, hdl:0, dur:0, num:2, tid:910
11-05 23:21:03.349  1014  1065 I libPowerHal: [perfLockRel] hdl:1047396, idx:0
11-05 23:21:03.349  1014  1065 I libPowerHal: vendor.samsung.: cpu_ctrl set cpu freq: -1 -1 1138000 -1
11-05 23:21:03.349 15523 15523 I ViewRootImpl@fc90bac[MainActivity]: ViewPostIme pointer 1
11-05 23:21:03.351   896   910 I mtkpower_client: ret_hdl:1047398
11-05 23:21:03.351   896   910 I mtkpower_client: perf_lock_rel, hdl:1047397, tid:910
11-05 23:21:03.351  1014  1065 I libPowerHal: [perfLockAcq] idx:0 hdl:1047398 hint:-1 pid:896 duration:0 lock_user:vendor.samsung. => ret_hdl:1047398
11-05 23:21:03.351  1014  1065 I libPowerHal: vendor.samsung.: cpu_ctrl set cpu freq: 1218000 -1 1138000 -1
11-05 23:21:03.354  1187  1187 I SemDvfsHyPerManager: acquire hyper - SMOOTH_SCROLL/1187@17, type = -999
11-05 23:21:03.355   896   910 I mtkpower_client: perf_lock_acq, hdl:0, dur:0, num:2, tid:910
11-05 23:21:03.355  1014  1065 I libPowerHal: [perfLockRel] hdl:1047397, idx:1
11-05 23:21:03.358 15523 15548 E IMGMapper: set:488 set: Unset optional value from type SMPTE2086
11-05 23:21:03.358 15523 15548 E IMGMapper: set:488 set: Unset optional value from type CTA861_3
11-05 23:21:03.360  1014  1065 I libPowerHal: vendor.samsung.: cpu_ctrl set cpu freq: 1218000 -1 -1 -1
11-05 23:21:03.361   896   910 I mtkpower_client: ret_hdl:1047399
11-05 23:21:03.361   896   910 I mtkpower_client: perf_lock_rel, hdl:1047398, tid:910
11-05 23:21:03.361  1014  1065 I libPowerHal: [perfLockAcq] idx:1 hdl:1047399 hint:-1 pid:896 duration:0 lock_user:vendor.samsung. => ret_hdl:1047399
11-05 23:21:03.361  1014  1065 I libPowerHal: vendor.samsung.: cpu_ctrl set cpu freq: 1218000 -1 1138000 -1
11-05 23:21:03.362   896   910 I mtkpower_client: perf_lock_acq, hdl:0, dur:0, num:2, tid:910
11-05 23:21:03.362  1014  1065 I libPowerHal: [perfLockRel] hdl:1047398, idx:0
11-05 23:21:03.362  1014  1065 I libPowerHal: vendor.samsung.: cpu_ctrl set cpu freq: -1 -1 1138000 -1
11-05 23:21:03.363   896   910 I mtkpower_client: ret_hdl:1047400
11-05 23:21:03.363   896   910 I HYPER-HAL: [RequestManager.cpp]releaseLocked(): Released ID : 725427
11-05 23:21:03.363   896   910 I HYPER-HAL: [RequestManager.cpp]acquire(): Acquired ID : 726633  [1187 / 18]    HINT : GESTURE_DETECTED    list : [TIMEOUT / 1702] 
11-05 23:21:03.363   896   910 I HYPER-HAL: [RequestManager.cpp]acquire(): Acquired ID : 726633  [1187 / 18]    HINT : GESTURE_DETECTED    list : [TIMEOUT / 1702] 
11-05 23:21:03.363  1014  1065 I libPowerHal: [perfLockAcq] idx:0 hdl:1047400 hint:-1 pid:896 duration:0 lock_user:vendor.samsung. => ret_hdl:1047400
11-05 23:21:03.363   896   910 I HYPER-HAL: [RequestManager.cpp]acquire(): Acquired ID : 725427  [1187 / 17]    HINT : SMOOTH_SCROLL    list : 
11-05 23:21:03.364  1014  1065 I libPowerHal: vendor.samsung.: cpu_ctrl set cpu freq: 1218000 -1 1138000 -1
11-05 23:21:03.364   896   910 I mtkpower_client: perf_lock_rel, hdl:1047399, tid:910
11-05 23:21:03.364   896   910 I mtkpower_client: perf_lock_acq, hdl:0, dur:0, num:2, tid:910
11-05 23:21:03.364  1014  1065 I libPowerHal: [perfLockRel] hdl:1047399, idx:1
11-05 23:21:03.365  1014  1065 I libPowerHal: vendor.samsung.: cpu_ctrl set cpu freq: 1218000 -1 -1 -1
11-05 23:21:03.365   896   910 I mtkpower_client: ret_hdl:1047401
11-05 23:21:03.365   896   910 I mtkpower_client: perf_lock_rel, hdl:1047400, tid:910
11-05 23:21:03.366  1014  1065 I libPowerHal: [perfLockAcq] idx:2 hdl:1047401 hint:-1 pid:896 duration:0 lock_user:vendor.samsung. => ret_hdl:1047401
11-05 23:21:03.366  1014  1065 I libPowerHal: vendor.samsung.: cpu_ctrl set cpu freq: 1218000 -1 1138000 -1
11-05 23:21:03.366   896   910 I mtkpower_client: perf_lock_acq, hdl:0, dur:0, num:2, tid:910
11-05 23:21:03.368  1014  1065 I libPowerHal: [perfLockRel] hdl:1047400, idx:0
11-05 23:21:03.368  1014  1065 I libPowerHal: vendor.samsung.: cpu_ctrl set cpu freq: -1 -1 1138000 -1
11-05 23:21:03.369   896   910 I mtkpower_client: ret_hdl:1047402
11-05 23:21:03.369  1014  1065 I libPowerHal: [perfLockAcq] idx:1 hdl:1047402 hint:-1 pid:896 duration:0 lock_user:vendor.samsung. => ret_hdl:1047402
11-05 23:21:03.369  1014  1065 I libPowerHal: vendor.samsung.: cpu_ctrl set cpu freq: 1218000 -1 1138000 -1
11-05 23:21:03.370  6477 15306 I Finsky  : [1896] SCH: Attempting to reschedule job: Id: 12-1, Constraints: [{ L: 80000, D: 86400000, C: CHARGING_NONE, I: IDLE_NONE, N: NET_ANY, B: BATTERY_ANY }]
11-05 23:21:03.371 15523 15548 E IMGMapper: set:488 set: Unset optional value from type SMPTE2086
11-05 23:21:03.371 15523 15548 E IMGMapper: set:488 set: Unset optional value from type CTA861_3
11-05 23:21:03.385 15523 15548 E IMGMapper: set:488 set: Unset optional value from type SMPTE2086
11-05 23:21:03.385 15523 15548 E IMGMapper: set:488 set: Unset optional value from type CTA861_3
11-05 23:21:03.389 16493 16493 D BoundBrokerSvc: onRebind: Intent { act=com.google.android.gms.common.telemetry.service.START dat=chimera-action:/... cmp=com.google.android.gms/.chimera.PersistentApiService }
11-05 23:21:03.402  6477  6608 I Finsky  : [1657] SCH: Scheduling phonesky job Id: 1-1337, CT: 1762390645641, Constraints: [{ L: 42517959, D: 85717959, C: CHARGING_NONE, I: IDLE_NONE, N: NET_ANY, B: BATTERY_ANY }]
11-05 23:21:03.402  6477  6608 I Finsky  : [1657] SCH: Scheduling phonesky job Id: 34-3190, CT: 1762390672705, Constraints: [{ L: 604800000, D: 2426536081, C: CHARGING_NONE, I: IDLE_NONE, N: NET_ANY, B: BATTERY_ANY }]
11-05 23:21:03.402  6477  6608 I Finsky  : [1657] SCH: Scheduling phonesky job Id: 34-3194, CT: 1762390672705, Constraints: [{ L: 604800000, D: 2513096913, C: CHARGING_NONE, I: IDLE_NONE, N: NET_ANY, B: BATTERY_ANY }]
11-05 23:21:03.403  6477  6608 I Finsky  : [1657] SCH: Scheduling phonesky job Id: 34-3199, CT: 1762390970883, Constraints: [{ L: 79199705, D: 1375199705, C: CHARGING_NONE, I: IDLE_NONE, N: NET_ANY, B: BATTERY_ANY }]
11-05 23:21:03.403  6477  6608 I Finsky  : [1657] SCH: Scheduling phonesky job Id: 34-3200, CT: 1762390971241, Constraints: [{ L: 604800000, D: 2591999718, C: CHARGING_NONE, I: IDLE_NONE, N: NET_ANY, B: BATTERY_ANY }]
11-05 23:21:03.405 15523 15548 E IMGMapper: set:488 set: Unset optional value from type SMPTE2086
11-05 23:21:03.405 15523 15548 E IMGMapper: set:488 set: Unset optional value from type CTA861_3
11-05 23:21:03.410  1187  1962 D CompatibilityChangeReporter: Compat change id reported: 161145287; UID 10252; state: DISABLED
11-05 23:21:03.412  6477  6615 I Finsky  : [1661] SCH: Scheduling 1 system job(s)
11-05 23:21:03.412  6477  6615 I Finsky  : [1661] SCH: Scheduling system job Id: 9320, L: 37500188, D: 80700188, C: false, I: false, N: 1
11-05 23:21:03.417 15480 16441 E FilePhenotypeFlags: Config package com.google.android.gms.clearcut_client#com.bradesco cannot use FILE backing without declarative registration. See go/phenotype-android-integration#phenotype for more information. This will lead to stale flags.
11-05 23:21:03.421  1187  1633 I ChimeraAggressivePolicyHandler: executePolicy() - triggerSource: TRIGGER_SOURCE_LMKD
11-05 23:21:03.422 15523 15548 E IMGMapper: set:488 set: Unset optional value from type SMPTE2086
11-05 23:21:03.422 15523 15548 E IMGMapper: set:488 set: Unset optional value from type CTA861_3
11-05 23:21:03.423  1187  1633 I ChimeraAggressivePolicyHandler: available memory: 1276884, free memory target: 747520, quit chimera
11-05 23:21:03.426  6477 16317 I Finsky  : [1900] SCH: job service finished with id 9314.
11-05 23:21:03.432 15523 15548 E IMGMapper: set:488 set: Unset optional value from type SMPTE2086
11-05 23:21:03.432 15523 15548 E IMGMapper: set:488 set: Unset optional value from type CTA861_3
11-05 23:21:03.437  1693  1693 I WifiHAL : Get link layer stats
11-05 23:21:03.437  1693  1693 I WifiHAL : GetLinkStatsCommand::create
11-05 23:21:03.437  1693  1693 D android.hardware.wifi@1.0-service-lazy: WifiRequest::create vendor command to iface 38, vendor_id=0x1a11, subcmd=0x1200, res=0
11-05 23:21:03.437  1693  1693 I android.hardware.wifi@1.0-service-lazy: WifiCommand::requestResponse err=-95
11-05 23:21:03.437  1693  1693 I WifiHAL : wifi_get_link_stats: result=-3
11-05 23:21:03.438  1187  1566 E WifiVendorHal: getWifiLinkLayerStats_1_5_Internal(l.1179) failed {.code = ERROR_NOT_SUPPORTED, .description = }
11-05 23:21:03.443  1187 22074 D SemWifiUsabilityStatsMonitor: onWifiUsabilityStats - seqNum 107264, isSameBssidAndFreq true
11-05 23:21:03.445  1187  1645 I SemWifiLinkQualityMonitor: Link Qos query: inf. ms / 0 Mbps
11-05 23:21:03.449 15523 15548 E IMGMapper: set:488 set: Unset optional value from type SMPTE2086
11-05 23:21:03.449 15523 15548 E IMGMapper: set:488 set: Unset optional value from type CTA861_3
11-05 23:21:03.464  6477  6588 I Finsky  : [1649] WM::SCH: Logging work initialize for 12-1
11-05 23:21:03.466 15523 15548 E IMGMapper: set:488 set: Unset optional value from type SMPTE2086
11-05 23:21:03.466 15523 15548 E IMGMapper: set:488 set: Unset optional value from type CTA861_3
11-05 23:21:03.469  6477  6598 I Finsky  : [1653] SCH: Scheduling phonesky job Id: 12-1, CT: 1762395663370, Constraints: [{ L: 80000, D: 86400000, C: CHARGING_NONE, I: IDLE_NONE, N: NET_ANY, B: BATTERY_ANY }]
11-05 23:21:03.477  6477  6615 I Finsky  : [1661] SCH: Scheduling 1 system job(s)
11-05 23:21:03.478  6477  6615 I Finsky  : [1661] SCH: Scheduling system job Id: 9320, L: 79893, D: 80700123, C: false, I: false, N: 1
11-05 23:21:03.481 15523 15548 E IMGMapper: set:488 set: Unset optional value from type SMPTE2086
11-05 23:21:03.481 15523 15548 E IMGMapper: set:488 set: Unset optional value from type CTA861_3
11-05 23:21:03.490 15523 16160 D skia    : SkJpegCodec::onGetPixels +
11-05 23:21:03.498 15523 15548 E IMGMapper: set:488 set: Unset optional value from type SMPTE2086
11-05 23:21:03.499 15523 15548 E IMGMapper: set:488 set: Unset optional value from type CTA861_3
11-05 23:21:03.511 15523 16160 D skia    : SkJpegCodec::onGetPixels -
11-05 23:21:03.517 15523 15548 E IMGMapper: set:488 set: Unset optional value from type SMPTE2086
11-05 23:21:03.517 15523 15548 E IMGMapper: set:488 set: Unset optional value from type CTA861_3
11-05 23:21:03.532 15523 15548 E IMGMapper: set:488 set: Unset optional value from type SMPTE2086
11-05 23:21:03.532 15523 15548 E IMGMapper: set:488 set: Unset optional value from type CTA861_3
11-05 23:21:03.552 15523 15548 E IMGMapper: set:488 set: Unset optional value from type SMPTE2086
11-05 23:21:03.553 15523 15548 E IMGMapper: set:488 set: Unset optional value from type CTA861_3
11-05 23:21:03.566 15523 15548 E IMGMapper: set:488 set: Unset optional value from type SMPTE2086
11-05 23:21:03.566 15523 15548 E IMGMapper: set:488 set: Unset optional value from type CTA861_3
11-05 23:21:03.584 15523 15548 E IMGMapper: set:488 set: Unset optional value from type SMPTE2086
11-05 23:21:03.584 15523 15548 E IMGMapper: set:488 set: Unset optional value from type CTA861_3
11-05 23:21:03.605 15523 15548 E IMGMapper: set:488 set: Unset optional value from type SMPTE2086
11-05 23:21:03.605 15523 15548 E IMGMapper: set:488 set: Unset optional value from type CTA861_3
11-05 23:21:03.629 15523 16158 D skia    : SkJpegCodec::onGetPixels +
11-05 23:21:03.633 15523 15548 E IMGMapper: set:488 set: Unset optional value from type SMPTE2086
11-05 23:21:03.633 15523 15548 E IMGMapper: set:488 set: Unset optional value from type CTA861_3
11-05 23:21:03.634 15523 16155 D skia    : SkJpegCodec::onGetPixels +
11-05 23:21:03.644 15523 15548 E IMGMapper: set:488 set: Unset optional value from type SMPTE2086
11-05 23:21:03.645 15523 15548 E IMGMapper: set:488 set: Unset optional value from type CTA861_3
11-05 23:21:03.651 15523 16155 D skia    : SkJpegCodec::onGetPixels -
11-05 23:21:03.659 15523 15548 E IMGMapper: set:488 set: Unset optional value from type SMPTE2086
11-05 23:21:03.659 15523 15548 E IMGMapper: set:488 set: Unset optional value from type CTA861_3
11-05 23:21:03.661 15523 16156 D skia    : SkJpegCodec::onGetPixels +
11-05 23:21:03.664 15523 16158 D skia    : SkJpegCodec::onGetPixels -
11-05 23:21:03.674 15523 15548 E IMGMapper: set:488 set: Unset optional value from type SMPTE2086
11-05 23:21:03.675 15523 15548 E IMGMapper: set:488 set: Unset optional value from type CTA861_3
11-05 23:21:03.682 15523 16156 D skia    : SkJpegCodec::onGetPixels -
11-05 23:21:03.718 15523 15548 E IMGMapper: set:488 set: Unset optional value from type SMPTE2086
11-05 23:21:03.719 15523 15548 E IMGMapper: set:488 set: Unset optional value from type CTA861_3
11-05 23:21:03.731 15523 15548 E IMGMapper: set:488 set: Unset optional value from type SMPTE2086
11-05 23:21:03.731 15523 15548 E IMGMapper: set:488 set: Unset optional value from type CTA861_3
11-05 23:21:03.738  1039  1039 I BufferQueueProducer: [com.cinemamovel/com.cinemamovel.MainActivity$_15523#687207](this:0xb400007a262e1838,id:-1,api:0,p:-1,c:1039) queueBuffer: fps=57.13 dur=1015.16 max=33.49 min=16.24
11-05 23:21:03.740   991   991 I hwcomposer: [HWCDisplay] [Display_0 (type:1)] fps:57.174690,dur:1014.43,max:33.96,min:15.54  
11-05 23:21:03.749 15523 15548 E IMGMapper: set:488 set: Unset optional value from type SMPTE2086
11-05 23:21:03.749 15523 15548 E IMGMapper: set:488 set: Unset optional value from type CTA861_3
11-05 23:21:03.763 15523 15548 E IMGMapper: set:488 set: Unset optional value from type SMPTE2086
11-05 23:21:03.764 15523 15548 E IMGMapper: set:488 set: Unset optional value from type CTA861_3
11-05 23:21:03.780 15523 15548 E IMGMapper: set:488 set: Unset optional value from type SMPTE2086
11-05 23:21:03.780 15523 15548 E IMGMapper: set:488 set: Unset optional value from type CTA861_3
11-05 23:21:03.798 15523 15548 E IMGMapper: set:488 set: Unset optional value from type SMPTE2086
11-05 23:21:03.798 15523 15548 E IMGMapper: set:488 set: Unset optional value from type CTA861_3
11-05 23:21:03.809 14910 14929 E chromium: [ERROR:base/android/self_compaction_manager.cc:71] Unexpected return from madvise: Invalid argument (22)
11-05 23:21:03.814 15523 15548 E IMGMapper: set:488 set: Unset optional value from type SMPTE2086
11-05 23:21:03.814 15523 15548 E IMGMapper: set:488 set: Unset optional value from type CTA861_3
11-05 23:21:03.831 15523 15548 E IMGMapper: set:488 set: Unset optional value from type SMPTE2086
11-05 23:21:03.832 15523 15548 E IMGMapper: set:488 set: Unset optional value from type CTA861_3
11-05 23:21:03.848 15523 15548 E IMGMapper: set:488 set: Unset optional value from type SMPTE2086
11-05 23:21:03.848 15523 15548 E IMGMapper: set:488 set: Unset optional value from type CTA861_3
11-05 23:21:03.865 15523 15548 E IMGMapper: set:488 set: Unset optional value from type SMPTE2086
11-05 23:21:03.865 15523 15548 E IMGMapper: set:488 set: Unset optional value from type CTA861_3
11-05 23:21:03.883 15523 15548 E IMGMapper: set:488 set: Unset optional value from type SMPTE2086
11-05 23:21:03.883 15523 15548 E IMGMapper: set:488 set: Unset optional value from type CTA861_3
11-05 23:21:03.901 15523 15548 E IMGMapper: set:488 set: Unset optional value from type SMPTE2086
11-05 23:21:03.902 15523 15548 E IMGMapper: set:488 set: Unset optional value from type CTA861_3
11-05 23:21:03.926 15523 15548 E IMGMapper: set:488 set: Unset optional value from type SMPTE2086
11-05 23:21:03.926 15523 15548 E IMGMapper: set:488 set: Unset optional value from type CTA861_3
11-05 23:21:03.933 15523 16160 D skia    : SkJpegCodec::onGetPixels +
11-05 23:21:03.941 15523 15548 E IMGMapper: set:488 set: Unset optional value from type SMPTE2086
11-05 23:21:03.941 15523 15548 E IMGMapper: set:488 set: Unset optional value from type CTA861_3
11-05 23:21:03.957 15523 16160 D skia    : SkJpegCodec::onGetPixels -
11-05 23:21:03.957 15523 15548 E IMGMapper: set:488 set: Unset optional value from type SMPTE2086
11-05 23:21:03.958 15523 15548 E IMGMapper: set:488 set: Unset optional value from type CTA861_3
11-05 23:21:03.989 15523 15548 E IMGMapper: set:488 set: Unset optional value from type SMPTE2086
11-05 23:21:03.989 15523 15548 E IMGMapper: set:488 set: Unset optional value from type CTA861_3
11-05 23:21:04.001 15523 15548 E IMGMapper: set:488 set: Unset optional value from type SMPTE2086
11-05 23:21:04.001 15523 15548 E IMGMapper: set:488 set: Unset optional value from type CTA861_3
11-05 23:21:04.016 15523 15548 E IMGMapper: set:488 set: Unset optional value from type SMPTE2086
11-05 23:21:04.016 15523 15548 E IMGMapper: set:488 set: Unset optional value from type CTA861_3
11-05 23:21:04.029 15523 16155 D skia    : SkJpegCodec::onGetPixels +
11-05 23:21:04.034 15523 15548 E IMGMapper: set:488 set: Unset optional value from type SMPTE2086
11-05 23:21:04.034 15523 15548 E IMGMapper: set:488 set: Unset optional value from type CTA861_3
11-05 23:21:04.053 15523 15548 E IMGMapper: set:488 set: Unset optional value from type SMPTE2086
11-05 23:21:04.053 15523 15548 E IMGMapper: set:488 set: Unset optional value from type CTA861_3
11-05 23:21:04.060 15523 16155 D skia    : SkJpegCodec::onGetPixels -
11-05 23:21:04.079 15523 15548 E IMGMapper: set:488 set: Unset optional value from type SMPTE2086
11-05 23:21:04.079 15523 15548 E IMGMapper: set:488 set: Unset optional value from type CTA861_3
11-05 23:21:04.088 15523 15548 E IMGMapper: set:488 set: Unset optional value from type SMPTE2086
11-05 23:21:04.088 15523 15548 E IMGMapper: set:488 set: Unset optional value from type CTA861_3
11-05 23:21:04.100 15523 15548 E IMGMapper: set:488 set: Unset optional value from type SMPTE2086
11-05 23:21:04.100 15523 15548 E IMGMapper: set:488 set: Unset optional value from type CTA861_3
11-05 23:21:04.114  1737  1942 D MobileStatusTracker(0/2): onSignalStrengthsChanged level=3, vendorLevel=3
11-05 23:21:04.117 15523 15548 E IMGMapper: set:488 set: Unset optional value from type SMPTE2086
11-05 23:21:04.117 15523 15548 E IMGMapper: set:488 set: Unset optional value from type CTA861_3
11-05 23:21:04.117  1737  1942 D MobileSignalController(0/2): notifyListener: enabled=true, connected=true, dataConnected=true, networkType=LTE (4G), emergencyOnly=false, roaming=false, isDefault=false, dataActivity=, level=3, ca=false, mmWave=false, disabledDataIcon=false, simCard=ETC
11-05 23:21:04.117  1737  1942 D NetworkController: SignalStrength from intent slotId=0
11-05 23:21:04.131 15523 15548 E IMGMapper: set:488 set: Unset optional value from type SMPTE2086
11-05 23:21:04.131 15523 15548 E IMGMapper: set:488 set: Unset optional value from type CTA861_3
11-05 23:21:04.149 15523 15548 E IMGMapper: set:488 set: Unset optional value from type SMPTE2086
11-05 23:21:04.149 15523 15548 E IMGMapper: set:488 set: Unset optional value from type CTA861_3
11-05 23:21:04.165 15523 15548 E IMGMapper: set:488 set: Unset optional value from type SMPTE2086
11-05 23:21:04.165 15523 15548 E IMGMapper: set:488 set: Unset optional value from type CTA861_3
11-05 23:21:04.184 15523 15548 E IMGMapper: set:488 set: Unset optional value from type SMPTE2086
11-05 23:21:04.184 15523 15548 E IMGMapper: set:488 set: Unset optional value from type CTA861_3
11-05 23:21:04.209 15523 15548 E IMGMapper: set:488 set: Unset optional value from type SMPTE2086
11-05 23:21:04.209 15523 15548 E IMGMapper: set:488 set: Unset optional value from type CTA861_3
11-05 23:21:04.222 15523 15548 E IMGMapper: set:488 set: Unset optional value from type SMPTE2086
11-05 23:21:04.222 15523 15548 E IMGMapper: set:488 set: Unset optional value from type CTA861_3
11-05 23:21:04.235 15523 15548 E IMGMapper: set:488 set: Unset optional value from type SMPTE2086
11-05 23:21:04.235 15523 15548 E IMGMapper: set:488 set: Unset optional value from type CTA861_3
11-05 23:21:04.236 15523 16160 D skia    : SkJpegCodec::onGetPixels +
11-05 23:21:04.251 15523 15548 E IMGMapper: set:488 set: Unset optional value from type SMPTE2086
11-05 23:21:04.251 15523 15548 E IMGMapper: set:488 set: Unset optional value from type CTA861_3
11-05 23:21:04.257 15523 16160 D skia    : SkJpegCodec::onGetPixels -
11-05 23:21:04.266 15523 15548 E IMGMapper: set:488 set: Unset optional value from type SMPTE2086
11-05 23:21:04.266 15523 15548 E IMGMapper: set:488 set: Unset optional value from type CTA861_3
11-05 23:21:04.282 15523 15548 E IMGMapper: set:488 set: Unset optional value from type SMPTE2086
11-05 23:21:04.282 15523 15548 E IMGMapper: set:488 set: Unset optional value from type CTA861_3
11-05 23:21:04.299 15523 15548 E IMGMapper: set:488 set: Unset optional value from type SMPTE2086
11-05 23:21:04.300 15523 15548 E IMGMapper: set:488 set: Unset optional value from type CTA861_3
11-05 23:21:04.315 15523 15548 E IMGMapper: set:488 set: Unset optional value from type SMPTE2086
11-05 23:21:04.316 15523 15548 E IMGMapper: set:488 set: Unset optional value from type CTA861_3
11-05 23:21:04.332 15523 15548 E IMGMapper: set:488 set: Unset optional value from type SMPTE2086
11-05 23:21:04.332 15523 15548 E IMGMapper: set:488 set: Unset optional value from type CTA861_3
11-05 23:21:04.349 15523 15548 E IMGMapper: set:488 set: Unset optional value from type SMPTE2086
11-05 23:21:04.350 15523 15548 E IMGMapper: set:488 set: Unset optional value from type CTA861_3
11-05 23:21:04.365 15523 15548 E IMGMapper: set:488 set: Unset optional value from type SMPTE2086
11-05 23:21:04.365 15523 15548 E IMGMapper: set:488 set: Unset optional value from type CTA861_3
11-05 23:21:04.383 15523 15548 E IMGMapper: set:488 set: Unset optional value from type SMPTE2086
11-05 23:21:04.383 15523 15548 E IMGMapper: set:488 set: Unset optional value from type CTA861_3
11-05 23:21:04.399 15523 15548 E IMGMapper: set:488 set: Unset optional value from type SMPTE2086
11-05 23:21:04.399 15523 15548 E IMGMapper: set:488 set: Unset optional value from type CTA861_3
11-05 23:21:04.416 15523 15548 E IMGMapper: set:488 set: Unset optional value from type SMPTE2086
11-05 23:21:04.416 15523 15548 E IMGMapper: set:488 set: Unset optional value from type CTA861_3
11-05 23:21:04.441 15523 15548 E IMGMapper: set:488 set: Unset optional value from type SMPTE2086
11-05 23:21:04.441 15523 15548 E IMGMapper: set:488 set: Unset optional value from type CTA861_3
11-05 23:21:04.456 15523 15548 E IMGMapper: set:488 set: Unset optional value from type SMPTE2086
11-05 23:21:04.456 15523 15548 E IMGMapper: set:488 set: Unset optional value from type CTA861_3
11-05 23:21:04.496 15523 15548 E IMGMapper: set:488 set: Unset optional value from type SMPTE2086
11-05 23:21:04.497 15523 15548 E IMGMapper: set:488 set: Unset optional value from type CTA861_3
11-05 23:21:04.498 15523 16155 D skia    : SkJpegCodec::onGetPixels +
11-05 23:21:04.505 15523 15548 E IMGMapper: set:488 set: Unset optional value from type SMPTE2086
11-05 23:21:04.505 15523 15548 E IMGMapper: set:488 set: Unset optional value from type CTA861_3
11-05 23:21:04.518 15523 16155 D skia    : SkJpegCodec::onGetPixels -
11-05 23:21:04.523 15523 15548 E IMGMapper: set:488 set: Unset optional value from type SMPTE2086
11-05 23:21:04.523 15523 15548 E IMGMapper: set:488 set: Unset optional value from type CTA861_3
11-05 23:21:04.535 15523 15548 E IMGMapper: set:488 set: Unset optional value from type SMPTE2086
11-05 23:21:04.535 15523 15548 E IMGMapper: set:488 set: Unset optional value from type CTA861_3
11-05 23:21:04.553 15523 15548 E IMGMapper: set:488 set: Unset optional value from type SMPTE2086
11-05 23:21:04.553 15523 15548 E IMGMapper: set:488 set: Unset optional value from type CTA861_3
11-05 23:21:04.573 15523 15548 E IMGMapper: set:488 set: Unset optional value from type SMPTE2086
11-05 23:21:04.573 15523 15548 E IMGMapper: set:488 set: Unset optional value from type CTA861_3
11-05 23:21:04.591 15523 15548 E IMGMapper: set:488 set: Unset optional value from type SMPTE2086
11-05 23:21:04.591 15523 15548 E IMGMapper: set:488 set: Unset optional value from type CTA861_3
11-05 23:21:04.601 15523 15548 E IMGMapper: set:488 set: Unset optional value from type SMPTE2086
11-05 23:21:04.601 15523 15548 E IMGMapper: set:488 set: Unset optional value from type CTA861_3
11-05 23:21:04.617 15523 15548 E IMGMapper: set:488 set: Unset optional value from type SMPTE2086
11-05 23:21:04.617 15523 15548 E IMGMapper: set:488 set: Unset optional value from type CTA861_3
11-05 23:21:04.628  1187  1962 D InputDispatcher: Inject motion (16444/2000): action=0x0, time=3402586269000000, f=0x0, d=0 dsdx=1.000000 dtdx=0.000000
11-05 23:21:04.629  1187  1534 I InputDispatcher: Delivering touch to (1737): action: 0x4, f=0x0, d=0, 'd92b8ad', t=1 
11-05 23:21:04.629  1187  1534 I InputDispatcher: Delivering touch to (15523): action: 0x0, f=0x0, d=0, '5279eff', t=1 
11-05 23:21:04.629  1187  1534 D PowerManagerService: [api] userActivityFromNative :  (event: 2 flags: 0 displayId: 0) eventTime = 3402586269
11-05 23:21:04.629  1187  1303 I GestureDetector: obtain mCurrentDownEvent. id: -682572383 caller: com.android.server.wm.SystemGesturesPointerEventListener.onPointerEvent:203 com.android.server.wm.PointerEventDispatcher.onInputEvent:53 android.view.InputEventReceiver.dispatchInputEvent:285 
11-05 23:21:04.630 15523 15523 I ViewRootImpl@fc90bac[MainActivity]: ViewPostIme pointer 0
11-05 23:21:04.630  1187  1303 I GestureDetector: obtain mCurrentDownEvent. id: -682572383 caller: com.android.server.wm.SystemPerformancePointerEventListener.onPointerEvent:89 com.android.server.wm.PointerEventDispatcher.onInputEvent:53 android.view.InputEventReceiver.dispatchInputEvent:285 
11-05 23:21:04.634 15523 15548 E IMGMapper: set:488 set: Unset optional value from type SMPTE2086
11-05 23:21:04.634 15523 15548 E IMGMapper: set:488 set: Unset optional value from type CTA861_3
11-05 23:21:04.645  1187  1303 I GestureDetector: obtain mCurrentMotionEventRaw. action: 2 id: -157651299
11-05 23:21:04.645  1187  1303 I GestureDetector: obtain mCurrentMotionEventRaw. action: 2 id: -157651299
11-05 23:21:04.652   896   910 I mtkpower_client: perf_lock_rel, hdl:1047401, tid:910
11-05 23:21:04.653  1014  1065 I libPowerHal: [perfLockRel] hdl:1047401, idx:2
11-05 23:21:04.654  1014  1065 I libPowerHal: vendor.samsung.: cpu_ctrl set cpu freq: 1218000 -1 -1 -1
11-05 23:21:04.654   896   910 I mtkpower_client: perf_lock_acq, hdl:0, dur:0, num:2, tid:910
11-05 23:21:04.655   896   910 I mtkpower_client: ret_hdl:1047403
11-05 23:21:04.655   896   910 I mtkpower_client: perf_lock_rel, hdl:1047402, tid:910
11-05 23:21:04.655 15523 15548 E IMGMapper: set:488 set: Unset optional value from type SMPTE2086
11-05 23:21:04.656 15523 15548 E IMGMapper: set:488 set: Unset optional value from type CTA861_3
11-05 23:21:04.656  1014  1065 I libPowerHal: [perfLockAcq] idx:0 hdl:1047403 hint:-1 pid:896 duration:0 lock_user:vendor.samsung. => ret_hdl:1047403
11-05 23:21:04.656  1014  1065 I libPowerHal: vendor.samsung.: cpu_ctrl set cpu freq: 1218000 -1 1138000 -1
11-05 23:21:04.659  1014  1065 I libPowerHal: [perfLockRel] hdl:1047402, idx:1
11-05 23:21:04.659  1014  1065 I libPowerHal: vendor.samsung.: cpu_ctrl set cpu freq: -1 -1 1138000 -1
11-05 23:21:04.659   896   910 I mtkpower_client: perf_lock_acq, hdl:0, dur:0, num:2, tid:910
11-05 23:21:04.660   896   910 I mtkpower_client: ret_hdl:1047404
11-05 23:21:04.661   896   910 I HYPER-HAL: [RequestManager.cpp]releaseLocked(): Released ID : 725427
11-05 23:21:04.661  1014  1065 I libPowerHal: [perfLockAcq] idx:1 hdl:1047404 hint:-1 pid:896 duration:0 lock_user:vendor.samsung. => ret_hdl:1047404
11-05 23:21:04.661  1014  1065 I libPowerHal: vendor.samsung.: cpu_ctrl set cpu freq: 1218000 -1 1138000 -1
11-05 23:21:04.668 15523 15548 E IMGMapper: set:488 set: Unset optional value from type SMPTE2086
11-05 23:21:04.668 15523 15548 E IMGMapper: set:488 set: Unset optional value from type CTA861_3
11-05 23:21:04.684 15523 15548 E IMGMapper: set:488 set: Unset optional value from type SMPTE2086
11-05 23:21:04.684 15523 15548 E IMGMapper: set:488 set: Unset optional value from type CTA861_3
11-05 23:21:04.701 15523 15548 E IMGMapper: set:488 set: Unset optional value from type SMPTE2086
11-05 23:21:04.701 15523 15548 E IMGMapper: set:488 set: Unset optional value from type CTA861_3
11-05 23:21:04.719 15523 15548 E IMGMapper: set:488 set: Unset optional value from type SMPTE2086
11-05 23:21:04.719 15523 15548 E IMGMapper: set:488 set: Unset optional value from type CTA861_3
11-05 23:21:04.733 15523 15548 E IMGMapper: set:488 set: Unset optional value from type SMPTE2086
11-05 23:21:04.733 15523 15548 E IMGMapper: set:488 set: Unset optional value from type CTA861_3
11-05 23:21:04.754  1039  1039 I BufferQueueProducer: [com.cinemamovel/com.cinemamovel.MainActivity$_15523#687207](this:0xb400007a262e1838,id:-1,api:0,p:-1,c:1039) queueBuffer: fps=57.13 dur=1015.29 max=33.51 min=16.08
11-05 23:21:04.755   991   991 I hwcomposer: [HWCDisplay] [Display_0 (type:1)] fps:57.117638,dur:1015.45,max:33.96,min:15.07  
11-05 23:21:04.756 15523 15548 E IMGMapper: set:488 set: Unset optional value from type SMPTE2086
11-05 23:21:04.756 15523 15548 E IMGMapper: set:488 set: Unset optional value from type CTA861_3
11-05 23:21:04.765   543   543 D io_stats: !@ 179,0 r 628565269 7593015502 w 113806471 1205889588 d 1261336 33797848 f 0 0 iot 323574740 0 th 0 0 0 pt 0 inp 0 1 3402586.407
11-05 23:21:04.768 15523 15548 E IMGMapper: set:488 set: Unset optional value from type SMPTE2086
11-05 23:21:04.768 15523 15548 E IMGMapper: set:488 set: Unset optional value from type CTA861_3
11-05 23:21:04.783 15523 15548 E IMGMapper: set:488 set: Unset optional value from type SMPTE2086
11-05 23:21:04.783 15523 15548 E IMGMapper: set:488 set: Unset optional value from type CTA861_3
11-05 23:21:04.796  1711  2457 D PhoneInterfaceManager: setDataEnabledForReason() Reason=1 Pid=1187 App=system
11-05 23:21:04.799 15523 15548 E IMGMapper: set:488 set: Unset optional value from type SMPTE2086
11-05 23:21:04.799 15523 15548 E IMGMapper: set:488 set: Unset optional value from type CTA861_3
11-05 23:21:04.800  1711  2457 D PhoneInterfaceManager: setDataEnabledForReason() Reason=1 Pid=1187 App=system
11-05 23:21:04.815 15523 15548 E IMGMapper: set:488 set: Unset optional value from type SMPTE2086
11-05 23:21:04.815 15523 15548 E IMGMapper: set:488 set: Unset optional value from type CTA861_3
11-05 23:21:04.831 15523 15548 E IMGMapper: set:488 set: Unset optional value from type SMPTE2086
11-05 23:21:04.832 15523 15548 E IMGMapper: set:488 set: Unset optional value from type CTA861_3
11-05 23:21:04.849 15523 15548 E IMGMapper: set:488 set: Unset optional value from type SMPTE2086
11-05 23:21:04.849 15523 15548 E IMGMapper: set:488 set: Unset optional value from type CTA861_3
11-05 23:21:04.867 15523 15548 E IMGMapper: set:488 set: Unset optional value from type SMPTE2086
11-05 23:21:04.868 15523 15548 E IMGMapper: set:488 set: Unset optional value from type CTA861_3
11-05 23:21:04.882 15523 15548 E IMGMapper: set:488 set: Unset optional value from type SMPTE2086
11-05 23:21:04.882 15523 15548 E IMGMapper: set:488 set: Unset optional value from type CTA861_3
11-05 23:21:04.898 15523 15548 E IMGMapper: set:488 set: Unset optional value from type SMPTE2086
11-05 23:21:04.898 15523 15548 E IMGMapper: set:488 set: Unset optional value from type CTA861_3
11-05 23:21:04.925 15523 15548 E IMGMapper: set:488 set: Unset optional value from type SMPTE2086
11-05 23:21:04.926 15523 15548 E IMGMapper: set:488 set: Unset optional value from type CTA861_3
11-05 23:21:04.935 15523 15548 E IMGMapper: set:488 set: Unset optional value from type SMPTE2086
11-05 23:21:04.935 15523 15548 E IMGMapper: set:488 set: Unset optional value from type CTA861_3
11-05 23:21:04.941  1187  1962 D InputDispatcher: Inject motion (16444/2000): action=0x1, time=3402586582000000, f=0x0, d=0 dsdx=1.000000 dtdx=0.000000
11-05 23:21:04.942  1187  1534 I InputDispatcher: Delivering touch to (15523): action: 0x1, f=0x0, d=0, '5279eff', t=1 
11-05 23:21:04.942  1187  1187 I SemDvfsHyPerManager: acquire hyper - SMOOTH_SCROLL/1187@17, type = -999
11-05 23:21:04.943   896   910 I HYPER-HAL: [RequestManager.cpp]acquire(): Acquired ID : 725427  [1187 / 17]    HINT : SMOOTH_SCROLL    list : 
11-05 23:21:04.944  1187  1187 D SGM:GameManager: identifyGamePackage. com.cinemamovel, mCurrentUserId: 0, callerUserId: 0, callingMethodInfo: com.android.server.ssrm.fgapps.GameAppUtils.isGame(GameAppUtils.java:84)
11-05 23:21:04.944  1187  1187 D SGM:PkgDataHelper: getGamePkgData(). com.cinemamovel
11-05 23:21:04.944  1187  1187 I SemDvfsHyPerManager: acquire hyper - GESTURE_DETECTED/1187@18, type = -999
11-05 23:21:04.944   896   910 I mtkpower_client: perf_lock_rel, hdl:1047403, tid:910
11-05 23:21:04.945  1014  1065 I libPowerHal: [perfLockRel] hdl:1047403, idx:0
11-05 23:21:04.945  1014  1065 I libPowerHal: vendor.samsung.: cpu_ctrl set cpu freq: 1218000 -1 -1 -1
11-05 23:21:04.945  1187  1187 D SGM:GameManager: identifyGamePackage. com.cinemamovel, mCurrentUserId: 0, callerUserId: 0, callingMethodInfo: com.android.server.ssrm.fgapps.GameAppUtils.isGame(GameAppUtils.java:84)
11-05 23:21:04.945  1187  1187 D SGM:PkgDataHelper: getGamePkgData(). com.cinemamovel
11-05 23:21:04.945  1187  1187 I SemDvfsHyPerManager: acquire hyper - GESTURE_DETECTED/1187@18, type = -999
11-05 23:21:04.946   896   910 I mtkpower_client: perf_lock_acq, hdl:0, dur:0, num:2, tid:910
11-05 23:21:04.946 15523 15523 I ViewRootImpl@fc90bac[MainActivity]: ViewPostIme pointer 1
11-05 23:21:04.947  1014  1065 I libPowerHal: [perfLockAcq] idx:0 hdl:1047405 hint:-1 pid:896 duration:0 lock_user:vendor.samsung. => ret_hdl:1047405
11-05 23:21:04.947  1014  1065 I libPowerHal: vendor.samsung.: cpu_ctrl set cpu freq: 1218000 -1 1138000 -1
11-05 23:21:04.948   896   910 I mtkpower_client: ret_hdl:1047405
11-05 23:21:04.948   896   910 I mtkpower_client: perf_lock_rel, hdl:1047404, tid:910
11-05 23:21:04.948   896   910 I mtkpower_client: perf_lock_acq, hdl:0, dur:0, num:2, tid:910
11-05 23:21:04.949  1014  1065 I libPowerHal: [perfLockRel] hdl:1047404, idx:1
11-05 23:21:04.949  1014  1065 I libPowerHal: vendor.samsung.: cpu_ctrl set cpu freq: -1 -1 1138000 -1
11-05 23:21:04.951  1187  1187 I SemDvfsHyPerManager: acquire hyper - SMOOTH_SCROLL/1187@17, type = -999
11-05 23:21:04.951   896   910 I mtkpower_client: ret_hdl:1047406
11-05 23:21:04.951   896   910 I mtkpower_client: perf_lock_rel, hdl:1047405, tid:910
11-05 23:21:04.952  1014  1065 I libPowerHal: [perfLockAcq] idx:2 hdl:1047406 hint:-1 pid:896 duration:0 lock_user:vendor.samsung. => ret_hdl:1047406
11-05 23:21:04.952 15523 15548 E IMGMapper: set:488 set: Unset optional value from type SMPTE2086
11-05 23:21:04.952 15523 15548 E IMGMapper: set:488 set: Unset optional value from type CTA861_3
11-05 23:21:04.952  1014  1065 I libPowerHal: vendor.samsung.: cpu_ctrl set cpu freq: 1218000 -1 1138000 -1
11-05 23:21:04.954   896   910 I mtkpower_client: perf_lock_acq, hdl:0, dur:0, num:2, tid:910
11-05 23:21:04.954  1014  1065 I libPowerHal: [perfLockRel] hdl:1047405, idx:0
11-05 23:21:04.955  1014  1065 I libPowerHal: vendor.samsung.: cpu_ctrl set cpu freq: 1218000 -1 -1 -1
11-05 23:21:04.957   896   910 I mtkpower_client: ret_hdl:1047407
11-05 23:21:04.957   896   910 I mtkpower_client: perf_lock_rel, hdl:1047406, tid:910
11-05 23:21:04.957  1014  1065 I libPowerHal: [perfLockAcq] idx:1 hdl:1047407 hint:-1 pid:896 duration:0 lock_user:vendor.samsung. => ret_hdl:1047407
11-05 23:21:04.958  1014  1065 I libPowerHal: vendor.samsung.: cpu_ctrl set cpu freq: 1218000 -1 1138000 -1
11-05 23:21:04.959   896   910 I mtkpower_client: perf_lock_acq, hdl:0, dur:0, num:2, tid:910
11-05 23:21:04.960  1014  1065 I libPowerHal: [perfLockRel] hdl:1047406, idx:2
11-05 23:21:04.960  1014  1065 I libPowerHal: vendor.samsung.: cpu_ctrl set cpu freq: -1 -1 1138000 -1
11-05 23:21:04.961   896   910 I mtkpower_client: ret_hdl:1047408
11-05 23:21:04.961   896   910 I HYPER-HAL: [RequestManager.cpp]releaseLocked(): Released ID : 725427
11-05 23:21:04.961   896   910 I HYPER-HAL: [RequestManager.cpp]acquire(): Acquired ID : 726633  [1187 / 18]    HINT : GESTURE_DETECTED    list : [TIMEOUT / 1702] 
11-05 23:21:04.961   896   910 I HYPER-HAL: [RequestManager.cpp]acquire(): Acquired ID : 726633  [1187 / 18]    HINT : GESTURE_DETECTED    list : [TIMEOUT / 1702] 
11-05 23:21:04.961   896   910 I HYPER-HAL: [RequestManager.cpp]acquire(): Acquired ID : 725427  [1187 / 17]    HINT : SMOOTH_SCROLL    list : 
11-05 23:21:04.962   896   910 I mtkpower_client: perf_lock_rel, hdl:1047407, tid:910
11-05 23:21:04.963  1014  1065 I libPowerHal: [perfLockAcq] idx:0 hdl:1047408 hint:-1 pid:896 duration:0 lock_user:vendor.samsung. => ret_hdl:1047408
11-05 23:21:04.963  1014  1065 I libPowerHal: vendor.samsung.: cpu_ctrl set cpu freq: 1218000 -1 1138000 -1
11-05 23:21:04.963   896   910 I mtkpower_client: perf_lock_acq, hdl:0, dur:0, num:2, tid:910
11-05 23:21:04.964  1014  1065 I libPowerHal: [perfLockRel] hdl:1047407, idx:1
11-05 23:21:04.964  1014  1065 I libPowerHal: vendor.samsung.: cpu_ctrl set cpu freq: 1218000 -1 -1 -1
11-05 23:21:04.965   896   910 I mtkpower_client: ret_hdl:1047409
11-05 23:21:04.965   896   910 I mtkpower_client: perf_lock_rel, hdl:1047408, tid:910
11-05 23:21:04.965  1014  1065 I libPowerHal: [perfLockAcq] idx:2 hdl:1047409 hint:-1 pid:896 duration:0 lock_user:vendor.samsung. => ret_hdl:1047409
11-05 23:21:04.966  1014  1065 I libPowerHal: vendor.samsung.: cpu_ctrl set cpu freq: 1218000 -1 1138000 -1
11-05 23:21:04.966   896   910 I mtkpower_client: perf_lock_acq, hdl:0, dur:0, num:2, tid:910
11-05 23:21:04.967  1014  1065 I libPowerHal: [perfLockRel] hdl:1047408, idx:0
11-05 23:21:04.967  1014  1065 I libPowerHal: vendor.samsung.: cpu_ctrl set cpu freq: -1 -1 1138000 -1
11-05 23:21:04.968   896   910 I mtkpower_client: ret_hdl:1047410
11-05 23:21:04.969  1014  1065 I libPowerHal: [perfLockAcq] idx:1 hdl:1047410 hint:-1 pid:896 duration:0 lock_user:vendor.samsung. => ret_hdl:1047410
11-05 23:21:04.969  1014  1065 I libPowerHal: vendor.samsung.: cpu_ctrl set cpu freq: 1218000 -1 1138000 -1
11-05 23:21:04.972 15523 15548 E IMGMapper: set:488 set: Unset optional value from type SMPTE2086
11-05 23:21:04.972 15523 15548 E IMGMapper: set:488 set: Unset optional value from type CTA861_3
11-05 23:21:04.980 15523 15548 E IMGMapper: set:488 set: Unset optional value from type SMPTE2086
11-05 23:21:04.980 15523 15548 E IMGMapper: set:488 set: Unset optional value from type CTA861_3
11-05 23:21:04.999 15523 15548 E IMGMapper: set:488 set: Unset optional value from type SMPTE2086
11-05 23:21:04.999 15523 15548 E IMGMapper: set:488 set: Unset optional value from type CTA861_3
11-05 23:21:05.015 15523 15548 E IMGMapper: set:488 set: Unset optional value from type SMPTE2086
11-05 23:21:05.015 15523 15548 E IMGMapper: set:488 set: Unset optional value from type CTA861_3
11-05 23:21:05.024 15523 16156 D skia    : SkJpegCodec::onGetPixels +
11-05 23:21:05.032 15523 15548 E IMGMapper: set:488 set: Unset optional value from type SMPTE2086
11-05 23:21:05.032 15523 15548 E IMGMapper: set:488 set: Unset optional value from type CTA861_3
11-05 23:21:05.047 15523 15548 E IMGMapper: set:488 set: Unset optional value from type SMPTE2086
11-05 23:21:05.048 15523 15548 E IMGMapper: set:488 set: Unset optional value from type CTA861_3
11-05 23:21:05.051 15523 16156 D skia    : SkJpegCodec::onGetPixels -
11-05 23:21:05.064 15523 15548 E IMGMapper: set:488 set: Unset optional value from type SMPTE2086
11-05 23:21:05.065 15523 15548 E IMGMapper: set:488 set: Unset optional value from type CTA861_3
11-05 23:21:05.080 15523 15548 E IMGMapper: set:488 set: Unset optional value from type SMPTE2086
11-05 23:21:05.081 15523 15548 E IMGMapper: set:488 set: Unset optional value from type CTA861_3
11-05 23:21:05.099 15523 15548 E IMGMapper: set:488 set: Unset optional value from type SMPTE2086
11-05 23:21:05.099 15523 15548 E IMGMapper: set:488 set: Unset optional value from type CTA861_3
11-05 23:21:05.114 15523 15548 E IMGMapper: set:488 set: Unset optional value from type SMPTE2086
11-05 23:21:05.114 15523 15548 E IMGMapper: set:488 set: Unset optional value from type CTA861_3
11-05 23:21:05.132 15523 16158 D skia    : SkJpegCodec::onGetPixels +
11-05 23:21:05.137 15523 15548 E IMGMapper: set:488 set: Unset optional value from type SMPTE2086
11-05 23:21:05.137 15523 15548 E IMGMapper: set:488 set: Unset optional value from type CTA861_3
11-05 23:21:05.150 15523 15548 E IMGMapper: set:488 set: Unset optional value from type SMPTE2086
11-05 23:21:05.150 15523 15548 E IMGMapper: set:488 set: Unset optional value from type CTA861_3
11-05 23:21:05.154 15523 16158 D skia    : SkJpegCodec::onGetPixels -
11-05 23:21:05.164 15523 16160 D skia    : SkJpegCodec::onGetPixels +
11-05 23:21:05.174 15523 15548 E IMGMapper: set:488 set: Unset optional value from type SMPTE2086
11-05 23:21:05.174 15523 15548 E IMGMapper: set:488 set: Unset optional value from type CTA861_3
11-05 23:21:05.176 15523 16155 D skia    : SkJpegCodec::onGetPixels +
11-05 23:21:05.179 15523 16160 D skia    : SkJpegCodec::onGetPixels -
11-05 23:21:05.190 15523 16155 D skia    : SkJpegCodec::onGetPixels -
11-05 23:21:05.191 15523 15548 E IMGMapper: set:488 set: Unset optional value from type SMPTE2086
11-05 23:21:05.191 15523 15548 E IMGMapper: set:488 set: Unset optional value from type CTA861_3
11-05 23:21:05.205 15523 15548 E IMGMapper: set:488 set: Unset optional value from type SMPTE2086
11-05 23:21:05.205 15523 15548 E IMGMapper: set:488 set: Unset optional value from type CTA861_3
11-05 23:21:05.221 15523 15548 E IMGMapper: set:488 set: Unset optional value from type SMPTE2086
11-05 23:21:05.221 15523 15548 E IMGMapper: set:488 set: Unset optional value from type CTA861_3
11-05 23:21:05.240 15523 15548 E IMGMapper: set:488 set: Unset optional value from type SMPTE2086
11-05 23:21:05.240 15523 15548 E IMGMapper: set:488 set: Unset optional value from type CTA861_3
11-05 23:21:05.280 15523 15548 E IMGMapper: set:488 set: Unset optional value from type SMPTE2086
11-05 23:21:05.280 15523 15548 E IMGMapper: set:488 set: Unset optional value from type CTA861_3
11-05 23:21:05.281 15523 16156 D skia    : SkJpegCodec::onGetPixels +
11-05 23:21:05.298 15523 15548 E IMGMapper: set:488 set: Unset optional value from type SMPTE2086
11-05 23:21:05.298 15523 15548 E IMGMapper: set:488 set: Unset optional value from type CTA861_3
11-05 23:21:05.303 15523 16156 D skia    : SkJpegCodec::onGetPixels -
11-05 23:21:05.315 15523 15548 E IMGMapper: set:488 set: Unset optional value from type SMPTE2086
11-05 23:21:05.315 15523 15548 E IMGMapper: set:488 set: Unset optional value from type CTA861_3
11-05 23:21:05.326 15628 15628 I wpa_supplicant: Heartbeat 842
11-05 23:21:05.332 15523 15548 E IMGMapper: set:488 set: Unset optional value from type SMPTE2086
11-05 23:21:05.332 15523 15548 E IMGMapper: set:488 set: Unset optional value from type CTA861_3
11-05 23:21:05.347 15523 15548 E IMGMapper: set:488 set: Unset optional value from type SMPTE2086
11-05 23:21:05.347 15523 15548 E IMGMapper: set:488 set: Unset optional value from type CTA861_3
11-05 23:21:05.362 15523 15548 E IMGMapper: set:488 set: Unset optional value from type SMPTE2086
11-05 23:21:05.362 15523 15548 E IMGMapper: set:488 set: Unset optional value from type CTA861_3
11-05 23:21:05.379 15523 15548 E IMGMapper: set:488 set: Unset optional value from type SMPTE2086
11-05 23:21:05.379 15523 15548 E IMGMapper: set:488 set: Unset optional value from type CTA861_3
11-05 23:21:05.393  1737  1942 D MobileStatusTracker(0/2): onSignalStrengthsChanged level=3, vendorLevel=3
11-05 23:21:05.396  1737  1942 D MobileSignalController(0/2): notifyListener: enabled=true, connected=true, dataConnected=true, networkType=LTE (4G), emergencyOnly=false, roaming=false, isDefault=false, dataActivity=, level=3, ca=false, mmWave=false, disabledDataIcon=false, simCard=ETC
11-05 23:21:05.397  1737  1942 D NetworkController: SignalStrength from intent slotId=0
11-05 23:21:05.397 15523 15548 E IMGMapper: set:488 set: Unset optional value from type SMPTE2086
11-05 23:21:05.397 15523 15548 E IMGMapper: set:488 set: Unset optional value from type CTA861_3
11-05 23:21:05.413 15523 15548 E IMGMapper: set:488 set: Unset optional value from type SMPTE2086
11-05 23:21:05.413 15523 15548 E IMGMapper: set:488 set: Unset optional value from type CTA861_3
11-05 23:21:05.433 15523 15548 E IMGMapper: set:488 set: Unset optional value from type SMPTE2086
11-05 23:21:05.433 15523 15548 E IMGMapper: set:488 set: Unset optional value from type CTA861_3
11-05 23:21:05.448 15523 15548 E IMGMapper: set:488 set: Unset optional value from type SMPTE2086
11-05 23:21:05.449 15523 15548 E IMGMapper: set:488 set: Unset optional value from type CTA861_3
11-05 23:21:05.468 15523 15548 E IMGMapper: set:488 set: Unset optional value from type SMPTE2086
11-05 23:21:05.468 15523 15548 E IMGMapper: set:488 set: Unset optional value from type CTA861_3
