11-05 23:20:59.538 16340 16357 W Binder  : 	at com.google.android.gms.clearcut.internal.IClearcutLoggerCallbacks$Stub.dispatchTransaction(PG:33)
11-05 23:20:59.538 16340 16357 W Binder  : 	at com.google.android.aidl.BaseStub.onTransact(PG:13)
11-05 23:20:59.538 16340 16357 W Binder  : 	at android.os.Binder.execTransactInternal(Binder.java:1321)
11-05 23:20:59.538 16340 16357 W Binder  : 	at android.os.Binder.execTransact(Binder.java:1280)
11-05 23:20:59.540 15523 15548 E IMGMapper: set:488 set: Unset optional value from type SMPTE2086
11-05 23:20:59.540 15523 15548 E IMGMapper: set:488 set: Unset optional value from type CTA861_3
11-05 23:20:59.541 15523 16160 D skia    : SkJpegCodec::onGetPixels +
11-05 23:20:59.557 15523 15548 E IMGMapper: set:488 set: Unset optional value from type SMPTE2086
11-05 23:20:59.557 15523 15548 E IMGMapper: set:488 set: Unset optional value from type CTA861_3
11-05 23:20:59.557 15523 16160 D skia    : SkJpegCodec::onGetPixels -
11-05 23:20:59.574 15523 15548 E IMGMapper: set:488 set: Unset optional value from type SMPTE2086
11-05 23:20:59.574 15523 15548 E IMGMapper: set:488 set: Unset optional value from type CTA861_3
11-05 23:20:59.590 15523 15548 E IMGMapper: set:488 set: Unset optional value from type SMPTE2086
11-05 23:20:59.590 15523 15548 E IMGMapper: set:488 set: Unset optional value from type CTA861_3
11-05 23:20:59.608 15523 15548 E IMGMapper: set:488 set: Unset optional value from type SMPTE2086
11-05 23:20:59.608 15523 15548 E IMGMapper: set:488 set: Unset optional value from type CTA861_3
11-05 23:20:59.623 15523 15548 E IMGMapper: set:488 set: Unset optional value from type SMPTE2086
11-05 23:20:59.623 15523 15548 E IMGMapper: set:488 set: Unset optional value from type CTA861_3
11-05 23:20:59.639 15523 15548 E IMGMapper: set:488 set: Unset optional value from type SMPTE2086
11-05 23:20:59.639 15523 15548 E IMGMapper: set:488 set: Unset optional value from type CTA861_3
11-05 23:20:59.664 15523 15548 E IMGMapper: set:488 set: Unset optional value from type SMPTE2086
11-05 23:20:59.664 15523 15548 E IMGMapper: set:488 set: Unset optional value from type CTA861_3
11-05 23:20:59.677  1039  1039 I BufferQueueProducer: [com.cinemamovel/com.cinemamovel.MainActivity$_15523#687207](this:0xb400007a262e1838,id:-1,api:0,p:-1,c:1039) queueBuffer: fps=55.17 dur=1015.03 max=50.22 min=16.27
11-05 23:20:59.679   991   991 I hwcomposer: [HWCDisplay] [Display_0 (type:1)] fps:55.207661,dur:1014.35,max:50.64,min:15.80  
11-05 23:20:59.680 15523 15548 E IMGMapper: set:488 set: Unset optional value from type SMPTE2086
11-05 23:20:59.680 15523 15548 E IMGMapper: set:488 set: Unset optional value from type CTA861_3
11-05 23:20:59.722 15523 15548 E IMGMapper: set:488 set: Unset optional value from type SMPTE2086
11-05 23:20:59.722 15523 15548 E IMGMapper: set:488 set: Unset optional value from type CTA861_3
11-05 23:20:59.734 15523 15548 E IMGMapper: set:488 set: Unset optional value from type SMPTE2086
11-05 23:20:59.735 15523 15548 E IMGMapper: set:488 set: Unset optional value from type CTA861_3
11-05 23:20:59.745 15523 15548 E IMGMapper: set:488 set: Unset optional value from type SMPTE2086
11-05 23:20:59.746 15523 15548 E IMGMapper: set:488 set: Unset optional value from type CTA861_3
11-05 23:20:59.748  1200  1324 D ULogGuard: Monitoring: 16 threads, 0 requests, 0 time-bombs; 1 guards. ResetFlags = 0x7
11-05 23:20:59.759 15523 15548 E IMGMapper: set:488 set: Unset optional value from type SMPTE2086
11-05 23:20:59.759 15523 15548 E IMGMapper: set:488 set: Unset optional value from type CTA861_3
11-05 23:20:59.774 15523 15548 E IMGMapper: set:488 set: Unset optional value from type SMPTE2086
11-05 23:20:59.774 15523 15548 E IMGMapper: set:488 set: Unset optional value from type CTA861_3
11-05 23:20:59.791 15523 15548 E IMGMapper: set:488 set: Unset optional value from type SMPTE2086
11-05 23:20:59.791 15523 15548 E IMGMapper: set:488 set: Unset optional value from type CTA861_3
11-05 23:20:59.805  1187  1792 D InputDispatcher: Inject motion (16420/2000): action=0x0, time=3402581446000000, f=0x0, d=0 dsdx=1.000000 dtdx=0.000000
11-05 23:20:59.805  1187  1534 I InputDispatcher: Delivering touch to (1737): action: 0x4, f=0x0, d=0, 'd92b8ad', t=1 
11-05 23:20:59.806  1187  1534 I InputDispatcher: Delivering touch to (15523): action: 0x0, f=0x0, d=0, '5279eff', t=1 
11-05 23:20:59.806  1187  1534 D PowerManagerService: [api] userActivityFromNative :  (event: 2 flags: 0 displayId: 0) eventTime = 3402581446
11-05 23:20:59.806 15523 15523 I ViewRootImpl@fc90bac[MainActivity]: ViewPostIme pointer 0
11-05 23:20:59.806  1187  1303 I GestureDetector: obtain mCurrentDownEvent. id: -252835514 caller: com.android.server.wm.SystemGesturesPointerEventListener.onPointerEvent:203 com.android.server.wm.PointerEventDispatcher.onInputEvent:53 android.view.InputEventReceiver.dispatchInputEvent:285 
11-05 23:20:59.807  1187  1303 I GestureDetector: obtain mCurrentDownEvent. id: -252835514 caller: com.android.server.wm.SystemPerformancePointerEventListener.onPointerEvent:89 com.android.server.wm.PointerEventDispatcher.onInputEvent:53 android.view.InputEventReceiver.dispatchInputEvent:285 
11-05 23:20:59.813 15523 15548 E IMGMapper: set:488 set: Unset optional value from type SMPTE2086
11-05 23:20:59.813 15523 15548 E IMGMapper: set:488 set: Unset optional value from type CTA861_3
11-05 23:20:59.819  1187  1303 I GestureDetector: obtain mCurrentMotionEventRaw. action: 2 id: -559437988
11-05 23:20:59.819  1187  1303 I GestureDetector: obtain mCurrentMotionEventRaw. action: 2 id: -559437988
11-05 23:20:59.830 15523 15548 E IMGMapper: set:488 set: Unset optional value from type SMPTE2086
11-05 23:20:59.830 15523 15548 E IMGMapper: set:488 set: Unset optional value from type CTA861_3
11-05 23:20:59.832   896   910 I mtkpower_client: perf_lock_rel, hdl:1047377, tid:910
11-05 23:20:59.833   896   910 I mtkpower_client: perf_lock_acq, hdl:0, dur:0, num:2, tid:910
11-05 23:20:59.835   896   910 I mtkpower_client: ret_hdl:1047379
11-05 23:20:59.835   896   910 I mtkpower_client: perf_lock_rel, hdl:1047378, tid:910
11-05 23:20:59.836   896   910 I mtkpower_client: perf_lock_acq, hdl:0, dur:0, num:2, tid:910
11-05 23:20:59.836   896   910 I mtkpower_client: ret_hdl:1047380
11-05 23:20:59.837   896   910 I HYPER-HAL: [RequestManager.cpp]releaseLocked(): Released ID : 725427
11-05 23:20:59.839  1014  1065 I libPowerHal: [perfLockRel] hdl:1047377, idx:2
11-05 23:20:59.840  1014  1065 I libPowerHal: vendor.samsung.: cpu_ctrl set cpu freq: 1218000 -1 -1 -1
11-05 23:20:59.848 15523 15548 E IMGMapper: set:488 set: Unset optional value from type SMPTE2086
11-05 23:20:59.848 15523 15548 E IMGMapper: set:488 set: Unset optional value from type CTA861_3
11-05 23:20:59.850  1014  1065 I libPowerHal: [perfLockAcq] idx:1 hdl:1047379 hint:-1 pid:896 duration:0 lock_user:vendor.samsung. => ret_hdl:1047379
11-05 23:20:59.851  1014  1065 I libPowerHal: vendor.samsung.: cpu_ctrl set cpu freq: 1218000 -1 1138000 -1
11-05 23:20:59.851  1014  1065 I libPowerHal: [perfLockRel] hdl:1047378, idx:0
11-05 23:20:59.852  1014  1065 I libPowerHal: vendor.samsung.: cpu_ctrl set cpu freq: -1 -1 1138000 -1
11-05 23:20:59.853  1014  1065 I libPowerHal: [perfLockAcq] idx:3 hdl:1047380 hint:-1 pid:896 duration:0 lock_user:vendor.samsung. => ret_hdl:1047380
11-05 23:20:59.854  1014  1065 I libPowerHal: vendor.samsung.: cpu_ctrl set cpu freq: 1218000 -1 1138000 -1
11-05 23:20:59.860 15523 15548 E IMGMapper: set:488 set: Unset optional value from type SMPTE2086
11-05 23:20:59.860 15523 15548 E IMGMapper: set:488 set: Unset optional value from type CTA861_3
11-05 23:20:59.880 15523 15548 E IMGMapper: set:488 set: Unset optional value from type SMPTE2086
11-05 23:20:59.880 15523 15548 E IMGMapper: set:488 set: Unset optional value from type CTA861_3
11-05 23:20:59.894 15523 15548 E IMGMapper: set:488 set: Unset optional value from type SMPTE2086
11-05 23:20:59.894 15523 15548 E IMGMapper: set:488 set: Unset optional value from type CTA861_3
11-05 23:20:59.917 15523 15548 E IMGMapper: set:488 set: Unset optional value from type SMPTE2086
11-05 23:20:59.917 15523 15548 E IMGMapper: set:488 set: Unset optional value from type CTA861_3
11-05 23:20:59.927 15523 15548 E IMGMapper: set:488 set: Unset optional value from type SMPTE2086
11-05 23:20:59.927 15523 15548 E IMGMapper: set:488 set: Unset optional value from type CTA861_3
11-05 23:20:59.941 15523 15548 E IMGMapper: set:488 set: Unset optional value from type SMPTE2086
11-05 23:20:59.941 15523 15548 E IMGMapper: set:488 set: Unset optional value from type CTA861_3
11-05 23:20:59.956 15523 15548 E IMGMapper: set:488 set: Unset optional value from type SMPTE2086
11-05 23:20:59.956 15523 15548 E IMGMapper: set:488 set: Unset optional value from type CTA861_3
11-05 23:20:59.973 15523 15548 E IMGMapper: set:488 set: Unset optional value from type SMPTE2086
11-05 23:20:59.973 15523 15548 E IMGMapper: set:488 set: Unset optional value from type CTA861_3
11-05 23:20:59.988 15523 15548 E IMGMapper: set:488 set: Unset optional value from type SMPTE2086
11-05 23:20:59.988 15523 15548 E IMGMapper: set:488 set: Unset optional value from type CTA861_3
11-05 23:21:00.003  1737  1737 D KeyguardUpdateMonitor: received broadcast android.intent.action.TIME_TICK
11-05 23:21:00.003  1737  1737 D KeyguardUpdateMonitor: handleTimeUpdate
11-05 23:21:00.003  1737  2248 D QSClockBellTower: onReceive(android.intent.action.TIME_TICK) mTimeZoneString:null
11-05 23:21:00.004  1737  1737 D FaceWidgetPagesController: onTimeChanged()
11-05 23:21:00.009 15523 15548 E IMGMapper: set:488 set: Unset optional value from type SMPTE2086
11-05 23:21:00.009 15523 15548 E IMGMapper: set:488 set: Unset optional value from type CTA861_3
11-05 23:21:00.012  1737  1737 D QSClockBellTower: He is ready to ring the bell. (((QSClockBellSound - TimeText:23:21, TimeContentDescription:23:21, DateText:qua., 5 de novembro, ShortDateText:qua., 5 de nov., Demo:false, QuickStar-Second(false|12:34:56))))
11-05 23:21:00.015  1737  1737 D QSClockIndicatorView: Home Indicator status_bar_clock 23:21 notifyTimeChanged(QSClockBellSound - TimeText:23:21, TimeContentDescription:23:21, DateText:qua., 5 de novembro, ShortDateText:qua., 5 de nov., Demo:false, QuickStar-Second(false|12:34:56)) ClockVisibleByPolicy:true, ClockVisibleByUser:true, visible?true, parent:android.widget.LinearLayout{a46c4dc V.E...... ......ID 0,0-66,37 #7f0b04f0 app:id/left_clock_container}
11-05 23:21:00.016  1737  1737 D QSClockBellTower: Everyone heard the bell. run(currentTime:1762395660006,   getTime():Wed Nov 05 23:21:00 GMT-03:00 2025,   getTimeZone():libcore.util.ZoneInfo[mDstSavings=0,mUseDst=false,mDelegate=[id="America/Sao_Paulo",mRawOffset=-10800000,mEarliestRawOffset=-11188000,transitions=92]])
11-05 23:21:00.025 15523 15548 E IMGMapper: set:488 set: Unset optional value from type SMPTE2086
11-05 23:21:00.025 15523 15548 E IMGMapper: set:488 set: Unset optional value from type CTA861_3
11-05 23:21:00.037  1737  1737 I FaceWidgetPositionAlgorithm: getClockContainerHeight() supplier = 193, bottom margin = 0, real height = 238
11-05 23:21:00.038  1737  1737 I FaceWidgetPositionAlgorithm: getClockContainerHeight() supplier = 193, bottom margin = 45, real height = 238
11-05 23:21:00.038  1737  1737 I FaceWidgetPositionAlgorithm: getMediaContainerHeight() height = 326 container Visibility = 8, isValid = false, mIsDozing = false, fraction = 1.0, source = 0, target = 0
11-05 23:21:00.038  1737  1737 I FaceWidgetPositionAlgorithm: getMediaContainerHeight() supplier = 0
11-05 23:21:00.040  1737  1737 V QsExpandAnimator: setQsExpansionPosition 0.0
11-05 23:21:00.042 15523 15548 E IMGMapper: set:488 set: Unset optional value from type SMPTE2086
11-05 23:21:00.042 15523 15548 E IMGMapper: set:488 set: Unset optional value from type CTA861_3
11-05 23:21:00.051  1737  1737 V QsExpandAnimator: updateAnimators
11-05 23:21:00.051  1737  1737 V QsExpandAnimator: clearAnimationState 
11-05 23:21:00.052  1737  1737 V QsExpandAnimator: updateViews
11-05 23:21:00.054  1737  1796 E IMGMapper: set:488 set: Unset optional value from type SMPTE2086
11-05 23:21:00.055  1737  1796 E IMGMapper: set:488 set: Unset optional value from type CTA861_3
11-05 23:21:00.056  1737  1737 V QsExpandAnimator: updateTileAnimator
11-05 23:21:00.057  1737  1737 V QsExpandAnimator: updateHeaderAnimator
11-05 23:21:00.058  1737  1737 V QsExpandAnimator: updateBarAnimator
11-05 23:21:00.058  1737  1737 V QsExpandAnimator: setQsExpansionPosition 0.0
11-05 23:21:00.059  1737  1737 V QsExpandAnimator: onAnimationAtStart
11-05 23:21:00.059 15523 15548 E IMGMapper: set:488 set: Unset optional value from type SMPTE2086
11-05 23:21:00.060 15523 15548 E IMGMapper: set:488 set: Unset optional value from type CTA861_3
11-05 23:21:00.060  1039  1039 I BufferQueueProducer: [StatusBar$_1737#534029](this:0xb400007a1f0ca838,id:-1,api:0,p:-1,c:1039) queueBuffer: fps=0.38 dur=2613.23 max=2613.23 min=2613.23
11-05 23:21:00.089 15523 15548 E IMGMapper: set:488 set: Unset optional value from type SMPTE2086
11-05 23:21:00.089 15523 15548 E IMGMapper: set:488 set: Unset optional value from type CTA861_3
11-05 23:21:00.113 15523 16156 D skia    : SkJpegCodec::onGetPixels +
11-05 23:21:00.114  1187  1792 D InputDispatcher: Inject motion (16420/2000): action=0x1, time=3402581755000000, f=0x0, d=0 dsdx=1.000000 dtdx=0.000000
11-05 23:21:00.115  1187  1534 I InputDispatcher: Delivering touch to (15523): action: 0x1, f=0x0, d=0, '5279eff', t=1 
11-05 23:21:00.116 15523 15548 E IMGMapper: set:488 set: Unset optional value from type SMPTE2086
11-05 23:21:00.116 15523 15548 E IMGMapper: set:488 set: Unset optional value from type CTA861_3
11-05 23:21:00.117  1187  1187 I SemDvfsHyPerManager: acquire hyper - SMOOTH_SCROLL/1187@17, type = -999
11-05 23:21:00.118   896   910 I HYPER-HAL: [RequestManager.cpp]acquire(): Acquired ID : 725427  [1187 / 17]    HINT : SMOOTH_SCROLL    list : 
11-05 23:21:00.119   896   910 I mtkpower_client: perf_lock_rel, hdl:1047379, tid:910
11-05 23:21:00.119 15523 15523 I ViewRootImpl@fc90bac[MainActivity]: ViewPostIme pointer 1
11-05 23:21:00.120  1187  1187 D SGM:GameManager: identifyGamePackage. com.cinemamovel, mCurrentUserId: 0, callerUserId: 0, callingMethodInfo: com.android.server.ssrm.fgapps.GameAppUtils.isGame(GameAppUtils.java:84)
11-05 23:21:00.120  1187  1187 D SGM:PkgDataHelper: getGamePkgData(). com.cinemamovel
11-05 23:21:00.120  1187  1187 I SemDvfsHyPerManager: acquire hyper - GESTURE_DETECTED/1187@18, type = -999
11-05 23:21:00.122  1187  1187 D SGM:GameManager: identifyGamePackage. com.cinemamovel, mCurrentUserId: 0, callerUserId: 0, callingMethodInfo: com.android.server.ssrm.fgapps.GameAppUtils.isGame(GameAppUtils.java:84)
11-05 23:21:00.122  1187  1187 D SGM:PkgDataHelper: getGamePkgData(). com.cinemamovel
11-05 23:21:00.122  1187  1187 I SemDvfsHyPerManager: acquire hyper - GESTURE_DETECTED/1187@18, type = -999
11-05 23:21:00.123   896   910 I mtkpower_client: perf_lock_acq, hdl:0, dur:0, num:2, tid:910
11-05 23:21:00.124  1014  1065 I libPowerHal: [perfLockRel] hdl:1047379, idx:1
11-05 23:21:00.125 15523 15548 E IMGMapper: set:488 set: Unset optional value from type SMPTE2086
11-05 23:21:00.125 15523 15548 E IMGMapper: set:488 set: Unset optional value from type CTA861_3
11-05 23:21:00.125  1187  1187 I SemDvfsHyPerManager: acquire hyper - SMOOTH_SCROLL/1187@17, type = -999
11-05 23:21:00.125  1014  1065 I libPowerHal: vendor.samsung.: cpu_ctrl set cpu freq: 1218000 -1 -1 -1
11-05 23:21:00.130   896   910 I mtkpower_client: ret_hdl:1047381
11-05 23:21:00.130   896   910 I mtkpower_client: perf_lock_rel, hdl:1047380, tid:910
11-05 23:21:00.130  1014  1065 I libPowerHal: [perfLockAcq] idx:0 hdl:1047381 hint:-1 pid:896 duration:0 lock_user:vendor.samsung. => ret_hdl:1047381
11-05 23:21:00.130  1014  1065 I libPowerHal: vendor.samsung.: cpu_ctrl set cpu freq: 1218000 -1 1138000 -1
11-05 23:21:00.132   896   910 I mtkpower_client: perf_lock_acq, hdl:0, dur:0, num:2, tid:910
11-05 23:21:00.132  1014  1065 I libPowerHal: [perfLockRel] hdl:1047380, idx:3
11-05 23:21:00.132  1014  1065 I libPowerHal: vendor.samsung.: cpu_ctrl set cpu freq: -1 -1 1138000 -1
11-05 23:21:00.134   896   910 I mtkpower_client: ret_hdl:1047382
11-05 23:21:00.134   896   910 I mtkpower_client: perf_lock_rel, hdl:1047381, tid:910
11-05 23:21:00.135   896   910 I mtkpower_client: perf_lock_acq, hdl:0, dur:0, num:2, tid:910
11-05 23:21:00.135   896   910 I mtkpower_client: ret_hdl:1047383
11-05 23:21:00.135   896   910 I mtkpower_client: perf_lock_rel, hdl:1047382, tid:910
11-05 23:21:00.136 15523 16156 D skia    : SkJpegCodec::onGetPixels -
11-05 23:21:00.136  1014  1065 I libPowerHal: [perfLockAcq] idx:1 hdl:1047382 hint:-1 pid:896 duration:0 lock_user:vendor.samsung. => ret_hdl:1047382
11-05 23:21:00.137  1014  1065 I libPowerHal: vendor.samsung.: cpu_ctrl set cpu freq: 1218000 -1 1138000 -1
11-05 23:21:00.137  1014  1065 I libPowerHal: [perfLockRel] hdl:1047381, idx:0
11-05 23:21:00.138 15523 15548 E IMGMapper: set:488 set: Unset optional value from type SMPTE2086
11-05 23:21:00.138 15523 15548 E IMGMapper: set:488 set: Unset optional value from type CTA861_3
11-05 23:21:00.138  1014  1065 I libPowerHal: vendor.samsung.: cpu_ctrl set cpu freq: 1218000 -1 -1 -1
11-05 23:21:00.139  1014  1065 I libPowerHal: [perfLockAcq] idx:2 hdl:1047383 hint:-1 pid:896 duration:0 lock_user:vendor.samsung. => ret_hdl:1047383
11-05 23:21:00.139  1014  1065 I libPowerHal: vendor.samsung.: cpu_ctrl set cpu freq: 1218000 -1 1138000 -1
11-05 23:21:00.140   896   910 I mtkpower_client: perf_lock_acq, hdl:0, dur:0, num:2, tid:910
11-05 23:21:00.140  1014  1065 I libPowerHal: [perfLockRel] hdl:1047382, idx:1
11-05 23:21:00.140  1014  1065 I libPowerHal: vendor.samsung.: cpu_ctrl set cpu freq: -1 -1 1138000 -1
11-05 23:21:00.141   896   910 I mtkpower_client: ret_hdl:1047384
11-05 23:21:00.141   896   910 I HYPER-HAL: [RequestManager.cpp]releaseLocked(): Released ID : 725427
11-05 23:21:00.141   896   910 I HYPER-HAL: [RequestManager.cpp]acquire(): Acquired ID : 726633  [1187 / 18]    HINT : GESTURE_DETECTED    list : [TIMEOUT / 1702] 
11-05 23:21:00.142   896   910 I HYPER-HAL: [RequestManager.cpp]acquire(): Acquired ID : 726633  [1187 / 18]    HINT : GESTURE_DETECTED    list : [TIMEOUT / 1702] 
11-05 23:21:00.142   896   910 I HYPER-HAL: [RequestManager.cpp]acquire(): Acquired ID : 725427  [1187 / 17]    HINT : SMOOTH_SCROLL    list : 
11-05 23:21:00.143  1014  1065 I libPowerHal: [perfLockAcq] idx:0 hdl:1047384 hint:-1 pid:896 duration:0 lock_user:vendor.samsung. => ret_hdl:1047384
11-05 23:21:00.143  1014  1065 I libPowerHal: vendor.samsung.: cpu_ctrl set cpu freq: 1218000 -1 1138000 -1
11-05 23:21:00.143   896   910 I mtkpower_client: perf_lock_rel, hdl:1047383, tid:910
11-05 23:21:00.147  1014  1065 I libPowerHal: [perfLockRel] hdl:1047383, idx:2
11-05 23:21:00.148  1014  1065 I libPowerHal: vendor.samsung.: cpu_ctrl set cpu freq: 1218000 -1 -1 -1
11-05 23:21:00.149   896   910 I mtkpower_client: perf_lock_acq, hdl:0, dur:0, num:2, tid:910
11-05 23:21:00.149   896   910 I mtkpower_client: ret_hdl:1047385
11-05 23:21:00.149   896   910 I mtkpower_client: perf_lock_rel, hdl:1047384, tid:910
11-05 23:21:00.150  1014  1065 I libPowerHal: [perfLockAcq] idx:1 hdl:1047385 hint:-1 pid:896 duration:0 lock_user:vendor.samsung. => ret_hdl:1047385
11-05 23:21:00.150  1014  1065 I libPowerHal: vendor.samsung.: cpu_ctrl set cpu freq: 1218000 -1 1138000 -1
11-05 23:21:00.152   896   910 I mtkpower_client: perf_lock_acq, hdl:0, dur:0, num:2, tid:910
11-05 23:21:00.152  1014  1065 I libPowerHal: [perfLockRel] hdl:1047384, idx:0
11-05 23:21:00.153  1014  1065 I libPowerHal: vendor.samsung.: cpu_ctrl set cpu freq: -1 -1 1138000 -1
11-05 23:21:00.154   896   910 I mtkpower_client: ret_hdl:1047386
11-05 23:21:00.154  1014  1065 I libPowerHal: [perfLockAcq] idx:0 hdl:1047386 hint:-1 pid:896 duration:0 lock_user:vendor.samsung. => ret_hdl:1047386
11-05 23:21:00.154  1014  1065 I libPowerHal: vendor.samsung.: cpu_ctrl set cpu freq: 1218000 -1 1138000 -1
11-05 23:21:00.155 15523 15548 E IMGMapper: set:488 set: Unset optional value from type SMPTE2086
11-05 23:21:00.155 15523 15548 E IMGMapper: set:488 set: Unset optional value from type CTA861_3
11-05 23:21:00.173 15523 15548 E IMGMapper: set:488 set: Unset optional value from type SMPTE2086
11-05 23:21:00.173 15523 15548 E IMGMapper: set:488 set: Unset optional value from type CTA861_3
11-05 23:21:00.187 15523 15548 E IMGMapper: set:488 set: Unset optional value from type SMPTE2086
11-05 23:21:00.187 15523 15548 E IMGMapper: set:488 set: Unset optional value from type CTA861_3
11-05 23:21:00.211 15523 15548 E IMGMapper: set:488 set: Unset optional value from type SMPTE2086
11-05 23:21:00.211 15523 15548 E IMGMapper: set:488 set: Unset optional value from type CTA861_3
11-05 23:21:00.227 15523 15548 E IMGMapper: set:488 set: Unset optional value from type SMPTE2086
11-05 23:21:00.227 15523 15548 E IMGMapper: set:488 set: Unset optional value from type CTA861_3
11-05 23:21:00.263 15523 15548 E IMGMapper: set:488 set: Unset optional value from type SMPTE2086
11-05 23:21:00.263 15523 15548 E IMGMapper: set:488 set: Unset optional value from type CTA861_3
11-05 23:21:00.271  1737  1942 D MobileStatusTracker(0/2): onSignalStrengthsChanged level=3, vendorLevel=3
11-05 23:21:00.282 15523 15548 E IMGMapper: set:488 set: Unset optional value from type SMPTE2086
11-05 23:21:00.282 15523 15548 E IMGMapper: set:488 set: Unset optional value from type CTA861_3
11-05 23:21:00.286  1737  1942 D MobileSignalController(0/2): notifyListener: enabled=true, connected=true, dataConnected=true, networkType=LTE (4G), emergencyOnly=false, roaming=false, isDefault=false, dataActivity=, level=3, ca=false, mmWave=false, disabledDataIcon=false, simCard=ETC
11-05 23:21:00.286  1737  1942 D NetworkController: SignalStrength from intent slotId=0
11-05 23:21:00.294 15523 15548 E IMGMapper: set:488 set: Unset optional value from type SMPTE2086
11-05 23:21:00.294 15523 15548 E IMGMapper: set:488 set: Unset optional value from type CTA861_3
11-05 23:21:00.314 15523 15548 E IMGMapper: set:488 set: Unset optional value from type SMPTE2086
11-05 23:21:00.314 15523 15548 E IMGMapper: set:488 set: Unset optional value from type CTA861_3
11-05 23:21:00.322 15523 15548 E IMGMapper: set:488 set: Unset optional value from type SMPTE2086
11-05 23:21:00.322 15523 15548 E IMGMapper: set:488 set: Unset optional value from type CTA861_3
11-05 23:21:00.326 15523 16158 D skia    : SkJpegCodec::onGetPixels +
11-05 23:21:00.338 15523 15548 E IMGMapper: set:488 set: Unset optional value from type SMPTE2086
11-05 23:21:00.338 15523 15548 E IMGMapper: set:488 set: Unset optional value from type CTA861_3
11-05 23:21:00.351 15523 16158 D skia    : SkJpegCodec::onGetPixels -
11-05 23:21:00.355 15523 15548 E IMGMapper: set:488 set: Unset optional value from type SMPTE2086
11-05 23:21:00.355 15523 15548 E IMGMapper: set:488 set: Unset optional value from type CTA861_3
11-05 23:21:00.371 15523 15548 E IMGMapper: set:488 set: Unset optional value from type SMPTE2086
11-05 23:21:00.371 15523 15548 E IMGMapper: set:488 set: Unset optional value from type CTA861_3
11-05 23:21:00.389 15523 15548 E IMGMapper: set:488 set: Unset optional value from type SMPTE2086
11-05 23:21:00.390 15523 15548 E IMGMapper: set:488 set: Unset optional value from type CTA861_3
11-05 23:21:00.405 15523 15548 E IMGMapper: set:488 set: Unset optional value from type SMPTE2086
11-05 23:21:00.406 15523 15548 E IMGMapper: set:488 set: Unset optional value from type CTA861_3
11-05 23:21:00.406 15523 16156 D skia    : SkJpegCodec::onGetPixels +
11-05 23:21:00.421  1693  1693 I WifiHAL : Get link layer stats
11-05 23:21:00.422  1693  1693 I WifiHAL : GetLinkStatsCommand::create
11-05 23:21:00.422  1693  1693 D android.hardware.wifi@1.0-service-lazy: WifiRequest::create vendor command to iface 38, vendor_id=0x1a11, subcmd=0x1200, res=0
11-05 23:21:00.422 15523 15548 E IMGMapper: set:488 set: Unset optional value from type SMPTE2086
11-05 23:21:00.422 15523 15548 E IMGMapper: set:488 set: Unset optional value from type CTA861_3
11-05 23:21:00.422  1693  1693 I android.hardware.wifi@1.0-service-lazy: WifiCommand::requestResponse err=-95
11-05 23:21:00.422  1693  1693 I WifiHAL : wifi_get_link_stats: result=-3
11-05 23:21:00.423  1187  1566 E WifiVendorHal: getWifiLinkLayerStats_1_5_Internal(l.1179) failed {.code = ERROR_NOT_SUPPORTED, .description = }
11-05 23:21:00.424 15523 16155 D skia    : SkJpegCodec::onGetPixels +
11-05 23:21:00.427 15523 16156 D skia    : SkJpegCodec::onGetPixels -
11-05 23:21:00.430  1187 22074 D SemWifiUsabilityStatsMonitor: onWifiUsabilityStats - seqNum 107263, isSameBssidAndFreq true
11-05 23:21:00.430  1187  1645 I SemWifiLinkQualityMonitor: Link Qos query: inf. ms / 0 Mbps
11-05 23:21:00.440 15523 15548 E IMGMapper: set:488 set: Unset optional value from type SMPTE2086
11-05 23:21:00.440 15523 15548 E IMGMapper: set:488 set: Unset optional value from type CTA861_3
11-05 23:21:00.441   570 15363 I keystore2: keystore2::watchdog: Watchdog thread idle -> terminating. Have a great day.
11-05 23:21:00.453 15523 16155 D skia    : SkJpegCodec::onGetPixels -
11-05 23:21:00.455 15523 15548 E IMGMapper: set:488 set: Unset optional value from type SMPTE2086
11-05 23:21:00.455 15523 15548 E IMGMapper: set:488 set: Unset optional value from type CTA861_3
11-05 23:21:00.473 15523 15548 E IMGMapper: set:488 set: Unset optional value from type SMPTE2086
11-05 23:21:00.473 15523 15548 E IMGMapper: set:488 set: Unset optional value from type CTA861_3
11-05 23:21:00.490 15523 15548 E IMGMapper: set:488 set: Unset optional value from type SMPTE2086
11-05 23:21:00.491 15523 15548 E IMGMapper: set:488 set: Unset optional value from type CTA861_3
11-05 23:21:00.504 15523 15548 E IMGMapper: set:488 set: Unset optional value from type SMPTE2086
11-05 23:21:00.504 15523 15548 E IMGMapper: set:488 set: Unset optional value from type CTA861_3
11-05 23:21:00.535 15523 15548 E IMGMapper: set:488 set: Unset optional value from type SMPTE2086
11-05 23:21:00.535 15523 15548 E IMGMapper: set:488 set: Unset optional value from type CTA861_3
11-05 23:21:00.546 15523 15548 E IMGMapper: set:488 set: Unset optional value from type SMPTE2086
11-05 23:21:00.546 15523 15548 E IMGMapper: set:488 set: Unset optional value from type CTA861_3
11-05 23:21:00.556  6477  6477 W Finsky  : [2] STU: Failed to get storage stats for package 'com.google.android.media.swcodec' (1601: Error getting stats: android.content.pm.PackageManager.NameNotFoundException)
11-05 23:21:00.560 15523 15548 E IMGMapper: set:488 set: Unset optional value from type SMPTE2086
11-05 23:21:00.560 15523 15548 E IMGMapper: set:488 set: Unset optional value from type CTA861_3
11-05 23:21:00.601 15523 15548 E IMGMapper: set:488 set: Unset optional value from type SMPTE2086
11-05 23:21:00.601 15523 15548 E IMGMapper: set:488 set: Unset optional value from type CTA861_3
11-05 23:21:00.608 15523 15548 E IMGMapper: set:488 set: Unset optional value from type SMPTE2086
11-05 23:21:00.608 15523 15548 E IMGMapper: set:488 set: Unset optional value from type CTA861_3
11-05 23:21:00.622 15523 15548 E IMGMapper: set:488 set: Unset optional value from type SMPTE2086
11-05 23:21:00.622 15523 15548 E IMGMapper: set:488 set: Unset optional value from type CTA861_3
11-05 23:21:00.642 15523 15548 E IMGMapper: set:488 set: Unset optional value from type SMPTE2086
11-05 23:21:00.643 15523 15548 E IMGMapper: set:488 set: Unset optional value from type CTA861_3
11-05 23:21:00.654 15523 15548 E IMGMapper: set:488 set: Unset optional value from type SMPTE2086
11-05 23:21:00.654 15523 15548 E IMGMapper: set:488 set: Unset optional value from type CTA861_3
11-05 23:21:00.667 15523 16160 D skia    : SkJpegCodec::onGetPixels +
11-05 23:21:00.671 15523 16158 D skia    : SkJpegCodec::onGetPixels +
11-05 23:21:00.671 15523 15548 E IMGMapper: set:488 set: Unset optional value from type SMPTE2086
11-05 23:21:00.671 15523 15548 E IMGMapper: set:488 set: Unset optional value from type CTA861_3
11-05 23:21:00.681 15523 16160 D skia    : SkJpegCodec::onGetPixels -
11-05 23:21:00.687 15523 15548 E IMGMapper: set:488 set: Unset optional value from type SMPTE2086
11-05 23:21:00.688 15523 15548 E IMGMapper: set:488 set: Unset optional value from type CTA861_3
11-05 23:21:00.692 15523 16158 D skia    : SkJpegCodec::onGetPixels -
11-05 23:21:00.693  1039  1039 I BufferQueueProducer: [com.cinemamovel/com.cinemamovel.MainActivity$_15523#687207](this:0xb400007a262e1838,id:-1,api:0,p:-1,c:1039) queueBuffer: fps=56.13 dur=1015.52 max=33.50 min=16.26
11-05 23:21:00.695   991   991 I hwcomposer: [HWCDisplay] [Display_0 (type:1)] fps:56.095100,dur:1016.13,max:34.03,min:15.34  
11-05 23:21:00.704 15523 15548 E IMGMapper: set:488 set: Unset optional value from type SMPTE2086
11-05 23:21:00.704 15523 15548 E IMGMapper: set:488 set: Unset optional value from type CTA861_3
11-05 23:21:00.721 15523 15548 E IMGMapper: set:488 set: Unset optional value from type SMPTE2086
11-05 23:21:00.721 15523 15548 E IMGMapper: set:488 set: Unset optional value from type CTA861_3
11-05 23:21:00.739 15523 15548 E IMGMapper: set:488 set: Unset optional value from type SMPTE2086
11-05 23:21:00.739 15523 15548 E IMGMapper: set:488 set: Unset optional value from type CTA861_3
11-05 23:21:00.756 15523 15548 E IMGMapper: set:488 set: Unset optional value from type SMPTE2086
11-05 23:21:00.756 15523 15548 E IMGMapper: set:488 set: Unset optional value from type CTA861_3
11-05 23:21:00.758   543   543 D io_stats: !@ 179,0 r 628563037 7593004810 w 113806202 1205879764 d 1261336 33797848 f 0 0 iot 323572880 0 th 0 0 0 pt 0 inp 0 0 3402582.399
11-05 23:21:00.770 15523 15548 E IMGMapper: set:488 set: Unset optional value from type SMPTE2086
11-05 23:21:00.770 15523 15548 E IMGMapper: set:488 set: Unset optional value from type CTA861_3
11-05 23:21:00.789 15523 15548 E IMGMapper: set:488 set: Unset optional value from type SMPTE2086
11-05 23:21:00.789 15523 15548 E IMGMapper: set:488 set: Unset optional value from type CTA861_3
11-05 23:21:00.803 15523 15548 E IMGMapper: set:488 set: Unset optional value from type SMPTE2086
11-05 23:21:00.803 15523 15548 E IMGMapper: set:488 set: Unset optional value from type CTA861_3
11-05 23:21:00.807 15523 16156 D skia    : SkJpegCodec::onGetPixels +
11-05 23:21:00.828 15523 15548 E IMGMapper: set:488 set: Unset optional value from type SMPTE2086
11-05 23:21:00.828 15523 15548 E IMGMapper: set:488 set: Unset optional value from type CTA861_3
11-05 23:21:00.833 15523 16156 D skia    : SkJpegCodec::onGetPixels -
11-05 23:21:00.847 15523 15548 E IMGMapper: set:488 set: Unset optional value from type SMPTE2086
11-05 23:21:00.847 15523 15548 E IMGMapper: set:488 set: Unset optional value from type CTA861_3
11-05 23:21:00.863 15523 16155 D skia    : SkJpegCodec::onGetPixels +
11-05 23:21:00.864 15523 15548 E IMGMapper: set:488 set: Unset optional value from type SMPTE2086
11-05 23:21:00.864 15523 15548 E IMGMapper: set:488 set: Unset optional value from type CTA861_3
11-05 23:21:00.879 15523 16155 D skia    : SkJpegCodec::onGetPixels -
11-05 23:21:00.902 15523 15548 E IMGMapper: set:488 set: Unset optional value from type SMPTE2086
11-05 23:21:00.902 15523 15548 E IMGMapper: set:488 set: Unset optional value from type CTA861_3
11-05 23:21:00.914 15523 15548 E IMGMapper: set:488 set: Unset optional value from type SMPTE2086
11-05 23:21:00.915 15523 15548 E IMGMapper: set:488 set: Unset optional value from type CTA861_3
11-05 23:21:00.924 15523 15548 E IMGMapper: set:488 set: Unset optional value from type SMPTE2086
11-05 23:21:00.924 15523 15548 E IMGMapper: set:488 set: Unset optional value from type CTA861_3
11-05 23:21:00.937 15523 15548 E IMGMapper: set:488 set: Unset optional value from type SMPTE2086
11-05 23:21:00.937 15523 15548 E IMGMapper: set:488 set: Unset optional value from type CTA861_3
11-05 23:21:00.952 15523 15548 E IMGMapper: set:488 set: Unset optional value from type SMPTE2086
11-05 23:21:00.952 15523 15548 E IMGMapper: set:488 set: Unset optional value from type CTA861_3
11-05 23:21:00.968 15523 15548 E IMGMapper: set:488 set: Unset optional value from type SMPTE2086
11-05 23:21:00.968 15523 15548 E IMGMapper: set:488 set: Unset optional value from type CTA861_3
11-05 23:21:00.986 15523 15548 E IMGMapper: set:488 set: Unset optional value from type SMPTE2086
11-05 23:21:00.986 15523 15548 E IMGMapper: set:488 set: Unset optional value from type CTA861_3
11-05 23:21:01.003 15523 15548 E IMGMapper: set:488 set: Unset optional value from type SMPTE2086
11-05 23:21:01.003 15523 15548 E IMGMapper: set:488 set: Unset optional value from type CTA861_3
11-05 23:21:01.019 15523 15548 E IMGMapper: set:488 set: Unset optional value from type SMPTE2086
11-05 23:21:01.019 15523 15548 E IMGMapper: set:488 set: Unset optional value from type CTA861_3
11-05 23:21:01.031  6477  6477 W Finsky  : [2] STU: Failed to get storage stats for package 'com.google.android.adbd' (1601: Error getting stats: android.content.pm.PackageManager.NameNotFoundException)
11-05 23:21:01.036 15523 15548 E IMGMapper: set:488 set: Unset optional value from type SMPTE2086
11-05 23:21:01.036 15523 15548 E IMGMapper: set:488 set: Unset optional value from type CTA861_3
11-05 23:21:01.049  1205  1205 I thermal_repeater: socket -1
11-05 23:21:01.053 15523 15548 E IMGMapper: set:488 set: Unset optional value from type SMPTE2086
11-05 23:21:01.053 15523 15548 E IMGMapper: set:488 set: Unset optional value from type CTA861_3
11-05 23:21:01.070 15523 15548 E IMGMapper: set:488 set: Unset optional value from type SMPTE2086
11-05 23:21:01.070 15523 15548 E IMGMapper: set:488 set: Unset optional value from type CTA861_3
11-05 23:21:01.083  6477  6477 W Finsky  : [2] STU: Failed to get storage stats for package 'com.google.android.conscrypt' (1601: Error getting stats: android.content.pm.PackageManager.NameNotFoundException)
11-05 23:21:01.095 15523 15548 E IMGMapper: set:488 set: Unset optional value from type SMPTE2086
11-05 23:21:01.095 15523 15548 E IMGMapper: set:488 set: Unset optional value from type CTA861_3
11-05 23:21:01.112 15523 15548 E IMGMapper: set:488 set: Unset optional value from type SMPTE2086
11-05 23:21:01.112 15523 15548 E IMGMapper: set:488 set: Unset optional value from type CTA861_3
11-05 23:21:01.153 15523 15548 E IMGMapper: set:488 set: Unset optional value from type SMPTE2086
11-05 23:21:01.153 15523 15548 E IMGMapper: set:488 set: Unset optional value from type CTA861_3
11-05 23:21:01.169 15523 15548 E IMGMapper: set:488 set: Unset optional value from type SMPTE2086
11-05 23:21:01.170 15523 15548 E IMGMapper: set:488 set: Unset optional value from type CTA861_3
11-05 23:21:01.189 15523 15548 E IMGMapper: set:488 set: Unset optional value from type SMPTE2086
11-05 23:21:01.189 15523 15548 E IMGMapper: set:488 set: Unset optional value from type CTA861_3
11-05 23:21:01.206 15523 15548 E IMGMapper: set:488 set: Unset optional value from type SMPTE2086
11-05 23:21:01.207 15523 15548 E IMGMapper: set:488 set: Unset optional value from type CTA861_3
11-05 23:21:01.222 15523 15548 E IMGMapper: set:488 set: Unset optional value from type SMPTE2086
11-05 23:21:01.222 15523 15548 E IMGMapper: set:488 set: Unset optional value from type CTA861_3
11-05 23:21:01.237  6477  6477 W Finsky  : [2] STU: Failed to get storage stats for package 'com.google.android.neuralnetworks' (1601: Error getting stats: android.content.pm.PackageManager.NameNotFoundException)
11-05 23:21:01.239 15523 15548 E IMGMapper: set:488 set: Unset optional value from type SMPTE2086
11-05 23:21:01.239 15523 15548 E IMGMapper: set:488 set: Unset optional value from type CTA861_3
11-05 23:21:01.256 15523 15548 E IMGMapper: set:488 set: Unset optional value from type SMPTE2086
11-05 23:21:01.256 15523 15548 E IMGMapper: set:488 set: Unset optional value from type CTA861_3
11-05 23:21:01.272 15523 15548 E IMGMapper: set:488 set: Unset optional value from type SMPTE2086
11-05 23:21:01.272 15523 15548 E IMGMapper: set:488 set: Unset optional value from type CTA861_3
11-05 23:21:01.290 15523 15548 E IMGMapper: set:488 set: Unset optional value from type SMPTE2086
11-05 23:21:01.290 15523 15548 E IMGMapper: set:488 set: Unset optional value from type CTA861_3
11-05 23:21:01.308 15523 15548 E IMGMapper: set:488 set: Unset optional value from type SMPTE2086
11-05 23:21:01.308 15523 15548 E IMGMapper: set:488 set: Unset optional value from type CTA861_3
11-05 23:21:01.323 15523 15548 E IMGMapper: set:488 set: Unset optional value from type SMPTE2086
11-05 23:21:01.323 15523 15548 E IMGMapper: set:488 set: Unset optional value from type CTA861_3
11-05 23:21:01.340 15523 15548 E IMGMapper: set:488 set: Unset optional value from type SMPTE2086
11-05 23:21:01.340 15523 15548 E IMGMapper: set:488 set: Unset optional value from type CTA861_3
11-05 23:21:01.353 15523 15548 E IMGMapper: set:488 set: Unset optional value from type SMPTE2086
11-05 23:21:01.353 15523 15548 E IMGMapper: set:488 set: Unset optional value from type CTA861_3
11-05 23:21:01.379 15523 15548 E IMGMapper: set:488 set: Unset optional value from type SMPTE2086
11-05 23:21:01.380 15523 15548 E IMGMapper: set:488 set: Unset optional value from type CTA861_3
11-05 23:21:01.391 15523 15548 E IMGMapper: set:488 set: Unset optional value from type SMPTE2086
11-05 23:21:01.391 15523 15548 E IMGMapper: set:488 set: Unset optional value from type CTA861_3
11-05 23:21:01.404 15523 15548 E IMGMapper: set:488 set: Unset optional value from type SMPTE2086
11-05 23:21:01.404 15523 15548 E IMGMapper: set:488 set: Unset optional value from type CTA861_3
11-05 23:21:01.417  1187  1884 D InputDispatcher: Inject motion (16427/2000): action=0x0, time=3402583059000000, f=0x0, d=0 dsdx=1.000000 dtdx=0.000000
11-05 23:21:01.418  1187  1534 I InputDispatcher: Delivering touch to (1737): action: 0x4, f=0x0, d=0, 'd92b8ad', t=1 
11-05 23:21:01.418  1187  1534 I InputDispatcher: Delivering touch to (15523): action: 0x0, f=0x0, d=0, '5279eff', t=1 
11-05 23:21:01.418  1187  1534 D PowerManagerService: [api] userActivityFromNative :  (event: 2 flags: 0 displayId: 0) eventTime = 3402583059
11-05 23:21:01.419 15523 15523 I ViewRootImpl@fc90bac[MainActivity]: ViewPostIme pointer 0
11-05 23:21:01.419  1187  1303 I GestureDetector: obtain mCurrentDownEvent. id: -880262191 caller: com.android.server.wm.SystemGesturesPointerEventListener.onPointerEvent:203 com.android.server.wm.PointerEventDispatcher.onInputEvent:53 android.view.InputEventReceiver.dispatchInputEvent:285 
11-05 23:21:01.419  1187  1303 I GestureDetector: obtain mCurrentDownEvent. id: -880262191 caller: com.android.server.wm.SystemPerformancePointerEventListener.onPointerEvent:89 com.android.server.wm.PointerEventDispatcher.onInputEvent:53 android.view.InputEventReceiver.dispatchInputEvent:285 
11-05 23:21:01.422 15523 15548 E IMGMapper: set:488 set: Unset optional value from type SMPTE2086
11-05 23:21:01.422 15523 15548 E IMGMapper: set:488 set: Unset optional value from type CTA861_3
11-05 23:21:01.432  1187  1303 I GestureDetector: obtain mCurrentMotionEventRaw. action: 2 id: -554639528
11-05 23:21:01.432  1187  1303 I GestureDetector: obtain mCurrentMotionEventRaw. action: 2 id: -554639528
11-05 23:21:01.435   896   910 I mtkpower_client: perf_lock_rel, hdl:1047385, tid:910
11-05 23:21:01.435   896   910 I mtkpower_client: perf_lock_acq, hdl:0, dur:0, num:2, tid:910
11-05 23:21:01.435  1014  1065 I libPowerHal: [perfLockRel] hdl:1047385, idx:1
11-05 23:21:01.436  1014  1065 I libPowerHal: vendor.samsung.: cpu_ctrl set cpu freq: 1218000 -1 -1 -1
11-05 23:21:01.436   896   910 I mtkpower_client: ret_hdl:1047387
11-05 23:21:01.437   896   910 I mtkpower_client: perf_lock_rel, hdl:1047386, tid:910
11-05 23:21:01.437  1014  1065 I libPowerHal: [perfLockAcq] idx:2 hdl:1047387 hint:-1 pid:896 duration:0 lock_user:vendor.samsung. => ret_hdl:1047387
11-05 23:21:01.437  1014  1065 I libPowerHal: vendor.samsung.: cpu_ctrl set cpu freq: 1218000 -1 1138000 -1
11-05 23:21:01.437   896   910 I mtkpower_client: perf_lock_acq, hdl:0, dur:0, num:2, tid:910
11-05 23:21:01.438  1014  1065 I libPowerHal: [perfLockRel] hdl:1047386, idx:0
11-05 23:21:01.438  1014  1065 I libPowerHal: vendor.samsung.: cpu_ctrl set cpu freq: -1 -1 1138000 -1
11-05 23:21:01.438 15523 15548 E IMGMapper: set:488 set: Unset optional value from type SMPTE2086
11-05 23:21:01.438 15523 15548 E IMGMapper: set:488 set: Unset optional value from type CTA861_3
11-05 23:21:01.439   896   910 I mtkpower_client: ret_hdl:1047388
11-05 23:21:01.439  1014  1065 I libPowerHal: [perfLockAcq] idx:1 hdl:1047388 hint:-1 pid:896 duration:0 lock_user:vendor.samsung. => ret_hdl:1047388
11-05 23:21:01.439   896   910 I HYPER-HAL: [RequestManager.cpp]releaseLocked(): Released ID : 725427
11-05 23:21:01.439  1014  1065 I libPowerHal: vendor.samsung.: cpu_ctrl set cpu freq: 1218000 -1 1138000 -1
11-05 23:21:01.446  6477  6477 W Finsky  : [2] STU: Failed to get storage stats for package 'com.google.android.ipsec' (1601: Error getting stats: android.content.pm.PackageManager.NameNotFoundException)
11-05 23:21:01.451 15523 15548 E IMGMapper: set:488 set: Unset optional value from type SMPTE2086
11-05 23:21:01.452 15523 15548 E IMGMapper: set:488 set: Unset optional value from type CTA861_3
11-05 23:21:01.469 15523 15548 E IMGMapper: set:488 set: Unset optional value from type SMPTE2086
11-05 23:21:01.469 15523 15548 E IMGMapper: set:488 set: Unset optional value from type CTA861_3
11-05 23:21:01.493 15523 15548 E IMGMapper: set:488 set: Unset optional value from type SMPTE2086
11-05 23:21:01.493 15523 15548 E IMGMapper: set:488 set: Unset optional value from type CTA861_3
11-05 23:21:01.502 15523 15548 E IMGMapper: set:488 set: Unset optional value from type SMPTE2086
11-05 23:21:01.502 15523 15548 E IMGMapper: set:488 set: Unset optional value from type CTA861_3
11-05 23:21:01.520 15523 15548 E IMGMapper: set:488 set: Unset optional value from type SMPTE2086
11-05 23:21:01.520 15523 15548 E IMGMapper: set:488 set: Unset optional value from type CTA861_3
11-05 23:21:01.538 15523 15548 E IMGMapper: set:488 set: Unset optional value from type SMPTE2086
11-05 23:21:01.538 15523 15548 E IMGMapper: set:488 set: Unset optional value from type CTA861_3
11-05 23:21:01.551  6477  6477 W Finsky  : [2] STU: Failed to get storage stats for package 'com.google.android.ondevicepersonalization' (1601: Error getting stats: android.content.pm.PackageManager.NameNotFoundException)
11-05 23:21:01.554 15523 15548 E IMGMapper: set:488 set: Unset optional value from type SMPTE2086
11-05 23:21:01.554 15523 15548 E IMGMapper: set:488 set: Unset optional value from type CTA861_3
11-05 23:21:01.555  1737  1942 D MobileStatusTracker(0/2): onSignalStrengthsChanged level=3, vendorLevel=3
11-05 23:21:01.557  1737  1942 D MobileSignalController(0/2): notifyListener: enabled=true, connected=true, dataConnected=true, networkType=LTE (4G), emergencyOnly=false, roaming=false, isDefault=false, dataActivity=, level=3, ca=false, mmWave=false, disabledDataIcon=false, simCard=ETC
11-05 23:21:01.557  1737  1942 D NetworkController: SignalStrength from intent slotId=0
11-05 23:21:01.569 15523 15548 E IMGMapper: set:488 set: Unset optional value from type SMPTE2086
11-05 23:21:01.569 15523 15548 E IMGMapper: set:488 set: Unset optional value from type CTA861_3
11-05 23:21:01.586 15523 15548 E IMGMapper: set:488 set: Unset optional value from type SMPTE2086
11-05 23:21:01.586 15523 15548 E IMGMapper: set:488 set: Unset optional value from type CTA861_3
11-05 23:21:01.607 15523 15548 E IMGMapper: set:488 set: Unset optional value from type SMPTE2086
11-05 23:21:01.607 15523 15548 E IMGMapper: set:488 set: Unset optional value from type CTA861_3
11-05 23:21:01.623 15523 15548 E IMGMapper: set:488 set: Unset optional value from type SMPTE2086
11-05 23:21:01.623 15523 15548 E IMGMapper: set:488 set: Unset optional value from type CTA861_3
11-05 23:21:01.642 15523 15548 E IMGMapper: set:488 set: Unset optional value from type SMPTE2086
11-05 23:21:01.642 15523 15548 E IMGMapper: set:488 set: Unset optional value from type CTA861_3
11-05 23:21:01.663 15523 15548 E IMGMapper: set:488 set: Unset optional value from type SMPTE2086
11-05 23:21:01.663 15523 15548 E IMGMapper: set:488 set: Unset optional value from type CTA861_3
11-05 23:21:01.671 15523 15548 E IMGMapper: set:488 set: Unset optional value from type SMPTE2086
11-05 23:21:01.671 15523 15548 E IMGMapper: set:488 set: Unset optional value from type CTA861_3
11-05 23:21:01.687 15523 15548 E IMGMapper: set:488 set: Unset optional value from type SMPTE2086
11-05 23:21:01.687 15523 15548 E IMGMapper: set:488 set: Unset optional value from type CTA861_3
11-05 23:21:01.694 15523 16156 D skia    : SkJpegCodec::onGetPixels +
11-05 23:21:01.703 15523 15548 E IMGMapper: set:488 set: Unset optional value from type SMPTE2086
11-05 23:21:01.703 15523 15548 E IMGMapper: set:488 set: Unset optional value from type CTA861_3
11-05 23:21:01.708  1039  1039 I BufferQueueProducer: [com.cinemamovel/com.cinemamovel.MainActivity$_15523#687207](this:0xb400007a262e1838,id:-1,api:0,p:-1,c:1039) queueBuffer: fps=57.13 dur=1015.19 max=33.54 min=16.26
11-05 23:21:01.710   991   991 I hwcomposer: [HWCDisplay] [Display_0 (type:1)] fps:57.113045,dur:1015.53,max:33.71,min:15.47  
11-05 23:21:01.716 15523 16156 D skia    : SkJpegCodec::onGetPixels -
11-05 23:21:01.719 15523 15548 E IMGMapper: set:488 set: Unset optional value from type SMPTE2086
11-05 23:21:01.719 15523 15548 E IMGMapper: set:488 set: Unset optional value from type CTA861_3
11-05 23:21:01.729  1187  1884 D InputDispatcher: Inject motion (16427/2000): action=0x1, time=3402583371000000, f=0x0, d=0 dsdx=1.000000 dtdx=0.000000
11-05 23:21:01.730  1187  1534 I InputDispatcher: Delivering touch to (15523): action: 0x1, f=0x0, d=0, '5279eff', t=1 
11-05 23:21:01.731  1187  1187 I SemDvfsHyPerManager: acquire hyper - SMOOTH_SCROLL/1187@17, type = -999
11-05 23:21:01.732   896   910 I HYPER-HAL: [RequestManager.cpp]acquire(): Acquired ID : 725427  [1187 / 17]    HINT : SMOOTH_SCROLL    list : 
11-05 23:21:01.733   896   910 I mtkpower_client: perf_lock_rel, hdl:1047387, tid:910
11-05 23:21:01.734  1014  1065 I libPowerHal: [perfLockRel] hdl:1047387, idx:2
11-05 23:21:01.734 15523 15523 I ViewRootImpl@fc90bac[MainActivity]: ViewPostIme pointer 1
11-05 23:21:01.734  1014  1065 I libPowerHal: vendor.samsung.: cpu_ctrl set cpu freq: 1218000 -1 -1 -1
11-05 23:21:01.735 16493 16493 D BoundBrokerSvc: onUnbind: Intent { act=com.google.android.gms.libs.gmscorelogger.service.START dat=chimera-action:/... cmp=com.google.android.gms/.chimera.PersistentDirectBootAwareApiService }
11-05 23:21:01.736  1187  1187 D SGM:GameManager: identifyGamePackage. com.cinemamovel, mCurrentUserId: 0, callerUserId: 0, callingMethodInfo: com.android.server.ssrm.fgapps.GameAppUtils.isGame(GameAppUtils.java:84)
11-05 23:21:01.736  1187  1187 D SGM:PkgDataHelper: getGamePkgData(). com.cinemamovel
11-05 23:21:01.737  1187  1187 I SemDvfsHyPerManager: acquire hyper - GESTURE_DETECTED/1187@18, type = -999
11-05 23:21:01.741   896   910 I mtkpower_client: perf_lock_acq, hdl:0, dur:0, num:2, tid:910
11-05 23:21:01.745 15523 15548 E IMGMapper: set:488 set: Unset optional value from type SMPTE2086
11-05 23:21:01.745 15523 15548 E IMGMapper: set:488 set: Unset optional value from type CTA861_3
11-05 23:21:01.745  1014  1065 I libPowerHal: [perfLockAcq] idx:0 hdl:1047389 hint:-1 pid:896 duration:0 lock_user:vendor.samsung. => ret_hdl:1047389
11-05 23:21:01.746  1014  1065 I libPowerHal: vendor.samsung.: cpu_ctrl set cpu freq: 1218000 -1 1138000 -1
11-05 23:21:01.747   896   910 I mtkpower_client: ret_hdl:1047389
11-05 23:21:01.747   896   910 I mtkpower_client: perf_lock_rel, hdl:1047388, tid:910
11-05 23:21:01.748  1014  1065 I libPowerHal: [perfLockRel] hdl:1047388, idx:1
11-05 23:21:01.748  1014  1065 I libPowerHal: vendor.samsung.: cpu_ctrl set cpu freq: -1 -1 1138000 -1
11-05 23:21:01.749   896   910 I mtkpower_client: perf_lock_acq, hdl:0, dur:0, num:2, tid:910
11-05 23:21:01.749  1187  1187 D SGM:GameManager: identifyGamePackage. com.cinemamovel, mCurrentUserId: 0, callerUserId: 0, callingMethodInfo: com.android.server.ssrm.fgapps.GameAppUtils.isGame(GameAppUtils.java:84)
11-05 23:21:01.749  1187  1187 D SGM:PkgDataHelper: getGamePkgData(). com.cinemamovel
11-05 23:21:01.749   896   910 I mtkpower_client: ret_hdl:1047390
11-05 23:21:01.749  1187  1187 I SemDvfsHyPerManager: acquire hyper - GESTURE_DETECTED/1187@18, type = -999
11-05 23:21:01.750   896   910 I mtkpower_client: perf_lock_rel, hdl:1047389, tid:910
11-05 23:21:01.750  1014  1065 I libPowerHal: [perfLockAcq] idx:1 hdl:1047390 hint:-1 pid:896 duration:0 lock_user:vendor.samsung. => ret_hdl:1047390
11-05 23:21:01.750  1187  1187 I SemDvfsHyPerManager: acquire hyper - SMOOTH_SCROLL/1187@17, type = -999
11-05 23:21:01.750  1014  1065 I libPowerHal: vendor.samsung.: cpu_ctrl set cpu freq: 1218000 -1 1138000 -1
11-05 23:21:01.751   896   910 I mtkpower_client: perf_lock_acq, hdl:0, dur:0, num:2, tid:910
11-05 23:21:01.752  1014  1065 I libPowerHal: [perfLockRel] hdl:1047389, idx:0
11-05 23:21:01.752  1014  1065 I libPowerHal: vendor.samsung.: cpu_ctrl set cpu freq: 1218000 -1 -1 -1
11-05 23:21:01.752 15523 15548 E IMGMapper: set:488 set: Unset optional value from type SMPTE2086
11-05 23:21:01.752 15523 15548 E IMGMapper: set:488 set: Unset optional value from type CTA861_3
11-05 23:21:01.753   896   910 I mtkpower_client: ret_hdl:1047391
11-05 23:21:01.753   896   910 I mtkpower_client: perf_lock_rel, hdl:1047390, tid:910
