11-05 23:21:05.480 15523 15548 E IMGMapper: set:488 set: Unset optional value from type SMPTE2086
11-05 23:21:05.480 15523 15548 E IMGMapper: set:488 set: Unset optional value from type CTA861_3
11-05 23:21:05.480   992   992 I android.hardware.health@2.1-service-samsung: start ISehThermal::getService()
11-05 23:21:05.482   494   494 I hwservicemanager: getTransport: Cannot find entry vendor.samsung.hardware.thermal@1.0::ISehThermal/default in either framework or device VINTF manifest.
11-05 23:21:05.482   992   992 E android.hardware.health@2.1-service-samsung: ISehThermal::getService() fail
11-05 23:21:05.484  1187  1581 D BatteryService: Sending ACTION_BATTERY_CHANGED: level:74, status:2, health:2, ac:false, usb:true, wireless:false, pogo:false, misc:0x0, charge_type:1, charger_type:0, voltage:4086, temperature:349, online:1, current_avg:55300, ps:false, hvc:false, capacity:280000, current_event:0x0, current_now:-8400, mcc:500000, mcv:5000000, cc:2180040, present:true, scale:100, technology:Li-ion
11-05 23:21:05.486  1187  1187 D PhoneWindowManagerExt: ACTION_BATTERY_CHANGED - Level=74, status=2
11-05 23:21:05.487  1187  1187 D SemWifiApBroadcastReceiver: Received : android.intent.action.BATTERY_CHANGED
11-05 23:21:05.488  1187  1674 I DeviceBatteryInfoService: action: android.intent.action.BATTERY_CHANGED
11-05 23:21:05.489  1187  1674 I DeviceBatteryInfoService: phone battery level: 74
11-05 23:21:05.489  1187  1674 I DeviceBatteryInfoService: phone battery status: 2
11-05 23:21:05.491  1187  1527 D MotionRecognitionService: [SAR]  onReceive : ACTION_BATTERY_CHANGED, Plugged: 2
11-05 23:21:05.491  1711  1711 D SemBigDataInfoController: Intent: android.intent.action.BATTERY_CHANGED
11-05 23:21:05.492  1711  1711 D SemBigDataInfoController: Intent: android.intent.action.BATTERY_CHANGED
11-05 23:21:05.500  1737  1737 I AODBatteryManager: updateBatteryData: ACTION_BATTERY_CHANGED
11-05 23:21:05.507 15523 15548 E IMGMapper: set:488 set: Unset optional value from type SMPTE2086
11-05 23:21:05.507 15523 15548 E IMGMapper: set:488 set: Unset optional value from type CTA861_3
11-05 23:21:05.508  1737  1737 I AODBatteryManager: saveBatteryData : AOD BatteryData [mBatteryLevel=74, mBatteryStatus=CHARGING, mBatteryPlugType=USB, mBatteryPlugged=true, mRemainingChargeTime=16839420, mBatteryChargingType=1, mBatteryChargerType=NORMAL, mBatteryOnline=NONE, mBatterySwellingMode=NONE, mBatteryProtectMode=false]
11-05 23:21:05.509  1737  1737 I PowerUI : mBootCompleted = true |  mFullyConnected = true
11-05 23:21:05.509  1737  1737 I PowerUI : BATTERY_HEALTH_CHECK extraHealth=2 mBatteryMiscEvent=0
11-05 23:21:05.509  1737  1737 W PowerUI : Plug reason
11-05 23:21:05.509  1737  1737 W PowerUI : Skip charging animation - by plug status
11-05 23:21:05.509  1737  1737 D PowerUI : priorPlugType = 2 mPlugType = 2 priorBatteryStatus = 2 mBatteryStatus = 2
11-05 23:21:05.509  1737  1737 W PowerUI : Plug reason
11-05 23:21:05.509  1737  1737 W PowerUI : Skip charging sound - by plug status
11-05 23:21:05.509  1737  1737 I PowerUI : oldMisalign : false, curMisalign : false
11-05 23:21:05.510  1737 13307 D SecPowerUI.Notification: dismissing low battery warning: level=74
11-05 23:21:05.510  1737 13307 D SecPowerUI.Notification: updateNotification mWarning=false mPlaySound=false
11-05 23:21:05.511  1737 13307 D SecPowerUI.Notification: SecBatteryStatsSnapshot{batteryLevel=74, currentBatteryMode=0, chargingTime=0, chargingType=11, batteryHealth=2, automaticTestMode=false, isHiccupState=false}
11-05 23:21:05.511  1737  1737 D SecPowerUI.Notification: showChargingNotice oldChargingType : 11 / currentChargingType : 11, oldChargingTime : 0 / mChargingTime : 0
11-05 23:21:05.511  1737  1737 D SecPowerUI.Notification: There is no change about charging status, so return!
11-05 23:21:05.511  1737  1737 D PowerUI : Battery swelling mode - priorBatterySwellingMode = 0 mBatterySwellingMode = 0 mBatteryStatus = 2
11-05 23:21:05.511  1737  1737 I PowerUI : mBatteryMiscEvent = 0
11-05 23:21:05.512  1737  1737 D KeyguardUpdateMonitor: received broadcast android.intent.action.BATTERY_CHANGED
11-05 23:21:05.512  1737  1737 D SamsungBatteryMeterDrawable: onBatteryLevelChanged isSomethingChanged: false
11-05 23:21:05.513  1737  1737 D SamsungBatteryMeterDrawable: onBatteryLevelChanged isSomethingChanged: false
11-05 23:21:05.513  1737  1737 D SamsungBatteryMeterDrawable: onBatteryLevelChanged isSomethingChanged: false
11-05 23:21:05.513  1737  1737 D SamsungBatteryMeterDrawable: onBatteryLevelChanged isSomethingChanged: false
11-05 23:21:05.513  1737  1737 D KeyguardUpdateMonitor: handleBatteryUpdate
11-05 23:21:05.514  1737 13307 D SecPowerUI.Notification: 1. restoreScreenTimeOut - saved_value : :
11-05 23:21:05.514  1737 13307 E SecPowerUI.Notification: no saved value, so we do nothing !!
11-05 23:21:05.525 15523 15548 E IMGMapper: set:488 set: Unset optional value from type SMPTE2086
11-05 23:21:05.525 15523 15548 E IMGMapper: set:488 set: Unset optional value from type CTA861_3
11-05 23:21:05.561 15523 15548 E IMGMapper: set:488 set: Unset optional value from type SMPTE2086
11-05 23:21:05.561 15523 15548 E IMGMapper: set:488 set: Unset optional value from type CTA861_3
11-05 23:21:05.568 15523 15548 E IMGMapper: set:488 set: Unset optional value from type SMPTE2086
11-05 23:21:05.568 15523 15548 E IMGMapper: set:488 set: Unset optional value from type CTA861_3
11-05 23:21:05.579 15523 15548 E IMGMapper: set:488 set: Unset optional value from type SMPTE2086
11-05 23:21:05.579 15523 15548 E IMGMapper: set:488 set: Unset optional value from type CTA861_3
11-05 23:21:05.597 15523 15548 E IMGMapper: set:488 set: Unset optional value from type SMPTE2086
11-05 23:21:05.597 15523 15548 E IMGMapper: set:488 set: Unset optional value from type CTA861_3
11-05 23:21:05.613 15523 15548 E IMGMapper: set:488 set: Unset optional value from type SMPTE2086
11-05 23:21:05.613 15523 15548 E IMGMapper: set:488 set: Unset optional value from type CTA861_3
11-05 23:21:05.630 15523 15548 E IMGMapper: set:488 set: Unset optional value from type SMPTE2086
11-05 23:21:05.630 15523 15548 E IMGMapper: set:488 set: Unset optional value from type CTA861_3
11-05 23:21:05.647 15523 15548 E IMGMapper: set:488 set: Unset optional value from type SMPTE2086
11-05 23:21:05.647 15523 15548 E IMGMapper: set:488 set: Unset optional value from type CTA861_3
11-05 23:21:05.663 15523 15548 E IMGMapper: set:488 set: Unset optional value from type SMPTE2086
11-05 23:21:05.663 15523 15548 E IMGMapper: set:488 set: Unset optional value from type CTA861_3
11-05 23:21:05.680 15523 15548 E IMGMapper: set:488 set: Unset optional value from type SMPTE2086
11-05 23:21:05.680 15523 15548 E IMGMapper: set:488 set: Unset optional value from type CTA861_3
11-05 23:21:05.697 15523 15548 E IMGMapper: set:488 set: Unset optional value from type SMPTE2086
11-05 23:21:05.697 15523 15548 E IMGMapper: set:488 set: Unset optional value from type CTA861_3
11-05 23:21:05.714 15523 15548 E IMGMapper: set:488 set: Unset optional value from type SMPTE2086
11-05 23:21:05.714 15523 15548 E IMGMapper: set:488 set: Unset optional value from type CTA861_3
11-05 23:21:05.739 15523 15548 E IMGMapper: set:488 set: Unset optional value from type SMPTE2086
11-05 23:21:05.739 15523 15548 E IMGMapper: set:488 set: Unset optional value from type CTA861_3
11-05 23:21:05.749  1200  1324 D ULogGuard: Monitoring: 16 threads, 0 requests, 0 time-bombs; 1 guards. ResetFlags = 0x7
11-05 23:21:05.754 15523 15548 E IMGMapper: set:488 set: Unset optional value from type SMPTE2086
11-05 23:21:05.754 15523 15548 E IMGMapper: set:488 set: Unset optional value from type CTA861_3
11-05 23:21:05.769  1039  1039 I BufferQueueProducer: [com.cinemamovel/com.cinemamovel.MainActivity$_15523#687207](this:0xb400007a262e1838,id:-1,api:0,p:-1,c:1039) queueBuffer: fps=57.12 dur=1015.33 max=33.35 min=15.95
11-05 23:21:05.771 15523 15548 E IMGMapper: set:488 set: Unset optional value from type SMPTE2086
11-05 23:21:05.771   991   991 I hwcomposer: [HWCDisplay] [Display_0 (type:1)] fps:57.117451,dur:1015.45,max:33.81,min:15.24  
11-05 23:21:05.771 15523 15548 E IMGMapper: set:488 set: Unset optional value from type CTA861_3
11-05 23:21:05.801 15523 15548 E IMGMapper: set:488 set: Unset optional value from type SMPTE2086
11-05 23:21:05.801 15523 15548 E IMGMapper: set:488 set: Unset optional value from type CTA861_3
11-05 23:21:05.813 15523 15548 E IMGMapper: set:488 set: Unset optional value from type SMPTE2086
11-05 23:21:05.813 15523 15548 E IMGMapper: set:488 set: Unset optional value from type CTA861_3
11-05 23:21:05.831 15523 15548 E IMGMapper: set:488 set: Unset optional value from type SMPTE2086
11-05 23:21:05.831 15523 15548 E IMGMapper: set:488 set: Unset optional value from type CTA861_3
11-05 23:21:05.849 15523 15548 E IMGMapper: set:488 set: Unset optional value from type SMPTE2086
11-05 23:21:05.849 15523 15548 E IMGMapper: set:488 set: Unset optional value from type CTA861_3
11-05 23:21:05.867 15523 15548 E IMGMapper: set:488 set: Unset optional value from type SMPTE2086
11-05 23:21:05.867 15523 15548 E IMGMapper: set:488 set: Unset optional value from type CTA861_3
11-05 23:21:05.883 15523 15548 E IMGMapper: set:488 set: Unset optional value from type SMPTE2086
11-05 23:21:05.883 15523 15548 E IMGMapper: set:488 set: Unset optional value from type CTA861_3
11-05 23:21:05.900 15523 15548 E IMGMapper: set:488 set: Unset optional value from type SMPTE2086
11-05 23:21:05.900 15523 15548 E IMGMapper: set:488 set: Unset optional value from type CTA861_3
11-05 23:21:05.917 15523 15548 E IMGMapper: set:488 set: Unset optional value from type SMPTE2086
11-05 23:21:05.917 15523 15548 E IMGMapper: set:488 set: Unset optional value from type CTA861_3
11-05 23:21:05.917 15523 16158 D skia    : SkJpegCodec::onGetPixels +
11-05 23:21:05.933 15523 15548 E IMGMapper: set:488 set: Unset optional value from type SMPTE2086
11-05 23:21:05.933 15523 15548 E IMGMapper: set:488 set: Unset optional value from type CTA861_3
11-05 23:21:05.934 15523 16156 D skia    : SkJpegCodec::onGetPixels +
11-05 23:21:05.943 15523 16158 D skia    : SkJpegCodec::onGetPixels -
11-05 23:21:05.951 15523 15548 E IMGMapper: set:488 set: Unset optional value from type SMPTE2086
11-05 23:21:05.951 15523 15548 E IMGMapper: set:488 set: Unset optional value from type CTA861_3
11-05 23:21:05.961 15523 16156 D skia    : SkJpegCodec::onGetPixels -
11-05 23:21:05.966 15523 15548 E IMGMapper: set:488 set: Unset optional value from type SMPTE2086
11-05 23:21:05.966 15523 15548 E IMGMapper: set:488 set: Unset optional value from type CTA861_3
11-05 23:21:05.983 15523 15548 E IMGMapper: set:488 set: Unset optional value from type SMPTE2086
11-05 23:21:05.983 15523 15548 E IMGMapper: set:488 set: Unset optional value from type CTA861_3
11-05 23:21:06.001 15523 15548 E IMGMapper: set:488 set: Unset optional value from type SMPTE2086
11-05 23:21:06.001 15523 15548 E IMGMapper: set:488 set: Unset optional value from type CTA861_3
11-05 23:21:06.015 15523 15548 E IMGMapper: set:488 set: Unset optional value from type SMPTE2086
11-05 23:21:06.015 15523 15548 E IMGMapper: set:488 set: Unset optional value from type CTA861_3
11-05 23:21:06.031 15523 15548 E IMGMapper: set:488 set: Unset optional value from type SMPTE2086
11-05 23:21:06.031 15523 15548 E IMGMapper: set:488 set: Unset optional value from type CTA861_3
11-05 23:21:06.049 15523 15548 E IMGMapper: set:488 set: Unset optional value from type SMPTE2086
11-05 23:21:06.049 15523 15548 E IMGMapper: set:488 set: Unset optional value from type CTA861_3
11-05 23:21:06.049  1205  1205 I thermal_repeater: socket -1
11-05 23:21:06.067 15523 15548 E IMGMapper: set:488 set: Unset optional value from type SMPTE2086
11-05 23:21:06.067 15523 15548 E IMGMapper: set:488 set: Unset optional value from type CTA861_3
11-05 23:21:06.083 15523 15548 E IMGMapper: set:488 set: Unset optional value from type SMPTE2086
11-05 23:21:06.083 15523 15548 E IMGMapper: set:488 set: Unset optional value from type CTA861_3
11-05 23:21:06.100 15523 15548 E IMGMapper: set:488 set: Unset optional value from type SMPTE2086
11-05 23:21:06.100 15523 15548 E IMGMapper: set:488 set: Unset optional value from type CTA861_3
11-05 23:21:06.117 15523 15548 E IMGMapper: set:488 set: Unset optional value from type SMPTE2086
11-05 23:21:06.117 15523 15548 E IMGMapper: set:488 set: Unset optional value from type CTA861_3
11-05 23:21:06.131 15523 15548 E IMGMapper: set:488 set: Unset optional value from type SMPTE2086
11-05 23:21:06.131 15523 15548 E IMGMapper: set:488 set: Unset optional value from type CTA861_3
11-05 23:21:06.149 15523 15548 E IMGMapper: set:488 set: Unset optional value from type SMPTE2086
11-05 23:21:06.149 15523 15548 E IMGMapper: set:488 set: Unset optional value from type CTA861_3
11-05 23:21:06.153 15022 15048 I [ND]ApplicationMonitoring: RxComputationThreadPool-1 | no activity exiting process
11-05 23:21:06.164 15022 15048 I tworkdiagnostic: System.exit called, status: 0
11-05 23:21:06.166 15523 15548 E IMGMapper: set:488 set: Unset optional value from type SMPTE2086
11-05 23:21:06.166 15523 15548 E IMGMapper: set:488 set: Unset optional value from type CTA861_3
11-05 23:21:06.168 15022 15048 I AndroidRuntime: VM exiting with result code 0, cleanup skipped.
11-05 23:21:06.173 15523 16160 D skia    : SkJpegCodec::onGetPixels +
11-05 23:21:06.181 15523 15548 E IMGMapper: set:488 set: Unset optional value from type SMPTE2086
11-05 23:21:06.182 15523 15548 E IMGMapper: set:488 set: Unset optional value from type CTA861_3
11-05 23:21:06.196 15523 15548 E IMGMapper: set:488 set: Unset optional value from type SMPTE2086
11-05 23:21:06.196 15523 15548 E IMGMapper: set:488 set: Unset optional value from type CTA861_3
11-05 23:21:06.201  1187  4539 I ActivityManager: Process com.samsung.android.networkdiagnostic (pid 15022) has died: cch+99 CEM (97,1143)
11-05 23:21:06.204   881   881 I Zygote  : Process 15022 exited cleanly (0)
11-05 23:21:06.208   999   999 D IMGMemtrackHAL: hal_get_memory: memtrack cache rebuild was required
11-05 23:21:06.208 15523 16160 D skia    : SkJpegCodec::onGetPixels -
11-05 23:21:06.210  1187  1340 I libprocessgroup: Successfully killed process cgroup uid 5023 pid 15022 in 0ms
11-05 23:21:06.214  6477  6477 I Finsky  : [2] Memory trim requested to level 80
11-05 23:21:06.214  6477  6477 I Finsky  : [2] Flushing in-memory image cache
11-05 23:21:06.221 15523 15548 E IMGMapper: set:488 set: Unset optional value from type SMPTE2086
11-05 23:21:06.225 15523 15548 E IMGMapper: set:488 set: Unset optional value from type CTA861_3
11-05 23:21:06.226 16340 16368 I ForwardSyncCache: reclaimMemory: Clearing caches
11-05 23:21:06.233 15523 15548 E IMGMapper: set:488 set: Unset optional value from type SMPTE2086
11-05 23:21:06.234 15523 15548 E IMGMapper: set:488 set: Unset optional value from type CTA861_3
11-05 23:21:06.246 16340 16368 W Bugle   : TextClassifierLibManagerImpl: Reclaiming memory at level: 80
11-05 23:21:06.249 15523 15548 E IMGMapper: set:488 set: Unset optional value from type SMPTE2086
11-05 23:21:06.249 15523 15548 E IMGMapper: set:488 set: Unset optional value from type CTA861_3
11-05 23:21:06.261  8472  8534 W msys    : W[I wam]_WAMTransportPrivateLogUploadMessageWithDefaultLevel(52)=>privatestats/wameta/transport/connection_unavailable - stopping timer
11-05 23:21:06.262 15523 15548 E IMGMapper: set:488 set: Unset optional value from type SMPTE2086
11-05 23:21:06.262 15523 15548 E IMGMapper: set:488 set: Unset optional value from type CTA861_3
11-05 23:21:06.267 16340 16355 W Binder  : Caught a RuntimeException from the binder stub implementation.
11-05 23:21:06.267 16340 16355 W Binder  : java.lang.UnsupportedOperationException
11-05 23:21:06.267 16340 16355 W Binder  : 	at com.google.android.gms.clearcut.internal.DefaultClearcutLoggerCallbacks.onLogError(PG:3)
11-05 23:21:06.267 16340 16355 W Binder  : 	at com.google.android.gms.clearcut.internal.IClearcutLoggerCallbacks$Stub.dispatchTransaction(PG:33)
11-05 23:21:06.267 16340 16355 W Binder  : 	at com.google.android.aidl.BaseStub.onTransact(PG:13)
11-05 23:21:06.267 16340 16355 W Binder  : 	at android.os.Binder.execTransactInternal(Binder.java:1321)
11-05 23:21:06.267 16340 16355 W Binder  : 	at android.os.Binder.execTransact(Binder.java:1280)
11-05 23:21:06.278 15523 15548 E IMGMapper: set:488 set: Unset optional value from type SMPTE2086
11-05 23:21:06.278 15523 15548 E IMGMapper: set:488 set: Unset optional value from type CTA861_3
11-05 23:21:06.279   999   999 D IMGMemtrackHAL: hal_get_memory: memtrack cache rebuild was required
11-05 23:21:06.296 15523 15548 E IMGMapper: set:488 set: Unset optional value from type SMPTE2086
11-05 23:21:06.296 15523 15548 E IMGMapper: set:488 set: Unset optional value from type CTA861_3
11-05 23:21:06.312 15523 15548 E IMGMapper: set:488 set: Unset optional value from type SMPTE2086
11-05 23:21:06.312 15523 15548 E IMGMapper: set:488 set: Unset optional value from type CTA861_3
11-05 23:21:06.331 15523 15548 E IMGMapper: set:488 set: Unset optional value from type SMPTE2086
11-05 23:21:06.332 15523 15548 E IMGMapper: set:488 set: Unset optional value from type CTA861_3
11-05 23:21:06.345 15523 15548 E IMGMapper: set:488 set: Unset optional value from type SMPTE2086
11-05 23:21:06.345 15523 15548 E IMGMapper: set:488 set: Unset optional value from type CTA861_3
11-05 23:21:06.361 15523 15548 E IMGMapper: set:488 set: Unset optional value from type SMPTE2086
11-05 23:21:06.361 15523 15548 E IMGMapper: set:488 set: Unset optional value from type CTA861_3
11-05 23:21:06.385 15523 15548 E IMGMapper: set:488 set: Unset optional value from type SMPTE2086
11-05 23:21:06.385 15523 15548 E IMGMapper: set:488 set: Unset optional value from type CTA861_3
11-05 23:21:06.396 15523 15548 E IMGMapper: set:488 set: Unset optional value from type SMPTE2086
11-05 23:21:06.396 15523 15548 E IMGMapper: set:488 set: Unset optional value from type CTA861_3
11-05 23:21:06.416 15523 15548 E IMGMapper: set:488 set: Unset optional value from type SMPTE2086
11-05 23:21:06.416 15523 15548 E IMGMapper: set:488 set: Unset optional value from type CTA861_3
11-05 23:21:06.433 15523 15548 E IMGMapper: set:488 set: Unset optional value from type SMPTE2086
11-05 23:21:06.433 15523 15548 E IMGMapper: set:488 set: Unset optional value from type CTA861_3
11-05 23:21:06.434 16493 13888 I AOSP-MdnsDiscoveryManag: (REDACTED) %s
11-05 23:21:06.434 16493 13891 I AOSP-MdnsDiscoveryManag: (REDACTED) %s
11-05 23:21:06.435 16493 13888 I AOSP-MdnsDiscoveryManag: (REDACTED) %s
11-05 23:21:06.435 16493 13891 I AOSP-MdnsDiscoveryManag: (REDACTED) %s
11-05 23:21:06.436 16493 13886 I AOSP-MdnsDiscoveryManag: (REDACTED) %s
11-05 23:21:06.437 16493 13886 I AOSP-MdnsDiscoveryManag: (REDACTED) %s
11-05 23:21:06.438 16493 13887 W AOSP-MdnsDiscoveryManag: Error while decoding multicast packet (2758): 1 [CONTEXT service_id=168 ]
11-05 23:21:06.439 16493 13887 W AOSP-MdnsDiscoveryManag: Error while decoding multicast packet (2759): 1 [CONTEXT service_id=168 ]
11-05 23:21:06.440 16493 21696 I AOSP-MdnsDiscoveryManag: (REDACTED) %s
11-05 23:21:06.441 16493 21696 I AOSP-MdnsDiscoveryManag: (REDACTED) %s
11-05 23:21:06.442 16493 13886 I AOSP-MdnsDiscoveryManag: (REDACTED) %s
11-05 23:21:06.443 16493 13886 I AOSP-MdnsDiscoveryManag: (REDACTED) %s
11-05 23:21:06.444 16493 13887 W AOSP-MdnsDiscoveryManag: Error while decoding multicast packet (2760): 1 [CONTEXT service_id=168 ]
11-05 23:21:06.446 16493 15345 W LogErrorOperation: onLogError callback failed.
11-05 23:21:06.448  1693  1693 I WifiHAL : Get link layer stats
11-05 23:21:06.448  1693  1693 I WifiHAL : GetLinkStatsCommand::create
11-05 23:21:06.448  1693  1693 D android.hardware.wifi@1.0-service-lazy: WifiRequest::create vendor command to iface 38, vendor_id=0x1a11, subcmd=0x1200, res=0
11-05 23:21:06.449  1693  1693 I android.hardware.wifi@1.0-service-lazy: WifiCommand::requestResponse err=-95
11-05 23:21:06.449  1693  1693 I WifiHAL : wifi_get_link_stats: result=-3
11-05 23:21:06.450  1187  1566 E WifiVendorHal: getWifiLinkLayerStats_1_5_Internal(l.1179) failed {.code = ERROR_NOT_SUPPORTED, .description = }
11-05 23:21:06.450 15523 15548 E IMGMapper: set:488 set: Unset optional value from type SMPTE2086
11-05 23:21:06.450 15523 15548 E IMGMapper: set:488 set: Unset optional value from type CTA861_3
11-05 23:21:06.450 16493 15345 W LogErrorOperation: onLogError callback failed.
11-05 23:21:06.452 16493 13887 W AOSP-MdnsDiscoveryManag: Error while decoding multicast packet (2761): 1 [CONTEXT service_id=168 ]
11-05 23:21:06.457  1187 22074 D SemWifiUsabilityStatsMonitor: onWifiUsabilityStats - seqNum 107265, isSameBssidAndFreq true
11-05 23:21:06.459 16493 15345 W LogErrorOperation: onLogError callback failed.
11-05 23:21:06.459  1187  1645 I SemWifiLinkQualityMonitor: Link Qos query: inf. ms / 0 Mbps
11-05 23:21:06.464 16493 15345 W LogErrorOperation: onLogError callback failed.
11-05 23:21:06.466 16493 15345 W LogErrorOperation: onLogError callback failed.
11-05 23:21:06.469 16493 15345 W LogErrorOperation: onLogError callback failed.
11-05 23:21:06.469 15523 15548 E IMGMapper: set:488 set: Unset optional value from type SMPTE2086
11-05 23:21:06.469 15523 15548 E IMGMapper: set:488 set: Unset optional value from type CTA861_3
11-05 23:21:06.475 16493 15345 W LogErrorOperation: onLogError callback failed.
11-05 23:21:06.478 16493 15345 W LogErrorOperation: onLogError callback failed.
11-05 23:21:06.481 16493 15345 W LogErrorOperation: onLogError callback failed.
11-05 23:21:06.482 15523 15548 E IMGMapper: set:488 set: Unset optional value from type SMPTE2086
11-05 23:21:06.483 15523 15548 E IMGMapper: set:488 set: Unset optional value from type CTA861_3
11-05 23:21:06.484 16493 15345 W LogErrorOperation: onLogError callback failed.
11-05 23:21:06.488 16493 15345 W LogErrorOperation: onLogError callback failed.
11-05 23:21:06.491 16493 15345 W LogErrorOperation: onLogError callback failed.
11-05 23:21:06.498 15523 15548 E IMGMapper: set:488 set: Unset optional value from type SMPTE2086
11-05 23:21:06.498 15523 15548 E IMGMapper: set:488 set: Unset optional value from type CTA861_3
11-05 23:21:06.514 15523 15548 E IMGMapper: set:488 set: Unset optional value from type SMPTE2086
11-05 23:21:06.514 15523 15548 E IMGMapper: set:488 set: Unset optional value from type CTA861_3
11-05 23:21:06.530 15523 15548 E IMGMapper: set:488 set: Unset optional value from type SMPTE2086
11-05 23:21:06.530 15523 15548 E IMGMapper: set:488 set: Unset optional value from type CTA861_3
11-05 23:21:06.548 15523 15548 E IMGMapper: set:488 set: Unset optional value from type SMPTE2086
11-05 23:21:06.548 15523 15548 E IMGMapper: set:488 set: Unset optional value from type CTA861_3
11-05 23:21:06.563 15523 15548 E IMGMapper: set:488 set: Unset optional value from type SMPTE2086
11-05 23:21:06.563 15523 15548 E IMGMapper: set:488 set: Unset optional value from type CTA861_3
11-05 23:21:06.580 15523 15548 E IMGMapper: set:488 set: Unset optional value from type SMPTE2086
11-05 23:21:06.580 15523 15548 E IMGMapper: set:488 set: Unset optional value from type CTA861_3
11-05 23:21:06.599 15523 15548 E IMGMapper: set:488 set: Unset optional value from type SMPTE2086
11-05 23:21:06.599 15523 15548 E IMGMapper: set:488 set: Unset optional value from type CTA861_3
11-05 23:21:06.612 15523 15548 E IMGMapper: set:488 set: Unset optional value from type SMPTE2086
11-05 23:21:06.612 15523 15548 E IMGMapper: set:488 set: Unset optional value from type CTA861_3
11-05 23:21:06.632 15523 15548 E IMGMapper: set:488 set: Unset optional value from type SMPTE2086
11-05 23:21:06.632 15523 15548 E IMGMapper: set:488 set: Unset optional value from type CTA861_3
11-05 23:21:06.645 15523 15548 E IMGMapper: set:488 set: Unset optional value from type SMPTE2086
11-05 23:21:06.645 15523 15548 E IMGMapper: set:488 set: Unset optional value from type CTA861_3
11-05 23:21:06.663 15523 15548 E IMGMapper: set:488 set: Unset optional value from type SMPTE2086
11-05 23:21:06.663 15523 15548 E IMGMapper: set:488 set: Unset optional value from type CTA861_3
11-05 23:21:06.664   896 16335 I mtkpower_client: perf_lock_rel, hdl:1047409, tid:16335
11-05 23:21:06.664   896 16335 I mtkpower_client: perf_lock_acq, hdl:0, dur:0, num:2, tid:16335
11-05 23:21:06.665  1014  1065 I libPowerHal: [perfLockRel] hdl:1047409, idx:2
11-05 23:21:06.665  1014  1065 I libPowerHal: vendor.samsung.: cpu_ctrl set cpu freq: 1218000 -1 -1 -1
11-05 23:21:06.667   896 16335 I mtkpower_client: ret_hdl:1047411
11-05 23:21:06.667   896 16335 I mtkpower_client: perf_lock_rel, hdl:1047410, tid:16335
11-05 23:21:06.667  1014  1065 I libPowerHal: [perfLockAcq] idx:0 hdl:1047411 hint:-1 pid:896 duration:0 lock_user:vendor.samsung. => ret_hdl:1047411
11-05 23:21:06.667  1014  1065 I libPowerHal: vendor.samsung.: cpu_ctrl set cpu freq: 1218000 -1 1138000 -1
11-05 23:21:06.669  1014  1065 I libPowerHal: [perfLockRel] hdl:1047410, idx:1
11-05 23:21:06.669   896 16335 I mtkpower_client: perf_lock_acq, hdl:0, dur:0, num:2, tid:16335
11-05 23:21:06.669  1014  1065 I libPowerHal: vendor.samsung.: cpu_ctrl set cpu freq: -1 -1 1138000 -1
11-05 23:21:06.673   896 16335 I mtkpower_client: ret_hdl:1047412
11-05 23:21:06.673   896 16335 I HYPER-HAL: [RequestManager.cpp]releaseLocked(): Released ID : 726633
11-05 23:21:06.673  1014  1065 I libPowerHal: [perfLockAcq] idx:1 hdl:1047412 hint:-1 pid:896 duration:0 lock_user:vendor.samsung. => ret_hdl:1047412
11-05 23:21:06.673  1014  1065 I libPowerHal: vendor.samsung.: cpu_ctrl set cpu freq: 1218000 -1 1138000 -1
11-05 23:21:06.679  1737  1942 D MobileStatusTracker(0/2): onSignalStrengthsChanged level=3, vendorLevel=3
11-05 23:21:06.680 15523 15548 E IMGMapper: set:488 set: Unset optional value from type SMPTE2086
11-05 23:21:06.680 15523 15548 E IMGMapper: set:488 set: Unset optional value from type CTA861_3
11-05 23:21:06.682  1737  1942 D MobileSignalController(0/2): notifyListener: enabled=true, connected=true, dataConnected=true, networkType=LTE (4G), emergencyOnly=false, roaming=false, isDefault=false, dataActivity=, level=3, ca=false, mmWave=false, disabledDataIcon=false, simCard=ETC
11-05 23:21:06.682  1737  1942 D NetworkController: SignalStrength from intent slotId=0
11-05 23:21:06.691   896   910 I mtkpower_client: perf_lock_rel, hdl:1047411, tid:910
11-05 23:21:06.693   896   910 I mtkpower_client: perf_lock_rel, hdl:1047412, tid:910
11-05 23:21:06.694  1014  1065 I libPowerHal: [perfLockRel] hdl:1047411, idx:0
11-05 23:21:06.695  1014  1065 I libPowerHal: vendor.samsung.: cpu_ctrl set cpu freq: 1218000 -1 -1 -1
11-05 23:21:06.695 15523 15548 E IMGMapper: set:488 set: Unset optional value from type SMPTE2086
11-05 23:21:06.695 15523 15548 E IMGMapper: set:488 set: Unset optional value from type CTA861_3
11-05 23:21:06.697   896   910 I HYPER-HAL: [RequestManager.cpp]releaseLocked(): Released ID : 725427
11-05 23:21:06.697  1014  1065 I libPowerHal: [perfLockRel] hdl:1047412, idx:1
11-05 23:21:06.697  1014  1065 I libPowerHal: vendor.samsung.: cpu_ctrl set cpu freq: -1 -1 -1 -1
11-05 23:21:06.711 15523 15548 E IMGMapper: set:488 set: Unset optional value from type SMPTE2086
11-05 23:21:06.711 15523 15548 E IMGMapper: set:488 set: Unset optional value from type CTA861_3
11-05 23:21:06.770   543   543 D io_stats: !@ 179,0 r 628565628 7593017810 w 113806479 1205889656 d 1261336 33797848 f 0 0 iot 323574848 0 th 0 0 0 pt 0 inp 0 0 3402588.411
11-05 23:21:06.888  1187  1944 W SLocation: GeopointGeofenceManager - NLP timeout
11-05 23:21:06.891  1187  1944 D SLocation: NLPManager - removeUpdates - NLP
11-05 23:21:06.900  1187  1944 E AppOps  : attributionTag SLocationService not declared in manifest of android
11-05 23:21:06.901  1187  1944 D LocationManagerService: network provider removed registration from 1000/android[SLocationService]/ABC74DDA
11-05 23:21:06.902  1187  1944 W SLocation: GeopointGeofenceManager - Cannot obtain NLP location(once)
11-05 23:21:06.930  1187  3197 V LocationManagerService: passive provider registration 1000/android[SensorNotificationService]/FD7E72BE dropped delivery - too close
11-05 23:21:06.938  1187  3197 E AppOps  : attributionTag SLocationService not declared in manifest of android
11-05 23:21:06.951  1187  1944 D SLocation: PositionManager - PassiveonLocationChanged network 1762395666921
11-05 23:21:06.951  1187  1944 D SLocation: ARDistanceBigData - BIGDATA ARD - receive location
11-05 23:21:06.951  1187  1944 D SLocation: ARDistanceBigData - BIGDATA ARD disabled, onReceiveLocation
11-05 23:21:06.951  1187  1944 D SLocation: GeopointGeofenceManager - Location reported : fix method = 4 / 100.0
11-05 23:21:06.952  1187  1944 W Settings: Setting airplane_mode_on has moved from android.provider.Settings.System to android.provider.Settings.Global, returning read-only value.
11-05 23:21:06.957  1203  1293 D MNLD    : mnld_nfw_mnl2agps_location_sync: ret = 51
11-05 23:21:06.957  1203  1293 D MNLD    : mnld_nfw_mnl2agps_location_sync: mnl2agps_location_sync success
11-05 23:21:06.960  1187  1944 E SemContextManager: SemContextService is null. Please check SENSORHUB feature.
11-05 23:21:06.960  1187  1944 D SLocation: SLocationCoreSem - SemContext.TYPE_SLOCATION_CORE_SEM is not available
11-05 23:21:06.960  1187  1944 D SLocation: ARDistanceLibManager - request distance diff to AR Distance Library
11-05 23:21:06.960  1187  1944 E SemContextManager: SemContextService is null. Please check SENSORHUB feature.
11-05 23:21:06.960  1187  1944 D SLocation: SLocationCoreSem - SemContext.TYPE_SLOCATION_CORE_SEM is not available
11-05 23:21:06.961  1187  1944 D SLocation: LocationProcessingAlgorithm - entry condition - dist : 5711.883 padding : 0.0, accuracy : 100.0, provider : network, dir : 2
11-05 23:21:06.961  1187  1944 D SLocation: LocationProcessingAlgorithm - entry condition - dist : 2.0365808 padding : 0.0, accuracy : 100.0, provider : network, dir : 1
11-05 23:21:06.961  1187  1944 D SLocation: GeopointReceiver - send geopoint result - 1
11-05 23:21:06.961  1187  1944 D SLocation: LocationProcessingAlgorithm - entry condition - dist : 4401.112 padding : 0.0, accuracy : 100.0, provider : network, dir : 2
11-05 23:21:06.961  1187  1944 D SLocation: LocationProcessingAlgorithm - entry condition - dist : 3972.3438 padding : 0.0, accuracy : 100.0, provider : network, dir : 2
11-05 23:21:06.961  1187  1944 D SLocation: LocationProcessingAlgorithm - entry condition - dist : 13.0798855 padding : 0.0, accuracy : 100.0, provider : network, dir : 1
11-05 23:21:06.961  1187  1944 D SLocation: GeopointReceiver - send geopoint result - 1
11-05 23:21:06.962  1187  1944 D SLocation: LocationProcessingAlgorithm - entry condition - dist : 5417.7173 padding : 0.0, accuracy : 100.0, provider : network, dir : 2
11-05 23:21:06.962  1187  1944 D SLocation: LocationProcessingAlgorithm - entry condition - dist : 2739.81 padding : 0.0, accuracy : 100.0, provider : network, dir : 2
11-05 23:21:06.962  1187  1944 D SLocation: LocationProcessingAlgorithm - entry condition - dist : 39827.645 padding : 0.0, accuracy : 100.0, provider : network, dir : 2
11-05 23:21:06.962  1187  1944 D SLocation: LocationProcessingAlgorithm - entry condition - dist : 0.63024664 padding : 0.0, accuracy : 100.0, provider : network, dir : 1
11-05 23:21:06.963  1187  1944 D SLocation: GeopointReceiver - send geopoint result - 1
11-05 23:21:06.963  1204  1235 D agps    : [agps][n][AGPS] [MNL] mnl2agps [153]
11-05 23:21:06.963  1187  1944 D SLocation: ReceiverPairWithAdaptive - id : 9, dir : 1
11-05 23:21:06.963  1187  1944 D SLocation: LocationProcessingAlgorithm - entry condition - dist : 27.658726 padding : 0.0, accuracy : 100.0, provider : network, dir : 1
11-05 23:21:06.963  1187  1944 D SLocation: GeopointReceiver - send geopoint result - 1
11-05 23:21:06.963  1187  1944 D SLocation: LocationProcessingAlgorithm - entry condition - dist : 3405.205 padding : 0.0, accuracy : 100.0, provider : network, dir : 2
11-05 23:21:06.963  1187  1944 D SLocation: LocationProcessingAlgorithm - entry condition - dist : 3465.7122 padding : 0.0, accuracy : 100.0, provider : network, dir : 2
11-05 23:21:06.963  1187  1944 D SLocation: LocationProcessingAlgorithm - entry condition - dist : 30.991793 padding : 0.0, accuracy : 100.0, provider : network, dir : 1
11-05 23:21:06.964  1187  1944 D SLocation: GeopointReceiver - send geopoint result - 1
11-05 23:21:06.964  1187  1944 D SLocation: LocationProcessingAlgorithm - entry condition - dist : 4518.74 padding : 0.0, accuracy : 100.0, provider : network, dir : 2
11-05 23:21:06.964  1187  1944 D SLocation: LocationProcessingAlgorithm - entry condition - dist : 4408.2065 padding : 0.0, accuracy : 100.0, provider : network, dir : 2
11-05 23:21:06.964  1187  1944 D SLocation: LocationProcessingAlgorithm - entry condition - dist : 931.1799 padding : 0.0, accuracy : 100.0, provider : network, dir : 2
11-05 23:21:06.964  1187  1944 D SLocation: LocationProcessingAlgorithm - entry condition - dist : 2004.513 padding : 0.0, accuracy : 100.0, provider : network, dir : 2
11-05 23:21:06.964  1204  1235 D agps    : Xed[V_8;|(7C0x)+x\HWcp=;h[Zi=R7&%D`L;2$5=8=-2LG1C`L-5q* !%.,())sL:5d* +&#&$&'-yA$&`.! pA-@q-xx~~     yiSBDG5(b.yO5AFp-pN:<m.qS83ABAo-yiUI7"3=62b%x|lpyiSI5(7CH8$-CBj%x|lpy
11-05 23:21:06.964  1187  1944 D SLocation: LocationProcessingAlgorithm - entry condition - dist : 4698.373 padding : 0.0, accuracy : 100.0, provider : network, dir : 2
11-05 23:21:06.964  1187  1944 D SLocation: LocationProcessingAlgorithm - entry condition - dist : 689.3709 padding : 0.0, accuracy : 100.0, provider : network, dir : 2
11-05 23:21:06.965  1187  1944 D SLocation: LocationProcessingAlgorithm - entry condition - dist : 2724.584 padding : 0.0, accuracy : 100.0, provider : network, dir : 2
11-05 23:21:06.965  1187  1944 D SLocation: LocationProcessingAlgorithm - entry condition - dist : 3372.0557 padding : 0.0, accuracy : 100.0, provider : network, dir : 2
11-05 23:21:06.965  1187  1944 D SLocation: ReceiverPairWithAdaptive - id : 21, dir : 2
11-05 23:21:06.965  1187  1944 D SLocation: LocationProcessingAlgorithm - entry condition - dist : 11.865775 padding : 0.0, accuracy : 100.0, provider : network, dir : 1
11-05 23:21:06.965  1187  1944 D SLocation: GeopointReceiver - send geopoint result - 1
11-05 23:21:06.965  1187  1944 D SLocation: ReceiverPairWithAdaptive - id : 22, dir : 1
11-05 23:21:06.965  1187  1944 D SLocation: LocationProcessingAlgorithm - entry condition - dist : 3377.1443 padding : 0.0, accuracy : 100.0, provider : network, dir : 2
11-05 23:21:06.965  1187  1944 D SLocation: ReceiverPairWithAdaptive - id : 23, dir : 2
11-05 23:21:06.965  1187  1944 D SLocation: LocationProcessingAlgorithm - entry condition - dist : 6071.913 padding : 0.0, accuracy : 100.0, provider : network, dir : 2
11-05 23:21:06.965  1187  1944 D SLocation: LocationProcessingAlgorithm - entry condition - dist : 686.59 padding : 0.0, accuracy : 100.0, provider : network, dir : 2
11-05 23:21:06.965  1187  1944 D SLocation: LocationProcessingAlgorithm - entry condition - dist : 6112.699 padding : 0.0, accuracy : 100.0, provider : network, dir : 2
11-05 23:21:06.965  1187  1944 D SLocation: LocationProcessingAlgorithm - entry condition - dist : 51940.543 padding : 0.0, accuracy : 100.0, provider : network, dir : 2
11-05 23:21:06.965  1187  1944 D SLocation: LocationProcessingAlgorithm - entry condition - dist : 3588.7974 padding : 0.0, accuracy : 100.0, provider : network, dir : 2
11-05 23:21:06.966  1187  1944 D SLocation: LocationProcessingAlgorithm - entry condition - dist : 4406.9053 padding : 0.0, accuracy : 100.0, provider : network, dir : 2
11-05 23:21:06.966  1187  1944 D SLocation: LocationProcessingAlgorithm - entry condition - dist : 8778.189 padding : 0.0, accuracy : 100.0, provider : network, dir : 2
11-05 23:21:06.966  1187  1944 D SLocation: LocationProcessingAlgorithm - entry condition - dist : 917.9907 padding : 0.0, accuracy : 100.0, provider : network, dir : 2
11-05 23:21:06.966  1187  1944 D SLocation: LocationProcessingAlgorithm - entry condition - dist : 7947.195 padding : 0.0, accuracy : 100.0, provider : network, dir : 2
11-05 23:21:06.966  1187  1944 D SLocation: LocationProcessingAlgorithm - entry condition - dist : 2809.8848 padding : 0.0, accuracy : 100.0, provider : network, dir : 2
11-05 23:21:06.966  1187  1944 D SLocation: LocationProcessingAlgorithm - entry condition - dist : 1960.7277 padding : 0.0, accuracy : 100.0, provider : network, dir : 2
11-05 23:21:06.967  1187  1944 D SLocation: ReceiverPairWithWifi - ignore direction of location due to wifi, id =35reason=400
11-05 23:21:06.968  1187  1944 D SLocation: LocationProcessingAlgorithm - entry condition - dist : 4434.218 padding : 0.0, accuracy : 100.0, provider : network, dir : 2
11-05 23:21:06.968  1187  1944 D SLocation: LocationProcessingAlgorithm - entry condition - dist : 3356.67 padding : 0.0, accuracy : 100.0, provider : network, dir : 2
11-05 23:21:06.968  1187  1944 D SLocation: LocationProcessingAlgorithm - entry condition - dist : 71.26517 padding : 0.0, accuracy : 100.0, provider : network, dir : 1
11-05 23:21:06.968  1187  1944 D SLocation: GeopointReceiver - send geopoint result - 1
11-05 23:21:06.969  1187  1944 D SLocation: ReceiverPairWithAdaptive - id : 38, dir : 1
11-05 23:21:06.969  1187  1944 D SLocation: LocationProcessingAlgorithm - entry condition - dist : 1210.9281 padding : 0.0, accuracy : 100.0, provider : network, dir : 2
11-05 23:21:06.969  1187  1944 D SLocation: LocationProcessingAlgorithm - entry condition - dist : 529.4424 padding : 0.0, accuracy : 100.0, provider : network, dir : 0
11-05 23:21:06.969  1187  1944 D SLocation: GeopointReceiver - cancel delay & hold gf id : 40
11-05 23:21:06.969  1187  1944 D SLocation: LocationProcessingAlgorithm - entry condition - dist : 102.48025 padding : 0.0, accuracy : 100.0, provider : network, dir : 1
11-05 23:21:06.969  1187  1944 D SLocation: GeopointReceiver - send geopoint result - 1
11-05 23:21:06.969  1187  1944 D SLocation: LocationProcessingAlgorithm - entry condition - dist : 8616.32 padding : 0.0, accuracy : 100.0, provider : network, dir : 2
11-05 23:21:06.969  1187  1944 D SLocation: LocationProcessingAlgorithm - entry condition - dist : 2727.0579 padding : 0.0, accuracy : 100.0, provider : network, dir : 2
11-05 23:21:06.969  1187  1944 D SLocation: LocationProcessingAlgorithm - entry condition - dist : 2941.1738 padding : 0.0, accuracy : 100.0, provider : network, dir : 2
11-05 23:21:06.969  1187  1944 D SLocation: LocationProcessingAlgorithm - entry condition - dist : 526.9978 padding : 0.0, accuracy : 100.0, provider : network, dir : 0
11-05 23:21:06.969  1187  1944 D SLocation: GeopointReceiver - cancel delay & hold gf id : 45
11-05 23:21:06.969  1187  1944 D SLocation: LocationProcessingAlgorithm - entry condition - dist : 60.703922 padding : 0.0, accuracy : 100.0, provider : network, dir : 1
11-05 23:21:06.969  1187  1944 D SLocation: GeopointReceiver - send geopoint result - 1
11-05 23:21:06.969  1187  1944 D SLocation: LocationProcessingAlgorithm - entry condition - dist : 3972.7617 padding : 0.0, accuracy : 100.0, provider : network, dir : 2
11-05 23:21:06.969  1187  1944 D SLocation: LocationProcessingAlgorithm - entry condition - dist : 7764.9844 padding : 0.0, accuracy : 100.0, provider : network, dir : 2
11-05 23:21:06.969  1187  1944 D SLocation: LocationProcessingAlgorithm - entry condition - dist : 5190.0854 padding : 0.0, accuracy : 100.0, provider : network, dir : 2
11-05 23:21:06.969  1187  1944 D SLocation: LocationProcessingAlgorithm - entry condition - dist : 5272.472 padding : 0.0, accuracy : 100.0, provider : network, dir : 2
11-05 23:21:06.970  1187  1944 W AlarmManager: Unrecognized alarm listener j0.a@8e987a0
11-05 23:21:07.094 15523 15548 E IMGMapper: set:488 set: Unset optional value from type SMPTE2086
11-05 23:21:07.095 15523 15548 E IMGMapper: set:488 set: Unset optional value from type CTA861_3
11-05 23:21:07.101  1039  1039 I BufferQueueProducer: [com.cinemamovel/com.cinemamovel.MainActivity$_15523#687207](this:0xb400007a262e1838,id:-1,api:0,p:-1,c:1039) queueBuffer: fps=43.55 dur=1331.94 max=366.30 min=16.01
11-05 23:21:07.104   991   991 I hwcomposer: [HWCDisplay] [Display_0 (type:1)] fps:43.496056,dur:1333.45,max:368.12,min:15.41  
11-05 23:21:07.111 15523 15548 E IMGMapper: set:488 set: Unset optional value from type SMPTE2086
11-05 23:21:07.111 15523 15548 E IMGMapper: set:488 set: Unset optional value from type CTA861_3
11-05 23:21:07.128 15523 15548 E IMGMapper: set:488 set: Unset optional value from type SMPTE2086
11-05 23:21:07.129 15523 15548 E IMGMapper: set:488 set: Unset optional value from type CTA861_3
11-05 23:21:07.146 15523 15548 E IMGMapper: set:488 set: Unset optional value from type SMPTE2086
11-05 23:21:07.146 15523 15548 E IMGMapper: set:488 set: Unset optional value from type CTA861_3
11-05 23:21:07.161 15523 15548 E IMGMapper: set:488 set: Unset optional value from type SMPTE2086
11-05 23:21:07.162 15523 15548 E IMGMapper: set:488 set: Unset optional value from type CTA861_3
11-05 23:21:07.179 15523 15548 E IMGMapper: set:488 set: Unset optional value from type SMPTE2086
11-05 23:21:07.179 15523 15548 E IMGMapper: set:488 set: Unset optional value from type CTA861_3
11-05 23:21:07.193 15523 15548 E IMGMapper: set:488 set: Unset optional value from type SMPTE2086
11-05 23:21:07.193 15523 15548 E IMGMapper: set:488 set: Unset optional value from type CTA861_3
11-05 23:21:07.211 15523 15548 E IMGMapper: set:488 set: Unset optional value from type SMPTE2086
11-05 23:21:07.211 15523 15548 E IMGMapper: set:488 set: Unset optional value from type CTA861_3
11-05 23:21:07.228 15523 15548 E IMGMapper: set:488 set: Unset optional value from type SMPTE2086
11-05 23:21:07.228 15523 15548 E IMGMapper: set:488 set: Unset optional value from type CTA861_3
11-05 23:21:07.244 15523 15548 E IMGMapper: set:488 set: Unset optional value from type SMPTE2086
11-05 23:21:07.244 15523 15548 E IMGMapper: set:488 set: Unset optional value from type CTA861_3
11-05 23:21:07.261 15523 15548 E IMGMapper: set:488 set: Unset optional value from type SMPTE2086
11-05 23:21:07.261 15523 15548 E IMGMapper: set:488 set: Unset optional value from type CTA861_3
11-05 23:21:07.277 15523 15548 E IMGMapper: set:488 set: Unset optional value from type SMPTE2086
11-05 23:21:07.277 15523 15548 E IMGMapper: set:488 set: Unset optional value from type CTA861_3
11-05 23:21:07.294 15523 15548 E IMGMapper: set:488 set: Unset optional value from type SMPTE2086
11-05 23:21:07.294 15523 15548 E IMGMapper: set:488 set: Unset optional value from type CTA861_3
11-05 23:21:07.311 15523 15548 E IMGMapper: set:488 set: Unset optional value from type SMPTE2086
11-05 23:21:07.311 15523 15548 E IMGMapper: set:488 set: Unset optional value from type CTA861_3
11-05 23:21:07.329 15523 15548 E IMGMapper: set:488 set: Unset optional value from type SMPTE2086
11-05 23:21:07.330 15523 15548 E IMGMapper: set:488 set: Unset optional value from type CTA861_3
11-05 23:21:07.342 15523 15548 E IMGMapper: set:488 set: Unset optional value from type SMPTE2086
11-05 23:21:07.342 15523 15548 E IMGMapper: set:488 set: Unset optional value from type CTA861_3
11-05 23:21:07.357 15523 15548 E IMGMapper: set:488 set: Unset optional value from type SMPTE2086
11-05 23:21:07.357 15523 15548 E IMGMapper: set:488 set: Unset optional value from type CTA861_3
11-05 23:21:07.442 16493 13888 I AOSP-MdnsDiscoveryManag: (REDACTED) %s
11-05 23:21:07.443 16493 13888 I AOSP-MdnsDiscoveryManag: (REDACTED) %s
11-05 23:21:07.443 16493 13891 I AOSP-MdnsDiscoveryManag: (REDACTED) %s
11-05 23:21:07.443 16493 13891 I AOSP-MdnsDiscoveryManag: (REDACTED) %s
11-05 23:21:07.444 16493 13886 I AOSP-MdnsDiscoveryManag: (REDACTED) %s
11-05 23:21:07.445 16493 13886 I AOSP-MdnsDiscoveryManag: (REDACTED) %s
11-05 23:21:07.445 16493 13886 I AOSP-MdnsDiscoveryManag: (REDACTED) %s
11-05 23:21:07.446 16493 13886 I AOSP-MdnsDiscoveryManag: (REDACTED) %s
11-05 23:21:07.447 16493 13887 W AOSP-MdnsDiscoveryManag: Error while decoding multicast packet (2762): 1 [CONTEXT service_id=168 ]
11-05 23:21:07.447 16493 13887 W AOSP-MdnsDiscoveryManag: Error while decoding multicast packet (2763): 1 [CONTEXT service_id=168 ]
11-05 23:21:07.447 16493 13887 W AOSP-MdnsDiscoveryManag: Error while decoding multicast packet (2764): 1 [CONTEXT service_id=168 ]
11-05 23:21:07.448 16493 13887 W AOSP-MdnsDiscoveryManag: Error while decoding multicast packet (2765): 1 [CONTEXT service_id=168 ]
11-05 23:21:07.448 16493 21696 I AOSP-MdnsDiscoveryManag: (REDACTED) %s
11-05 23:21:07.448 16493 21696 I AOSP-MdnsDiscoveryManag: (REDACTED) %s
11-05 23:21:07.453 16493 16454 W LogErrorOperation: onLogError callback failed.
11-05 23:21:07.456 16493 16454 W LogErrorOperation: onLogError callback failed.
11-05 23:21:07.458 16493 16454 W LogErrorOperation: onLogError callback failed.
11-05 23:21:07.461 16493 16454 W LogErrorOperation: onLogError callback failed.
11-05 23:21:07.463 16493 16454 W LogErrorOperation: onLogError callback failed.
11-05 23:21:07.466 16493 16454 W LogErrorOperation: onLogError callback failed.
11-05 23:21:07.469 16493 16454 W LogErrorOperation: onLogError callback failed.
11-05 23:21:07.471 16493 16454 W LogErrorOperation: onLogError callback failed.
11-05 23:21:07.474 16493 16454 W LogErrorOperation: onLogError callback failed.
11-05 23:21:07.476 16493 16454 W LogErrorOperation: onLogError callback failed.
11-05 23:21:07.478 16493 16454 W LogErrorOperation: onLogError callback failed.
11-05 23:21:07.480 16493 16454 W LogErrorOperation: onLogError callback failed.
11-05 23:21:07.861  1187  1369 D PowerManagerService: UserActivityStateListenerState: 0
11-05 23:21:07.958  1737  1942 D MobileStatusTracker(0/2): onSignalStrengthsChanged level=3, vendorLevel=3
11-05 23:21:07.962  1737  1942 D MobileSignalController(0/2): notifyListener: enabled=true, connected=true, dataConnected=true, networkType=LTE (4G), emergencyOnly=false, roaming=false, isDefault=false, dataActivity=, level=3, ca=false, mmWave=false, disabledDataIcon=false, simCard=ETC
11-05 23:21:07.963  1737  1942 D NetworkController: SignalStrength from intent slotId=0
