--------- beginning of main
10-27 20:26:49.268  1737  1737 D SecPowerUI.Notification: showChargingNotice oldChargingType : 11 / currentChargingType : 11, oldChargingTime : 0 / mChargingTime : 0
10-27 20:26:49.269  1737  1737 D SecPowerUI.Notification: There is no change about charging status, so return!
10-27 20:26:49.356  1187  1486 D SensorService: [SO] -0.618 1.897 9.874
--------- beginning of system
10-27 20:26:49.386   543   543 D io_stats: !@ 179,0 r 552477078 6681217514 w 96091165 1019080632 d 1259598 33790876 f 0 0 iot 277058516 0 th 0 0 0 pt 0 inp 0 0 2957727.484
10-27 20:26:49.443  1187  1965 D InputDispatcher: Inject motion (8589/2000): action=0x0, time=2957727540000000, f=0x0, d=0 dsdx=1.000000 dtdx=0.000000
10-27 20:26:49.444  1187  1534 I InputDispatcher: Delivering touch to (1737): action: 0x4, f=0x0, d=0, 'd92b8ad', t=1 
10-27 20:26:49.444  1187  1534 I InputDispatcher: Delivering touch to (8412): action: 0x0, f=0x0, d=0, 'caf65fb', t=1 
10-27 20:26:49.444  1187  1534 D PowerManagerService: [api] userActivityFromNative :  (event: 2 flags: 0 displayId: 0) eventTime = 2957727540
10-27 20:26:49.445  1187  1534 D PowerManagerService: UserActivityStateListenerState: 1
10-27 20:26:49.445  8412  8412 I ViewRootImpl@aff6157[MainActivity]: ViewPostIme pointer 0
10-27 20:26:49.446  1187  1303 I GestureDetector: obtain mCurrentDownEvent. id: -135755412 caller: com.android.server.wm.SystemGesturesPointerEventListener.onPointerEvent:203 com.android.server.wm.PointerEventDispatcher.onInputEvent:53 android.view.InputEventReceiver.dispatchInputEvent:285 
10-27 20:26:49.446  1187  1303 I GestureDetector: obtain mCurrentDownEvent. id: -135755412 caller: com.android.server.wm.SystemPerformancePointerEventListener.onPointerEvent:89 com.android.server.wm.PointerEventDispatcher.onInputEvent:53 android.view.InputEventReceiver.dispatchInputEvent:285 
10-27 20:26:49.477   963   963 E audit   : type=1400 audit(1761607609.472:1469835): avc:  denied  { write } for  pid=14180 comm="ThreadPoolForeg" name="traced_producer" dev="tmpfs" ino=11170 scontext=u:r:gmscore_app:s0:c512,c768 tcontext=u:object_r:traced_producer_socket:s0 tclass=sock_file permissive=0 SEPF_SM-A037M_12_0001 unfiltered
10-27 20:26:49.477  1187  1965 D InputDispatcher: Inject motion (8589/2000): action=0x1, time=2957727540000000, f=0x0, d=0 dsdx=1.000000 dtdx=0.000000
10-27 20:26:49.478  1187  1534 I InputDispatcher: Delivering touch to (8412): action: 0x1, f=0x0, d=0, 'caf65fb', t=1 
10-27 20:26:49.479  8412  8412 I ViewRootImpl@aff6157[MainActivity]: ViewPostIme pointer 1
10-27 20:26:49.480  1187  1303 I GestureDetector: obtain mCurrentMotionEventRaw. action: 1 id: -357528899
10-27 20:26:49.481  1187  1303 I GestureDetector: obtain mCurrentMotionEventRaw. action: 1 id: -357528899
10-27 20:26:49.516  8412  8451 E IMGMapper: set:488 set: Unset optional value from type SMPTE2086
10-27 20:26:49.516  8412  8451 E IMGMapper: set:488 set: Unset optional value from type CTA861_3
10-27 20:26:49.526  1039  1039 I BufferQueueProducer: [com.cinemamovel/com.cinemamovel.MainActivity$_8412#601551](this:0xb400007a1f76e838,id:-1,api:0,p:-1,c:1039) queueBuffer: fps=6.01 dur=3327.42 max=3012.02 min=15.60
10-27 20:26:49.528   991 11009 I hwcomposer: [HWCDisplay] [Display_0 (type:1)] fps:6.010392,dur:3327.57,max:3012.33,min:15.00  
10-27 20:26:49.537  8412  8451 E IMGMapper: set:488 set: Unset optional value from type SMPTE2086
10-27 20:26:49.537  8412  8451 E IMGMapper: set:488 set: Unset optional value from type CTA861_3
10-27 20:26:49.551  8412  8451 E IMGMapper: set:488 set: Unset optional value from type SMPTE2086
10-27 20:26:49.551  8412  8451 E IMGMapper: set:488 set: Unset optional value from type CTA861_3
10-27 20:26:49.563  1737  1942 D MobileStatusTracker(0/2): onSignalStrengthsChanged level=3, vendorLevel=3
10-27 20:26:49.568  1737  1942 D MobileSignalController(0/2): notifyListener: enabled=true, connected=true, dataConnected=true, networkType=LTE (4G), emergencyOnly=false, roaming=false, isDefault=false, dataActivity=, level=3, ca=false, mmWave=false, disabledDataIcon=false, simCard=ETC
10-27 20:26:49.568  8412  8451 E IMGMapper: set:488 set: Unset optional value from type SMPTE2086
10-27 20:26:49.568  8412  8451 E IMGMapper: set:488 set: Unset optional value from type CTA861_3
10-27 20:26:49.568  1737  1942 D NetworkController: SignalStrength from intent slotId=0
10-27 20:26:49.585  8412  8451 E IMGMapper: set:488 set: Unset optional value from type SMPTE2086
10-27 20:26:49.585  8412  8451 E IMGMapper: set:488 set: Unset optional value from type CTA861_3
10-27 20:26:49.616  8412  8412 W [RNScreens]: backTitleVisible prop is not available on Android
10-27 20:26:49.616  8412  8412 W [RNScreens]: backTitleFontFamily prop is not available on Android
10-27 20:26:49.616  8412  8412 W [RNScreens]: disableBackButtonMenu prop is not available on Android
10-27 20:26:49.616  8412  8412 W [RNScreens]: largeTitleFontFamily prop is not available on Android
10-27 20:26:49.616  8412  8412 W [RNScreens]: largeTitleFontWeight prop is not available on Android
10-27 20:26:49.616  8412  8412 W [RNScreens]: largeTitleHideShadow prop is not available on Android
10-27 20:26:49.617   886  8594 E Netd    : To use pid in case SEC_PRODUCT_FEATURE_KNOX_SUPPORT_NPA is false, to remove build error (unused variable)
10-27 20:26:49.617  8412  8451 E IMGMapper: set:488 set: Unset optional value from type SMPTE2086
10-27 20:26:49.618  8412  8451 E IMGMapper: set:488 set: Unset optional value from type CTA861_3
10-27 20:26:49.645  8412  8451 E IMGMapper: set:488 set: Unset optional value from type SMPTE2086
10-27 20:26:49.645  8412  8451 E IMGMapper: set:488 set: Unset optional value from type CTA861_3
10-27 20:26:49.678  8412  8451 E IMGMapper: set:488 set: Unset optional value from type SMPTE2086
10-27 20:26:49.678  8412  8451 E IMGMapper: set:488 set: Unset optional value from type CTA861_3
10-27 20:26:49.696  8412  8451 E IMGMapper: set:488 set: Unset optional value from type SMPTE2086
10-27 20:26:49.696  8412  8451 E IMGMapper: set:488 set: Unset optional value from type CTA861_3
10-27 20:26:49.706  1205  1205 I thermal_repeater: socket -1
10-27 20:26:49.712  8412  8451 E IMGMapper: set:488 set: Unset optional value from type SMPTE2086
10-27 20:26:49.712  8412  8451 E IMGMapper: set:488 set: Unset optional value from type CTA861_3
10-27 20:26:49.725  8412  8451 E IMGMapper: set:488 set: Unset optional value from type SMPTE2086
10-27 20:26:49.725  8412  8451 E IMGMapper: set:488 set: Unset optional value from type CTA861_3
10-27 20:26:49.745  1187  1303 I GestureDetector: handleMessage TAP
10-27 20:26:49.746  1187  1187 I GestureDetector: handleMessage TAP
10-27 20:26:49.760  8412  8451 E IMGMapper: set:488 set: Unset optional value from type SMPTE2086
10-27 20:26:49.760  8412  8451 E IMGMapper: set:488 set: Unset optional value from type CTA861_3
10-27 20:26:49.771  8412  8451 E IMGMapper: set:488 set: Unset optional value from type SMPTE2086
10-27 20:26:49.772  8412  8451 E IMGMapper: set:488 set: Unset optional value from type CTA861_3
10-27 20:26:49.787  8412  8451 E IMGMapper: set:488 set: Unset optional value from type SMPTE2086
10-27 20:26:49.787  8412  8451 E IMGMapper: set:488 set: Unset optional value from type CTA861_3
10-27 20:26:49.805  8412  8451 E IMGMapper: set:488 set: Unset optional value from type SMPTE2086
10-27 20:26:49.806  8412  8451 E IMGMapper: set:488 set: Unset optional value from type CTA861_3
10-27 20:26:49.844  8412  8451 E IMGMapper: set:488 set: Unset optional value from type SMPTE2086
10-27 20:26:49.844  8412  8451 E IMGMapper: set:488 set: Unset optional value from type CTA861_3
10-27 20:26:49.853  1187  1677 D NetdEventListenerService: DNS Requested by : 140, 10976
10-27 20:26:49.854  8412  8523 D TrafficStats: tagSocket(119) with statsTag=0xffffffff, statsUid=-1
10-27 20:26:49.855  8412  8451 E IMGMapper: set:488 set: Unset optional value from type SMPTE2086
10-27 20:26:49.855  8412  8451 E IMGMapper: set:488 set: Unset optional value from type CTA861_3
10-27 20:26:49.869  8412  8451 E IMGMapper: set:488 set: Unset optional value from type SMPTE2086
10-27 20:26:49.870  8412  8451 E IMGMapper: set:488 set: Unset optional value from type CTA861_3
10-27 20:26:49.888  8412  8451 E IMGMapper: set:488 set: Unset optional value from type SMPTE2086
10-27 20:26:49.889  8412  8451 E IMGMapper: set:488 set: Unset optional value from type CTA861_3
10-27 20:26:49.889  8412  8424 W com.cinemamovel: Cleared Reference was only reachable from finalizer (only reported once)
10-27 20:26:49.901  8412  8424 I com.cinemamovel: Background concurrent copying GC freed 208581(8962KB) AllocSpace objects, 18(548KB) LOS objects, 49% free, 7474KB/14MB, paused 1.955ms,350us total 123.570ms
10-27 20:26:49.906  8412  8451 E IMGMapper: set:488 set: Unset optional value from type SMPTE2086
10-27 20:26:49.906  8412  8451 E IMGMapper: set:488 set: Unset optional value from type CTA861_3
10-27 20:26:49.921  8412  8451 E IMGMapper: set:488 set: Unset optional value from type SMPTE2086
10-27 20:26:49.921  8412  8451 E IMGMapper: set:488 set: Unset optional value from type CTA861_3
10-27 20:26:49.937  8412  8451 E IMGMapper: set:488 set: Unset optional value from type SMPTE2086
10-27 20:26:49.937  8412  8451 E IMGMapper: set:488 set: Unset optional value from type CTA861_3
10-27 20:26:49.952  8412  8451 E IMGMapper: set:488 set: Unset optional value from type SMPTE2086
10-27 20:26:49.953  8412  8451 E IMGMapper: set:488 set: Unset optional value from type CTA861_3
10-27 20:26:49.972  8412  8451 E IMGMapper: set:488 set: Unset optional value from type SMPTE2086
10-27 20:26:49.972  8412  8451 E IMGMapper: set:488 set: Unset optional value from type CTA861_3
10-27 20:26:49.987  8412  8451 E IMGMapper: set:488 set: Unset optional value from type SMPTE2086
10-27 20:26:49.987  8412  8451 E IMGMapper: set:488 set: Unset optional value from type CTA861_3
10-27 20:26:50.004  8412  8451 E IMGMapper: set:488 set: Unset optional value from type SMPTE2086
10-27 20:26:50.004  8412  8451 E IMGMapper: set:488 set: Unset optional value from type CTA861_3
10-27 20:26:50.020  8412  8451 E IMGMapper: set:488 set: Unset optional value from type SMPTE2086
10-27 20:26:50.020  8412  8451 E IMGMapper: set:488 set: Unset optional value from type CTA861_3
10-27 20:26:50.034  1737  1942 D MobileStatusTracker(1/1): onSignalStrengthsChanged level=4, vendorLevel=4
10-27 20:26:50.037  1737  1942 D MobileSignalController(1/1): notifyListener: enabled=true, connected=true, dataConnected=false, networkType=UMTS (3G), emergencyOnly=true, roaming=false, isDefault=false, dataActivity=, level=4, ca=false, mmWave=false, disabledDataIcon=false, simCard=ETC
10-27 20:26:50.037  1737  1942 D NetworkController: SignalStrength from intent slotId=1
10-27 20:26:50.038  8412  8451 E IMGMapper: set:488 set: Unset optional value from type SMPTE2086
10-27 20:26:50.038  8412  8451 E IMGMapper: set:488 set: Unset optional value from type CTA861_3
10-27 20:26:50.054  8412  8451 E IMGMapper: set:488 set: Unset optional value from type SMPTE2086
10-27 20:26:50.055  8412  8451 E IMGMapper: set:488 set: Unset optional value from type CTA861_3
10-27 20:26:50.071  8412  8451 E IMGMapper: set:488 set: Unset optional value from type SMPTE2086
10-27 20:26:50.071  8412  8451 E IMGMapper: set:488 set: Unset optional value from type CTA861_3
10-27 20:26:50.086 21942 21942 D BoundBrokerSvc: onUnbind: Intent { act=com.google.android.gms.measurement.START pkg=com.google.android.gms }
10-27 20:26:50.088  8412  8451 E IMGMapper: set:488 set: Unset optional value from type SMPTE2086
10-27 20:26:50.088  8412  8451 E IMGMapper: set:488 set: Unset optional value from type CTA861_3
10-27 20:26:50.105  8412  8451 E IMGMapper: set:488 set: Unset optional value from type SMPTE2086
10-27 20:26:50.105  8412  8451 E IMGMapper: set:488 set: Unset optional value from type CTA861_3
10-27 20:26:50.121  8412  8451 E IMGMapper: set:488 set: Unset optional value from type SMPTE2086
10-27 20:26:50.122  8412  8451 E IMGMapper: set:488 set: Unset optional value from type CTA861_3
10-27 20:26:50.134  8412  8451 E IMGMapper: set:488 set: Unset optional value from type SMPTE2086
10-27 20:26:50.134  8412  8451 E IMGMapper: set:488 set: Unset optional value from type CTA861_3
10-27 20:26:50.151  8412  8451 E IMGMapper: set:488 set: Unset optional value from type SMPTE2086
10-27 20:26:50.151  8412  8451 E IMGMapper: set:488 set: Unset optional value from type CTA861_3
10-27 20:26:50.168  8412  8451 E IMGMapper: set:488 set: Unset optional value from type SMPTE2086
10-27 20:26:50.168  8412  8451 E IMGMapper: set:488 set: Unset optional value from type CTA861_3
10-27 20:26:50.184  8412  8451 E IMGMapper: set:488 set: Unset optional value from type SMPTE2086
10-27 20:26:50.184  8412  8451 E IMGMapper: set:488 set: Unset optional value from type CTA861_3
10-27 20:26:50.204  8412  8451 E IMGMapper: set:488 set: Unset optional value from type SMPTE2086
10-27 20:26:50.204  8412  8451 E IMGMapper: set:488 set: Unset optional value from type CTA861_3
10-27 20:26:50.218  8412  8451 E IMGMapper: set:488 set: Unset optional value from type SMPTE2086
10-27 20:26:50.218  8412  8451 E IMGMapper: set:488 set: Unset optional value from type CTA861_3
10-27 20:26:50.234  8412  8451 E IMGMapper: set:488 set: Unset optional value from type SMPTE2086
10-27 20:26:50.235  8412  8451 E IMGMapper: set:488 set: Unset optional value from type CTA861_3
10-27 20:26:50.252  8412  8451 E IMGMapper: set:488 set: Unset optional value from type SMPTE2086
10-27 20:26:50.252  8412  8451 E IMGMapper: set:488 set: Unset optional value from type CTA861_3
10-27 20:26:50.267  8412  8451 E IMGMapper: set:488 set: Unset optional value from type SMPTE2086
10-27 20:26:50.267  8412  8451 E IMGMapper: set:488 set: Unset optional value from type CTA861_3
10-27 20:26:50.284  8412  8451 E IMGMapper: set:488 set: Unset optional value from type SMPTE2086
10-27 20:26:50.284  8412  8451 E IMGMapper: set:488 set: Unset optional value from type CTA861_3
10-27 20:26:50.303  8412  8451 E IMGMapper: set:488 set: Unset optional value from type SMPTE2086
10-27 20:26:50.303  8412  8451 E IMGMapper: set:488 set: Unset optional value from type CTA861_3
10-27 20:26:50.319  8412  8451 E IMGMapper: set:488 set: Unset optional value from type SMPTE2086
10-27 20:26:50.319  8412  8451 E IMGMapper: set:488 set: Unset optional value from type CTA861_3
10-27 20:26:50.334  8412  8451 E IMGMapper: set:488 set: Unset optional value from type SMPTE2086
10-27 20:26:50.334  8412  8451 E IMGMapper: set:488 set: Unset optional value from type CTA861_3
10-27 20:26:50.352  8412  8451 E IMGMapper: set:488 set: Unset optional value from type SMPTE2086
10-27 20:26:50.352  8412  8451 E IMGMapper: set:488 set: Unset optional value from type CTA861_3
10-27 20:26:50.368  8412  8451 E IMGMapper: set:488 set: Unset optional value from type SMPTE2086
10-27 20:26:50.368  8412  8451 E IMGMapper: set:488 set: Unset optional value from type CTA861_3
10-27 20:26:50.385  8412  8451 E IMGMapper: set:488 set: Unset optional value from type SMPTE2086
10-27 20:26:50.385  8412  8451 E IMGMapper: set:488 set: Unset optional value from type CTA861_3
10-27 20:26:50.402  8412  8451 E IMGMapper: set:488 set: Unset optional value from type SMPTE2086
10-27 20:26:50.402  8412  8451 E IMGMapper: set:488 set: Unset optional value from type CTA861_3
10-27 20:26:50.419  8412  8451 E IMGMapper: set:488 set: Unset optional value from type SMPTE2086
10-27 20:26:50.420  8412  8451 E IMGMapper: set:488 set: Unset optional value from type CTA861_3
10-27 20:26:50.437  8412  8451 E IMGMapper: set:488 set: Unset optional value from type SMPTE2086
10-27 20:26:50.437  8412  8451 E IMGMapper: set:488 set: Unset optional value from type CTA861_3
10-27 20:26:50.454  8412  8451 E IMGMapper: set:488 set: Unset optional value from type SMPTE2086
10-27 20:26:50.454  8412  8451 E IMGMapper: set:488 set: Unset optional value from type CTA861_3
10-27 20:26:50.470  8412  8451 E IMGMapper: set:488 set: Unset optional value from type SMPTE2086
10-27 20:26:50.471  8412  8451 E IMGMapper: set:488 set: Unset optional value from type CTA861_3
10-27 20:26:50.484  8412  8451 E IMGMapper: set:488 set: Unset optional value from type SMPTE2086
10-27 20:26:50.484  8412  8451 E IMGMapper: set:488 set: Unset optional value from type CTA861_3
10-27 20:26:50.503  8412  8451 E IMGMapper: set:488 set: Unset optional value from type SMPTE2086
10-27 20:26:50.503  8412  8451 E IMGMapper: set:488 set: Unset optional value from type CTA861_3
10-27 20:26:50.517  8412  8451 E IMGMapper: set:488 set: Unset optional value from type SMPTE2086
10-27 20:26:50.517  8412  8451 E IMGMapper: set:488 set: Unset optional value from type CTA861_3
10-27 20:26:50.534  8412  8451 E IMGMapper: set:488 set: Unset optional value from type SMPTE2086
10-27 20:26:50.534  8412  8451 E IMGMapper: set:488 set: Unset optional value from type CTA861_3
10-27 20:26:50.542  1039  1039 I BufferQueueProducer: [com.cinemamovel/com.cinemamovel.MainActivity$_8412#601551](this:0xb400007a1f76e838,id:-1,api:0,p:-1,c:1039) queueBuffer: fps=55.11 dur=1016.15 max=34.07 min=16.07
10-27 20:26:50.545   991 11009 I hwcomposer: [HWCDisplay] [Display_0 (type:1)] fps:55.103294,dur:1016.27,max:34.43,min:15.18  
10-27 20:26:50.552  8412  8451 E IMGMapper: set:488 set: Unset optional value from type SMPTE2086
10-27 20:26:50.552  8412  8451 E IMGMapper: set:488 set: Unset optional value from type CTA861_3
10-27 20:26:50.567  8412  8451 E IMGMapper: set:488 set: Unset optional value from type SMPTE2086
10-27 20:26:50.567  8412  8451 E IMGMapper: set:488 set: Unset optional value from type CTA861_3
10-27 20:26:50.584  8412  8451 E IMGMapper: set:488 set: Unset optional value from type SMPTE2086
10-27 20:26:50.584  8412  8451 E IMGMapper: set:488 set: Unset optional value from type CTA861_3
10-27 20:26:50.600  8412  8451 E IMGMapper: set:488 set: Unset optional value from type SMPTE2086
10-27 20:26:50.600  8412  8451 E IMGMapper: set:488 set: Unset optional value from type CTA861_3
10-27 20:26:50.620  8412  8451 E IMGMapper: set:488 set: Unset optional value from type SMPTE2086
10-27 20:26:50.621  8412  8451 E IMGMapper: set:488 set: Unset optional value from type CTA861_3
10-27 20:26:50.633  8412  8451 E IMGMapper: set:488 set: Unset optional value from type SMPTE2086
10-27 20:26:50.633  8412  8451 E IMGMapper: set:488 set: Unset optional value from type CTA861_3
10-27 20:26:50.649  8412  8451 E IMGMapper: set:488 set: Unset optional value from type SMPTE2086
10-27 20:26:50.649  8412  8451 E IMGMapper: set:488 set: Unset optional value from type CTA861_3
10-27 20:26:50.667  8412  8451 E IMGMapper: set:488 set: Unset optional value from type SMPTE2086
10-27 20:26:50.667  8412  8451 E IMGMapper: set:488 set: Unset optional value from type CTA861_3
10-27 20:26:50.682  8412  8451 E IMGMapper: set:488 set: Unset optional value from type SMPTE2086
10-27 20:26:50.682  8412  8451 E IMGMapper: set:488 set: Unset optional value from type CTA861_3
10-27 20:26:50.693  8412  8412 D ScrollView: initGoToTop
10-27 20:26:50.699  8412  8451 E IMGMapper: set:488 set: Unset optional value from type SMPTE2086
10-27 20:26:50.699  8412  8451 E IMGMapper: set:488 set: Unset optional value from type CTA861_3
10-27 20:26:50.716  8412  8451 E IMGMapper: set:488 set: Unset optional value from type SMPTE2086
10-27 20:26:50.717  8412  8451 E IMGMapper: set:488 set: Unset optional value from type CTA861_3
10-27 20:26:50.732  8412  8451 E IMGMapper: set:488 set: Unset optional value from type SMPTE2086
10-27 20:26:50.733  8412  8451 E IMGMapper: set:488 set: Unset optional value from type CTA861_3
10-27 20:26:50.749  8412  8451 E IMGMapper: set:488 set: Unset optional value from type SMPTE2086
10-27 20:26:50.749  8412  8451 E IMGMapper: set:488 set: Unset optional value from type CTA861_3
10-27 20:26:50.779  8412  8451 E IMGMapper: set:488 set: Unset optional value from type SMPTE2086
10-27 20:26:50.779  8412  8451 E IMGMapper: set:488 set: Unset optional value from type CTA861_3
10-27 20:26:50.848  1737  1942 D MobileStatusTracker(0/2): onSignalStrengthsChanged level=3, vendorLevel=3
10-27 20:26:50.855  1737  1942 D MobileSignalController(0/2): notifyListener: enabled=true, connected=true, dataConnected=true, networkType=LTE (4G), emergencyOnly=false, roaming=false, isDefault=false, dataActivity=, level=3, ca=false, mmWave=false, disabledDataIcon=false, simCard=ETC
10-27 20:26:50.855  1737  1942 D NetworkController: SignalStrength from intent slotId=0
10-27 20:26:51.219  1693  1693 I WifiHAL : Get link layer stats
10-27 20:26:51.219  1693  1693 I WifiHAL : GetLinkStatsCommand::create
10-27 20:26:51.219  1693  1693 D android.hardware.wifi@1.0-service-lazy: WifiRequest::create vendor command to iface 38, vendor_id=0x1a11, subcmd=0x1200, res=0
10-27 20:26:51.220  1693  1693 I android.hardware.wifi@1.0-service-lazy: WifiCommand::requestResponse err=-95
10-27 20:26:51.220  1693  1693 I WifiHAL : wifi_get_link_stats: result=-3
10-27 20:26:51.222  1187  1566 E WifiVendorHal: getWifiLinkLayerStats_1_5_Internal(l.1179) failed {.code = ERROR_NOT_SUPPORTED, .description = }
10-27 20:26:51.231  1187 22074 D SemWifiUsabilityStatsMonitor: onWifiUsabilityStats - seqNum 38414, isSameBssidAndFreq true
10-27 20:26:51.232  1187  1645 I SemWifiLinkQualityMonitor: Link Qos query: inf. ms / 0 Mbps
10-27 20:26:51.322  1737  1942 D MobileStatusTracker(1/1): onSignalStrengthsChanged level=4, vendorLevel=4
10-27 20:26:51.327  1737  1942 D MobileSignalController(1/1): notifyListener: enabled=true, connected=true, dataConnected=false, networkType=UMTS (3G), emergencyOnly=true, roaming=false, isDefault=false, dataActivity=, level=4, ca=false, mmWave=false, disabledDataIcon=false, simCard=ETC
10-27 20:26:51.327  1737  1942 D NetworkController: SignalStrength from intent slotId=1
10-27 20:26:51.387   543   543 D io_stats: !@ 179,0 r 552477180 6681218962 w 96091170 1019080652 d 1259598 33790876 f 0 0 iot 277058532 0 th 0 0 0 pt 0 inp 0 0 2957729.485
10-27 20:26:51.403   570  7653 I keystore2: keystore2::watchdog: Watchdog thread idle -> terminating. Have a great day.
10-27 20:26:51.415  1187  1563 D ApplicationPolicy: isStatusBarNotificationAllowedAsUser: packageName = android,userId = 0
10-27 20:26:51.416  1187  1563 D ApplicationPolicy: isStatusBarNotificationAllowedAsUser: packageName = android,userId = -1
10-27 20:26:51.416  1187  1563 D ApplicationPolicy: isStatusBarNotificationAllowedAsUser: converting userId from USER_ALLto 0
10-27 20:26:51.580  1711  2467 D PhoneInterfaceManager: setDataEnabledForReason() Reason=1 Pid=1187 App=system
10-27 20:26:51.587  1711  2467 D PhoneInterfaceManager: setDataEnabledForReason() Reason=1 Pid=1187 App=system
10-27 20:26:51.625  1187  1187 I Telecom:SamsungTelecomServiceImpl: isInManagedCall - callingPackage : android
10-27 20:26:51.625  1187  1965 D InputDispatcher: Inject motion (8600/2000): action=0x0, time=2957729722000000, f=0x0, d=0 dsdx=1.000000 dtdx=0.000000
10-27 20:26:51.626  1187  1534 I InputDispatcher: Delivering touch to (1737): action: 0x4, f=0x0, d=0, 'd92b8ad', t=1 
10-27 20:26:51.626  1187  1534 I InputDispatcher: Delivering touch to (8412): action: 0x0, f=0x0, d=0, 'caf65fb', t=1 
10-27 20:26:51.626  1187  1534 D PowerManagerService: [api] userActivityFromNative :  (event: 2 flags: 0 displayId: 0) eventTime = 2957729722
10-27 20:26:51.626  8412  8412 I ViewRootImpl@aff6157[MainActivity]: ViewPostIme pointer 0
10-27 20:26:51.627  1187  1303 I GestureDetector: obtain mCurrentDownEvent. id: -659080965 caller: com.android.server.wm.SystemGesturesPointerEventListener.onPointerEvent:203 com.android.server.wm.PointerEventDispatcher.onInputEvent:53 android.view.InputEventReceiver.dispatchInputEvent:285 
10-27 20:26:51.628  1187  1303 I GestureDetector: obtain mCurrentDownEvent. id: -659080965 caller: com.android.server.wm.SystemPerformancePointerEventListener.onPointerEvent:89 com.android.server.wm.PointerEventDispatcher.onInputEvent:53 android.view.InputEventReceiver.dispatchInputEvent:285 
10-27 20:26:51.633  1187  1187 D EdgeLightingManager: isCallingUserSupported : callingUserId=-1, mUserId=0, isDualAppId=false, isKnoxId=false
10-27 20:26:51.633  1187  1187 D EdgeLightingManager: showForNotification : isInteractive=true, isHeadUp=true, color=0, canBypassDnd=false, sbn = StatusBarNotification(pkg=android user=UserHandle{-1} id=34 tag=NetworkPolicy:-2067496396:34 key=-1|android|34|NetworkPolicy:-2067496396:34|1000: Notification(channel=NETWORK_ALERTS shortcut=null contentView=null vibrate=null sound=null tick defaults=0x0 flags=0xa color=0xff888fa2 actions=1 vis=PRIVATE semFlags=0x0 semPriority=0 semMissedCount=0))
10-27 20:26:51.633  1187  1187 D EdgeLightingClientManager: isAvailableEdgeLighting: condition=1 mCondition=1 mIsConnected=false0
10-27 20:26:51.633  1187  1187 D EdgeLightingPolicyManager: isAcceptableApplication:  pkg=android , range=256 , includeAllApp=false , userId=-1 , infoRange=0 , infoCategory=0
10-27 20:26:51.633  1187  1187 W CoverManager: getCoverState : This device is not supported cover
10-27 20:26:51.634  1187  1965 D InputDispatcher: Inject motion (8600/2000): action=0x1, time=2957729722000000, f=0x0, d=0 dsdx=1.000000 dtdx=0.000000
10-27 20:26:51.635  1187  1534 I InputDispatcher: Delivering touch to (8412): action: 0x1, f=0x0, d=0, 'caf65fb', t=1 
10-27 20:26:51.635  1187  1187 D EdgeLightingPolicyManager: putNotification tickerText:true,titleText:true,text:true,sub:falsecn= + null
10-27 20:26:51.635  8412  8412 I ViewRootImpl@aff6157[MainActivity]: ViewPostIme pointer 1
10-27 20:26:51.635  1187  1303 I GestureDetector: obtain mCurrentMotionEventRaw. action: 1 id: -972502691
10-27 20:26:51.635  1187  1303 I GestureDetector: obtain mCurrentMotionEventRaw. action: 1 id: -972502691
10-27 20:26:51.637  1187  1187 D EdgeLightingPolicyManager.NotificationGroup: Remove previous child data. -1|android|34|NetworkPolicy:-2067496396:34|1000
10-27 20:26:51.637  1187  1187 D EdgeLightingPolicyManager.NotificationGroup: group key = 0|com.android.phone|g:VOICE_MAIL_GROUP_KEY ,value= summary : null , child : 1key = 0|com.android.phone|3|null|1001 , value =  NotificationData { tag= null } , } 
10-27 20:26:51.637  1187  1187 D EdgeLightingPolicyManager.NotificationGroup: group key = -1|android|34|NetworkPolicy:-2067496396:34|1000 ,value= summary : null , child : 1key = -1|android|34|NetworkPolicy:-2067496396:34|1000 , value =  NotificationData { tag= NetworkPolicy:-2067496396:34 } , } 
10-27 20:26:51.637  1187  1187 D EdgeLightingPolicyManager.NotificationGroup: group key = 0|com.ubercab|18|null|10253 ,value= summary : null , child : 1key = 0|com.ubercab|18|null|10253 , value =  NotificationData { tag= null } , } 
10-27 20:26:51.638  1187  1187 I EdgeLightingManager: showForNotificationScreenOn Alert once notification. sbn: StatusBarNotification(pkg=android user=UserHandle{-1} id=34 tag=NetworkPolicy:-2067496396:34 key=-1|android|34|NetworkPolicy:-2067496396:34|1000: Notification(channel=NETWORK_ALERTS shortcut=null contentView=null vibrate=null sound=null tick defaults=0x0 flags=0xa color=0xff888fa2 actions=1 vis=PRIVATE semFlags=0x0 semPriority=0 semMissedCount=0))
10-27 20:26:51.655  2144  2144 I Launcher.NotificationListener: onNotificationPosted : android number : 0
10-27 20:26:51.655  3391  3391 I Edge.badge: updateBadge item = android:-1 1
10-27 20:26:51.656  1737  1737 D BubblesManager: onEntryUpdated : shouldBubbleUp=false ,key=-1|android|34|NetworkPolicy:-2067496396:34|1000
10-27 20:26:51.659  1737  1737 D InterruptionStateProvider:  no Heads up : edgelighting enabled app. -1|android|34|NetworkPolicy:-2067496396:34|1000
10-27 20:26:51.698  1737  1737 I FaceWidgetPositionAlgorithm: getClockContainerHeight() supplier = 193, bottom margin = 0, real height = 238
10-27 20:26:51.702  1737  1737 I FaceWidgetPositionAlgorithm: getClockContainerHeight() supplier = 193, bottom margin = 45, real height = 238
10-27 20:26:51.702  1737  1737 I FaceWidgetPositionAlgorithm: getMediaContainerHeight() height = 326 container Visibility = 8, isValid = false, mIsDozing = false, fraction = 1.0, source = 0, target = 0
10-27 20:26:51.703  1737  1737 I FaceWidgetPositionAlgorithm: getMediaContainerHeight() supplier = 0
10-27 20:26:51.730  8412  8451 E IMGMapper: set:488 set: Unset optional value from type SMPTE2086
10-27 20:26:51.730  8412  8451 E IMGMapper: set:488 set: Unset optional value from type CTA861_3
10-27 20:26:51.735  1737  1796 E IMGMapper: set:488 set: Unset optional value from type SMPTE2086
10-27 20:26:51.735  1737  1796 E IMGMapper: set:488 set: Unset optional value from type CTA861_3
10-27 20:26:51.738  8412  8451 E IMGMapper: set:488 set: Unset optional value from type SMPTE2086
10-27 20:26:51.738  8412  8451 E IMGMapper: set:488 set: Unset optional value from type CTA861_3
10-27 20:26:51.740  1039  1039 I SurfaceFlinger: SFWD update time=2957729838657045
10-27 20:26:51.741  1039  1039 I BufferQueueProducer: [com.cinemamovel/com.cinemamovel.MainActivity$_8412#601551](this:0xb400007a1f76e838,id:-1,api:0,p:-1,c:1039) queueBuffer: fps=13.35 dur=1198.56 max=949.10 min=16.11
10-27 20:26:51.741  1039  1039 I BufferQueueProducer: [StatusBar$_1737#534029](this:0xb400007a1f0ca838,id:-1,api:0,p:-1,c:1039) queueBuffer: fps=0.03 dur=33624.45 max=33624.45 min=33624.45
10-27 20:26:51.744   991 11009 I hwcomposer: [HWCDisplay] [Display_0 (type:1)] fps:13.343588,dur:1199.08,max:950.11,min:15.69  
10-27 20:26:51.804  1737  1737 I FaceWidgetPositionAlgorithm: getClockContainerHeight() supplier = 193, bottom margin = 0, real height = 238
10-27 20:26:51.804  1737  1737 I FaceWidgetPositionAlgorithm: getClockContainerHeight() supplier = 193, bottom margin = 45, real height = 238
10-27 20:26:51.804  1737  1737 I FaceWidgetPositionAlgorithm: getMediaContainerHeight() height = 326 container Visibility = 8, isValid = false, mIsDozing = false, fraction = 1.0, source = 0, target = 0
10-27 20:26:51.804  1737  1737 I FaceWidgetPositionAlgorithm: getMediaContainerHeight() supplier = 0
10-27 20:26:51.912  1737  1737 I FaceWidgetPositionAlgorithm: getClockContainerHeight() supplier = 193, bottom margin = 0, real height = 238
10-27 20:26:51.912  1737  1737 I FaceWidgetPositionAlgorithm: getClockContainerHeight() supplier = 193, bottom margin = 45, real height = 238
10-27 20:26:51.912  1737  1737 I FaceWidgetPositionAlgorithm: getMediaContainerHeight() height = 326 container Visibility = 8, isValid = false, mIsDozing = false, fraction = 1.0, source = 0, target = 0
10-27 20:26:51.912  1737  1737 I FaceWidgetPositionAlgorithm: getMediaContainerHeight() supplier = 0
10-27 20:26:51.922  1737  1796 E IMGMapper: set:488 set: Unset optional value from type SMPTE2086
10-27 20:26:51.922  1737  1796 E IMGMapper: set:488 set: Unset optional value from type CTA861_3
10-27 20:26:51.923  1187  1277 I system_server: Background concurrent copying GC freed 500081(22MB) AllocSpace objects, 62(1684KB) LOS objects, 21% free, 89MB/113MB, paused 523us,327us total 582.720ms
10-27 20:26:51.928  1187  1303 I GestureDetector: handleMessage TAP
10-27 20:26:51.928  1187  1187 I GestureDetector: handleMessage TAP
10-27 20:26:51.940  1187  1294 W System  : A resource failed to call HardwareBuffer.close. 
10-27 20:26:51.970  1187  1294 W System  : A resource failed to call release. 
10-27 20:26:51.970  1187  1294 W System  : A resource failed to call end. 
10-27 20:26:52.131  1737  1942 D MobileStatusTracker(0/2): onSignalStrengthsChanged level=3, vendorLevel=3
10-27 20:26:52.134  1737  1942 D MobileSignalController(0/2): notifyListener: enabled=true, connected=true, dataConnected=true, networkType=LTE (4G), emergencyOnly=false, roaming=false, isDefault=false, dataActivity=, level=3, ca=false, mmWave=false, disabledDataIcon=false, simCard=ETC
10-27 20:26:52.136  1737  1942 D NetworkController: SignalStrength from intent slotId=0
10-27 20:26:52.326 21942  8605 I GmscoreIpa: Starting mediastore instant index [CONTEXT service_id=255 ]
10-27 20:26:52.342  1187  3231 D CompatibilityChangeReporter: Compat change id reported: 182734110; UID 10188; state: ENABLED
10-27 20:26:52.711  1187  1965 D InputDispatcher: Inject motion (8609/2000): action=0x0, time=2957730809000000, f=0x0, d=0 dsdx=1.000000 dtdx=0.000000
10-27 20:26:52.712  1187  1534 I InputDispatcher: Delivering touch to (1737): action: 0x4, f=0x0, d=0, 'd92b8ad', t=1 
10-27 20:26:52.712  1187  1534 I InputDispatcher: Delivering touch to (8412): action: 0x0, f=0x0, d=0, 'caf65fb', t=1 
10-27 20:26:52.712  8412  8412 I ViewRootImpl@aff6157[MainActivity]: ViewPostIme pointer 0
10-27 20:26:52.712  1187  1534 D PowerManagerService: [api] userActivityFromNative :  (event: 2 flags: 0 displayId: 0) eventTime = 2957730809
10-27 20:26:52.713  1187  1303 I GestureDetector: obtain mCurrentDownEvent. id: -509735323 caller: com.android.server.wm.SystemGesturesPointerEventListener.onPointerEvent:203 com.android.server.wm.PointerEventDispatcher.onInputEvent:53 android.view.InputEventReceiver.dispatchInputEvent:285 
10-27 20:26:52.715  1187  1303 I GestureDetector: obtain mCurrentDownEvent. id: -509735323 caller: com.android.server.wm.SystemPerformancePointerEventListener.onPointerEvent:89 com.android.server.wm.PointerEventDispatcher.onInputEvent:53 android.view.InputEventReceiver.dispatchInputEvent:285 
10-27 20:26:52.720  1187  1965 D InputDispatcher: Inject motion (8609/2000): action=0x1, time=2957730809000000, f=0x0, d=0 dsdx=1.000000 dtdx=0.000000
10-27 20:26:52.720  1187  1534 I InputDispatcher: Delivering touch to (8412): action: 0x1, f=0x0, d=0, 'caf65fb', t=1 
10-27 20:26:52.721  8412  8412 I ViewRootImpl@aff6157[MainActivity]: ViewPostIme pointer 1
10-27 20:26:52.721  1187  1303 I GestureDetector: obtain mCurrentMotionEventRaw. action: 1 id: -838671669
10-27 20:26:52.721  1187  1303 I GestureDetector: obtain mCurrentMotionEventRaw. action: 1 id: -838671669
10-27 20:26:52.791  8412  8451 E IMGMapper: set:488 set: Unset optional value from type SMPTE2086
10-27 20:26:52.791  8412  8451 E IMGMapper: set:488 set: Unset optional value from type CTA861_3
10-27 20:26:52.806  1039  1039 I BufferQueueProducer: [com.cinemamovel/com.cinemamovel.MainActivity$_8412#601551](this:0xb400007a1f76e838,id:-1,api:0,p:-1,c:1039) queueBuffer: fps=1.88 dur=1064.84 max=1048.58 min=16.26
10-27 20:26:52.807   991 11009 I hwcomposer: [HWCDisplay] [Display_0 (type:1)] fps:2.820263,dur:1063.73,max:866.15,min:14.91  
10-27 20:26:53.013  1187  1303 I GestureDetector: handleMessage TAP
10-27 20:26:53.015  1187  1187 I GestureDetector: handleMessage TAP
10-27 20:26:53.387   543   543 D io_stats: !@ 179,0 r 552477470 6681221982 w 96091183 1019080836 d 1259598 33790876 f 0 0 iot 277058692 0 th 0 0 0 pt 0 inp 0 0 2957731.486
10-27 20:26:53.410  1737  1942 D MobileStatusTracker(0/2): onSignalStrengthsChanged level=3, vendorLevel=3
10-27 20:26:53.414  1737  1942 D MobileSignalController(0/2): notifyListener: enabled=true, connected=true, dataConnected=true, networkType=LTE (4G), emergencyOnly=false, roaming=false, isDefault=false, dataActivity=, level=3, ca=false, mmWave=false, disabledDataIcon=false, simCard=ETC
10-27 20:26:53.414  1737  1942 D NetworkController: SignalStrength from intent slotId=0
10-27 20:26:53.617  1711  1720 I m.android.phone: Background concurrent copying GC freed 165758(8375KB) AllocSpace objects, 48(1632KB) LOS objects, 49% free, 10239KB/19MB, paused 516us,83us total 200.784ms
10-27 20:26:53.664  1187  1351 D BatteryExternalStatsWorker: update stats : update-network-download (6)
10-27 20:26:53.668  1187  1351 D BatteryExternalStatsWorker: Update Rail Energy data
10-27 20:26:53.675  1187  1351 D BatteryExternalStatsWorker: Fetch modem data
10-27 20:26:53.796  1187  1866 D InputDispatcher: Inject motion (8614/2000): action=0x0, time=2957731894000000, f=0x0, d=0 dsdx=1.000000 dtdx=0.000000
10-27 20:26:53.796  1187  1534 I InputDispatcher: Delivering touch to (1737): action: 0x4, f=0x0, d=0, 'd92b8ad', t=1 
10-27 20:26:53.796  1187  1534 I InputDispatcher: Delivering touch to (8412): action: 0x0, f=0x0, d=0, 'caf65fb', t=1 
10-27 20:26:53.796  1187  1534 D PowerManagerService: [api] userActivityFromNative :  (event: 2 flags: 0 displayId: 0) eventTime = 2957731894
10-27 20:26:53.797  8412  8412 I ViewRootImpl@aff6157[MainActivity]: ViewPostIme pointer 0
10-27 20:26:53.797  1187  1303 I GestureDetector: obtain mCurrentDownEvent. id: -853653687 caller: com.android.server.wm.SystemGesturesPointerEventListener.onPointerEvent:203 com.android.server.wm.PointerEventDispatcher.onInputEvent:53 android.view.InputEventReceiver.dispatchInputEvent:285 
10-27 20:26:53.798  1187  1303 I GestureDetector: obtain mCurrentDownEvent. id: -853653687 caller: com.android.server.wm.SystemPerformancePointerEventListener.onPointerEvent:89 com.android.server.wm.PointerEventDispatcher.onInputEvent:53 android.view.InputEventReceiver.dispatchInputEvent:285 
10-27 20:26:53.811  1187  1866 D InputDispatcher: Inject motion (8614/2000): action=0x1, time=2957731894000000, f=0x0, d=0 dsdx=1.000000 dtdx=0.000000
10-27 20:26:53.811  1187  1534 I InputDispatcher: Delivering touch to (8412): action: 0x1, f=0x0, d=0, 'caf65fb', t=1 
10-27 20:26:53.812  1187  1303 I GestureDetector: obtain mCurrentMotionEventRaw. action: 1 id: -638765745
10-27 20:26:53.812  8412  8412 I ViewRootImpl@aff6157[MainActivity]: ViewPostIme pointer 1
10-27 20:26:53.812  1187  1303 I GestureDetector: obtain mCurrentMotionEventRaw. action: 1 id: -638765745
10-27 20:26:53.831  8412  8451 E IMGMapper: set:488 set: Unset optional value from type SMPTE2086
10-27 20:26:53.831  8412  8451 E IMGMapper: set:488 set: Unset optional value from type CTA861_3
10-27 20:26:53.837  1039  1039 I BufferQueueProducer: [com.cinemamovel/com.cinemamovel.MainActivity$_8412#601551](this:0xb400007a1f76e838,id:-1,api:0,p:-1,c:1039) queueBuffer: fps=0.97 dur=1031.39 max=1031.39 min=1031.39
10-27 20:26:53.839   991 11009 I hwcomposer: [HWCDisplay] [Display_0 (type:1)] fps:0.969353,dur:1031.62,max:1031.62,min:1031.62  
10-27 20:26:53.860  8412  8451 E IMGMapper: set:488 set: Unset optional value from type SMPTE2086
10-27 20:26:53.860  8412  8451 E IMGMapper: set:488 set: Unset optional value from type CTA861_3
10-27 20:26:53.878  8412  8451 E IMGMapper: set:488 set: Unset optional value from type SMPTE2086
10-27 20:26:53.878  8412  8451 E IMGMapper: set:488 set: Unset optional value from type CTA861_3
10-27 20:26:53.912  8412  8451 E IMGMapper: set:488 set: Unset optional value from type SMPTE2086
10-27 20:26:53.912  8412  8451 E IMGMapper: set:488 set: Unset optional value from type CTA861_3
10-27 20:26:53.920  8412  8451 E IMGMapper: set:488 set: Unset optional value from type SMPTE2086
10-27 20:26:53.920  8412  8451 E IMGMapper: set:488 set: Unset optional value from type CTA861_3
10-27 20:26:53.931  8412  8451 E IMGMapper: set:488 set: Unset optional value from type SMPTE2086
10-27 20:26:53.931  8412  8451 E IMGMapper: set:488 set: Unset optional value from type CTA861_3
10-27 20:26:53.945  8412  8451 E IMGMapper: set:488 set: Unset optional value from type SMPTE2086
10-27 20:26:53.945  8412  8451 E IMGMapper: set:488 set: Unset optional value from type CTA861_3
10-27 20:26:53.962  8412  8451 E IMGMapper: set:488 set: Unset optional value from type SMPTE2086
10-27 20:26:53.962  8412  8451 E IMGMapper: set:488 set: Unset optional value from type CTA861_3
10-27 20:26:53.978  8412  8451 E IMGMapper: set:488 set: Unset optional value from type SMPTE2086
10-27 20:26:53.978  8412  8451 E IMGMapper: set:488 set: Unset optional value from type CTA861_3
10-27 20:26:53.997  8412  8451 E IMGMapper: set:488 set: Unset optional value from type SMPTE2086
10-27 20:26:53.997  8412  8451 E IMGMapper: set:488 set: Unset optional value from type CTA861_3
10-27 20:26:54.005  1187  1633 I ChimeraAggressivePolicyHandler: executePolicy() - triggerSource: TRIGGER_SOURCE_LMKD
10-27 20:26:54.008  1187  1633 I ChimeraAggressivePolicyHandler: available memory: 1281780, free memory target: 747520, quit chimera
10-27 20:26:54.012  1187  1965 D TelephonyManager: requestModemActivityInfo: Sending result to app: ModemActivityInfo{ mTimestamp=4298708009 mSleepTimeMs=3388153 mIdleTimeMs=330637 mActivityStatsTechSpecificInfo=[{mRat=UNKNOWN,mFrequencyRange=UNKNOWN,mTxTimeMs[]=[0, 0, 13, 283, 84],mRxTimeMs=13804}]}
10-27 20:26:54.012  1187  1351 D BatteryExternalStatsWorker: mStats lock released
10-27 20:26:54.014  8412  8451 E IMGMapper: set:488 set: Unset optional value from type SMPTE2086
10-27 20:26:54.015  8412  8451 E IMGMapper: set:488 set: Unset optional value from type CTA861_3
10-27 20:26:54.028  1187  1351 D BatteryExternalStatsWorker: Update modem state
10-27 20:26:54.028  1187  1351 D BatteryExternalStatsWorker: done updateExternalStatsLocked
10-27 20:26:54.029  8412  8451 E IMGMapper: set:488 set: Unset optional value from type SMPTE2086
10-27 20:26:54.029  8412  8451 E IMGMapper: set:488 set: Unset optional value from type CTA861_3
10-27 20:26:54.047  8412  8451 E IMGMapper: set:488 set: Unset optional value from type SMPTE2086
10-27 20:26:54.047  8412  8451 E IMGMapper: set:488 set: Unset optional value from type CTA861_3
10-27 20:26:54.064  8412  8451 E IMGMapper: set:488 set: Unset optional value from type SMPTE2086
10-27 20:26:54.064  8412  8451 E IMGMapper: set:488 set: Unset optional value from type CTA861_3
10-27 20:26:54.079  8412  8451 E IMGMapper: set:488 set: Unset optional value from type SMPTE2086
10-27 20:26:54.079  8412  8451 E IMGMapper: set:488 set: Unset optional value from type CTA861_3
10-27 20:26:54.097  8412  8451 E IMGMapper: set:488 set: Unset optional value from type SMPTE2086
10-27 20:26:54.097  8412  8451 E IMGMapper: set:488 set: Unset optional value from type CTA861_3
10-27 20:26:54.097  1187  1303 I GestureDetector: handleMessage TAP
10-27 20:26:54.098  1187  1187 I GestureDetector: handleMessage TAP
10-27 20:26:54.116  8412  8451 E IMGMapper: set:488 set: Unset optional value from type SMPTE2086
10-27 20:26:54.116  8412  8451 E IMGMapper: set:488 set: Unset optional value from type CTA861_3
10-27 20:26:54.216 21942 21942 D BoundBrokerSvc: onUnbind: Intent { act=com.google.android.gms.backup.GMS_MODULE_RESTORE dat=chimera-action:/... cmp=com.google.android.gms/.chimera.GmsInternalBoundBrokerService }
10-27 20:26:54.239  1693  1693 I WifiHAL : Get link layer stats
10-27 20:26:54.239  1693  1693 I WifiHAL : GetLinkStatsCommand::create
10-27 20:26:54.239  1693  1693 D android.hardware.wifi@1.0-service-lazy: WifiRequest::create vendor command to iface 38, vendor_id=0x1a11, subcmd=0x1200, res=0
10-27 20:26:54.239  1693  1693 I android.hardware.wifi@1.0-service-lazy: WifiCommand::requestResponse err=-95
10-27 20:26:54.239  1693  1693 I WifiHAL : wifi_get_link_stats: result=-3
10-27 20:26:54.240  1187  1566 E WifiVendorHal: getWifiLinkLayerStats_1_5_Internal(l.1179) failed {.code = ERROR_NOT_SUPPORTED, .description = }
10-27 20:26:54.249  1187 22074 D SemWifiUsabilityStatsMonitor: onWifiUsabilityStats - seqNum 38415, isSameBssidAndFreq true
10-27 20:26:54.250  1187  1645 I SemWifiLinkQualityMonitor: Link Qos query: inf. ms / 0 Mbps
10-27 20:26:54.688  1737  1942 D MobileStatusTracker(0/2): onSignalStrengthsChanged level=3, vendorLevel=3
10-27 20:26:54.692  1737  1942 D MobileSignalController(0/2): notifyListener: enabled=true, connected=true, dataConnected=true, networkType=LTE (4G), emergencyOnly=false, roaming=false, isDefault=false, dataActivity=, level=3, ca=false, mmWave=false, disabledDataIcon=false, simCard=ETC
10-27 20:26:54.692  1737  1942 D NetworkController: SignalStrength from intent slotId=0
10-27 20:26:54.707  1205  1205 I thermal_repeater: socket -1
10-27 20:26:54.738 21942 21942 D BoundBrokerSvc: onUnbind: Intent { act=com.google.android.gms.safetynet.service.START pkg=com.google.android.gms }
10-27 20:26:54.783 21942 21942 D BoundBrokerSvc: onUnbind: Intent { act=com.google.android.gms.safebrowsing.SafeBrowsingService.START dat=chimera-action:/... cmp=com.google.android.gms/.chimera.GmsBoundBrokerService }
10-27 20:26:54.894  1187  1866 D InputDispatcher: Inject key (8619/2000): action=0, f=0x0, d=-1, time=2957732992000000
10-27 20:26:54.902  1187  1866 D WindowManager: interceptKeyTq keycode=4 interactive=true keyguardActive=false policyFlags=2b000000
10-27 20:26:54.917  1187  1866 D PhoneWindowManagerExt: interceptKeyTq code=4 down=true repeatCount=0 displayId=-1 interactive=true
10-27 20:26:54.918  1187  1866 D WindowManager: interceptKeyTq interceptKeyResult=4
10-27 20:26:54.920  1187  1534 D PowerManagerService: [api] userActivityFromNative :  (event: 1 flags: 0 displayId: 0) eventTime = 2957732992
10-27 20:26:55.037  1187  1534 D WindowManager: interceptKeyTi keyCode=4 down=true repeatCount=0 keyguardOn=false canceled=false
10-27 20:26:55.040  1187  1534 D PhoneWindowManagerExt: interceptKeyTi code=4 down=true repeatCount=0 displayId=-1 interactive=true
10-27 20:26:55.051  1187  1534 W InputDispatcher: Excessive delay in interceptKeyBeforeDispatching; took 130 ms
10-27 20:26:55.052  1187  1534 I InputDispatcher: Delivering key to (8412): B action: 0x0 (0), f=0x0, m=0x0, d=0, 'caf65fb'
10-27 20:26:55.056 23351 23351 I HBD     : b skip onKeyDown as physical keyboard not connected 
10-27 20:26:55.063 23351 23351 I HBD     : HoneyBoardService onKeyDown r:74c9596e consumed:false 8 
10-27 20:26:55.073  8412  8412 I ViewRootImpl@aff6157[MainActivity]: ViewPostIme key 0
10-27 20:26:55.074  8412  8412 D Activity: onKeyDown(KEYCODE_BACK)
10-27 20:26:55.075  1187  1866 D InputDispatcher: Inject key (8619/2000): action=1, f=0x0, d=-1, time=2957732992000000
10-27 20:26:55.075  1187  1866 D WindowManager: interceptKeyTq keycode=4 interactive=true keyguardActive=false policyFlags=2b000000
10-27 20:26:55.076  1187  1866 D PhoneWindowManagerExt: interceptKeyTq code=4 down=false repeatCount=0 displayId=-1 interactive=true
10-27 20:26:55.076  1187  1866 D WindowManager: interceptKeyTq interceptKeyResult=4
10-27 20:26:55.076  1187  1534 D WindowManager: interceptKeyTi keyCode=4 down=false repeatCount=0 keyguardOn=false canceled=false
10-27 20:26:55.076  1187  1534 D PhoneWindowManagerExt: interceptKeyTi code=4 down=false repeatCount=0 displayId=-1 interactive=true
10-27 20:26:55.077  1187  1534 I InputDispatcher: Delivering key to (8412): B action: 0x1 (0), f=0x0, m=0x0, d=0, 'caf65fb'
10-27 20:26:55.080 23351 23351 I HBD     : HoneyBoardService onKeyUp r:7e8322fb consumed:false 3 
10-27 20:26:55.080  8412  8412 I ViewRootImpl@aff6157[MainActivity]: ViewPostIme key 1
10-27 20:26:55.081  8412  8412 D Activity: onKeyUp(KEYCODE_BACK) isTracking()=true isCanceled()=false hasCallback=false
10-27 20:26:55.132  8412  8462 I ReactNativeJS: ---METRICS_JSON_START---
10-27 20:26:55.132  8412  8462 I ReactNativeJS: {
10-27 20:26:55.132  8412  8462 I ReactNativeJS:   "screenRenders": 5,
10-27 20:26:55.132  8412  8462 I ReactNativeJS:   "componentRenders": {
10-27 20:26:55.132  8412  8462 I ReactNativeJS:     "Loader": 1,
10-27 20:26:55.132  8412  8462 I ReactNativeJS:     "MovieDetailsPure": 4,
10-27 20:26:55.132  8412  8462 I ReactNativeJS:     "Poster": 1,
10-27 20:26:55.132  8412  8462 I ReactNativeJS:     "InfoBlock": 4,
10-27 20:26:55.132  8412  8462 I ReactNativeJS:     "RatingBlock": 4,
10-27 20:26:55.132  8412  8462 I ReactNativeJS:     "Overview": 4,
10-27 20:26:55.132  8412  8462 I ReactNativeJS:     "Genres": 1
10-27 20:26:55.132  8412  8462 I ReactNativeJS:   },
10-27 20:26:55.132  8412  8462 I ReactNativeJS:   "interactionEvents": [
10-27 20:26:55.132  8412  8462 I ReactNativeJS:     {
10-27 20:26:55.132  8412  8462 I ReactNativeJS:       "action": "toggle_favorite",
10-27 20:26:55.132  8412  8462 I ReactNativeJS:       "timestamp": 1761607611651
10-27 20:26:55.132  8412  8462 I ReactNativeJS:     },
10-27 20:26:55.132  8412  8462 I ReactNativeJS:     {
10-27 20:26:55.132  8412  8462 I ReactNativeJS:       "action": "set_rating_3",
10-27 20:26:55.132  8412  8462 I ReactNativeJS:       "timestamp": 1761607612732
10-27 20:26:55.132  8412  8462 I ReactNativeJS:     },
10-27 20:26:55.132  8412  8462 I ReactNativeJS:     {
10-27 20:26:55.132  8412  8462 I ReactNativeJS:       "action": "toggle_overview",
10-27 20:26:55.132  8412  8462 I ReactNativeJS:       "timestamp": 1761607613827
10-27 20:26:55.132  8412  8462 I ReactNativeJS:     },
10-27 20:26:55.132  8412  8462 I ReactNativeJS:     {
10-27 20:26:55.132  8412  8462 I ReactNativeJS:       "action": "component_unmounted_logged",
10-27 20:26:55.132  8412  8462 I ReactNativeJS:       "timestamp": 1761607615132
10-27 20:26:55.132  8412  8462 I ReactNativeJS:     }
10-27 20:26:55.132  8412  8462 I ReactNativeJS:   ]
10-27 20:26:55.132  8412  8462 I ReactNativeJS: }
10-27 20:26:55.132  8412  8462 I ReactNativeJS: ---METRICS_JSON_END---
10-27 20:26:55.142  1187  1866 D CompatibilityChangeReporter: Compat change id reported: 161145287; UID 10252; state: DISABLED
10-27 20:26:55.149  7800  8622 E FilePhenotypeFlags: Config package com.google.android.gms.clearcut_client#com.bradesco cannot use FILE backing without declarative registration. See go/phenotype-android-integration#phenotype for more information. This will lead to stale flags.
10-27 20:26:55.150  1737  1942 D MobileStatusTracker(1/1): onSignalStrengthsChanged level=4, vendorLevel=4
10-27 20:26:55.152  1737  1942 D MobileSignalController(1/1): notifyListener: enabled=true, connected=true, dataConnected=false, networkType=UMTS (3G), emergencyOnly=true, roaming=false, isDefault=false, dataActivity=, level=4, ca=false, mmWave=false, disabledDataIcon=false, simCard=ETC
10-27 20:26:55.153  1737  1942 D NetworkController: SignalStrength from intent slotId=1
10-27 20:26:55.175  8412  8451 E IMGMapper: set:488 set: Unset optional value from type SMPTE2086
