10-27 20:27:10.281  8412  8451 E IMGMapper: set:488 set: Unset optional value from type SMPTE2086
10-27 20:27:10.281  8412  8451 E IMGMapper: set:488 set: Unset optional value from type CTA861_3
10-27 20:27:10.296  8412  8451 E IMGMapper: set:488 set: Unset optional value from type SMPTE2086
10-27 20:27:10.297  8412  8451 E IMGMapper: set:488 set: Unset optional value from type CTA861_3
10-27 20:27:10.314  8412  8451 E IMGMapper: set:488 set: Unset optional value from type SMPTE2086
10-27 20:27:10.315  8412  8451 E IMGMapper: set:488 set: Unset optional value from type CTA861_3
10-27 20:27:10.329  8412  8451 E IMGMapper: set:488 set: Unset optional value from type SMPTE2086
10-27 20:27:10.329  8412  8451 E IMGMapper: set:488 set: Unset optional value from type CTA861_3
10-27 20:27:10.346  8412  8451 E IMGMapper: set:488 set: Unset optional value from type SMPTE2086
10-27 20:27:10.346  8412  8451 E IMGMapper: set:488 set: Unset optional value from type CTA861_3
10-27 20:27:10.362  8412  8451 E IMGMapper: set:488 set: Unset optional value from type SMPTE2086
10-27 20:27:10.362  8412  8451 E IMGMapper: set:488 set: Unset optional value from type CTA861_3
10-27 20:27:10.379  8412  8451 E IMGMapper: set:488 set: Unset optional value from type SMPTE2086
10-27 20:27:10.379  8412  8451 E IMGMapper: set:488 set: Unset optional value from type CTA861_3
10-27 20:27:10.396  8412  8451 E IMGMapper: set:488 set: Unset optional value from type SMPTE2086
10-27 20:27:10.396  8412  8451 E IMGMapper: set:488 set: Unset optional value from type CTA861_3
10-27 20:27:10.412  8412  8451 E IMGMapper: set:488 set: Unset optional value from type SMPTE2086
10-27 20:27:10.412  8412  8451 E IMGMapper: set:488 set: Unset optional value from type CTA861_3
10-27 20:27:10.429  8412  8451 E IMGMapper: set:488 set: Unset optional value from type SMPTE2086
10-27 20:27:10.429  8412  8451 E IMGMapper: set:488 set: Unset optional value from type CTA861_3
10-27 20:27:10.445  8412  8451 E IMGMapper: set:488 set: Unset optional value from type SMPTE2086
10-27 20:27:10.445  8412  8451 E IMGMapper: set:488 set: Unset optional value from type CTA861_3
10-27 20:27:10.462  8412  8451 E IMGMapper: set:488 set: Unset optional value from type SMPTE2086
10-27 20:27:10.462  8412  8451 E IMGMapper: set:488 set: Unset optional value from type CTA861_3
10-27 20:27:10.478  8412  8451 E IMGMapper: set:488 set: Unset optional value from type SMPTE2086
10-27 20:27:10.478  8412  8451 E IMGMapper: set:488 set: Unset optional value from type CTA861_3
10-27 20:27:10.495  8412  8451 E IMGMapper: set:488 set: Unset optional value from type SMPTE2086
10-27 20:27:10.495  8412  8451 E IMGMapper: set:488 set: Unset optional value from type CTA861_3
10-27 20:27:10.513  8412  8451 E IMGMapper: set:488 set: Unset optional value from type SMPTE2086
10-27 20:27:10.513  8412  8451 E IMGMapper: set:488 set: Unset optional value from type CTA861_3
10-27 20:27:10.527  8412  8451 E IMGMapper: set:488 set: Unset optional value from type SMPTE2086
10-27 20:27:10.527  8412  8451 E IMGMapper: set:488 set: Unset optional value from type CTA861_3
10-27 20:27:10.546  8412  8451 E IMGMapper: set:488 set: Unset optional value from type SMPTE2086
10-27 20:27:10.546  8412  8451 E IMGMapper: set:488 set: Unset optional value from type CTA861_3
10-27 20:27:10.561  8412  8451 E IMGMapper: set:488 set: Unset optional value from type SMPTE2086
10-27 20:27:10.561  8412  8451 E IMGMapper: set:488 set: Unset optional value from type CTA861_3
10-27 20:27:10.578  8412  8451 E IMGMapper: set:488 set: Unset optional value from type SMPTE2086
10-27 20:27:10.579  8412  8451 E IMGMapper: set:488 set: Unset optional value from type CTA861_3
10-27 20:27:10.596  8412  8451 E IMGMapper: set:488 set: Unset optional value from type SMPTE2086
10-27 20:27:10.596  8412  8451 E IMGMapper: set:488 set: Unset optional value from type CTA861_3
10-27 20:27:10.611  8412  8451 E IMGMapper: set:488 set: Unset optional value from type SMPTE2086
10-27 20:27:10.611  8412  8451 E IMGMapper: set:488 set: Unset optional value from type CTA861_3
10-27 20:27:10.621  1187  8678 D WifiConnectivityMonitor.DnsThread:  [|410] []
10-27 20:27:10.622  1187  1663 D WifiConnectivityMonitor.NetworkStatsAnalyzer: DNS resultType : 0, responseTime : 410
10-27 20:27:10.622  1187  1661 D OpenNetworkQos[4.00]: updateBssidLatestDnsResultType - result: 0
10-27 20:27:10.622  1187  1661 D OpenNetworkQos[4.00]: updateBssidNoInternet: mBssidNoInternet = false
10-27 20:27:10.622  1187  1661 D OpenNetworkQos[4.00]: getOpenNetworkQosNoInternetStatus: false
10-27 20:27:10.622  1187  1661 D OpenNetworkQos[4.00]: getOpenNetworkQosScores: 23 23 16 
10-27 20:27:10.623  1187  1661 D SettingsProvider: isChangeAllowed() : name = wifi_wcm_qos_sharing_score_summary
10-27 20:27:10.627  8412  8451 E IMGMapper: set:488 set: Unset optional value from type SMPTE2086
10-27 20:27:10.627  8412  8451 E IMGMapper: set:488 set: Unset optional value from type CTA861_3
10-27 20:27:10.644  8412  8451 E IMGMapper: set:488 set: Unset optional value from type SMPTE2086
10-27 20:27:10.644  8412  8451 E IMGMapper: set:488 set: Unset optional value from type CTA861_3
10-27 20:27:10.660  8412  8451 E IMGMapper: set:488 set: Unset optional value from type SMPTE2086
10-27 20:27:10.660  8412  8451 E IMGMapper: set:488 set: Unset optional value from type CTA861_3
10-27 20:27:10.784  1737  1737 D SecPowerUI.Notification: showChargingNotice oldChargingType : 11 / currentChargingType : 11, oldChargingTime : 0 / mChargingTime : 0
10-27 20:27:10.784  1737  1737 D SecPowerUI.Notification: There is no change about charging status, so return!
10-27 20:27:11.044  1187  1563 D ApplicationPolicy: isStatusBarNotificationAllowedAsUser: packageName = android,userId = 0
10-27 20:27:11.044  1187  1563 D ApplicationPolicy: isStatusBarNotificationAllowedAsUser: packageName = android,userId = -1
10-27 20:27:11.044  1187  1563 D ApplicationPolicy: isStatusBarNotificationAllowedAsUser: converting userId from USER_ALLto 0
10-27 20:27:11.120  1711  2193 D PhoneInterfaceManager: setDataEnabledForReason() Reason=1 Pid=1187 App=system
10-27 20:27:11.123  1711  2193 D PhoneInterfaceManager: setDataEnabledForReason() Reason=1 Pid=1187 App=system
10-27 20:27:11.253  1187  1187 I Telecom:SamsungTelecomServiceImpl: isInManagedCall - callingPackage : android
10-27 20:27:11.261  1187  1187 D EdgeLightingManager: isCallingUserSupported : callingUserId=-1, mUserId=0, isDualAppId=false, isKnoxId=false
10-27 20:27:11.262  1187  1187 D EdgeLightingManager: showForNotification : isInteractive=true, isHeadUp=true, color=0, canBypassDnd=false, sbn = StatusBarNotification(pkg=android user=UserHandle{-1} id=34 tag=NetworkPolicy:-2067496396:34 key=-1|android|34|NetworkPolicy:-2067496396:34|1000: Notification(channel=NETWORK_ALERTS shortcut=null contentView=null vibrate=null sound=null tick defaults=0x0 flags=0xa color=0xff888fa2 actions=1 vis=PRIVATE semFlags=0x0 semPriority=0 semMissedCount=0))
10-27 20:27:11.262  1187  1187 D EdgeLightingClientManager: isAvailableEdgeLighting: condition=1 mCondition=1 mIsConnected=false0
10-27 20:27:11.263  1187  1187 D EdgeLightingPolicyManager: isAcceptableApplication:  pkg=android , range=256 , includeAllApp=false , userId=-1 , infoRange=0 , infoCategory=0
10-27 20:27:11.263  1187  1187 W CoverManager: getCoverState : This device is not supported cover
10-27 20:27:11.263  1187  1187 D EdgeLightingPolicyManager: putNotification tickerText:true,titleText:true,text:true,sub:falsecn= + null
10-27 20:27:11.263  1187  1187 D EdgeLightingPolicyManager.NotificationGroup: Remove previous child data. -1|android|34|NetworkPolicy:-2067496396:34|1000
10-27 20:27:11.263  1187  1187 D EdgeLightingPolicyManager.NotificationGroup: group key = 0|com.android.phone|g:VOICE_MAIL_GROUP_KEY ,value= summary : null , child : 1key = 0|com.android.phone|3|null|1001 , value =  NotificationData { tag= null } , } 
10-27 20:27:11.263  1187  1187 D EdgeLightingPolicyManager.NotificationGroup: group key = -1|android|34|NetworkPolicy:-2067496396:34|1000 ,value= summary : null , child : 1key = -1|android|34|NetworkPolicy:-2067496396:34|1000 , value =  NotificationData { tag= NetworkPolicy:-2067496396:34 } , } 
10-27 20:27:11.264  1187  1187 D EdgeLightingPolicyManager.NotificationGroup: group key = 0|com.ubercab|18|null|10253 ,value= summary : null , child : 1key = 0|com.ubercab|18|null|10253 , value =  NotificationData { tag= null } , } 
10-27 20:27:11.264  1187  1187 I EdgeLightingManager: showForNotificationScreenOn Alert once notification. sbn: StatusBarNotification(pkg=android user=UserHandle{-1} id=34 tag=NetworkPolicy:-2067496396:34 key=-1|android|34|NetworkPolicy:-2067496396:34|1000: Notification(channel=NETWORK_ALERTS shortcut=null contentView=null vibrate=null sound=null tick defaults=0x0 flags=0xa color=0xff888fa2 actions=1 vis=PRIVATE semFlags=0x0 semPriority=0 semMissedCount=0))
10-27 20:27:11.273  2144  2144 I Launcher.NotificationListener: onNotificationPosted : android number : 0
10-27 20:27:11.274  1737  1737 D BubblesManager: onEntryUpdated : shouldBubbleUp=false ,key=-1|android|34|NetworkPolicy:-2067496396:34|1000
10-27 20:27:11.276  1737  1737 D InterruptionStateProvider:  no Heads up : edgelighting enabled app. -1|android|34|NetworkPolicy:-2067496396:34|1000
10-27 20:27:11.279  3391  3391 I Edge.badge: updateBadge item = android:-1 1
10-27 20:27:11.295  1737  1737 I FaceWidgetPositionAlgorithm: getClockContainerHeight() supplier = 193, bottom margin = 0, real height = 238
10-27 20:27:11.296  1737  1737 I FaceWidgetPositionAlgorithm: getClockContainerHeight() supplier = 193, bottom margin = 45, real height = 238
10-27 20:27:11.296  1737  1737 I FaceWidgetPositionAlgorithm: getMediaContainerHeight() height = 326 container Visibility = 8, isValid = false, mIsDozing = false, fraction = 1.0, source = 0, target = 0
10-27 20:27:11.296  1737  1737 I FaceWidgetPositionAlgorithm: getMediaContainerHeight() supplier = 0
10-27 20:27:11.308  1737  1796 E IMGMapper: set:488 set: Unset optional value from type SMPTE2086
10-27 20:27:11.308  1737  1796 E IMGMapper: set:488 set: Unset optional value from type CTA861_3
10-27 20:27:11.314  1039  1039 I BufferQueueProducer: [StatusBar$_1737#534029](this:0xb400007a1f0ca838,id:-1,api:0,p:-1,c:1039) queueBuffer: fps=0.31 dur=9637.78 max=9021.58 min=116.10
10-27 20:27:11.317   991 11009 I hwcomposer: [HWCDisplay] [Display_0 (type:1)] fps:26.679495,dur:1199.42,max:631.96,min:15.51  
10-27 20:27:11.360  1737  1942 D NetworkController: SignalStrength from intent slotId=0
10-27 20:27:11.360  1737  1942 D MobileStatusTracker(0/2): onSignalStrengthsChanged level=3, vendorLevel=3
10-27 20:27:11.362  1737  1942 D MobileSignalController(0/2): notifyListener: enabled=true, connected=true, dataConnected=true, networkType=LTE (4G), emergencyOnly=false, roaming=false, isDefault=false, dataActivity=, level=3, ca=false, mmWave=false, disabledDataIcon=false, simCard=ETC
10-27 20:27:11.377  1737  1737 I FaceWidgetPositionAlgorithm: getClockContainerHeight() supplier = 193, bottom margin = 0, real height = 238
10-27 20:27:11.378  1737  1737 I FaceWidgetPositionAlgorithm: getClockContainerHeight() supplier = 193, bottom margin = 45, real height = 238
10-27 20:27:11.378  1737  1737 I FaceWidgetPositionAlgorithm: getMediaContainerHeight() height = 326 container Visibility = 8, isValid = false, mIsDozing = false, fraction = 1.0, source = 0, target = 0
10-27 20:27:11.378  1737  1737 I FaceWidgetPositionAlgorithm: getMediaContainerHeight() supplier = 0
10-27 20:27:11.397   543   543 D io_stats: !@ 179,0 r 552477863 6681225246 w 96092094 1019102768 d 1259598 33790876 f 0 0 iot 277062840 0 th 0 0 0 pt 0 inp 0 0 2957749.496
10-27 20:27:11.452  1737  1737 I FaceWidgetPositionAlgorithm: getClockContainerHeight() supplier = 193, bottom margin = 0, real height = 238
10-27 20:27:11.453  1737  1737 I FaceWidgetPositionAlgorithm: getClockContainerHeight() supplier = 193, bottom margin = 45, real height = 238
10-27 20:27:11.453  1737  1737 I FaceWidgetPositionAlgorithm: getMediaContainerHeight() height = 326 container Visibility = 8, isValid = false, mIsDozing = false, fraction = 1.0, source = 0, target = 0
10-27 20:27:11.453  1737  1737 I FaceWidgetPositionAlgorithm: getMediaContainerHeight() supplier = 0
10-27 20:27:11.462  1737  1796 E IMGMapper: set:488 set: Unset optional value from type SMPTE2086
10-27 20:27:11.462  1737  1796 E IMGMapper: set:488 set: Unset optional value from type CTA861_3
10-27 20:27:11.901  1187  1369 D PowerManagerService: UserActivityStateListenerState: 0
10-27 20:27:12.071  1187  1479 D InputDispatcher: Inject motion (8683/2000): action=0x0, time=2957750169000000, f=0x0, d=0 dsdx=1.000000 dtdx=0.000000
10-27 20:27:12.072  1187  1534 I InputDispatcher: Delivering touch to (1737): action: 0x4, f=0x0, d=0, 'd92b8ad', t=1 
10-27 20:27:12.072  1187  1534 I InputDispatcher: Delivering touch to (8412): action: 0x0, f=0x0, d=0, 'caf65fb', t=1 
10-27 20:27:12.073  8412  8412 I ViewRootImpl@aff6157[MainActivity]: ViewPostIme pointer 0
10-27 20:27:12.073  1187  1534 D PowerManagerService: [api] userActivityFromNative :  (event: 2 flags: 0 displayId: 0) eventTime = 2957750169
10-27 20:27:12.074  1187  1534 D PowerManagerService: UserActivityStateListenerState: 1
10-27 20:27:12.076  1187  1303 I GestureDetector: obtain mCurrentDownEvent. id: -185849411 caller: com.android.server.wm.SystemGesturesPointerEventListener.onPointerEvent:203 com.android.server.wm.PointerEventDispatcher.onInputEvent:53 android.view.InputEventReceiver.dispatchInputEvent:285 
10-27 20:27:12.077  1187  1303 I GestureDetector: obtain mCurrentDownEvent. id: -185849411 caller: com.android.server.wm.SystemPerformancePointerEventListener.onPointerEvent:89 com.android.server.wm.PointerEventDispatcher.onInputEvent:53 android.view.InputEventReceiver.dispatchInputEvent:285 
10-27 20:27:12.085  1187  1479 D InputDispatcher: Inject motion (8683/2000): action=0x1, time=2957750169000000, f=0x0, d=0 dsdx=1.000000 dtdx=0.000000
10-27 20:27:12.086  1187  1534 I InputDispatcher: Delivering touch to (8412): action: 0x1, f=0x0, d=0, 'caf65fb', t=1 
10-27 20:27:12.086  1187  1303 I GestureDetector: obtain mCurrentMotionEventRaw. action: 1 id: -847000350
10-27 20:27:12.087  8412  8412 I ViewRootImpl@aff6157[MainActivity]: ViewPostIme pointer 1
10-27 20:27:12.087  1187  1303 I GestureDetector: obtain mCurrentMotionEventRaw. action: 1 id: -847000350
10-27 20:27:12.111  8412  8451 E IMGMapper: set:488 set: Unset optional value from type SMPTE2086
10-27 20:27:12.111  8412  8451 E IMGMapper: set:488 set: Unset optional value from type CTA861_3
10-27 20:27:12.129  1039  1039 I BufferQueueProducer: [com.cinemamovel/com.cinemamovel.MainActivity$_8412#601551](this:0xb400007a1f76e838,id:-1,api:0,p:-1,c:1039) queueBuffer: fps=15.89 dur=2014.22 max=1447.66 min=16.00
10-27 20:27:12.138  8412  8451 E IMGMapper: set:488 set: Unset optional value from type SMPTE2086
10-27 20:27:12.139  8412  8451 E IMGMapper: set:488 set: Unset optional value from type CTA861_3
10-27 20:27:12.155  8412  8451 E IMGMapper: set:488 set: Unset optional value from type SMPTE2086
10-27 20:27:12.155  8412  8451 E IMGMapper: set:488 set: Unset optional value from type CTA861_3
10-27 20:27:12.177  8412  8451 E IMGMapper: set:488 set: Unset optional value from type SMPTE2086
10-27 20:27:12.177  8412  8451 E IMGMapper: set:488 set: Unset optional value from type CTA861_3
10-27 20:27:12.186  8412  8412 W [RNScreens]: backTitleVisible prop is not available on Android
10-27 20:27:12.186  8412  8412 W [RNScreens]: backTitleFontFamily prop is not available on Android
10-27 20:27:12.186  8412  8412 W [RNScreens]: disableBackButtonMenu prop is not available on Android
10-27 20:27:12.186  8412  8412 W [RNScreens]: largeTitleFontFamily prop is not available on Android
10-27 20:27:12.186  8412  8412 W [RNScreens]: largeTitleFontWeight prop is not available on Android
10-27 20:27:12.186  8412  8412 W [RNScreens]: largeTitleHideShadow prop is not available on Android
10-27 20:27:12.212  8412  8451 E IMGMapper: set:488 set: Unset optional value from type SMPTE2086
10-27 20:27:12.212  8412  8451 E IMGMapper: set:488 set: Unset optional value from type CTA861_3
10-27 20:27:12.252  8412  8451 E IMGMapper: set:488 set: Unset optional value from type SMPTE2086
10-27 20:27:12.252  8412  8451 E IMGMapper: set:488 set: Unset optional value from type CTA861_3
10-27 20:27:12.263  8412  8451 E IMGMapper: set:488 set: Unset optional value from type SMPTE2086
10-27 20:27:12.263  8412  8451 E IMGMapper: set:488 set: Unset optional value from type CTA861_3
10-27 20:27:12.295  8412  8451 E IMGMapper: set:488 set: Unset optional value from type SMPTE2086
10-27 20:27:12.295  8412  8451 E IMGMapper: set:488 set: Unset optional value from type CTA861_3
10-27 20:27:12.332  8412  8412 D ScrollView: initGoToTop
10-27 20:27:12.337  1693  1693 I WifiHAL : Get link layer stats
10-27 20:27:12.337  1693  1693 I WifiHAL : GetLinkStatsCommand::create
10-27 20:27:12.337  1693  1693 D android.hardware.wifi@1.0-service-lazy: WifiRequest::create vendor command to iface 38, vendor_id=0x1a11, subcmd=0x1200, res=0
10-27 20:27:12.337  1693  1693 I android.hardware.wifi@1.0-service-lazy: WifiCommand::requestResponse err=-95
10-27 20:27:12.337  1693  1693 I WifiHAL : wifi_get_link_stats: result=-3
10-27 20:27:12.338  1187  1566 E WifiVendorHal: getWifiLinkLayerStats_1_5_Internal(l.1179) failed {.code = ERROR_NOT_SUPPORTED, .description = }
10-27 20:27:12.345  1187 22074 D SemWifiUsabilityStatsMonitor: onWifiUsabilityStats - seqNum 38421, isSameBssidAndFreq true
10-27 20:27:12.347  1187  1645 I SemWifiLinkQualityMonitor: Link Qos query: inf. ms / 0 Mbps
10-27 20:27:12.374  1187  1303 I GestureDetector: handleMessage TAP
10-27 20:27:12.377  1187  1187 I GestureDetector: handleMessage TAP
10-27 20:27:12.379  8412  8451 E IMGMapper: set:488 set: Unset optional value from type SMPTE2086
10-27 20:27:12.379  8412  8451 E IMGMapper: set:488 set: Unset optional value from type CTA861_3
10-27 20:27:12.394  8412  8451 E IMGMapper: set:488 set: Unset optional value from type SMPTE2086
10-27 20:27:12.394  8412  8451 E IMGMapper: set:488 set: Unset optional value from type CTA861_3
10-27 20:27:12.398   991 11009 I hwcomposer: [HWCDisplay] [Display_0 (type:1)] fps:9.250703,dur:1081.00,max:647.96,min:15.78  
10-27 20:27:12.417  8412  8451 E IMGMapper: set:488 set: Unset optional value from type SMPTE2086
10-27 20:27:12.417  8412  8451 E IMGMapper: set:488 set: Unset optional value from type CTA861_3
10-27 20:27:12.431  8412  8451 E IMGMapper: set:488 set: Unset optional value from type SMPTE2086
10-27 20:27:12.432  8412  8451 E IMGMapper: set:488 set: Unset optional value from type CTA861_3
10-27 20:27:12.448  8412  8451 E IMGMapper: set:488 set: Unset optional value from type SMPTE2086
10-27 20:27:12.448  8412  8451 E IMGMapper: set:488 set: Unset optional value from type CTA861_3
10-27 20:27:12.461  8412  8451 E IMGMapper: set:488 set: Unset optional value from type SMPTE2086
10-27 20:27:12.461  8412  8451 E IMGMapper: set:488 set: Unset optional value from type CTA861_3
10-27 20:27:12.481  8412  8451 E IMGMapper: set:488 set: Unset optional value from type SMPTE2086
10-27 20:27:12.481  8412  8451 E IMGMapper: set:488 set: Unset optional value from type CTA861_3
10-27 20:27:12.493  8412  8451 E IMGMapper: set:488 set: Unset optional value from type SMPTE2086
10-27 20:27:12.494  8412  8451 E IMGMapper: set:488 set: Unset optional value from type CTA861_3
10-27 20:27:12.512  8412  8451 E IMGMapper: set:488 set: Unset optional value from type SMPTE2086
10-27 20:27:12.512  8412  8451 E IMGMapper: set:488 set: Unset optional value from type CTA861_3
10-27 20:27:12.531  8412  8451 E IMGMapper: set:488 set: Unset optional value from type SMPTE2086
10-27 20:27:12.531  8412  8451 E IMGMapper: set:488 set: Unset optional value from type CTA861_3
10-27 20:27:12.550  8412  8451 E IMGMapper: set:488 set: Unset optional value from type SMPTE2086
10-27 20:27:12.551  8412  8451 E IMGMapper: set:488 set: Unset optional value from type CTA861_3
10-27 20:27:12.564  8412  8451 E IMGMapper: set:488 set: Unset optional value from type SMPTE2086
10-27 20:27:12.564  8412  8451 E IMGMapper: set:488 set: Unset optional value from type CTA861_3
10-27 20:27:12.587  8412  8451 E IMGMapper: set:488 set: Unset optional value from type SMPTE2086
10-27 20:27:12.587  8412  8451 E IMGMapper: set:488 set: Unset optional value from type CTA861_3
10-27 20:27:12.597  8412  8451 E IMGMapper: set:488 set: Unset optional value from type SMPTE2086
10-27 20:27:12.598  8412  8451 E IMGMapper: set:488 set: Unset optional value from type CTA861_3
10-27 20:27:12.612  8412  8451 E IMGMapper: set:488 set: Unset optional value from type SMPTE2086
10-27 20:27:12.612  8412  8451 E IMGMapper: set:488 set: Unset optional value from type CTA861_3
10-27 20:27:12.628  8412  8451 E IMGMapper: set:488 set: Unset optional value from type SMPTE2086
10-27 20:27:12.628  8412  8451 E IMGMapper: set:488 set: Unset optional value from type CTA861_3
10-27 20:27:12.644  8412  8451 E IMGMapper: set:488 set: Unset optional value from type SMPTE2086
10-27 20:27:12.645  8412  8451 E IMGMapper: set:488 set: Unset optional value from type CTA861_3
10-27 20:27:12.661  8412  8451 E IMGMapper: set:488 set: Unset optional value from type SMPTE2086
10-27 20:27:12.662  8412  8451 E IMGMapper: set:488 set: Unset optional value from type CTA861_3
10-27 20:27:12.678  8412  8451 E IMGMapper: set:488 set: Unset optional value from type SMPTE2086
10-27 20:27:12.678  8412  8451 E IMGMapper: set:488 set: Unset optional value from type CTA861_3
10-27 20:27:12.697  8412  8451 E IMGMapper: set:488 set: Unset optional value from type SMPTE2086
10-27 20:27:12.697  8412  8451 E IMGMapper: set:488 set: Unset optional value from type CTA861_3
10-27 20:27:12.708  8412  8451 E IMGMapper: set:488 set: Unset optional value from type SMPTE2086
10-27 20:27:12.708  8412  8451 E IMGMapper: set:488 set: Unset optional value from type CTA861_3
10-27 20:27:12.720  8412  8451 E IMGMapper: set:488 set: Unset optional value from type SMPTE2086
10-27 20:27:12.720  8412  8451 E IMGMapper: set:488 set: Unset optional value from type CTA861_3
10-27 20:27:13.399   543   543 D io_stats: !@ 179,0 r 552477940 6681225634 w 96092108 1019102824 d 1259598 33790876 f 0 0 iot 277062864 0 th 0 0 0 pt 0 inp 0 0 2957751.497
10-27 20:27:13.889  1737  1942 D MobileStatusTracker(0/2): onSignalStrengthsChanged level=3, vendorLevel=3
10-27 20:27:13.892  1737  1942 D MobileSignalController(0/2): notifyListener: enabled=true, connected=true, dataConnected=true, networkType=LTE (4G), emergencyOnly=false, roaming=false, isDefault=false, dataActivity=, level=3, ca=false, mmWave=false, disabledDataIcon=false, simCard=ETC
10-27 20:27:13.894  1737  1942 D NetworkController: SignalStrength from intent slotId=0
10-27 20:27:14.359  1737  1942 D MobileStatusTracker(1/1): onSignalStrengthsChanged level=4, vendorLevel=4
10-27 20:27:14.364  1737  1942 D MobileSignalController(1/1): notifyListener: enabled=true, connected=true, dataConnected=false, networkType=UMTS (3G), emergencyOnly=true, roaming=false, isDefault=false, dataActivity=, level=4, ca=false, mmWave=false, disabledDataIcon=false, simCard=ETC
10-27 20:27:14.365  1737  1942 D NetworkController: SignalStrength from intent slotId=1
10-27 20:27:14.711  1205  1205 I thermal_repeater: socket -1
10-27 20:27:15.078  1187  1369 D PowerManagerService: UserActivityStateListenerState: 0
10-27 20:27:15.170  1737  1942 D MobileStatusTracker(0/2): onSignalStrengthsChanged level=3, vendorLevel=3
10-27 20:27:15.173  1737  1942 D MobileSignalController(0/2): notifyListener: enabled=true, connected=true, dataConnected=true, networkType=LTE (4G), emergencyOnly=false, roaming=false, isDefault=false, dataActivity=, level=3, ca=false, mmWave=false, disabledDataIcon=false, simCard=ETC
10-27 20:27:15.175  1737  1942 D NetworkController: SignalStrength from intent slotId=0
10-27 20:27:15.352  1693  1693 I WifiHAL : Get link layer stats
10-27 20:27:15.352  1693  1693 I WifiHAL : GetLinkStatsCommand::create
10-27 20:27:15.352  1693  1693 D android.hardware.wifi@1.0-service-lazy: WifiRequest::create vendor command to iface 38, vendor_id=0x1a11, subcmd=0x1200, res=0
10-27 20:27:15.353  1693  1693 I android.hardware.wifi@1.0-service-lazy: WifiCommand::requestResponse err=-95
10-27 20:27:15.353  1693  1693 I WifiHAL : wifi_get_link_stats: result=-3
10-27 20:27:15.355  1187  1566 E WifiVendorHal: getWifiLinkLayerStats_1_5_Internal(l.1179) failed {.code = ERROR_NOT_SUPPORTED, .description = }
10-27 20:27:15.365  1187 22074 D SemWifiUsabilityStatsMonitor: onWifiUsabilityStats - seqNum 38422, isSameBssidAndFreq true
10-27 20:27:15.367  1187  1645 I SemWifiLinkQualityMonitor: Link Qos query: inf. ms / 0 Mbps
10-27 20:27:15.400   543   543 D io_stats: !@ 179,0 r 552477942 6681225642 w 96092111 1019102836 d 1259598 33790876 f 0 0 iot 277062868 0 th 0 0 0 pt 0 inp 0 0 2957753.498
10-27 20:27:15.841 17749 17837 I WM-WorkerWrapper: Worker result SUCCESS for Work [ id=ab898362-2186-4f9c-be29-a29a5684e212, tags={ com.whatsapp.messaging.xmpp.XmppLifecycleWorker } ]
10-27 20:27:15.847 17749 17749 D WM-Processor: H1d ab898362-2186-4f9c-be29-a29a5684e212 executed; reschedule = false
10-27 20:27:15.847 17749 17749 D WM-GreedyScheduler: Stopping tracking for WorkGenerationalId(workSpecId=ab898362-2186-4f9c-be29-a29a5684e212, generation=0)
10-27 20:27:15.848 17749 17749 D WM-SystemJobService: ab898362-2186-4f9c-be29-a29a5684e212 executed on JobScheduler
10-27 20:27:15.860  1187  1479 I ActivityManager: Changes in 10250 8 to 10, 8 to 0
10-27 20:27:15.862  1187  1352 E AppOps  : evalMode() Foreground mode : uid - 10250, op - 27, capability - 0
10-27 20:27:15.863  1187  1352 E AppOps  : evalMode() Foreground mode : uid - 10250, op - 26, capability - 0
10-27 20:27:15.863  1187  1352 E AppOps  : evalMode() Foreground mode : uid - 10250, op - 1, capability - 0
10-27 20:27:15.863 18481 18815 I dwbx    : (REDACTED) appOpsListener %s %s
10-27 20:27:15.864 18481 18815 I dwbx    : (REDACTED) Ignoring irrelevant audio permission changes for package %s
10-27 20:27:15.874 17749 17837 D WM-GreedyScheduler: Cancelling work ID ab898362-2186-4f9c-be29-a29a5684e212
10-27 20:27:15.883 17749 17858 D WM-NetworkStateTracker: Unregistering network callback
10-27 20:27:15.883 17749 17858 D ConnectivityManager: StackLog: [android.net.ConnectivityManager.unregisterNetworkCallback(ConnectivityManager.java:5076)] [X.H10.A04(:20)] [X.H0t.invoke(:27)] [X.1at.A00(:98)] [X.1au.invokeSuspend(:10)] [X.0xO.resumeWith(:8)] [X.0xr.run(:98)] [X.H2M.run(:2)] [java.util.concurrent.ThreadPoolExecutor.runWorker(ThreadPoolExecutor.java:1145)] [java.util.concurrent.ThreadPoolExecutor$Worker.run(ThreadPoolExecutor.java:644)] [java.lang.Thread.run(Thread.java:1012)]
10-27 20:27:15.885  1187  1588 D ConnectivityService:  Removing from current network [140 WIFI], leaving 138 requests.
10-27 20:27:15.934 29501 29501 I wpa_supplicant: Heartbeat 1501
10-27 20:27:16.451  1737  1942 D MobileStatusTracker(0/2): onSignalStrengthsChanged level=3, vendorLevel=3
10-27 20:27:16.453  1737  1942 D MobileSignalController(0/2): notifyListener: enabled=true, connected=true, dataConnected=true, networkType=LTE (4G), emergencyOnly=false, roaming=false, isDefault=false, dataActivity=, level=3, ca=false, mmWave=false, disabledDataIcon=false, simCard=ETC
10-27 20:27:16.458  1737  1942 D NetworkController: SignalStrength from intent slotId=0
