10-27 20:26:55.175  8412  8451 E IMGMapper: set:488 set: Unset optional value from type CTA861_3
10-27 20:26:55.185  1039  1039 I BufferQueueProducer: [com.cinemamovel/com.cinemamovel.MainActivity$_8412#601551](this:0xb400007a1f76e838,id:-1,api:0,p:-1,c:1039) queueBuffer: fps=12.61 dur=1348.32 max=1048.33 min=16.43
10-27 20:26:55.187   991 11009 I hwcomposer: [HWCDisplay] [Display_0 (type:1)] fps:12.612824,dur:1347.83,max:1047.45,min:15.81  
10-27 20:26:55.231  8412  8451 E IMGMapper: set:488 set: Unset optional value from type SMPTE2086
10-27 20:26:55.231  8412  8451 E IMGMapper: set:488 set: Unset optional value from type CTA861_3
10-27 20:26:55.242  8412  8451 E IMGMapper: set:488 set: Unset optional value from type SMPTE2086
10-27 20:26:55.242  8412  8451 E IMGMapper: set:488 set: Unset optional value from type CTA861_3
10-27 20:26:55.257  8412  8451 E IMGMapper: set:488 set: Unset optional value from type SMPTE2086
10-27 20:26:55.257  8412  8451 E IMGMapper: set:488 set: Unset optional value from type CTA861_3
10-27 20:26:55.272  8412  8451 E IMGMapper: set:488 set: Unset optional value from type SMPTE2086
10-27 20:26:55.272  8412  8451 E IMGMapper: set:488 set: Unset optional value from type CTA861_3
10-27 20:26:55.285  8412  8451 E IMGMapper: set:488 set: Unset optional value from type SMPTE2086
10-27 20:26:55.285  8412  8451 E IMGMapper: set:488 set: Unset optional value from type CTA861_3
10-27 20:26:55.300  8412  8451 E IMGMapper: set:488 set: Unset optional value from type SMPTE2086
10-27 20:26:55.300  8412  8451 E IMGMapper: set:488 set: Unset optional value from type CTA861_3
10-27 20:26:55.316  8412  8451 E IMGMapper: set:488 set: Unset optional value from type SMPTE2086
10-27 20:26:55.316  8412  8451 E IMGMapper: set:488 set: Unset optional value from type CTA861_3
10-27 20:26:55.333  8412  8451 E IMGMapper: set:488 set: Unset optional value from type SMPTE2086
10-27 20:26:55.334  8412  8451 E IMGMapper: set:488 set: Unset optional value from type CTA861_3
10-27 20:26:55.348  8412  8451 E IMGMapper: set:488 set: Unset optional value from type SMPTE2086
10-27 20:26:55.348  8412  8451 E IMGMapper: set:488 set: Unset optional value from type CTA861_3
10-27 20:26:55.367  8412  8451 E IMGMapper: set:488 set: Unset optional value from type SMPTE2086
10-27 20:26:55.367  8412  8451 E IMGMapper: set:488 set: Unset optional value from type CTA861_3
10-27 20:26:55.382  8412  8451 E IMGMapper: set:488 set: Unset optional value from type SMPTE2086
10-27 20:26:55.383  8412  8451 E IMGMapper: set:488 set: Unset optional value from type CTA861_3
10-27 20:26:55.388   543   543 D io_stats: !@ 179,0 r 552477662 6681223806 w 96091494 1019090252 d 1259598 33790876 f 0 0 iot 277060288 0 th 0 0 0 pt 0 inp 0 0 2957733.487
10-27 20:26:55.401  8412  8451 E IMGMapper: set:488 set: Unset optional value from type SMPTE2086
10-27 20:26:55.401  8412  8451 E IMGMapper: set:488 set: Unset optional value from type CTA861_3
10-27 20:26:55.416  8412  8451 E IMGMapper: set:488 set: Unset optional value from type SMPTE2086
10-27 20:26:55.416  8412  8451 E IMGMapper: set:488 set: Unset optional value from type CTA861_3
10-27 20:26:55.436  8412  8451 E IMGMapper: set:488 set: Unset optional value from type SMPTE2086
10-27 20:26:55.437  8412  8451 E IMGMapper: set:488 set: Unset optional value from type CTA861_3
10-27 20:26:55.456  8412  8451 E IMGMapper: set:488 set: Unset optional value from type SMPTE2086
10-27 20:26:55.456  8412  8451 E IMGMapper: set:488 set: Unset optional value from type CTA861_3
10-27 20:26:55.476  8412  8451 E IMGMapper: set:488 set: Unset optional value from type SMPTE2086
10-27 20:26:55.476  8412  8451 E IMGMapper: set:488 set: Unset optional value from type CTA861_3
10-27 20:26:55.485  8412  8451 E IMGMapper: set:488 set: Unset optional value from type SMPTE2086
10-27 20:26:55.485  8412  8451 E IMGMapper: set:488 set: Unset optional value from type CTA861_3
10-27 20:26:55.499  8412  8451 E IMGMapper: set:488 set: Unset optional value from type SMPTE2086
10-27 20:26:55.499  8412  8451 E IMGMapper: set:488 set: Unset optional value from type CTA861_3
10-27 20:26:55.517  8412  8451 E IMGMapper: set:488 set: Unset optional value from type SMPTE2086
10-27 20:26:55.517  8412  8451 E IMGMapper: set:488 set: Unset optional value from type CTA861_3
10-27 20:26:55.532  8412  8451 E IMGMapper: set:488 set: Unset optional value from type SMPTE2086
10-27 20:26:55.532  8412  8451 E IMGMapper: set:488 set: Unset optional value from type CTA861_3
10-27 20:26:55.549  8412  8451 E IMGMapper: set:488 set: Unset optional value from type SMPTE2086
10-27 20:26:55.549  8412  8451 E IMGMapper: set:488 set: Unset optional value from type CTA861_3
10-27 20:26:55.566  8412  8451 E IMGMapper: set:488 set: Unset optional value from type SMPTE2086
10-27 20:26:55.566  8412  8451 E IMGMapper: set:488 set: Unset optional value from type CTA861_3
10-27 20:26:55.583  8412  8451 E IMGMapper: set:488 set: Unset optional value from type SMPTE2086
10-27 20:26:55.583  8412  8451 E IMGMapper: set:488 set: Unset optional value from type CTA861_3
10-27 20:26:55.600  8412  8451 E IMGMapper: set:488 set: Unset optional value from type SMPTE2086
10-27 20:26:55.600  8412  8451 E IMGMapper: set:488 set: Unset optional value from type CTA861_3
10-27 20:26:55.616  8412  8451 E IMGMapper: set:488 set: Unset optional value from type SMPTE2086
10-27 20:26:55.616  8412  8451 E IMGMapper: set:488 set: Unset optional value from type CTA861_3
10-27 20:26:55.633  8412  8451 E IMGMapper: set:488 set: Unset optional value from type SMPTE2086
10-27 20:26:55.633  8412  8451 E IMGMapper: set:488 set: Unset optional value from type CTA861_3
10-27 20:26:55.650  8412  8451 E IMGMapper: set:488 set: Unset optional value from type SMPTE2086
10-27 20:26:55.650  8412  8451 E IMGMapper: set:488 set: Unset optional value from type CTA861_3
10-27 20:26:55.667  8412  8451 E IMGMapper: set:488 set: Unset optional value from type SMPTE2086
10-27 20:26:55.667  8412  8451 E IMGMapper: set:488 set: Unset optional value from type CTA861_3
10-27 20:26:55.683  8412  8451 E IMGMapper: set:488 set: Unset optional value from type SMPTE2086
10-27 20:26:55.683  8412  8451 E IMGMapper: set:488 set: Unset optional value from type CTA861_3
10-27 20:26:55.695  8412  8451 E IMGMapper: set:488 set: Unset optional value from type SMPTE2086
10-27 20:26:55.696  8412  8451 E IMGMapper: set:488 set: Unset optional value from type CTA861_3
10-27 20:26:55.713  8412  8451 E IMGMapper: set:488 set: Unset optional value from type SMPTE2086
10-27 20:26:55.713  8412  8451 E IMGMapper: set:488 set: Unset optional value from type CTA861_3
10-27 20:26:55.918 29501 29501 I wpa_supplicant: Heartbeat 1499
10-27 20:26:56.798  1187  1369 D PowerManagerService: UserActivityStateListenerState: 0
10-27 20:26:57.152  1187  3231 D InputDispatcher: Inject motion (8626/2000): action=0x0, time=2957735250000000, f=0x0, d=0 dsdx=1.000000 dtdx=0.000000
10-27 20:26:57.154  1187  1534 I InputDispatcher: Delivering touch to (1737): action: 0x4, f=0x0, d=0, 'd92b8ad', t=1 
10-27 20:26:57.154  1187  1534 I InputDispatcher: Delivering touch to (8412): action: 0x0, f=0x0, d=0, 'caf65fb', t=1 
10-27 20:26:57.155  1187  1534 D PowerManagerService: [api] userActivityFromNative :  (event: 2 flags: 0 displayId: 0) eventTime = 2957735250
10-27 20:26:57.155  8412  8412 I ViewRootImpl@aff6157[MainActivity]: ViewPostIme pointer 0
10-27 20:26:57.156  1187  1303 I GestureDetector: obtain mCurrentDownEvent. id: -883448500 caller: com.android.server.wm.SystemGesturesPointerEventListener.onPointerEvent:203 com.android.server.wm.PointerEventDispatcher.onInputEvent:53 android.view.InputEventReceiver.dispatchInputEvent:285 
10-27 20:26:57.156  1187  1534 D PowerManagerService: UserActivityStateListenerState: 1
10-27 20:26:57.157  1187  1303 I GestureDetector: obtain mCurrentDownEvent. id: -883448500 caller: com.android.server.wm.SystemPerformancePointerEventListener.onPointerEvent:89 com.android.server.wm.PointerEventDispatcher.onInputEvent:53 android.view.InputEventReceiver.dispatchInputEvent:285 
10-27 20:26:57.171  1187  3231 D InputDispatcher: Inject motion (8626/2000): action=0x1, time=2957735250000000, f=0x0, d=0 dsdx=1.000000 dtdx=0.000000
10-27 20:26:57.175  1187  1534 I InputDispatcher: Delivering touch to (8412): action: 0x1, f=0x0, d=0, 'caf65fb', t=1 
10-27 20:26:57.175  8412  8412 I ViewRootImpl@aff6157[MainActivity]: ViewPostIme pointer 1
10-27 20:26:57.179  1187  1303 I GestureDetector: obtain mCurrentMotionEventRaw. action: 1 id: -726875367
10-27 20:26:57.179  1187  1303 I GestureDetector: obtain mCurrentMotionEventRaw. action: 1 id: -726875367
10-27 20:26:57.196  8412  8451 E IMGMapper: set:488 set: Unset optional value from type SMPTE2086
10-27 20:26:57.196  8412  8451 E IMGMapper: set:488 set: Unset optional value from type CTA861_3
10-27 20:26:57.199  1039  1039 I BufferQueueProducer: [com.cinemamovel/com.cinemamovel.MainActivity$_8412#601551](this:0xb400007a1f76e838,id:-1,api:0,p:-1,c:1039) queueBuffer: fps=15.89 dur=2014.22 max=1464.66 min=15.81
10-27 20:26:57.202   991 11009 I hwcomposer: [HWCDisplay] [Display_0 (type:1)] fps:15.876583,dur:2015.55,max:1465.41,min:14.99  
10-27 20:26:57.224  8412  8451 E IMGMapper: set:488 set: Unset optional value from type SMPTE2086
10-27 20:26:57.224  8412  8451 E IMGMapper: set:488 set: Unset optional value from type CTA861_3
10-27 20:26:57.241  8412  8451 E IMGMapper: set:488 set: Unset optional value from type SMPTE2086
10-27 20:26:57.241  8412  8451 E IMGMapper: set:488 set: Unset optional value from type CTA861_3
10-27 20:26:57.246  1737  1942 D MobileStatusTracker(0/2): onSignalStrengthsChanged level=3, vendorLevel=3
10-27 20:26:57.250  1737  1942 D MobileSignalController(0/2): notifyListener: enabled=true, connected=true, dataConnected=true, networkType=LTE (4G), emergencyOnly=false, roaming=false, isDefault=false, dataActivity=, level=3, ca=false, mmWave=false, disabledDataIcon=false, simCard=ETC
10-27 20:26:57.254  1693  1693 I WifiHAL : Get link layer stats
10-27 20:26:57.254  1693  1693 I WifiHAL : GetLinkStatsCommand::create
10-27 20:26:57.254  1693  1693 D android.hardware.wifi@1.0-service-lazy: WifiRequest::create vendor command to iface 38, vendor_id=0x1a11, subcmd=0x1200, res=0
10-27 20:26:57.254  1693  1693 I android.hardware.wifi@1.0-service-lazy: WifiCommand::requestResponse err=-95
10-27 20:26:57.254  1693  1693 I WifiHAL : wifi_get_link_stats: result=-3
10-27 20:26:57.255  1187  1566 E WifiVendorHal: getWifiLinkLayerStats_1_5_Internal(l.1179) failed {.code = ERROR_NOT_SUPPORTED, .description = }
10-27 20:26:57.257  1737  1942 D NetworkController: SignalStrength from intent slotId=0
10-27 20:26:57.260  1187 22074 D SemWifiUsabilityStatsMonitor: onWifiUsabilityStats - seqNum 38416, isSameBssidAndFreq true
10-27 20:26:57.261  8412  8451 E IMGMapper: set:488 set: Unset optional value from type SMPTE2086
10-27 20:26:57.261  8412  8451 E IMGMapper: set:488 set: Unset optional value from type CTA861_3
10-27 20:26:57.261  1187  1645 I SemWifiLinkQualityMonitor: Link Qos query: inf. ms / 0 Mbps
10-27 20:26:57.295  8412  8412 W [RNScreens]: backTitleVisible prop is not available on Android
10-27 20:26:57.295  8412  8412 W [RNScreens]: backTitleFontFamily prop is not available on Android
10-27 20:26:57.295  8412  8412 W [RNScreens]: disableBackButtonMenu prop is not available on Android
10-27 20:26:57.295  8412  8412 W [RNScreens]: largeTitleFontFamily prop is not available on Android
10-27 20:26:57.295  8412  8412 W [RNScreens]: largeTitleFontWeight prop is not available on Android
10-27 20:26:57.296  8412  8412 W [RNScreens]: largeTitleHideShadow prop is not available on Android
10-27 20:26:57.314  8412  8451 E IMGMapper: set:488 set: Unset optional value from type SMPTE2086
10-27 20:26:57.314  8412  8451 E IMGMapper: set:488 set: Unset optional value from type CTA861_3
10-27 20:26:57.346  8412  8451 E IMGMapper: set:488 set: Unset optional value from type SMPTE2086
10-27 20:26:57.347  8412  8451 E IMGMapper: set:488 set: Unset optional value from type CTA861_3
10-27 20:26:57.359  8412  8451 E IMGMapper: set:488 set: Unset optional value from type SMPTE2086
10-27 20:26:57.359  8412  8451 E IMGMapper: set:488 set: Unset optional value from type CTA861_3
10-27 20:26:57.376  8412  8451 E IMGMapper: set:488 set: Unset optional value from type SMPTE2086
10-27 20:26:57.377  8412  8451 E IMGMapper: set:488 set: Unset optional value from type CTA861_3
10-27 20:26:57.389   543   543 D io_stats: !@ 179,0 r 552477668 6681223862 w 96091704 1019090904 d 1259598 33790876 f 0 0 iot 277060440 0 th 0 0 0 pt 0 inp 0 0 2957735.487
10-27 20:26:57.392  8412  8451 E IMGMapper: set:488 set: Unset optional value from type SMPTE2086
10-27 20:26:57.392  8412  8451 E IMGMapper: set:488 set: Unset optional value from type CTA861_3
10-27 20:26:57.431  8412  8412 D ScrollView: initGoToTop
10-27 20:26:57.456  1187  1303 I GestureDetector: handleMessage TAP
10-27 20:26:57.457  1187  1187 I GestureDetector: handleMessage TAP
10-27 20:26:57.475  8412  8451 E IMGMapper: set:488 set: Unset optional value from type SMPTE2086
10-27 20:26:57.475  8412  8451 E IMGMapper: set:488 set: Unset optional value from type CTA861_3
10-27 20:26:57.491  8412  8451 E IMGMapper: set:488 set: Unset optional value from type SMPTE2086
10-27 20:26:57.491  8412  8451 E IMGMapper: set:488 set: Unset optional value from type CTA861_3
10-27 20:26:57.507  8412  8451 E IMGMapper: set:488 set: Unset optional value from type SMPTE2086
10-27 20:26:57.507  8412  8451 E IMGMapper: set:488 set: Unset optional value from type CTA861_3
10-27 20:26:57.520  8412  8451 E IMGMapper: set:488 set: Unset optional value from type SMPTE2086
10-27 20:26:57.520  8412  8451 E IMGMapper: set:488 set: Unset optional value from type CTA861_3
10-27 20:26:57.533  8412  8451 E IMGMapper: set:488 set: Unset optional value from type SMPTE2086
10-27 20:26:57.533  8412  8451 E IMGMapper: set:488 set: Unset optional value from type CTA861_3
10-27 20:26:57.551  8412  8451 E IMGMapper: set:488 set: Unset optional value from type SMPTE2086
10-27 20:26:57.551  8412  8451 E IMGMapper: set:488 set: Unset optional value from type CTA861_3
10-27 20:26:57.569  8412  8451 E IMGMapper: set:488 set: Unset optional value from type SMPTE2086
10-27 20:26:57.570  8412  8451 E IMGMapper: set:488 set: Unset optional value from type CTA861_3
10-27 20:26:57.588  8412  8451 E IMGMapper: set:488 set: Unset optional value from type SMPTE2086
10-27 20:26:57.588  8412  8451 E IMGMapper: set:488 set: Unset optional value from type CTA861_3
10-27 20:26:57.600  8412  8451 E IMGMapper: set:488 set: Unset optional value from type SMPTE2086
10-27 20:26:57.600  8412  8451 E IMGMapper: set:488 set: Unset optional value from type CTA861_3
10-27 20:26:57.615  8412  8451 E IMGMapper: set:488 set: Unset optional value from type SMPTE2086
10-27 20:26:57.615  8412  8451 E IMGMapper: set:488 set: Unset optional value from type CTA861_3
10-27 20:26:57.634  8412  8451 E IMGMapper: set:488 set: Unset optional value from type SMPTE2086
10-27 20:26:57.634  8412  8451 E IMGMapper: set:488 set: Unset optional value from type CTA861_3
10-27 20:26:57.650  8412  8451 E IMGMapper: set:488 set: Unset optional value from type SMPTE2086
10-27 20:26:57.651  8412  8451 E IMGMapper: set:488 set: Unset optional value from type CTA861_3
10-27 20:26:57.667  8412  8451 E IMGMapper: set:488 set: Unset optional value from type SMPTE2086
10-27 20:26:57.667  8412  8451 E IMGMapper: set:488 set: Unset optional value from type CTA861_3
10-27 20:26:57.687  8412  8451 E IMGMapper: set:488 set: Unset optional value from type SMPTE2086
10-27 20:26:57.687  8412  8451 E IMGMapper: set:488 set: Unset optional value from type CTA861_3
10-27 20:26:57.700  8412  8451 E IMGMapper: set:488 set: Unset optional value from type SMPTE2086
10-27 20:26:57.700  8412  8451 E IMGMapper: set:488 set: Unset optional value from type CTA861_3
10-27 20:26:57.716  8412  8451 E IMGMapper: set:488 set: Unset optional value from type SMPTE2086
10-27 20:26:57.716  8412  8451 E IMGMapper: set:488 set: Unset optional value from type CTA861_3
10-27 20:26:57.734  8412  8451 E IMGMapper: set:488 set: Unset optional value from type SMPTE2086
10-27 20:26:57.735  8412  8451 E IMGMapper: set:488 set: Unset optional value from type CTA861_3
10-27 20:26:57.748  8412  8451 E IMGMapper: set:488 set: Unset optional value from type SMPTE2086
10-27 20:26:57.748  8412  8451 E IMGMapper: set:488 set: Unset optional value from type CTA861_3
10-27 20:26:57.766  8412  8451 E IMGMapper: set:488 set: Unset optional value from type SMPTE2086
10-27 20:26:57.766  8412  8451 E IMGMapper: set:488 set: Unset optional value from type CTA861_3
10-27 20:26:57.784  8412  8451 E IMGMapper: set:488 set: Unset optional value from type SMPTE2086
10-27 20:26:57.784  8412  8451 E IMGMapper: set:488 set: Unset optional value from type CTA861_3
10-27 20:26:57.795  8412  8451 E IMGMapper: set:488 set: Unset optional value from type SMPTE2086
10-27 20:26:57.795  8412  8451 E IMGMapper: set:488 set: Unset optional value from type CTA861_3
10-27 20:26:57.813  8412  8451 E IMGMapper: set:488 set: Unset optional value from type SMPTE2086
10-27 20:26:57.813  8412  8451 E IMGMapper: set:488 set: Unset optional value from type CTA861_3
10-27 20:26:58.447 14180 14180 D BoundBrokerSvc: onUnbind: Intent { act=com.google.android.gms.libs.gmscorelogger.service.START dat=chimera-action:/... cmp=com.google.android.gms/.chimera.PersistentDirectBootAwareApiService }
10-27 20:26:58.748  1187  1663 D WifiConnectivityMonitor.NetworkStatsAnalyzer: Backhaul result - RSSI:-46, CE:30, PE:29, TI:33, PTI:32, TW:73, PTW:89, Tx:3629, Rx:1350, TxS:3660, RxS:1342, RESULT:true, IC:0, ICT:5, WC:0, WCT:5, R:0, RC:0, IE:0, EC:0
10-27 20:26:58.757  1187  1486 D SensorService: [SO] -0.618 1.859 9.893
10-27 20:26:58.887   999   999 D IMGMemtrackHAL: hal_get_memory: memtrack cache rebuild was required
10-27 20:26:58.958  1187  1321 E Watchdog: !@Sync: 8152 heap: 92 / 113 FD: 893 [2025-10-27 20:26:58.958]
10-27 20:26:58.970   999   999 D IMGMemtrackHAL: hal_get_memory: memtrack cache rebuild was required
10-27 20:26:59.081  1045  1056 D ccci_mdinit: (1):monitor_time_update_thread round:169109 ########
10-27 20:26:59.093 14180 14474 I NearbyDiscovery: FastPair: isDestroyable: Scanner is alive. [CONTEXT service_id=265 ]
10-27 20:26:59.094 14180 14474 I NearbyDiscovery: DiscoveryService: Skip stopSelf(), fast pair controller is not destroyable. [CONTEXT service_id=265 ]
10-27 20:26:59.258  1187  2418 D InputDispatcher: Inject motion (8631/2000): action=0x0, time=2957737356000000, f=0x0, d=0 dsdx=1.000000 dtdx=0.000000
10-27 20:26:59.259  1187  1534 I InputDispatcher: Delivering touch to (1737): action: 0x4, f=0x0, d=0, 'd92b8ad', t=1 
10-27 20:26:59.259  1187  1534 I InputDispatcher: Delivering touch to (8412): action: 0x0, f=0x0, d=0, 'caf65fb', t=1 
10-27 20:26:59.259  1187  1534 D PowerManagerService: [api] userActivityFromNative :  (event: 2 flags: 0 displayId: 0) eventTime = 2957737356
10-27 20:26:59.260  1187  1303 I GestureDetector: obtain mCurrentDownEvent. id: -747909470 caller: com.android.server.wm.SystemGesturesPointerEventListener.onPointerEvent:203 com.android.server.wm.PointerEventDispatcher.onInputEvent:53 android.view.InputEventReceiver.dispatchInputEvent:285 
10-27 20:26:59.260  8412  8412 I ViewRootImpl@aff6157[MainActivity]: ViewPostIme pointer 0
10-27 20:26:59.262  1187  1303 I GestureDetector: obtain mCurrentDownEvent. id: -747909470 caller: com.android.server.wm.SystemPerformancePointerEventListener.onPointerEvent:89 com.android.server.wm.PointerEventDispatcher.onInputEvent:53 android.view.InputEventReceiver.dispatchInputEvent:285 
10-27 20:26:59.268  1187  2418 D InputDispatcher: Inject motion (8631/2000): action=0x1, time=2957737356000000, f=0x0, d=0 dsdx=1.000000 dtdx=0.000000
10-27 20:26:59.269  1187  1534 I InputDispatcher: Delivering touch to (8412): action: 0x1, f=0x0, d=0, 'caf65fb', t=1 
10-27 20:26:59.270  1187  1303 I GestureDetector: obtain mCurrentMotionEventRaw. action: 1 id: -68509993
10-27 20:26:59.270  1187  1303 I GestureDetector: obtain mCurrentMotionEventRaw. action: 1 id: -68509993
10-27 20:26:59.274  8412  8412 I ViewRootImpl@aff6157[MainActivity]: ViewPostIme pointer 1
10-27 20:26:59.287  8412  8451 E IMGMapper: set:488 set: Unset optional value from type SMPTE2086
10-27 20:26:59.288  8412  8451 E IMGMapper: set:488 set: Unset optional value from type CTA861_3
10-27 20:26:59.295  1039  1039 I BufferQueueProducer: [com.cinemamovel/com.cinemamovel.MainActivity$_8412#601551](this:0xb400007a1f76e838,id:-1,api:0,p:-1,c:1039) queueBuffer: fps=14.79 dur=2095.69 max=1462.97 min=15.72
10-27 20:26:59.297   991 11009 I hwcomposer: [HWCDisplay] [Display_0 (type:1)] fps:14.799688,dur:2094.64,max:1462.01,min:15.28  
10-27 20:26:59.317  8412  8451 E IMGMapper: set:488 set: Unset optional value from type SMPTE2086
10-27 20:26:59.318  8412  8451 E IMGMapper: set:488 set: Unset optional value from type CTA861_3
10-27 20:26:59.338  8412  8451 E IMGMapper: set:488 set: Unset optional value from type SMPTE2086
10-27 20:26:59.339  8412  8451 E IMGMapper: set:488 set: Unset optional value from type CTA861_3
10-27 20:26:59.377  8412  8451 E IMGMapper: set:488 set: Unset optional value from type SMPTE2086
10-27 20:26:59.378  8412  8451 E IMGMapper: set:488 set: Unset optional value from type CTA861_3
10-27 20:26:59.387  8412  8451 E IMGMapper: set:488 set: Unset optional value from type SMPTE2086
10-27 20:26:59.387  8412  8451 E IMGMapper: set:488 set: Unset optional value from type CTA861_3
10-27 20:26:59.390   543   543 D io_stats: !@ 179,0 r 552477675 6681223890 w 96091706 1019090912 d 1259598 33790876 f 0 0 iot 277060444 0 th 0 0 0 pt 0 inp 0 0 2957737.488
10-27 20:26:59.395  8412  8451 E IMGMapper: set:488 set: Unset optional value from type SMPTE2086
10-27 20:26:59.395  8412  8451 E IMGMapper: set:488 set: Unset optional value from type CTA861_3
10-27 20:26:59.407  8412  8451 E IMGMapper: set:488 set: Unset optional value from type SMPTE2086
10-27 20:26:59.407  8412  8451 E IMGMapper: set:488 set: Unset optional value from type CTA861_3
10-27 20:26:59.424  8412  8451 E IMGMapper: set:488 set: Unset optional value from type SMPTE2086
10-27 20:26:59.425  8412  8451 E IMGMapper: set:488 set: Unset optional value from type CTA861_3
10-27 20:26:59.441  8412  8451 E IMGMapper: set:488 set: Unset optional value from type SMPTE2086
10-27 20:26:59.441  8412  8451 E IMGMapper: set:488 set: Unset optional value from type CTA861_3
10-27 20:26:59.457  8412  8451 E IMGMapper: set:488 set: Unset optional value from type SMPTE2086
10-27 20:26:59.457  8412  8451 E IMGMapper: set:488 set: Unset optional value from type CTA861_3
10-27 20:26:59.472  8412  8451 E IMGMapper: set:488 set: Unset optional value from type SMPTE2086
10-27 20:26:59.473  8412  8451 E IMGMapper: set:488 set: Unset optional value from type CTA861_3
10-27 20:26:59.491  8412  8451 E IMGMapper: set:488 set: Unset optional value from type SMPTE2086
10-27 20:26:59.491  8412  8451 E IMGMapper: set:488 set: Unset optional value from type CTA861_3
10-27 20:26:59.508  8412  8451 E IMGMapper: set:488 set: Unset optional value from type SMPTE2086
10-27 20:26:59.508  8412  8451 E IMGMapper: set:488 set: Unset optional value from type CTA861_3
10-27 20:26:59.526  8412  8451 E IMGMapper: set:488 set: Unset optional value from type SMPTE2086
10-27 20:26:59.526  8412  8451 E IMGMapper: set:488 set: Unset optional value from type CTA861_3
10-27 20:26:59.542  8412  8451 E IMGMapper: set:488 set: Unset optional value from type SMPTE2086
10-27 20:26:59.542  8412  8451 E IMGMapper: set:488 set: Unset optional value from type CTA861_3
10-27 20:26:59.558  8412  8451 E IMGMapper: set:488 set: Unset optional value from type SMPTE2086
10-27 20:26:59.559  8412  8451 E IMGMapper: set:488 set: Unset optional value from type CTA861_3
10-27 20:26:59.560  1187  1303 I GestureDetector: handleMessage TAP
10-27 20:26:59.561  1187  1187 I GestureDetector: handleMessage TAP
10-27 20:26:59.579  8412  8451 E IMGMapper: set:488 set: Unset optional value from type SMPTE2086
10-27 20:26:59.579  8412  8451 E IMGMapper: set:488 set: Unset optional value from type CTA861_3
10-27 20:26:59.707  1205  1205 I thermal_repeater: socket -1
10-27 20:26:59.810  1737  1942 D MobileStatusTracker(0/2): onSignalStrengthsChanged level=3, vendorLevel=3
10-27 20:26:59.819  1737  1942 D MobileSignalController(0/2): notifyListener: enabled=true, connected=true, dataConnected=true, networkType=LTE (4G), emergencyOnly=false, roaming=false, isDefault=false, dataActivity=, level=3, ca=false, mmWave=false, disabledDataIcon=false, simCard=ETC
10-27 20:26:59.820  1737  1942 D NetworkController: SignalStrength from intent slotId=0
10-27 20:27:00.006  1737  1737 D KeyguardUpdateMonitor: received broadcast android.intent.action.TIME_TICK
10-27 20:27:00.006  1737  2248 D QSClockBellTower: onReceive(android.intent.action.TIME_TICK) mTimeZoneString:null
10-27 20:27:00.011  1737  1737 D KeyguardUpdateMonitor: handleTimeUpdate
10-27 20:27:00.012  1737  1737 D FaceWidgetPagesController: onTimeChanged()
10-27 20:27:00.018  1737  1737 D QSClockBellTower: He is ready to ring the bell. (((QSClockBellSound - TimeText:20:27, TimeContentDescription:20:27, DateText:seg., 27 de outubro, ShortDateText:seg., 27 de out., Demo:false, QuickStar-Second(false|12:34:56))))
10-27 20:27:00.020  1737  1737 D QSClockIndicatorView: Home Indicator status_bar_clock 20:27 notifyTimeChanged(QSClockBellSound - TimeText:20:27, TimeContentDescription:20:27, DateText:seg., 27 de outubro, ShortDateText:seg., 27 de out., Demo:false, QuickStar-Second(false|12:34:56)) ClockVisibleByPolicy:true, ClockVisibleByUser:true, visible?true, parent:android.widget.LinearLayout{a46c4dc V.E...... ......ID 0,0-66,37 #7f0b04f0 app:id/left_clock_container}
10-27 20:27:00.026  1737  1737 D QSClockBellTower: Everyone heard the bell. run(currentTime:1761607620014,   getTime():Mon Oct 27 20:27:00 GMT-03:00 2025,   getTimeZone():libcore.util.ZoneInfo[mDstSavings=0,mUseDst=false,mDelegate=[id="America/Sao_Paulo",mRawOffset=-10800000,mEarliestRawOffset=-11188000,transitions=92]])
10-27 20:27:00.069  1737  1737 I FaceWidgetPositionAlgorithm: getClockContainerHeight() supplier = 193, bottom margin = 0, real height = 238
10-27 20:27:00.070  1737  1737 I FaceWidgetPositionAlgorithm: getClockContainerHeight() supplier = 193, bottom margin = 45, real height = 238
10-27 20:27:00.070  1737  1737 I FaceWidgetPositionAlgorithm: getMediaContainerHeight() height = 326 container Visibility = 8, isValid = false, mIsDozing = false, fraction = 1.0, source = 0, target = 0
10-27 20:27:00.070  1737  1737 I FaceWidgetPositionAlgorithm: getMediaContainerHeight() supplier = 0
10-27 20:27:00.072  1737  1737 V QsExpandAnimator: setQsExpansionPosition 0.0
10-27 20:27:00.082  1737  1737 V QsExpandAnimator: updateAnimators
10-27 20:27:00.082  1737  1737 V QsExpandAnimator: clearAnimationState 
10-27 20:27:00.082  1737  1737 V QsExpandAnimator: updateViews
10-27 20:27:00.085  1737  1737 V QsExpandAnimator: updateTileAnimator
10-27 20:27:00.086  1737  1737 V QsExpandAnimator: updateHeaderAnimator
10-27 20:27:00.088  1737  1737 V QsExpandAnimator: updateBarAnimator
10-27 20:27:00.088  1737  1737 V QsExpandAnimator: setQsExpansionPosition 0.0
10-27 20:27:00.088  1737  1737 V QsExpandAnimator: onAnimationAtStart
10-27 20:27:00.090  1737  1796 E IMGMapper: set:488 set: Unset optional value from type SMPTE2086
10-27 20:27:00.090  1737  1796 E IMGMapper: set:488 set: Unset optional value from type CTA861_3
10-27 20:27:00.096  1039  1039 I BufferQueueProducer: [StatusBar$_1737#534029](this:0xb400007a1f0ca838,id:-1,api:0,p:-1,c:1039) queueBuffer: fps=0.24 dur=8354.90 max=8156.13 min=198.77
10-27 20:27:00.267  1693  1693 I WifiHAL : Get link layer stats
10-27 20:27:00.267  1693  1693 I WifiHAL : GetLinkStatsCommand::create
10-27 20:27:00.267  1693  1693 D android.hardware.wifi@1.0-service-lazy: WifiRequest::create vendor command to iface 38, vendor_id=0x1a11, subcmd=0x1200, res=0
10-27 20:27:00.267  1693  1693 I android.hardware.wifi@1.0-service-lazy: WifiCommand::requestResponse err=-95
10-27 20:27:00.267  1693  1693 I WifiHAL : wifi_get_link_stats: result=-3
10-27 20:27:00.269  1187  1566 E WifiVendorHal: getWifiLinkLayerStats_1_5_Internal(l.1179) failed {.code = ERROR_NOT_SUPPORTED, .description = }
10-27 20:27:00.279  1187 22074 D SemWifiUsabilityStatsMonitor: onWifiUsabilityStats - seqNum 38417, isSameBssidAndFreq true
10-27 20:27:00.280  1187  1645 I SemWifiLinkQualityMonitor: Link Qos query: inf. ms / 0 Mbps
10-27 20:27:00.349  1187  1965 D InputDispatcher: Inject motion (8636/2000): action=0x0, time=2957738447000000, f=0x0, d=0 dsdx=1.000000 dtdx=0.000000
10-27 20:27:00.350  1187  1534 I InputDispatcher: Delivering touch to (1737): action: 0x4, f=0x0, d=0, 'd92b8ad', t=1 
10-27 20:27:00.350  1187  1534 I InputDispatcher: Delivering touch to (8412): action: 0x0, f=0x0, d=0, 'caf65fb', t=1 
10-27 20:27:00.350  1187  1534 D PowerManagerService: [api] userActivityFromNative :  (event: 2 flags: 0 displayId: 0) eventTime = 2957738447
10-27 20:27:00.350  8412  8412 I ViewRootImpl@aff6157[MainActivity]: ViewPostIme pointer 0
10-27 20:27:00.351  1187  1303 I GestureDetector: obtain mCurrentDownEvent. id: -438079988 caller: com.android.server.wm.SystemGesturesPointerEventListener.onPointerEvent:203 com.android.server.wm.PointerEventDispatcher.onInputEvent:53 android.view.InputEventReceiver.dispatchInputEvent:285 
10-27 20:27:00.351  1187  1303 I GestureDetector: obtain mCurrentDownEvent. id: -438079988 caller: com.android.server.wm.SystemPerformancePointerEventListener.onPointerEvent:89 com.android.server.wm.PointerEventDispatcher.onInputEvent:53 android.view.InputEventReceiver.dispatchInputEvent:285 
10-27 20:27:00.358  1187  1965 D InputDispatcher: Inject motion (8636/2000): action=0x1, time=2957738447000000, f=0x0, d=0 dsdx=1.000000 dtdx=0.000000
10-27 20:27:00.358  1187  1534 I InputDispatcher: Delivering touch to (8412): action: 0x1, f=0x0, d=0, 'caf65fb', t=1 
10-27 20:27:00.359  8412  8412 I ViewRootImpl@aff6157[MainActivity]: ViewPostIme pointer 1
10-27 20:27:00.359  1187  1303 I GestureDetector: obtain mCurrentMotionEventRaw. action: 1 id: -466518257
10-27 20:27:00.359  1187  1303 I GestureDetector: obtain mCurrentMotionEventRaw. action: 1 id: -466518257
10-27 20:27:00.437  8412  8451 E IMGMapper: set:488 set: Unset optional value from type SMPTE2086
10-27 20:27:00.437  8412  8451 E IMGMapper: set:488 set: Unset optional value from type CTA861_3
10-27 20:27:00.445  1039  1039 I BufferQueueProducer: [com.cinemamovel/com.cinemamovel.MainActivity$_8412#601551](this:0xb400007a1f76e838,id:-1,api:0,p:-1,c:1039) queueBuffer: fps=14.78 dur=1149.98 max=848.74 min=15.88
10-27 20:27:00.448   991 11009 I hwcomposer: [HWCDisplay] [Display_0 (type:1)] fps:15.637324,dur:1151.09,max:499.03,min:15.95  
10-27 20:27:00.651  1187  1187 I GestureDetector: handleMessage TAP
10-27 20:27:00.651  1187  1303 I GestureDetector: handleMessage TAP
10-27 20:27:01.391   543   543 D io_stats: !@ 179,0 r 552477825 6681224950 w 96091911 1019097696 d 1259598 33790876 f 0 0 iot 277061728 0 th 0 0 0 pt 0 inp 0 14 2957739.489
10-27 20:27:01.432  1187  1965 D InputDispatcher: Inject motion (8641/2000): action=0x0, time=2957739530000000, f=0x0, d=0 dsdx=1.000000 dtdx=0.000000
10-27 20:27:01.432  1187  1534 I InputDispatcher: Delivering touch to (1737): action: 0x4, f=0x0, d=0, 'd92b8ad', t=1 
10-27 20:27:01.432  1187  1534 I InputDispatcher: Delivering touch to (8412): action: 0x0, f=0x0, d=0, 'caf65fb', t=1 
10-27 20:27:01.433  1187  1534 D PowerManagerService: [api] userActivityFromNative :  (event: 2 flags: 0 displayId: 0) eventTime = 2957739530
10-27 20:27:01.433  8412  8412 I ViewRootImpl@aff6157[MainActivity]: ViewPostIme pointer 0
10-27 20:27:01.433  1187  1303 I GestureDetector: obtain mCurrentDownEvent. id: -962731060 caller: com.android.server.wm.SystemGesturesPointerEventListener.onPointerEvent:203 com.android.server.wm.PointerEventDispatcher.onInputEvent:53 android.view.InputEventReceiver.dispatchInputEvent:285 
10-27 20:27:01.434  1187  1303 I GestureDetector: obtain mCurrentDownEvent. id: -962731060 caller: com.android.server.wm.SystemPerformancePointerEventListener.onPointerEvent:89 com.android.server.wm.PointerEventDispatcher.onInputEvent:53 android.view.InputEventReceiver.dispatchInputEvent:285 
10-27 20:27:01.442  1187  1965 D InputDispatcher: Inject motion (8641/2000): action=0x1, time=2957739530000000, f=0x0, d=0 dsdx=1.000000 dtdx=0.000000
10-27 20:27:01.443  1187  1534 I InputDispatcher: Delivering touch to (8412): action: 0x1, f=0x0, d=0, 'caf65fb', t=1 
10-27 20:27:01.443  8412  8412 I ViewRootImpl@aff6157[MainActivity]: ViewPostIme pointer 1
10-27 20:27:01.444  1187  1303 I GestureDetector: obtain mCurrentMotionEventRaw. action: 1 id: -946730077
10-27 20:27:01.444  1187  1303 I GestureDetector: obtain mCurrentMotionEventRaw. action: 1 id: -946730077
10-27 20:27:01.518  8412  8451 E IMGMapper: set:488 set: Unset optional value from type SMPTE2086
10-27 20:27:01.519  8412  8451 E IMGMapper: set:488 set: Unset optional value from type CTA861_3
10-27 20:27:01.527  1039  1039 I BufferQueueProducer: [com.cinemamovel/com.cinemamovel.MainActivity$_8412#601551](this:0xb400007a1f76e838,id:-1,api:0,p:-1,c:1039) queueBuffer: fps=0.92 dur=1081.47 max=1081.47 min=1081.47
10-27 20:27:01.529   991 11009 I hwcomposer: [HWCDisplay] [Display_0 (type:1)] fps:0.925425,dur:1080.58,max:1080.58,min:1080.58  
10-27 20:27:01.642  2144  2144 I Launcher.NotificationListener: onNotificationRankingUpdate : notification full refresh
10-27 20:27:01.643  2144  2144 I Launcher.NotificationListener: onNotificationFullRefresh
10-27 20:27:01.644  3391  3391 I Edge.badge: onNotificationRankingUpdate
10-27 20:27:01.644  3391  3391 I Edge.badge: onNotificationFullRefresh mIsRegister=true,forceNotify=true
10-27 20:27:01.647  1737  1737 D InterruptionStateProvider: Group alert behavior is suppressed but we want to alert bubble
10-27 20:27:01.663  2144  2343 I Launcher.NotificationListener: notificationIsValidForUI : com.google.android.apps.messaging missingTitleAndText : false isGroupHeader : false
10-27 20:27:01.664  2144  2343 I Launcher.NotificationListener: notificationIsValidForUI : com.android.phone missingTitleAndText : false isGroupHeader : false
10-27 20:27:01.664  2144  2343 I Launcher.NotificationListener: notificationIsValidForUI : com.google.android.gms missingTitleAndText : false isGroupHeader : false
10-27 20:27:01.664  2144  2343 I Launcher.NotificationListener: notificationIsValidForUI : com.linkedin.android missingTitleAndText : false isGroupHeader : false
10-27 20:27:01.664  2144  2343 I Launcher.NotificationListener: Full refresh isConnected : true active size : 4
10-27 20:27:01.669  1737  1796 E IMGMapper: set:488 set: Unset optional value from type SMPTE2086
10-27 20:27:01.669  1737  1796 E IMGMapper: set:488 set: Unset optional value from type CTA861_3
10-27 20:27:01.676  1039  1039 I BufferQueueProducer: [StatusBar$_1737#534029](this:0xb400007a1f0ca838,id:-1,api:0,p:-1,c:1039) queueBuffer: fps=0.63 dur=1580.51 max=1580.51 min=1580.51
10-27 20:27:01.733  1187  1303 I GestureDetector: handleMessage TAP
10-27 20:27:01.734  1187  1187 I GestureDetector: handleMessage TAP
10-27 20:27:01.888  1187  1563 D ApplicationPolicy: isStatusBarNotificationAllowedAsUser: packageName = android,userId = 0
10-27 20:27:01.889  1187  1563 D ApplicationPolicy: isStatusBarNotificationAllowedAsUser: packageName = android,userId = -1
10-27 20:27:01.889  1187  1563 D ApplicationPolicy: isStatusBarNotificationAllowedAsUser: converting userId from USER_ALLto 0
10-27 20:27:02.008  1711  2357 D PhoneInterfaceManager: setDataEnabledForReason() Reason=1 Pid=1187 App=system
10-27 20:27:02.012  1711  2357 D PhoneInterfaceManager: setDataEnabledForReason() Reason=1 Pid=1187 App=system
10-27 20:27:02.097  1187  1187 I Telecom:SamsungTelecomServiceImpl: isInManagedCall - callingPackage : android
10-27 20:27:02.107  1187  1187 D EdgeLightingManager: isCallingUserSupported : callingUserId=-1, mUserId=0, isDualAppId=false, isKnoxId=false
10-27 20:27:02.107  1187  1187 D EdgeLightingManager: showForNotification : isInteractive=true, isHeadUp=true, color=0, canBypassDnd=false, sbn = StatusBarNotification(pkg=android user=UserHandle{-1} id=34 tag=NetworkPolicy:-2067496396:34 key=-1|android|34|NetworkPolicy:-2067496396:34|1000: Notification(channel=NETWORK_ALERTS shortcut=null contentView=null vibrate=null sound=null tick defaults=0x0 flags=0xa color=0xff888fa2 actions=1 vis=PRIVATE semFlags=0x0 semPriority=0 semMissedCount=0))
10-27 20:27:02.108  1187  1187 D EdgeLightingClientManager: isAvailableEdgeLighting: condition=1 mCondition=1 mIsConnected=false0
10-27 20:27:02.108  1187  1187 D EdgeLightingPolicyManager: isAcceptableApplication:  pkg=android , range=256 , includeAllApp=false , userId=-1 , infoRange=0 , infoCategory=0
10-27 20:27:02.108  1187  1187 W CoverManager: getCoverState : This device is not supported cover
10-27 20:27:02.108  1187  1187 D EdgeLightingPolicyManager: putNotification tickerText:true,titleText:true,text:true,sub:falsecn= + null
10-27 20:27:02.108  1187  1187 D EdgeLightingPolicyManager.NotificationGroup: Remove previous child data. -1|android|34|NetworkPolicy:-2067496396:34|1000
10-27 20:27:02.108  1187  1187 D EdgeLightingPolicyManager.NotificationGroup: group key = 0|com.android.phone|g:VOICE_MAIL_GROUP_KEY ,value= summary : null , child : 1key = 0|com.android.phone|3|null|1001 , value =  NotificationData { tag= null } , } 
10-27 20:27:02.109  1187  1187 D EdgeLightingPolicyManager.NotificationGroup: group key = -1|android|34|NetworkPolicy:-2067496396:34|1000 ,value= summary : null , child : 1key = -1|android|34|NetworkPolicy:-2067496396:34|1000 , value =  NotificationData { tag= NetworkPolicy:-2067496396:34 } , } 
10-27 20:27:02.109  1187  1187 D EdgeLightingPolicyManager.NotificationGroup: group key = 0|com.ubercab|18|null|10253 ,value= summary : null , child : 1key = 0|com.ubercab|18|null|10253 , value =  NotificationData { tag= null } , } 
10-27 20:27:02.109  1187  1187 I EdgeLightingManager: showForNotificationScreenOn Alert once notification. sbn: StatusBarNotification(pkg=android user=UserHandle{-1} id=34 tag=NetworkPolicy:-2067496396:34 key=-1|android|34|NetworkPolicy:-2067496396:34|1000: Notification(channel=NETWORK_ALERTS shortcut=null contentView=null vibrate=null sound=null tick defaults=0x0 flags=0xa color=0xff888fa2 actions=1 vis=PRIVATE semFlags=0x0 semPriority=0 semMissedCount=0))
10-27 20:27:02.118  1737  1737 D BubblesManager: onEntryUpdated : shouldBubbleUp=false ,key=-1|android|34|NetworkPolicy:-2067496396:34|1000
10-27 20:27:02.123  2144  2144 I Launcher.NotificationListener: onNotificationPosted : android number : 0
10-27 20:27:02.123  3391  3391 I Edge.badge: updateBadge item = android:-1 1
10-27 20:27:02.123  1737  1737 D InterruptionStateProvider:  no Heads up : edgelighting enabled app. -1|android|34|NetworkPolicy:-2067496396:34|1000
10-27 20:27:02.148  1737  1737 I FaceWidgetPositionAlgorithm: getClockContainerHeight() supplier = 193, bottom margin = 0, real height = 238
10-27 20:27:02.148  1737  1737 I FaceWidgetPositionAlgorithm: getClockContainerHeight() supplier = 193, bottom margin = 45, real height = 238
10-27 20:27:02.149  1737  1737 I FaceWidgetPositionAlgorithm: getMediaContainerHeight() height = 326 container Visibility = 8, isValid = false, mIsDozing = false, fraction = 1.0, source = 0, target = 0
10-27 20:27:02.149  1737  1737 I FaceWidgetPositionAlgorithm: getMediaContainerHeight() supplier = 0
10-27 20:27:02.165  1737  1796 E IMGMapper: set:488 set: Unset optional value from type SMPTE2086
10-27 20:27:02.165  1737  1796 E IMGMapper: set:488 set: Unset optional value from type CTA861_3
10-27 20:27:02.169  3391  5753 I AppsEdge.Badge: getBadgeIconType 0
10-27 20:27:02.190  7518  7655 I BadgeProvider: query, [selection] : null
10-27 20:27:02.202  3391  5753 I AppsEdge.Badge: key=com.google.android.gms:0 count=1
10-27 20:27:02.202  3391  5753 I AppsEdge.Badge: key=com.linkedin.android:0 count=23
10-27 20:27:02.202  3391  5753 I AppsEdge.Badge: key=com.android.phone:0 count=1
10-27 20:27:02.202  3391  5753 I AppsEdge.Badge: key=com.google.android.apps.messaging:0 count=1
10-27 20:27:02.219  1737  1737 I FaceWidgetPositionAlgorithm: getClockContainerHeight() supplier = 193, bottom margin = 0, real height = 238
10-27 20:27:02.220  1737  1737 I FaceWidgetPositionAlgorithm: getClockContainerHeight() supplier = 193, bottom margin = 45, real height = 238
10-27 20:27:02.220  1737  1737 I FaceWidgetPositionAlgorithm: getMediaContainerHeight() height = 326 container Visibility = 8, isValid = false, mIsDozing = false, fraction = 1.0, source = 0, target = 0
10-27 20:27:02.220  1737  1737 I FaceWidgetPositionAlgorithm: getMediaContainerHeight() supplier = 0
10-27 20:27:02.271  1737  1737 I FaceWidgetPositionAlgorithm: getClockContainerHeight() supplier = 193, bottom margin = 0, real height = 238
10-27 20:27:02.272  1737  1737 I FaceWidgetPositionAlgorithm: getClockContainerHeight() supplier = 193, bottom margin = 45, real height = 238
10-27 20:27:02.272  1737  1737 I FaceWidgetPositionAlgorithm: getMediaContainerHeight() height = 326 container Visibility = 8, isValid = false, mIsDozing = false, fraction = 1.0, source = 0, target = 0
10-27 20:27:02.272  1737  1737 I FaceWidgetPositionAlgorithm: getMediaContainerHeight() supplier = 0
10-27 20:27:02.282  1737  1796 E IMGMapper: set:488 set: Unset optional value from type SMPTE2086
10-27 20:27:02.282  1737  1796 E IMGMapper: set:488 set: Unset optional value from type CTA861_3
10-27 20:27:02.369  1737  1942 D MobileStatusTracker(0/2): onSignalStrengthsChanged level=3, vendorLevel=3
10-27 20:27:02.372  1737  1942 D MobileSignalController(0/2): notifyListener: enabled=true, connected=true, dataConnected=true, networkType=LTE (4G), emergencyOnly=false, roaming=false, isDefault=false, dataActivity=, level=3, ca=false, mmWave=false, disabledDataIcon=false, simCard=ETC
10-27 20:27:02.372  1737  1942 D NetworkController: SignalStrength from intent slotId=0
10-27 20:27:02.520  1187  1965 D InputDispatcher: Inject key (8646/2000): action=0, f=0x0, d=-1, time=2957740618000000
10-27 20:27:02.520  1187  1965 D WindowManager: interceptKeyTq keycode=4 interactive=true keyguardActive=false policyFlags=2b000000
10-27 20:27:02.520  1187  1965 D PhoneWindowManagerExt: interceptKeyTq code=4 down=true repeatCount=0 displayId=-1 interactive=true
10-27 20:27:02.520  1187  1965 D WindowManager: interceptKeyTq interceptKeyResult=4
10-27 20:27:02.520  1187  1534 D PowerManagerService: [api] userActivityFromNative :  (event: 1 flags: 0 displayId: 0) eventTime = 2957740618
10-27 20:27:02.521  1187  1534 D WindowManager: interceptKeyTi keyCode=4 down=true repeatCount=0 keyguardOn=false canceled=false
10-27 20:27:02.521  1187  1534 D PhoneWindowManagerExt: interceptKeyTi code=4 down=true repeatCount=0 displayId=-1 interactive=true
10-27 20:27:02.521  1187  1534 I InputDispatcher: Delivering key to (8412): B action: 0x0 (0), f=0x0, m=0x0, d=0, 'caf65fb'
10-27 20:27:02.522 23351 23351 I HBD     : b skip onKeyDown as physical keyboard not connected 
10-27 20:27:02.523 23351 23351 I HBD     : HoneyBoardService onKeyDown r:45fc125f consumed:false 1 
10-27 20:27:02.525  8412  8412 I ViewRootImpl@aff6157[MainActivity]: ViewPostIme key 0
10-27 20:27:02.526  8412  8412 D Activity: onKeyDown(KEYCODE_BACK)
10-27 20:27:02.527  1187  1965 D InputDispatcher: Inject key (8646/2000): action=1, f=0x0, d=-1, time=2957740618000000
10-27 20:27:02.527  1187  1965 D WindowManager: interceptKeyTq keycode=4 interactive=true keyguardActive=false policyFlags=2b000000
10-27 20:27:02.528  1187  1965 D PhoneWindowManagerExt: interceptKeyTq code=4 down=false repeatCount=0 displayId=-1 interactive=true
10-27 20:27:02.528  1187  1965 D WindowManager: interceptKeyTq interceptKeyResult=4
10-27 20:27:02.529  1187  1534 D WindowManager: interceptKeyTi keyCode=4 down=false repeatCount=0 keyguardOn=false canceled=false
10-27 20:27:02.529  1187  1534 D PhoneWindowManagerExt: interceptKeyTi code=4 down=false repeatCount=0 displayId=-1 interactive=true
10-27 20:27:02.530  1187  1534 I InputDispatcher: Delivering key to (8412): B action: 0x1 (0), f=0x0, m=0x0, d=0, 'caf65fb'
10-27 20:27:02.532 23351 23351 I HBD     : HoneyBoardService onKeyUp r:0d6e9d69 consumed:false 1 
10-27 20:27:02.534  8412  8412 I ViewRootImpl@aff6157[MainActivity]: ViewPostIme key 1
10-27 20:27:02.535  8412  8412 D Activity: onKeyUp(KEYCODE_BACK) isTracking()=true isCanceled()=false hasCallback=false
10-27 20:27:02.586  8412  8462 I ReactNativeJS: ---METRICS_JSON_START---
10-27 20:27:02.586  8412  8462 I ReactNativeJS: {
10-27 20:27:02.586  8412  8462 I ReactNativeJS:   "screenRenders": 10,
10-27 20:27:02.586  8412  8462 I ReactNativeJS:   "componentRenders": {
10-27 20:27:02.586  8412  8462 I ReactNativeJS:     "Loader": 2,
10-27 20:27:02.586  8412  8462 I ReactNativeJS:     "MovieDetailsPure": 8,
10-27 20:27:02.586  8412  8462 I ReactNativeJS:     "Poster": 2,
10-27 20:27:02.586  8412  8462 I ReactNativeJS:     "InfoBlock": 8,
10-27 20:27:02.586  8412  8462 I ReactNativeJS:     "RatingBlock": 8,
10-27 20:27:02.586  8412  8462 I ReactNativeJS:     "Overview": 8,
10-27 20:27:02.586  8412  8462 I ReactNativeJS:     "Genres": 2
10-27 20:27:02.586  8412  8462 I ReactNativeJS:   },
10-27 20:27:02.586  8412  8462 I ReactNativeJS:   "interactionEvents": [
10-27 20:27:02.586  8412  8462 I ReactNativeJS:     {
10-27 20:27:02.586  8412  8462 I ReactNativeJS:       "action": "toggle_favorite",
10-27 20:27:02.586  8412  8462 I ReactNativeJS:       "timestamp": 1761607611651
10-27 20:27:02.586  8412  8462 I ReactNativeJS:     },
10-27 20:27:02.586  8412  8462 I ReactNativeJS:     {
10-27 20:27:02.586  8412  8462 I ReactNativeJS:       "action": "set_rating_3",
10-27 20:27:02.586  8412  8462 I ReactNativeJS:       "timestamp": 1761607612732
10-27 20:27:02.586  8412  8462 I ReactNativeJS:     },
10-27 20:27:02.586  8412  8462 I ReactNativeJS:     {
10-27 20:27:02.586  8412  8462 I ReactNativeJS:       "action": "toggle_overview",
10-27 20:27:02.586  8412  8462 I ReactNativeJS:       "timestamp": 1761607613827
10-27 20:27:02.586  8412  8462 I ReactNativeJS:     },
10-27 20:27:02.586  8412  8462 I ReactNativeJS:     {
10-27 20:27:02.586  8412  8462 I ReactNativeJS:       "action": "component_unmounted_logged",
10-27 20:27:02.586  8412  8462 I ReactNativeJS:       "timestamp": 1761607615132
10-27 20:27:02.586  8412  8462 I ReactNativeJS:     },
10-27 20:27:02.586  8412  8462 I ReactNativeJS:     {
10-27 20:27:02.586  8412  8462 I ReactNativeJS:       "action": "toggle_favorite",
10-27 20:27:02.586  8412  8462 I ReactNativeJS:       "timestamp": 1761607619287
10-27 20:27:02.586  8412  8462 I ReactNativeJS:     },
10-27 20:27:02.586  8412  8462 I ReactNativeJS:     {
10-27 20:27:02.586  8412  8462 I ReactNativeJS:       "action": "set_rating_3",
10-27 20:27:02.586  8412  8462 I ReactNativeJS:       "timestamp": 1761607620368
10-27 20:27:02.586  8412  8462 I ReactNativeJS:     },
10-27 20:27:02.586  8412  8462 I ReactNativeJS:     {
10-27 20:27:02.586  8412  8462 I ReactNativeJS:       "action": "toggle_overview",
10-27 20:27:02.586  8412  8462 I ReactNativeJS:       "timestamp": 1761607621456
10-27 20:27:02.586  8412  8462 I ReactNativeJS:     },
10-27 20:27:02.586  8412  8462 I ReactNativeJS:     {
10-27 20:27:02.586  8412  8462 I ReactNativeJS:       "action": "component_unmounted_logged",
10-27 20:27:02.586  8412  8462 I ReactNativeJS:       "timestamp": 1761607622586
10-27 20:27:02.586  8412  8462 I ReactNativeJS:     }
10-27 20:27:02.586  8412  8462 I ReactNativeJS:   ]
10-27 20:27:02.586  8412  8462 I ReactNativeJS: }
10-27 20:27:02.586  8412  8462 I ReactNativeJS: ---METRICS_JSON_END---
10-27 20:27:02.638  8412  8451 E IMGMapper: set:488 set: Unset optional value from type SMPTE2086
10-27 20:27:02.638  8412  8451 E IMGMapper: set:488 set: Unset optional value from type CTA861_3
10-27 20:27:02.642  1039  1039 I BufferQueueProducer: [com.cinemamovel/com.cinemamovel.MainActivity$_8412#601551](this:0xb400007a1f76e838,id:-1,api:0,p:-1,c:1039) queueBuffer: fps=0.90 dur=1115.72 max=1115.72 min=1115.72
10-27 20:27:02.645   991 11009 I hwcomposer: [HWCDisplay] [Display_0 (type:1)] fps:3.584460,dur:1115.93,max:499.68,min:116.62  
10-27 20:27:02.697  8412  8451 E IMGMapper: set:488 set: Unset optional value from type SMPTE2086
10-27 20:27:02.698  8412  8451 E IMGMapper: set:488 set: Unset optional value from type CTA861_3
10-27 20:27:02.707  8412  8451 E IMGMapper: set:488 set: Unset optional value from type SMPTE2086
10-27 20:27:02.708  8412  8451 E IMGMapper: set:488 set: Unset optional value from type CTA861_3
10-27 20:27:02.721  8412  8451 E IMGMapper: set:488 set: Unset optional value from type SMPTE2086
10-27 20:27:02.721  8412  8451 E IMGMapper: set:488 set: Unset optional value from type CTA861_3
10-27 20:27:02.737  8412  8451 E IMGMapper: set:488 set: Unset optional value from type SMPTE2086
10-27 20:27:02.737  8412  8451 E IMGMapper: set:488 set: Unset optional value from type CTA861_3
10-27 20:27:02.761  8412  8451 E IMGMapper: set:488 set: Unset optional value from type SMPTE2086
10-27 20:27:02.761  8412  8451 E IMGMapper: set:488 set: Unset optional value from type CTA861_3
10-27 20:27:02.776  8412  8451 E IMGMapper: set:488 set: Unset optional value from type SMPTE2086
10-27 20:27:02.776  8412  8451 E IMGMapper: set:488 set: Unset optional value from type CTA861_3
10-27 20:27:02.791  8412  8451 E IMGMapper: set:488 set: Unset optional value from type SMPTE2086
