10-27 20:27:02.791  8412  8451 E IMGMapper: set:488 set: Unset optional value from type CTA861_3
10-27 20:27:02.806  8412  8451 E IMGMapper: set:488 set: Unset optional value from type SMPTE2086
10-27 20:27:02.807  8412  8451 E IMGMapper: set:488 set: Unset optional value from type CTA861_3
10-27 20:27:02.824  8412  8451 E IMGMapper: set:488 set: Unset optional value from type SMPTE2086
10-27 20:27:02.824  8412  8451 E IMGMapper: set:488 set: Unset optional value from type CTA861_3
10-27 20:27:02.838  8412  8451 E IMGMapper: set:488 set: Unset optional value from type SMPTE2086
10-27 20:27:02.838  8412  8451 E IMGMapper: set:488 set: Unset optional value from type CTA861_3
10-27 20:27:02.858  8412  8451 E IMGMapper: set:488 set: Unset optional value from type SMPTE2086
10-27 20:27:02.859  8412  8451 E IMGMapper: set:488 set: Unset optional value from type CTA861_3
10-27 20:27:02.871  8412  8451 E IMGMapper: set:488 set: Unset optional value from type SMPTE2086
10-27 20:27:02.871  8412  8451 E IMGMapper: set:488 set: Unset optional value from type CTA861_3
10-27 20:27:02.888  8412  8451 E IMGMapper: set:488 set: Unset optional value from type SMPTE2086
10-27 20:27:02.889  8412  8451 E IMGMapper: set:488 set: Unset optional value from type CTA861_3
10-27 20:27:02.905  8412  8451 E IMGMapper: set:488 set: Unset optional value from type SMPTE2086
10-27 20:27:02.905  8412  8451 E IMGMapper: set:488 set: Unset optional value from type CTA861_3
10-27 20:27:02.921  8412  8451 E IMGMapper: set:488 set: Unset optional value from type SMPTE2086
10-27 20:27:02.922  8412  8451 E IMGMapper: set:488 set: Unset optional value from type CTA861_3
10-27 20:27:02.938  8412  8451 E IMGMapper: set:488 set: Unset optional value from type SMPTE2086
10-27 20:27:02.938  8412  8451 E IMGMapper: set:488 set: Unset optional value from type CTA861_3
10-27 20:27:02.955  8412  8451 E IMGMapper: set:488 set: Unset optional value from type SMPTE2086
10-27 20:27:02.955  8412  8451 E IMGMapper: set:488 set: Unset optional value from type CTA861_3
10-27 20:27:02.972  8412  8451 E IMGMapper: set:488 set: Unset optional value from type SMPTE2086
10-27 20:27:02.972  8412  8451 E IMGMapper: set:488 set: Unset optional value from type CTA861_3
10-27 20:27:02.988  8412  8451 E IMGMapper: set:488 set: Unset optional value from type SMPTE2086
10-27 20:27:02.988  8412  8451 E IMGMapper: set:488 set: Unset optional value from type CTA861_3
10-27 20:27:03.005  8412  8451 E IMGMapper: set:488 set: Unset optional value from type SMPTE2086
10-27 20:27:03.005  8412  8451 E IMGMapper: set:488 set: Unset optional value from type CTA861_3
10-27 20:27:03.021  8412  8451 E IMGMapper: set:488 set: Unset optional value from type SMPTE2086
10-27 20:27:03.021  8412  8451 E IMGMapper: set:488 set: Unset optional value from type CTA861_3
10-27 20:27:03.038  8412  8451 E IMGMapper: set:488 set: Unset optional value from type SMPTE2086
10-27 20:27:03.038  8412  8451 E IMGMapper: set:488 set: Unset optional value from type CTA861_3
10-27 20:27:03.057  8412  8451 E IMGMapper: set:488 set: Unset optional value from type SMPTE2086
10-27 20:27:03.057  8412  8451 E IMGMapper: set:488 set: Unset optional value from type CTA861_3
10-27 20:27:03.073  8412  8451 E IMGMapper: set:488 set: Unset optional value from type SMPTE2086
10-27 20:27:03.073  8412  8451 E IMGMapper: set:488 set: Unset optional value from type CTA861_3
10-27 20:27:03.088  8412  8451 E IMGMapper: set:488 set: Unset optional value from type SMPTE2086
10-27 20:27:03.088  8412  8451 E IMGMapper: set:488 set: Unset optional value from type CTA861_3
10-27 20:27:03.104  8412  8451 E IMGMapper: set:488 set: Unset optional value from type SMPTE2086
10-27 20:27:03.105  8412  8451 E IMGMapper: set:488 set: Unset optional value from type CTA861_3
10-27 20:27:03.126  8412  8451 E IMGMapper: set:488 set: Unset optional value from type SMPTE2086
10-27 20:27:03.126  8412  8451 E IMGMapper: set:488 set: Unset optional value from type CTA861_3
10-27 20:27:03.138  8412  8451 E IMGMapper: set:488 set: Unset optional value from type SMPTE2086
10-27 20:27:03.138  8412  8451 E IMGMapper: set:488 set: Unset optional value from type CTA861_3
10-27 20:27:03.154  8412  8451 E IMGMapper: set:488 set: Unset optional value from type SMPTE2086
10-27 20:27:03.154  8412  8451 E IMGMapper: set:488 set: Unset optional value from type CTA861_3
10-27 20:27:03.171  8412  8451 E IMGMapper: set:488 set: Unset optional value from type SMPTE2086
10-27 20:27:03.171  8412  8451 E IMGMapper: set:488 set: Unset optional value from type CTA861_3
10-27 20:27:03.285  1693  1693 I WifiHAL : Get link layer stats
10-27 20:27:03.285  1693  1693 I WifiHAL : GetLinkStatsCommand::create
10-27 20:27:03.285  1693  1693 D android.hardware.wifi@1.0-service-lazy: WifiRequest::create vendor command to iface 38, vendor_id=0x1a11, subcmd=0x1200, res=0
10-27 20:27:03.285  1693  1693 I android.hardware.wifi@1.0-service-lazy: WifiCommand::requestResponse err=-95
10-27 20:27:03.285  1693  1693 I WifiHAL : wifi_get_link_stats: result=-3
10-27 20:27:03.287  1187  1566 E WifiVendorHal: getWifiLinkLayerStats_1_5_Internal(l.1179) failed {.code = ERROR_NOT_SUPPORTED, .description = }
10-27 20:27:03.297  1187 22074 D SemWifiUsabilityStatsMonitor: onWifiUsabilityStats - seqNum 38418, isSameBssidAndFreq true
10-27 20:27:03.299  1187  1645 I SemWifiLinkQualityMonitor: Link Qos query: inf. ms / 0 Mbps
10-27 20:27:03.392   543   543 D io_stats: !@ 179,0 r 552477838 6681225062 w 96091994 1019099928 d 1259598 33790876 f 0 0 iot 277062192 0 th 0 0 0 pt 0 inp 0 0 2957741.490
10-27 20:27:04.404   963   963 E audit   : type=1400 audit(1761607624.400:1469836): avc:  denied  { write } for  pid=21942 comm="ThreadPoolForeg" name="traced_producer" dev="tmpfs" ino=11170 scontext=u:r:gmscore_app:s0:c512,c768 tcontext=u:object_r:traced_producer_socket:s0 tclass=sock_file permissive=0 SEPF_SM-A037M_12_0001 unfiltered
10-27 20:27:04.436  1187  1369 D PowerManagerService: UserActivityStateListenerState: 0
10-27 20:27:04.485 14180  7433 W AOSP-MdnsDiscoveryManag: Error while decoding multicast packet (6837): 1 [CONTEXT service_id=168 ]
10-27 20:27:04.610  1187  1479 D InputDispatcher: Inject motion (8652/2000): action=0x0, time=2957742708000000, f=0x0, d=0 dsdx=1.000000 dtdx=0.000000
10-27 20:27:04.611  1187  1534 I InputDispatcher: Delivering touch to (1737): action: 0x4, f=0x0, d=0, 'd92b8ad', t=1 
10-27 20:27:04.612  1187  1534 I InputDispatcher: Delivering touch to (8412): action: 0x0, f=0x0, d=0, 'caf65fb', t=1 
10-27 20:27:04.612  1187  1534 D PowerManagerService: [api] userActivityFromNative :  (event: 2 flags: 0 displayId: 0) eventTime = 2957742708
10-27 20:27:04.613  8412  8412 I ViewRootImpl@aff6157[MainActivity]: ViewPostIme pointer 0
10-27 20:27:04.614  1187  1303 I GestureDetector: obtain mCurrentDownEvent. id: -721245512 caller: com.android.server.wm.SystemGesturesPointerEventListener.onPointerEvent:203 com.android.server.wm.PointerEventDispatcher.onInputEvent:53 android.view.InputEventReceiver.dispatchInputEvent:285 
10-27 20:27:04.614  1187  1534 D PowerManagerService: UserActivityStateListenerState: 1
10-27 20:27:04.615  1187  1303 I GestureDetector: obtain mCurrentDownEvent. id: -721245512 caller: com.android.server.wm.SystemPerformancePointerEventListener.onPointerEvent:89 com.android.server.wm.PointerEventDispatcher.onInputEvent:53 android.view.InputEventReceiver.dispatchInputEvent:285 
10-27 20:27:04.623  1187  1479 D InputDispatcher: Inject motion (8652/2000): action=0x1, time=2957742708000000, f=0x0, d=0 dsdx=1.000000 dtdx=0.000000
10-27 20:27:04.624  1187  1534 I InputDispatcher: Delivering touch to (8412): action: 0x1, f=0x0, d=0, 'caf65fb', t=1 
10-27 20:27:04.626  1187  1303 I GestureDetector: obtain mCurrentMotionEventRaw. action: 1 id: -701849596
10-27 20:27:04.626  8412  8412 I ViewRootImpl@aff6157[MainActivity]: ViewPostIme pointer 1
10-27 20:27:04.626  1187  1303 I GestureDetector: obtain mCurrentMotionEventRaw. action: 1 id: -701849596
10-27 20:27:04.653  8412  8451 E IMGMapper: set:488 set: Unset optional value from type SMPTE2086
10-27 20:27:04.653  8412  8451 E IMGMapper: set:488 set: Unset optional value from type CTA861_3
10-27 20:27:04.657  1039  1039 I BufferQueueProducer: [com.cinemamovel/com.cinemamovel.MainActivity$_8412#601551](this:0xb400007a1f76e838,id:-1,api:0,p:-1,c:1039) queueBuffer: fps=15.39 dur=2014.70 max=1464.80 min=15.86
10-27 20:27:04.660   991 11009 I hwcomposer: [HWCDisplay] [Display_0 (type:1)] fps:15.385015,dur:2014.95,max:1464.63,min:15.57  
10-27 20:27:04.682  8412  8451 E IMGMapper: set:488 set: Unset optional value from type SMPTE2086
10-27 20:27:04.682  8412  8451 E IMGMapper: set:488 set: Unset optional value from type CTA861_3
10-27 20:27:04.700  8412  8451 E IMGMapper: set:488 set: Unset optional value from type SMPTE2086
10-27 20:27:04.700  8412  8451 E IMGMapper: set:488 set: Unset optional value from type CTA861_3
10-27 20:27:04.708  1205  1205 I thermal_repeater: socket -1
10-27 20:27:04.716  8412  8451 E IMGMapper: set:488 set: Unset optional value from type SMPTE2086
10-27 20:27:04.717  8412  8451 E IMGMapper: set:488 set: Unset optional value from type CTA861_3
10-27 20:27:04.742  8412  8451 E IMGMapper: set:488 set: Unset optional value from type SMPTE2086
10-27 20:27:04.742  8412  8412 W [RNScreens]: backTitleVisible prop is not available on Android
10-27 20:27:04.742  8412  8451 E IMGMapper: set:488 set: Unset optional value from type CTA861_3
10-27 20:27:04.742  8412  8412 W [RNScreens]: backTitleFontFamily prop is not available on Android
10-27 20:27:04.743  8412  8412 W [RNScreens]: disableBackButtonMenu prop is not available on Android
10-27 20:27:04.743  8412  8412 W [RNScreens]: largeTitleFontFamily prop is not available on Android
10-27 20:27:04.743  8412  8412 W [RNScreens]: largeTitleFontWeight prop is not available on Android
10-27 20:27:04.743  8412  8412 W [RNScreens]: largeTitleHideShadow prop is not available on Android
10-27 20:27:04.770  8412  8451 E IMGMapper: set:488 set: Unset optional value from type SMPTE2086
10-27 20:27:04.770  8412  8451 E IMGMapper: set:488 set: Unset optional value from type CTA861_3
10-27 20:27:04.806  8412  8451 E IMGMapper: set:488 set: Unset optional value from type SMPTE2086
10-27 20:27:04.806  8412  8451 E IMGMapper: set:488 set: Unset optional value from type CTA861_3
10-27 20:27:04.821  8412  8451 E IMGMapper: set:488 set: Unset optional value from type SMPTE2086
10-27 20:27:04.822  8412  8451 E IMGMapper: set:488 set: Unset optional value from type CTA861_3
10-27 20:27:04.845  8412  8451 E IMGMapper: set:488 set: Unset optional value from type SMPTE2086
10-27 20:27:04.845  8412  8451 E IMGMapper: set:488 set: Unset optional value from type CTA861_3
10-27 20:27:04.877  8412  8412 D ScrollView: initGoToTop
10-27 20:27:04.913  1187  1303 I GestureDetector: handleMessage TAP
10-27 20:27:04.915  1187  1187 I GestureDetector: handleMessage TAP
10-27 20:27:04.926  8412  8451 E IMGMapper: set:488 set: Unset optional value from type SMPTE2086
10-27 20:27:04.926  8412  8451 E IMGMapper: set:488 set: Unset optional value from type CTA861_3
10-27 20:27:04.929  1737  1942 D MobileStatusTracker(0/2): onSignalStrengthsChanged level=3, vendorLevel=3
10-27 20:27:04.933  1737  1942 D MobileSignalController(0/2): notifyListener: enabled=true, connected=true, dataConnected=true, networkType=LTE (4G), emergencyOnly=false, roaming=false, isDefault=false, dataActivity=, level=3, ca=false, mmWave=false, disabledDataIcon=false, simCard=ETC
10-27 20:27:04.934  1737  1942 D NetworkController: SignalStrength from intent slotId=0
10-27 20:27:04.944  8412  8451 E IMGMapper: set:488 set: Unset optional value from type SMPTE2086
10-27 20:27:04.945  8412  8451 E IMGMapper: set:488 set: Unset optional value from type CTA861_3
10-27 20:27:04.969  8412  8451 E IMGMapper: set:488 set: Unset optional value from type SMPTE2086
10-27 20:27:04.969  8412  8451 E IMGMapper: set:488 set: Unset optional value from type CTA861_3
10-27 20:27:04.982  8412  8451 E IMGMapper: set:488 set: Unset optional value from type SMPTE2086
10-27 20:27:04.982  8412  8451 E IMGMapper: set:488 set: Unset optional value from type CTA861_3
10-27 20:27:04.996  8412  8451 E IMGMapper: set:488 set: Unset optional value from type SMPTE2086
10-27 20:27:04.996  8412  8451 E IMGMapper: set:488 set: Unset optional value from type CTA861_3
10-27 20:27:05.010  8412  8451 E IMGMapper: set:488 set: Unset optional value from type SMPTE2086
10-27 20:27:05.011  8412  8451 E IMGMapper: set:488 set: Unset optional value from type CTA861_3
10-27 20:27:05.028  8412  8451 E IMGMapper: set:488 set: Unset optional value from type SMPTE2086
10-27 20:27:05.028  8412  8451 E IMGMapper: set:488 set: Unset optional value from type CTA861_3
10-27 20:27:05.046  8412  8451 E IMGMapper: set:488 set: Unset optional value from type SMPTE2086
10-27 20:27:05.046  8412  8451 E IMGMapper: set:488 set: Unset optional value from type CTA861_3
10-27 20:27:05.064  8412  8451 E IMGMapper: set:488 set: Unset optional value from type SMPTE2086
10-27 20:27:05.064  8412  8451 E IMGMapper: set:488 set: Unset optional value from type CTA861_3
10-27 20:27:05.076  8412  8451 E IMGMapper: set:488 set: Unset optional value from type SMPTE2086
10-27 20:27:05.076  8412  8451 E IMGMapper: set:488 set: Unset optional value from type CTA861_3
10-27 20:27:05.089  8412  8451 E IMGMapper: set:488 set: Unset optional value from type SMPTE2086
10-27 20:27:05.089  8412  8451 E IMGMapper: set:488 set: Unset optional value from type CTA861_3
10-27 20:27:05.103  8412  8451 E IMGMapper: set:488 set: Unset optional value from type SMPTE2086
10-27 20:27:05.103  8412  8451 E IMGMapper: set:488 set: Unset optional value from type CTA861_3
10-27 20:27:05.122  8412  8451 E IMGMapper: set:488 set: Unset optional value from type SMPTE2086
10-27 20:27:05.122  8412  8451 E IMGMapper: set:488 set: Unset optional value from type CTA861_3
10-27 20:27:05.140  8412  8451 E IMGMapper: set:488 set: Unset optional value from type SMPTE2086
10-27 20:27:05.140  8412  8451 E IMGMapper: set:488 set: Unset optional value from type CTA861_3
10-27 20:27:05.155  8412  8451 E IMGMapper: set:488 set: Unset optional value from type SMPTE2086
10-27 20:27:05.156  8412  8451 E IMGMapper: set:488 set: Unset optional value from type CTA861_3
10-27 20:27:05.172  8412  8451 E IMGMapper: set:488 set: Unset optional value from type SMPTE2086
10-27 20:27:05.172  8412  8451 E IMGMapper: set:488 set: Unset optional value from type CTA861_3
10-27 20:27:05.188  8412  8451 E IMGMapper: set:488 set: Unset optional value from type SMPTE2086
10-27 20:27:05.188  8412  8451 E IMGMapper: set:488 set: Unset optional value from type CTA861_3
10-27 20:27:05.205  8412  8451 E IMGMapper: set:488 set: Unset optional value from type SMPTE2086
10-27 20:27:05.205  8412  8451 E IMGMapper: set:488 set: Unset optional value from type CTA861_3
10-27 20:27:05.224  8412  8451 E IMGMapper: set:488 set: Unset optional value from type SMPTE2086
10-27 20:27:05.224  8412  8451 E IMGMapper: set:488 set: Unset optional value from type CTA861_3
10-27 20:27:05.239  8412  8451 E IMGMapper: set:488 set: Unset optional value from type SMPTE2086
10-27 20:27:05.239  8412  8451 E IMGMapper: set:488 set: Unset optional value from type CTA861_3
10-27 20:27:05.257  8412  8451 E IMGMapper: set:488 set: Unset optional value from type SMPTE2086
10-27 20:27:05.257  8412  8451 E IMGMapper: set:488 set: Unset optional value from type CTA861_3
10-27 20:27:05.266  8412  8451 E IMGMapper: set:488 set: Unset optional value from type SMPTE2086
10-27 20:27:05.266  8412  8451 E IMGMapper: set:488 set: Unset optional value from type CTA861_3
10-27 20:27:05.280  8412  8451 E IMGMapper: set:488 set: Unset optional value from type SMPTE2086
10-27 20:27:05.280  8412  8451 E IMGMapper: set:488 set: Unset optional value from type CTA861_3
10-27 20:27:05.393   543   543 D io_stats: !@ 179,0 r 552477846 6681225098 w 96091994 1019099928 d 1259598 33790876 f 0 0 iot 277062196 0 th 0 0 0 pt 0 inp 0 0 2957743.492
10-27 20:27:05.770   992   992 I android.hardware.health@2.1-service-samsung: start ISehThermal::getService()
10-27 20:27:05.772   494   494 I hwservicemanager: getTransport: Cannot find entry vendor.samsung.hardware.thermal@1.0::ISehThermal/default in either framework or device VINTF manifest.
10-27 20:27:05.772   992   992 E android.hardware.health@2.1-service-samsung: ISehThermal::getService() fail
10-27 20:27:05.774  1187  1333 D BatteryService: Sending ACTION_BATTERY_CHANGED: level:66, status:2, health:2, ac:false, usb:true, wireless:false, pogo:false, misc:0x0, charge_type:1, charger_type:0, voltage:4021, temperature:334, online:1, current_avg:277200, ps:false, hvc:false, capacity:280000, current_event:0x0, current_now:259900, mcc:500000, mcv:5000000, cc:1944360, present:true, scale:100, technology:Li-ion
10-27 20:27:05.777  1187  1527 D MotionRecognitionService: [SAR]  onReceive : ACTION_BATTERY_CHANGED, Plugged: 2
10-27 20:27:05.778  1187  1674 I DeviceBatteryInfoService: action: android.intent.action.BATTERY_CHANGED
10-27 20:27:05.778  1187  1674 I DeviceBatteryInfoService: phone battery level: 66
10-27 20:27:05.778  1187  1674 I DeviceBatteryInfoService: phone battery status: 2
10-27 20:27:05.778  1187  1187 D PhoneWindowManagerExt: ACTION_BATTERY_CHANGED - Level=66, status=2
10-27 20:27:05.779  1187  1187 D SemWifiApBroadcastReceiver: Received : android.intent.action.BATTERY_CHANGED
10-27 20:27:05.780  1711  1711 D SemBigDataInfoController: Intent: android.intent.action.BATTERY_CHANGED
10-27 20:27:05.781  1711  1711 D SemBigDataInfoController: Intent: android.intent.action.BATTERY_CHANGED
10-27 20:27:05.781  1737  1737 I PowerUI : mBootCompleted = true |  mFullyConnected = true
10-27 20:27:05.781  1737  1737 I PowerUI : BATTERY_HEALTH_CHECK extraHealth=2 mBatteryMiscEvent=0
10-27 20:27:05.782  1737  1737 W PowerUI : Plug reason
10-27 20:27:05.782  1737  1737 W PowerUI : Skip charging animation - by plug status
10-27 20:27:05.782  1737  1737 D PowerUI : priorPlugType = 2 mPlugType = 2 priorBatteryStatus = 2 mBatteryStatus = 2
10-27 20:27:05.782  1737  1737 W PowerUI : Plug reason
10-27 20:27:05.782  1737  1737 W PowerUI : Skip charging sound - by plug status
10-27 20:27:05.782  1737  1737 I PowerUI : oldMisalign : false, curMisalign : false
10-27 20:27:05.782  1737 10636 D SecPowerUI.Notification: dismissing low battery warning: level=66
10-27 20:27:05.782  1737 10636 D SecPowerUI.Notification: updateNotification mWarning=false mPlaySound=false
10-27 20:27:05.783  1737 10636 D SecPowerUI.Notification: SecBatteryStatsSnapshot{batteryLevel=66, currentBatteryMode=0, chargingTime=0, chargingType=11, batteryHealth=2, automaticTestMode=false, isHiccupState=false}
10-27 20:27:05.783  1737  1737 D SecPowerUI.Notification: showChargingNotice oldChargingType : 11 / currentChargingType : 11, oldChargingTime : 0 / mChargingTime : 0
10-27 20:27:05.783  1737  1737 D SecPowerUI.Notification: There is no change about charging status, so return!
10-27 20:27:05.783  1737  1737 D PowerUI : Battery swelling mode - priorBatterySwellingMode = 0 mBatterySwellingMode = 0 mBatteryStatus = 2
10-27 20:27:05.783  1737  1737 I PowerUI : mBatteryMiscEvent = 0
10-27 20:27:05.784  1737  1737 D KeyguardUpdateMonitor: received broadcast android.intent.action.BATTERY_CHANGED
10-27 20:27:05.784  1737  1737 D SamsungBatteryMeterDrawable: onBatteryLevelChanged isSomethingChanged: false
10-27 20:27:05.784  1737 10636 D SecPowerUI.Notification: 1. restoreScreenTimeOut - saved_value : :
10-27 20:27:05.784  1737 10636 E SecPowerUI.Notification: no saved value, so we do nothing !!
10-27 20:27:05.784  1737  1737 D SamsungBatteryMeterDrawable: onBatteryLevelChanged isSomethingChanged: false
10-27 20:27:05.785  1737  1737 D SamsungBatteryMeterDrawable: onBatteryLevelChanged isSomethingChanged: false
10-27 20:27:05.786  1737  1737 D SamsungBatteryMeterDrawable: onBatteryLevelChanged isSomethingChanged: false
10-27 20:27:05.788  1737  1737 D KeyguardUpdateMonitor: handleBatteryUpdate
10-27 20:27:05.792  1737  1737 I AODBatteryManager: updateBatteryData: ACTION_BATTERY_CHANGED
10-27 20:27:05.793  1737  1737 I AODBatteryManager: saveBatteryData : AOD BatteryData [mBatteryLevel=66, mBatteryStatus=CHARGING, mBatteryPlugType=USB, mBatteryPlugged=true, mRemainingChargeTime=18127270, mBatteryChargingType=1, mBatteryChargerType=NORMAL, mBatteryOnline=NONE, mBatterySwellingMode=NONE, mBatteryProtectMode=false]
10-27 20:27:05.926 29501 29501 I wpa_supplicant: Heartbeat 1500
10-27 20:27:06.046  1187  1866 D CustomizedBinderCallsStatsInternal: reportCpuUsage() : 3%
10-27 20:27:06.046  1187  1334 I BinderCallsStats: Collected cpu time : 0us, collected call count : 0 for 120196 ms
10-27 20:27:06.209  1737  1942 D MobileStatusTracker(0/2): onSignalStrengthsChanged level=3, vendorLevel=3
10-27 20:27:06.212  1737  1942 D MobileSignalController(0/2): notifyListener: enabled=true, connected=true, dataConnected=true, networkType=LTE (4G), emergencyOnly=false, roaming=false, isDefault=false, dataActivity=, level=3, ca=false, mmWave=false, disabledDataIcon=false, simCard=ETC
10-27 20:27:06.213  1737  1942 D NetworkController: SignalStrength from intent slotId=0
10-27 20:27:06.303  1693  1693 I WifiHAL : Get link layer stats
10-27 20:27:06.303  1693  1693 I WifiHAL : GetLinkStatsCommand::create
10-27 20:27:06.303  1693  1693 D android.hardware.wifi@1.0-service-lazy: WifiRequest::create vendor command to iface 38, vendor_id=0x1a11, subcmd=0x1200, res=0
10-27 20:27:06.303  1693  1693 I android.hardware.wifi@1.0-service-lazy: WifiCommand::requestResponse err=-95
10-27 20:27:06.303  1693  1693 I WifiHAL : wifi_get_link_stats: result=-3
10-27 20:27:06.307  1187  1566 E WifiVendorHal: getWifiLinkLayerStats_1_5_Internal(l.1179) failed {.code = ERROR_NOT_SUPPORTED, .description = }
10-27 20:27:06.316  1187 22074 D SemWifiUsabilityStatsMonitor: onWifiUsabilityStats - seqNum 38419, isSameBssidAndFreq true
10-27 20:27:06.318  1187  1645 I SemWifiLinkQualityMonitor: Link Qos query: inf. ms / 0 Mbps
10-27 20:27:06.667  1737  1942 D MobileStatusTracker(1/1): onSignalStrengthsChanged level=4, vendorLevel=4
10-27 20:27:06.668  1737  1942 D MobileSignalController(1/1): notifyListener: enabled=true, connected=true, dataConnected=false, networkType=UMTS (3G), emergencyOnly=true, roaming=false, isDefault=false, dataActivity=, level=4, ca=false, mmWave=false, disabledDataIcon=false, simCard=ETC
10-27 20:27:06.672  1737  1942 D NetworkController: SignalStrength from intent slotId=1
10-27 20:27:06.703  1187  1479 D InputDispatcher: Inject motion (8659/2000): action=0x0, time=2957744801000000, f=0x0, d=0 dsdx=1.000000 dtdx=0.000000
10-27 20:27:06.704  1187  1534 I InputDispatcher: Delivering touch to (1737): action: 0x4, f=0x0, d=0, 'd92b8ad', t=1 
10-27 20:27:06.704  1187  1534 I InputDispatcher: Delivering touch to (8412): action: 0x0, f=0x0, d=0, 'caf65fb', t=1 
10-27 20:27:06.705  1187  1534 D PowerManagerService: [api] userActivityFromNative :  (event: 2 flags: 0 displayId: 0) eventTime = 2957744801
10-27 20:27:06.705  8412  8412 I ViewRootImpl@aff6157[MainActivity]: ViewPostIme pointer 0
10-27 20:27:06.706  1187  1303 I GestureDetector: obtain mCurrentDownEvent. id: -296375604 caller: com.android.server.wm.SystemGesturesPointerEventListener.onPointerEvent:203 com.android.server.wm.PointerEventDispatcher.onInputEvent:53 android.view.InputEventReceiver.dispatchInputEvent:285 
10-27 20:27:06.707  1187  1303 I GestureDetector: obtain mCurrentDownEvent. id: -296375604 caller: com.android.server.wm.SystemPerformancePointerEventListener.onPointerEvent:89 com.android.server.wm.PointerEventDispatcher.onInputEvent:53 android.view.InputEventReceiver.dispatchInputEvent:285 
10-27 20:27:06.721  1187  1479 D InputDispatcher: Inject motion (8659/2000): action=0x1, time=2957744801000000, f=0x0, d=0 dsdx=1.000000 dtdx=0.000000
10-27 20:27:06.722  1187  1534 I InputDispatcher: Delivering touch to (8412): action: 0x1, f=0x0, d=0, 'caf65fb', t=1 
10-27 20:27:06.722  8412  8412 I ViewRootImpl@aff6157[MainActivity]: ViewPostIme pointer 1
10-27 20:27:06.723  1187  1303 I GestureDetector: obtain mCurrentMotionEventRaw. action: 1 id: -705479249
10-27 20:27:06.723  1187  1303 I GestureDetector: obtain mCurrentMotionEventRaw. action: 1 id: -705479249
10-27 20:27:06.750  8412  8451 E IMGMapper: set:488 set: Unset optional value from type SMPTE2086
10-27 20:27:06.750  8412  8451 E IMGMapper: set:488 set: Unset optional value from type CTA861_3
10-27 20:27:06.754  1039  1039 I BufferQueueProducer: [com.cinemamovel/com.cinemamovel.MainActivity$_8412#601551](this:0xb400007a1f76e838,id:-1,api:0,p:-1,c:1039) queueBuffer: fps=15.26 dur=2096.49 max=1447.92 min=15.87
10-27 20:27:06.756   991 11009 I hwcomposer: [HWCDisplay] [Display_0 (type:1)] fps:15.263186,dur:2096.55,max:1448.43,min:15.39  
10-27 20:27:06.776  8412  8451 E IMGMapper: set:488 set: Unset optional value from type SMPTE2086
10-27 20:27:06.776  8412  8451 E IMGMapper: set:488 set: Unset optional value from type CTA861_3
10-27 20:27:06.793  8412  8451 E IMGMapper: set:488 set: Unset optional value from type SMPTE2086
10-27 20:27:06.794  8412  8451 E IMGMapper: set:488 set: Unset optional value from type CTA861_3
10-27 20:27:06.810  8412  8451 E IMGMapper: set:488 set: Unset optional value from type SMPTE2086
10-27 20:27:06.810  8412  8451 E IMGMapper: set:488 set: Unset optional value from type CTA861_3
10-27 20:27:06.845  8412  8451 E IMGMapper: set:488 set: Unset optional value from type SMPTE2086
10-27 20:27:06.845  8412  8451 E IMGMapper: set:488 set: Unset optional value from type CTA861_3
10-27 20:27:06.854  8412  8451 E IMGMapper: set:488 set: Unset optional value from type SMPTE2086
10-27 20:27:06.854  8412  8451 E IMGMapper: set:488 set: Unset optional value from type CTA861_3
10-27 20:27:06.861  8412  8451 E IMGMapper: set:488 set: Unset optional value from type SMPTE2086
10-27 20:27:06.861  8412  8451 E IMGMapper: set:488 set: Unset optional value from type CTA861_3
10-27 20:27:06.880  8412  8451 E IMGMapper: set:488 set: Unset optional value from type SMPTE2086
10-27 20:27:06.880  8412  8451 E IMGMapper: set:488 set: Unset optional value from type CTA861_3
10-27 20:27:06.895  8412  8451 E IMGMapper: set:488 set: Unset optional value from type SMPTE2086
10-27 20:27:06.895  8412  8451 E IMGMapper: set:488 set: Unset optional value from type CTA861_3
10-27 20:27:06.912  8412  8451 E IMGMapper: set:488 set: Unset optional value from type SMPTE2086
10-27 20:27:06.912  8412  8451 E IMGMapper: set:488 set: Unset optional value from type CTA861_3
10-27 20:27:06.930  8412  8451 E IMGMapper: set:488 set: Unset optional value from type SMPTE2086
10-27 20:27:06.930  8412  8451 E IMGMapper: set:488 set: Unset optional value from type CTA861_3
10-27 20:27:06.947  8412  8451 E IMGMapper: set:488 set: Unset optional value from type SMPTE2086
10-27 20:27:06.947  8412  8451 E IMGMapper: set:488 set: Unset optional value from type CTA861_3
10-27 20:27:06.965  8412  8451 E IMGMapper: set:488 set: Unset optional value from type SMPTE2086
10-27 20:27:06.966  8412  8451 E IMGMapper: set:488 set: Unset optional value from type CTA861_3
10-27 20:27:06.979  8412  8451 E IMGMapper: set:488 set: Unset optional value from type SMPTE2086
10-27 20:27:06.980  8412  8451 E IMGMapper: set:488 set: Unset optional value from type CTA861_3
10-27 20:27:06.999  8412  8451 E IMGMapper: set:488 set: Unset optional value from type SMPTE2086
10-27 20:27:07.000  8412  8451 E IMGMapper: set:488 set: Unset optional value from type CTA861_3
10-27 20:27:07.006  1187  1303 I GestureDetector: handleMessage TAP
10-27 20:27:07.006  1187  1187 I GestureDetector: handleMessage TAP
10-27 20:27:07.014  8412  8451 E IMGMapper: set:488 set: Unset optional value from type SMPTE2086
10-27 20:27:07.014  8412  8451 E IMGMapper: set:488 set: Unset optional value from type CTA861_3
10-27 20:27:07.050  8412  8451 E IMGMapper: set:488 set: Unset optional value from type SMPTE2086
10-27 20:27:07.050  8412  8451 E IMGMapper: set:488 set: Unset optional value from type CTA861_3
10-27 20:27:07.395   543   543 D io_stats: !@ 179,0 r 552477849 6681225110 w 96092082 1019102576 d 1259598 33790876 f 0 0 iot 277062796 0 th 0 0 0 pt 0 inp 0 0 2957745.493
10-27 20:27:07.490  1737  1942 D MobileStatusTracker(0/2): onSignalStrengthsChanged level=3, vendorLevel=3
10-27 20:27:07.494  1737  1942 D MobileSignalController(0/2): notifyListener: enabled=true, connected=true, dataConnected=true, networkType=LTE (4G), emergencyOnly=false, roaming=false, isDefault=false, dataActivity=, level=3, ca=false, mmWave=false, disabledDataIcon=false, simCard=ETC
10-27 20:27:07.498  1737  1942 D NetworkController: SignalStrength from intent slotId=0
10-27 20:27:07.804  1187  1965 D InputDispatcher: Inject motion (8664/2000): action=0x0, time=2957745902000000, f=0x0, d=0 dsdx=1.000000 dtdx=0.000000
10-27 20:27:07.805  1187  1534 I InputDispatcher: Delivering touch to (1737): action: 0x4, f=0x0, d=0, 'd92b8ad', t=1 
10-27 20:27:07.805  1187  1534 I InputDispatcher: Delivering touch to (8412): action: 0x0, f=0x0, d=0, 'caf65fb', t=1 
10-27 20:27:07.806  8412  8412 I ViewRootImpl@aff6157[MainActivity]: ViewPostIme pointer 0
10-27 20:27:07.806  1187  1534 D PowerManagerService: [api] userActivityFromNative :  (event: 2 flags: 0 displayId: 0) eventTime = 2957745902
10-27 20:27:07.807  1187  1303 I GestureDetector: obtain mCurrentDownEvent. id: -325066195 caller: com.android.server.wm.SystemGesturesPointerEventListener.onPointerEvent:203 com.android.server.wm.PointerEventDispatcher.onInputEvent:53 android.view.InputEventReceiver.dispatchInputEvent:285 
10-27 20:27:07.808  1187  1303 I GestureDetector: obtain mCurrentDownEvent. id: -325066195 caller: com.android.server.wm.SystemPerformancePointerEventListener.onPointerEvent:89 com.android.server.wm.PointerEventDispatcher.onInputEvent:53 android.view.InputEventReceiver.dispatchInputEvent:285 
10-27 20:27:07.816  1187  1965 D InputDispatcher: Inject motion (8664/2000): action=0x1, time=2957745902000000, f=0x0, d=0 dsdx=1.000000 dtdx=0.000000
10-27 20:27:07.816  1187  1534 I InputDispatcher: Delivering touch to (8412): action: 0x1, f=0x0, d=0, 'caf65fb', t=1 
10-27 20:27:07.816  8412  8412 I ViewRootImpl@aff6157[MainActivity]: ViewPostIme pointer 1
10-27 20:27:07.817  1187  1303 I GestureDetector: obtain mCurrentMotionEventRaw. action: 1 id: -882339963
10-27 20:27:07.817  1187  1303 I GestureDetector: obtain mCurrentMotionEventRaw. action: 1 id: -882339963
10-27 20:27:07.882  8412  8451 E IMGMapper: set:488 set: Unset optional value from type SMPTE2086
10-27 20:27:07.882  8412  8451 E IMGMapper: set:488 set: Unset optional value from type CTA861_3
10-27 20:27:07.885  1039  1039 I BufferQueueProducer: [com.cinemamovel/com.cinemamovel.MainActivity$_8412#601551](this:0xb400007a1f76e838,id:-1,api:0,p:-1,c:1039) queueBuffer: fps=15.02 dur=1131.86 max=832.56 min=16.30
10-27 20:27:07.888   991 11009 I hwcomposer: [HWCDisplay] [Display_0 (type:1)] fps:15.022322,dur:1131.65,max:832.91,min:15.74  
10-27 20:27:07.953  1737  1942 D MobileStatusTracker(1/1): onSignalStrengthsChanged level=4, vendorLevel=4
10-27 20:27:07.957  1737  1942 D MobileSignalController(1/1): notifyListener: enabled=true, connected=true, dataConnected=false, networkType=UMTS (3G), emergencyOnly=true, roaming=false, isDefault=false, dataActivity=, level=4, ca=false, mmWave=false, disabledDataIcon=false, simCard=ETC
10-27 20:27:07.958  1737  1942 D NetworkController: SignalStrength from intent slotId=1
10-27 20:27:08.107  1187  1187 I GestureDetector: handleMessage TAP
10-27 20:27:08.107  1187  1303 I GestureDetector: handleMessage TAP
10-27 20:27:08.161  1187  1486 D SensorService: [SO] -0.675 1.897 9.893
10-27 20:27:08.303 22104 22258 I ContactsProvider_EventLog: cp_s: [CONTACT con(156) dat(1622) acc({google(35)=1, google(2)=155, com.google.android.apps.tachyon(10)=4, com.google.android.apps.tachyon(24)=36, com.whatsapp(9)=124}) calls([logtype:100 cnt:1014]) Iso(BR) uId(0) ]
10-27 20:27:08.303 22104 22258 I ContactsProvider_EventLog: cp_s: [ agr({[2 ,9 ,10]=4, [2 ,9 ,24]=30, [2 ,2]=1, [2]=28, [2 ,24]=3, [35]=1, [2 ,24 ,9]=2, [2 ,9 ,9]=1, [9 ,2 ,24]=1, [9]=1, [2 ,9]=84}) ]
10-27 20:27:08.303 22104 22258 I ContactsProvider_EventLog: cp_s: [ cnt({acore(22104)=1, scs(7467)=1, contacts(30714)=8}) ]
10-27 20:27:08.303 22104 22258 I ContactsProvider_EventLog: cp_s: [PROFILE ] [SAPROFILE con(1) dat(1) acc({phone(1)=1}) ]
10-27 20:27:08.303 22104 22258 I ContactsProvider_EventLog: cp_s: [STATE R(F) ]
10-27 20:27:08.758  1187  1663 D WifiConnectivityMonitor.NetworkStatsAnalyzer: Backhaul result - RSSI:-46, CE:30, PE:30, TI:33, PTI:33, TW:53, PTW:73, Tx:3962, Rx:1526, TxS:3926, RxS:1507, RESULT:true, IC:0, ICT:5, WC:0, WCT:5, R:0, RC:0, IE:0, EC:0
10-27 20:27:08.768  1737  1942 D MobileStatusTracker(0/2): onSignalStrengthsChanged level=3, vendorLevel=3
10-27 20:27:08.773  1737  1942 D MobileSignalController(0/2): notifyListener: enabled=true, connected=true, dataConnected=true, networkType=LTE (4G), emergencyOnly=false, roaming=false, isDefault=false, dataActivity=, level=3, ca=false, mmWave=false, disabledDataIcon=false, simCard=ETC
10-27 20:27:08.774  1737  1942 D NetworkController: SignalStrength from intent slotId=0
10-27 20:27:08.897  1187  1479 D InputDispatcher: Inject motion (8669/2000): action=0x0, time=2957746995000000, f=0x0, d=0 dsdx=1.000000 dtdx=0.000000
10-27 20:27:08.898  1187  1534 I InputDispatcher: Delivering touch to (1737): action: 0x4, f=0x0, d=0, 'd92b8ad', t=1 
10-27 20:27:08.898  1187  1534 I InputDispatcher: Delivering touch to (8412): action: 0x0, f=0x0, d=0, 'caf65fb', t=1 
10-27 20:27:08.898  1187  1534 D PowerManagerService: [api] userActivityFromNative :  (event: 2 flags: 0 displayId: 0) eventTime = 2957746995
10-27 20:27:08.898  8412  8412 I ViewRootImpl@aff6157[MainActivity]: ViewPostIme pointer 0
10-27 20:27:08.899  1187  1303 I GestureDetector: obtain mCurrentDownEvent. id: -379589416 caller: com.android.server.wm.SystemGesturesPointerEventListener.onPointerEvent:203 com.android.server.wm.PointerEventDispatcher.onInputEvent:53 android.view.InputEventReceiver.dispatchInputEvent:285 
10-27 20:27:08.899  1187  1303 I GestureDetector: obtain mCurrentDownEvent. id: -379589416 caller: com.android.server.wm.SystemPerformancePointerEventListener.onPointerEvent:89 com.android.server.wm.PointerEventDispatcher.onInputEvent:53 android.view.InputEventReceiver.dispatchInputEvent:285 
10-27 20:27:08.909  1187  1479 D InputDispatcher: Inject motion (8669/2000): action=0x1, time=2957746995000000, f=0x0, d=0 dsdx=1.000000 dtdx=0.000000
10-27 20:27:08.910  1187  1534 I InputDispatcher: Delivering touch to (8412): action: 0x1, f=0x0, d=0, 'caf65fb', t=1 
10-27 20:27:08.910  8412  8412 I ViewRootImpl@aff6157[MainActivity]: ViewPostIme pointer 1
10-27 20:27:08.910  1187  1303 I GestureDetector: obtain mCurrentMotionEventRaw. action: 1 id: -248544086
10-27 20:27:08.910  1187  1303 I GestureDetector: obtain mCurrentMotionEventRaw. action: 1 id: -248544086
10-27 20:27:08.928  8412  8451 E IMGMapper: set:488 set: Unset optional value from type SMPTE2086
10-27 20:27:08.929  8412  8451 E IMGMapper: set:488 set: Unset optional value from type CTA861_3
10-27 20:27:08.934  1039  1039 I BufferQueueProducer: [com.cinemamovel/com.cinemamovel.MainActivity$_8412#601551](this:0xb400007a1f76e838,id:-1,api:0,p:-1,c:1039) queueBuffer: fps=0.95 dur=1048.33 max=1048.33 min=1048.33
10-27 20:27:08.936   991 11009 I hwcomposer: [HWCDisplay] [Display_0 (type:1)] fps:0.953545,dur:1048.72,max:1048.72,min:1048.72  
10-27 20:27:08.961  8412  8451 E IMGMapper: set:488 set: Unset optional value from type SMPTE2086
10-27 20:27:08.961  8412  8451 E IMGMapper: set:488 set: Unset optional value from type CTA861_3
10-27 20:27:09.000  8412  8451 E IMGMapper: set:488 set: Unset optional value from type SMPTE2086
10-27 20:27:09.001  8412  8451 E IMGMapper: set:488 set: Unset optional value from type CTA861_3
10-27 20:27:09.010  8412  8451 E IMGMapper: set:488 set: Unset optional value from type SMPTE2086
10-27 20:27:09.010  8412  8451 E IMGMapper: set:488 set: Unset optional value from type CTA861_3
10-27 20:27:09.027  8412  8451 E IMGMapper: set:488 set: Unset optional value from type SMPTE2086
10-27 20:27:09.027  8412  8451 E IMGMapper: set:488 set: Unset optional value from type CTA861_3
10-27 20:27:09.045  8412  8451 E IMGMapper: set:488 set: Unset optional value from type SMPTE2086
10-27 20:27:09.045  8412  8451 E IMGMapper: set:488 set: Unset optional value from type CTA861_3
10-27 20:27:09.062  8412  8451 E IMGMapper: set:488 set: Unset optional value from type SMPTE2086
10-27 20:27:09.062  8412  8451 E IMGMapper: set:488 set: Unset optional value from type CTA861_3
10-27 20:27:09.079  8412  8451 E IMGMapper: set:488 set: Unset optional value from type SMPTE2086
10-27 20:27:09.079  8412  8451 E IMGMapper: set:488 set: Unset optional value from type CTA861_3
10-27 20:27:09.095  8412  8451 E IMGMapper: set:488 set: Unset optional value from type SMPTE2086
10-27 20:27:09.095  8412  8451 E IMGMapper: set:488 set: Unset optional value from type CTA861_3
10-27 20:27:09.112  8412  8451 E IMGMapper: set:488 set: Unset optional value from type SMPTE2086
10-27 20:27:09.112  8412  8451 E IMGMapper: set:488 set: Unset optional value from type CTA861_3
10-27 20:27:09.127  8412  8451 E IMGMapper: set:488 set: Unset optional value from type SMPTE2086
10-27 20:27:09.128  8412  8451 E IMGMapper: set:488 set: Unset optional value from type CTA861_3
10-27 20:27:09.144  8412  8451 E IMGMapper: set:488 set: Unset optional value from type SMPTE2086
10-27 20:27:09.144  8412  8451 E IMGMapper: set:488 set: Unset optional value from type CTA861_3
10-27 20:27:09.161  8412  8451 E IMGMapper: set:488 set: Unset optional value from type SMPTE2086
10-27 20:27:09.161  8412  8451 E IMGMapper: set:488 set: Unset optional value from type CTA861_3
10-27 20:27:09.177  8412  8451 E IMGMapper: set:488 set: Unset optional value from type SMPTE2086
10-27 20:27:09.177  8412  8451 E IMGMapper: set:488 set: Unset optional value from type CTA861_3
10-27 20:27:09.194  8412  8451 E IMGMapper: set:488 set: Unset optional value from type SMPTE2086
10-27 20:27:09.194  8412  8451 E IMGMapper: set:488 set: Unset optional value from type CTA861_3
10-27 20:27:09.199  1187  1303 I GestureDetector: handleMessage TAP
10-27 20:27:09.199  1187  1187 I GestureDetector: handleMessage TAP
10-27 20:27:09.212  8412  8451 E IMGMapper: set:488 set: Unset optional value from type SMPTE2086
10-27 20:27:09.212  8412  8451 E IMGMapper: set:488 set: Unset optional value from type CTA861_3
10-27 20:27:09.227  8412  8451 E IMGMapper: set:488 set: Unset optional value from type SMPTE2086
10-27 20:27:09.227  8412  8451 E IMGMapper: set:488 set: Unset optional value from type CTA861_3
10-27 20:27:09.263  1737  1942 D MobileStatusTracker(1/1): onSignalStrengthsChanged level=4, vendorLevel=4
10-27 20:27:09.267  1737  1942 D MobileSignalController(1/1): notifyListener: enabled=true, connected=true, dataConnected=false, networkType=UMTS (3G), emergencyOnly=true, roaming=false, isDefault=false, dataActivity=, level=4, ca=false, mmWave=false, disabledDataIcon=false, simCard=ETC
10-27 20:27:09.267  1737  1942 D NetworkController: SignalStrength from intent slotId=1
10-27 20:27:09.322  1693  1693 I WifiHAL : Get link layer stats
10-27 20:27:09.322  1693  1693 I WifiHAL : GetLinkStatsCommand::create
10-27 20:27:09.322  1693  1693 D android.hardware.wifi@1.0-service-lazy: WifiRequest::create vendor command to iface 38, vendor_id=0x1a11, subcmd=0x1200, res=0
10-27 20:27:09.323  1693  1693 I android.hardware.wifi@1.0-service-lazy: WifiCommand::requestResponse err=-95
10-27 20:27:09.323  1693  1693 I WifiHAL : wifi_get_link_stats: result=-3
10-27 20:27:09.324  1187  1566 E WifiVendorHal: getWifiLinkLayerStats_1_5_Internal(l.1179) failed {.code = ERROR_NOT_SUPPORTED, .description = }
10-27 20:27:09.332  1187 22074 D SemWifiUsabilityStatsMonitor: onWifiUsabilityStats - seqNum 38420, isSameBssidAndFreq true
10-27 20:27:09.335  1187  1645 I SemWifiLinkQualityMonitor: Link Qos query: inf. ms / 0 Mbps
10-27 20:27:09.397   543   543 D io_stats: !@ 179,0 r 552477863 6681225246 w 96092084 1019102584 d 1259598 33790876 f 0 0 iot 277062836 0 th 0 0 0 pt 0 inp 0 0 2957747.495
10-27 20:27:09.709  1205  1205 I thermal_repeater: socket -1
10-27 20:27:09.988  1187  1866 D InputDispatcher: Inject key (8674/2000): action=0, f=0x0, d=-1, time=2957748086000000
10-27 20:27:09.988  1187  1866 D WindowManager: interceptKeyTq keycode=4 interactive=true keyguardActive=false policyFlags=2b000000
10-27 20:27:09.988  1187  1866 D PhoneWindowManagerExt: interceptKeyTq code=4 down=true repeatCount=0 displayId=-1 interactive=true
10-27 20:27:09.988  1187  1866 D WindowManager: interceptKeyTq interceptKeyResult=4
10-27 20:27:09.989  1187  1534 D PowerManagerService: [api] userActivityFromNative :  (event: 1 flags: 0 displayId: 0) eventTime = 2957748086
10-27 20:27:09.989  1187  1534 D WindowManager: interceptKeyTi keyCode=4 down=true repeatCount=0 keyguardOn=false canceled=false
10-27 20:27:09.989  1187  1534 D PhoneWindowManagerExt: interceptKeyTi code=4 down=true repeatCount=0 displayId=-1 interactive=true
10-27 20:27:09.990  1187  1534 I InputDispatcher: Delivering key to (8412): B action: 0x0 (0), f=0x0, m=0x0, d=0, 'caf65fb'
10-27 20:27:09.991 23351 23351 I HBD     : b skip onKeyDown as physical keyboard not connected 
10-27 20:27:09.991 23351 23351 I HBD     : HoneyBoardService onKeyDown r:ad6cc155 consumed:false 0 
10-27 20:27:09.992  8412  8412 I ViewRootImpl@aff6157[MainActivity]: ViewPostIme key 0
10-27 20:27:09.992  8412  8412 D Activity: onKeyDown(KEYCODE_BACK)
10-27 20:27:09.993  1187  1866 D InputDispatcher: Inject key (8674/2000): action=1, f=0x0, d=-1, time=2957748086000000
10-27 20:27:09.993  1187  1866 D WindowManager: interceptKeyTq keycode=4 interactive=true keyguardActive=false policyFlags=2b000000
10-27 20:27:09.994  1187  1866 D PhoneWindowManagerExt: interceptKeyTq code=4 down=false repeatCount=0 displayId=-1 interactive=true
10-27 20:27:09.994  1187  1866 D WindowManager: interceptKeyTq interceptKeyResult=4
10-27 20:27:09.994  1187  1534 D WindowManager: interceptKeyTi keyCode=4 down=false repeatCount=0 keyguardOn=false canceled=false
10-27 20:27:09.994  1187  1534 D PhoneWindowManagerExt: interceptKeyTi code=4 down=false repeatCount=0 displayId=-1 interactive=true
10-27 20:27:09.995  1187  1534 I InputDispatcher: Delivering key to (8412): B action: 0x1 (0), f=0x0, m=0x0, d=0, 'caf65fb'
10-27 20:27:09.997 23351 23351 I HBD     : HoneyBoardService onKeyUp r:9f0093a7 consumed:false 1 
10-27 20:27:09.998  8412  8412 I ViewRootImpl@aff6157[MainActivity]: ViewPostIme key 1
10-27 20:27:09.998  8412  8412 D Activity: onKeyUp(KEYCODE_BACK) isTracking()=true isCanceled()=false hasCallback=false
10-27 20:27:10.046  8412  8462 I ReactNativeJS: ---METRICS_JSON_START---
10-27 20:27:10.046  8412  8462 I ReactNativeJS: {
10-27 20:27:10.046  8412  8462 I ReactNativeJS:   "screenRenders": 15,
10-27 20:27:10.046  8412  8462 I ReactNativeJS:   "componentRenders": {
10-27 20:27:10.046  8412  8462 I ReactNativeJS:     "Loader": 3,
10-27 20:27:10.046  8412  8462 I ReactNativeJS:     "MovieDetailsPure": 12,
10-27 20:27:10.046  8412  8462 I ReactNativeJS:     "Poster": 3,
10-27 20:27:10.046  8412  8462 I ReactNativeJS:     "InfoBlock": 12,
10-27 20:27:10.046  8412  8462 I ReactNativeJS:     "RatingBlock": 12,
10-27 20:27:10.046  8412  8462 I ReactNativeJS:     "Overview": 12,
10-27 20:27:10.046  8412  8462 I ReactNativeJS:     "Genres": 3
10-27 20:27:10.046  8412  8462 I ReactNativeJS:   },
10-27 20:27:10.046  8412  8462 I ReactNativeJS:   "interactionEvents": [
10-27 20:27:10.046  8412  8462 I ReactNativeJS:     {
10-27 20:27:10.046  8412  8462 I ReactNativeJS:       "action": "toggle_favorite",
10-27 20:27:10.046  8412  8462 I ReactNativeJS:       "timestamp": 1761607611651
10-27 20:27:10.046  8412  8462 I ReactNativeJS:     },
10-27 20:27:10.046  8412  8462 I ReactNativeJS:     {
10-27 20:27:10.046  8412  8462 I ReactNativeJS:       "action": "set_rating_3",
10-27 20:27:10.046  8412  8462 I ReactNativeJS:       "timestamp": 1761607612732
10-27 20:27:10.046  8412  8462 I ReactNativeJS:     },
10-27 20:27:10.046  8412  8462 I ReactNativeJS:     {
10-27 20:27:10.046  8412  8462 I ReactNativeJS:       "action": "toggle_overview",
10-27 20:27:10.046  8412  8462 I ReactNativeJS:       "timestamp": 1761607613827
10-27 20:27:10.046  8412  8462 I ReactNativeJS:     },
10-27 20:27:10.046  8412  8462 I ReactNativeJS:     {
10-27 20:27:10.046  8412  8462 I ReactNativeJS:       "action": "component_unmounted_logged",
10-27 20:27:10.046  8412  8462 I ReactNativeJS:       "timestamp": 1761607615132
10-27 20:27:10.046  8412  8462 I ReactNativeJS:     },
10-27 20:27:10.046  8412  8462 I ReactNativeJS:     {
10-27 20:27:10.046  8412  8462 I ReactNativeJS:       "action": "toggle_favorite",
10-27 20:27:10.046  8412  8462 I ReactNativeJS:       "timestamp": 1761607619287
10-27 20:27:10.046  8412  8462 I ReactNativeJS:     },
10-27 20:27:10.046  8412  8462 I ReactNativeJS:     {
10-27 20:27:10.046  8412  8462 I ReactNativeJS:       "action": "set_rating_3",
10-27 20:27:10.046  8412  8462 I ReactNativeJS:       "timestamp": 1761607620368
10-27 20:27:10.046  8412  8462 I ReactNativeJS:     },
10-27 20:27:10.046  8412  8462 I ReactNativeJS:     {
10-27 20:27:10.046  8412  8462 I ReactNativeJS:       "action": "toggle_overview",
10-27 20:27:10.046  8412  8462 I ReactNativeJS:       "timestamp": 1761607621456
10-27 20:27:10.046  8412  8462 I ReactNativeJS:     },
10-27 20:27:10.046  8412  8462 I ReactNativeJS:     {
10-27 20:27:10.046  8412  8462 I ReactNativeJS:       "action": "component_unmounted_logged",
10-27 20:27:10.046  8412  8462 I ReactNativeJS:       "timestamp": 1761607622586
10-27 20:27:10.046  8412  8462 I ReactNativeJS:     },
10-27 20:27:10.046  8412  8462 I ReactNativeJS:     {
10-27 20:27:10.046  8412  8462 I ReactNativeJS:       "action": "toggle_favorite",
10-27 20:27:10.046  8412  8462 I ReactNativeJS:       "timestamp": 1761607626746
10-27 20:27:10.046  8412  8462 I ReactNativeJS:     },
10-27 20:27:10.046  8412  8462 I ReactNativeJS:     {
10-27 20:27:10.046  8412  8462 I ReactNativeJS:       "action": "set_rating_3",
10-27 20:27:10.046  8412  8462 I ReactNativeJS:       "timestamp": 1761607627829
10-27 20:27:10.046  8412  8462 I ReactNativeJS:     },
10-27 20:27:10.046  8412  8462 I ReactNativeJS:     {
10-27 20:27:10.046  8412  8462 I ReactNativeJS:       "action": "toggle_overview",
10-27 20:27:10.046  8412  8462 I ReactNativeJS:       "timestamp": 1761607628923
10-27 20:27:10.046  8412  8462 I ReactNativeJS:     },
10-27 20:27:10.046  8412  8462 I ReactNativeJS:     {
10-27 20:27:10.046  8412  8462 I ReactNativeJS:       "action": "component_unmounted_logged",
10-27 20:27:10.046  8412  8462 I ReactNativeJS:       "timestamp": 1761607630046
10-27 20:27:10.046  8412  8462 I ReactNativeJS:     }
10-27 20:27:10.046  8412  8462 I ReactNativeJS:   ]
10-27 20:27:10.046  8412  8462 I ReactNativeJS: }
10-27 20:27:10.046  8412  8462 I ReactNativeJS: ---METRICS_JSON_END---
10-27 20:27:10.051  1737  1942 D MobileStatusTracker(0/2): onSignalStrengthsChanged level=3, vendorLevel=3
10-27 20:27:10.054  1737  1942 D MobileSignalController(0/2): notifyListener: enabled=true, connected=true, dataConnected=true, networkType=LTE (4G), emergencyOnly=false, roaming=false, isDefault=false, dataActivity=, level=3, ca=false, mmWave=false, disabledDataIcon=false, simCard=ETC
10-27 20:27:10.055  1737  1942 D NetworkController: SignalStrength from intent slotId=0
10-27 20:27:10.102  8412  8451 E IMGMapper: set:488 set: Unset optional value from type SMPTE2086
10-27 20:27:10.102  8412  8451 E IMGMapper: set:488 set: Unset optional value from type CTA861_3
10-27 20:27:10.115  1039  1039 I BufferQueueProducer: [com.cinemamovel/com.cinemamovel.MainActivity$_8412#601551](this:0xb400007a1f76e838,id:-1,api:0,p:-1,c:1039) queueBuffer: fps=14.39 dur=1181.58 max=865.21 min=15.76
10-27 20:27:10.117   991 11009 I hwcomposer: [HWCDisplay] [Display_0 (type:1)] fps:14.394138,dur:1181.04,max:864.74,min:15.98  
10-27 20:27:10.165  8412  8451 E IMGMapper: set:488 set: Unset optional value from type SMPTE2086
10-27 20:27:10.165  8412  8451 E IMGMapper: set:488 set: Unset optional value from type CTA861_3
10-27 20:27:10.176  8412  8451 E IMGMapper: set:488 set: Unset optional value from type SMPTE2086
10-27 20:27:10.176  8412  8451 E IMGMapper: set:488 set: Unset optional value from type CTA861_3
10-27 20:27:10.192  8412  8451 E IMGMapper: set:488 set: Unset optional value from type SMPTE2086
10-27 20:27:10.192  8412  8451 E IMGMapper: set:488 set: Unset optional value from type CTA861_3
10-27 20:27:10.211  8412  8451 E IMGMapper: set:488 set: Unset optional value from type SMPTE2086
10-27 20:27:10.211  8412  8451 E IMGMapper: set:488 set: Unset optional value from type CTA861_3
10-27 20:27:10.211  1187  8678 D TrafficStats: tagSocket(755) with statsTag=0xffffffff, statsUid=-1
10-27 20:27:10.214  1187  8678 D TrafficStats: tagSocket(769) with statsTag=0xffffffff, statsUid=-1
10-27 20:27:10.236  8412  8451 E IMGMapper: set:488 set: Unset optional value from type SMPTE2086
10-27 20:27:10.236  8412  8451 E IMGMapper: set:488 set: Unset optional value from type CTA861_3
10-27 20:27:10.249  8412  8451 E IMGMapper: set:488 set: Unset optional value from type SMPTE2086
10-27 20:27:10.249  8412  8451 E IMGMapper: set:488 set: Unset optional value from type CTA861_3
10-27 20:27:10.266  8412  8451 E IMGMapper: set:488 set: Unset optional value from type SMPTE2086
10-27 20:27:10.266  8412  8451 E IMGMapper: set:488 set: Unset optional value from type CTA861_3
