10-20 20:15:59.497 23059 23073 I dvns    : (REDACTED) Ignoring irrelevant audio permission changes for package %s
10-20 20:15:59.503 10272 10342 D WM-GreedyScheduler: Cancelling work ID 8b9fbde0-8739-4e68-932a-71be06df99da
10-20 20:15:59.512 10272 10342 D WM-NetworkStateTracker: Unregistering network callback
10-20 20:15:59.518 10272 10342 D ConnectivityManager: StackLog: [android.net.ConnectivityManager.unregisterNetworkCallback(ConnectivityManager.java:5076)] [X.HRq.A04(:20)] [X.K1j.invoke(:27)] [X.2l8.A00(:98)] [X.3EF.invokeSuspend(:10)] [X.0vz.resumeWith(:8)] [X.0wP.run(:98)] [X.HIQ.run(:2)] [java.util.concurrent.ThreadPoolExecutor.runWorker(ThreadPoolExecutor.java:1145)] [java.util.concurrent.ThreadPoolExecutor$Worker.run(ThreadPoolExecutor.java:644)] [java.lang.Thread.run(Thread.java:1012)]
10-20 20:15:59.519  1483  2385 D ConnectivityService:  Removing from current network [475 WIFI], leaving 141 requests.
10-20 20:15:59.550 19138 19150 D InputTransport: Input channel destroyed: 'ClientS', fd=127
10-20 20:15:59.590 19138 19180 E IMGMapper: set:488 set: Unset optional value from type SMPTE2086
10-20 20:15:59.590 19138 19180 E IMGMapper: set:488 set: Unset optional value from type CTA861_3
10-20 20:15:59.603  1039  1039 I BufferQueueProducer: [com.cinemamovel/com.cinemamovel.MainActivity$_19138#505932](this:0xb400007a1f6f0838,id:-1,api:0,p:-1,c:1039) queueBuffer: fps=15.03 dur=2195.57 max=1563.23 min=15.79
10-20 20:15:59.605   991  1074 I hwcomposer: [HWCDisplay] [Display_0 (type:1)] fps:15.036904,dur:2194.60,max:1563.28,min:15.65  
10-20 20:15:59.628  2486  2486 I WifiHAL : Get link layer stats
10-20 20:15:59.628  2486  2486 I WifiHAL : GetLinkStatsCommand::create
10-20 20:15:59.628  2486  2486 D android.hardware.wifi@1.0-service-lazy: WifiRequest::create vendor command to iface 38, vendor_id=0x1a11, subcmd=0x1200, res=0
10-20 20:15:59.628  2486  2486 I android.hardware.wifi@1.0-service-lazy: WifiCommand::requestResponse err=-95
10-20 20:15:59.628  2486  2486 I WifiHAL : wifi_get_link_stats: result=-3
10-20 20:15:59.629  1483  2363 E WifiVendorHal: getWifiLinkLayerStats_1_5_Internal(l.1179) failed {.code = ERROR_NOT_SUPPORTED, .description = }
10-20 20:15:59.634  1483  3390 D SemWifiUsabilityStatsMonitor: onWifiUsabilityStats - seqNum 543560, isSameBssidAndFreq true
10-20 20:15:59.636  1483  2437 I SemWifiLinkQualityMonitor: Link Qos query: inf. ms / 0 Mbps
10-20 20:15:59.667 19138 19180 E IMGMapper: set:488 set: Unset optional value from type SMPTE2086
10-20 20:15:59.667 19138 19180 E IMGMapper: set:488 set: Unset optional value from type CTA861_3
10-20 20:15:59.676 19138 19180 E IMGMapper: set:488 set: Unset optional value from type SMPTE2086
10-20 20:15:59.676 19138 19180 E IMGMapper: set:488 set: Unset optional value from type CTA861_3
10-20 20:15:59.684 19138 19180 E IMGMapper: set:488 set: Unset optional value from type SMPTE2086
10-20 20:15:59.684 19138 19180 E IMGMapper: set:488 set: Unset optional value from type CTA861_3
10-20 20:15:59.699 19138 19180 E IMGMapper: set:488 set: Unset optional value from type SMPTE2086
10-20 20:15:59.699 19138 19180 E IMGMapper: set:488 set: Unset optional value from type CTA861_3
10-20 20:15:59.720 19138 19180 E IMGMapper: set:488 set: Unset optional value from type SMPTE2086
10-20 20:15:59.720 19138 19180 E IMGMapper: set:488 set: Unset optional value from type CTA861_3
10-20 20:15:59.736 19138 19180 E IMGMapper: set:488 set: Unset optional value from type SMPTE2086
10-20 20:15:59.736 19138 19180 E IMGMapper: set:488 set: Unset optional value from type CTA861_3
10-20 20:15:59.750 19138 19180 E IMGMapper: set:488 set: Unset optional value from type SMPTE2086
10-20 20:15:59.750 19138 19180 E IMGMapper: set:488 set: Unset optional value from type CTA861_3
10-20 20:15:59.766 19138 19180 E IMGMapper: set:488 set: Unset optional value from type SMPTE2086
10-20 20:15:59.766 19138 19180 E IMGMapper: set:488 set: Unset optional value from type CTA861_3
10-20 20:15:59.783 19138 19180 E IMGMapper: set:488 set: Unset optional value from type SMPTE2086
10-20 20:15:59.783 19138 19180 E IMGMapper: set:488 set: Unset optional value from type CTA861_3
10-20 20:15:59.800 19138 19180 E IMGMapper: set:488 set: Unset optional value from type SMPTE2086
10-20 20:15:59.800 19138 19180 E IMGMapper: set:488 set: Unset optional value from type CTA861_3
10-20 20:15:59.816 19138 19180 E IMGMapper: set:488 set: Unset optional value from type SMPTE2086
10-20 20:15:59.816 19138 19180 E IMGMapper: set:488 set: Unset optional value from type CTA861_3
10-20 20:15:59.833 19138 19180 E IMGMapper: set:488 set: Unset optional value from type SMPTE2086
10-20 20:15:59.833 19138 19180 E IMGMapper: set:488 set: Unset optional value from type CTA861_3
10-20 20:15:59.852 19138 19180 E IMGMapper: set:488 set: Unset optional value from type SMPTE2086
10-20 20:15:59.852 19138 19180 E IMGMapper: set:488 set: Unset optional value from type CTA861_3
10-20 20:15:59.866 19138 19180 E IMGMapper: set:488 set: Unset optional value from type SMPTE2086
10-20 20:15:59.866 19138 19180 E IMGMapper: set:488 set: Unset optional value from type CTA861_3
10-20 20:15:59.884 19138 19180 E IMGMapper: set:488 set: Unset optional value from type SMPTE2086
10-20 20:15:59.884 19138 19180 E IMGMapper: set:488 set: Unset optional value from type CTA861_3
10-20 20:15:59.899 19138 19180 E IMGMapper: set:488 set: Unset optional value from type SMPTE2086
10-20 20:15:59.900 19138 19180 E IMGMapper: set:488 set: Unset optional value from type CTA861_3
10-20 20:15:59.916 19138 19180 E IMGMapper: set:488 set: Unset optional value from type SMPTE2086
10-20 20:15:59.917 19138 19180 E IMGMapper: set:488 set: Unset optional value from type CTA861_3
10-20 20:15:59.934 19138 19180 E IMGMapper: set:488 set: Unset optional value from type SMPTE2086
10-20 20:15:59.934 19138 19180 E IMGMapper: set:488 set: Unset optional value from type CTA861_3
10-20 20:15:59.950 19138 19180 E IMGMapper: set:488 set: Unset optional value from type SMPTE2086
10-20 20:15:59.950 19138 19180 E IMGMapper: set:488 set: Unset optional value from type CTA861_3
10-20 20:15:59.963  1483  6047 I ActivityManager: Killing 17969:com.facebook.appmanager/u0a146 (adj 999): empty #25
10-20 20:15:59.973 19138 19180 E IMGMapper: set:488 set: Unset optional value from type SMPTE2086
10-20 20:15:59.973 19138 19180 E IMGMapper: set:488 set: Unset optional value from type CTA861_3
10-20 20:15:59.983  1483  1560 I libprocessgroup: Successfully killed process cgroup uid 10146 pid 17969 in 17ms
10-20 20:15:59.985 19138 19180 E IMGMapper: set:488 set: Unset optional value from type SMPTE2086
10-20 20:15:59.985 19138 19180 E IMGMapper: set:488 set: Unset optional value from type CTA861_3
10-20 20:16:00.001 19138 19180 E IMGMapper: set:488 set: Unset optional value from type SMPTE2086
10-20 20:16:00.002 19138 19180 E IMGMapper: set:488 set: Unset optional value from type CTA861_3
10-20 20:16:00.004  2521  2521 D KeyguardUpdateMonitor: received broadcast android.intent.action.TIME_TICK
10-20 20:16:00.004  2521  2521 D KeyguardUpdateMonitor: handleTimeUpdate
10-20 20:16:00.010  2521  3090 D QSClockBellTower: onReceive(android.intent.action.TIME_TICK) mTimeZoneString:null
10-20 20:16:00.011  2521  2521 D FaceWidgetPagesController: onTimeChanged()
10-20 20:16:00.018 19138 19180 E IMGMapper: set:488 set: Unset optional value from type SMPTE2086
10-20 20:16:00.018 19138 19180 E IMGMapper: set:488 set: Unset optional value from type CTA861_3
10-20 20:16:00.032  2521  2521 D QSClockBellTower: He is ready to ring the bell. (((QSClockBellSound - TimeText:20:16, TimeContentDescription:20:16, DateText:seg., 20 de outubro, ShortDateText:seg., 20 de out., Demo:false, QuickStar-Second(false|12:34:56))))
10-20 20:16:00.035 19138 19180 E IMGMapper: set:488 set: Unset optional value from type SMPTE2086
10-20 20:16:00.035 19138 19180 E IMGMapper: set:488 set: Unset optional value from type CTA861_3
10-20 20:16:00.038   975   975 I Zygote  : Process 17969 exited due to signal 9 (Killed)
10-20 20:16:00.040  2521  2521 D QSClockIndicatorView: Home Indicator status_bar_clock 20:16 notifyTimeChanged(QSClockBellSound - TimeText:20:16, TimeContentDescription:20:16, DateText:seg., 20 de outubro, ShortDateText:seg., 20 de out., Demo:false, QuickStar-Second(false|12:34:56)) ClockVisibleByPolicy:true, ClockVisibleByUser:true, visible?true, parent:android.widget.LinearLayout{46b63c0 V.E...... ......ID 0,0-66,37 #7f0b04f0 app:id/left_clock_container}
10-20 20:16:00.042  2521  2521 D QSClockBellTower: Everyone heard the bell. run(currentTime:1761002160029,   getTime():Mon Oct 20 20:16:00 GMT-03:00 2025,   getTimeZone():libcore.util.ZoneInfo[mDstSavings=0,mUseDst=false,mDelegate=[id="America/Sao_Paulo",mRawOffset=-10800000,mEarliestRawOffset=-11188000,transitions=92]])
10-20 20:16:00.054 19138 19180 E IMGMapper: set:488 set: Unset optional value from type SMPTE2086
10-20 20:16:00.054 19138 19180 E IMGMapper: set:488 set: Unset optional value from type CTA861_3
10-20 20:16:00.066 19138 19180 E IMGMapper: set:488 set: Unset optional value from type SMPTE2086
10-20 20:16:00.066 19138 19180 E IMGMapper: set:488 set: Unset optional value from type CTA861_3
10-20 20:16:00.073  2521  2521 I FaceWidgetPositionAlgorithm: getClockContainerHeight() supplier = 193, bottom margin = 0, real height = 238
10-20 20:16:00.075  2521  2521 I FaceWidgetPositionAlgorithm: getClockContainerHeight() supplier = 193, bottom margin = 45, real height = 238
10-20 20:16:00.075  2521  2521 I FaceWidgetPositionAlgorithm: getMediaContainerHeight() height = 326 container Visibility = 8, isValid = false, mIsDozing = false, fraction = 1.0, source = 0, target = 0
10-20 20:16:00.075  2521  2521 I FaceWidgetPositionAlgorithm: getMediaContainerHeight() supplier = 0
10-20 20:16:00.081  2521  2521 V QsExpandAnimator: setQsExpansionPosition 0.0
10-20 20:16:00.083 19138 19180 E IMGMapper: set:488 set: Unset optional value from type SMPTE2086
10-20 20:16:00.083 19138 19180 E IMGMapper: set:488 set: Unset optional value from type CTA861_3
10-20 20:16:00.100  2521  2521 V QsExpandAnimator: updateAnimators
10-20 20:16:00.100  2521  2521 V QsExpandAnimator: clearAnimationState 
10-20 20:16:00.100 19138 19180 E IMGMapper: set:488 set: Unset optional value from type SMPTE2086
10-20 20:16:00.100 19138 19180 E IMGMapper: set:488 set: Unset optional value from type CTA861_3
10-20 20:16:00.102  2521  2521 V QsExpandAnimator: updateViews
10-20 20:16:00.107  2521  2521 V QsExpandAnimator: updateTileAnimator
10-20 20:16:00.109  2521  2521 V QsExpandAnimator: updateHeaderAnimator
10-20 20:16:00.109  2521  2521 V QsExpandAnimator: updateBarAnimator
10-20 20:16:00.110  2521  2521 V QsExpandAnimator: setQsExpansionPosition 0.0
10-20 20:16:00.110  2521  2521 V QsExpandAnimator: onAnimationAtStart
10-20 20:16:00.114  2521  2605 E IMGMapper: set:488 set: Unset optional value from type SMPTE2086
10-20 20:16:00.114  2521  2605 E IMGMapper: set:488 set: Unset optional value from type CTA861_3
10-20 20:16:00.115 19138 19180 E IMGMapper: set:488 set: Unset optional value from type SMPTE2086
10-20 20:16:00.115 19138 19180 E IMGMapper: set:488 set: Unset optional value from type CTA861_3
10-20 20:16:00.120  1039  1039 I BufferQueueProducer: [StatusBar$_2521#94](this:0xb400007a3dae1838,id:-1,api:0,p:-1,c:1039) queueBuffer: fps=0.04 dur=24600.14 max=24600.14 min=24600.14
10-20 20:16:00.132 19138 19180 E IMGMapper: set:488 set: Unset optional value from type SMPTE2086
10-20 20:16:00.132 19138 19180 E IMGMapper: set:488 set: Unset optional value from type CTA861_3
10-20 20:16:00.369  1483  1583 D PowerManagerService: UserActivityStateListenerState: 0
10-20 20:16:00.515   543   543 D io_stats: !@ 179,0 r 464692786 5647902178 w 80570531 844579284 d 1258357 33785868 f 0 0 iot 231110512 0 th 0 0 0 pt 0 inp 0 0 2551557.818
10-20 20:16:00.590  8661  8661 D BoundBrokerSvc: onUnbind: Intent { act=com.google.android.gms.libs.gmscorelogger.service.START dat=chimera-action:/... cmp=com.google.android.gms/.chimera.PersistentDirectBootAwareApiService }
10-20 20:16:00.957 10272 10341 D WM-SystemJobScheduler: Scheduling work ID 71e2b97b-ef5b-4973-aeea-4d2d7386f8d6Job ID 668345
10-20 20:16:00.966  1483  3333 I ActivityManager: Changes in 10250 19 to 8, 0 to 8
10-20 20:16:00.970 23059 23073 I dvns    : (REDACTED) appOpsListener %s %s
10-20 20:16:00.970  1483  1571 E AppOps  : evalMode() Foreground mode : uid - 10250, op - 27, capability - 8
10-20 20:16:00.970 23059 23073 I dvns    : (REDACTED) Ignoring irrelevant audio permission changes for package %s
10-20 20:16:00.970  1483  1571 E AppOps  : evalMode() Foreground mode : uid - 10250, op - 26, capability - 8
10-20 20:16:00.971  1483  1571 E AppOps  : evalMode() Foreground mode : uid - 10250, op - 1, capability - 8
10-20 20:16:00.983 10272 10341 D WM-GreedyScheduler: Starting tracking for 71e2b97b-ef5b-4973-aeea-4d2d7386f8d6
10-20 20:16:00.987 10272 10272 D WM-SystemJobService: onStartJob for WorkGenerationalId(workSpecId=71e2b97b-ef5b-4973-aeea-4d2d7386f8d6, generation=0)
10-20 20:16:00.990 10272 10341 D WM-ConstraintTracker: HRq: initial state = NetworkState(isConnected=true, isValidated=true, isMetered=false, isNotRoaming=true)
10-20 20:16:00.990 10272 10341 D WM-NetworkStateTracker: Registering network callback
10-20 20:16:00.991 10272 10341 D ConnectivityManager: StackLog: [android.net.ConnectivityManager.sendRequestForNetwork(ConnectivityManager.java:4402)] [android.net.ConnectivityManager.registerDefaultNetworkCallbackForUid(ConnectivityManager.java:4966)] [android.net.ConnectivityManager.registerDefaultNetworkCallback(ConnectivityManager.java:4933)] [android.net.ConnectivityManager.registerDefaultNetworkCallback(ConnectivityManager.java:4907)] [X.HRq.A03(:20)] [androidx.work.impl.constraints.controllers.BaseConstraintController$track$1.invokeSuspend(:81)] [androidx.work.impl.constraints.controllers.BaseConstraintController$track$1.invoke(:8)] [X.48O.A00(:2)] [X.48M.A00(:52)] [X.3TF.invokeSuspend(:26)] [X.0vz.resumeWith(:8)] [X.0wP.run(:89)] [X.HIQ.run(:2)] [java.util.concurrent.ThreadPoolExecutor.runWorker(ThreadPoolExecutor.java:1145)] [java.util.concurrent.ThreadPoolExecutor$Worker.run(ThreadPoolExecutor.java:644)] [java.lang.Thread.run(Thread.java:1012)]
10-20 20:16:00.993  1483  6037 D ConnectivityService: requestNetwork for uid/pid:10250/10272 activeRequest: null callbackRequest: 165264 [NetworkRequest [ REQUEST id=165265, [ Capabilities: INTERNET&NOT_RESTRICTED&TRUSTED&NOT_VCN_MANAGED Uid: 10250 RequestorUid: 10250 RequestorPkg: com.whatsapp UnderlyingNetworks: Null] ]] callback flags: 0 order: 2147483647
10-20 20:16:00.995  1483  2385 D ConnectivityService:    accepting network in place of null for NetworkRequest [ REQUEST id=165265, [ Capabilities: INTERNET&NOT_RESTRICTED&TRUSTED&NOT_VCN_MANAGED Uid: 10250 RequestorUid: 10250 RequestorPkg: com.whatsapp UnderlyingNetworks: Null] ]
10-20 20:16:00.997 10272 10526 D WM-NetworkStateTracker: Network capabilities changed: [ Transports: WIFI Capabilities: NOT_METERED&INTERNET&NOT_RESTRICTED&TRUSTED&NOT_VPN&VALIDATED&NOT_ROAMING&FOREGROUND&NOT_CONGESTED&NOT_SUSPENDED&NOT_VCN_MANAGED LinkUpBandwidth>=12000Kbps LinkDnBandwidth>=30000Kbps TransportInfo: <SSID: <unknown ssid>, BSSID: 02:00:00:00:00:00, MAC: 02:00:00:00:00:00, IP: /10.0.0.112, Security type: 2, Supplicant state: COMPLETED, Wi-Fi standard: 4, RSSI: -62, Link speed: 65Mbps, Tx Link speed: 65Mbps, Max Supported Tx Link speed: 72Mbps, Rx Link speed: 58Mbps, Max Supported Rx Link speed: 72Mbps, Frequency: 2437MHz, Net ID: -1, Metered hint: false, score: 60, isUsable: true, CarrierMerged: false, SubscriptionId: -1, IsPrimary: -1, Trusted: true, Restricted: false, Ephemeral: false, OEM paid: false, OEM private: false, OSU AP: false, FQDN: <none>, Provider friendly name: <none>, Requesting package name: <none><none>MLO Information: , AP MLD Address: <none>, AP MLO Link Id: <none>, AP MLO Affiliated links: <none>> SignalStrength: -62 UnderlyingNetworks: Null]
10-20 20:16:00.999  1483  2363 D WifiNetworkFactory: got request NetworkRequest [ REQUEST id=165265, [ Capabilities: INTERNET&NOT_RESTRICTED&TRUSTED&NOT_VCN_MANAGED Uid: 10250 RequestorUid: 10250 RequestorPkg: com.whatsapp UnderlyingNetworks: Null] ]
10-20 20:16:01.000 10272 10324 D WM-Processor: JGD: processing WorkGenerationalId(workSpecId=71e2b97b-ef5b-4973-aeea-4d2d7386f8d6, generation=0)
10-20 20:16:01.001  1483  2363 D UntrustedWifiNetworkFactory: got request NetworkRequest [ REQUEST id=165265, [ Capabilities: INTERNET&NOT_RESTRICTED&TRUSTED&NOT_VCN_MANAGED Uid: 10250 RequestorUid: 10250 RequestorPkg: com.whatsapp UnderlyingNetworks: Null] ]
10-20 20:16:01.002  1483  2363 D OemPaidWifiNetworkFactory: got request NetworkRequest [ REQUEST id=165265, [ Capabilities: INTERNET&NOT_RESTRICTED&TRUSTED&NOT_VCN_MANAGED Uid: 10250 RequestorUid: 10250 RequestorPkg: com.whatsapp UnderlyingNetworks: Null] ]
10-20 20:16:01.002  1483  2363 D MultiInternetWifiNetworkFactory: got request NetworkRequest [ REQUEST id=165265, [ Capabilities: INTERNET&NOT_RESTRICTED&TRUSTED&NOT_VCN_MANAGED Uid: 10250 RequestorUid: 10250 RequestorPkg: com.whatsapp UnderlyingNetworks: Null] ]
10-20 20:16:01.004  1483  2385 D ConnectivityService: Rematched networks [computed 1ms] [applied 4ms] [issued 6]
10-20 20:16:01.005  1483  2385 D ConnectivityService: NetworkReassignment :
10-20 20:16:01.005  1483  2385 D ConnectivityService:   165265 : null  475
10-20 20:16:01.009 10272 10272 D WM-WorkerWrapper: Starting work for com.whatsapp.messaging.xmpp.XmppLifecycleWorker
10-20 20:16:01.009 10272 10340 D WM-GreedyScheduler: Constraints met: Scheduling work ID WorkGenerationalId(workSpecId=71e2b97b-ef5b-4973-aeea-4d2d7386f8d6, generation=0)
10-20 20:16:01.012 10272 10340 D WM-Processor: Work WorkGenerationalId(workSpecId=71e2b97b-ef5b-4973-aeea-4d2d7386f8d6, generation=0) is already enqueued for processing
10-20 20:16:01.030   963   963 E audit   : type=1400 audit(1761002161.028:1251159): avc:  denied  { write } for  pid=14401 comm="ThreadPoolForeg" name="traced_producer" dev="tmpfs" ino=11170 scontext=u:r:gmscore_app:s0:c512,c768 tcontext=u:object_r:traced_producer_socket:s0 tclass=sock_file permissive=0 SEPF_SM-A037M_12_0001 unfiltered
10-20 20:16:01.295  1205  1205 I thermal_repeater: socket -1
10-20 20:16:01.450  2521  2618 D MobileStatusTracker(0/2): onSignalStrengthsChanged level=4, vendorLevel=3
10-20 20:16:01.453  2521  2618 D MobileSignalController(0/2): notifyListener: enabled=true, connected=true, dataConnected=true, networkType=LTE (4G), emergencyOnly=false, roaming=false, isDefault=false, dataActivity=, level=3, ca=false, mmWave=false, disabledDataIcon=false, simCard=ETC
10-20 20:16:01.455  2521  2618 D NetworkController: SignalStrength from intent slotId=0
10-20 20:16:02.272 12269 12527 E MQTTBypassDGWStreamGroupConnection.cpp: connect failed. Callbacks terminated before ack received
10-20 20:16:02.281 12269 12347 E MQTTBypassDGWStreamGroupCallbacks.cpp: onStreamGroupError StreamGroupNetworkRequest request cancelled: max retries reached; last err (TransientError domain: MNSSecureTCP code: 1 detail: SecureTCP connection establish timeout)
10-20 20:16:02.282 12269 12347 W MQTTBypassDGWStreamGroupConnection.cpp: Restarting due to reason: StreamError
10-20 20:16:02.516   543   543 D io_stats: !@ 179,0 r 464693022 5647903542 w 80570575 844579696 d 1258357 33785868 f 0 0 iot 231110640 0 th 0 0 0 pt 0 inp 0 0 2551559.819
10-20 20:16:02.641  2486  2486 I WifiHAL : Get link layer stats
10-20 20:16:02.641  2486  2486 I WifiHAL : GetLinkStatsCommand::create
10-20 20:16:02.641  2486  2486 D android.hardware.wifi@1.0-service-lazy: WifiRequest::create vendor command to iface 38, vendor_id=0x1a11, subcmd=0x1200, res=0
10-20 20:16:02.641  2486  2486 I android.hardware.wifi@1.0-service-lazy: WifiCommand::requestResponse err=-95
10-20 20:16:02.642  2486  2486 I WifiHAL : wifi_get_link_stats: result=-3
10-20 20:16:02.643  1483  2363 E WifiVendorHal: getWifiLinkLayerStats_1_5_Internal(l.1179) failed {.code = ERROR_NOT_SUPPORTED, .description = }
10-20 20:16:02.653  1483  3390 D SemWifiUsabilityStatsMonitor: onWifiUsabilityStats - seqNum 543561, isSameBssidAndFreq true
10-20 20:16:02.655  1483  2437 I SemWifiLinkQualityMonitor: Link Qos query: inf. ms / 0 Mbps
10-20 20:16:02.729  2521  2618 D MobileStatusTracker(0/2): onSignalStrengthsChanged level=4, vendorLevel=3
10-20 20:16:02.733  2521  2618 D MobileSignalController(0/2): notifyListener: enabled=true, connected=true, dataConnected=true, networkType=LTE (4G), emergencyOnly=false, roaming=false, isDefault=false, dataActivity=, level=3, ca=false, mmWave=false, disabledDataIcon=false, simCard=ETC
10-20 20:16:02.733  2521  2618 D NetworkController: SignalStrength from intent slotId=0
10-20 20:16:03.297 12269 12519 W LibevQuicAsyncUDPSocket.h: setTosOrTrafficClass not implemented in LibevQuicAsyncUDPSocket
10-20 20:16:03.301  1483  2471 D NetdEventListenerService: DNS Requested by : 475, 11013, 4, true
10-20 20:16:03.316 12269 12519 E MvfstCallbacks.cpp: onConnectionSetupError: error=TransportError: Internal Error, Error on socket write Operation not permitted, 
10-20 20:16:03.321  1483  2471 D NetdEventListenerService: DNS Requested by : 475, 11013, 4, true
10-20 20:16:03.841  4441  4441 I wpa_supplicant: Heartbeat 920
10-20 20:16:04.000  2521  2618 D MobileStatusTracker(0/2): onSignalStrengthsChanged level=4, vendorLevel=3
10-20 20:16:04.001  2521  2618 D MobileSignalController(0/2): notifyListener: enabled=true, connected=true, dataConnected=true, networkType=LTE (4G), emergencyOnly=false, roaming=false, isDefault=false, dataActivity=, level=3, ca=false, mmWave=false, disabledDataIcon=false, simCard=ETC
10-20 20:16:04.002  2521  2618 D NetworkController: SignalStrength from intent slotId=0
10-20 20:16:04.161 10272 20086 D TrafficStats: tagSocket(131) with statsTag=0x7, statsUid=-1
10-20 20:16:04.351  4725 27434 W MediaProvider: isAppCloneUserPair for user 0: false
10-20 20:16:04.384  1483  6407 D SyncManager: userId - 0 auto - true
10-20 20:16:04.423  1483  6407 D CompatibilityChangeReporter: Compat change id reported: 161145287; UID 10188; state: DISABLED
10-20 20:16:04.458  8661 18870 I NetworkScheduler.Stats: (REDACTED) Task %s/%s started execution. cause:%s exec_start_elapsed_seconds: %s
10-20 20:16:04.476  4725  9598 W MediaProvider: isAppCloneUserPair for user 0: false
10-20 20:16:04.485  8661 19960 I NetworkScheduler.Stats: (REDACTED) Task %s/%s finished executing. cause:%s result: %s elapsed_millis: %s uptime_millis: %s exec_start_elapsed_seconds: %s
10-20 20:16:04.502  1483  6407 D SyncManager: userId - 0 auto - true
10-20 20:16:04.517   543   543 D io_stats: !@ 179,0 r 464695533 5647917458 w 80570727 844580636 d 1258357 33785868 f 0 0 iot 231111240 0 th 0 0 0 pt 0 inp 0 5 2551561.820
