10-20 20:15:46.872  1483  1528 I GestureDetector: obtain mCurrentDownEvent. id: -750311337 caller: com.android.server.wm.SystemGesturesPointerEventListener.onPointerEvent:203 com.android.server.wm.PointerEventDispatcher.onInputEvent:53 android.view.InputEventReceiver.dispatchInputEvent:285 
10-20 20:15:46.872  1483  1528 I GestureDetector: obtain mCurrentDownEvent. id: -750311337 caller: com.android.server.wm.SystemPerformancePointerEventListener.onPointerEvent:89 com.android.server.wm.PointerEventDispatcher.onInputEvent:53 android.view.InputEventReceiver.dispatchInputEvent:285 
10-20 20:15:46.874 19138 19138 I ViewRootImpl@52e2b1c[MainActivity]: ViewPostIme pointer 0
10-20 20:15:46.881  1483  1503 D InputDispatcher: Inject motion (20009/2000): action=0x1, time=2551544171000000, f=0x0, d=0 dsdx=1.000000 dtdx=0.000000
10-20 20:15:46.882  1483  1796 I InputDispatcher: Delivering touch to (19138): action: 0x1, f=0x0, d=0, '1eb0182', t=1 
10-20 20:15:46.882 19138 19138 I ViewRootImpl@52e2b1c[MainActivity]: ViewPostIme pointer 1
10-20 20:15:46.883  1483  1528 I GestureDetector: obtain mCurrentMotionEventRaw. action: 1 id: -248553643
10-20 20:15:46.883  1483  1528 I GestureDetector: obtain mCurrentMotionEventRaw. action: 1 id: -248553643
10-20 20:15:46.993 12269 12463 W RealtimeClientManager: Channel state: MqttChannelState{mConnectionState=DISCONNECTED, mDisconnectionReason=null, mLastConnectionMs=3692219623, mLastDisconnectMs=3693234919}
10-20 20:15:47.145 19138 19180 E IMGMapper: set:488 set: Unset optional value from type SMPTE2086
10-20 20:15:47.145 19138 19180 E IMGMapper: set:488 set: Unset optional value from type CTA861_3
10-20 20:15:47.154  1039  1039 I BufferQueueProducer: [com.cinemamovel/com.cinemamovel.MainActivity$_19138#505932](this:0xb400007a1f6f0838,id:-1,api:0,p:-1,c:1039) queueBuffer: fps=2.00 dur=1497.90 max=499.39 min=499.18
10-20 20:15:47.155   991  1074 I hwcomposer: [HWCDisplay] [Display_0 (type:1)] fps:2.002784,dur:1497.91,max:499.88,min:498.99  
10-20 20:15:47.171  1483  1528 I GestureDetector: handleMessage TAP
10-20 20:15:47.172  1483  1483 I GestureDetector: handleMessage TAP
10-20 20:15:47.186  2521  2618 D MobileStatusTracker(1/1): onSignalStrengthsChanged level=4, vendorLevel=4
10-20 20:15:47.188  2521  2618 D MobileSignalController(1/1): notifyListener: enabled=true, connected=true, dataConnected=false, networkType=UMTS (3G), emergencyOnly=true, roaming=false, isDefault=false, dataActivity=, level=4, ca=false, mmWave=false, disabledDataIcon=false, simCard=ETC
10-20 20:15:47.188  2521  2618 D NetworkController: SignalStrength from intent slotId=1
10-20 20:15:47.366  2521  2618 D MobileStatusTracker(0/2): onSignalStrengthsChanged level=4, vendorLevel=3
10-20 20:15:47.368  2521  2618 D MobileSignalController(0/2): notifyListener: enabled=true, connected=true, dataConnected=true, networkType=LTE (4G), emergencyOnly=false, roaming=false, isDefault=false, dataActivity=, level=3, ca=false, mmWave=false, disabledDataIcon=false, simCard=ETC
10-20 20:15:47.368  2521  2618 D NetworkController: SignalStrength from intent slotId=0
10-20 20:15:47.587  2486  2486 I WifiHAL : Get link layer stats
10-20 20:15:47.587  2486  2486 I WifiHAL : GetLinkStatsCommand::create
10-20 20:15:47.587  2486  2486 D android.hardware.wifi@1.0-service-lazy: WifiRequest::create vendor command to iface 38, vendor_id=0x1a11, subcmd=0x1200, res=0
10-20 20:15:47.587  2486  2486 I android.hardware.wifi@1.0-service-lazy: WifiCommand::requestResponse err=-95
10-20 20:15:47.587  2486  2486 I WifiHAL : wifi_get_link_stats: result=-3
10-20 20:15:47.588  1483  2363 E WifiVendorHal: getWifiLinkLayerStats_1_5_Internal(l.1179) failed {.code = ERROR_NOT_SUPPORTED, .description = }
10-20 20:15:47.592  1483  3390 D SemWifiUsabilityStatsMonitor: onWifiUsabilityStats - seqNum 543556, isSameBssidAndFreq true
10-20 20:15:47.593  1483  2437 I SemWifiLinkQualityMonitor: Link Qos query: inf. ms / 0 Mbps
10-20 20:15:47.644 19138 19180 E IMGMapper: set:488 set: Unset optional value from type SMPTE2086
10-20 20:15:47.645 19138 19180 E IMGMapper: set:488 set: Unset optional value from type CTA861_3
10-20 20:15:48.144 19138 19180 E IMGMapper: set:488 set: Unset optional value from type SMPTE2086
10-20 20:15:48.144 19138 19180 E IMGMapper: set:488 set: Unset optional value from type CTA861_3
10-20 20:15:48.492   543   543 D io_stats: !@ 179,0 r 464689930 5647886790 w 80569587 844562844 d 1258357 33785868 f 0 0 iot 231107508 0 th 0 0 0 pt 0 inp 0 15 2551545.795
10-20 20:15:48.643  2521  2618 D MobileStatusTracker(0/2): onSignalStrengthsChanged level=4, vendorLevel=3
10-20 20:15:48.646  2521  2618 D MobileSignalController(0/2): notifyListener: enabled=true, connected=true, dataConnected=true, networkType=LTE (4G), emergencyOnly=false, roaming=false, isDefault=false, dataActivity=, level=3, ca=false, mmWave=false, disabledDataIcon=false, simCard=ETC
10-20 20:15:48.648  2521  2618 D NetworkController: SignalStrength from intent slotId=0
10-20 20:15:48.666 19138 19180 E IMGMapper: set:488 set: Unset optional value from type SMPTE2086
10-20 20:15:48.666 19138 19180 E IMGMapper: set:488 set: Unset optional value from type CTA861_3
10-20 20:15:48.685  1039  1039 I BufferQueueProducer: [com.cinemamovel/com.cinemamovel.MainActivity$_19138#505932](this:0xb400007a1f6f0838,id:-1,api:0,p:-1,c:1039) queueBuffer: fps=1.96 dur=1531.35 max=532.78 min=498.66
10-20 20:15:48.687   991  1074 I hwcomposer: [HWCDisplay] [Display_0 (type:1)] fps:1.959162,dur:1531.27,max:533.16,min:498.28  
10-20 20:15:48.693  1483  2471 D NetdEventListenerService: DNS Requested by : 475, 11011
10-20 20:15:48.694 14839 14902 D TrafficStats: tagSocket(6) with statsTag=0xffffffff, statsUid=-1
10-20 20:15:48.824 11529 11566 I ContactsProvider_EventLog: cp_s: [CONTACT con(156) dat(1626) acc({google(35)=1, google(2)=155, com.google.android.apps.tachyon(10)=4, com.google.android.apps.tachyon(24)=37, com.whatsapp(9)=124}) calls([logtype:100 cnt:1000]) Iso(BR) uId(0) ]
10-20 20:15:48.824 11529 11566 I ContactsProvider_EventLog: cp_s: [ agr({[2 ,9 ,10]=4, [2 ,9 ,9 ,24]=1, [2 ,9 ,24]=30, [2 ,2]=1, [2]=28, [2 ,24]=3, [35]=1, [2 ,24 ,9]=2, [9 ,2 ,24]=1, [9]=1, [2 ,9]=84}) ]
10-20 20:15:48.824 11529 11566 I ContactsProvider_EventLog: cp_s: [ cnt({contacts(24507)=4, dialer(24506)=4, acore(11529)=1}) ]
10-20 20:15:48.824 11529 11566 I ContactsProvider_EventLog: cp_s: [PROFILE ] [SAPROFILE con(1) dat(1) acc({phone(1)=1}) ]
10-20 20:15:48.824 11529 11566 I ContactsProvider_EventLog: cp_s: [STATE R(F) ]
10-20 20:15:48.952  1483  1503 D InputDispatcher: Inject motion (20018/2000): action=0x0, time=2551546254000000, f=0x0, d=0 dsdx=1.000000 dtdx=0.000000
10-20 20:15:48.953  1483  1796 I InputDispatcher: Delivering touch to (2521): action: 0x4, f=0x0, d=0, 'a9cce9e', t=1 
10-20 20:15:48.953  1483  1796 I InputDispatcher: Delivering touch to (19138): action: 0x0, f=0x0, d=0, '1eb0182', t=1 
10-20 20:15:48.954  1483  1796 D PowerManagerService: [api] userActivityFromNative :  (event: 2 flags: 0 displayId: 0) eventTime = 2551546254
10-20 20:15:48.954 19138 19138 I ViewRootImpl@52e2b1c[MainActivity]: ViewPostIme pointer 0
10-20 20:15:48.954  1483  1528 I GestureDetector: obtain mCurrentDownEvent. id: -520344668 caller: com.android.server.wm.SystemGesturesPointerEventListener.onPointerEvent:203 com.android.server.wm.PointerEventDispatcher.onInputEvent:53 android.view.InputEventReceiver.dispatchInputEvent:285 
10-20 20:15:48.954  1483  1528 I GestureDetector: obtain mCurrentDownEvent. id: -520344668 caller: com.android.server.wm.SystemPerformancePointerEventListener.onPointerEvent:89 com.android.server.wm.PointerEventDispatcher.onInputEvent:53 android.view.InputEventReceiver.dispatchInputEvent:285 
10-20 20:15:49.015  1483  1503 D InputDispatcher: Inject motion (20018/2000): action=0x1, time=2551546254000000, f=0x0, d=0 dsdx=1.000000 dtdx=0.000000
10-20 20:15:49.016  1483  1796 I InputDispatcher: Delivering touch to (19138): action: 0x1, f=0x0, d=0, '1eb0182', t=1 
10-20 20:15:49.016 19138 19138 I ViewRootImpl@52e2b1c[MainActivity]: ViewPostIme pointer 1
10-20 20:15:49.016  1483  1528 I GestureDetector: obtain mCurrentMotionEventRaw. action: 1 id: -142775513
10-20 20:15:49.016  1483  1528 I GestureDetector: obtain mCurrentMotionEventRaw. action: 1 id: -142775513
10-20 20:15:49.041 19138 19180 E IMGMapper: set:488 set: Unset optional value from type SMPTE2086
10-20 20:15:49.041 19138 19180 E IMGMapper: set:488 set: Unset optional value from type CTA861_3
10-20 20:15:49.076 19138 19180 E IMGMapper: set:488 set: Unset optional value from type SMPTE2086
10-20 20:15:49.076 19138 19180 E IMGMapper: set:488 set: Unset optional value from type CTA861_3
10-20 20:15:49.114 19138 19199 I ReactNativeJS: ---METRICS_JSON_START---
10-20 20:15:49.114 19138 19199 I ReactNativeJS: {
10-20 20:15:49.114 19138 19199 I ReactNativeJS:   "dashboardRenders": 3,
10-20 20:15:49.114 19138 19199 I ReactNativeJS:   "cardRenders": {
10-20 20:15:49.114 19138 19199 I ReactNativeJS:     "13494": 2,
10-20 20:15:49.114 19138 19199 I ReactNativeJS:     "506763": 2,
10-20 20:15:49.114 19138 19199 I ReactNativeJS:     "575265": 2,
10-20 20:15:49.114 19138 19199 I ReactNativeJS:     "617126": 1,
10-20 20:15:49.114 19138 19199 I ReactNativeJS:     "755898": 2,
10-20 20:15:49.114 19138 19199 I ReactNativeJS:     "803796": 2,
10-20 20:15:49.114 19138 19199 I ReactNativeJS:     "911430": 1,
10-20 20:15:49.114 19138 19199 I ReactNativeJS:     "914215": 2,
10-20 20:15:49.114 19138 19199 I ReactNativeJS:     "960299": 1,
10-20 20:15:49.114 19138 19199 I ReactNativeJS:     "987400": 2,
10-20 20:15:49.114 19138 19199 I ReactNativeJS:     "993234": 1,
10-20 20:15:49.114 19138 19199 I ReactNativeJS:     "1007734": 2,
10-20 20:15:49.114 19138 19199 I ReactNativeJS:     "1028248": 2,
10-20 20:15:49.114 19138 19199 I ReactNativeJS:     "1035259": 2,
10-20 20:15:49.114 19138 19199 I ReactNativeJS:     "1038392": 2,
10-20 20:15:49.114 19138 19199 I ReactNativeJS:     "1051486": 2,
10-20 20:15:49.114 19138 19199 I ReactNativeJS:     "1061474": 2,
10-20 20:15:49.114 19138 19199 I ReactNativeJS:     "1078605": 2,
10-20 20:15:49.114 19138 19199 I ReactNativeJS:     "1087192": 2,
10-20 20:15:49.114 19138 19199 I ReactNativeJS:     "1136867": 1,
10-20 20:15:49.114 19138 19199 I ReactNativeJS:     "1234821": 2,
10-20 20:15:49.114 19138 19199 I ReactNativeJS:     "1241634": 1,
10-20 20:15:49.114 19138 19199 I ReactNativeJS:     "1242011": 1,
10-20 20:15:49.114 19138 19199 I ReactNativeJS:     "1246049": 1,
10-20 20:15:49.114 19138 19199 I ReactNativeJS:     "1265344": 2,
10-20 20:15:49.114 19138 19199 I ReactNativeJS:     "1311031": 2,
10-20 20:15:49.114 19138 19199 I ReactNativeJS:     "1355666": 1,
10-20 20:15:49.114 19138 19199 I ReactNativeJS:     "1369679": 2,
10-20 20:15:49.114 19138 19199 I ReactNativeJS:     "1535385": 1
10-20 20:15:49.114 19138 19199 I ReactNativeJS:   },
10-20 20:15:49.114 19138 19199 I ReactNativeJS:   "navigationEvents": [
10-20 20:15:49.114 19138 19199 I ReactNativeJS:     {
10-20 20:15:49.114 19138 19199 I ReactNativeJS:       "action": "focus_dashboard",
10-20 20:15:49.114 19138 19199 I ReactNativeJS:       "timestamp": 1761002136818
10-20 20:15:49.114 19138 19199 I ReactNativeJS:     },
10-20 20:15:49.114 19138 19199 I ReactNativeJS:     {
10-20 20:15:49.114 19138 19199 I ReactNativeJS:       "action": "navigate_to_1265344",
10-20 20:15:49.114 19138 19199 I ReactNativeJS:       "timestamp": 1761002149035
10-20 20:15:49.114 19138 19199 I ReactNativeJS:     },
10-20 20:15:49.114 19138 19199 I ReactNativeJS:     {
10-20 20:15:49.114 19138 19199 I ReactNativeJS:       "action": "leave_dashboard",
10-20 20:15:49.114 19138 19199 I ReactNativeJS:       "timestamp": 1761002149114
10-20 20:15:49.114 19138 19199 I ReactNativeJS:     }
10-20 20:15:49.114 19138 19199 I ReactNativeJS:   ]
10-20 20:15:49.114 19138 19199 I ReactNativeJS: }
10-20 20:15:49.114 19138 19199 I ReactNativeJS: ---METRICS_JSON_END---
10-20 20:15:49.234 19138 19300 D TrafficStats: tagSocket(120) with statsTag=0xffffffff, statsUid=-1
10-20 20:15:49.236  1483  2471 D NetdEventListenerService: DNS Requested by : 475, 10976
10-20 20:15:49.254  1483  1528 I GestureDetector: handleMessage TAP
10-20 20:15:49.255  1483  1483 I GestureDetector: handleMessage TAP
10-20 20:15:49.271 19138 19138 W [RNScreens]: backTitleVisible prop is not available on Android
10-20 20:15:49.271 19138 19138 W [RNScreens]: backTitleFontFamily prop is not available on Android
10-20 20:15:49.271 19138 19138 W [RNScreens]: disableBackButtonMenu prop is not available on Android
10-20 20:15:49.271 19138 19138 W [RNScreens]: largeTitleFontFamily prop is not available on Android
10-20 20:15:49.271 19138 19138 W [RNScreens]: largeTitleFontWeight prop is not available on Android
10-20 20:15:49.271 19138 19138 W [RNScreens]: largeTitleHideShadow prop is not available on Android
10-20 20:15:49.297 19138 19180 E IMGMapper: set:488 set: Unset optional value from type SMPTE2086
10-20 20:15:49.297 19138 19180 E IMGMapper: set:488 set: Unset optional value from type CTA861_3
10-20 20:15:49.336 19138 19180 E IMGMapper: set:488 set: Unset optional value from type SMPTE2086
10-20 20:15:49.336 19138 19180 E IMGMapper: set:488 set: Unset optional value from type CTA861_3
10-20 20:15:49.352 19138 19180 E IMGMapper: set:488 set: Unset optional value from type SMPTE2086
10-20 20:15:49.352 19138 19180 E IMGMapper: set:488 set: Unset optional value from type CTA861_3
10-20 20:15:49.368 19138 19180 E IMGMapper: set:488 set: Unset optional value from type SMPTE2086
10-20 20:15:49.368 19138 19180 E IMGMapper: set:488 set: Unset optional value from type CTA861_3
10-20 20:15:49.401 19138 19180 E IMGMapper: set:488 set: Unset optional value from type SMPTE2086
10-20 20:15:49.401 19138 19180 E IMGMapper: set:488 set: Unset optional value from type CTA861_3
10-20 20:15:49.448 19138 19180 E IMGMapper: set:488 set: Unset optional value from type SMPTE2086
10-20 20:15:49.448 19138 19180 E IMGMapper: set:488 set: Unset optional value from type CTA861_3
10-20 20:15:49.459 19138 19180 E IMGMapper: set:488 set: Unset optional value from type SMPTE2086
10-20 20:15:49.460 19138 19180 E IMGMapper: set:488 set: Unset optional value from type CTA861_3
10-20 20:15:49.469 19138 19180 E IMGMapper: set:488 set: Unset optional value from type SMPTE2086
10-20 20:15:49.469 19138 19180 E IMGMapper: set:488 set: Unset optional value from type CTA861_3
10-20 20:15:49.496 19138 19180 E IMGMapper: set:488 set: Unset optional value from type SMPTE2086
10-20 20:15:49.496 19138 19180 E IMGMapper: set:488 set: Unset optional value from type CTA861_3
10-20 20:15:49.505 19138 19180 E IMGMapper: set:488 set: Unset optional value from type SMPTE2086
10-20 20:15:49.505 19138 19180 E IMGMapper: set:488 set: Unset optional value from type CTA861_3
10-20 20:15:49.516 19138 19180 E IMGMapper: set:488 set: Unset optional value from type SMPTE2086
10-20 20:15:49.516 19138 19180 E IMGMapper: set:488 set: Unset optional value from type CTA861_3
10-20 20:15:49.527 19138 19180 E IMGMapper: set:488 set: Unset optional value from type SMPTE2086
10-20 20:15:49.527 19138 19180 E IMGMapper: set:488 set: Unset optional value from type CTA861_3
10-20 20:15:49.544 19138 19180 E IMGMapper: set:488 set: Unset optional value from type SMPTE2086
10-20 20:15:49.544 19138 19180 E IMGMapper: set:488 set: Unset optional value from type CTA861_3
10-20 20:15:49.560 19138 19180 E IMGMapper: set:488 set: Unset optional value from type SMPTE2086
10-20 20:15:49.560 19138 19180 E IMGMapper: set:488 set: Unset optional value from type CTA861_3
10-20 20:15:49.576 19138 19180 E IMGMapper: set:488 set: Unset optional value from type SMPTE2086
10-20 20:15:49.577 19138 19180 E IMGMapper: set:488 set: Unset optional value from type CTA861_3
10-20 20:15:49.593 19138 19180 E IMGMapper: set:488 set: Unset optional value from type SMPTE2086
10-20 20:15:49.593 19138 19180 E IMGMapper: set:488 set: Unset optional value from type CTA861_3
10-20 20:15:49.610 19138 19180 E IMGMapper: set:488 set: Unset optional value from type SMPTE2086
10-20 20:15:49.611 19138 19180 E IMGMapper: set:488 set: Unset optional value from type CTA861_3
10-20 20:15:49.628 19138 19180 E IMGMapper: set:488 set: Unset optional value from type SMPTE2086
10-20 20:15:49.628 19138 19180 E IMGMapper: set:488 set: Unset optional value from type CTA861_3
10-20 20:15:49.648 19138 19180 E IMGMapper: set:488 set: Unset optional value from type SMPTE2086
10-20 20:15:49.648 19138 19180 E IMGMapper: set:488 set: Unset optional value from type CTA861_3
10-20 20:15:49.664 19138 19180 E IMGMapper: set:488 set: Unset optional value from type SMPTE2086
10-20 20:15:49.664 19138 19180 E IMGMapper: set:488 set: Unset optional value from type CTA861_3
10-20 20:15:49.679 19138 19180 E IMGMapper: set:488 set: Unset optional value from type SMPTE2086
10-20 20:15:49.679 19138 19180 E IMGMapper: set:488 set: Unset optional value from type CTA861_3
10-20 20:15:49.693 19138 19180 E IMGMapper: set:488 set: Unset optional value from type SMPTE2086
10-20 20:15:49.694 19138 19180 E IMGMapper: set:488 set: Unset optional value from type CTA861_3
10-20 20:15:49.700  1039  1039 I BufferQueueProducer: [com.cinemamovel/com.cinemamovel.MainActivity$_19138#505932](this:0xb400007a1f6f0838,id:-1,api:0,p:-1,c:1039) queueBuffer: fps=22.65 dur=1015.37 max=366.15 min=16.17
10-20 20:15:49.703   991  1074 I hwcomposer: [HWCDisplay] [Display_0 (type:1)] fps:22.633945,dur:1016.17,max:365.83,min:16.06  
10-20 20:15:49.712 19138 19180 E IMGMapper: set:488 set: Unset optional value from type SMPTE2086
10-20 20:15:49.712 19138 19180 E IMGMapper: set:488 set: Unset optional value from type CTA861_3
10-20 20:15:49.729 19138 19180 E IMGMapper: set:488 set: Unset optional value from type SMPTE2086
10-20 20:15:49.729 19138 19180 E IMGMapper: set:488 set: Unset optional value from type CTA861_3
10-20 20:15:49.745 19138 19180 E IMGMapper: set:488 set: Unset optional value from type SMPTE2086
10-20 20:15:49.746 19138 19180 E IMGMapper: set:488 set: Unset optional value from type CTA861_3
10-20 20:15:49.761 19138 19180 E IMGMapper: set:488 set: Unset optional value from type SMPTE2086
10-20 20:15:49.761 19138 19180 E IMGMapper: set:488 set: Unset optional value from type CTA861_3
10-20 20:15:49.781 19138 19180 E IMGMapper: set:488 set: Unset optional value from type SMPTE2086
10-20 20:15:49.782 19138 19180 E IMGMapper: set:488 set: Unset optional value from type CTA861_3
10-20 20:15:49.791 19138 19180 E IMGMapper: set:488 set: Unset optional value from type SMPTE2086
10-20 20:15:49.791 19138 19180 E IMGMapper: set:488 set: Unset optional value from type CTA861_3
10-20 20:15:49.809 19138 19180 E IMGMapper: set:488 set: Unset optional value from type SMPTE2086
10-20 20:15:49.809 19138 19180 E IMGMapper: set:488 set: Unset optional value from type CTA861_3
10-20 20:15:49.825 19138 19180 E IMGMapper: set:488 set: Unset optional value from type SMPTE2086
10-20 20:15:49.825 19138 19180 E IMGMapper: set:488 set: Unset optional value from type CTA861_3
10-20 20:15:49.841 19138 19180 E IMGMapper: set:488 set: Unset optional value from type SMPTE2086
10-20 20:15:49.841 19138 19180 E IMGMapper: set:488 set: Unset optional value from type CTA861_3
10-20 20:15:49.858 19138 19180 E IMGMapper: set:488 set: Unset optional value from type SMPTE2086
10-20 20:15:49.858 19138 19180 E IMGMapper: set:488 set: Unset optional value from type CTA861_3
10-20 20:15:49.865 19138 19138 I IMM_LC  : closeCurrentInput: mService.hideSoftInput
10-20 20:15:49.865  1483  6037 D InputMethodManagerService: hideSoftInput
10-20 20:15:49.865  1483  6037 V InputMethodManagerService: Client requesting input be hidden
10-20 20:15:49.866  1483  6037 V InputMethodManagerService: hideCurrentInputLocked : canceled, shouldHideSoftInput=false, mInputShown=false, mImeWindowVis=0
10-20 20:15:49.866  1483  6037 I InputMethodBindingController: setCurrentMethodNotVisible: mVisibleBound=false, mHasConnection=true, caller = com.android.server.inputmethod.InputMethodManagerService.hideCurrentInputLocked:4356 com.android.server.inputmethod.InputMethodManagerService.hideSoftInput:4294 com.android.internal.view.IInputMethodManager$Stub.onTransact:488 com.android.server.inputmethod.InputMethodManagerService.onTransact:2302 android.os.Binder.execTransactInternal:1316 android.os.Binder.execTransact:1280 <bottom of call stack> <bottom of call stack> <bottom of call stack> <bottom of call stack> 
10-20 20:15:49.877 19138 19180 E IMGMapper: set:488 set: Unset optional value from type SMPTE2086
10-20 20:15:49.877 19138 19180 E IMGMapper: set:488 set: Unset optional value from type CTA861_3
10-20 20:15:49.879 19138 19138 D ScrollView: initGoToTop
10-20 20:15:49.892 19138 19180 E IMGMapper: set:488 set: Unset optional value from type SMPTE2086
10-20 20:15:49.892 19138 19180 E IMGMapper: set:488 set: Unset optional value from type CTA861_3
10-20 20:15:49.898 30047 30047 W Finsky  : [2] STU: Failed to get storage stats for package 'com.google.android.media.swcodec' (1601: Error getting stats: android.content.pm.PackageManager.NameNotFoundException)
10-20 20:15:49.908 19138 19180 E IMGMapper: set:488 set: Unset optional value from type SMPTE2086
10-20 20:15:49.908 19138 19180 E IMGMapper: set:488 set: Unset optional value from type CTA861_3
10-20 20:15:49.924 19138 19180 E IMGMapper: set:488 set: Unset optional value from type SMPTE2086
10-20 20:15:49.924 19138 19180 E IMGMapper: set:488 set: Unset optional value from type CTA861_3
10-20 20:15:49.926  2521  2618 D MobileStatusTracker(0/2): onSignalStrengthsChanged level=4, vendorLevel=3
10-20 20:15:49.928  2521  2618 D MobileSignalController(0/2): notifyListener: enabled=true, connected=true, dataConnected=true, networkType=LTE (4G), emergencyOnly=false, roaming=false, isDefault=false, dataActivity=, level=3, ca=false, mmWave=false, disabledDataIcon=false, simCard=ETC
10-20 20:15:49.929  2521  2618 D NetworkController: SignalStrength from intent slotId=0
10-20 20:15:49.948 19138 19180 E IMGMapper: set:488 set: Unset optional value from type SMPTE2086
10-20 20:15:49.948 19138 19180 E IMGMapper: set:488 set: Unset optional value from type CTA861_3
10-20 20:15:49.967 14401 14401 D BoundBrokerSvc: onUnbind: Intent { act=com.google.android.gms.measurement.START pkg=com.google.android.gms }
10-20 20:15:49.999 19138 19829 D skia    : SkJpegCodec::onGetPixels +
10-20 20:15:50.018 19138 19829 D skia    : SkJpegCodec::onGetPixels -
10-20 20:15:50.040 19138 19180 E IMGMapper: set:488 set: Unset optional value from type SMPTE2086
10-20 20:15:50.040 19138 19180 E IMGMapper: set:488 set: Unset optional value from type CTA861_3
10-20 20:15:50.061 19138 19180 E IMGMapper: set:488 set: Unset optional value from type SMPTE2086
10-20 20:15:50.062 19138 19180 E IMGMapper: set:488 set: Unset optional value from type CTA861_3
10-20 20:15:50.074 19138 19180 E IMGMapper: set:488 set: Unset optional value from type SMPTE2086
10-20 20:15:50.074 19138 19180 E IMGMapper: set:488 set: Unset optional value from type CTA861_3
10-20 20:15:50.090 19138 19180 E IMGMapper: set:488 set: Unset optional value from type SMPTE2086
10-20 20:15:50.090 19138 19180 E IMGMapper: set:488 set: Unset optional value from type CTA861_3
10-20 20:15:50.106 19138 19180 E IMGMapper: set:488 set: Unset optional value from type SMPTE2086
10-20 20:15:50.106 19138 19180 E IMGMapper: set:488 set: Unset optional value from type CTA861_3
10-20 20:15:50.123 19138 19180 E IMGMapper: set:488 set: Unset optional value from type SMPTE2086
10-20 20:15:50.123 19138 19180 E IMGMapper: set:488 set: Unset optional value from type CTA861_3
10-20 20:15:50.140 19138 19180 E IMGMapper: set:488 set: Unset optional value from type SMPTE2086
10-20 20:15:50.140 19138 19180 E IMGMapper: set:488 set: Unset optional value from type CTA861_3
10-20 20:15:50.158 19138 19180 E IMGMapper: set:488 set: Unset optional value from type SMPTE2086
10-20 20:15:50.158 19138 19180 E IMGMapper: set:488 set: Unset optional value from type CTA861_3
10-20 20:15:50.175 19138 19180 E IMGMapper: set:488 set: Unset optional value from type SMPTE2086
10-20 20:15:50.175 19138 19180 E IMGMapper: set:488 set: Unset optional value from type CTA861_3
10-20 20:15:50.191 19138 19180 E IMGMapper: set:488 set: Unset optional value from type SMPTE2086
10-20 20:15:50.191 19138 19180 E IMGMapper: set:488 set: Unset optional value from type CTA861_3
10-20 20:15:50.208 19138 19180 E IMGMapper: set:488 set: Unset optional value from type SMPTE2086
10-20 20:15:50.208 19138 19180 E IMGMapper: set:488 set: Unset optional value from type CTA861_3
10-20 20:15:50.225 19138 19180 E IMGMapper: set:488 set: Unset optional value from type SMPTE2086
10-20 20:15:50.225 19138 19180 E IMGMapper: set:488 set: Unset optional value from type CTA861_3
10-20 20:15:50.242 19138 19180 E IMGMapper: set:488 set: Unset optional value from type SMPTE2086
10-20 20:15:50.242 19138 19180 E IMGMapper: set:488 set: Unset optional value from type CTA861_3
10-20 20:15:50.257 19138 19180 E IMGMapper: set:488 set: Unset optional value from type SMPTE2086
10-20 20:15:50.257 19138 19180 E IMGMapper: set:488 set: Unset optional value from type CTA861_3
10-20 20:15:50.274 19138 19180 E IMGMapper: set:488 set: Unset optional value from type SMPTE2086
10-20 20:15:50.274 19138 19180 E IMGMapper: set:488 set: Unset optional value from type CTA861_3
10-20 20:15:50.290 19138 19180 E IMGMapper: set:488 set: Unset optional value from type SMPTE2086
10-20 20:15:50.290 19138 19180 E IMGMapper: set:488 set: Unset optional value from type CTA861_3
10-20 20:15:50.307 19138 19180 E IMGMapper: set:488 set: Unset optional value from type SMPTE2086
10-20 20:15:50.307 19138 19180 E IMGMapper: set:488 set: Unset optional value from type CTA861_3
10-20 20:15:50.324 19138 19180 E IMGMapper: set:488 set: Unset optional value from type SMPTE2086
10-20 20:15:50.324 19138 19180 E IMGMapper: set:488 set: Unset optional value from type CTA861_3
10-20 20:15:50.342 19138 19180 E IMGMapper: set:488 set: Unset optional value from type SMPTE2086
10-20 20:15:50.342 19138 19180 E IMGMapper: set:488 set: Unset optional value from type CTA861_3
10-20 20:15:50.495   543   543 D io_stats: !@ 179,0 r 464690572 5647891190 w 80570247 844573724 d 1258357 33785868 f 0 0 iot 231109440 0 th 0 0 0 pt 0 inp 0 1 2551547.798
10-20 20:15:50.495   543   543 D io_stats: !@ MemInfo(KB): total 3867888 free 95148 avail 1068168 actv(f) 488416 inactv(f) 577304 dirty 4708 wb 0 anonpg 1095256 slab 360188
10-20 20:15:50.595  2486  2486 I WifiHAL : Get link layer stats
10-20 20:15:50.595  2486  2486 I WifiHAL : GetLinkStatsCommand::create
10-20 20:15:50.595  2486  2486 D android.hardware.wifi@1.0-service-lazy: WifiRequest::create vendor command to iface 38, vendor_id=0x1a11, subcmd=0x1200, res=0
10-20 20:15:50.595  2486  2486 I android.hardware.wifi@1.0-service-lazy: WifiCommand::requestResponse err=-95
10-20 20:15:50.595  2486  2486 I WifiHAL : wifi_get_link_stats: result=-3
10-20 20:15:50.596  1483  2363 E WifiVendorHal: getWifiLinkLayerStats_1_5_Internal(l.1179) failed {.code = ERROR_NOT_SUPPORTED, .description = }
10-20 20:15:50.601  1483  3390 D SemWifiUsabilityStatsMonitor: onWifiUsabilityStats - seqNum 543557, isSameBssidAndFreq true
10-20 20:15:50.604  1483  2437 I SemWifiLinkQualityMonitor: Link Qos query: inf. ms / 0 Mbps
10-20 20:15:50.720  1483  2471 D NetdEventListenerService: DNS Requested by : 475, 11011
10-20 20:15:50.721 14839 14902 D TrafficStats: tagSocket(6) with statsTag=0xffffffff, statsUid=-1
10-20 20:15:50.761 30047 30047 W Finsky  : [2] STU: Failed to get storage stats for package 'com.google.android.adbd' (1601: Error getting stats: android.content.pm.PackageManager.NameNotFoundException)
10-20 20:15:50.809 30047 30047 W Finsky  : [2] STU: Failed to get storage stats for package 'com.google.android.conscrypt' (1601: Error getting stats: android.content.pm.PackageManager.NameNotFoundException)
10-20 20:15:50.939  1483  1554 I ActivityManager: Changes in 10251 5 to 15, 8 to 0
10-20 20:15:50.955 30047 30047 W Finsky  : [2] STU: Failed to get storage stats for package 'com.google.android.neuralnetworks' (1601: Error getting stats: android.content.pm.PackageManager.NameNotFoundException)
10-20 20:15:51.098  1483  4847 D InputDispatcher: Inject key (20033/2000): action=0, f=0x0, d=-1, time=2551548400000000
10-20 20:15:51.098  1483  4847 D WindowManager: interceptKeyTq keycode=4 interactive=true keyguardActive=false policyFlags=2b000000
10-20 20:15:51.100  1483  4847 D PhoneWindowManagerExt: interceptKeyTq code=4 down=true repeatCount=0 displayId=-1 interactive=true
10-20 20:15:51.100  1483  4847 D WindowManager: interceptKeyTq interceptKeyResult=4
10-20 20:15:51.100  1483  1796 D PowerManagerService: [api] userActivityFromNative :  (event: 1 flags: 0 displayId: 0) eventTime = 2551548400
10-20 20:15:51.101  1483  1796 D WindowManager: interceptKeyTi keyCode=4 down=true repeatCount=0 keyguardOn=false canceled=false
10-20 20:15:51.101  1483  1796 D PhoneWindowManagerExt: interceptKeyTi code=4 down=true repeatCount=0 displayId=-1 interactive=true
10-20 20:15:51.102  1483  1796 I InputDispatcher: Delivering key to (19138): B action: 0x0 (0), f=0x0, m=0x0, d=0, '1eb0182'
10-20 20:15:51.104  5125  5125 I HBD     : b skip onKeyDown as physical keyboard not connected 
10-20 20:15:51.104  5125  5125 I HBD     : HoneyBoardService onKeyDown r:5fa7f730 consumed:false 1 
10-20 20:15:51.105 19138 19138 I ViewRootImpl@52e2b1c[MainActivity]: ViewPostIme key 0
10-20 20:15:51.105 19138 19138 D Activity: onKeyDown(KEYCODE_BACK)
10-20 20:15:51.106  1483  4847 D InputDispatcher: Inject key (20033/2000): action=1, f=0x0, d=-1, time=2551548400000000
10-20 20:15:51.106  1483  4847 D WindowManager: interceptKeyTq keycode=4 interactive=true keyguardActive=false policyFlags=2b000000
10-20 20:15:51.106  1483  4847 D PhoneWindowManagerExt: interceptKeyTq code=4 down=false repeatCount=0 displayId=-1 interactive=true
10-20 20:15:51.106  1483  4847 D WindowManager: interceptKeyTq interceptKeyResult=4
10-20 20:15:51.107  1483  1796 D WindowManager: interceptKeyTi keyCode=4 down=false repeatCount=0 keyguardOn=false canceled=false
10-20 20:15:51.107  1483  1796 D PhoneWindowManagerExt: interceptKeyTi code=4 down=false repeatCount=0 displayId=-1 interactive=true
10-20 20:15:51.107  1483  1796 I InputDispatcher: Delivering key to (19138): B action: 0x1 (0), f=0x0, m=0x0, d=0, '1eb0182'
10-20 20:15:51.108  5125  5125 I HBD     : HoneyBoardService onKeyUp r:4d49cbaa consumed:false 0 
10-20 20:15:51.109 19138 19138 I ViewRootImpl@52e2b1c[MainActivity]: ViewPostIme key 1
10-20 20:15:51.109 19138 19138 D Activity: onKeyUp(KEYCODE_BACK) isTracking()=true isCanceled()=false hasCallback=false
10-20 20:15:51.118 30047 30047 W Finsky  : [2] STU: Failed to get storage stats for package 'com.google.android.ipsec' (1601: Error getting stats: android.content.pm.PackageManager.NameNotFoundException)
10-20 20:15:51.184 19138 19180 E IMGMapper: set:488 set: Unset optional value from type SMPTE2086
10-20 20:15:51.184 19138 19180 E IMGMapper: set:488 set: Unset optional value from type CTA861_3
10-20 20:15:51.199  1039  1039 I BufferQueueProducer: [com.cinemamovel/com.cinemamovel.MainActivity$_19138#505932](this:0xb400007a1f6f0838,id:-1,api:0,p:-1,c:1039) queueBuffer: fps=24.03 dur=1498.21 max=849.02 min=16.30
10-20 20:15:51.201   991  1074 I hwcomposer: [HWCDisplay] [Display_0 (type:1)] fps:24.034876,dur:1497.82,max:848.88,min:15.92  
10-20 20:15:51.208  2521  2618 D MobileStatusTracker(0/2): onSignalStrengthsChanged level=4, vendorLevel=3
10-20 20:15:51.215  2521  2618 D MobileSignalController(0/2): notifyListener: enabled=true, connected=true, dataConnected=true, networkType=LTE (4G), emergencyOnly=false, roaming=false, isDefault=false, dataActivity=, level=3, ca=false, mmWave=false, disabledDataIcon=false, simCard=ETC
10-20 20:15:51.216  2521  2618 D NetworkController: SignalStrength from intent slotId=0
10-20 20:15:51.220 30047 30047 W Finsky  : [2] STU: Failed to get storage stats for package 'com.google.android.ondevicepersonalization' (1601: Error getting stats: android.content.pm.PackageManager.NameNotFoundException)
10-20 20:15:51.268 19138 19180 E IMGMapper: set:488 set: Unset optional value from type SMPTE2086
10-20 20:15:51.268 19138 19180 E IMGMapper: set:488 set: Unset optional value from type CTA861_3
10-20 20:15:51.277 19138 19180 E IMGMapper: set:488 set: Unset optional value from type SMPTE2086
10-20 20:15:51.277 19138 19180 E IMGMapper: set:488 set: Unset optional value from type CTA861_3
10-20 20:15:51.293  1205  1205 I thermal_repeater: socket -1
10-20 20:15:51.295 19138 19180 E IMGMapper: set:488 set: Unset optional value from type SMPTE2086
10-20 20:15:51.296 19138 19180 E IMGMapper: set:488 set: Unset optional value from type CTA861_3
10-20 20:15:51.313 19138 19180 E IMGMapper: set:488 set: Unset optional value from type SMPTE2086
10-20 20:15:51.313 19138 19180 E IMGMapper: set:488 set: Unset optional value from type CTA861_3
10-20 20:15:51.330 19138 19180 E IMGMapper: set:488 set: Unset optional value from type SMPTE2086
10-20 20:15:51.330 19138 19180 E IMGMapper: set:488 set: Unset optional value from type CTA861_3
10-20 20:15:51.341 19138 19180 E IMGMapper: set:488 set: Unset optional value from type SMPTE2086
10-20 20:15:51.341 19138 19180 E IMGMapper: set:488 set: Unset optional value from type CTA861_3
10-20 20:15:51.358 19138 19180 E IMGMapper: set:488 set: Unset optional value from type SMPTE2086
10-20 20:15:51.358 19138 19180 E IMGMapper: set:488 set: Unset optional value from type CTA861_3
10-20 20:15:51.375 19138 19180 E IMGMapper: set:488 set: Unset optional value from type SMPTE2086
10-20 20:15:51.375 19138 19180 E IMGMapper: set:488 set: Unset optional value from type CTA861_3
10-20 20:15:51.391 19138 19180 E IMGMapper: set:488 set: Unset optional value from type SMPTE2086
10-20 20:15:51.391 19138 19180 E IMGMapper: set:488 set: Unset optional value from type CTA861_3
10-20 20:15:51.396 30047 30047 W Finsky  : [2] STU: Failed to get storage stats for package 'com.google.android.extservices' (1601: Error getting stats: android.content.pm.PackageManager.NameNotFoundException)
10-20 20:15:51.409 19138 19180 E IMGMapper: set:488 set: Unset optional value from type SMPTE2086
10-20 20:15:51.409 19138 19180 E IMGMapper: set:488 set: Unset optional value from type CTA861_3
10-20 20:15:51.424 19138 19180 E IMGMapper: set:488 set: Unset optional value from type SMPTE2086
10-20 20:15:51.424 19138 19180 E IMGMapper: set:488 set: Unset optional value from type CTA861_3
10-20 20:15:51.441 19138 19180 E IMGMapper: set:488 set: Unset optional value from type SMPTE2086
10-20 20:15:51.441 19138 19180 E IMGMapper: set:488 set: Unset optional value from type CTA861_3
10-20 20:15:51.459 19138 19180 E IMGMapper: set:488 set: Unset optional value from type SMPTE2086
10-20 20:15:51.459 19138 19180 E IMGMapper: set:488 set: Unset optional value from type CTA861_3
10-20 20:15:51.474 19138 19180 E IMGMapper: set:488 set: Unset optional value from type SMPTE2086
10-20 20:15:51.474 19138 19180 E IMGMapper: set:488 set: Unset optional value from type CTA861_3
10-20 20:15:51.491 19138 19180 E IMGMapper: set:488 set: Unset optional value from type SMPTE2086
10-20 20:15:51.491 19138 19180 E IMGMapper: set:488 set: Unset optional value from type CTA861_3
10-20 20:15:51.508 19138 19180 E IMGMapper: set:488 set: Unset optional value from type SMPTE2086
10-20 20:15:51.508 19138 19180 E IMGMapper: set:488 set: Unset optional value from type CTA861_3
10-20 20:15:51.512 30047 30047 W Finsky  : [2] STU: Failed to get storage stats for package 'com.google.android.os.statsd' (1601: Error getting stats: android.content.pm.PackageManager.NameNotFoundException)
10-20 20:15:51.525 19138 19180 E IMGMapper: set:488 set: Unset optional value from type SMPTE2086
10-20 20:15:51.525 19138 19180 E IMGMapper: set:488 set: Unset optional value from type CTA861_3
10-20 20:15:51.541 19138 19180 E IMGMapper: set:488 set: Unset optional value from type SMPTE2086
10-20 20:15:51.541 19138 19180 E IMGMapper: set:488 set: Unset optional value from type CTA861_3
10-20 20:15:51.558 19138 19180 E IMGMapper: set:488 set: Unset optional value from type SMPTE2086
10-20 20:15:51.558 19138 19180 E IMGMapper: set:488 set: Unset optional value from type CTA861_3
10-20 20:15:51.574 19138 19180 E IMGMapper: set:488 set: Unset optional value from type SMPTE2086
10-20 20:15:51.574 19138 19180 E IMGMapper: set:488 set: Unset optional value from type CTA861_3
10-20 20:15:51.591 19138 19180 E IMGMapper: set:488 set: Unset optional value from type SMPTE2086
10-20 20:15:51.591 19138 19180 E IMGMapper: set:488 set: Unset optional value from type CTA861_3
10-20 20:15:51.607 19138 19180 E IMGMapper: set:488 set: Unset optional value from type SMPTE2086
10-20 20:15:51.607 19138 19180 E IMGMapper: set:488 set: Unset optional value from type CTA861_3
10-20 20:15:51.625 19138 19180 E IMGMapper: set:488 set: Unset optional value from type SMPTE2086
10-20 20:15:51.626 19138 19180 E IMGMapper: set:488 set: Unset optional value from type CTA861_3
10-20 20:15:51.640 19138 19180 E IMGMapper: set:488 set: Unset optional value from type SMPTE2086
10-20 20:15:51.640 19138 19180 E IMGMapper: set:488 set: Unset optional value from type CTA861_3
10-20 20:15:51.661 19138 19180 E IMGMapper: set:488 set: Unset optional value from type SMPTE2086
10-20 20:15:51.661 19138 19180 E IMGMapper: set:488 set: Unset optional value from type CTA861_3
10-20 20:15:51.678 19138 19180 E IMGMapper: set:488 set: Unset optional value from type SMPTE2086
10-20 20:15:51.678 19138 19180 E IMGMapper: set:488 set: Unset optional value from type CTA861_3
10-20 20:15:51.691 19138 19180 E IMGMapper: set:488 set: Unset optional value from type SMPTE2086
10-20 20:15:51.691 19138 19180 E IMGMapper: set:488 set: Unset optional value from type CTA861_3
10-20 20:15:51.707 30047 30047 W Finsky  : [2] STU: Failed to get storage stats for package 'com.google.android.scheduling' (1601: Error getting stats: android.content.pm.PackageManager.NameNotFoundException)
10-20 20:15:51.708 19138 19180 E IMGMapper: set:488 set: Unset optional value from type SMPTE2086
10-20 20:15:51.708 19138 19180 E IMGMapper: set:488 set: Unset optional value from type CTA861_3
10-20 20:15:51.724 19138 19180 E IMGMapper: set:488 set: Unset optional value from type SMPTE2086
10-20 20:15:51.724 19138 19180 E IMGMapper: set:488 set: Unset optional value from type CTA861_3
10-20 20:15:51.740 19138 19180 E IMGMapper: set:488 set: Unset optional value from type SMPTE2086
10-20 20:15:51.740 19138 19180 E IMGMapper: set:488 set: Unset optional value from type CTA861_3
10-20 20:15:51.756 19138 19180 E IMGMapper: set:488 set: Unset optional value from type SMPTE2086
10-20 20:15:51.757 19138 19180 E IMGMapper: set:488 set: Unset optional value from type CTA861_3
10-20 20:15:51.770 30047 30047 I Finsky  : [2] App states replicator found 55 unowned apps
10-20 20:15:51.853  8661 24078 E AuthPII : [RequestTokenManager] getToken() -> BAD_AUTHENTICATION. App: com.android.vending, Service: oauth2:https://www.googleapis.com/auth/googleplay
10-20 20:15:51.853  8661 24078 E AuthPII : bbhm: Long live credential not available.
10-20 20:15:51.853  8661 24078 E AuthPII : 	at aedv.a(:com.google.android.gms@254031029@25.40.31 (190400-816341114):1270)
10-20 20:15:51.853  8661 24078 E AuthPII : 	at aeeb.b(:com.google.android.gms@254031029@25.40.31 (190400-816341114):28)
10-20 20:15:51.853  8661 24078 E AuthPII : 	at aedz.a(:com.google.android.gms@254031029@25.40.31 (190400-816341114):537)
10-20 20:15:51.853  8661 24078 E AuthPII : 	at aedy.b(:com.google.android.gms@254031029@25.40.31 (190400-816341114):143)
10-20 20:15:51.853  8661 24078 E AuthPII : 	at xnm.d(:com.google.android.gms@254031029@25.40.31 (190400-816341114):620)
10-20 20:15:51.853  8661 24078 E AuthPII : 	at adxf.getAuthToken(:com.google.android.gms@254031029@25.40.31 (190400-816341114):412)
10-20 20:15:51.853  8661 24078 E AuthPII : 	at android.accounts.AbstractAccountAuthenticator$Transport.getAuthToken(AbstractAccountAuthenticator.java:246)
10-20 20:15:51.853  8661 24078 E AuthPII : 	at android.accounts.IAccountAuthenticator$Stub.onTransact(IAccountAuthenticator.java:242)
10-20 20:15:51.853  8661 24078 E AuthPII : 	at android.os.Binder.transact(Binder.java:1200)
10-20 20:15:51.853  8661 24078 E AuthPII : 	at cdwo.onTransact(:com.google.android.gms@254031029@25.40.31 (190400-816341114):10)
10-20 20:15:51.853  8661 24078 E AuthPII : 	at android.os.Binder.transact(Binder.java:1200)
10-20 20:15:51.853  8661 24078 E AuthPII : 	at btgl.onTransact(:com.google.android.gms@254031029@25.40.31 (190400-816341114):161)
10-20 20:15:51.853  8661 24078 E AuthPII : 	at android.os.Binder.execTransactInternal(Binder.java:1321)
10-20 20:15:51.853  8661 24078 E AuthPII : 	at android.os.Binder.execTransact(Binder.java:1280)
10-20 20:15:51.854  8661 24078 E AuthPII : Message is Long live credential not available.
10-20 20:15:51.854  8661 24078 E AuthPII : bbhm: Long live credential not available.
10-20 20:15:51.854  8661 24078 E AuthPII : 	at aedv.a(:com.google.android.gms@254031029@25.40.31 (190400-816341114):1270)
10-20 20:15:51.854  8661 24078 E AuthPII : 	at aeeb.b(:com.google.android.gms@254031029@25.40.31 (190400-816341114):28)
10-20 20:15:51.854  8661 24078 E AuthPII : 	at aedz.a(:com.google.android.gms@254031029@25.40.31 (190400-816341114):537)
10-20 20:15:51.854  8661 24078 E AuthPII : 	at aedy.b(:com.google.android.gms@254031029@25.40.31 (190400-816341114):143)
10-20 20:15:51.854  8661 24078 E AuthPII : 	at xnm.d(:com.google.android.gms@254031029@25.40.31 (190400-816341114):620)
10-20 20:15:51.854  8661 24078 E AuthPII : 	at adxf.getAuthToken(:com.google.android.gms@254031029@25.40.31 (190400-816341114):412)
10-20 20:15:51.854  8661 24078 E AuthPII : 	at android.accounts.AbstractAccountAuthenticator$Transport.getAuthToken(AbstractAccountAuthenticator.java:246)
10-20 20:15:51.854  8661 24078 E AuthPII : 	at android.accounts.IAccountAuthenticator$Stub.onTransact(IAccountAuthenticator.java:242)
10-20 20:15:51.854  8661 24078 E AuthPII : 	at android.os.Binder.transact(Binder.java:1200)
10-20 20:15:51.854  8661 24078 E AuthPII : 	at cdwo.onTransact(:com.google.android.gms@254031029@25.40.31 (190400-816341114):10)
10-20 20:15:51.854  8661 24078 E AuthPII : 	at android.os.Binder.transact(Binder.java:1200)
10-20 20:15:51.854  8661 24078 E AuthPII : 	at btgl.onTransact(:com.google.android.gms@254031029@25.40.31 (190400-816341114):161)
10-20 20:15:51.854  8661 24078 E AuthPII : 	at android.os.Binder.execTransactInternal(Binder.java:1321)
10-20 20:15:51.854  8661 24078 E AuthPII : 	at android.os.Binder.execTransact(Binder.java:1280)
10-20 20:15:51.879  8661 24078 I Auth    : (REDACTED) [GetToken] GetToken failed for app=%s with userRecoverable status: %s 
10-20 20:15:51.882  8661 24078 W Auth    : [ChimeraGetToken] exception while trying to fetch auth tokens for app=com.google.android.gsf, scope=oauth2:https://www.googleapis.com/auth/googleplay [CONTEXT service_id=153 ]
10-20 20:15:51.882  8661 24078 W Auth    : aedu: GetToken failed with status code and recovery intent: BadAuthentication
10-20 20:15:51.882  8661 24078 W Auth    : 	at aedy.b(:com.google.android.gms@254031029@25.40.31 (190400-816341114):341)
10-20 20:15:51.882  8661 24078 W Auth    : 	at xnm.d(:com.google.android.gms@254031029@25.40.31 (190400-816341114):620)
10-20 20:15:51.882  8661 24078 W Auth    : 	at adxf.getAuthToken(:com.google.android.gms@254031029@25.40.31 (190400-816341114):412)
10-20 20:15:51.882  8661 24078 W Auth    : 	at android.accounts.AbstractAccountAuthenticator$Transport.getAuthToken(AbstractAccountAuthenticator.java:246)
10-20 20:15:51.882  8661 24078 W Auth    : 	at android.accounts.IAccountAuthenticator$Stub.onTransact(IAccountAuthenticator.java:242)
10-20 20:15:51.882  8661 24078 W Auth    : 	at android.os.Binder.transact(Binder.java:1200)
10-20 20:15:51.882  8661 24078 W Auth    : 	at cdwo.onTransact(:com.google.android.gms@254031029@25.40.31 (190400-816341114):10)
10-20 20:15:51.882  8661 24078 W Auth    : 	at android.os.Binder.transact(Binder.java:1200)
10-20 20:15:51.882  8661 24078 W Auth    : 	at btgl.onTransact(:com.google.android.gms@254031029@25.40.31 (190400-816341114):161)
10-20 20:15:51.882  8661 24078 W Auth    : 	at android.os.Binder.execTransactInternal(Binder.java:1321)
10-20 20:15:51.882  8661 24078 W Auth    : 	at android.os.Binder.execTransact(Binder.java:1280)
10-20 20:15:51.883  8661 24078 W GLSActivity: [GmsAccountAuthenticatorImpl] error status while fetching token:BadAuthentication
10-20 20:15:51.898 30047 19913 I Finsky  : [7724] Completed 1 account content syncs with 0 successful.
10-20 20:15:51.899 30047 30047 I Finsky  : [2] [ContentSync] Installation state replication failed, parameters=Id: 12-1, CT: 1761002124482, Constraints: [{ L: 15000, D: 86400000, C: CHARGING_NONE, I: IDLE_NONE, N: NET_ANY, B: BATTERY_ANY }].
10-20 20:15:51.899 30047 30047 I Finsky  : [2] [ContentSync] Scheduling replication attempt 0.
10-20 20:15:51.900 30047 30047 I Finsky  : [2] SCH: jobFinished: 12-1. TimeElapsed: 12235ms.
10-20 20:15:51.901 30047 30047 I Finsky  : [2] WM::SCH: Logging work end for 12-1
10-20 20:15:51.908 30047 18820 I Finsky  : [7720] SCH: Attempting to reschedule job: Id: 12-1, Constraints: [{ L: 20000, D: 86400000, C: CHARGING_NONE, I: IDLE_NONE, N: NET_ANY, B: BATTERY_ANY }]
10-20 20:15:51.919 30047 30100 I Finsky  : [7442] SCH: Scheduling phonesky job Id: 1-1337, CT: 1760964422004, Constraints: [{ L: 43141579, D: 86341579, C: CHARGING_NONE, I: IDLE_NONE, N: NET_ANY, B: BATTERY_ANY }]
10-20 20:15:51.919 30047 30100 I Finsky  : [7442] SCH: Scheduling phonesky job Id: 34-3111, CT: 1760921465324, Constraints: [{ L: 604800000, D: 2507884180, C: CHARGING_NONE, I: IDLE_NONE, N: NET_ANY, B: BATTERY_ANY }]
10-20 20:15:51.919 30047 30100 I Finsky  : [7442] SCH: Scheduling phonesky job Id: 34-3112, CT: 1760921465324, Constraints: [{ L: 604800000, D: 2587130866, C: CHARGING_NONE, I: IDLE_NONE, N: NET_ANY, B: BATTERY_ANY }]
10-20 20:15:51.919 30047 30100 I Finsky  : [7442] SCH: Scheduling phonesky job Id: 34-3114, CT: 1760995803767, Constraints: [{ L: 79199322, D: 1375199322, C: CHARGING_NONE, I: IDLE_NONE, N: NET_ANY, B: BATTERY_ANY }]
10-20 20:15:51.919 30047 30100 I Finsky  : [7442] SCH: Scheduling phonesky job Id: 34-3116, CT: 1760995804570, Constraints: [{ L: 604800000, D: 2591999334, C: CHARGING_NONE, I: IDLE_NONE, N: NET_ANY, B: BATTERY_ANY }]
10-20 20:15:51.925 30047 30098 I Finsky  : [7440] SCH: Scheduling 1 system job(s)
10-20 20:15:51.926 30047 30098 I Finsky  : [7440] SCH: Scheduling system job Id: 9578, L: 5411658, D: 48611658, C: false, I: false, N: 1
10-20 20:15:51.934 30047 19911 I Finsky  : [7723] SCH: job service finished with id 9571.
10-20 20:15:51.954  1483  1583 D PowerManagerService: UserActivityStateListenerState: 0
10-20 20:15:51.974 30047 30081 I Finsky  : [7426] WM::SCH: Logging work initialize for 12-1
10-20 20:15:51.979 30047 30094 I Finsky  : [7436] SCH: Scheduling phonesky job Id: 12-1, CT: 1761002151909, Constraints: [{ L: 20000, D: 86400000, C: CHARGING_NONE, I: IDLE_NONE, N: NET_ANY, B: BATTERY_ANY }]
10-20 20:15:51.985 30047 30098 I Finsky  : [7440] SCH: Scheduling 1 system job(s)
10-20 20:15:51.986 30047 30098 I Finsky  : [7440] SCH: Scheduling system job Id: 9578, L: 19924, D: 48611598, C: false, I: false, N: 1
10-20 20:15:52.169   570 18907 I keystore2: keystore2::watchdog: Watchdog thread idle -> terminating. Have a great day.
10-20 20:15:52.208 12269 12519 W LibevQuicAsyncUDPSocket.h: setTosOrTrafficClass not implemented in LibevQuicAsyncUDPSocket
10-20 20:15:52.212  1483  2471 D NetdEventListenerService: DNS Requested by : 475, 11013, 4, true
10-20 20:15:52.229 12269 12519 E MvfstCallbacks.cpp: onConnectionSetupError: error=TransportError: Internal Error, Error on socket write Operation not permitted, 
10-20 20:15:52.235  1483  2471 D NetdEventListenerService: DNS Requested by : 475, 11013, 4, true
10-20 20:15:52.487  2521  2618 D MobileStatusTracker(0/2): onSignalStrengthsChanged level=4, vendorLevel=3
10-20 20:15:52.492  2521  2618 D MobileSignalController(0/2): notifyListener: enabled=true, connected=true, dataConnected=true, networkType=LTE (4G), emergencyOnly=false, roaming=false, isDefault=false, dataActivity=, level=3, ca=false, mmWave=false, disabledDataIcon=false, simCard=ETC
10-20 20:15:52.492  2521  2618 D NetworkController: SignalStrength from intent slotId=0
10-20 20:15:52.501   543   543 D io_stats: !@ 179,0 r 464692543 5647899894 w 80570273 844573820 d 1258357 33785868 f 0 0 iot 231109824 0 th 0 0 0 pt 0 inp 0 0 2551549.803
10-20 20:15:52.753  1483  2471 D NetdEventListenerService: DNS Requested by : 475, 11011
10-20 20:15:52.754 14839 14902 D TrafficStats: tagSocket(6) with statsTag=0xffffffff, statsUid=-1
10-20 20:15:52.856  1483  2597 I ActivityManager: Killing 18019:com.facebook.system/u0a106 (adj 999): empty #25
10-20 20:15:52.866  1483  1560 I libprocessgroup: Successfully killed process cgroup uid 10106 pid 18019 in 6ms
10-20 20:15:52.890   975   975 I Zygote  : Process 18019 exited due to signal 9 (Killed)
10-20 20:15:52.896   999   999 D IMGMemtrackHAL: hal_get_memory: memtrack cache rebuild was required
10-20 20:15:52.905  1137  8532 I CameraService: onUidStateChanged: uid=10252, procState is changed. (20 -> 19)
10-20 20:15:52.934  1045  1056 D ccci_mdinit: (1):monitor_time_update_thread round:143795 ########
10-20 20:15:53.078 14401 14401 D BoundBrokerSvc: onUnbind: Intent { act=com.google.android.gms.backup.GMS_MODULE_RESTORE dat=chimera-action:/... cmp=com.google.android.gms/.chimera.GmsInternalBoundBrokerService }
