10-20 20:15:53.182  1483  2597 D InputDispatcher: Inject motion (20044/2000): action=0x0, time=2551550484000000, f=0x0, d=0 dsdx=1.000000 dtdx=0.000000
10-20 20:15:53.183  1483  1796 I InputDispatcher: Delivering touch to (2521): action: 0x4, f=0x0, d=0, 'a9cce9e', t=1 
10-20 20:15:53.183  1483  1796 I InputDispatcher: Delivering touch to (19138): action: 0x0, f=0x0, d=0, '1eb0182', t=1 
10-20 20:15:53.183 19138 19138 I ViewRootImpl@52e2b1c[MainActivity]: ViewPostIme pointer 0
10-20 20:15:53.183  1483  1796 D PowerManagerService: [api] userActivityFromNative :  (event: 2 flags: 0 displayId: 0) eventTime = 2551550484
10-20 20:15:53.185  1483  1528 I GestureDetector: obtain mCurrentDownEvent. id: -254154682 caller: com.android.server.wm.SystemGesturesPointerEventListener.onPointerEvent:203 com.android.server.wm.PointerEventDispatcher.onInputEvent:53 android.view.InputEventReceiver.dispatchInputEvent:285 
10-20 20:15:53.186  1483  1796 D PowerManagerService: UserActivityStateListenerState: 1
10-20 20:15:53.186  1483  1528 I GestureDetector: obtain mCurrentDownEvent. id: -254154682 caller: com.android.server.wm.SystemPerformancePointerEventListener.onPointerEvent:89 com.android.server.wm.PointerEventDispatcher.onInputEvent:53 android.view.InputEventReceiver.dispatchInputEvent:285 
10-20 20:15:53.196  1483  2597 D InputDispatcher: Inject motion (20044/2000): action=0x1, time=2551550484000000, f=0x0, d=0 dsdx=1.000000 dtdx=0.000000
10-20 20:15:53.196  1483  1796 I InputDispatcher: Delivering touch to (19138): action: 0x1, f=0x0, d=0, '1eb0182', t=1 
10-20 20:15:53.197  1483  1528 I GestureDetector: obtain mCurrentMotionEventRaw. action: 1 id: -671323607
10-20 20:15:53.197  1483  1528 I GestureDetector: obtain mCurrentMotionEventRaw. action: 1 id: -671323607
10-20 20:15:53.198 19138 19138 I ViewRootImpl@52e2b1c[MainActivity]: ViewPostIme pointer 1
10-20 20:15:53.226 19138 19180 E IMGMapper: set:488 set: Unset optional value from type SMPTE2086
10-20 20:15:53.226 19138 19180 E IMGMapper: set:488 set: Unset optional value from type CTA861_3
10-20 20:15:53.230  1039  1039 I BufferQueueProducer: [com.cinemamovel/com.cinemamovel.MainActivity$_19138#505932](this:0xb400007a1f6f0838,id:-1,api:0,p:-1,c:1039) queueBuffer: fps=15.76 dur=2030.89 max=1448.67 min=16.17
10-20 20:15:53.232   991  1074 I hwcomposer: [HWCDisplay] [Display_0 (type:1)] fps:15.754505,dur:2031.17,max:1449.82,min:15.44  
10-20 20:15:53.254 19138 19180 E IMGMapper: set:488 set: Unset optional value from type SMPTE2086
10-20 20:15:53.254 19138 19180 E IMGMapper: set:488 set: Unset optional value from type CTA861_3
10-20 20:15:53.272 19138 19180 E IMGMapper: set:488 set: Unset optional value from type SMPTE2086
10-20 20:15:53.272 19138 19180 E IMGMapper: set:488 set: Unset optional value from type CTA861_3
10-20 20:15:53.289 19138 19180 E IMGMapper: set:488 set: Unset optional value from type SMPTE2086
10-20 20:15:53.290 19138 19180 E IMGMapper: set:488 set: Unset optional value from type CTA861_3
10-20 20:15:53.304 19138 19138 W [RNScreens]: backTitleVisible prop is not available on Android
10-20 20:15:53.304 19138 19138 W [RNScreens]: backTitleFontFamily prop is not available on Android
10-20 20:15:53.305 19138 19138 W [RNScreens]: disableBackButtonMenu prop is not available on Android
10-20 20:15:53.305 19138 19138 W [RNScreens]: largeTitleFontFamily prop is not available on Android
10-20 20:15:53.305 19138 19138 W [RNScreens]: largeTitleFontWeight prop is not available on Android
10-20 20:15:53.305 19138 19138 W [RNScreens]: largeTitleHideShadow prop is not available on Android
10-20 20:15:53.313 19138 19199 I ReactNativeJS: ---METRICS_JSON_START---
10-20 20:15:53.313 19138 19199 I ReactNativeJS: {
10-20 20:15:53.313 19138 19199 I ReactNativeJS:   "dashboardRenders": 3,
10-20 20:15:53.313 19138 19199 I ReactNativeJS:   "cardRenders": {
10-20 20:15:53.313 19138 19199 I ReactNativeJS:     "13494": 2,
10-20 20:15:53.313 19138 19199 I ReactNativeJS:     "506763": 2,
10-20 20:15:53.313 19138 19199 I ReactNativeJS:     "575265": 2,
10-20 20:15:53.313 19138 19199 I ReactNativeJS:     "617126": 1,
10-20 20:15:53.313 19138 19199 I ReactNativeJS:     "755898": 2,
10-20 20:15:53.313 19138 19199 I ReactNativeJS:     "803796": 2,
10-20 20:15:53.313 19138 19199 I ReactNativeJS:     "911430": 1,
10-20 20:15:53.313 19138 19199 I ReactNativeJS:     "914215": 2,
10-20 20:15:53.313 19138 19199 I ReactNativeJS:     "960299": 1,
10-20 20:15:53.313 19138 19199 I ReactNativeJS:     "987400": 2,
10-20 20:15:53.313 19138 19199 I ReactNativeJS:     "993234": 1,
10-20 20:15:53.313 19138 19199 I ReactNativeJS:     "1007734": 2,
10-20 20:15:53.313 19138 19199 I ReactNativeJS:     "1028248": 2,
10-20 20:15:53.313 19138 19199 I ReactNativeJS:     "1035259": 2,
10-20 20:15:53.313 19138 19199 I ReactNativeJS:     "1038392": 2,
10-20 20:15:53.313 19138 19199 I ReactNativeJS:     "1051486": 2,
10-20 20:15:53.313 19138 19199 I ReactNativeJS:     "1061474": 2,
10-20 20:15:53.313 19138 19199 I ReactNativeJS:     "1078605": 2,
10-20 20:15:53.313 19138 19199 I ReactNativeJS:     "1087192": 2,
10-20 20:15:53.313 19138 19199 I ReactNativeJS:     "1136867": 1,
10-20 20:15:53.313 19138 19199 I ReactNativeJS:     "1234821": 2,
10-20 20:15:53.313 19138 19199 I ReactNativeJS:     "1241634": 1,
10-20 20:15:53.313 19138 19199 I ReactNativeJS:     "1242011": 1,
10-20 20:15:53.313 19138 19199 I ReactNativeJS:     "1246049": 1,
10-20 20:15:53.313 19138 19199 I ReactNativeJS:     "1265344": 2,
10-20 20:15:53.313 19138 19199 I ReactNativeJS:     "1311031": 2,
10-20 20:15:53.313 19138 19199 I ReactNativeJS:     "1355666": 1,
10-20 20:15:53.313 19138 19199 I ReactNativeJS:     "1369679": 2,
10-20 20:15:53.313 19138 19199 I ReactNativeJS:     "1535385": 1
10-20 20:15:53.313 19138 19199 I ReactNativeJS:   },
10-20 20:15:53.313 19138 19199 I ReactNativeJS:   "navigationEvents": [
10-20 20:15:53.313 19138 19199 I ReactNativeJS:     {
10-20 20:15:53.313 19138 19199 I ReactNativeJS:       "action": "focus_dashboard",
10-20 20:15:53.313 19138 19199 I ReactNativeJS:       "timestamp": 1761002136818
10-20 20:15:53.313 19138 19199 I ReactNativeJS:     },
10-20 20:15:53.313 19138 19199 I ReactNativeJS:     {
10-20 20:15:53.313 19138 19199 I ReactNativeJS:       "action": "navigate_to_1265344",
10-20 20:15:53.313 19138 19199 I ReactNativeJS:       "timestamp": 1761002149035
10-20 20:15:53.313 19138 19199 I ReactNativeJS:     },
10-20 20:15:53.313 19138 19199 I ReactNativeJS:     {
10-20 20:15:53.313 19138 19199 I ReactNativeJS:       "action": "leave_dashboard",
10-20 20:15:53.313 19138 19199 I ReactNativeJS:       "timestamp": 1761002149114
10-20 20:15:53.313 19138 19199 I ReactNativeJS:     },
10-20 20:15:53.313 19138 19199 I ReactNativeJS:     {
10-20 20:15:53.313 19138 19199 I ReactNativeJS:       "action": "focus_dashboard",
10-20 20:15:53.313 19138 19199 I ReactNativeJS:       "timestamp": 1761002151159
10-20 20:15:53.313 19138 19199 I ReactNativeJS:     },
10-20 20:15:53.313 19138 19199 I ReactNativeJS:     {
10-20 20:15:53.313 19138 19199 I ReactNativeJS:       "action": "navigate_to_1265344",
10-20 20:15:53.313 19138 19199 I ReactNativeJS:       "timestamp": 1761002153221
10-20 20:15:53.313 19138 19199 I ReactNativeJS:     },
10-20 20:15:53.313 19138 19199 I ReactNativeJS:     {
10-20 20:15:53.313 19138 19199 I ReactNativeJS:       "action": "leave_dashboard",
10-20 20:15:53.313 19138 19199 I ReactNativeJS:       "timestamp": 1761002153312
10-20 20:15:53.313 19138 19199 I ReactNativeJS:     }
10-20 20:15:53.313 19138 19199 I ReactNativeJS:   ]
10-20 20:15:53.313 19138 19199 I ReactNativeJS: }
10-20 20:15:53.313 19138 19199 I ReactNativeJS: ---METRICS_JSON_END---
10-20 20:15:53.313 19138 19180 E IMGMapper: set:488 set: Unset optional value from type SMPTE2086
10-20 20:15:53.313 19138 19180 E IMGMapper: set:488 set: Unset optional value from type CTA861_3
10-20 20:15:53.329 19138 19180 E IMGMapper: set:488 set: Unset optional value from type SMPTE2086
10-20 20:15:53.329 19138 19180 E IMGMapper: set:488 set: Unset optional value from type CTA861_3
10-20 20:15:53.353 19138 19180 E IMGMapper: set:488 set: Unset optional value from type SMPTE2086
10-20 20:15:53.353 19138 19180 E IMGMapper: set:488 set: Unset optional value from type CTA861_3
10-20 20:15:53.388 19138 19180 E IMGMapper: set:488 set: Unset optional value from type SMPTE2086
10-20 20:15:53.388 19138 19180 E IMGMapper: set:488 set: Unset optional value from type CTA861_3
10-20 20:15:53.401 19138 19180 E IMGMapper: set:488 set: Unset optional value from type SMPTE2086
10-20 20:15:53.401 19138 19180 E IMGMapper: set:488 set: Unset optional value from type CTA861_3
10-20 20:15:53.413 19138 19180 E IMGMapper: set:488 set: Unset optional value from type SMPTE2086
10-20 20:15:53.413 19138 19180 E IMGMapper: set:488 set: Unset optional value from type CTA861_3
10-20 20:15:53.416 19138 19138 D ScrollView: initGoToTop
10-20 20:15:53.486 19138 19180 E IMGMapper: set:488 set: Unset optional value from type SMPTE2086
10-20 20:15:53.486  1483  1528 I GestureDetector: handleMessage TAP
10-20 20:15:53.486 19138 19180 E IMGMapper: set:488 set: Unset optional value from type CTA861_3
10-20 20:15:53.486  1483  1483 I GestureDetector: handleMessage TAP
10-20 20:15:53.495 19138 19180 E IMGMapper: set:488 set: Unset optional value from type SMPTE2086
10-20 20:15:53.495 19138 19180 E IMGMapper: set:488 set: Unset optional value from type CTA861_3
10-20 20:15:53.518 19138 19180 E IMGMapper: set:488 set: Unset optional value from type SMPTE2086
10-20 20:15:53.519 19138 19180 E IMGMapper: set:488 set: Unset optional value from type CTA861_3
10-20 20:15:53.529 19138 19180 E IMGMapper: set:488 set: Unset optional value from type SMPTE2086
10-20 20:15:53.529 19138 19180 E IMGMapper: set:488 set: Unset optional value from type CTA861_3
10-20 20:15:53.550 19138 19180 E IMGMapper: set:488 set: Unset optional value from type SMPTE2086
10-20 20:15:53.550 19138 19180 E IMGMapper: set:488 set: Unset optional value from type CTA861_3
10-20 20:15:53.561 19138 19180 E IMGMapper: set:488 set: Unset optional value from type SMPTE2086
10-20 20:15:53.561 19138 19180 E IMGMapper: set:488 set: Unset optional value from type CTA861_3
10-20 20:15:53.582 19138 19180 E IMGMapper: set:488 set: Unset optional value from type SMPTE2086
10-20 20:15:53.582 19138 19180 E IMGMapper: set:488 set: Unset optional value from type CTA861_3
10-20 20:15:53.598 19138 19180 E IMGMapper: set:488 set: Unset optional value from type SMPTE2086
10-20 20:15:53.598 19138 19180 E IMGMapper: set:488 set: Unset optional value from type CTA861_3
10-20 20:15:53.604  2486  2486 I WifiHAL : Get link layer stats
10-20 20:15:53.604  2486  2486 I WifiHAL : GetLinkStatsCommand::create
10-20 20:15:53.604  2486  2486 D android.hardware.wifi@1.0-service-lazy: WifiRequest::create vendor command to iface 38, vendor_id=0x1a11, subcmd=0x1200, res=0
10-20 20:15:53.604  2486  2486 I android.hardware.wifi@1.0-service-lazy: WifiCommand::requestResponse err=-95
10-20 20:15:53.604  2486  2486 I WifiHAL : wifi_get_link_stats: result=-3
10-20 20:15:53.605  1483  2363 E WifiVendorHal: getWifiLinkLayerStats_1_5_Internal(l.1179) failed {.code = ERROR_NOT_SUPPORTED, .description = }
10-20 20:15:53.608  1483  3390 D SemWifiUsabilityStatsMonitor: onWifiUsabilityStats - seqNum 543558, isSameBssidAndFreq true
10-20 20:15:53.609  1483  2437 I SemWifiLinkQualityMonitor: Link Qos query: inf. ms / 0 Mbps
10-20 20:15:53.618 19138 19180 E IMGMapper: set:488 set: Unset optional value from type SMPTE2086
10-20 20:15:53.618 19138 19180 E IMGMapper: set:488 set: Unset optional value from type CTA861_3
10-20 20:15:53.634 19138 19180 E IMGMapper: set:488 set: Unset optional value from type SMPTE2086
10-20 20:15:53.635 19138 19180 E IMGMapper: set:488 set: Unset optional value from type CTA861_3
10-20 20:15:53.647 19138 19180 E IMGMapper: set:488 set: Unset optional value from type SMPTE2086
10-20 20:15:53.648 19138 19180 E IMGMapper: set:488 set: Unset optional value from type CTA861_3
10-20 20:15:53.664 19138 19180 E IMGMapper: set:488 set: Unset optional value from type SMPTE2086
10-20 20:15:53.665 19138 19180 E IMGMapper: set:488 set: Unset optional value from type CTA861_3
10-20 20:15:53.681 19138 19180 E IMGMapper: set:488 set: Unset optional value from type SMPTE2086
10-20 20:15:53.681 19138 19180 E IMGMapper: set:488 set: Unset optional value from type CTA861_3
10-20 20:15:53.696 19138 19180 E IMGMapper: set:488 set: Unset optional value from type SMPTE2086
10-20 20:15:53.696 19138 19180 E IMGMapper: set:488 set: Unset optional value from type CTA861_3
10-20 20:15:53.711 19138 19180 E IMGMapper: set:488 set: Unset optional value from type SMPTE2086
10-20 20:15:53.711 19138 19180 E IMGMapper: set:488 set: Unset optional value from type CTA861_3
10-20 20:15:53.727 19138 19180 E IMGMapper: set:488 set: Unset optional value from type SMPTE2086
10-20 20:15:53.728 19138 19180 E IMGMapper: set:488 set: Unset optional value from type CTA861_3
10-20 20:15:53.745 19138 19180 E IMGMapper: set:488 set: Unset optional value from type SMPTE2086
10-20 20:15:53.745 19138 19180 E IMGMapper: set:488 set: Unset optional value from type CTA861_3
10-20 20:15:53.760  2521  2618 D MobileStatusTracker(0/2): onSignalStrengthsChanged level=4, vendorLevel=3
10-20 20:15:53.764  2521  2618 D MobileSignalController(0/2): notifyListener: enabled=true, connected=true, dataConnected=true, networkType=LTE (4G), emergencyOnly=false, roaming=false, isDefault=false, dataActivity=, level=3, ca=false, mmWave=false, disabledDataIcon=false, simCard=ETC
10-20 20:15:53.766  2521  2618 D NetworkController: SignalStrength from intent slotId=0
10-20 20:15:53.770 19138 19180 E IMGMapper: set:488 set: Unset optional value from type SMPTE2086
10-20 20:15:53.770 19138 19180 E IMGMapper: set:488 set: Unset optional value from type CTA861_3
10-20 20:15:53.784 19138 19180 E IMGMapper: set:488 set: Unset optional value from type SMPTE2086
10-20 20:15:53.784 19138 19180 E IMGMapper: set:488 set: Unset optional value from type CTA861_3
10-20 20:15:53.797 19138 19180 E IMGMapper: set:488 set: Unset optional value from type SMPTE2086
10-20 20:15:53.798 19138 19180 E IMGMapper: set:488 set: Unset optional value from type CTA861_3
10-20 20:15:53.810 19138 19180 E IMGMapper: set:488 set: Unset optional value from type SMPTE2086
10-20 20:15:53.810 19138 19180 E IMGMapper: set:488 set: Unset optional value from type CTA861_3
10-20 20:15:53.831 19138 19180 E IMGMapper: set:488 set: Unset optional value from type SMPTE2086
10-20 20:15:53.832 19138 19180 E IMGMapper: set:488 set: Unset optional value from type CTA861_3
10-20 20:15:53.833  4441  4441 I wpa_supplicant: Heartbeat 919
10-20 20:15:53.842 19138 19180 E IMGMapper: set:488 set: Unset optional value from type SMPTE2086
10-20 20:15:53.842 19138 19180 E IMGMapper: set:488 set: Unset optional value from type CTA861_3
10-20 20:15:53.858 19138 19180 E IMGMapper: set:488 set: Unset optional value from type SMPTE2086
10-20 20:15:53.859 19138 19180 E IMGMapper: set:488 set: Unset optional value from type CTA861_3
10-20 20:15:53.931 14401 14401 D BoundBrokerSvc: onUnbind: Intent { act=com.google.android.gms.safetynet.service.START pkg=com.google.android.gms }
10-20 20:15:53.935 14401 14401 D BoundBrokerSvc: onUnbind: Intent { act=com.google.android.gms.safebrowsing.SafeBrowsingService.START dat=chimera-action:/... cmp=com.google.android.gms/.chimera.GmsBoundBrokerService }
10-20 20:15:54.057  1483  3333 D CompatibilityChangeReporter: Compat change id reported: 161145287; UID 10252; state: DISABLED
10-20 20:15:54.066 19204 20048 E FilePhenotypeFlags: Config package com.google.android.gms.clearcut_client#com.bradesco cannot use FILE backing without declarative registration. See go/phenotype-android-integration#phenotype for more information. This will lead to stale flags.
10-20 20:15:54.505   543   543 D io_stats: !@ 179,0 r 464692635 5647900922 w 80570277 844573836 d 1258357 33785868 f 0 0 iot 231109852 0 th 0 0 0 pt 0 inp 0 0 2551551.808
10-20 20:15:54.793  1483  2471 D NetdEventListenerService: DNS Requested by : 475, 11011
10-20 20:15:54.796 14839 14902 D TrafficStats: tagSocket(6) with statsTag=0xffffffff, statsUid=-1
10-20 20:15:54.879  2521  2618 D MobileStatusTracker(1/1): onSignalStrengthsChanged level=4, vendorLevel=4
10-20 20:15:54.883  2521  2618 D MobileSignalController(1/1): notifyListener: enabled=true, connected=true, dataConnected=false, networkType=UMTS (3G), emergencyOnly=true, roaming=false, isDefault=false, dataActivity=, level=4, ca=false, mmWave=false, disabledDataIcon=false, simCard=ETC
10-20 20:15:54.883  2521  2618 D NetworkController: SignalStrength from intent slotId=1
10-20 20:15:55.043  2521  2618 D MobileStatusTracker(0/2): onSignalStrengthsChanged level=4, vendorLevel=3
10-20 20:15:55.045  2521  2618 D MobileSignalController(0/2): notifyListener: enabled=true, connected=true, dataConnected=true, networkType=LTE (4G), emergencyOnly=false, roaming=false, isDefault=false, dataActivity=, level=3, ca=false, mmWave=false, disabledDataIcon=false, simCard=ETC
10-20 20:15:55.046  2521  2618 D NetworkController: SignalStrength from intent slotId=0
10-20 20:15:55.192  2799  3039 D PhoneInterfaceManager: setDataEnabledForReason() Reason=1 Pid=1483 App=system
10-20 20:15:55.196  2799  3039 D PhoneInterfaceManager: setDataEnabledForReason() Reason=1 Pid=1483 App=system
10-20 20:15:55.274  1483  6407 D InputDispatcher: Inject key (20054/2000): action=0, f=0x0, d=-1, time=2551552576000000
10-20 20:15:55.275  1483  6407 D WindowManager: interceptKeyTq keycode=4 interactive=true keyguardActive=false policyFlags=2b000000
10-20 20:15:55.276  1483  6407 D PhoneWindowManagerExt: interceptKeyTq code=4 down=true repeatCount=0 displayId=-1 interactive=true
10-20 20:15:55.276  1483  6407 D WindowManager: interceptKeyTq interceptKeyResult=4
10-20 20:15:55.276  1483  1796 D PowerManagerService: [api] userActivityFromNative :  (event: 1 flags: 0 displayId: 0) eventTime = 2551552576
10-20 20:15:55.278  1483  1796 D WindowManager: interceptKeyTi keyCode=4 down=true repeatCount=0 keyguardOn=false canceled=false
10-20 20:15:55.279  1483  1796 D PhoneWindowManagerExt: interceptKeyTi code=4 down=true repeatCount=0 displayId=-1 interactive=true
10-20 20:15:55.281  1483  1796 I InputDispatcher: Delivering key to (19138): B action: 0x0 (0), f=0x0, m=0x0, d=0, '1eb0182'
10-20 20:15:55.281  5125  5125 I HBD     : b skip onKeyDown as physical keyboard not connected 
10-20 20:15:55.282  5125  5125 I HBD     : HoneyBoardService onKeyDown r:a7247913 consumed:false 1 
10-20 20:15:55.283 19138 19138 I ViewRootImpl@52e2b1c[MainActivity]: ViewPostIme key 0
10-20 20:15:55.283 19138 19138 D Activity: onKeyDown(KEYCODE_BACK)
10-20 20:15:55.284  1483  6407 D InputDispatcher: Inject key (20054/2000): action=1, f=0x0, d=-1, time=2551552576000000
10-20 20:15:55.284  1483  6407 D WindowManager: interceptKeyTq keycode=4 interactive=true keyguardActive=false policyFlags=2b000000
10-20 20:15:55.284  1483  6407 D PhoneWindowManagerExt: interceptKeyTq code=4 down=false repeatCount=0 displayId=-1 interactive=true
10-20 20:15:55.284  1483  6407 D WindowManager: interceptKeyTq interceptKeyResult=4
10-20 20:15:55.285  1483  1796 D WindowManager: interceptKeyTi keyCode=4 down=false repeatCount=0 keyguardOn=false canceled=false
10-20 20:15:55.285  1483  1796 D PhoneWindowManagerExt: interceptKeyTi code=4 down=false repeatCount=0 displayId=-1 interactive=true
10-20 20:15:55.285  1483  1796 I InputDispatcher: Delivering key to (19138): B action: 0x1 (0), f=0x0, m=0x0, d=0, '1eb0182'
10-20 20:15:55.287  5125  5125 I HBD     : HoneyBoardService onKeyUp r:f8812fda consumed:false 0 
10-20 20:15:55.288 19138 19138 I ViewRootImpl@52e2b1c[MainActivity]: ViewPostIme key 1
10-20 20:15:55.288 19138 19138 D Activity: onKeyUp(KEYCODE_BACK) isTracking()=true isCanceled()=false hasCallback=false
10-20 20:15:55.397 19138 19180 E IMGMapper: set:488 set: Unset optional value from type SMPTE2086
10-20 20:15:55.398 19138 19180 E IMGMapper: set:488 set: Unset optional value from type CTA861_3
10-20 20:15:55.409  1039  1039 I BufferQueueProducer: [com.cinemamovel/com.cinemamovel.MainActivity$_19138#505932](this:0xb400007a1f6f0838,id:-1,api:0,p:-1,c:1039) queueBuffer: fps=15.60 dur=2179.87 max=1530.95 min=15.98
10-20 20:15:55.411   991  1074 I hwcomposer: [HWCDisplay] [Display_0 (type:1)] fps:15.600336,dur:2179.44,max:1531.17,min:15.26  
10-20 20:15:55.477 19138 19180 E IMGMapper: set:488 set: Unset optional value from type SMPTE2086
10-20 20:15:55.477 19138 19180 E IMGMapper: set:488 set: Unset optional value from type CTA861_3
10-20 20:15:55.485 19138 19180 E IMGMapper: set:488 set: Unset optional value from type SMPTE2086
10-20 20:15:55.485 19138 19180 E IMGMapper: set:488 set: Unset optional value from type CTA861_3
10-20 20:15:55.505 19138 19180 E IMGMapper: set:488 set: Unset optional value from type SMPTE2086
10-20 20:15:55.505 19138 19180 E IMGMapper: set:488 set: Unset optional value from type CTA861_3
10-20 20:15:55.522 19138 19180 E IMGMapper: set:488 set: Unset optional value from type SMPTE2086
10-20 20:15:55.522 19138 19180 E IMGMapper: set:488 set: Unset optional value from type CTA861_3
10-20 20:15:55.538 19138 19180 E IMGMapper: set:488 set: Unset optional value from type SMPTE2086
10-20 20:15:55.538 19138 19180 E IMGMapper: set:488 set: Unset optional value from type CTA861_3
10-20 20:15:55.553 19138 19180 E IMGMapper: set:488 set: Unset optional value from type SMPTE2086
10-20 20:15:55.553 19138 19180 E IMGMapper: set:488 set: Unset optional value from type CTA861_3
10-20 20:15:55.569 19138 19180 E IMGMapper: set:488 set: Unset optional value from type SMPTE2086
10-20 20:15:55.569 19138 19180 E IMGMapper: set:488 set: Unset optional value from type CTA861_3
10-20 20:15:55.586 19138 19180 E IMGMapper: set:488 set: Unset optional value from type SMPTE2086
10-20 20:15:55.586 19138 19180 E IMGMapper: set:488 set: Unset optional value from type CTA861_3
10-20 20:15:55.603 19138 19180 E IMGMapper: set:488 set: Unset optional value from type SMPTE2086
10-20 20:15:55.603 19138 19180 E IMGMapper: set:488 set: Unset optional value from type CTA861_3
10-20 20:15:55.619 19138 19180 E IMGMapper: set:488 set: Unset optional value from type SMPTE2086
10-20 20:15:55.620 19138 19180 E IMGMapper: set:488 set: Unset optional value from type CTA861_3
10-20 20:15:55.636 19138 19180 E IMGMapper: set:488 set: Unset optional value from type SMPTE2086
10-20 20:15:55.636 19138 19180 E IMGMapper: set:488 set: Unset optional value from type CTA861_3
10-20 20:15:55.653 19138 19180 E IMGMapper: set:488 set: Unset optional value from type SMPTE2086
10-20 20:15:55.653 19138 19180 E IMGMapper: set:488 set: Unset optional value from type CTA861_3
10-20 20:15:55.672 19138 19180 E IMGMapper: set:488 set: Unset optional value from type SMPTE2086
10-20 20:15:55.672 19138 19180 E IMGMapper: set:488 set: Unset optional value from type CTA861_3
10-20 20:15:55.686 19138 19180 E IMGMapper: set:488 set: Unset optional value from type SMPTE2086
10-20 20:15:55.686 19138 19180 E IMGMapper: set:488 set: Unset optional value from type CTA861_3
10-20 20:15:55.703 19138 19180 E IMGMapper: set:488 set: Unset optional value from type SMPTE2086
10-20 20:15:55.703 19138 19180 E IMGMapper: set:488 set: Unset optional value from type CTA861_3
10-20 20:15:55.720 19138 19180 E IMGMapper: set:488 set: Unset optional value from type SMPTE2086
10-20 20:15:55.720 19138 19180 E IMGMapper: set:488 set: Unset optional value from type CTA861_3
10-20 20:15:55.738 19138 19180 E IMGMapper: set:488 set: Unset optional value from type SMPTE2086
10-20 20:15:55.738 19138 19180 E IMGMapper: set:488 set: Unset optional value from type CTA861_3
10-20 20:15:55.753 19138 19180 E IMGMapper: set:488 set: Unset optional value from type SMPTE2086
10-20 20:15:55.754 19138 19180 E IMGMapper: set:488 set: Unset optional value from type CTA861_3
10-20 20:15:55.770 19138 19180 E IMGMapper: set:488 set: Unset optional value from type SMPTE2086
10-20 20:15:55.770 19138 19180 E IMGMapper: set:488 set: Unset optional value from type CTA861_3
10-20 20:15:55.785 19138 19180 E IMGMapper: set:488 set: Unset optional value from type SMPTE2086
10-20 20:15:55.786 19138 19180 E IMGMapper: set:488 set: Unset optional value from type CTA861_3
10-20 20:15:55.801  1014  1059 I libPerfCtl: xgfGetFPS pid:-1 fps:0
10-20 20:15:55.801  1014  1059 I libPerfCtl: xgfGetFPS ioctl_ret:-1
10-20 20:15:55.803 19138 19180 E IMGMapper: set:488 set: Unset optional value from type SMPTE2086
10-20 20:15:55.803 19138 19180 E IMGMapper: set:488 set: Unset optional value from type CTA861_3
10-20 20:15:55.819 19138 19180 E IMGMapper: set:488 set: Unset optional value from type SMPTE2086
10-20 20:15:55.820 19138 19180 E IMGMapper: set:488 set: Unset optional value from type CTA861_3
10-20 20:15:55.836 19138 19180 E IMGMapper: set:488 set: Unset optional value from type SMPTE2086
10-20 20:15:55.836 19138 19180 E IMGMapper: set:488 set: Unset optional value from type CTA861_3
10-20 20:15:55.852 19138 19180 E IMGMapper: set:488 set: Unset optional value from type SMPTE2086
10-20 20:15:55.852 19138 19180 E IMGMapper: set:488 set: Unset optional value from type CTA861_3
10-20 20:15:55.869 19138 19180 E IMGMapper: set:488 set: Unset optional value from type SMPTE2086
10-20 20:15:55.869 19138 19180 E IMGMapper: set:488 set: Unset optional value from type CTA861_3
10-20 20:15:55.870  1483  1498 I system_server: Background concurrent copying GC freed 419382(22MB) AllocSpace objects, 231(4220KB) LOS objects, 17% free, 110MB/134MB, paused 700us,364us total 694.791ms
10-20 20:15:55.887 19138 19180 E IMGMapper: set:488 set: Unset optional value from type SMPTE2086
10-20 20:15:55.887 19138 19180 E IMGMapper: set:488 set: Unset optional value from type CTA861_3
10-20 20:15:55.904 19138 19180 E IMGMapper: set:488 set: Unset optional value from type SMPTE2086
10-20 20:15:55.904 19138 19180 E IMGMapper: set:488 set: Unset optional value from type CTA861_3
10-20 20:15:55.919 19138 19180 E IMGMapper: set:488 set: Unset optional value from type SMPTE2086
10-20 20:15:55.919 19138 19180 E IMGMapper: set:488 set: Unset optional value from type CTA861_3
10-20 20:15:55.935 19138 19180 E IMGMapper: set:488 set: Unset optional value from type SMPTE2086
10-20 20:15:55.935 19138 19180 E IMGMapper: set:488 set: Unset optional value from type CTA861_3
10-20 20:15:55.952 19138 19180 E IMGMapper: set:488 set: Unset optional value from type SMPTE2086
10-20 20:15:55.952 19138 19180 E IMGMapper: set:488 set: Unset optional value from type CTA861_3
10-20 20:15:55.968 19138 19180 E IMGMapper: set:488 set: Unset optional value from type SMPTE2086
10-20 20:15:55.968 19138 19180 E IMGMapper: set:488 set: Unset optional value from type CTA861_3
10-20 20:15:56.080  1483  1755 D SensorService: [SO] 0.147 1.457 9.893
10-20 20:15:56.161  2521  2618 D MobileStatusTracker(1/1): onSignalStrengthsChanged level=4, vendorLevel=4
10-20 20:15:56.165  2521  2618 D MobileSignalController(1/1): notifyListener: enabled=true, connected=true, dataConnected=false, networkType=UMTS (3G), emergencyOnly=true, roaming=false, isDefault=false, dataActivity=, level=4, ca=false, mmWave=false, disabledDataIcon=false, simCard=ETC
10-20 20:15:56.165  2521  2618 D NetworkController: SignalStrength from intent slotId=1
10-20 20:15:56.188  1483  1583 D PowerManagerService: UserActivityStateListenerState: 0
10-20 20:15:56.294  1205  1205 I thermal_repeater: socket -1
10-20 20:15:56.329  2521  2618 D MobileStatusTracker(0/2): onSignalStrengthsChanged level=4, vendorLevel=3
10-20 20:15:56.334  2521  2618 D MobileSignalController(0/2): notifyListener: enabled=true, connected=true, dataConnected=true, networkType=LTE (4G), emergencyOnly=false, roaming=false, isDefault=false, dataActivity=, level=3, ca=false, mmWave=false, disabledDataIcon=false, simCard=ETC
10-20 20:15:56.336  2521  2618 D NetworkController: SignalStrength from intent slotId=0
10-20 20:15:56.512   543   543 D io_stats: !@ 179,0 r 464692659 5647901018 w 80570514 844579036 d 1258357 33785868 f 0 0 iot 231110368 0 th 0 0 0 pt 0 inp 0 0 2551553.814
10-20 20:15:56.614  2486  2486 I WifiHAL : Get link layer stats
10-20 20:15:56.614  2486  2486 I WifiHAL : GetLinkStatsCommand::create
10-20 20:15:56.614  2486  2486 D android.hardware.wifi@1.0-service-lazy: WifiRequest::create vendor command to iface 38, vendor_id=0x1a11, subcmd=0x1200, res=0
10-20 20:15:56.614  2486  2486 I android.hardware.wifi@1.0-service-lazy: WifiCommand::requestResponse err=-95
10-20 20:15:56.614  2486  2486 I WifiHAL : wifi_get_link_stats: result=-3
10-20 20:15:56.616  1483  2363 E WifiVendorHal: getWifiLinkLayerStats_1_5_Internal(l.1179) failed {.code = ERROR_NOT_SUPPORTED, .description = }
10-20 20:15:56.625  1483  3390 D SemWifiUsabilityStatsMonitor: onWifiUsabilityStats - seqNum 543559, isSameBssidAndFreq true
10-20 20:15:56.628  1483  2437 I SemWifiLinkQualityMonitor: Link Qos query: inf. ms / 0 Mbps
10-20 20:15:56.682  1483  2457 D WifiConnectivityMonitor.NetworkStatsAnalyzer: Backhaul result - RSSI:-62, CE:20, PE:21, TI:24, PTI:26, TW:34, PTW:34, Tx:4440, Rx:2456, TxS:4435, RxS:2456, RESULT:true, IC:0, ICT:5, WC:0, WCT:5, R:0, RC:0, IE:0, EC:0
10-20 20:15:56.837  1483  2471 D NetdEventListenerService: DNS Requested by : 475, 11011
10-20 20:15:56.838 14839 14902 D TrafficStats: tagSocket(6) with statsTag=0xffffffff, statsUid=-1
10-20 20:15:57.364  1483  6407 D InputDispatcher: Inject motion (20064/2000): action=0x0, time=2551554667000000, f=0x0, d=0 dsdx=1.000000 dtdx=0.000000
10-20 20:15:57.365  1483  1796 I InputDispatcher: Delivering touch to (2521): action: 0x4, f=0x0, d=0, 'a9cce9e', t=1 
10-20 20:15:57.365  1483  1796 I InputDispatcher: Delivering touch to (19138): action: 0x0, f=0x0, d=0, '1eb0182', t=1 
10-20 20:15:57.366 19138 19138 I ViewRootImpl@52e2b1c[MainActivity]: ViewPostIme pointer 0
10-20 20:15:57.366  1483  1796 D PowerManagerService: [api] userActivityFromNative :  (event: 2 flags: 0 displayId: 0) eventTime = 2551554667
10-20 20:15:57.367  1483  1528 I GestureDetector: obtain mCurrentDownEvent. id: -905682864 caller: com.android.server.wm.SystemGesturesPointerEventListener.onPointerEvent:203 com.android.server.wm.PointerEventDispatcher.onInputEvent:53 android.view.InputEventReceiver.dispatchInputEvent:285 
10-20 20:15:57.367  1483  1528 I GestureDetector: obtain mCurrentDownEvent. id: -905682864 caller: com.android.server.wm.SystemPerformancePointerEventListener.onPointerEvent:89 com.android.server.wm.PointerEventDispatcher.onInputEvent:53 android.view.InputEventReceiver.dispatchInputEvent:285 
10-20 20:15:57.368  1483  1796 D PowerManagerService: UserActivityStateListenerState: 1
10-20 20:15:57.373  1483  6407 D InputDispatcher: Inject motion (20064/2000): action=0x1, time=2551554667000000, f=0x0, d=0 dsdx=1.000000 dtdx=0.000000
10-20 20:15:57.373  1483  1796 I InputDispatcher: Delivering touch to (19138): action: 0x1, f=0x0, d=0, '1eb0182', t=1 
10-20 20:15:57.374  1483  1528 I GestureDetector: obtain mCurrentMotionEventRaw. action: 1 id: -719875555
10-20 20:15:57.375  1483  1528 I GestureDetector: obtain mCurrentMotionEventRaw. action: 1 id: -719875555
10-20 20:15:57.375 19138 19138 I ViewRootImpl@52e2b1c[MainActivity]: ViewPostIme pointer 1
10-20 20:15:57.402 19138 19180 E IMGMapper: set:488 set: Unset optional value from type SMPTE2086
10-20 20:15:57.402 19138 19180 E IMGMapper: set:488 set: Unset optional value from type CTA861_3
10-20 20:15:57.407  1039  1039 I BufferQueueProducer: [com.cinemamovel/com.cinemamovel.MainActivity$_19138#505932](this:0xb400007a1f6f0838,id:-1,api:0,p:-1,c:1039) queueBuffer: fps=16.02 dur=1997.71 max=1415.08 min=16.07
10-20 20:15:57.410   991  1074 I hwcomposer: [HWCDisplay] [Display_0 (type:1)] fps:16.010614,dur:1998.67,max:1416.64,min:15.81  
10-20 20:15:57.433 19138 19180 E IMGMapper: set:488 set: Unset optional value from type SMPTE2086
10-20 20:15:57.433 19138 19180 E IMGMapper: set:488 set: Unset optional value from type CTA861_3
10-20 20:15:57.450 19138 19180 E IMGMapper: set:488 set: Unset optional value from type SMPTE2086
10-20 20:15:57.450 19138 19180 E IMGMapper: set:488 set: Unset optional value from type CTA861_3
10-20 20:15:57.467 19138 19138 W [RNScreens]: backTitleVisible prop is not available on Android
10-20 20:15:57.467 19138 19138 W [RNScreens]: backTitleFontFamily prop is not available on Android
10-20 20:15:57.467 19138 19138 W [RNScreens]: disableBackButtonMenu prop is not available on Android
10-20 20:15:57.467 19138 19138 W [RNScreens]: largeTitleFontFamily prop is not available on Android
10-20 20:15:57.467 19138 19138 W [RNScreens]: largeTitleFontWeight prop is not available on Android
10-20 20:15:57.468 19138 19138 W [RNScreens]: largeTitleHideShadow prop is not available on Android
10-20 20:15:57.478 19138 19180 E IMGMapper: set:488 set: Unset optional value from type SMPTE2086
10-20 20:15:57.478 19138 19180 E IMGMapper: set:488 set: Unset optional value from type CTA861_3
10-20 20:15:57.480 19138 19199 I ReactNativeJS: ---METRICS_JSON_START---
10-20 20:15:57.480 19138 19199 I ReactNativeJS: {
10-20 20:15:57.480 19138 19199 I ReactNativeJS:   "dashboardRenders": 3,
10-20 20:15:57.480 19138 19199 I ReactNativeJS:   "cardRenders": {
10-20 20:15:57.480 19138 19199 I ReactNativeJS:     "13494": 2,
10-20 20:15:57.480 19138 19199 I ReactNativeJS:     "506763": 2,
10-20 20:15:57.480 19138 19199 I ReactNativeJS:     "575265": 2,
10-20 20:15:57.480 19138 19199 I ReactNativeJS:     "617126": 1,
10-20 20:15:57.480 19138 19199 I ReactNativeJS:     "755898": 2,
10-20 20:15:57.480 19138 19199 I ReactNativeJS:     "803796": 2,
10-20 20:15:57.480 19138 19199 I ReactNativeJS:     "911430": 1,
10-20 20:15:57.480 19138 19199 I ReactNativeJS:     "914215": 2,
10-20 20:15:57.480 19138 19199 I ReactNativeJS:     "960299": 1,
10-20 20:15:57.480 19138 19199 I ReactNativeJS:     "987400": 2,
10-20 20:15:57.480 19138 19199 I ReactNativeJS:     "993234": 1,
10-20 20:15:57.480 19138 19199 I ReactNativeJS:     "1007734": 2,
10-20 20:15:57.480 19138 19199 I ReactNativeJS:     "1028248": 2,
10-20 20:15:57.480 19138 19199 I ReactNativeJS:     "1035259": 2,
10-20 20:15:57.480 19138 19199 I ReactNativeJS:     "1038392": 2,
10-20 20:15:57.480 19138 19199 I ReactNativeJS:     "1051486": 2,
10-20 20:15:57.480 19138 19199 I ReactNativeJS:     "1061474": 2,
10-20 20:15:57.480 19138 19199 I ReactNativeJS:     "1078605": 2,
10-20 20:15:57.480 19138 19199 I ReactNativeJS:     "1087192": 2,
10-20 20:15:57.480 19138 19199 I ReactNativeJS:     "1136867": 1,
10-20 20:15:57.480 19138 19199 I ReactNativeJS:     "1234821": 2,
10-20 20:15:57.480 19138 19199 I ReactNativeJS:     "1241634": 1,
10-20 20:15:57.480 19138 19199 I ReactNativeJS:     "1242011": 1,
10-20 20:15:57.480 19138 19199 I ReactNativeJS:     "1246049": 1,
10-20 20:15:57.480 19138 19199 I ReactNativeJS:     "1265344": 2,
10-20 20:15:57.480 19138 19199 I ReactNativeJS:     "1311031": 2,
10-20 20:15:57.480 19138 19199 I ReactNativeJS:     "1355666": 1,
10-20 20:15:57.480 19138 19199 I ReactNativeJS:     "1369679": 2,
10-20 20:15:57.480 19138 19199 I ReactNativeJS:     "1535385": 1
10-20 20:15:57.480 19138 19199 I ReactNativeJS:   },
10-20 20:15:57.480 19138 19199 I ReactNativeJS:   "navigationEvents": [
10-20 20:15:57.480 19138 19199 I ReactNativeJS:     {
10-20 20:15:57.480 19138 19199 I ReactNativeJS:       "action": "focus_dashboard",
10-20 20:15:57.480 19138 19199 I ReactNativeJS:       "timestamp": 1761002136818
10-20 20:15:57.480 19138 19199 I ReactNativeJS:     },
10-20 20:15:57.480 19138 19199 I ReactNativeJS:     {
10-20 20:15:57.480 19138 19199 I ReactNativeJS:       "action": "navigate_to_1265344",
10-20 20:15:57.480 19138 19199 I ReactNativeJS:       "timestamp": 1761002149035
10-20 20:15:57.480 19138 19199 I ReactNativeJS:     },
10-20 20:15:57.480 19138 19199 I ReactNativeJS:     {
10-20 20:15:57.480 19138 19199 I ReactNativeJS:       "action": "leave_dashboard",
10-20 20:15:57.480 19138 19199 I ReactNativeJS:       "timestamp": 1761002149114
10-20 20:15:57.480 19138 19199 I ReactNativeJS:     },
10-20 20:15:57.480 19138 19199 I ReactNativeJS:     {
10-20 20:15:57.480 19138 19199 I ReactNativeJS:       "action": "focus_dashboard",
10-20 20:15:57.480 19138 19199 I ReactNativeJS:       "timestamp": 1761002151159
10-20 20:15:57.480 19138 19199 I ReactNativeJS:     },
10-20 20:15:57.480 19138 19199 I ReactNativeJS:     {
10-20 20:15:57.480 19138 19199 I ReactNativeJS:       "action": "navigate_to_1265344",
10-20 20:15:57.480 19138 19199 I ReactNativeJS:       "timestamp": 1761002153221
10-20 20:15:57.480 19138 19199 I ReactNativeJS:     },
10-20 20:15:57.480 19138 19199 I ReactNativeJS:     {
10-20 20:15:57.480 19138 19199 I ReactNativeJS:       "action": "leave_dashboard",
10-20 20:15:57.480 19138 19199 I ReactNativeJS:       "timestamp": 1761002153312
10-20 20:15:57.480 19138 19199 I ReactNativeJS:     },
10-20 20:15:57.480 19138 19199 I ReactNativeJS:     {
10-20 20:15:57.480 19138 19199 I ReactNativeJS:       "action": "focus_dashboard",
10-20 20:15:57.480 19138 19199 I ReactNativeJS:       "timestamp": 1761002155365
10-20 20:15:57.480 19138 19199 I ReactNativeJS:     },
10-20 20:15:57.480 19138 19199 I ReactNativeJS:     {
10-20 20:15:57.480 19138 19199 I ReactNativeJS:       "action": "navigate_to_1265344",
10-20 20:15:57.480 19138 19199 I ReactNativeJS:       "timestamp": 1761002157397
10-20 20:15:57.480 19138 19199 I ReactNativeJS:     },
10-20 20:15:57.480 19138 19199 I ReactNativeJS:     {
10-20 20:15:57.480 19138 19199 I ReactNativeJS:       "action": "leave_dashboard",
10-20 20:15:57.480 19138 19199 I ReactNativeJS:       "timestamp": 1761002157479
10-20 20:15:57.480 19138 19199 I ReactNativeJS:     }
10-20 20:15:57.480 19138 19199 I ReactNativeJS:   ]
10-20 20:15:57.480 19138 19199 I ReactNativeJS: }
10-20 20:15:57.480 19138 19199 I ReactNativeJS: ---METRICS_JSON_END---
10-20 20:15:57.487 19138 19180 E IMGMapper: set:488 set: Unset optional value from type SMPTE2086
10-20 20:15:57.487 19138 19180 E IMGMapper: set:488 set: Unset optional value from type CTA861_3
10-20 20:15:57.513 19138 19180 E IMGMapper: set:488 set: Unset optional value from type SMPTE2086
10-20 20:15:57.513 19138 19180 E IMGMapper: set:488 set: Unset optional value from type CTA861_3
10-20 20:15:57.549 19138 19180 E IMGMapper: set:488 set: Unset optional value from type SMPTE2086
10-20 20:15:57.549 19138 19180 E IMGMapper: set:488 set: Unset optional value from type CTA861_3
10-20 20:15:57.563 19138 19138 D ScrollView: initGoToTop
10-20 20:15:57.563 19138 19180 E IMGMapper: set:488 set: Unset optional value from type SMPTE2086
10-20 20:15:57.563 19138 19180 E IMGMapper: set:488 set: Unset optional value from type CTA861_3
10-20 20:15:57.608  2521  2618 D MobileStatusTracker(0/2): onSignalStrengthsChanged level=4, vendorLevel=3
10-20 20:15:57.612  2521  2618 D MobileSignalController(0/2): notifyListener: enabled=true, connected=true, dataConnected=true, networkType=LTE (4G), emergencyOnly=false, roaming=false, isDefault=false, dataActivity=, level=3, ca=false, mmWave=false, disabledDataIcon=false, simCard=ETC
10-20 20:15:57.612  2521  2618 D NetworkController: SignalStrength from intent slotId=0
10-20 20:15:57.633 19138 19180 E IMGMapper: set:488 set: Unset optional value from type SMPTE2086
10-20 20:15:57.633 19138 19180 E IMGMapper: set:488 set: Unset optional value from type CTA861_3
10-20 20:15:57.645 19138 19180 E IMGMapper: set:488 set: Unset optional value from type SMPTE2086
10-20 20:15:57.645 19138 19180 E IMGMapper: set:488 set: Unset optional value from type CTA861_3
10-20 20:15:57.659 19138 19180 E IMGMapper: set:488 set: Unset optional value from type SMPTE2086
10-20 20:15:57.659 19138 19180 E IMGMapper: set:488 set: Unset optional value from type CTA861_3
10-20 20:15:57.667  1483  1528 I GestureDetector: handleMessage TAP
10-20 20:15:57.667  1483  1483 I GestureDetector: handleMessage TAP
10-20 20:15:57.670 19138 19180 E IMGMapper: set:488 set: Unset optional value from type SMPTE2086
10-20 20:15:57.670 19138 19180 E IMGMapper: set:488 set: Unset optional value from type CTA861_3
10-20 20:15:57.691 19138 19180 E IMGMapper: set:488 set: Unset optional value from type SMPTE2086
10-20 20:15:57.691 19138 19180 E IMGMapper: set:488 set: Unset optional value from type CTA861_3
10-20 20:15:57.712 19138 19180 E IMGMapper: set:488 set: Unset optional value from type SMPTE2086
10-20 20:15:57.712 19138 19180 E IMGMapper: set:488 set: Unset optional value from type CTA861_3
10-20 20:15:57.725 19138 19180 E IMGMapper: set:488 set: Unset optional value from type SMPTE2086
10-20 20:15:57.725 19138 19180 E IMGMapper: set:488 set: Unset optional value from type CTA861_3
10-20 20:15:57.743 19138 19180 E IMGMapper: set:488 set: Unset optional value from type SMPTE2086
10-20 20:15:57.744 19138 19180 E IMGMapper: set:488 set: Unset optional value from type CTA861_3
10-20 20:15:57.763 19138 19180 E IMGMapper: set:488 set: Unset optional value from type SMPTE2086
10-20 20:15:57.764 19138 19180 E IMGMapper: set:488 set: Unset optional value from type CTA861_3
10-20 20:15:57.774 19138 19180 E IMGMapper: set:488 set: Unset optional value from type SMPTE2086
10-20 20:15:57.774 19138 19180 E IMGMapper: set:488 set: Unset optional value from type CTA861_3
10-20 20:15:57.795 19138 19180 E IMGMapper: set:488 set: Unset optional value from type SMPTE2086
10-20 20:15:57.796 19138 19180 E IMGMapper: set:488 set: Unset optional value from type CTA861_3
10-20 20:15:57.812 19138 19180 E IMGMapper: set:488 set: Unset optional value from type SMPTE2086
10-20 20:15:57.812 19138 19180 E IMGMapper: set:488 set: Unset optional value from type CTA861_3
10-20 20:15:57.826 19138 19180 E IMGMapper: set:488 set: Unset optional value from type SMPTE2086
10-20 20:15:57.826 19138 19180 E IMGMapper: set:488 set: Unset optional value from type CTA861_3
10-20 20:15:57.841 19138 19180 E IMGMapper: set:488 set: Unset optional value from type SMPTE2086
10-20 20:15:57.841 19138 19180 E IMGMapper: set:488 set: Unset optional value from type CTA861_3
10-20 20:15:57.855 19138 19180 E IMGMapper: set:488 set: Unset optional value from type SMPTE2086
10-20 20:15:57.855 19138 19180 E IMGMapper: set:488 set: Unset optional value from type CTA861_3
10-20 20:15:57.864  1483  6047 D CustomizedBinderCallsStatsInternal: reportCpuUsage() : 5%
10-20 20:15:57.864  1483  1554 I BinderCallsStats: Collected cpu time : 0us, collected call count : 0 for 60243 ms
10-20 20:15:57.871 19138 19180 E IMGMapper: set:488 set: Unset optional value from type SMPTE2086
10-20 20:15:57.871 19138 19180 E IMGMapper: set:488 set: Unset optional value from type CTA861_3
10-20 20:15:57.889 19138 19180 E IMGMapper: set:488 set: Unset optional value from type SMPTE2086
10-20 20:15:57.889 19138 19180 E IMGMapper: set:488 set: Unset optional value from type CTA861_3
10-20 20:15:57.905 19138 19180 E IMGMapper: set:488 set: Unset optional value from type SMPTE2086
10-20 20:15:57.905 19138 19180 E IMGMapper: set:488 set: Unset optional value from type CTA861_3
10-20 20:15:57.922 19138 19180 E IMGMapper: set:488 set: Unset optional value from type SMPTE2086
10-20 20:15:57.923 19138 19180 E IMGMapper: set:488 set: Unset optional value from type CTA861_3
10-20 20:15:57.943 19138 19180 E IMGMapper: set:488 set: Unset optional value from type SMPTE2086
10-20 20:15:57.944 19138 19180 E IMGMapper: set:488 set: Unset optional value from type CTA861_3
10-20 20:15:57.956 19138 19180 E IMGMapper: set:488 set: Unset optional value from type SMPTE2086
10-20 20:15:57.957 19138 19180 E IMGMapper: set:488 set: Unset optional value from type CTA861_3
10-20 20:15:57.971 19138 19180 E IMGMapper: set:488 set: Unset optional value from type SMPTE2086
10-20 20:15:57.971 19138 19180 E IMGMapper: set:488 set: Unset optional value from type CTA861_3
10-20 20:15:57.994 19138 19180 E IMGMapper: set:488 set: Unset optional value from type SMPTE2086
10-20 20:15:57.994 19138 19180 E IMGMapper: set:488 set: Unset optional value from type CTA861_3
10-20 20:15:58.003 19138 19180 E IMGMapper: set:488 set: Unset optional value from type SMPTE2086
10-20 20:15:58.003 19138 19180 E IMGMapper: set:488 set: Unset optional value from type CTA861_3
10-20 20:15:58.021 19138 19180 E IMGMapper: set:488 set: Unset optional value from type SMPTE2086
10-20 20:15:58.021 19138 19180 E IMGMapper: set:488 set: Unset optional value from type CTA861_3
10-20 20:15:58.514   543   543 D io_stats: !@ 179,0 r 464692677 5647901138 w 80570516 844579044 d 1258357 33785868 f 0 0 iot 231110440 0 th 0 0 0 pt 0 inp 0 0 2551555.816
10-20 20:15:58.670  1483  1544 E Watchdog: !@Sync: 84995 heap: 111 / 134 FD: 885 [2025-10-20 20:15:58.670]
10-20 20:15:58.876  1483  2471 D NetdEventListenerService: DNS Requested by : 475, 11011
10-20 20:15:58.878 14839 14902 D TrafficStats: tagSocket(6) with statsTag=0xffffffff, statsUid=-1
10-20 20:15:58.887  2521  2618 D MobileStatusTracker(0/2): onSignalStrengthsChanged level=4, vendorLevel=3
10-20 20:15:58.889  2521  2618 D MobileSignalController(0/2): notifyListener: enabled=true, connected=true, dataConnected=true, networkType=LTE (4G), emergencyOnly=false, roaming=false, isDefault=false, dataActivity=, level=3, ca=false, mmWave=false, disabledDataIcon=false, simCard=ETC
10-20 20:15:58.892  2521  2618 D NetworkController: SignalStrength from intent slotId=0
10-20 20:15:58.949  1483  6047 I ActivityManager: Killing 14839:br.com.tradepro.promoter/u0a1011 (adj 999): empty #25
10-20 20:15:58.959  1483  1560 I libprocessgroup: Successfully killed process cgroup uid 11011 pid 14839 in 7ms
10-20 20:15:59.034   975   975 I Zygote  : Process 14839 exited due to signal 9 (Killed)
10-20 20:15:59.038  1483  3333 D InputMethodManagerService: removeClient
10-20 20:15:59.039  1199  1199 E SensorManager: Correct handle(0) maxdelay: 16000000 old: 20000000
10-20 20:15:59.040  1483  3333 D SensorService: Calling activate off
10-20 20:15:59.040  1199  1199 E SensorManager: Correct handle(0) maxdelay: 16000000 old: 20000000
10-20 20:15:59.041  1483  3333 D SensorService: Calling activate off
10-20 20:15:59.117   999   999 D IMGMemtrackHAL: hal_get_memory: memtrack cache rebuild was required
10-20 20:15:59.448  1483  6407 D InputDispatcher: Inject key (20074/2000): action=0, f=0x0, d=-1, time=2551556750000000
10-20 20:15:59.448  1483  6407 D WindowManager: interceptKeyTq keycode=4 interactive=true keyguardActive=false policyFlags=2b000000
10-20 20:15:59.448  1483  6407 D PhoneWindowManagerExt: interceptKeyTq code=4 down=true repeatCount=0 displayId=-1 interactive=true
10-20 20:15:59.448  1483  6407 D WindowManager: interceptKeyTq interceptKeyResult=4
10-20 20:15:59.448  1483  1796 D PowerManagerService: [api] userActivityFromNative :  (event: 1 flags: 0 displayId: 0) eventTime = 2551556750
10-20 20:15:59.449  1483  1796 D WindowManager: interceptKeyTi keyCode=4 down=true repeatCount=0 keyguardOn=false canceled=false
10-20 20:15:59.450  1483  1796 D PhoneWindowManagerExt: interceptKeyTi code=4 down=true repeatCount=0 displayId=-1 interactive=true
10-20 20:15:59.451  1483  1796 I InputDispatcher: Delivering key to (19138): B action: 0x0 (0), f=0x0, m=0x0, d=0, '1eb0182'
10-20 20:15:59.454  5125  5125 I HBD     : b skip onKeyDown as physical keyboard not connected 
10-20 20:15:59.456  5125  5125 I HBD     : HoneyBoardService onKeyDown r:32dfdb5c consumed:false 2 
10-20 20:15:59.458 19138 19138 I ViewRootImpl@52e2b1c[MainActivity]: ViewPostIme key 0
10-20 20:15:59.459 19138 19138 D Activity: onKeyDown(KEYCODE_BACK)
10-20 20:15:59.460  1483  6407 D InputDispatcher: Inject key (20074/2000): action=1, f=0x0, d=-1, time=2551556750000000
10-20 20:15:59.460  1483  6407 D WindowManager: interceptKeyTq keycode=4 interactive=true keyguardActive=false policyFlags=2b000000
10-20 20:15:59.461  1483  6407 D PhoneWindowManagerExt: interceptKeyTq code=4 down=false repeatCount=0 displayId=-1 interactive=true
10-20 20:15:59.461  1483  6407 D WindowManager: interceptKeyTq interceptKeyResult=4
10-20 20:15:59.461  1483  1796 D WindowManager: interceptKeyTi keyCode=4 down=false repeatCount=0 keyguardOn=false canceled=false
10-20 20:15:59.461  1483  1796 D PhoneWindowManagerExt: interceptKeyTi code=4 down=false repeatCount=0 displayId=-1 interactive=true
10-20 20:15:59.462  1483  1796 I InputDispatcher: Delivering key to (19138): B action: 0x1 (0), f=0x0, m=0x0, d=0, '1eb0182'
10-20 20:15:59.464  5125  5125 I HBD     : HoneyBoardService onKeyUp r:45f9789b consumed:false 1 
10-20 20:15:59.466 19138 19138 I ViewRootImpl@52e2b1c[MainActivity]: ViewPostIme key 1
10-20 20:15:59.466 19138 19138 D Activity: onKeyUp(KEYCODE_BACK) isTracking()=true isCanceled()=false hasCallback=false
10-20 20:15:59.477 10272 10342 I WM-WorkerWrapper: Worker result SUCCESS for Work [ id=8b9fbde0-8739-4e68-932a-71be06df99da, tags={ com.whatsapp.messaging.xmpp.XmppLifecycleWorker } ]
10-20 20:15:59.485 10272 10272 D WM-Processor: JGD 8b9fbde0-8739-4e68-932a-71be06df99da executed; reschedule = false
10-20 20:15:59.485 10272 10272 D WM-GreedyScheduler: Stopping tracking for WorkGenerationalId(workSpecId=8b9fbde0-8739-4e68-932a-71be06df99da, generation=0)
10-20 20:15:59.486 10272 10272 D WM-SystemJobService: 8b9fbde0-8739-4e68-932a-71be06df99da executed on JobScheduler
10-20 20:15:59.492  1483  2597 I ActivityManager: Changes in 10250 8 to 10, 8 to 0
10-20 20:15:59.495  1483  1571 E AppOps  : evalMode() Foreground mode : uid - 10250, op - 27, capability - 0
10-20 20:15:59.495  1483  1571 E AppOps  : evalMode() Foreground mode : uid - 10250, op - 26, capability - 0
10-20 20:15:59.495  1483  1571 E AppOps  : evalMode() Foreground mode : uid - 10250, op - 1, capability - 0
10-20 20:15:59.496 23059 23073 I dvns    : (REDACTED) appOpsListener %s %s
