--------- beginning of main
10-20 20:15:41.089  1483  6407 D InputDispatcher: Inject motion (19941/2000): action=0x0, time=2551538388000000, f=0x0, d=0 dsdx=1.000000 dtdx=0.000000
10-20 20:15:41.090  1483  1796 I InputDispatcher: Delivering touch to (2521): action: 0x4, f=0x0, d=0, 'a9cce9e', t=1 
10-20 20:15:41.091  1483  1796 I InputDispatcher: Delivering touch to (19138): action: 0x0, f=0x0, d=0, '1eb0182', t=1 
--------- beginning of system
10-20 20:15:41.091  1483  1796 D PowerManagerService: [api] userActivityFromNative :  (event: 2 flags: 0 displayId: 0) eventTime = 2551538388
10-20 20:15:41.091 19138 19138 I ViewRootImpl@52e2b1c[MainActivity]: ViewPostIme pointer 0
10-20 20:15:41.093  1483  1796 D PowerManagerService: UserActivityStateListenerState: 1
10-20 20:15:41.094  1483  1528 I GestureDetector: obtain mCurrentDownEvent. id: -933333817 caller: com.android.server.wm.SystemGesturesPointerEventListener.onPointerEvent:203 com.android.server.wm.PointerEventDispatcher.onInputEvent:53 android.view.InputEventReceiver.dispatchInputEvent:285 
10-20 20:15:41.094  1483  1528 I GestureDetector: obtain mCurrentDownEvent. id: -933333817 caller: com.android.server.wm.SystemPerformancePointerEventListener.onPointerEvent:89 com.android.server.wm.PointerEventDispatcher.onInputEvent:53 android.view.InputEventReceiver.dispatchInputEvent:285 
10-20 20:15:41.103  1483  6407 D InputDispatcher: Inject motion (19941/2000): action=0x1, time=2551538388000000, f=0x0, d=0 dsdx=1.000000 dtdx=0.000000
10-20 20:15:41.103  1483  1796 I InputDispatcher: Delivering touch to (19138): action: 0x1, f=0x0, d=0, '1eb0182', t=1 
10-20 20:15:41.105  1483  1528 I GestureDetector: obtain mCurrentMotionEventRaw. action: 1 id: -1040373535
10-20 20:15:41.105 19138 19138 I ViewRootImpl@52e2b1c[MainActivity]: ViewPostIme pointer 1
10-20 20:15:41.105  1483  1528 I GestureDetector: obtain mCurrentMotionEventRaw. action: 1 id: -1040373535
10-20 20:15:41.158  1483  2425 I ChimeraAggressivePolicyHandler: executePolicy() - triggerSource: TRIGGER_SOURCE_LMKD
10-20 20:15:41.160  1483  2425 I ChimeraAggressivePolicyHandler: available memory: 1099496, free memory target: 747520, quit chimera
10-20 20:15:41.289 30047 30047 W Finsky  : [2] STU: Failed to get storage stats for package 'com.google.mainline.primary.libs' (1601: Error getting stats: android.content.pm.PackageManager.NameNotFoundException)
10-20 20:15:41.292  1205  1205 I thermal_repeater: socket -1
10-20 20:15:41.394  1483  1528 I GestureDetector: handleMessage TAP
10-20 20:15:41.395  1483  1483 I GestureDetector: handleMessage TAP
10-20 20:15:41.559  2486  2486 I WifiHAL : Get link layer stats
10-20 20:15:41.559  2486  2486 I WifiHAL : GetLinkStatsCommand::create
10-20 20:15:41.559  2486  2486 D android.hardware.wifi@1.0-service-lazy: WifiRequest::create vendor command to iface 38, vendor_id=0x1a11, subcmd=0x1200, res=0
10-20 20:15:41.559  2486  2486 I android.hardware.wifi@1.0-service-lazy: WifiCommand::requestResponse err=-95
10-20 20:15:41.559  2486  2486 I WifiHAL : wifi_get_link_stats: result=-3
10-20 20:15:41.560  1483  2363 E WifiVendorHal: getWifiLinkLayerStats_1_5_Internal(l.1179) failed {.code = ERROR_NOT_SUPPORTED, .description = }
10-20 20:15:41.573  1483  3390 D SemWifiUsabilityStatsMonitor: onWifiUsabilityStats - seqNum 543554, isSameBssidAndFreq true
10-20 20:15:41.574  1483  2437 I SemWifiLinkQualityMonitor: Link Qos query: inf. ms / 0 Mbps
10-20 20:15:41.612 19484 19709 I incfs   : Initial API level of the device: 30
10-20 20:15:41.612 19484 19709 W libc    : Access denied finding property "ro.incremental.enable"
10-20 20:15:41.612 19484 19709 I incfs   : ro.incremental.enable: 
10-20 20:15:41.612   963   963 E audit   : type=1400 audit(1761002141.608:1251154): avc:  denied  { read } for  pid=19484 comm="pool-22-thread-" name="u:object_r:incremental_prop:s0" dev="tmpfs" ino=106 scontext=u:r:untrusted_app:s0:c23,c256,c512,c768 tcontext=u:object_r:incremental_prop:s0 tclass=file permissive=0 SEPF_SM-A037M_12_0001 unfiltered
10-20 20:15:41.612 19484 19709 I incfs   : IncFs_Features: v1
10-20 20:15:41.613   963   963 E audit   : type=1400 audit(1761002141.608:1251155): avc:  denied  { ioctl } for  pid=19484 comm="pool-22-thread-" path="/data/app/~~6g4Af6nJrq4Aozq2uzHGJg==/br.com.brainweb.ifood-3yBxb9jTdwsztzon3TXkFQ==/base.apk" dev="incremental-fs" ino=2138491 ioctlcmd=0x6722 scontext=u:r:untrusted_app:s0:c23,c256,c512,c768 tcontext=u:object_r:apk_data_file:s0 tclass=file permissive=0 SEPF_SM-A037M_12_0001 unfiltered
10-20 20:15:41.615   963   963 E audit   : type=1400 audit(1761002141.612:1251156): avc:  denied  { ioctl } for  pid=19484 comm="pool-22-thread-" path="/data/app/~~6g4Af6nJrq4Aozq2uzHGJg==/br.com.brainweb.ifood-3yBxb9jTdwsztzon3TXkFQ==/split_config.pt.apk" dev="incremental-fs" ino=2142055 ioctlcmd=0x6722 scontext=u:r:untrusted_app:s0:c23,c256,c512,c768 tcontext=u:object_r:apk_data_file:s0 tclass=file permissive=0 SEPF_SM-A037M_12_0001 unfiltered
10-20 20:15:41.657   571   571 W keymaster_tee: [WRN]begin req PARAMS: A32 B2 P64 
10-20 20:15:41.662   570   580 I keystore2: keystore2::security_level: In create_operation. Success to create IKeystoreOperation. 10252, None
10-20 20:15:41.706  1483  1554 I ActivityManager: Changes in 10079 5 to 15, 8 to 0
10-20 20:15:41.933 14401 14401 D BoundBrokerSvc: onUnbind: Intent { act=com.google.android.gms.feedback.internal.IFeedbackService dat=chimera-action:/... cmp=com.google.android.gms/.chimera.GmsBoundBrokerService }
10-20 20:15:42.196  1483  2597 D InputDispatcher: Inject key (19949/2000): action=0, f=0x0, d=-1, time=2551539498791068
10-20 20:15:42.224  1483  2597 D WindowManager: interceptKeyTq interceptKeyResult=1
10-20 20:15:42.226  1483  1796 D PowerManagerService: [api] userActivityFromNative :  (event: 1 flags: 0 displayId: 0) eventTime = 2551539498
10-20 20:15:42.242  2521  2618 D MobileStatusTracker(0/2): onSignalStrengthsChanged level=4, vendorLevel=3
10-20 20:15:42.245  2521  2618 D MobileSignalController(0/2): notifyListener: enabled=true, connected=true, dataConnected=true, networkType=LTE (4G), emergencyOnly=false, roaming=false, isDefault=false, dataActivity=, level=3, ca=false, mmWave=false, disabledDataIcon=false, simCard=ETC
10-20 20:15:42.245  2521  2618 D NetworkController: SignalStrength from intent slotId=0
10-20 20:15:42.316  1483  1796 W InputDispatcher: Excessive delay in interceptKeyBeforeDispatching; took 89 ms
10-20 20:15:42.317  1483  1796 I InputDispatcher: Delivering key to (19138): action: 0x0 (0), f=0x0, m=0x41, d=0, '1eb0182'
10-20 20:15:42.390  5125  5125 I HBD     : b skip onKeyDown as physical keyboard not connected 
10-20 20:15:42.466 19138 19149 W com.cinemamovel: Cleared Reference was only reachable from finalizer (only reported once)
10-20 20:15:42.480   543   543 D io_stats: !@ 179,0 r 464672743 5647778978 w 80568767 844554356 d 1258357 33785868 f 0 0 iot 231103744 0 th 0 0 0 pt 0 inp 0 16 2551539.782
10-20 20:15:42.480   543   543 D io_stats: !@ DiskUsage: /data 90.98 % used (47275 MB/ 51957 MB)
10-20 20:15:42.480   543   543 D io_stats: !@ MemInfo(KB): total 3867888 free 75420 avail 989404 actv(f) 435444 inactv(f) 578400 dirty 15504 wb 1364 anonpg 1213752 slab 345872
10-20 20:15:42.485 19138 19149 I com.cinemamovel: Background concurrent copying GC freed 350713(15MB) AllocSpace objects, 18(548KB) LOS objects, 49% free, 7254KB/14MB, paused 165us,101us total 174.681ms
10-20 20:15:42.492  5125  5125 I HBD     : HoneyBoardService onKeyDown r:261f6c99 consumed:false 102 
10-20 20:15:42.569  2799  2811 I m.android.phone: Background concurrent copying GC freed 200684(10MB) AllocSpace objects, 48(1632KB) LOS objects, 49% free, 12MB/24MB, paused 162us,165us total 324.266ms
10-20 20:15:42.575 19138 19138 I ViewRootImpl@52e2b1c[MainActivity]: ViewPostIme key 0
10-20 20:15:42.613  1483  2471 D NetdEventListenerService: DNS Requested by : 475, 11011
10-20 20:15:42.614 14839 14902 D TrafficStats: tagSocket(6) with statsTag=0xffffffff, statsUid=-1
10-20 20:15:42.711  1483  2597 D InputDispatcher: Inject key (19949/2000): action=0, f=0x0, d=-1, time=2551539498791068
10-20 20:15:42.841  1483  2597 D SingleKeyGesture: reset counter=0 mActiveRule=null Callers(5)=com.android.server.policy.SingleKeyGestureDetector.interceptKeyDown:453 com.android.server.policy.SingleKeyGestureDetector.interceptKey:399 com.android.server.policy.PhoneWindowManager.handleKeyGesture:5028 com.android.server.policy.PhoneWindowManager.interceptKeyBeforeQueueing:4558 com.android.server.wm.InputManagerCallback.interceptKeyBeforeQueueing:156 
10-20 20:15:42.841  1483  2597 D WindowManager: interceptKeyTq interceptKeyResult=1
10-20 20:15:42.842  1483  2597 W InputDispatcher: Excessive delay in interceptKeyBeforeQueueing; took 130 ms
10-20 20:15:42.846  1483  1796 I InputDispatcher: Delivering key to (19138): action: 0x0 (0), f=0x0, m=0x41, d=0, '1eb0182'
10-20 20:15:42.847  5125  5125 I HBD     : b skip onKeyDown as physical keyboard not connected 
10-20 20:15:42.848  5125  5125 I HBD     : HoneyBoardService onKeyDown r:09fc483d consumed:false 1 
10-20 20:15:43.006 19138 19138 I ViewRootImpl@52e2b1c[MainActivity]: setInTouchMode(false), android.view.ViewRootImpl.checkForLeavingTouchModeAndConsume:9383 android.view.ViewRootImpl.-$$Nest$mcheckForLeavingTouchModeAndConsume:0 android.view.ViewRootImpl$EarlyPostImeInputStage.processKeyEvent:7707 android.view.ViewRootImpl$EarlyPostImeInputStage.onProcess:7691 android.view.ViewRootImpl$InputStage.deliver:7213 android.view.ViewRootImpl$InputStage.onDeliverToNext:7270 android.view.ViewRootImpl$InputStage.forward:7236 android.view.ViewRootImpl$AsyncInputStage.forward:7467 android.view.ViewRootImpl$ImeInputStage.onFinishedInputEvent:7676 android.view.inputmethod.InputMethodManager$PendingEvent.run:3897 
10-20 20:15:43.016  1483  6037 D InputDispatcher: Touch mode switch rejected, caller (pid=0, uid=10976) doesn't own the focused window nor none of the previously interacted window
10-20 20:15:43.016  8661 18289 W AOSP-MdnsDiscoveryManag: Error while decoding multicast packet (5064): 1 [CONTEXT service_id=168 ]
10-20 20:15:43.018  8661 18290 I AOSP-MdnsDiscoveryManag: (REDACTED) %s
10-20 20:15:43.019  8661 18290 I AOSP-MdnsDiscoveryManag: (REDACTED) %s
10-20 20:15:43.019  8661 18303 I AOSP-MdnsDiscoveryManag: (REDACTED) %s
10-20 20:15:43.019  8661 18288 I AOSP-MdnsDiscoveryManag: (REDACTED) %s
10-20 20:15:43.019  8661 18303 I AOSP-MdnsDiscoveryManag: (REDACTED) %s
10-20 20:15:43.020  8661 18288 I AOSP-MdnsDiscoveryManag: (REDACTED) %s
10-20 20:15:43.020  8661 18289 W AOSP-MdnsDiscoveryManag: Error while decoding multicast packet (5065): 1 [CONTEXT service_id=168 ]
10-20 20:15:43.021  8661 18288 I AOSP-MdnsDiscoveryManag: (REDACTED) %s
10-20 20:15:43.022  8661 18288 I AOSP-MdnsDiscoveryManag: (REDACTED) %s
10-20 20:15:43.054 12269 12519 W LibevQuicAsyncUDPSocket.h: setTosOrTrafficClass not implemented in LibevQuicAsyncUDPSocket
10-20 20:15:43.056  1483  2471 D NetdEventListenerService: DNS Requested by : 475, 11013, 4, true
10-20 20:15:43.072 12269 12519 E MvfstCallbacks.cpp: onConnectionSetupError: error=TransportError: Internal Error, Error on socket write Operation not permitted, 
10-20 20:15:43.076  1483  2471 D NetdEventListenerService: DNS Requested by : 475, 11013, 4, true
10-20 20:15:43.088  8661  9716 I AOSP-MdnsDiscoveryManag: (REDACTED) %s
10-20 20:15:43.089  8661  9716 I AOSP-MdnsDiscoveryManag: (REDACTED) %s
10-20 20:15:43.090 19138 19138 I ViewRootImpl@52e2b1c[MainActivity]: ViewPostIme key 0
10-20 20:15:43.090  8661 18289 W AOSP-MdnsDiscoveryManag: Error while decoding multicast packet (5068): 1 [CONTEXT service_id=168 ]
10-20 20:15:43.091  8661 18289 W AOSP-MdnsDiscoveryManag: Error while decoding multicast packet (5069): 1 [CONTEXT service_id=168 ]
10-20 20:15:43.092  8661 18289 W AOSP-MdnsDiscoveryManag: Error while decoding multicast packet (5070): 1 [CONTEXT service_id=168 ]
10-20 20:15:43.094  8661 18289 W AOSP-MdnsDiscoveryManag: Error while decoding multicast packet (5071): 1 [CONTEXT service_id=168 ]
10-20 20:15:43.200  1483  2597 D InputDispatcher: Inject key (19949/2000): action=1, f=0x0, d=-1, time=2551539498791068
10-20 20:15:43.200  1483  2597 D WindowManager: interceptKeyTq interceptKeyResult=1
10-20 20:15:43.201  1483  1796 I InputDispatcher: Delivering key to (19138): action: 0x1 (0), f=0x0, m=0x41, d=0, '1eb0182'
10-20 20:15:43.217 19138 19180 E IMGMapper: set:488 set: Unset optional value from type SMPTE2086
10-20 20:15:43.217 19138 19180 E IMGMapper: set:488 set: Unset optional value from type CTA861_3
10-20 20:15:43.223 19138 19138 D InputMethodManager: startInputInner - Id : 0
10-20 20:15:43.223 19138 19138 I InputMethodManager: startInputInner - mService.startInputOrWindowGainedFocus
10-20 20:15:43.225  1039  1039 I SurfaceFlinger: SFWD update time=2551540528650068
10-20 20:15:43.226  1039  1039 I BufferQueueProducer: [com.cinemamovel/com.cinemamovel.MainActivity$_19138#505932](this:0xb400007a1f6f0838,id:-1,api:0,p:-1,c:1039) queueBuffer: fps=5.16 dur=4843.54 max=4078.13 min=16.37
10-20 20:15:43.227  1483  6037 V InputMethodManagerService: startInputOrWindowGainedFocusInternalLocked: reason=CHECK_FOCUS clientState=56acf32 attribute=android.view.inputmethod.EditorInfo@4e1f67 startInputFlags=VIEW_HAS_FOCUS|IS_TEXT_EDITOR|INITIAL_CONNECTION softInputMode=STATE_UNSPECIFIED|ADJUST_RESIZE windowFlags=#81810100 sameWindowFocused=true
10-20 20:15:43.228  1483  6037 D InputMethodManagerService: mDesktopModeManager null!
10-20 20:15:43.228  1483  6037 V InputMethodManagerService: getDisplayIdOfInputMethodWindowToBeAdded: displayId=0
10-20 20:15:43.228   991  1074 I hwcomposer: [HWCDisplay] [Display_0 (type:1)] fps:5.161910,dur:4843.17,max:4078.78,min:15.64  
10-20 20:15:43.228  1483  6037 D InputMethodManagerService: isImeSwitcherDisabledPackage : false
10-20 20:15:43.229  1483  6037 D InputMethodManagerService: shouldShowImeSwitcherLocked : checking vis : 3
10-20 20:15:43.231  1483  6037 D InputMethodManagerService: checkDisplayOfStartInputAndUpdateKeyboard: displayId=0, mFocusedDisplayId=0
10-20 20:15:43.232  1483  6037 D InputTransport: Input channel constructed: 'ClientS', fd=776
10-20 20:15:43.232  1483  6037 D InputTransport: Input channel destroyed: 'ClientS', fd=776
10-20 20:15:43.246 19138 19180 E IMGMapper: set:488 set: Unset optional value from type SMPTE2086
10-20 20:15:43.246 19138 19180 E IMGMapper: set:488 set: Unset optional value from type CTA861_3
10-20 20:15:43.251  5125  5125 I HBD     : HoneyBoardService onKeyUp r:fec6e44d consumed:false 6 
10-20 20:15:43.252 19138 19138 I ViewRootImpl@52e2b1c[MainActivity]: ViewPostIme key 1
10-20 20:15:43.254  1483  2597 D InputDispatcher: Inject key (19949/2000): action=1, f=0x0, d=-1, time=2551539498791068
10-20 20:15:43.254  1483  2597 D WindowManager: interceptKeyTq interceptKeyResult=1
10-20 20:15:43.254  1483  1796 I InputDispatcher: Delivering key to (19138): action: 0x1 (0), f=0x0, m=0x0, d=0, '1eb0182'
10-20 20:15:43.264  5125  5125 I HBD     : HoneyBoardService onKeyUp r:7e75cfeb consumed:false 8 
10-20 20:15:43.265 19138 19138 I ViewRootImpl@52e2b1c[MainActivity]: ViewPostIme key 1
10-20 20:15:43.267  1483  2597 D InputDispatcher: Inject key (19949/2000): action=0, f=0x0, d=-1, time=2551539498791068
10-20 20:15:43.267  1483  2597 D WindowManager: interceptKeyTq interceptKeyResult=1
10-20 20:15:43.268  1483  1796 I InputDispatcher: Delivering key to (19138): action: 0x0 (0), f=0x0, m=0x0, d=0, '1eb0182'
10-20 20:15:43.271  5125  5125 I HBD     : HoneyBoardService onFinishInput 
10-20 20:15:43.272  5125  5125 I HBD     : a IC have been unbinding,  RemoteInputConnection{idHash=#74fe112}
10-20 20:15:43.272  5125  5125 I HBD     : HoneyBoardService [PF_CL][onFinishInput]  1 ms 
10-20 20:15:43.274  5125  5125 I HBD     : HoneyBoardService onInlineSuggestionsResponse 
10-20 20:15:43.277  5125  5125 I HBD     : HoneyBoardService [IMI] onStartInput - caller pid : 19138 , caller uid : 10976 
10-20 20:15:43.277  5125  5125 I HBD     : j updateConfigs 
10-20 20:15:43.278  5125  5125 I HBD     : j isEnabledNightMode : true 
10-20 20:15:43.278  5125  5125 I HBD     : a IC have been binding, RemoteInputConnection{idHash=#1918199} 
10-20 20:15:43.278  5125  5125 I HBD     : h [EditorInputType]setPrivateImeOptionsToTable privateImeOptions ( null )
10-20 20:15:43.278  5125  5125 I HBD     : b incognitoMode : false 
10-20 20:15:43.279  5125  5125 I HBD     : b [CPS]isPredictionOnByLanguage :false, isForceOff : false, isPredictionOn : true , isOnPref : true 
10-20 20:15:43.280  5125  5125 I HBD     : h getDefaultInputRange : UNKNOWN 
10-20 20:15:43.280  5125  5125 I HBD     : h getDefaultInputRange : UNKNOWN 
10-20 20:15:43.280  5125  5125 I HBD     : h getDefaultInputRange : UNKNOWN 
10-20 20:15:43.283  5125  5125 I HBD     : b update cached prediction status : true 
10-20 20:15:43.283  5125  5125 I HBD     : h getDefaultInputRange : UNKNOWN 
10-20 20:15:43.283  5125  5125 I HBD     : a currentState : 0 
10-20 20:15:43.283  5125  5125 I HBD     : a [UpdatePolicy] [post] a: 0 cl: 3276809 kit: [0/0] vt: 0 ir: 1 
10-20 20:15:43.284  5125  5125 I HBD     : a [NRIC] resetNoResponseState 
10-20 20:15:43.284  5125  5125 I HBD     : b update cached prediction status : true 
10-20 20:15:43.285  5125  5125 I HBD     : HoneyBoardService [PF_OP][onStartInput]  8 ms 
10-20 20:15:43.285  5125  5125 I HBD     : b skip onKeyDown as physical keyboard not connected 
10-20 20:15:43.286  5125  5125 I HBD     : HoneyBoardService onKeyDown r:17ed0540 consumed:false 1 
10-20 20:15:43.287 19138 19138 I ViewRootImpl@52e2b1c[MainActivity]: ViewPostIme key 0
10-20 20:15:43.297  1483  2597 D InputDispatcher: Inject key (19949/2000): action=1, f=0x0, d=-1, time=2551539498791068
10-20 20:15:43.298  1483  2597 D WindowManager: interceptKeyTq interceptKeyResult=1
10-20 20:15:43.299  1483  1796 I InputDispatcher: Delivering key to (19138): action: 0x1 (0), f=0x0, m=0x0, d=0, '1eb0182'
10-20 20:15:43.307 19138 19180 E IMGMapper: set:488 set: Unset optional value from type SMPTE2086
10-20 20:15:43.307 19138 19180 E IMGMapper: set:488 set: Unset optional value from type CTA861_3
10-20 20:15:43.313 30047 30047 W Finsky  : [2] STU: Failed to get storage stats for package 'com.google.android.appsearch' (1601: Error getting stats: android.content.pm.PackageManager.NameNotFoundException)
10-20 20:15:43.319  5125  5125 I HBD     : HoneyBoardService onKeyUp r:6a3eec2a consumed:false 1 
10-20 20:15:43.320 19138 19138 I ViewRootImpl@52e2b1c[MainActivity]: ViewPostIme key 1
10-20 20:15:43.321  1483  2597 D InputDispatcher: Inject key (19949/2000): action=0, f=0x0, d=-1, time=2551539498791068
10-20 20:15:43.321  1483  2597 D WindowManager: interceptKeyTq interceptKeyResult=1
10-20 20:15:43.322  1483  1796 I InputDispatcher: Delivering key to (19138): action: 0x0 (0), f=0x0, m=0x0, d=0, '1eb0182'
10-20 20:15:43.323  5125  5125 I HBD     : b skip onKeyDown as physical keyboard not connected 
10-20 20:15:43.323  5125  5125 I HBD     : HoneyBoardService onKeyDown r:d39581bc consumed:false 0 
10-20 20:15:43.324 19138 19138 I ViewRootImpl@52e2b1c[MainActivity]: ViewPostIme key 0
10-20 20:15:43.337  1483  2597 D InputDispatcher: Inject key (19949/2000): action=1, f=0x0, d=-1, time=2551539498791068
10-20 20:15:43.337  1483  2597 D WindowManager: interceptKeyTq interceptKeyResult=1
10-20 20:15:43.338  1483  1796 I InputDispatcher: Delivering key to (19138): action: 0x1 (0), f=0x0, m=0x0, d=0, '1eb0182'
10-20 20:15:43.345 19138 19180 E IMGMapper: set:488 set: Unset optional value from type SMPTE2086
10-20 20:15:43.346 19138 19180 E IMGMapper: set:488 set: Unset optional value from type CTA861_3
10-20 20:15:43.347 30047 30047 W Finsky  : [2] STU: Failed to get storage stats for package 'com.google.android.art' (1601: Error getting stats: android.content.pm.PackageManager.NameNotFoundException)
10-20 20:15:43.348  5125  5125 I HBD     : HoneyBoardService onKeyUp r:3116c8be consumed:false 7 
10-20 20:15:43.352 19138 19138 I ViewRootImpl@52e2b1c[MainActivity]: ViewPostIme key 1
10-20 20:15:43.353  1483  2597 D InputDispatcher: Inject key (19949/2000): action=0, f=0x0, d=-1, time=2551539498791068
10-20 20:15:43.353  1483  2597 D WindowManager: interceptKeyTq interceptKeyResult=1
10-20 20:15:43.354  1483  1796 I InputDispatcher: Delivering key to (19138): action: 0x0 (0), f=0x0, m=0x0, d=0, '1eb0182'
10-20 20:15:43.355  5125  5125 I HBD     : b skip onKeyDown as physical keyboard not connected 
10-20 20:15:43.356  5125  5125 I HBD     : HoneyBoardService onKeyDown r:0f693193 consumed:false 1 
10-20 20:15:43.357 19138 19138 I ViewRootImpl@52e2b1c[MainActivity]: ViewPostIme key 0
10-20 20:15:43.370  1483  2597 D InputDispatcher: Inject key (19949/2000): action=1, f=0x0, d=-1, time=2551539498791068
10-20 20:15:43.370  1483  2597 D WindowManager: interceptKeyTq interceptKeyResult=1
10-20 20:15:43.371  1483  1796 I InputDispatcher: Delivering key to (19138): action: 0x1 (0), f=0x0, m=0x0, d=0, '1eb0182'
10-20 20:15:43.376  5125  5125 I HBD     : HoneyBoardService onKeyUp r:92782fe8 consumed:false 1 
10-20 20:15:43.379 19138 19180 E IMGMapper: set:488 set: Unset optional value from type SMPTE2086
10-20 20:15:43.380 19138 19180 E IMGMapper: set:488 set: Unset optional value from type CTA861_3
10-20 20:15:43.389 19138 19199 I ReactNativeJS: 'RENDER_DASHBOARD count=', 2
10-20 20:15:43.461  2521  2521 D SecPowerUI.Notification: showChargingNotice oldChargingType : 11 / currentChargingType : 11, oldChargingTime : 0 / mChargingTime : 0
10-20 20:15:43.462  2521  2521 D SecPowerUI.Notification: There is no change about charging status, so return!
10-20 20:15:43.486 19138 19138 I ViewRootImpl@52e2b1c[MainActivity]: ViewPostIme key 1
10-20 20:15:43.492 19138 19180 E IMGMapper: set:488 set: Unset optional value from type SMPTE2086
10-20 20:15:43.492 19138 19180 E IMGMapper: set:488 set: Unset optional value from type CTA861_3
10-20 20:15:43.499 19138 19199 I ReactNativeJS: 'RENDER_DASHBOARD count=', 3
10-20 20:15:43.522  2521  2618 D MobileStatusTracker(0/2): onSignalStrengthsChanged level=4, vendorLevel=3
10-20 20:15:43.524  2521  2618 D MobileSignalController(0/2): notifyListener: enabled=true, connected=true, dataConnected=true, networkType=LTE (4G), emergencyOnly=false, roaming=false, isDefault=false, dataActivity=, level=3, ca=false, mmWave=false, disabledDataIcon=false, simCard=ETC
10-20 20:15:43.526  2521  2618 D NetworkController: SignalStrength from intent slotId=0
10-20 20:15:43.569 19138 19180 E IMGMapper: set:488 set: Unset optional value from type SMPTE2086
10-20 20:15:43.569 19138 19180 E IMGMapper: set:488 set: Unset optional value from type CTA861_3
10-20 20:15:43.611   963   963 E audit   : type=1400 audit(1761002143.608:1251158): avc:  denied  { write } for  pid=8661 comm="ThreadPoolForeg" name="traced_producer" dev="tmpfs" ino=11170 scontext=u:r:gmscore_app:s0:c512,c768 tcontext=u:object_r:traced_producer_socket:s0 tclass=sock_file permissive=0 SEPF_SM-A037M_12_0001 unfiltered
10-20 20:15:43.633 19138 19180 E IMGMapper: set:488 set: Unset optional value from type SMPTE2086
10-20 20:15:43.633 19138 19180 E IMGMapper: set:488 set: Unset optional value from type CTA861_3
10-20 20:15:43.649 30047 30047 W Finsky  : [2] STU: Failed to get storage stats for package 'com.google.android.mediaprovider' (1601: Error getting stats: android.content.pm.PackageManager.NameNotFoundException)
10-20 20:15:43.718 19138 19962 D skia    : SkJpegCodec::onGetPixels +
10-20 20:15:43.735 19138 19962 D skia    : SkJpegCodec::onGetPixels -
10-20 20:15:43.739 30047 30047 W Finsky  : [2] STU: Failed to get storage stats for package 'com.google.android.resolv' (1601: Error getting stats: android.content.pm.PackageManager.NameNotFoundException)
10-20 20:15:43.751 19138 19180 E IMGMapper: set:488 set: Unset optional value from type SMPTE2086
10-20 20:15:43.751 19138 19180 E IMGMapper: set:488 set: Unset optional value from type CTA861_3
10-20 20:15:43.774 19138 19180 E IMGMapper: set:488 set: Unset optional value from type SMPTE2086
10-20 20:15:43.774 19138 19180 E IMGMapper: set:488 set: Unset optional value from type CTA861_3
10-20 20:15:43.786 19138 19180 E IMGMapper: set:488 set: Unset optional value from type SMPTE2086
10-20 20:15:43.787 19138 19180 E IMGMapper: set:488 set: Unset optional value from type CTA861_3
10-20 20:15:43.800 19138 19964 D skia    : SkJpegCodec::onGetPixels +
10-20 20:15:43.803 19138 19180 E IMGMapper: set:488 set: Unset optional value from type SMPTE2086
10-20 20:15:43.804 19138 19180 E IMGMapper: set:488 set: Unset optional value from type CTA861_3
10-20 20:15:43.806 30047 30047 W Finsky  : [2] STU: Failed to get storage stats for package 'com.google.android.media' (1601: Error getting stats: android.content.pm.PackageManager.NameNotFoundException)
10-20 20:15:43.810 19138 19965 D skia    : SkJpegCodec::onGetPixels +
10-20 20:15:43.820 19138 19180 E IMGMapper: set:488 set: Unset optional value from type SMPTE2086
10-20 20:15:43.820 19138 19180 E IMGMapper: set:488 set: Unset optional value from type CTA861_3
10-20 20:15:43.823 19138 19742 D skia    : SkJpegCodec::onGetPixels +
10-20 20:15:43.824 19138 19964 D skia    : SkJpegCodec::onGetPixels -
10-20 20:15:43.825  4441  4441 I wpa_supplicant: Heartbeat 918
10-20 20:15:43.829 19138 19965 D skia    : SkJpegCodec::onGetPixels -
10-20 20:15:43.835 19138 19180 E IMGMapper: set:488 set: Unset optional value from type SMPTE2086
10-20 20:15:43.835 19138 19180 E IMGMapper: set:488 set: Unset optional value from type CTA861_3
10-20 20:15:43.844 19138 19742 D skia    : SkJpegCodec::onGetPixels -
10-20 20:15:43.852 19138 19180 E IMGMapper: set:488 set: Unset optional value from type SMPTE2086
10-20 20:15:43.852 19138 19180 E IMGMapper: set:488 set: Unset optional value from type CTA861_3
10-20 20:15:43.874 19138 19180 E IMGMapper: set:488 set: Unset optional value from type SMPTE2086
10-20 20:15:43.875 19138 19180 E IMGMapper: set:488 set: Unset optional value from type CTA861_3
10-20 20:15:43.895 19138 19180 E IMGMapper: set:488 set: Unset optional value from type SMPTE2086
10-20 20:15:43.895 19138 19180 E IMGMapper: set:488 set: Unset optional value from type CTA861_3
10-20 20:15:43.909 19138 19180 E IMGMapper: set:488 set: Unset optional value from type SMPTE2086
10-20 20:15:43.909 19138 19180 E IMGMapper: set:488 set: Unset optional value from type CTA861_3
10-20 20:15:43.920 19138 19180 E IMGMapper: set:488 set: Unset optional value from type SMPTE2086
10-20 20:15:43.920 19138 19180 E IMGMapper: set:488 set: Unset optional value from type CTA861_3
10-20 20:15:43.935 19138 19180 E IMGMapper: set:488 set: Unset optional value from type SMPTE2086
10-20 20:15:43.936 19138 19180 E IMGMapper: set:488 set: Unset optional value from type CTA861_3
10-20 20:15:43.952 19138 19180 E IMGMapper: set:488 set: Unset optional value from type SMPTE2086
10-20 20:15:43.952 19138 19180 E IMGMapper: set:488 set: Unset optional value from type CTA861_3
10-20 20:15:43.968 19138 19180 E IMGMapper: set:488 set: Unset optional value from type SMPTE2086
10-20 20:15:43.968 19138 19180 E IMGMapper: set:488 set: Unset optional value from type CTA861_3
10-20 20:15:43.985 19138 19180 E IMGMapper: set:488 set: Unset optional value from type SMPTE2086
10-20 20:15:43.985 19138 19180 E IMGMapper: set:488 set: Unset optional value from type CTA861_3
10-20 20:15:44.001 19138 19180 E IMGMapper: set:488 set: Unset optional value from type SMPTE2086
10-20 20:15:44.001 19138 19180 E IMGMapper: set:488 set: Unset optional value from type CTA861_3
10-20 20:15:44.018 19138 19180 E IMGMapper: set:488 set: Unset optional value from type SMPTE2086
10-20 20:15:44.019 19138 19180 E IMGMapper: set:488 set: Unset optional value from type CTA861_3
10-20 20:15:44.035 19138 19180 E IMGMapper: set:488 set: Unset optional value from type SMPTE2086
10-20 20:15:44.035 19138 19180 E IMGMapper: set:488 set: Unset optional value from type CTA861_3
10-20 20:15:44.052 19138 19180 E IMGMapper: set:488 set: Unset optional value from type SMPTE2086
10-20 20:15:44.052 19138 19180 E IMGMapper: set:488 set: Unset optional value from type CTA861_3
10-20 20:15:44.069 19138 19180 E IMGMapper: set:488 set: Unset optional value from type SMPTE2086
10-20 20:15:44.069 19138 19180 E IMGMapper: set:488 set: Unset optional value from type CTA861_3
10-20 20:15:44.085 19138 19180 E IMGMapper: set:488 set: Unset optional value from type SMPTE2086
10-20 20:15:44.085 19138 19180 E IMGMapper: set:488 set: Unset optional value from type CTA861_3
10-20 20:15:44.090  8661 18290 I AOSP-MdnsDiscoveryManag: (REDACTED) %s
10-20 20:15:44.090  8661 18290 I AOSP-MdnsDiscoveryManag: (REDACTED) %s
10-20 20:15:44.091  8661 18288 I AOSP-MdnsDiscoveryManag: (REDACTED) %s
10-20 20:15:44.092  8661  9716 I AOSP-MdnsDiscoveryManag: (REDACTED) %s
10-20 20:15:44.092  8661 18288 I AOSP-MdnsDiscoveryManag: (REDACTED) %s
10-20 20:15:44.093  8661  9716 I AOSP-MdnsDiscoveryManag: (REDACTED) %s
10-20 20:15:44.094  8661 18289 W AOSP-MdnsDiscoveryManag: Error while decoding multicast packet (5078): 1 [CONTEXT service_id=168 ]
10-20 20:15:44.095  1483  1583 D PowerManagerService: UserActivityStateListenerState: 0
10-20 20:15:44.095  8661 18289 W AOSP-MdnsDiscoveryManag: Error while decoding multicast packet (5079): 1 [CONTEXT service_id=168 ]
10-20 20:15:44.103 19138 19180 E IMGMapper: set:488 set: Unset optional value from type SMPTE2086
10-20 20:15:44.103 19138 19180 E IMGMapper: set:488 set: Unset optional value from type CTA861_3
10-20 20:15:44.119 19138 19180 E IMGMapper: set:488 set: Unset optional value from type SMPTE2086
10-20 20:15:44.119 19138 19180 E IMGMapper: set:488 set: Unset optional value from type CTA861_3
10-20 20:15:44.140 19138 19180 E IMGMapper: set:488 set: Unset optional value from type SMPTE2086
10-20 20:15:44.140 19138 19180 E IMGMapper: set:488 set: Unset optional value from type CTA861_3
10-20 20:15:44.140 30047 30047 W Finsky  : [2] STU: Failed to get storage stats for package 'com.google.android.sdkext' (1601: Error getting stats: android.content.pm.PackageManager.NameNotFoundException)
10-20 20:15:44.151 19138 19180 E IMGMapper: set:488 set: Unset optional value from type SMPTE2086
10-20 20:15:44.151 19138 19180 E IMGMapper: set:488 set: Unset optional value from type CTA861_3
10-20 20:15:44.168 19138 19180 E IMGMapper: set:488 set: Unset optional value from type SMPTE2086
10-20 20:15:44.168 19138 19180 E IMGMapper: set:488 set: Unset optional value from type CTA861_3
10-20 20:15:44.176 30047 30047 W Finsky  : [2] STU: Failed to get storage stats for package 'com.google.android.adservices' (1601: Error getting stats: android.content.pm.PackageManager.NameNotFoundException)
10-20 20:15:44.178 30047 30047 W Finsky  : [2] STU: Failed to get storage stats for package 'com.google.android.tethering' (1601: Error getting stats: android.content.pm.PackageManager.NameNotFoundException)
10-20 20:15:44.184 19138 19180 E IMGMapper: set:488 set: Unset optional value from type SMPTE2086
10-20 20:15:44.184 19138 19180 E IMGMapper: set:488 set: Unset optional value from type CTA861_3
10-20 20:15:44.201 19138 19180 E IMGMapper: set:488 set: Unset optional value from type SMPTE2086
10-20 20:15:44.201 19138 19180 E IMGMapper: set:488 set: Unset optional value from type CTA861_3
10-20 20:15:44.397  1483  2896 D CompatibilityChangeReporter: Compat change id reported: 135634846; UID 10251; state: DISABLED
10-20 20:15:44.397  1483  2896 D CompatibilityChangeReporter: Compat change id reported: 177438394; UID 10251; state: DISABLED
10-20 20:15:44.397  1483  2896 D CompatibilityChangeReporter: Compat change id reported: 135772972; UID 10251; state: DISABLED
10-20 20:15:44.397  1483  2896 D CompatibilityChangeReporter: Compat change id reported: 135754954; UID 10251; state: ENABLED
10-20 20:15:44.398  1483  1559 D CompatibilityChangeReporter: Compat change id reported: 143937733; UID 10251; state: ENABLED
10-20 20:15:44.416   975   975 D Zygote  : Forked child process 19968
10-20 20:15:44.418  1483  1559 I ActivityManager: Start proc 19968:com.samsung.android.privacydashboard/u0a251 for content provider {com.samsung.android.privacydashboard/com.samsung.android.privacydashboard.provider.PermissionAccessInformationContentProvider}
10-20 20:15:44.466 19968 19968 I rivacydashboard: Using CollectorTypeCC GC.
10-20 20:15:44.473 19968 19968 E rivacydashboard: Not starting debugger since process cannot load the jdwp agent.
10-20 20:15:44.484   543   543 D io_stats: !@ 179,0 r 464675470 5647820962 w 80568960 844559156 d 1258357 33785868 f 0 0 iot 231105152 0 th 0 0 0 pt 0 inp 0 6 2551541.787
10-20 20:15:44.484 19968 19968 D ActivityThread: setConscryptValidator
10-20 20:15:44.484 19968 19968 D ActivityThread: setConscryptValidator - put
10-20 20:15:44.500  1483  2597 D CompatibilityChangeReporter: Compat change id reported: 168419799; UID 10251; state: DISABLED
10-20 20:15:44.504  1483  2597 I ActivityManager: Changes in 10251 20 to 5, 0 to 8
10-20 20:15:44.511 19968 19968 D CompatibilityChangeReporter: Compat change id reported: 171979766; UID 10251; state: ENABLED
10-20 20:15:44.513  1483  1568 D BatteryExternalStatsWorker: update stats : update-network-download (6)
10-20 20:15:44.513  1483  1568 D BatteryExternalStatsWorker: Update Rail Energy data
10-20 20:15:44.518  1483  1568 D BatteryExternalStatsWorker: Fetch modem data
10-20 20:15:44.576  2486  2486 I WifiHAL : Get link layer stats
10-20 20:15:44.576  2486  2486 I WifiHAL : GetLinkStatsCommand::create
10-20 20:15:44.576  2486  2486 D android.hardware.wifi@1.0-service-lazy: WifiRequest::create vendor command to iface 38, vendor_id=0x1a11, subcmd=0x1200, res=0
10-20 20:15:44.576  2486  2486 I android.hardware.wifi@1.0-service-lazy: WifiCommand::requestResponse err=-95
10-20 20:15:44.576  2486  2486 I WifiHAL : wifi_get_link_stats: result=-3
10-20 20:15:44.577  1483  2363 E WifiVendorHal: getWifiLinkLayerStats_1_5_Internal(l.1179) failed {.code = ERROR_NOT_SUPPORTED, .description = }
10-20 20:15:44.583  1483  3390 D SemWifiUsabilityStatsMonitor: onWifiUsabilityStats - seqNum 543555, isSameBssidAndFreq true
10-20 20:15:44.584  1483  2437 I SemWifiLinkQualityMonitor: Link Qos query: inf. ms / 0 Mbps
10-20 20:15:44.615  1483  2597 D InputDispatcher: Inject key (19985/2000): action=0, f=0x0, d=-1, time=2551541918000000
10-20 20:15:44.615  1483  2597 D WindowManager: interceptKeyTq interceptKeyResult=1
10-20 20:15:44.616  1483  1796 D PowerManagerService: [api] userActivityFromNative :  (event: 1 flags: 0 displayId: 0) eventTime = 2551541918
10-20 20:15:44.618  1483  1796 I InputDispatcher: Delivering key to (19138): action: 0x0 (0), f=0x0, m=0x0, d=0, '1eb0182'
10-20 20:15:44.619 19138 19180 E IMGMapper: set:488 set: Unset optional value from type SMPTE2086
10-20 20:15:44.619 19138 19180 E IMGMapper: set:488 set: Unset optional value from type CTA861_3
10-20 20:15:44.620  5125  5125 I HBD     : b skip onKeyDown as physical keyboard not connected 
10-20 20:15:44.624  1039  1039 I BufferQueueProducer: [com.cinemamovel/com.cinemamovel.MainActivity$_19138#505932](this:0xb400007a1f6f0838,id:-1,api:0,p:-1,c:1039) queueBuffer: fps=25.75 dur=1398.07 max=399.70 min=16.41
10-20 20:15:44.625  5125  5125 I HBD     : HoneyBoardService onKeyDown r:f2da7668 consumed:false 5 
10-20 20:15:44.626 19138 19138 I ViewRootImpl@52e2b1c[MainActivity]: ViewPostIme key 0
10-20 20:15:44.626   991  1074 I hwcomposer: [HWCDisplay] [Display_0 (type:1)] fps:25.752903,dur:1397.90,max:400.12,min:16.06  
10-20 20:15:44.635 19138 19138 I IMM_LC  : hsifw() - flag : 0
10-20 20:15:44.635 19138 19138 I IMM_LC  : hsifw() - mService.hideSoftInput
10-20 20:15:44.635 30047 30047 W Finsky  : [2] STU: Failed to get storage stats for package 'com.google.android.cellbroadcast' (1601: Error getting stats: android.content.pm.PackageManager.NameNotFoundException)
10-20 20:15:44.636  1483  4847 D InputMethodManagerService: hideSoftInput
10-20 20:15:44.636  1483  4847 V InputMethodManagerService: Client requesting input be hidden
10-20 20:15:44.636  1483  4847 V InputMethodManagerService: hideCurrentInputLocked : canceled, shouldHideSoftInput=false, mInputShown=false, mImeWindowVis=0
10-20 20:15:44.636  2521  2618 D MobileStatusTracker(1/1): onSignalStrengthsChanged level=4, vendorLevel=4
10-20 20:15:44.638  2521  2618 D MobileSignalController(1/1): notifyListener: enabled=true, connected=true, dataConnected=false, networkType=UMTS (3G), emergencyOnly=true, roaming=false, isDefault=false, dataActivity=, level=4, ca=false, mmWave=false, disabledDataIcon=false, simCard=ETC
10-20 20:15:44.638  2521  2618 D NetworkController: SignalStrength from intent slotId=1
10-20 20:15:44.643  1483  2471 D NetdEventListenerService: DNS Requested by : 475, 11011
10-20 20:15:44.644 14839 14902 D TrafficStats: tagSocket(6) with statsTag=0xffffffff, statsUid=-1
10-20 20:15:44.780  1483  4847 I InputMethodBindingController: setCurrentMethodNotVisible: mVisibleBound=false, mHasConnection=true, caller = com.android.server.inputmethod.InputMethodManagerService.hideCurrentInputLocked:4356 com.android.server.inputmethod.InputMethodManagerService.hideSoftInput:4294 com.android.internal.view.IInputMethodManager$Stub.onTransact:488 com.android.server.inputmethod.InputMethodManagerService.onTransact:2302 android.os.Binder.execTransactInternal:1316 android.os.Binder.execTransact:1280 <bottom of call stack> <bottom of call stack> <bottom of call stack> <bottom of call stack> 
10-20 20:15:44.782  1483  6037 W TelephonyManager: requestModemActivityInfo: Received an invalid ModemActivityInfo
10-20 20:15:44.785  1483  2597 D InputDispatcher: Inject key (19985/2000): action=1, f=0x0, d=-1, time=2551541918000000
10-20 20:15:44.786  1483  2597 D WindowManager: interceptKeyTq interceptKeyResult=1
10-20 20:15:44.786  1483  6037 W BatteryExternalStatsWorker: error reading modem stats:ERROR_INVALID_INFO_RECEIVED
10-20 20:15:44.787  1483  1568 D BatteryExternalStatsWorker: mStats lock released
10-20 20:15:44.787  1483  1568 D BatteryExternalStatsWorker: done updateExternalStatsLocked
10-20 20:15:44.791 19138 19180 E IMGMapper: set:488 set: Unset optional value from type SMPTE2086
10-20 20:15:44.791 19138 19180 E IMGMapper: set:488 set: Unset optional value from type CTA861_3
10-20 20:15:44.795  1483  1796 I InputDispatcher: Delivering key to (19138): action: 0x1 (0), f=0x0, m=0x0, d=0, '1eb0182'
10-20 20:15:44.797  5125  5125 I HBD     : HoneyBoardService onKeyUp r:e491a8da consumed:false 1 
10-20 20:15:44.798 19138 19138 I ViewRootImpl@52e2b1c[MainActivity]: ViewPostIme key 1
10-20 20:15:44.799 19138 19138 I IMM_LC  : hsifw() - flag : 0
10-20 20:15:44.799 19138 19138 I IMM_LC  : hsifw() - mService.hideSoftInput
10-20 20:15:44.800  1483  4847 D InputMethodManagerService: hideSoftInput
10-20 20:15:44.800  1483  4847 V InputMethodManagerService: Client requesting input be hidden
10-20 20:15:44.800  1483  4847 V InputMethodManagerService: hideCurrentInputLocked : canceled, shouldHideSoftInput=false, mInputShown=false, mImeWindowVis=0
10-20 20:15:44.800  1483  4847 I InputMethodBindingController: setCurrentMethodNotVisible: mVisibleBound=false, mHasConnection=true, caller = com.android.server.inputmethod.InputMethodManagerService.hideCurrentInputLocked:4356 com.android.server.inputmethod.InputMethodManagerService.hideSoftInput:4294 com.android.internal.view.IInputMethodManager$Stub.onTransact:488 com.android.server.inputmethod.InputMethodManagerService.onTransact:2302 android.os.Binder.execTransactInternal:1316 android.os.Binder.execTransact:1280 <bottom of call stack> <bottom of call stack> <bottom of call stack> <bottom of call stack> 
10-20 20:15:44.805  2521  2618 D MobileStatusTracker(0/2): onSignalStrengthsChanged level=4, vendorLevel=3
10-20 20:15:44.808  2521  2618 D MobileSignalController(0/2): notifyListener: enabled=true, connected=true, dataConnected=true, networkType=LTE (4G), emergencyOnly=false, roaming=false, isDefault=false, dataActivity=, level=3, ca=false, mmWave=false, disabledDataIcon=false, simCard=ETC
10-20 20:15:44.815  2521  2618 D NetworkController: SignalStrength from intent slotId=0
10-20 20:15:44.842 19968 19968 I a       : setConfiguration start
10-20 20:15:44.844  1483  2896 W Binder  : Outgoing transactions from this process must be FLAG_ONEWAY
10-20 20:15:44.844  1483  2896 W Binder  : java.lang.Throwable
10-20 20:15:44.844  1483  2896 W Binder  : 	at android.os.BinderProxy.transact(BinderProxy.java:567)
10-20 20:15:44.844  1483  2896 W Binder  : 	at android.content.ContentProviderProxy.bulkInsert(ContentProviderNative.java:578)
10-20 20:15:44.844  1483  2896 W Binder  : 	at android.content.ContentResolver.bulkInsert(ContentResolver.java:2281)
10-20 20:15:44.844  1483  2896 W Binder  : 	at com.samsung.android.privacydashboard.PermissionAccessInformationWriter.write(PermissionAccessInformationWriter.java:37)
10-20 20:15:44.844  1483  2896 W Binder  : 	at com.samsung.android.privacydashboard.PermissionAccessInformationController.flush(PermissionAccessInformationController.java:99)
10-20 20:15:44.844  1483  2896 W Binder  : 	at com.samsung.android.privacydashboard.PermissionAccessInformationController$1.run(PermissionAccessInformationController.java:78)
10-20 20:15:44.844  1483  2896 W Binder  : 	at java.util.concurrent.ThreadPoolExecutor.runWorker(ThreadPoolExecutor.java:1145)
10-20 20:15:44.844  1483  2896 W Binder  : 	at java.util.concurrent.ThreadPoolExecutor$Worker.run(ThreadPoolExecutor.java:644)
10-20 20:15:44.844  1483  2896 W Binder  : 	at java.lang.Thread.run(Thread.java:1012)
10-20 20:15:44.854  1483  1503 I GenerationRegistry: mBackingStore.isClosed() : false
10-20 20:15:44.859  1483  2896 I GenerationRegistry: mBackingStore.isClosed() : false
10-20 20:15:44.927 19968 19984 I PrivacyDashboard: PermissionAccessInformationContentProvider  bulkInsert : 12
10-20 20:15:44.993   492   492 I lmkd    : 0(delay), 50(swap), 15(freelimit), 0(reentrymode) memory pressure events were skipped after a kill!
10-20 20:15:45.095  8661 18290 I AOSP-MdnsDiscoveryManag: (REDACTED) %s
10-20 20:15:45.095  8661 18290 I AOSP-MdnsDiscoveryManag: (REDACTED) %s
10-20 20:15:45.096  8661 18288 I AOSP-MdnsDiscoveryManag: (REDACTED) %s
10-20 20:15:45.097  8661  9716 I AOSP-MdnsDiscoveryManag: (REDACTED) %s
10-20 20:15:45.097  8661 18289 W AOSP-MdnsDiscoveryManag: Error while decoding multicast packet (5084): 1 [CONTEXT service_id=168 ]
10-20 20:15:45.097  8661  9716 I AOSP-MdnsDiscoveryManag: (REDACTED) %s
10-20 20:15:45.097  8661 18288 I AOSP-MdnsDiscoveryManag: (REDACTED) %s
10-20 20:15:45.099  8661 18289 W AOSP-MdnsDiscoveryManag: Error while decoding multicast packet (5085): 1 [CONTEXT service_id=168 ]
10-20 20:15:45.134 19655 20002 D ProfileInstaller: Skipping profile installation for com.osp.app.signin
10-20 20:15:45.148 19138 19180 E IMGMapper: set:488 set: Unset optional value from type SMPTE2086
10-20 20:15:45.148 19138 19180 E IMGMapper: set:488 set: Unset optional value from type CTA861_3
10-20 20:15:45.170  8661  9716 I AOSP-MdnsDiscoveryManag: (REDACTED) %s
10-20 20:15:45.171  8661  9716 I AOSP-MdnsDiscoveryManag: (REDACTED) %s
10-20 20:15:45.171  8661  9716 I AOSP-MdnsDiscoveryManag: (REDACTED) %s
10-20 20:15:45.171  8661  9716 I AOSP-MdnsDiscoveryManag: (REDACTED) %s
10-20 20:15:45.172  8661  9716 I AOSP-MdnsDiscoveryManag: (REDACTED) %s
10-20 20:15:45.172  8661  9716 I AOSP-MdnsDiscoveryManag: (REDACTED) %s
10-20 20:15:45.172  8661  9716 I AOSP-MdnsDiscoveryManag: (REDACTED) %s
10-20 20:15:45.172  8661  9716 I AOSP-MdnsDiscoveryManag: (REDACTED) %s
10-20 20:15:45.291  1483  1528 D SensorService: setUidStateForConnection uid= 11011 , ident = 0xb4000077f7759780 , state= 1
10-20 20:15:45.291  1483  1528 D SensorService: setUidStateForConnection uid= 11011 , ident = 0xb40000781674e740 , state= 1
10-20 20:15:45.292  1199  1199 E SensorManager: Correct handle(0) maxdelay: 16000000 old: 20000000
10-20 20:15:45.363 30047 30047 W Finsky  : [2] STU: Failed to get storage stats for package 'com.google.android.tzdata4' (1601: Error getting stats: android.content.pm.PackageManager.NameNotFoundException)
10-20 20:15:45.435 30047 30047 W Finsky  : [2] STU: Failed to get storage stats for package 'com.google.android.permission' (1601: Error getting stats: android.content.pm.PackageManager.NameNotFoundException)
10-20 20:15:45.555  1483  4847 E AppOps  : Bad call made by uid 10188. Package "com.google.android.gms" does not belong to uid 10252.
10-20 20:15:45.558 19204 19471 E GoogleApiManager: Failed to get service from broker. 
10-20 20:15:45.558 19204 19471 E GoogleApiManager: java.lang.SecurityException: Unknown calling package name 'com.google.android.gms'.
10-20 20:15:45.558 19204 19471 E GoogleApiManager: 	at android.os.Parcel.createExceptionOrNull(Parcel.java:3045)
10-20 20:15:45.558 19204 19471 E GoogleApiManager: 	at android.os.Parcel.createException(Parcel.java:3029)
10-20 20:15:45.558 19204 19471 E GoogleApiManager: 	at android.os.Parcel.readException(Parcel.java:3012)
10-20 20:15:45.558 19204 19471 E GoogleApiManager: 	at android.os.Parcel.readException(Parcel.java:2954)
10-20 20:15:45.558 19204 19471 E GoogleApiManager: 	at bbue.a(:com.google.android.gms@254031029@25.40.31 (190400-816341114):36)
10-20 20:15:45.558 19204 19471 E GoogleApiManager: 	at bbsf.z(:com.google.android.gms@254031029@25.40.31 (190400-816341114):143)
10-20 20:15:45.558 19204 19471 E GoogleApiManager: 	at bayu.run(:com.google.android.gms@254031029@25.40.31 (190400-816341114):42)
10-20 20:15:45.558 19204 19471 E GoogleApiManager: 	at android.os.Handler.handleCallback(Handler.java:942)
10-20 20:15:45.558 19204 19471 E GoogleApiManager: 	at android.os.Handler.dispatchMessage(Handler.java:99)
10-20 20:15:45.558 19204 19471 E GoogleApiManager: 	at cmwq.mC(:com.google.android.gms@254031029@25.40.31 (190400-816341114):1)
10-20 20:15:45.558 19204 19471 E GoogleApiManager: 	at cmwq.dispatchMessage(:com.google.android.gms@254031029@25.40.31 (190400-816341114):5)
10-20 20:15:45.558 19204 19471 E GoogleApiManager: 	at android.os.Looper.loopOnce(Looper.java:226)
10-20 20:15:45.558 19204 19471 E GoogleApiManager: 	at android.os.Looper.loop(Looper.java:313)
10-20 20:15:45.558 19204 19471 E GoogleApiManager: 	at android.os.HandlerThread.run(HandlerThread.java:67)
10-20 20:15:45.647 19138 19180 E IMGMapper: set:488 set: Unset optional value from type SMPTE2086
10-20 20:15:45.647 19138 19180 E IMGMapper: set:488 set: Unset optional value from type CTA861_3
10-20 20:15:45.656  1039  1039 I BufferQueueProducer: [com.cinemamovel/com.cinemamovel.MainActivity$_19138#505932](this:0xb400007a1f6f0838,id:-1,api:0,p:-1,c:1039) queueBuffer: fps=2.91 dur=1031.72 max=499.40 min=182.88
10-20 20:15:45.658   991  1074 I hwcomposer: [HWCDisplay] [Display_0 (type:1)] fps:2.908280,dur:1031.54,max:499.51,min:182.57  
10-20 20:15:45.928  4881  7366 I AppsEdge.Badge: getBadgeIconType 0
10-20 20:15:45.946  9596 21206 I BadgeProvider: query, [selection] : null
10-20 20:15:45.954  4881  7366 I AppsEdge.Badge: key=com.android.phone:0 count=1
10-20 20:15:45.954  4881  7366 I AppsEdge.Badge: key=com.google.android.gms:0 count=1
10-20 20:15:46.081  2521  2618 D MobileStatusTracker(0/2): onSignalStrengthsChanged level=4, vendorLevel=3
10-20 20:15:46.083  2521  2618 D MobileSignalController(0/2): notifyListener: enabled=true, connected=true, dataConnected=true, networkType=LTE (4G), emergencyOnly=false, roaming=false, isDefault=false, dataActivity=, level=3, ca=false, mmWave=false, disabledDataIcon=false, simCard=ETC
10-20 20:15:46.083  2521  2618 D NetworkController: SignalStrength from intent slotId=0
10-20 20:15:46.145 19138 19180 E IMGMapper: set:488 set: Unset optional value from type SMPTE2086
10-20 20:15:46.146 19138 19180 E IMGMapper: set:488 set: Unset optional value from type CTA861_3
10-20 20:15:46.183  2799  3039 D PhoneInterfaceManager: setDataEnabledForReason() Reason=1 Pid=1483 App=system
10-20 20:15:46.188  2799  3039 D PhoneInterfaceManager: setDataEnabledForReason() Reason=1 Pid=1483 App=system
10-20 20:15:46.292  1205  1205 I thermal_repeater: socket -1
10-20 20:15:46.489   543   543 D io_stats: !@ 179,0 r 464680460 5647846754 w 80569410 844561060 d 1258357 33785868 f 0 0 iot 231106192 0 th 0 0 0 pt 0 inp 0 0 2551543.792
10-20 20:15:46.627  1483  2425 I ChimeraAggressivePolicyHandler: executePolicy() - triggerSource: TRIGGER_SOURCE_LMKD
10-20 20:15:46.629  1483  2425 I ChimeraAggressivePolicyHandler: available memory: 1158808, free memory target: 747520, quit chimera
10-20 20:15:46.645 19138 19180 E IMGMapper: set:488 set: Unset optional value from type SMPTE2086
10-20 20:15:46.645 19138 19180 E IMGMapper: set:488 set: Unset optional value from type CTA861_3
10-20 20:15:46.665  1483  2471 D NetdEventListenerService: DNS Requested by : 475, 11011
10-20 20:15:46.666 14839 14902 D TrafficStats: tagSocket(6) with statsTag=0xffffffff, statsUid=-1
10-20 20:15:46.674  1483  2457 D WifiConnectivityMonitor.NetworkStatsAnalyzer: Backhaul result - RSSI:-62, CE:21, PE:14, TI:26, PTI:18, TW:34, PTW:36, Tx:2611, Rx:1893, TxS:2574, RxS:1847, RESULT:true, IC:0, ICT:5, WC:0, WCT:5, R:14, RC:0, IE:0, EC:0
10-20 20:15:46.676  1483  1755 D SensorService: [SO] 0.147 1.437 9.874
10-20 20:15:46.868  1483  1503 D InputDispatcher: Inject motion (20009/2000): action=0x0, time=2551544171000000, f=0x0, d=0 dsdx=1.000000 dtdx=0.000000
10-20 20:15:46.869  1483  1796 I InputDispatcher: Delivering touch to (2521): action: 0x4, f=0x0, d=0, 'a9cce9e', t=1 
10-20 20:15:46.869  1483  1796 I InputDispatcher: Delivering touch to (19138): action: 0x0, f=0x0, d=0, '1eb0182', t=1 
10-20 20:15:46.869  1483  1796 D PowerManagerService: [api] userActivityFromNative :  (event: 2 flags: 0 displayId: 0) eventTime = 2551544171
10-20 20:15:46.871  1483  1796 D PowerManagerService: UserActivityStateListenerState: 1
