11-05 16:32:28.554  8006  8038 I ReactNativeJS:       "id": 1078605,
11-05 16:32:28.554  8006  8038 I ReactNativeJS:       "durationMs": 308
11-05 16:32:28.554  8006  8038 I ReactNativeJS:     },
11-05 16:32:28.554  8006  8038 I ReactNativeJS:     {
11-05 16:32:28.554  8006  8038 I ReactNativeJS:       "id": 1028248,
11-05 16:32:28.554  8006  8038 I ReactNativeJS:       "durationMs": 168
11-05 16:32:28.554  8006  8038 I ReactNativeJS:     },
11-05 16:32:28.554  8006  8038 I ReactNativeJS:     {
11-05 16:32:28.554  8006  8038 I ReactNativeJS:       "id": 914215,
11-05 16:32:28.554  8006  8038 I ReactNativeJS:       "durationMs": 251
11-05 16:32:28.554  8006  8038 I ReactNativeJS:     },
11-05 16:32:28.554  8006  8038 I ReactNativeJS:     {
11-05 16:32:28.554  8006  8038 I ReactNativeJS:       "id": 1035259,
11-05 16:32:28.554  8006  8038 I ReactNativeJS:       "durationMs": 169
11-05 16:32:28.554  8006  8038 I ReactNativeJS:     },
11-05 16:32:28.554  8006  8038 I ReactNativeJS:     {
11-05 16:32:28.554  8006  8038 I ReactNativeJS:       "id": 1061474,
11-05 16:32:28.554  8006  8038 I ReactNativeJS:       "durationMs": 245
11-05 16:32:28.554  8006  8038 I ReactNativeJS:     },
11-05 16:32:28.554  8006  8038 I ReactNativeJS:     {
11-05 16:32:28.554  8006  8038 I ReactNativeJS:       "id": 13494,
11-05 16:32:28.554  8006  8038 I ReactNativeJS:       "durationMs": 167
11-05 16:32:28.554  8006  8038 I ReactNativeJS:     },
11-05 16:32:28.554  8006  8038 I ReactNativeJS:     {
11-05 16:32:28.554  8006  8038 I ReactNativeJS:       "id": 575265,
11-05 16:32:28.554  8006  8038 I ReactNativeJS:       "durationMs": 199
11-05 16:32:28.554  8006  8038 I ReactNativeJS:     },
11-05 16:32:28.554  8006  8038 I ReactNativeJS:     {
11-05 16:32:28.554  8006  8038 I ReactNativeJS:       "id": 911430,
11-05 16:32:28.554  8006  8038 I ReactNativeJS:       "durationMs": 173
11-05 16:32:28.554  8006  8038 I ReactNativeJS:     },
11-05 16:32:28.554  8006  8038 I ReactNativeJS:     {
11-05 16:32:28.554  8006  8038 I ReactNativeJS:       "id": 1369679,
11-05 16:32:28.554  8006  8038 I ReactNativeJS:       "durationMs": 389
11-05 16:32:28.554  8006  8038 I ReactNativeJS:     },
11-05 16:32:28.554  8006  8038 I ReactNativeJS:     {
11-05 16:32:28.554  8006  8038 I ReactNativeJS:       "id": 803796,
11-05 16:32:28.554  8006  8038 I ReactNativeJS:       "durationMs": 279
11-05 16:32:28.554  8006  8038 I ReactNativeJS:     },
11-05 16:32:28.554  8006  8038 I ReactNativeJS:     {
11-05 16:32:28.554  8006  8038 I ReactNativeJS:       "id": 1234821,
11-05 16:32:28.554  8006  8038 I ReactNativeJS:       "durationMs": 279
11-05 16:32:28.554  8006  8038 I ReactNativeJS:     },
11-05 16:32:28.554  8006  8038 I ReactNativeJS:     {
11-05 16:32:28.554  8006  8038 I ReactNativeJS:       "id": 1242011,
11-05 16:32:28.554  8006  8038 I ReactNativeJS:       "durationMs": 214
11-05 16:32:28.554  8006  8038 I ReactNativeJS:     },
11-05 16:32:28.554  8006  8038 I ReactNativeJS:     {
11-05 16:32:28.554  8006  8038 I ReactNativeJS:       "id": 1087192,
11-05 16:32:28.554  8006  8038 I ReactNativeJS:       "durationMs": 553
11-05 16:32:28.554  8006  8038 I ReactNativeJS:     },
11-05 16:32:28.554  8006  8038 I ReactNativeJS:     {
11-05 16:32:28.554  8006  8038 I ReactNativeJS:       "id": 506763,
11-05 16:32:28.554  8006  8038 I ReactNativeJS:       "durationMs": 270
11-05 16:32:28.554  8006  8038 I ReactNativeJS:     },
11-05 16:32:28.554  8006  8038 I ReactNativeJS:     {
11-05 16:32:28.554  8006  8038 I ReactNativeJS:       "id": 1051486,
11-05 16:32:28.554  8006  8038 I ReactNativeJS:       "durationMs": 271
11-05 16:32:28.554  8006  8038 I ReactNativeJS:     },
11-05 16:32:28.554  8006  8038 I ReactNativeJS:     {
11-05 16:32:28.554  8006  8038 I ReactNativeJS:       "id": 691363,
11-05 16:32:28.554  8006  8038 I ReactNativeJS:       "durationMs": 437
11-05 16:32:28.554  8006  8038 I ReactNativeJS:     },
11-05 16:32:28.554  8006  8038 I ReactNativeJS:     {
11-05 16:32:28.554  8006  8038 I ReactNativeJS:       "id": 1265344,
11-05 16:32:28.554  8006  8038 I ReactNativeJS:       "durationMs": 438
11-05 16:32:28.554  8006  8038 I ReactNativeJS:     },
11-05 16:32:28.554  8006  8038 I ReactNativeJS:     {
11-05 16:32:28.554  8006  8038 I ReactNativeJS:       "id": 7451,
11-05 16:32:28.554  8006  8038 I ReactNativeJS:       "durationMs": 215
11-05 16:32:28.554  8006  8038 I ReactNativeJS:     },
11-05 16:32:28.554  8006  8038 I ReactNativeJS:     {
11-05 16:32:28.554  8006  8038 I ReactNativeJS:       "id": 617126,
11-05 16:32:28.554  8006  8038 I ReactNativeJS:       "durationMs": 215
11-05 16:32:28.554  8006  8038 I ReactNativeJS:     },
11-05 16:32:28.554  8006  8038 I ReactNativeJS:     {
11-05 16:32:28.554  8006  8038 I ReactNativeJS:       "id": 1175942,
11-05 16:32:28.554  8006  8038 I ReactNativeJS:       "durationMs": 247
11-05 16:32:28.554  8006  8038 I ReactNativeJS:     },
11-05 16:32:28.554  8006  8038 I ReactNativeJS:     {
11-05 16:32:28.554  8006  8038 I ReactNativeJS:       "id": 1119878,
11-05 16:32:28.554  8006  8038 I ReactNativeJS:       "durationMs": 446
11-05 16:32:28.554  8006  8038 I ReactNativeJS:     },
11-05 16:32:28.554  8006  8038 I ReactNativeJS:     {
11-05 16:32:28.554  8006  8038 I ReactNativeJS:       "id": 1151334,
11-05 16:32:28.554  8006  8038 I ReactNativeJS:       "durationMs": 225
11-05 16:32:28.554  8006  8038 I ReactNativeJS:     },
11-05 16:32:28.554  8006  8038 I ReactNativeJS:     {
11-05 16:32:28.554  8006  8038 I ReactNativeJS:       "id": 1382406,
11-05 16:32:28.554  8006  8038 I ReactNativeJS:       "durationMs": 242
11-05 16:32:28.554  8006  8038 I ReactNativeJS:     },
11-05 16:32:28.554  8006  8038 I ReactNativeJS:     {
11-05 16:32:28.554  8006  8038 I ReactNativeJS:       "id": 1188808,
11-05 16:32:28.554  8006  8038 I ReactNativeJS:       "durationMs": 308
11-05 16:32:28.554  8006  8038 I ReactNativeJS:     },
11-05 16:32:28.554  8006  8038 I ReactNativeJS:     {
11-05 16:32:28.554  8006  8038 I ReactNativeJS:       "id": 980477,
11-05 16:32:28.554  8006  8038 I ReactNativeJS:       "durationMs": 805
11-05 16:32:28.554  8006  8038 I ReactNativeJS:     },
11-05 16:32:28.554  8006  8038 I ReactNativeJS:     {
11-05 16:32:28.554  8006  8038 I ReactNativeJS:       "id": 552524,
11-05 16:32:28.554  8006  8038 I ReactNativeJS:       "durationMs": 246
11-05 16:32:28.554  8006  8038 I ReactNativeJS:     },
11-05 16:32:28.554  8006  8038 I ReactNativeJS:     {
11-05 16:32:28.554  8006  8038 I ReactNativeJS:       "id": 155,
11-05 16:32:28.554  8006  8038 I ReactNativeJS:       "durationMs": 246
11-05 16:32:28.554  8006  8038 I ReactNativeJS:     },
11-05 16:32:28.554  8006  8038 I ReactNativeJS:     {
11-05 16:32:28.554  8006  8038 I ReactNativeJS:       "id": 604079,
11-05 16:32:28.554  8006  8038 I ReactNativeJS:       "durationMs": 336
11-05 16:32:28.554  8006  8038 I ReactNativeJS:     },
11-05 16:32:28.554  8006  8038 I ReactNativeJS:     {
11-05 16:32:28.554  8006  8038 I ReactNativeJS:       "id": 1252428,
11-05 16:32:28.554  8006  8038 I ReactNativeJS:       "durationMs": 336
11-05 16:32:28.554  8006  8038 I ReactNativeJS:     },
11-05 16:32:28.554  8006  8038 I ReactNativeJS:     {
11-05 16:32:28.554  8006  8038 I ReactNativeJS:       "id": 1321439,
11-05 16:32:28.554  8006  8038 I ReactNativeJS:       "durationMs": 538
11-05 16:32:28.554  8006  8038 I ReactNativeJS:     },
11-05 16:32:28.554  8006  8038 I ReactNativeJS:     {
11-05 16:32:28.554  8006  8038 I ReactNativeJS:       "id": 541671,
11-05 16:32:28.554  8006  8038 I ReactNativeJS:       "durationMs": 522
11-05 16:32:28.554  8006  8038 I ReactNativeJS:     },
11-05 16:32:28.554  8006  8038 I ReactNativeJS:     {
11-05 16:32:28.554  8006  8038 I ReactNativeJS:       "id": 1022787,
11-05 16:32:28.554  8006  8038 I ReactNativeJS:       "durationMs": 298
11-05 16:32:28.554  8006  8038 I ReactNativeJS:     },
11-05 16:32:28.554  8006  8038 I ReactNativeJS:     {
11-05 16:32:28.554  8006  8038 I ReactNativeJS:       "id": 138843,
11-05 16:32:28.554  8006  8038 I ReactNativeJS:       "durationMs": 429
11-05 16:32:28.554  8006  8038 I ReactNativeJS:     },
11-05 16:32:28.554  8006  8038 I ReactNativeJS:     {
11-05 16:32:28.554  8006  8038 I ReactNativeJS:       "id": 993234,
11-05 16:32:28.554  8006  8038 I ReactNativeJS:       "durationMs": 925
11-05 16:32:28.554  8006  8038 I ReactNativeJS:     },
11-05 16:32:28.554  8006  8038 I ReactNativeJS:     {
11-05 16:32:28.554  8006  8038 I ReactNativeJS:       "id": 660033,
11-05 16:32:28.554  8006  8038 I ReactNativeJS:       "durationMs": 717
11-05 16:32:28.554  8006  8038 I ReactNativeJS:     },
11-05 16:32:28.554  8006  8038 I ReactNativeJS:     {
11-05 16:32:28.554  8006  8038 I ReactNativeJS:       "id": 1125257,
11-05 16:32:28.554  8006  8038 I ReactNativeJS:       "durationMs": 970
11-05 16:32:28.554  8006  8038 I ReactNativeJS:     },
11-05 16:32:28.554  8006  8038 I ReactNativeJS:     {
11-05 16:32:28.554  8006  8038 I ReactNativeJS:       "id": 157336,
11-05 16:32:28.554  8006  8038 I ReactNativeJS:       "durationMs": 437
11-05 16:32:28.554  8006  8038 I ReactNativeJS:     },
11-05 16:32:28.554  8006  8038 I ReactNativeJS:     {
11-05 16:32:28.554  8006  8038 I ReactNativeJS:       "id": 994682,
11-05 16:32:28.554  8006  8038 I ReactNativeJS:       "durationMs": 863
11-05 16:32:28.554  8006  8038 I ReactNativeJS:     },
11-05 16:32:28.554  8006  8038 I ReactNativeJS:     {
11-05 16:32:28.554  8006  8038 I ReactNativeJS:       "id": 715287,
11-05 16:32:28.554  8006  8038 I ReactNativeJS:       "durationMs": 890
11-05 16:32:28.554  8006  8038 I ReactNativeJS:     },
11-05 16:32:28.554  8006  8038 I ReactNativeJS:     {
11-05 16:32:28.554  8006  8038 I ReactNativeJS:       "id": 1506456,
11-05 16:32:28.554  8006  8038 I ReactNativeJS:       "durationMs": 241
11-05 16:32:28.554  8006  8038 I ReactNativeJS:     },
11-05 16:32:28.554  8006  8038 I ReactNativeJS:     {
11-05 16:32:28.554  8006  8038 I ReactNativeJS:       "id": 1083433,
11-05 16:32:28.554  8006  8038 I ReactNativeJS:       "durationMs": 540
11-05 16:32:28.554  8006  8038 I ReactNativeJS:     },
11-05 16:32:28.554  8006  8038 I ReactNativeJS:     {
11-05 16:32:28.554  8006  8038 I ReactNativeJS:       "id": 1242434,
11-05 16:32:28.554  8006  8038 I ReactNativeJS:       "durationMs": 541
11-05 16:32:28.554  8006  8038 I ReactNativeJS:     },
11-05 16:32:28.554  8006  8038 I ReactNativeJS:     {
11-05 16:32:28.554  8006  8038 I ReactNativeJS:       "id": 1244953,
11-05 16:32:28.554  8006  8038 I ReactNativeJS:       "durationMs": 505
11-05 16:32:28.554  8006  8038 I ReactNativeJS:     }
11-05 16:32:28.554  8006  8038 I ReactNativeJS:   ],
11-05 16:32:28.554  8006  8038 I ReactNativeJS:   "navigationEvents": [
11-05 16:32:28.554  8006  8038 I ReactNativeJS:     {
11-05 16:32:28.554  8006  8038 I ReactNativeJS:       "action": "focus_dashboard",
11-05 16:32:28.554  8006  8038 I ReactNativeJS:       "timestamp": 1762371132331
11-05 16:32:28.554  8006  8038 I ReactNativeJS:     }
11-05 16:32:28.554  8006  8038 I ReactNativeJS:   ]
11-05 16:32:28.554  8006  8038 I ReactNativeJS: }
11-05 16:32:28.554  8006  8038 I ReactNativeJS: ---IMG_METRICS_END---
11-05 16:32:28.580  8006  8031 E IMGMapper: set:488 set: Unset optional value from type SMPTE2086
11-05 16:32:28.580  8006  8031 E IMGMapper: set:488 set: Unset optional value from type CTA861_3
11-05 16:32:28.590  8006  8031 E IMGMapper: set:488 set: Unset optional value from type SMPTE2086
11-05 16:32:28.590  8006  8031 E IMGMapper: set:488 set: Unset optional value from type CTA861_3
11-05 16:32:28.595  8006  8119 D skia    : SkJpegCodec::onGetPixels +
11-05 16:32:28.601  8006  8120 D skia    : SkJpegCodec::onGetPixels +
11-05 16:32:28.603  8006  8122 D skia    : SkJpegCodec::onGetPixels +
11-05 16:32:28.608  8006  8031 E IMGMapper: set:488 set: Unset optional value from type SMPTE2086
11-05 16:32:28.608  8006  8031 E IMGMapper: set:488 set: Unset optional value from type CTA861_3
11-05 16:32:28.618  8006  8119 D skia    : SkJpegCodec::onGetPixels -
11-05 16:32:28.621  8006  8120 D skia    : SkJpegCodec::onGetPixels -
11-05 16:32:28.625  8006  8031 E IMGMapper: set:488 set: Unset optional value from type SMPTE2086
11-05 16:32:28.626  8006  8031 E IMGMapper: set:488 set: Unset optional value from type CTA861_3
11-05 16:32:28.629  8006  8122 D skia    : SkJpegCodec::onGetPixels -
11-05 16:32:28.638  8006  8031 E IMGMapper: set:488 set: Unset optional value from type SMPTE2086
11-05 16:32:28.638  8006  8031 E IMGMapper: set:488 set: Unset optional value from type CTA861_3
11-05 16:32:28.654  8006  8031 E IMGMapper: set:488 set: Unset optional value from type SMPTE2086
11-05 16:32:28.654  8006  8031 E IMGMapper: set:488 set: Unset optional value from type CTA861_3
11-05 16:32:28.679  8006  8031 E IMGMapper: set:488 set: Unset optional value from type SMPTE2086
11-05 16:32:28.679  8006  8031 E IMGMapper: set:488 set: Unset optional value from type CTA861_3
11-05 16:32:28.691  8006  8031 E IMGMapper: set:488 set: Unset optional value from type SMPTE2086
11-05 16:32:28.691  8006  8031 E IMGMapper: set:488 set: Unset optional value from type CTA861_3
11-05 16:32:28.703  8006  8031 E IMGMapper: set:488 set: Unset optional value from type SMPTE2086
11-05 16:32:28.703  8006  8031 E IMGMapper: set:488 set: Unset optional value from type CTA861_3
11-05 16:32:28.719  8006  8031 E IMGMapper: set:488 set: Unset optional value from type SMPTE2086
11-05 16:32:28.719  8006  8031 E IMGMapper: set:488 set: Unset optional value from type CTA861_3
11-05 16:32:28.735  8006  8031 E IMGMapper: set:488 set: Unset optional value from type SMPTE2086
11-05 16:32:28.736  8006  8031 E IMGMapper: set:488 set: Unset optional value from type CTA861_3
11-05 16:32:28.752  8006  8031 E IMGMapper: set:488 set: Unset optional value from type SMPTE2086
11-05 16:32:28.753  8006  8031 E IMGMapper: set:488 set: Unset optional value from type CTA861_3
11-05 16:32:28.772  8006  8031 E IMGMapper: set:488 set: Unset optional value from type SMPTE2086
11-05 16:32:28.773  8006  8031 E IMGMapper: set:488 set: Unset optional value from type CTA861_3
11-05 16:32:28.786  8006  8031 E IMGMapper: set:488 set: Unset optional value from type SMPTE2086
11-05 16:32:28.787  8006  8031 E IMGMapper: set:488 set: Unset optional value from type CTA861_3
11-05 16:32:28.803  8006  8031 E IMGMapper: set:488 set: Unset optional value from type SMPTE2086
11-05 16:32:28.803  8006  8031 E IMGMapper: set:488 set: Unset optional value from type CTA861_3
11-05 16:32:28.821  8006  8031 E IMGMapper: set:488 set: Unset optional value from type SMPTE2086
11-05 16:32:28.821  8006  8031 E IMGMapper: set:488 set: Unset optional value from type CTA861_3
11-05 16:32:28.838  8006  8031 E IMGMapper: set:488 set: Unset optional value from type SMPTE2086
11-05 16:32:28.838  8006  8031 E IMGMapper: set:488 set: Unset optional value from type CTA861_3
11-05 16:32:28.841  1039  1039 I BufferQueueProducer: [com.cinemamovel/com.cinemamovel.MainActivity$_8006#684455](this:0xb400007a26313838,id:-1,api:0,p:-1,c:1039) queueBuffer: fps=55.16 dur=1015.15 max=49.84 min=16.31
11-05 16:32:28.843   991   991 I hwcomposer: [HWCDisplay] [Display_0 (type:1)] fps:55.153385,dur:1015.35,max:49.07,min:15.65  
11-05 16:32:28.860  8006  8031 E IMGMapper: set:488 set: Unset optional value from type SMPTE2086
11-05 16:32:28.861  8006  8031 E IMGMapper: set:488 set: Unset optional value from type CTA861_3
11-05 16:32:28.871  8006  8031 E IMGMapper: set:488 set: Unset optional value from type SMPTE2086
11-05 16:32:28.871  8006  8031 E IMGMapper: set:488 set: Unset optional value from type CTA861_3
11-05 16:32:28.891  8006  8031 E IMGMapper: set:488 set: Unset optional value from type SMPTE2086
11-05 16:32:28.891  8006  8031 E IMGMapper: set:488 set: Unset optional value from type CTA861_3
11-05 16:32:28.906  8006  8031 E IMGMapper: set:488 set: Unset optional value from type SMPTE2086
11-05 16:32:28.906  8006  8031 E IMGMapper: set:488 set: Unset optional value from type CTA861_3
11-05 16:32:28.923  8006  8031 E IMGMapper: set:488 set: Unset optional value from type SMPTE2086
11-05 16:32:28.923  8006  8031 E IMGMapper: set:488 set: Unset optional value from type CTA861_3
11-05 16:32:28.950  1737  1942 D MobileStatusTracker(0/2): onSignalStrengthsChanged level=3, vendorLevel=3
11-05 16:32:28.952  1737  1942 D MobileSignalController(0/2): notifyListener: enabled=true, connected=true, dataConnected=true, networkType=LTE (4G), emergencyOnly=false, roaming=false, isDefault=false, dataActivity=, level=3, ca=false, mmWave=false, disabledDataIcon=false, simCard=ETC
11-05 16:32:28.953  8006  8031 E IMGMapper: set:488 set: Unset optional value from type SMPTE2086
11-05 16:32:28.953  8006  8031 E IMGMapper: set:488 set: Unset optional value from type CTA861_3
11-05 16:32:28.957  1737  1942 D NetworkController: SignalStrength from intent slotId=0
11-05 16:32:28.968  8006  8031 E IMGMapper: set:488 set: Unset optional value from type SMPTE2086
11-05 16:32:28.968  8006  8031 E IMGMapper: set:488 set: Unset optional value from type CTA861_3
11-05 16:32:28.977  8006  8031 E IMGMapper: set:488 set: Unset optional value from type SMPTE2086
11-05 16:32:28.977  8006  8031 E IMGMapper: set:488 set: Unset optional value from type CTA861_3
11-05 16:32:28.980  1205  1205 I thermal_repeater: socket -1
11-05 16:32:28.988  8006  8031 E IMGMapper: set:488 set: Unset optional value from type SMPTE2086
11-05 16:32:28.988  8006  8031 E IMGMapper: set:488 set: Unset optional value from type CTA861_3
11-05 16:32:29.004  8006  8031 E IMGMapper: set:488 set: Unset optional value from type SMPTE2086
11-05 16:32:29.004  8006  8031 E IMGMapper: set:488 set: Unset optional value from type CTA861_3
11-05 16:32:29.021  8006  8031 E IMGMapper: set:488 set: Unset optional value from type SMPTE2086
11-05 16:32:29.021  8006  8031 E IMGMapper: set:488 set: Unset optional value from type CTA861_3
11-05 16:32:29.038  8006  8031 E IMGMapper: set:488 set: Unset optional value from type SMPTE2086
11-05 16:32:29.039  8006  8031 E IMGMapper: set:488 set: Unset optional value from type CTA861_3
11-05 16:32:29.054  8006  8031 E IMGMapper: set:488 set: Unset optional value from type SMPTE2086
11-05 16:32:29.054  8006  8031 E IMGMapper: set:488 set: Unset optional value from type CTA861_3
11-05 16:32:29.068  8006  8031 E IMGMapper: set:488 set: Unset optional value from type SMPTE2086
11-05 16:32:29.068  8006  8031 E IMGMapper: set:488 set: Unset optional value from type CTA861_3
11-05 16:32:29.086  8006  8031 E IMGMapper: set:488 set: Unset optional value from type SMPTE2086
11-05 16:32:29.086  8006  8031 E IMGMapper: set:488 set: Unset optional value from type CTA861_3
11-05 16:32:29.103  8006  8031 E IMGMapper: set:488 set: Unset optional value from type SMPTE2086
11-05 16:32:29.103  8006  8031 E IMGMapper: set:488 set: Unset optional value from type CTA861_3
11-05 16:32:29.120  8006  8031 E IMGMapper: set:488 set: Unset optional value from type SMPTE2086
11-05 16:32:29.120  8006  8031 E IMGMapper: set:488 set: Unset optional value from type CTA861_3
11-05 16:32:29.136  8006  8031 E IMGMapper: set:488 set: Unset optional value from type SMPTE2086
11-05 16:32:29.136  8006  8031 E IMGMapper: set:488 set: Unset optional value from type CTA861_3
11-05 16:32:29.152  8006  8031 E IMGMapper: set:488 set: Unset optional value from type SMPTE2086
11-05 16:32:29.153  8006  8031 E IMGMapper: set:488 set: Unset optional value from type CTA861_3
11-05 16:32:29.170  8006  8031 E IMGMapper: set:488 set: Unset optional value from type SMPTE2086
11-05 16:32:29.170  8006  8031 E IMGMapper: set:488 set: Unset optional value from type CTA861_3
11-05 16:32:29.186  8006  8031 E IMGMapper: set:488 set: Unset optional value from type SMPTE2086
11-05 16:32:29.186  8006  8031 E IMGMapper: set:488 set: Unset optional value from type CTA861_3
11-05 16:32:29.202  8006  8031 E IMGMapper: set:488 set: Unset optional value from type SMPTE2086
11-05 16:32:29.202  8006  8031 E IMGMapper: set:488 set: Unset optional value from type CTA861_3
11-05 16:32:29.203  1187  1479 D InputDispatcher: Inject motion (8183/2000): action=0x0, time=3390875460000000, f=0x0, d=0 dsdx=1.000000 dtdx=0.000000
11-05 16:32:29.203  1187  1534 I InputDispatcher: Delivering touch to (1737): action: 0x4, f=0x0, d=0, 'd92b8ad', t=1 
11-05 16:32:29.204  1187  1534 I InputDispatcher: Delivering touch to (8006): action: 0x0, f=0x0, d=0, '70b86e2', t=1 
11-05 16:32:29.204  1187  1534 D PowerManagerService: [api] userActivityFromNative :  (event: 2 flags: 0 displayId: 0) eventTime = 3390875460
11-05 16:32:29.204  1187  1303 I GestureDetector: obtain mCurrentDownEvent. id: -42070374 caller: com.android.server.wm.SystemGesturesPointerEventListener.onPointerEvent:203 com.android.server.wm.PointerEventDispatcher.onInputEvent:53 android.view.InputEventReceiver.dispatchInputEvent:285 
11-05 16:32:29.204  8006  8006 I ViewRootImpl@33d0bcf[MainActivity]: ViewPostIme pointer 0
11-05 16:32:29.205  1187  1303 I GestureDetector: obtain mCurrentDownEvent. id: -42070374 caller: com.android.server.wm.SystemPerformancePointerEventListener.onPointerEvent:89 com.android.server.wm.PointerEventDispatcher.onInputEvent:53 android.view.InputEventReceiver.dispatchInputEvent:285 
11-05 16:32:29.216  1187  1303 I GestureDetector: obtain mCurrentMotionEventRaw. action: 2 id: -181455200
11-05 16:32:29.216  1187  1303 I GestureDetector: obtain mCurrentMotionEventRaw. action: 2 id: -181455200
11-05 16:32:29.222   896   910 I mtkpower_client: perf_lock_rel, hdl:1042731, tid:910
11-05 16:32:29.223  1014  1065 I libPowerHal: [perfLockRel] hdl:1042731, idx:1
11-05 16:32:29.223   896   910 I mtkpower_client: perf_lock_acq, hdl:0, dur:0, num:2, tid:910
11-05 16:32:29.223  1014  1065 I libPowerHal: vendor.samsung.: cpu_ctrl set cpu freq: 1218000 -1 -1 -1
11-05 16:32:29.225   896   910 I mtkpower_client: ret_hdl:1042733
11-05 16:32:29.226   896   910 I mtkpower_client: perf_lock_rel, hdl:1042732, tid:910
11-05 16:32:29.226   896   910 I mtkpower_client: perf_lock_acq, hdl:0, dur:0, num:2, tid:910
11-05 16:32:29.227  1014  1065 I libPowerHal: [perfLockAcq] idx:1 hdl:1042733 hint:-1 pid:896 duration:0 lock_user:vendor.samsung. => ret_hdl:1042733
11-05 16:32:29.227  1014  1065 I libPowerHal: vendor.samsung.: cpu_ctrl set cpu freq: 1218000 -1 1138000 -1
11-05 16:32:29.229  8006  8031 E IMGMapper: set:488 set: Unset optional value from type SMPTE2086
11-05 16:32:29.230  8006  8031 E IMGMapper: set:488 set: Unset optional value from type CTA861_3
11-05 16:32:29.230  1014  1065 I libPowerHal: [perfLockRel] hdl:1042732, idx:0
11-05 16:32:29.230  1014  1065 I libPowerHal: vendor.samsung.: cpu_ctrl set cpu freq: -1 -1 1138000 -1
11-05 16:32:29.232   896   910 I mtkpower_client: ret_hdl:1042734
11-05 16:32:29.232   896   910 I HYPER-HAL: [RequestManager.cpp]releaseLocked(): Released ID : 725427
11-05 16:32:29.233  1014  1065 I libPowerHal: [perfLockAcq] idx:2 hdl:1042734 hint:-1 pid:896 duration:0 lock_user:vendor.samsung. => ret_hdl:1042734
11-05 16:32:29.233  1014  1065 I libPowerHal: vendor.samsung.: cpu_ctrl set cpu freq: 1218000 -1 1138000 -1
11-05 16:32:29.243  8006  8031 E IMGMapper: set:488 set: Unset optional value from type SMPTE2086
11-05 16:32:29.243  8006  8031 E IMGMapper: set:488 set: Unset optional value from type CTA861_3
11-05 16:32:29.245  8006  8121 D skia    : SkJpegCodec::onGetPixels +
11-05 16:32:29.254  8006  8006 W unknown:WrappingUtils: Don't know how to round that drawable: com.facebook.react.views.image.ReactImageDownloadListener$EmptyDrawable@fc3081
11-05 16:32:29.263  8006  8121 D skia    : SkJpegCodec::onGetPixels -
11-05 16:32:29.268  8006  8031 E IMGMapper: set:488 set: Unset optional value from type SMPTE2086
11-05 16:32:29.268  8006  8031 E IMGMapper: set:488 set: Unset optional value from type CTA861_3
11-05 16:32:29.278  8006  8031 E IMGMapper: set:488 set: Unset optional value from type SMPTE2086
11-05 16:32:29.278  8006  8031 E IMGMapper: set:488 set: Unset optional value from type CTA861_3
11-05 16:32:29.289  8006  8031 E IMGMapper: set:488 set: Unset optional value from type SMPTE2086
11-05 16:32:29.289  8006  8031 E IMGMapper: set:488 set: Unset optional value from type CTA861_3
11-05 16:32:29.304  8006  8006 W unknown:WrappingUtils: Don't know how to round that drawable: com.facebook.react.views.image.ReactImageDownloadListener$EmptyDrawable@ebbca5f
11-05 16:32:29.322  8006  8133 D skia    : SkJpegCodec::onGetPixels +
11-05 16:32:29.333  8006  8031 E IMGMapper: set:488 set: Unset optional value from type SMPTE2086
11-05 16:32:29.333  8006  8031 E IMGMapper: set:488 set: Unset optional value from type CTA861_3
11-05 16:32:29.345  8006  8031 E IMGMapper: set:488 set: Unset optional value from type SMPTE2086
11-05 16:32:29.345  8006  8031 E IMGMapper: set:488 set: Unset optional value from type CTA861_3
11-05 16:32:29.350  8006  8133 D skia    : SkJpegCodec::onGetPixels -
11-05 16:32:29.357  8006  8031 E IMGMapper: set:488 set: Unset optional value from type SMPTE2086
11-05 16:32:29.357  8006  8031 E IMGMapper: set:488 set: Unset optional value from type CTA861_3
11-05 16:32:29.377  8006  8031 E IMGMapper: set:488 set: Unset optional value from type SMPTE2086
11-05 16:32:29.377  8006  8031 E IMGMapper: set:488 set: Unset optional value from type CTA861_3
11-05 16:32:29.389  8006  8031 E IMGMapper: set:488 set: Unset optional value from type SMPTE2086
11-05 16:32:29.389  8006  8031 E IMGMapper: set:488 set: Unset optional value from type CTA861_3
11-05 16:32:29.410  8006  8031 E IMGMapper: set:488 set: Unset optional value from type SMPTE2086
11-05 16:32:29.411  8006  8031 E IMGMapper: set:488 set: Unset optional value from type CTA861_3
11-05 16:32:29.421  8006  8031 E IMGMapper: set:488 set: Unset optional value from type SMPTE2086
11-05 16:32:29.421  8006  8031 E IMGMapper: set:488 set: Unset optional value from type CTA861_3
11-05 16:32:29.436  8006  8031 E IMGMapper: set:488 set: Unset optional value from type SMPTE2086
11-05 16:32:29.436  8006  8031 E IMGMapper: set:488 set: Unset optional value from type CTA861_3
11-05 16:32:29.454  8006  8031 E IMGMapper: set:488 set: Unset optional value from type SMPTE2086
11-05 16:32:29.455  8006  8031 E IMGMapper: set:488 set: Unset optional value from type CTA861_3
11-05 16:32:29.469  8006  8031 E IMGMapper: set:488 set: Unset optional value from type SMPTE2086
11-05 16:32:29.469  8006  8031 E IMGMapper: set:488 set: Unset optional value from type CTA861_3
11-05 16:32:29.488  8006  8031 E IMGMapper: set:488 set: Unset optional value from type SMPTE2086
11-05 16:32:29.488  8006  8031 E IMGMapper: set:488 set: Unset optional value from type CTA861_3
11-05 16:32:29.507  8006  8031 E IMGMapper: set:488 set: Unset optional value from type SMPTE2086
11-05 16:32:29.507  8006  8031 E IMGMapper: set:488 set: Unset optional value from type CTA861_3
11-05 16:32:29.514  1187  1479 D InputDispatcher: Inject motion (8183/2000): action=0x1, time=3390875772000000, f=0x0, d=0 dsdx=1.000000 dtdx=0.000000
11-05 16:32:29.515  1187  1534 I InputDispatcher: Delivering touch to (8006): action: 0x1, f=0x0, d=0, '70b86e2', t=1 
11-05 16:32:29.516  1187  1187 I SemDvfsHyPerManager: acquire hyper - SMOOTH_SCROLL/1187@17, type = -999
11-05 16:32:29.516   896   910 I HYPER-HAL: [RequestManager.cpp]acquire(): Acquired ID : 725427  [1187 / 17]    HINT : SMOOTH_SCROLL    list : 
11-05 16:32:29.517   896   910 I mtkpower_client: perf_lock_rel, hdl:1042733, tid:910
11-05 16:32:29.518  1014  1065 I libPowerHal: [perfLockRel] hdl:1042733, idx:1
11-05 16:32:29.519  1014  1065 I libPowerHal: vendor.samsung.: cpu_ctrl set cpu freq: 1218000 -1 -1 -1
11-05 16:32:29.519   896   910 I mtkpower_client: perf_lock_acq, hdl:0, dur:0, num:2, tid:910
11-05 16:32:29.520  1187  1187 D SGM:GameManager: identifyGamePackage. com.cinemamovel, mCurrentUserId: 0, callerUserId: 0, callingMethodInfo: com.android.server.ssrm.fgapps.GameAppUtils.isGame(GameAppUtils.java:84)
11-05 16:32:29.520  1187  1187 D SGM:PkgDataHelper: getGamePkgData(). com.cinemamovel
11-05 16:32:29.520  1187  1187 I SemDvfsHyPerManager: acquire hyper - GESTURE_DETECTED/1187@18, type = -999
11-05 16:32:29.520   896   910 I mtkpower_client: ret_hdl:1042735
11-05 16:32:29.520  1014  1065 I libPowerHal: [perfLockAcq] idx:0 hdl:1042735 hint:-1 pid:896 duration:0 lock_user:vendor.samsung. => ret_hdl:1042735
11-05 16:32:29.520   896   910 I mtkpower_client: perf_lock_rel, hdl:1042734, tid:910
11-05 16:32:29.520  1014  1065 I libPowerHal: vendor.samsung.: cpu_ctrl set cpu freq: 1218000 -1 1138000 -1
11-05 16:32:29.521   896   910 I mtkpower_client: perf_lock_acq, hdl:0, dur:0, num:2, tid:910
11-05 16:32:29.521  1187  1187 D SGM:GameManager: identifyGamePackage. com.cinemamovel, mCurrentUserId: 0, callerUserId: 0, callingMethodInfo: com.android.server.ssrm.fgapps.GameAppUtils.isGame(GameAppUtils.java:84)
11-05 16:32:29.521  1014  1065 I libPowerHal: [perfLockRel] hdl:1042734, idx:2
11-05 16:32:29.521  1187  1187 D SGM:PkgDataHelper: getGamePkgData(). com.cinemamovel
11-05 16:32:29.521  1187  1187 I SemDvfsHyPerManager: acquire hyper - GESTURE_DETECTED/1187@18, type = -999
11-05 16:32:29.521  1014  1065 I libPowerHal: vendor.samsung.: cpu_ctrl set cpu freq: -1 -1 1138000 -1
11-05 16:32:29.522   896   910 I mtkpower_client: ret_hdl:1042736
11-05 16:32:29.522   896   910 I mtkpower_client: perf_lock_rel, hdl:1042735, tid:910
11-05 16:32:29.523  1014  1065 I libPowerHal: [perfLockAcq] idx:1 hdl:1042736 hint:-1 pid:896 duration:0 lock_user:vendor.samsung. => ret_hdl:1042736
11-05 16:32:29.523  8006  8006 I ViewRootImpl@33d0bcf[MainActivity]: ViewPostIme pointer 1
11-05 16:32:29.523  1014  1065 I libPowerHal: vendor.samsung.: cpu_ctrl set cpu freq: 1218000 -1 1138000 -1
11-05 16:32:29.524   896   910 I mtkpower_client: perf_lock_acq, hdl:0, dur:0, num:2, tid:910
11-05 16:32:29.524  1014  1065 I libPowerHal: [perfLockRel] hdl:1042735, idx:0
11-05 16:32:29.524  1014  1065 I libPowerHal: vendor.samsung.: cpu_ctrl set cpu freq: 1218000 -1 -1 -1
11-05 16:32:29.525  8006  8134 D skia    : SkJpegCodec::onGetPixels +
11-05 16:32:29.525   896   910 I mtkpower_client: ret_hdl:1042737
11-05 16:32:29.525   896   910 I mtkpower_client: perf_lock_rel, hdl:1042736, tid:910
11-05 16:32:29.525  1014  1065 I libPowerHal: [perfLockAcq] idx:0 hdl:1042737 hint:-1 pid:896 duration:0 lock_user:vendor.samsung. => ret_hdl:1042737
11-05 16:32:29.526  1014  1065 I libPowerHal: vendor.samsung.: cpu_ctrl set cpu freq: 1218000 -1 1138000 -1
11-05 16:32:29.527   896   910 I mtkpower_client: perf_lock_acq, hdl:0, dur:0, num:2, tid:910
11-05 16:32:29.527  1014  1065 I libPowerHal: [perfLockRel] hdl:1042736, idx:1
11-05 16:32:29.527  1014  1065 I libPowerHal: vendor.samsung.: cpu_ctrl set cpu freq: -1 -1 1138000 -1
11-05 16:32:29.529   896   910 I mtkpower_client: ret_hdl:1042738
11-05 16:32:29.529   896   910 I HYPER-HAL: [RequestManager.cpp]releaseLocked(): Released ID : 725427
11-05 16:32:29.529  1014  1065 I libPowerHal: [perfLockAcq] idx:1 hdl:1042738 hint:-1 pid:896 duration:0 lock_user:vendor.samsung. => ret_hdl:1042738
11-05 16:32:29.529   896   910 I HYPER-HAL: [RequestManager.cpp]acquire(): Acquired ID : 726633  [1187 / 18]    HINT : GESTURE_DETECTED    list : [TIMEOUT / 1702] 
11-05 16:32:29.529   896   910 I HYPER-HAL: [RequestManager.cpp]acquire(): Acquired ID : 726633  [1187 / 18]    HINT : GESTURE_DETECTED    list : [TIMEOUT / 1702] 
11-05 16:32:29.529  1014  1065 I libPowerHal: vendor.samsung.: cpu_ctrl set cpu freq: 1218000 -1 1138000 -1
11-05 16:32:29.529  8006  8031 E IMGMapper: set:488 set: Unset optional value from type SMPTE2086
11-05 16:32:29.530  8006  8031 E IMGMapper: set:488 set: Unset optional value from type CTA861_3
11-05 16:32:29.537  1187  1187 I SemDvfsHyPerManager: acquire hyper - SMOOTH_SCROLL/1187@17, type = -999
11-05 16:32:29.538   896   910 I HYPER-HAL: [RequestManager.cpp]acquire(): Acquired ID : 725427  [1187 / 17]    HINT : SMOOTH_SCROLL    list : 
11-05 16:32:29.538   896   910 I mtkpower_client: perf_lock_rel, hdl:1042737, tid:910
11-05 16:32:29.539   896   910 I mtkpower_client: perf_lock_acq, hdl:0, dur:0, num:2, tid:910
11-05 16:32:29.539  1014  1065 I libPowerHal: [perfLockRel] hdl:1042737, idx:0
11-05 16:32:29.540  1014  1065 I libPowerHal: vendor.samsung.: cpu_ctrl set cpu freq: 1218000 -1 -1 -1
11-05 16:32:29.541  1014  1065 I libPowerHal: [perfLockAcq] idx:2 hdl:1042739 hint:-1 pid:896 duration:0 lock_user:vendor.samsung. => ret_hdl:1042739
11-05 16:32:29.541  1014  1065 I libPowerHal: vendor.samsung.: cpu_ctrl set cpu freq: 1218000 -1 1138000 -1
11-05 16:32:29.542   896   910 I mtkpower_client: ret_hdl:1042739
11-05 16:32:29.542   896   910 I mtkpower_client: perf_lock_rel, hdl:1042738, tid:910
11-05 16:32:29.543   896   910 I mtkpower_client: perf_lock_acq, hdl:0, dur:0, num:2, tid:910
11-05 16:32:29.543  1014  1065 I libPowerHal: [perfLockRel] hdl:1042738, idx:1
11-05 16:32:29.544  1014  1065 I libPowerHal: vendor.samsung.: cpu_ctrl set cpu freq: -1 -1 1138000 -1
11-05 16:32:29.544  8006  8031 E IMGMapper: set:488 set: Unset optional value from type SMPTE2086
11-05 16:32:29.544  8006  8031 E IMGMapper: set:488 set: Unset optional value from type CTA861_3
11-05 16:32:29.545   896   910 I mtkpower_client: ret_hdl:1042740
11-05 16:32:29.546  1014  1065 I libPowerHal: [perfLockAcq] idx:0 hdl:1042740 hint:-1 pid:896 duration:0 lock_user:vendor.samsung. => ret_hdl:1042740
11-05 16:32:29.546  1014  1065 I libPowerHal: vendor.samsung.: cpu_ctrl set cpu freq: 1218000 -1 1138000 -1
11-05 16:32:29.551  8006  8134 D skia    : SkJpegCodec::onGetPixels -
11-05 16:32:29.555  8006  8031 E IMGMapper: set:488 set: Unset optional value from type SMPTE2086
11-05 16:32:29.555  8006  8031 E IMGMapper: set:488 set: Unset optional value from type CTA861_3
11-05 16:32:29.582  8006  8031 E IMGMapper: set:488 set: Unset optional value from type SMPTE2086
11-05 16:32:29.583  8006  8031 E IMGMapper: set:488 set: Unset optional value from type CTA861_3
11-05 16:32:29.583  8006  8091 D skia    : SkJpegCodec::onGetPixels +
11-05 16:32:29.595  8006  8031 E IMGMapper: set:488 set: Unset optional value from type SMPTE2086
11-05 16:32:29.595  8006  8031 E IMGMapper: set:488 set: Unset optional value from type CTA861_3
11-05 16:32:29.601  8006  8091 D skia    : SkJpegCodec::onGetPixels -
11-05 16:32:29.606  8006  8031 E IMGMapper: set:488 set: Unset optional value from type SMPTE2086
11-05 16:32:29.607  8006  8031 E IMGMapper: set:488 set: Unset optional value from type CTA861_3
11-05 16:32:29.618  8006  8031 E IMGMapper: set:488 set: Unset optional value from type SMPTE2086
11-05 16:32:29.618  8006  8031 E IMGMapper: set:488 set: Unset optional value from type CTA861_3
11-05 16:32:29.633  8006  8031 E IMGMapper: set:488 set: Unset optional value from type SMPTE2086
11-05 16:32:29.634  8006  8031 E IMGMapper: set:488 set: Unset optional value from type CTA861_3
11-05 16:32:29.655  8006  8031 E IMGMapper: set:488 set: Unset optional value from type SMPTE2086
11-05 16:32:29.655  8006  8031 E IMGMapper: set:488 set: Unset optional value from type CTA861_3
11-05 16:32:29.662  8006  8006 W unknown:WrappingUtils: Don't know how to round that drawable: com.facebook.react.views.image.ReactImageDownloadListener$EmptyDrawable@6be1c37
11-05 16:32:29.674  8006  8031 E IMGMapper: set:488 set: Unset optional value from type SMPTE2086
11-05 16:32:29.675  8006  8031 E IMGMapper: set:488 set: Unset optional value from type CTA861_3
11-05 16:32:29.693  8006  8031 E IMGMapper: set:488 set: Unset optional value from type SMPTE2086
11-05 16:32:29.694  8006  8031 E IMGMapper: set:488 set: Unset optional value from type CTA861_3
11-05 16:32:29.695  8006  8006 W unknown:WrappingUtils: Don't know how to round that drawable: com.facebook.react.views.image.ReactImageDownloadListener$EmptyDrawable@d9cbf0d
11-05 16:32:29.727  8006  8031 E IMGMapper: set:488 set: Unset optional value from type SMPTE2086
11-05 16:32:29.727  8006  8031 E IMGMapper: set:488 set: Unset optional value from type CTA861_3
11-05 16:32:29.738  8006  8031 E IMGMapper: set:488 set: Unset optional value from type SMPTE2086
11-05 16:32:29.738  8006  8031 E IMGMapper: set:488 set: Unset optional value from type CTA861_3
11-05 16:32:29.751  8006  8031 E IMGMapper: set:488 set: Unset optional value from type SMPTE2086
11-05 16:32:29.751  8006  8031 E IMGMapper: set:488 set: Unset optional value from type CTA861_3
11-05 16:32:29.769  8006  8031 E IMGMapper: set:488 set: Unset optional value from type SMPTE2086
11-05 16:32:29.769  8006  8031 E IMGMapper: set:488 set: Unset optional value from type CTA861_3
11-05 16:32:29.794  8006  8031 E IMGMapper: set:488 set: Unset optional value from type SMPTE2086
11-05 16:32:29.794  8006  8031 E IMGMapper: set:488 set: Unset optional value from type CTA861_3
11-05 16:32:29.802  8006  8031 E IMGMapper: set:488 set: Unset optional value from type SMPTE2086
11-05 16:32:29.803  8006  8031 E IMGMapper: set:488 set: Unset optional value from type CTA861_3
11-05 16:32:29.815  8006  8138 D skia    : SkJpegCodec::onGetPixels +
11-05 16:32:29.818  8006  8031 E IMGMapper: set:488 set: Unset optional value from type SMPTE2086
11-05 16:32:29.819  8006  8031 E IMGMapper: set:488 set: Unset optional value from type CTA861_3
11-05 16:32:29.834  8006  8031 E IMGMapper: set:488 set: Unset optional value from type SMPTE2086
11-05 16:32:29.834  8006  8031 E IMGMapper: set:488 set: Unset optional value from type CTA861_3
11-05 16:32:29.840  8006  8138 D skia    : SkJpegCodec::onGetPixels -
11-05 16:32:29.851  8006  8031 E IMGMapper: set:488 set: Unset optional value from type SMPTE2086
11-05 16:32:29.851  8006  8031 E IMGMapper: set:488 set: Unset optional value from type CTA861_3
11-05 16:32:29.856  1039  1039 I BufferQueueProducer: [com.cinemamovel/com.cinemamovel.MainActivity$_8006#684455](this:0xb400007a26313838,id:-1,api:0,p:-1,c:1039) queueBuffer: fps=58.11 dur=1015.24 max=33.37 min=16.10
11-05 16:32:29.858   991   991 I hwcomposer: [HWCDisplay] [Display_0 (type:1)] fps:58.126186,dur:1015.03,max:34.11,min:15.72  
11-05 16:32:29.869  8006  8031 E IMGMapper: set:488 set: Unset optional value from type SMPTE2086
11-05 16:32:29.869  8006  8031 E IMGMapper: set:488 set: Unset optional value from type CTA861_3
11-05 16:32:29.885  8006  8031 E IMGMapper: set:488 set: Unset optional value from type SMPTE2086
11-05 16:32:29.885  8006  8031 E IMGMapper: set:488 set: Unset optional value from type CTA861_3
11-05 16:32:29.895  8006  8006 W unknown:WrappingUtils: Don't know how to round that drawable: com.facebook.react.views.image.ReactImageDownloadListener$EmptyDrawable@ffcc1b1
11-05 16:32:29.915  8006  8031 E IMGMapper: set:488 set: Unset optional value from type SMPTE2086
11-05 16:32:29.915  8006  8031 E IMGMapper: set:488 set: Unset optional value from type CTA861_3
11-05 16:32:29.928  8006  8031 E IMGMapper: set:488 set: Unset optional value from type SMPTE2086
11-05 16:32:29.928  8006  8031 E IMGMapper: set:488 set: Unset optional value from type CTA861_3
11-05 16:32:29.930  8006  8006 W unknown:WrappingUtils: Don't know how to round that drawable: com.facebook.react.views.image.ReactImageDownloadListener$EmptyDrawable@1889696
11-05 16:32:29.964  8006  8119 D skia    : SkJpegCodec::onGetPixels +
11-05 16:32:29.968  8006  8031 E IMGMapper: set:488 set: Unset optional value from type SMPTE2086
11-05 16:32:29.968  8006  8031 E IMGMapper: set:488 set: Unset optional value from type CTA861_3
11-05 16:32:29.976  8006  8031 E IMGMapper: set:488 set: Unset optional value from type SMPTE2086
11-05 16:32:29.977  8006  8031 E IMGMapper: set:488 set: Unset optional value from type CTA861_3
11-05 16:32:29.987  8006  8031 E IMGMapper: set:488 set: Unset optional value from type SMPTE2086
11-05 16:32:29.987  8006  8031 E IMGMapper: set:488 set: Unset optional value from type CTA861_3
11-05 16:32:29.990  8006  8119 D skia    : SkJpegCodec::onGetPixels -
11-05 16:32:30.002  8006  8031 E IMGMapper: set:488 set: Unset optional value from type SMPTE2086
11-05 16:32:30.002  8006  8031 E IMGMapper: set:488 set: Unset optional value from type CTA861_3
11-05 16:32:30.017  8006  8031 E IMGMapper: set:488 set: Unset optional value from type SMPTE2086
11-05 16:32:30.017  8006  8031 E IMGMapper: set:488 set: Unset optional value from type CTA861_3
11-05 16:32:30.041  8006  8031 E IMGMapper: set:488 set: Unset optional value from type SMPTE2086
11-05 16:32:30.041  8006  8031 E IMGMapper: set:488 set: Unset optional value from type CTA861_3
11-05 16:32:30.051  8006  8031 E IMGMapper: set:488 set: Unset optional value from type SMPTE2086
11-05 16:32:30.051  8006  8031 E IMGMapper: set:488 set: Unset optional value from type CTA861_3
11-05 16:32:30.067  8006  8031 E IMGMapper: set:488 set: Unset optional value from type SMPTE2086
11-05 16:32:30.067  8006  8031 E IMGMapper: set:488 set: Unset optional value from type CTA861_3
11-05 16:32:30.087  8006  8031 E IMGMapper: set:488 set: Unset optional value from type SMPTE2086
11-05 16:32:30.087  8006  8031 E IMGMapper: set:488 set: Unset optional value from type CTA861_3
11-05 16:32:30.097  8006  8120 D skia    : SkJpegCodec::onGetPixels +
11-05 16:32:30.106  8006  8031 E IMGMapper: set:488 set: Unset optional value from type SMPTE2086
11-05 16:32:30.107  8006  8031 E IMGMapper: set:488 set: Unset optional value from type CTA861_3
11-05 16:32:30.115  8006  8122 D skia    : SkJpegCodec::onGetPixels +
11-05 16:32:30.115  8006  8120 D skia    : SkJpegCodec::onGetPixels -
11-05 16:32:30.120  8006  8031 E IMGMapper: set:488 set: Unset optional value from type SMPTE2086
11-05 16:32:30.120  8006  8031 E IMGMapper: set:488 set: Unset optional value from type CTA861_3
11-05 16:32:30.138  8006  8031 E IMGMapper: set:488 set: Unset optional value from type SMPTE2086
11-05 16:32:30.138  8006  8031 E IMGMapper: set:488 set: Unset optional value from type CTA861_3
11-05 16:32:30.141  8006  8122 D skia    : SkJpegCodec::onGetPixels -
11-05 16:32:30.150  8006  8031 E IMGMapper: set:488 set: Unset optional value from type SMPTE2086
11-05 16:32:30.150  8006  8031 E IMGMapper: set:488 set: Unset optional value from type CTA861_3
11-05 16:32:30.172  8006  8031 E IMGMapper: set:488 set: Unset optional value from type SMPTE2086
11-05 16:32:30.172  8006  8031 E IMGMapper: set:488 set: Unset optional value from type CTA861_3
11-05 16:32:30.184  8006  8031 E IMGMapper: set:488 set: Unset optional value from type SMPTE2086
11-05 16:32:30.184  8006  8031 E IMGMapper: set:488 set: Unset optional value from type CTA861_3
11-05 16:32:30.195  8006  8006 W unknown:WrappingUtils: Don't know how to round that drawable: com.facebook.react.views.image.ReactImageDownloadListener$EmptyDrawable@78e851b
11-05 16:32:30.223  8006  8031 E IMGMapper: set:488 set: Unset optional value from type SMPTE2086
11-05 16:32:30.224  8006  8031 E IMGMapper: set:488 set: Unset optional value from type CTA861_3
11-05 16:32:30.232  8006  8031 E IMGMapper: set:488 set: Unset optional value from type SMPTE2086
11-05 16:32:30.232  8006  8031 E IMGMapper: set:488 set: Unset optional value from type CTA861_3
11-05 16:32:30.237  1737  1942 D MobileStatusTracker(0/2): onSignalStrengthsChanged level=3, vendorLevel=3
11-05 16:32:30.239  1737  1942 D MobileSignalController(0/2): notifyListener: enabled=true, connected=true, dataConnected=true, networkType=LTE (4G), emergencyOnly=false, roaming=false, isDefault=false, dataActivity=, level=3, ca=false, mmWave=false, disabledDataIcon=false, simCard=ETC
11-05 16:32:30.240  8006  8006 W unknown:WrappingUtils: Don't know how to round that drawable: com.facebook.react.views.image.ReactImageDownloadListener$EmptyDrawable@14a4eef
11-05 16:32:30.241  1737  1942 D NetworkController: SignalStrength from intent slotId=0
11-05 16:32:30.276  8006  8031 E IMGMapper: set:488 set: Unset optional value from type SMPTE2086
11-05 16:32:30.276  8006  8031 E IMGMapper: set:488 set: Unset optional value from type CTA861_3
11-05 16:32:30.284  8006  8031 E IMGMapper: set:488 set: Unset optional value from type SMPTE2086
11-05 16:32:30.284  8006  8031 E IMGMapper: set:488 set: Unset optional value from type CTA861_3
11-05 16:32:30.289   543   543 D io_stats: !@ 179,0 r 626022079 7565161170 w 113289217 1199604256 d 1261305 33797724 f 0 0 iot 322142936 0 th 0 0 0 pt 0 inp 0 0 3390876.547
11-05 16:32:30.300  8006  8031 E IMGMapper: set:488 set: Unset optional value from type SMPTE2086
11-05 16:32:30.300  8006  8031 E IMGMapper: set:488 set: Unset optional value from type CTA861_3
11-05 16:32:30.318  8006  8031 E IMGMapper: set:488 set: Unset optional value from type SMPTE2086
11-05 16:32:30.318  8006  8031 E IMGMapper: set:488 set: Unset optional value from type CTA861_3
11-05 16:32:30.338  8006  8031 E IMGMapper: set:488 set: Unset optional value from type SMPTE2086
11-05 16:32:30.338  8006  8031 E IMGMapper: set:488 set: Unset optional value from type CTA861_3
11-05 16:32:30.353  8006  8031 E IMGMapper: set:488 set: Unset optional value from type SMPTE2086
11-05 16:32:30.354  8006  8031 E IMGMapper: set:488 set: Unset optional value from type CTA861_3
11-05 16:32:30.361  8006  8121 D skia    : SkJpegCodec::onGetPixels +
11-05 16:32:30.370  8006  8031 E IMGMapper: set:488 set: Unset optional value from type SMPTE2086
11-05 16:32:30.370  8006  8031 E IMGMapper: set:488 set: Unset optional value from type CTA861_3
11-05 16:32:30.380  8006  8121 D skia    : SkJpegCodec::onGetPixels -
11-05 16:32:30.388  8006  8031 E IMGMapper: set:488 set: Unset optional value from type SMPTE2086
11-05 16:32:30.389  8006  8031 E IMGMapper: set:488 set: Unset optional value from type CTA861_3
11-05 16:32:30.403  8006  8031 E IMGMapper: set:488 set: Unset optional value from type SMPTE2086
11-05 16:32:30.403  8006  8031 E IMGMapper: set:488 set: Unset optional value from type CTA861_3
11-05 16:32:30.423  8006  8133 D skia    : SkJpegCodec::onGetPixels +
11-05 16:32:30.424  8006  8031 E IMGMapper: set:488 set: Unset optional value from type SMPTE2086
11-05 16:32:30.424  8006  8031 E IMGMapper: set:488 set: Unset optional value from type CTA861_3
11-05 16:32:30.443  8006  8006 W unknown:WrappingUtils: Don't know how to round that drawable: com.facebook.react.views.image.ReactImageDownloadListener$EmptyDrawable@1e924e2
11-05 16:32:30.446  8006  8133 D skia    : SkJpegCodec::onGetPixels -
11-05 16:32:30.447  8006  8031 E IMGMapper: set:488 set: Unset optional value from type SMPTE2086
11-05 16:32:30.447  8006  8031 E IMGMapper: set:488 set: Unset optional value from type CTA861_3
11-05 16:32:30.460  8006  8031 E IMGMapper: set:488 set: Unset optional value from type SMPTE2086
11-05 16:32:30.460  8006  8031 E IMGMapper: set:488 set: Unset optional value from type CTA861_3
11-05 16:32:30.476  8006  8006 W unknown:WrappingUtils: Don't know how to round that drawable: com.facebook.react.views.image.ReactImageDownloadListener$EmptyDrawable@d8d2ac7
11-05 16:32:30.476  8006  8031 E IMGMapper: set:488 set: Unset optional value from type SMPTE2086
11-05 16:32:30.477  8006  8031 E IMGMapper: set:488 set: Unset optional value from type CTA861_3
11-05 16:32:30.491  8006  8031 E IMGMapper: set:488 set: Unset optional value from type SMPTE2086
11-05 16:32:30.492  8006  8031 E IMGMapper: set:488 set: Unset optional value from type CTA861_3
11-05 16:32:30.507  8006  8031 E IMGMapper: set:488 set: Unset optional value from type SMPTE2086
11-05 16:32:30.507  8006  8031 E IMGMapper: set:488 set: Unset optional value from type CTA861_3
11-05 16:32:30.528  8006  8031 E IMGMapper: set:488 set: Unset optional value from type SMPTE2086
11-05 16:32:30.528  8006  8031 E IMGMapper: set:488 set: Unset optional value from type CTA861_3
11-05 16:32:30.537  8006  8031 E IMGMapper: set:488 set: Unset optional value from type SMPTE2086
11-05 16:32:30.537  8006  8031 E IMGMapper: set:488 set: Unset optional value from type CTA861_3
11-05 16:32:30.553  8006  8031 E IMGMapper: set:488 set: Unset optional value from type SMPTE2086
11-05 16:32:30.553  8006  8031 E IMGMapper: set:488 set: Unset optional value from type CTA861_3
11-05 16:32:30.569  8006  8031 E IMGMapper: set:488 set: Unset optional value from type SMPTE2086
11-05 16:32:30.569  8006  8031 E IMGMapper: set:488 set: Unset optional value from type CTA861_3
11-05 16:32:30.576   963   963 E audit   : type=1400 audit(1762371150.574:1716479): avc:  denied  { write } for  pid=15691 comm="ThreadPoolForeg" name="traced_producer" dev="tmpfs" ino=11170 scontext=u:r:gmscore_app:s0:c512,c768 tcontext=u:object_r:traced_producer_socket:s0 tclass=sock_file permissive=0 SEPF_SM-A037M_12_0001 unfiltered
11-05 16:32:30.588  8006  8031 E IMGMapper: set:488 set: Unset optional value from type SMPTE2086
11-05 16:32:30.588  8006  8031 E IMGMapper: set:488 set: Unset optional value from type CTA861_3
11-05 16:32:30.603  8006  8031 E IMGMapper: set:488 set: Unset optional value from type SMPTE2086
11-05 16:32:30.603  8006  8031 E IMGMapper: set:488 set: Unset optional value from type CTA861_3
11-05 16:32:30.619  8006  8031 E IMGMapper: set:488 set: Unset optional value from type SMPTE2086
11-05 16:32:30.619  8006  8031 E IMGMapper: set:488 set: Unset optional value from type CTA861_3
11-05 16:32:30.636  8006  8031 E IMGMapper: set:488 set: Unset optional value from type SMPTE2086
11-05 16:32:30.636  8006  8031 E IMGMapper: set:488 set: Unset optional value from type CTA861_3
11-05 16:32:30.654  8006  8031 E IMGMapper: set:488 set: Unset optional value from type SMPTE2086
11-05 16:32:30.654  8006  8031 E IMGMapper: set:488 set: Unset optional value from type CTA861_3
11-05 16:32:30.670  8006  8031 E IMGMapper: set:488 set: Unset optional value from type SMPTE2086
11-05 16:32:30.670  8006  8031 E IMGMapper: set:488 set: Unset optional value from type CTA861_3
