11-05 16:32:24.453  8006  8031 E IMGMapper: set:488 set: Unset optional value from type SMPTE2086
11-05 16:32:24.453  8006  8031 E IMGMapper: set:488 set: Unset optional value from type CTA861_3
11-05 16:32:24.468  8006  8031 E IMGMapper: set:488 set: Unset optional value from type SMPTE2086
11-05 16:32:24.468  8006  8031 E IMGMapper: set:488 set: Unset optional value from type CTA861_3
11-05 16:32:24.470  8006  8038 I ReactNativeJS: ---IMG_METRICS_START---
11-05 16:32:24.471  8006  8038 I ReactNativeJS: {
11-05 16:32:24.471  8006  8038 I ReactNativeJS:   "dashboardRenders": 1,
11-05 16:32:24.471  8006  8038 I ReactNativeJS:   "cardRenders": {
11-05 16:32:24.471  8006  8038 I ReactNativeJS:     "155": 9,
11-05 16:32:24.471  8006  8038 I ReactNativeJS:     "7451": 13,
11-05 16:32:24.471  8006  8038 I ReactNativeJS:     "13494": 15,
11-05 16:32:24.471  8006  8038 I ReactNativeJS:     "138843": 6,
11-05 16:32:24.471  8006  8038 I ReactNativeJS:     "157336": 1,
11-05 16:32:24.471  8006  8038 I ReactNativeJS:     "506763": 15,
11-05 16:32:24.471  8006  8038 I ReactNativeJS:     "541671": 7,
11-05 16:32:24.471  8006  8038 I ReactNativeJS:     "552524": 9,
11-05 16:32:24.471  8006  8038 I ReactNativeJS:     "575265": 15,
11-05 16:32:24.471  8006  8038 I ReactNativeJS:     "604079": 8,
11-05 16:32:24.471  8006  8038 I ReactNativeJS:     "617126": 13,
11-05 16:32:24.471  8006  8038 I ReactNativeJS:     "660033": 3,
11-05 16:32:24.471  8006  8038 I ReactNativeJS:     "691363": 14,
11-05 16:32:24.471  8006  8038 I ReactNativeJS:     "715287": 1,
11-05 16:32:24.471  8006  8038 I ReactNativeJS:     "755898": 15,
11-05 16:32:24.471  8006  8038 I ReactNativeJS:     "803796": 15,
11-05 16:32:24.471  8006  8038 I ReactNativeJS:     "911430": 15,
11-05 16:32:24.471  8006  8038 I ReactNativeJS:     "914215": 15,
11-05 16:32:24.471  8006  8038 I ReactNativeJS:     "980477": 10,
11-05 16:32:24.471  8006  8038 I ReactNativeJS:     "987400": 15,
11-05 16:32:24.471  8006  8038 I ReactNativeJS:     "993234": 4,
11-05 16:32:24.471  8006  8038 I ReactNativeJS:     "994682": 3,
11-05 16:32:24.471  8006  8038 I ReactNativeJS:     "1007734": 15,
11-05 16:32:24.471  8006  8038 I ReactNativeJS:     "1022787": 6,
11-05 16:32:24.471  8006  8038 I ReactNativeJS:     "1028248": 15,
11-05 16:32:24.471  8006  8038 I ReactNativeJS:     "1035259": 15,
11-05 16:32:24.471  8006  8038 I ReactNativeJS:     "1038392": 15,
11-05 16:32:24.471  8006  8038 I ReactNativeJS:     "1051486": 15,
11-05 16:32:24.471  8006  8038 I ReactNativeJS:     "1061474": 15,
11-05 16:32:24.471  8006  8038 I ReactNativeJS:     "1078605": 15,
11-05 16:32:24.471  8006  8038 I ReactNativeJS:     "1087192": 15,
11-05 16:32:24.471  8006  8038 I ReactNativeJS:     "1119878": 12,
11-05 16:32:24.471  8006  8038 I ReactNativeJS:     "1125257": 4,
11-05 16:32:24.471  8006  8038 I ReactNativeJS:     "1151334": 11,
11-05 16:32:24.471  8006  8038 I ReactNativeJS:     "1175942": 12,
11-05 16:32:24.471  8006  8038 I ReactNativeJS:     "1188808": 10,
11-05 16:32:24.471  8006  8038 I ReactNativeJS:     "1234821": 15,
11-05 16:32:24.471  8006  8038 I ReactNativeJS:     "1242011": 15,
11-05 16:32:24.471  8006  8038 I ReactNativeJS:     "1252428": 8,
11-05 16:32:24.471  8006  8038 I ReactNativeJS:     "1265344": 14,
11-05 16:32:24.471  8006  8038 I ReactNativeJS:     "1284120": 5,
11-05 16:32:24.471  8006  8038 I ReactNativeJS:     "1311031": 15,
11-05 16:32:24.471  8006  8038 I ReactNativeJS:     "1321439": 7,
11-05 16:32:24.471  8006  8038 I ReactNativeJS:     "1367575": 5,
11-05 16:32:24.471  8006  8038 I ReactNativeJS:     "1369679": 15,
11-05 16:32:24.471  8006  8038 I ReactNativeJS:     "1382406": 11
11-05 16:32:24.471  8006  8038 I ReactNativeJS:   },
11-05 16:32:24.471  8006  8038 I ReactNativeJS:   "imageLoads": [
11-05 16:32:24.471  8006  8038 I ReactNativeJS:     {
11-05 16:32:24.471  8006  8038 I ReactNativeJS:       "id": 1311031,
11-05 16:32:24.471  8006  8038 I ReactNativeJS:       "durationMs": 947
11-05 16:32:24.471  8006  8038 I ReactNativeJS:     },
11-05 16:32:24.471  8006  8038 I ReactNativeJS:     {
11-05 16:32:24.471  8006  8038 I ReactNativeJS:       "id": 1038392,
11-05 16:32:24.471  8006  8038 I ReactNativeJS:       "durationMs": 1166
11-05 16:32:24.471  8006  8038 I ReactNativeJS:     },
11-05 16:32:24.471  8006  8038 I ReactNativeJS:     {
11-05 16:32:24.471  8006  8038 I ReactNativeJS:       "id": 987400,
11-05 16:32:24.471  8006  8038 I ReactNativeJS:       "durationMs": 1181
11-05 16:32:24.471  8006  8038 I ReactNativeJS:     },
11-05 16:32:24.471  8006  8038 I ReactNativeJS:     {
11-05 16:32:24.471  8006  8038 I ReactNativeJS:       "id": 755898,
11-05 16:32:24.471  8006  8038 I ReactNativeJS:       "durationMs": 1182
11-05 16:32:24.471  8006  8038 I ReactNativeJS:     },
11-05 16:32:24.471  8006  8038 I ReactNativeJS:     {
11-05 16:32:24.471  8006  8038 I ReactNativeJS:       "id": 1007734,
11-05 16:32:24.471  8006  8038 I ReactNativeJS:       "durationMs": 169
11-05 16:32:24.471  8006  8038 I ReactNativeJS:     },
11-05 16:32:24.471  8006  8038 I ReactNativeJS:     {
11-05 16:32:24.471  8006  8038 I ReactNativeJS:       "id": 1078605,
11-05 16:32:24.471  8006  8038 I ReactNativeJS:       "durationMs": 308
11-05 16:32:24.471  8006  8038 I ReactNativeJS:     },
11-05 16:32:24.471  8006  8038 I ReactNativeJS:     {
11-05 16:32:24.471  8006  8038 I ReactNativeJS:       "id": 1028248,
11-05 16:32:24.471  8006  8038 I ReactNativeJS:       "durationMs": 168
11-05 16:32:24.471  8006  8038 I ReactNativeJS:     },
11-05 16:32:24.471  8006  8038 I ReactNativeJS:     {
11-05 16:32:24.471  8006  8038 I ReactNativeJS:       "id": 914215,
11-05 16:32:24.471  8006  8038 I ReactNativeJS:       "durationMs": 251
11-05 16:32:24.471  8006  8038 I ReactNativeJS:     },
11-05 16:32:24.471  8006  8038 I ReactNativeJS:     {
11-05 16:32:24.471  8006  8038 I ReactNativeJS:       "id": 1035259,
11-05 16:32:24.471  8006  8038 I ReactNativeJS:       "durationMs": 169
11-05 16:32:24.471  8006  8038 I ReactNativeJS:     },
11-05 16:32:24.471  8006  8038 I ReactNativeJS:     {
11-05 16:32:24.471  8006  8038 I ReactNativeJS:       "id": 1061474,
11-05 16:32:24.471  8006  8038 I ReactNativeJS:       "durationMs": 245
11-05 16:32:24.471  8006  8038 I ReactNativeJS:     },
11-05 16:32:24.471  8006  8038 I ReactNativeJS:     {
11-05 16:32:24.471  8006  8038 I ReactNativeJS:       "id": 13494,
11-05 16:32:24.471  8006  8038 I ReactNativeJS:       "durationMs": 167
11-05 16:32:24.471  8006  8038 I ReactNativeJS:     },
11-05 16:32:24.471  8006  8038 I ReactNativeJS:     {
11-05 16:32:24.471  8006  8038 I ReactNativeJS:       "id": 575265,
11-05 16:32:24.471  8006  8038 I ReactNativeJS:       "durationMs": 199
11-05 16:32:24.471  8006  8038 I ReactNativeJS:     },
11-05 16:32:24.471  8006  8038 I ReactNativeJS:     {
11-05 16:32:24.471  8006  8038 I ReactNativeJS:       "id": 911430,
11-05 16:32:24.471  8006  8038 I ReactNativeJS:       "durationMs": 173
11-05 16:32:24.471  8006  8038 I ReactNativeJS:     },
11-05 16:32:24.471  8006  8038 I ReactNativeJS:     {
11-05 16:32:24.471  8006  8038 I ReactNativeJS:       "id": 1369679,
11-05 16:32:24.471  8006  8038 I ReactNativeJS:       "durationMs": 389
11-05 16:32:24.471  8006  8038 I ReactNativeJS:     },
11-05 16:32:24.471  8006  8038 I ReactNativeJS:     {
11-05 16:32:24.471  8006  8038 I ReactNativeJS:       "id": 803796,
11-05 16:32:24.471  8006  8038 I ReactNativeJS:       "durationMs": 279
11-05 16:32:24.471  8006  8038 I ReactNativeJS:     },
11-05 16:32:24.471  8006  8038 I ReactNativeJS:     {
11-05 16:32:24.471  8006  8038 I ReactNativeJS:       "id": 1234821,
11-05 16:32:24.471  8006  8038 I ReactNativeJS:       "durationMs": 279
11-05 16:32:24.471  8006  8038 I ReactNativeJS:     },
11-05 16:32:24.471  8006  8038 I ReactNativeJS:     {
11-05 16:32:24.471  8006  8038 I ReactNativeJS:       "id": 1242011,
11-05 16:32:24.471  8006  8038 I ReactNativeJS:       "durationMs": 214
11-05 16:32:24.471  8006  8038 I ReactNativeJS:     },
11-05 16:32:24.471  8006  8038 I ReactNativeJS:     {
11-05 16:32:24.471  8006  8038 I ReactNativeJS:       "id": 1087192,
11-05 16:32:24.471  8006  8038 I ReactNativeJS:       "durationMs": 553
11-05 16:32:24.471  8006  8038 I ReactNativeJS:     },
11-05 16:32:24.471  8006  8038 I ReactNativeJS:     {
11-05 16:32:24.471  8006  8038 I ReactNativeJS:       "id": 506763,
11-05 16:32:24.471  8006  8038 I ReactNativeJS:       "durationMs": 270
11-05 16:32:24.471  8006  8038 I ReactNativeJS:     },
11-05 16:32:24.471  8006  8038 I ReactNativeJS:     {
11-05 16:32:24.471  8006  8038 I ReactNativeJS:       "id": 1051486,
11-05 16:32:24.471  8006  8038 I ReactNativeJS:       "durationMs": 271
11-05 16:32:24.471  8006  8038 I ReactNativeJS:     },
11-05 16:32:24.471  8006  8038 I ReactNativeJS:     {
11-05 16:32:24.471  8006  8038 I ReactNativeJS:       "id": 691363,
11-05 16:32:24.471  8006  8038 I ReactNativeJS:       "durationMs": 437
11-05 16:32:24.471  8006  8038 I ReactNativeJS:     },
11-05 16:32:24.471  8006  8038 I ReactNativeJS:     {
11-05 16:32:24.471  8006  8038 I ReactNativeJS:       "id": 1265344,
11-05 16:32:24.471  8006  8038 I ReactNativeJS:       "durationMs": 438
11-05 16:32:24.471  8006  8038 I ReactNativeJS:     },
11-05 16:32:24.471  8006  8038 I ReactNativeJS:     {
11-05 16:32:24.471  8006  8038 I ReactNativeJS:       "id": 7451,
11-05 16:32:24.471  8006  8038 I ReactNativeJS:       "durationMs": 215
11-05 16:32:24.471  8006  8038 I ReactNativeJS:     },
11-05 16:32:24.471  8006  8038 I ReactNativeJS:     {
11-05 16:32:24.471  8006  8038 I ReactNativeJS:       "id": 617126,
11-05 16:32:24.471  8006  8038 I ReactNativeJS:       "durationMs": 215
11-05 16:32:24.471  8006  8038 I ReactNativeJS:     },
11-05 16:32:24.471  8006  8038 I ReactNativeJS:     {
11-05 16:32:24.471  8006  8038 I ReactNativeJS:       "id": 1175942,
11-05 16:32:24.471  8006  8038 I ReactNativeJS:       "durationMs": 247
11-05 16:32:24.471  8006  8038 I ReactNativeJS:     },
11-05 16:32:24.471  8006  8038 I ReactNativeJS:     {
11-05 16:32:24.471  8006  8038 I ReactNativeJS:       "id": 1119878,
11-05 16:32:24.471  8006  8038 I ReactNativeJS:       "durationMs": 446
11-05 16:32:24.471  8006  8038 I ReactNativeJS:     },
11-05 16:32:24.471  8006  8038 I ReactNativeJS:     {
11-05 16:32:24.471  8006  8038 I ReactNativeJS:       "id": 1151334,
11-05 16:32:24.471  8006  8038 I ReactNativeJS:       "durationMs": 225
11-05 16:32:24.471  8006  8038 I ReactNativeJS:     },
11-05 16:32:24.471  8006  8038 I ReactNativeJS:     {
11-05 16:32:24.471  8006  8038 I ReactNativeJS:       "id": 1382406,
11-05 16:32:24.471  8006  8038 I ReactNativeJS:       "durationMs": 242
11-05 16:32:24.471  8006  8038 I ReactNativeJS:     },
11-05 16:32:24.471  8006  8038 I ReactNativeJS:     {
11-05 16:32:24.471  8006  8038 I ReactNativeJS:       "id": 1188808,
11-05 16:32:24.471  8006  8038 I ReactNativeJS:       "durationMs": 308
11-05 16:32:24.471  8006  8038 I ReactNativeJS:     }
11-05 16:32:24.471  8006  8038 I ReactNativeJS:   ],
11-05 16:32:24.471  8006  8038 I ReactNativeJS:   "navigationEvents": [
11-05 16:32:24.471  8006  8038 I ReactNativeJS:     {
11-05 16:32:24.471  8006  8038 I ReactNativeJS:       "action": "focus_dashboard",
11-05 16:32:24.471  8006  8038 I ReactNativeJS:       "timestamp": 1762371132331
11-05 16:32:24.471  8006  8038 I ReactNativeJS:     }
11-05 16:32:24.471  8006  8038 I ReactNativeJS:   ]
11-05 16:32:24.471  8006  8038 I ReactNativeJS: }
11-05 16:32:24.471  8006  8038 I ReactNativeJS: ---IMG_METRICS_END---
11-05 16:32:24.476  8006  8006 W unknown:WrappingUtils: Don't know how to round that drawable: com.facebook.react.views.image.ReactImageDownloadListener$EmptyDrawable@84b9fe5
11-05 16:32:24.501  8006  8031 E IMGMapper: set:488 set: Unset optional value from type SMPTE2086
11-05 16:32:24.501  8006  8031 E IMGMapper: set:488 set: Unset optional value from type CTA861_3
11-05 16:32:24.509  8006  8031 E IMGMapper: set:488 set: Unset optional value from type SMPTE2086
11-05 16:32:24.509  8006  8031 E IMGMapper: set:488 set: Unset optional value from type CTA861_3
11-05 16:32:24.527  8006  8031 E IMGMapper: set:488 set: Unset optional value from type SMPTE2086
11-05 16:32:24.528  8006  8031 E IMGMapper: set:488 set: Unset optional value from type CTA861_3
11-05 16:32:24.546  8006  8031 E IMGMapper: set:488 set: Unset optional value from type SMPTE2086
11-05 16:32:24.546  8006  8031 E IMGMapper: set:488 set: Unset optional value from type CTA861_3
11-05 16:32:24.562  8006  8031 E IMGMapper: set:488 set: Unset optional value from type SMPTE2086
11-05 16:32:24.562  8006  8031 E IMGMapper: set:488 set: Unset optional value from type CTA861_3
11-05 16:32:24.578  8006  8031 E IMGMapper: set:488 set: Unset optional value from type SMPTE2086
11-05 16:32:24.578  8006  8031 E IMGMapper: set:488 set: Unset optional value from type CTA861_3
11-05 16:32:24.600  8006  8031 E IMGMapper: set:488 set: Unset optional value from type SMPTE2086
11-05 16:32:24.600  8006  8031 E IMGMapper: set:488 set: Unset optional value from type CTA861_3
11-05 16:32:24.609  8006  8031 E IMGMapper: set:488 set: Unset optional value from type SMPTE2086
11-05 16:32:24.609  8006  8031 E IMGMapper: set:488 set: Unset optional value from type CTA861_3
11-05 16:32:24.626  8006  8031 E IMGMapper: set:488 set: Unset optional value from type SMPTE2086
11-05 16:32:24.626  8006  8031 E IMGMapper: set:488 set: Unset optional value from type CTA861_3
11-05 16:32:24.642  8006  8031 E IMGMapper: set:488 set: Unset optional value from type SMPTE2086
11-05 16:32:24.642  8006  8031 E IMGMapper: set:488 set: Unset optional value from type CTA861_3
11-05 16:32:24.651  1693  1693 I WifiHAL : Get link layer stats
11-05 16:32:24.651  1693  1693 I WifiHAL : GetLinkStatsCommand::create
11-05 16:32:24.651  1693  1693 D android.hardware.wifi@1.0-service-lazy: WifiRequest::create vendor command to iface 38, vendor_id=0x1a11, subcmd=0x1200, res=0
11-05 16:32:24.651  1693  1693 I android.hardware.wifi@1.0-service-lazy: WifiCommand::requestResponse err=-95
11-05 16:32:24.651  1693  1693 I WifiHAL : wifi_get_link_stats: result=-3
11-05 16:32:24.652  1187  1566 E WifiVendorHal: getWifiLinkLayerStats_1_5_Internal(l.1179) failed {.code = ERROR_NOT_SUPPORTED, .description = }
11-05 16:32:24.656  1187 22074 D SemWifiUsabilityStatsMonitor: onWifiUsabilityStats - seqNum 104486, isSameBssidAndFreq true
11-05 16:32:24.657  1187  1645 I SemWifiLinkQualityMonitor: Link Qos query: inf. ms / 0 Mbps
11-05 16:32:24.660  8006  8031 E IMGMapper: set:488 set: Unset optional value from type SMPTE2086
11-05 16:32:24.660  8006  8031 E IMGMapper: set:488 set: Unset optional value from type CTA861_3
11-05 16:32:24.675  8006  8031 E IMGMapper: set:488 set: Unset optional value from type SMPTE2086
11-05 16:32:24.675  8006  8031 E IMGMapper: set:488 set: Unset optional value from type CTA861_3
11-05 16:32:24.692  8006  8031 E IMGMapper: set:488 set: Unset optional value from type SMPTE2086
11-05 16:32:24.692  8006  8031 E IMGMapper: set:488 set: Unset optional value from type CTA861_3
11-05 16:32:24.714  8006  8031 E IMGMapper: set:488 set: Unset optional value from type SMPTE2086
11-05 16:32:24.714  8006  8031 E IMGMapper: set:488 set: Unset optional value from type CTA861_3
11-05 16:32:24.721  1187  1479 D InputDispatcher: Inject motion (8158/2000): action=0x1, time=3390870979000000, f=0x0, d=0 dsdx=1.000000 dtdx=0.000000
11-05 16:32:24.722  1187  1534 I InputDispatcher: Delivering touch to (8006): action: 0x1, f=0x0, d=0, '70b86e2', t=1 
11-05 16:32:24.723  8006  8006 I ViewRootImpl@33d0bcf[MainActivity]: ViewPostIme pointer 1
11-05 16:32:24.723  1187  1187 I SemDvfsHyPerManager: acquire hyper - SMOOTH_SCROLL/1187@17, type = -999
11-05 16:32:24.725   896   910 I HYPER-HAL: [RequestManager.cpp]acquire(): Acquired ID : 725427  [1187 / 17]    HINT : SMOOTH_SCROLL    list : 
11-05 16:32:24.725   896   910 I mtkpower_client: perf_lock_rel, hdl:1042709, tid:910
11-05 16:32:24.727  1014  1065 I libPowerHal: [perfLockRel] hdl:1042709, idx:1
11-05 16:32:24.727  1014  1065 I libPowerHal: vendor.samsung.: cpu_ctrl set cpu freq: 1218000 -1 -1 -1
11-05 16:32:24.731  8006  8031 E IMGMapper: set:488 set: Unset optional value from type SMPTE2086
11-05 16:32:24.731  8006  8031 E IMGMapper: set:488 set: Unset optional value from type CTA861_3
11-05 16:32:24.735  1187  1187 I SemDvfsHyPerManager: acquire hyper - SMOOTH_SCROLL/1187@17, type = -999
11-05 16:32:24.736   896   910 I mtkpower_client: perf_lock_acq, hdl:0, dur:0, num:2, tid:910
11-05 16:32:24.737  1014  1065 I libPowerHal: [perfLockAcq] idx:1 hdl:1042711 hint:-1 pid:896 duration:0 lock_user:vendor.samsung. => ret_hdl:1042711
11-05 16:32:24.738  1014  1065 I libPowerHal: vendor.samsung.: cpu_ctrl set cpu freq: 1218000 -1 1138000 -1
11-05 16:32:24.738   896   910 I mtkpower_client: ret_hdl:1042711
11-05 16:32:24.738   896   910 I mtkpower_client: perf_lock_rel, hdl:1042710, tid:910
11-05 16:32:24.739  1014  1065 I libPowerHal: [perfLockRel] hdl:1042710, idx:0
11-05 16:32:24.739  1187  1187 D SGM:GameManager: identifyGamePackage. com.cinemamovel, mCurrentUserId: 0, callerUserId: 0, callingMethodInfo: com.android.server.ssrm.fgapps.GameAppUtils.isGame(GameAppUtils.java:84)
11-05 16:32:24.739  1187  1187 D SGM:PkgDataHelper: getGamePkgData(). com.cinemamovel
11-05 16:32:24.739  1187  1187 I SemDvfsHyPerManager: acquire hyper - GESTURE_DETECTED/1187@18, type = -999
11-05 16:32:24.739  1014  1065 I libPowerHal: vendor.samsung.: cpu_ctrl set cpu freq: -1 -1 1138000 -1
11-05 16:32:24.740  1187  1187 D SGM:GameManager: identifyGamePackage. com.cinemamovel, mCurrentUserId: 0, callerUserId: 0, callingMethodInfo: com.android.server.ssrm.fgapps.GameAppUtils.isGame(GameAppUtils.java:84)
11-05 16:32:24.741  1187  1187 D SGM:PkgDataHelper: getGamePkgData(). com.cinemamovel
11-05 16:32:24.741  1187  1187 I SemDvfsHyPerManager: acquire hyper - GESTURE_DETECTED/1187@18, type = -999
11-05 16:32:24.741   896   910 I mtkpower_client: perf_lock_acq, hdl:0, dur:0, num:2, tid:910
11-05 16:32:24.742   896   910 I mtkpower_client: ret_hdl:1042712
11-05 16:32:24.742   896   910 I mtkpower_client: perf_lock_rel, hdl:1042711, tid:910
11-05 16:32:24.742  1014  1065 I libPowerHal: [perfLockAcq] idx:0 hdl:1042712 hint:-1 pid:896 duration:0 lock_user:vendor.samsung. => ret_hdl:1042712
11-05 16:32:24.743  1014  1065 I libPowerHal: vendor.samsung.: cpu_ctrl set cpu freq: 1218000 -1 1138000 -1
11-05 16:32:24.744   896   910 I mtkpower_client: perf_lock_acq, hdl:0, dur:0, num:2, tid:910
11-05 16:32:24.744  1014  1065 I libPowerHal: [perfLockRel] hdl:1042711, idx:1
11-05 16:32:24.744  1014  1065 I libPowerHal: vendor.samsung.: cpu_ctrl set cpu freq: 1218000 -1 -1 -1
11-05 16:32:24.746   896   910 I mtkpower_client: ret_hdl:1042713
11-05 16:32:24.746   896   910 I mtkpower_client: perf_lock_rel, hdl:1042712, tid:910
11-05 16:32:24.746  1014  1065 I libPowerHal: [perfLockAcq] idx:1 hdl:1042713 hint:-1 pid:896 duration:0 lock_user:vendor.samsung. => ret_hdl:1042713
11-05 16:32:24.746  1014  1065 I libPowerHal: vendor.samsung.: cpu_ctrl set cpu freq: 1218000 -1 1138000 -1
11-05 16:32:24.747   896   910 I mtkpower_client: perf_lock_acq, hdl:0, dur:0, num:2, tid:910
11-05 16:32:24.747  1014  1065 I libPowerHal: [perfLockRel] hdl:1042712, idx:0
11-05 16:32:24.747  1014  1065 I libPowerHal: vendor.samsung.: cpu_ctrl set cpu freq: -1 -1 1138000 -1
11-05 16:32:24.750  8006  8031 E IMGMapper: set:488 set: Unset optional value from type SMPTE2086
11-05 16:32:24.750  8006  8031 E IMGMapper: set:488 set: Unset optional value from type CTA861_3
11-05 16:32:24.751  8006  8134 D skia    : SkJpegCodec::onGetPixels +
11-05 16:32:24.751   896   910 I mtkpower_client: ret_hdl:1042714
11-05 16:32:24.752   896   910 I HYPER-HAL: [RequestManager.cpp]releaseLocked(): Released ID : 725427
11-05 16:32:24.752   896   910 I HYPER-HAL: [RequestManager.cpp]acquire(): Acquired ID : 725427  [1187 / 17]    HINT : SMOOTH_SCROLL    list : 
11-05 16:32:24.752  1014  1065 I libPowerHal: [perfLockAcq] idx:0 hdl:1042714 hint:-1 pid:896 duration:0 lock_user:vendor.samsung. => ret_hdl:1042714
11-05 16:32:24.752  1014  1065 I libPowerHal: vendor.samsung.: cpu_ctrl set cpu freq: 1218000 -1 1138000 -1
11-05 16:32:24.753   896   910 I mtkpower_client: perf_lock_rel, hdl:1042713, tid:910
11-05 16:32:24.760   896   910 I mtkpower_client: perf_lock_acq, hdl:0, dur:0, num:2, tid:910
11-05 16:32:24.761  1014  1065 I libPowerHal: [perfLockRel] hdl:1042713, idx:1
11-05 16:32:24.761  1014  1065 I libPowerHal: vendor.samsung.: cpu_ctrl set cpu freq: 1218000 -1 -1 -1
11-05 16:32:24.762   896   910 I mtkpower_client: ret_hdl:1042715
11-05 16:32:24.762   896   910 I mtkpower_client: perf_lock_rel, hdl:1042714, tid:910
11-05 16:32:24.763  8006  8031 E IMGMapper: set:488 set: Unset optional value from type SMPTE2086
11-05 16:32:24.763  8006  8031 E IMGMapper: set:488 set: Unset optional value from type CTA861_3
11-05 16:32:24.763  1014  1065 I libPowerHal: [perfLockAcq] idx:2 hdl:1042715 hint:-1 pid:896 duration:0 lock_user:vendor.samsung. => ret_hdl:1042715
11-05 16:32:24.763  1014  1065 I libPowerHal: vendor.samsung.: cpu_ctrl set cpu freq: 1218000 -1 1138000 -1
11-05 16:32:24.765   896   910 I mtkpower_client: perf_lock_acq, hdl:0, dur:0, num:2, tid:910
11-05 16:32:24.767  1014  1065 I libPowerHal: [perfLockRel] hdl:1042714, idx:0
11-05 16:32:24.767  1014  1065 I libPowerHal: vendor.samsung.: cpu_ctrl set cpu freq: -1 -1 1138000 -1
11-05 16:32:24.768   896   910 I mtkpower_client: ret_hdl:1042716
11-05 16:32:24.768   896   910 I HYPER-HAL: [RequestManager.cpp]acquire(): Acquired ID : 726633  [1187 / 18]    HINT : GESTURE_DETECTED    list : [TIMEOUT / 1702] 
11-05 16:32:24.768  1014  1065 I libPowerHal: [perfLockAcq] idx:1 hdl:1042716 hint:-1 pid:896 duration:0 lock_user:vendor.samsung. => ret_hdl:1042716
11-05 16:32:24.768   896   910 I HYPER-HAL: [RequestManager.cpp]acquire(): Acquired ID : 726633  [1187 / 18]    HINT : GESTURE_DETECTED    list : [TIMEOUT / 1702] 
11-05 16:32:24.768  1014  1065 I libPowerHal: vendor.samsung.: cpu_ctrl set cpu freq: 1218000 -1 1138000 -1
11-05 16:32:24.780  1039  1039 I BufferQueueProducer: [com.cinemamovel/com.cinemamovel.MainActivity$_8006#684455](this:0xb400007a26313838,id:-1,api:0,p:-1,c:1039) queueBuffer: fps=58.10 dur=1015.52 max=33.57 min=15.76
11-05 16:32:24.781  8006  8134 D skia    : SkJpegCodec::onGetPixels -
11-05 16:32:24.782   991   991 I hwcomposer: [HWCDisplay] [Display_0 (type:1)] fps:58.051289,dur:1016.34,max:33.99,min:15.34  
11-05 16:32:24.790  8006  8031 E IMGMapper: set:488 set: Unset optional value from type SMPTE2086
11-05 16:32:24.790  8006  8031 E IMGMapper: set:488 set: Unset optional value from type CTA861_3
11-05 16:32:24.797  8006  8031 E IMGMapper: set:488 set: Unset optional value from type SMPTE2086
11-05 16:32:24.797  8006  8031 E IMGMapper: set:488 set: Unset optional value from type CTA861_3
11-05 16:32:24.806  8006  8031 E IMGMapper: set:488 set: Unset optional value from type SMPTE2086
11-05 16:32:24.806  8006  8031 E IMGMapper: set:488 set: Unset optional value from type CTA861_3
11-05 16:32:24.830  8006  8031 E IMGMapper: set:488 set: Unset optional value from type SMPTE2086
11-05 16:32:24.830  8006  8031 E IMGMapper: set:488 set: Unset optional value from type CTA861_3
11-05 16:32:24.841  8006  8031 E IMGMapper: set:488 set: Unset optional value from type SMPTE2086
11-05 16:32:24.842  8006  8031 E IMGMapper: set:488 set: Unset optional value from type CTA861_3
11-05 16:32:24.862  8006  8031 E IMGMapper: set:488 set: Unset optional value from type SMPTE2086
11-05 16:32:24.862  8006  8031 E IMGMapper: set:488 set: Unset optional value from type CTA861_3
11-05 16:32:24.875  8006  8031 E IMGMapper: set:488 set: Unset optional value from type SMPTE2086
11-05 16:32:24.875  8006  8031 E IMGMapper: set:488 set: Unset optional value from type CTA861_3
11-05 16:32:24.893  8006  8031 E IMGMapper: set:488 set: Unset optional value from type SMPTE2086
11-05 16:32:24.893  8006  8031 E IMGMapper: set:488 set: Unset optional value from type CTA861_3
11-05 16:32:24.907  8006  8031 E IMGMapper: set:488 set: Unset optional value from type SMPTE2086
11-05 16:32:24.907  8006  8031 E IMGMapper: set:488 set: Unset optional value from type CTA861_3
11-05 16:32:24.928  8006  8031 E IMGMapper: set:488 set: Unset optional value from type SMPTE2086
11-05 16:32:24.928  8006  8031 E IMGMapper: set:488 set: Unset optional value from type CTA861_3
11-05 16:32:24.938  8006  8006 W unknown:WrappingUtils: Don't know how to round that drawable: com.facebook.react.views.image.ReactImageDownloadListener$EmptyDrawable@622fd4b
11-05 16:32:24.950  8006  8031 E IMGMapper: set:488 set: Unset optional value from type SMPTE2086
11-05 16:32:24.950  8006  8031 E IMGMapper: set:488 set: Unset optional value from type CTA861_3
11-05 16:32:24.959  8006  8138 D skia    : SkJpegCodec::onGetPixels +
11-05 16:32:24.961  8006  8091 D skia    : SkJpegCodec::onGetPixels +
11-05 16:32:24.967  8006  8031 E IMGMapper: set:488 set: Unset optional value from type SMPTE2086
11-05 16:32:24.968  8006  8031 E IMGMapper: set:488 set: Unset optional value from type CTA861_3
11-05 16:32:24.972  8006  8006 W unknown:WrappingUtils: Don't know how to round that drawable: com.facebook.react.views.image.ReactImageDownloadListener$EmptyDrawable@c36ef40
11-05 16:32:24.980  8006  8091 D skia    : SkJpegCodec::onGetPixels -
11-05 16:32:24.983  8006  8138 D skia    : SkJpegCodec::onGetPixels -
11-05 16:32:25.002  8006  8031 E IMGMapper: set:488 set: Unset optional value from type SMPTE2086
11-05 16:32:25.002  8006  8031 E IMGMapper: set:488 set: Unset optional value from type CTA861_3
11-05 16:32:25.020  8006  8031 E IMGMapper: set:488 set: Unset optional value from type SMPTE2086
11-05 16:32:25.021  8006  8031 E IMGMapper: set:488 set: Unset optional value from type CTA861_3
11-05 16:32:25.047  8006  8031 E IMGMapper: set:488 set: Unset optional value from type SMPTE2086
11-05 16:32:25.047  8006  8031 E IMGMapper: set:488 set: Unset optional value from type CTA861_3
11-05 16:32:25.049  8006  8119 D skia    : SkJpegCodec::onGetPixels +
11-05 16:32:25.057  8006  8031 E IMGMapper: set:488 set: Unset optional value from type SMPTE2086
11-05 16:32:25.057  8006  8031 E IMGMapper: set:488 set: Unset optional value from type CTA861_3
11-05 16:32:25.064  8006  8120 D skia    : SkJpegCodec::onGetPixels +
11-05 16:32:25.075  8006  8031 E IMGMapper: set:488 set: Unset optional value from type SMPTE2086
11-05 16:32:25.075  8006  8031 E IMGMapper: set:488 set: Unset optional value from type CTA861_3
11-05 16:32:25.080  8006  8119 D skia    : SkJpegCodec::onGetPixels -
11-05 16:32:25.084  8006  8120 D skia    : SkJpegCodec::onGetPixels -
11-05 16:32:25.090  8006  8031 E IMGMapper: set:488 set: Unset optional value from type SMPTE2086
11-05 16:32:25.091  8006  8031 E IMGMapper: set:488 set: Unset optional value from type CTA861_3
11-05 16:32:25.106  8006  8031 E IMGMapper: set:488 set: Unset optional value from type SMPTE2086
11-05 16:32:25.106  8006  8031 E IMGMapper: set:488 set: Unset optional value from type CTA861_3
11-05 16:32:25.113  1737  1942 D MobileStatusTracker(0/2): onSignalStrengthsChanged level=3, vendorLevel=3
11-05 16:32:25.116  1737  1942 D MobileSignalController(0/2): notifyListener: enabled=true, connected=true, dataConnected=true, networkType=LTE (4G), emergencyOnly=false, roaming=false, isDefault=false, dataActivity=, level=3, ca=false, mmWave=false, disabledDataIcon=false, simCard=ETC
11-05 16:32:25.121  1737  1942 D NetworkController: SignalStrength from intent slotId=0
11-05 16:32:25.124  8006  8031 E IMGMapper: set:488 set: Unset optional value from type SMPTE2086
11-05 16:32:25.124  8006  8031 E IMGMapper: set:488 set: Unset optional value from type CTA861_3
11-05 16:32:25.140  8006  8031 E IMGMapper: set:488 set: Unset optional value from type SMPTE2086
11-05 16:32:25.140  8006  8031 E IMGMapper: set:488 set: Unset optional value from type CTA861_3
11-05 16:32:25.158  8006  8031 E IMGMapper: set:488 set: Unset optional value from type SMPTE2086
11-05 16:32:25.158  8006  8031 E IMGMapper: set:488 set: Unset optional value from type CTA861_3
11-05 16:32:25.171  8006  8031 E IMGMapper: set:488 set: Unset optional value from type SMPTE2086
11-05 16:32:25.171  8006  8031 E IMGMapper: set:488 set: Unset optional value from type CTA861_3
11-05 16:32:25.189  8006  8031 E IMGMapper: set:488 set: Unset optional value from type SMPTE2086
11-05 16:32:25.189  8006  8031 E IMGMapper: set:488 set: Unset optional value from type CTA861_3
11-05 16:32:25.204  8006  8031 E IMGMapper: set:488 set: Unset optional value from type SMPTE2086
11-05 16:32:25.204  8006  8031 E IMGMapper: set:488 set: Unset optional value from type CTA861_3
11-05 16:32:25.221  8006  8031 E IMGMapper: set:488 set: Unset optional value from type SMPTE2086
11-05 16:32:25.221  8006  8031 E IMGMapper: set:488 set: Unset optional value from type CTA861_3
11-05 16:32:25.239  8006  8031 E IMGMapper: set:488 set: Unset optional value from type SMPTE2086
11-05 16:32:25.239  8006  8031 E IMGMapper: set:488 set: Unset optional value from type CTA861_3
11-05 16:32:25.242  1711  2467 D PhoneInterfaceManager: setDataEnabledForReason() Reason=1 Pid=1187 App=system
11-05 16:32:25.246  1711  2467 D PhoneInterfaceManager: setDataEnabledForReason() Reason=1 Pid=1187 App=system
11-05 16:32:25.253  8006  8006 W unknown:WrappingUtils: Don't know how to round that drawable: com.facebook.react.views.image.ReactImageDownloadListener$EmptyDrawable@7fe45d2
11-05 16:32:25.259  8006  8031 E IMGMapper: set:488 set: Unset optional value from type SMPTE2086
11-05 16:32:25.259  8006  8031 E IMGMapper: set:488 set: Unset optional value from type CTA861_3
11-05 16:32:25.277  8006  8031 E IMGMapper: set:488 set: Unset optional value from type SMPTE2086
11-05 16:32:25.277  8006  8031 E IMGMapper: set:488 set: Unset optional value from type CTA861_3
11-05 16:32:25.293  8006  8031 E IMGMapper: set:488 set: Unset optional value from type SMPTE2086
11-05 16:32:25.293  8006  8031 E IMGMapper: set:488 set: Unset optional value from type CTA861_3
11-05 16:32:25.303  8006  8006 W unknown:WrappingUtils: Don't know how to round that drawable: com.facebook.react.views.image.ReactImageDownloadListener$EmptyDrawable@4a6d9ce
11-05 16:32:25.313  8006  8031 E IMGMapper: set:488 set: Unset optional value from type SMPTE2086
11-05 16:32:25.313  8006  8031 E IMGMapper: set:488 set: Unset optional value from type CTA861_3
11-05 16:32:25.319  8006  8006 W unknown:WrappingUtils: Don't know how to round that drawable: com.facebook.react.views.image.ReactImageDownloadListener$EmptyDrawable@2856e85
11-05 16:32:25.321  8006  8122 D skia    : SkJpegCodec::onGetPixels +
11-05 16:32:25.331  8006  8006 W unknown:WrappingUtils: Don't know how to round that drawable: com.facebook.react.views.image.ReactImageDownloadListener$EmptyDrawable@b3c6d0b
11-05 16:32:25.338  8006  8122 D skia    : SkJpegCodec::onGetPixels -
11-05 16:32:25.371  8006  8031 E IMGMapper: set:488 set: Unset optional value from type SMPTE2086
11-05 16:32:25.371  8006  8031 E IMGMapper: set:488 set: Unset optional value from type CTA861_3
11-05 16:32:25.381  8006  8031 E IMGMapper: set:488 set: Unset optional value from type SMPTE2086
11-05 16:32:25.381  8006  8031 E IMGMapper: set:488 set: Unset optional value from type CTA861_3
11-05 16:32:25.395  8006  8031 E IMGMapper: set:488 set: Unset optional value from type SMPTE2086
11-05 16:32:25.395  8006  8031 E IMGMapper: set:488 set: Unset optional value from type CTA861_3
11-05 16:32:25.410  8006  8031 E IMGMapper: set:488 set: Unset optional value from type SMPTE2086
11-05 16:32:25.410  8006  8031 E IMGMapper: set:488 set: Unset optional value from type CTA861_3
11-05 16:32:25.426  8006  8031 E IMGMapper: set:488 set: Unset optional value from type SMPTE2086
11-05 16:32:25.426  8006  8031 E IMGMapper: set:488 set: Unset optional value from type CTA861_3
11-05 16:32:25.441  8006  8031 E IMGMapper: set:488 set: Unset optional value from type SMPTE2086
11-05 16:32:25.441  8006  8031 E IMGMapper: set:488 set: Unset optional value from type CTA861_3
11-05 16:32:25.453  8006  8121 D skia    : SkJpegCodec::onGetPixels +
11-05 16:32:25.472  8006  8031 E IMGMapper: set:488 set: Unset optional value from type SMPTE2086
11-05 16:32:25.473  8006  8031 E IMGMapper: set:488 set: Unset optional value from type CTA861_3
11-05 16:32:25.473  8006  8121 D skia    : SkJpegCodec::onGetPixels -
11-05 16:32:25.484  8006  8031 E IMGMapper: set:488 set: Unset optional value from type SMPTE2086
11-05 16:32:25.484  8006  8031 E IMGMapper: set:488 set: Unset optional value from type CTA861_3
11-05 16:32:25.493  8006  8031 E IMGMapper: set:488 set: Unset optional value from type SMPTE2086
11-05 16:32:25.493  8006  8031 E IMGMapper: set:488 set: Unset optional value from type CTA861_3
11-05 16:32:25.509  8006  8031 E IMGMapper: set:488 set: Unset optional value from type SMPTE2086
11-05 16:32:25.509  8006  8031 E IMGMapper: set:488 set: Unset optional value from type CTA861_3
11-05 16:32:25.531  8006  8031 E IMGMapper: set:488 set: Unset optional value from type SMPTE2086
11-05 16:32:25.533  8006  8031 E IMGMapper: set:488 set: Unset optional value from type CTA861_3
11-05 16:32:25.540  8006  8031 E IMGMapper: set:488 set: Unset optional value from type SMPTE2086
11-05 16:32:25.540  8006  8031 E IMGMapper: set:488 set: Unset optional value from type CTA861_3
11-05 16:32:25.570  8006  8031 E IMGMapper: set:488 set: Unset optional value from type SMPTE2086
11-05 16:32:25.570  8006  8031 E IMGMapper: set:488 set: Unset optional value from type CTA861_3
11-05 16:32:25.578  8006  8031 E IMGMapper: set:488 set: Unset optional value from type SMPTE2086
11-05 16:32:25.578  8006  8031 E IMGMapper: set:488 set: Unset optional value from type CTA861_3
11-05 16:32:25.587  8006  8133 D skia    : SkJpegCodec::onGetPixels +
11-05 16:32:25.600  8006  8031 E IMGMapper: set:488 set: Unset optional value from type SMPTE2086
11-05 16:32:25.600  8006  8031 E IMGMapper: set:488 set: Unset optional value from type CTA861_3
11-05 16:32:25.610  8006  8133 D skia    : SkJpegCodec::onGetPixels -
11-05 16:32:25.617  8006  8031 E IMGMapper: set:488 set: Unset optional value from type SMPTE2086
11-05 16:32:25.617  8006  8031 E IMGMapper: set:488 set: Unset optional value from type CTA861_3
11-05 16:32:25.630  8006  8031 E IMGMapper: set:488 set: Unset optional value from type SMPTE2086
11-05 16:32:25.630  8006  8031 E IMGMapper: set:488 set: Unset optional value from type CTA861_3
11-05 16:32:25.643  8006  8031 E IMGMapper: set:488 set: Unset optional value from type SMPTE2086
11-05 16:32:25.643  8006  8031 E IMGMapper: set:488 set: Unset optional value from type CTA861_3
11-05 16:32:25.666  8006  8031 E IMGMapper: set:488 set: Unset optional value from type SMPTE2086
11-05 16:32:25.666  8006  8031 E IMGMapper: set:488 set: Unset optional value from type CTA861_3
11-05 16:32:25.676  8006  8031 E IMGMapper: set:488 set: Unset optional value from type SMPTE2086
11-05 16:32:25.676  8006  8031 E IMGMapper: set:488 set: Unset optional value from type CTA861_3
11-05 16:32:25.691  8006  8031 E IMGMapper: set:488 set: Unset optional value from type SMPTE2086
11-05 16:32:25.691  8006  8031 E IMGMapper: set:488 set: Unset optional value from type CTA861_3
11-05 16:32:25.698 27819 27819 I wpa_supplicant: Heartbeat 5939
11-05 16:32:25.706  8006  8031 E IMGMapper: set:488 set: Unset optional value from type SMPTE2086
11-05 16:32:25.706  8006  8031 E IMGMapper: set:488 set: Unset optional value from type CTA861_3
11-05 16:32:25.724  8006  8031 E IMGMapper: set:488 set: Unset optional value from type SMPTE2086
11-05 16:32:25.724  8006  8031 E IMGMapper: set:488 set: Unset optional value from type CTA861_3
11-05 16:32:25.737  1187  1277 I system_server: Background concurrent copying GC freed 334134(22MB) AllocSpace objects, 128(2736KB) LOS objects, 19% free, 98MB/122MB, paused 3.372ms,506us total 707.577ms
11-05 16:32:25.740  8006  8031 E IMGMapper: set:488 set: Unset optional value from type SMPTE2086
11-05 16:32:25.740  8006  8031 E IMGMapper: set:488 set: Unset optional value from type CTA861_3
11-05 16:32:25.750  1187  1294 W System  : A resource failed to call release. 
11-05 16:32:25.751  1187  1294 W System  : A resource failed to call end. 
11-05 16:32:25.757  8006  8031 E IMGMapper: set:488 set: Unset optional value from type SMPTE2086
11-05 16:32:25.757  8006  8031 E IMGMapper: set:488 set: Unset optional value from type CTA861_3
11-05 16:32:25.773  8006  8031 E IMGMapper: set:488 set: Unset optional value from type SMPTE2086
11-05 16:32:25.773  8006  8031 E IMGMapper: set:488 set: Unset optional value from type CTA861_3
11-05 16:32:25.790  8006  8031 E IMGMapper: set:488 set: Unset optional value from type SMPTE2086
11-05 16:32:25.790  8006  8031 E IMGMapper: set:488 set: Unset optional value from type CTA861_3
11-05 16:32:25.795  1039  1039 I BufferQueueProducer: [com.cinemamovel/com.cinemamovel.MainActivity$_8006#684455](this:0xb400007a26313838,id:-1,api:0,p:-1,c:1039) queueBuffer: fps=56.16 dur=1015.03 max=49.78 min=16.21
11-05 16:32:25.797   991   991 I hwcomposer: [HWCDisplay] [Display_0 (type:1)] fps:56.163143,dur:1014.90,max:49.91,min:15.40  
11-05 16:32:25.807  8006  8031 E IMGMapper: set:488 set: Unset optional value from type SMPTE2086
11-05 16:32:25.807  8006  8031 E IMGMapper: set:488 set: Unset optional value from type CTA861_3
11-05 16:32:25.818  8006  8006 W unknown:WrappingUtils: Don't know how to round that drawable: com.facebook.react.views.image.ReactImageDownloadListener$EmptyDrawable@261b90
11-05 16:32:25.833  8006  8031 E IMGMapper: set:488 set: Unset optional value from type SMPTE2086
11-05 16:32:25.833  8006  8031 E IMGMapper: set:488 set: Unset optional value from type CTA861_3
11-05 16:32:25.848  8006  8031 E IMGMapper: set:488 set: Unset optional value from type SMPTE2086
11-05 16:32:25.848  8006  8031 E IMGMapper: set:488 set: Unset optional value from type CTA861_3
11-05 16:32:25.850  8006  8006 W unknown:WrappingUtils: Don't know how to round that drawable: com.facebook.react.views.image.ReactImageDownloadListener$EmptyDrawable@dffcc89
11-05 16:32:25.884  8006  8031 E IMGMapper: set:488 set: Unset optional value from type SMPTE2086
11-05 16:32:25.884  8006  8031 E IMGMapper: set:488 set: Unset optional value from type CTA861_3
11-05 16:32:25.893  8006  8031 E IMGMapper: set:488 set: Unset optional value from type SMPTE2086
11-05 16:32:25.893  8006  8031 E IMGMapper: set:488 set: Unset optional value from type CTA861_3
11-05 16:32:25.911  8006  8031 E IMGMapper: set:488 set: Unset optional value from type SMPTE2086
11-05 16:32:25.911  8006  8031 E IMGMapper: set:488 set: Unset optional value from type CTA861_3
11-05 16:32:25.921  8006  8134 D skia    : SkJpegCodec::onGetPixels +
11-05 16:32:25.929  8006  8031 E IMGMapper: set:488 set: Unset optional value from type SMPTE2086
11-05 16:32:25.929  8006  8031 E IMGMapper: set:488 set: Unset optional value from type CTA861_3
11-05 16:32:25.943  8006  8031 E IMGMapper: set:488 set: Unset optional value from type SMPTE2086
11-05 16:32:25.943  8006  8031 E IMGMapper: set:488 set: Unset optional value from type CTA861_3
11-05 16:32:25.949  8006  8134 D skia    : SkJpegCodec::onGetPixels -
11-05 16:32:25.960  8006  8031 E IMGMapper: set:488 set: Unset optional value from type SMPTE2086
11-05 16:32:25.960  8006  8031 E IMGMapper: set:488 set: Unset optional value from type CTA861_3
11-05 16:32:25.975  8006  8031 E IMGMapper: set:488 set: Unset optional value from type SMPTE2086
11-05 16:32:25.976  8006  8031 E IMGMapper: set:488 set: Unset optional value from type CTA861_3
11-05 16:32:25.998  8006  8031 E IMGMapper: set:488 set: Unset optional value from type SMPTE2086
11-05 16:32:25.999  8006  8031 E IMGMapper: set:488 set: Unset optional value from type CTA861_3
11-05 16:32:26.002  1187  1962 D InputDispatcher: Inject motion (8165/2000): action=0x0, time=3390872260000000, f=0x0, d=0 dsdx=1.000000 dtdx=0.000000
11-05 16:32:26.003  1187  1534 I InputDispatcher: Delivering touch to (1737): action: 0x4, f=0x0, d=0, 'd92b8ad', t=1 
11-05 16:32:26.003  1187  1534 I InputDispatcher: Delivering touch to (8006): action: 0x0, f=0x0, d=0, '70b86e2', t=1 
11-05 16:32:26.004  1187  1534 D PowerManagerService: [api] userActivityFromNative :  (event: 2 flags: 0 displayId: 0) eventTime = 3390872260
11-05 16:32:26.005  1187  1303 I GestureDetector: obtain mCurrentDownEvent. id: -1019234423 caller: com.android.server.wm.SystemGesturesPointerEventListener.onPointerEvent:203 com.android.server.wm.PointerEventDispatcher.onInputEvent:53 android.view.InputEventReceiver.dispatchInputEvent:285 
11-05 16:32:26.006  1187  1303 I GestureDetector: obtain mCurrentDownEvent. id: -1019234423 caller: com.android.server.wm.SystemPerformancePointerEventListener.onPointerEvent:89 com.android.server.wm.PointerEventDispatcher.onInputEvent:53 android.view.InputEventReceiver.dispatchInputEvent:285 
11-05 16:32:26.006  8006  8006 I ViewRootImpl@33d0bcf[MainActivity]: ViewPostIme pointer 0
11-05 16:32:26.008  8006  8031 E IMGMapper: set:488 set: Unset optional value from type SMPTE2086
11-05 16:32:26.009  8006  8031 E IMGMapper: set:488 set: Unset optional value from type CTA861_3
11-05 16:32:26.013  1187  1486 D SensorService: [SO] -0.618 2.012 9.721
11-05 16:32:26.019  1187  1303 I GestureDetector: obtain mCurrentMotionEventRaw. action: 2 id: -398560207
11-05 16:32:26.019  1187  1303 I GestureDetector: obtain mCurrentMotionEventRaw. action: 2 id: -398560207
11-05 16:32:26.027   896   910 I mtkpower_client: perf_lock_rel, hdl:1042715, tid:910
11-05 16:32:26.027  1014  1065 I libPowerHal: [perfLockRel] hdl:1042715, idx:2
11-05 16:32:26.028   896   910 I mtkpower_client: perf_lock_acq, hdl:0, dur:0, num:2, tid:910
11-05 16:32:26.029  1014  1065 I libPowerHal: vendor.samsung.: cpu_ctrl set cpu freq: 1218000 -1 -1 -1
11-05 16:32:26.030   896   910 I mtkpower_client: ret_hdl:1042717
11-05 16:32:26.030   896   910 I mtkpower_client: perf_lock_rel, hdl:1042716, tid:910
11-05 16:32:26.030  1014  1065 I libPowerHal: [perfLockAcq] idx:0 hdl:1042717 hint:-1 pid:896 duration:0 lock_user:vendor.samsung. => ret_hdl:1042717
11-05 16:32:26.030  1014  1065 I libPowerHal: vendor.samsung.: cpu_ctrl set cpu freq: 1218000 -1 1138000 -1
11-05 16:32:26.031  8006  8031 E IMGMapper: set:488 set: Unset optional value from type SMPTE2086
11-05 16:32:26.031  8006  8031 E IMGMapper: set:488 set: Unset optional value from type CTA861_3
11-05 16:32:26.032   896   910 I mtkpower_client: perf_lock_acq, hdl:0, dur:0, num:2, tid:910
11-05 16:32:26.033  1014  1065 I libPowerHal: [perfLockRel] hdl:1042716, idx:1
11-05 16:32:26.033  1014  1065 I libPowerHal: vendor.samsung.: cpu_ctrl set cpu freq: -1 -1 1138000 -1
11-05 16:32:26.035   896   910 I mtkpower_client: ret_hdl:1042718
11-05 16:32:26.035  1014  1065 I libPowerHal: [perfLockAcq] idx:2 hdl:1042718 hint:-1 pid:896 duration:0 lock_user:vendor.samsung. => ret_hdl:1042718
11-05 16:32:26.035   896   910 I HYPER-HAL: [RequestManager.cpp]releaseLocked(): Released ID : 725427
11-05 16:32:26.035  1014  1065 I libPowerHal: vendor.samsung.: cpu_ctrl set cpu freq: 1218000 -1 1138000 -1
11-05 16:32:26.049  8006  8031 E IMGMapper: set:488 set: Unset optional value from type SMPTE2086
11-05 16:32:26.049  8006  8031 E IMGMapper: set:488 set: Unset optional value from type CTA861_3
11-05 16:32:26.065  8006  8031 E IMGMapper: set:488 set: Unset optional value from type SMPTE2086
11-05 16:32:26.065  8006  8031 E IMGMapper: set:488 set: Unset optional value from type CTA861_3
11-05 16:32:26.083  8006  8031 E IMGMapper: set:488 set: Unset optional value from type SMPTE2086
11-05 16:32:26.083  8006  8031 E IMGMapper: set:488 set: Unset optional value from type CTA861_3
11-05 16:32:26.096  8006  8031 E IMGMapper: set:488 set: Unset optional value from type SMPTE2086
11-05 16:32:26.096  8006  8031 E IMGMapper: set:488 set: Unset optional value from type CTA861_3
11-05 16:32:26.114  8006  8031 E IMGMapper: set:488 set: Unset optional value from type SMPTE2086
11-05 16:32:26.114  8006  8031 E IMGMapper: set:488 set: Unset optional value from type CTA861_3
11-05 16:32:26.140  8006  8031 E IMGMapper: set:488 set: Unset optional value from type SMPTE2086
11-05 16:32:26.140  8006  8031 E IMGMapper: set:488 set: Unset optional value from type CTA861_3
11-05 16:32:26.150  8006  8031 E IMGMapper: set:488 set: Unset optional value from type SMPTE2086
11-05 16:32:26.150  8006  8031 E IMGMapper: set:488 set: Unset optional value from type CTA861_3
11-05 16:32:26.159  8006  8031 E IMGMapper: set:488 set: Unset optional value from type SMPTE2086
11-05 16:32:26.159  8006  8031 E IMGMapper: set:488 set: Unset optional value from type CTA861_3
11-05 16:32:26.174  8006  8031 E IMGMapper: set:488 set: Unset optional value from type SMPTE2086
11-05 16:32:26.174  8006  8031 E IMGMapper: set:488 set: Unset optional value from type CTA861_3
11-05 16:32:26.191  8006  8031 E IMGMapper: set:488 set: Unset optional value from type SMPTE2086
11-05 16:32:26.191  8006  8031 E IMGMapper: set:488 set: Unset optional value from type CTA861_3
11-05 16:32:26.207  8006  8031 E IMGMapper: set:488 set: Unset optional value from type SMPTE2086
11-05 16:32:26.207  8006  8031 E IMGMapper: set:488 set: Unset optional value from type CTA861_3
11-05 16:32:26.224  8006  8031 E IMGMapper: set:488 set: Unset optional value from type SMPTE2086
11-05 16:32:26.224  8006  8031 E IMGMapper: set:488 set: Unset optional value from type CTA861_3
11-05 16:32:26.243  8006  8031 E IMGMapper: set:488 set: Unset optional value from type SMPTE2086
11-05 16:32:26.243  8006  8031 E IMGMapper: set:488 set: Unset optional value from type CTA861_3
11-05 16:32:26.257  8006  8031 E IMGMapper: set:488 set: Unset optional value from type SMPTE2086
11-05 16:32:26.257  8006  8031 E IMGMapper: set:488 set: Unset optional value from type CTA861_3
11-05 16:32:26.275  8006  8031 E IMGMapper: set:488 set: Unset optional value from type SMPTE2086
11-05 16:32:26.275  8006  8031 E IMGMapper: set:488 set: Unset optional value from type CTA861_3
11-05 16:32:26.284   543   543 D io_stats: !@ 179,0 r 626022063 7565160790 w 113289086 1199603740 d 1261305 33797724 f 0 0 iot 322142812 0 th 0 0 0 pt 0 inp 0 0 3390872.542
11-05 16:32:26.303  8006  8031 E IMGMapper: set:488 set: Unset optional value from type SMPTE2086
11-05 16:32:26.303  8006  8031 E IMGMapper: set:488 set: Unset optional value from type CTA861_3
11-05 16:32:26.310  8006  8031 E IMGMapper: set:488 set: Unset optional value from type SMPTE2086
11-05 16:32:26.311  8006  8031 E IMGMapper: set:488 set: Unset optional value from type CTA861_3
11-05 16:32:26.316  1187  1962 D InputDispatcher: Inject motion (8165/2000): action=0x1, time=3390872573000000, f=0x0, d=0 dsdx=1.000000 dtdx=0.000000
11-05 16:32:26.316  1187  1534 I InputDispatcher: Delivering touch to (8006): action: 0x1, f=0x0, d=0, '70b86e2', t=1 
11-05 16:32:26.317  1187  1187 I SemDvfsHyPerManager: acquire hyper - SMOOTH_SCROLL/1187@17, type = -999
11-05 16:32:26.317   896   910 I HYPER-HAL: [RequestManager.cpp]acquire(): Acquired ID : 725427  [1187 / 17]    HINT : SMOOTH_SCROLL    list : 
11-05 16:32:26.318  8006  8006 I ViewRootImpl@33d0bcf[MainActivity]: ViewPostIme pointer 1
11-05 16:32:26.318   896   910 I mtkpower_client: perf_lock_rel, hdl:1042717, tid:910
11-05 16:32:26.318   896   910 I mtkpower_client: perf_lock_acq, hdl:0, dur:0, num:2, tid:910
11-05 16:32:26.319  1014  1065 I libPowerHal: [perfLockRel] hdl:1042717, idx:0
11-05 16:32:26.319  1014  1065 I libPowerHal: vendor.samsung.: cpu_ctrl set cpu freq: 1218000 -1 -1 -1
11-05 16:32:26.320   896   910 I mtkpower_client: ret_hdl:1042719
11-05 16:32:26.320   896   910 I mtkpower_client: perf_lock_rel, hdl:1042718, tid:910
11-05 16:32:26.321  1187  1187 D SGM:GameManager: identifyGamePackage. com.cinemamovel, mCurrentUserId: 0, callerUserId: 0, callingMethodInfo: com.android.server.ssrm.fgapps.GameAppUtils.isGame(GameAppUtils.java:84)
11-05 16:32:26.321  1187  1187 D SGM:PkgDataHelper: getGamePkgData(). com.cinemamovel
11-05 16:32:26.321  1187  1187 I SemDvfsHyPerManager: acquire hyper - GESTURE_DETECTED/1187@18, type = -999
11-05 16:32:26.323  1014  1065 I libPowerHal: [perfLockAcq] idx:1 hdl:1042719 hint:-1 pid:896 duration:0 lock_user:vendor.samsung. => ret_hdl:1042719
11-05 16:32:26.323  1014  1065 I libPowerHal: vendor.samsung.: cpu_ctrl set cpu freq: 1218000 -1 1138000 -1
11-05 16:32:26.324   896   910 I mtkpower_client: perf_lock_acq, hdl:0, dur:0, num:2, tid:910
11-05 16:32:26.324  1187  1187 D SGM:GameManager: identifyGamePackage. com.cinemamovel, mCurrentUserId: 0, callerUserId: 0, callingMethodInfo: com.android.server.ssrm.fgapps.GameAppUtils.isGame(GameAppUtils.java:84)
11-05 16:32:26.324  1187  1187 D SGM:PkgDataHelper: getGamePkgData(). com.cinemamovel
11-05 16:32:26.324   896   910 I mtkpower_client: ret_hdl:1042720
11-05 16:32:26.324  1187  1187 I SemDvfsHyPerManager: acquire hyper - GESTURE_DETECTED/1187@18, type = -999
11-05 16:32:26.324   896   910 I mtkpower_client: perf_lock_rel, hdl:1042719, tid:910
11-05 16:32:26.325   896   910 I mtkpower_client: perf_lock_acq, hdl:0, dur:0, num:2, tid:910
11-05 16:32:26.325  1187  1187 I SemDvfsHyPerManager: acquire hyper - SMOOTH_SCROLL/1187@17, type = -999
11-05 16:32:26.325   896   910 I mtkpower_client: ret_hdl:1042721
11-05 16:32:26.325   896   910 I mtkpower_client: perf_lock_rel, hdl:1042720, tid:910
11-05 16:32:26.325  1014  1065 I libPowerHal: [perfLockRel] hdl:1042718, idx:2
11-05 16:32:26.325  1014  1065 I libPowerHal: vendor.samsung.: cpu_ctrl set cpu freq: -1 -1 1138000 -1
