11-05 16:32:21.681  8006  8006 W unknown:WrappingUtils: Don't know how to round that drawable: com.facebook.react.views.image.ReactImageDownloadListener$EmptyDrawable@9bab662
11-05 16:32:21.684  8006  8138 D skia    : SkJpegCodec::onGetPixels -
11-05 16:32:21.692  8006  8091 D skia    : SkJpegCodec::onGetPixels -
11-05 16:32:21.718  8006  8031 E IMGMapper: set:488 set: Unset optional value from type SMPTE2086
11-05 16:32:21.718  8006  8031 E IMGMapper: set:488 set: Unset optional value from type CTA861_3
11-05 16:32:21.734  1039  1039 I BufferQueueProducer: [com.cinemamovel/com.cinemamovel.MainActivity$_8006#684455](this:0xb400007a26313838,id:-1,api:0,p:-1,c:1039) queueBuffer: fps=53.40 dur=1048.75 max=66.44 min=16.05
11-05 16:32:21.736   991   991 I hwcomposer: [HWCDisplay] [Display_0 (type:1)] fps:53.421326,dur:1048.27,max:65.58,min:15.34  
11-05 16:32:21.737  8006  8031 E IMGMapper: set:488 set: Unset optional value from type SMPTE2086
11-05 16:32:21.737  8006  8031 E IMGMapper: set:488 set: Unset optional value from type CTA861_3
11-05 16:32:21.762  8006  8031 E IMGMapper: set:488 set: Unset optional value from type SMPTE2086
11-05 16:32:21.762  8006  8031 E IMGMapper: set:488 set: Unset optional value from type CTA861_3
11-05 16:32:21.771  8006  8031 E IMGMapper: set:488 set: Unset optional value from type SMPTE2086
11-05 16:32:21.771  8006  8031 E IMGMapper: set:488 set: Unset optional value from type CTA861_3
11-05 16:32:21.784  8006  8031 E IMGMapper: set:488 set: Unset optional value from type SMPTE2086
11-05 16:32:21.784  8006  8031 E IMGMapper: set:488 set: Unset optional value from type CTA861_3
11-05 16:32:21.800  8006  8031 E IMGMapper: set:488 set: Unset optional value from type SMPTE2086
11-05 16:32:21.801  8006  8031 E IMGMapper: set:488 set: Unset optional value from type CTA861_3
11-05 16:32:21.816  8006  8031 E IMGMapper: set:488 set: Unset optional value from type SMPTE2086
11-05 16:32:21.816  8006  8031 E IMGMapper: set:488 set: Unset optional value from type CTA861_3
11-05 16:32:21.830  8006  8031 E IMGMapper: set:488 set: Unset optional value from type SMPTE2086
11-05 16:32:21.831  8006  8031 E IMGMapper: set:488 set: Unset optional value from type CTA861_3
11-05 16:32:21.835  8006  8119 D skia    : SkJpegCodec::onGetPixels +
11-05 16:32:21.848  8006  8031 E IMGMapper: set:488 set: Unset optional value from type SMPTE2086
11-05 16:32:21.848  8006  8031 E IMGMapper: set:488 set: Unset optional value from type CTA861_3
11-05 16:32:21.852  8006  8119 D skia    : SkJpegCodec::onGetPixels -
11-05 16:32:21.863  8006  8031 E IMGMapper: set:488 set: Unset optional value from type SMPTE2086
11-05 16:32:21.863  8006  8031 E IMGMapper: set:488 set: Unset optional value from type CTA861_3
11-05 16:32:21.881  8006  8031 E IMGMapper: set:488 set: Unset optional value from type SMPTE2086
11-05 16:32:21.881  8006  8031 E IMGMapper: set:488 set: Unset optional value from type CTA861_3
11-05 16:32:21.903  8006  8031 E IMGMapper: set:488 set: Unset optional value from type SMPTE2086
11-05 16:32:21.903  8006  8031 E IMGMapper: set:488 set: Unset optional value from type CTA861_3
11-05 16:32:21.910  1187  1663 D WifiConnectivityMonitor.NetworkStatsAnalyzer: Backhaul result - RSSI:-57, CE:16, PE:15, TI:17, PTI:16, TW:1, PTW:2, Tx:5255, Rx:3334, TxS:5254, RxS:3334, RESULT:true, IC:0, ICT:5, WC:0, WCT:5, R:11, RC:0, IE:0, EC:0
11-05 16:32:21.916  8006  8031 E IMGMapper: set:488 set: Unset optional value from type SMPTE2086
11-05 16:32:21.916  8006  8031 E IMGMapper: set:488 set: Unset optional value from type CTA861_3
11-05 16:32:21.931  8006  8031 E IMGMapper: set:488 set: Unset optional value from type SMPTE2086
11-05 16:32:21.932  8006  8031 E IMGMapper: set:488 set: Unset optional value from type CTA861_3
11-05 16:32:21.940  8006  8006 W unknown:WrappingUtils: Don't know how to round that drawable: com.facebook.react.views.image.ReactImageDownloadListener$EmptyDrawable@59c27d3
11-05 16:32:21.957  8006  8031 E IMGMapper: set:488 set: Unset optional value from type SMPTE2086
11-05 16:32:21.957  8006  8031 E IMGMapper: set:488 set: Unset optional value from type CTA861_3
11-05 16:32:21.962  8006  8006 W unknown:WrappingUtils: Don't know how to round that drawable: com.facebook.react.views.image.ReactImageDownloadListener$EmptyDrawable@7d16f10
11-05 16:32:21.997  8006  8031 E IMGMapper: set:488 set: Unset optional value from type SMPTE2086
11-05 16:32:21.997  8006  8031 E IMGMapper: set:488 set: Unset optional value from type CTA861_3
11-05 16:32:22.019  8006  8031 E IMGMapper: set:488 set: Unset optional value from type SMPTE2086
11-05 16:32:22.020  8006  8031 E IMGMapper: set:488 set: Unset optional value from type CTA861_3
11-05 16:32:22.032  8006  8031 E IMGMapper: set:488 set: Unset optional value from type SMPTE2086
11-05 16:32:22.032  8006  8031 E IMGMapper: set:488 set: Unset optional value from type CTA861_3
11-05 16:32:22.049  8006  8031 E IMGMapper: set:488 set: Unset optional value from type SMPTE2086
11-05 16:32:22.049  8006  8031 E IMGMapper: set:488 set: Unset optional value from type CTA861_3
11-05 16:32:22.062  8006  8120 D skia    : SkJpegCodec::onGetPixels +
11-05 16:32:22.065  8006  8031 E IMGMapper: set:488 set: Unset optional value from type SMPTE2086
11-05 16:32:22.065  8006  8031 E IMGMapper: set:488 set: Unset optional value from type CTA861_3
11-05 16:32:22.081  8006  8031 E IMGMapper: set:488 set: Unset optional value from type SMPTE2086
11-05 16:32:22.081  8006  8031 E IMGMapper: set:488 set: Unset optional value from type CTA861_3
11-05 16:32:22.082  8006  8120 D skia    : SkJpegCodec::onGetPixels -
11-05 16:32:22.097  8006  8031 E IMGMapper: set:488 set: Unset optional value from type SMPTE2086
11-05 16:32:22.097  8006  8031 E IMGMapper: set:488 set: Unset optional value from type CTA861_3
11-05 16:32:22.111  8006  8031 E IMGMapper: set:488 set: Unset optional value from type SMPTE2086
11-05 16:32:22.111  8006  8031 E IMGMapper: set:488 set: Unset optional value from type CTA861_3
11-05 16:32:22.137  8006  8031 E IMGMapper: set:488 set: Unset optional value from type SMPTE2086
11-05 16:32:22.137  8006  8031 E IMGMapper: set:488 set: Unset optional value from type CTA861_3
11-05 16:32:22.146  8006  8122 D skia    : SkJpegCodec::onGetPixels +
11-05 16:32:22.151  8006  8031 E IMGMapper: set:488 set: Unset optional value from type SMPTE2086
11-05 16:32:22.151  8006  8031 E IMGMapper: set:488 set: Unset optional value from type CTA861_3
11-05 16:32:22.164  8006  8122 D skia    : SkJpegCodec::onGetPixels -
11-05 16:32:22.165  8006  8031 E IMGMapper: set:488 set: Unset optional value from type SMPTE2086
11-05 16:32:22.165  8006  8031 E IMGMapper: set:488 set: Unset optional value from type CTA861_3
11-05 16:32:22.179  8006  8031 E IMGMapper: set:488 set: Unset optional value from type SMPTE2086
11-05 16:32:22.179  8006  8031 E IMGMapper: set:488 set: Unset optional value from type CTA861_3
11-05 16:32:22.192  8006  8121 D skia    : SkJpegCodec::onGetPixels +
11-05 16:32:22.196  8006  8031 E IMGMapper: set:488 set: Unset optional value from type SMPTE2086
11-05 16:32:22.196  8006  8031 E IMGMapper: set:488 set: Unset optional value from type CTA861_3
11-05 16:32:22.212  8006  8121 D skia    : SkJpegCodec::onGetPixels -
11-05 16:32:22.218  8006  8031 E IMGMapper: set:488 set: Unset optional value from type SMPTE2086
11-05 16:32:22.218  8006  8031 E IMGMapper: set:488 set: Unset optional value from type CTA861_3
11-05 16:32:22.229  8006  8031 E IMGMapper: set:488 set: Unset optional value from type SMPTE2086
11-05 16:32:22.229  8006  8031 E IMGMapper: set:488 set: Unset optional value from type CTA861_3
11-05 16:32:22.246  8006  8031 E IMGMapper: set:488 set: Unset optional value from type SMPTE2086
11-05 16:32:22.246  8006  8031 E IMGMapper: set:488 set: Unset optional value from type CTA861_3
11-05 16:32:22.268  8006  8031 E IMGMapper: set:488 set: Unset optional value from type SMPTE2086
11-05 16:32:22.268  8006  8031 E IMGMapper: set:488 set: Unset optional value from type CTA861_3
11-05 16:32:22.274  8006  8006 W unknown:WrappingUtils: Don't know how to round that drawable: com.facebook.react.views.image.ReactImageDownloadListener$EmptyDrawable@8f1a67a
11-05 16:32:22.277   543   543 D io_stats: !@ 179,0 r 626022017 7565159298 w 113288893 1199601508 d 1261305 33797724 f 0 0 iot 322142420 0 th 0 0 0 pt 0 inp 0 0 3390868.534
11-05 16:32:22.285  8006  8031 E IMGMapper: set:488 set: Unset optional value from type SMPTE2086
11-05 16:32:22.286  8006  8031 E IMGMapper: set:488 set: Unset optional value from type CTA861_3
11-05 16:32:22.296  8006  8006 W unknown:WrappingUtils: Don't know how to round that drawable: com.facebook.react.views.image.ReactImageDownloadListener$EmptyDrawable@bf93e2b
11-05 16:32:22.331  8006  8031 E IMGMapper: set:488 set: Unset optional value from type SMPTE2086
11-05 16:32:22.331  8006  8031 E IMGMapper: set:488 set: Unset optional value from type CTA861_3
11-05 16:32:22.350  8006  8031 E IMGMapper: set:488 set: Unset optional value from type SMPTE2086
11-05 16:32:22.350  8006  8031 E IMGMapper: set:488 set: Unset optional value from type CTA861_3
11-05 16:32:22.365  8006  8031 E IMGMapper: set:488 set: Unset optional value from type SMPTE2086
11-05 16:32:22.365  8006  8031 E IMGMapper: set:488 set: Unset optional value from type CTA861_3
11-05 16:32:22.383  8006  8031 E IMGMapper: set:488 set: Unset optional value from type SMPTE2086
11-05 16:32:22.383  8006  8031 E IMGMapper: set:488 set: Unset optional value from type CTA861_3
11-05 16:32:22.398  8006  8031 E IMGMapper: set:488 set: Unset optional value from type SMPTE2086
11-05 16:32:22.398  8006  8031 E IMGMapper: set:488 set: Unset optional value from type CTA861_3
11-05 16:32:22.414  8006  8031 E IMGMapper: set:488 set: Unset optional value from type SMPTE2086
11-05 16:32:22.414  8006  8031 E IMGMapper: set:488 set: Unset optional value from type CTA861_3
11-05 16:32:22.431  8006  8031 E IMGMapper: set:488 set: Unset optional value from type SMPTE2086
11-05 16:32:22.431  8006  8031 E IMGMapper: set:488 set: Unset optional value from type CTA861_3
11-05 16:32:22.452  8006  8031 E IMGMapper: set:488 set: Unset optional value from type SMPTE2086
11-05 16:32:22.452  8006  8031 E IMGMapper: set:488 set: Unset optional value from type CTA861_3
11-05 16:32:22.465  8006  8031 E IMGMapper: set:488 set: Unset optional value from type SMPTE2086
11-05 16:32:22.465  8006  8031 E IMGMapper: set:488 set: Unset optional value from type CTA861_3
11-05 16:32:22.484  8006  8031 E IMGMapper: set:488 set: Unset optional value from type SMPTE2086
11-05 16:32:22.484  8006  8031 E IMGMapper: set:488 set: Unset optional value from type CTA861_3
11-05 16:32:22.504  8006  8031 E IMGMapper: set:488 set: Unset optional value from type SMPTE2086
11-05 16:32:22.504  8006  8031 E IMGMapper: set:488 set: Unset optional value from type CTA861_3
11-05 16:32:22.516  8006  8031 E IMGMapper: set:488 set: Unset optional value from type SMPTE2086
11-05 16:32:22.516  8006  8031 E IMGMapper: set:488 set: Unset optional value from type CTA861_3
11-05 16:32:22.531  8006  8031 E IMGMapper: set:488 set: Unset optional value from type SMPTE2086
11-05 16:32:22.531  8006  8031 E IMGMapper: set:488 set: Unset optional value from type CTA861_3
11-05 16:32:22.554  8006  8031 E IMGMapper: set:488 set: Unset optional value from type SMPTE2086
11-05 16:32:22.554  8006  8031 E IMGMapper: set:488 set: Unset optional value from type CTA861_3
11-05 16:32:22.554  1737  1942 D MobileStatusTracker(0/2): onSignalStrengthsChanged level=3, vendorLevel=3
11-05 16:32:22.561  1737  1942 D MobileSignalController(0/2): notifyListener: enabled=true, connected=true, dataConnected=true, networkType=LTE (4G), emergencyOnly=false, roaming=false, isDefault=false, dataActivity=, level=3, ca=false, mmWave=false, disabledDataIcon=false, simCard=ETC
11-05 16:32:22.561  1737  1942 D NetworkController: SignalStrength from intent slotId=0
11-05 16:32:22.567  8006  8031 E IMGMapper: set:488 set: Unset optional value from type SMPTE2086
11-05 16:32:22.567  8006  8031 E IMGMapper: set:488 set: Unset optional value from type CTA861_3
11-05 16:32:22.582  8006  8031 E IMGMapper: set:488 set: Unset optional value from type SMPTE2086
11-05 16:32:22.582  8006  8031 E IMGMapper: set:488 set: Unset optional value from type CTA861_3
11-05 16:32:22.599  8006  8031 E IMGMapper: set:488 set: Unset optional value from type SMPTE2086
11-05 16:32:22.599  8006  8031 E IMGMapper: set:488 set: Unset optional value from type CTA861_3
11-05 16:32:22.615  8006  8031 E IMGMapper: set:488 set: Unset optional value from type SMPTE2086
11-05 16:32:22.615  8006  8031 E IMGMapper: set:488 set: Unset optional value from type CTA861_3
11-05 16:32:22.631  8006  8031 E IMGMapper: set:488 set: Unset optional value from type SMPTE2086
11-05 16:32:22.631  8006  8031 E IMGMapper: set:488 set: Unset optional value from type CTA861_3
11-05 16:32:22.649  8006  8031 E IMGMapper: set:488 set: Unset optional value from type SMPTE2086
11-05 16:32:22.649  8006  8031 E IMGMapper: set:488 set: Unset optional value from type CTA861_3
11-05 16:32:22.650  1187  1661 D OpenNetworkQos[4.00]: getOpenNetworkQosNoInternetStatus: false[Private DNS is active. Result is ignored.]
11-05 16:32:22.650  1187  1661 D OpenNetworkQos[4.00]: getOpenNetworkQosScores: 26 23 23 [Private DNS is active. Result is ignored.]
11-05 16:32:22.664  8006  8031 E IMGMapper: set:488 set: Unset optional value from type SMPTE2086
11-05 16:32:22.664  8006  8031 E IMGMapper: set:488 set: Unset optional value from type CTA861_3
11-05 16:32:22.681  8006  8031 E IMGMapper: set:488 set: Unset optional value from type SMPTE2086
11-05 16:32:22.681  8006  8031 E IMGMapper: set:488 set: Unset optional value from type CTA861_3
11-05 16:32:22.697  8006  8031 E IMGMapper: set:488 set: Unset optional value from type SMPTE2086
11-05 16:32:22.697  8006  8031 E IMGMapper: set:488 set: Unset optional value from type CTA861_3
11-05 16:32:22.714  8006  8031 E IMGMapper: set:488 set: Unset optional value from type SMPTE2086
11-05 16:32:22.715  8006  8031 E IMGMapper: set:488 set: Unset optional value from type CTA861_3
11-05 16:32:22.731  8006  8031 E IMGMapper: set:488 set: Unset optional value from type SMPTE2086
11-05 16:32:22.731  8006  8031 E IMGMapper: set:488 set: Unset optional value from type CTA861_3
11-05 16:32:22.747  8006  8031 E IMGMapper: set:488 set: Unset optional value from type SMPTE2086
11-05 16:32:22.747  8006  8031 E IMGMapper: set:488 set: Unset optional value from type CTA861_3
11-05 16:32:22.749  1039  1039 I BufferQueueProducer: [com.cinemamovel/com.cinemamovel.MainActivity$_8006#684455](this:0xb400007a26313838,id:-1,api:0,p:-1,c:1039) queueBuffer: fps=56.15 dur=1015.09 max=33.67 min=16.00
11-05 16:32:22.752   991   991 I hwcomposer: [HWCDisplay] [Display_0 (type:1)] fps:56.112808,dur:1015.81,max:34.41,min:15.44  
11-05 16:32:22.764  8006  8031 E IMGMapper: set:488 set: Unset optional value from type SMPTE2086
11-05 16:32:22.764  8006  8031 E IMGMapper: set:488 set: Unset optional value from type CTA861_3
11-05 16:32:22.780  8006  8031 E IMGMapper: set:488 set: Unset optional value from type SMPTE2086
11-05 16:32:22.780  8006  8031 E IMGMapper: set:488 set: Unset optional value from type CTA861_3
11-05 16:32:22.797  8006  8031 E IMGMapper: set:488 set: Unset optional value from type SMPTE2086
11-05 16:32:22.797  8006  8031 E IMGMapper: set:488 set: Unset optional value from type CTA861_3
11-05 16:32:22.798  1187  4549 D InputDispatcher: Inject motion (8150/2000): action=0x0, time=3390869056000000, f=0x0, d=0 dsdx=1.000000 dtdx=0.000000
11-05 16:32:22.799  1187  1534 I InputDispatcher: Delivering touch to (1737): action: 0x4, f=0x0, d=0, 'd92b8ad', t=1 
11-05 16:32:22.800  1187  1534 I InputDispatcher: Delivering touch to (8006): action: 0x0, f=0x0, d=0, '70b86e2', t=1 
11-05 16:32:22.800  1187  1534 D PowerManagerService: [api] userActivityFromNative :  (event: 2 flags: 0 displayId: 0) eventTime = 3390869056
11-05 16:32:22.800  1187  1303 I GestureDetector: obtain mCurrentDownEvent. id: -750098660 caller: com.android.server.wm.SystemGesturesPointerEventListener.onPointerEvent:203 com.android.server.wm.PointerEventDispatcher.onInputEvent:53 android.view.InputEventReceiver.dispatchInputEvent:285 
11-05 16:32:22.801  1187  1303 I GestureDetector: obtain mCurrentDownEvent. id: -750098660 caller: com.android.server.wm.SystemPerformancePointerEventListener.onPointerEvent:89 com.android.server.wm.PointerEventDispatcher.onInputEvent:53 android.view.InputEventReceiver.dispatchInputEvent:285 
11-05 16:32:22.803  8006  8006 I ViewRootImpl@33d0bcf[MainActivity]: ViewPostIme pointer 0
11-05 16:32:22.812  1187  1303 I GestureDetector: obtain mCurrentMotionEventRaw. action: 2 id: -604111727
11-05 16:32:22.812  1187  1303 I GestureDetector: obtain mCurrentMotionEventRaw. action: 2 id: -604111727
11-05 16:32:22.818   896   910 I mtkpower_client: perf_lock_rel, hdl:1042699, tid:910
11-05 16:32:22.819   896   910 I mtkpower_client: perf_lock_acq, hdl:0, dur:0, num:2, tid:910
11-05 16:32:22.819  1014  1065 I libPowerHal: [perfLockRel] hdl:1042699, idx:1
11-05 16:32:22.820  1014  1065 I libPowerHal: vendor.samsung.: cpu_ctrl set cpu freq: 1218000 -1 -1 -1
11-05 16:32:22.821  1014  1065 I libPowerHal: [perfLockAcq] idx:2 hdl:1042701 hint:-1 pid:896 duration:0 lock_user:vendor.samsung. => ret_hdl:1042701
11-05 16:32:22.821   896   910 I mtkpower_client: ret_hdl:1042701
11-05 16:32:22.821  1014  1065 I libPowerHal: vendor.samsung.: cpu_ctrl set cpu freq: 1218000 -1 1138000 -1
11-05 16:32:22.821   896   910 I mtkpower_client: perf_lock_rel, hdl:1042700, tid:910
11-05 16:32:22.822  8006  8031 E IMGMapper: set:488 set: Unset optional value from type SMPTE2086
11-05 16:32:22.822  8006  8031 E IMGMapper: set:488 set: Unset optional value from type CTA861_3
11-05 16:32:22.822   896   910 I mtkpower_client: perf_lock_acq, hdl:0, dur:0, num:2, tid:910
11-05 16:32:22.823  1014  1065 I libPowerHal: [perfLockRel] hdl:1042700, idx:0
11-05 16:32:22.825  1014  1065 I libPowerHal: vendor.samsung.: cpu_ctrl set cpu freq: -1 -1 1138000 -1
11-05 16:32:22.828  1014  1065 I libPowerHal: [perfLockAcq] idx:1 hdl:1042702 hint:-1 pid:896 duration:0 lock_user:vendor.samsung. => ret_hdl:1042702
11-05 16:32:22.828   896   910 I mtkpower_client: ret_hdl:1042702
11-05 16:32:22.828   896   910 I HYPER-HAL: [RequestManager.cpp]releaseLocked(): Released ID : 725427
11-05 16:32:22.828  1014  1065 I libPowerHal: vendor.samsung.: cpu_ctrl set cpu freq: 1218000 -1 1138000 -1
11-05 16:32:22.836  8006  8031 E IMGMapper: set:488 set: Unset optional value from type SMPTE2086
11-05 16:32:22.836  8006  8031 E IMGMapper: set:488 set: Unset optional value from type CTA861_3
11-05 16:32:22.853  8006  8031 E IMGMapper: set:488 set: Unset optional value from type SMPTE2086
11-05 16:32:22.853  8006  8031 E IMGMapper: set:488 set: Unset optional value from type CTA861_3
11-05 16:32:22.871  8006  8031 E IMGMapper: set:488 set: Unset optional value from type SMPTE2086
11-05 16:32:22.871  8006  8031 E IMGMapper: set:488 set: Unset optional value from type CTA861_3
11-05 16:32:22.879  8006  8031 E IMGMapper: set:488 set: Unset optional value from type SMPTE2086
11-05 16:32:22.879  8006  8031 E IMGMapper: set:488 set: Unset optional value from type CTA861_3
11-05 16:32:22.896  8006  8031 E IMGMapper: set:488 set: Unset optional value from type SMPTE2086
11-05 16:32:22.896  8006  8031 E IMGMapper: set:488 set: Unset optional value from type CTA861_3
11-05 16:32:22.913  8006  8031 E IMGMapper: set:488 set: Unset optional value from type SMPTE2086
11-05 16:32:22.913  8006  8031 E IMGMapper: set:488 set: Unset optional value from type CTA861_3
11-05 16:32:22.930  8006  8031 E IMGMapper: set:488 set: Unset optional value from type SMPTE2086
11-05 16:32:22.930  8006  8031 E IMGMapper: set:488 set: Unset optional value from type CTA861_3
11-05 16:32:22.944  8006  8031 E IMGMapper: set:488 set: Unset optional value from type SMPTE2086
11-05 16:32:22.944  8006  8031 E IMGMapper: set:488 set: Unset optional value from type CTA861_3
11-05 16:32:22.960  8006  8031 E IMGMapper: set:488 set: Unset optional value from type SMPTE2086
11-05 16:32:22.960  8006  8031 E IMGMapper: set:488 set: Unset optional value from type CTA861_3
11-05 16:32:22.982  8006  8031 E IMGMapper: set:488 set: Unset optional value from type SMPTE2086
11-05 16:32:22.982  8006  8031 E IMGMapper: set:488 set: Unset optional value from type CTA861_3
11-05 16:32:22.994  8006  8031 E IMGMapper: set:488 set: Unset optional value from type SMPTE2086
11-05 16:32:22.995  8006  8031 E IMGMapper: set:488 set: Unset optional value from type CTA861_3
11-05 16:32:23.011  8006  8031 E IMGMapper: set:488 set: Unset optional value from type SMPTE2086
11-05 16:32:23.011  8006  8031 E IMGMapper: set:488 set: Unset optional value from type CTA861_3
11-05 16:32:23.039  8006  8031 E IMGMapper: set:488 set: Unset optional value from type SMPTE2086
11-05 16:32:23.039  8006  8031 E IMGMapper: set:488 set: Unset optional value from type CTA861_3
11-05 16:32:23.047  8006  8031 E IMGMapper: set:488 set: Unset optional value from type SMPTE2086
11-05 16:32:23.047  8006  8031 E IMGMapper: set:488 set: Unset optional value from type CTA861_3
11-05 16:32:23.057  8006  8006 W unknown:WrappingUtils: Don't know how to round that drawable: com.facebook.react.views.image.ReactImageDownloadListener$EmptyDrawable@84fa791
11-05 16:32:23.065  8006  8031 E IMGMapper: set:488 set: Unset optional value from type SMPTE2086
11-05 16:32:23.065  8006  8031 E IMGMapper: set:488 set: Unset optional value from type CTA861_3
11-05 16:32:23.083  8006  8031 E IMGMapper: set:488 set: Unset optional value from type SMPTE2086
11-05 16:32:23.083  8006  8031 E IMGMapper: set:488 set: Unset optional value from type CTA861_3
11-05 16:32:23.097  8006  8006 W unknown:WrappingUtils: Don't know how to round that drawable: com.facebook.react.views.image.ReactImageDownloadListener$EmptyDrawable@edde9da
11-05 16:32:23.115  8006  8133 D skia    : SkJpegCodec::onGetPixels +
11-05 16:32:23.130  1187  4549 D InputDispatcher: Inject motion (8150/2000): action=0x1, time=3390869388000000, f=0x0, d=0 dsdx=1.000000 dtdx=0.000000
11-05 16:32:23.131  1187  1534 I InputDispatcher: Delivering touch to (8006): action: 0x1, f=0x0, d=0, '70b86e2', t=1 
11-05 16:32:23.131  8006  8031 E IMGMapper: set:488 set: Unset optional value from type SMPTE2086
11-05 16:32:23.131  8006  8031 E IMGMapper: set:488 set: Unset optional value from type CTA861_3
11-05 16:32:23.134  1187  1187 I SemDvfsHyPerManager: acquire hyper - SMOOTH_SCROLL/1187@17, type = -999
11-05 16:32:23.134   896   910 I HYPER-HAL: [RequestManager.cpp]acquire(): Acquired ID : 725427  [1187 / 17]    HINT : SMOOTH_SCROLL    list : 
11-05 16:32:23.135  8006  8006 I ViewRootImpl@33d0bcf[MainActivity]: ViewPostIme pointer 1
11-05 16:32:23.135   896   910 I mtkpower_client: perf_lock_rel, hdl:1042701, tid:910
11-05 16:32:23.136  8006  8133 D skia    : SkJpegCodec::onGetPixels -
11-05 16:32:23.136   896   910 I mtkpower_client: perf_lock_acq, hdl:0, dur:0, num:2, tid:910
11-05 16:32:23.137  1014  1065 I libPowerHal: [perfLockRel] hdl:1042701, idx:2
11-05 16:32:23.137  1014  1065 I libPowerHal: vendor.samsung.: cpu_ctrl set cpu freq: 1218000 -1 -1 -1
11-05 16:32:23.138   896   910 I mtkpower_client: ret_hdl:1042703
11-05 16:32:23.138  1187  1187 D SGM:GameManager: identifyGamePackage. com.cinemamovel, mCurrentUserId: 0, callerUserId: 0, callingMethodInfo: com.android.server.ssrm.fgapps.GameAppUtils.isGame(GameAppUtils.java:84)
11-05 16:32:23.138   896   910 I mtkpower_client: perf_lock_rel, hdl:1042702, tid:910
11-05 16:32:23.138  1187  1187 D SGM:PkgDataHelper: getGamePkgData(). com.cinemamovel
11-05 16:32:23.138  1014  1065 I libPowerHal: [perfLockAcq] idx:0 hdl:1042703 hint:-1 pid:896 duration:0 lock_user:vendor.samsung. => ret_hdl:1042703
11-05 16:32:23.138  1187  1187 I SemDvfsHyPerManager: acquire hyper - GESTURE_DETECTED/1187@18, type = -999
11-05 16:32:23.138  1014  1065 I libPowerHal: vendor.samsung.: cpu_ctrl set cpu freq: 1218000 -1 1138000 -1
11-05 16:32:23.139   896   910 I mtkpower_client: perf_lock_acq, hdl:0, dur:0, num:2, tid:910
11-05 16:32:23.139  1187  1187 D SGM:GameManager: identifyGamePackage. com.cinemamovel, mCurrentUserId: 0, callerUserId: 0, callingMethodInfo: com.android.server.ssrm.fgapps.GameAppUtils.isGame(GameAppUtils.java:84)
11-05 16:32:23.139  1014  1065 I libPowerHal: [perfLockRel] hdl:1042702, idx:1
11-05 16:32:23.140  1187  1187 D SGM:PkgDataHelper: getGamePkgData(). com.cinemamovel
11-05 16:32:23.140  1187  1187 I SemDvfsHyPerManager: acquire hyper - GESTURE_DETECTED/1187@18, type = -999
11-05 16:32:23.140  1014  1065 I libPowerHal: vendor.samsung.: cpu_ctrl set cpu freq: -1 -1 1138000 -1
11-05 16:32:23.140  8006  8031 E IMGMapper: set:488 set: Unset optional value from type SMPTE2086
11-05 16:32:23.140  8006  8031 E IMGMapper: set:488 set: Unset optional value from type CTA861_3
11-05 16:32:23.141   896   910 I mtkpower_client: ret_hdl:1042704
11-05 16:32:23.141  1014  1065 I libPowerHal: [perfLockAcq] idx:2 hdl:1042704 hint:-1 pid:896 duration:0 lock_user:vendor.samsung. => ret_hdl:1042704
11-05 16:32:23.141   896   910 I mtkpower_client: perf_lock_rel, hdl:1042703, tid:910
11-05 16:32:23.141  1014  1065 I libPowerHal: vendor.samsung.: cpu_ctrl set cpu freq: 1218000 -1 1138000 -1
11-05 16:32:23.142   896   910 I mtkpower_client: perf_lock_acq, hdl:0, dur:0, num:2, tid:910
11-05 16:32:23.142  1014  1065 I libPowerHal: [perfLockRel] hdl:1042703, idx:0
11-05 16:32:23.143  1014  1065 I libPowerHal: vendor.samsung.: cpu_ctrl set cpu freq: 1218000 -1 -1 -1
11-05 16:32:23.144   896   910 I mtkpower_client: ret_hdl:1042705
11-05 16:32:23.144   896   910 I mtkpower_client: perf_lock_rel, hdl:1042704, tid:910
11-05 16:32:23.144  1014  1065 I libPowerHal: [perfLockAcq] idx:0 hdl:1042705 hint:-1 pid:896 duration:0 lock_user:vendor.samsung. => ret_hdl:1042705
11-05 16:32:23.144  1014  1065 I libPowerHal: vendor.samsung.: cpu_ctrl set cpu freq: 1218000 -1 1138000 -1
11-05 16:32:23.144   896   910 I mtkpower_client: perf_lock_acq, hdl:0, dur:0, num:2, tid:910
11-05 16:32:23.145   896   910 I mtkpower_client: ret_hdl:1042706
11-05 16:32:23.145   896   910 I HYPER-HAL: [RequestManager.cpp]releaseLocked(): Released ID : 725427
11-05 16:32:23.145   896   910 I HYPER-HAL: [RequestManager.cpp]acquire(): Acquired ID : 726633  [1187 / 18]    HINT : GESTURE_DETECTED    list : [TIMEOUT / 1702] 
11-05 16:32:23.145   896   910 I HYPER-HAL: [RequestManager.cpp]acquire(): Acquired ID : 726633  [1187 / 18]    HINT : GESTURE_DETECTED    list : [TIMEOUT / 1702] 
11-05 16:32:23.146  1014  1065 I libPowerHal: [perfLockRel] hdl:1042704, idx:2
11-05 16:32:23.146  1014  1065 I libPowerHal: vendor.samsung.: cpu_ctrl set cpu freq: -1 -1 1138000 -1
11-05 16:32:23.147  1187  1187 I SemDvfsHyPerManager: acquire hyper - SMOOTH_SCROLL/1187@17, type = -999
11-05 16:32:23.147  1014  1065 I libPowerHal: [perfLockAcq] idx:1 hdl:1042706 hint:-1 pid:896 duration:0 lock_user:vendor.samsung. => ret_hdl:1042706
11-05 16:32:23.148   896   910 I HYPER-HAL: [RequestManager.cpp]acquire(): Acquired ID : 725427  [1187 / 17]    HINT : SMOOTH_SCROLL    list : 
11-05 16:32:23.148  1014  1065 I libPowerHal: vendor.samsung.: cpu_ctrl set cpu freq: 1218000 -1 1138000 -1
11-05 16:32:23.149   896   910 I mtkpower_client: perf_lock_rel, hdl:1042705, tid:910
11-05 16:32:23.149   896   910 I mtkpower_client: perf_lock_acq, hdl:0, dur:0, num:2, tid:910
11-05 16:32:23.150  1014  1065 I libPowerHal: [perfLockRel] hdl:1042705, idx:0
11-05 16:32:23.150  1014  1065 I libPowerHal: vendor.samsung.: cpu_ctrl set cpu freq: 1218000 -1 -1 -1
11-05 16:32:23.152  1014  1065 I libPowerHal: [perfLockAcq] idx:2 hdl:1042707 hint:-1 pid:896 duration:0 lock_user:vendor.samsung. => ret_hdl:1042707
11-05 16:32:23.152   896   910 I mtkpower_client: ret_hdl:1042707
11-05 16:32:23.152   896   910 I mtkpower_client: perf_lock_rel, hdl:1042706, tid:910
11-05 16:32:23.152  1014  1065 I libPowerHal: vendor.samsung.: cpu_ctrl set cpu freq: 1218000 -1 1138000 -1
11-05 16:32:23.153   896   910 I mtkpower_client: perf_lock_acq, hdl:0, dur:0, num:2, tid:910
11-05 16:32:23.154  1014  1065 I libPowerHal: [perfLockRel] hdl:1042706, idx:1
11-05 16:32:23.154  1014  1065 I libPowerHal: vendor.samsung.: cpu_ctrl set cpu freq: -1 -1 1138000 -1
11-05 16:32:23.155   896   910 I mtkpower_client: ret_hdl:1042708
11-05 16:32:23.156  1014  1065 I libPowerHal: [perfLockAcq] idx:0 hdl:1042708 hint:-1 pid:896 duration:0 lock_user:vendor.samsung. => ret_hdl:1042708
11-05 16:32:23.156  1014  1065 I libPowerHal: vendor.samsung.: cpu_ctrl set cpu freq: 1218000 -1 1138000 -1
11-05 16:32:23.158  8006  8031 E IMGMapper: set:488 set: Unset optional value from type SMPTE2086
11-05 16:32:23.159  8006  8031 E IMGMapper: set:488 set: Unset optional value from type CTA861_3
11-05 16:32:23.177  8006  8031 E IMGMapper: set:488 set: Unset optional value from type SMPTE2086
11-05 16:32:23.178  8006  8031 E IMGMapper: set:488 set: Unset optional value from type CTA861_3
11-05 16:32:23.193  8006  8134 D skia    : SkJpegCodec::onGetPixels +
11-05 16:32:23.198  8006  8031 E IMGMapper: set:488 set: Unset optional value from type SMPTE2086
11-05 16:32:23.198  8006  8031 E IMGMapper: set:488 set: Unset optional value from type CTA861_3
11-05 16:32:23.206  8006  8138 D skia    : SkJpegCodec::onGetPixels +
11-05 16:32:23.210  8006  8031 E IMGMapper: set:488 set: Unset optional value from type SMPTE2086
11-05 16:32:23.210  8006  8031 E IMGMapper: set:488 set: Unset optional value from type CTA861_3
11-05 16:32:23.218  8006  8134 D skia    : SkJpegCodec::onGetPixels -
11-05 16:32:23.221  8006  8138 D skia    : SkJpegCodec::onGetPixels -
11-05 16:32:23.224  8006  8091 D skia    : SkJpegCodec::onGetPixels +
11-05 16:32:23.226  8006  8031 E IMGMapper: set:488 set: Unset optional value from type SMPTE2086
11-05 16:32:23.226  8006  8031 E IMGMapper: set:488 set: Unset optional value from type CTA861_3
11-05 16:32:23.242  8006  8031 E IMGMapper: set:488 set: Unset optional value from type SMPTE2086
11-05 16:32:23.242  8006  8031 E IMGMapper: set:488 set: Unset optional value from type CTA861_3
11-05 16:32:23.245  8006  8091 D skia    : SkJpegCodec::onGetPixels -
11-05 16:32:23.258  8006  8031 E IMGMapper: set:488 set: Unset optional value from type SMPTE2086
11-05 16:32:23.258  8006  8031 E IMGMapper: set:488 set: Unset optional value from type CTA861_3
11-05 16:32:23.272  8006  8006 W unknown:WrappingUtils: Don't know how to round that drawable: com.facebook.react.views.image.ReactImageDownloadListener$EmptyDrawable@5f77ff4
11-05 16:32:23.274  8006  8031 E IMGMapper: set:488 set: Unset optional value from type SMPTE2086
11-05 16:32:23.274  8006  8031 E IMGMapper: set:488 set: Unset optional value from type CTA861_3
11-05 16:32:23.282  1039  1039 I SurfaceFlinger: SFWD update time=3390869539591550
11-05 16:32:23.294  8006  8031 E IMGMapper: set:488 set: Unset optional value from type SMPTE2086
11-05 16:32:23.294  8006  8031 E IMGMapper: set:488 set: Unset optional value from type CTA861_3
11-05 16:32:23.307  8006  8006 W unknown:WrappingUtils: Don't know how to round that drawable: com.facebook.react.views.image.ReactImageDownloadListener$EmptyDrawable@a14b419
11-05 16:32:23.308  8006  8031 E IMGMapper: set:488 set: Unset optional value from type SMPTE2086
11-05 16:32:23.308  8006  8031 E IMGMapper: set:488 set: Unset optional value from type CTA861_3
11-05 16:32:23.336  8006  8031 E IMGMapper: set:488 set: Unset optional value from type SMPTE2086
11-05 16:32:23.336  8006  8031 E IMGMapper: set:488 set: Unset optional value from type CTA861_3
11-05 16:32:23.348  8006  8031 E IMGMapper: set:488 set: Unset optional value from type SMPTE2086
11-05 16:32:23.348  8006  8031 E IMGMapper: set:488 set: Unset optional value from type CTA861_3
11-05 16:32:23.350  8006  8119 D skia    : SkJpegCodec::onGetPixels +
11-05 16:32:23.364  8006  8031 E IMGMapper: set:488 set: Unset optional value from type SMPTE2086
11-05 16:32:23.364  8006  8031 E IMGMapper: set:488 set: Unset optional value from type CTA861_3
11-05 16:32:23.372  8006  8119 D skia    : SkJpegCodec::onGetPixels -
11-05 16:32:23.380  8006  8031 E IMGMapper: set:488 set: Unset optional value from type SMPTE2086
11-05 16:32:23.380  8006  8031 E IMGMapper: set:488 set: Unset optional value from type CTA861_3
11-05 16:32:23.396  8006  8031 E IMGMapper: set:488 set: Unset optional value from type SMPTE2086
11-05 16:32:23.396  8006  8031 E IMGMapper: set:488 set: Unset optional value from type CTA861_3
11-05 16:32:23.410  8006  8031 E IMGMapper: set:488 set: Unset optional value from type SMPTE2086
11-05 16:32:23.410  8006  8031 E IMGMapper: set:488 set: Unset optional value from type CTA861_3
11-05 16:32:23.432  8006  8031 E IMGMapper: set:488 set: Unset optional value from type SMPTE2086
11-05 16:32:23.432  8006  8031 E IMGMapper: set:488 set: Unset optional value from type CTA861_3
11-05 16:32:23.443  8006  8031 E IMGMapper: set:488 set: Unset optional value from type SMPTE2086
11-05 16:32:23.443  8006  8031 E IMGMapper: set:488 set: Unset optional value from type CTA861_3
11-05 16:32:23.460  8006  8031 E IMGMapper: set:488 set: Unset optional value from type SMPTE2086
11-05 16:32:23.460  8006  8031 E IMGMapper: set:488 set: Unset optional value from type CTA861_3
11-05 16:32:23.490  8006  8031 E IMGMapper: set:488 set: Unset optional value from type SMPTE2086
11-05 16:32:23.491  8006  8031 E IMGMapper: set:488 set: Unset optional value from type CTA861_3
11-05 16:32:23.500  8006  8031 E IMGMapper: set:488 set: Unset optional value from type SMPTE2086
11-05 16:32:23.500  8006  8031 E IMGMapper: set:488 set: Unset optional value from type CTA861_3
11-05 16:32:23.511  8006  8031 E IMGMapper: set:488 set: Unset optional value from type SMPTE2086
11-05 16:32:23.511  8006  8031 E IMGMapper: set:488 set: Unset optional value from type CTA861_3
11-05 16:32:23.521  8006  8006 W unknown:WrappingUtils: Don't know how to round that drawable: com.facebook.react.views.image.ReactImageDownloadListener$EmptyDrawable@63dacc1
11-05 16:32:23.535  8006  8031 E IMGMapper: set:488 set: Unset optional value from type SMPTE2086
11-05 16:32:23.535  8006  8031 E IMGMapper: set:488 set: Unset optional value from type CTA861_3
11-05 16:32:23.552  8006  8031 E IMGMapper: set:488 set: Unset optional value from type SMPTE2086
11-05 16:32:23.552  8006  8006 W unknown:WrappingUtils: Don't know how to round that drawable: com.facebook.react.views.image.ReactImageDownloadListener$EmptyDrawable@e5205b5
11-05 16:32:23.552  8006  8031 E IMGMapper: set:488 set: Unset optional value from type CTA861_3
11-05 16:32:23.587  8006  8031 E IMGMapper: set:488 set: Unset optional value from type SMPTE2086
11-05 16:32:23.587  8006  8031 E IMGMapper: set:488 set: Unset optional value from type CTA861_3
11-05 16:32:23.595  8006  8031 E IMGMapper: set:488 set: Unset optional value from type SMPTE2086
11-05 16:32:23.595  8006  8031 E IMGMapper: set:488 set: Unset optional value from type CTA861_3
11-05 16:32:23.609  8006  8031 E IMGMapper: set:488 set: Unset optional value from type SMPTE2086
11-05 16:32:23.609  8006  8031 E IMGMapper: set:488 set: Unset optional value from type CTA861_3
11-05 16:32:23.627  8006  8031 E IMGMapper: set:488 set: Unset optional value from type SMPTE2086
11-05 16:32:23.628  8006  8031 E IMGMapper: set:488 set: Unset optional value from type CTA861_3
11-05 16:32:23.644  8006  8031 E IMGMapper: set:488 set: Unset optional value from type SMPTE2086
11-05 16:32:23.645  8006  8031 E IMGMapper: set:488 set: Unset optional value from type CTA861_3
11-05 16:32:23.661  8006  8031 E IMGMapper: set:488 set: Unset optional value from type SMPTE2086
11-05 16:32:23.661  8006  8031 E IMGMapper: set:488 set: Unset optional value from type CTA861_3
11-05 16:32:23.675  8006  8031 E IMGMapper: set:488 set: Unset optional value from type SMPTE2086
11-05 16:32:23.675  8006  8031 E IMGMapper: set:488 set: Unset optional value from type CTA861_3
11-05 16:32:23.689  8006  8006 W unknown:WrappingUtils: Don't know how to round that drawable: com.facebook.react.views.image.ReactImageDownloadListener$EmptyDrawable@aa840b4
11-05 16:32:23.693  8006  8120 D skia    : SkJpegCodec::onGetPixels +
11-05 16:32:23.704  8006  8031 E IMGMapper: set:488 set: Unset optional value from type SMPTE2086
11-05 16:32:23.704  8006  8031 E IMGMapper: set:488 set: Unset optional value from type CTA861_3
11-05 16:32:23.713  8006  8120 D skia    : SkJpegCodec::onGetPixels -
11-05 16:32:23.715  8006  8122 D skia    : SkJpegCodec::onGetPixels +
11-05 16:32:23.723  8006  8031 E IMGMapper: set:488 set: Unset optional value from type SMPTE2086
11-05 16:32:23.723  8006  8031 E IMGMapper: set:488 set: Unset optional value from type CTA861_3
11-05 16:32:23.729  8006  8121 D skia    : SkJpegCodec::onGetPixels +
11-05 16:32:23.735  8006  8122 D skia    : SkJpegCodec::onGetPixels -
11-05 16:32:23.737  8006  8031 E IMGMapper: set:488 set: Unset optional value from type SMPTE2086
11-05 16:32:23.737  8006  8031 E IMGMapper: set:488 set: Unset optional value from type CTA861_3
11-05 16:32:23.741  8006  8006 W unknown:WrappingUtils: Don't know how to round that drawable: com.facebook.react.views.image.ReactImageDownloadListener$EmptyDrawable@259896f
11-05 16:32:23.749  8006  8121 D skia    : SkJpegCodec::onGetPixels -
11-05 16:32:23.753  8006  8031 E IMGMapper: set:488 set: Unset optional value from type SMPTE2086
11-05 16:32:23.753  8006  8031 E IMGMapper: set:488 set: Unset optional value from type CTA861_3
11-05 16:32:23.765  1039  1039 I BufferQueueProducer: [com.cinemamovel/com.cinemamovel.MainActivity$_8006#684455](this:0xb400007a26313838,id:-1,api:0,p:-1,c:1039) queueBuffer: fps=57.13 dur=1015.21 max=50.01 min=15.80
11-05 16:32:23.766   991   991 I hwcomposer: [HWCDisplay] [Display_0 (type:1)] fps:57.178581,dur:1014.37,max:50.22,min:15.37  
11-05 16:32:23.786  8006  8031 E IMGMapper: set:488 set: Unset optional value from type SMPTE2086
11-05 16:32:23.786  8006  8031 E IMGMapper: set:488 set: Unset optional value from type CTA861_3
11-05 16:32:23.792   999   999 D IMGMemtrackHAL: hal_get_memory: memtrack cache rebuild was required
11-05 16:32:23.804  8006  8031 E IMGMapper: set:488 set: Unset optional value from type SMPTE2086
11-05 16:32:23.805  8006  8031 E IMGMapper: set:488 set: Unset optional value from type CTA861_3
11-05 16:32:23.819  8006  8031 E IMGMapper: set:488 set: Unset optional value from type SMPTE2086
11-05 16:32:23.820  8006  8031 E IMGMapper: set:488 set: Unset optional value from type CTA861_3
11-05 16:32:23.831  1737  1942 D MobileStatusTracker(0/2): onSignalStrengthsChanged level=3, vendorLevel=3
11-05 16:32:23.833  8006  8031 E IMGMapper: set:488 set: Unset optional value from type SMPTE2086
11-05 16:32:23.833  8006  8031 E IMGMapper: set:488 set: Unset optional value from type CTA861_3
11-05 16:32:23.837  1737  1942 D MobileSignalController(0/2): notifyListener: enabled=true, connected=true, dataConnected=true, networkType=LTE (4G), emergencyOnly=false, roaming=false, isDefault=false, dataActivity=, level=3, ca=false, mmWave=false, disabledDataIcon=false, simCard=ETC
11-05 16:32:23.837  1737  1942 D NetworkController: SignalStrength from intent slotId=0
11-05 16:32:23.847  8006  8031 E IMGMapper: set:488 set: Unset optional value from type SMPTE2086
11-05 16:32:23.847  8006  8031 E IMGMapper: set:488 set: Unset optional value from type CTA861_3
11-05 16:32:23.862  8006  8031 E IMGMapper: set:488 set: Unset optional value from type SMPTE2086
11-05 16:32:23.863  8006  8031 E IMGMapper: set:488 set: Unset optional value from type CTA861_3
11-05 16:32:23.878  8006  8031 E IMGMapper: set:488 set: Unset optional value from type SMPTE2086
11-05 16:32:23.878  8006  8031 E IMGMapper: set:488 set: Unset optional value from type CTA861_3
11-05 16:32:23.895  8006  8031 E IMGMapper: set:488 set: Unset optional value from type SMPTE2086
11-05 16:32:23.895  8006  8031 E IMGMapper: set:488 set: Unset optional value from type CTA861_3
11-05 16:32:23.910  8006  8031 E IMGMapper: set:488 set: Unset optional value from type SMPTE2086
11-05 16:32:23.910  8006  8031 E IMGMapper: set:488 set: Unset optional value from type CTA861_3
11-05 16:32:23.927  8006  8031 E IMGMapper: set:488 set: Unset optional value from type SMPTE2086
11-05 16:32:23.927  8006  8031 E IMGMapper: set:488 set: Unset optional value from type CTA861_3
11-05 16:32:23.942  8006  8031 E IMGMapper: set:488 set: Unset optional value from type SMPTE2086
11-05 16:32:23.942  8006  8031 E IMGMapper: set:488 set: Unset optional value from type CTA861_3
11-05 16:32:23.959  8006  8031 E IMGMapper: set:488 set: Unset optional value from type SMPTE2086
11-05 16:32:23.959  8006  8031 E IMGMapper: set:488 set: Unset optional value from type CTA861_3
11-05 16:32:23.976  8006  8031 E IMGMapper: set:488 set: Unset optional value from type SMPTE2086
11-05 16:32:23.976  8006  8031 E IMGMapper: set:488 set: Unset optional value from type CTA861_3
11-05 16:32:23.979  1205  1205 I thermal_repeater: socket -1
11-05 16:32:23.995  8006  8031 E IMGMapper: set:488 set: Unset optional value from type SMPTE2086
11-05 16:32:23.996  8006  8031 E IMGMapper: set:488 set: Unset optional value from type CTA861_3
11-05 16:32:24.011  8006  8031 E IMGMapper: set:488 set: Unset optional value from type SMPTE2086
11-05 16:32:24.011  8006  8031 E IMGMapper: set:488 set: Unset optional value from type CTA861_3
11-05 16:32:24.030  8006  8031 E IMGMapper: set:488 set: Unset optional value from type SMPTE2086
11-05 16:32:24.030  8006  8031 E IMGMapper: set:488 set: Unset optional value from type CTA861_3
11-05 16:32:24.044  8006  8031 E IMGMapper: set:488 set: Unset optional value from type SMPTE2086
11-05 16:32:24.044  8006  8031 E IMGMapper: set:488 set: Unset optional value from type CTA861_3
11-05 16:32:24.060  8006  8031 E IMGMapper: set:488 set: Unset optional value from type SMPTE2086
11-05 16:32:24.060  8006  8031 E IMGMapper: set:488 set: Unset optional value from type CTA861_3
11-05 16:32:24.082  8006  8031 E IMGMapper: set:488 set: Unset optional value from type SMPTE2086
11-05 16:32:24.082  8006  8031 E IMGMapper: set:488 set: Unset optional value from type CTA861_3
11-05 16:32:24.094  8006  8031 E IMGMapper: set:488 set: Unset optional value from type SMPTE2086
11-05 16:32:24.094  8006  8031 E IMGMapper: set:488 set: Unset optional value from type CTA861_3
11-05 16:32:24.114  8006  8031 E IMGMapper: set:488 set: Unset optional value from type SMPTE2086
11-05 16:32:24.114  8006  8031 E IMGMapper: set:488 set: Unset optional value from type CTA861_3
11-05 16:32:24.129  8006  8031 E IMGMapper: set:488 set: Unset optional value from type SMPTE2086
11-05 16:32:24.129  8006  8031 E IMGMapper: set:488 set: Unset optional value from type CTA861_3
11-05 16:32:24.155  8006  8031 E IMGMapper: set:488 set: Unset optional value from type SMPTE2086
11-05 16:32:24.156  8006  8031 E IMGMapper: set:488 set: Unset optional value from type CTA861_3
11-05 16:32:24.163  8006  8031 E IMGMapper: set:488 set: Unset optional value from type SMPTE2086
11-05 16:32:24.164  8006  8031 E IMGMapper: set:488 set: Unset optional value from type CTA861_3
11-05 16:32:24.180  8006  8031 E IMGMapper: set:488 set: Unset optional value from type SMPTE2086
11-05 16:32:24.180  8006  8031 E IMGMapper: set:488 set: Unset optional value from type CTA861_3
11-05 16:32:24.195  8006  8031 E IMGMapper: set:488 set: Unset optional value from type SMPTE2086
11-05 16:32:24.195  8006  8031 E IMGMapper: set:488 set: Unset optional value from type CTA861_3
11-05 16:32:24.211  8006  8031 E IMGMapper: set:488 set: Unset optional value from type SMPTE2086
11-05 16:32:24.211  8006  8031 E IMGMapper: set:488 set: Unset optional value from type CTA861_3
11-05 16:32:24.227  8006  8031 E IMGMapper: set:488 set: Unset optional value from type SMPTE2086
11-05 16:32:24.227  8006  8031 E IMGMapper: set:488 set: Unset optional value from type CTA861_3
11-05 16:32:24.245  8006  8031 E IMGMapper: set:488 set: Unset optional value from type SMPTE2086
11-05 16:32:24.245  8006  8031 E IMGMapper: set:488 set: Unset optional value from type CTA861_3
11-05 16:32:24.261  8006  8031 E IMGMapper: set:488 set: Unset optional value from type SMPTE2086
11-05 16:32:24.261  8006  8031 E IMGMapper: set:488 set: Unset optional value from type CTA861_3
11-05 16:32:24.279  8006  8031 E IMGMapper: set:488 set: Unset optional value from type SMPTE2086
11-05 16:32:24.279  8006  8031 E IMGMapper: set:488 set: Unset optional value from type CTA861_3
11-05 16:32:24.281   543   543 D io_stats: !@ 179,0 r 626022034 7565159882 w 113288947 1199601704 d 1261305 33797724 f 0 0 iot 322142524 0 th 0 0 0 pt 0 inp 0 0 3390870.538
11-05 16:32:24.293  8006  8031 E IMGMapper: set:488 set: Unset optional value from type SMPTE2086
11-05 16:32:24.293  8006  8031 E IMGMapper: set:488 set: Unset optional value from type CTA861_3
11-05 16:32:24.302  8006  8133 D skia    : SkJpegCodec::onGetPixels +
11-05 16:32:24.309  8006  8031 E IMGMapper: set:488 set: Unset optional value from type SMPTE2086
11-05 16:32:24.309  8006  8031 E IMGMapper: set:488 set: Unset optional value from type CTA861_3
11-05 16:32:24.318  8006  8133 D skia    : SkJpegCodec::onGetPixels -
11-05 16:32:24.329  8006  8031 E IMGMapper: set:488 set: Unset optional value from type SMPTE2086
11-05 16:32:24.329  8006  8031 E IMGMapper: set:488 set: Unset optional value from type CTA861_3
11-05 16:32:24.343  8006  8031 E IMGMapper: set:488 set: Unset optional value from type SMPTE2086
11-05 16:32:24.343  8006  8031 E IMGMapper: set:488 set: Unset optional value from type CTA861_3
11-05 16:32:24.366  8006  8031 E IMGMapper: set:488 set: Unset optional value from type SMPTE2086
11-05 16:32:24.366  8006  8031 E IMGMapper: set:488 set: Unset optional value from type CTA861_3
11-05 16:32:24.377  8006  8031 E IMGMapper: set:488 set: Unset optional value from type SMPTE2086
11-05 16:32:24.377  8006  8031 E IMGMapper: set:488 set: Unset optional value from type CTA861_3
11-05 16:32:24.397  8006  8031 E IMGMapper: set:488 set: Unset optional value from type SMPTE2086
11-05 16:32:24.398  8006  8031 E IMGMapper: set:488 set: Unset optional value from type CTA861_3
11-05 16:32:24.411  8006  8031 E IMGMapper: set:488 set: Unset optional value from type SMPTE2086
11-05 16:32:24.411  8006  8031 E IMGMapper: set:488 set: Unset optional value from type CTA861_3
11-05 16:32:24.418  1187  1479 D InputDispatcher: Inject motion (8158/2000): action=0x0, time=3390870675000000, f=0x0, d=0 dsdx=1.000000 dtdx=0.000000
11-05 16:32:24.419  1187  1534 I InputDispatcher: Delivering touch to (1737): action: 0x4, f=0x0, d=0, 'd92b8ad', t=1 
11-05 16:32:24.419  1187  1534 I InputDispatcher: Delivering touch to (8006): action: 0x0, f=0x0, d=0, '70b86e2', t=1 
11-05 16:32:24.419  1187  1534 D PowerManagerService: [api] userActivityFromNative :  (event: 2 flags: 0 displayId: 0) eventTime = 3390870675
11-05 16:32:24.420  1187  1303 I GestureDetector: obtain mCurrentDownEvent. id: -410526461 caller: com.android.server.wm.SystemGesturesPointerEventListener.onPointerEvent:203 com.android.server.wm.PointerEventDispatcher.onInputEvent:53 android.view.InputEventReceiver.dispatchInputEvent:285 
11-05 16:32:24.421  8006  8006 W unknown:WrappingUtils: Don't know how to round that drawable: com.facebook.react.views.image.ReactImageDownloadListener$EmptyDrawable@5c3cbb0
11-05 16:32:24.421  1187  1303 I GestureDetector: obtain mCurrentDownEvent. id: -410526461 caller: com.android.server.wm.SystemPerformancePointerEventListener.onPointerEvent:89 com.android.server.wm.PointerEventDispatcher.onInputEvent:53 android.view.InputEventReceiver.dispatchInputEvent:285 
11-05 16:32:24.428  8006  8006 I ViewRootImpl@33d0bcf[MainActivity]: ViewPostIme pointer 0
11-05 16:32:24.437  8006  8031 E IMGMapper: set:488 set: Unset optional value from type SMPTE2086
11-05 16:32:24.437  8006  8031 E IMGMapper: set:488 set: Unset optional value from type CTA861_3
11-05 16:32:24.442  1187  1303 I GestureDetector: obtain mCurrentMotionEventRaw. action: 2 id: -1021922877
11-05 16:32:24.442  1187  1303 I GestureDetector: obtain mCurrentMotionEventRaw. action: 2 id: -1021922877
11-05 16:32:24.445   896   910 I mtkpower_client: perf_lock_rel, hdl:1042707, tid:910
11-05 16:32:24.445   896   910 I mtkpower_client: perf_lock_acq, hdl:0, dur:0, num:2, tid:910
11-05 16:32:24.446  1014  1065 I libPowerHal: [perfLockRel] hdl:1042707, idx:2
11-05 16:32:24.446  1014  1065 I libPowerHal: vendor.samsung.: cpu_ctrl set cpu freq: 1218000 -1 -1 -1
11-05 16:32:24.447   896   910 I mtkpower_client: ret_hdl:1042709
11-05 16:32:24.447   896   910 I mtkpower_client: perf_lock_rel, hdl:1042708, tid:910
11-05 16:32:24.448  1014  1065 I libPowerHal: [perfLockAcq] idx:1 hdl:1042709 hint:-1 pid:896 duration:0 lock_user:vendor.samsung. => ret_hdl:1042709
11-05 16:32:24.448  1014  1065 I libPowerHal: vendor.samsung.: cpu_ctrl set cpu freq: 1218000 -1 1138000 -1
11-05 16:32:24.448   896   910 I mtkpower_client: perf_lock_acq, hdl:0, dur:0, num:2, tid:910
11-05 16:32:24.448  1014  1065 I libPowerHal: [perfLockRel] hdl:1042708, idx:0
11-05 16:32:24.449  1014  1065 I libPowerHal: vendor.samsung.: cpu_ctrl set cpu freq: -1 -1 1138000 -1
11-05 16:32:24.450  1014  1065 I libPowerHal: [perfLockAcq] idx:0 hdl:1042710 hint:-1 pid:896 duration:0 lock_user:vendor.samsung. => ret_hdl:1042710
11-05 16:32:24.451  1014  1065 I libPowerHal: vendor.samsung.: cpu_ctrl set cpu freq: 1218000 -1 1138000 -1
11-05 16:32:24.451   896   910 I mtkpower_client: ret_hdl:1042710
11-05 16:32:24.451   896   910 I HYPER-HAL: [RequestManager.cpp]releaseLocked(): Released ID : 725427
