11-05 16:32:26.326  8006  8031 E IMGMapper: set:488 set: Unset optional value from type SMPTE2086
11-05 16:32:26.326  8006  8031 E IMGMapper: set:488 set: Unset optional value from type CTA861_3
11-05 16:32:26.327  1014  1065 I libPowerHal: [perfLockAcq] idx:0 hdl:1042720 hint:-1 pid:896 duration:0 lock_user:vendor.samsung. => ret_hdl:1042720
11-05 16:32:26.327  1014  1065 I libPowerHal: vendor.samsung.: cpu_ctrl set cpu freq: 1218000 -1 1138000 -1
11-05 16:32:26.328  1014  1065 I libPowerHal: [perfLockRel] hdl:1042719, idx:1
11-05 16:32:26.329  1014  1065 I libPowerHal: vendor.samsung.: cpu_ctrl set cpu freq: 1218000 -1 -1 -1
11-05 16:32:26.331  1014  1065 I libPowerHal: [perfLockAcq] idx:3 hdl:1042721 hint:-1 pid:896 duration:0 lock_user:vendor.samsung. => ret_hdl:1042721
11-05 16:32:26.332  1014  1065 I libPowerHal: vendor.samsung.: cpu_ctrl set cpu freq: 1218000 -1 1138000 -1
11-05 16:32:26.333   896   910 I mtkpower_client: perf_lock_acq, hdl:0, dur:0, num:2, tid:910
11-05 16:32:26.333   896   910 I mtkpower_client: ret_hdl:1042722
11-05 16:32:26.333   896   910 I HYPER-HAL: [RequestManager.cpp]releaseLocked(): Released ID : 725427
11-05 16:32:26.333   896   910 I HYPER-HAL: [RequestManager.cpp]acquire(): Acquired ID : 726633  [1187 / 18]    HINT : GESTURE_DETECTED    list : [TIMEOUT / 1702] 
11-05 16:32:26.333   896   910 I HYPER-HAL: [RequestManager.cpp]acquire(): Acquired ID : 726633  [1187 / 18]    HINT : GESTURE_DETECTED    list : [TIMEOUT / 1702] 
11-05 16:32:26.333   896   910 I HYPER-HAL: [RequestManager.cpp]acquire(): Acquired ID : 725427  [1187 / 17]    HINT : SMOOTH_SCROLL    list : 
11-05 16:32:26.334   896   910 I mtkpower_client: perf_lock_rel, hdl:1042721, tid:910
11-05 16:32:26.334  1014  1065 I libPowerHal: [perfLockRel] hdl:1042720, idx:0
11-05 16:32:26.335  1014  1065 I libPowerHal: vendor.samsung.: cpu_ctrl set cpu freq: -1 -1 1138000 -1
11-05 16:32:26.336  1014  1065 I libPowerHal: [perfLockAcq] idx:1 hdl:1042722 hint:-1 pid:896 duration:0 lock_user:vendor.samsung. => ret_hdl:1042722
11-05 16:32:26.336  1014  1065 I libPowerHal: vendor.samsung.: cpu_ctrl set cpu freq: 1218000 -1 1138000 -1
11-05 16:32:26.336   896   910 I mtkpower_client: perf_lock_acq, hdl:0, dur:0, num:2, tid:910
11-05 16:32:26.337   896   910 I mtkpower_client: ret_hdl:1042723
11-05 16:32:26.337   896   910 I mtkpower_client: perf_lock_rel, hdl:1042722, tid:910
11-05 16:32:26.337   896   910 I mtkpower_client: perf_lock_acq, hdl:0, dur:0, num:2, tid:910
11-05 16:32:26.337   896   910 I mtkpower_client: ret_hdl:1042724
11-05 16:32:26.338  1014  1065 I libPowerHal: [perfLockRel] hdl:1042721, idx:3
11-05 16:32:26.338  1014  1065 I libPowerHal: vendor.samsung.: cpu_ctrl set cpu freq: 1218000 -1 -1 -1
11-05 16:32:26.339  1014  1065 I libPowerHal: [perfLockAcq] idx:0 hdl:1042723 hint:-1 pid:896 duration:0 lock_user:vendor.samsung. => ret_hdl:1042723
11-05 16:32:26.339  8006  8031 E IMGMapper: set:488 set: Unset optional value from type SMPTE2086
11-05 16:32:26.339  8006  8031 E IMGMapper: set:488 set: Unset optional value from type CTA861_3
11-05 16:32:26.339  1014  1065 I libPowerHal: vendor.samsung.: cpu_ctrl set cpu freq: 1218000 -1 1138000 -1
11-05 16:32:26.340  1014  1065 I libPowerHal: [perfLockRel] hdl:1042722, idx:1
11-05 16:32:26.340  1014  1065 I libPowerHal: vendor.samsung.: cpu_ctrl set cpu freq: -1 -1 1138000 -1
11-05 16:32:26.341  1014  1065 I libPowerHal: [perfLockAcq] idx:2 hdl:1042724 hint:-1 pid:896 duration:0 lock_user:vendor.samsung. => ret_hdl:1042724
11-05 16:32:26.341  1014  1065 I libPowerHal: vendor.samsung.: cpu_ctrl set cpu freq: 1218000 -1 1138000 -1
11-05 16:32:26.358  8006  8031 E IMGMapper: set:488 set: Unset optional value from type SMPTE2086
11-05 16:32:26.358  8006  8031 E IMGMapper: set:488 set: Unset optional value from type CTA861_3
11-05 16:32:26.377  8006  8031 E IMGMapper: set:488 set: Unset optional value from type SMPTE2086
11-05 16:32:26.377  8006  8031 E IMGMapper: set:488 set: Unset optional value from type CTA861_3
11-05 16:32:26.390  8006  8031 E IMGMapper: set:488 set: Unset optional value from type SMPTE2086
11-05 16:32:26.390  8006  8031 E IMGMapper: set:488 set: Unset optional value from type CTA861_3
11-05 16:32:26.391  1737  1942 D MobileStatusTracker(0/2): onSignalStrengthsChanged level=3, vendorLevel=3
11-05 16:32:26.394  1737  1942 D MobileSignalController(0/2): notifyListener: enabled=true, connected=true, dataConnected=true, networkType=LTE (4G), emergencyOnly=false, roaming=false, isDefault=false, dataActivity=, level=3, ca=false, mmWave=false, disabledDataIcon=false, simCard=ETC
11-05 16:32:26.394  1737  1942 D NetworkController: SignalStrength from intent slotId=0
11-05 16:32:26.405  8006  8031 E IMGMapper: set:488 set: Unset optional value from type SMPTE2086
11-05 16:32:26.406  8006  8031 E IMGMapper: set:488 set: Unset optional value from type CTA861_3
11-05 16:32:26.422  8006  8031 E IMGMapper: set:488 set: Unset optional value from type SMPTE2086
11-05 16:32:26.422  8006  8031 E IMGMapper: set:488 set: Unset optional value from type CTA861_3
11-05 16:32:26.441  8006  8031 E IMGMapper: set:488 set: Unset optional value from type SMPTE2086
11-05 16:32:26.442  8006  8031 E IMGMapper: set:488 set: Unset optional value from type CTA861_3
11-05 16:32:26.455  8006  8031 E IMGMapper: set:488 set: Unset optional value from type SMPTE2086
11-05 16:32:26.455  8006  8031 E IMGMapper: set:488 set: Unset optional value from type CTA861_3
11-05 16:32:26.472  8006  8031 E IMGMapper: set:488 set: Unset optional value from type SMPTE2086
11-05 16:32:26.472  8006  8031 E IMGMapper: set:488 set: Unset optional value from type CTA861_3
11-05 16:32:26.498  8006  8031 E IMGMapper: set:488 set: Unset optional value from type SMPTE2086
11-05 16:32:26.498  8006  8031 E IMGMapper: set:488 set: Unset optional value from type CTA861_3
11-05 16:32:26.506  8006  8031 E IMGMapper: set:488 set: Unset optional value from type SMPTE2086
11-05 16:32:26.506  8006  8031 E IMGMapper: set:488 set: Unset optional value from type CTA861_3
11-05 16:32:26.521  8006  8031 E IMGMapper: set:488 set: Unset optional value from type SMPTE2086
11-05 16:32:26.521  8006  8031 E IMGMapper: set:488 set: Unset optional value from type CTA861_3
11-05 16:32:26.533  8006  8006 W unknown:WrappingUtils: Don't know how to round that drawable: com.facebook.react.views.image.ReactImageDownloadListener$EmptyDrawable@4245f4a
11-05 16:32:26.548  8006  8031 E IMGMapper: set:488 set: Unset optional value from type SMPTE2086
11-05 16:32:26.548  8006  8031 E IMGMapper: set:488 set: Unset optional value from type CTA861_3
11-05 16:32:26.563  8006  8031 E IMGMapper: set:488 set: Unset optional value from type SMPTE2086
11-05 16:32:26.563  8006  8031 E IMGMapper: set:488 set: Unset optional value from type CTA861_3
11-05 16:32:26.566  8006  8006 W unknown:WrappingUtils: Don't know how to round that drawable: com.facebook.react.views.image.ReactImageDownloadListener$EmptyDrawable@6df5cab
11-05 16:32:26.579  8006  8031 E IMGMapper: set:488 set: Unset optional value from type SMPTE2086
11-05 16:32:26.579  8006  8031 E IMGMapper: set:488 set: Unset optional value from type CTA861_3
11-05 16:32:26.587  8006  8006 W unknown:WrappingUtils: Don't know how to round that drawable: com.facebook.react.views.image.ReactImageDownloadListener$EmptyDrawable@298bf08
11-05 16:32:26.598  8006  8006 W unknown:WrappingUtils: Don't know how to round that drawable: com.facebook.react.views.image.ReactImageDownloadListener$EmptyDrawable@d6df6a1
11-05 16:32:26.634  8006  8031 E IMGMapper: set:488 set: Unset optional value from type SMPTE2086
11-05 16:32:26.634  8006  8031 E IMGMapper: set:488 set: Unset optional value from type CTA861_3
11-05 16:32:26.642  8006  8031 E IMGMapper: set:488 set: Unset optional value from type SMPTE2086
11-05 16:32:26.643  8006  8031 E IMGMapper: set:488 set: Unset optional value from type CTA861_3
11-05 16:32:26.656  8006  8031 E IMGMapper: set:488 set: Unset optional value from type SMPTE2086
11-05 16:32:26.656  8006  8031 E IMGMapper: set:488 set: Unset optional value from type CTA861_3
11-05 16:32:26.673  8006  8031 E IMGMapper: set:488 set: Unset optional value from type SMPTE2086
11-05 16:32:26.673  8006  8031 E IMGMapper: set:488 set: Unset optional value from type CTA861_3
11-05 16:32:26.689  8006  8031 E IMGMapper: set:488 set: Unset optional value from type SMPTE2086
11-05 16:32:26.689  8006  8031 E IMGMapper: set:488 set: Unset optional value from type CTA861_3
11-05 16:32:26.708  8006  8031 E IMGMapper: set:488 set: Unset optional value from type SMPTE2086
11-05 16:32:26.708  8006  8031 E IMGMapper: set:488 set: Unset optional value from type CTA861_3
11-05 16:32:26.721  8006  8031 E IMGMapper: set:488 set: Unset optional value from type SMPTE2086
11-05 16:32:26.721  8006  8031 E IMGMapper: set:488 set: Unset optional value from type CTA861_3
11-05 16:32:26.737  8006  8031 E IMGMapper: set:488 set: Unset optional value from type SMPTE2086
11-05 16:32:26.737  8006  8031 E IMGMapper: set:488 set: Unset optional value from type CTA861_3
11-05 16:32:26.755  8006  8031 E IMGMapper: set:488 set: Unset optional value from type SMPTE2086
11-05 16:32:26.755  8006  8031 E IMGMapper: set:488 set: Unset optional value from type CTA861_3
11-05 16:32:26.772  8006  8031 E IMGMapper: set:488 set: Unset optional value from type SMPTE2086
11-05 16:32:26.772  8006  8031 E IMGMapper: set:488 set: Unset optional value from type CTA861_3
11-05 16:32:26.788  8006  8031 E IMGMapper: set:488 set: Unset optional value from type SMPTE2086
11-05 16:32:26.788  8006  8031 E IMGMapper: set:488 set: Unset optional value from type CTA861_3
11-05 16:32:26.810  1039  1039 I BufferQueueProducer: [com.cinemamovel/com.cinemamovel.MainActivity$_8006#684455](this:0xb400007a26313838,id:-1,api:0,p:-1,c:1039) queueBuffer: fps=57.12 dur=1015.37 max=50.47 min=15.94
11-05 16:32:26.812   991   991 I hwcomposer: [HWCDisplay] [Display_0 (type:1)] fps:57.142441,dur:1015.01,max:50.60,min:15.92  
11-05 16:32:26.814  8006  8031 E IMGMapper: set:488 set: Unset optional value from type SMPTE2086
11-05 16:32:26.815  8006  8031 E IMGMapper: set:488 set: Unset optional value from type CTA861_3
11-05 16:32:26.822  8006  8031 E IMGMapper: set:488 set: Unset optional value from type SMPTE2086
11-05 16:32:26.822  8006  8031 E IMGMapper: set:488 set: Unset optional value from type CTA861_3
11-05 16:32:26.838  8006  8031 E IMGMapper: set:488 set: Unset optional value from type SMPTE2086
11-05 16:32:26.838  8006  8031 E IMGMapper: set:488 set: Unset optional value from type CTA861_3
11-05 16:32:26.849  8006  8006 W unknown:WrappingUtils: Don't know how to round that drawable: com.facebook.react.views.image.ReactImageDownloadListener$EmptyDrawable@b98a4f1
11-05 16:32:26.862  8006  8031 E IMGMapper: set:488 set: Unset optional value from type SMPTE2086
11-05 16:32:26.862  8006  8031 E IMGMapper: set:488 set: Unset optional value from type CTA861_3
11-05 16:32:26.879  8006  8031 E IMGMapper: set:488 set: Unset optional value from type SMPTE2086
11-05 16:32:26.879  8006  8031 E IMGMapper: set:488 set: Unset optional value from type CTA861_3
11-05 16:32:26.882  8006  8006 W unknown:WrappingUtils: Don't know how to round that drawable: com.facebook.react.views.image.ReactImageDownloadListener$EmptyDrawable@5a5d8d6
11-05 16:32:26.915  8006  8031 E IMGMapper: set:488 set: Unset optional value from type SMPTE2086
11-05 16:32:26.915  8006  8031 E IMGMapper: set:488 set: Unset optional value from type CTA861_3
11-05 16:32:26.923  8006  8031 E IMGMapper: set:488 set: Unset optional value from type SMPTE2086
11-05 16:32:26.923  8006  8031 E IMGMapper: set:488 set: Unset optional value from type CTA861_3
11-05 16:32:26.937  8006  8031 E IMGMapper: set:488 set: Unset optional value from type SMPTE2086
11-05 16:32:26.937  8006  8031 E IMGMapper: set:488 set: Unset optional value from type CTA861_3
11-05 16:32:26.954  8006  8031 E IMGMapper: set:488 set: Unset optional value from type SMPTE2086
11-05 16:32:26.954  8006  8031 E IMGMapper: set:488 set: Unset optional value from type CTA861_3
11-05 16:32:26.972  8006  8031 E IMGMapper: set:488 set: Unset optional value from type SMPTE2086
11-05 16:32:26.972  8006  8031 E IMGMapper: set:488 set: Unset optional value from type CTA861_3
11-05 16:32:26.988  8006  8031 E IMGMapper: set:488 set: Unset optional value from type SMPTE2086
11-05 16:32:26.988  8006  8031 E IMGMapper: set:488 set: Unset optional value from type CTA861_3
11-05 16:32:27.005  8006  8031 E IMGMapper: set:488 set: Unset optional value from type SMPTE2086
11-05 16:32:27.005  8006  8031 E IMGMapper: set:488 set: Unset optional value from type CTA861_3
11-05 16:32:27.022  8006  8031 E IMGMapper: set:488 set: Unset optional value from type SMPTE2086
11-05 16:32:27.022  8006  8031 E IMGMapper: set:488 set: Unset optional value from type CTA861_3
11-05 16:32:27.039  8006  8031 E IMGMapper: set:488 set: Unset optional value from type SMPTE2086
11-05 16:32:27.039  8006  8031 E IMGMapper: set:488 set: Unset optional value from type CTA861_3
11-05 16:32:27.055  8006  8031 E IMGMapper: set:488 set: Unset optional value from type SMPTE2086
11-05 16:32:27.055  8006  8031 E IMGMapper: set:488 set: Unset optional value from type CTA861_3
11-05 16:32:27.071  8006  8031 E IMGMapper: set:488 set: Unset optional value from type SMPTE2086
11-05 16:32:27.072  8006  8031 E IMGMapper: set:488 set: Unset optional value from type CTA861_3
11-05 16:32:27.083  8006  8006 W unknown:WrappingUtils: Don't know how to round that drawable: com.facebook.react.views.image.ReactImageDownloadListener$EmptyDrawable@604ae0c
11-05 16:32:27.097  8006  8031 E IMGMapper: set:488 set: Unset optional value from type SMPTE2086
11-05 16:32:27.098  8006  8031 E IMGMapper: set:488 set: Unset optional value from type CTA861_3
11-05 16:32:27.111  8006  8031 E IMGMapper: set:488 set: Unset optional value from type SMPTE2086
11-05 16:32:27.111  8006  8031 E IMGMapper: set:488 set: Unset optional value from type CTA861_3
11-05 16:32:27.116  8006  8006 W unknown:WrappingUtils: Don't know how to round that drawable: com.facebook.react.views.image.ReactImageDownloadListener$EmptyDrawable@64df355
11-05 16:32:27.160  8006  8031 E IMGMapper: set:488 set: Unset optional value from type SMPTE2086
11-05 16:32:27.160  8006  8031 E IMGMapper: set:488 set: Unset optional value from type CTA861_3
11-05 16:32:27.175  8006  8031 E IMGMapper: set:488 set: Unset optional value from type SMPTE2086
11-05 16:32:27.175  8006  8031 E IMGMapper: set:488 set: Unset optional value from type CTA861_3
11-05 16:32:27.191  8006  8031 E IMGMapper: set:488 set: Unset optional value from type SMPTE2086
11-05 16:32:27.191  8006  8031 E IMGMapper: set:488 set: Unset optional value from type CTA861_3
11-05 16:32:27.210  8006  8031 E IMGMapper: set:488 set: Unset optional value from type SMPTE2086
11-05 16:32:27.210  8006  8031 E IMGMapper: set:488 set: Unset optional value from type CTA861_3
11-05 16:32:27.216  8006  8091 D skia    : SkJpegCodec::onGetPixels +
11-05 16:32:27.227  8006  8031 E IMGMapper: set:488 set: Unset optional value from type SMPTE2086
11-05 16:32:27.228  8006  8031 E IMGMapper: set:488 set: Unset optional value from type CTA861_3
11-05 16:32:27.240  8006  8091 D skia    : SkJpegCodec::onGetPixels -
11-05 16:32:27.244  8006  8031 E IMGMapper: set:488 set: Unset optional value from type SMPTE2086
11-05 16:32:27.244  8006  8031 E IMGMapper: set:488 set: Unset optional value from type CTA861_3
11-05 16:32:27.258  8006  8031 E IMGMapper: set:488 set: Unset optional value from type SMPTE2086
11-05 16:32:27.258  8006  8031 E IMGMapper: set:488 set: Unset optional value from type CTA861_3
11-05 16:32:27.263  8006  8138 D skia    : SkJpegCodec::onGetPixels +
11-05 16:32:27.265  8006  8119 D skia    : SkJpegCodec::onGetPixels +
11-05 16:32:27.275  8006  8120 D skia    : SkJpegCodec::onGetPixels +
11-05 16:32:27.276  8006  8138 D skia    : SkJpegCodec::onGetPixels -
11-05 16:32:27.278  8006  8031 E IMGMapper: set:488 set: Unset optional value from type SMPTE2086
11-05 16:32:27.278  8006  8031 E IMGMapper: set:488 set: Unset optional value from type CTA861_3
11-05 16:32:27.283  8006  8119 D skia    : SkJpegCodec::onGetPixels -
11-05 16:32:27.295  8006  8031 E IMGMapper: set:488 set: Unset optional value from type SMPTE2086
11-05 16:32:27.295  8006  8031 E IMGMapper: set:488 set: Unset optional value from type CTA861_3
11-05 16:32:27.296  8006  8120 D skia    : SkJpegCodec::onGetPixels -
11-05 16:32:27.306  8006  8031 E IMGMapper: set:488 set: Unset optional value from type SMPTE2086
11-05 16:32:27.307  8006  8031 E IMGMapper: set:488 set: Unset optional value from type CTA861_3
11-05 16:32:27.329  8006  8031 E IMGMapper: set:488 set: Unset optional value from type SMPTE2086
11-05 16:32:27.330  8006  8031 E IMGMapper: set:488 set: Unset optional value from type CTA861_3
11-05 16:32:27.350  8006  8031 E IMGMapper: set:488 set: Unset optional value from type SMPTE2086
11-05 16:32:27.351  8006  8031 E IMGMapper: set:488 set: Unset optional value from type CTA861_3
11-05 16:32:27.358  8006  8031 E IMGMapper: set:488 set: Unset optional value from type SMPTE2086
11-05 16:32:27.359  8006  8031 E IMGMapper: set:488 set: Unset optional value from type CTA861_3
11-05 16:32:27.378  8006  8031 E IMGMapper: set:488 set: Unset optional value from type SMPTE2086
11-05 16:32:27.378  8006  8031 E IMGMapper: set:488 set: Unset optional value from type CTA861_3
11-05 16:32:27.398  8006  8031 E IMGMapper: set:488 set: Unset optional value from type SMPTE2086
11-05 16:32:27.398  8006  8031 E IMGMapper: set:488 set: Unset optional value from type CTA861_3
11-05 16:32:27.409  8006  8031 E IMGMapper: set:488 set: Unset optional value from type SMPTE2086
11-05 16:32:27.409  8006  8122 D skia    : SkJpegCodec::onGetPixels +
11-05 16:32:27.409  8006  8031 E IMGMapper: set:488 set: Unset optional value from type CTA861_3
11-05 16:32:27.425  8006  8031 E IMGMapper: set:488 set: Unset optional value from type SMPTE2086
11-05 16:32:27.425  8006  8031 E IMGMapper: set:488 set: Unset optional value from type CTA861_3
11-05 16:32:27.429  8006  8122 D skia    : SkJpegCodec::onGetPixels -
11-05 16:32:27.445  8006  8031 E IMGMapper: set:488 set: Unset optional value from type SMPTE2086
11-05 16:32:27.445  8006  8031 E IMGMapper: set:488 set: Unset optional value from type CTA861_3
11-05 16:32:27.459  8006  8031 E IMGMapper: set:488 set: Unset optional value from type SMPTE2086
11-05 16:32:27.459  8006  8031 E IMGMapper: set:488 set: Unset optional value from type CTA861_3
11-05 16:32:27.479  8006  8031 E IMGMapper: set:488 set: Unset optional value from type SMPTE2086
11-05 16:32:27.481  8006  8031 E IMGMapper: set:488 set: Unset optional value from type CTA861_3
11-05 16:32:27.500  8006  8031 E IMGMapper: set:488 set: Unset optional value from type SMPTE2086
11-05 16:32:27.500  8006  8031 E IMGMapper: set:488 set: Unset optional value from type CTA861_3
11-05 16:32:27.501  8006  8121 D skia    : SkJpegCodec::onGetPixels +
11-05 16:32:27.514  8006  8031 E IMGMapper: set:488 set: Unset optional value from type SMPTE2086
11-05 16:32:27.515  8006  8031 E IMGMapper: set:488 set: Unset optional value from type CTA861_3
11-05 16:32:27.518  8006  8121 D skia    : SkJpegCodec::onGetPixels -
11-05 16:32:27.527  8006  8031 E IMGMapper: set:488 set: Unset optional value from type SMPTE2086
11-05 16:32:27.527  8006  8031 E IMGMapper: set:488 set: Unset optional value from type CTA861_3
11-05 16:32:27.539  8006  8031 E IMGMapper: set:488 set: Unset optional value from type SMPTE2086
11-05 16:32:27.539  8006  8031 E IMGMapper: set:488 set: Unset optional value from type CTA861_3
11-05 16:32:27.556  8006  8031 E IMGMapper: set:488 set: Unset optional value from type SMPTE2086
11-05 16:32:27.556  8006  8031 E IMGMapper: set:488 set: Unset optional value from type CTA861_3
11-05 16:32:27.582  8006  8031 E IMGMapper: set:488 set: Unset optional value from type SMPTE2086
11-05 16:32:27.582  8006  8031 E IMGMapper: set:488 set: Unset optional value from type CTA861_3
11-05 16:32:27.591  8006  8031 E IMGMapper: set:488 set: Unset optional value from type SMPTE2086
11-05 16:32:27.591  8006  8031 E IMGMapper: set:488 set: Unset optional value from type CTA861_3
11-05 16:32:27.598  1187  1962 D InputDispatcher: Inject motion (8176/2000): action=0x0, time=3390873856000000, f=0x0, d=0 dsdx=1.000000 dtdx=0.000000
11-05 16:32:27.599  1187  1534 I InputDispatcher: Delivering touch to (1737): action: 0x4, f=0x0, d=0, 'd92b8ad', t=1 
11-05 16:32:27.599  1187  1534 I InputDispatcher: Delivering touch to (8006): action: 0x0, f=0x0, d=0, '70b86e2', t=1 
11-05 16:32:27.599  1187  1534 D PowerManagerService: [api] userActivityFromNative :  (event: 2 flags: 0 displayId: 0) eventTime = 3390873856
11-05 16:32:27.600  1187  1303 I GestureDetector: obtain mCurrentDownEvent. id: -290691290 caller: com.android.server.wm.SystemGesturesPointerEventListener.onPointerEvent:203 com.android.server.wm.PointerEventDispatcher.onInputEvent:53 android.view.InputEventReceiver.dispatchInputEvent:285 
11-05 16:32:27.600  1187  1303 I GestureDetector: obtain mCurrentDownEvent. id: -290691290 caller: com.android.server.wm.SystemPerformancePointerEventListener.onPointerEvent:89 com.android.server.wm.PointerEventDispatcher.onInputEvent:53 android.view.InputEventReceiver.dispatchInputEvent:285 
11-05 16:32:27.601  8006  8006 I ViewRootImpl@33d0bcf[MainActivity]: ViewPostIme pointer 0
11-05 16:32:27.605  8006  8031 E IMGMapper: set:488 set: Unset optional value from type SMPTE2086
11-05 16:32:27.605  8006  8031 E IMGMapper: set:488 set: Unset optional value from type CTA861_3
11-05 16:32:27.610  1187  1303 I GestureDetector: obtain mCurrentMotionEventRaw. action: 2 id: -391475965
11-05 16:32:27.610  1187  1303 I GestureDetector: obtain mCurrentMotionEventRaw. action: 2 id: -391475965
11-05 16:32:27.616   896   910 I mtkpower_client: perf_lock_rel, hdl:1042723, tid:910
11-05 16:32:27.616  1014  1065 I libPowerHal: [perfLockRel] hdl:1042723, idx:0
11-05 16:32:27.617  1014  1065 I libPowerHal: vendor.samsung.: cpu_ctrl set cpu freq: 1218000 -1 -1 -1
11-05 16:32:27.617   896   910 I mtkpower_client: perf_lock_acq, hdl:0, dur:0, num:2, tid:910
11-05 16:32:27.618   896   910 I mtkpower_client: ret_hdl:1042725
11-05 16:32:27.618   896   910 I mtkpower_client: perf_lock_rel, hdl:1042724, tid:910
11-05 16:32:27.618  1014  1065 I libPowerHal: [perfLockAcq] idx:0 hdl:1042725 hint:-1 pid:896 duration:0 lock_user:vendor.samsung. => ret_hdl:1042725
11-05 16:32:27.618  8006  8031 E IMGMapper: set:488 set: Unset optional value from type SMPTE2086
11-05 16:32:27.619  8006  8031 E IMGMapper: set:488 set: Unset optional value from type CTA861_3
11-05 16:32:27.619  1014  1065 I libPowerHal: vendor.samsung.: cpu_ctrl set cpu freq: 1218000 -1 1138000 -1
11-05 16:32:27.619   896   910 I mtkpower_client: perf_lock_acq, hdl:0, dur:0, num:2, tid:910
11-05 16:32:27.620  1014  1065 I libPowerHal: [perfLockRel] hdl:1042724, idx:2
11-05 16:32:27.620  1014  1065 I libPowerHal: vendor.samsung.: cpu_ctrl set cpu freq: -1 -1 1138000 -1
11-05 16:32:27.621   896   910 I mtkpower_client: ret_hdl:1042726
11-05 16:32:27.621  1014  1065 I libPowerHal: [perfLockAcq] idx:1 hdl:1042726 hint:-1 pid:896 duration:0 lock_user:vendor.samsung. => ret_hdl:1042726
11-05 16:32:27.621   896   910 I HYPER-HAL: [RequestManager.cpp]releaseLocked(): Released ID : 725427
11-05 16:32:27.621  1014  1065 I libPowerHal: vendor.samsung.: cpu_ctrl set cpu freq: 1218000 -1 1138000 -1
11-05 16:32:27.638  8006  8031 E IMGMapper: set:488 set: Unset optional value from type SMPTE2086
11-05 16:32:27.638  8006  8031 E IMGMapper: set:488 set: Unset optional value from type CTA861_3
11-05 16:32:27.656  8006  8031 E IMGMapper: set:488 set: Unset optional value from type SMPTE2086
11-05 16:32:27.656  8006  8031 E IMGMapper: set:488 set: Unset optional value from type CTA861_3
11-05 16:32:27.659  1693  1693 I WifiHAL : Get link layer stats
11-05 16:32:27.660  1693  1693 I WifiHAL : GetLinkStatsCommand::create
11-05 16:32:27.660  1693  1693 D android.hardware.wifi@1.0-service-lazy: WifiRequest::create vendor command to iface 38, vendor_id=0x1a11, subcmd=0x1200, res=0
11-05 16:32:27.660  1693  1693 I android.hardware.wifi@1.0-service-lazy: WifiCommand::requestResponse err=-95
11-05 16:32:27.660  1693  1693 I WifiHAL : wifi_get_link_stats: result=-3
11-05 16:32:27.661  1187  1566 E WifiVendorHal: getWifiLinkLayerStats_1_5_Internal(l.1179) failed {.code = ERROR_NOT_SUPPORTED, .description = }
11-05 16:32:27.671  1737  1942 D MobileStatusTracker(0/2): onSignalStrengthsChanged level=3, vendorLevel=3
11-05 16:32:27.672  1737  1942 D MobileSignalController(0/2): notifyListener: enabled=true, connected=true, dataConnected=true, networkType=LTE (4G), emergencyOnly=false, roaming=false, isDefault=false, dataActivity=, level=3, ca=false, mmWave=false, disabledDataIcon=false, simCard=ETC
11-05 16:32:27.679  1187 22074 D SemWifiUsabilityStatsMonitor: onWifiUsabilityStats - seqNum 104487, isSameBssidAndFreq true
11-05 16:32:27.680  1187  1645 I SemWifiLinkQualityMonitor: Link Qos query: inf. ms / 0 Mbps
11-05 16:32:27.682  1737  1942 D NetworkController: SignalStrength from intent slotId=0
11-05 16:32:27.691  8006  8031 E IMGMapper: set:488 set: Unset optional value from type SMPTE2086
11-05 16:32:27.692  8006  8031 E IMGMapper: set:488 set: Unset optional value from type CTA861_3
11-05 16:32:27.699  8006  8031 E IMGMapper: set:488 set: Unset optional value from type SMPTE2086
11-05 16:32:27.699  8006  8031 E IMGMapper: set:488 set: Unset optional value from type CTA861_3
11-05 16:32:27.717  8006  8031 E IMGMapper: set:488 set: Unset optional value from type SMPTE2086
11-05 16:32:27.718  8006  8031 E IMGMapper: set:488 set: Unset optional value from type CTA861_3
11-05 16:32:27.735  8006  8031 E IMGMapper: set:488 set: Unset optional value from type SMPTE2086
11-05 16:32:27.735  8006  8031 E IMGMapper: set:488 set: Unset optional value from type CTA861_3
11-05 16:32:27.752  8006  8031 E IMGMapper: set:488 set: Unset optional value from type SMPTE2086
11-05 16:32:27.752  8006  8031 E IMGMapper: set:488 set: Unset optional value from type CTA861_3
11-05 16:32:27.770  8006  8031 E IMGMapper: set:488 set: Unset optional value from type SMPTE2086
11-05 16:32:27.770  8006  8031 E IMGMapper: set:488 set: Unset optional value from type CTA861_3
11-05 16:32:27.786  8006  8031 E IMGMapper: set:488 set: Unset optional value from type SMPTE2086
11-05 16:32:27.786  8006  8031 E IMGMapper: set:488 set: Unset optional value from type CTA861_3
11-05 16:32:27.798 16493 16493 D BoundBrokerSvc: onUnbind: Intent { act=com.google.android.gms.libs.gmscorelogger.service.START dat=chimera-action:/... cmp=com.google.android.gms/.chimera.PersistentDirectBootAwareApiService }
11-05 16:32:27.806  8006  8031 E IMGMapper: set:488 set: Unset optional value from type SMPTE2086
11-05 16:32:27.806  8006  8031 E IMGMapper: set:488 set: Unset optional value from type CTA861_3
11-05 16:32:27.820  8006  8031 E IMGMapper: set:488 set: Unset optional value from type SMPTE2086
11-05 16:32:27.820  8006  8031 E IMGMapper: set:488 set: Unset optional value from type CTA861_3
11-05 16:32:27.826  1039  1039 I BufferQueueProducer: [com.cinemamovel/com.cinemamovel.MainActivity$_8006#684455](this:0xb400007a26313838,id:-1,api:0,p:-1,c:1039) queueBuffer: fps=56.13 dur=1015.47 max=49.88 min=16.06
11-05 16:32:27.828   991   991 I hwcomposer: [HWCDisplay] [Display_0 (type:1)] fps:56.109394,dur:1015.87,max:50.53,min:15.63  
11-05 16:32:27.838  8006  8031 E IMGMapper: set:488 set: Unset optional value from type SMPTE2086
11-05 16:32:27.838  8006  8031 E IMGMapper: set:488 set: Unset optional value from type CTA861_3
11-05 16:32:27.851  8006  8031 E IMGMapper: set:488 set: Unset optional value from type SMPTE2086
11-05 16:32:27.852  8006  8031 E IMGMapper: set:488 set: Unset optional value from type CTA861_3
11-05 16:32:27.867  8006  8031 E IMGMapper: set:488 set: Unset optional value from type SMPTE2086
11-05 16:32:27.868  8006  8031 E IMGMapper: set:488 set: Unset optional value from type CTA861_3
11-05 16:32:27.884  8006  8031 E IMGMapper: set:488 set: Unset optional value from type SMPTE2086
11-05 16:32:27.884  8006  8031 E IMGMapper: set:488 set: Unset optional value from type CTA861_3
11-05 16:32:27.902  8006  8031 E IMGMapper: set:488 set: Unset optional value from type SMPTE2086
11-05 16:32:27.903  8006  8031 E IMGMapper: set:488 set: Unset optional value from type CTA861_3
11-05 16:32:27.913  1187  1962 D InputDispatcher: Inject motion (8176/2000): action=0x1, time=3390874171000000, f=0x0, d=0 dsdx=1.000000 dtdx=0.000000
11-05 16:32:27.914  1187  1534 I InputDispatcher: Delivering touch to (8006): action: 0x1, f=0x0, d=0, '70b86e2', t=1 
11-05 16:32:27.915  1187  1187 I SemDvfsHyPerManager: acquire hyper - SMOOTH_SCROLL/1187@17, type = -999
11-05 16:32:27.915   896   910 I HYPER-HAL: [RequestManager.cpp]acquire(): Acquired ID : 725427  [1187 / 17]    HINT : SMOOTH_SCROLL    list : 
11-05 16:32:27.916   896   910 I mtkpower_client: perf_lock_rel, hdl:1042725, tid:910
11-05 16:32:27.918   896   910 I mtkpower_client: perf_lock_acq, hdl:0, dur:0, num:2, tid:910
11-05 16:32:27.919  8006  8031 E IMGMapper: set:488 set: Unset optional value from type SMPTE2086
11-05 16:32:27.919  8006  8031 E IMGMapper: set:488 set: Unset optional value from type CTA861_3
11-05 16:32:27.919   896   910 I mtkpower_client: ret_hdl:1042727
11-05 16:32:27.920   896   910 I mtkpower_client: perf_lock_rel, hdl:1042726, tid:910
11-05 16:32:27.920  1014  1065 I libPowerHal: [perfLockRel] hdl:1042725, idx:0
11-05 16:32:27.920  1014  1065 I libPowerHal: vendor.samsung.: cpu_ctrl set cpu freq: 1218000 -1 -1 -1
11-05 16:32:27.920  1187  1187 D SGM:GameManager: identifyGamePackage. com.cinemamovel, mCurrentUserId: 0, callerUserId: 0, callingMethodInfo: com.android.server.ssrm.fgapps.GameAppUtils.isGame(GameAppUtils.java:84)
11-05 16:32:27.920  1187  1187 D SGM:PkgDataHelper: getGamePkgData(). com.cinemamovel
11-05 16:32:27.920  1187  1187 I SemDvfsHyPerManager: acquire hyper - GESTURE_DETECTED/1187@18, type = -999
11-05 16:32:27.921  1014  1065 I libPowerHal: [perfLockAcq] idx:2 hdl:1042727 hint:-1 pid:896 duration:0 lock_user:vendor.samsung. => ret_hdl:1042727
11-05 16:32:27.921  1014  1065 I libPowerHal: vendor.samsung.: cpu_ctrl set cpu freq: 1218000 -1 1138000 -1
11-05 16:32:27.922   896   910 I mtkpower_client: perf_lock_acq, hdl:0, dur:0, num:2, tid:910
11-05 16:32:27.922  1014  1065 I libPowerHal: [perfLockRel] hdl:1042726, idx:1
11-05 16:32:27.922  1187  1187 D SGM:GameManager: identifyGamePackage. com.cinemamovel, mCurrentUserId: 0, callerUserId: 0, callingMethodInfo: com.android.server.ssrm.fgapps.GameAppUtils.isGame(GameAppUtils.java:84)
11-05 16:32:27.922  1187  1187 D SGM:PkgDataHelper: getGamePkgData(). com.cinemamovel
11-05 16:32:27.923  1187  1187 I SemDvfsHyPerManager: acquire hyper - GESTURE_DETECTED/1187@18, type = -999
11-05 16:32:27.923  1014  1065 I libPowerHal: vendor.samsung.: cpu_ctrl set cpu freq: -1 -1 1138000 -1
11-05 16:32:27.924  8006  8006 I ViewRootImpl@33d0bcf[MainActivity]: ViewPostIme pointer 1
11-05 16:32:27.924   896   910 I mtkpower_client: ret_hdl:1042728
11-05 16:32:27.924   896   910 I mtkpower_client: perf_lock_rel, hdl:1042727, tid:910
11-05 16:32:27.924  1014  1065 I libPowerHal: [perfLockAcq] idx:0 hdl:1042728 hint:-1 pid:896 duration:0 lock_user:vendor.samsung. => ret_hdl:1042728
11-05 16:32:27.924  1014  1065 I libPowerHal: vendor.samsung.: cpu_ctrl set cpu freq: 1218000 -1 1138000 -1
11-05 16:32:27.925   896   910 I mtkpower_client: perf_lock_acq, hdl:0, dur:0, num:2, tid:910
11-05 16:32:27.925  1014  1065 I libPowerHal: [perfLockRel] hdl:1042727, idx:2
11-05 16:32:27.926  1014  1065 I libPowerHal: vendor.samsung.: cpu_ctrl set cpu freq: 1218000 -1 -1 -1
11-05 16:32:27.929   896   910 I mtkpower_client: ret_hdl:1042729
11-05 16:32:27.929   896   910 I mtkpower_client: perf_lock_rel, hdl:1042728, tid:910
11-05 16:32:27.930  1014  1065 I libPowerHal: [perfLockAcq] idx:1 hdl:1042729 hint:-1 pid:896 duration:0 lock_user:vendor.samsung. => ret_hdl:1042729
11-05 16:32:27.931  1014  1065 I libPowerHal: vendor.samsung.: cpu_ctrl set cpu freq: 1218000 -1 1138000 -1
11-05 16:32:27.931   896   910 I mtkpower_client: perf_lock_acq, hdl:0, dur:0, num:2, tid:910
11-05 16:32:27.932  1014  1065 I libPowerHal: [perfLockRel] hdl:1042728, idx:0
11-05 16:32:27.932  1014  1065 I libPowerHal: vendor.samsung.: cpu_ctrl set cpu freq: -1 -1 1138000 -1
11-05 16:32:27.933   896   910 I mtkpower_client: ret_hdl:1042730
11-05 16:32:27.933   896   910 I HYPER-HAL: [RequestManager.cpp]releaseLocked(): Released ID : 725427
11-05 16:32:27.933  1014  1065 I libPowerHal: [perfLockAcq] idx:0 hdl:1042730 hint:-1 pid:896 duration:0 lock_user:vendor.samsung. => ret_hdl:1042730
11-05 16:32:27.933   896   910 I HYPER-HAL: [RequestManager.cpp]acquire(): Acquired ID : 726633  [1187 / 18]    HINT : GESTURE_DETECTED    list : [TIMEOUT / 1702] 
11-05 16:32:27.933   896   910 I HYPER-HAL: [RequestManager.cpp]acquire(): Acquired ID : 726633  [1187 / 18]    HINT : GESTURE_DETECTED    list : [TIMEOUT / 1702] 
11-05 16:32:27.933  1014  1065 I libPowerHal: vendor.samsung.: cpu_ctrl set cpu freq: 1218000 -1 1138000 -1
11-05 16:32:27.938  8006  8031 E IMGMapper: set:488 set: Unset optional value from type SMPTE2086
11-05 16:32:27.939  8006  8031 E IMGMapper: set:488 set: Unset optional value from type CTA861_3
11-05 16:32:27.941  1187  1187 I SemDvfsHyPerManager: acquire hyper - SMOOTH_SCROLL/1187@17, type = -999
11-05 16:32:27.943  8006  8133 D skia    : SkJpegCodec::onGetPixels +
11-05 16:32:27.944   896   910 I HYPER-HAL: [RequestManager.cpp]acquire(): Acquired ID : 725427  [1187 / 17]    HINT : SMOOTH_SCROLL    list : 
11-05 16:32:27.945   896   910 I mtkpower_client: perf_lock_rel, hdl:1042729, tid:910
11-05 16:32:27.946   896   910 I mtkpower_client: perf_lock_acq, hdl:0, dur:0, num:2, tid:910
11-05 16:32:27.946  1014  1065 I libPowerHal: [perfLockRel] hdl:1042729, idx:1
11-05 16:32:27.947  1014  1065 I libPowerHal: vendor.samsung.: cpu_ctrl set cpu freq: 1218000 -1 -1 -1
11-05 16:32:27.948   896   910 I mtkpower_client: ret_hdl:1042731
11-05 16:32:27.948   896   910 I mtkpower_client: perf_lock_rel, hdl:1042730, tid:910
11-05 16:32:27.948  1014  1065 I libPowerHal: [perfLockAcq] idx:1 hdl:1042731 hint:-1 pid:896 duration:0 lock_user:vendor.samsung. => ret_hdl:1042731
11-05 16:32:27.948  1014  1065 I libPowerHal: vendor.samsung.: cpu_ctrl set cpu freq: 1218000 -1 1138000 -1
11-05 16:32:27.949   896   910 I mtkpower_client: perf_lock_acq, hdl:0, dur:0, num:2, tid:910
11-05 16:32:27.949  1014  1065 I libPowerHal: [perfLockRel] hdl:1042730, idx:0
11-05 16:32:27.950  1014  1065 I libPowerHal: vendor.samsung.: cpu_ctrl set cpu freq: -1 -1 1138000 -1
11-05 16:32:27.950   896   910 I mtkpower_client: ret_hdl:1042732
11-05 16:32:27.951  1014  1065 I libPowerHal: [perfLockAcq] idx:0 hdl:1042732 hint:-1 pid:896 duration:0 lock_user:vendor.samsung. => ret_hdl:1042732
11-05 16:32:27.951  1014  1065 I libPowerHal: vendor.samsung.: cpu_ctrl set cpu freq: 1218000 -1 1138000 -1
11-05 16:32:27.953  8006  8031 E IMGMapper: set:488 set: Unset optional value from type SMPTE2086
11-05 16:32:27.953  8006  8031 E IMGMapper: set:488 set: Unset optional value from type CTA861_3
11-05 16:32:27.965  8006  8006 W unknown:WrappingUtils: Don't know how to round that drawable: com.facebook.react.views.image.ReactImageDownloadListener$EmptyDrawable@1aef459
11-05 16:32:27.970  8006  8133 D skia    : SkJpegCodec::onGetPixels -
11-05 16:32:27.973  8006  8031 E IMGMapper: set:488 set: Unset optional value from type SMPTE2086
11-05 16:32:27.973  8006  8031 E IMGMapper: set:488 set: Unset optional value from type CTA861_3
11-05 16:32:27.984  8006  8031 E IMGMapper: set:488 set: Unset optional value from type SMPTE2086
11-05 16:32:27.984  8006  8031 E IMGMapper: set:488 set: Unset optional value from type CTA861_3
11-05 16:32:27.986  8006  8006 W unknown:WrappingUtils: Don't know how to round that drawable: com.facebook.react.views.image.ReactImageDownloadListener$EmptyDrawable@1d1061b
11-05 16:32:28.003  8006  8031 E IMGMapper: set:488 set: Unset optional value from type SMPTE2086
11-05 16:32:28.003  8006  8031 E IMGMapper: set:488 set: Unset optional value from type CTA861_3
11-05 16:32:28.017  8006  8031 E IMGMapper: set:488 set: Unset optional value from type SMPTE2086
11-05 16:32:28.017  8006  8031 E IMGMapper: set:488 set: Unset optional value from type CTA861_3
11-05 16:32:28.048  8006  8031 E IMGMapper: set:488 set: Unset optional value from type SMPTE2086
11-05 16:32:28.049  8006  8031 E IMGMapper: set:488 set: Unset optional value from type CTA861_3
11-05 16:32:28.061  8006  8031 E IMGMapper: set:488 set: Unset optional value from type SMPTE2086
11-05 16:32:28.061  8006  8031 E IMGMapper: set:488 set: Unset optional value from type CTA861_3
11-05 16:32:28.072  8006  8031 E IMGMapper: set:488 set: Unset optional value from type SMPTE2086
11-05 16:32:28.072  8006  8031 E IMGMapper: set:488 set: Unset optional value from type CTA861_3
11-05 16:32:28.089  8006  8031 E IMGMapper: set:488 set: Unset optional value from type SMPTE2086
11-05 16:32:28.089  8006  8031 E IMGMapper: set:488 set: Unset optional value from type CTA861_3
11-05 16:32:28.103  8006  8031 E IMGMapper: set:488 set: Unset optional value from type SMPTE2086
11-05 16:32:28.103  8006  8031 E IMGMapper: set:488 set: Unset optional value from type CTA861_3
11-05 16:32:28.120  8006  8031 E IMGMapper: set:488 set: Unset optional value from type SMPTE2086
11-05 16:32:28.120  8006  8031 E IMGMapper: set:488 set: Unset optional value from type CTA861_3
11-05 16:32:28.136  8006  8031 E IMGMapper: set:488 set: Unset optional value from type SMPTE2086
11-05 16:32:28.136  8006  8031 E IMGMapper: set:488 set: Unset optional value from type CTA861_3
11-05 16:32:28.154  8006  8031 E IMGMapper: set:488 set: Unset optional value from type SMPTE2086
11-05 16:32:28.154  8006  8031 E IMGMapper: set:488 set: Unset optional value from type CTA861_3
11-05 16:32:28.170  8006  8031 E IMGMapper: set:488 set: Unset optional value from type SMPTE2086
11-05 16:32:28.170  8006  8031 E IMGMapper: set:488 set: Unset optional value from type CTA861_3
11-05 16:32:28.188  8006  8031 E IMGMapper: set:488 set: Unset optional value from type SMPTE2086
11-05 16:32:28.188  8006  8031 E IMGMapper: set:488 set: Unset optional value from type CTA861_3
11-05 16:32:28.203  8006  8031 E IMGMapper: set:488 set: Unset optional value from type SMPTE2086
11-05 16:32:28.203  8006  8031 E IMGMapper: set:488 set: Unset optional value from type CTA861_3
11-05 16:32:28.220  8006  8031 E IMGMapper: set:488 set: Unset optional value from type SMPTE2086
11-05 16:32:28.220  8006  8031 E IMGMapper: set:488 set: Unset optional value from type CTA861_3
11-05 16:32:28.237  8006  8031 E IMGMapper: set:488 set: Unset optional value from type SMPTE2086
11-05 16:32:28.237  8006  8031 E IMGMapper: set:488 set: Unset optional value from type CTA861_3
11-05 16:32:28.248  8006  8006 W unknown:WrappingUtils: Don't know how to round that drawable: com.facebook.react.views.image.ReactImageDownloadListener$EmptyDrawable@d55303d
11-05 16:32:28.261  8006  8134 D skia    : SkJpegCodec::onGetPixels +
11-05 16:32:28.264  8006  8031 E IMGMapper: set:488 set: Unset optional value from type SMPTE2086
11-05 16:32:28.264  8006  8031 E IMGMapper: set:488 set: Unset optional value from type CTA861_3
11-05 16:32:28.285   543   543 D io_stats: !@ 179,0 r 626022078 7565161042 w 113289086 1199603740 d 1261305 33797724 f 0 0 iot 322142820 0 th 0 0 0 pt 0 inp 0 0 3390874.542
11-05 16:32:28.291  8006  8031 E IMGMapper: set:488 set: Unset optional value from type SMPTE2086
11-05 16:32:28.291  8006  8031 E IMGMapper: set:488 set: Unset optional value from type CTA861_3
11-05 16:32:28.292  8006  8134 D skia    : SkJpegCodec::onGetPixels -
11-05 16:32:28.299  8006  8031 E IMGMapper: set:488 set: Unset optional value from type SMPTE2086
11-05 16:32:28.299  8006  8031 E IMGMapper: set:488 set: Unset optional value from type CTA861_3
11-05 16:32:28.304  8006  8006 W unknown:WrappingUtils: Don't know how to round that drawable: com.facebook.react.views.image.ReactImageDownloadListener$EmptyDrawable@7d121cf
11-05 16:32:28.318  8006  8006 W unknown:WrappingUtils: Don't know how to round that drawable: com.facebook.react.views.image.ReactImageDownloadListener$EmptyDrawable@172a75c
11-05 16:32:28.332  8006  8006 W unknown:WrappingUtils: Don't know how to round that drawable: com.facebook.react.views.image.ReactImageDownloadListener$EmptyDrawable@4c8133a
11-05 16:32:28.341  8006  8091 D skia    : SkJpegCodec::onGetPixels +
11-05 16:32:28.366  8006  8091 D skia    : SkJpegCodec::onGetPixels -
11-05 16:32:28.370  8006  8031 E IMGMapper: set:488 set: Unset optional value from type SMPTE2086
11-05 16:32:28.371  8006  8031 E IMGMapper: set:488 set: Unset optional value from type CTA861_3
11-05 16:32:28.385  8006  8031 E IMGMapper: set:488 set: Unset optional value from type SMPTE2086
11-05 16:32:28.385  8006  8031 E IMGMapper: set:488 set: Unset optional value from type CTA861_3
11-05 16:32:28.407  8006  8031 E IMGMapper: set:488 set: Unset optional value from type SMPTE2086
11-05 16:32:28.407  8006  8031 E IMGMapper: set:488 set: Unset optional value from type CTA861_3
11-05 16:32:28.422  8006  8138 D skia    : SkJpegCodec::onGetPixels +
11-05 16:32:28.428  8006  8031 E IMGMapper: set:488 set: Unset optional value from type SMPTE2086
11-05 16:32:28.428  8006  8031 E IMGMapper: set:488 set: Unset optional value from type CTA861_3
11-05 16:32:28.436  8006  8031 E IMGMapper: set:488 set: Unset optional value from type SMPTE2086
11-05 16:32:28.436  8006  8031 E IMGMapper: set:488 set: Unset optional value from type CTA861_3
11-05 16:32:28.445  8006  8138 D skia    : SkJpegCodec::onGetPixels -
11-05 16:32:28.453  8006  8031 E IMGMapper: set:488 set: Unset optional value from type SMPTE2086
11-05 16:32:28.453  8006  8031 E IMGMapper: set:488 set: Unset optional value from type CTA861_3
11-05 16:32:28.469  8006  8031 E IMGMapper: set:488 set: Unset optional value from type SMPTE2086
11-05 16:32:28.469  8006  8031 E IMGMapper: set:488 set: Unset optional value from type CTA861_3
11-05 16:32:28.487  8006  8031 E IMGMapper: set:488 set: Unset optional value from type SMPTE2086
11-05 16:32:28.487  8006  8031 E IMGMapper: set:488 set: Unset optional value from type CTA861_3
11-05 16:32:28.512  8006  8031 E IMGMapper: set:488 set: Unset optional value from type SMPTE2086
11-05 16:32:28.512  8006  8031 E IMGMapper: set:488 set: Unset optional value from type CTA861_3
11-05 16:32:28.514  8006  8006 W unknown:WrappingUtils: Don't know how to round that drawable: com.facebook.react.views.image.ReactImageDownloadListener$EmptyDrawable@2654dbb
11-05 16:32:28.527  8006  8031 E IMGMapper: set:488 set: Unset optional value from type SMPTE2086
11-05 16:32:28.528  8006  8031 E IMGMapper: set:488 set: Unset optional value from type CTA861_3
11-05 16:32:28.535  8006  8006 W unknown:WrappingUtils: Don't know how to round that drawable: com.facebook.react.views.image.ReactImageDownloadListener$EmptyDrawable@1e4b58f
11-05 16:32:28.547  8006  8031 E IMGMapper: set:488 set: Unset optional value from type SMPTE2086
11-05 16:32:28.547  8006  8031 E IMGMapper: set:488 set: Unset optional value from type CTA861_3
11-05 16:32:28.554  8006  8038 I ReactNativeJS: ---IMG_METRICS_START---
11-05 16:32:28.554  8006  8038 I ReactNativeJS: {
11-05 16:32:28.554  8006  8038 I ReactNativeJS:   "dashboardRenders": 1,
11-05 16:32:28.554  8006  8038 I ReactNativeJS:   "cardRenders": {
11-05 16:32:28.554  8006  8038 I ReactNativeJS:     "155": 21,
11-05 16:32:28.554  8006  8038 I ReactNativeJS:     "7451": 21,
11-05 16:32:28.554  8006  8038 I ReactNativeJS:     "13494": 28,
11-05 16:32:28.554  8006  8038 I ReactNativeJS:     "70196": 7,
11-05 16:32:28.554  8006  8038 I ReactNativeJS:     "138843": 19,
11-05 16:32:28.554  8006  8038 I ReactNativeJS:     "157336": 14,
11-05 16:32:28.554  8006  8038 I ReactNativeJS:     "423108": 7,
11-05 16:32:28.554  8006  8038 I ReactNativeJS:     "506763": 28,
11-05 16:32:28.554  8006  8038 I ReactNativeJS:     "541671": 20,
11-05 16:32:28.554  8006  8038 I ReactNativeJS:     "552524": 21,
11-05 16:32:28.554  8006  8038 I ReactNativeJS:     "574475": 12,
11-05 16:32:28.554  8006  8038 I ReactNativeJS:     "575265": 28,
11-05 16:32:28.554  8006  8038 I ReactNativeJS:     "604079": 21,
11-05 16:32:28.554  8006  8038 I ReactNativeJS:     "617126": 21,
11-05 16:32:28.554  8006  8038 I ReactNativeJS:     "660033": 16,
11-05 16:32:28.554  8006  8038 I ReactNativeJS:     "691363": 21,
11-05 16:32:28.554  8006  8038 I ReactNativeJS:     "715287": 14,
11-05 16:32:28.554  8006  8038 I ReactNativeJS:     "755898": 28,
11-05 16:32:28.554  8006  8038 I ReactNativeJS:     "803796": 28,
11-05 16:32:28.554  8006  8038 I ReactNativeJS:     "911430": 28,
11-05 16:32:28.554  8006  8038 I ReactNativeJS:     "914215": 28,
11-05 16:32:28.554  8006  8038 I ReactNativeJS:     "974397": 6,
11-05 16:32:28.554  8006  8038 I ReactNativeJS:     "980477": 21,
11-05 16:32:28.554  8006  8038 I ReactNativeJS:     "986206": 2,
11-05 16:32:28.554  8006  8038 I ReactNativeJS:     "987400": 28,
11-05 16:32:28.554  8006  8038 I ReactNativeJS:     "993234": 17,
11-05 16:32:28.554  8006  8038 I ReactNativeJS:     "994682": 16,
11-05 16:32:28.554  8006  8038 I ReactNativeJS:     "1007734": 28,
11-05 16:32:28.554  8006  8038 I ReactNativeJS:     "1011477": 6,
11-05 16:32:28.554  8006  8038 I ReactNativeJS:     "1022787": 19,
11-05 16:32:28.554  8006  8038 I ReactNativeJS:     "1028248": 28,
11-05 16:32:28.554  8006  8038 I ReactNativeJS:     "1035259": 28,
11-05 16:32:28.554  8006  8038 I ReactNativeJS:     "1038392": 28,
11-05 16:32:28.554  8006  8038 I ReactNativeJS:     "1051486": 28,
11-05 16:32:28.554  8006  8038 I ReactNativeJS:     "1061474": 28,
11-05 16:32:28.554  8006  8038 I ReactNativeJS:     "1071585": 7,
11-05 16:32:28.554  8006  8038 I ReactNativeJS:     "1078605": 28,
11-05 16:32:28.554  8006  8038 I ReactNativeJS:     "1083433": 11,
11-05 16:32:28.554  8006  8038 I ReactNativeJS:     "1087192": 28,
11-05 16:32:28.554  8006  8038 I ReactNativeJS:     "1088166": 2,
11-05 16:32:28.554  8006  8038 I ReactNativeJS:     "1100988": 2,
11-05 16:32:28.554  8006  8038 I ReactNativeJS:     "1119878": 21,
11-05 16:32:28.554  8006  8038 I ReactNativeJS:     "1125257": 17,
11-05 16:32:28.554  8006  8038 I ReactNativeJS:     "1151031": 9,
11-05 16:32:28.554  8006  8038 I ReactNativeJS:     "1151272": 1,
11-05 16:32:28.554  8006  8038 I ReactNativeJS:     "1151334": 21,
11-05 16:32:28.554  8006  8038 I ReactNativeJS:     "1163545": 1,
11-05 16:32:28.554  8006  8038 I ReactNativeJS:     "1175942": 21,
11-05 16:32:28.554  8006  8038 I ReactNativeJS:     "1185528": 3,
11-05 16:32:28.554  8006  8038 I ReactNativeJS:     "1188808": 21,
11-05 16:32:28.554  8006  8038 I ReactNativeJS:     "1234821": 28,
11-05 16:32:28.554  8006  8038 I ReactNativeJS:     "1241470": 5,
11-05 16:32:28.554  8006  8038 I ReactNativeJS:     "1242011": 28,
11-05 16:32:28.554  8006  8038 I ReactNativeJS:     "1242434": 11,
11-05 16:32:28.554  8006  8038 I ReactNativeJS:     "1244953": 11,
11-05 16:32:28.554  8006  8038 I ReactNativeJS:     "1252428": 21,
11-05 16:32:28.554  8006  8038 I ReactNativeJS:     "1265344": 21,
11-05 16:32:28.554  8006  8038 I ReactNativeJS:     "1284120": 18,
11-05 16:32:28.554  8006  8038 I ReactNativeJS:     "1311031": 28,
11-05 16:32:28.554  8006  8038 I ReactNativeJS:     "1319895": 3,
11-05 16:32:28.554  8006  8038 I ReactNativeJS:     "1321439": 20,
11-05 16:32:28.554  8006  8038 I ReactNativeJS:     "1337395": 2,
11-05 16:32:28.554  8006  8038 I ReactNativeJS:     "1354441": 9,
11-05 16:32:28.554  8006  8038 I ReactNativeJS:     "1367575": 18,
11-05 16:32:28.554  8006  8038 I ReactNativeJS:     "1369679": 28,
11-05 16:32:28.554  8006  8038 I ReactNativeJS:     "1382406": 21,
11-05 16:32:28.554  8006  8038 I ReactNativeJS:     "1403735": 7,
11-05 16:32:28.554  8006  8038 I ReactNativeJS:     "1470086": 5,
11-05 16:32:28.554  8006  8038 I ReactNativeJS:     "1506456": 12,
11-05 16:32:28.554  8006  8038 I ReactNativeJS:     "1530127": 11
11-05 16:32:28.554  8006  8038 I ReactNativeJS:   },
11-05 16:32:28.554  8006  8038 I ReactNativeJS:   "imageLoads": [
11-05 16:32:28.554  8006  8038 I ReactNativeJS:     {
11-05 16:32:28.554  8006  8038 I ReactNativeJS:       "id": 1311031,
11-05 16:32:28.554  8006  8038 I ReactNativeJS:       "durationMs": 947
11-05 16:32:28.554  8006  8038 I ReactNativeJS:     },
11-05 16:32:28.554  8006  8038 I ReactNativeJS:     {
11-05 16:32:28.554  8006  8038 I ReactNativeJS:       "id": 1038392,
11-05 16:32:28.554  8006  8038 I ReactNativeJS:       "durationMs": 1166
11-05 16:32:28.554  8006  8038 I ReactNativeJS:     },
11-05 16:32:28.554  8006  8038 I ReactNativeJS:     {
11-05 16:32:28.554  8006  8038 I ReactNativeJS:       "id": 987400,
11-05 16:32:28.554  8006  8038 I ReactNativeJS:       "durationMs": 1181
11-05 16:32:28.554  8006  8038 I ReactNativeJS:     },
11-05 16:32:28.554  8006  8038 I ReactNativeJS:     {
11-05 16:32:28.554  8006  8038 I ReactNativeJS:       "id": 755898,
11-05 16:32:28.554  8006  8038 I ReactNativeJS:       "durationMs": 1182
11-05 16:32:28.554  8006  8038 I ReactNativeJS:     },
11-05 16:32:28.554  8006  8038 I ReactNativeJS:     {
11-05 16:32:28.554  8006  8038 I ReactNativeJS:       "id": 1007734,
11-05 16:32:28.554  8006  8038 I ReactNativeJS:       "durationMs": 169
11-05 16:32:28.554  8006  8038 I ReactNativeJS:     },
11-05 16:32:28.554  8006  8038 I ReactNativeJS:     {
