--------- beginning of main
11-05 16:37:49.425  1187  1299 D InputDispatcher: Inject motion (9165/2000): action=0x0, time=3391195682000000, f=0x0, d=0 dsdx=1.000000 dtdx=0.000000
11-05 16:37:49.429  1187  1534 I InputDispatcher: Delivering touch to (1737): action: 0x4, f=0x0, d=0, 'd92b8ad', t=1 
11-05 16:37:49.429  1187  1534 I InputDispatcher: Delivering touch to (9053): action: 0x0, f=0x0, d=0, '11b97a3', t=1 
--------- beginning of system
11-05 16:37:49.430  1187  1534 D PowerManagerService: [api] userActivityFromNative :  (event: 2 flags: 0 displayId: 0) eventTime = 3391195682
11-05 16:37:49.431  1187  1303 I GestureDetector: obtain mCurrentDownEvent. id: -88309265 caller: com.android.server.wm.SystemGesturesPointerEventListener.onPointerEvent:203 com.android.server.wm.PointerEventDispatcher.onInputEvent:53 android.view.InputEventReceiver.dispatchInputEvent:285 
11-05 16:37:49.432  1187  1303 I GestureDetector: obtain mCurrentDownEvent. id: -88309265 caller: com.android.server.wm.SystemPerformancePointerEventListener.onPointerEvent:89 com.android.server.wm.PointerEventDispatcher.onInputEvent:53 android.view.InputEventReceiver.dispatchInputEvent:285 
11-05 16:37:49.432  9053  9053 I ViewRootImpl@706bef1[MainActivity]: ViewPostIme pointer 0
11-05 16:37:49.433  1187  1534 D PowerManagerService: UserActivityStateListenerState: 1
11-05 16:37:49.454  1187  1303 I GestureDetector: obtain mCurrentMotionEventRaw. action: 2 id: -710058133
11-05 16:37:49.454  1187  1303 I GestureDetector: obtain mCurrentMotionEventRaw. action: 2 id: -710058133
11-05 16:37:49.529  9053  9073 E IMGMapper: set:488 set: Unset optional value from type SMPTE2086
11-05 16:37:49.529  9053  9073 E IMGMapper: set:488 set: Unset optional value from type CTA861_3
11-05 16:37:49.538  1039  1039 I BufferQueueProducer: [com.cinemamovel/com.cinemamovel.MainActivity$_9053#684475](this:0xb400007a1f841838,id:-1,api:0,p:-1,c:1039) queueBuffer: fps=5.97 dur=6537.63 max=5871.20 min=16.14
11-05 16:37:49.540   991   991 I hwcomposer: [HWCDisplay] [Display_0 (type:1)] fps:0.557185,dur:1794.74,max:1794.74,min:1794.74  
11-05 16:37:49.557  9053  9073 E IMGMapper: set:488 set: Unset optional value from type SMPTE2086
11-05 16:37:49.557  9053  9073 E IMGMapper: set:488 set: Unset optional value from type CTA861_3
11-05 16:37:49.568  9053  9073 E IMGMapper: set:488 set: Unset optional value from type SMPTE2086
11-05 16:37:49.568  9053  9073 E IMGMapper: set:488 set: Unset optional value from type CTA861_3
11-05 16:37:49.579  9053  9073 E IMGMapper: set:488 set: Unset optional value from type SMPTE2086
11-05 16:37:49.579  9053  9073 E IMGMapper: set:488 set: Unset optional value from type CTA861_3
11-05 16:37:49.596  9053  9073 E IMGMapper: set:488 set: Unset optional value from type SMPTE2086
11-05 16:37:49.596  9053  9073 E IMGMapper: set:488 set: Unset optional value from type CTA861_3
11-05 16:37:49.609  9053  9073 E IMGMapper: set:488 set: Unset optional value from type SMPTE2086
11-05 16:37:49.610  9053  9073 E IMGMapper: set:488 set: Unset optional value from type CTA861_3
11-05 16:37:49.621  9053  9073 E IMGMapper: set:488 set: Unset optional value from type SMPTE2086
11-05 16:37:49.621  9053  9073 E IMGMapper: set:488 set: Unset optional value from type CTA861_3
11-05 16:37:49.644  9053  9073 E IMGMapper: set:488 set: Unset optional value from type SMPTE2086
11-05 16:37:49.644  9053  9073 E IMGMapper: set:488 set: Unset optional value from type CTA861_3
11-05 16:37:49.658  9053  9073 E IMGMapper: set:488 set: Unset optional value from type SMPTE2086
11-05 16:37:49.658  9053  9073 E IMGMapper: set:488 set: Unset optional value from type CTA861_3
11-05 16:37:49.671  9053  9073 E IMGMapper: set:488 set: Unset optional value from type SMPTE2086
11-05 16:37:49.671  9053  9073 E IMGMapper: set:488 set: Unset optional value from type CTA861_3
11-05 16:37:49.699  9053  9073 E IMGMapper: set:488 set: Unset optional value from type SMPTE2086
11-05 16:37:49.699  9053  9073 E IMGMapper: set:488 set: Unset optional value from type CTA861_3
11-05 16:37:49.712  9053  9073 E IMGMapper: set:488 set: Unset optional value from type SMPTE2086
11-05 16:37:49.712  9053  9073 E IMGMapper: set:488 set: Unset optional value from type CTA861_3
11-05 16:37:49.719  9053  9053 W unknown:WrappingUtils: Don't know how to round that drawable: com.facebook.react.views.image.ReactImageDownloadListener$EmptyDrawable@7f4b81a
11-05 16:37:49.724  9053  9168 D skia    : SkJpegCodec::onGetPixels +
11-05 16:37:49.730  9053  9073 E IMGMapper: set:488 set: Unset optional value from type SMPTE2086
11-05 16:37:49.731  9053  9073 E IMGMapper: set:488 set: Unset optional value from type CTA861_3
11-05 16:37:49.732  9053  9169 D skia    : SkJpegCodec::onGetPixels +
11-05 16:37:49.734  1187  1299 D InputDispatcher: Inject motion (9165/2000): action=0x1, time=3391195992000000, f=0x0, d=0 dsdx=1.000000 dtdx=0.000000
11-05 16:37:49.736  1187  1534 I InputDispatcher: Delivering touch to (9053): action: 0x1, f=0x0, d=0, '11b97a3', t=1 
11-05 16:37:49.737  1187  1187 I SemDvfsHyPerManager: acquire hyper - SMOOTH_SCROLL/1187@17, type = -999
11-05 16:37:49.738   896   910 I HYPER-HAL: [RequestManager.cpp]acquire(): Acquired ID : 725427  [1187 / 17]    HINT : SMOOTH_SCROLL    list : 
11-05 16:37:49.738  9053  9053 I ViewRootImpl@706bef1[MainActivity]: ViewPostIme pointer 1
11-05 16:37:49.739   896   910 I mtkpower_client: perf_lock_acq, hdl:0, dur:0, num:2, tid:910
11-05 16:37:49.740   896   910 I mtkpower_client: ret_hdl:1042790
11-05 16:37:49.740   896   910 I mtkpower_client: perf_lock_acq, hdl:0, dur:0, num:2, tid:910
11-05 16:37:49.741  1014  1065 I libPowerHal: [perfLockAcq] idx:0 hdl:1042790 hint:-1 pid:896 duration:0 lock_user:vendor.samsung. => ret_hdl:1042790
11-05 16:37:49.742  1187  1187 D SGM:GameManager: identifyGamePackage. com.cinemamovel, mCurrentUserId: 0, callerUserId: 0, callingMethodInfo: com.android.server.ssrm.fgapps.GameAppUtils.isGame(GameAppUtils.java:84)
11-05 16:37:49.742  1187  1187 D SGM:PkgDataHelper: getGamePkgData(). com.cinemamovel
11-05 16:37:49.742  1187  1187 I SemDvfsHyPerManager: acquire hyper - GESTURE_DETECTED/1187@18, type = -999
11-05 16:37:49.742  1014  1065 I libPowerHal: vendor.samsung.: cpu_ctrl set cpu freq: -1 -1 1138000 -1
11-05 16:37:49.744  1187  1187 D SGM:GameManager: identifyGamePackage. com.cinemamovel, mCurrentUserId: 0, callerUserId: 0, callingMethodInfo: com.android.server.ssrm.fgapps.GameAppUtils.isGame(GameAppUtils.java:84)
11-05 16:37:49.744  1187  1187 D SGM:PkgDataHelper: getGamePkgData(). com.cinemamovel
11-05 16:37:49.744  1187  1187 I SemDvfsHyPerManager: acquire hyper - GESTURE_DETECTED/1187@18, type = -999
11-05 16:37:49.744  9053  9168 D skia    : SkJpegCodec::onGetPixels -
11-05 16:37:49.746  9053  9073 E IMGMapper: set:488 set: Unset optional value from type SMPTE2086
11-05 16:37:49.746  9053  9073 E IMGMapper: set:488 set: Unset optional value from type CTA861_3
11-05 16:37:49.747   896   910 I mtkpower_client: ret_hdl:1042791
11-05 16:37:49.748   896   910 I mtkpower_client: perf_lock_rel, hdl:1042790, tid:910
11-05 16:37:49.748   896   910 I mtkpower_client: perf_lock_rel, hdl:1042791, tid:910
11-05 16:37:49.749  1014  1065 I libPowerHal: [perfLockAcq] idx:1 hdl:1042791 hint:-1 pid:896 duration:0 lock_user:vendor.samsung. => ret_hdl:1042791
11-05 16:37:49.750  1014  1065 I libPowerHal: vendor.samsung.: cpu_ctrl set cpu freq: 1218000 -1 1138000 -1
11-05 16:37:49.750  1014  1065 I libPowerHal: [perfLockRel] hdl:1042790, idx:0
11-05 16:37:49.751  1014  1065 I libPowerHal: vendor.samsung.: cpu_ctrl set cpu freq: 1218000 -1 -1 -1
11-05 16:37:49.751  9053  9169 D skia    : SkJpegCodec::onGetPixels -
11-05 16:37:49.752   896   910 I HYPER-HAL: [RequestManager.cpp]releaseLocked(): Released ID : 725427
11-05 16:37:49.752  1014  1065 I libPowerHal: [perfLockRel] hdl:1042791, idx:1
11-05 16:37:49.752   896   910 I HYPER-HAL: [RequestManager.cpp]acquire(): Acquired ID : 726633  [1187 / 18]    HINT : GESTURE_DETECTED    list : [TIMEOUT / 1702] 
11-05 16:37:49.752  1014  1065 I libPowerHal: vendor.samsung.: cpu_ctrl set cpu freq: -1 -1 -1 -1
11-05 16:37:49.752   896   910 I mtkpower_client: perf_lock_acq, hdl:0, dur:0, num:2, tid:910
11-05 16:37:49.753   896   910 I mtkpower_client: ret_hdl:1042792
11-05 16:37:49.753   896   910 I mtkpower_client: perf_lock_acq, hdl:0, dur:0, num:2, tid:910
11-05 16:37:49.753  1014  1065 I libPowerHal: [perfLockAcq] idx:0 hdl:1042792 hint:-1 pid:896 duration:0 lock_user:vendor.samsung. => ret_hdl:1042792
11-05 16:37:49.754  1014  1065 I libPowerHal: vendor.samsung.: cpu_ctrl set cpu freq: -1 -1 1138000 -1
11-05 16:37:49.755   896   910 I mtkpower_client: ret_hdl:1042793
11-05 16:37:49.755   896   910 I HYPER-HAL: [RequestManager.cpp]acquire(): Acquired ID : 726633  [1187 / 18]    HINT : GESTURE_DETECTED    list : [TIMEOUT / 1702] 
11-05 16:37:49.755  1014  1065 I libPowerHal: [perfLockAcq] idx:1 hdl:1042793 hint:-1 pid:896 duration:0 lock_user:vendor.samsung. => ret_hdl:1042793
11-05 16:37:49.755  1014  1065 I libPowerHal: vendor.samsung.: cpu_ctrl set cpu freq: 1218000 -1 1138000 -1
11-05 16:37:49.762  9053  9053 W unknown:WrappingUtils: Don't know how to round that drawable: com.facebook.react.views.image.ReactImageDownloadListener$EmptyDrawable@5f4b35
11-05 16:37:49.790  1187  1187 I SemDvfsHyPerManager: acquire hyper - SMOOTH_SCROLL/1187@17, type = -999
11-05 16:37:49.790   896   910 I HYPER-HAL: [RequestManager.cpp]acquire(): Acquired ID : 725427  [1187 / 17]    HINT : SMOOTH_SCROLL    list : 
11-05 16:37:49.791   896   910 I mtkpower_client: perf_lock_rel, hdl:1042792, tid:910
11-05 16:37:49.791  9053  9073 E IMGMapper: set:488 set: Unset optional value from type SMPTE2086
11-05 16:37:49.791  9053  9073 E IMGMapper: set:488 set: Unset optional value from type CTA861_3
11-05 16:37:49.792   896   910 I mtkpower_client: perf_lock_acq, hdl:0, dur:0, num:2, tid:910
11-05 16:37:49.793  1014  1065 I libPowerHal: [perfLockRel] hdl:1042792, idx:0
11-05 16:37:49.793  1014  1065 I libPowerHal: vendor.samsung.: cpu_ctrl set cpu freq: 1218000 -1 -1 -1
11-05 16:37:49.794   896   910 I mtkpower_client: ret_hdl:1042794
11-05 16:37:49.794   896   910 I mtkpower_client: perf_lock_rel, hdl:1042793, tid:910
11-05 16:37:49.794  1014  1065 I libPowerHal: [perfLockAcq] idx:2 hdl:1042794 hint:-1 pid:896 duration:0 lock_user:vendor.samsung. => ret_hdl:1042794
11-05 16:37:49.795  1014  1065 I libPowerHal: vendor.samsung.: cpu_ctrl set cpu freq: 1218000 -1 1138000 -1
11-05 16:37:49.795   896   910 I mtkpower_client: perf_lock_acq, hdl:0, dur:0, num:2, tid:910
11-05 16:37:49.795  1014  1065 I libPowerHal: [perfLockRel] hdl:1042793, idx:1
11-05 16:37:49.796  1014  1065 I libPowerHal: vendor.samsung.: cpu_ctrl set cpu freq: -1 -1 1138000 -1
11-05 16:37:49.797   896   910 I mtkpower_client: ret_hdl:1042795
11-05 16:37:49.797  1014  1065 I libPowerHal: [perfLockAcq] idx:0 hdl:1042795 hint:-1 pid:896 duration:0 lock_user:vendor.samsung. => ret_hdl:1042795
11-05 16:37:49.797  1014  1065 I libPowerHal: vendor.samsung.: cpu_ctrl set cpu freq: 1218000 -1 1138000 -1
11-05 16:37:49.806  9053  9073 E IMGMapper: set:488 set: Unset optional value from type SMPTE2086
11-05 16:37:49.806  9053  9073 E IMGMapper: set:488 set: Unset optional value from type CTA861_3
11-05 16:37:49.831  9053  9073 E IMGMapper: set:488 set: Unset optional value from type SMPTE2086
11-05 16:37:49.832  9053  9073 E IMGMapper: set:488 set: Unset optional value from type CTA861_3
11-05 16:37:49.839  9053  9073 E IMGMapper: set:488 set: Unset optional value from type SMPTE2086
11-05 16:37:49.839  9053  9073 E IMGMapper: set:488 set: Unset optional value from type CTA861_3
11-05 16:37:49.847  9053  9053 W unknown:WrappingUtils: Don't know how to round that drawable: com.facebook.react.views.image.ReactImageDownloadListener$EmptyDrawable@78a4b7a
11-05 16:37:49.865  9053  9073 E IMGMapper: set:488 set: Unset optional value from type SMPTE2086
11-05 16:37:49.865  9053  9073 E IMGMapper: set:488 set: Unset optional value from type CTA861_3
11-05 16:37:49.867  9053  9053 W unknown:WrappingUtils: Don't know how to round that drawable: com.facebook.react.views.image.ReactImageDownloadListener$EmptyDrawable@29a171e
11-05 16:37:49.896  9053  9073 E IMGMapper: set:488 set: Unset optional value from type SMPTE2086
11-05 16:37:49.896  9053  9073 E IMGMapper: set:488 set: Unset optional value from type CTA861_3
11-05 16:37:49.896  9053  9082 I ReactNativeJS: ---IMG_METRICS_START---
11-05 16:37:49.896  9053  9082 I ReactNativeJS: {
11-05 16:37:49.896  9053  9082 I ReactNativeJS:   "dashboardRenders": 1,
11-05 16:37:49.896  9053  9082 I ReactNativeJS:   "cardRenders": {
11-05 16:37:49.896  9053  9082 I ReactNativeJS:     "7451": 1,
11-05 16:37:49.896  9053  9082 I ReactNativeJS:     "13494": 3,
11-05 16:37:49.896  9053  9082 I ReactNativeJS:     "506763": 3,
11-05 16:37:49.896  9053  9082 I ReactNativeJS:     "575265": 3,
11-05 16:37:49.896  9053  9082 I ReactNativeJS:     "617126": 1,
11-05 16:37:49.896  9053  9082 I ReactNativeJS:     "691363": 2,
11-05 16:37:49.896  9053  9082 I ReactNativeJS:     "755898": 3,
11-05 16:37:49.896  9053  9082 I ReactNativeJS:     "803796": 3,
11-05 16:37:49.896  9053  9082 I ReactNativeJS:     "911430": 3,
11-05 16:37:49.896  9053  9082 I ReactNativeJS:     "914215": 3,
11-05 16:37:49.896  9053  9082 I ReactNativeJS:     "987400": 3,
11-05 16:37:49.896  9053  9082 I ReactNativeJS:     "1007734": 3,
11-05 16:37:49.896  9053  9082 I ReactNativeJS:     "1028248": 3,
11-05 16:37:49.896  9053  9082 I ReactNativeJS:     "1035259": 3,
11-05 16:37:49.896  9053  9082 I ReactNativeJS:     "1038392": 3,
11-05 16:37:49.896  9053  9082 I ReactNativeJS:     "1051486": 3,
11-05 16:37:49.896  9053  9082 I ReactNativeJS:     "1061474": 3,
11-05 16:37:49.896  9053  9082 I ReactNativeJS:     "1078605": 3,
11-05 16:37:49.896  9053  9082 I ReactNativeJS:     "1087192": 3,
11-05 16:37:49.896  9053  9082 I ReactNativeJS:     "1234821": 3,
11-05 16:37:49.896  9053  9082 I ReactNativeJS:     "1242011": 3,
11-05 16:37:49.896  9053  9082 I ReactNativeJS:     "1265344": 2,
11-05 16:37:49.896  9053  9082 I ReactNativeJS:     "1311031": 3,
11-05 16:37:49.896  9053  9082 I ReactNativeJS:     "1369679": 3
11-05 16:37:49.896  9053  9082 I ReactNativeJS:   },
11-05 16:37:49.896  9053  9082 I ReactNativeJS:   "imageLoads": [
11-05 16:37:49.896  9053  9082 I ReactNativeJS:     {
11-05 16:37:49.896  9053  9082 I ReactNativeJS:       "id": 987400,
11-05 16:37:49.896  9053  9082 I ReactNativeJS:       "durationMs": 635
11-05 16:37:49.896  9053  9082 I ReactNativeJS:     },
11-05 16:37:49.896  9053  9082 I ReactNativeJS:     {
11-05 16:37:49.896  9053  9082 I ReactNativeJS:       "id": 1038392,
11-05 16:37:49.896  9053  9082 I ReactNativeJS:       "durationMs": 952
11-05 16:37:49.896  9053  9082 I ReactNativeJS:     },
11-05 16:37:49.896  9053  9082 I ReactNativeJS:     {
11-05 16:37:49.896  9053  9082 I ReactNativeJS:       "id": 755898,
11-05 16:37:49.896  9053  9082 I ReactNativeJS:       "durationMs": 953
11-05 16:37:49.896  9053  9082 I ReactNativeJS:     },
11-05 16:37:49.896  9053  9082 I ReactNativeJS:     {
11-05 16:37:49.896  9053  9082 I ReactNativeJS:       "id": 1311031,
11-05 16:37:49.896  9053  9082 I ReactNativeJS:       "durationMs": 983
11-05 16:37:49.896  9053  9082 I ReactNativeJS:     },
11-05 16:37:49.896  9053  9082 I ReactNativeJS:     {
11-05 16:37:49.896  9053  9082 I ReactNativeJS:       "id": 1007734,
11-05 16:37:49.896  9053  9082 I ReactNativeJS:       "durationMs": 321
11-05 16:37:49.896  9053  9082 I ReactNativeJS:     },
11-05 16:37:49.896  9053  9082 I ReactNativeJS:     {
11-05 16:37:49.896  9053  9082 I ReactNativeJS:       "id": 1078605,
11-05 16:37:49.896  9053  9082 I ReactNativeJS:       "durationMs": 321
11-05 16:37:49.896  9053  9082 I ReactNativeJS:     }
11-05 16:37:49.896  9053  9082 I ReactNativeJS:   ],
11-05 16:37:49.896  9053  9082 I ReactNativeJS:   "navigationEvents": [
11-05 16:37:49.896  9053  9082 I ReactNativeJS:     {
11-05 16:37:49.896  9053  9082 I ReactNativeJS:       "action": "focus_dashboard",
11-05 16:37:49.896  9053  9082 I ReactNativeJS:       "timestamp": 1762371461863
11-05 16:37:49.896  9053  9082 I ReactNativeJS:     }
11-05 16:37:49.896  9053  9082 I ReactNativeJS:   ]
11-05 16:37:49.896  9053  9082 I ReactNativeJS: }
11-05 16:37:49.896  9053  9082 I ReactNativeJS: ---IMG_METRICS_END---
11-05 16:37:49.914  9053  9073 E IMGMapper: set:488 set: Unset optional value from type SMPTE2086
11-05 16:37:49.914  9053  9073 E IMGMapper: set:488 set: Unset optional value from type CTA861_3
11-05 16:37:49.924  9053  9073 E IMGMapper: set:488 set: Unset optional value from type SMPTE2086
11-05 16:37:49.924  9053  9073 E IMGMapper: set:488 set: Unset optional value from type CTA861_3
11-05 16:37:49.939  9053  9073 E IMGMapper: set:488 set: Unset optional value from type SMPTE2086
11-05 16:37:49.939  9053  9073 E IMGMapper: set:488 set: Unset optional value from type CTA861_3
11-05 16:37:49.956  9053  9073 E IMGMapper: set:488 set: Unset optional value from type SMPTE2086
11-05 16:37:49.956  9053  9073 E IMGMapper: set:488 set: Unset optional value from type CTA861_3
11-05 16:37:49.965 10017 10044 I ContactsProvider_EventLog: cp_s: [CONTACT con(156) dat(1622) acc({google(35)=1, google(2)=155, com.google.android.apps.tachyon(10)=4, com.google.android.apps.tachyon(24)=36, com.whatsapp(9)=124}) calls([logtype:100 cnt:1037]) Iso(BR) uId(0) ]
11-05 16:37:49.965 10017 10044 I ContactsProvider_EventLog: cp_s: [ agr({[2 ,9 ,10]=4, [2 ,9 ,24]=30, [2 ,2]=1, [2]=28, [2 ,24]=3, [35]=1, [2 ,24 ,9]=2, [2 ,9 ,9]=1, [9 ,2 ,24]=1, [9]=1, [2 ,9]=84}) ]
11-05 16:37:49.965 10017 10044 I ContactsProvider_EventLog: cp_s: [ cnt({acore(10017)=1, contacts(16845)=4}) ]
11-05 16:37:49.965 10017 10044 I ContactsProvider_EventLog: cp_s: [PROFILE ] [SAPROFILE con(1) dat(1) acc({phone(1)=1}) ]
11-05 16:37:49.965 10017 10044 I ContactsProvider_EventLog: cp_s: [STATE R(F) ]
11-05 16:37:49.971  9053  9073 E IMGMapper: set:488 set: Unset optional value from type SMPTE2086
11-05 16:37:49.971  9053  9073 E IMGMapper: set:488 set: Unset optional value from type CTA861_3
11-05 16:37:49.987  9053  9073 E IMGMapper: set:488 set: Unset optional value from type SMPTE2086
11-05 16:37:49.987  9053  9073 E IMGMapper: set:488 set: Unset optional value from type CTA861_3
11-05 16:37:50.005  9053  9073 E IMGMapper: set:488 set: Unset optional value from type SMPTE2086
11-05 16:37:50.005  9053  9073 E IMGMapper: set:488 set: Unset optional value from type CTA861_3
11-05 16:37:50.020  9053  9073 E IMGMapper: set:488 set: Unset optional value from type SMPTE2086
11-05 16:37:50.020  9053  9073 E IMGMapper: set:488 set: Unset optional value from type CTA861_3
11-05 16:37:50.030  9053  9053 W unknown:WrappingUtils: Don't know how to round that drawable: com.facebook.react.views.image.ReactImageDownloadListener$EmptyDrawable@6d1ef0b
11-05 16:37:50.045  9053  9073 E IMGMapper: set:488 set: Unset optional value from type SMPTE2086
11-05 16:37:50.045  9053  9073 E IMGMapper: set:488 set: Unset optional value from type CTA861_3
11-05 16:37:50.055  9053  9053 W unknown:WrappingUtils: Don't know how to round that drawable: com.facebook.react.views.image.ReactImageDownloadListener$EmptyDrawable@ac37600
11-05 16:37:50.074  9053  9173 D skia    : SkJpegCodec::onGetPixels +
11-05 16:37:50.081  9053  9124 D skia    : SkJpegCodec::onGetPixels +
11-05 16:37:50.091  9053  9173 D skia    : SkJpegCodec::onGetPixels -
11-05 16:37:50.091  9053  9148 D skia    : SkJpegCodec::onGetPixels +
11-05 16:37:50.100  9053  9124 D skia    : SkJpegCodec::onGetPixels -
11-05 16:37:50.108  9053  9073 E IMGMapper: set:488 set: Unset optional value from type SMPTE2086
11-05 16:37:50.109  9053  9073 E IMGMapper: set:488 set: Unset optional value from type CTA861_3
11-05 16:37:50.109  9053  9148 D skia    : SkJpegCodec::onGetPixels -
11-05 16:37:50.128  9053  9073 E IMGMapper: set:488 set: Unset optional value from type SMPTE2086
11-05 16:37:50.128  9053  9073 E IMGMapper: set:488 set: Unset optional value from type CTA861_3
11-05 16:37:50.144  9053  9073 E IMGMapper: set:488 set: Unset optional value from type SMPTE2086
11-05 16:37:50.144  9053  9073 E IMGMapper: set:488 set: Unset optional value from type CTA861_3
11-05 16:37:50.168  9053  9073 E IMGMapper: set:488 set: Unset optional value from type SMPTE2086
11-05 16:37:50.169  9053  9073 E IMGMapper: set:488 set: Unset optional value from type CTA861_3
11-05 16:37:50.175  9053  9073 E IMGMapper: set:488 set: Unset optional value from type SMPTE2086
11-05 16:37:50.175  9053  9073 E IMGMapper: set:488 set: Unset optional value from type CTA861_3
11-05 16:37:50.198  9053  9073 E IMGMapper: set:488 set: Unset optional value from type SMPTE2086
11-05 16:37:50.198  9053  9073 E IMGMapper: set:488 set: Unset optional value from type CTA861_3
11-05 16:37:50.208  9053  9073 E IMGMapper: set:488 set: Unset optional value from type SMPTE2086
11-05 16:37:50.208  9053  9073 E IMGMapper: set:488 set: Unset optional value from type CTA861_3
11-05 16:37:50.212  9053  9152 D skia    : SkJpegCodec::onGetPixels +
11-05 16:37:50.228  9053  9073 E IMGMapper: set:488 set: Unset optional value from type SMPTE2086
11-05 16:37:50.228  9053  9073 E IMGMapper: set:488 set: Unset optional value from type CTA861_3
11-05 16:37:50.231  9053  9152 D skia    : SkJpegCodec::onGetPixels -
11-05 16:37:50.242  9053  9073 E IMGMapper: set:488 set: Unset optional value from type SMPTE2086
11-05 16:37:50.242  9053  9073 E IMGMapper: set:488 set: Unset optional value from type CTA861_3
11-05 16:37:50.256  9053  9073 E IMGMapper: set:488 set: Unset optional value from type SMPTE2086
11-05 16:37:50.256  9053  9073 E IMGMapper: set:488 set: Unset optional value from type CTA861_3
11-05 16:37:50.272  9053  9073 E IMGMapper: set:488 set: Unset optional value from type SMPTE2086
11-05 16:37:50.272  9053  9073 E IMGMapper: set:488 set: Unset optional value from type CTA861_3
11-05 16:37:50.301  9053  9073 E IMGMapper: set:488 set: Unset optional value from type SMPTE2086
11-05 16:37:50.301  9053  9073 E IMGMapper: set:488 set: Unset optional value from type CTA861_3
11-05 16:37:50.310  9053  9073 E IMGMapper: set:488 set: Unset optional value from type SMPTE2086
11-05 16:37:50.311  9053  9073 E IMGMapper: set:488 set: Unset optional value from type CTA861_3
11-05 16:37:50.315  9053  9150 D skia    : SkJpegCodec::onGetPixels +
11-05 16:37:50.321  9053  9073 E IMGMapper: set:488 set: Unset optional value from type SMPTE2086
11-05 16:37:50.322  9053  9073 E IMGMapper: set:488 set: Unset optional value from type CTA861_3
11-05 16:37:50.332  9053  9150 D skia    : SkJpegCodec::onGetPixels -
11-05 16:37:50.337  9053  9073 E IMGMapper: set:488 set: Unset optional value from type SMPTE2086
11-05 16:37:50.337  9053  9073 E IMGMapper: set:488 set: Unset optional value from type CTA861_3
11-05 16:37:50.355  9053  9073 E IMGMapper: set:488 set: Unset optional value from type SMPTE2086
11-05 16:37:50.355  9053  9073 E IMGMapper: set:488 set: Unset optional value from type CTA861_3
11-05 16:37:50.375  9053  9073 E IMGMapper: set:488 set: Unset optional value from type SMPTE2086
11-05 16:37:50.375  9053  9073 E IMGMapper: set:488 set: Unset optional value from type CTA861_3
11-05 16:37:50.392  9053  9151 D skia    : SkJpegCodec::onGetPixels +
11-05 16:37:50.394  9053  9073 E IMGMapper: set:488 set: Unset optional value from type SMPTE2086
11-05 16:37:50.395  9053  9073 E IMGMapper: set:488 set: Unset optional value from type CTA861_3
11-05 16:37:50.401  9053  9053 W unknown:WrappingUtils: Don't know how to round that drawable: com.facebook.react.views.image.ReactImageDownloadListener$EmptyDrawable@28d0554
11-05 16:37:50.409  9053  9151 D skia    : SkJpegCodec::onGetPixels -
11-05 16:37:50.416  9053  9073 E IMGMapper: set:488 set: Unset optional value from type SMPTE2086
11-05 16:37:50.416  9053  9073 E IMGMapper: set:488 set: Unset optional value from type CTA861_3
11-05 16:37:50.424  9053  9053 W unknown:WrappingUtils: Don't know how to round that drawable: com.facebook.react.views.image.ReactImageDownloadListener$EmptyDrawable@c0fcdf2
11-05 16:37:50.448 15691 15691 D BoundBrokerSvc: onUnbind: Intent { act=com.google.android.gms.feedback.internal.IFeedbackService dat=chimera-action:/... cmp=com.google.android.gms/.chimera.GmsBoundBrokerService }
11-05 16:37:50.459  9053  9073 E IMGMapper: set:488 set: Unset optional value from type SMPTE2086
11-05 16:37:50.459  9053  9073 E IMGMapper: set:488 set: Unset optional value from type CTA861_3
11-05 16:37:50.471  9053  9073 E IMGMapper: set:488 set: Unset optional value from type SMPTE2086
11-05 16:37:50.471  9053  9073 E IMGMapper: set:488 set: Unset optional value from type CTA861_3
11-05 16:37:50.495  9053  9073 E IMGMapper: set:488 set: Unset optional value from type SMPTE2086
11-05 16:37:50.495  9053  9073 E IMGMapper: set:488 set: Unset optional value from type CTA861_3
11-05 16:37:50.501   543   543 D io_stats: !@ 179,0 r 626038641 7565334446 w 113297610 1199732840 d 1261306 33797728 f 0 0 iot 322165096 0 th 0 0 0 pt 0 inp 0 0 3391196.759
11-05 16:37:50.509  9053  9073 E IMGMapper: set:488 set: Unset optional value from type SMPTE2086
11-05 16:37:50.509  9053  9073 E IMGMapper: set:488 set: Unset optional value from type CTA861_3
11-05 16:37:50.523  9053  9073 E IMGMapper: set:488 set: Unset optional value from type SMPTE2086
11-05 16:37:50.523  9053  9073 E IMGMapper: set:488 set: Unset optional value from type CTA861_3
11-05 16:37:50.539  9053  9073 E IMGMapper: set:488 set: Unset optional value from type SMPTE2086
11-05 16:37:50.539  9053  9073 E IMGMapper: set:488 set: Unset optional value from type CTA861_3
11-05 16:37:50.541  1039  1039 I BufferQueueProducer: [com.cinemamovel/com.cinemamovel.MainActivity$_9053#684475](this:0xb400007a1f841838,id:-1,api:0,p:-1,c:1039) queueBuffer: fps=51.86 dur=1002.68 max=66.58 min=14.16
11-05 16:37:50.543   991   991 I hwcomposer: [HWCDisplay] [Display_0 (type:1)] fps:51.846043,dur:1002.97,max:66.13,min:13.77  
11-05 16:37:50.555  9053  9073 E IMGMapper: set:488 set: Unset optional value from type SMPTE2086
11-05 16:37:50.556  9053  9073 E IMGMapper: set:488 set: Unset optional value from type CTA861_3
11-05 16:37:50.572  9053  9073 E IMGMapper: set:488 set: Unset optional value from type SMPTE2086
11-05 16:37:50.572  9053  9073 E IMGMapper: set:488 set: Unset optional value from type CTA861_3
11-05 16:37:50.589  9053  9073 E IMGMapper: set:488 set: Unset optional value from type SMPTE2086
11-05 16:37:50.589  9053  9073 E IMGMapper: set:488 set: Unset optional value from type CTA861_3
11-05 16:37:50.606  9053  9073 E IMGMapper: set:488 set: Unset optional value from type SMPTE2086
11-05 16:37:50.606  9053  9073 E IMGMapper: set:488 set: Unset optional value from type CTA861_3
11-05 16:37:50.623  9053  9073 E IMGMapper: set:488 set: Unset optional value from type SMPTE2086
11-05 16:37:50.624  9053  9073 E IMGMapper: set:488 set: Unset optional value from type CTA861_3
11-05 16:37:50.640  9053  9073 E IMGMapper: set:488 set: Unset optional value from type SMPTE2086
11-05 16:37:50.641  9053  9073 E IMGMapper: set:488 set: Unset optional value from type CTA861_3
11-05 16:37:50.658  9053  9073 E IMGMapper: set:488 set: Unset optional value from type SMPTE2086
11-05 16:37:50.658  9053  9073 E IMGMapper: set:488 set: Unset optional value from type CTA861_3
11-05 16:37:50.672  9053  9073 E IMGMapper: set:488 set: Unset optional value from type SMPTE2086
11-05 16:37:50.673  9053  9073 E IMGMapper: set:488 set: Unset optional value from type CTA861_3
11-05 16:37:50.690  9053  9073 E IMGMapper: set:488 set: Unset optional value from type SMPTE2086
11-05 16:37:50.690  9053  9073 E IMGMapper: set:488 set: Unset optional value from type CTA861_3
11-05 16:37:50.711  9053  9073 E IMGMapper: set:488 set: Unset optional value from type SMPTE2086
11-05 16:37:50.711  9053  9073 E IMGMapper: set:488 set: Unset optional value from type CTA861_3
11-05 16:37:50.714  1693  1693 I WifiHAL : Get link layer stats
11-05 16:37:50.714  1693  1693 I WifiHAL : GetLinkStatsCommand::create
11-05 16:37:50.714  1693  1693 D android.hardware.wifi@1.0-service-lazy: WifiRequest::create vendor command to iface 38, vendor_id=0x1a11, subcmd=0x1200, res=0
11-05 16:37:50.714  1693  1693 I android.hardware.wifi@1.0-service-lazy: WifiCommand::requestResponse err=-95
11-05 16:37:50.714  1693  1693 I WifiHAL : wifi_get_link_stats: result=-3
11-05 16:37:50.715  1187  1566 E WifiVendorHal: getWifiLinkLayerStats_1_5_Internal(l.1179) failed {.code = ERROR_NOT_SUPPORTED, .description = }
11-05 16:37:50.720  1187 22074 D SemWifiUsabilityStatsMonitor: onWifiUsabilityStats - seqNum 104594, isSameBssidAndFreq true
11-05 16:37:50.721  1187  1645 I SemWifiLinkQualityMonitor: Link Qos query: inf. ms / 0 Mbps
11-05 16:37:50.722  1737  1737 D NetworkController.WifiSignalController: notifyListener: visible=true, connected=true, inetCondition=1, isDefault=true, wifiTestReported=true, receivedInetCondition=-1, hideDuringMobileSwitching=false
11-05 16:37:50.726  9053  9073 E IMGMapper: set:488 set: Unset optional value from type SMPTE2086
11-05 16:37:50.726  9053  9073 E IMGMapper: set:488 set: Unset optional value from type CTA861_3
11-05 16:37:50.727  1737  1942 D Tile.WifiTile: handleUpdateState isTransient=false transientEnabling =false cb.isTransient=false state.state = 2 mStateBeforeClick.value =false enabled =true
11-05 16:37:50.741  9053  9073 E IMGMapper: set:488 set: Unset optional value from type SMPTE2086
11-05 16:37:50.741  9053  9073 E IMGMapper: set:488 set: Unset optional value from type CTA861_3
11-05 16:37:50.749  1737  1796 E IMGMapper: set:488 set: Unset optional value from type SMPTE2086
11-05 16:37:50.749  1737  1796 E IMGMapper: set:488 set: Unset optional value from type CTA861_3
11-05 16:37:50.757  1039  1039 I BufferQueueProducer: [StatusBar$_1737#534029](this:0xb400007a1f0ca838,id:-1,api:0,p:-1,c:1039) queueBuffer: fps=0.33 dur=3014.67 max=3014.67 min=3014.67
11-05 16:37:50.758  9053  9073 E IMGMapper: set:488 set: Unset optional value from type SMPTE2086
11-05 16:37:50.758  9053  9073 E IMGMapper: set:488 set: Unset optional value from type CTA861_3
11-05 16:37:50.773  9053  9073 E IMGMapper: set:488 set: Unset optional value from type SMPTE2086
11-05 16:37:50.773  9053  9073 E IMGMapper: set:488 set: Unset optional value from type CTA861_3
11-05 16:37:50.787  9053  9073 E IMGMapper: set:488 set: Unset optional value from type SMPTE2086
11-05 16:37:50.787  9053  9073 E IMGMapper: set:488 set: Unset optional value from type CTA861_3
11-05 16:37:50.807  9053  9073 E IMGMapper: set:488 set: Unset optional value from type SMPTE2086
11-05 16:37:50.807  9053  9073 E IMGMapper: set:488 set: Unset optional value from type CTA861_3
11-05 16:37:50.822  9053  9073 E IMGMapper: set:488 set: Unset optional value from type SMPTE2086
11-05 16:37:50.822  9053  9073 E IMGMapper: set:488 set: Unset optional value from type CTA861_3
11-05 16:37:50.839  9053  9073 E IMGMapper: set:488 set: Unset optional value from type SMPTE2086
11-05 16:37:50.839  9053  9073 E IMGMapper: set:488 set: Unset optional value from type CTA861_3
11-05 16:37:50.857  9053  9073 E IMGMapper: set:488 set: Unset optional value from type SMPTE2086
11-05 16:37:50.857  9053  9073 E IMGMapper: set:488 set: Unset optional value from type CTA861_3
11-05 16:37:50.873  9053  9073 E IMGMapper: set:488 set: Unset optional value from type SMPTE2086
11-05 16:37:50.873  9053  9073 E IMGMapper: set:488 set: Unset optional value from type CTA861_3
11-05 16:37:50.888  9053  9073 E IMGMapper: set:488 set: Unset optional value from type SMPTE2086
11-05 16:37:50.888  9053  9073 E IMGMapper: set:488 set: Unset optional value from type CTA861_3
11-05 16:37:50.905  9053  9073 E IMGMapper: set:488 set: Unset optional value from type SMPTE2086
11-05 16:37:50.905  9053  9073 E IMGMapper: set:488 set: Unset optional value from type CTA861_3
11-05 16:37:50.922  9053  9073 E IMGMapper: set:488 set: Unset optional value from type SMPTE2086
11-05 16:37:50.922  9053  9073 E IMGMapper: set:488 set: Unset optional value from type CTA861_3
11-05 16:37:50.938  9053  9073 E IMGMapper: set:488 set: Unset optional value from type SMPTE2086
11-05 16:37:50.938  9053  9073 E IMGMapper: set:488 set: Unset optional value from type CTA861_3
11-05 16:37:50.955  9053  9073 E IMGMapper: set:488 set: Unset optional value from type SMPTE2086
11-05 16:37:50.956  9053  9073 E IMGMapper: set:488 set: Unset optional value from type CTA861_3
11-05 16:37:50.972  9053  9073 E IMGMapper: set:488 set: Unset optional value from type SMPTE2086
11-05 16:37:50.972  9053  9073 E IMGMapper: set:488 set: Unset optional value from type CTA861_3
11-05 16:37:50.991  9053  9073 E IMGMapper: set:488 set: Unset optional value from type SMPTE2086
11-05 16:37:50.991  9053  9073 E IMGMapper: set:488 set: Unset optional value from type CTA861_3
11-05 16:37:50.999  1187  1664 D WifiConnectivityMonitor: start WCM Poll.
11-05 16:37:51.007  9053  9073 E IMGMapper: set:488 set: Unset optional value from type SMPTE2086
11-05 16:37:51.007  9053  9073 E IMGMapper: set:488 set: Unset optional value from type CTA861_3
11-05 16:37:51.019  1187  3231 D InputDispatcher: Inject motion (9176/2000): action=0x0, time=3391197276000000, f=0x0, d=0 dsdx=1.000000 dtdx=0.000000
11-05 16:37:51.019  1187  1534 I InputDispatcher: Delivering touch to (1737): action: 0x4, f=0x0, d=0, 'd92b8ad', t=1 
11-05 16:37:51.019  1187  1534 I InputDispatcher: Delivering touch to (9053): action: 0x0, f=0x0, d=0, '11b97a3', t=1 
11-05 16:37:51.020  1187  1534 D PowerManagerService: [api] userActivityFromNative :  (event: 2 flags: 0 displayId: 0) eventTime = 3391197276
11-05 16:37:51.020  9053  9053 I ViewRootImpl@706bef1[MainActivity]: ViewPostIme pointer 0
11-05 16:37:51.020  1187  1303 I GestureDetector: obtain mCurrentDownEvent. id: -982754927 caller: com.android.server.wm.SystemGesturesPointerEventListener.onPointerEvent:203 com.android.server.wm.PointerEventDispatcher.onInputEvent:53 android.view.InputEventReceiver.dispatchInputEvent:285 
11-05 16:37:51.021  1187  1303 I GestureDetector: obtain mCurrentDownEvent. id: -982754927 caller: com.android.server.wm.SystemPerformancePointerEventListener.onPointerEvent:89 com.android.server.wm.PointerEventDispatcher.onInputEvent:53 android.view.InputEventReceiver.dispatchInputEvent:285 
11-05 16:37:51.024  9053  9073 E IMGMapper: set:488 set: Unset optional value from type SMPTE2086
11-05 16:37:51.024  9053  9073 E IMGMapper: set:488 set: Unset optional value from type CTA861_3
11-05 16:37:51.034  1187  1303 I GestureDetector: obtain mCurrentMotionEventRaw. action: 2 id: -876376385
11-05 16:37:51.034  1187  1303 I GestureDetector: obtain mCurrentMotionEventRaw. action: 2 id: -876376385
11-05 16:37:51.041   896   910 I mtkpower_client: perf_lock_rel, hdl:1042794, tid:910
11-05 16:37:51.041   896   910 I mtkpower_client: perf_lock_acq, hdl:0, dur:0, num:2, tid:910
11-05 16:37:51.041  1014  1065 I libPowerHal: [perfLockRel] hdl:1042794, idx:2
11-05 16:37:51.042  1014  1065 I libPowerHal: vendor.samsung.: cpu_ctrl set cpu freq: 1218000 -1 -1 -1
11-05 16:37:51.043   896   910 I mtkpower_client: ret_hdl:1042796
11-05 16:37:51.043   896   910 I mtkpower_client: perf_lock_rel, hdl:1042795, tid:910
11-05 16:37:51.043  1014  1065 I libPowerHal: [perfLockAcq] idx:1 hdl:1042796 hint:-1 pid:896 duration:0 lock_user:vendor.samsung. => ret_hdl:1042796
11-05 16:37:51.044  1014  1065 I libPowerHal: vendor.samsung.: cpu_ctrl set cpu freq: 1218000 -1 1138000 -1
11-05 16:37:51.044   896   910 I mtkpower_client: perf_lock_acq, hdl:0, dur:0, num:2, tid:910
11-05 16:37:51.045  1014  1065 I libPowerHal: [perfLockRel] hdl:1042795, idx:0
11-05 16:37:51.045  1014  1065 I libPowerHal: vendor.samsung.: cpu_ctrl set cpu freq: -1 -1 1138000 -1
11-05 16:37:51.047   896   910 I mtkpower_client: ret_hdl:1042797
11-05 16:37:51.047   896   910 I HYPER-HAL: [RequestManager.cpp]releaseLocked(): Released ID : 725427
11-05 16:37:51.047  1014  1065 I libPowerHal: [perfLockAcq] idx:2 hdl:1042797 hint:-1 pid:896 duration:0 lock_user:vendor.samsung. => ret_hdl:1042797
11-05 16:37:51.047  1014  1065 I libPowerHal: vendor.samsung.: cpu_ctrl set cpu freq: 1218000 -1 1138000 -1
11-05 16:37:51.049  9053  9073 E IMGMapper: set:488 set: Unset optional value from type SMPTE2086
11-05 16:37:51.049  9053  9073 E IMGMapper: set:488 set: Unset optional value from type CTA861_3
11-05 16:37:51.059  9053  9073 E IMGMapper: set:488 set: Unset optional value from type SMPTE2086
11-05 16:37:51.059  9053  9073 E IMGMapper: set:488 set: Unset optional value from type CTA861_3
11-05 16:37:51.086  9053  9073 E IMGMapper: set:488 set: Unset optional value from type SMPTE2086
11-05 16:37:51.086  9053  9073 E IMGMapper: set:488 set: Unset optional value from type CTA861_3
11-05 16:37:51.099  9053  9073 E IMGMapper: set:488 set: Unset optional value from type SMPTE2086
11-05 16:37:51.099  9053  9073 E IMGMapper: set:488 set: Unset optional value from type CTA861_3
11-05 16:37:51.111  9053  9073 E IMGMapper: set:488 set: Unset optional value from type SMPTE2086
11-05 16:37:51.111  9053  9073 E IMGMapper: set:488 set: Unset optional value from type CTA861_3
11-05 16:37:51.134  9053  9073 E IMGMapper: set:488 set: Unset optional value from type SMPTE2086
11-05 16:37:51.134  9053  9073 E IMGMapper: set:488 set: Unset optional value from type CTA861_3
11-05 16:37:51.153  9053  9073 E IMGMapper: set:488 set: Unset optional value from type SMPTE2086
11-05 16:37:51.153  9053  9073 E IMGMapper: set:488 set: Unset optional value from type CTA861_3
11-05 16:37:51.168  9053  9073 E IMGMapper: set:488 set: Unset optional value from type SMPTE2086
11-05 16:37:51.168  9053  9073 E IMGMapper: set:488 set: Unset optional value from type CTA861_3
11-05 16:37:51.188  9053  9073 E IMGMapper: set:488 set: Unset optional value from type SMPTE2086
11-05 16:37:51.188  9053  9073 E IMGMapper: set:488 set: Unset optional value from type CTA861_3
11-05 16:37:51.202  9053  9073 E IMGMapper: set:488 set: Unset optional value from type SMPTE2086
11-05 16:37:51.202  9053  9073 E IMGMapper: set:488 set: Unset optional value from type CTA861_3
11-05 16:37:51.217  9053  9053 W unknown:WrappingUtils: Don't know how to round that drawable: com.facebook.react.views.image.ReactImageDownloadListener$EmptyDrawable@bb52d52
11-05 16:37:51.226  9053  9168 D skia    : SkJpegCodec::onGetPixels +
11-05 16:37:51.228  9053  9073 E IMGMapper: set:488 set: Unset optional value from type SMPTE2086
11-05 16:37:51.228  9053  9073 E IMGMapper: set:488 set: Unset optional value from type CTA861_3
11-05 16:37:51.243  9053  9168 D skia    : SkJpegCodec::onGetPixels -
11-05 16:37:51.253  9053  9073 E IMGMapper: set:488 set: Unset optional value from type SMPTE2086
11-05 16:37:51.253  9053  9073 E IMGMapper: set:488 set: Unset optional value from type CTA861_3
11-05 16:37:51.263  9053  9053 W unknown:WrappingUtils: Don't know how to round that drawable: com.facebook.react.views.image.ReactImageDownloadListener$EmptyDrawable@549c89b
11-05 16:37:51.292  9053  9073 E IMGMapper: set:488 set: Unset optional value from type SMPTE2086
11-05 16:37:51.292  9053  9073 E IMGMapper: set:488 set: Unset optional value from type CTA861_3
11-05 16:37:51.300  9053  9073 E IMGMapper: set:488 set: Unset optional value from type SMPTE2086
11-05 16:37:51.301  9053  9073 E IMGMapper: set:488 set: Unset optional value from type CTA861_3
11-05 16:37:51.323  9053  9073 E IMGMapper: set:488 set: Unset optional value from type SMPTE2086
11-05 16:37:51.323  9053  9073 E IMGMapper: set:488 set: Unset optional value from type CTA861_3
11-05 16:37:51.328  1187  3231 D InputDispatcher: Inject motion (9176/2000): action=0x1, time=3391197585000000, f=0x0, d=0 dsdx=1.000000 dtdx=0.000000
11-05 16:37:51.328  1187  1534 I InputDispatcher: Delivering touch to (9053): action: 0x1, f=0x0, d=0, '11b97a3', t=1 
11-05 16:37:51.330  1187  1187 I SemDvfsHyPerManager: acquire hyper - SMOOTH_SCROLL/1187@17, type = -999
11-05 16:37:51.331  9053  9053 I ViewRootImpl@706bef1[MainActivity]: ViewPostIme pointer 1
11-05 16:37:51.333   896   910 I HYPER-HAL: [RequestManager.cpp]acquire(): Acquired ID : 725427  [1187 / 17]    HINT : SMOOTH_SCROLL    list : 
11-05 16:37:51.334   896   910 I mtkpower_client: perf_lock_rel, hdl:1042796, tid:910
11-05 16:37:51.336  1014  1065 I libPowerHal: [perfLockRel] hdl:1042796, idx:1
11-05 16:37:51.336   896   910 I mtkpower_client: perf_lock_acq, hdl:0, dur:0, num:2, tid:910
11-05 16:37:51.336  1014  1065 I libPowerHal: vendor.samsung.: cpu_ctrl set cpu freq: 1218000 -1 -1 -1
11-05 16:37:51.337  9053  9073 E IMGMapper: set:488 set: Unset optional value from type SMPTE2086
11-05 16:37:51.337  9053  9073 E IMGMapper: set:488 set: Unset optional value from type CTA861_3
11-05 16:37:51.337  1187  1187 D SGM:GameManager: identifyGamePackage. com.cinemamovel, mCurrentUserId: 0, callerUserId: 0, callingMethodInfo: com.android.server.ssrm.fgapps.GameAppUtils.isGame(GameAppUtils.java:84)
11-05 16:37:51.337  1187  1187 D SGM:PkgDataHelper: getGamePkgData(). com.cinemamovel
11-05 16:37:51.337  1187  1187 I SemDvfsHyPerManager: acquire hyper - GESTURE_DETECTED/1187@18, type = -999
11-05 16:37:51.337   896   910 I mtkpower_client: ret_hdl:1042798
11-05 16:37:51.337   896   910 I mtkpower_client: perf_lock_rel, hdl:1042797, tid:910
11-05 16:37:51.338   896   910 I mtkpower_client: perf_lock_acq, hdl:0, dur:0, num:2, tid:910
11-05 16:37:51.339  1014  1065 I libPowerHal: [perfLockAcq] idx:0 hdl:1042798 hint:-1 pid:896 duration:0 lock_user:vendor.samsung. => ret_hdl:1042798
11-05 16:37:51.339  1014  1065 I libPowerHal: vendor.samsung.: cpu_ctrl set cpu freq: 1218000 -1 1138000 -1
11-05 16:37:51.339  1187  1187 D SGM:GameManager: identifyGamePackage. com.cinemamovel, mCurrentUserId: 0, callerUserId: 0, callingMethodInfo: com.android.server.ssrm.fgapps.GameAppUtils.isGame(GameAppUtils.java:84)
11-05 16:37:51.339  1187  1187 D SGM:PkgDataHelper: getGamePkgData(). com.cinemamovel
11-05 16:37:51.339  1187  1187 I SemDvfsHyPerManager: acquire hyper - GESTURE_DETECTED/1187@18, type = -999
11-05 16:37:51.342  1014  1065 I libPowerHal: [perfLockRel] hdl:1042797, idx:2
11-05 16:37:51.343  1014  1065 I libPowerHal: vendor.samsung.: cpu_ctrl set cpu freq: -1 -1 1138000 -1
11-05 16:37:51.344   896   910 I mtkpower_client: ret_hdl:1042799
11-05 16:37:51.344  1014  1065 I libPowerHal: [perfLockAcq] idx:1 hdl:1042799 hint:-1 pid:896 duration:0 lock_user:vendor.samsung. => ret_hdl:1042799
11-05 16:37:51.344   896   910 I mtkpower_client: perf_lock_rel, hdl:1042798, tid:910
11-05 16:37:51.344  1014  1065 I libPowerHal: vendor.samsung.: cpu_ctrl set cpu freq: 1218000 -1 1138000 -1
11-05 16:37:51.345   896   910 I mtkpower_client: perf_lock_acq, hdl:0, dur:0, num:2, tid:910
11-05 16:37:51.345  1014  1065 I libPowerHal: [perfLockRel] hdl:1042798, idx:0
11-05 16:37:51.346  1014  1065 I libPowerHal: vendor.samsung.: cpu_ctrl set cpu freq: 1218000 -1 -1 -1
11-05 16:37:51.347   896   910 I mtkpower_client: ret_hdl:1042800
11-05 16:37:51.347   896   910 I mtkpower_client: perf_lock_rel, hdl:1042799, tid:910
11-05 16:37:51.347  1014  1065 I libPowerHal: [perfLockAcq] idx:2 hdl:1042800 hint:-1 pid:896 duration:0 lock_user:vendor.samsung. => ret_hdl:1042800
11-05 16:37:51.347  1014  1065 I libPowerHal: vendor.samsung.: cpu_ctrl set cpu freq: 1218000 -1 1138000 -1
11-05 16:37:51.348   896   910 I mtkpower_client: perf_lock_acq, hdl:0, dur:0, num:2, tid:910
11-05 16:37:51.348  1014  1065 I libPowerHal: [perfLockRel] hdl:1042799, idx:1
11-05 16:37:51.348  1014  1065 I libPowerHal: vendor.samsung.: cpu_ctrl set cpu freq: -1 -1 1138000 -1
11-05 16:37:51.349  1187  1187 I SemDvfsHyPerManager: acquire hyper - SMOOTH_SCROLL/1187@17, type = -999
11-05 16:37:51.350   896   910 I mtkpower_client: ret_hdl:1042801
11-05 16:37:51.350   896   910 I HYPER-HAL: [RequestManager.cpp]releaseLocked(): Released ID : 725427
11-05 16:37:51.350  1014  1065 I libPowerHal: [perfLockAcq] idx:0 hdl:1042801 hint:-1 pid:896 duration:0 lock_user:vendor.samsung. => ret_hdl:1042801
11-05 16:37:51.350   896   910 I HYPER-HAL: [RequestManager.cpp]acquire(): Acquired ID : 726633  [1187 / 18]    HINT : GESTURE_DETECTED    list : [TIMEOUT / 1702] 
11-05 16:37:51.350   896   910 I HYPER-HAL: [RequestManager.cpp]acquire(): Acquired ID : 726633  [1187 / 18]    HINT : GESTURE_DETECTED    list : [TIMEOUT / 1702] 
11-05 16:37:51.350   896   910 I HYPER-HAL: [RequestManager.cpp]acquire(): Acquired ID : 725427  [1187 / 17]    HINT : SMOOTH_SCROLL    list : 
11-05 16:37:51.350  1014  1065 I libPowerHal: vendor.samsung.: cpu_ctrl set cpu freq: 1218000 -1 1138000 -1
11-05 16:37:51.351   896   910 I mtkpower_client: perf_lock_rel, hdl:1042800, tid:910
11-05 16:37:51.351   896   910 I mtkpower_client: perf_lock_acq, hdl:0, dur:0, num:2, tid:910
11-05 16:37:51.352  1014  1065 I libPowerHal: [perfLockRel] hdl:1042800, idx:2
11-05 16:37:51.352  1014  1065 I libPowerHal: vendor.samsung.: cpu_ctrl set cpu freq: 1218000 -1 -1 -1
11-05 16:37:51.353   896   910 I mtkpower_client: ret_hdl:1042802
11-05 16:37:51.353   896   910 I mtkpower_client: perf_lock_rel, hdl:1042801, tid:910
11-05 16:37:51.353  1014  1065 I libPowerHal: [perfLockAcq] idx:1 hdl:1042802 hint:-1 pid:896 duration:0 lock_user:vendor.samsung. => ret_hdl:1042802
11-05 16:37:51.353  1014  1065 I libPowerHal: vendor.samsung.: cpu_ctrl set cpu freq: 1218000 -1 1138000 -1
11-05 16:37:51.353   896   910 I mtkpower_client: perf_lock_acq, hdl:0, dur:0, num:2, tid:910
11-05 16:37:51.353  9053  9073 E IMGMapper: set:488 set: Unset optional value from type SMPTE2086
11-05 16:37:51.354  9053  9073 E IMGMapper: set:488 set: Unset optional value from type CTA861_3
11-05 16:37:51.354  1014  1065 I libPowerHal: [perfLockRel] hdl:1042801, idx:0
11-05 16:37:51.354  1014  1065 I libPowerHal: vendor.samsung.: cpu_ctrl set cpu freq: -1 -1 1138000 -1
11-05 16:37:51.355   896   910 I mtkpower_client: ret_hdl:1042803
11-05 16:37:51.355  1014  1065 I libPowerHal: [perfLockAcq] idx:0 hdl:1042803 hint:-1 pid:896 duration:0 lock_user:vendor.samsung. => ret_hdl:1042803
11-05 16:37:51.355  1014  1065 I libPowerHal: vendor.samsung.: cpu_ctrl set cpu freq: 1218000 -1 1138000 -1
11-05 16:37:51.361  9053  9053 W unknown:WrappingUtils: Don't know how to round that drawable: com.facebook.react.views.image.ReactImageDownloadListener$EmptyDrawable@cbdbcb2
11-05 16:37:51.378  9053  9073 E IMGMapper: set:488 set: Unset optional value from type SMPTE2086
11-05 16:37:51.378  9053  9073 E IMGMapper: set:488 set: Unset optional value from type CTA861_3
11-05 16:37:51.380  9053  9053 W unknown:WrappingUtils: Don't know how to round that drawable: com.facebook.react.views.image.ReactImageDownloadListener$EmptyDrawable@c9c300a
11-05 16:37:51.392  9053  9073 E IMGMapper: set:488 set: Unset optional value from type SMPTE2086
11-05 16:37:51.392  9053  9073 E IMGMapper: set:488 set: Unset optional value from type CTA861_3
11-05 16:37:51.420  9053  9073 E IMGMapper: set:488 set: Unset optional value from type SMPTE2086
11-05 16:37:51.420  9053  9073 E IMGMapper: set:488 set: Unset optional value from type CTA861_3
11-05 16:37:51.444  9053  9073 E IMGMapper: set:488 set: Unset optional value from type SMPTE2086
11-05 16:37:51.444  9053  9073 E IMGMapper: set:488 set: Unset optional value from type CTA861_3
11-05 16:37:51.455  9053  9073 E IMGMapper: set:488 set: Unset optional value from type SMPTE2086
11-05 16:37:51.456  9053  9073 E IMGMapper: set:488 set: Unset optional value from type CTA861_3
11-05 16:37:51.460  9053  9169 D skia    : SkJpegCodec::onGetPixels +
11-05 16:37:51.473  9053  9073 E IMGMapper: set:488 set: Unset optional value from type SMPTE2086
11-05 16:37:51.473  9053  9073 E IMGMapper: set:488 set: Unset optional value from type CTA861_3
11-05 16:37:51.479  9053  9169 D skia    : SkJpegCodec::onGetPixels -
11-05 16:37:51.487  9053  9073 E IMGMapper: set:488 set: Unset optional value from type SMPTE2086
11-05 16:37:51.488  9053  9073 E IMGMapper: set:488 set: Unset optional value from type CTA861_3
11-05 16:37:51.500  9053  9173 D skia    : SkJpegCodec::onGetPixels +
11-05 16:37:51.506  9053  9073 E IMGMapper: set:488 set: Unset optional value from type SMPTE2086
11-05 16:37:51.507  9053  9073 E IMGMapper: set:488 set: Unset optional value from type CTA861_3
11-05 16:37:51.515  1737  1942 D MobileStatusTracker(0/2): onSignalStrengthsChanged level=4, vendorLevel=3
11-05 16:37:51.520  9053  9173 D skia    : SkJpegCodec::onGetPixels -
11-05 16:37:51.522  9053  9073 E IMGMapper: set:488 set: Unset optional value from type SMPTE2086
11-05 16:37:51.522  9053  9073 E IMGMapper: set:488 set: Unset optional value from type CTA861_3
11-05 16:37:51.522  1737  1942 D MobileSignalController(0/2): notifyListener: enabled=true, connected=true, dataConnected=true, networkType=LTE (4G), emergencyOnly=false, roaming=false, isDefault=false, dataActivity=, level=3, ca=false, mmWave=false, disabledDataIcon=false, simCard=ETC
11-05 16:37:51.523  1737  1942 D NetworkController: SignalStrength from intent slotId=0
11-05 16:37:51.526  9053  9173 D skia    : SkJpegCodec::onGetPixels +
11-05 16:37:51.537  9053  9073 E IMGMapper: set:488 set: Unset optional value from type SMPTE2086
11-05 16:37:51.537  9053  9073 E IMGMapper: set:488 set: Unset optional value from type CTA861_3
11-05 16:37:51.545  9053  9173 D skia    : SkJpegCodec::onGetPixels -
11-05 16:37:51.553  9053  9073 E IMGMapper: set:488 set: Unset optional value from type SMPTE2086
11-05 16:37:51.553  9053  9073 E IMGMapper: set:488 set: Unset optional value from type CTA861_3
