11-05 16:37:56.295  9053  9073 E IMGMapper: set:488 set: Unset optional value from type CTA861_3
11-05 16:37:56.310  9053  9073 E IMGMapper: set:488 set: Unset optional value from type SMPTE2086
11-05 16:37:56.311  9053  9073 E IMGMapper: set:488 set: Unset optional value from type CTA861_3
11-05 16:37:56.323  9053  9053 W unknown:WrappingUtils: Don't know how to round that drawable: com.facebook.react.views.image.ReactImageDownloadListener$EmptyDrawable@69a3d6d
11-05 16:37:56.336  9053  9073 E IMGMapper: set:488 set: Unset optional value from type SMPTE2086
11-05 16:37:56.336  9053  9073 E IMGMapper: set:488 set: Unset optional value from type CTA861_3
11-05 16:37:56.350  9053  9073 E IMGMapper: set:488 set: Unset optional value from type SMPTE2086
11-05 16:37:56.350  9053  9073 E IMGMapper: set:488 set: Unset optional value from type CTA861_3
11-05 16:37:56.355  9053  9053 W unknown:WrappingUtils: Don't know how to round that drawable: com.facebook.react.views.image.ReactImageDownloadListener$EmptyDrawable@db18da2
11-05 16:37:56.386  9053  9073 E IMGMapper: set:488 set: Unset optional value from type SMPTE2086
11-05 16:37:56.386  9053  9073 E IMGMapper: set:488 set: Unset optional value from type CTA861_3
11-05 16:37:56.394  9053  9073 E IMGMapper: set:488 set: Unset optional value from type SMPTE2086
11-05 16:37:56.394  9053  9073 E IMGMapper: set:488 set: Unset optional value from type CTA861_3
11-05 16:37:56.418  9053  9073 E IMGMapper: set:488 set: Unset optional value from type SMPTE2086
11-05 16:37:56.418  9053  9073 E IMGMapper: set:488 set: Unset optional value from type CTA861_3
11-05 16:37:56.435  9053  9073 E IMGMapper: set:488 set: Unset optional value from type SMPTE2086
11-05 16:37:56.435  9053  9073 E IMGMapper: set:488 set: Unset optional value from type CTA861_3
11-05 16:37:56.448  9053  9073 E IMGMapper: set:488 set: Unset optional value from type SMPTE2086
11-05 16:37:56.448  9053  9073 E IMGMapper: set:488 set: Unset optional value from type CTA861_3
11-05 16:37:56.461  9053  9073 E IMGMapper: set:488 set: Unset optional value from type SMPTE2086
11-05 16:37:56.461  9053  9073 E IMGMapper: set:488 set: Unset optional value from type CTA861_3
11-05 16:37:56.478  9053  9073 E IMGMapper: set:488 set: Unset optional value from type SMPTE2086
11-05 16:37:56.479  9053  9073 E IMGMapper: set:488 set: Unset optional value from type CTA861_3
11-05 16:37:56.494  9053  9073 E IMGMapper: set:488 set: Unset optional value from type SMPTE2086
11-05 16:37:56.494  9053  9073 E IMGMapper: set:488 set: Unset optional value from type CTA861_3
11-05 16:37:56.512   543   543 D io_stats: !@ 179,0 r 626038651 7565334502 w 113298480 1199747820 d 1261306 33797728 f 0 0 iot 322166908 0 th 0 0 0 pt 0 inp 0 0 3391202.770
11-05 16:37:56.519  9053  9073 E IMGMapper: set:488 set: Unset optional value from type SMPTE2086
11-05 16:37:56.519  9053  9073 E IMGMapper: set:488 set: Unset optional value from type CTA861_3
11-05 16:37:56.529  9053  9073 E IMGMapper: set:488 set: Unset optional value from type SMPTE2086
11-05 16:37:56.529  9053  9073 E IMGMapper: set:488 set: Unset optional value from type CTA861_3
11-05 16:37:56.543  9053  9073 E IMGMapper: set:488 set: Unset optional value from type SMPTE2086
11-05 16:37:56.543  9053  9073 E IMGMapper: set:488 set: Unset optional value from type CTA861_3
11-05 16:37:56.560  9053  9073 E IMGMapper: set:488 set: Unset optional value from type SMPTE2086
11-05 16:37:56.560  9053  9073 E IMGMapper: set:488 set: Unset optional value from type CTA861_3
11-05 16:37:56.577  9053  9073 E IMGMapper: set:488 set: Unset optional value from type SMPTE2086
11-05 16:37:56.578  9053  9073 E IMGMapper: set:488 set: Unset optional value from type CTA861_3
11-05 16:37:56.594  9053  9073 E IMGMapper: set:488 set: Unset optional value from type SMPTE2086
11-05 16:37:56.594  9053  9073 E IMGMapper: set:488 set: Unset optional value from type CTA861_3
11-05 16:37:56.605  9053  9053 W unknown:WrappingUtils: Don't know how to round that drawable: com.facebook.react.views.image.ReactImageDownloadListener$EmptyDrawable@a1dd8d9
11-05 16:37:56.626  9053  9073 E IMGMapper: set:488 set: Unset optional value from type SMPTE2086
11-05 16:37:56.627  9053  9073 E IMGMapper: set:488 set: Unset optional value from type CTA861_3
11-05 16:37:56.635  1737  1942 D MobileStatusTracker(0/2): onSignalStrengthsChanged level=4, vendorLevel=3
11-05 16:37:56.638  9053  9053 W unknown:WrappingUtils: Don't know how to round that drawable: com.facebook.react.views.image.ReactImageDownloadListener$EmptyDrawable@d46f64d
11-05 16:37:56.641  9053  9073 E IMGMapper: set:488 set: Unset optional value from type SMPTE2086
11-05 16:37:56.641  9053  9073 E IMGMapper: set:488 set: Unset optional value from type CTA861_3
11-05 16:37:56.643  1737  1942 D MobileSignalController(0/2): notifyListener: enabled=true, connected=true, dataConnected=true, networkType=LTE (4G), emergencyOnly=false, roaming=false, isDefault=false, dataActivity=, level=3, ca=false, mmWave=false, disabledDataIcon=false, simCard=ETC
11-05 16:37:56.643  1737  1942 D NetworkController: SignalStrength from intent slotId=0
11-05 16:37:56.649  1039  1039 I BufferQueueProducer: [com.cinemamovel/com.cinemamovel.MainActivity$_9053#684475](this:0xb400007a1f841838,id:-1,api:0,p:-1,c:1039) queueBuffer: fps=58.11 dur=1015.24 max=33.76 min=15.94
11-05 16:37:56.651   991   991 I hwcomposer: [HWCDisplay] [Display_0 (type:1)] fps:58.130322,dur:1014.96,max:34.34,min:15.44  
11-05 16:37:56.674  9053  9073 E IMGMapper: set:488 set: Unset optional value from type SMPTE2086
11-05 16:37:56.674  9053  9073 E IMGMapper: set:488 set: Unset optional value from type CTA861_3
11-05 16:37:56.683  9053  9073 E IMGMapper: set:488 set: Unset optional value from type SMPTE2086
11-05 16:37:56.683  9053  9073 E IMGMapper: set:488 set: Unset optional value from type CTA861_3
11-05 16:37:56.694  9053  9073 E IMGMapper: set:488 set: Unset optional value from type SMPTE2086
11-05 16:37:56.694  9053  9073 E IMGMapper: set:488 set: Unset optional value from type CTA861_3
11-05 16:37:56.708  9053  9073 E IMGMapper: set:488 set: Unset optional value from type SMPTE2086
11-05 16:37:56.708  9053  9073 E IMGMapper: set:488 set: Unset optional value from type CTA861_3
11-05 16:37:56.727  9053  9073 E IMGMapper: set:488 set: Unset optional value from type SMPTE2086
11-05 16:37:56.728  9053  9073 E IMGMapper: set:488 set: Unset optional value from type CTA861_3
11-05 16:37:56.733  1693  1693 I WifiHAL : Get link layer stats
11-05 16:37:56.734  1693  1693 I WifiHAL : GetLinkStatsCommand::create
11-05 16:37:56.734  1693  1693 D android.hardware.wifi@1.0-service-lazy: WifiRequest::create vendor command to iface 38, vendor_id=0x1a11, subcmd=0x1200, res=0
11-05 16:37:56.734  1693  1693 I android.hardware.wifi@1.0-service-lazy: WifiCommand::requestResponse err=-95
11-05 16:37:56.734  1693  1693 I WifiHAL : wifi_get_link_stats: result=-3
11-05 16:37:56.735  1187  1566 E WifiVendorHal: getWifiLinkLayerStats_1_5_Internal(l.1179) failed {.code = ERROR_NOT_SUPPORTED, .description = }
11-05 16:37:56.739  1187 22074 D SemWifiUsabilityStatsMonitor: onWifiUsabilityStats - seqNum 104596, isSameBssidAndFreq true
11-05 16:37:56.740  1187  1645 I SemWifiLinkQualityMonitor: Link Qos query: inf. ms / 0 Mbps
11-05 16:37:56.745  9053  9073 E IMGMapper: set:488 set: Unset optional value from type SMPTE2086
11-05 16:37:56.745  9053  9073 E IMGMapper: set:488 set: Unset optional value from type CTA861_3
11-05 16:37:56.760  9053  9073 E IMGMapper: set:488 set: Unset optional value from type SMPTE2086
11-05 16:37:56.760  9053  9073 E IMGMapper: set:488 set: Unset optional value from type CTA861_3
11-05 16:37:56.776  9053  9073 E IMGMapper: set:488 set: Unset optional value from type SMPTE2086
11-05 16:37:56.776  9053  9073 E IMGMapper: set:488 set: Unset optional value from type CTA861_3
11-05 16:37:56.794  9053  9073 E IMGMapper: set:488 set: Unset optional value from type SMPTE2086
11-05 16:37:56.794  9053  9073 E IMGMapper: set:488 set: Unset optional value from type CTA861_3
11-05 16:37:56.811  9053  9073 E IMGMapper: set:488 set: Unset optional value from type SMPTE2086
11-05 16:37:56.811  9053  9073 E IMGMapper: set:488 set: Unset optional value from type CTA861_3
11-05 16:37:56.829  9053  9073 E IMGMapper: set:488 set: Unset optional value from type SMPTE2086
11-05 16:37:56.829  9053  9073 E IMGMapper: set:488 set: Unset optional value from type CTA861_3
11-05 16:37:56.845  9053  9073 E IMGMapper: set:488 set: Unset optional value from type SMPTE2086
11-05 16:37:56.845  9053  9073 E IMGMapper: set:488 set: Unset optional value from type CTA861_3
11-05 16:37:56.855  9053  9053 W unknown:WrappingUtils: Don't know how to round that drawable: com.facebook.react.views.image.ReactImageDownloadListener$EmptyDrawable@b98a4f1
11-05 16:37:56.866  9053  9073 E IMGMapper: set:488 set: Unset optional value from type SMPTE2086
11-05 16:37:56.866  9053  9073 E IMGMapper: set:488 set: Unset optional value from type CTA861_3
11-05 16:37:56.875  9053  9053 W unknown:WrappingUtils: Don't know how to round that drawable: com.facebook.react.views.image.ReactImageDownloadListener$EmptyDrawable@5a5d8d6
11-05 16:37:56.886  9053  9073 E IMGMapper: set:488 set: Unset optional value from type SMPTE2086
11-05 16:37:56.886  9053  9073 E IMGMapper: set:488 set: Unset optional value from type CTA861_3
11-05 16:37:56.926  9053  9073 E IMGMapper: set:488 set: Unset optional value from type SMPTE2086
11-05 16:37:56.926  9053  9073 E IMGMapper: set:488 set: Unset optional value from type CTA861_3
11-05 16:37:56.937  9053  9073 E IMGMapper: set:488 set: Unset optional value from type SMPTE2086
11-05 16:37:56.937  9053  9073 E IMGMapper: set:488 set: Unset optional value from type CTA861_3
11-05 16:37:56.951  9053  9073 E IMGMapper: set:488 set: Unset optional value from type SMPTE2086
11-05 16:37:56.951  9053  9073 E IMGMapper: set:488 set: Unset optional value from type CTA861_3
11-05 16:37:56.963  9053  9073 E IMGMapper: set:488 set: Unset optional value from type SMPTE2086
11-05 16:37:56.963  9053  9073 E IMGMapper: set:488 set: Unset optional value from type CTA861_3
11-05 16:37:56.977  9053  9073 E IMGMapper: set:488 set: Unset optional value from type SMPTE2086
11-05 16:37:56.977  9053  9073 E IMGMapper: set:488 set: Unset optional value from type CTA861_3
11-05 16:37:56.993  9053  9073 E IMGMapper: set:488 set: Unset optional value from type SMPTE2086
11-05 16:37:56.994  9053  9073 E IMGMapper: set:488 set: Unset optional value from type CTA861_3
11-05 16:37:57.010  9053  9073 E IMGMapper: set:488 set: Unset optional value from type SMPTE2086
11-05 16:37:57.010  9053  9073 E IMGMapper: set:488 set: Unset optional value from type CTA861_3
11-05 16:37:57.026  9053  9073 E IMGMapper: set:488 set: Unset optional value from type SMPTE2086
11-05 16:37:57.026  9053  9073 E IMGMapper: set:488 set: Unset optional value from type CTA861_3
11-05 16:37:57.044  9053  9073 E IMGMapper: set:488 set: Unset optional value from type SMPTE2086
11-05 16:37:57.044  9053  9073 E IMGMapper: set:488 set: Unset optional value from type CTA861_3
11-05 16:37:57.060  9053  9073 E IMGMapper: set:488 set: Unset optional value from type SMPTE2086
11-05 16:37:57.060  9053  9073 E IMGMapper: set:488 set: Unset optional value from type CTA861_3
11-05 16:37:57.077  9053  9073 E IMGMapper: set:488 set: Unset optional value from type SMPTE2086
11-05 16:37:57.077  9053  9073 E IMGMapper: set:488 set: Unset optional value from type CTA861_3
11-05 16:37:57.094  9053  9073 E IMGMapper: set:488 set: Unset optional value from type SMPTE2086
11-05 16:37:57.094  9053  9073 E IMGMapper: set:488 set: Unset optional value from type CTA861_3
11-05 16:37:57.111  9053  9073 E IMGMapper: set:488 set: Unset optional value from type SMPTE2086
11-05 16:37:57.111  9053  9073 E IMGMapper: set:488 set: Unset optional value from type CTA861_3
11-05 16:37:57.128  9053  9073 E IMGMapper: set:488 set: Unset optional value from type SMPTE2086
11-05 16:37:57.128  9053  9073 E IMGMapper: set:488 set: Unset optional value from type CTA861_3
11-05 16:37:57.145  9053  9168 D skia    : SkJpegCodec::onGetPixels +
11-05 16:37:57.145  9053  9073 E IMGMapper: set:488 set: Unset optional value from type SMPTE2086
11-05 16:37:57.145  9053  9073 E IMGMapper: set:488 set: Unset optional value from type CTA861_3
11-05 16:37:57.160  9053  9073 E IMGMapper: set:488 set: Unset optional value from type SMPTE2086
11-05 16:37:57.160  9053  9073 E IMGMapper: set:488 set: Unset optional value from type CTA861_3
11-05 16:37:57.161  9053  9168 D skia    : SkJpegCodec::onGetPixels -
11-05 16:37:57.183  9053  9073 E IMGMapper: set:488 set: Unset optional value from type SMPTE2086
11-05 16:37:57.183  9053  9073 E IMGMapper: set:488 set: Unset optional value from type CTA861_3
11-05 16:37:57.194  9053  9073 E IMGMapper: set:488 set: Unset optional value from type SMPTE2086
11-05 16:37:57.195  9053  9073 E IMGMapper: set:488 set: Unset optional value from type CTA861_3
11-05 16:37:57.204  9053  9169 D skia    : SkJpegCodec::onGetPixels +
11-05 16:37:57.213  9053  9124 D skia    : SkJpegCodec::onGetPixels +
11-05 16:37:57.224  9053  9073 E IMGMapper: set:488 set: Unset optional value from type SMPTE2086
11-05 16:37:57.225  9053  9073 E IMGMapper: set:488 set: Unset optional value from type CTA861_3
11-05 16:37:57.225  9053  9169 D skia    : SkJpegCodec::onGetPixels -
11-05 16:37:57.237  9053  9124 D skia    : SkJpegCodec::onGetPixels -
11-05 16:37:57.256  9053  9073 E IMGMapper: set:488 set: Unset optional value from type SMPTE2086
11-05 16:37:57.256  9053  9073 E IMGMapper: set:488 set: Unset optional value from type CTA861_3
11-05 16:37:57.269  9053  9073 E IMGMapper: set:488 set: Unset optional value from type SMPTE2086
11-05 16:37:57.269  9053  9073 E IMGMapper: set:488 set: Unset optional value from type CTA861_3
11-05 16:37:57.289  9053  9073 E IMGMapper: set:488 set: Unset optional value from type SMPTE2086
11-05 16:37:57.289  9053  9073 E IMGMapper: set:488 set: Unset optional value from type CTA861_3
11-05 16:37:57.307  9053  9073 E IMGMapper: set:488 set: Unset optional value from type SMPTE2086
11-05 16:37:57.307  9053  9073 E IMGMapper: set:488 set: Unset optional value from type CTA861_3
11-05 16:37:57.314  9053  9063 I com.cinemamovel: NativeAlloc concurrent copying GC freed 156056(6121KB) AllocSpace objects, 11(220KB) LOS objects, 49% free, 8735KB/17MB, paused 615us,578us total 102.056ms
11-05 16:37:57.316  9053  9173 D skia    : SkJpegCodec::onGetPixels +
11-05 16:37:57.318  9053  9073 E IMGMapper: set:488 set: Unset optional value from type SMPTE2086
11-05 16:37:57.318  9053  9073 E IMGMapper: set:488 set: Unset optional value from type CTA861_3
11-05 16:37:57.331  9053  9073 E IMGMapper: set:488 set: Unset optional value from type SMPTE2086
11-05 16:37:57.331  9053  9073 E IMGMapper: set:488 set: Unset optional value from type CTA861_3
11-05 16:37:57.335  9053  9173 D skia    : SkJpegCodec::onGetPixels -
11-05 16:37:57.346  9053  9073 E IMGMapper: set:488 set: Unset optional value from type SMPTE2086
11-05 16:37:57.346  9053  9073 E IMGMapper: set:488 set: Unset optional value from type CTA861_3
11-05 16:37:57.359  9053  9073 E IMGMapper: set:488 set: Unset optional value from type SMPTE2086
11-05 16:37:57.359  9053  9073 E IMGMapper: set:488 set: Unset optional value from type CTA861_3
11-05 16:37:57.381  9053  9073 E IMGMapper: set:488 set: Unset optional value from type SMPTE2086
11-05 16:37:57.381  9053  9073 E IMGMapper: set:488 set: Unset optional value from type CTA861_3
11-05 16:37:57.394  9053  9073 E IMGMapper: set:488 set: Unset optional value from type SMPTE2086
11-05 16:37:57.394  9053  9073 E IMGMapper: set:488 set: Unset optional value from type CTA861_3
11-05 16:37:57.410  9053  9073 E IMGMapper: set:488 set: Unset optional value from type SMPTE2086
11-05 16:37:57.410  9053  9073 E IMGMapper: set:488 set: Unset optional value from type CTA861_3
11-05 16:37:57.426  9053  9073 E IMGMapper: set:488 set: Unset optional value from type SMPTE2086
11-05 16:37:57.426  9053  9073 E IMGMapper: set:488 set: Unset optional value from type CTA861_3
11-05 16:37:57.439  1187  3231 D InputDispatcher: Inject motion (9207/2000): action=0x0, time=3391203697000000, f=0x0, d=0 dsdx=1.000000 dtdx=0.000000
11-05 16:37:57.440  1187  1534 I InputDispatcher: Delivering touch to (1737): action: 0x4, f=0x0, d=0, 'd92b8ad', t=1 
11-05 16:37:57.440  1187  1534 I InputDispatcher: Delivering touch to (9053): action: 0x0, f=0x0, d=0, '11b97a3', t=1 
11-05 16:37:57.441  9053  9053 I ViewRootImpl@706bef1[MainActivity]: ViewPostIme pointer 0
11-05 16:37:57.441  1187  1534 D PowerManagerService: [api] userActivityFromNative :  (event: 2 flags: 0 displayId: 0) eventTime = 3391203697
11-05 16:37:57.442  1187  1303 I GestureDetector: obtain mCurrentDownEvent. id: -146913976 caller: com.android.server.wm.SystemGesturesPointerEventListener.onPointerEvent:203 com.android.server.wm.PointerEventDispatcher.onInputEvent:53 android.view.InputEventReceiver.dispatchInputEvent:285 
11-05 16:37:57.442  1187  1303 I GestureDetector: obtain mCurrentDownEvent. id: -146913976 caller: com.android.server.wm.SystemPerformancePointerEventListener.onPointerEvent:89 com.android.server.wm.PointerEventDispatcher.onInputEvent:53 android.view.InputEventReceiver.dispatchInputEvent:285 
11-05 16:37:57.445  9053  9073 E IMGMapper: set:488 set: Unset optional value from type SMPTE2086
11-05 16:37:57.445  9053  9073 E IMGMapper: set:488 set: Unset optional value from type CTA861_3
11-05 16:37:57.453  1187  1303 I GestureDetector: obtain mCurrentMotionEventRaw. action: 2 id: -742802370
11-05 16:37:57.454  1187  1303 I GestureDetector: obtain mCurrentMotionEventRaw. action: 2 id: -742802370
11-05 16:37:57.459   896   910 I mtkpower_client: perf_lock_rel, hdl:1042826, tid:910
11-05 16:37:57.459   896   910 I mtkpower_client: perf_lock_acq, hdl:0, dur:0, num:2, tid:910
11-05 16:37:57.459  1014  1065 I libPowerHal: [perfLockRel] hdl:1042826, idx:0
11-05 16:37:57.460  1014  1065 I libPowerHal: vendor.samsung.: cpu_ctrl set cpu freq: 1218000 -1 -1 -1
11-05 16:37:57.461   896   910 I mtkpower_client: ret_hdl:1042828
11-05 16:37:57.461   896   910 I mtkpower_client: perf_lock_rel, hdl:1042827, tid:910
11-05 16:37:57.461  1014  1065 I libPowerHal: [perfLockAcq] idx:2 hdl:1042828 hint:-1 pid:896 duration:0 lock_user:vendor.samsung. => ret_hdl:1042828
11-05 16:37:57.461  1014  1065 I libPowerHal: vendor.samsung.: cpu_ctrl set cpu freq: 1218000 -1 1138000 -1
11-05 16:37:57.462   896   910 I mtkpower_client: perf_lock_acq, hdl:0, dur:0, num:2, tid:910
11-05 16:37:57.462  1014  1065 I libPowerHal: [perfLockRel] hdl:1042827, idx:1
11-05 16:37:57.463  1014  1065 I libPowerHal: vendor.samsung.: cpu_ctrl set cpu freq: -1 -1 1138000 -1
11-05 16:37:57.464   896   910 I mtkpower_client: ret_hdl:1042829
11-05 16:37:57.464   896   910 I HYPER-HAL: [RequestManager.cpp]releaseLocked(): Released ID : 725427
11-05 16:37:57.464  9053  9073 E IMGMapper: set:488 set: Unset optional value from type SMPTE2086
11-05 16:37:57.464  1014  1065 I libPowerHal: [perfLockAcq] idx:0 hdl:1042829 hint:-1 pid:896 duration:0 lock_user:vendor.samsung. => ret_hdl:1042829
11-05 16:37:57.464  9053  9073 E IMGMapper: set:488 set: Unset optional value from type CTA861_3
11-05 16:37:57.465  1014  1065 I libPowerHal: vendor.samsung.: cpu_ctrl set cpu freq: 1218000 -1 1138000 -1
11-05 16:37:57.477  9053  9073 E IMGMapper: set:488 set: Unset optional value from type SMPTE2086
11-05 16:37:57.477  9053  9073 E IMGMapper: set:488 set: Unset optional value from type CTA861_3
11-05 16:37:57.495  9053  9073 E IMGMapper: set:488 set: Unset optional value from type SMPTE2086
11-05 16:37:57.495  9053  9073 E IMGMapper: set:488 set: Unset optional value from type CTA861_3
11-05 16:37:57.512  9053  9073 E IMGMapper: set:488 set: Unset optional value from type SMPTE2086
11-05 16:37:57.512  9053  9073 E IMGMapper: set:488 set: Unset optional value from type CTA861_3
11-05 16:37:57.528  9053  9073 E IMGMapper: set:488 set: Unset optional value from type SMPTE2086
11-05 16:37:57.528  9053  9073 E IMGMapper: set:488 set: Unset optional value from type CTA861_3
11-05 16:37:57.545  9053  9073 E IMGMapper: set:488 set: Unset optional value from type SMPTE2086
11-05 16:37:57.545  9053  9073 E IMGMapper: set:488 set: Unset optional value from type CTA861_3
11-05 16:37:57.559  9053  9053 W unknown:WrappingUtils: Don't know how to round that drawable: com.facebook.react.views.image.ReactImageDownloadListener$EmptyDrawable@45bdce6
11-05 16:37:57.575  9053  9073 E IMGMapper: set:488 set: Unset optional value from type SMPTE2086
11-05 16:37:57.575  9053  9073 E IMGMapper: set:488 set: Unset optional value from type CTA861_3
11-05 16:37:57.587  9053  9073 E IMGMapper: set:488 set: Unset optional value from type SMPTE2086
11-05 16:37:57.587  9053  9073 E IMGMapper: set:488 set: Unset optional value from type CTA861_3
11-05 16:37:57.597  9053  9053 W unknown:WrappingUtils: Don't know how to round that drawable: com.facebook.react.views.image.ReactImageDownloadListener$EmptyDrawable@84f5227
11-05 16:37:57.631  9053  9073 E IMGMapper: set:488 set: Unset optional value from type SMPTE2086
11-05 16:37:57.631  9053  9073 E IMGMapper: set:488 set: Unset optional value from type CTA861_3
11-05 16:37:57.643  9053  9148 D skia    : SkJpegCodec::onGetPixels +
11-05 16:37:57.654  9053  9073 E IMGMapper: set:488 set: Unset optional value from type SMPTE2086
11-05 16:37:57.654  9053  9073 E IMGMapper: set:488 set: Unset optional value from type CTA861_3
11-05 16:37:57.663  9053  9073 E IMGMapper: set:488 set: Unset optional value from type SMPTE2086
11-05 16:37:57.663  9053  9073 E IMGMapper: set:488 set: Unset optional value from type CTA861_3
11-05 16:37:57.665  1039  1039 I BufferQueueProducer: [com.cinemamovel/com.cinemamovel.MainActivity$_9053#684475](this:0xb400007a1f841838,id:-1,api:0,p:-1,c:1039) queueBuffer: fps=55.15 dur=1015.41 max=50.24 min=16.11
11-05 16:37:57.667   991   991 I hwcomposer: [HWCDisplay] [Display_0 (type:1)] fps:55.111919,dur:1016.11,max:50.62,min:15.75  
11-05 16:37:57.672  1187  1351 D BatteryExternalStatsWorker: update stats : update-network-download (6)
11-05 16:37:57.672  1187  1351 D BatteryExternalStatsWorker: Update Rail Energy data
11-05 16:37:57.673  1187  1351 D BatteryExternalStatsWorker: Fetch modem data
11-05 16:37:57.678  9053  9073 E IMGMapper: set:488 set: Unset optional value from type SMPTE2086
11-05 16:37:57.678  9053  9073 E IMGMapper: set:488 set: Unset optional value from type CTA861_3
11-05 16:37:57.685  9053  9148 D skia    : SkJpegCodec::onGetPixels -
11-05 16:37:57.692  9053  9073 E IMGMapper: set:488 set: Unset optional value from type SMPTE2086
11-05 16:37:57.692  9053  9073 E IMGMapper: set:488 set: Unset optional value from type CTA861_3
11-05 16:37:57.709  9053  9073 E IMGMapper: set:488 set: Unset optional value from type SMPTE2086
11-05 16:37:57.709  9053  9073 E IMGMapper: set:488 set: Unset optional value from type CTA861_3
11-05 16:37:57.710  9053  9152 D skia    : SkJpegCodec::onGetPixels +
11-05 16:37:57.714  1187  2902 D TelephonyManager: requestModemActivityInfo: Sending result to app: ModemActivityInfo{ mTimestamp=5062582091 mSleepTimeMs=339568193 mIdleTimeMs=413587008 mActivityStatsTechSpecificInfo=[{mRat=UNKNOWN,mFrequencyRange=UNKNOWN,mTxTimeMs[]=[32967, 28193, 336016, 1090766, 1088875],mRxTimeMs=14426387}]}
11-05 16:37:57.715  1187  1351 D BatteryExternalStatsWorker: mStats lock released
11-05 16:37:57.736  9053  9073 E IMGMapper: set:488 set: Unset optional value from type SMPTE2086
11-05 16:37:57.736  9053  9073 E IMGMapper: set:488 set: Unset optional value from type CTA861_3
11-05 16:37:57.739  1187  1351 D BatteryExternalStatsWorker: Update modem state
11-05 16:37:57.739  1187  1351 D BatteryExternalStatsWorker: done updateExternalStatsLocked
11-05 16:37:57.741  9053  9152 D skia    : SkJpegCodec::onGetPixels -
11-05 16:37:57.745  9053  9073 E IMGMapper: set:488 set: Unset optional value from type SMPTE2086
11-05 16:37:57.745  9053  9073 E IMGMapper: set:488 set: Unset optional value from type CTA861_3
11-05 16:37:57.748  1737  1942 D MobileStatusTracker(1/1): onSignalStrengthsChanged level=4, vendorLevel=4
11-05 16:37:57.752  1737  1942 D MobileSignalController(1/1): notifyListener: enabled=true, connected=true, dataConnected=false, networkType=UMTS (3G), emergencyOnly=true, roaming=false, isDefault=false, dataActivity=, level=4, ca=false, mmWave=false, disabledDataIcon=false, simCard=ETC
11-05 16:37:57.752  1737  1942 D NetworkController: SignalStrength from intent slotId=1
11-05 16:37:57.753  1187  3231 D InputDispatcher: Inject motion (9207/2000): action=0x1, time=3391204010000000, f=0x0, d=0 dsdx=1.000000 dtdx=0.000000
11-05 16:37:57.753  1187  1534 I InputDispatcher: Delivering touch to (9053): action: 0x1, f=0x0, d=0, '11b97a3', t=1 
11-05 16:37:57.754  1187  1187 I SemDvfsHyPerManager: acquire hyper - SMOOTH_SCROLL/1187@17, type = -999
11-05 16:37:57.754  9053  9053 I ViewRootImpl@706bef1[MainActivity]: ViewPostIme pointer 1
11-05 16:37:57.755   896   910 I HYPER-HAL: [RequestManager.cpp]acquire(): Acquired ID : 725427  [1187 / 17]    HINT : SMOOTH_SCROLL    list : 
11-05 16:37:57.755   896   910 I mtkpower_client: perf_lock_rel, hdl:1042828, tid:910
11-05 16:37:57.756   896   910 I mtkpower_client: perf_lock_acq, hdl:0, dur:0, num:2, tid:910
11-05 16:37:57.756  1187  1187 D SGM:GameManager: identifyGamePackage. com.cinemamovel, mCurrentUserId: 0, callerUserId: 0, callingMethodInfo: com.android.server.ssrm.fgapps.GameAppUtils.isGame(GameAppUtils.java:84)
11-05 16:37:57.756  1187  1187 D SGM:PkgDataHelper: getGamePkgData(). com.cinemamovel
11-05 16:37:57.756  1187  1187 I SemDvfsHyPerManager: acquire hyper - GESTURE_DETECTED/1187@18, type = -999
11-05 16:37:57.756  1014  1065 I libPowerHal: [perfLockRel] hdl:1042828, idx:2
11-05 16:37:57.757  1014  1065 I libPowerHal: vendor.samsung.: cpu_ctrl set cpu freq: 1218000 -1 -1 -1
11-05 16:37:57.757  1187  1187 D SGM:GameManager: identifyGamePackage. com.cinemamovel, mCurrentUserId: 0, callerUserId: 0, callingMethodInfo: com.android.server.ssrm.fgapps.GameAppUtils.isGame(GameAppUtils.java:84)
11-05 16:37:57.757  1187  1187 D SGM:PkgDataHelper: getGamePkgData(). com.cinemamovel
11-05 16:37:57.758  1187  1187 I SemDvfsHyPerManager: acquire hyper - GESTURE_DETECTED/1187@18, type = -999
11-05 16:37:57.758   896   910 I mtkpower_client: ret_hdl:1042830
11-05 16:37:57.758   896   910 I mtkpower_client: perf_lock_rel, hdl:1042829, tid:910
11-05 16:37:57.758  1014  1065 I libPowerHal: [perfLockAcq] idx:1 hdl:1042830 hint:-1 pid:896 duration:0 lock_user:vendor.samsung. => ret_hdl:1042830
11-05 16:37:57.758  1014  1065 I libPowerHal: vendor.samsung.: cpu_ctrl set cpu freq: 1218000 -1 1138000 -1
11-05 16:37:57.759  9053  9073 E IMGMapper: set:488 set: Unset optional value from type SMPTE2086
11-05 16:37:57.759  9053  9073 E IMGMapper: set:488 set: Unset optional value from type CTA861_3
11-05 16:37:57.759   896   910 I mtkpower_client: perf_lock_acq, hdl:0, dur:0, num:2, tid:910
11-05 16:37:57.759  1014  1065 I libPowerHal: [perfLockRel] hdl:1042829, idx:0
11-05 16:37:57.760  1014  1065 I libPowerHal: vendor.samsung.: cpu_ctrl set cpu freq: -1 -1 1138000 -1
11-05 16:37:57.765  1014  1065 I libPowerHal: [perfLockAcq] idx:0 hdl:1042831 hint:-1 pid:896 duration:0 lock_user:vendor.samsung. => ret_hdl:1042831
11-05 16:37:57.765   896   910 I mtkpower_client: ret_hdl:1042831
11-05 16:37:57.765   896   910 I mtkpower_client: perf_lock_rel, hdl:1042830, tid:910
11-05 16:37:57.765  1014  1065 I libPowerHal: vendor.samsung.: cpu_ctrl set cpu freq: 1218000 -1 1138000 -1
11-05 16:37:57.766   896   910 I mtkpower_client: perf_lock_acq, hdl:0, dur:0, num:2, tid:910
11-05 16:37:57.767  1014  1065 I libPowerHal: [perfLockRel] hdl:1042830, idx:1
11-05 16:37:57.767  1014  1065 I libPowerHal: vendor.samsung.: cpu_ctrl set cpu freq: 1218000 -1 -1 -1
11-05 16:37:57.768   896   910 I mtkpower_client: ret_hdl:1042832
11-05 16:37:57.768   896   910 I mtkpower_client: perf_lock_rel, hdl:1042831, tid:910
11-05 16:37:57.768  1014  1065 I libPowerHal: [perfLockAcq] idx:2 hdl:1042832 hint:-1 pid:896 duration:0 lock_user:vendor.samsung. => ret_hdl:1042832
11-05 16:37:57.768  1014  1065 I libPowerHal: vendor.samsung.: cpu_ctrl set cpu freq: 1218000 -1 1138000 -1
11-05 16:37:57.770   896   910 I mtkpower_client: perf_lock_acq, hdl:0, dur:0, num:2, tid:910
11-05 16:37:57.770  1014  1065 I libPowerHal: [perfLockRel] hdl:1042831, idx:0
11-05 16:37:57.770  1014  1065 I libPowerHal: vendor.samsung.: cpu_ctrl set cpu freq: -1 -1 1138000 -1
11-05 16:37:57.771   896   910 I mtkpower_client: ret_hdl:1042833
11-05 16:37:57.771  1014  1065 I libPowerHal: [perfLockAcq] idx:0 hdl:1042833 hint:-1 pid:896 duration:0 lock_user:vendor.samsung. => ret_hdl:1042833
11-05 16:37:57.771   896   910 I HYPER-HAL: [RequestManager.cpp]releaseLocked(): Released ID : 725427
11-05 16:37:57.771   896   910 I HYPER-HAL: [RequestManager.cpp]acquire(): Acquired ID : 726633  [1187 / 18]    HINT : GESTURE_DETECTED    list : [TIMEOUT / 1702] 
11-05 16:37:57.771   896   910 I HYPER-HAL: [RequestManager.cpp]acquire(): Acquired ID : 726633  [1187 / 18]    HINT : GESTURE_DETECTED    list : [TIMEOUT / 1702] 
11-05 16:37:57.771  1014  1065 I libPowerHal: vendor.samsung.: cpu_ctrl set cpu freq: 1218000 -1 1138000 -1
11-05 16:37:57.772  1187  1187 I SemDvfsHyPerManager: acquire hyper - SMOOTH_SCROLL/1187@17, type = -999
11-05 16:37:57.773   896   910 I HYPER-HAL: [RequestManager.cpp]acquire(): Acquired ID : 725427  [1187 / 17]    HINT : SMOOTH_SCROLL    list : 
11-05 16:37:57.773   896   910 I mtkpower_client: perf_lock_rel, hdl:1042832, tid:910
11-05 16:37:57.774   896   910 I mtkpower_client: perf_lock_acq, hdl:0, dur:0, num:2, tid:910
11-05 16:37:57.774  1014  1065 I libPowerHal: [perfLockRel] hdl:1042832, idx:2
11-05 16:37:57.774  9053  9073 E IMGMapper: set:488 set: Unset optional value from type SMPTE2086
11-05 16:37:57.774  1014  1065 I libPowerHal: vendor.samsung.: cpu_ctrl set cpu freq: 1218000 -1 -1 -1
11-05 16:37:57.774  9053  9073 E IMGMapper: set:488 set: Unset optional value from type CTA861_3
11-05 16:37:57.775   896   910 I mtkpower_client: ret_hdl:1042834
11-05 16:37:57.775   896   910 I mtkpower_client: perf_lock_rel, hdl:1042833, tid:910
11-05 16:37:57.776  1014  1065 I libPowerHal: [perfLockAcq] idx:1 hdl:1042834 hint:-1 pid:896 duration:0 lock_user:vendor.samsung. => ret_hdl:1042834
11-05 16:37:57.776  1014  1065 I libPowerHal: vendor.samsung.: cpu_ctrl set cpu freq: 1218000 -1 1138000 -1
11-05 16:37:57.776   896   910 I mtkpower_client: perf_lock_acq, hdl:0, dur:0, num:2, tid:910
11-05 16:37:57.777  1014  1065 I libPowerHal: [perfLockRel] hdl:1042833, idx:0
11-05 16:37:57.777  1014  1065 I libPowerHal: vendor.samsung.: cpu_ctrl set cpu freq: -1 -1 1138000 -1
11-05 16:37:57.778   896   910 I mtkpower_client: ret_hdl:1042835
11-05 16:37:57.779  1014  1065 I libPowerHal: [perfLockAcq] idx:2 hdl:1042835 hint:-1 pid:896 duration:0 lock_user:vendor.samsung. => ret_hdl:1042835
11-05 16:37:57.779  1014  1065 I libPowerHal: vendor.samsung.: cpu_ctrl set cpu freq: 1218000 -1 1138000 -1
11-05 16:37:57.805  9053  9073 E IMGMapper: set:488 set: Unset optional value from type SMPTE2086
11-05 16:37:57.805  9053  9073 E IMGMapper: set:488 set: Unset optional value from type CTA861_3
11-05 16:37:57.811  1187  1661 D OpenNetworkQos[4.00]: getOpenNetworkQosNoInternetStatus: false[Private DNS is active. Result is ignored.]
11-05 16:37:57.811  1187  1661 D OpenNetworkQos[4.00]: getOpenNetworkQosScores: 26 23 23 [Private DNS is active. Result is ignored.]
11-05 16:37:57.811  9053  9073 E IMGMapper: set:488 set: Unset optional value from type SMPTE2086
11-05 16:37:57.812  9053  9073 E IMGMapper: set:488 set: Unset optional value from type CTA861_3
11-05 16:37:57.825  9053  9073 E IMGMapper: set:488 set: Unset optional value from type SMPTE2086
11-05 16:37:57.825  9053  9073 E IMGMapper: set:488 set: Unset optional value from type CTA861_3
11-05 16:37:57.833   992   992 I android.hardware.health@2.1-service-samsung: start ISehThermal::getService()
11-05 16:37:57.835   494   494 I hwservicemanager: getTransport: Cannot find entry vendor.samsung.hardware.thermal@1.0::ISehThermal/default in either framework or device VINTF manifest.
11-05 16:37:57.835   992   992 E android.hardware.health@2.1-service-samsung: ISehThermal::getService() fail
11-05 16:37:57.836  1187  1333 D BatteryService: Sending ACTION_BATTERY_CHANGED: level:88, status:2, health:2, ac:false, usb:true, wireless:false, pogo:false, misc:0x0, charge_type:1, charger_type:0, voltage:4180, temperature:330, online:1, current_avg:-87300, ps:false, hvc:false, capacity:280000, current_event:0x0, current_now:-60600, mcc:500000, mcv:5000000, cc:2592480, present:true, scale:100, technology:Li-ion
11-05 16:37:57.838  1187  1527 D MotionRecognitionService: [SAR]  onReceive : ACTION_BATTERY_CHANGED, Plugged: 2
11-05 16:37:57.838  1187  1187 D PhoneWindowManagerExt: ACTION_BATTERY_CHANGED - Level=88, status=2
11-05 16:37:57.838  1187  1187 D SemWifiApBroadcastReceiver: Received : android.intent.action.BATTERY_CHANGED
11-05 16:37:57.839  1187  1674 I DeviceBatteryInfoService: action: android.intent.action.BATTERY_CHANGED
11-05 16:37:57.839  1187  1674 I DeviceBatteryInfoService: phone battery level: 88
11-05 16:37:57.839  1187  1674 I DeviceBatteryInfoService: phone battery status: 2
11-05 16:37:57.841  9053  9073 E IMGMapper: set:488 set: Unset optional value from type SMPTE2086
11-05 16:37:57.842  9053  9073 E IMGMapper: set:488 set: Unset optional value from type CTA861_3
11-05 16:37:57.843  1711  1711 D SemBigDataInfoController: Intent: android.intent.action.BATTERY_CHANGED
11-05 16:37:57.844  1737  1737 I PowerUI : mBootCompleted = true |  mFullyConnected = true
11-05 16:37:57.844  1737  1737 I PowerUI : BATTERY_HEALTH_CHECK extraHealth=2 mBatteryMiscEvent=0
11-05 16:37:57.844  1737  1737 W PowerUI : Plug reason
11-05 16:37:57.844  1737  1737 W PowerUI : Skip charging animation - by plug status
11-05 16:37:57.844  1737  1737 D PowerUI : priorPlugType = 2 mPlugType = 2 priorBatteryStatus = 2 mBatteryStatus = 2
11-05 16:37:57.844  1737  1737 W PowerUI : Plug reason
11-05 16:37:57.844  1737  1737 W PowerUI : Skip charging sound - by plug status
11-05 16:37:57.844  1737  1737 I PowerUI : oldMisalign : false, curMisalign : false
11-05 16:37:57.844  1737 15243 D SecPowerUI.Notification: dismissing low battery warning: level=88
11-05 16:37:57.844  1737 15243 D SecPowerUI.Notification: updateNotification mWarning=false mPlaySound=false
11-05 16:37:57.845  1737 15243 D SecPowerUI.Notification: SecBatteryStatsSnapshot{batteryLevel=88, currentBatteryMode=0, chargingTime=0, chargingType=11, batteryHealth=2, automaticTestMode=false, isHiccupState=false}
11-05 16:37:57.845  1737  1737 D SecPowerUI.Notification: showChargingNotice oldChargingType : 11 / currentChargingType : 11, oldChargingTime : 0 / mChargingTime : 0
11-05 16:37:57.845  1737  1737 D SecPowerUI.Notification: There is no change about charging status, so return!
11-05 16:37:57.845  1737  1737 D PowerUI : Battery swelling mode - priorBatterySwellingMode = 0 mBatterySwellingMode = 0 mBatteryStatus = 2
11-05 16:37:57.845  1737  1737 I PowerUI : mBatteryMiscEvent = 0
11-05 16:37:57.845  1737  1737 I AODBatteryManager: updateBatteryData: ACTION_BATTERY_CHANGED
11-05 16:37:57.845  1737 15243 D SecPowerUI.Notification: 1. restoreScreenTimeOut - saved_value : :
11-05 16:37:57.846  1737 15243 E SecPowerUI.Notification: no saved value, so we do nothing !!
11-05 16:37:57.847  1737  1737 I AODBatteryManager: saveBatteryData : AOD BatteryData [mBatteryLevel=88, mBatteryStatus=CHARGING, mBatteryPlugType=USB, mBatteryPlugged=true, mRemainingChargeTime=5574420, mBatteryChargingType=1, mBatteryChargerType=NORMAL, mBatteryOnline=NONE, mBatterySwellingMode=NONE, mBatteryProtectMode=false]
11-05 16:37:57.847  1711  1711 D SemBigDataInfoController: Intent: android.intent.action.BATTERY_CHANGED
11-05 16:37:57.847  1737  1737 D KeyguardUpdateMonitor: received broadcast android.intent.action.BATTERY_CHANGED
11-05 16:37:57.847  1737  1737 D SamsungBatteryMeterDrawable: onBatteryLevelChanged isSomethingChanged: false
11-05 16:37:57.848  1737  1737 D SamsungBatteryMeterDrawable: onBatteryLevelChanged isSomethingChanged: false
11-05 16:37:57.850  1737  1737 D SamsungBatteryMeterDrawable: onBatteryLevelChanged isSomethingChanged: false
11-05 16:37:57.850  1737  1737 D SamsungBatteryMeterDrawable: onBatteryLevelChanged isSomethingChanged: false
11-05 16:37:57.852  1737  1737 D KeyguardUpdateMonitor: handleBatteryUpdate
11-05 16:37:57.859  9053  9073 E IMGMapper: set:488 set: Unset optional value from type SMPTE2086
11-05 16:37:57.859  9053  9073 E IMGMapper: set:488 set: Unset optional value from type CTA861_3
11-05 16:37:57.880  9053  9073 E IMGMapper: set:488 set: Unset optional value from type SMPTE2086
11-05 16:37:57.880  9053  9073 E IMGMapper: set:488 set: Unset optional value from type CTA861_3
11-05 16:37:57.894  9053  9073 E IMGMapper: set:488 set: Unset optional value from type SMPTE2086
11-05 16:37:57.894  9053  9073 E IMGMapper: set:488 set: Unset optional value from type CTA861_3
11-05 16:37:57.912  1737  1942 D MobileStatusTracker(0/2): onSignalStrengthsChanged level=4, vendorLevel=3
11-05 16:37:57.915  1737  1942 D MobileSignalController(0/2): notifyListener: enabled=true, connected=true, dataConnected=true, networkType=LTE (4G), emergencyOnly=false, roaming=false, isDefault=false, dataActivity=, level=3, ca=false, mmWave=false, disabledDataIcon=false, simCard=ETC
11-05 16:37:57.916  1737  1942 D NetworkController: SignalStrength from intent slotId=0
11-05 16:37:57.921  9053  9150 D skia    : SkJpegCodec::onGetPixels +
11-05 16:37:57.928  9053  9082 I ReactNativeJS: ---IMG_METRICS_START---
11-05 16:37:57.928  9053  9082 I ReactNativeJS: {
11-05 16:37:57.928  9053  9082 I ReactNativeJS:   "dashboardRenders": 1,
11-05 16:37:57.928  9053  9082 I ReactNativeJS:   "cardRenders": {
11-05 16:37:57.928  9053  9082 I ReactNativeJS:     "155": 23,
11-05 16:37:57.928  9053  9082 I ReactNativeJS:     "7451": 23,
11-05 16:37:57.928  9053  9082 I ReactNativeJS:     "13494": 29,
11-05 16:37:57.928  9053  9082 I ReactNativeJS:     "70196": 7,
11-05 16:37:57.928  9053  9082 I ReactNativeJS:     "138843": 20,
11-05 16:37:57.928  9053  9082 I ReactNativeJS:     "157336": 14,
11-05 16:37:57.928  9053  9082 I ReactNativeJS:     "423108": 6,
11-05 16:37:57.928  9053  9082 I ReactNativeJS:     "506763": 29,
11-05 16:37:57.928  9053  9082 I ReactNativeJS:     "541671": 21,
11-05 16:37:57.928  9053  9082 I ReactNativeJS:     "552524": 23,
11-05 16:37:57.928  9053  9082 I ReactNativeJS:     "574475": 12,
11-05 16:37:57.928  9053  9082 I ReactNativeJS:     "575265": 29,
11-05 16:37:57.928  9053  9082 I ReactNativeJS:     "604079": 22,
11-05 16:37:57.928  9053  9082 I ReactNativeJS:     "617126": 23,
11-05 16:37:57.928  9053  9082 I ReactNativeJS:     "660033": 16,
11-05 16:37:57.928  9053  9082 I ReactNativeJS:     "691363": 23,
11-05 16:37:57.928  9053  9082 I ReactNativeJS:     "715287": 14,
11-05 16:37:57.928  9053  9082 I ReactNativeJS:     "755898": 29,
11-05 16:37:57.928  9053  9082 I ReactNativeJS:     "803796": 29,
11-05 16:37:57.928  9053  9082 I ReactNativeJS:     "911430": 29,
11-05 16:37:57.928  9053  9082 I ReactNativeJS:     "914215": 29,
11-05 16:37:57.928  9053  9082 I ReactNativeJS:     "974397": 5,
11-05 16:37:57.928  9053  9082 I ReactNativeJS:     "980477": 24,
11-05 16:37:57.928  9053  9082 I ReactNativeJS:     "987400": 29,
11-05 16:37:57.928  9053  9082 I ReactNativeJS:     "993234": 17,
11-05 16:37:57.928  9053  9082 I ReactNativeJS:     "994682": 16,
11-05 16:37:57.928  9053  9082 I ReactNativeJS:     "1007734": 29,
11-05 16:37:57.928  9053  9082 I ReactNativeJS:     "1011477": 5,
11-05 16:37:57.928  9053  9082 I ReactNativeJS:     "1022787": 20,
11-05 16:37:57.928  9053  9082 I ReactNativeJS:     "1028248": 29,
11-05 16:37:57.928  9053  9082 I ReactNativeJS:     "1035259": 29,
11-05 16:37:57.928  9053  9082 I ReactNativeJS:     "1038392": 29,
11-05 16:37:57.928  9053  9082 I ReactNativeJS:     "1051486": 29,
11-05 16:37:57.928  9053  9082 I ReactNativeJS:     "1061474": 29,
11-05 16:37:57.928  9053  9082 I ReactNativeJS:     "1071585": 6,
11-05 16:37:57.928  9053  9082 I ReactNativeJS:     "1078605": 29,
11-05 16:37:57.928  9053  9082 I ReactNativeJS:     "1083433": 11,
11-05 16:37:57.928  9053  9082 I ReactNativeJS:     "1087192": 29,
11-05 16:37:57.928  9053  9082 I ReactNativeJS:     "1119878": 23,
11-05 16:37:57.928  9053  9082 I ReactNativeJS:     "1125257": 17,
11-05 16:37:57.928  9053  9082 I ReactNativeJS:     "1151031": 9,
11-05 16:37:57.928  9053  9082 I ReactNativeJS:     "1151334": 24,
11-05 16:37:57.928  9053  9082 I ReactNativeJS:     "1175942": 23,
11-05 16:37:57.928  9053  9082 I ReactNativeJS:     "1185528": 2,
11-05 16:37:57.928  9053  9082 I ReactNativeJS:     "1188808": 24,
11-05 16:37:57.928  9053  9082 I ReactNativeJS:     "1234821": 29,
11-05 16:37:57.928  9053  9082 I ReactNativeJS:     "1241470": 4,
11-05 16:37:57.928  9053  9082 I ReactNativeJS:     "1242011": 29,
11-05 16:37:57.928  9053  9082 I ReactNativeJS:     "1242434": 11,
11-05 16:37:57.928  9053  9082 I ReactNativeJS:     "1244953": 10,
11-05 16:37:57.928  9053  9082 I ReactNativeJS:     "1252428": 22,
11-05 16:37:57.928  9053  9082 I ReactNativeJS:     "1265344": 23,
11-05 16:37:57.928  9053  9082 I ReactNativeJS:     "1284120": 18,
11-05 16:37:57.928  9053  9082 I ReactNativeJS:     "1311031": 29,
11-05 16:37:57.928  9053  9082 I ReactNativeJS:     "1319895": 2,
11-05 16:37:57.928  9053  9082 I ReactNativeJS:     "1321439": 21,
11-05 16:37:57.928  9053  9082 I ReactNativeJS:     "1354441": 9,
11-05 16:37:57.928  9053  9082 I ReactNativeJS:     "1367575": 18,
11-05 16:37:57.928  9053  9082 I ReactNativeJS:     "1369679": 29,
11-05 16:37:57.928  9053  9082 I ReactNativeJS:     "1382406": 24,
11-05 16:37:57.928  9053  9082 I ReactNativeJS:     "1403735": 7,
11-05 16:37:57.928  9053  9082 I ReactNativeJS:     "1470086": 4,
11-05 16:37:57.928  9053  9082 I ReactNativeJS:     "1506456": 12,
11-05 16:37:57.928  9053  9082 I ReactNativeJS:     "1530127": 10
11-05 16:37:57.928  9053  9082 I ReactNativeJS:   },
11-05 16:37:57.928  9053  9082 I ReactNativeJS:   "imageLoads": [
11-05 16:37:57.928  9053  9082 I ReactNativeJS:     {
11-05 16:37:57.928  9053  9082 I ReactNativeJS:       "id": 987400,
11-05 16:37:57.928  9053  9082 I ReactNativeJS:       "durationMs": 635
11-05 16:37:57.928  9053  9082 I ReactNativeJS:     },
11-05 16:37:57.928  9053  9082 I ReactNativeJS:     {
11-05 16:37:57.928  9053  9082 I ReactNativeJS:       "id": 1038392,
11-05 16:37:57.928  9053  9082 I ReactNativeJS:       "durationMs": 952
11-05 16:37:57.928  9053  9082 I ReactNativeJS:     },
11-05 16:37:57.928  9053  9082 I ReactNativeJS:     {
11-05 16:37:57.928  9053  9082 I ReactNativeJS:       "id": 755898,
11-05 16:37:57.928  9053  9082 I ReactNativeJS:       "durationMs": 953
11-05 16:37:57.928  9053  9082 I ReactNativeJS:     },
11-05 16:37:57.928  9053  9082 I ReactNativeJS:     {
11-05 16:37:57.928  9053  9082 I ReactNativeJS:       "id": 1311031,
11-05 16:37:57.928  9053  9082 I ReactNativeJS:       "durationMs": 983
11-05 16:37:57.928  9053  9082 I ReactNativeJS:     },
11-05 16:37:57.928  9053  9082 I ReactNativeJS:     {
11-05 16:37:57.928  9053  9082 I ReactNativeJS:       "id": 1007734,
11-05 16:37:57.928  9053  9082 I ReactNativeJS:       "durationMs": 321
11-05 16:37:57.928  9053  9082 I ReactNativeJS:     },
11-05 16:37:57.928  9053  9082 I ReactNativeJS:     {
11-05 16:37:57.928  9053  9082 I ReactNativeJS:       "id": 1078605,
11-05 16:37:57.928  9053  9082 I ReactNativeJS:       "durationMs": 321
11-05 16:37:57.928  9053  9082 I ReactNativeJS:     },
11-05 16:37:57.928  9053  9082 I ReactNativeJS:     {
11-05 16:37:57.928  9053  9082 I ReactNativeJS:       "id": 914215,
11-05 16:37:57.928  9053  9082 I ReactNativeJS:       "durationMs": 379
11-05 16:37:57.928  9053  9082 I ReactNativeJS:     },
11-05 16:37:57.928  9053  9082 I ReactNativeJS:     {
11-05 16:37:57.928  9053  9082 I ReactNativeJS:       "id": 1028248,
11-05 16:37:57.928  9053  9082 I ReactNativeJS:       "durationMs": 390
11-05 16:37:57.928  9053  9082 I ReactNativeJS:     },
11-05 16:37:57.928  9053  9082 I ReactNativeJS:     {
11-05 16:37:57.928  9053  9082 I ReactNativeJS:       "id": 1035259,
11-05 16:37:57.928  9053  9082 I ReactNativeJS:       "durationMs": 215
11-05 16:37:57.928  9053  9082 I ReactNativeJS:     },
11-05 16:37:57.928  9053  9082 I ReactNativeJS:     {
11-05 16:37:57.928  9053  9082 I ReactNativeJS:       "id": 1061474,
11-05 16:37:57.928  9053  9082 I ReactNativeJS:       "durationMs": 351
11-05 16:37:57.928  9053  9082 I ReactNativeJS:     },
11-05 16:37:57.928  9053  9082 I ReactNativeJS:     {
11-05 16:37:57.928  9053  9082 I ReactNativeJS:       "id": 13494,
11-05 16:37:57.928  9053  9082 I ReactNativeJS:       "durationMs": 234
11-05 16:37:57.928  9053  9082 I ReactNativeJS:     },
11-05 16:37:57.928  9053  9082 I ReactNativeJS:     {
11-05 16:37:57.928  9053  9082 I ReactNativeJS:       "id": 575265,
11-05 16:37:57.928  9053  9082 I ReactNativeJS:       "durationMs": 263
11-05 16:37:57.928  9053  9082 I ReactNativeJS:     },
11-05 16:37:57.928  9053  9082 I ReactNativeJS:     {
11-05 16:37:57.928  9053  9082 I ReactNativeJS:       "id": 911430,
11-05 16:37:57.928  9053  9082 I ReactNativeJS:       "durationMs": 306
11-05 16:37:57.928  9053  9082 I ReactNativeJS:     },
11-05 16:37:57.928  9053  9082 I ReactNativeJS:     {
11-05 16:37:57.928  9053  9082 I ReactNativeJS:       "id": 1369679,
11-05 16:37:57.928  9053  9082 I ReactNativeJS:       "durationMs": 565
11-05 16:37:57.928  9053  9082 I ReactNativeJS:     },
11-05 16:37:57.928  9053  9082 I ReactNativeJS:     {
11-05 16:37:57.928  9053  9082 I ReactNativeJS:       "id": 1234821,
11-05 16:37:57.928  9053  9082 I ReactNativeJS:       "durationMs": 402
11-05 16:37:57.928  9053  9082 I ReactNativeJS:     },
11-05 16:37:57.928  9053  9082 I ReactNativeJS:     {
11-05 16:37:57.928  9053  9082 I ReactNativeJS:       "id": 803796,
11-05 16:37:57.928  9053  9082 I ReactNativeJS:       "durationMs": 402
11-05 16:37:57.928  9053  9082 I ReactNativeJS:     },
11-05 16:37:57.928  9053  9082 I ReactNativeJS:     {
11-05 16:37:57.928  9053  9082 I ReactNativeJS:       "id": 1087192,
11-05 16:37:57.928  9053  9082 I ReactNativeJS:       "durationMs": 197
11-05 16:37:57.928  9053  9082 I ReactNativeJS:     },
11-05 16:37:57.928  9053  9082 I ReactNativeJS:     {
11-05 16:37:57.928  9053  9082 I ReactNativeJS:       "id": 1242011,
11-05 16:37:57.928  9053  9082 I ReactNativeJS:       "durationMs": 197
11-05 16:37:57.928  9053  9082 I ReactNativeJS:     },
11-05 16:37:57.928  9053  9082 I ReactNativeJS:     {
11-05 16:37:57.928  9053  9082 I ReactNativeJS:       "id": 506763,
11-05 16:37:57.928  9053  9082 I ReactNativeJS:       "durationMs": 240
11-05 16:37:57.928  9053  9082 I ReactNativeJS:     },
11-05 16:37:57.928  9053  9082 I ReactNativeJS:     {
11-05 16:37:57.928  9053  9082 I ReactNativeJS:       "id": 1051486,
11-05 16:37:57.928  9053  9082 I ReactNativeJS:       "durationMs": 366
11-05 16:37:57.928  9053  9082 I ReactNativeJS:     },
11-05 16:37:57.928  9053  9082 I ReactNativeJS:     {
11-05 16:37:57.928  9053  9082 I ReactNativeJS:       "id": 691363,
11-05 16:37:57.928  9053  9082 I ReactNativeJS:       "durationMs": 433
11-05 16:37:57.928  9053  9082 I ReactNativeJS:     },
11-05 16:37:57.928  9053  9082 I ReactNativeJS:     {
11-05 16:37:57.928  9053  9082 I ReactNativeJS:       "id": 1265344,
11-05 16:37:57.928  9053  9082 I ReactNativeJS:       "durationMs": 406
11-05 16:37:57.928  9053  9082 I ReactNativeJS:     },
11-05 16:37:57.928  9053  9082 I ReactNativeJS:     {
11-05 16:37:57.928  9053  9082 I ReactNativeJS:       "id": 7451,
11-05 16:37:57.928  9053  9082 I ReactNativeJS:       "durationMs": 0
11-05 16:37:57.928  9053  9082 I ReactNativeJS:     },
11-05 16:37:57.928  9053  9082 I ReactNativeJS:     {
11-05 16:37:57.928  9053  9082 I ReactNativeJS:       "id": 1175942,
11-05 16:37:57.928  9053  9082 I ReactNativeJS:       "durationMs": 633
11-05 16:37:57.928  9053  9082 I ReactNativeJS:     },
11-05 16:37:57.928  9053  9082 I ReactNativeJS:     {
11-05 16:37:57.928  9053  9082 I ReactNativeJS:       "id": 1119878,
11-05 16:37:57.928  9053  9082 I ReactNativeJS:       "durationMs": 633
11-05 16:37:57.928  9053  9082 I ReactNativeJS:     },
11-05 16:37:57.928  9053  9082 I ReactNativeJS:     {
11-05 16:37:57.928  9053  9082 I ReactNativeJS:       "id": 1382406,
11-05 16:37:57.928  9053  9082 I ReactNativeJS:       "durationMs": 682
11-05 16:37:57.928  9053  9082 I ReactNativeJS:     },
11-05 16:37:57.928  9053  9082 I ReactNativeJS:     {
11-05 16:37:57.928  9053  9082 I ReactNativeJS:       "id": 1151334,
11-05 16:37:57.928  9053  9082 I ReactNativeJS:       "durationMs": 985
11-05 16:37:57.928  9053  9082 I ReactNativeJS:     },
11-05 16:37:57.928  9053  9082 I ReactNativeJS:     {
11-05 16:37:57.928  9053  9082 I ReactNativeJS:       "id": 1188808,
11-05 16:37:57.928  9053  9082 I ReactNativeJS:       "durationMs": 760
11-05 16:37:57.928  9053  9082 I ReactNativeJS:     },
11-05 16:37:57.928  9053  9082 I ReactNativeJS:     {
11-05 16:37:57.928  9053  9082 I ReactNativeJS:       "id": 660033,
11-05 16:37:57.928  9053  9082 I ReactNativeJS:       "durationMs": 836
11-05 16:37:57.928  9053  9082 I ReactNativeJS:     },
11-05 16:37:57.928  9053  9082 I ReactNativeJS:     {
11-05 16:37:57.928  9053  9082 I ReactNativeJS:       "id": 994682,
