11-05 16:38:02.076  9053  9082 I ReactNativeJS:     },
11-05 16:38:02.076  9053  9082 I ReactNativeJS:     {
11-05 16:38:02.076  9053  9082 I ReactNativeJS:       "id": 1151272,
11-05 16:38:02.076  9053  9082 I ReactNativeJS:       "durationMs": 323
11-05 16:38:02.076  9053  9082 I ReactNativeJS:     },
11-05 16:38:02.076  9053  9082 I ReactNativeJS:     {
11-05 16:38:02.076  9053  9082 I ReactNativeJS:       "id": 1163545,
11-05 16:38:02.076  9053  9082 I ReactNativeJS:       "durationMs": 323
11-05 16:38:02.076  9053  9082 I ReactNativeJS:     },
11-05 16:38:02.076  9053  9082 I ReactNativeJS:     {
11-05 16:38:02.076  9053  9082 I ReactNativeJS:       "id": 986056,
11-05 16:38:02.076  9053  9082 I ReactNativeJS:       "durationMs": 243
11-05 16:38:02.076  9053  9082 I ReactNativeJS:     },
11-05 16:38:02.076  9053  9082 I ReactNativeJS:     {
11-05 16:38:02.076  9053  9082 I ReactNativeJS:       "id": 1010581,
11-05 16:38:02.076  9053  9082 I ReactNativeJS:       "durationMs": 243
11-05 16:38:02.076  9053  9082 I ReactNativeJS:     }
11-05 16:38:02.076  9053  9082 I ReactNativeJS:   ],
11-05 16:38:02.076  9053  9082 I ReactNativeJS:   "navigationEvents": [
11-05 16:38:02.076  9053  9082 I ReactNativeJS:     {
11-05 16:38:02.076  9053  9082 I ReactNativeJS:       "action": "focus_dashboard",
11-05 16:38:02.076  9053  9082 I ReactNativeJS:       "timestamp": 1762371461863
11-05 16:38:02.076  9053  9082 I ReactNativeJS:     }
11-05 16:38:02.076  9053  9082 I ReactNativeJS:   ]
11-05 16:38:02.076  9053  9082 I ReactNativeJS: }
11-05 16:38:02.076  9053  9082 I ReactNativeJS: ---IMG_METRICS_END---
11-05 16:38:02.089  9053  9150 D skia    : SkJpegCodec::onGetPixels +
11-05 16:38:02.098  9053  9073 E IMGMapper: set:488 set: Unset optional value from type SMPTE2086
11-05 16:38:02.099  9053  9073 E IMGMapper: set:488 set: Unset optional value from type CTA861_3
11-05 16:38:02.110  9053  9073 E IMGMapper: set:488 set: Unset optional value from type SMPTE2086
11-05 16:38:02.111  9053  9073 E IMGMapper: set:488 set: Unset optional value from type CTA861_3
11-05 16:38:02.117  9053  9150 D skia    : SkJpegCodec::onGetPixels -
11-05 16:38:02.121  9053  9151 D skia    : SkJpegCodec::onGetPixels +
11-05 16:38:02.125  9053  9073 E IMGMapper: set:488 set: Unset optional value from type SMPTE2086
11-05 16:38:02.125  9053  9073 E IMGMapper: set:488 set: Unset optional value from type CTA861_3
11-05 16:38:02.136  9053  9073 E IMGMapper: set:488 set: Unset optional value from type SMPTE2086
11-05 16:38:02.137  9053  9073 E IMGMapper: set:488 set: Unset optional value from type CTA861_3
11-05 16:38:02.144  9053  9151 D skia    : SkJpegCodec::onGetPixels -
11-05 16:38:02.154  9053  9073 E IMGMapper: set:488 set: Unset optional value from type SMPTE2086
11-05 16:38:02.154  9053  9073 E IMGMapper: set:488 set: Unset optional value from type CTA861_3
11-05 16:38:02.174  9053  9073 E IMGMapper: set:488 set: Unset optional value from type SMPTE2086
11-05 16:38:02.174  9053  9073 E IMGMapper: set:488 set: Unset optional value from type CTA861_3
11-05 16:38:02.184  1187  1663 D WifiConnectivityMonitor.NetworkStatsAnalyzer: Backhaul result - RSSI:-56, CE:12, PE:13, TI:15, PTI:16, TW:5, PTW:4, Tx:5509, Rx:5113, TxS:5507, RxS:5108, RESULT:true, IC:0, ICT:5, WC:0, WCT:5, R:0, RC:0, IE:0, EC:0
11-05 16:38:02.187  9053  9073 E IMGMapper: set:488 set: Unset optional value from type SMPTE2086
11-05 16:38:02.188  9053  9073 E IMGMapper: set:488 set: Unset optional value from type CTA861_3
11-05 16:38:02.211  9053  9073 E IMGMapper: set:488 set: Unset optional value from type SMPTE2086
11-05 16:38:02.211  9053  9073 E IMGMapper: set:488 set: Unset optional value from type CTA861_3
11-05 16:38:02.222  9053  9073 E IMGMapper: set:488 set: Unset optional value from type SMPTE2086
11-05 16:38:02.222  9053  9073 E IMGMapper: set:488 set: Unset optional value from type CTA861_3
11-05 16:38:02.237  9053  9073 E IMGMapper: set:488 set: Unset optional value from type SMPTE2086
11-05 16:38:02.238  9053  9073 E IMGMapper: set:488 set: Unset optional value from type CTA861_3
11-05 16:38:02.253  9053  9073 E IMGMapper: set:488 set: Unset optional value from type SMPTE2086
11-05 16:38:02.253  9053  9073 E IMGMapper: set:488 set: Unset optional value from type CTA861_3
11-05 16:38:02.270  9053  9073 E IMGMapper: set:488 set: Unset optional value from type SMPTE2086
11-05 16:38:02.270  9053  9073 E IMGMapper: set:488 set: Unset optional value from type CTA861_3
11-05 16:38:02.286  9053  9073 E IMGMapper: set:488 set: Unset optional value from type SMPTE2086
11-05 16:38:02.287  9053  9073 E IMGMapper: set:488 set: Unset optional value from type CTA861_3
11-05 16:38:02.305  9053  9073 E IMGMapper: set:488 set: Unset optional value from type SMPTE2086
11-05 16:38:02.305  9053  9073 E IMGMapper: set:488 set: Unset optional value from type CTA861_3
11-05 16:38:02.314  9053  9053 W unknown:WrappingUtils: Don't know how to round that drawable: com.facebook.react.views.image.ReactImageDownloadListener$EmptyDrawable@1fdb027
11-05 16:38:02.329  9053  9073 E IMGMapper: set:488 set: Unset optional value from type SMPTE2086
11-05 16:38:02.329  9053  9073 E IMGMapper: set:488 set: Unset optional value from type CTA861_3
11-05 16:38:02.345  9053  9073 E IMGMapper: set:488 set: Unset optional value from type SMPTE2086
11-05 16:38:02.345  9053  9073 E IMGMapper: set:488 set: Unset optional value from type CTA861_3
11-05 16:38:02.346  9053  9053 W unknown:WrappingUtils: Don't know how to round that drawable: com.facebook.react.views.image.ReactImageDownloadListener$EmptyDrawable@9da12d4
11-05 16:38:02.377  9053  9073 E IMGMapper: set:488 set: Unset optional value from type SMPTE2086
11-05 16:38:02.377  9053  9073 E IMGMapper: set:488 set: Unset optional value from type CTA861_3
11-05 16:38:02.388  9053  9073 E IMGMapper: set:488 set: Unset optional value from type SMPTE2086
11-05 16:38:02.388  9053  9073 E IMGMapper: set:488 set: Unset optional value from type CTA861_3
11-05 16:38:02.406  9053  9073 E IMGMapper: set:488 set: Unset optional value from type SMPTE2086
11-05 16:38:02.406  9053  9073 E IMGMapper: set:488 set: Unset optional value from type CTA861_3
11-05 16:38:02.423  9053  9073 E IMGMapper: set:488 set: Unset optional value from type SMPTE2086
11-05 16:38:02.423  9053  9073 E IMGMapper: set:488 set: Unset optional value from type CTA861_3
11-05 16:38:02.440  9053  9073 E IMGMapper: set:488 set: Unset optional value from type SMPTE2086
11-05 16:38:02.440  9053  9073 E IMGMapper: set:488 set: Unset optional value from type CTA861_3
11-05 16:38:02.456  9053  9073 E IMGMapper: set:488 set: Unset optional value from type SMPTE2086
11-05 16:38:02.456  9053  9073 E IMGMapper: set:488 set: Unset optional value from type CTA861_3
11-05 16:38:02.472  9053  9073 E IMGMapper: set:488 set: Unset optional value from type SMPTE2086
11-05 16:38:02.472  9053  9073 E IMGMapper: set:488 set: Unset optional value from type CTA861_3
11-05 16:38:02.489  9053  9073 E IMGMapper: set:488 set: Unset optional value from type SMPTE2086
11-05 16:38:02.490  9053  9073 E IMGMapper: set:488 set: Unset optional value from type CTA861_3
11-05 16:38:02.506  9053  9073 E IMGMapper: set:488 set: Unset optional value from type SMPTE2086
11-05 16:38:02.506  9053  9073 E IMGMapper: set:488 set: Unset optional value from type CTA861_3
11-05 16:38:02.523  9053  9073 E IMGMapper: set:488 set: Unset optional value from type SMPTE2086
11-05 16:38:02.523  9053  9073 E IMGMapper: set:488 set: Unset optional value from type CTA861_3
11-05 16:38:02.526   543   543 D io_stats: !@ 179,0 r 626038671 7565334658 w 113299006 1199754816 d 1261306 33797728 f 0 0 iot 322167680 0 th 0 0 0 pt 0 inp 0 0 3391208.783
11-05 16:38:02.539  9053  9073 E IMGMapper: set:488 set: Unset optional value from type SMPTE2086
11-05 16:38:02.539  9053  9073 E IMGMapper: set:488 set: Unset optional value from type CTA861_3
11-05 16:38:02.556  9053  9073 E IMGMapper: set:488 set: Unset optional value from type SMPTE2086
11-05 16:38:02.556  9053  9073 E IMGMapper: set:488 set: Unset optional value from type CTA861_3
11-05 16:38:02.577  9053  9073 E IMGMapper: set:488 set: Unset optional value from type SMPTE2086
11-05 16:38:02.577  9053  9073 E IMGMapper: set:488 set: Unset optional value from type CTA861_3
11-05 16:38:02.588  9053  9073 E IMGMapper: set:488 set: Unset optional value from type SMPTE2086
11-05 16:38:02.589  9053  9073 E IMGMapper: set:488 set: Unset optional value from type CTA861_3
11-05 16:38:02.603  9053  9073 E IMGMapper: set:488 set: Unset optional value from type SMPTE2086
11-05 16:38:02.603  9053  9073 E IMGMapper: set:488 set: Unset optional value from type CTA861_3
11-05 16:38:02.621  9053  9073 E IMGMapper: set:488 set: Unset optional value from type SMPTE2086
11-05 16:38:02.621  9053  9073 E IMGMapper: set:488 set: Unset optional value from type CTA861_3
11-05 16:38:02.638  9053  9073 E IMGMapper: set:488 set: Unset optional value from type SMPTE2086
11-05 16:38:02.638  9053  9073 E IMGMapper: set:488 set: Unset optional value from type CTA861_3
11-05 16:38:02.653  9053  9073 E IMGMapper: set:488 set: Unset optional value from type SMPTE2086
11-05 16:38:02.653  9053  9073 E IMGMapper: set:488 set: Unset optional value from type CTA861_3
11-05 16:38:02.668  9053  9073 E IMGMapper: set:488 set: Unset optional value from type SMPTE2086
11-05 16:38:02.668  9053  9073 E IMGMapper: set:488 set: Unset optional value from type CTA861_3
11-05 16:38:02.671   896  9171 I mtkpower_client: perf_lock_rel, hdl:1042850, tid:9171
11-05 16:38:02.671   896  9171 I mtkpower_client: perf_lock_acq, hdl:0, dur:0, num:2, tid:9171
11-05 16:38:02.672  1014  1065 I libPowerHal: [perfLockRel] hdl:1042850, idx:0
11-05 16:38:02.673  1014  1065 I libPowerHal: vendor.samsung.: cpu_ctrl set cpu freq: 1218000 -1 -1 -1
11-05 16:38:02.673   896  9171 I mtkpower_client: ret_hdl:1042852
11-05 16:38:02.673   896  9171 I mtkpower_client: perf_lock_rel, hdl:1042851, tid:9171
11-05 16:38:02.674  1014  1065 I libPowerHal: [perfLockAcq] idx:2 hdl:1042852 hint:-1 pid:896 duration:0 lock_user:vendor.samsung. => ret_hdl:1042852
11-05 16:38:02.674  1014  1065 I libPowerHal: vendor.samsung.: cpu_ctrl set cpu freq: 1218000 -1 1138000 -1
11-05 16:38:02.675   896  9171 I mtkpower_client: perf_lock_acq, hdl:0, dur:0, num:2, tid:9171
11-05 16:38:02.675  1014  1065 I libPowerHal: [perfLockRel] hdl:1042851, idx:1
11-05 16:38:02.675  1014  1065 I libPowerHal: vendor.samsung.: cpu_ctrl set cpu freq: -1 -1 1138000 -1
11-05 16:38:02.676   896  9171 I mtkpower_client: ret_hdl:1042853
11-05 16:38:02.676   896  9171 I HYPER-HAL: [RequestManager.cpp]releaseLocked(): Released ID : 726633
11-05 16:38:02.676  1014  1065 I libPowerHal: [perfLockAcq] idx:0 hdl:1042853 hint:-1 pid:896 duration:0 lock_user:vendor.samsung. => ret_hdl:1042853
11-05 16:38:02.677  1014  1065 I libPowerHal: vendor.samsung.: cpu_ctrl set cpu freq: 1218000 -1 1138000 -1
11-05 16:38:02.689  9053  9073 E IMGMapper: set:488 set: Unset optional value from type SMPTE2086
11-05 16:38:02.689  9053  9073 E IMGMapper: set:488 set: Unset optional value from type CTA861_3
11-05 16:38:02.696   896   910 I mtkpower_client: perf_lock_rel, hdl:1042852, tid:910
11-05 16:38:02.696   896   910 I mtkpower_client: perf_lock_rel, hdl:1042853, tid:910
11-05 16:38:02.697   896   910 I HYPER-HAL: [RequestManager.cpp]releaseLocked(): Released ID : 725427
11-05 16:38:02.697  1014  1065 I libPowerHal: [perfLockRel] hdl:1042852, idx:2
11-05 16:38:02.697  1014  1065 I libPowerHal: vendor.samsung.: cpu_ctrl set cpu freq: 1218000 -1 -1 -1
11-05 16:38:02.698  1014  1065 I libPowerHal: [perfLockRel] hdl:1042853, idx:0
11-05 16:38:02.699  1014  1065 I libPowerHal: vendor.samsung.: cpu_ctrl set cpu freq: -1 -1 -1 -1
11-05 16:38:02.702  9053  9073 E IMGMapper: set:488 set: Unset optional value from type SMPTE2086
11-05 16:38:02.702  9053  9073 E IMGMapper: set:488 set: Unset optional value from type CTA861_3
11-05 16:38:02.719  9053  9073 E IMGMapper: set:488 set: Unset optional value from type SMPTE2086
11-05 16:38:02.719  9053  9073 E IMGMapper: set:488 set: Unset optional value from type CTA861_3
11-05 16:38:02.741  1039  1039 I BufferQueueProducer: [com.cinemamovel/com.cinemamovel.MainActivity$_9053#684475](this:0xb400007a1f841838,id:-1,api:0,p:-1,c:1039) queueBuffer: fps=57.12 dur=1015.34 max=33.99 min=16.09
11-05 16:38:02.743   991   991 I hwcomposer: [HWCDisplay] [Display_0 (type:1)] fps:57.132133,dur:1015.19,max:34.69,min:15.59  
11-05 16:38:02.757  1693  1693 I WifiHAL : Get link layer stats
11-05 16:38:02.757  1693  1693 I WifiHAL : GetLinkStatsCommand::create
11-05 16:38:02.757  1693  1693 D android.hardware.wifi@1.0-service-lazy: WifiRequest::create vendor command to iface 38, vendor_id=0x1a11, subcmd=0x1200, res=0
11-05 16:38:02.758  1693  1693 I android.hardware.wifi@1.0-service-lazy: WifiCommand::requestResponse err=-95
11-05 16:38:02.758  1693  1693 I WifiHAL : wifi_get_link_stats: result=-3
11-05 16:38:02.759  1187  1566 E WifiVendorHal: getWifiLinkLayerStats_1_5_Internal(l.1179) failed {.code = ERROR_NOT_SUPPORTED, .description = }
11-05 16:38:02.766  1187 22074 D SemWifiUsabilityStatsMonitor: onWifiUsabilityStats - seqNum 104598, isSameBssidAndFreq true
11-05 16:38:02.767  1187  1645 I SemWifiLinkQualityMonitor: Link Qos query: inf. ms / 0 Mbps
11-05 16:38:02.846  1737  1737 D SecPowerUI.Notification: showChargingNotice oldChargingType : 11 / currentChargingType : 11, oldChargingTime : 0 / mChargingTime : 0
11-05 16:38:02.847  1737  1737 D SecPowerUI.Notification: There is no change about charging status, so return!
11-05 16:38:02.866   999   999 D IMGMemtrackHAL: hal_get_memory: memtrack cache rebuild was required
11-05 16:38:02.932   999   999 D IMGMemtrackHAL: hal_get_memory: memtrack cache rebuild was required
11-05 16:38:03.101  9053  9073 E IMGMapper: set:488 set: Unset optional value from type SMPTE2086
11-05 16:38:03.101  9053  9073 E IMGMapper: set:488 set: Unset optional value from type CTA861_3
11-05 16:38:03.118  9053  9073 E IMGMapper: set:488 set: Unset optional value from type SMPTE2086
11-05 16:38:03.118  9053  9073 E IMGMapper: set:488 set: Unset optional value from type CTA861_3
11-05 16:38:03.135  9053  9073 E IMGMapper: set:488 set: Unset optional value from type SMPTE2086
11-05 16:38:03.135  9053  9073 E IMGMapper: set:488 set: Unset optional value from type CTA861_3
11-05 16:38:03.151  9053  9073 E IMGMapper: set:488 set: Unset optional value from type SMPTE2086
11-05 16:38:03.151  9053  9073 E IMGMapper: set:488 set: Unset optional value from type CTA861_3
11-05 16:38:03.167  9053  9073 E IMGMapper: set:488 set: Unset optional value from type SMPTE2086
11-05 16:38:03.168  9053  9073 E IMGMapper: set:488 set: Unset optional value from type CTA861_3
11-05 16:38:03.185  9053  9073 E IMGMapper: set:488 set: Unset optional value from type SMPTE2086
11-05 16:38:03.185  9053  9073 E IMGMapper: set:488 set: Unset optional value from type CTA861_3
11-05 16:38:03.200  9053  9073 E IMGMapper: set:488 set: Unset optional value from type SMPTE2086
11-05 16:38:03.200  9053  9073 E IMGMapper: set:488 set: Unset optional value from type CTA861_3
11-05 16:38:03.216  9053  9073 E IMGMapper: set:488 set: Unset optional value from type SMPTE2086
11-05 16:38:03.216  9053  9073 E IMGMapper: set:488 set: Unset optional value from type CTA861_3
11-05 16:38:03.234  9053  9073 E IMGMapper: set:488 set: Unset optional value from type SMPTE2086
11-05 16:38:03.234  9053  9073 E IMGMapper: set:488 set: Unset optional value from type CTA861_3
11-05 16:38:03.250  9053  9073 E IMGMapper: set:488 set: Unset optional value from type SMPTE2086
11-05 16:38:03.251  9053  9073 E IMGMapper: set:488 set: Unset optional value from type CTA861_3
11-05 16:38:03.267  9053  9073 E IMGMapper: set:488 set: Unset optional value from type SMPTE2086
11-05 16:38:03.267  9053  9073 E IMGMapper: set:488 set: Unset optional value from type CTA861_3
11-05 16:38:03.284  9053  9073 E IMGMapper: set:488 set: Unset optional value from type SMPTE2086
11-05 16:38:03.284  9053  9073 E IMGMapper: set:488 set: Unset optional value from type CTA861_3
11-05 16:38:03.300  9053  9073 E IMGMapper: set:488 set: Unset optional value from type SMPTE2086
11-05 16:38:03.300  9053  9073 E IMGMapper: set:488 set: Unset optional value from type CTA861_3
11-05 16:38:03.318  9053  9073 E IMGMapper: set:488 set: Unset optional value from type SMPTE2086
11-05 16:38:03.318  9053  9073 E IMGMapper: set:488 set: Unset optional value from type CTA861_3
11-05 16:38:03.333  9053  9073 E IMGMapper: set:488 set: Unset optional value from type SMPTE2086
11-05 16:38:03.333  9053  9073 E IMGMapper: set:488 set: Unset optional value from type CTA861_3
11-05 16:38:03.350  9053  9073 E IMGMapper: set:488 set: Unset optional value from type SMPTE2086
11-05 16:38:03.350  9053  9073 E IMGMapper: set:488 set: Unset optional value from type CTA861_3
11-05 16:38:03.366  9053  9073 E IMGMapper: set:488 set: Unset optional value from type SMPTE2086
11-05 16:38:03.366  9053  9073 E IMGMapper: set:488 set: Unset optional value from type CTA861_3
11-05 16:38:03.676  1737  1942 D MobileStatusTracker(0/2): onSignalStrengthsChanged level=4, vendorLevel=3
11-05 16:38:03.680  1737  1942 D MobileSignalController(0/2): notifyListener: enabled=true, connected=true, dataConnected=true, networkType=LTE (4G), emergencyOnly=false, roaming=false, isDefault=false, dataActivity=, level=3, ca=false, mmWave=false, disabledDataIcon=false, simCard=ETC
11-05 16:38:03.681  1737  1942 D NetworkController: SignalStrength from intent slotId=0
11-05 16:38:03.854  1187  1369 D PowerManagerService: UserActivityStateListenerState: 0
11-05 16:38:04.045  1205  1205 I thermal_repeater: socket -1
