11-05 16:38:00.539  9053  9073 E IMGMapper: set:488 set: Unset optional value from type SMPTE2086
11-05 16:38:00.539  9053  9073 E IMGMapper: set:488 set: Unset optional value from type CTA861_3
11-05 16:38:00.555  9053  9073 E IMGMapper: set:488 set: Unset optional value from type SMPTE2086
11-05 16:38:00.555  9053  9073 E IMGMapper: set:488 set: Unset optional value from type CTA861_3
11-05 16:38:00.572  9053  9073 E IMGMapper: set:488 set: Unset optional value from type SMPTE2086
11-05 16:38:00.572  9053  9073 E IMGMapper: set:488 set: Unset optional value from type CTA861_3
11-05 16:38:00.589  9053  9073 E IMGMapper: set:488 set: Unset optional value from type SMPTE2086
11-05 16:38:00.589  9053  9073 E IMGMapper: set:488 set: Unset optional value from type CTA861_3
11-05 16:38:00.604  9053  9073 E IMGMapper: set:488 set: Unset optional value from type SMPTE2086
11-05 16:38:00.605  9053  9073 E IMGMapper: set:488 set: Unset optional value from type CTA861_3
11-05 16:38:00.622  9053  9073 E IMGMapper: set:488 set: Unset optional value from type SMPTE2086
11-05 16:38:00.622  9053  9073 E IMGMapper: set:488 set: Unset optional value from type CTA861_3
11-05 16:38:00.635  1187  2902 D InputDispatcher: Inject motion (9223/2000): action=0x0, time=3391206892000000, f=0x0, d=0 dsdx=1.000000 dtdx=0.000000
11-05 16:38:00.635  1187  1534 I InputDispatcher: Delivering touch to (1737): action: 0x4, f=0x0, d=0, 'd92b8ad', t=1 
11-05 16:38:00.635  1187  1534 I InputDispatcher: Delivering touch to (9053): action: 0x0, f=0x0, d=0, '11b97a3', t=1 
11-05 16:38:00.636  1187  1534 D PowerManagerService: [api] userActivityFromNative :  (event: 2 flags: 0 displayId: 0) eventTime = 3391206892
11-05 16:38:00.637  1187  1303 I GestureDetector: obtain mCurrentDownEvent. id: -187558810 caller: com.android.server.wm.SystemGesturesPointerEventListener.onPointerEvent:203 com.android.server.wm.PointerEventDispatcher.onInputEvent:53 android.view.InputEventReceiver.dispatchInputEvent:285 
11-05 16:38:00.637  1187  1303 I GestureDetector: obtain mCurrentDownEvent. id: -187558810 caller: com.android.server.wm.SystemPerformancePointerEventListener.onPointerEvent:89 com.android.server.wm.PointerEventDispatcher.onInputEvent:53 android.view.InputEventReceiver.dispatchInputEvent:285 
11-05 16:38:00.637  9053  9053 I ViewRootImpl@706bef1[MainActivity]: ViewPostIme pointer 0
11-05 16:38:00.640  9053  9073 E IMGMapper: set:488 set: Unset optional value from type SMPTE2086
11-05 16:38:00.640  9053  9073 E IMGMapper: set:488 set: Unset optional value from type CTA861_3
11-05 16:38:00.649  1187  1303 I GestureDetector: obtain mCurrentMotionEventRaw. action: 2 id: -260321145
11-05 16:38:00.649  1187  1303 I GestureDetector: obtain mCurrentMotionEventRaw. action: 2 id: -260321145
11-05 16:38:00.652   896   910 I mtkpower_client: perf_lock_rel, hdl:1042842, tid:910
11-05 16:38:00.652  1014  1065 I libPowerHal: [perfLockRel] hdl:1042842, idx:3
11-05 16:38:00.653  1014  1065 I libPowerHal: vendor.samsung.: cpu_ctrl set cpu freq: 1218000 -1 -1 -1
11-05 16:38:00.653   896   910 I mtkpower_client: perf_lock_acq, hdl:0, dur:0, num:2, tid:910
11-05 16:38:00.655   896   910 I mtkpower_client: ret_hdl:1042844
11-05 16:38:00.655   896   910 I mtkpower_client: perf_lock_rel, hdl:1042843, tid:910
11-05 16:38:00.655  1014  1065 I libPowerHal: [perfLockAcq] idx:0 hdl:1042844 hint:-1 pid:896 duration:0 lock_user:vendor.samsung. => ret_hdl:1042844
11-05 16:38:00.655  9053  9073 E IMGMapper: set:488 set: Unset optional value from type SMPTE2086
11-05 16:38:00.655  9053  9073 E IMGMapper: set:488 set: Unset optional value from type CTA861_3
11-05 16:38:00.655  1014  1065 I libPowerHal: vendor.samsung.: cpu_ctrl set cpu freq: 1218000 -1 1138000 -1
11-05 16:38:00.656   896   910 I mtkpower_client: perf_lock_acq, hdl:0, dur:0, num:2, tid:910
11-05 16:38:00.657  1014  1065 I libPowerHal: [perfLockRel] hdl:1042843, idx:4
11-05 16:38:00.657  1014  1065 I libPowerHal: vendor.samsung.: cpu_ctrl set cpu freq: -1 -1 1138000 -1
11-05 16:38:00.658   896   910 I mtkpower_client: ret_hdl:1042845
11-05 16:38:00.658   896   910 I HYPER-HAL: [RequestManager.cpp]releaseLocked(): Released ID : 725427
11-05 16:38:00.658  1014  1065 I libPowerHal: [perfLockAcq] idx:1 hdl:1042845 hint:-1 pid:896 duration:0 lock_user:vendor.samsung. => ret_hdl:1042845
11-05 16:38:00.658  1014  1065 I libPowerHal: vendor.samsung.: cpu_ctrl set cpu freq: 1218000 -1 1138000 -1
11-05 16:38:00.677  9053  9073 E IMGMapper: set:488 set: Unset optional value from type SMPTE2086
11-05 16:38:00.678  9053  9073 E IMGMapper: set:488 set: Unset optional value from type CTA861_3
11-05 16:38:00.703  9053  9073 E IMGMapper: set:488 set: Unset optional value from type SMPTE2086
11-05 16:38:00.703  9053  9073 E IMGMapper: set:488 set: Unset optional value from type CTA861_3
11-05 16:38:00.711  1039  1039 I BufferQueueProducer: [com.cinemamovel/com.cinemamovel.MainActivity$_9053#684475](this:0xb400007a1f841838,id:-1,api:0,p:-1,c:1039) queueBuffer: fps=56.13 dur=1015.54 max=50.25 min=16.27
11-05 16:38:00.712   991   991 I hwcomposer: [HWCDisplay] [Display_0 (type:1)] fps:56.118073,dur:1015.72,max:51.03,min:15.81  
11-05 16:38:00.715  9053  9073 E IMGMapper: set:488 set: Unset optional value from type SMPTE2086
11-05 16:38:00.715  9053  9073 E IMGMapper: set:488 set: Unset optional value from type CTA861_3
11-05 16:38:00.727  9053  9073 E IMGMapper: set:488 set: Unset optional value from type SMPTE2086
11-05 16:38:00.727  9053  9073 E IMGMapper: set:488 set: Unset optional value from type CTA861_3
11-05 16:38:00.743  9053  9073 E IMGMapper: set:488 set: Unset optional value from type SMPTE2086
11-05 16:38:00.743  9053  9073 E IMGMapper: set:488 set: Unset optional value from type CTA861_3
11-05 16:38:00.754   963   963 E audit   : type=1400 audit(1762371480.746:1716503): avc:  denied  { write } for  pid=15691 comm="ThreadPoolForeg" name="traced_producer" dev="tmpfs" ino=11170 scontext=u:r:gmscore_app:s0:c512,c768 tcontext=u:object_r:traced_producer_socket:s0 tclass=sock_file permissive=0 SEPF_SM-A037M_12_0001 unfiltered
11-05 16:38:00.759  9053  9073 E IMGMapper: set:488 set: Unset optional value from type SMPTE2086
11-05 16:38:00.759  9053  9073 E IMGMapper: set:488 set: Unset optional value from type CTA861_3
11-05 16:38:00.771  9053  9073 E IMGMapper: set:488 set: Unset optional value from type SMPTE2086
11-05 16:38:00.771  9053  9073 E IMGMapper: set:488 set: Unset optional value from type CTA861_3
11-05 16:38:00.788  9053  9073 E IMGMapper: set:488 set: Unset optional value from type SMPTE2086
11-05 16:38:00.788  9053  9073 E IMGMapper: set:488 set: Unset optional value from type CTA861_3
11-05 16:38:00.805  9053  9073 E IMGMapper: set:488 set: Unset optional value from type SMPTE2086
11-05 16:38:00.806  9053  9073 E IMGMapper: set:488 set: Unset optional value from type CTA861_3
11-05 16:38:00.824  9053  9073 E IMGMapper: set:488 set: Unset optional value from type SMPTE2086
11-05 16:38:00.824  9053  9073 E IMGMapper: set:488 set: Unset optional value from type CTA861_3
11-05 16:38:00.839  9053  9073 E IMGMapper: set:488 set: Unset optional value from type SMPTE2086
11-05 16:38:00.839  9053  9073 E IMGMapper: set:488 set: Unset optional value from type CTA861_3
11-05 16:38:00.867  9053  9073 E IMGMapper: set:488 set: Unset optional value from type SMPTE2086
11-05 16:38:00.867  9053  9073 E IMGMapper: set:488 set: Unset optional value from type CTA861_3
11-05 16:38:00.874  9053  9150 D skia    : SkJpegCodec::onGetPixels +
11-05 16:38:00.877  9053  9073 E IMGMapper: set:488 set: Unset optional value from type SMPTE2086
11-05 16:38:00.877  9053  9073 E IMGMapper: set:488 set: Unset optional value from type CTA861_3
11-05 16:38:00.889  9053  9073 E IMGMapper: set:488 set: Unset optional value from type SMPTE2086
11-05 16:38:00.889  9053  9073 E IMGMapper: set:488 set: Unset optional value from type CTA861_3
11-05 16:38:00.906  9053  9150 D skia    : SkJpegCodec::onGetPixels -
11-05 16:38:00.909  9053  9073 E IMGMapper: set:488 set: Unset optional value from type SMPTE2086
11-05 16:38:00.909  9053  9073 E IMGMapper: set:488 set: Unset optional value from type CTA861_3
11-05 16:38:00.924  9053  9073 E IMGMapper: set:488 set: Unset optional value from type SMPTE2086
11-05 16:38:00.924  9053  9073 E IMGMapper: set:488 set: Unset optional value from type CTA861_3
11-05 16:38:00.935  9053  9053 W unknown:WrappingUtils: Don't know how to round that drawable: com.facebook.react.views.image.ReactImageDownloadListener$EmptyDrawable@7b02b30
11-05 16:38:00.941  9053  9151 D skia    : SkJpegCodec::onGetPixels +
11-05 16:38:00.944  9053  9073 E IMGMapper: set:488 set: Unset optional value from type SMPTE2086
11-05 16:38:00.944  9053  9073 E IMGMapper: set:488 set: Unset optional value from type CTA861_3
11-05 16:38:00.948  1187  2902 D InputDispatcher: Inject motion (9223/2000): action=0x1, time=3391207205000000, f=0x0, d=0 dsdx=1.000000 dtdx=0.000000
11-05 16:38:00.948  1187  1534 I InputDispatcher: Delivering touch to (9053): action: 0x1, f=0x0, d=0, '11b97a3', t=1 
11-05 16:38:00.949  1187  1187 I SemDvfsHyPerManager: acquire hyper - SMOOTH_SCROLL/1187@17, type = -999
11-05 16:38:00.949   896   910 I HYPER-HAL: [RequestManager.cpp]acquire(): Acquired ID : 725427  [1187 / 17]    HINT : SMOOTH_SCROLL    list : 
11-05 16:38:00.950   896   910 I mtkpower_client: perf_lock_rel, hdl:1042844, tid:910
11-05 16:38:00.951  1187  1187 D SGM:GameManager: identifyGamePackage. com.cinemamovel, mCurrentUserId: 0, callerUserId: 0, callingMethodInfo: com.android.server.ssrm.fgapps.GameAppUtils.isGame(GameAppUtils.java:84)
11-05 16:38:00.951   896   910 I mtkpower_client: perf_lock_acq, hdl:0, dur:0, num:2, tid:910
11-05 16:38:00.951  1187  1187 D SGM:PkgDataHelper: getGamePkgData(). com.cinemamovel
11-05 16:38:00.951  1187  1187 I SemDvfsHyPerManager: acquire hyper - GESTURE_DETECTED/1187@18, type = -999
11-05 16:38:00.951   896   910 I mtkpower_client: ret_hdl:1042846
11-05 16:38:00.951   896   910 I mtkpower_client: perf_lock_rel, hdl:1042845, tid:910
11-05 16:38:00.951  1014  1065 I libPowerHal: [perfLockRel] hdl:1042844, idx:0
11-05 16:38:00.952  1014  1065 I libPowerHal: vendor.samsung.: cpu_ctrl set cpu freq: 1218000 -1 -1 -1
11-05 16:38:00.954  1014  1065 I libPowerHal: [perfLockAcq] idx:2 hdl:1042846 hint:-1 pid:896 duration:0 lock_user:vendor.samsung. => ret_hdl:1042846
11-05 16:38:00.955  1014  1065 I libPowerHal: vendor.samsung.: cpu_ctrl set cpu freq: 1218000 -1 1138000 -1
11-05 16:38:00.956  1187  1187 D SGM:GameManager: identifyGamePackage. com.cinemamovel, mCurrentUserId: 0, callerUserId: 0, callingMethodInfo: com.android.server.ssrm.fgapps.GameAppUtils.isGame(GameAppUtils.java:84)
11-05 16:38:00.956  1187  1187 D SGM:PkgDataHelper: getGamePkgData(). com.cinemamovel
11-05 16:38:00.956  1187  1187 I SemDvfsHyPerManager: acquire hyper - GESTURE_DETECTED/1187@18, type = -999
11-05 16:38:00.957   896   910 I mtkpower_client: perf_lock_acq, hdl:0, dur:0, num:2, tid:910
11-05 16:38:00.957  1014  1065 I libPowerHal: [perfLockRel] hdl:1042845, idx:1
11-05 16:38:00.958  1014  1065 I libPowerHal: vendor.samsung.: cpu_ctrl set cpu freq: -1 -1 1138000 -1
11-05 16:38:00.959  1014  1065 I libPowerHal: [perfLockAcq] idx:0 hdl:1042847 hint:-1 pid:896 duration:0 lock_user:vendor.samsung. => ret_hdl:1042847
11-05 16:38:00.959   896   910 I mtkpower_client: ret_hdl:1042847
11-05 16:38:00.959   896   910 I mtkpower_client: perf_lock_rel, hdl:1042846, tid:910
11-05 16:38:00.959  1014  1065 I libPowerHal: vendor.samsung.: cpu_ctrl set cpu freq: 1218000 -1 1138000 -1
11-05 16:38:00.962  9053  9053 I ViewRootImpl@706bef1[MainActivity]: ViewPostIme pointer 1
11-05 16:38:00.962   896   910 I mtkpower_client: perf_lock_acq, hdl:0, dur:0, num:2, tid:910
11-05 16:38:00.965   896   910 I mtkpower_client: ret_hdl:1042848
11-05 16:38:00.965   896   910 I mtkpower_client: perf_lock_rel, hdl:1042847, tid:910
11-05 16:38:00.966   896   910 I mtkpower_client: perf_lock_acq, hdl:0, dur:0, num:2, tid:910
11-05 16:38:00.968   896   910 I mtkpower_client: ret_hdl:1042849
11-05 16:38:00.968  9053  9073 E IMGMapper: set:488 set: Unset optional value from type SMPTE2086
11-05 16:38:00.968   896   910 I HYPER-HAL: [RequestManager.cpp]releaseLocked(): Released ID : 725427
11-05 16:38:00.969  9053  9073 E IMGMapper: set:488 set: Unset optional value from type CTA861_3
11-05 16:38:00.969   896   910 I HYPER-HAL: [RequestManager.cpp]acquire(): Acquired ID : 726633  [1187 / 18]    HINT : GESTURE_DETECTED    list : [TIMEOUT / 1702] 
11-05 16:38:00.969   896   910 I HYPER-HAL: [RequestManager.cpp]acquire(): Acquired ID : 726633  [1187 / 18]    HINT : GESTURE_DETECTED    list : [TIMEOUT / 1702] 
11-05 16:38:00.969  1014  1065 I libPowerHal: [perfLockRel] hdl:1042846, idx:2
11-05 16:38:00.970  1014  1065 I libPowerHal: vendor.samsung.: cpu_ctrl set cpu freq: 1218000 -1 -1 -1
11-05 16:38:00.971  1014  1065 I libPowerHal: [perfLockAcq] idx:1 hdl:1042848 hint:-1 pid:896 duration:0 lock_user:vendor.samsung. => ret_hdl:1042848
11-05 16:38:00.973  1187  1187 I SemDvfsHyPerManager: acquire hyper - SMOOTH_SCROLL/1187@17, type = -999
11-05 16:38:00.974   896   910 I HYPER-HAL: [RequestManager.cpp]acquire(): Acquired ID : 725427  [1187 / 17]    HINT : SMOOTH_SCROLL    list : 
11-05 16:38:00.975   896   910 I mtkpower_client: perf_lock_rel, hdl:1042848, tid:910
11-05 16:38:00.975  1014  1065 I libPowerHal: vendor.samsung.: cpu_ctrl set cpu freq: 1218000 -1 1138000 -1
11-05 16:38:00.977  1014  1065 I libPowerHal: [perfLockRel] hdl:1042847, idx:0
11-05 16:38:00.978  1014  1065 I libPowerHal: vendor.samsung.: cpu_ctrl set cpu freq: -1 -1 1138000 -1
11-05 16:38:00.978  9053  9151 D skia    : SkJpegCodec::onGetPixels -
11-05 16:38:00.979  1014  1065 I libPowerHal: [perfLockAcq] idx:3 hdl:1042849 hint:-1 pid:896 duration:0 lock_user:vendor.samsung. => ret_hdl:1042849
11-05 16:38:00.979  1014  1065 I libPowerHal: vendor.samsung.: cpu_ctrl set cpu freq: 1218000 -1 1138000 -1
11-05 16:38:00.980   896   910 I mtkpower_client: perf_lock_acq, hdl:0, dur:0, num:2, tid:910
11-05 16:38:00.981  1014  1065 I libPowerHal: [perfLockRel] hdl:1042848, idx:1
11-05 16:38:00.982  9053  9073 E IMGMapper: set:488 set: Unset optional value from type SMPTE2086
11-05 16:38:00.982  1014  1065 I libPowerHal: vendor.samsung.: cpu_ctrl set cpu freq: 1218000 -1 -1 -1
11-05 16:38:00.983  9053  9073 E IMGMapper: set:488 set: Unset optional value from type CTA861_3
11-05 16:38:00.983   896   910 I mtkpower_client: ret_hdl:1042850
11-05 16:38:00.983   896   910 I mtkpower_client: perf_lock_rel, hdl:1042849, tid:910
11-05 16:38:00.984  1014  1065 I libPowerHal: [perfLockAcq] idx:0 hdl:1042850 hint:-1 pid:896 duration:0 lock_user:vendor.samsung. => ret_hdl:1042850
11-05 16:38:00.984  1014  1065 I libPowerHal: vendor.samsung.: cpu_ctrl set cpu freq: 1218000 -1 1138000 -1
11-05 16:38:00.984  9053  9053 W unknown:WrappingUtils: Don't know how to round that drawable: com.facebook.react.views.image.ReactImageDownloadListener$EmptyDrawable@b5eabbf
11-05 16:38:00.984   896   910 I mtkpower_client: perf_lock_acq, hdl:0, dur:0, num:2, tid:910
11-05 16:38:00.985   896   910 I mtkpower_client: ret_hdl:1042851
11-05 16:38:00.985  1014  1065 I libPowerHal: [perfLockRel] hdl:1042849, idx:3
11-05 16:38:00.985  1014  1065 I libPowerHal: vendor.samsung.: cpu_ctrl set cpu freq: -1 -1 1138000 -1
11-05 16:38:00.987  1014  1065 I libPowerHal: [perfLockAcq] idx:1 hdl:1042851 hint:-1 pid:896 duration:0 lock_user:vendor.samsung. => ret_hdl:1042851
11-05 16:38:00.987  1014  1065 I libPowerHal: vendor.samsung.: cpu_ctrl set cpu freq: 1218000 -1 1138000 -1
11-05 16:38:00.995  9053  9168 D skia    : SkJpegCodec::onGetPixels +
11-05 16:38:01.015  9053  9168 D skia    : SkJpegCodec::onGetPixels -
11-05 16:38:01.017  9053  9073 E IMGMapper: set:488 set: Unset optional value from type SMPTE2086
11-05 16:38:01.018  9053  9073 E IMGMapper: set:488 set: Unset optional value from type CTA861_3
11-05 16:38:01.029  9053  9073 E IMGMapper: set:488 set: Unset optional value from type SMPTE2086
11-05 16:38:01.029  9053  9073 E IMGMapper: set:488 set: Unset optional value from type CTA861_3
11-05 16:38:01.037  9053  9169 D skia    : SkJpegCodec::onGetPixels +
11-05 16:38:01.042  9053  9073 E IMGMapper: set:488 set: Unset optional value from type SMPTE2086
11-05 16:38:01.042  9053  9073 E IMGMapper: set:488 set: Unset optional value from type CTA861_3
11-05 16:38:01.057  9053  9169 D skia    : SkJpegCodec::onGetPixels -
11-05 16:38:01.061  9053  9073 E IMGMapper: set:488 set: Unset optional value from type SMPTE2086
11-05 16:38:01.061  9053  9073 E IMGMapper: set:488 set: Unset optional value from type CTA861_3
11-05 16:38:01.080  9053  9073 E IMGMapper: set:488 set: Unset optional value from type SMPTE2086
11-05 16:38:01.080  9053  9073 E IMGMapper: set:488 set: Unset optional value from type CTA861_3
11-05 16:38:01.087  9053  9073 E IMGMapper: set:488 set: Unset optional value from type SMPTE2086
11-05 16:38:01.087  9053  9073 E IMGMapper: set:488 set: Unset optional value from type CTA861_3
11-05 16:38:01.104  9053  9073 E IMGMapper: set:488 set: Unset optional value from type SMPTE2086
11-05 16:38:01.104  9053  9073 E IMGMapper: set:488 set: Unset optional value from type CTA861_3
11-05 16:38:01.124  9053  9073 E IMGMapper: set:488 set: Unset optional value from type SMPTE2086
11-05 16:38:01.125  9053  9073 E IMGMapper: set:488 set: Unset optional value from type CTA861_3
11-05 16:38:01.137  9053  9073 E IMGMapper: set:488 set: Unset optional value from type SMPTE2086
11-05 16:38:01.137  9053  9073 E IMGMapper: set:488 set: Unset optional value from type CTA861_3
11-05 16:38:01.155  9053  9073 E IMGMapper: set:488 set: Unset optional value from type SMPTE2086
11-05 16:38:01.155  9053  9073 E IMGMapper: set:488 set: Unset optional value from type CTA861_3
11-05 16:38:01.172  9053  9073 E IMGMapper: set:488 set: Unset optional value from type SMPTE2086
11-05 16:38:01.172  9053  9073 E IMGMapper: set:488 set: Unset optional value from type CTA861_3
11-05 16:38:01.188  9053  9073 E IMGMapper: set:488 set: Unset optional value from type SMPTE2086
11-05 16:38:01.188  9053  9073 E IMGMapper: set:488 set: Unset optional value from type CTA861_3
11-05 16:38:01.199  9053  9053 W unknown:WrappingUtils: Don't know how to round that drawable: com.facebook.react.views.image.ReactImageDownloadListener$EmptyDrawable@201954a
11-05 16:38:01.214  9053  9073 E IMGMapper: set:488 set: Unset optional value from type SMPTE2086
11-05 16:38:01.214  9053  9073 E IMGMapper: set:488 set: Unset optional value from type CTA861_3
11-05 16:38:01.231  9053  9053 W unknown:WrappingUtils: Don't know how to round that drawable: com.facebook.react.views.image.ReactImageDownloadListener$EmptyDrawable@b91f997
11-05 16:38:01.232  9053  9073 E IMGMapper: set:488 set: Unset optional value from type SMPTE2086
11-05 16:38:01.232  9053  9073 E IMGMapper: set:488 set: Unset optional value from type CTA861_3
11-05 16:38:01.263  9053  9073 E IMGMapper: set:488 set: Unset optional value from type SMPTE2086
11-05 16:38:01.263  9053  9073 E IMGMapper: set:488 set: Unset optional value from type CTA861_3
11-05 16:38:01.271  9053  9073 E IMGMapper: set:488 set: Unset optional value from type SMPTE2086
11-05 16:38:01.271  9053  9073 E IMGMapper: set:488 set: Unset optional value from type CTA861_3
11-05 16:38:01.288  9053  9073 E IMGMapper: set:488 set: Unset optional value from type SMPTE2086
11-05 16:38:01.289  9053  9073 E IMGMapper: set:488 set: Unset optional value from type CTA861_3
11-05 16:38:01.315  9053  9124 D skia    : SkJpegCodec::onGetPixels +
11-05 16:38:01.326  9053  9073 E IMGMapper: set:488 set: Unset optional value from type SMPTE2086
11-05 16:38:01.327  9053  9073 E IMGMapper: set:488 set: Unset optional value from type CTA861_3
11-05 16:38:01.338  9053  9073 E IMGMapper: set:488 set: Unset optional value from type SMPTE2086
11-05 16:38:01.338  9053  9073 E IMGMapper: set:488 set: Unset optional value from type CTA861_3
11-05 16:38:01.345  9053  9124 D skia    : SkJpegCodec::onGetPixels -
11-05 16:38:01.352  9053  9073 E IMGMapper: set:488 set: Unset optional value from type SMPTE2086
11-05 16:38:01.352  9053  9073 E IMGMapper: set:488 set: Unset optional value from type CTA861_3
11-05 16:38:01.368  9053  9073 E IMGMapper: set:488 set: Unset optional value from type SMPTE2086
11-05 16:38:01.368  9053  9073 E IMGMapper: set:488 set: Unset optional value from type CTA861_3
11-05 16:38:01.385  9053  9073 E IMGMapper: set:488 set: Unset optional value from type SMPTE2086
11-05 16:38:01.385  9053  9073 E IMGMapper: set:488 set: Unset optional value from type CTA861_3
11-05 16:38:01.402  9053  9073 E IMGMapper: set:488 set: Unset optional value from type SMPTE2086
11-05 16:38:01.403  9053  9073 E IMGMapper: set:488 set: Unset optional value from type CTA861_3
11-05 16:38:01.419  9053  9173 D skia    : SkJpegCodec::onGetPixels +
11-05 16:38:01.420  9053  9073 E IMGMapper: set:488 set: Unset optional value from type SMPTE2086
11-05 16:38:01.421  9053  9073 E IMGMapper: set:488 set: Unset optional value from type CTA861_3
11-05 16:38:01.436  9053  9073 E IMGMapper: set:488 set: Unset optional value from type SMPTE2086
11-05 16:38:01.436  9053  9073 E IMGMapper: set:488 set: Unset optional value from type CTA861_3
11-05 16:38:01.453  9053  9173 D skia    : SkJpegCodec::onGetPixels -
11-05 16:38:01.456  9053  9073 E IMGMapper: set:488 set: Unset optional value from type SMPTE2086
11-05 16:38:01.456  9053  9073 E IMGMapper: set:488 set: Unset optional value from type CTA861_3
11-05 16:38:01.469  9053  9073 E IMGMapper: set:488 set: Unset optional value from type SMPTE2086
11-05 16:38:01.469  9053  9073 E IMGMapper: set:488 set: Unset optional value from type CTA861_3
11-05 16:38:01.485  9053  9073 E IMGMapper: set:488 set: Unset optional value from type SMPTE2086
11-05 16:38:01.485  9053  9073 E IMGMapper: set:488 set: Unset optional value from type CTA861_3
11-05 16:38:01.506  9053  9073 E IMGMapper: set:488 set: Unset optional value from type SMPTE2086
11-05 16:38:01.506  9053  9073 E IMGMapper: set:488 set: Unset optional value from type CTA861_3
11-05 16:38:01.521  9053  9053 W unknown:WrappingUtils: Don't know how to round that drawable: com.facebook.react.views.image.ReactImageDownloadListener$EmptyDrawable@32f766f
11-05 16:38:01.522  9053  9073 E IMGMapper: set:488 set: Unset optional value from type SMPTE2086
11-05 16:38:01.522  9053  9073 E IMGMapper: set:488 set: Unset optional value from type CTA861_3
11-05 16:38:01.534  9053  9148 D skia    : SkJpegCodec::onGetPixels +
11-05 16:38:01.537  9053  9073 E IMGMapper: set:488 set: Unset optional value from type SMPTE2086
11-05 16:38:01.537  9053  9073 E IMGMapper: set:488 set: Unset optional value from type CTA861_3
11-05 16:38:01.553  9053  9073 E IMGMapper: set:488 set: Unset optional value from type SMPTE2086
11-05 16:38:01.553  9053  9073 E IMGMapper: set:488 set: Unset optional value from type CTA861_3
11-05 16:38:01.553  9053  9053 W unknown:WrappingUtils: Don't know how to round that drawable: com.facebook.react.views.image.ReactImageDownloadListener$EmptyDrawable@e70a8b
11-05 16:38:01.561  9053  9148 D skia    : SkJpegCodec::onGetPixels -
11-05 16:38:01.576  1711  1724 D PhoneInterfaceManager: setDataEnabledForReason() Reason=1 Pid=1187 App=system
11-05 16:38:01.580  1711  1724 D PhoneInterfaceManager: setDataEnabledForReason() Reason=1 Pid=1187 App=system
11-05 16:38:01.588  9053  9073 E IMGMapper: set:488 set: Unset optional value from type SMPTE2086
11-05 16:38:01.588  9053  9073 E IMGMapper: set:488 set: Unset optional value from type CTA861_3
11-05 16:38:01.593  9053  9152 D skia    : SkJpegCodec::onGetPixels +
11-05 16:38:01.605  9053  9073 E IMGMapper: set:488 set: Unset optional value from type SMPTE2086
11-05 16:38:01.605  9053  9073 E IMGMapper: set:488 set: Unset optional value from type CTA861_3
11-05 16:38:01.617  9053  9152 D skia    : SkJpegCodec::onGetPixels -
11-05 16:38:01.624  9053  9073 E IMGMapper: set:488 set: Unset optional value from type SMPTE2086
11-05 16:38:01.624  9053  9073 E IMGMapper: set:488 set: Unset optional value from type CTA861_3
11-05 16:38:01.636  9053  9073 E IMGMapper: set:488 set: Unset optional value from type SMPTE2086
11-05 16:38:01.636  9053  9073 E IMGMapper: set:488 set: Unset optional value from type CTA861_3
11-05 16:38:01.652  9053  9073 E IMGMapper: set:488 set: Unset optional value from type SMPTE2086
11-05 16:38:01.653  9053  9073 E IMGMapper: set:488 set: Unset optional value from type CTA861_3
11-05 16:38:01.675  9053  9073 E IMGMapper: set:488 set: Unset optional value from type SMPTE2086
11-05 16:38:01.675  9053  9073 E IMGMapper: set:488 set: Unset optional value from type CTA861_3
11-05 16:38:01.688  9053  9073 E IMGMapper: set:488 set: Unset optional value from type SMPTE2086
11-05 16:38:01.688  9053  9073 E IMGMapper: set:488 set: Unset optional value from type CTA861_3
11-05 16:38:01.703  9053  9073 E IMGMapper: set:488 set: Unset optional value from type SMPTE2086
11-05 16:38:01.703  9053  9073 E IMGMapper: set:488 set: Unset optional value from type CTA861_3
11-05 16:38:01.721  9053  9073 E IMGMapper: set:488 set: Unset optional value from type SMPTE2086
11-05 16:38:01.721  9053  9073 E IMGMapper: set:488 set: Unset optional value from type CTA861_3
11-05 16:38:01.726  1039  1039 I BufferQueueProducer: [com.cinemamovel/com.cinemamovel.MainActivity$_9053#684475](this:0xb400007a1f841838,id:-1,api:0,p:-1,c:1039) queueBuffer: fps=56.16 dur=1014.95 max=33.60 min=16.16
11-05 16:38:01.728   991   991 I hwcomposer: [HWCDisplay] [Display_0 (type:1)] fps:56.122211,dur:1015.64,max:34.25,min:15.32  
11-05 16:38:01.738  9053  9073 E IMGMapper: set:488 set: Unset optional value from type SMPTE2086
11-05 16:38:01.738  9053  9073 E IMGMapper: set:488 set: Unset optional value from type CTA861_3
11-05 16:38:01.752  1737  1942 D MobileStatusTracker(0/2): onSignalStrengthsChanged level=4, vendorLevel=3
11-05 16:38:01.755  1737  1942 D MobileSignalController(0/2): notifyListener: enabled=true, connected=true, dataConnected=true, networkType=LTE (4G), emergencyOnly=false, roaming=false, isDefault=false, dataActivity=, level=3, ca=false, mmWave=false, disabledDataIcon=false, simCard=ETC
11-05 16:38:01.756  9053  9073 E IMGMapper: set:488 set: Unset optional value from type SMPTE2086
11-05 16:38:01.756  9053  9073 E IMGMapper: set:488 set: Unset optional value from type CTA861_3
11-05 16:38:01.757  1737  1942 D NetworkController: SignalStrength from intent slotId=0
11-05 16:38:01.765  9053  9053 W unknown:WrappingUtils: Don't know how to round that drawable: com.facebook.react.views.image.ReactImageDownloadListener$EmptyDrawable@d152ff3
11-05 16:38:01.780  9053  9073 E IMGMapper: set:488 set: Unset optional value from type SMPTE2086
11-05 16:38:01.780  9053  9073 E IMGMapper: set:488 set: Unset optional value from type CTA861_3
11-05 16:38:01.795  9053  9073 E IMGMapper: set:488 set: Unset optional value from type SMPTE2086
11-05 16:38:01.796  9053  9073 E IMGMapper: set:488 set: Unset optional value from type CTA861_3
11-05 16:38:01.798  9053  9053 W unknown:WrappingUtils: Don't know how to round that drawable: com.facebook.react.views.image.ReactImageDownloadListener$EmptyDrawable@a065bdc
11-05 16:38:01.837  9053  9073 E IMGMapper: set:488 set: Unset optional value from type SMPTE2086
11-05 16:38:01.837  9053  9073 E IMGMapper: set:488 set: Unset optional value from type CTA861_3
11-05 16:38:01.855  9053  9073 E IMGMapper: set:488 set: Unset optional value from type SMPTE2086
11-05 16:38:01.855  9053  9073 E IMGMapper: set:488 set: Unset optional value from type CTA861_3
11-05 16:38:01.873  9053  9073 E IMGMapper: set:488 set: Unset optional value from type SMPTE2086
11-05 16:38:01.873  9053  9073 E IMGMapper: set:488 set: Unset optional value from type CTA861_3
11-05 16:38:01.886  9053  9073 E IMGMapper: set:488 set: Unset optional value from type SMPTE2086
11-05 16:38:01.886  9053  9073 E IMGMapper: set:488 set: Unset optional value from type CTA861_3
11-05 16:38:01.901  9053  9073 E IMGMapper: set:488 set: Unset optional value from type SMPTE2086
11-05 16:38:01.902  9053  9073 E IMGMapper: set:488 set: Unset optional value from type CTA861_3
11-05 16:38:01.919  9053  9073 E IMGMapper: set:488 set: Unset optional value from type SMPTE2086
11-05 16:38:01.919  9053  9073 E IMGMapper: set:488 set: Unset optional value from type CTA861_3
11-05 16:38:01.945  9053  9073 E IMGMapper: set:488 set: Unset optional value from type SMPTE2086
11-05 16:38:01.945  9053  9073 E IMGMapper: set:488 set: Unset optional value from type CTA861_3
11-05 16:38:01.953  9053  9073 E IMGMapper: set:488 set: Unset optional value from type SMPTE2086
11-05 16:38:01.953  9053  9073 E IMGMapper: set:488 set: Unset optional value from type CTA861_3
11-05 16:38:01.969  9053  9073 E IMGMapper: set:488 set: Unset optional value from type SMPTE2086
11-05 16:38:01.969  9053  9073 E IMGMapper: set:488 set: Unset optional value from type CTA861_3
11-05 16:38:01.986  9053  9073 E IMGMapper: set:488 set: Unset optional value from type SMPTE2086
11-05 16:38:01.986  9053  9073 E IMGMapper: set:488 set: Unset optional value from type CTA861_3
11-05 16:38:02.003  9053  9073 E IMGMapper: set:488 set: Unset optional value from type SMPTE2086
11-05 16:38:02.003  9053  9073 E IMGMapper: set:488 set: Unset optional value from type CTA861_3
11-05 16:38:02.020  9053  9073 E IMGMapper: set:488 set: Unset optional value from type SMPTE2086
11-05 16:38:02.020  9053  9073 E IMGMapper: set:488 set: Unset optional value from type CTA861_3
11-05 16:38:02.037  9053  9073 E IMGMapper: set:488 set: Unset optional value from type SMPTE2086
11-05 16:38:02.037  9053  9073 E IMGMapper: set:488 set: Unset optional value from type CTA861_3
11-05 16:38:02.055  9053  9073 E IMGMapper: set:488 set: Unset optional value from type SMPTE2086
11-05 16:38:02.055  9053  9073 E IMGMapper: set:488 set: Unset optional value from type CTA861_3
11-05 16:38:02.071  9053  9073 E IMGMapper: set:488 set: Unset optional value from type SMPTE2086
11-05 16:38:02.071  9053  9073 E IMGMapper: set:488 set: Unset optional value from type CTA861_3
11-05 16:38:02.076  9053  9082 I ReactNativeJS: ---IMG_METRICS_START---
11-05 16:38:02.076  9053  9082 I ReactNativeJS: {
11-05 16:38:02.076  9053  9082 I ReactNativeJS:   "dashboardRenders": 1,
11-05 16:38:02.076  9053  9082 I ReactNativeJS:   "cardRenders": {
11-05 16:38:02.076  9053  9082 I ReactNativeJS:     "155": 24,
11-05 16:38:02.076  9053  9082 I ReactNativeJS:     "7451": 23,
11-05 16:38:02.076  9053  9082 I ReactNativeJS:     "13494": 42,
11-05 16:38:02.076  9053  9082 I ReactNativeJS:     "24428": 4,
11-05 16:38:02.076  9053  9082 I ReactNativeJS:     "70196": 20,
11-05 16:38:02.076  9053  9082 I ReactNativeJS:     "138843": 24,
11-05 16:38:02.076  9053  9082 I ReactNativeJS:     "157336": 23,
11-05 16:38:02.076  9053  9082 I ReactNativeJS:     "228854": 8,
11-05 16:38:02.076  9053  9082 I ReactNativeJS:     "259693": 9,
11-05 16:38:02.076  9053  9082 I ReactNativeJS:     "259872": 7,
11-05 16:38:02.076  9053  9082 I ReactNativeJS:     "423108": 19,
11-05 16:38:02.076  9053  9082 I ReactNativeJS:     "506763": 42,
11-05 16:38:02.076  9053  9082 I ReactNativeJS:     "541671": 24,
11-05 16:38:02.076  9053  9082 I ReactNativeJS:     "552524": 24,
11-05 16:38:02.076  9053  9082 I ReactNativeJS:     "574475": 22,
11-05 16:38:02.076  9053  9082 I ReactNativeJS:     "575265": 42,
11-05 16:38:02.076  9053  9082 I ReactNativeJS:     "604079": 24,
11-05 16:38:02.076  9053  9082 I ReactNativeJS:     "615453": 5,
11-05 16:38:02.076  9053  9082 I ReactNativeJS:     "617126": 23,
11-05 16:38:02.076  9053  9082 I ReactNativeJS:     "660033": 23,
11-05 16:38:02.076  9053  9082 I ReactNativeJS:     "691363": 23,
11-05 16:38:02.076  9053  9082 I ReactNativeJS:     "715287": 23,
11-05 16:38:02.076  9053  9082 I ReactNativeJS:     "755898": 42,
11-05 16:38:02.076  9053  9082 I ReactNativeJS:     "803796": 42,
11-05 16:38:02.076  9053  9082 I ReactNativeJS:     "911430": 42,
11-05 16:38:02.076  9053  9082 I ReactNativeJS:     "914215": 42,
11-05 16:38:02.076  9053  9082 I ReactNativeJS:     "926606": 9,
11-05 16:38:02.076  9053  9082 I ReactNativeJS:     "936108": 3,
11-05 16:38:02.076  9053  9082 I ReactNativeJS:     "974397": 18,
11-05 16:38:02.076  9053  9082 I ReactNativeJS:     "980477": 24,
11-05 16:38:02.076  9053  9082 I ReactNativeJS:     "986056": 11,
11-05 16:38:02.076  9053  9082 I ReactNativeJS:     "986206": 13,
11-05 16:38:02.076  9053  9082 I ReactNativeJS:     "987400": 42,
11-05 16:38:02.076  9053  9082 I ReactNativeJS:     "993234": 22,
11-05 16:38:02.076  9053  9082 I ReactNativeJS:     "994682": 23,
11-05 16:38:02.076  9053  9082 I ReactNativeJS:     "1007734": 42,
11-05 16:38:02.076  9053  9082 I ReactNativeJS:     "1010581": 11,
11-05 16:38:02.076  9053  9082 I ReactNativeJS:     "1011477": 18,
11-05 16:38:02.076  9053  9082 I ReactNativeJS:     "1022787": 24,
11-05 16:38:02.076  9053  9082 I ReactNativeJS:     "1024592": 4,
11-05 16:38:02.076  9053  9082 I ReactNativeJS:     "1028248": 42,
11-05 16:38:02.076  9053  9082 I ReactNativeJS:     "1035259": 42,
11-05 16:38:02.076  9053  9082 I ReactNativeJS:     "1038392": 42,
11-05 16:38:02.076  9053  9082 I ReactNativeJS:     "1051486": 42,
11-05 16:38:02.076  9053  9082 I ReactNativeJS:     "1054867": 5,
11-05 16:38:02.076  9053  9082 I ReactNativeJS:     "1061474": 42,
11-05 16:38:02.076  9053  9082 I ReactNativeJS:     "1071585": 19,
11-05 16:38:02.076  9053  9082 I ReactNativeJS:     "1078605": 42,
11-05 16:38:02.076  9053  9082 I ReactNativeJS:     "1083433": 21,
11-05 16:38:02.076  9053  9082 I ReactNativeJS:     "1087192": 42,
11-05 16:38:02.076  9053  9082 I ReactNativeJS:     "1088166": 13,
11-05 16:38:02.076  9053  9082 I ReactNativeJS:     "1100988": 13,
11-05 16:38:02.076  9053  9082 I ReactNativeJS:     "1119878": 23,
11-05 16:38:02.076  9053  9082 I ReactNativeJS:     "1125257": 22,
11-05 16:38:02.076  9053  9082 I ReactNativeJS:     "1151031": 22,
11-05 16:38:02.076  9053  9082 I ReactNativeJS:     "1151272": 12,
11-05 16:38:02.076  9053  9082 I ReactNativeJS:     "1151334": 24,
11-05 16:38:02.076  9053  9082 I ReactNativeJS:     "1155281": 2,
11-05 16:38:02.076  9053  9082 I ReactNativeJS:     "1163545": 12,
11-05 16:38:02.076  9053  9082 I ReactNativeJS:     "1175942": 23,
11-05 16:38:02.076  9053  9082 I ReactNativeJS:     "1185528": 15,
11-05 16:38:02.076  9053  9082 I ReactNativeJS:     "1188808": 24,
11-05 16:38:02.076  9053  9082 I ReactNativeJS:     "1234821": 42,
11-05 16:38:02.076  9053  9082 I ReactNativeJS:     "1241470": 17,
11-05 16:38:02.076  9053  9082 I ReactNativeJS:     "1241921": 2,
11-05 16:38:02.076  9053  9082 I ReactNativeJS:     "1242011": 42,
11-05 16:38:02.076  9053  9082 I ReactNativeJS:     "1242434": 21,
11-05 16:38:02.076  9053  9082 I ReactNativeJS:     "1244953": 22,
11-05 16:38:02.076  9053  9082 I ReactNativeJS:     "1246049": 10,
11-05 16:38:02.076  9053  9082 I ReactNativeJS:     "1252428": 24,
11-05 16:38:02.076  9053  9082 I ReactNativeJS:     "1265344": 23,
11-05 16:38:02.076  9053  9082 I ReactNativeJS:     "1284120": 23,
11-05 16:38:02.076  9053  9082 I ReactNativeJS:     "1311031": 42,
11-05 16:38:02.076  9053  9082 I ReactNativeJS:     "1319895": 15,
11-05 16:38:02.076  9053  9082 I ReactNativeJS:     "1321439": 24,
11-05 16:38:02.076  9053  9082 I ReactNativeJS:     "1337395": 13,
11-05 16:38:02.076  9053  9082 I ReactNativeJS:     "1354441": 22,
11-05 16:38:02.076  9053  9082 I ReactNativeJS:     "1355666": 3,
11-05 16:38:02.076  9053  9082 I ReactNativeJS:     "1367575": 23,
11-05 16:38:02.076  9053  9082 I ReactNativeJS:     "1369679": 42,
11-05 16:38:02.076  9053  9082 I ReactNativeJS:     "1382406": 24,
11-05 16:38:02.076  9053  9082 I ReactNativeJS:     "1389158": 10,
11-05 16:38:02.076  9053  9082 I ReactNativeJS:     "1403735": 20,
11-05 16:38:02.076  9053  9082 I ReactNativeJS:     "1419406": 7,
11-05 16:38:02.076  9053  9082 I ReactNativeJS:     "1429747": 8,
11-05 16:38:02.076  9053  9082 I ReactNativeJS:     "1470086": 17,
11-05 16:38:02.076  9053  9082 I ReactNativeJS:     "1506456": 22,
11-05 16:38:02.076  9053  9082 I ReactNativeJS:     "1530127": 22
11-05 16:38:02.076  9053  9082 I ReactNativeJS:   },
11-05 16:38:02.076  9053  9082 I ReactNativeJS:   "imageLoads": [
11-05 16:38:02.076  9053  9082 I ReactNativeJS:     {
11-05 16:38:02.076  9053  9082 I ReactNativeJS:       "id": 987400,
11-05 16:38:02.076  9053  9082 I ReactNativeJS:       "durationMs": 635
11-05 16:38:02.076  9053  9082 I ReactNativeJS:     },
11-05 16:38:02.076  9053  9082 I ReactNativeJS:     {
11-05 16:38:02.076  9053  9082 I ReactNativeJS:       "id": 1038392,
11-05 16:38:02.076  9053  9082 I ReactNativeJS:       "durationMs": 952
11-05 16:38:02.076  9053  9082 I ReactNativeJS:     },
11-05 16:38:02.076  9053  9082 I ReactNativeJS:     {
11-05 16:38:02.076  9053  9082 I ReactNativeJS:       "id": 755898,
11-05 16:38:02.076  9053  9082 I ReactNativeJS:       "durationMs": 953
11-05 16:38:02.076  9053  9082 I ReactNativeJS:     },
11-05 16:38:02.076  9053  9082 I ReactNativeJS:     {
11-05 16:38:02.076  9053  9082 I ReactNativeJS:       "id": 1311031,
11-05 16:38:02.076  9053  9082 I ReactNativeJS:       "durationMs": 983
11-05 16:38:02.076  9053  9082 I ReactNativeJS:     },
11-05 16:38:02.076  9053  9082 I ReactNativeJS:     {
11-05 16:38:02.076  9053  9082 I ReactNativeJS:       "id": 1007734,
11-05 16:38:02.076  9053  9082 I ReactNativeJS:       "durationMs": 321
11-05 16:38:02.076  9053  9082 I ReactNativeJS:     },
11-05 16:38:02.076  9053  9082 I ReactNativeJS:     {
11-05 16:38:02.076  9053  9082 I ReactNativeJS:       "id": 1078605,
11-05 16:38:02.076  9053  9082 I ReactNativeJS:       "durationMs": 321
11-05 16:38:02.076  9053  9082 I ReactNativeJS:     },
11-05 16:38:02.076  9053  9082 I ReactNativeJS:     {
11-05 16:38:02.076  9053  9082 I ReactNativeJS:       "id": 914215,
11-05 16:38:02.076  9053  9082 I ReactNativeJS:       "durationMs": 379
11-05 16:38:02.076  9053  9082 I ReactNativeJS:     },
11-05 16:38:02.076  9053  9082 I ReactNativeJS:     {
11-05 16:38:02.076  9053  9082 I ReactNativeJS:       "id": 1028248,
11-05 16:38:02.076  9053  9082 I ReactNativeJS:       "durationMs": 390
11-05 16:38:02.076  9053  9082 I ReactNativeJS:     },
11-05 16:38:02.076  9053  9082 I ReactNativeJS:     {
11-05 16:38:02.076  9053  9082 I ReactNativeJS:       "id": 1035259,
11-05 16:38:02.076  9053  9082 I ReactNativeJS:       "durationMs": 215
11-05 16:38:02.076  9053  9082 I ReactNativeJS:     },
11-05 16:38:02.076  9053  9082 I ReactNativeJS:     {
11-05 16:38:02.076  9053  9082 I ReactNativeJS:       "id": 1061474,
11-05 16:38:02.076  9053  9082 I ReactNativeJS:       "durationMs": 351
11-05 16:38:02.076  9053  9082 I ReactNativeJS:     },
11-05 16:38:02.076  9053  9082 I ReactNativeJS:     {
11-05 16:38:02.076  9053  9082 I ReactNativeJS:       "id": 13494,
11-05 16:38:02.076  9053  9082 I ReactNativeJS:       "durationMs": 234
11-05 16:38:02.076  9053  9082 I ReactNativeJS:     },
11-05 16:38:02.076  9053  9082 I ReactNativeJS:     {
11-05 16:38:02.076  9053  9082 I ReactNativeJS:       "id": 575265,
11-05 16:38:02.076  9053  9082 I ReactNativeJS:       "durationMs": 263
11-05 16:38:02.076  9053  9082 I ReactNativeJS:     },
11-05 16:38:02.076  9053  9082 I ReactNativeJS:     {
11-05 16:38:02.076  9053  9082 I ReactNativeJS:       "id": 911430,
11-05 16:38:02.076  9053  9082 I ReactNativeJS:       "durationMs": 306
11-05 16:38:02.076  9053  9082 I ReactNativeJS:     },
11-05 16:38:02.076  9053  9082 I ReactNativeJS:     {
11-05 16:38:02.076  9053  9082 I ReactNativeJS:       "id": 1369679,
11-05 16:38:02.076  9053  9082 I ReactNativeJS:       "durationMs": 565
11-05 16:38:02.076  9053  9082 I ReactNativeJS:     },
11-05 16:38:02.076  9053  9082 I ReactNativeJS:     {
11-05 16:38:02.076  9053  9082 I ReactNativeJS:       "id": 1234821,
11-05 16:38:02.076  9053  9082 I ReactNativeJS:       "durationMs": 402
11-05 16:38:02.076  9053  9082 I ReactNativeJS:     },
11-05 16:38:02.076  9053  9082 I ReactNativeJS:     {
11-05 16:38:02.076  9053  9082 I ReactNativeJS:       "id": 803796,
11-05 16:38:02.076  9053  9082 I ReactNativeJS:       "durationMs": 402
11-05 16:38:02.076  9053  9082 I ReactNativeJS:     },
11-05 16:38:02.076  9053  9082 I ReactNativeJS:     {
11-05 16:38:02.076  9053  9082 I ReactNativeJS:       "id": 1087192,
11-05 16:38:02.076  9053  9082 I ReactNativeJS:       "durationMs": 197
11-05 16:38:02.076  9053  9082 I ReactNativeJS:     },
11-05 16:38:02.076  9053  9082 I ReactNativeJS:     {
11-05 16:38:02.076  9053  9082 I ReactNativeJS:       "id": 1242011,
11-05 16:38:02.076  9053  9082 I ReactNativeJS:       "durationMs": 197
11-05 16:38:02.076  9053  9082 I ReactNativeJS:     },
11-05 16:38:02.076  9053  9082 I ReactNativeJS:     {
11-05 16:38:02.076  9053  9082 I ReactNativeJS:       "id": 506763,
11-05 16:38:02.076  9053  9082 I ReactNativeJS:       "durationMs": 240
11-05 16:38:02.076  9053  9082 I ReactNativeJS:     },
11-05 16:38:02.076  9053  9082 I ReactNativeJS:     {
11-05 16:38:02.076  9053  9082 I ReactNativeJS:       "id": 1051486,
11-05 16:38:02.076  9053  9082 I ReactNativeJS:       "durationMs": 366
11-05 16:38:02.076  9053  9082 I ReactNativeJS:     },
11-05 16:38:02.076  9053  9082 I ReactNativeJS:     {
11-05 16:38:02.076  9053  9082 I ReactNativeJS:       "id": 691363,
11-05 16:38:02.076  9053  9082 I ReactNativeJS:       "durationMs": 433
11-05 16:38:02.076  9053  9082 I ReactNativeJS:     },
11-05 16:38:02.076  9053  9082 I ReactNativeJS:     {
11-05 16:38:02.076  9053  9082 I ReactNativeJS:       "id": 1265344,
11-05 16:38:02.076  9053  9082 I ReactNativeJS:       "durationMs": 406
11-05 16:38:02.076  9053  9082 I ReactNativeJS:     },
11-05 16:38:02.076  9053  9082 I ReactNativeJS:     {
11-05 16:38:02.076  9053  9082 I ReactNativeJS:       "id": 7451,
11-05 16:38:02.076  9053  9082 I ReactNativeJS:       "durationMs": 0
11-05 16:38:02.076  9053  9082 I ReactNativeJS:     },
11-05 16:38:02.076  9053  9082 I ReactNativeJS:     {
11-05 16:38:02.076  9053  9082 I ReactNativeJS:       "id": 1175942,
11-05 16:38:02.076  9053  9082 I ReactNativeJS:       "durationMs": 633
11-05 16:38:02.076  9053  9082 I ReactNativeJS:     },
11-05 16:38:02.076  9053  9082 I ReactNativeJS:     {
11-05 16:38:02.076  9053  9082 I ReactNativeJS:       "id": 1119878,
11-05 16:38:02.076  9053  9082 I ReactNativeJS:       "durationMs": 633
11-05 16:38:02.076  9053  9082 I ReactNativeJS:     },
11-05 16:38:02.076  9053  9082 I ReactNativeJS:     {
11-05 16:38:02.076  9053  9082 I ReactNativeJS:       "id": 1382406,
11-05 16:38:02.076  9053  9082 I ReactNativeJS:       "durationMs": 682
11-05 16:38:02.076  9053  9082 I ReactNativeJS:     },
11-05 16:38:02.076  9053  9082 I ReactNativeJS:     {
11-05 16:38:02.076  9053  9082 I ReactNativeJS:       "id": 1151334,
11-05 16:38:02.076  9053  9082 I ReactNativeJS:       "durationMs": 985
11-05 16:38:02.076  9053  9082 I ReactNativeJS:     },
11-05 16:38:02.076  9053  9082 I ReactNativeJS:     {
11-05 16:38:02.076  9053  9082 I ReactNativeJS:       "id": 1188808,
11-05 16:38:02.076  9053  9082 I ReactNativeJS:       "durationMs": 760
11-05 16:38:02.076  9053  9082 I ReactNativeJS:     },
11-05 16:38:02.076  9053  9082 I ReactNativeJS:     {
11-05 16:38:02.076  9053  9082 I ReactNativeJS:       "id": 660033,
11-05 16:38:02.076  9053  9082 I ReactNativeJS:       "durationMs": 836
11-05 16:38:02.076  9053  9082 I ReactNativeJS:     },
11-05 16:38:02.076  9053  9082 I ReactNativeJS:     {
11-05 16:38:02.076  9053  9082 I ReactNativeJS:       "id": 994682,
11-05 16:38:02.076  9053  9082 I ReactNativeJS:       "durationMs": 910
11-05 16:38:02.076  9053  9082 I ReactNativeJS:     },
11-05 16:38:02.076  9053  9082 I ReactNativeJS:     {
11-05 16:38:02.076  9053  9082 I ReactNativeJS:       "id": 157336,
11-05 16:38:02.076  9053  9082 I ReactNativeJS:       "durationMs": 631
11-05 16:38:02.076  9053  9082 I ReactNativeJS:     },
11-05 16:38:02.076  9053  9082 I ReactNativeJS:     {
11-05 16:38:02.076  9053  9082 I ReactNativeJS:       "id": 715287,
11-05 16:38:02.076  9053  9082 I ReactNativeJS:       "durationMs": 940
11-05 16:38:02.076  9053  9082 I ReactNativeJS:     },
11-05 16:38:02.076  9053  9082 I ReactNativeJS:     {
11-05 16:38:02.076  9053  9082 I ReactNativeJS:       "id": 574475,
11-05 16:38:02.076  9053  9082 I ReactNativeJS:       "durationMs": 594
11-05 16:38:02.076  9053  9082 I ReactNativeJS:     },
11-05 16:38:02.076  9053  9082 I ReactNativeJS:     {
11-05 16:38:02.076  9053  9082 I ReactNativeJS:       "id": 1506456,
11-05 16:38:02.076  9053  9082 I ReactNativeJS:       "durationMs": 594
11-05 16:38:02.076  9053  9082 I ReactNativeJS:     },
11-05 16:38:02.076  9053  9082 I ReactNativeJS:     {
11-05 16:38:02.076  9053  9082 I ReactNativeJS:       "id": 1242434,
11-05 16:38:02.076  9053  9082 I ReactNativeJS:       "durationMs": 339
11-05 16:38:02.076  9053  9082 I ReactNativeJS:     },
11-05 16:38:02.076  9053  9082 I ReactNativeJS:     {
11-05 16:38:02.076  9053  9082 I ReactNativeJS:       "id": 1083433,
11-05 16:38:02.076  9053  9082 I ReactNativeJS:       "durationMs": 339
11-05 16:38:02.076  9053  9082 I ReactNativeJS:     },
11-05 16:38:02.076  9053  9082 I ReactNativeJS:     {
11-05 16:38:02.076  9053  9082 I ReactNativeJS:       "id": 1244953,
11-05 16:38:02.076  9053  9082 I ReactNativeJS:       "durationMs": 339
11-05 16:38:02.076  9053  9082 I ReactNativeJS:     },
11-05 16:38:02.076  9053  9082 I ReactNativeJS:     {
11-05 16:38:02.076  9053  9082 I ReactNativeJS:       "id": 1530127,
11-05 16:38:02.076  9053  9082 I ReactNativeJS:       "durationMs": 598
11-05 16:38:02.076  9053  9082 I ReactNativeJS:     },
11-05 16:38:02.076  9053  9082 I ReactNativeJS:     {
11-05 16:38:02.076  9053  9082 I ReactNativeJS:       "id": 1354441,
11-05 16:38:02.076  9053  9082 I ReactNativeJS:       "durationMs": 261
11-05 16:38:02.076  9053  9082 I ReactNativeJS:     },
11-05 16:38:02.076  9053  9082 I ReactNativeJS:     {
11-05 16:38:02.076  9053  9082 I ReactNativeJS:       "id": 1151031,
11-05 16:38:02.076  9053  9082 I ReactNativeJS:       "durationMs": 261
11-05 16:38:02.076  9053  9082 I ReactNativeJS:     },
11-05 16:38:02.076  9053  9082 I ReactNativeJS:     {
11-05 16:38:02.076  9053  9082 I ReactNativeJS:       "id": 1403735,
11-05 16:38:02.076  9053  9082 I ReactNativeJS:       "durationMs": 310
11-05 16:38:02.076  9053  9082 I ReactNativeJS:     },
11-05 16:38:02.076  9053  9082 I ReactNativeJS:     {
11-05 16:38:02.076  9053  9082 I ReactNativeJS:       "id": 70196,
11-05 16:38:02.076  9053  9082 I ReactNativeJS:       "durationMs": 311
11-05 16:38:02.076  9053  9082 I ReactNativeJS:     },
11-05 16:38:02.076  9053  9082 I ReactNativeJS:     {
11-05 16:38:02.076  9053  9082 I ReactNativeJS:       "id": 1071585,
11-05 16:38:02.076  9053  9082 I ReactNativeJS:       "durationMs": 281
11-05 16:38:02.076  9053  9082 I ReactNativeJS:     },
11-05 16:38:02.076  9053  9082 I ReactNativeJS:     {
11-05 16:38:02.076  9053  9082 I ReactNativeJS:       "id": 423108,
11-05 16:38:02.076  9053  9082 I ReactNativeJS:       "durationMs": 283
11-05 16:38:02.076  9053  9082 I ReactNativeJS:     },
11-05 16:38:02.076  9053  9082 I ReactNativeJS:     {
11-05 16:38:02.076  9053  9082 I ReactNativeJS:       "id": 1011477,
11-05 16:38:02.076  9053  9082 I ReactNativeJS:       "durationMs": 244
11-05 16:38:02.076  9053  9082 I ReactNativeJS:     },
11-05 16:38:02.076  9053  9082 I ReactNativeJS:     {
11-05 16:38:02.076  9053  9082 I ReactNativeJS:       "id": 974397,
11-05 16:38:02.076  9053  9082 I ReactNativeJS:       "durationMs": 244
11-05 16:38:02.076  9053  9082 I ReactNativeJS:     },
11-05 16:38:02.076  9053  9082 I ReactNativeJS:     {
11-05 16:38:02.076  9053  9082 I ReactNativeJS:       "id": 1470086,
11-05 16:38:02.076  9053  9082 I ReactNativeJS:       "durationMs": 304
11-05 16:38:02.076  9053  9082 I ReactNativeJS:     },
11-05 16:38:02.076  9053  9082 I ReactNativeJS:     {
11-05 16:38:02.076  9053  9082 I ReactNativeJS:       "id": 1241470,
11-05 16:38:02.076  9053  9082 I ReactNativeJS:       "durationMs": 305
11-05 16:38:02.076  9053  9082 I ReactNativeJS:     },
11-05 16:38:02.076  9053  9082 I ReactNativeJS:     {
11-05 16:38:02.076  9053  9082 I ReactNativeJS:       "id": 1319895,
11-05 16:38:02.076  9053  9082 I ReactNativeJS:       "durationMs": 236
11-05 16:38:02.076  9053  9082 I ReactNativeJS:     },
11-05 16:38:02.076  9053  9082 I ReactNativeJS:     {
11-05 16:38:02.076  9053  9082 I ReactNativeJS:       "id": 1185528,
11-05 16:38:02.076  9053  9082 I ReactNativeJS:       "durationMs": 236
11-05 16:38:02.076  9053  9082 I ReactNativeJS:     },
11-05 16:38:02.076  9053  9082 I ReactNativeJS:     {
11-05 16:38:02.076  9053  9082 I ReactNativeJS:       "id": 986206,
11-05 16:38:02.076  9053  9082 I ReactNativeJS:       "durationMs": 283
11-05 16:38:02.076  9053  9082 I ReactNativeJS:     },
11-05 16:38:02.076  9053  9082 I ReactNativeJS:     {
11-05 16:38:02.076  9053  9082 I ReactNativeJS:       "id": 1088166,
11-05 16:38:02.076  9053  9082 I ReactNativeJS:       "durationMs": 539
11-05 16:38:02.076  9053  9082 I ReactNativeJS:     },
11-05 16:38:02.076  9053  9082 I ReactNativeJS:     {
11-05 16:38:02.076  9053  9082 I ReactNativeJS:       "id": 1100988,
11-05 16:38:02.076  9053  9082 I ReactNativeJS:       "durationMs": 257
11-05 16:38:02.076  9053  9082 I ReactNativeJS:     },
11-05 16:38:02.076  9053  9082 I ReactNativeJS:     {
11-05 16:38:02.076  9053  9082 I ReactNativeJS:       "id": 1337395,
11-05 16:38:02.076  9053  9082 I ReactNativeJS:       "durationMs": 257
