11-06 14:45:16.042  1187  1301 D ApplicationPolicy: getApplicationComponentState : pkg = com.opera.max.global userId : 0
11-06 14:45:16.045  1187  1301 D PackageManager: setEnabledSetting : userId = 0 packageName = com.opera.max.global cmp = com.opera.max.global.sdk.quicksettings.QuickSettingsServiceNAllSavings newState = 0 callingPackage = 10023/com.opera.max.global
11-06 14:45:16.046  1187  1301 D ApplicationPolicy: getApplicationStateEnabled : pkg = com.opera.max.global userId : 0
11-06 14:45:16.047  1187  1301 D ApplicationPolicy: getApplicationComponentState : pkg = com.opera.max.global userId : 0
11-06 14:45:16.048 12173 12211 E IMGMapper: set:488 set: Unset optional value from type SMPTE2086
11-06 14:45:16.048 12173 12211 E IMGMapper: set:488 set: Unset optional value from type CTA861_3
11-06 14:45:16.049  1187  1301 D PackageManager: setEnabledSetting : userId = 0 packageName = com.opera.max.global cmp = com.opera.max.global.sdk.quicksettings.QuickSettingsServiceNCovert newState = 0 callingPackage = 10023/com.opera.max.global
11-06 14:45:16.051  1187  1301 D ApplicationPolicy: getApplicationStateEnabled : pkg = com.opera.max.global userId : 0
11-06 14:45:16.052  1187  1301 D ApplicationPolicy: getApplicationComponentState : pkg = com.opera.max.global userId : 0
11-06 14:45:16.067 12173 12211 E IMGMapper: set:488 set: Unset optional value from type SMPTE2086
11-06 14:45:16.067 12173 12211 E IMGMapper: set:488 set: Unset optional value from type CTA861_3
11-06 14:45:16.076 12434 12480 E pera.max.global: No package ID 6a found for ID 0x6a0b000f.
11-06 14:45:16.079 12434 12480 I FA      : App measurement initialized, version: 143003
11-06 14:45:16.079 12434 12480 I FA      : To enable debug logging run: adb shell setprop log.tag.FA VERBOSE
11-06 14:45:16.080 12434 12480 I FA      : To enable faster debug mode event logging run:
11-06 14:45:16.080 12434 12480 I FA      :   adb shell setprop debug.firebase.analytics.app com.opera.max.global
11-06 14:45:16.086 12173 12211 E IMGMapper: set:488 set: Unset optional value from type SMPTE2086
11-06 14:45:16.086 12173 12211 E IMGMapper: set:488 set: Unset optional value from type CTA861_3
11-06 14:45:16.108 12173 12211 E IMGMapper: set:488 set: Unset optional value from type SMPTE2086
11-06 14:45:16.108 12173 12211 E IMGMapper: set:488 set: Unset optional value from type CTA861_3
11-06 14:45:16.116 12173 12211 E IMGMapper: set:488 set: Unset optional value from type SMPTE2086
11-06 14:45:16.116 12173 12211 E IMGMapper: set:488 set: Unset optional value from type CTA861_3
11-06 14:45:16.133 12173 12211 E IMGMapper: set:488 set: Unset optional value from type SMPTE2086
11-06 14:45:16.133 12173 12211 E IMGMapper: set:488 set: Unset optional value from type CTA861_3
11-06 14:45:16.147 12173 12211 E IMGMapper: set:488 set: Unset optional value from type SMPTE2086
11-06 14:45:16.147 12173 12211 E IMGMapper: set:488 set: Unset optional value from type CTA861_3
11-06 14:45:16.151   543   543 D io_stats: !@ 179,0 r 634110010 7655062058 w 115004755 1219536896 d 1261444 33798280 f 0 0 iot 326860120 0 th 0 0 0 pt 0 inp 0 16 3435973.817
11-06 14:45:16.162 12173 12211 E IMGMapper: set:488 set: Unset optional value from type SMPTE2086
11-06 14:45:16.162 12173 12211 E IMGMapper: set:488 set: Unset optional value from type CTA861_3
11-06 14:45:16.180 12173 12211 E IMGMapper: set:488 set: Unset optional value from type SMPTE2086
11-06 14:45:16.180 12173 12211 E IMGMapper: set:488 set: Unset optional value from type CTA861_3
11-06 14:45:16.196 12173 12211 E IMGMapper: set:488 set: Unset optional value from type SMPTE2086
11-06 14:45:16.196 12173 12211 E IMGMapper: set:488 set: Unset optional value from type CTA861_3
11-06 14:45:16.212 12173 12211 E IMGMapper: set:488 set: Unset optional value from type SMPTE2086
11-06 14:45:16.213 12173 12211 E IMGMapper: set:488 set: Unset optional value from type CTA861_3
11-06 14:45:16.230 12173 12211 E IMGMapper: set:488 set: Unset optional value from type SMPTE2086
11-06 14:45:16.230 12173 12211 E IMGMapper: set:488 set: Unset optional value from type CTA861_3
11-06 14:45:16.236  1039  1039 I BufferQueueProducer: [com.cinemamovel/com.cinemamovel.MainActivity$_12173#692422](this:0xb400007a1f848838,id:-1,api:0,p:-1,c:1039) queueBuffer: fps=59.10 dur=1015.28 max=33.64 min=16.34
11-06 14:45:16.238   991 11009 I hwcomposer: [HWCDisplay] [Display_0 (type:1)] fps:59.055695,dur:1015.99,max:34.56,min:15.83  
11-06 14:45:16.247 12173 12211 E IMGMapper: set:488 set: Unset optional value from type SMPTE2086
11-06 14:45:16.247 12173 12211 E IMGMapper: set:488 set: Unset optional value from type CTA861_3
11-06 14:45:16.262 12173 12211 E IMGMapper: set:488 set: Unset optional value from type SMPTE2086
11-06 14:45:16.263 12173 12211 E IMGMapper: set:488 set: Unset optional value from type CTA861_3
11-06 14:45:16.289 12173 12211 E IMGMapper: set:488 set: Unset optional value from type SMPTE2086
11-06 14:45:16.289 12173 12211 E IMGMapper: set:488 set: Unset optional value from type CTA861_3
11-06 14:45:16.302 12173 12211 E IMGMapper: set:488 set: Unset optional value from type SMPTE2086
11-06 14:45:16.303 12173 12211 E IMGMapper: set:488 set: Unset optional value from type CTA861_3
11-06 14:45:16.322 12173 12211 E IMGMapper: set:488 set: Unset optional value from type SMPTE2086
11-06 14:45:16.322 12173 12211 E IMGMapper: set:488 set: Unset optional value from type CTA861_3
11-06 14:45:16.343 12173 12211 E IMGMapper: set:488 set: Unset optional value from type SMPTE2086
11-06 14:45:16.344 12173 12211 E IMGMapper: set:488 set: Unset optional value from type CTA861_3
11-06 14:45:16.371 20121 20121 D BoundBrokerSvc: onBind: Intent { act=com.google.android.gms.measurement.START pkg=com.google.android.gms }
11-06 14:45:16.372 20121 20121 D BoundBrokerSvc: Loading bound service for intent: Intent { act=com.google.android.gms.measurement.START pkg=com.google.android.gms }
11-06 14:45:16.400 12173 12211 E IMGMapper: set:488 set: Unset optional value from type SMPTE2086
11-06 14:45:16.400 12173 12211 E IMGMapper: set:488 set: Unset optional value from type CTA861_3
11-06 14:45:16.420 12434 12434 I TetheringManager: registerTetheringEventCallback:com.opera.max.global
11-06 14:45:16.430 12173 12211 E IMGMapper: set:488 set: Unset optional value from type SMPTE2086
11-06 14:45:16.430 12173 12211 E IMGMapper: set:488 set: Unset optional value from type CTA861_3
11-06 14:45:16.445 12173 12211 E IMGMapper: set:488 set: Unset optional value from type SMPTE2086
11-06 14:45:16.445 12173 12211 E IMGMapper: set:488 set: Unset optional value from type CTA861_3
11-06 14:45:16.461 12173 12211 E IMGMapper: set:488 set: Unset optional value from type SMPTE2086
11-06 14:45:16.462 12173 12211 E IMGMapper: set:488 set: Unset optional value from type CTA861_3
11-06 14:45:16.478  1187  1301 I LocationAccessPolicy: checkLocationPermission - callingUid: 10023, callingPid: 12434, resultForFine: DENIED_HARD
11-06 14:45:16.479  1187  1301 I LocationAccessPolicy: checkLocationPermission - callingUid: 10023, callingPid: 12434, resultForCoarse: DENIED_HARD
11-06 14:45:16.480 12173 12211 E IMGMapper: set:488 set: Unset optional value from type SMPTE2086
11-06 14:45:16.481 12173 12211 E IMGMapper: set:488 set: Unset optional value from type CTA861_3
11-06 14:45:16.497 12173 12211 E IMGMapper: set:488 set: Unset optional value from type SMPTE2086
11-06 14:45:16.498 12173 12211 E IMGMapper: set:488 set: Unset optional value from type CTA861_3
11-06 14:45:16.508 12173 12211 E IMGMapper: set:488 set: Unset optional value from type SMPTE2086
11-06 14:45:16.508 12173 12211 E IMGMapper: set:488 set: Unset optional value from type CTA861_3
11-06 14:45:16.516 12173 12211 E IMGMapper: set:488 set: Unset optional value from type SMPTE2086
11-06 14:45:16.516 12173 12211 E IMGMapper: set:488 set: Unset optional value from type CTA861_3
11-06 14:45:16.531 12173 12211 E IMGMapper: set:488 set: Unset optional value from type SMPTE2086
11-06 14:45:16.531 12173 12211 E IMGMapper: set:488 set: Unset optional value from type CTA861_3
11-06 14:45:16.547 12173 12211 E IMGMapper: set:488 set: Unset optional value from type SMPTE2086
11-06 14:45:16.547 12173 12211 E IMGMapper: set:488 set: Unset optional value from type CTA861_3
11-06 14:45:16.564 12173 12211 E IMGMapper: set:488 set: Unset optional value from type SMPTE2086
11-06 14:45:16.565 12173 12211 E IMGMapper: set:488 set: Unset optional value from type CTA861_3
11-06 14:45:16.565 20121 12512 D AdvertisingIdClient: AdvertisingIdClient already created.
11-06 14:45:16.565 20121 12512 D AdvertisingIdClient: AdvertisingIdClient is not bounded. Starting to bind it...
11-06 14:45:16.575  1187  1633 I ChimeraAggressivePolicyHandler: executePolicy() - triggerSource: TRIGGER_SOURCE_LMKD
11-06 14:45:16.577  1187  1633 I ChimeraAggressivePolicyHandler: available memory: 1189036, free memory target: 747520, quit chimera
11-06 14:45:16.579 20121 12512 D AdvertisingIdClient: AdvertisingIdClient is bounded
11-06 14:45:16.581 12173 12211 E IMGMapper: set:488 set: Unset optional value from type SMPTE2086
11-06 14:45:16.581 12173 12211 E IMGMapper: set:488 set: Unset optional value from type CTA861_3
11-06 14:45:16.591 11469 11593 I SCS@AiSearch user 0: (JobServiceLoggingWorker) [androidx.work-1] entering in doWork():  
11-06 14:45:16.593 11469 11593 I SCS@AiSearch user 0: (JobServiceLoggingWorker) JobService Information:
11-06 14:45:16.593 11469 11593 I SCS@AiSearch user 0: JobId = 573107, WorkId = 480e91b8-7649-48d9-a663-215d202a74d5, triggerUri = content://com.android.contacts/contacts
11-06 14:45:16.593 11469 11593 I SCS@AiSearch user 0: JobId = 573100, WorkId = 33850047-133a-423c-b45c-032824952ab2, triggerUri = content://call_log
11-06 14:45:16.593 11469 11593 I SCS@AiSearch user 0: JobId = 573003, WorkId = d798a9df-1079-4303-a6b8-2a5beedc5fe4, triggerUri = content://com.samsung.android.app.reminder
11-06 14:45:16.593 11469 11593 I SCS@AiSearch user 0: JobId = 573196, WorkId = 7abe6302-a5bc-47ad-a76e-bcfbbdbf0e0e, triggerUri = content://com.android.calendar/events
11-06 14:45:16.593 11469 11593 I SCS@AiSearch user 0: JobId = 573217, WorkId = 5075f8dc-4727-415e-ac77-874df77a18a8, triggerUri = content://media/external/file
11-06 14:45:16.593 11469 11593 I SCS@AiSearch user 0: JobId = 573195, WorkId = e48df35e-7af1-46a6-8ca8-abf0273b385e, triggerUri = content://com.android.calendar/syncTasks
11-06 14:45:16.595 11469 11593 I SCS@AiSearch user 0: (JobServiceLoggingWorker) [androidx.work-1] leaving from doWork():  
11-06 14:45:16.596 11469 11510 I WM-WorkerWrapper: Worker result SUCCESS for Work [ id=3de9663e-fc65-4a48-a568-6aa035084605, tags={ com.samsung.android.scs.ai.search.scheduling.workers.JobServiceLoggingWorker, JobServiceLoggingWorker } ]
11-06 14:45:16.600 12173 12211 E IMGMapper: set:488 set: Unset optional value from type SMPTE2086
11-06 14:45:16.600 12173 12211 E IMGMapper: set:488 set: Unset optional value from type CTA861_3
11-06 14:45:16.618 12173 12211 E IMGMapper: set:488 set: Unset optional value from type SMPTE2086
11-06 14:45:16.618 12173 12211 E IMGMapper: set:488 set: Unset optional value from type CTA861_3
11-06 14:45:16.631 12173 12211 E IMGMapper: set:488 set: Unset optional value from type SMPTE2086
11-06 14:45:16.631 12173 12211 E IMGMapper: set:488 set: Unset optional value from type CTA861_3
11-06 14:45:16.635 20121 12512 I AdvertisingIdClient: shouldSendLog 5141203127
11-06 14:45:16.635 20121 12512 I AdvertisingIdClient: GetInfoInternal elapse 70ms
11-06 14:45:16.646 12173 12211 E IMGMapper: set:488 set: Unset optional value from type SMPTE2086
11-06 14:45:16.647 12173 12211 E IMGMapper: set:488 set: Unset optional value from type CTA861_3
11-06 14:45:16.665 12173 12211 E IMGMapper: set:488 set: Unset optional value from type SMPTE2086
11-06 14:45:16.666 12173 12211 E IMGMapper: set:488 set: Unset optional value from type CTA861_3
11-06 14:45:16.680 12173 12211 E IMGMapper: set:488 set: Unset optional value from type SMPTE2086
11-06 14:45:16.680 12173 12211 E IMGMapper: set:488 set: Unset optional value from type CTA861_3
11-06 14:45:16.699 12173 12211 E IMGMapper: set:488 set: Unset optional value from type SMPTE2086
11-06 14:45:16.699 12173 12211 E IMGMapper: set:488 set: Unset optional value from type CTA861_3
11-06 14:45:16.729 12173 12211 E IMGMapper: set:488 set: Unset optional value from type SMPTE2086
11-06 14:45:16.730 12173 12211 E IMGMapper: set:488 set: Unset optional value from type CTA861_3
11-06 14:45:16.744 12173 12211 E IMGMapper: set:488 set: Unset optional value from type SMPTE2086
11-06 14:45:16.744 12173 12211 E IMGMapper: set:488 set: Unset optional value from type CTA861_3
11-06 14:45:16.758 12173 12211 E IMGMapper: set:488 set: Unset optional value from type SMPTE2086
11-06 14:45:16.758 12173 12211 E IMGMapper: set:488 set: Unset optional value from type CTA861_3
11-06 14:45:16.773 12173 12211 E IMGMapper: set:488 set: Unset optional value from type SMPTE2086
11-06 14:45:16.773 12173 12211 E IMGMapper: set:488 set: Unset optional value from type CTA861_3
11-06 14:45:16.781  1199  1199 I Accelerometer: flush, flushCnt:1
11-06 14:45:16.786  1187  1962 D SensorService: resetSensorStateForIdleUID uid= 10023 , ident = 0xb4000074ac5ce100
11-06 14:45:16.786 12173 12211 E IMGMapper: set:488 set: Unset optional value from type SMPTE2086
11-06 14:45:16.786 12173 12211 E IMGMapper: set:488 set: Unset optional value from type CTA861_3
11-06 14:45:16.786  1199  1199 E SensorManager: Correct handle(0) maxdelay: 16000000 old: 20000000
11-06 14:45:16.787  1199  1229 I Accelerometer: flush complete, flushCnt:0
11-06 14:45:16.787  1187  1486 I SensorService: [SO] SENSOR_TYPE_META_DATA: 1
11-06 14:45:16.787  1187  1486 I SensorService: [SO] Send Meta Event for AR
11-06 14:45:16.787 12434 12492 D SensorManager: registerListener :: 1, bma253, 200000, 0, 
11-06 14:45:16.803 12173 12211 E IMGMapper: set:488 set: Unset optional value from type SMPTE2086
11-06 14:45:16.804 12173 12211 E IMGMapper: set:488 set: Unset optional value from type CTA861_3
11-06 14:45:16.818  1737  1942 D MobileStatusTracker(0/2): onSignalStrengthsChanged level=4, vendorLevel=3
11-06 14:45:16.824  1737  1942 D MobileSignalController(0/2): notifyListener: enabled=true, connected=true, dataConnected=true, networkType=LTE (4G), emergencyOnly=false, roaming=false, isDefault=false, dataActivity=, level=3, ca=false, mmWave=false, disabledDataIcon=false, simCard=ETC
11-06 14:45:16.824  1737  1942 D NetworkController: SignalStrength from intent slotId=0
11-06 14:45:16.845 12173 12211 E IMGMapper: set:488 set: Unset optional value from type SMPTE2086
11-06 14:45:16.845 12173 12211 E IMGMapper: set:488 set: Unset optional value from type CTA861_3
11-06 14:45:16.853 12173 12211 E IMGMapper: set:488 set: Unset optional value from type SMPTE2086
11-06 14:45:16.853 12173 12211 E IMGMapper: set:488 set: Unset optional value from type CTA861_3
11-06 14:45:16.864 12173 12211 E IMGMapper: set:488 set: Unset optional value from type SMPTE2086
11-06 14:45:16.864 12173 12211 E IMGMapper: set:488 set: Unset optional value from type CTA861_3
11-06 14:45:16.882 12173 12211 E IMGMapper: set:488 set: Unset optional value from type SMPTE2086
11-06 14:45:16.882 12173 12211 E IMGMapper: set:488 set: Unset optional value from type CTA861_3
11-06 14:45:16.898 12173 12211 E IMGMapper: set:488 set: Unset optional value from type SMPTE2086
11-06 14:45:16.898 12173 12211 E IMGMapper: set:488 set: Unset optional value from type CTA861_3
11-06 14:45:16.902 20222 20345 D TrafficStats: tagSocket(220) with statsTag=0x4000407, statsUid=-1
11-06 14:45:16.914 12173 12211 E IMGMapper: set:488 set: Unset optional value from type SMPTE2086
11-06 14:45:16.914 12173 12211 E IMGMapper: set:488 set: Unset optional value from type CTA861_3
11-06 14:45:16.931 12173 12211 E IMGMapper: set:488 set: Unset optional value from type SMPTE2086
11-06 14:45:16.932 12173 12211 E IMGMapper: set:488 set: Unset optional value from type CTA861_3
11-06 14:45:16.950 12173 12211 E IMGMapper: set:488 set: Unset optional value from type SMPTE2086
11-06 14:45:16.950 12173 12211 E IMGMapper: set:488 set: Unset optional value from type CTA861_3
11-06 14:45:16.966 12173 12211 E IMGMapper: set:488 set: Unset optional value from type SMPTE2086
11-06 14:45:16.966 12173 12211 E IMGMapper: set:488 set: Unset optional value from type CTA861_3
11-06 14:45:16.982 12173 12211 E IMGMapper: set:488 set: Unset optional value from type SMPTE2086
11-06 14:45:16.982 12173 12211 E IMGMapper: set:488 set: Unset optional value from type CTA861_3
11-06 14:45:16.999 12173 12211 E IMGMapper: set:488 set: Unset optional value from type SMPTE2086
11-06 14:45:16.999 12173 12211 E IMGMapper: set:488 set: Unset optional value from type CTA861_3
11-06 14:45:17.014 12173 12211 E IMGMapper: set:488 set: Unset optional value from type SMPTE2086
11-06 14:45:17.014 12173 12211 E IMGMapper: set:488 set: Unset optional value from type CTA861_3
11-06 14:45:17.031 12173 12211 E IMGMapper: set:488 set: Unset optional value from type SMPTE2086
11-06 14:45:17.031 12173 12211 E IMGMapper: set:488 set: Unset optional value from type CTA861_3
11-06 14:45:17.046 12173 12211 E IMGMapper: set:488 set: Unset optional value from type SMPTE2086
11-06 14:45:17.047 12173 12211 E IMGMapper: set:488 set: Unset optional value from type CTA861_3
11-06 14:45:17.063 12173 12211 E IMGMapper: set:488 set: Unset optional value from type SMPTE2086
11-06 14:45:17.063 12173 12211 E IMGMapper: set:488 set: Unset optional value from type CTA861_3
11-06 14:45:17.080 12173 12211 E IMGMapper: set:488 set: Unset optional value from type SMPTE2086
11-06 14:45:17.080 12173 12211 E IMGMapper: set:488 set: Unset optional value from type CTA861_3
11-06 14:45:17.096 12173 12211 E IMGMapper: set:488 set: Unset optional value from type SMPTE2086
11-06 14:45:17.096 12173 12211 E IMGMapper: set:488 set: Unset optional value from type CTA861_3
11-06 14:45:17.114 12173 12211 E IMGMapper: set:488 set: Unset optional value from type SMPTE2086
11-06 14:45:17.114 12173 12211 E IMGMapper: set:488 set: Unset optional value from type CTA861_3
11-06 14:45:17.129 12173 12211 E IMGMapper: set:488 set: Unset optional value from type SMPTE2086
11-06 14:45:17.129 12173 12211 E IMGMapper: set:488 set: Unset optional value from type CTA861_3
11-06 14:45:17.146 12173 12211 E IMGMapper: set:488 set: Unset optional value from type SMPTE2086
11-06 14:45:17.147 12173 12211 E IMGMapper: set:488 set: Unset optional value from type CTA861_3
11-06 14:45:17.163 12173 12211 E IMGMapper: set:488 set: Unset optional value from type SMPTE2086
11-06 14:45:17.163 12173 12211 E IMGMapper: set:488 set: Unset optional value from type CTA861_3
11-06 14:45:17.180 12173 12211 E IMGMapper: set:488 set: Unset optional value from type SMPTE2086
11-06 14:45:17.180 12173 12211 E IMGMapper: set:488 set: Unset optional value from type CTA861_3
11-06 14:45:17.204 12173 12211 E IMGMapper: set:488 set: Unset optional value from type SMPTE2086
11-06 14:45:17.204 12173 12211 E IMGMapper: set:488 set: Unset optional value from type CTA861_3
11-06 14:45:17.214 12173 12211 E IMGMapper: set:488 set: Unset optional value from type SMPTE2086
11-06 14:45:17.214 12173 12211 E IMGMapper: set:488 set: Unset optional value from type CTA861_3
11-06 14:45:17.225  1187  1301 D InputDispatcher: Inject motion (12522/2000): action=0x0, time=3435974891000000, f=0x0, d=0 dsdx=1.000000 dtdx=0.000000
11-06 14:45:17.226  1187  1534 I InputDispatcher: Delivering touch to (1737): action: 0x4, f=0x0, d=0, 'd92b8ad', t=1 
11-06 14:45:17.226  1187  1534 I InputDispatcher: Delivering touch to (12173): action: 0x0, f=0x0, d=0, 'a4ad57e', t=1 
11-06 14:45:17.226  1187  1534 D PowerManagerService: [api] userActivityFromNative :  (event: 2 flags: 0 displayId: 0) eventTime = 3435974891
11-06 14:45:17.227  1187  1303 I GestureDetector: obtain mCurrentDownEvent. id: -36426229 caller: com.android.server.wm.SystemGesturesPointerEventListener.onPointerEvent:203 com.android.server.wm.PointerEventDispatcher.onInputEvent:53 android.view.InputEventReceiver.dispatchInputEvent:285 
11-06 14:45:17.228  1187  1303 I GestureDetector: obtain mCurrentDownEvent. id: -36426229 caller: com.android.server.wm.SystemPerformancePointerEventListener.onPointerEvent:89 com.android.server.wm.PointerEventDispatcher.onInputEvent:53 android.view.InputEventReceiver.dispatchInputEvent:285 
11-06 14:45:17.228 12173 12173 I ViewRootImpl@706bef1[MainActivity]: ViewPostIme pointer 0
11-06 14:45:17.233 12173 12211 E IMGMapper: set:488 set: Unset optional value from type SMPTE2086
11-06 14:45:17.233 12173 12211 E IMGMapper: set:488 set: Unset optional value from type CTA861_3
11-06 14:45:17.241  1187  1303 I GestureDetector: obtain mCurrentMotionEventRaw. action: 2 id: -378567197
11-06 14:45:17.241  1187  1303 I GestureDetector: obtain mCurrentMotionEventRaw. action: 2 id: -378567197
11-06 14:45:17.247   896   910 I mtkpower_client: perf_lock_rel, hdl:1056960, tid:910
11-06 14:45:17.248   896   910 I mtkpower_client: perf_lock_acq, hdl:0, dur:0, num:2, tid:910
11-06 14:45:17.248  1014  1065 I libPowerHal: [perfLockRel] hdl:1056960, idx:0
11-06 14:45:17.248  1014  1065 I libPowerHal: vendor.samsung.: cpu_ctrl set cpu freq: 1218000 -1 -1 -1
11-06 14:45:17.249   896   910 I mtkpower_client: ret_hdl:1056962
11-06 14:45:17.250  1014  1065 I libPowerHal: [perfLockAcq] idx:0 hdl:1056962 hint:-1 pid:896 duration:0 lock_user:vendor.samsung. => ret_hdl:1056962
11-06 14:45:17.250   896   910 I mtkpower_client: perf_lock_rel, hdl:1056961, tid:910
11-06 14:45:17.250  1014  1065 I libPowerHal: vendor.samsung.: cpu_ctrl set cpu freq: 1218000 -1 1138000 -1
11-06 14:45:17.250   896   910 I mtkpower_client: perf_lock_acq, hdl:0, dur:0, num:2, tid:910
11-06 14:45:17.251  1014  1065 I libPowerHal: [perfLockRel] hdl:1056961, idx:1
11-06 14:45:17.251  1039  1039 I BufferQueueProducer: [com.cinemamovel/com.cinemamovel.MainActivity$_12173#692422](this:0xb400007a1f848838,id:-1,api:0,p:-1,c:1039) queueBuffer: fps=56.14 dur=1015.30 max=50.18 min=16.35
11-06 14:45:17.253 12173 12211 E IMGMapper: set:488 set: Unset optional value from type SMPTE2086
11-06 14:45:17.253  1014  1065 I libPowerHal: vendor.samsung.: cpu_ctrl set cpu freq: -1 -1 1138000 -1
11-06 14:45:17.253 12173 12211 E IMGMapper: set:488 set: Unset optional value from type CTA861_3
11-06 14:45:17.254   991 11009 I hwcomposer: [HWCDisplay] [Display_0 (type:1)] fps:56.149605,dur:1015.15,max:50.70,min:15.93  
11-06 14:45:17.254   896   910 I mtkpower_client: ret_hdl:1056963
11-06 14:45:17.254   896   910 I HYPER-HAL: [RequestManager.cpp]releaseLocked(): Released ID : 725427
11-06 14:45:17.255  1014  1065 I libPowerHal: [perfLockAcq] idx:1 hdl:1056963 hint:-1 pid:896 duration:0 lock_user:vendor.samsung. => ret_hdl:1056963
11-06 14:45:17.255  1014  1065 I libPowerHal: vendor.samsung.: cpu_ctrl set cpu freq: 1218000 -1 1138000 -1
11-06 14:45:17.266 12173 12211 E IMGMapper: set:488 set: Unset optional value from type SMPTE2086
11-06 14:45:17.266 12173 12211 E IMGMapper: set:488 set: Unset optional value from type CTA861_3
11-06 14:45:17.274  1200  1324 D ULogGuard: Monitoring: 16 threads, 0 requests, 0 time-bombs; 1 guards. ResetFlags = 0x7
11-06 14:45:17.292 12173 12211 E IMGMapper: set:488 set: Unset optional value from type SMPTE2086
11-06 14:45:17.292 12173 12211 E IMGMapper: set:488 set: Unset optional value from type CTA861_3
11-06 14:45:17.302 12173 12211 E IMGMapper: set:488 set: Unset optional value from type SMPTE2086
11-06 14:45:17.302 12173 12211 E IMGMapper: set:488 set: Unset optional value from type CTA861_3
11-06 14:45:17.314 12173 12211 E IMGMapper: set:488 set: Unset optional value from type SMPTE2086
11-06 14:45:17.314 12173 12211 E IMGMapper: set:488 set: Unset optional value from type CTA861_3
11-06 14:45:17.333 12173 12211 E IMGMapper: set:488 set: Unset optional value from type SMPTE2086
11-06 14:45:17.333 12173 12211 E IMGMapper: set:488 set: Unset optional value from type CTA861_3
11-06 14:45:17.350 12173 12211 E IMGMapper: set:488 set: Unset optional value from type SMPTE2086
11-06 14:45:17.350 12173 12211 E IMGMapper: set:488 set: Unset optional value from type CTA861_3
11-06 14:45:17.363 12173 12211 E IMGMapper: set:488 set: Unset optional value from type SMPTE2086
11-06 14:45:17.364 12173 12211 E IMGMapper: set:488 set: Unset optional value from type CTA861_3
11-06 14:45:17.380 12173 12211 E IMGMapper: set:488 set: Unset optional value from type SMPTE2086
11-06 14:45:17.380 12173 12211 E IMGMapper: set:488 set: Unset optional value from type CTA861_3
11-06 14:45:17.397 12173 12211 E IMGMapper: set:488 set: Unset optional value from type SMPTE2086
11-06 14:45:17.397 12173 12211 E IMGMapper: set:488 set: Unset optional value from type CTA861_3
11-06 14:45:17.413 12173 12211 E IMGMapper: set:488 set: Unset optional value from type SMPTE2086
11-06 14:45:17.413 12173 12211 E IMGMapper: set:488 set: Unset optional value from type CTA861_3
11-06 14:45:17.432 12173 12211 E IMGMapper: set:488 set: Unset optional value from type SMPTE2086
11-06 14:45:17.432 12173 12211 E IMGMapper: set:488 set: Unset optional value from type CTA861_3
11-06 14:45:17.451 12434 12460 E FirebaseMessaging: Failed to sync topics. Won't retry sync. TOO_MANY_SUBSCRIBERS
11-06 14:45:17.460 12173 12211 E IMGMapper: set:488 set: Unset optional value from type SMPTE2086
11-06 14:45:17.460 12173 12211 E IMGMapper: set:488 set: Unset optional value from type CTA861_3
11-06 14:45:17.472 12173 12211 E IMGMapper: set:488 set: Unset optional value from type SMPTE2086
11-06 14:45:17.472 12173 12211 E IMGMapper: set:488 set: Unset optional value from type CTA861_3
11-06 14:45:17.482 12173 12211 E IMGMapper: set:488 set: Unset optional value from type SMPTE2086
11-06 14:45:17.482 12173 12211 E IMGMapper: set:488 set: Unset optional value from type CTA861_3
11-06 14:45:17.498 12173 12211 E IMGMapper: set:488 set: Unset optional value from type SMPTE2086
11-06 14:45:17.498 12173 12211 E IMGMapper: set:488 set: Unset optional value from type CTA861_3
11-06 14:45:17.515 12173 12211 E IMGMapper: set:488 set: Unset optional value from type SMPTE2086
11-06 14:45:17.515 12173 12211 E IMGMapper: set:488 set: Unset optional value from type CTA861_3
11-06 14:45:17.528 12173 12211 E IMGMapper: set:488 set: Unset optional value from type SMPTE2086
11-06 14:45:17.529 12173 12211 E IMGMapper: set:488 set: Unset optional value from type CTA861_3
11-06 14:45:17.539  1187  1301 D InputDispatcher: Inject motion (12522/2000): action=0x1, time=3435975204000000, f=0x0, d=0 dsdx=1.000000 dtdx=0.000000
11-06 14:45:17.539  1187  1534 I InputDispatcher: Delivering touch to (12173): action: 0x1, f=0x0, d=0, 'a4ad57e', t=1 
11-06 14:45:17.542 12173 12173 I ViewRootImpl@706bef1[MainActivity]: ViewPostIme pointer 1
11-06 14:45:17.545  1187  1187 D SGM:GameManager: identifyGamePackage. com.cinemamovel, mCurrentUserId: 0, callerUserId: 0, callingMethodInfo: com.android.server.ssrm.fgapps.GameAppUtils.isGame(GameAppUtils.java:84)
11-06 14:45:17.548  1187  1187 D SGM:PkgDataHelper: getGamePkgData(). com.cinemamovel
11-06 14:45:17.549  1187  1187 I SemDvfsHyPerManager: acquire hyper - GESTURE_DETECTED/1187@18, type = -999
11-06 14:45:17.550   896   910 I HYPER-HAL: [RequestManager.cpp]acquire(): Acquired ID : 726633  [1187 / 18]    HINT : GESTURE_DETECTED    list : [TIMEOUT / 1702] 
11-06 14:45:17.550 12173 12211 E IMGMapper: set:488 set: Unset optional value from type SMPTE2086
11-06 14:45:17.550 12173 12211 E IMGMapper: set:488 set: Unset optional value from type CTA861_3
11-06 14:45:17.553  1187  1187 D SGM:GameManager: identifyGamePackage. com.cinemamovel, mCurrentUserId: 0, callerUserId: 0, callingMethodInfo: com.android.server.ssrm.fgapps.GameAppUtils.isGame(GameAppUtils.java:84)
11-06 14:45:17.553  1187  1187 D SGM:PkgDataHelper: getGamePkgData(). com.cinemamovel
11-06 14:45:17.553  1187  1187 I SemDvfsHyPerManager: acquire hyper - GESTURE_DETECTED/1187@18, type = -999
11-06 14:45:17.554  1187  1187 I SemDvfsHyPerManager: acquire hyper - SMOOTH_SCROLL/1187@17, type = -999
11-06 14:45:17.555   896   910 I HYPER-HAL: [RequestManager.cpp]acquire(): Acquired ID : 726633  [1187 / 18]    HINT : GESTURE_DETECTED    list : [TIMEOUT / 1702] 
11-06 14:45:17.556   896   910 I HYPER-HAL: [RequestManager.cpp]acquire(): Acquired ID : 725427  [1187 / 17]    HINT : SMOOTH_SCROLL    list : 
11-06 14:45:17.557   896   910 I mtkpower_client: perf_lock_rel, hdl:1056962, tid:910
11-06 14:45:17.558  1014  1065 I libPowerHal: [perfLockRel] hdl:1056962, idx:0
11-06 14:45:17.558  1014  1065 I libPowerHal: vendor.samsung.: cpu_ctrl set cpu freq: 1218000 -1 -1 -1
11-06 14:45:17.559   896   910 I mtkpower_client: perf_lock_acq, hdl:0, dur:0, num:2, tid:910
11-06 14:45:17.560  1014  1065 I libPowerHal: [perfLockAcq] idx:0 hdl:1056964 hint:-1 pid:896 duration:0 lock_user:vendor.samsung. => ret_hdl:1056964
11-06 14:45:17.560  1014  1065 I libPowerHal: vendor.samsung.: cpu_ctrl set cpu freq: 1218000 -1 1138000 -1
11-06 14:45:17.561   896   910 I mtkpower_client: ret_hdl:1056964
11-06 14:45:17.561   896   910 I mtkpower_client: perf_lock_rel, hdl:1056963, tid:910
11-06 14:45:17.561   896   910 I mtkpower_client: perf_lock_acq, hdl:0, dur:0, num:2, tid:910
11-06 14:45:17.561  1014  1065 I libPowerHal: [perfLockRel] hdl:1056963, idx:1
11-06 14:45:17.562  1014  1065 I libPowerHal: vendor.samsung.: cpu_ctrl set cpu freq: -1 -1 1138000 -1
11-06 14:45:17.562  1187  1187 I SemDvfsHyPerManager: acquire hyper - SMOOTH_SCROLL/1187@17, type = -999
11-06 14:45:17.563   896   910 I mtkpower_client: ret_hdl:1056965
11-06 14:45:17.563   896   910 I mtkpower_client: perf_lock_rel, hdl:1056964, tid:910
11-06 14:45:17.563  1014  1065 I libPowerHal: [perfLockAcq] idx:2 hdl:1056965 hint:-1 pid:896 duration:0 lock_user:vendor.samsung. => ret_hdl:1056965
11-06 14:45:17.564  1014  1065 I libPowerHal: vendor.samsung.: cpu_ctrl set cpu freq: 1218000 -1 1138000 -1
11-06 14:45:17.564   896   910 I mtkpower_client: perf_lock_acq, hdl:0, dur:0, num:2, tid:910
11-06 14:45:17.564  1014  1065 I libPowerHal: [perfLockRel] hdl:1056964, idx:0
11-06 14:45:17.565  1014  1065 I libPowerHal: vendor.samsung.: cpu_ctrl set cpu freq: 1218000 -1 -1 -1
11-06 14:45:17.566   896   910 I mtkpower_client: ret_hdl:1056966
11-06 14:45:17.567   896   910 I mtkpower_client: perf_lock_rel, hdl:1056965, tid:910
11-06 14:45:17.567  1014  1065 I libPowerHal: [perfLockAcq] idx:0 hdl:1056966 hint:-1 pid:896 duration:0 lock_user:vendor.samsung. => ret_hdl:1056966
11-06 14:45:17.567  1014  1065 I libPowerHal: vendor.samsung.: cpu_ctrl set cpu freq: 1218000 -1 1138000 -1
11-06 14:45:17.569   896   910 I mtkpower_client: perf_lock_acq, hdl:0, dur:0, num:2, tid:910
11-06 14:45:17.569 12173 12211 E IMGMapper: set:488 set: Unset optional value from type SMPTE2086
11-06 14:45:17.569 12173 12211 E IMGMapper: set:488 set: Unset optional value from type CTA861_3
11-06 14:45:17.570  1014  1065 I libPowerHal: [perfLockRel] hdl:1056965, idx:2
11-06 14:45:17.570  1014  1065 I libPowerHal: vendor.samsung.: cpu_ctrl set cpu freq: -1 -1 1138000 -1
11-06 14:45:17.572   896   910 I mtkpower_client: ret_hdl:1056967
11-06 14:45:17.572  1014  1065 I libPowerHal: [perfLockAcq] idx:1 hdl:1056967 hint:-1 pid:896 duration:0 lock_user:vendor.samsung. => ret_hdl:1056967
11-06 14:45:17.572   896   910 I HYPER-HAL: [RequestManager.cpp]releaseLocked(): Released ID : 725427
11-06 14:45:17.572   896   910 I HYPER-HAL: [RequestManager.cpp]acquire(): Acquired ID : 725427  [1187 / 17]    HINT : SMOOTH_SCROLL    list : 
11-06 14:45:17.572  1014  1065 I libPowerHal: vendor.samsung.: cpu_ctrl set cpu freq: 1218000 -1 1138000 -1
11-06 14:45:17.573   896   910 I mtkpower_client: perf_lock_rel, hdl:1056966, tid:910
11-06 14:45:17.573   896   910 I mtkpower_client: perf_lock_acq, hdl:0, dur:0, num:2, tid:910
11-06 14:45:17.574  1014  1065 I libPowerHal: [perfLockRel] hdl:1056966, idx:0
11-06 14:45:17.574  1014  1065 I libPowerHal: vendor.samsung.: cpu_ctrl set cpu freq: 1218000 -1 -1 -1
11-06 14:45:17.575   896   910 I mtkpower_client: ret_hdl:1056968
11-06 14:45:17.575  1014  1065 I libPowerHal: [perfLockAcq] idx:0 hdl:1056968 hint:-1 pid:896 duration:0 lock_user:vendor.samsung. => ret_hdl:1056968
11-06 14:45:17.575  1014  1065 I libPowerHal: vendor.samsung.: cpu_ctrl set cpu freq: 1218000 -1 1138000 -1
11-06 14:45:17.575   896   910 I mtkpower_client: perf_lock_rel, hdl:1056967, tid:910
11-06 14:45:17.576   896   910 I mtkpower_client: perf_lock_acq, hdl:0, dur:0, num:2, tid:910
11-06 14:45:17.576   896   910 I mtkpower_client: ret_hdl:1056969
11-06 14:45:17.577  1014  1065 I libPowerHal: [perfLockRel] hdl:1056967, idx:1
11-06 14:45:17.578  1014  1065 I libPowerHal: vendor.samsung.: cpu_ctrl set cpu freq: -1 -1 1138000 -1
11-06 14:45:17.579  1014  1065 I libPowerHal: [perfLockAcq] idx:2 hdl:1056969 hint:-1 pid:896 duration:0 lock_user:vendor.samsung. => ret_hdl:1056969
11-06 14:45:17.579  1014  1065 I libPowerHal: vendor.samsung.: cpu_ctrl set cpu freq: 1218000 -1 1138000 -1
11-06 14:45:17.588 12173 12211 E IMGMapper: set:488 set: Unset optional value from type SMPTE2086
11-06 14:45:17.588 12173 12211 E IMGMapper: set:488 set: Unset optional value from type CTA861_3
11-06 14:45:17.603 12173 12211 E IMGMapper: set:488 set: Unset optional value from type SMPTE2086
11-06 14:45:17.603 12173 12211 E IMGMapper: set:488 set: Unset optional value from type CTA861_3
11-06 14:45:17.632 12173 12211 E IMGMapper: set:488 set: Unset optional value from type SMPTE2086
11-06 14:45:17.632 12173 12211 E IMGMapper: set:488 set: Unset optional value from type CTA861_3
11-06 14:45:17.654 12173 12211 E IMGMapper: set:488 set: Unset optional value from type SMPTE2086
11-06 14:45:17.654 12173 12211 E IMGMapper: set:488 set: Unset optional value from type CTA861_3
11-06 14:45:17.658   963   963 E audit   : type=1400 audit(1762451117.657:1738903): avc:  denied  { write } for  pid=20222 comm="ThreadPoolForeg" name="traced_producer" dev="tmpfs" ino=11170 scontext=u:r:gmscore_app:s0:c512,c768 tcontext=u:object_r:traced_producer_socket:s0 tclass=sock_file permissive=0 SEPF_SM-A037M_12_0001 unfiltered
11-06 14:45:17.667 12173 12211 E IMGMapper: set:488 set: Unset optional value from type SMPTE2086
11-06 14:45:17.667 12173 12211 E IMGMapper: set:488 set: Unset optional value from type CTA861_3
11-06 14:45:17.682 12173 12211 E IMGMapper: set:488 set: Unset optional value from type SMPTE2086
11-06 14:45:17.682 12173 12211 E IMGMapper: set:488 set: Unset optional value from type CTA861_3
11-06 14:45:17.698 12173 12211 E IMGMapper: set:488 set: Unset optional value from type SMPTE2086
11-06 14:45:17.698 12173 12211 E IMGMapper: set:488 set: Unset optional value from type CTA861_3
11-06 14:45:17.712 12173 12211 E IMGMapper: set:488 set: Unset optional value from type SMPTE2086
11-06 14:45:17.712 12173 12211 E IMGMapper: set:488 set: Unset optional value from type CTA861_3
11-06 14:45:17.729 12173 12211 E IMGMapper: set:488 set: Unset optional value from type SMPTE2086
11-06 14:45:17.729 12173 12211 E IMGMapper: set:488 set: Unset optional value from type CTA861_3
11-06 14:45:17.746 12173 12211 E IMGMapper: set:488 set: Unset optional value from type SMPTE2086
11-06 14:45:17.746 12173 12211 E IMGMapper: set:488 set: Unset optional value from type CTA861_3
11-06 14:45:17.764 12173 12211 E IMGMapper: set:488 set: Unset optional value from type SMPTE2086
11-06 14:45:17.764 12173 12211 E IMGMapper: set:488 set: Unset optional value from type CTA861_3
11-06 14:45:17.779 12173 12211 E IMGMapper: set:488 set: Unset optional value from type SMPTE2086
11-06 14:45:17.779 12173 12211 E IMGMapper: set:488 set: Unset optional value from type CTA861_3
11-06 14:45:17.797 12173 12211 E IMGMapper: set:488 set: Unset optional value from type SMPTE2086
11-06 14:45:17.797 12173 12211 E IMGMapper: set:488 set: Unset optional value from type CTA861_3
11-06 14:45:17.811 12173 12211 E IMGMapper: set:488 set: Unset optional value from type SMPTE2086
11-06 14:45:17.811 12173 12211 E IMGMapper: set:488 set: Unset optional value from type CTA861_3
11-06 14:45:17.828 12173 12211 E IMGMapper: set:488 set: Unset optional value from type SMPTE2086
11-06 14:45:17.828 12173 12211 E IMGMapper: set:488 set: Unset optional value from type CTA861_3
11-06 14:45:17.844 12173 12211 E IMGMapper: set:488 set: Unset optional value from type SMPTE2086
11-06 14:45:17.844 12173 12211 E IMGMapper: set:488 set: Unset optional value from type CTA861_3
11-06 14:45:17.868 12173 12211 E IMGMapper: set:488 set: Unset optional value from type SMPTE2086
11-06 14:45:17.868 12173 12211 E IMGMapper: set:488 set: Unset optional value from type CTA861_3
11-06 14:45:17.881 12173 12211 E IMGMapper: set:488 set: Unset optional value from type SMPTE2086
11-06 14:45:17.881 12173 12211 E IMGMapper: set:488 set: Unset optional value from type CTA861_3
11-06 14:45:17.895 12173 12211 E IMGMapper: set:488 set: Unset optional value from type SMPTE2086
11-06 14:45:17.895 12173 12211 E IMGMapper: set:488 set: Unset optional value from type CTA861_3
11-06 14:45:17.913 12173 12211 E IMGMapper: set:488 set: Unset optional value from type SMPTE2086
11-06 14:45:17.913 12173 12211 E IMGMapper: set:488 set: Unset optional value from type CTA861_3
11-06 14:45:17.937 12173 12211 E IMGMapper: set:488 set: Unset optional value from type SMPTE2086
11-06 14:45:17.937 12173 12211 E IMGMapper: set:488 set: Unset optional value from type CTA861_3
11-06 14:45:17.953 12173 12211 E IMGMapper: set:488 set: Unset optional value from type SMPTE2086
11-06 14:45:17.953 12173 12211 E IMGMapper: set:488 set: Unset optional value from type CTA861_3
11-06 14:45:17.970 12173 12211 E IMGMapper: set:488 set: Unset optional value from type SMPTE2086
11-06 14:45:17.971 12173 12211 E IMGMapper: set:488 set: Unset optional value from type CTA861_3
11-06 14:45:18.027 12173 12211 E IMGMapper: set:488 set: Unset optional value from type SMPTE2086
11-06 14:45:18.027 12173 12211 E IMGMapper: set:488 set: Unset optional value from type CTA861_3
11-06 14:45:18.046 12173 12211 E IMGMapper: set:488 set: Unset optional value from type SMPTE2086
11-06 14:45:18.046 12173 12211 E IMGMapper: set:488 set: Unset optional value from type CTA861_3
11-06 14:45:18.063 12173 12211 E IMGMapper: set:488 set: Unset optional value from type SMPTE2086
11-06 14:45:18.063 12173 12211 E IMGMapper: set:488 set: Unset optional value from type CTA861_3
11-06 14:45:18.099 12173 12211 E IMGMapper: set:488 set: Unset optional value from type SMPTE2086
11-06 14:45:18.099 12173 12211 E IMGMapper: set:488 set: Unset optional value from type CTA861_3
11-06 14:45:18.113 12173 12211 E IMGMapper: set:488 set: Unset optional value from type SMPTE2086
11-06 14:45:18.113 12173 12211 E IMGMapper: set:488 set: Unset optional value from type CTA861_3
11-06 14:45:18.127 12173 12211 E IMGMapper: set:488 set: Unset optional value from type SMPTE2086
11-06 14:45:18.127 12173 12211 E IMGMapper: set:488 set: Unset optional value from type CTA861_3
11-06 14:45:18.143 12173 12211 E IMGMapper: set:488 set: Unset optional value from type SMPTE2086
11-06 14:45:18.143 12173 12211 E IMGMapper: set:488 set: Unset optional value from type CTA861_3
11-06 14:45:18.156   543   543 D io_stats: !@ 179,0 r 634112515 7655117058 w 115005067 1219538232 d 1261444 33798280 f 0 0 iot 326861168 0 th 0 0 0 pt 0 inp 0 0 3435975.822
11-06 14:45:18.159 12173 12211 E IMGMapper: set:488 set: Unset optional value from type SMPTE2086
11-06 14:45:18.159 12173 12211 E IMGMapper: set:488 set: Unset optional value from type CTA861_3
11-06 14:45:18.171 12173 12186 I com.cinemamovel: Background concurrent copying GC freed 162470(6006KB) AllocSpace objects, 34(2312KB) LOS objects, 49% free, 9379KB/18MB, paused 269us,53us total 101.214ms
11-06 14:45:18.178 12173 12211 E IMGMapper: set:488 set: Unset optional value from type SMPTE2086
11-06 14:45:18.178 12173 12211 E IMGMapper: set:488 set: Unset optional value from type CTA861_3
11-06 14:45:18.194 12173 12211 E IMGMapper: set:488 set: Unset optional value from type SMPTE2086
11-06 14:45:18.194 12173 12211 E IMGMapper: set:488 set: Unset optional value from type CTA861_3
11-06 14:45:18.209 12173 12211 E IMGMapper: set:488 set: Unset optional value from type SMPTE2086
11-06 14:45:18.209 12173 12211 E IMGMapper: set:488 set: Unset optional value from type CTA861_3
11-06 14:45:18.227 12173 12211 E IMGMapper: set:488 set: Unset optional value from type SMPTE2086
11-06 14:45:18.227 12173 12211 E IMGMapper: set:488 set: Unset optional value from type CTA861_3
11-06 14:45:18.243 12173 12211 E IMGMapper: set:488 set: Unset optional value from type SMPTE2086
11-06 14:45:18.244 12173 12211 E IMGMapper: set:488 set: Unset optional value from type CTA861_3
11-06 14:45:18.259 12173 12211 E IMGMapper: set:488 set: Unset optional value from type SMPTE2086
11-06 14:45:18.259 12173 12211 E IMGMapper: set:488 set: Unset optional value from type CTA861_3
11-06 14:45:18.267  1039  1039 I BufferQueueProducer: [com.cinemamovel/com.cinemamovel.MainActivity$_12173#692422](this:0xb400007a1f848838,id:-1,api:0,p:-1,c:1039) queueBuffer: fps=55.16 dur=1015.27 max=50.12 min=16.32
11-06 14:45:18.269   991 11009 I hwcomposer: [HWCDisplay] [Display_0 (type:1)] fps:55.151585,dur:1015.38,max:50.52,min:15.90  
11-06 14:45:18.276 12173 12211 E IMGMapper: set:488 set: Unset optional value from type SMPTE2086
11-06 14:45:18.276 12173 12211 E IMGMapper: set:488 set: Unset optional value from type CTA861_3
11-06 14:45:18.293 12173 12211 E IMGMapper: set:488 set: Unset optional value from type SMPTE2086
11-06 14:45:18.293 12173 12211 E IMGMapper: set:488 set: Unset optional value from type CTA861_3
11-06 14:45:18.309 12173 12211 E IMGMapper: set:488 set: Unset optional value from type SMPTE2086
11-06 14:45:18.310 12173 12211 E IMGMapper: set:488 set: Unset optional value from type CTA861_3
11-06 14:45:18.337 12173 12211 E IMGMapper: set:488 set: Unset optional value from type SMPTE2086
11-06 14:45:18.337 12173 12211 E IMGMapper: set:488 set: Unset optional value from type CTA861_3
11-06 14:45:18.345 12173 12211 E IMGMapper: set:488 set: Unset optional value from type SMPTE2086
11-06 14:45:18.345 12173 12211 E IMGMapper: set:488 set: Unset optional value from type CTA861_3
11-06 14:45:18.364 12173 12211 E IMGMapper: set:488 set: Unset optional value from type SMPTE2086
11-06 14:45:18.364 12173 12211 E IMGMapper: set:488 set: Unset optional value from type CTA861_3
11-06 14:45:18.380 12173 12211 E IMGMapper: set:488 set: Unset optional value from type SMPTE2086
11-06 14:45:18.380 12173 12211 E IMGMapper: set:488 set: Unset optional value from type CTA861_3
11-06 14:45:18.394 12173 12211 E IMGMapper: set:488 set: Unset optional value from type SMPTE2086
11-06 14:45:18.394 12173 12211 E IMGMapper: set:488 set: Unset optional value from type CTA861_3
11-06 14:45:18.411 12173 12211 E IMGMapper: set:488 set: Unset optional value from type SMPTE2086
11-06 14:45:18.412 12173 12211 E IMGMapper: set:488 set: Unset optional value from type CTA861_3
11-06 14:45:18.431 12173 12211 E IMGMapper: set:488 set: Unset optional value from type SMPTE2086
11-06 14:45:18.432 12173 12211 E IMGMapper: set:488 set: Unset optional value from type CTA861_3
11-06 14:45:18.447 12173 12211 E IMGMapper: set:488 set: Unset optional value from type SMPTE2086
11-06 14:45:18.447 12173 12211 E IMGMapper: set:488 set: Unset optional value from type CTA861_3
11-06 14:45:18.461 12173 12211 E IMGMapper: set:488 set: Unset optional value from type SMPTE2086
11-06 14:45:18.461 12173 12211 E IMGMapper: set:488 set: Unset optional value from type CTA861_3
11-06 14:45:18.477 12173 12211 E IMGMapper: set:488 set: Unset optional value from type SMPTE2086
11-06 14:45:18.477 12173 12211 E IMGMapper: set:488 set: Unset optional value from type CTA861_3
11-06 14:45:18.494 12173 12211 E IMGMapper: set:488 set: Unset optional value from type SMPTE2086
11-06 14:45:18.494 12173 12211 E IMGMapper: set:488 set: Unset optional value from type CTA861_3
11-06 14:45:18.511 12173 12211 E IMGMapper: set:488 set: Unset optional value from type SMPTE2086
11-06 14:45:18.511 12173 12211 E IMGMapper: set:488 set: Unset optional value from type CTA861_3
11-06 14:45:18.527 12173 12211 E IMGMapper: set:488 set: Unset optional value from type SMPTE2086
11-06 14:45:18.527 12173 12211 E IMGMapper: set:488 set: Unset optional value from type CTA861_3
11-06 14:45:18.552 12173 12211 E IMGMapper: set:488 set: Unset optional value from type SMPTE2086
11-06 14:45:18.552 12173 12211 E IMGMapper: set:488 set: Unset optional value from type CTA861_3
11-06 14:45:18.556  1693  1693 I WifiHAL : Get link layer stats
11-06 14:45:18.556  1693  1693 I WifiHAL : GetLinkStatsCommand::create
11-06 14:45:18.556  1693  1693 D android.hardware.wifi@1.0-service-lazy: WifiRequest::create vendor command to iface 38, vendor_id=0x1a11, subcmd=0x1200, res=0
11-06 14:45:18.556  1693  1693 I android.hardware.wifi@1.0-service-lazy: WifiCommand::requestResponse err=-95
11-06 14:45:18.556  1693  1693 I WifiHAL : wifi_get_link_stats: result=-3
11-06 14:45:18.557  1187  1566 E WifiVendorHal: getWifiLinkLayerStats_1_5_Internal(l.1179) failed {.code = ERROR_NOT_SUPPORTED, .description = }
11-06 14:45:18.564  1187 22074 D SemWifiUsabilityStatsMonitor: onWifiUsabilityStats - seqNum 112408, isSameBssidAndFreq true
11-06 14:45:18.565  1187  1645 I SemWifiLinkQualityMonitor: Link Qos query: inf. ms / 0 Mbps
11-06 14:45:18.570 12173 12211 E IMGMapper: set:488 set: Unset optional value from type SMPTE2086
11-06 14:45:18.570 12173 12211 E IMGMapper: set:488 set: Unset optional value from type CTA861_3
11-06 14:45:18.578 12173 12211 E IMGMapper: set:488 set: Unset optional value from type SMPTE2086
11-06 14:45:18.578 12173 12211 E IMGMapper: set:488 set: Unset optional value from type CTA861_3
11-06 14:45:18.600 12173 12211 E IMGMapper: set:488 set: Unset optional value from type SMPTE2086
11-06 14:45:18.600 12173 12211 E IMGMapper: set:488 set: Unset optional value from type CTA861_3
11-06 14:45:18.612 12173 12211 E IMGMapper: set:488 set: Unset optional value from type SMPTE2086
11-06 14:45:18.612 12173 12211 E IMGMapper: set:488 set: Unset optional value from type CTA861_3
11-06 14:45:18.633 12173 12211 E IMGMapper: set:488 set: Unset optional value from type SMPTE2086
11-06 14:45:18.633 12173 12211 E IMGMapper: set:488 set: Unset optional value from type CTA861_3
11-06 14:45:18.650 12173 12211 E IMGMapper: set:488 set: Unset optional value from type SMPTE2086
11-06 14:45:18.650 12173 12211 E IMGMapper: set:488 set: Unset optional value from type CTA861_3
11-06 14:45:18.664 12173 12211 E IMGMapper: set:488 set: Unset optional value from type SMPTE2086
11-06 14:45:18.664 12173 12211 E IMGMapper: set:488 set: Unset optional value from type CTA861_3
11-06 14:45:18.680 12173 12211 E IMGMapper: set:488 set: Unset optional value from type SMPTE2086
11-06 14:45:18.680 12173 12211 E IMGMapper: set:488 set: Unset optional value from type CTA861_3
11-06 14:45:18.694 12173 12211 E IMGMapper: set:488 set: Unset optional value from type SMPTE2086
11-06 14:45:18.695 12173 12211 E IMGMapper: set:488 set: Unset optional value from type CTA861_3
11-06 14:45:18.710 12173 12211 E IMGMapper: set:488 set: Unset optional value from type SMPTE2086
11-06 14:45:18.710 12173 12211 E IMGMapper: set:488 set: Unset optional value from type CTA861_3
11-06 14:45:18.728 12173 12211 E IMGMapper: set:488 set: Unset optional value from type SMPTE2086
11-06 14:45:18.728 12173 12211 E IMGMapper: set:488 set: Unset optional value from type CTA861_3
11-06 14:45:18.745 12173 12211 E IMGMapper: set:488 set: Unset optional value from type SMPTE2086
11-06 14:45:18.745 12173 12211 E IMGMapper: set:488 set: Unset optional value from type CTA861_3
11-06 14:45:18.761 12173 12211 E IMGMapper: set:488 set: Unset optional value from type SMPTE2086
11-06 14:45:18.761 12173 12211 E IMGMapper: set:488 set: Unset optional value from type CTA861_3
11-06 14:45:18.777 12173 12211 E IMGMapper: set:488 set: Unset optional value from type SMPTE2086
11-06 14:45:18.777 12173 12211 E IMGMapper: set:488 set: Unset optional value from type CTA861_3
11-06 14:45:18.793 12173 12211 E IMGMapper: set:488 set: Unset optional value from type SMPTE2086
11-06 14:45:18.793 12173 12211 E IMGMapper: set:488 set: Unset optional value from type CTA861_3
11-06 14:45:18.811 12173 12211 E IMGMapper: set:488 set: Unset optional value from type SMPTE2086
11-06 14:45:18.811 12173 12211 E IMGMapper: set:488 set: Unset optional value from type CTA861_3
11-06 14:45:18.828 12173 12211 E IMGMapper: set:488 set: Unset optional value from type SMPTE2086
11-06 14:45:18.828 12173 12211 E IMGMapper: set:488 set: Unset optional value from type CTA861_3
11-06 14:45:18.842  1187  1486 D SensorService: [SO] -0.848 1.552 9.855
11-06 14:45:18.852 12173 12211 E IMGMapper: set:488 set: Unset optional value from type SMPTE2086
11-06 14:45:18.852 12173 12211 E IMGMapper: set:488 set: Unset optional value from type CTA861_3
11-06 14:45:18.868 12173 12211 E IMGMapper: set:488 set: Unset optional value from type SMPTE2086
11-06 14:45:18.868 12173 12211 E IMGMapper: set:488 set: Unset optional value from type CTA861_3
11-06 14:45:18.902 12173 12211 E IMGMapper: set:488 set: Unset optional value from type SMPTE2086
11-06 14:45:18.902 12173 12211 E IMGMapper: set:488 set: Unset optional value from type CTA861_3
11-06 14:45:18.914 12173 12211 E IMGMapper: set:488 set: Unset optional value from type SMPTE2086
11-06 14:45:18.914 12173 12211 E IMGMapper: set:488 set: Unset optional value from type CTA861_3
11-06 14:45:18.930 12173 12211 E IMGMapper: set:488 set: Unset optional value from type SMPTE2086
11-06 14:45:18.930 12173 12211 E IMGMapper: set:488 set: Unset optional value from type CTA861_3
