11-06 14:45:11.124  1187  1187 I SemDvfsHyPerManager: acquire hyper - GESTURE_DETECTED/1187@18, type = -999
11-06 14:45:11.124   896   910 I mtkpower_client: ret_hdl:1056933
11-06 14:45:11.124   896   910 I HYPER-HAL: [RequestManager.cpp]acquire(): Acquired ID : 726633  [1187 / 18]    HINT : GESTURE_DETECTED    list : [TIMEOUT / 1702] 
11-06 14:45:11.124 12173 12173 I ViewRootImpl@706bef1[MainActivity]: ViewPostIme pointer 1
11-06 14:45:11.124  1014  1065 I libPowerHal: [perfLockAcq] idx:1 hdl:1056933 hint:-1 pid:896 duration:0 lock_user:vendor.samsung. => ret_hdl:1056933
11-06 14:45:11.125  1014  1065 I libPowerHal: vendor.samsung.: cpu_ctrl set cpu freq: 1218000 -1 1138000 -1
11-06 14:45:11.130   896   910 I HYPER-HAL: [RequestManager.cpp]acquire(): Acquired ID : 726633  [1187 / 18]    HINT : GESTURE_DETECTED    list : [TIMEOUT / 1702] 
11-06 14:45:11.130 12173 12211 E IMGMapper: set:488 set: Unset optional value from type SMPTE2086
11-06 14:45:11.130   896   910 I mtkpower_client: perf_lock_rel, hdl:1056932, tid:910
11-06 14:45:11.130 12173 12211 E IMGMapper: set:488 set: Unset optional value from type CTA861_3
11-06 14:45:11.131   896   910 I mtkpower_client: perf_lock_acq, hdl:0, dur:0, num:2, tid:910
11-06 14:45:11.131  1014  1065 I libPowerHal: [perfLockRel] hdl:1056932, idx:0
11-06 14:45:11.132  1014  1065 I libPowerHal: vendor.samsung.: cpu_ctrl set cpu freq: 1218000 -1 -1 -1
11-06 14:45:11.133   896   910 I mtkpower_client: ret_hdl:1056934
11-06 14:45:11.133   896   910 I mtkpower_client: perf_lock_rel, hdl:1056933, tid:910
11-06 14:45:11.133  1014  1065 I libPowerHal: [perfLockAcq] idx:2 hdl:1056934 hint:-1 pid:896 duration:0 lock_user:vendor.samsung. => ret_hdl:1056934
11-06 14:45:11.133  1014  1065 I libPowerHal: vendor.samsung.: cpu_ctrl set cpu freq: 1218000 -1 1138000 -1
11-06 14:45:11.134   896   910 I mtkpower_client: perf_lock_acq, hdl:0, dur:0, num:2, tid:910
11-06 14:45:11.134  1014  1065 I libPowerHal: [perfLockRel] hdl:1056933, idx:1
11-06 14:45:11.134  1014  1065 I libPowerHal: vendor.samsung.: cpu_ctrl set cpu freq: -1 -1 1138000 -1
11-06 14:45:11.136   896   910 I mtkpower_client: ret_hdl:1056935
11-06 14:45:11.136   896   910 I HYPER-HAL: [RequestManager.cpp]releaseLocked(): Released ID : 725427
11-06 14:45:11.136  1014  1065 I libPowerHal: [perfLockAcq] idx:0 hdl:1056935 hint:-1 pid:896 duration:0 lock_user:vendor.samsung. => ret_hdl:1056935
11-06 14:45:11.136  1014  1065 I libPowerHal: vendor.samsung.: cpu_ctrl set cpu freq: 1218000 -1 1138000 -1
11-06 14:45:11.138  1187  1187 I SemDvfsHyPerManager: acquire hyper - SMOOTH_SCROLL/1187@17, type = -999
11-06 14:45:11.138   896   910 I HYPER-HAL: [RequestManager.cpp]acquire(): Acquired ID : 725427  [1187 / 17]    HINT : SMOOTH_SCROLL    list : 
11-06 14:45:11.139   896   910 I mtkpower_client: perf_lock_rel, hdl:1056934, tid:910
11-06 14:45:11.139   896   910 I mtkpower_client: perf_lock_acq, hdl:0, dur:0, num:2, tid:910
11-06 14:45:11.140  1014  1065 I libPowerHal: [perfLockRel] hdl:1056934, idx:2
11-06 14:45:11.140  1014  1065 I libPowerHal: vendor.samsung.: cpu_ctrl set cpu freq: 1218000 -1 -1 -1
11-06 14:45:11.141   896   910 I mtkpower_client: ret_hdl:1056936
11-06 14:45:11.141   896   910 I mtkpower_client: perf_lock_rel, hdl:1056935, tid:910
11-06 14:45:11.141  1014  1065 I libPowerHal: [perfLockAcq] idx:1 hdl:1056936 hint:-1 pid:896 duration:0 lock_user:vendor.samsung. => ret_hdl:1056936
11-06 14:45:11.141  1014  1065 I libPowerHal: vendor.samsung.: cpu_ctrl set cpu freq: 1218000 -1 1138000 -1
11-06 14:45:11.142   896   910 I mtkpower_client: perf_lock_acq, hdl:0, dur:0, num:2, tid:910
11-06 14:45:11.142  1014  1065 I libPowerHal: [perfLockRel] hdl:1056935, idx:0
11-06 14:45:11.143  1014  1065 I libPowerHal: vendor.samsung.: cpu_ctrl set cpu freq: -1 -1 1138000 -1
11-06 14:45:11.143 12173 12211 E IMGMapper: set:488 set: Unset optional value from type SMPTE2086
11-06 14:45:11.143 12173 12211 E IMGMapper: set:488 set: Unset optional value from type CTA861_3
11-06 14:45:11.145   896   910 I mtkpower_client: ret_hdl:1056937
11-06 14:45:11.145  1014  1065 I libPowerHal: [perfLockAcq] idx:2 hdl:1056937 hint:-1 pid:896 duration:0 lock_user:vendor.samsung. => ret_hdl:1056937
11-06 14:45:11.145  1014  1065 I libPowerHal: vendor.samsung.: cpu_ctrl set cpu freq: 1218000 -1 1138000 -1
11-06 14:45:11.154 12173 12211 E IMGMapper: set:488 set: Unset optional value from type SMPTE2086
11-06 14:45:11.154 12173 12211 E IMGMapper: set:488 set: Unset optional value from type CTA861_3
11-06 14:45:11.160  1039  1039 I BufferQueueProducer: [com.cinemamovel/com.cinemamovel.MainActivity$_12173#692422](this:0xb400007a1f848838,id:-1,api:0,p:-1,c:1039) queueBuffer: fps=58.11 dur=1015.28 max=33.37 min=16.13
11-06 14:45:11.162   991 11009 I hwcomposer: [HWCDisplay] [Display_0 (type:1)] fps:58.117020,dur:1015.19,max:33.61,min:15.41  
11-06 14:45:11.173 12173 12211 E IMGMapper: set:488 set: Unset optional value from type SMPTE2086
11-06 14:45:11.173 12173 12211 E IMGMapper: set:488 set: Unset optional value from type CTA861_3
11-06 14:45:11.191 12173 12211 E IMGMapper: set:488 set: Unset optional value from type SMPTE2086
11-06 14:45:11.191 12173 12211 E IMGMapper: set:488 set: Unset optional value from type CTA861_3
11-06 14:45:11.203 12173 12211 E IMGMapper: set:488 set: Unset optional value from type SMPTE2086
11-06 14:45:11.203 12173 12211 E IMGMapper: set:488 set: Unset optional value from type CTA861_3
11-06 14:45:11.221 12173 12211 E IMGMapper: set:488 set: Unset optional value from type SMPTE2086
11-06 14:45:11.221 12173 12211 E IMGMapper: set:488 set: Unset optional value from type CTA861_3
11-06 14:45:11.242 12173 12211 E IMGMapper: set:488 set: Unset optional value from type SMPTE2086
11-06 14:45:11.242 12173 12211 E IMGMapper: set:488 set: Unset optional value from type CTA861_3
11-06 14:45:11.255 12173 12211 E IMGMapper: set:488 set: Unset optional value from type SMPTE2086
11-06 14:45:11.255 12173 12211 E IMGMapper: set:488 set: Unset optional value from type CTA861_3
11-06 14:45:11.271  1200  1324 D ULogGuard: Monitoring: 16 threads, 0 requests, 0 time-bombs; 1 guards. ResetFlags = 0x7
11-06 14:45:11.272 12173 12211 E IMGMapper: set:488 set: Unset optional value from type SMPTE2086
11-06 14:45:11.272 12173 12211 E IMGMapper: set:488 set: Unset optional value from type CTA861_3
11-06 14:45:11.294 12173 12211 E IMGMapper: set:488 set: Unset optional value from type SMPTE2086
11-06 14:45:11.294 12173 12211 E IMGMapper: set:488 set: Unset optional value from type CTA861_3
11-06 14:45:11.307 12173 12211 E IMGMapper: set:488 set: Unset optional value from type SMPTE2086
11-06 14:45:11.307 12173 12211 E IMGMapper: set:488 set: Unset optional value from type CTA861_3
11-06 14:45:11.329 12173 12211 E IMGMapper: set:488 set: Unset optional value from type SMPTE2086
11-06 14:45:11.329 12173 12211 E IMGMapper: set:488 set: Unset optional value from type CTA861_3
11-06 14:45:11.348 12173 12211 E IMGMapper: set:488 set: Unset optional value from type SMPTE2086
11-06 14:45:11.348 12173 12211 E IMGMapper: set:488 set: Unset optional value from type CTA861_3
11-06 14:45:11.363 12173 12211 E IMGMapper: set:488 set: Unset optional value from type SMPTE2086
11-06 14:45:11.363 12173 12211 E IMGMapper: set:488 set: Unset optional value from type CTA861_3
11-06 14:45:11.382 12173 12211 E IMGMapper: set:488 set: Unset optional value from type SMPTE2086
11-06 14:45:11.382 12173 12211 E IMGMapper: set:488 set: Unset optional value from type CTA861_3
11-06 14:45:11.433 12173 12211 E IMGMapper: set:488 set: Unset optional value from type SMPTE2086
11-06 14:45:11.434 12173 12211 E IMGMapper: set:488 set: Unset optional value from type CTA861_3
11-06 14:45:11.442 12173 12211 E IMGMapper: set:488 set: Unset optional value from type SMPTE2086
11-06 14:45:11.442 12173 12211 E IMGMapper: set:488 set: Unset optional value from type CTA861_3
11-06 14:45:11.455 12173 12211 E IMGMapper: set:488 set: Unset optional value from type SMPTE2086
11-06 14:45:11.456 12173 12211 E IMGMapper: set:488 set: Unset optional value from type CTA861_3
11-06 14:45:11.470 12173 12211 E IMGMapper: set:488 set: Unset optional value from type SMPTE2086
11-06 14:45:11.470 12173 12211 E IMGMapper: set:488 set: Unset optional value from type CTA861_3
11-06 14:45:11.490 12173 12211 E IMGMapper: set:488 set: Unset optional value from type SMPTE2086
11-06 14:45:11.490 12173 12211 E IMGMapper: set:488 set: Unset optional value from type CTA861_3
11-06 14:45:11.503 12173 12211 E IMGMapper: set:488 set: Unset optional value from type SMPTE2086
11-06 14:45:11.504 12173 12211 E IMGMapper: set:488 set: Unset optional value from type CTA861_3
11-06 14:45:11.521 12173 12211 E IMGMapper: set:488 set: Unset optional value from type SMPTE2086
11-06 14:45:11.521 12173 12211 E IMGMapper: set:488 set: Unset optional value from type CTA861_3
11-06 14:45:11.536 12173 12211 E IMGMapper: set:488 set: Unset optional value from type SMPTE2086
11-06 14:45:11.537 12173 12211 E IMGMapper: set:488 set: Unset optional value from type CTA861_3
11-06 14:45:11.554 12173 12211 E IMGMapper: set:488 set: Unset optional value from type SMPTE2086
11-06 14:45:11.554 12173 12211 E IMGMapper: set:488 set: Unset optional value from type CTA861_3
11-06 14:45:11.571 12173 12211 E IMGMapper: set:488 set: Unset optional value from type SMPTE2086
11-06 14:45:11.571 12173 12211 E IMGMapper: set:488 set: Unset optional value from type CTA861_3
11-06 14:45:11.592 12173 12211 E IMGMapper: set:488 set: Unset optional value from type SMPTE2086
11-06 14:45:11.592 12173 12211 E IMGMapper: set:488 set: Unset optional value from type CTA861_3
11-06 14:45:11.616 12173 12211 E IMGMapper: set:488 set: Unset optional value from type SMPTE2086
11-06 14:45:11.616 12173 12211 E IMGMapper: set:488 set: Unset optional value from type CTA861_3
11-06 14:45:11.629 12173 12211 E IMGMapper: set:488 set: Unset optional value from type SMPTE2086
11-06 14:45:11.629 12173 12211 E IMGMapper: set:488 set: Unset optional value from type CTA861_3
11-06 14:45:11.662 12173 12211 E IMGMapper: set:488 set: Unset optional value from type SMPTE2086
11-06 14:45:11.662 12173 12211 E IMGMapper: set:488 set: Unset optional value from type CTA861_3
11-06 14:45:11.676 12173 12211 E IMGMapper: set:488 set: Unset optional value from type SMPTE2086
11-06 14:45:11.676 12173 12211 E IMGMapper: set:488 set: Unset optional value from type CTA861_3
11-06 14:45:11.693 12173 12211 E IMGMapper: set:488 set: Unset optional value from type SMPTE2086
11-06 14:45:11.693 12173 12211 E IMGMapper: set:488 set: Unset optional value from type CTA861_3
11-06 14:45:11.698  1737  1942 D MobileStatusTracker(0/2): onSignalStrengthsChanged level=4, vendorLevel=3
11-06 14:45:11.700  1737  1942 D MobileSignalController(0/2): notifyListener: enabled=true, connected=true, dataConnected=true, networkType=LTE (4G), emergencyOnly=false, roaming=false, isDefault=false, dataActivity=, level=3, ca=false, mmWave=false, disabledDataIcon=false, simCard=ETC
11-06 14:45:11.700  1737  1942 D NetworkController: SignalStrength from intent slotId=0
11-06 14:45:11.709 12173 12211 E IMGMapper: set:488 set: Unset optional value from type SMPTE2086
11-06 14:45:11.709 12173 12211 E IMGMapper: set:488 set: Unset optional value from type CTA861_3
11-06 14:45:11.726 12173 12211 E IMGMapper: set:488 set: Unset optional value from type SMPTE2086
11-06 14:45:11.726 12173 12211 E IMGMapper: set:488 set: Unset optional value from type CTA861_3
11-06 14:45:11.739 12173 12211 E IMGMapper: set:488 set: Unset optional value from type SMPTE2086
11-06 14:45:11.739 12173 12211 E IMGMapper: set:488 set: Unset optional value from type CTA861_3
11-06 14:45:11.754 12173 12211 E IMGMapper: set:488 set: Unset optional value from type SMPTE2086
11-06 14:45:11.754 12173 12211 E IMGMapper: set:488 set: Unset optional value from type CTA861_3
11-06 14:45:11.771 12173 12211 E IMGMapper: set:488 set: Unset optional value from type SMPTE2086
11-06 14:45:11.771 12173 12211 E IMGMapper: set:488 set: Unset optional value from type CTA861_3
11-06 14:45:11.786 12173 12211 E IMGMapper: set:488 set: Unset optional value from type SMPTE2086
11-06 14:45:11.786 12173 12211 E IMGMapper: set:488 set: Unset optional value from type CTA861_3
11-06 14:45:11.803 12173 12211 E IMGMapper: set:488 set: Unset optional value from type SMPTE2086
11-06 14:45:11.804 12173 12211 E IMGMapper: set:488 set: Unset optional value from type CTA861_3
11-06 14:45:11.820 12173 12211 E IMGMapper: set:488 set: Unset optional value from type SMPTE2086
11-06 14:45:11.820 12173 12211 E IMGMapper: set:488 set: Unset optional value from type CTA861_3
11-06 14:45:11.840 12173 12211 E IMGMapper: set:488 set: Unset optional value from type SMPTE2086
11-06 14:45:11.840 12173 12211 E IMGMapper: set:488 set: Unset optional value from type CTA861_3
11-06 14:45:11.854 12173 12211 E IMGMapper: set:488 set: Unset optional value from type SMPTE2086
11-06 14:45:11.855 12173 12211 E IMGMapper: set:488 set: Unset optional value from type CTA861_3
11-06 14:45:11.870 12173 12211 E IMGMapper: set:488 set: Unset optional value from type SMPTE2086
11-06 14:45:11.871 12173 12211 E IMGMapper: set:488 set: Unset optional value from type CTA861_3
11-06 14:45:11.888 12173 12211 E IMGMapper: set:488 set: Unset optional value from type SMPTE2086
11-06 14:45:11.888 12173 12211 E IMGMapper: set:488 set: Unset optional value from type CTA861_3
11-06 14:45:11.911 12173 12211 E IMGMapper: set:488 set: Unset optional value from type SMPTE2086
11-06 14:45:11.912 12173 12211 E IMGMapper: set:488 set: Unset optional value from type CTA861_3
11-06 14:45:11.928 12173 12211 E IMGMapper: set:488 set: Unset optional value from type SMPTE2086
11-06 14:45:11.928 12173 12211 E IMGMapper: set:488 set: Unset optional value from type CTA861_3
11-06 14:45:11.965 12173 12211 E IMGMapper: set:488 set: Unset optional value from type SMPTE2086
11-06 14:45:11.965 12173 12211 E IMGMapper: set:488 set: Unset optional value from type CTA861_3
11-06 14:45:11.977 12173 12211 E IMGMapper: set:488 set: Unset optional value from type SMPTE2086
11-06 14:45:11.977 12173 12211 E IMGMapper: set:488 set: Unset optional value from type CTA861_3
11-06 14:45:11.989 12173 12211 E IMGMapper: set:488 set: Unset optional value from type SMPTE2086
11-06 14:45:11.989 12173 12211 E IMGMapper: set:488 set: Unset optional value from type CTA861_3
11-06 14:45:12.006 12173 12211 E IMGMapper: set:488 set: Unset optional value from type SMPTE2086
11-06 14:45:12.006 12173 12211 E IMGMapper: set:488 set: Unset optional value from type CTA861_3
11-06 14:45:12.022 12173 12211 E IMGMapper: set:488 set: Unset optional value from type SMPTE2086
11-06 14:45:12.022 12173 12211 E IMGMapper: set:488 set: Unset optional value from type CTA861_3
11-06 14:45:12.039 12173 12211 E IMGMapper: set:488 set: Unset optional value from type SMPTE2086
11-06 14:45:12.039 12173 12211 E IMGMapper: set:488 set: Unset optional value from type CTA861_3
11-06 14:45:12.057 12173 12211 E IMGMapper: set:488 set: Unset optional value from type SMPTE2086
11-06 14:45:12.057 12173 12211 E IMGMapper: set:488 set: Unset optional value from type CTA861_3
11-06 14:45:12.073 12173 12211 E IMGMapper: set:488 set: Unset optional value from type SMPTE2086
11-06 14:45:12.073 12173 12211 E IMGMapper: set:488 set: Unset optional value from type CTA861_3
11-06 14:45:12.089 12173 12211 E IMGMapper: set:488 set: Unset optional value from type SMPTE2086
11-06 14:45:12.089 12173 12211 E IMGMapper: set:488 set: Unset optional value from type CTA861_3
11-06 14:45:12.105 12173 12211 E IMGMapper: set:488 set: Unset optional value from type SMPTE2086
11-06 14:45:12.105 12173 12211 E IMGMapper: set:488 set: Unset optional value from type CTA861_3
11-06 14:45:12.122 12173 12211 E IMGMapper: set:488 set: Unset optional value from type SMPTE2086
11-06 14:45:12.122 12173 12211 E IMGMapper: set:488 set: Unset optional value from type CTA861_3
11-06 14:45:12.139 12173 12211 E IMGMapper: set:488 set: Unset optional value from type SMPTE2086
11-06 14:45:12.139 12173 12211 E IMGMapper: set:488 set: Unset optional value from type CTA861_3
11-06 14:45:12.146   543   543 D io_stats: !@ 179,0 r 634108538 7655036334 w 115004667 1219536076 d 1261444 33798280 f 0 0 iot 326859640 0 th 0 0 0 pt 0 inp 0 0 3435969.812
11-06 14:45:12.158 12173 12211 E IMGMapper: set:488 set: Unset optional value from type SMPTE2086
11-06 14:45:12.159 12173 12211 E IMGMapper: set:488 set: Unset optional value from type CTA861_3
11-06 14:45:12.173 12173 12211 E IMGMapper: set:488 set: Unset optional value from type SMPTE2086
11-06 14:45:12.173 12173 12211 E IMGMapper: set:488 set: Unset optional value from type CTA861_3
11-06 14:45:12.175  1039  1039 I BufferQueueProducer: [com.cinemamovel/com.cinemamovel.MainActivity$_12173#692422](this:0xb400007a1f848838,id:-1,api:0,p:-1,c:1039) queueBuffer: fps=56.13 dur=1015.57 max=49.99 min=16.13
11-06 14:45:12.177   991 11009 I hwcomposer: [HWCDisplay] [Display_0 (type:1)] fps:56.170437,dur:1014.77,max:50.75,min:15.70  
11-06 14:45:12.186 12173 12211 E IMGMapper: set:488 set: Unset optional value from type SMPTE2086
11-06 14:45:12.186 12173 12211 E IMGMapper: set:488 set: Unset optional value from type CTA861_3
11-06 14:45:12.204 12173 12211 E IMGMapper: set:488 set: Unset optional value from type SMPTE2086
11-06 14:45:12.204 12173 12211 E IMGMapper: set:488 set: Unset optional value from type CTA861_3
11-06 14:45:12.218 12173 12211 E IMGMapper: set:488 set: Unset optional value from type SMPTE2086
11-06 14:45:12.218 12173 12211 E IMGMapper: set:488 set: Unset optional value from type CTA861_3
11-06 14:45:12.235 12173 12211 E IMGMapper: set:488 set: Unset optional value from type SMPTE2086
11-06 14:45:12.236 12173 12211 E IMGMapper: set:488 set: Unset optional value from type CTA861_3
11-06 14:45:12.253 12173 12211 E IMGMapper: set:488 set: Unset optional value from type SMPTE2086
11-06 14:45:12.253 12173 12211 E IMGMapper: set:488 set: Unset optional value from type CTA861_3
11-06 14:45:12.269 12173 12211 E IMGMapper: set:488 set: Unset optional value from type SMPTE2086
11-06 14:45:12.269 12173 12211 E IMGMapper: set:488 set: Unset optional value from type CTA861_3
11-06 14:45:12.286 12173 12211 E IMGMapper: set:488 set: Unset optional value from type SMPTE2086
11-06 14:45:12.286 12173 12211 E IMGMapper: set:488 set: Unset optional value from type CTA861_3
11-06 14:45:12.303 12173 12211 E IMGMapper: set:488 set: Unset optional value from type SMPTE2086
11-06 14:45:12.303 12173 12211 E IMGMapper: set:488 set: Unset optional value from type CTA861_3
11-06 14:45:12.319 12173 12211 E IMGMapper: set:488 set: Unset optional value from type SMPTE2086
11-06 14:45:12.320 12173 12211 E IMGMapper: set:488 set: Unset optional value from type CTA861_3
11-06 14:45:12.336 12173 12211 E IMGMapper: set:488 set: Unset optional value from type SMPTE2086
11-06 14:45:12.336 12173 12211 E IMGMapper: set:488 set: Unset optional value from type CTA861_3
11-06 14:45:12.353 12173 12211 E IMGMapper: set:488 set: Unset optional value from type SMPTE2086
11-06 14:45:12.353 12173 12211 E IMGMapper: set:488 set: Unset optional value from type CTA861_3
11-06 14:45:12.369 12173 12211 E IMGMapper: set:488 set: Unset optional value from type SMPTE2086
11-06 14:45:12.370 12173 12211 E IMGMapper: set:488 set: Unset optional value from type CTA861_3
11-06 14:45:12.389 12173 12211 E IMGMapper: set:488 set: Unset optional value from type SMPTE2086
11-06 14:45:12.389 12173 12211 E IMGMapper: set:488 set: Unset optional value from type CTA861_3
11-06 14:45:12.398  1187  4547 D InputDispatcher: Inject motion (12421/2000): action=0x0, time=3435970065000000, f=0x0, d=0 dsdx=1.000000 dtdx=0.000000
11-06 14:45:12.399  1187  1534 I InputDispatcher: Delivering touch to (1737): action: 0x4, f=0x0, d=0, 'd92b8ad', t=1 
11-06 14:45:12.399  1187  1534 I InputDispatcher: Delivering touch to (12173): action: 0x0, f=0x0, d=0, 'a4ad57e', t=1 
11-06 14:45:12.400  1187  1534 D PowerManagerService: [api] userActivityFromNative :  (event: 2 flags: 0 displayId: 0) eventTime = 3435970065
11-06 14:45:12.400  1187  1303 I GestureDetector: obtain mCurrentDownEvent. id: -347218259 caller: com.android.server.wm.SystemGesturesPointerEventListener.onPointerEvent:203 com.android.server.wm.PointerEventDispatcher.onInputEvent:53 android.view.InputEventReceiver.dispatchInputEvent:285 
11-06 14:45:12.401  1187  1303 I GestureDetector: obtain mCurrentDownEvent. id: -347218259 caller: com.android.server.wm.SystemPerformancePointerEventListener.onPointerEvent:89 com.android.server.wm.PointerEventDispatcher.onInputEvent:53 android.view.InputEventReceiver.dispatchInputEvent:285 
11-06 14:45:12.403 12173 12173 I ViewRootImpl@706bef1[MainActivity]: ViewPostIme pointer 0
11-06 14:45:12.409 12173 12211 E IMGMapper: set:488 set: Unset optional value from type SMPTE2086
11-06 14:45:12.409 12173 12211 E IMGMapper: set:488 set: Unset optional value from type CTA861_3
11-06 14:45:12.416  1187  1303 I GestureDetector: obtain mCurrentMotionEventRaw. action: 2 id: -704013822
11-06 14:45:12.416  1187  1303 I GestureDetector: obtain mCurrentMotionEventRaw. action: 2 id: -704013822
11-06 14:45:12.422   896   910 I mtkpower_client: perf_lock_rel, hdl:1056936, tid:910
11-06 14:45:12.422   896   910 I mtkpower_client: perf_lock_acq, hdl:0, dur:0, num:2, tid:910
11-06 14:45:12.423  1014  1065 I libPowerHal: [perfLockRel] hdl:1056936, idx:1
11-06 14:45:12.423  1014  1065 I libPowerHal: vendor.samsung.: cpu_ctrl set cpu freq: 1218000 -1 -1 -1
11-06 14:45:12.425   896   910 I mtkpower_client: ret_hdl:1056938
11-06 14:45:12.425   896   910 I mtkpower_client: perf_lock_rel, hdl:1056937, tid:910
11-06 14:45:12.425  1014  1065 I libPowerHal: [perfLockAcq] idx:0 hdl:1056938 hint:-1 pid:896 duration:0 lock_user:vendor.samsung. => ret_hdl:1056938
11-06 14:45:12.425  1014  1065 I libPowerHal: vendor.samsung.: cpu_ctrl set cpu freq: 1218000 -1 1138000 -1
11-06 14:45:12.426   896   910 I mtkpower_client: perf_lock_acq, hdl:0, dur:0, num:2, tid:910
11-06 14:45:12.426  1014  1065 I libPowerHal: [perfLockRel] hdl:1056937, idx:2
11-06 14:45:12.427  1014  1065 I libPowerHal: vendor.samsung.: cpu_ctrl set cpu freq: -1 -1 1138000 -1
11-06 14:45:12.427 12173 12211 E IMGMapper: set:488 set: Unset optional value from type SMPTE2086
11-06 14:45:12.427 12173 12211 E IMGMapper: set:488 set: Unset optional value from type CTA861_3
11-06 14:45:12.429   896   910 I mtkpower_client: ret_hdl:1056939
11-06 14:45:12.429   896   910 I HYPER-HAL: [RequestManager.cpp]releaseLocked(): Released ID : 725427
11-06 14:45:12.430  1014  1065 I libPowerHal: [perfLockAcq] idx:1 hdl:1056939 hint:-1 pid:896 duration:0 lock_user:vendor.samsung. => ret_hdl:1056939
11-06 14:45:12.430  1014  1065 I libPowerHal: vendor.samsung.: cpu_ctrl set cpu freq: 1218000 -1 1138000 -1
11-06 14:45:12.441 12173 12211 E IMGMapper: set:488 set: Unset optional value from type SMPTE2086
11-06 14:45:12.441 12173 12211 E IMGMapper: set:488 set: Unset optional value from type CTA861_3
11-06 14:45:12.465 12173 12211 E IMGMapper: set:488 set: Unset optional value from type SMPTE2086
11-06 14:45:12.465 12173 12211 E IMGMapper: set:488 set: Unset optional value from type CTA861_3
11-06 14:45:12.474 12173 12211 E IMGMapper: set:488 set: Unset optional value from type SMPTE2086
11-06 14:45:12.475 12173 12211 E IMGMapper: set:488 set: Unset optional value from type CTA861_3
11-06 14:45:12.490 12173 12211 E IMGMapper: set:488 set: Unset optional value from type SMPTE2086
11-06 14:45:12.490 12173 12211 E IMGMapper: set:488 set: Unset optional value from type CTA861_3
11-06 14:45:12.506 12173 12211 E IMGMapper: set:488 set: Unset optional value from type SMPTE2086
11-06 14:45:12.506 12173 12211 E IMGMapper: set:488 set: Unset optional value from type CTA861_3
11-06 14:45:12.521 12173 12211 E IMGMapper: set:488 set: Unset optional value from type SMPTE2086
11-06 14:45:12.521 12173 12211 E IMGMapper: set:488 set: Unset optional value from type CTA861_3
11-06 14:45:12.539  1693  1693 I WifiHAL : Get link layer stats
11-06 14:45:12.539  1693  1693 I WifiHAL : GetLinkStatsCommand::create
11-06 14:45:12.539  1693  1693 D android.hardware.wifi@1.0-service-lazy: WifiRequest::create vendor command to iface 38, vendor_id=0x1a11, subcmd=0x1200, res=0
11-06 14:45:12.539  1693  1693 I android.hardware.wifi@1.0-service-lazy: WifiCommand::requestResponse err=-95
11-06 14:45:12.539  1693  1693 I WifiHAL : wifi_get_link_stats: result=-3
11-06 14:45:12.541 12173 12211 E IMGMapper: set:488 set: Unset optional value from type SMPTE2086
11-06 14:45:12.541  1187  1566 E WifiVendorHal: getWifiLinkLayerStats_1_5_Internal(l.1179) failed {.code = ERROR_NOT_SUPPORTED, .description = }
11-06 14:45:12.541 12173 12211 E IMGMapper: set:488 set: Unset optional value from type CTA861_3
11-06 14:45:12.546  1187 22074 D SemWifiUsabilityStatsMonitor: onWifiUsabilityStats - seqNum 112406, isSameBssidAndFreq true
11-06 14:45:12.547  1187  1645 I SemWifiLinkQualityMonitor: Link Qos query: inf. ms / 0 Mbps
11-06 14:45:12.554 12173 12211 E IMGMapper: set:488 set: Unset optional value from type SMPTE2086
11-06 14:45:12.554 12173 12211 E IMGMapper: set:488 set: Unset optional value from type CTA861_3
11-06 14:45:12.574 12173 12211 E IMGMapper: set:488 set: Unset optional value from type SMPTE2086
11-06 14:45:12.574 12173 12211 E IMGMapper: set:488 set: Unset optional value from type CTA861_3
11-06 14:45:12.593 12173 12211 E IMGMapper: set:488 set: Unset optional value from type SMPTE2086
11-06 14:45:12.594 12173 12211 E IMGMapper: set:488 set: Unset optional value from type CTA861_3
11-06 14:45:12.606 12173 12211 E IMGMapper: set:488 set: Unset optional value from type SMPTE2086
11-06 14:45:12.606 12173 12211 E IMGMapper: set:488 set: Unset optional value from type CTA861_3
11-06 14:45:12.628 12173 12211 E IMGMapper: set:488 set: Unset optional value from type SMPTE2086
11-06 14:45:12.628 12173 12211 E IMGMapper: set:488 set: Unset optional value from type CTA861_3
11-06 14:45:12.637 12173 12211 E IMGMapper: set:488 set: Unset optional value from type SMPTE2086
11-06 14:45:12.637 12173 12211 E IMGMapper: set:488 set: Unset optional value from type CTA861_3
11-06 14:45:12.653 12173 12211 E IMGMapper: set:488 set: Unset optional value from type SMPTE2086
11-06 14:45:12.653 12173 12211 E IMGMapper: set:488 set: Unset optional value from type CTA861_3
11-06 14:45:12.670 12173 12211 E IMGMapper: set:488 set: Unset optional value from type SMPTE2086
11-06 14:45:12.670 12173 12211 E IMGMapper: set:488 set: Unset optional value from type CTA861_3
11-06 14:45:12.685 12173 12211 E IMGMapper: set:488 set: Unset optional value from type SMPTE2086
11-06 14:45:12.685 12173 12211 E IMGMapper: set:488 set: Unset optional value from type CTA861_3
11-06 14:45:12.701 12173 12211 E IMGMapper: set:488 set: Unset optional value from type SMPTE2086
11-06 14:45:12.701 12173 12211 E IMGMapper: set:488 set: Unset optional value from type CTA861_3
11-06 14:45:12.712  1187  4547 D InputDispatcher: Inject motion (12421/2000): action=0x1, time=3435970378000000, f=0x0, d=0 dsdx=1.000000 dtdx=0.000000
11-06 14:45:12.713  1187  1534 I InputDispatcher: Delivering touch to (12173): action: 0x1, f=0x0, d=0, 'a4ad57e', t=1 
11-06 14:45:12.714  1187  1187 I SemDvfsHyPerManager: acquire hyper - SMOOTH_SCROLL/1187@17, type = -999
11-06 14:45:12.715   896   910 I HYPER-HAL: [RequestManager.cpp]acquire(): Acquired ID : 725427  [1187 / 17]    HINT : SMOOTH_SCROLL    list : 
11-06 14:45:12.715  1187  1187 D SGM:GameManager: identifyGamePackage. com.cinemamovel, mCurrentUserId: 0, callerUserId: 0, callingMethodInfo: com.android.server.ssrm.fgapps.GameAppUtils.isGame(GameAppUtils.java:84)
11-06 14:45:12.715  1187  1187 D SGM:PkgDataHelper: getGamePkgData(). com.cinemamovel
11-06 14:45:12.715  1187  1187 I SemDvfsHyPerManager: acquire hyper - GESTURE_DETECTED/1187@18, type = -999
11-06 14:45:12.716   896   910 I mtkpower_client: perf_lock_rel, hdl:1056938, tid:910
11-06 14:45:12.716   896   910 I mtkpower_client: perf_lock_acq, hdl:0, dur:0, num:2, tid:910
11-06 14:45:12.716  1014  1065 I libPowerHal: [perfLockRel] hdl:1056938, idx:0
11-06 14:45:12.717  1187  1187 D SGM:GameManager: identifyGamePackage. com.cinemamovel, mCurrentUserId: 0, callerUserId: 0, callingMethodInfo: com.android.server.ssrm.fgapps.GameAppUtils.isGame(GameAppUtils.java:84)
11-06 14:45:12.717  1187  1187 D SGM:PkgDataHelper: getGamePkgData(). com.cinemamovel
11-06 14:45:12.717  1014  1065 I libPowerHal: vendor.samsung.: cpu_ctrl set cpu freq: 1218000 -1 -1 -1
11-06 14:45:12.717  1187  1187 I SemDvfsHyPerManager: acquire hyper - GESTURE_DETECTED/1187@18, type = -999
11-06 14:45:12.718 12173 12173 I ViewRootImpl@706bef1[MainActivity]: ViewPostIme pointer 1
11-06 14:45:12.718   896   910 I mtkpower_client: ret_hdl:1056940
11-06 14:45:12.718   896   910 I mtkpower_client: perf_lock_rel, hdl:1056939, tid:910
11-06 14:45:12.718  1014  1065 I libPowerHal: [perfLockAcq] idx:2 hdl:1056940 hint:-1 pid:896 duration:0 lock_user:vendor.samsung. => ret_hdl:1056940
11-06 14:45:12.718  1014  1065 I libPowerHal: vendor.samsung.: cpu_ctrl set cpu freq: 1218000 -1 1138000 -1
11-06 14:45:12.719   896   910 I mtkpower_client: perf_lock_acq, hdl:0, dur:0, num:2, tid:910
11-06 14:45:12.719  1014  1065 I libPowerHal: [perfLockRel] hdl:1056939, idx:1
11-06 14:45:12.719  1014  1065 I libPowerHal: vendor.samsung.: cpu_ctrl set cpu freq: -1 -1 1138000 -1
11-06 14:45:12.720 12173 12211 E IMGMapper: set:488 set: Unset optional value from type SMPTE2086
11-06 14:45:12.720 12173 12211 E IMGMapper: set:488 set: Unset optional value from type CTA861_3
11-06 14:45:12.720   896   910 I mtkpower_client: ret_hdl:1056941
11-06 14:45:12.721  1014  1065 I libPowerHal: [perfLockAcq] idx:0 hdl:1056941 hint:-1 pid:896 duration:0 lock_user:vendor.samsung. => ret_hdl:1056941
11-06 14:45:12.721   896   910 I mtkpower_client: perf_lock_rel, hdl:1056940, tid:910
11-06 14:45:12.721  1014  1065 I libPowerHal: vendor.samsung.: cpu_ctrl set cpu freq: 1218000 -1 1138000 -1
11-06 14:45:12.722   896   910 I mtkpower_client: perf_lock_acq, hdl:0, dur:0, num:2, tid:910
11-06 14:45:12.722  1014  1065 I libPowerHal: [perfLockRel] hdl:1056940, idx:2
11-06 14:45:12.722  1014  1065 I libPowerHal: vendor.samsung.: cpu_ctrl set cpu freq: 1218000 -1 -1 -1
11-06 14:45:12.723   896   910 I mtkpower_client: ret_hdl:1056942
11-06 14:45:12.723   896   910 I mtkpower_client: perf_lock_rel, hdl:1056941, tid:910
11-06 14:45:12.723  1014  1065 I libPowerHal: [perfLockAcq] idx:1 hdl:1056942 hint:-1 pid:896 duration:0 lock_user:vendor.samsung. => ret_hdl:1056942
11-06 14:45:12.723  1014  1065 I libPowerHal: vendor.samsung.: cpu_ctrl set cpu freq: 1218000 -1 1138000 -1
11-06 14:45:12.723  1187  1187 I SemDvfsHyPerManager: acquire hyper - SMOOTH_SCROLL/1187@17, type = -999
11-06 14:45:12.725   896   910 I mtkpower_client: perf_lock_acq, hdl:0, dur:0, num:2, tid:910
11-06 14:45:12.725  1014  1065 I libPowerHal: [perfLockRel] hdl:1056941, idx:0
11-06 14:45:12.725  1014  1065 I libPowerHal: vendor.samsung.: cpu_ctrl set cpu freq: -1 -1 1138000 -1
11-06 14:45:12.727   896   910 I mtkpower_client: ret_hdl:1056943
11-06 14:45:12.727   896   910 I HYPER-HAL: [RequestManager.cpp]releaseLocked(): Released ID : 725427
11-06 14:45:12.727  1014  1065 I libPowerHal: [perfLockAcq] idx:0 hdl:1056943 hint:-1 pid:896 duration:0 lock_user:vendor.samsung. => ret_hdl:1056943
11-06 14:45:12.727   896   910 I HYPER-HAL: [RequestManager.cpp]acquire(): Acquired ID : 726633  [1187 / 18]    HINT : GESTURE_DETECTED    list : [TIMEOUT / 1702] 
11-06 14:45:12.727   896   910 I HYPER-HAL: [RequestManager.cpp]acquire(): Acquired ID : 726633  [1187 / 18]    HINT : GESTURE_DETECTED    list : [TIMEOUT / 1702] 
11-06 14:45:12.727   896   910 I HYPER-HAL: [RequestManager.cpp]acquire(): Acquired ID : 725427  [1187 / 17]    HINT : SMOOTH_SCROLL    list : 
11-06 14:45:12.727  1014  1065 I libPowerHal: vendor.samsung.: cpu_ctrl set cpu freq: 1218000 -1 1138000 -1
11-06 14:45:12.728   896   910 I mtkpower_client: perf_lock_rel, hdl:1056942, tid:910
11-06 14:45:12.729   896   910 I mtkpower_client: perf_lock_acq, hdl:0, dur:0, num:2, tid:910
11-06 14:45:12.729  1014  1065 I libPowerHal: [perfLockRel] hdl:1056942, idx:1
11-06 14:45:12.729  1014  1065 I libPowerHal: vendor.samsung.: cpu_ctrl set cpu freq: 1218000 -1 -1 -1
11-06 14:45:12.730   896   910 I mtkpower_client: ret_hdl:1056944
11-06 14:45:12.730   896   910 I mtkpower_client: perf_lock_rel, hdl:1056943, tid:910
11-06 14:45:12.730  1014  1065 I libPowerHal: [perfLockAcq] idx:1 hdl:1056944 hint:-1 pid:896 duration:0 lock_user:vendor.samsung. => ret_hdl:1056944
11-06 14:45:12.730  1014  1065 I libPowerHal: vendor.samsung.: cpu_ctrl set cpu freq: 1218000 -1 1138000 -1
11-06 14:45:12.731   896   910 I mtkpower_client: perf_lock_acq, hdl:0, dur:0, num:2, tid:910
11-06 14:45:12.731  1014  1065 I libPowerHal: [perfLockRel] hdl:1056943, idx:0
11-06 14:45:12.731  1014  1065 I libPowerHal: vendor.samsung.: cpu_ctrl set cpu freq: -1 -1 1138000 -1
11-06 14:45:12.732   896   910 I mtkpower_client: ret_hdl:1056945
11-06 14:45:12.732  1014  1065 I libPowerHal: [perfLockAcq] idx:2 hdl:1056945 hint:-1 pid:896 duration:0 lock_user:vendor.samsung. => ret_hdl:1056945
11-06 14:45:12.733  1014  1065 I libPowerHal: vendor.samsung.: cpu_ctrl set cpu freq: 1218000 -1 1138000 -1
11-06 14:45:12.737 12173 12211 E IMGMapper: set:488 set: Unset optional value from type SMPTE2086
11-06 14:45:12.737 12173 12211 E IMGMapper: set:488 set: Unset optional value from type CTA861_3
11-06 14:45:12.752 12173 12211 E IMGMapper: set:488 set: Unset optional value from type SMPTE2086
11-06 14:45:12.752 12173 12211 E IMGMapper: set:488 set: Unset optional value from type CTA861_3
11-06 14:45:12.777 12173 12211 E IMGMapper: set:488 set: Unset optional value from type SMPTE2086
11-06 14:45:12.777 12173 12211 E IMGMapper: set:488 set: Unset optional value from type CTA861_3
11-06 14:45:12.791 12173 12211 E IMGMapper: set:488 set: Unset optional value from type SMPTE2086
11-06 14:45:12.791 12173 12211 E IMGMapper: set:488 set: Unset optional value from type CTA861_3
11-06 14:45:12.826 12173 12211 E IMGMapper: set:488 set: Unset optional value from type SMPTE2086
11-06 14:45:12.826 12173 12211 E IMGMapper: set:488 set: Unset optional value from type CTA861_3
11-06 14:45:12.839 12173 12211 E IMGMapper: set:488 set: Unset optional value from type SMPTE2086
11-06 14:45:12.839 12173 12211 E IMGMapper: set:488 set: Unset optional value from type CTA861_3
11-06 14:45:12.855 12173 12211 E IMGMapper: set:488 set: Unset optional value from type SMPTE2086
11-06 14:45:12.855 12173 12211 E IMGMapper: set:488 set: Unset optional value from type CTA861_3
11-06 14:45:12.871 12173 12211 E IMGMapper: set:488 set: Unset optional value from type SMPTE2086
11-06 14:45:12.872 12173 12211 E IMGMapper: set:488 set: Unset optional value from type CTA861_3
11-06 14:45:12.884 12173 12211 E IMGMapper: set:488 set: Unset optional value from type SMPTE2086
11-06 14:45:12.884 12173 12211 E IMGMapper: set:488 set: Unset optional value from type CTA861_3
11-06 14:45:12.901 12173 12211 E IMGMapper: set:488 set: Unset optional value from type SMPTE2086
11-06 14:45:12.901 12173 12211 E IMGMapper: set:488 set: Unset optional value from type CTA861_3
11-06 14:45:12.918 12173 12211 E IMGMapper: set:488 set: Unset optional value from type SMPTE2086
11-06 14:45:12.918 12173 12211 E IMGMapper: set:488 set: Unset optional value from type CTA861_3
11-06 14:45:12.935 12173 12211 E IMGMapper: set:488 set: Unset optional value from type SMPTE2086
11-06 14:45:12.935 12173 12211 E IMGMapper: set:488 set: Unset optional value from type CTA861_3
11-06 14:45:12.953 12173 12211 E IMGMapper: set:488 set: Unset optional value from type SMPTE2086
11-06 14:45:12.953 12173 12211 E IMGMapper: set:488 set: Unset optional value from type CTA861_3
11-06 14:45:12.973 12173 12211 E IMGMapper: set:488 set: Unset optional value from type SMPTE2086
11-06 14:45:12.974 12173 12211 E IMGMapper: set:488 set: Unset optional value from type CTA861_3
11-06 14:45:12.979  1737  1942 D MobileStatusTracker(0/2): onSignalStrengthsChanged level=4, vendorLevel=3
11-06 14:45:12.980  1737  1942 D MobileSignalController(0/2): notifyListener: enabled=true, connected=true, dataConnected=true, networkType=LTE (4G), emergencyOnly=false, roaming=false, isDefault=false, dataActivity=, level=3, ca=false, mmWave=false, disabledDataIcon=false, simCard=ETC
11-06 14:45:12.989 12173 12211 E IMGMapper: set:488 set: Unset optional value from type SMPTE2086
11-06 14:45:12.989 12173 12211 E IMGMapper: set:488 set: Unset optional value from type CTA861_3
11-06 14:45:12.998  1737  1942 D NetworkController: SignalStrength from intent slotId=0
11-06 14:45:13.004 12173 12211 E IMGMapper: set:488 set: Unset optional value from type SMPTE2086
11-06 14:45:13.004 12173 12211 E IMGMapper: set:488 set: Unset optional value from type CTA861_3
11-06 14:45:13.018 12173 12211 E IMGMapper: set:488 set: Unset optional value from type SMPTE2086
11-06 14:45:13.018 12173 12211 E IMGMapper: set:488 set: Unset optional value from type CTA861_3
11-06 14:45:13.033 12173 12211 E IMGMapper: set:488 set: Unset optional value from type SMPTE2086
11-06 14:45:13.033 12173 12211 E IMGMapper: set:488 set: Unset optional value from type CTA861_3
11-06 14:45:13.072 12173 12211 E IMGMapper: set:488 set: Unset optional value from type SMPTE2086
11-06 14:45:13.072 12173 12211 E IMGMapper: set:488 set: Unset optional value from type CTA861_3
11-06 14:45:13.083 12173 12211 E IMGMapper: set:488 set: Unset optional value from type SMPTE2086
11-06 14:45:13.083 12173 12211 E IMGMapper: set:488 set: Unset optional value from type CTA861_3
11-06 14:45:13.100 12173 12211 E IMGMapper: set:488 set: Unset optional value from type SMPTE2086
11-06 14:45:13.100 12173 12211 E IMGMapper: set:488 set: Unset optional value from type CTA861_3
11-06 14:45:13.151 12173 12211 E IMGMapper: set:488 set: Unset optional value from type SMPTE2086
11-06 14:45:13.151 12173 12211 E IMGMapper: set:488 set: Unset optional value from type CTA861_3
11-06 14:45:13.171 12173 12211 E IMGMapper: set:488 set: Unset optional value from type SMPTE2086
11-06 14:45:13.171 12173 12211 E IMGMapper: set:488 set: Unset optional value from type CTA861_3
11-06 14:45:13.186 12173 12211 E IMGMapper: set:488 set: Unset optional value from type SMPTE2086
11-06 14:45:13.186 12173 12211 E IMGMapper: set:488 set: Unset optional value from type CTA861_3
11-06 14:45:13.190  1039  1039 I BufferQueueProducer: [com.cinemamovel/com.cinemamovel.MainActivity$_12173#692422](this:0xb400007a1f848838,id:-1,api:0,p:-1,c:1039) queueBuffer: fps=57.14 dur=1015.07 max=33.38 min=16.36
11-06 14:45:13.192   991 11009 I hwcomposer: [HWCDisplay] [Display_0 (type:1)] fps:57.137661,dur:1015.09,max:34.04,min:15.70  
11-06 14:45:13.200 12173 12211 E IMGMapper: set:488 set: Unset optional value from type SMPTE2086
11-06 14:45:13.200 12173 12211 E IMGMapper: set:488 set: Unset optional value from type CTA861_3
11-06 14:45:13.217 12173 12211 E IMGMapper: set:488 set: Unset optional value from type SMPTE2086
11-06 14:45:13.217 12173 12211 E IMGMapper: set:488 set: Unset optional value from type CTA861_3
11-06 14:45:13.233 12173 12211 E IMGMapper: set:488 set: Unset optional value from type SMPTE2086
11-06 14:45:13.234 12173 12211 E IMGMapper: set:488 set: Unset optional value from type CTA861_3
11-06 14:45:13.251 12173 12211 E IMGMapper: set:488 set: Unset optional value from type SMPTE2086
11-06 14:45:13.251 12173 12211 E IMGMapper: set:488 set: Unset optional value from type CTA861_3
11-06 14:45:13.267 12173 12211 E IMGMapper: set:488 set: Unset optional value from type SMPTE2086
11-06 14:45:13.267 12173 12211 E IMGMapper: set:488 set: Unset optional value from type CTA861_3
11-06 14:45:13.283 12173 12211 E IMGMapper: set:488 set: Unset optional value from type SMPTE2086
11-06 14:45:13.284 12173 12211 E IMGMapper: set:488 set: Unset optional value from type CTA861_3
11-06 14:45:13.300 12173 12211 E IMGMapper: set:488 set: Unset optional value from type SMPTE2086
11-06 14:45:13.300 12173 12211 E IMGMapper: set:488 set: Unset optional value from type CTA861_3
11-06 14:45:13.317 12173 12211 E IMGMapper: set:488 set: Unset optional value from type SMPTE2086
11-06 14:45:13.317 12173 12211 E IMGMapper: set:488 set: Unset optional value from type CTA861_3
11-06 14:45:13.334 12173 12211 E IMGMapper: set:488 set: Unset optional value from type SMPTE2086
11-06 14:45:13.334 12173 12211 E IMGMapper: set:488 set: Unset optional value from type CTA861_3
11-06 14:45:13.358 12173 12211 E IMGMapper: set:488 set: Unset optional value from type SMPTE2086
11-06 14:45:13.358 12173 12211 E IMGMapper: set:488 set: Unset optional value from type CTA861_3
11-06 14:45:13.375 12173 12211 E IMGMapper: set:488 set: Unset optional value from type SMPTE2086
11-06 14:45:13.375 12173 12211 E IMGMapper: set:488 set: Unset optional value from type CTA861_3
11-06 14:45:13.411 12173 12211 E IMGMapper: set:488 set: Unset optional value from type SMPTE2086
11-06 14:45:13.411 12173 12211 E IMGMapper: set:488 set: Unset optional value from type CTA861_3
11-06 14:45:13.422 12173 12211 E IMGMapper: set:488 set: Unset optional value from type SMPTE2086
11-06 14:45:13.422 12173 12211 E IMGMapper: set:488 set: Unset optional value from type CTA861_3
11-06 14:45:13.437 12173 12211 E IMGMapper: set:488 set: Unset optional value from type SMPTE2086
11-06 14:45:13.437 12173 12211 E IMGMapper: set:488 set: Unset optional value from type CTA861_3
11-06 14:45:13.454 12173 12211 E IMGMapper: set:488 set: Unset optional value from type SMPTE2086
11-06 14:45:13.455 12173 12211 E IMGMapper: set:488 set: Unset optional value from type CTA861_3
11-06 14:45:13.470 12173 12211 E IMGMapper: set:488 set: Unset optional value from type SMPTE2086
11-06 14:45:13.470 12173 12211 E IMGMapper: set:488 set: Unset optional value from type CTA861_3
11-06 14:45:13.484 12173 12211 E IMGMapper: set:488 set: Unset optional value from type SMPTE2086
11-06 14:45:13.484 12173 12211 E IMGMapper: set:488 set: Unset optional value from type CTA861_3
11-06 14:45:13.501 12173 12211 E IMGMapper: set:488 set: Unset optional value from type SMPTE2086
11-06 14:45:13.501 12173 12211 E IMGMapper: set:488 set: Unset optional value from type CTA861_3
11-06 14:45:13.518 12173 12211 E IMGMapper: set:488 set: Unset optional value from type SMPTE2086
11-06 14:45:13.518 12173 12211 E IMGMapper: set:488 set: Unset optional value from type CTA861_3
11-06 14:45:13.534 12173 12211 E IMGMapper: set:488 set: Unset optional value from type SMPTE2086
11-06 14:45:13.534 12173 12211 E IMGMapper: set:488 set: Unset optional value from type CTA861_3
11-06 14:45:13.551 12173 12211 E IMGMapper: set:488 set: Unset optional value from type SMPTE2086
11-06 14:45:13.551 12173 12211 E IMGMapper: set:488 set: Unset optional value from type CTA861_3
11-06 14:45:13.568 12173 12211 E IMGMapper: set:488 set: Unset optional value from type SMPTE2086
11-06 14:45:13.568 12173 12211 E IMGMapper: set:488 set: Unset optional value from type CTA861_3
11-06 14:45:13.584 12173 12211 E IMGMapper: set:488 set: Unset optional value from type SMPTE2086
11-06 14:45:13.584 12173 12211 E IMGMapper: set:488 set: Unset optional value from type CTA861_3
11-06 14:45:13.601 12173 12211 E IMGMapper: set:488 set: Unset optional value from type SMPTE2086
11-06 14:45:13.602 12173 12211 E IMGMapper: set:488 set: Unset optional value from type CTA861_3
11-06 14:45:13.618 12173 12211 E IMGMapper: set:488 set: Unset optional value from type SMPTE2086
11-06 14:45:13.618 12173 12211 E IMGMapper: set:488 set: Unset optional value from type CTA861_3
11-06 14:45:13.635 12173 12211 E IMGMapper: set:488 set: Unset optional value from type SMPTE2086
11-06 14:45:13.635 12173 12211 E IMGMapper: set:488 set: Unset optional value from type CTA861_3
11-06 14:45:13.655 12173 12211 E IMGMapper: set:488 set: Unset optional value from type SMPTE2086
11-06 14:45:13.655 12173 12211 E IMGMapper: set:488 set: Unset optional value from type CTA861_3
11-06 14:45:13.674 12173 12211 E IMGMapper: set:488 set: Unset optional value from type SMPTE2086
11-06 14:45:13.674 12173 12211 E IMGMapper: set:488 set: Unset optional value from type CTA861_3
11-06 14:45:13.688 12173 12211 E IMGMapper: set:488 set: Unset optional value from type SMPTE2086
11-06 14:45:13.688 12173 12211 E IMGMapper: set:488 set: Unset optional value from type CTA861_3
11-06 14:45:13.704 12173 12211 E IMGMapper: set:488 set: Unset optional value from type SMPTE2086
11-06 14:45:13.704 12173 12211 E IMGMapper: set:488 set: Unset optional value from type CTA861_3
11-06 14:45:13.720 12173 12211 E IMGMapper: set:488 set: Unset optional value from type SMPTE2086
11-06 14:45:13.720 12173 12211 E IMGMapper: set:488 set: Unset optional value from type CTA861_3
11-06 14:45:13.737 12173 12211 E IMGMapper: set:488 set: Unset optional value from type SMPTE2086
11-06 14:45:13.737 12173 12211 E IMGMapper: set:488 set: Unset optional value from type CTA861_3
11-06 14:45:13.751 12173 12211 E IMGMapper: set:488 set: Unset optional value from type SMPTE2086
11-06 14:45:13.751 12173 12211 E IMGMapper: set:488 set: Unset optional value from type CTA861_3
11-06 14:45:13.768 12173 12211 E IMGMapper: set:488 set: Unset optional value from type SMPTE2086
11-06 14:45:13.768 12173 12211 E IMGMapper: set:488 set: Unset optional value from type CTA861_3
11-06 14:45:13.784 12173 12211 E IMGMapper: set:488 set: Unset optional value from type SMPTE2086
11-06 14:45:13.784 12173 12211 E IMGMapper: set:488 set: Unset optional value from type CTA861_3
11-06 14:45:13.801 12173 12211 E IMGMapper: set:488 set: Unset optional value from type SMPTE2086
11-06 14:45:13.801 12173 12211 E IMGMapper: set:488 set: Unset optional value from type CTA861_3
11-06 14:45:13.818 12173 12211 E IMGMapper: set:488 set: Unset optional value from type SMPTE2086
11-06 14:45:13.818 12173 12211 E IMGMapper: set:488 set: Unset optional value from type CTA861_3
11-06 14:45:13.834 12173 12211 E IMGMapper: set:488 set: Unset optional value from type SMPTE2086
11-06 14:45:13.834 12173 12211 E IMGMapper: set:488 set: Unset optional value from type CTA861_3
11-06 14:45:13.851 12173 12211 E IMGMapper: set:488 set: Unset optional value from type SMPTE2086
11-06 14:45:13.852 12173 12211 E IMGMapper: set:488 set: Unset optional value from type CTA861_3
11-06 14:45:13.869 12173 12211 E IMGMapper: set:488 set: Unset optional value from type SMPTE2086
11-06 14:45:13.870 12173 12211 E IMGMapper: set:488 set: Unset optional value from type CTA861_3
11-06 14:45:13.886 12173 12211 E IMGMapper: set:488 set: Unset optional value from type SMPTE2086
11-06 14:45:13.886 12173 12211 E IMGMapper: set:488 set: Unset optional value from type CTA861_3
11-06 14:45:13.902 12173 12211 E IMGMapper: set:488 set: Unset optional value from type SMPTE2086
11-06 14:45:13.902 12173 12211 E IMGMapper: set:488 set: Unset optional value from type CTA861_3
11-06 14:45:13.924 12173 12211 E IMGMapper: set:488 set: Unset optional value from type SMPTE2086
11-06 14:45:13.925 12173 12211 E IMGMapper: set:488 set: Unset optional value from type CTA861_3
11-06 14:45:13.944 12173 12211 E IMGMapper: set:488 set: Unset optional value from type SMPTE2086
11-06 14:45:13.944 12173 12211 E IMGMapper: set:488 set: Unset optional value from type CTA861_3
11-06 14:45:13.974  1187  1598 W DeviceStorageMonitorService: updateBroadcasts(/data) oldLevel:0, newLevel:0, seq:1
11-06 14:45:13.976  1187  1598 D DeviceStorageMonitorService: Available File Node Number is [12319479]
11-06 14:45:13.976  1187  1598 W DeviceStorageMonitorService: updateBroadcasts_filenode(/data) fn_oldLevel:0, fn_newLevel:0, seq:1
11-06 14:45:13.979 12173 12211 E IMGMapper: set:488 set: Unset optional value from type SMPTE2086
11-06 14:45:13.979 12173 12211 E IMGMapper: set:488 set: Unset optional value from type CTA861_3
11-06 14:45:13.988 12173 12211 E IMGMapper: set:488 set: Unset optional value from type SMPTE2086
11-06 14:45:13.988 12173 12211 E IMGMapper: set:488 set: Unset optional value from type CTA861_3
11-06 14:45:13.996  1187  1866 D InputDispatcher: Inject motion (12428/2000): action=0x0, time=3435971662000000, f=0x0, d=0 dsdx=1.000000 dtdx=0.000000
11-06 14:45:13.997  1187  1534 I InputDispatcher: Delivering touch to (1737): action: 0x4, f=0x0, d=0, 'd92b8ad', t=1 
11-06 14:45:13.997  1187  1534 I InputDispatcher: Delivering touch to (12173): action: 0x0, f=0x0, d=0, 'a4ad57e', t=1 
11-06 14:45:13.997  1187  1534 D PowerManagerService: [api] userActivityFromNative :  (event: 2 flags: 0 displayId: 0) eventTime = 3435971662
11-06 14:45:13.998  1187  1303 I GestureDetector: obtain mCurrentDownEvent. id: -664217682 caller: com.android.server.wm.SystemGesturesPointerEventListener.onPointerEvent:203 com.android.server.wm.PointerEventDispatcher.onInputEvent:53 android.view.InputEventReceiver.dispatchInputEvent:285 
11-06 14:45:13.998  1187  1303 I GestureDetector: obtain mCurrentDownEvent. id: -664217682 caller: com.android.server.wm.SystemPerformancePointerEventListener.onPointerEvent:89 com.android.server.wm.PointerEventDispatcher.onInputEvent:53 android.view.InputEventReceiver.dispatchInputEvent:285 
11-06 14:45:13.999 12173 12173 I ViewRootImpl@706bef1[MainActivity]: ViewPostIme pointer 0
11-06 14:45:14.005 12173 12211 E IMGMapper: set:488 set: Unset optional value from type SMPTE2086
11-06 14:45:14.005 12173 12211 E IMGMapper: set:488 set: Unset optional value from type CTA861_3
11-06 14:45:14.009  1187  1303 I GestureDetector: obtain mCurrentMotionEventRaw. action: 2 id: -30544249
11-06 14:45:14.009  1187  1303 I GestureDetector: obtain mCurrentMotionEventRaw. action: 2 id: -30544249
