11-06 14:45:14.016   896   910 I mtkpower_client: perf_lock_rel, hdl:1056944, tid:910
11-06 14:45:14.016   896   910 I mtkpower_client: perf_lock_acq, hdl:0, dur:0, num:2, tid:910
11-06 14:45:14.017  1014  1065 I libPowerHal: [perfLockRel] hdl:1056944, idx:1
11-06 14:45:14.017  1014  1065 I libPowerHal: vendor.samsung.: cpu_ctrl set cpu freq: 1218000 -1 -1 -1
11-06 14:45:14.018   896   910 I mtkpower_client: ret_hdl:1056946
11-06 14:45:14.018  1014  1065 I libPowerHal: [perfLockAcq] idx:0 hdl:1056946 hint:-1 pid:896 duration:0 lock_user:vendor.samsung. => ret_hdl:1056946
11-06 14:45:14.018   896   910 I mtkpower_client: perf_lock_rel, hdl:1056945, tid:910
11-06 14:45:14.018  1014  1065 I libPowerHal: vendor.samsung.: cpu_ctrl set cpu freq: 1218000 -1 1138000 -1
11-06 14:45:14.019   896   910 I mtkpower_client: perf_lock_acq, hdl:0, dur:0, num:2, tid:910
11-06 14:45:14.019  1014  1065 I libPowerHal: [perfLockRel] hdl:1056945, idx:2
11-06 14:45:14.019  1014  1065 I libPowerHal: vendor.samsung.: cpu_ctrl set cpu freq: -1 -1 1138000 -1
11-06 14:45:14.020   896   910 I mtkpower_client: ret_hdl:1056947
11-06 14:45:14.020   896   910 I HYPER-HAL: [RequestManager.cpp]releaseLocked(): Released ID : 725427
11-06 14:45:14.020  1014  1065 I libPowerHal: [perfLockAcq] idx:1 hdl:1056947 hint:-1 pid:896 duration:0 lock_user:vendor.samsung. => ret_hdl:1056947
11-06 14:45:14.021  1014  1065 I libPowerHal: vendor.samsung.: cpu_ctrl set cpu freq: 1218000 -1 1138000 -1
11-06 14:45:14.023 12173 12211 E IMGMapper: set:488 set: Unset optional value from type SMPTE2086
11-06 14:45:14.023 12173 12211 E IMGMapper: set:488 set: Unset optional value from type CTA861_3
11-06 14:45:14.038 12173 12211 E IMGMapper: set:488 set: Unset optional value from type SMPTE2086
11-06 14:45:14.038 12173 12211 E IMGMapper: set:488 set: Unset optional value from type CTA861_3
11-06 14:45:14.054 12173 12211 E IMGMapper: set:488 set: Unset optional value from type SMPTE2086
11-06 14:45:14.054 12173 12211 E IMGMapper: set:488 set: Unset optional value from type CTA861_3
11-06 14:45:14.068 12173 12211 E IMGMapper: set:488 set: Unset optional value from type SMPTE2086
11-06 14:45:14.068 12173 12211 E IMGMapper: set:488 set: Unset optional value from type CTA861_3
11-06 14:45:14.087 12173 12211 E IMGMapper: set:488 set: Unset optional value from type SMPTE2086
11-06 14:45:14.087 12173 12211 E IMGMapper: set:488 set: Unset optional value from type CTA861_3
11-06 14:45:14.104 12173 12211 E IMGMapper: set:488 set: Unset optional value from type SMPTE2086
11-06 14:45:14.104 12173 12211 E IMGMapper: set:488 set: Unset optional value from type CTA861_3
11-06 14:45:14.124 12173 12211 E IMGMapper: set:488 set: Unset optional value from type SMPTE2086
11-06 14:45:14.124 12173 12211 E IMGMapper: set:488 set: Unset optional value from type CTA861_3
11-06 14:45:14.137 12173 12211 E IMGMapper: set:488 set: Unset optional value from type SMPTE2086
11-06 14:45:14.137 12173 12211 E IMGMapper: set:488 set: Unset optional value from type CTA861_3
11-06 14:45:14.149   543   543 D io_stats: !@ 179,0 r 634108547 7655036402 w 115004716 1219536624 d 1261444 33798280 f 0 0 iot 326859704 0 th 0 0 0 pt 0 inp 0 0 3435971.815
11-06 14:45:14.159 12173 12211 E IMGMapper: set:488 set: Unset optional value from type SMPTE2086
11-06 14:45:14.159 12173 12211 E IMGMapper: set:488 set: Unset optional value from type CTA861_3
11-06 14:45:14.167 12173 12211 E IMGMapper: set:488 set: Unset optional value from type SMPTE2086
11-06 14:45:14.167 12173 12211 E IMGMapper: set:488 set: Unset optional value from type CTA861_3
11-06 14:45:14.183 12173 12211 E IMGMapper: set:488 set: Unset optional value from type SMPTE2086
11-06 14:45:14.183 12173 12211 E IMGMapper: set:488 set: Unset optional value from type CTA861_3
11-06 14:45:14.200 12173 12211 E IMGMapper: set:488 set: Unset optional value from type SMPTE2086
11-06 14:45:14.200 12173 12211 E IMGMapper: set:488 set: Unset optional value from type CTA861_3
11-06 14:45:14.206  1039  1039 I BufferQueueProducer: [com.cinemamovel/com.cinemamovel.MainActivity$_12173#692422](this:0xb400007a1f848838,id:-1,api:0,p:-1,c:1039) queueBuffer: fps=57.13 dur=1015.22 max=33.92 min=16.01
11-06 14:45:14.208   991 11009 I hwcomposer: [HWCDisplay] [Display_0 (type:1)] fps:57.115704,dur:1015.48,max:33.98,min:15.79  
11-06 14:45:14.217 12173 12211 E IMGMapper: set:488 set: Unset optional value from type SMPTE2086
11-06 14:45:14.217 12173 12211 E IMGMapper: set:488 set: Unset optional value from type CTA861_3
11-06 14:45:14.234 12173 12211 E IMGMapper: set:488 set: Unset optional value from type SMPTE2086
11-06 14:45:14.234 12173 12211 E IMGMapper: set:488 set: Unset optional value from type CTA861_3
11-06 14:45:14.252 12173 12211 E IMGMapper: set:488 set: Unset optional value from type SMPTE2086
11-06 14:45:14.253 12173 12211 E IMGMapper: set:488 set: Unset optional value from type CTA861_3
11-06 14:45:14.269 12173 12211 E IMGMapper: set:488 set: Unset optional value from type SMPTE2086
11-06 14:45:14.269 12173 12211 E IMGMapper: set:488 set: Unset optional value from type CTA861_3
11-06 14:45:14.272  1200  1324 D ULogGuard: Monitoring: 16 threads, 0 requests, 0 time-bombs; 1 guards. ResetFlags = 0x7
11-06 14:45:14.286 12173 12211 E IMGMapper: set:488 set: Unset optional value from type SMPTE2086
11-06 14:45:14.286 12173 12211 E IMGMapper: set:488 set: Unset optional value from type CTA861_3
11-06 14:45:14.301 12173 12211 E IMGMapper: set:488 set: Unset optional value from type SMPTE2086
11-06 14:45:14.301 12173 12211 E IMGMapper: set:488 set: Unset optional value from type CTA861_3
11-06 14:45:14.311  1187  1866 D InputDispatcher: Inject motion (12428/2000): action=0x1, time=3435971977000000, f=0x0, d=0 dsdx=1.000000 dtdx=0.000000
11-06 14:45:14.312  1187  1534 I InputDispatcher: Delivering touch to (12173): action: 0x1, f=0x0, d=0, 'a4ad57e', t=1 
11-06 14:45:14.313  1187  1187 I SemDvfsHyPerManager: acquire hyper - SMOOTH_SCROLL/1187@17, type = -999
11-06 14:45:14.314   896   910 I HYPER-HAL: [RequestManager.cpp]acquire(): Acquired ID : 725427  [1187 / 17]    HINT : SMOOTH_SCROLL    list : 
11-06 14:45:14.314   896   910 I mtkpower_client: perf_lock_rel, hdl:1056946, tid:910
11-06 14:45:14.315   896   910 I mtkpower_client: perf_lock_acq, hdl:0, dur:0, num:2, tid:910
11-06 14:45:14.315  1187  1187 D SGM:GameManager: identifyGamePackage. com.cinemamovel, mCurrentUserId: 0, callerUserId: 0, callingMethodInfo: com.android.server.ssrm.fgapps.GameAppUtils.isGame(GameAppUtils.java:84)
11-06 14:45:14.315  1187  1187 D SGM:PkgDataHelper: getGamePkgData(). com.cinemamovel
11-06 14:45:14.315  1187  1187 I SemDvfsHyPerManager: acquire hyper - GESTURE_DETECTED/1187@18, type = -999
11-06 14:45:14.315  1014  1065 I libPowerHal: [perfLockRel] hdl:1056946, idx:0
11-06 14:45:14.316  1014  1065 I libPowerHal: vendor.samsung.: cpu_ctrl set cpu freq: 1218000 -1 -1 -1
11-06 14:45:14.316  1187  1187 D SGM:GameManager: identifyGamePackage. com.cinemamovel, mCurrentUserId: 0, callerUserId: 0, callingMethodInfo: com.android.server.ssrm.fgapps.GameAppUtils.isGame(GameAppUtils.java:84)
11-06 14:45:14.316  1187  1187 D SGM:PkgDataHelper: getGamePkgData(). com.cinemamovel
11-06 14:45:14.316  1187  1187 I SemDvfsHyPerManager: acquire hyper - GESTURE_DETECTED/1187@18, type = -999
11-06 14:45:14.317   896   910 I mtkpower_client: ret_hdl:1056948
11-06 14:45:14.317   896   910 I mtkpower_client: perf_lock_rel, hdl:1056947, tid:910
11-06 14:45:14.317  1014  1065 I libPowerHal: [perfLockAcq] idx:2 hdl:1056948 hint:-1 pid:896 duration:0 lock_user:vendor.samsung. => ret_hdl:1056948
11-06 14:45:14.317  1014  1065 I libPowerHal: vendor.samsung.: cpu_ctrl set cpu freq: 1218000 -1 1138000 -1
11-06 14:45:14.318  1014  1065 I libPowerHal: [perfLockRel] hdl:1056947, idx:1
11-06 14:45:14.318   896   910 I mtkpower_client: perf_lock_acq, hdl:0, dur:0, num:2, tid:910
11-06 14:45:14.319  1014  1065 I libPowerHal: vendor.samsung.: cpu_ctrl set cpu freq: -1 -1 1138000 -1
11-06 14:45:14.320   896   910 I mtkpower_client: ret_hdl:1056949
11-06 14:45:14.320   896   910 I mtkpower_client: perf_lock_rel, hdl:1056948, tid:910
11-06 14:45:14.320  1014  1065 I libPowerHal: [perfLockAcq] idx:0 hdl:1056949 hint:-1 pid:896 duration:0 lock_user:vendor.samsung. => ret_hdl:1056949
11-06 14:45:14.320  1014  1065 I libPowerHal: vendor.samsung.: cpu_ctrl set cpu freq: 1218000 -1 1138000 -1
11-06 14:45:14.321   896   910 I mtkpower_client: perf_lock_acq, hdl:0, dur:0, num:2, tid:910
11-06 14:45:14.321  1014  1065 I libPowerHal: [perfLockRel] hdl:1056948, idx:2
11-06 14:45:14.321  1014  1065 I libPowerHal: vendor.samsung.: cpu_ctrl set cpu freq: 1218000 -1 -1 -1
11-06 14:45:14.322   896   910 I mtkpower_client: ret_hdl:1056950
11-06 14:45:14.322   896   910 I mtkpower_client: perf_lock_rel, hdl:1056949, tid:910
11-06 14:45:14.323  1014  1065 I libPowerHal: [perfLockAcq] idx:1 hdl:1056950 hint:-1 pid:896 duration:0 lock_user:vendor.samsung. => ret_hdl:1056950
11-06 14:45:14.323  1014  1065 I libPowerHal: vendor.samsung.: cpu_ctrl set cpu freq: 1218000 -1 1138000 -1
11-06 14:45:14.324   896   910 I mtkpower_client: perf_lock_acq, hdl:0, dur:0, num:2, tid:910
11-06 14:45:14.326   896   910 I mtkpower_client: ret_hdl:1056951
11-06 14:45:14.326   896   910 I HYPER-HAL: [RequestManager.cpp]releaseLocked(): Released ID : 725427
11-06 14:45:14.326   896   910 I HYPER-HAL: [RequestManager.cpp]acquire(): Acquired ID : 726633  [1187 / 18]    HINT : GESTURE_DETECTED    list : [TIMEOUT / 1702] 
11-06 14:45:14.326   896   910 I HYPER-HAL: [RequestManager.cpp]acquire(): Acquired ID : 726633  [1187 / 18]    HINT : GESTURE_DETECTED    list : [TIMEOUT / 1702] 
11-06 14:45:14.326 12173 12173 I ViewRootImpl@706bef1[MainActivity]: ViewPostIme pointer 1
11-06 14:45:14.330 12173 12211 E IMGMapper: set:488 set: Unset optional value from type SMPTE2086
11-06 14:45:14.331 12173 12211 E IMGMapper: set:488 set: Unset optional value from type CTA861_3
11-06 14:45:14.332  1014  1065 I libPowerHal: [perfLockRel] hdl:1056949, idx:0
11-06 14:45:14.333  1014  1065 I libPowerHal: vendor.samsung.: cpu_ctrl set cpu freq: -1 -1 1138000 -1
11-06 14:45:14.334  1187  1187 I SemDvfsHyPerManager: acquire hyper - SMOOTH_SCROLL/1187@17, type = -999
11-06 14:45:14.334  1014  1065 I libPowerHal: [perfLockAcq] idx:2 hdl:1056951 hint:-1 pid:896 duration:0 lock_user:vendor.samsung. => ret_hdl:1056951
11-06 14:45:14.335   896   910 I HYPER-HAL: [RequestManager.cpp]acquire(): Acquired ID : 725427  [1187 / 17]    HINT : SMOOTH_SCROLL    list : 
11-06 14:45:14.335  1014  1065 I libPowerHal: vendor.samsung.: cpu_ctrl set cpu freq: 1218000 -1 1138000 -1
11-06 14:45:14.335   896   910 I mtkpower_client: perf_lock_rel, hdl:1056950, tid:910
11-06 14:45:14.336   896   910 I mtkpower_client: perf_lock_acq, hdl:0, dur:0, num:2, tid:910
11-06 14:45:14.336  1014  1065 I libPowerHal: [perfLockRel] hdl:1056950, idx:1
11-06 14:45:14.336  1014  1065 I libPowerHal: vendor.samsung.: cpu_ctrl set cpu freq: 1218000 -1 -1 -1
11-06 14:45:14.337   896   910 I mtkpower_client: ret_hdl:1056952
11-06 14:45:14.337   896   910 I mtkpower_client: perf_lock_rel, hdl:1056951, tid:910
11-06 14:45:14.337  1014  1065 I libPowerHal: [perfLockAcq] idx:0 hdl:1056952 hint:-1 pid:896 duration:0 lock_user:vendor.samsung. => ret_hdl:1056952
11-06 14:45:14.338  1014  1065 I libPowerHal: vendor.samsung.: cpu_ctrl set cpu freq: 1218000 -1 1138000 -1
11-06 14:45:14.338   896   910 I mtkpower_client: perf_lock_acq, hdl:0, dur:0, num:2, tid:910
11-06 14:45:14.339 12173 12211 E IMGMapper: set:488 set: Unset optional value from type SMPTE2086
11-06 14:45:14.339 12173 12211 E IMGMapper: set:488 set: Unset optional value from type CTA861_3
11-06 14:45:14.343  1014  1065 I libPowerHal: [perfLockRel] hdl:1056951, idx:2
11-06 14:45:14.344  1014  1065 I libPowerHal: vendor.samsung.: cpu_ctrl set cpu freq: -1 -1 1138000 -1
11-06 14:45:14.345   896   910 I mtkpower_client: ret_hdl:1056953
11-06 14:45:14.345  1014  1065 I libPowerHal: [perfLockAcq] idx:1 hdl:1056953 hint:-1 pid:896 duration:0 lock_user:vendor.samsung. => ret_hdl:1056953
11-06 14:45:14.345  1014  1065 I libPowerHal: vendor.samsung.: cpu_ctrl set cpu freq: 1218000 -1 1138000 -1
11-06 14:45:14.349 12173 12211 E IMGMapper: set:488 set: Unset optional value from type SMPTE2086
11-06 14:45:14.349 12173 12211 E IMGMapper: set:488 set: Unset optional value from type CTA861_3
11-06 14:45:14.371 12173 12211 E IMGMapper: set:488 set: Unset optional value from type SMPTE2086
11-06 14:45:14.371 12173 12211 E IMGMapper: set:488 set: Unset optional value from type CTA861_3
11-06 14:45:14.389 12173 12211 E IMGMapper: set:488 set: Unset optional value from type SMPTE2086
11-06 14:45:14.389 12173 12211 E IMGMapper: set:488 set: Unset optional value from type CTA861_3
11-06 14:45:14.403 12173 12211 E IMGMapper: set:488 set: Unset optional value from type SMPTE2086
11-06 14:45:14.403 12173 12211 E IMGMapper: set:488 set: Unset optional value from type CTA861_3
11-06 14:45:14.420 12173 12211 E IMGMapper: set:488 set: Unset optional value from type SMPTE2086
11-06 14:45:14.420 12173 12211 E IMGMapper: set:488 set: Unset optional value from type CTA861_3
11-06 14:45:14.433 12173 12211 E IMGMapper: set:488 set: Unset optional value from type SMPTE2086
11-06 14:45:14.433 12173 12211 E IMGMapper: set:488 set: Unset optional value from type CTA861_3
11-06 14:45:14.451 12173 12211 E IMGMapper: set:488 set: Unset optional value from type SMPTE2086
11-06 14:45:14.452 12173 12211 E IMGMapper: set:488 set: Unset optional value from type CTA861_3
11-06 14:45:14.466 12173 12211 E IMGMapper: set:488 set: Unset optional value from type SMPTE2086
11-06 14:45:14.466 12173 12211 E IMGMapper: set:488 set: Unset optional value from type CTA861_3
11-06 14:45:14.483 12173 12211 E IMGMapper: set:488 set: Unset optional value from type SMPTE2086
11-06 14:45:14.483 12173 12211 E IMGMapper: set:488 set: Unset optional value from type CTA861_3
11-06 14:45:14.503 12173 12211 E IMGMapper: set:488 set: Unset optional value from type SMPTE2086
11-06 14:45:14.503 12173 12211 E IMGMapper: set:488 set: Unset optional value from type CTA861_3
11-06 14:45:14.516 12173 12211 E IMGMapper: set:488 set: Unset optional value from type SMPTE2086
11-06 14:45:14.516 12173 12211 E IMGMapper: set:488 set: Unset optional value from type CTA861_3
11-06 14:45:14.534 12173 12211 E IMGMapper: set:488 set: Unset optional value from type SMPTE2086
11-06 14:45:14.534 12173 12211 E IMGMapper: set:488 set: Unset optional value from type CTA861_3
11-06 14:45:14.554 12173 12211 E IMGMapper: set:488 set: Unset optional value from type SMPTE2086
11-06 14:45:14.554 12173 12211 E IMGMapper: set:488 set: Unset optional value from type CTA861_3
11-06 14:45:14.571 12173 12211 E IMGMapper: set:488 set: Unset optional value from type SMPTE2086
11-06 14:45:14.571 12173 12211 E IMGMapper: set:488 set: Unset optional value from type CTA861_3
11-06 14:45:14.584 12173 12211 E IMGMapper: set:488 set: Unset optional value from type SMPTE2086
11-06 14:45:14.584 12173 12211 E IMGMapper: set:488 set: Unset optional value from type CTA861_3
11-06 14:45:14.607 12173 12211 E IMGMapper: set:488 set: Unset optional value from type SMPTE2086
11-06 14:45:14.608 12173 12211 E IMGMapper: set:488 set: Unset optional value from type CTA861_3
11-06 14:45:14.618  1205  1205 I thermal_repeater: socket -1
11-06 14:45:14.624 12173 12211 E IMGMapper: set:488 set: Unset optional value from type SMPTE2086
11-06 14:45:14.624 12173 12211 E IMGMapper: set:488 set: Unset optional value from type CTA861_3
11-06 14:45:14.640 12173 12211 E IMGMapper: set:488 set: Unset optional value from type SMPTE2086
11-06 14:45:14.640 12173 12211 E IMGMapper: set:488 set: Unset optional value from type CTA861_3
11-06 14:45:14.696 12173 12211 E IMGMapper: set:488 set: Unset optional value from type SMPTE2086
11-06 14:45:14.696 12173 12211 E IMGMapper: set:488 set: Unset optional value from type CTA861_3
11-06 14:45:14.705 12173 12211 E IMGMapper: set:488 set: Unset optional value from type SMPTE2086
11-06 14:45:14.705 12173 12211 E IMGMapper: set:488 set: Unset optional value from type CTA861_3
11-06 14:45:14.718 12173 12211 E IMGMapper: set:488 set: Unset optional value from type SMPTE2086
11-06 14:45:14.718 12173 12211 E IMGMapper: set:488 set: Unset optional value from type CTA861_3
11-06 14:45:14.733 12173 12211 E IMGMapper: set:488 set: Unset optional value from type SMPTE2086
11-06 14:45:14.733 12173 12211 E IMGMapper: set:488 set: Unset optional value from type CTA861_3
11-06 14:45:14.752 12173 12211 E IMGMapper: set:488 set: Unset optional value from type SMPTE2086
11-06 14:45:14.752 12173 12211 E IMGMapper: set:488 set: Unset optional value from type CTA861_3
11-06 14:45:14.766 12173 12211 E IMGMapper: set:488 set: Unset optional value from type SMPTE2086
11-06 14:45:14.766 12173 12211 E IMGMapper: set:488 set: Unset optional value from type CTA861_3
11-06 14:45:14.783 12173 12211 E IMGMapper: set:488 set: Unset optional value from type SMPTE2086
11-06 14:45:14.783 12173 12211 E IMGMapper: set:488 set: Unset optional value from type CTA861_3
11-06 14:45:14.802 12173 12211 E IMGMapper: set:488 set: Unset optional value from type SMPTE2086
11-06 14:45:14.802 12173 12211 E IMGMapper: set:488 set: Unset optional value from type CTA861_3
11-06 14:45:14.815 12173 12211 E IMGMapper: set:488 set: Unset optional value from type SMPTE2086
11-06 14:45:14.815 12173 12211 E IMGMapper: set:488 set: Unset optional value from type CTA861_3
11-06 14:45:14.833 12173 12211 E IMGMapper: set:488 set: Unset optional value from type SMPTE2086
11-06 14:45:14.833 12173 12211 E IMGMapper: set:488 set: Unset optional value from type CTA861_3
11-06 14:45:14.849 12173 12211 E IMGMapper: set:488 set: Unset optional value from type SMPTE2086
11-06 14:45:14.850 12173 12211 E IMGMapper: set:488 set: Unset optional value from type CTA861_3
11-06 14:45:14.866 12173 12211 E IMGMapper: set:488 set: Unset optional value from type SMPTE2086
11-06 14:45:14.866 12173 12211 E IMGMapper: set:488 set: Unset optional value from type CTA861_3
11-06 14:45:14.883 12173 12211 E IMGMapper: set:488 set: Unset optional value from type SMPTE2086
11-06 14:45:14.883 12173 12211 E IMGMapper: set:488 set: Unset optional value from type CTA861_3
11-06 14:45:14.907 12173 12211 E IMGMapper: set:488 set: Unset optional value from type SMPTE2086
11-06 14:45:14.907 12173 12211 E IMGMapper: set:488 set: Unset optional value from type CTA861_3
11-06 14:45:14.923 12173 12211 E IMGMapper: set:488 set: Unset optional value from type SMPTE2086
11-06 14:45:14.923 12173 12211 E IMGMapper: set:488 set: Unset optional value from type CTA861_3
11-06 14:45:14.962 12173 12211 E IMGMapper: set:488 set: Unset optional value from type SMPTE2086
11-06 14:45:14.962 12173 12211 E IMGMapper: set:488 set: Unset optional value from type CTA861_3
11-06 14:45:14.972 12173 12211 E IMGMapper: set:488 set: Unset optional value from type SMPTE2086
11-06 14:45:14.972 12173 12211 E IMGMapper: set:488 set: Unset optional value from type CTA861_3
11-06 14:45:14.974 11365 11384 I Finsky:background: [1737] Stats for Executor: bgExecutor uha@45826e3[Running, pool size = 4, active threads = 0, queued tasks = 0, completed tasks = 19]
11-06 14:45:14.985 12173 12211 E IMGMapper: set:488 set: Unset optional value from type SMPTE2086
11-06 14:45:14.985 12173 12211 E IMGMapper: set:488 set: Unset optional value from type CTA861_3
11-06 14:45:15.004 12173 12211 E IMGMapper: set:488 set: Unset optional value from type SMPTE2086
11-06 14:45:15.005 12173 12211 E IMGMapper: set:488 set: Unset optional value from type CTA861_3
11-06 14:45:15.017 12173 12211 E IMGMapper: set:488 set: Unset optional value from type SMPTE2086
11-06 14:45:15.017 12173 12211 E IMGMapper: set:488 set: Unset optional value from type CTA861_3
11-06 14:45:15.033 12173 12211 E IMGMapper: set:488 set: Unset optional value from type SMPTE2086
11-06 14:45:15.033 12173 12211 E IMGMapper: set:488 set: Unset optional value from type CTA861_3
11-06 14:45:15.039 11365 11384 I Finsky:background: [1737] Stats for Executor: LightweightExecutor uha@bf3e8e0[Running, pool size = 4, active threads = 0, queued tasks = 0, completed tasks = 9]
11-06 14:45:15.049 12173 12211 E IMGMapper: set:488 set: Unset optional value from type SMPTE2086
11-06 14:45:15.050 12173 12211 E IMGMapper: set:488 set: Unset optional value from type CTA861_3
11-06 14:45:15.065 12173 12211 E IMGMapper: set:488 set: Unset optional value from type SMPTE2086
11-06 14:45:15.065 12173 12211 E IMGMapper: set:488 set: Unset optional value from type CTA861_3
11-06 14:45:15.082 12173 12211 E IMGMapper: set:488 set: Unset optional value from type SMPTE2086
11-06 14:45:15.082 12173 12211 E IMGMapper: set:488 set: Unset optional value from type CTA861_3
11-06 14:45:15.101 12173 12211 E IMGMapper: set:488 set: Unset optional value from type SMPTE2086
11-06 14:45:15.101 12173 12211 E IMGMapper: set:488 set: Unset optional value from type CTA861_3
11-06 14:45:15.116 12173 12211 E IMGMapper: set:488 set: Unset optional value from type SMPTE2086
11-06 14:45:15.116 12173 12211 E IMGMapper: set:488 set: Unset optional value from type CTA861_3
11-06 14:45:15.132 12173 12211 E IMGMapper: set:488 set: Unset optional value from type SMPTE2086
11-06 14:45:15.132 12173 12211 E IMGMapper: set:488 set: Unset optional value from type CTA861_3
11-06 14:45:15.149 12173 12211 E IMGMapper: set:488 set: Unset optional value from type SMPTE2086
11-06 14:45:15.149 12173 12211 E IMGMapper: set:488 set: Unset optional value from type CTA861_3
11-06 14:45:15.168 12173 12211 E IMGMapper: set:488 set: Unset optional value from type SMPTE2086
11-06 14:45:15.169 12173 12211 E IMGMapper: set:488 set: Unset optional value from type CTA861_3
11-06 14:45:15.193 12173 12211 E IMGMapper: set:488 set: Unset optional value from type SMPTE2086
11-06 14:45:15.194 12173 12211 E IMGMapper: set:488 set: Unset optional value from type CTA861_3
11-06 14:45:15.203  1187  1337 D CompatibilityChangeReporter: Compat change id reported: 168419799; UID 10079; state: DISABLED
11-06 14:45:15.206 10913 10913 I BadgeCountReceiver: badge intent : Intent { act=android.intent.action.BADGE_COUNT_UPDATE flg=0x1000010 cmp=com.sec.android.provider.badge/.BadgeCountReceiver (has extras) }
11-06 14:45:15.208 10913 10913 I BadgeCountReceiver: packageName: com.whatsapp, className: com.whatsapp.Main, count: 0
11-06 14:45:15.215  2144  2144 I BadgeCountUpdaterImpl: onChange
11-06 14:45:15.215 12173 12211 E IMGMapper: set:488 set: Unset optional value from type SMPTE2086
11-06 14:45:15.215 12173 12211 E IMGMapper: set:488 set: Unset optional value from type CTA861_3
11-06 14:45:15.218  2144  2144 I BadgeCountUpdaterImpl: onChange
11-06 14:45:15.219 10913 10913 I BadgeProvider: sendNotify entered. [uri] : content://com.sec.badge/apps
11-06 14:45:15.219 10913 10913 I BadgeProvider: sendNotify, [notify] : null
11-06 14:45:15.220 10913 10913 I BadgeProvider: update, getCallingPackage() : com.sec.android.provider.badge
11-06 14:45:15.220 10913 10913 I BadgeProvider: update, [uri] : content://com.sec.badge/apps
11-06 14:45:15.220 10913 10913 I BadgeProvider: update, [uri.query] : null
11-06 14:45:15.220 10913 10913 I BadgeProvider: update, [BadgeCount] : badgecount=0
11-06 14:45:15.220 10913 10913 I BadgeProvider: update, [UpdateCount] : 1
11-06 14:45:15.221  1039  1039 I BufferQueueProducer: [com.cinemamovel/com.cinemamovel.MainActivity$_12173#692422](this:0xb400007a1f848838,id:-1,api:0,p:-1,c:1039) queueBuffer: fps=57.13 dur=1015.30 max=50.31 min=16.16
11-06 14:45:15.222   991 11009 I hwcomposer: [HWCDisplay] [Display_0 (type:1)] fps:57.151291,dur:1014.85,max:51.01,min:15.80  
11-06 14:45:15.225  1187  1301 D CompatibilityChangeReporter: Compat change id reported: 135634846; UID 10023; state: DISABLED
11-06 14:45:15.226  1187  1301 D CompatibilityChangeReporter: Compat change id reported: 177438394; UID 10023; state: DISABLED
11-06 14:45:15.226  1187  1301 D CompatibilityChangeReporter: Compat change id reported: 135772972; UID 10023; state: DISABLED
11-06 14:45:15.226  1187  1301 D CompatibilityChangeReporter: Compat change id reported: 135754954; UID 10023; state: ENABLED
11-06 14:45:15.227  1187  1339 D CompatibilityChangeReporter: Compat change id reported: 143937733; UID 10023; state: ENABLED
11-06 14:45:15.229 12173 12211 E IMGMapper: set:488 set: Unset optional value from type SMPTE2086
11-06 14:45:15.229 12173 12211 E IMGMapper: set:488 set: Unset optional value from type CTA861_3
11-06 14:45:15.247   881   881 D Zygote  : Forked child process 12434
11-06 14:45:15.249  1187  1339 I ActivityManager: Start proc 12434:com.opera.max.global/u0a23 for broadcast {com.opera.max.global/com.opera.max.webapps.WebAppBadges$BadgeReceiver}
11-06 14:45:15.263 12173 12211 E IMGMapper: set:488 set: Unset optional value from type SMPTE2086
11-06 14:45:15.263 12173 12211 E IMGMapper: set:488 set: Unset optional value from type CTA861_3
11-06 14:45:15.270 12173 12211 E IMGMapper: set:488 set: Unset optional value from type SMPTE2086
11-06 14:45:15.270 12173 12211 E IMGMapper: set:488 set: Unset optional value from type CTA861_3
11-06 14:45:15.277 11365 11384 I Finsky:background: [1737] Stats for Executor: BlockingExecutor uha@50e9799[Running, pool size = 0, active threads = 0, queued tasks = 0, completed tasks = 0]
11-06 14:45:15.284 12173 12211 E IMGMapper: set:488 set: Unset optional value from type SMPTE2086
11-06 14:45:15.284 12173 12211 E IMGMapper: set:488 set: Unset optional value from type CTA861_3
11-06 14:45:15.284 12434 12434 I pera.max.global: Using CollectorTypeCC GC.
11-06 14:45:15.294 12434 12434 E pera.max.global: Not starting debugger since process cannot load the jdwp agent.
11-06 14:45:15.302 12173 12211 E IMGMapper: set:488 set: Unset optional value from type SMPTE2086
11-06 14:45:15.302 12173 12211 E IMGMapper: set:488 set: Unset optional value from type CTA861_3
11-06 14:45:15.306 12434 12434 D ActivityThread: setConscryptValidator
11-06 14:45:15.307 12434 12434 D ActivityThread: setConscryptValidator - put
11-06 14:45:15.316 12173 12211 E IMGMapper: set:488 set: Unset optional value from type SMPTE2086
11-06 14:45:15.316 12173 12211 E IMGMapper: set:488 set: Unset optional value from type CTA861_3
11-06 14:45:15.317  1187  1301 D CompatibilityChangeReporter: Compat change id reported: 168419799; UID 10023; state: DISABLED
11-06 14:45:15.333 12434 12434 D CompatibilityChangeReporter: Compat change id reported: 171979766; UID 10023; state: ENABLED
11-06 14:45:15.334 12173 12211 E IMGMapper: set:488 set: Unset optional value from type SMPTE2086
11-06 14:45:15.334 12173 12211 E IMGMapper: set:488 set: Unset optional value from type CTA861_3
11-06 14:45:15.350 12173 12211 E IMGMapper: set:488 set: Unset optional value from type SMPTE2086
11-06 14:45:15.350 12173 12211 E IMGMapper: set:488 set: Unset optional value from type CTA861_3
11-06 14:45:15.368 12173 12211 E IMGMapper: set:488 set: Unset optional value from type SMPTE2086
11-06 14:45:15.368 12173 12211 E IMGMapper: set:488 set: Unset optional value from type CTA861_3
11-06 14:45:15.384 12173 12211 E IMGMapper: set:488 set: Unset optional value from type SMPTE2086
11-06 14:45:15.384 12173 12211 E IMGMapper: set:488 set: Unset optional value from type CTA861_3
11-06 14:45:15.385 12434 12434 D nativeloader: Configuring clns-4 for other apk /data/app/~~p-YB5w_KE65D53J5yABnsQ==/com.opera.max.global-2wl7Bi-kJazoisVQvR5WoA==/base.apk. target_sdk_version=34, uses_libraries=, library_path=/data/app/~~p-YB5w_KE65D53J5yABnsQ==/com.opera.max.global-2wl7Bi-kJazoisVQvR5WoA==/lib/arm64:/data/app/~~p-YB5w_KE65D53J5yABnsQ==/com.opera.max.global-2wl7Bi-kJazoisVQvR5WoA==/base.apk!/lib/arm64-v8a, permitted_path=/data:/mnt/expand:/data/user/0/com.opera.max.global
11-06 14:45:15.400 12173 12211 E IMGMapper: set:488 set: Unset optional value from type SMPTE2086
11-06 14:45:15.400 12173 12211 E IMGMapper: set:488 set: Unset optional value from type CTA861_3
11-06 14:45:15.416 12434 12434 V GraphicsEnvironment: ANGLE Developer option for 'com.opera.max.global' set to: 'default'
11-06 14:45:15.417 12434 12434 V GraphicsEnvironment: ANGLE GameManagerService for com.opera.max.global: false
11-06 14:45:15.417 12173 12211 E IMGMapper: set:488 set: Unset optional value from type SMPTE2086
11-06 14:45:15.417 12173 12211 E IMGMapper: set:488 set: Unset optional value from type CTA861_3
11-06 14:45:15.418 12434 12434 V GraphicsEnvironment: Neither updatable production driver nor prerelease driver is supported.
11-06 14:45:15.419  2144  2343 I BadgeCountUpdaterImpl: reload badge without refresh
11-06 14:45:15.423  1187  1866 I ActivityManager: Changes in 10079 19 to 5, 0 to 8
11-06 14:45:15.426 12434 12434 D NetworkSecurityConfig: Using Network Security Config from resource network_security_config debugBuild: false
11-06 14:45:15.434 12434 12434 D NetworkSecurityConfig: Using Network Security Config from resource network_security_config debugBuild: false
11-06 14:45:15.435 10913 10940 I BadgeProvider: query, [selection] : null
11-06 14:45:15.437 12173 12211 E IMGMapper: set:488 set: Unset optional value from type SMPTE2086
11-06 14:45:15.437 12173 12211 E IMGMapper: set:488 set: Unset optional value from type CTA861_3
11-06 14:45:15.451 12173 12211 E IMGMapper: set:488 set: Unset optional value from type SMPTE2086
11-06 14:45:15.451 12173 12211 E IMGMapper: set:488 set: Unset optional value from type CTA861_3
11-06 14:45:15.467 12173 12211 E IMGMapper: set:488 set: Unset optional value from type SMPTE2086
11-06 14:45:15.467 12173 12211 E IMGMapper: set:488 set: Unset optional value from type CTA861_3
11-06 14:45:15.475  2144  2343 I BadgeCache: reloadBadge size : 0
11-06 14:45:15.484 12173 12211 E IMGMapper: set:488 set: Unset optional value from type SMPTE2086
11-06 14:45:15.484 12173 12211 E IMGMapper: set:488 set: Unset optional value from type CTA861_3
11-06 14:45:15.500 12173 12211 E IMGMapper: set:488 set: Unset optional value from type SMPTE2086
11-06 14:45:15.500 12173 12211 E IMGMapper: set:488 set: Unset optional value from type CTA861_3
11-06 14:45:15.517 12173 12211 E IMGMapper: set:488 set: Unset optional value from type SMPTE2086
11-06 14:45:15.517 12173 12211 E IMGMapper: set:488 set: Unset optional value from type CTA861_3
11-06 14:45:15.534 12173 12211 E IMGMapper: set:488 set: Unset optional value from type SMPTE2086
11-06 14:45:15.534 12173 12211 E IMGMapper: set:488 set: Unset optional value from type CTA861_3
11-06 14:45:15.548  1693  1693 I WifiHAL : Get link layer stats
11-06 14:45:15.548  1693  1693 I WifiHAL : GetLinkStatsCommand::create
11-06 14:45:15.548  1693  1693 D android.hardware.wifi@1.0-service-lazy: WifiRequest::create vendor command to iface 38, vendor_id=0x1a11, subcmd=0x1200, res=0
11-06 14:45:15.548  1693  1693 I android.hardware.wifi@1.0-service-lazy: WifiCommand::requestResponse err=-95
11-06 14:45:15.548  1693  1693 I WifiHAL : wifi_get_link_stats: result=-3
11-06 14:45:15.549  1187  1566 E WifiVendorHal: getWifiLinkLayerStats_1_5_Internal(l.1179) failed {.code = ERROR_NOT_SUPPORTED, .description = }
11-06 14:45:15.551 12173 12211 E IMGMapper: set:488 set: Unset optional value from type SMPTE2086
11-06 14:45:15.551 12173 12211 E IMGMapper: set:488 set: Unset optional value from type CTA861_3
11-06 14:45:15.553  1187 22074 D SemWifiUsabilityStatsMonitor: onWifiUsabilityStats - seqNum 112407, isSameBssidAndFreq true
11-06 14:45:15.554  1187  1645 I SemWifiLinkQualityMonitor: Link Qos query: inf. ms / 0 Mbps
11-06 14:45:15.567 12173 12211 E IMGMapper: set:488 set: Unset optional value from type SMPTE2086
11-06 14:45:15.567 12173 12211 E IMGMapper: set:488 set: Unset optional value from type CTA861_3
11-06 14:45:15.578 12434 12434 D CompatibilityChangeReporter: Compat change id reported: 183155436; UID 10023; state: ENABLED
11-06 14:45:15.584 12173 12211 E IMGMapper: set:488 set: Unset optional value from type SMPTE2086
11-06 14:45:15.584 12173 12211 E IMGMapper: set:488 set: Unset optional value from type CTA861_3
11-06 14:45:15.601 12173 12211 E IMGMapper: set:488 set: Unset optional value from type SMPTE2086
11-06 14:45:15.601 12173 12211 E IMGMapper: set:488 set: Unset optional value from type CTA861_3
11-06 14:45:15.619 12173 12211 E IMGMapper: set:488 set: Unset optional value from type SMPTE2086
11-06 14:45:15.619 12173 12211 E IMGMapper: set:488 set: Unset optional value from type CTA861_3
11-06 14:45:15.621  1187  1301 D InputDispatcher: Inject motion (12455/2000): action=0x0, time=3435973287000000, f=0x0, d=0 dsdx=1.000000 dtdx=0.000000
11-06 14:45:15.622  1187  1534 I InputDispatcher: Delivering touch to (1737): action: 0x4, f=0x0, d=0, 'd92b8ad', t=1 
11-06 14:45:15.622  1187  1534 I InputDispatcher: Delivering touch to (12173): action: 0x0, f=0x0, d=0, 'a4ad57e', t=1 
11-06 14:45:15.623  1187  1534 D PowerManagerService: [api] userActivityFromNative :  (event: 2 flags: 0 displayId: 0) eventTime = 3435973287
11-06 14:45:15.624  1187  1303 I GestureDetector: obtain mCurrentDownEvent. id: -220445904 caller: com.android.server.wm.SystemGesturesPointerEventListener.onPointerEvent:203 com.android.server.wm.PointerEventDispatcher.onInputEvent:53 android.view.InputEventReceiver.dispatchInputEvent:285 
11-06 14:45:15.624  1187  1303 I GestureDetector: obtain mCurrentDownEvent. id: -220445904 caller: com.android.server.wm.SystemPerformancePointerEventListener.onPointerEvent:89 com.android.server.wm.PointerEventDispatcher.onInputEvent:53 android.view.InputEventReceiver.dispatchInputEvent:285 
11-06 14:45:15.630 12173 12173 I ViewRootImpl@706bef1[MainActivity]: ViewPostIme pointer 0
11-06 14:45:15.635 12173 12211 E IMGMapper: set:488 set: Unset optional value from type SMPTE2086
11-06 14:45:15.635 12173 12211 E IMGMapper: set:488 set: Unset optional value from type CTA861_3
11-06 14:45:15.640  1187  1303 I GestureDetector: obtain mCurrentMotionEventRaw. action: 2 id: -912465826
11-06 14:45:15.641  1187  1303 I GestureDetector: obtain mCurrentMotionEventRaw. action: 2 id: -912465826
11-06 14:45:15.645   896   910 I mtkpower_client: perf_lock_rel, hdl:1056952, tid:910
11-06 14:45:15.646   896   910 I mtkpower_client: perf_lock_acq, hdl:0, dur:0, num:2, tid:910
11-06 14:45:15.647  1014  1065 I libPowerHal: [perfLockRel] hdl:1056952, idx:0
11-06 14:45:15.648  1014  1065 I libPowerHal: vendor.samsung.: cpu_ctrl set cpu freq: 1218000 -1 -1 -1
11-06 14:45:15.649  1014  1065 I libPowerHal: [perfLockAcq] idx:0 hdl:1056954 hint:-1 pid:896 duration:0 lock_user:vendor.samsung. => ret_hdl:1056954
11-06 14:45:15.649  1014  1065 I libPowerHal: vendor.samsung.: cpu_ctrl set cpu freq: 1218000 -1 1138000 -1
11-06 14:45:15.650   896   910 I mtkpower_client: ret_hdl:1056954
11-06 14:45:15.650   896   910 I mtkpower_client: perf_lock_rel, hdl:1056953, tid:910
11-06 14:45:15.650   896   910 I mtkpower_client: perf_lock_acq, hdl:0, dur:0, num:2, tid:910
11-06 14:45:15.650  1014  1065 I libPowerHal: [perfLockRel] hdl:1056953, idx:1
11-06 14:45:15.651  1014  1065 I libPowerHal: vendor.samsung.: cpu_ctrl set cpu freq: -1 -1 1138000 -1
11-06 14:45:15.651 12173 12211 E IMGMapper: set:488 set: Unset optional value from type SMPTE2086
11-06 14:45:15.651 12173 12211 E IMGMapper: set:488 set: Unset optional value from type CTA861_3
11-06 14:45:15.651   896   910 I mtkpower_client: ret_hdl:1056955
11-06 14:45:15.652   896   910 I HYPER-HAL: [RequestManager.cpp]releaseLocked(): Released ID : 725427
11-06 14:45:15.652  1014  1065 I libPowerHal: [perfLockAcq] idx:2 hdl:1056955 hint:-1 pid:896 duration:0 lock_user:vendor.samsung. => ret_hdl:1056955
11-06 14:45:15.652  1014  1065 I libPowerHal: vendor.samsung.: cpu_ctrl set cpu freq: 1218000 -1 1138000 -1
11-06 14:45:15.666 12173 12211 E IMGMapper: set:488 set: Unset optional value from type SMPTE2086
11-06 14:45:15.667 12173 12211 E IMGMapper: set:488 set: Unset optional value from type CTA861_3
11-06 14:45:15.671  1187  4547 I GenerationRegistry: mBackingStore.isClosed() : false
11-06 14:45:15.685 12173 12211 E IMGMapper: set:488 set: Unset optional value from type SMPTE2086
11-06 14:45:15.685 12173 12211 E IMGMapper: set:488 set: Unset optional value from type CTA861_3
11-06 14:45:15.700 12173 12211 E IMGMapper: set:488 set: Unset optional value from type SMPTE2086
11-06 14:45:15.701 12173 12211 E IMGMapper: set:488 set: Unset optional value from type CTA861_3
11-06 14:45:15.724 12173 12211 E IMGMapper: set:488 set: Unset optional value from type SMPTE2086
11-06 14:45:15.724 12173 12211 E IMGMapper: set:488 set: Unset optional value from type CTA861_3
11-06 14:45:15.733 12173 12211 E IMGMapper: set:488 set: Unset optional value from type SMPTE2086
11-06 14:45:15.733 12173 12211 E IMGMapper: set:488 set: Unset optional value from type CTA861_3
11-06 14:45:15.747 12173 12211 E IMGMapper: set:488 set: Unset optional value from type SMPTE2086
11-06 14:45:15.748 12173 12211 E IMGMapper: set:488 set: Unset optional value from type CTA861_3
11-06 14:45:15.751 12434 12465 W pera.max.global: ClassLoaderContext classpath size mismatch. expected=14, found=0 (DLC[];PCL[base.apk*3342024289:base.apk!classes2.dex*2101844148:base.apk!classes3.dex*1532049498:base.apk!classes4.dex*3248550052:base.apk!classes5.dex*2457935615:base.apk!classes6.dex*3227349430:base.apk!classes7.dex*1831656630:base.apk!classes8.dex*977005563:base.apk!classes9.dex*2057581453:base.apk!classes10.dex*448907941:base.apk!classes11.dex*1917285203:base.apk!classes12.dex*355483904:base.apk!classes13.dex*447578029:base.apk!classes14.dex*9719893]{PCL[/system/framework/org.apache.http.legacy.jar*1871818340]#PCL[/system/framework/com.android.media.remotedisplay.jar*3886290639]#PCL[/system/framework/com.android.location.provider.jar*3868789108]#PCL[/system/framework/org.apache.http.legacy.jar*1871818340]} | DLC[];PCL[])
11-06 14:45:15.764 12173 12211 E IMGMapper: set:488 set: Unset optional value from type SMPTE2086
11-06 14:45:15.764 12173 12211 E IMGMapper: set:488 set: Unset optional value from type CTA861_3
11-06 14:45:15.769  1187  1866 D CompatibilityChangeReporter: Compat change id reported: 161145287; UID 10023; state: DISABLED
11-06 14:45:15.779 12434 12466 D libcrashlytics: Initializing libcrashlytics version 3.2.0
11-06 14:45:15.781 12173 12211 E IMGMapper: set:488 set: Unset optional value from type SMPTE2086
11-06 14:45:15.782 12173 12211 E IMGMapper: set:488 set: Unset optional value from type CTA861_3
11-06 14:45:15.782 12434 12465 W System  : ClassLoader referenced unknown path: 
11-06 14:45:15.783 12434 12465 D nativeloader: Configuring clns-5 for other apk . target_sdk_version=36, uses_libraries=, library_path=/data/app/~~oZ4JvjMmrVytKX9yL4Bz9Q==/com.google.android.gms-9vL0YTNLc0DQVEN_Zg6aIQ==/lib/arm64:/data/app/~~oZ4JvjMmrVytKX9yL4Bz9Q==/com.google.android.gms-9vL0YTNLc0DQVEN_Zg6aIQ==/base.apk!/lib/arm64-v8a, permitted_path=/data:/mnt/expand:/data/user/0/com.google.android.gms
11-06 14:45:15.797 12434 12466 D libcrashlytics: Initializing native crash handling successful.
11-06 14:45:15.799 12173 12211 E IMGMapper: set:488 set: Unset optional value from type SMPTE2086
11-06 14:45:15.799 12173 12211 E IMGMapper: set:488 set: Unset optional value from type CTA861_3
11-06 14:45:15.812 12434 12465 W pera.max.global: ClassLoaderContext classpath size mismatch. expected=14, found=2 (DLC[];PCL[base.apk*3342024289:base.apk!classes2.dex*2101844148:base.apk!classes3.dex*1532049498:base.apk!classes4.dex*3248550052:base.apk!classes5.dex*2457935615:base.apk!classes6.dex*3227349430:base.apk!classes7.dex*1831656630:base.apk!classes8.dex*977005563:base.apk!classes9.dex*2057581453:base.apk!classes10.dex*448907941:base.apk!classes11.dex*1917285203:base.apk!classes12.dex*355483904:base.apk!classes13.dex*447578029:base.apk!classes14.dex*9719893]{PCL[/system/framework/org.apache.http.legacy.jar*1871818340]#PCL[/system/framework/com.android.media.remotedisplay.jar*3886290639]#PCL[/system/framework/com.android.location.provider.jar*3868789108]#PCL[/system/framework/org.apache.http.legacy.jar*1871818340]} | DLC[];PCL[/data/app/~~p-YB5w_KE65D53J5yABnsQ==/com.opera.max.global-2wl7Bi-kJazoisVQvR5WoA==/base.apk*2772872220:/data/app/~~p-YB5w_KE65D53J5yABnsQ==/com.opera.max.global-2wl7Bi-kJazoisVQvR5WoA==/base.apk!classes2.dex*1283025598])
11-06 14:45:15.816 12173 12211 E IMGMapper: set:488 set: Unset optional value from type SMPTE2086
11-06 14:45:15.816 12173 12211 E IMGMapper: set:488 set: Unset optional value from type CTA861_3
11-06 14:45:15.834 12173 12211 E IMGMapper: set:488 set: Unset optional value from type SMPTE2086
11-06 14:45:15.835 12173 12211 E IMGMapper: set:488 set: Unset optional value from type CTA861_3
11-06 14:45:15.852 12173 12211 E IMGMapper: set:488 set: Unset optional value from type SMPTE2086
11-06 14:45:15.852 12173 12211 E IMGMapper: set:488 set: Unset optional value from type CTA861_3
11-06 14:45:15.865 12173 12211 E IMGMapper: set:488 set: Unset optional value from type SMPTE2086
11-06 14:45:15.865 12173 12211 E IMGMapper: set:488 set: Unset optional value from type CTA861_3
11-06 14:45:15.888 12173 12211 E IMGMapper: set:488 set: Unset optional value from type SMPTE2086
11-06 14:45:15.889 12173 12211 E IMGMapper: set:488 set: Unset optional value from type CTA861_3
11-06 14:45:15.901 12173 12211 E IMGMapper: set:488 set: Unset optional value from type SMPTE2086
11-06 14:45:15.901 12173 12211 E IMGMapper: set:488 set: Unset optional value from type CTA861_3
11-06 14:45:15.920 12173 12211 E IMGMapper: set:488 set: Unset optional value from type SMPTE2086
11-06 14:45:15.920 12173 12211 E IMGMapper: set:488 set: Unset optional value from type CTA861_3
11-06 14:45:15.926  1187  1301 D InputDispatcher: Inject motion (12455/2000): action=0x1, time=3435973592000000, f=0x0, d=0 dsdx=1.000000 dtdx=0.000000
11-06 14:45:15.927  1187  1534 I InputDispatcher: Delivering touch to (12173): action: 0x1, f=0x0, d=0, 'a4ad57e', t=1 
11-06 14:45:15.928  1187  1187 I SemDvfsHyPerManager: acquire hyper - SMOOTH_SCROLL/1187@17, type = -999
11-06 14:45:15.929 12173 12173 I ViewRootImpl@706bef1[MainActivity]: ViewPostIme pointer 1
11-06 14:45:15.931   896   910 I HYPER-HAL: [RequestManager.cpp]acquire(): Acquired ID : 725427  [1187 / 17]    HINT : SMOOTH_SCROLL    list : 
11-06 14:45:15.932   896   910 I mtkpower_client: perf_lock_rel, hdl:1056954, tid:910
11-06 14:45:15.934  1187  1187 D SGM:GameManager: identifyGamePackage. com.cinemamovel, mCurrentUserId: 0, callerUserId: 0, callingMethodInfo: com.android.server.ssrm.fgapps.GameAppUtils.isGame(GameAppUtils.java:84)
11-06 14:45:15.934  1187  1187 D SGM:PkgDataHelper: getGamePkgData(). com.cinemamovel
11-06 14:45:15.934  1187  1187 I SemDvfsHyPerManager: acquire hyper - GESTURE_DETECTED/1187@18, type = -999
11-06 14:45:15.934  1014  1065 I libPowerHal: [perfLockRel] hdl:1056954, idx:0
11-06 14:45:15.935   896   910 I mtkpower_client: perf_lock_acq, hdl:0, dur:0, num:2, tid:910
11-06 14:45:15.935  1014  1065 I libPowerHal: vendor.samsung.: cpu_ctrl set cpu freq: 1218000 -1 -1 -1
11-06 14:45:15.936  1187  1187 D SGM:GameManager: identifyGamePackage. com.cinemamovel, mCurrentUserId: 0, callerUserId: 0, callingMethodInfo: com.android.server.ssrm.fgapps.GameAppUtils.isGame(GameAppUtils.java:84)
11-06 14:45:15.936  1187  1187 D SGM:PkgDataHelper: getGamePkgData(). com.cinemamovel
11-06 14:45:15.936  1187  1187 I SemDvfsHyPerManager: acquire hyper - GESTURE_DETECTED/1187@18, type = -999
11-06 14:45:15.937  1187  1187 I SemDvfsHyPerManager: acquire hyper - SMOOTH_SCROLL/1187@17, type = -999
11-06 14:45:15.938   896   910 I mtkpower_client: ret_hdl:1056956
11-06 14:45:15.938   896   910 I mtkpower_client: perf_lock_rel, hdl:1056955, tid:910
11-06 14:45:15.938  1014  1065 I libPowerHal: [perfLockAcq] idx:0 hdl:1056956 hint:-1 pid:896 duration:0 lock_user:vendor.samsung. => ret_hdl:1056956
11-06 14:45:15.939  1014  1065 I libPowerHal: vendor.samsung.: cpu_ctrl set cpu freq: 1218000 -1 1138000 -1
11-06 14:45:15.942 20222 30439 I PhenotypeResourceReader: unable to find any Phenotype resource metadata for com.opera.max.global
11-06 14:45:15.943 12173 12211 E IMGMapper: set:488 set: Unset optional value from type SMPTE2086
11-06 14:45:15.944 12173 12211 E IMGMapper: set:488 set: Unset optional value from type CTA861_3
11-06 14:45:15.944   896   910 I mtkpower_client: perf_lock_acq, hdl:0, dur:0, num:2, tid:910
11-06 14:45:15.944  1014  1065 I libPowerHal: [perfLockRel] hdl:1056955, idx:2
11-06 14:45:15.945  1014  1065 I libPowerHal: vendor.samsung.: cpu_ctrl set cpu freq: -1 -1 1138000 -1
11-06 14:45:15.949   896   910 I mtkpower_client: ret_hdl:1056957
11-06 14:45:15.949   896   910 I mtkpower_client: perf_lock_rel, hdl:1056956, tid:910
11-06 14:45:15.950  1014  1065 I libPowerHal: [perfLockAcq] idx:1 hdl:1056957 hint:-1 pid:896 duration:0 lock_user:vendor.samsung. => ret_hdl:1056957
11-06 14:45:15.950  1014  1065 I libPowerHal: vendor.samsung.: cpu_ctrl set cpu freq: 1218000 -1 1138000 -1
11-06 14:45:15.951   896   910 I mtkpower_client: perf_lock_acq, hdl:0, dur:0, num:2, tid:910
11-06 14:45:15.951  1014  1065 I libPowerHal: [perfLockRel] hdl:1056956, idx:0
11-06 14:45:15.951  1014  1065 I libPowerHal: vendor.samsung.: cpu_ctrl set cpu freq: 1218000 -1 -1 -1
11-06 14:45:15.952 12173 12211 E IMGMapper: set:488 set: Unset optional value from type SMPTE2086
11-06 14:45:15.952   896   910 I mtkpower_client: ret_hdl:1056958
11-06 14:45:15.952 12173 12211 E IMGMapper: set:488 set: Unset optional value from type CTA861_3
11-06 14:45:15.952   896   910 I mtkpower_client: perf_lock_rel, hdl:1056957, tid:910
11-06 14:45:15.952  1014  1065 I libPowerHal: [perfLockAcq] idx:0 hdl:1056958 hint:-1 pid:896 duration:0 lock_user:vendor.samsung. => ret_hdl:1056958
11-06 14:45:15.952  1014  1065 I libPowerHal: vendor.samsung.: cpu_ctrl set cpu freq: 1218000 -1 1138000 -1
11-06 14:45:15.954   896   910 I mtkpower_client: perf_lock_acq, hdl:0, dur:0, num:2, tid:910
11-06 14:45:15.955  1014  1065 I libPowerHal: [perfLockRel] hdl:1056957, idx:1
11-06 14:45:15.955  1014  1065 I libPowerHal: vendor.samsung.: cpu_ctrl set cpu freq: -1 -1 1138000 -1
11-06 14:45:15.957  1014  1065 I libPowerHal: [perfLockAcq] idx:2 hdl:1056959 hint:-1 pid:896 duration:0 lock_user:vendor.samsung. => ret_hdl:1056959
11-06 14:45:15.957  1014  1065 I libPowerHal: vendor.samsung.: cpu_ctrl set cpu freq: 1218000 -1 1138000 -1
11-06 14:45:15.956   896   910 I mtkpower_client: ret_hdl:1056959
11-06 14:45:15.958   896   910 I HYPER-HAL: [RequestManager.cpp]releaseLocked(): Released ID : 725427
11-06 14:45:15.958   896   910 I HYPER-HAL: [RequestManager.cpp]acquire(): Acquired ID : 726633  [1187 / 18]    HINT : GESTURE_DETECTED    list : [TIMEOUT / 1702] 
11-06 14:45:15.958   896   910 I HYPER-HAL: [RequestManager.cpp]acquire(): Acquired ID : 726633  [1187 / 18]    HINT : GESTURE_DETECTED    list : [TIMEOUT / 1702] 
11-06 14:45:15.958   896   910 I HYPER-HAL: [RequestManager.cpp]acquire(): Acquired ID : 725427  [1187 / 17]    HINT : SMOOTH_SCROLL    list : 
11-06 14:45:15.958   896   910 I mtkpower_client: perf_lock_rel, hdl:1056958, tid:910
11-06 14:45:15.959   896   910 I mtkpower_client: perf_lock_acq, hdl:0, dur:0, num:2, tid:910
11-06 14:45:15.959  1014  1065 I libPowerHal: [perfLockRel] hdl:1056958, idx:0
11-06 14:45:15.959  1014  1065 I libPowerHal: vendor.samsung.: cpu_ctrl set cpu freq: 1218000 -1 -1 -1
11-06 14:45:15.960   896   910 I mtkpower_client: ret_hdl:1056960
11-06 14:45:15.960   896   910 I mtkpower_client: perf_lock_rel, hdl:1056959, tid:910
11-06 14:45:15.960  1014  1065 I libPowerHal: [perfLockAcq] idx:0 hdl:1056960 hint:-1 pid:896 duration:0 lock_user:vendor.samsung. => ret_hdl:1056960
11-06 14:45:15.961  1014  1065 I libPowerHal: vendor.samsung.: cpu_ctrl set cpu freq: 1218000 -1 1138000 -1
11-06 14:45:15.961   896   910 I mtkpower_client: perf_lock_acq, hdl:0, dur:0, num:2, tid:910
11-06 14:45:15.962  1014  1065 I libPowerHal: [perfLockRel] hdl:1056959, idx:2
11-06 14:45:15.963  1014  1065 I libPowerHal: vendor.samsung.: cpu_ctrl set cpu freq: -1 -1 1138000 -1
11-06 14:45:15.966   896   910 I mtkpower_client: ret_hdl:1056961
11-06 14:45:15.966  1014  1065 I libPowerHal: [perfLockAcq] idx:1 hdl:1056961 hint:-1 pid:896 duration:0 lock_user:vendor.samsung. => ret_hdl:1056961
11-06 14:45:15.967  1014  1065 I libPowerHal: vendor.samsung.: cpu_ctrl set cpu freq: 1218000 -1 1138000 -1
11-06 14:45:15.968 12173 12211 E IMGMapper: set:488 set: Unset optional value from type SMPTE2086
11-06 14:45:15.968 12173 12211 E IMGMapper: set:488 set: Unset optional value from type CTA861_3
11-06 14:45:15.984 12173 12211 E IMGMapper: set:488 set: Unset optional value from type SMPTE2086
11-06 14:45:15.984 12173 12211 E IMGMapper: set:488 set: Unset optional value from type CTA861_3
11-06 14:45:16.000 12173 12211 E IMGMapper: set:488 set: Unset optional value from type SMPTE2086
11-06 14:45:16.000 12173 12211 E IMGMapper: set:488 set: Unset optional value from type CTA861_3
11-06 14:45:16.014 12173 12211 E IMGMapper: set:488 set: Unset optional value from type SMPTE2086
11-06 14:45:16.014 12173 12211 E IMGMapper: set:488 set: Unset optional value from type CTA861_3
11-06 14:45:16.034 12173 12211 E IMGMapper: set:488 set: Unset optional value from type SMPTE2086
11-06 14:45:16.034 12173 12211 E IMGMapper: set:488 set: Unset optional value from type CTA861_3
11-06 14:45:16.039  1187  1301 D PackageManager: setEnabledSetting : userId = 0 packageName = com.opera.max.global cmp = com.opera.max.global.sdk.quicksettings.QuickSettingsServiceNMobileSavings newState = 0 callingPackage = 10023/com.opera.max.global
11-06 14:45:16.041  1187  1301 D ApplicationPolicy: getApplicationStateEnabled : pkg = com.opera.max.global userId : 0
11-06 14:45:16.041 12434 12492 D CompatibilityChangeReporter: Compat change id reported: 160794467; UID 10023; state: ENABLED
