--------- beginning of main
11-06 14:45:06.013  1187  4547 D InputDispatcher: Inject motion (12390/2000): action=0x0, time=3435963679000000, f=0x0, d=0 dsdx=1.000000 dtdx=0.000000
11-06 14:45:06.014  1187  1534 I InputDispatcher: Delivering touch to (1737): action: 0x4, f=0x0, d=0, 'd92b8ad', t=1 
11-06 14:45:06.014  1187  1534 I InputDispatcher: Delivering touch to (12173): action: 0x0, f=0x0, d=0, 'a4ad57e', t=1 
--------- beginning of system
11-06 14:45:06.014  1187  1534 D PowerManagerService: [api] userActivityFromNative :  (event: 2 flags: 0 displayId: 0) eventTime = 3435963679
11-06 14:45:06.015  1187  1303 I GestureDetector: obtain mCurrentDownEvent. id: -389360771 caller: com.android.server.wm.SystemGesturesPointerEventListener.onPointerEvent:203 com.android.server.wm.PointerEventDispatcher.onInputEvent:53 android.view.InputEventReceiver.dispatchInputEvent:285 
11-06 14:45:06.015  1187  1534 D PowerManagerService: UserActivityStateListenerState: 1
11-06 14:45:06.015  1187  1303 I GestureDetector: obtain mCurrentDownEvent. id: -389360771 caller: com.android.server.wm.SystemPerformancePointerEventListener.onPointerEvent:89 com.android.server.wm.PointerEventDispatcher.onInputEvent:53 android.view.InputEventReceiver.dispatchInputEvent:285 
11-06 14:45:06.016 12173 12173 I ViewRootImpl@706bef1[MainActivity]: ViewPostIme pointer 0
11-06 14:45:06.030  1187  1303 I GestureDetector: obtain mCurrentMotionEventRaw. action: 2 id: -434439157
11-06 14:45:06.030  1187  1303 I GestureDetector: obtain mCurrentMotionEventRaw. action: 2 id: -434439157
11-06 14:45:06.080 12173 12211 E IMGMapper: set:488 set: Unset optional value from type SMPTE2086
11-06 14:45:06.081 12173 12211 E IMGMapper: set:488 set: Unset optional value from type CTA861_3
11-06 14:45:06.096  1039  1039 I BufferQueueProducer: [com.cinemamovel/com.cinemamovel.MainActivity$_12173#692422](this:0xb400007a1f848838,id:-1,api:0,p:-1,c:1039) queueBuffer: fps=1.19 dur=3374.93 max=2909.73 min=16.64
11-06 14:45:06.099   991 11009 I hwcomposer: [HWCDisplay] [Display_0 (type:1)] fps:1.185269,dur:3374.76,max:2910.76,min:16.62  
11-06 14:45:06.101 12173 12211 E IMGMapper: set:488 set: Unset optional value from type SMPTE2086
11-06 14:45:06.101 12173 12211 E IMGMapper: set:488 set: Unset optional value from type CTA861_3
11-06 14:45:06.122 12173 12211 E IMGMapper: set:488 set: Unset optional value from type SMPTE2086
11-06 14:45:06.122 12173 12211 E IMGMapper: set:488 set: Unset optional value from type CTA861_3
11-06 14:45:06.134   543   543 D io_stats: !@ 179,0 r 634108397 7655034070 w 115004534 1219534980 d 1261444 33798280 f 0 0 iot 326859312 0 th 0 0 0 pt 0 inp 0 0 3435963.800
11-06 14:45:06.136 12173 12211 E IMGMapper: set:488 set: Unset optional value from type SMPTE2086
11-06 14:45:06.136 12173 12211 E IMGMapper: set:488 set: Unset optional value from type CTA861_3
11-06 14:45:06.155 12173 12211 E IMGMapper: set:488 set: Unset optional value from type SMPTE2086
11-06 14:45:06.155 12173 12211 E IMGMapper: set:488 set: Unset optional value from type CTA861_3
11-06 14:45:06.168 12173 12211 E IMGMapper: set:488 set: Unset optional value from type SMPTE2086
11-06 14:45:06.168 12173 12211 E IMGMapper: set:488 set: Unset optional value from type CTA861_3
11-06 14:45:06.182 12173 12211 E IMGMapper: set:488 set: Unset optional value from type SMPTE2086
11-06 14:45:06.182 12173 12211 E IMGMapper: set:488 set: Unset optional value from type CTA861_3
11-06 14:45:06.195 12173 12211 E IMGMapper: set:488 set: Unset optional value from type SMPTE2086
11-06 14:45:06.196 12173 12211 E IMGMapper: set:488 set: Unset optional value from type CTA861_3
11-06 14:45:06.212 12173 12211 E IMGMapper: set:488 set: Unset optional value from type SMPTE2086
11-06 14:45:06.212 12173 12211 E IMGMapper: set:488 set: Unset optional value from type CTA861_3
11-06 14:45:06.232 12173 12211 E IMGMapper: set:488 set: Unset optional value from type SMPTE2086
11-06 14:45:06.232 12173 12211 E IMGMapper: set:488 set: Unset optional value from type CTA861_3
11-06 14:45:06.247 12173 12211 E IMGMapper: set:488 set: Unset optional value from type SMPTE2086
11-06 14:45:06.247 12173 12211 E IMGMapper: set:488 set: Unset optional value from type CTA861_3
11-06 14:45:06.274 12173 12211 E IMGMapper: set:488 set: Unset optional value from type SMPTE2086
11-06 14:45:06.274 12173 12211 E IMGMapper: set:488 set: Unset optional value from type CTA861_3
11-06 14:45:06.284 12173 12211 E IMGMapper: set:488 set: Unset optional value from type SMPTE2086
11-06 14:45:06.284 12173 12211 E IMGMapper: set:488 set: Unset optional value from type CTA861_3
11-06 14:45:06.302 12173 12211 E IMGMapper: set:488 set: Unset optional value from type SMPTE2086
11-06 14:45:06.302 12173 12211 E IMGMapper: set:488 set: Unset optional value from type CTA861_3
11-06 14:45:06.348  1187  4547 D InputDispatcher: Inject motion (12390/2000): action=0x1, time=3435964014000000, f=0x0, d=0 dsdx=1.000000 dtdx=0.000000
11-06 14:45:06.348  1187  1534 I InputDispatcher: Delivering touch to (12173): action: 0x1, f=0x0, d=0, 'a4ad57e', t=1 
11-06 14:45:06.353  1187  1187 I SemDvfsHyPerManager: acquire hyper - SMOOTH_SCROLL/1187@17, type = -999
11-06 14:45:06.353 12173 12211 E IMGMapper: set:488 set: Unset optional value from type SMPTE2086
11-06 14:45:06.353   896   910 I HYPER-HAL: [RequestManager.cpp]acquire(): Acquired ID : 725427  [1187 / 17]    HINT : SMOOTH_SCROLL    list : 
11-06 14:45:06.353 12173 12211 E IMGMapper: set:488 set: Unset optional value from type CTA861_3
11-06 14:45:06.354   896   910 I mtkpower_client: perf_lock_acq, hdl:0, dur:0, num:2, tid:910
11-06 14:45:06.355  1014  1065 I libPowerHal: [perfLockAcq] idx:0 hdl:1056908 hint:-1 pid:896 duration:0 lock_user:vendor.samsung. => ret_hdl:1056908
11-06 14:45:06.357 12173 12173 I ViewRootImpl@706bef1[MainActivity]: ViewPostIme pointer 1
11-06 14:45:06.357  1014  1065 I libPowerHal: vendor.samsung.: cpu_ctrl set cpu freq: -1 -1 1138000 -1
11-06 14:45:06.358   896   910 I mtkpower_client: ret_hdl:1056908
11-06 14:45:06.358   896   910 I mtkpower_client: perf_lock_acq, hdl:0, dur:0, num:2, tid:910
11-06 14:45:06.359  1014  1065 I libPowerHal: [perfLockAcq] idx:1 hdl:1056909 hint:-1 pid:896 duration:0 lock_user:vendor.samsung. => ret_hdl:1056909
11-06 14:45:06.360  1014  1065 I libPowerHal: vendor.samsung.: cpu_ctrl set cpu freq: 1218000 -1 1138000 -1
11-06 14:45:06.360   896   910 I mtkpower_client: ret_hdl:1056909
11-06 14:45:06.360   896   910 I mtkpower_client: perf_lock_rel, hdl:1056908, tid:910
11-06 14:45:06.362  1014  1065 I libPowerHal: [perfLockRel] hdl:1056908, idx:0
11-06 14:45:06.362  1014  1065 I libPowerHal: vendor.samsung.: cpu_ctrl set cpu freq: 1218000 -1 -1 -1
11-06 14:45:06.362 12173 12211 E IMGMapper: set:488 set: Unset optional value from type SMPTE2086
11-06 14:45:06.363 12173 12211 E IMGMapper: set:488 set: Unset optional value from type CTA861_3
11-06 14:45:06.363   896   910 I mtkpower_client: perf_lock_rel, hdl:1056909, tid:910
11-06 14:45:06.364   896   910 I HYPER-HAL: [RequestManager.cpp]releaseLocked(): Released ID : 725427
11-06 14:45:06.364  1014  1065 I libPowerHal: [perfLockRel] hdl:1056909, idx:1
11-06 14:45:06.365  1014  1065 I libPowerHal: vendor.samsung.: cpu_ctrl set cpu freq: -1 -1 -1 -1
11-06 14:45:06.368  1187  1187 D SGM:GameManager: identifyGamePackage. com.cinemamovel, mCurrentUserId: 0, callerUserId: 0, callingMethodInfo: com.android.server.ssrm.fgapps.GameAppUtils.isGame(GameAppUtils.java:84)
11-06 14:45:06.368  1187  1187 D SGM:PkgDataHelper: getGamePkgData(). com.cinemamovel
11-06 14:45:06.368  1187  1187 I SemDvfsHyPerManager: acquire hyper - GESTURE_DETECTED/1187@18, type = -999
11-06 14:45:06.370  1187  1187 D SGM:GameManager: identifyGamePackage. com.cinemamovel, mCurrentUserId: 0, callerUserId: 0, callingMethodInfo: com.android.server.ssrm.fgapps.GameAppUtils.isGame(GameAppUtils.java:84)
11-06 14:45:06.370  1187  1187 D SGM:PkgDataHelper: getGamePkgData(). com.cinemamovel
11-06 14:45:06.370  1187  1187 I SemDvfsHyPerManager: acquire hyper - GESTURE_DETECTED/1187@18, type = -999
11-06 14:45:06.370   896   910 I HYPER-HAL: [RequestManager.cpp]acquire(): Acquired ID : 726633  [1187 / 18]    HINT : GESTURE_DETECTED    list : [TIMEOUT / 1702] 
11-06 14:45:06.371   896   910 I mtkpower_client: perf_lock_acq, hdl:0, dur:0, num:2, tid:910
11-06 14:45:06.372   896   910 I mtkpower_client: ret_hdl:1056910
11-06 14:45:06.372   896   910 I mtkpower_client: perf_lock_acq, hdl:0, dur:0, num:2, tid:910
11-06 14:45:06.373  1014  1065 I libPowerHal: [perfLockAcq] idx:0 hdl:1056910 hint:-1 pid:896 duration:0 lock_user:vendor.samsung. => ret_hdl:1056910
11-06 14:45:06.373  1014  1065 I libPowerHal: vendor.samsung.: cpu_ctrl set cpu freq: -1 -1 1138000 -1
11-06 14:45:06.374   896   910 I mtkpower_client: ret_hdl:1056911
11-06 14:45:06.374   896   910 I HYPER-HAL: [RequestManager.cpp]acquire(): Acquired ID : 726633  [1187 / 18]    HINT : GESTURE_DETECTED    list : [TIMEOUT / 1702] 
11-06 14:45:06.374  1014  1065 I libPowerHal: [perfLockAcq] idx:1 hdl:1056911 hint:-1 pid:896 duration:0 lock_user:vendor.samsung. => ret_hdl:1056911
11-06 14:45:06.374  1014  1065 I libPowerHal: vendor.samsung.: cpu_ctrl set cpu freq: 1218000 -1 1138000 -1
11-06 14:45:06.378 12173 12211 E IMGMapper: set:488 set: Unset optional value from type SMPTE2086
11-06 14:45:06.378 12173 12211 E IMGMapper: set:488 set: Unset optional value from type CTA861_3
11-06 14:45:06.382  1187  1187 I SemDvfsHyPerManager: acquire hyper - SMOOTH_SCROLL/1187@17, type = -999
11-06 14:45:06.383   896   910 I HYPER-HAL: [RequestManager.cpp]acquire(): Acquired ID : 725427  [1187 / 17]    HINT : SMOOTH_SCROLL    list : 
11-06 14:45:06.384   896   910 I mtkpower_client: perf_lock_rel, hdl:1056910, tid:910
11-06 14:45:06.385   896   910 I mtkpower_client: perf_lock_acq, hdl:0, dur:0, num:2, tid:910
11-06 14:45:06.386  1014  1065 I libPowerHal: [perfLockRel] hdl:1056910, idx:0
11-06 14:45:06.386  1014  1065 I libPowerHal: vendor.samsung.: cpu_ctrl set cpu freq: 1218000 -1 -1 -1
11-06 14:45:06.388   896   910 I mtkpower_client: ret_hdl:1056912
11-06 14:45:06.388   896   910 I mtkpower_client: perf_lock_rel, hdl:1056911, tid:910
11-06 14:45:06.388  1014  1065 I libPowerHal: [perfLockAcq] idx:2 hdl:1056912 hint:-1 pid:896 duration:0 lock_user:vendor.samsung. => ret_hdl:1056912
11-06 14:45:06.388  1014  1065 I libPowerHal: vendor.samsung.: cpu_ctrl set cpu freq: 1218000 -1 1138000 -1
11-06 14:45:06.389   896   910 I mtkpower_client: perf_lock_acq, hdl:0, dur:0, num:2, tid:910
11-06 14:45:06.389  1014  1065 I libPowerHal: [perfLockRel] hdl:1056911, idx:1
11-06 14:45:06.390  1014  1065 I libPowerHal: vendor.samsung.: cpu_ctrl set cpu freq: -1 -1 1138000 -1
11-06 14:45:06.391   896   910 I mtkpower_client: ret_hdl:1056913
11-06 14:45:06.391  1014  1065 I libPowerHal: [perfLockAcq] idx:0 hdl:1056913 hint:-1 pid:896 duration:0 lock_user:vendor.samsung. => ret_hdl:1056913
11-06 14:45:06.392  1014  1065 I libPowerHal: vendor.samsung.: cpu_ctrl set cpu freq: 1218000 -1 1138000 -1
11-06 14:45:06.394 12173 12211 E IMGMapper: set:488 set: Unset optional value from type SMPTE2086
11-06 14:45:06.394 12173 12211 E IMGMapper: set:488 set: Unset optional value from type CTA861_3
11-06 14:45:06.410 12173 12211 E IMGMapper: set:488 set: Unset optional value from type SMPTE2086
11-06 14:45:06.411 12173 12211 E IMGMapper: set:488 set: Unset optional value from type CTA861_3
11-06 14:45:06.428 12173 12211 E IMGMapper: set:488 set: Unset optional value from type SMPTE2086
11-06 14:45:06.428 12173 12211 E IMGMapper: set:488 set: Unset optional value from type CTA861_3
11-06 14:45:06.447 12173 12211 E IMGMapper: set:488 set: Unset optional value from type SMPTE2086
11-06 14:45:06.447 12173 12211 E IMGMapper: set:488 set: Unset optional value from type CTA861_3
11-06 14:45:06.469 12173 12211 E IMGMapper: set:488 set: Unset optional value from type SMPTE2086
11-06 14:45:06.469 12173 12211 E IMGMapper: set:488 set: Unset optional value from type CTA861_3
11-06 14:45:06.508 12173 12211 E IMGMapper: set:488 set: Unset optional value from type SMPTE2086
11-06 14:45:06.508 12173 12211 E IMGMapper: set:488 set: Unset optional value from type CTA861_3
11-06 14:45:06.515  1693  1693 I WifiHAL : Get link layer stats
11-06 14:45:06.515  1693  1693 I WifiHAL : GetLinkStatsCommand::create
11-06 14:45:06.515  1693  1693 D android.hardware.wifi@1.0-service-lazy: WifiRequest::create vendor command to iface 38, vendor_id=0x1a11, subcmd=0x1200, res=0
11-06 14:45:06.515  1693  1693 I android.hardware.wifi@1.0-service-lazy: WifiCommand::requestResponse err=-95
11-06 14:45:06.515  1693  1693 I WifiHAL : wifi_get_link_stats: result=-3
11-06 14:45:06.516  1187  1566 E WifiVendorHal: getWifiLinkLayerStats_1_5_Internal(l.1179) failed {.code = ERROR_NOT_SUPPORTED, .description = }
11-06 14:45:06.520 12173 12211 E IMGMapper: set:488 set: Unset optional value from type SMPTE2086
11-06 14:45:06.520 12173 12211 E IMGMapper: set:488 set: Unset optional value from type CTA861_3
11-06 14:45:06.522  1187 22074 D SemWifiUsabilityStatsMonitor: onWifiUsabilityStats - seqNum 112404, isSameBssidAndFreq true
11-06 14:45:06.523  1187  1645 I SemWifiLinkQualityMonitor: Link Qos query: inf. ms / 0 Mbps
11-06 14:45:06.533 12173 12211 E IMGMapper: set:488 set: Unset optional value from type SMPTE2086
11-06 14:45:06.533 12173 12211 E IMGMapper: set:488 set: Unset optional value from type CTA861_3
11-06 14:45:06.548 12173 12211 E IMGMapper: set:488 set: Unset optional value from type SMPTE2086
11-06 14:45:06.548 12173 12211 E IMGMapper: set:488 set: Unset optional value from type CTA861_3
11-06 14:45:06.565 12173 12211 E IMGMapper: set:488 set: Unset optional value from type SMPTE2086
11-06 14:45:06.566 12173 12211 E IMGMapper: set:488 set: Unset optional value from type CTA861_3
11-06 14:45:06.575  1737  1942 D MobileStatusTracker(0/2): onSignalStrengthsChanged level=4, vendorLevel=3
11-06 14:45:06.577  1737  1942 D MobileSignalController(0/2): notifyListener: enabled=true, connected=true, dataConnected=true, networkType=LTE (4G), emergencyOnly=false, roaming=false, isDefault=false, dataActivity=, level=3, ca=false, mmWave=false, disabledDataIcon=false, simCard=ETC
11-06 14:45:06.577  1737  1942 D NetworkController: SignalStrength from intent slotId=0
11-06 14:45:06.582 12173 12211 E IMGMapper: set:488 set: Unset optional value from type SMPTE2086
11-06 14:45:06.582 12173 12211 E IMGMapper: set:488 set: Unset optional value from type CTA861_3
11-06 14:45:06.596 12173 12211 E IMGMapper: set:488 set: Unset optional value from type SMPTE2086
11-06 14:45:06.596 12173 12211 E IMGMapper: set:488 set: Unset optional value from type CTA861_3
11-06 14:45:06.610 12173 12211 E IMGMapper: set:488 set: Unset optional value from type SMPTE2086
11-06 14:45:06.610 12173 12211 E IMGMapper: set:488 set: Unset optional value from type CTA861_3
11-06 14:45:06.627 12173 12211 E IMGMapper: set:488 set: Unset optional value from type SMPTE2086
11-06 14:45:06.627 12173 12211 E IMGMapper: set:488 set: Unset optional value from type CTA861_3
11-06 14:45:06.651 12173 12211 E IMGMapper: set:488 set: Unset optional value from type SMPTE2086
11-06 14:45:06.651 12173 12211 E IMGMapper: set:488 set: Unset optional value from type CTA861_3
11-06 14:45:06.692 12173 12211 E IMGMapper: set:488 set: Unset optional value from type SMPTE2086
11-06 14:45:06.693 12173 12211 E IMGMapper: set:488 set: Unset optional value from type CTA861_3
11-06 14:45:06.716 12173 12211 E IMGMapper: set:488 set: Unset optional value from type SMPTE2086
11-06 14:45:06.716 12173 12211 E IMGMapper: set:488 set: Unset optional value from type CTA861_3
11-06 14:45:06.730 12173 12211 E IMGMapper: set:488 set: Unset optional value from type SMPTE2086
11-06 14:45:06.730 12173 12211 E IMGMapper: set:488 set: Unset optional value from type CTA861_3
11-06 14:45:06.748 12173 12211 E IMGMapper: set:488 set: Unset optional value from type SMPTE2086
11-06 14:45:06.748 12173 12211 E IMGMapper: set:488 set: Unset optional value from type CTA861_3
11-06 14:45:06.769 12173 12211 E IMGMapper: set:488 set: Unset optional value from type SMPTE2086
11-06 14:45:06.769 12173 12211 E IMGMapper: set:488 set: Unset optional value from type CTA861_3
11-06 14:45:06.785 12173 12211 E IMGMapper: set:488 set: Unset optional value from type SMPTE2086
11-06 14:45:06.785 12173 12211 E IMGMapper: set:488 set: Unset optional value from type CTA861_3
11-06 14:45:06.801 12173 12211 E IMGMapper: set:488 set: Unset optional value from type SMPTE2086
11-06 14:45:06.801 12173 12211 E IMGMapper: set:488 set: Unset optional value from type CTA861_3
11-06 14:45:06.824 12173 12211 E IMGMapper: set:488 set: Unset optional value from type SMPTE2086
11-06 14:45:06.824 12173 12211 E IMGMapper: set:488 set: Unset optional value from type CTA861_3
11-06 14:45:06.839 12173 12211 E IMGMapper: set:488 set: Unset optional value from type SMPTE2086
11-06 14:45:06.839 12173 12211 E IMGMapper: set:488 set: Unset optional value from type CTA861_3
11-06 14:45:06.849 12173 12211 E IMGMapper: set:488 set: Unset optional value from type SMPTE2086
11-06 14:45:06.849 12173 12211 E IMGMapper: set:488 set: Unset optional value from type CTA861_3
11-06 14:45:06.860 12173 12211 E IMGMapper: set:488 set: Unset optional value from type SMPTE2086
11-06 14:45:06.860 12173 12211 E IMGMapper: set:488 set: Unset optional value from type CTA861_3
11-06 14:45:06.866 12173 12186 W com.cinemamovel: Cleared Reference was only reachable from finalizer (only reported once)
11-06 14:45:06.877 12173 12211 E IMGMapper: set:488 set: Unset optional value from type SMPTE2086
11-06 14:45:06.877 12173 12211 E IMGMapper: set:488 set: Unset optional value from type CTA861_3
11-06 14:45:06.893 12173 12211 E IMGMapper: set:488 set: Unset optional value from type SMPTE2086
11-06 14:45:06.893 12173 12211 E IMGMapper: set:488 set: Unset optional value from type CTA861_3
11-06 14:45:06.910 12173 12211 E IMGMapper: set:488 set: Unset optional value from type SMPTE2086
11-06 14:45:06.910 12173 12211 E IMGMapper: set:488 set: Unset optional value from type CTA861_3
11-06 14:45:06.926 12173 12211 E IMGMapper: set:488 set: Unset optional value from type SMPTE2086
11-06 14:45:06.927 12173 12211 E IMGMapper: set:488 set: Unset optional value from type CTA861_3
11-06 14:45:06.954 12173 12211 E IMGMapper: set:488 set: Unset optional value from type SMPTE2086
11-06 14:45:06.954 12173 12211 E IMGMapper: set:488 set: Unset optional value from type CTA861_3
11-06 14:45:06.996 12173 12211 E IMGMapper: set:488 set: Unset optional value from type SMPTE2086
11-06 14:45:06.996 12173 12211 E IMGMapper: set:488 set: Unset optional value from type CTA861_3
11-06 14:45:07.004 12173 12219 I ReactNativeJS: [auto-dump]
11-06 14:45:07.005 12173 12219 I ReactNativeJS: ---IMG_METRICS_START---
11-06 14:45:07.005 12173 12219 I ReactNativeJS: {
11-06 14:45:07.005 12173 12219 I ReactNativeJS:   "dashboardRenders": 1,
11-06 14:45:07.005 12173 12219 I ReactNativeJS:   "cardRenders": {
11-06 14:45:07.005 12173 12219 I ReactNativeJS:     "7451": 3,
11-06 14:45:07.005 12173 12219 I ReactNativeJS:     "13494": 5,
11-06 14:45:07.005 12173 12219 I ReactNativeJS:     "506763": 5,
11-06 14:45:07.005 12173 12219 I ReactNativeJS:     "575265": 5,
11-06 14:45:07.005 12173 12219 I ReactNativeJS:     "617126": 3,
11-06 14:45:07.005 12173 12219 I ReactNativeJS:     "691363": 4,
11-06 14:45:07.005 12173 12219 I ReactNativeJS:     "755898": 5,
11-06 14:45:07.005 12173 12219 I ReactNativeJS:     "803796": 5,
11-06 14:45:07.005 12173 12219 I ReactNativeJS:     "911430": 5,
11-06 14:45:07.005 12173 12219 I ReactNativeJS:     "914215": 5,
11-06 14:45:07.005 12173 12219 I ReactNativeJS:     "987400": 5,
11-06 14:45:07.005 12173 12219 I ReactNativeJS:     "1007734": 5,
11-06 14:45:07.005 12173 12219 I ReactNativeJS:     "1028248": 5,
11-06 14:45:07.005 12173 12219 I ReactNativeJS:     "1035259": 5,
11-06 14:45:07.005 12173 12219 I ReactNativeJS:     "1038392": 5,
11-06 14:45:07.005 12173 12219 I ReactNativeJS:     "1051486": 5,
11-06 14:45:07.005 12173 12219 I ReactNativeJS:     "1061474": 5,
11-06 14:45:07.005 12173 12219 I ReactNativeJS:     "1078605": 5,
11-06 14:45:07.005 12173 12219 I ReactNativeJS:     "1087192": 5,
11-06 14:45:07.005 12173 12219 I ReactNativeJS:     "1119878": 2,
11-06 14:45:07.005 12173 12219 I ReactNativeJS:     "1151334": 1,
11-06 14:45:07.005 12173 12219 I ReactNativeJS:     "1175942": 2,
11-06 14:45:07.005 12173 12219 I ReactNativeJS:     "1234821": 5,
11-06 14:45:07.005 12173 12219 I ReactNativeJS:     "1242011": 5,
11-06 14:45:07.005 12173 12219 I ReactNativeJS:     "1265344": 4,
11-06 14:45:07.005 12173 12219 I ReactNativeJS:     "1311031": 5,
11-06 14:45:07.005 12173 12219 I ReactNativeJS:     "1369679": 5,
11-06 14:45:07.005 12173 12219 I ReactNativeJS:     "1382406": 1
11-06 14:45:07.005 12173 12219 I ReactNativeJS:   },
11-06 14:45:07.005 12173 12219 I ReactNativeJS:   "imageLoads": [
11-06 14:45:07.005 12173 12219 I ReactNativeJS:     {
11-06 14:45:07.005 12173 12219 I ReactNativeJS:       "id": 1311031,
11-06 14:45:07.005 12173 12219 I ReactNativeJS:       "durationMs": 3283
11-06 14:45:07.005 12173 12219 I ReactNativeJS:     },
11-06 14:45:07.005 12173 12219 I ReactNativeJS:     {
11-06 14:45:07.005 12173 12219 I ReactNativeJS:       "id": 755898,
11-06 14:45:07.005 12173 12219 I ReactNativeJS:       "durationMs": 3617
11-06 14:45:07.005 12173 12219 I ReactNativeJS:     },
11-06 14:45:07.005 12173 12219 I ReactNativeJS:     {
11-06 14:45:07.005 12173 12219 I ReactNativeJS:       "id": 1038392,
11-06 14:45:07.005 12173 12219 I ReactNativeJS:       "durationMs": 3749
11-06 14:45:07.005 12173 12219 I ReactNativeJS:     },
11-06 14:45:07.005 12173 12219 I ReactNativeJS:     {
11-06 14:45:07.005 12173 12219 I ReactNativeJS:       "id": 987400,
11-06 14:45:07.005 12173 12219 I ReactNativeJS:       "durationMs": 3765
11-06 14:45:07.005 12173 12219 I ReactNativeJS:     },
11-06 14:45:07.005 12173 12219 I ReactNativeJS:     {
11-06 14:45:07.005 12173 12219 I ReactNativeJS:       "id": 1007734,
11-06 14:45:07.005 12173 12219 I ReactNativeJS:       "durationMs": 6800
11-06 14:45:07.005 12173 12219 I ReactNativeJS:     },
11-06 14:45:07.005 12173 12219 I ReactNativeJS:     {
11-06 14:45:07.005 12173 12219 I ReactNativeJS:       "id": 1078605,
11-06 14:45:07.005 12173 12219 I ReactNativeJS:       "durationMs": 6800
11-06 14:45:07.005 12173 12219 I ReactNativeJS:     },
11-06 14:45:07.005 12173 12219 I ReactNativeJS:     {
11-06 14:45:07.005 12173 12219 I ReactNativeJS:       "id": 1028248,
11-06 14:45:07.005 12173 12219 I ReactNativeJS:       "durationMs": 6801
11-06 14:45:07.005 12173 12219 I ReactNativeJS:     },
11-06 14:45:07.005 12173 12219 I ReactNativeJS:     {
11-06 14:45:07.005 12173 12219 I ReactNativeJS:       "id": 914215,
11-06 14:45:07.005 12173 12219 I ReactNativeJS:       "durationMs": 6846
11-06 14:45:07.005 12173 12219 I ReactNativeJS:     },
11-06 14:45:07.005 12173 12219 I ReactNativeJS:     {
11-06 14:45:07.005 12173 12219 I ReactNativeJS:       "id": 1035259,
11-06 14:45:07.005 12173 12219 I ReactNativeJS:       "durationMs": 7163
11-06 14:45:07.005 12173 12219 I ReactNativeJS:     },
11-06 14:45:07.005 12173 12219 I ReactNativeJS:     {
11-06 14:45:07.005 12173 12219 I ReactNativeJS:       "id": 1061474,
11-06 14:45:07.005 12173 12219 I ReactNativeJS:       "durationMs": 7163
11-06 14:45:07.005 12173 12219 I ReactNativeJS:     },
11-06 14:45:07.005 12173 12219 I ReactNativeJS:     {
11-06 14:45:07.005 12173 12219 I ReactNativeJS:       "id": 13494,
11-06 14:45:07.005 12173 12219 I ReactNativeJS:       "durationMs": 7459
11-06 14:45:07.005 12173 12219 I ReactNativeJS:     },
11-06 14:45:07.005 12173 12219 I ReactNativeJS:     {
11-06 14:45:07.005 12173 12219 I ReactNativeJS:       "id": 575265,
11-06 14:45:07.005 12173 12219 I ReactNativeJS:       "durationMs": 7460
11-06 14:45:07.005 12173 12219 I ReactNativeJS:     }
11-06 14:45:07.005 12173 12219 I ReactNativeJS:   ],
11-06 14:45:07.005 12173 12219 I ReactNativeJS:   "navigationEvents": [
11-06 14:45:07.005 12173 12219 I ReactNativeJS:     {
11-06 14:45:07.005 12173 12219 I ReactNativeJS:       "action": "focus_dashboard",
11-06 14:45:07.005 12173 12219 I ReactNativeJS:       "timestamp": 1762451098979
11-06 14:45:07.005 12173 12219 I ReactNativeJS:     }
11-06 14:45:07.005 12173 12219 I ReactNativeJS:   ]
11-06 14:45:07.005 12173 12219 I ReactNativeJS: }
11-06 14:45:07.006 12173 12219 I ReactNativeJS: ---IMG_METRICS_END---
11-06 14:45:07.010 12173 12211 E IMGMapper: set:488 set: Unset optional value from type SMPTE2086
11-06 14:45:07.011 12173 12211 E IMGMapper: set:488 set: Unset optional value from type CTA861_3
11-06 14:45:07.030 12173 12211 E IMGMapper: set:488 set: Unset optional value from type SMPTE2086
11-06 14:45:07.030 12173 12211 E IMGMapper: set:488 set: Unset optional value from type CTA861_3
11-06 14:45:07.047 12173 12211 E IMGMapper: set:488 set: Unset optional value from type SMPTE2086
11-06 14:45:07.048 12173 12211 E IMGMapper: set:488 set: Unset optional value from type CTA861_3
11-06 14:45:07.065 12173 12211 E IMGMapper: set:488 set: Unset optional value from type SMPTE2086
11-06 14:45:07.066 12173 12211 E IMGMapper: set:488 set: Unset optional value from type CTA861_3
11-06 14:45:07.081 12173 12211 E IMGMapper: set:488 set: Unset optional value from type SMPTE2086
11-06 14:45:07.081 12173 12211 E IMGMapper: set:488 set: Unset optional value from type CTA861_3
11-06 14:45:07.097 12173 12211 E IMGMapper: set:488 set: Unset optional value from type SMPTE2086
11-06 14:45:07.097 12173 12211 E IMGMapper: set:488 set: Unset optional value from type CTA861_3
11-06 14:45:07.098  1039  1039 I BufferQueueProducer: [com.cinemamovel/com.cinemamovel.MainActivity$_12173#692422](this:0xb400007a1f848838,id:-1,api:0,p:-1,c:1039) queueBuffer: fps=52.88 dur=1002.20 max=50.13 min=15.67
11-06 14:45:07.100   991 11009 I hwcomposer: [HWCDisplay] [Display_0 (type:1)] fps:52.904045,dur:1001.81,max:50.82,min:14.73  
11-06 14:45:07.113 12173 12211 E IMGMapper: set:488 set: Unset optional value from type SMPTE2086
11-06 14:45:07.113 12173 12211 E IMGMapper: set:488 set: Unset optional value from type CTA861_3
11-06 14:45:07.131 12173 12211 E IMGMapper: set:488 set: Unset optional value from type SMPTE2086
11-06 14:45:07.131 12173 12211 E IMGMapper: set:488 set: Unset optional value from type CTA861_3
11-06 14:45:07.147 12173 12211 E IMGMapper: set:488 set: Unset optional value from type SMPTE2086
11-06 14:45:07.147 12173 12211 E IMGMapper: set:488 set: Unset optional value from type CTA861_3
11-06 14:45:07.165 12173 12211 E IMGMapper: set:488 set: Unset optional value from type SMPTE2086
11-06 14:45:07.165 12173 12211 E IMGMapper: set:488 set: Unset optional value from type CTA861_3
11-06 14:45:07.181 12173 12211 E IMGMapper: set:488 set: Unset optional value from type SMPTE2086
11-06 14:45:07.181 12173 12211 E IMGMapper: set:488 set: Unset optional value from type CTA861_3
11-06 14:45:07.197 12173 12211 E IMGMapper: set:488 set: Unset optional value from type SMPTE2086
11-06 14:45:07.197 12173 12211 E IMGMapper: set:488 set: Unset optional value from type CTA861_3
11-06 14:45:07.215 12173 12211 E IMGMapper: set:488 set: Unset optional value from type SMPTE2086
11-06 14:45:07.215 12173 12211 E IMGMapper: set:488 set: Unset optional value from type CTA861_3
11-06 14:45:07.232 12173 12211 E IMGMapper: set:488 set: Unset optional value from type SMPTE2086
11-06 14:45:07.232 12173 12211 E IMGMapper: set:488 set: Unset optional value from type CTA861_3
11-06 14:45:07.248 12173 12211 E IMGMapper: set:488 set: Unset optional value from type SMPTE2086
11-06 14:45:07.248 12173 12211 E IMGMapper: set:488 set: Unset optional value from type CTA861_3
11-06 14:45:07.267 12173 12211 E IMGMapper: set:488 set: Unset optional value from type SMPTE2086
11-06 14:45:07.267 12173 12211 E IMGMapper: set:488 set: Unset optional value from type CTA861_3
11-06 14:45:07.282 12173 12211 E IMGMapper: set:488 set: Unset optional value from type SMPTE2086
11-06 14:45:07.282 12173 12211 E IMGMapper: set:488 set: Unset optional value from type CTA861_3
11-06 14:45:07.296 12173 12211 E IMGMapper: set:488 set: Unset optional value from type SMPTE2086
11-06 14:45:07.297 12173 12211 E IMGMapper: set:488 set: Unset optional value from type CTA861_3
11-06 14:45:07.314 12173 12211 E IMGMapper: set:488 set: Unset optional value from type SMPTE2086
11-06 14:45:07.314 12173 12211 E IMGMapper: set:488 set: Unset optional value from type CTA861_3
11-06 14:45:07.330 12173 12211 E IMGMapper: set:488 set: Unset optional value from type SMPTE2086
11-06 14:45:07.330 12173 12211 E IMGMapper: set:488 set: Unset optional value from type CTA861_3
11-06 14:45:07.346 12173 12211 E IMGMapper: set:488 set: Unset optional value from type SMPTE2086
11-06 14:45:07.346 12173 12211 E IMGMapper: set:488 set: Unset optional value from type CTA861_3
11-06 14:45:07.363 12173 12211 E IMGMapper: set:488 set: Unset optional value from type SMPTE2086
11-06 14:45:07.363 12173 12211 E IMGMapper: set:488 set: Unset optional value from type CTA861_3
11-06 14:45:07.380 12173 12211 E IMGMapper: set:488 set: Unset optional value from type SMPTE2086
11-06 14:45:07.380 12173 12211 E IMGMapper: set:488 set: Unset optional value from type CTA861_3
11-06 14:45:07.398 12173 12211 E IMGMapper: set:488 set: Unset optional value from type SMPTE2086
11-06 14:45:07.398 12173 12211 E IMGMapper: set:488 set: Unset optional value from type CTA861_3
11-06 14:45:07.414 12173 12211 E IMGMapper: set:488 set: Unset optional value from type SMPTE2086
11-06 14:45:07.414 12173 12211 E IMGMapper: set:488 set: Unset optional value from type CTA861_3
11-06 14:45:07.431 12173 12211 E IMGMapper: set:488 set: Unset optional value from type SMPTE2086
11-06 14:45:07.431 12173 12211 E IMGMapper: set:488 set: Unset optional value from type CTA861_3
11-06 14:45:07.447 12173 12211 E IMGMapper: set:488 set: Unset optional value from type SMPTE2086
11-06 14:45:07.448 12173 12211 E IMGMapper: set:488 set: Unset optional value from type CTA861_3
11-06 14:45:07.463 12173 12211 E IMGMapper: set:488 set: Unset optional value from type SMPTE2086
11-06 14:45:07.463 12173 12211 E IMGMapper: set:488 set: Unset optional value from type CTA861_3
11-06 14:45:07.482 12173 12211 E IMGMapper: set:488 set: Unset optional value from type SMPTE2086
11-06 14:45:07.482 12173 12211 E IMGMapper: set:488 set: Unset optional value from type CTA861_3
11-06 14:45:07.496 12173 12211 E IMGMapper: set:488 set: Unset optional value from type SMPTE2086
11-06 14:45:07.497 12173 12211 E IMGMapper: set:488 set: Unset optional value from type CTA861_3
11-06 14:45:07.514 12173 12211 E IMGMapper: set:488 set: Unset optional value from type SMPTE2086
11-06 14:45:07.514 12173 12211 E IMGMapper: set:488 set: Unset optional value from type CTA861_3
11-06 14:45:07.530 12173 12211 E IMGMapper: set:488 set: Unset optional value from type SMPTE2086
11-06 14:45:07.530 12173 12211 E IMGMapper: set:488 set: Unset optional value from type CTA861_3
11-06 14:45:07.547 12173 12211 E IMGMapper: set:488 set: Unset optional value from type SMPTE2086
11-06 14:45:07.547 12173 12211 E IMGMapper: set:488 set: Unset optional value from type CTA861_3
11-06 14:45:07.564 12173 12211 E IMGMapper: set:488 set: Unset optional value from type SMPTE2086
11-06 14:45:07.564 12173 12211 E IMGMapper: set:488 set: Unset optional value from type CTA861_3
11-06 14:45:07.582 12173 12211 E IMGMapper: set:488 set: Unset optional value from type SMPTE2086
11-06 14:45:07.582 12173 12211 E IMGMapper: set:488 set: Unset optional value from type CTA861_3
11-06 14:45:07.596 12173 12211 E IMGMapper: set:488 set: Unset optional value from type SMPTE2086
11-06 14:45:07.596 12173 12211 E IMGMapper: set:488 set: Unset optional value from type CTA861_3
11-06 14:45:07.613 12173 12211 E IMGMapper: set:488 set: Unset optional value from type SMPTE2086
11-06 14:45:07.613 12173 12211 E IMGMapper: set:488 set: Unset optional value from type CTA861_3
11-06 14:45:07.631 12173 12211 E IMGMapper: set:488 set: Unset optional value from type SMPTE2086
11-06 14:45:07.631 12173 12211 E IMGMapper: set:488 set: Unset optional value from type CTA861_3
11-06 14:45:07.633  1187  4547 D InputDispatcher: Inject motion (12399/2000): action=0x0, time=3435965298000000, f=0x0, d=0 dsdx=1.000000 dtdx=0.000000
11-06 14:45:07.634  1187  1534 I InputDispatcher: Delivering touch to (1737): action: 0x4, f=0x0, d=0, 'd92b8ad', t=1 
11-06 14:45:07.634  1187  1534 I InputDispatcher: Delivering touch to (12173): action: 0x0, f=0x0, d=0, 'a4ad57e', t=1 
11-06 14:45:07.634  1187  1534 D PowerManagerService: [api] userActivityFromNative :  (event: 2 flags: 0 displayId: 0) eventTime = 3435965298
11-06 14:45:07.635  1187  1303 I GestureDetector: obtain mCurrentDownEvent. id: -24927695 caller: com.android.server.wm.SystemGesturesPointerEventListener.onPointerEvent:203 com.android.server.wm.PointerEventDispatcher.onInputEvent:53 android.view.InputEventReceiver.dispatchInputEvent:285 
11-06 14:45:07.636  1187  1303 I GestureDetector: obtain mCurrentDownEvent. id: -24927695 caller: com.android.server.wm.SystemPerformancePointerEventListener.onPointerEvent:89 com.android.server.wm.PointerEventDispatcher.onInputEvent:53 android.view.InputEventReceiver.dispatchInputEvent:285 
11-06 14:45:07.642 12173 12173 I ViewRootImpl@706bef1[MainActivity]: ViewPostIme pointer 0
11-06 14:45:07.647 12173 12211 E IMGMapper: set:488 set: Unset optional value from type SMPTE2086
11-06 14:45:07.647 12173 12211 E IMGMapper: set:488 set: Unset optional value from type CTA861_3
11-06 14:45:07.654  1187  1303 I GestureDetector: obtain mCurrentMotionEventRaw. action: 2 id: -354701634
11-06 14:45:07.655  1187  1303 I GestureDetector: obtain mCurrentMotionEventRaw. action: 2 id: -354701634
11-06 14:45:07.661   896   910 I mtkpower_client: perf_lock_rel, hdl:1056912, tid:910
11-06 14:45:07.662  1014  1065 I libPowerHal: [perfLockRel] hdl:1056912, idx:2
11-06 14:45:07.663  1014  1065 I libPowerHal: vendor.samsung.: cpu_ctrl set cpu freq: 1218000 -1 -1 -1
11-06 14:45:07.663   896   910 I mtkpower_client: perf_lock_acq, hdl:0, dur:0, num:2, tid:910
11-06 14:45:07.664   896   910 I mtkpower_client: ret_hdl:1056914
11-06 14:45:07.664   896   910 I mtkpower_client: perf_lock_rel, hdl:1056913, tid:910
11-06 14:45:07.665  1014  1065 I libPowerHal: [perfLockAcq] idx:1 hdl:1056914 hint:-1 pid:896 duration:0 lock_user:vendor.samsung. => ret_hdl:1056914
11-06 14:45:07.665  1014  1065 I libPowerHal: vendor.samsung.: cpu_ctrl set cpu freq: 1218000 -1 1138000 -1
11-06 14:45:07.666 12173 12211 E IMGMapper: set:488 set: Unset optional value from type SMPTE2086
11-06 14:45:07.666 12173 12211 E IMGMapper: set:488 set: Unset optional value from type CTA861_3
11-06 14:45:07.666   896   910 I mtkpower_client: perf_lock_acq, hdl:0, dur:0, num:2, tid:910
11-06 14:45:07.667  1014  1065 I libPowerHal: [perfLockRel] hdl:1056913, idx:0
11-06 14:45:07.667  1014  1065 I libPowerHal: vendor.samsung.: cpu_ctrl set cpu freq: -1 -1 1138000 -1
11-06 14:45:07.668   896   910 I mtkpower_client: ret_hdl:1056915
11-06 14:45:07.668   896   910 I HYPER-HAL: [RequestManager.cpp]releaseLocked(): Released ID : 725427
11-06 14:45:07.669  1014  1065 I libPowerHal: [perfLockAcq] idx:2 hdl:1056915 hint:-1 pid:896 duration:0 lock_user:vendor.samsung. => ret_hdl:1056915
11-06 14:45:07.669  1014  1065 I libPowerHal: vendor.samsung.: cpu_ctrl set cpu freq: 1218000 -1 1138000 -1
11-06 14:45:07.685 12173 12211 E IMGMapper: set:488 set: Unset optional value from type SMPTE2086
11-06 14:45:07.685 12173 12211 E IMGMapper: set:488 set: Unset optional value from type CTA861_3
11-06 14:45:07.696 12173 12211 E IMGMapper: set:488 set: Unset optional value from type SMPTE2086
11-06 14:45:07.697 12173 12211 E IMGMapper: set:488 set: Unset optional value from type CTA861_3
11-06 14:45:07.715 12173 12211 E IMGMapper: set:488 set: Unset optional value from type SMPTE2086
11-06 14:45:07.715 12173 12211 E IMGMapper: set:488 set: Unset optional value from type CTA861_3
11-06 14:45:07.731 12173 12211 E IMGMapper: set:488 set: Unset optional value from type SMPTE2086
11-06 14:45:07.732 12173 12211 E IMGMapper: set:488 set: Unset optional value from type CTA861_3
11-06 14:45:07.745 12173 12211 E IMGMapper: set:488 set: Unset optional value from type SMPTE2086
11-06 14:45:07.745 12173 12211 E IMGMapper: set:488 set: Unset optional value from type CTA861_3
11-06 14:45:07.760 12173 12211 E IMGMapper: set:488 set: Unset optional value from type SMPTE2086
11-06 14:45:07.760 12173 12211 E IMGMapper: set:488 set: Unset optional value from type CTA861_3
11-06 14:45:07.778 12173 12211 E IMGMapper: set:488 set: Unset optional value from type SMPTE2086
11-06 14:45:07.778 12173 12211 E IMGMapper: set:488 set: Unset optional value from type CTA861_3
11-06 14:45:07.794 12173 12211 E IMGMapper: set:488 set: Unset optional value from type SMPTE2086
11-06 14:45:07.795 12173 12211 E IMGMapper: set:488 set: Unset optional value from type CTA861_3
11-06 14:45:07.810 12173 12211 E IMGMapper: set:488 set: Unset optional value from type SMPTE2086
11-06 14:45:07.810 12173 12211 E IMGMapper: set:488 set: Unset optional value from type CTA861_3
11-06 14:45:07.832 12173 12211 E IMGMapper: set:488 set: Unset optional value from type SMPTE2086
11-06 14:45:07.832 12173 12211 E IMGMapper: set:488 set: Unset optional value from type CTA861_3
11-06 14:45:07.846 12173 12211 E IMGMapper: set:488 set: Unset optional value from type SMPTE2086
11-06 14:45:07.846 12173 12211 E IMGMapper: set:488 set: Unset optional value from type CTA861_3
11-06 14:45:07.855  1187  1351 D BatteryExternalStatsWorker: update stats : update-network-download (6)
11-06 14:45:07.855  1187  1351 D BatteryExternalStatsWorker: Update Rail Energy data
11-06 14:45:07.856  1187  1351 D BatteryExternalStatsWorker: Fetch modem data
11-06 14:45:07.869 12173 12211 E IMGMapper: set:488 set: Unset optional value from type SMPTE2086
11-06 14:45:07.869 12173 12211 E IMGMapper: set:488 set: Unset optional value from type CTA861_3
11-06 14:45:07.884 12173 12211 E IMGMapper: set:488 set: Unset optional value from type SMPTE2086
11-06 14:45:07.884 12173 12211 E IMGMapper: set:488 set: Unset optional value from type CTA861_3
11-06 14:45:07.925 12173 12211 E IMGMapper: set:488 set: Unset optional value from type SMPTE2086
11-06 14:45:07.925 12173 12211 E IMGMapper: set:488 set: Unset optional value from type CTA861_3
11-06 14:45:07.934 12173 12211 E IMGMapper: set:488 set: Unset optional value from type SMPTE2086
11-06 14:45:07.934  1187  4547 D InputDispatcher: Inject motion (12399/2000): action=0x1, time=3435965600000000, f=0x0, d=0 dsdx=1.000000 dtdx=0.000000
11-06 14:45:07.934 12173 12211 E IMGMapper: set:488 set: Unset optional value from type CTA861_3
11-06 14:45:07.934  1187  1534 I InputDispatcher: Delivering touch to (12173): action: 0x1, f=0x0, d=0, 'a4ad57e', t=1 
11-06 14:45:07.937  1187  1187 I SemDvfsHyPerManager: acquire hyper - SMOOTH_SCROLL/1187@17, type = -999
11-06 14:45:07.937   896   910 I HYPER-HAL: [RequestManager.cpp]acquire(): Acquired ID : 725427  [1187 / 17]    HINT : SMOOTH_SCROLL    list : 
11-06 14:45:07.938   896   910 I mtkpower_client: perf_lock_rel, hdl:1056914, tid:910
11-06 14:45:07.939  1014  1065 I libPowerHal: [perfLockRel] hdl:1056914, idx:1
11-06 14:45:07.939  1014  1065 I libPowerHal: vendor.samsung.: cpu_ctrl set cpu freq: 1218000 -1 -1 -1
11-06 14:45:07.940 12173 12173 I ViewRootImpl@706bef1[MainActivity]: ViewPostIme pointer 1
11-06 14:45:07.940  1187  1187 D SGM:GameManager: identifyGamePackage. com.cinemamovel, mCurrentUserId: 0, callerUserId: 0, callingMethodInfo: com.android.server.ssrm.fgapps.GameAppUtils.isGame(GameAppUtils.java:84)
11-06 14:45:07.940  1187  1187 D SGM:PkgDataHelper: getGamePkgData(). com.cinemamovel
11-06 14:45:07.940  1187  1187 I SemDvfsHyPerManager: acquire hyper - GESTURE_DETECTED/1187@18, type = -999
11-06 14:45:07.941   896   910 I mtkpower_client: perf_lock_acq, hdl:0, dur:0, num:2, tid:910
11-06 14:45:07.942   896   910 I mtkpower_client: ret_hdl:1056916
11-06 14:45:07.942   896   910 I mtkpower_client: perf_lock_rel, hdl:1056915, tid:910
11-06 14:45:07.942  1014  1065 I libPowerHal: [perfLockAcq] idx:0 hdl:1056916 hint:-1 pid:896 duration:0 lock_user:vendor.samsung. => ret_hdl:1056916
11-06 14:45:07.942  1014  1065 I libPowerHal: vendor.samsung.: cpu_ctrl set cpu freq: 1218000 -1 1138000 -1
11-06 14:45:07.942  1187  1187 D SGM:GameManager: identifyGamePackage. com.cinemamovel, mCurrentUserId: 0, callerUserId: 0, callingMethodInfo: com.android.server.ssrm.fgapps.GameAppUtils.isGame(GameAppUtils.java:84)
11-06 14:45:07.943  1187  1187 D SGM:PkgDataHelper: getGamePkgData(). com.cinemamovel
11-06 14:45:07.943  1187  1187 I SemDvfsHyPerManager: acquire hyper - GESTURE_DETECTED/1187@18, type = -999
11-06 14:45:07.943  1187  1187 I SemDvfsHyPerManager: acquire hyper - SMOOTH_SCROLL/1187@17, type = -999
11-06 14:45:07.945  1014  1065 I libPowerHal: [perfLockRel] hdl:1056915, idx:2
11-06 14:45:07.945  1014  1065 I libPowerHal: vendor.samsung.: cpu_ctrl set cpu freq: -1 -1 1138000 -1
11-06 14:45:07.945 12173 12211 E IMGMapper: set:488 set: Unset optional value from type SMPTE2086
11-06 14:45:07.945 12173 12211 E IMGMapper: set:488 set: Unset optional value from type CTA861_3
11-06 14:45:07.946   896   910 I mtkpower_client: perf_lock_acq, hdl:0, dur:0, num:2, tid:910
11-06 14:45:07.947   896   910 I mtkpower_client: ret_hdl:1056917
11-06 14:45:07.947   896   910 I mtkpower_client: perf_lock_rel, hdl:1056916, tid:910
11-06 14:45:07.948  1014  1065 I libPowerHal: [perfLockAcq] idx:1 hdl:1056917 hint:-1 pid:896 duration:0 lock_user:vendor.samsung. => ret_hdl:1056917
11-06 14:45:07.948  1187  4547 D TelephonyManager: requestModemActivityInfo: Sending result to app: ModemActivityInfo{ mTimestamp=5142212315 mSleepTimeMs=339568193 mIdleTimeMs=491459965 mActivityStatsTechSpecificInfo=[{mRat=UNKNOWN,mFrequencyRange=UNKNOWN,mTxTimeMs[]=[33387, 28273, 347578, 1249425, 1223257],mRxTimeMs=16167631}]}
11-06 14:45:07.948  1014  1065 I libPowerHal: vendor.samsung.: cpu_ctrl set cpu freq: 1218000 -1 1138000 -1
11-06 14:45:07.948  1187  1351 D BatteryExternalStatsWorker: mStats lock released
11-06 14:45:07.950   896   910 I mtkpower_client: perf_lock_acq, hdl:0, dur:0, num:2, tid:910
11-06 14:45:07.951  1014  1065 I libPowerHal: [perfLockRel] hdl:1056916, idx:0
11-06 14:45:07.952  1014  1065 I libPowerHal: vendor.samsung.: cpu_ctrl set cpu freq: 1218000 -1 -1 -1
11-06 14:45:07.953   896   910 I mtkpower_client: ret_hdl:1056918
11-06 14:45:07.953   896   910 I mtkpower_client: perf_lock_rel, hdl:1056917, tid:910
11-06 14:45:07.953  1014  1065 I libPowerHal: [perfLockAcq] idx:2 hdl:1056918 hint:-1 pid:896 duration:0 lock_user:vendor.samsung. => ret_hdl:1056918
11-06 14:45:07.954  1014  1065 I libPowerHal: vendor.samsung.: cpu_ctrl set cpu freq: 1218000 -1 1138000 -1
11-06 14:45:07.954   896   910 I mtkpower_client: perf_lock_acq, hdl:0, dur:0, num:2, tid:910
11-06 14:45:07.954  1014  1065 I libPowerHal: [perfLockRel] hdl:1056917, idx:1
11-06 14:45:07.955  1014  1065 I libPowerHal: vendor.samsung.: cpu_ctrl set cpu freq: -1 -1 1138000 -1
11-06 14:45:07.955   896   910 I mtkpower_client: ret_hdl:1056919
11-06 14:45:07.956  1014  1065 I libPowerHal: [perfLockAcq] idx:0 hdl:1056919 hint:-1 pid:896 duration:0 lock_user:vendor.samsung. => ret_hdl:1056919
11-06 14:45:07.956   896   910 I HYPER-HAL: [RequestManager.cpp]releaseLocked(): Released ID : 725427
11-06 14:45:07.956   896   910 I HYPER-HAL: [RequestManager.cpp]acquire(): Acquired ID : 726633  [1187 / 18]    HINT : GESTURE_DETECTED    list : [TIMEOUT / 1702] 
11-06 14:45:07.956  1014  1065 I libPowerHal: vendor.samsung.: cpu_ctrl set cpu freq: 1218000 -1 1138000 -1
11-06 14:45:07.956   896   910 I HYPER-HAL: [RequestManager.cpp]acquire(): Acquired ID : 726633  [1187 / 18]    HINT : GESTURE_DETECTED    list : [TIMEOUT / 1702] 
11-06 14:45:07.956   896   910 I HYPER-HAL: [RequestManager.cpp]acquire(): Acquired ID : 725427  [1187 / 17]    HINT : SMOOTH_SCROLL    list : 
11-06 14:45:07.957   896   910 I mtkpower_client: perf_lock_rel, hdl:1056918, tid:910
11-06 14:45:07.957   896   910 I mtkpower_client: perf_lock_acq, hdl:0, dur:0, num:2, tid:910
11-06 14:45:07.958  1014  1065 I libPowerHal: [perfLockRel] hdl:1056918, idx:2
11-06 14:45:07.958  1014  1065 I libPowerHal: vendor.samsung.: cpu_ctrl set cpu freq: 1218000 -1 -1 -1
11-06 14:45:07.959   896   910 I mtkpower_client: ret_hdl:1056920
11-06 14:45:07.959   896   910 I mtkpower_client: perf_lock_rel, hdl:1056919, tid:910
11-06 14:45:07.959  1014  1065 I libPowerHal: [perfLockAcq] idx:1 hdl:1056920 hint:-1 pid:896 duration:0 lock_user:vendor.samsung. => ret_hdl:1056920
11-06 14:45:07.959  1014  1065 I libPowerHal: vendor.samsung.: cpu_ctrl set cpu freq: 1218000 -1 1138000 -1
11-06 14:45:07.960   896   910 I mtkpower_client: perf_lock_acq, hdl:0, dur:0, num:2, tid:910
11-06 14:45:07.960  1014  1065 I libPowerHal: [perfLockRel] hdl:1056919, idx:0
11-06 14:45:07.960  1014  1065 I libPowerHal: vendor.samsung.: cpu_ctrl set cpu freq: -1 -1 1138000 -1
11-06 14:45:07.961   896   910 I mtkpower_client: ret_hdl:1056921
11-06 14:45:07.962  1014  1065 I libPowerHal: [perfLockAcq] idx:0 hdl:1056921 hint:-1 pid:896 duration:0 lock_user:vendor.samsung. => ret_hdl:1056921
11-06 14:45:07.962  1014  1065 I libPowerHal: vendor.samsung.: cpu_ctrl set cpu freq: 1218000 -1 1138000 -1
11-06 14:45:07.963 12173 12211 E IMGMapper: set:488 set: Unset optional value from type SMPTE2086
11-06 14:45:07.963 12173 12211 E IMGMapper: set:488 set: Unset optional value from type CTA861_3
11-06 14:45:07.967  1187  1351 D BatteryExternalStatsWorker: Update modem state
11-06 14:45:07.968  1187  1351 D BatteryExternalStatsWorker: done updateExternalStatsLocked
11-06 14:45:07.975 12173 12211 E IMGMapper: set:488 set: Unset optional value from type SMPTE2086
11-06 14:45:07.975 12173 12211 E IMGMapper: set:488 set: Unset optional value from type CTA861_3
11-06 14:45:07.990 12173 12211 E IMGMapper: set:488 set: Unset optional value from type SMPTE2086
11-06 14:45:07.990 12173 12211 E IMGMapper: set:488 set: Unset optional value from type CTA861_3
11-06 14:45:08.008 12173 12211 E IMGMapper: set:488 set: Unset optional value from type SMPTE2086
11-06 14:45:08.008 12173 12211 E IMGMapper: set:488 set: Unset optional value from type CTA861_3
11-06 14:45:08.030 12173 12211 E IMGMapper: set:488 set: Unset optional value from type SMPTE2086
11-06 14:45:08.030 12173 12211 E IMGMapper: set:488 set: Unset optional value from type CTA861_3
11-06 14:45:08.044 12173 12211 E IMGMapper: set:488 set: Unset optional value from type SMPTE2086
11-06 14:45:08.044 12173 12211 E IMGMapper: set:488 set: Unset optional value from type CTA861_3
11-06 14:45:08.060 12173 12211 E IMGMapper: set:488 set: Unset optional value from type SMPTE2086
11-06 14:45:08.060 12173 12211 E IMGMapper: set:488 set: Unset optional value from type CTA861_3
11-06 14:45:08.076 12173 12211 E IMGMapper: set:488 set: Unset optional value from type SMPTE2086
11-06 14:45:08.076 12173 12211 E IMGMapper: set:488 set: Unset optional value from type CTA861_3
11-06 14:45:08.105 12173 12211 E IMGMapper: set:488 set: Unset optional value from type SMPTE2086
11-06 14:45:08.105 12173 12211 E IMGMapper: set:488 set: Unset optional value from type CTA861_3
11-06 14:45:08.114  1039  1039 I BufferQueueProducer: [com.cinemamovel/com.cinemamovel.MainActivity$_12173#692422](this:0xb400007a1f848838,id:-1,api:0,p:-1,c:1039) queueBuffer: fps=59.10 dur=1015.17 max=33.53 min=15.84
11-06 14:45:08.115   991 11009 I hwcomposer: [HWCDisplay] [Display_0 (type:1)] fps:59.130219,dur:1014.71,max:33.67,min:15.93  
11-06 14:45:08.138   543   543 D io_stats: !@ 179,0 r 634108491 7655035226 w 115004663 1219536052 d 1261444 33798280 f 0 0 iot 326859620 0 th 0 0 0 pt 0 inp 0 0 3435965.804
11-06 14:45:08.144 12173 12211 E IMGMapper: set:488 set: Unset optional value from type SMPTE2086
11-06 14:45:08.144 12173 12211 E IMGMapper: set:488 set: Unset optional value from type CTA861_3
11-06 14:45:08.158 12173 12211 E IMGMapper: set:488 set: Unset optional value from type SMPTE2086
11-06 14:45:08.158 12173 12211 E IMGMapper: set:488 set: Unset optional value from type CTA861_3
11-06 14:45:08.176 12173 12211 E IMGMapper: set:488 set: Unset optional value from type SMPTE2086
11-06 14:45:08.176 12173 12211 E IMGMapper: set:488 set: Unset optional value from type CTA861_3
11-06 14:45:08.192 12173 12211 E IMGMapper: set:488 set: Unset optional value from type SMPTE2086
11-06 14:45:08.192 12173 12211 E IMGMapper: set:488 set: Unset optional value from type CTA861_3
11-06 14:45:08.207 12173 12211 E IMGMapper: set:488 set: Unset optional value from type SMPTE2086
11-06 14:45:08.208 12173 12211 E IMGMapper: set:488 set: Unset optional value from type CTA861_3
11-06 14:45:08.225 12173 12211 E IMGMapper: set:488 set: Unset optional value from type SMPTE2086
11-06 14:45:08.225 12173 12211 E IMGMapper: set:488 set: Unset optional value from type CTA861_3
11-06 14:45:08.241 12173 12211 E IMGMapper: set:488 set: Unset optional value from type SMPTE2086
11-06 14:45:08.241 12173 12211 E IMGMapper: set:488 set: Unset optional value from type CTA861_3
11-06 14:45:08.262 12173 12211 E IMGMapper: set:488 set: Unset optional value from type SMPTE2086
11-06 14:45:08.262 12173 12211 E IMGMapper: set:488 set: Unset optional value from type CTA861_3
11-06 14:45:08.265  1200  1324 D ULogGuard: Monitoring: 16 threads, 0 requests, 0 time-bombs; 1 guards. ResetFlags = 0x7
11-06 14:45:08.285 12173 12211 E IMGMapper: set:488 set: Unset optional value from type SMPTE2086
