10-20 21:32:07.953 11527 11582 I ReactNativeJS:       "action": "navigate_to_1265344",
10-20 21:32:07.953 11527 11582 I ReactNativeJS:       "timestamp": 1761006727862
10-20 21:32:07.953 11527 11582 I ReactNativeJS:     },
10-20 21:32:07.953 11527 11582 I ReactNativeJS:     {
10-20 21:32:07.953 11527 11582 I ReactNativeJS:       "action": "leave_dashboard",
10-20 21:32:07.953 11527 11582 I ReactNativeJS:       "timestamp": 1761006727953
10-20 21:32:07.953 11527 11582 I ReactNativeJS:     }
10-20 21:32:07.953 11527 11582 I ReactNativeJS:   ]
10-20 21:32:07.953 11527 11582 I ReactNativeJS: }
10-20 21:32:07.953 11527 11582 I ReactNativeJS: ---METRICS_JSON_END---
10-20 21:32:07.987 11527 11527 W [RNScreens]: backTitleVisible prop is not available on Android
10-20 21:32:07.988 11527 11527 W [RNScreens]: backTitleFontFamily prop is not available on Android
10-20 21:32:07.988 11527 11527 W [RNScreens]: disableBackButtonMenu prop is not available on Android
10-20 21:32:07.988 11527 11527 W [RNScreens]: largeTitleFontFamily prop is not available on Android
10-20 21:32:07.988 11527 11527 W [RNScreens]: largeTitleFontWeight prop is not available on Android
10-20 21:32:07.988 11527 11527 W [RNScreens]: largeTitleHideShadow prop is not available on Android
10-20 21:32:08.008 11527 11563 E IMGMapper: set:488 set: Unset optional value from type SMPTE2086
10-20 21:32:08.008 11527 11563 E IMGMapper: set:488 set: Unset optional value from type CTA861_3
10-20 21:32:08.010  1483  2471 D NetdEventListenerService: DNS Requested by : 475, 10976
10-20 21:32:08.011 11527 11609 D TrafficStats: tagSocket(116) with statsTag=0xffffffff, statsUid=-1
10-20 21:32:08.038 11527 11563 E IMGMapper: set:488 set: Unset optional value from type SMPTE2086
10-20 21:32:08.038 11527 11563 E IMGMapper: set:488 set: Unset optional value from type CTA861_3
10-20 21:32:08.055 11527 11563 E IMGMapper: set:488 set: Unset optional value from type SMPTE2086
10-20 21:32:08.055 11527 11563 E IMGMapper: set:488 set: Unset optional value from type CTA861_3
10-20 21:32:08.072 11527 11563 E IMGMapper: set:488 set: Unset optional value from type SMPTE2086
10-20 21:32:08.072 11527 11563 E IMGMapper: set:488 set: Unset optional value from type CTA861_3
10-20 21:32:08.086 11527 11563 E IMGMapper: set:488 set: Unset optional value from type SMPTE2086
10-20 21:32:08.086 11527 11563 E IMGMapper: set:488 set: Unset optional value from type CTA861_3
10-20 21:32:08.098 11527 11563 E IMGMapper: set:488 set: Unset optional value from type SMPTE2086
10-20 21:32:08.098 11527 11563 E IMGMapper: set:488 set: Unset optional value from type CTA861_3
10-20 21:32:08.123  1483  1528 I GestureDetector: handleMessage TAP
10-20 21:32:08.123  1483  1483 I GestureDetector: handleMessage TAP
10-20 21:32:08.127 11527 11563 E IMGMapper: set:488 set: Unset optional value from type SMPTE2086
10-20 21:32:08.127 11527 11563 E IMGMapper: set:488 set: Unset optional value from type CTA861_3
10-20 21:32:08.139 11527 11563 E IMGMapper: set:488 set: Unset optional value from type SMPTE2086
10-20 21:32:08.139 11527 11563 E IMGMapper: set:488 set: Unset optional value from type CTA861_3
10-20 21:32:08.171 11527 11563 E IMGMapper: set:488 set: Unset optional value from type SMPTE2086
10-20 21:32:08.171 11527 11563 E IMGMapper: set:488 set: Unset optional value from type CTA861_3
10-20 21:32:08.181   543   543 D io_stats: !@ 179,0 r 465889598 5660887726 w 80718306 846511820 d 1258365 33785900 f 0 0 iot 231616860 0 th 0 0 0 pt 0 inp 0 0 2556125.483
10-20 21:32:08.183 11527 11563 E IMGMapper: set:488 set: Unset optional value from type SMPTE2086
10-20 21:32:08.183 11527 11563 E IMGMapper: set:488 set: Unset optional value from type CTA861_3
10-20 21:32:08.197 11527 11563 E IMGMapper: set:488 set: Unset optional value from type SMPTE2086
10-20 21:32:08.197 11527 11563 E IMGMapper: set:488 set: Unset optional value from type CTA861_3
10-20 21:32:08.212 11527 11563 E IMGMapper: set:488 set: Unset optional value from type SMPTE2086
10-20 21:32:08.212 11527 11563 E IMGMapper: set:488 set: Unset optional value from type CTA861_3
10-20 21:32:08.228 11527 11563 E IMGMapper: set:488 set: Unset optional value from type SMPTE2086
10-20 21:32:08.228 11527 11563 E IMGMapper: set:488 set: Unset optional value from type CTA861_3
10-20 21:32:08.246 11527 11563 E IMGMapper: set:488 set: Unset optional value from type SMPTE2086
10-20 21:32:08.246 11527 11563 E IMGMapper: set:488 set: Unset optional value from type CTA861_3
10-20 21:32:08.262 11527 11563 E IMGMapper: set:488 set: Unset optional value from type SMPTE2086
10-20 21:32:08.262 11527 11563 E IMGMapper: set:488 set: Unset optional value from type CTA861_3
10-20 21:32:08.280 11527 11563 E IMGMapper: set:488 set: Unset optional value from type SMPTE2086
10-20 21:32:08.280 11527 11563 E IMGMapper: set:488 set: Unset optional value from type CTA861_3
10-20 21:32:08.296 11527 11563 E IMGMapper: set:488 set: Unset optional value from type SMPTE2086
10-20 21:32:08.296 11527 11563 E IMGMapper: set:488 set: Unset optional value from type CTA861_3
10-20 21:32:08.312 11527 11563 E IMGMapper: set:488 set: Unset optional value from type SMPTE2086
10-20 21:32:08.312 11527 11563 E IMGMapper: set:488 set: Unset optional value from type CTA861_3
10-20 21:32:08.329 11527 11563 E IMGMapper: set:488 set: Unset optional value from type SMPTE2086
10-20 21:32:08.329 11527 11563 E IMGMapper: set:488 set: Unset optional value from type CTA861_3
10-20 21:32:08.344 11527 11563 E IMGMapper: set:488 set: Unset optional value from type SMPTE2086
10-20 21:32:08.344 11527 11563 E IMGMapper: set:488 set: Unset optional value from type CTA861_3
10-20 21:32:08.361 11527 11563 E IMGMapper: set:488 set: Unset optional value from type SMPTE2086
10-20 21:32:08.361 11527 11563 E IMGMapper: set:488 set: Unset optional value from type CTA861_3
10-20 21:32:08.379 11527 11563 E IMGMapper: set:488 set: Unset optional value from type SMPTE2086
10-20 21:32:08.379 11527 11563 E IMGMapper: set:488 set: Unset optional value from type CTA861_3
10-20 21:32:08.394 11527 11563 E IMGMapper: set:488 set: Unset optional value from type SMPTE2086
10-20 21:32:08.394 11527 11563 E IMGMapper: set:488 set: Unset optional value from type CTA861_3
10-20 21:32:08.411 11527 11563 E IMGMapper: set:488 set: Unset optional value from type SMPTE2086
10-20 21:32:08.412 11527 11563 E IMGMapper: set:488 set: Unset optional value from type CTA861_3
10-20 21:32:08.431 11527 11563 E IMGMapper: set:488 set: Unset optional value from type SMPTE2086
10-20 21:32:08.431 11527 11563 E IMGMapper: set:488 set: Unset optional value from type CTA861_3
10-20 21:32:08.448 11527 11563 E IMGMapper: set:488 set: Unset optional value from type SMPTE2086
10-20 21:32:08.448 11527 11563 E IMGMapper: set:488 set: Unset optional value from type CTA861_3
10-20 21:32:08.467 11527 11563 E IMGMapper: set:488 set: Unset optional value from type SMPTE2086
10-20 21:32:08.468 11527 11563 E IMGMapper: set:488 set: Unset optional value from type CTA861_3
10-20 21:32:08.480 11527 11563 E IMGMapper: set:488 set: Unset optional value from type SMPTE2086
10-20 21:32:08.480 11527 11563 E IMGMapper: set:488 set: Unset optional value from type CTA861_3
10-20 21:32:08.499 11527 11563 E IMGMapper: set:488 set: Unset optional value from type SMPTE2086
10-20 21:32:08.499 11527 11563 E IMGMapper: set:488 set: Unset optional value from type CTA861_3
10-20 21:32:08.512 11527 11563 E IMGMapper: set:488 set: Unset optional value from type SMPTE2086
10-20 21:32:08.512 11527 11563 E IMGMapper: set:488 set: Unset optional value from type CTA861_3
10-20 21:32:08.525 11527 11563 E IMGMapper: set:488 set: Unset optional value from type SMPTE2086
10-20 21:32:08.525 11527 11563 E IMGMapper: set:488 set: Unset optional value from type CTA861_3
10-20 21:32:08.526 11527 11527 I IMM_LC  : closeCurrentInput: mService.hideSoftInput
10-20 21:32:08.526  1483  4874 D InputMethodManagerService: hideSoftInput
10-20 21:32:08.526  1483  4874 V InputMethodManagerService: Client requesting input be hidden
10-20 21:32:08.526  1483  4874 V InputMethodManagerService: hideCurrentInputLocked : canceled, shouldHideSoftInput=false, mInputShown=false, mImeWindowVis=0
10-20 21:32:08.527  1483  4874 I InputMethodBindingController: setCurrentMethodNotVisible: mVisibleBound=false, mHasConnection=true, caller = com.android.server.inputmethod.InputMethodManagerService.hideCurrentInputLocked:4356 com.android.server.inputmethod.InputMethodManagerService.hideSoftInput:4294 com.android.internal.view.IInputMethodManager$Stub.onTransact:488 com.android.server.inputmethod.InputMethodManagerService.onTransact:2302 android.os.Binder.execTransactInternal:1316 android.os.Binder.execTransact:1280 <bottom of call stack> <bottom of call stack> <bottom of call stack> <bottom of call stack> 
10-20 21:32:08.541 11527 11563 E IMGMapper: set:488 set: Unset optional value from type SMPTE2086
10-20 21:32:08.541 11527 11563 E IMGMapper: set:488 set: Unset optional value from type CTA861_3
10-20 21:32:08.557 11527 11563 E IMGMapper: set:488 set: Unset optional value from type SMPTE2086
10-20 21:32:08.558 11527 11563 E IMGMapper: set:488 set: Unset optional value from type CTA861_3
10-20 21:32:08.575 11527 11563 E IMGMapper: set:488 set: Unset optional value from type SMPTE2086
10-20 21:32:08.575 11527 11563 E IMGMapper: set:488 set: Unset optional value from type CTA861_3
10-20 21:32:08.592 11527 11563 E IMGMapper: set:488 set: Unset optional value from type SMPTE2086
10-20 21:32:08.592 11527 11563 E IMGMapper: set:488 set: Unset optional value from type CTA861_3
10-20 21:32:08.603 11527 11527 D ScrollView: initGoToTop
10-20 21:32:08.607 11527 11563 E IMGMapper: set:488 set: Unset optional value from type SMPTE2086
10-20 21:32:08.607 11527 11563 E IMGMapper: set:488 set: Unset optional value from type CTA861_3
10-20 21:32:08.624 11527 11563 E IMGMapper: set:488 set: Unset optional value from type SMPTE2086
10-20 21:32:08.624 11527 11563 E IMGMapper: set:488 set: Unset optional value from type CTA861_3
10-20 21:32:08.641 11527 11563 E IMGMapper: set:488 set: Unset optional value from type SMPTE2086
10-20 21:32:08.641 11527 11563 E IMGMapper: set:488 set: Unset optional value from type CTA861_3
10-20 21:32:08.671 11527 11563 E IMGMapper: set:488 set: Unset optional value from type SMPTE2086
10-20 21:32:08.671 11527 11563 E IMGMapper: set:488 set: Unset optional value from type CTA861_3
10-20 21:32:08.722 11527 11694 D skia    : SkJpegCodec::onGetPixels +
10-20 21:32:08.741 11527 11694 D skia    : SkJpegCodec::onGetPixels -
10-20 21:32:08.758 11527 11563 E IMGMapper: set:488 set: Unset optional value from type SMPTE2086
10-20 21:32:08.758 11527 11563 E IMGMapper: set:488 set: Unset optional value from type CTA861_3
10-20 21:32:08.766  1039  1039 I BufferQueueProducer: [com.cinemamovel/com.cinemamovel.MainActivity$_11527#506329](this:0xb400007a1f64a838,id:-1,api:0,p:-1,c:1039) queueBuffer: fps=41.35 dur=1064.12 max=182.34 min=16.21
10-20 21:32:08.769   991  1074 I hwcomposer: [HWCDisplay] [Display_0 (type:1)] fps:41.374680,dur:1063.45,max:181.57,min:15.70  
10-20 21:32:08.779 11527 11563 E IMGMapper: set:488 set: Unset optional value from type SMPTE2086
10-20 21:32:08.779 11527 11563 E IMGMapper: set:488 set: Unset optional value from type CTA861_3
10-20 21:32:08.793 11527 11563 E IMGMapper: set:488 set: Unset optional value from type SMPTE2086
10-20 21:32:08.793 11527 11563 E IMGMapper: set:488 set: Unset optional value from type CTA861_3
10-20 21:32:08.808 11527 11563 E IMGMapper: set:488 set: Unset optional value from type SMPTE2086
10-20 21:32:08.808 11527 11563 E IMGMapper: set:488 set: Unset optional value from type CTA861_3
10-20 21:32:08.824 11527 11563 E IMGMapper: set:488 set: Unset optional value from type SMPTE2086
10-20 21:32:08.825 11527 11563 E IMGMapper: set:488 set: Unset optional value from type CTA861_3
10-20 21:32:08.840 11527 11563 E IMGMapper: set:488 set: Unset optional value from type SMPTE2086
10-20 21:32:08.841 11527 11563 E IMGMapper: set:488 set: Unset optional value from type CTA861_3
10-20 21:32:08.857 11527 11563 E IMGMapper: set:488 set: Unset optional value from type SMPTE2086
10-20 21:32:08.858 11527 11563 E IMGMapper: set:488 set: Unset optional value from type CTA861_3
10-20 21:32:08.874 11527 11563 E IMGMapper: set:488 set: Unset optional value from type SMPTE2086
10-20 21:32:08.874 11527 11563 E IMGMapper: set:488 set: Unset optional value from type CTA861_3
10-20 21:32:08.891 11527 11563 E IMGMapper: set:488 set: Unset optional value from type SMPTE2086
10-20 21:32:08.891 11527 11563 E IMGMapper: set:488 set: Unset optional value from type CTA861_3
10-20 21:32:08.908 11527 11563 E IMGMapper: set:488 set: Unset optional value from type SMPTE2086
10-20 21:32:08.908 11527 11563 E IMGMapper: set:488 set: Unset optional value from type CTA861_3
10-20 21:32:08.925 11527 11563 E IMGMapper: set:488 set: Unset optional value from type SMPTE2086
10-20 21:32:08.925 11527 11563 E IMGMapper: set:488 set: Unset optional value from type CTA861_3
10-20 21:32:08.943 11527 11563 E IMGMapper: set:488 set: Unset optional value from type SMPTE2086
10-20 21:32:08.943 11527 11563 E IMGMapper: set:488 set: Unset optional value from type CTA861_3
10-20 21:32:08.960 11527 11563 E IMGMapper: set:488 set: Unset optional value from type SMPTE2086
10-20 21:32:08.960 11527 11563 E IMGMapper: set:488 set: Unset optional value from type CTA861_3
10-20 21:32:08.975 11527 11563 E IMGMapper: set:488 set: Unset optional value from type SMPTE2086
10-20 21:32:08.976 11527 11563 E IMGMapper: set:488 set: Unset optional value from type CTA861_3
10-20 21:32:08.994 11527 11563 E IMGMapper: set:488 set: Unset optional value from type SMPTE2086
10-20 21:32:08.994 11527 11563 E IMGMapper: set:488 set: Unset optional value from type CTA861_3
10-20 21:32:09.010 11527 11563 E IMGMapper: set:488 set: Unset optional value from type SMPTE2086
10-20 21:32:09.010 11527 11563 E IMGMapper: set:488 set: Unset optional value from type CTA861_3
10-20 21:32:09.028 11527 11563 E IMGMapper: set:488 set: Unset optional value from type SMPTE2086
10-20 21:32:09.028 11527 11563 E IMGMapper: set:488 set: Unset optional value from type CTA861_3
10-20 21:32:09.044 11527 11563 E IMGMapper: set:488 set: Unset optional value from type SMPTE2086
10-20 21:32:09.044 11527 11563 E IMGMapper: set:488 set: Unset optional value from type CTA861_3
10-20 21:32:09.060 11527 11563 E IMGMapper: set:488 set: Unset optional value from type SMPTE2086
10-20 21:32:09.060 11527 11563 E IMGMapper: set:488 set: Unset optional value from type CTA861_3
10-20 21:32:09.358  1483  1528 D SensorService: setUidStateForConnection uid= 11011 , ident = 0xb4000077f75f8500 , state= 1
10-20 21:32:09.358  1483  1528 D SensorService: setUidStateForConnection uid= 11011 , ident = 0xb400007801469ec0 , state= 1
10-20 21:32:09.358  1483  1528 D SensorService: setUidStateForConnection uid= 11011 , ident = 0xb400007806cda880 , state= 1
10-20 21:32:09.359  1483  1528 D SensorService: setUidStateForConnection uid= 11011 , ident = 0xb40000780cb4c1c0 , state= 1
10-20 21:32:09.359  1483  1528 D SensorService: setUidStateForConnection uid= 11011 , ident = 0xb40000784263e5c0 , state= 1
10-20 21:32:09.359  1483  1528 D SensorService: setUidStateForConnection uid= 11011 , ident = 0xb400007842805600 , state= 1
10-20 21:32:09.360  1199  1199 E SensorManager: Correct handle(0) maxdelay: 16000000 old: 20000000
10-20 21:32:09.680  1483  2471 D NetdEventListenerService: DNS Requested by : 475, 11011
10-20 21:32:09.680 24250 24342 D TrafficStats: tagSocket(6) with statsTag=0xffffffff, statsUid=-1
10-20 21:32:09.772 24250  5698 D TrafficStats: tagSocket(6) with statsTag=0xffffffff, statsUid=-1
10-20 21:32:09.921  1483  4874 D InputDispatcher: Inject key (11835/2000): action=0, f=0x0, d=-1, time=2556127224000000
10-20 21:32:09.922  1483  4874 D WindowManager: interceptKeyTq keycode=4 interactive=true keyguardActive=false policyFlags=2b000000
10-20 21:32:09.924  1483  4874 D PhoneWindowManagerExt: interceptKeyTq code=4 down=true repeatCount=0 displayId=-1 interactive=true
10-20 21:32:09.925  1483  4874 D WindowManager: interceptKeyTq interceptKeyResult=4
10-20 21:32:09.925  1483  1796 D PowerManagerService: [api] userActivityFromNative :  (event: 1 flags: 0 displayId: 0) eventTime = 2556127224
10-20 21:32:09.925  1483  1796 D WindowManager: interceptKeyTi keyCode=4 down=true repeatCount=0 keyguardOn=false canceled=false
10-20 21:32:09.925  1483  1796 D PhoneWindowManagerExt: interceptKeyTi code=4 down=true repeatCount=0 displayId=-1 interactive=true
10-20 21:32:09.926  1483  1796 I InputDispatcher: Delivering key to (11527): B action: 0x0 (0), f=0x0, m=0x0, d=0, '7594b68'
10-20 21:32:09.927  5125  5125 I HBD     : b skip onKeyDown as physical keyboard not connected 
10-20 21:32:09.929  5125  5125 I HBD     : HoneyBoardService onKeyDown r:2b16794d consumed:false 3 
10-20 21:32:09.930 11527 11527 I ViewRootImpl@52e2b1c[MainActivity]: ViewPostIme key 0
10-20 21:32:09.931 11527 11527 D Activity: onKeyDown(KEYCODE_BACK)
10-20 21:32:09.932  1483  4874 D InputDispatcher: Inject key (11835/2000): action=1, f=0x0, d=-1, time=2556127224000000
10-20 21:32:09.933  1483  4874 D WindowManager: interceptKeyTq keycode=4 interactive=true keyguardActive=false policyFlags=2b000000
10-20 21:32:09.933  1483  4874 D PhoneWindowManagerExt: interceptKeyTq code=4 down=false repeatCount=0 displayId=-1 interactive=true
10-20 21:32:09.934  1483  4874 D WindowManager: interceptKeyTq interceptKeyResult=4
10-20 21:32:09.934  1483  1796 D WindowManager: interceptKeyTi keyCode=4 down=false repeatCount=0 keyguardOn=false canceled=false
10-20 21:32:09.935  1483  1796 D PhoneWindowManagerExt: interceptKeyTi code=4 down=false repeatCount=0 displayId=-1 interactive=true
10-20 21:32:09.935  1483  1796 I InputDispatcher: Delivering key to (11527): B action: 0x1 (0), f=0x0, m=0x0, d=0, '7594b68'
10-20 21:32:09.937  5125  5125 I HBD     : HoneyBoardService onKeyUp r:db332bed consumed:false 1 
10-20 21:32:09.939 11527 11527 I ViewRootImpl@52e2b1c[MainActivity]: ViewPostIme key 1
10-20 21:32:09.939 11527 11527 D Activity: onKeyUp(KEYCODE_BACK) isTracking()=true isCanceled()=false hasCallback=false
10-20 21:32:10.030 11527 11563 E IMGMapper: set:488 set: Unset optional value from type SMPTE2086
10-20 21:32:10.030 11527 11563 E IMGMapper: set:488 set: Unset optional value from type CTA861_3
10-20 21:32:10.048  1039  1039 I BufferQueueProducer: [com.cinemamovel/com.cinemamovel.MainActivity$_11527#506329](this:0xb400007a1f64a838,id:-1,api:0,p:-1,c:1039) queueBuffer: fps=14.82 dur=1281.84 max=982.14 min=16.16
10-20 21:32:10.050   991  1074 I hwcomposer: [HWCDisplay] [Display_0 (type:1)] fps:14.827892,dur:1281.37,max:981.90,min:15.64  
10-20 21:32:10.127 11527 11563 E IMGMapper: set:488 set: Unset optional value from type SMPTE2086
10-20 21:32:10.127 11527 11563 E IMGMapper: set:488 set: Unset optional value from type CTA861_3
10-20 21:32:10.137 11527 11563 E IMGMapper: set:488 set: Unset optional value from type SMPTE2086
10-20 21:32:10.137 11527 11563 E IMGMapper: set:488 set: Unset optional value from type CTA861_3
10-20 21:32:10.145 11527 11563 E IMGMapper: set:488 set: Unset optional value from type SMPTE2086
10-20 21:32:10.146 11527 11563 E IMGMapper: set:488 set: Unset optional value from type CTA861_3
10-20 21:32:10.167 11527 11563 E IMGMapper: set:488 set: Unset optional value from type SMPTE2086
10-20 21:32:10.168 11527 11563 E IMGMapper: set:488 set: Unset optional value from type CTA861_3
10-20 21:32:10.181 11527 11563 E IMGMapper: set:488 set: Unset optional value from type SMPTE2086
10-20 21:32:10.181 11527 11563 E IMGMapper: set:488 set: Unset optional value from type CTA861_3
10-20 21:32:10.187   543   543 D io_stats: !@ 179,0 r 465889641 5660887938 w 80718893 846526844 d 1258365 33785900 f 0 0 iot 231618624 0 th 0 0 0 pt 0 inp 0 9 2556127.489
10-20 21:32:10.187   543   543 D io_stats: !@ DiskUsage: /data 91.00 % used (47285 MB/ 51957 MB)
10-20 21:32:10.188   543   543 D io_stats: !@ MemInfo(KB): total 3867888 free 89952 avail 971528 actv(f) 481092 inactv(f) 492396 dirty 1492 wb 644 anonpg 1162232 slab 363084
10-20 21:32:10.196 11527 11563 E IMGMapper: set:488 set: Unset optional value from type SMPTE2086
10-20 21:32:10.196 11527 11563 E IMGMapper: set:488 set: Unset optional value from type CTA861_3
10-20 21:32:10.211 11527 11563 E IMGMapper: set:488 set: Unset optional value from type SMPTE2086
10-20 21:32:10.211 11527 11563 E IMGMapper: set:488 set: Unset optional value from type CTA861_3
10-20 21:32:10.228 11527 11563 E IMGMapper: set:488 set: Unset optional value from type SMPTE2086
10-20 21:32:10.228 11527 11563 E IMGMapper: set:488 set: Unset optional value from type CTA861_3
10-20 21:32:10.246 11527 11563 E IMGMapper: set:488 set: Unset optional value from type SMPTE2086
10-20 21:32:10.246 11527 11563 E IMGMapper: set:488 set: Unset optional value from type CTA861_3
10-20 21:32:10.262 11527 11563 E IMGMapper: set:488 set: Unset optional value from type SMPTE2086
10-20 21:32:10.262 11527 11563 E IMGMapper: set:488 set: Unset optional value from type CTA861_3
10-20 21:32:10.278 11527 11563 E IMGMapper: set:488 set: Unset optional value from type SMPTE2086
10-20 21:32:10.278 11527 11563 E IMGMapper: set:488 set: Unset optional value from type CTA861_3
10-20 21:32:10.295 11527 11563 E IMGMapper: set:488 set: Unset optional value from type SMPTE2086
10-20 21:32:10.295 11527 11563 E IMGMapper: set:488 set: Unset optional value from type CTA861_3
10-20 21:32:10.313 11527 11563 E IMGMapper: set:488 set: Unset optional value from type SMPTE2086
10-20 21:32:10.313 11527 11563 E IMGMapper: set:488 set: Unset optional value from type CTA861_3
10-20 21:32:10.330 11527 11563 E IMGMapper: set:488 set: Unset optional value from type SMPTE2086
10-20 21:32:10.330 11527 11563 E IMGMapper: set:488 set: Unset optional value from type CTA861_3
10-20 21:32:10.346 11527 11563 E IMGMapper: set:488 set: Unset optional value from type SMPTE2086
10-20 21:32:10.347 11527 11563 E IMGMapper: set:488 set: Unset optional value from type CTA861_3
10-20 21:32:10.365 11527 11563 E IMGMapper: set:488 set: Unset optional value from type SMPTE2086
10-20 21:32:10.365 11527 11563 E IMGMapper: set:488 set: Unset optional value from type CTA861_3
10-20 21:32:10.378 11527 11563 E IMGMapper: set:488 set: Unset optional value from type SMPTE2086
10-20 21:32:10.378 11527 11563 E IMGMapper: set:488 set: Unset optional value from type CTA861_3
10-20 21:32:10.396 11527 11563 E IMGMapper: set:488 set: Unset optional value from type SMPTE2086
10-20 21:32:10.396 11527 11563 E IMGMapper: set:488 set: Unset optional value from type CTA861_3
10-20 21:32:10.410 11527 11563 E IMGMapper: set:488 set: Unset optional value from type SMPTE2086
10-20 21:32:10.411 11527 11563 E IMGMapper: set:488 set: Unset optional value from type CTA861_3
10-20 21:32:10.429 11527 11563 E IMGMapper: set:488 set: Unset optional value from type SMPTE2086
10-20 21:32:10.429 11527 11563 E IMGMapper: set:488 set: Unset optional value from type CTA861_3
10-20 21:32:10.445 11527 11563 E IMGMapper: set:488 set: Unset optional value from type SMPTE2086
10-20 21:32:10.445 11527 11563 E IMGMapper: set:488 set: Unset optional value from type CTA861_3
10-20 21:32:10.463 11527 11563 E IMGMapper: set:488 set: Unset optional value from type SMPTE2086
10-20 21:32:10.464 11527 11563 E IMGMapper: set:488 set: Unset optional value from type CTA861_3
10-20 21:32:10.478 11527 11563 E IMGMapper: set:488 set: Unset optional value from type SMPTE2086
10-20 21:32:10.478 11527 11563 E IMGMapper: set:488 set: Unset optional value from type CTA861_3
10-20 21:32:10.495 11527 11563 E IMGMapper: set:488 set: Unset optional value from type SMPTE2086
10-20 21:32:10.495 11527 11563 E IMGMapper: set:488 set: Unset optional value from type CTA861_3
10-20 21:32:10.502  2486  2486 I WifiHAL : Get link layer stats
10-20 21:32:10.502  2486  2486 I WifiHAL : GetLinkStatsCommand::create
10-20 21:32:10.502  2486  2486 D android.hardware.wifi@1.0-service-lazy: WifiRequest::create vendor command to iface 38, vendor_id=0x1a11, subcmd=0x1200, res=0
10-20 21:32:10.503  2486  2486 I android.hardware.wifi@1.0-service-lazy: WifiCommand::requestResponse err=-95
10-20 21:32:10.503  2486  2486 I WifiHAL : wifi_get_link_stats: result=-3
10-20 21:32:10.504  1483  2363 E WifiVendorHal: getWifiLinkLayerStats_1_5_Internal(l.1179) failed {.code = ERROR_NOT_SUPPORTED, .description = }
10-20 21:32:10.509  1483  3390 D SemWifiUsabilityStatsMonitor: onWifiUsabilityStats - seqNum 545012, isSameBssidAndFreq true
10-20 21:32:10.510  1483  2437 I SemWifiLinkQualityMonitor: Link Qos query: inf. ms / 0 Mbps
10-20 21:32:10.513 11527 11563 E IMGMapper: set:488 set: Unset optional value from type SMPTE2086
10-20 21:32:10.513 11527 11563 E IMGMapper: set:488 set: Unset optional value from type CTA861_3
10-20 21:32:10.529 11527 11563 E IMGMapper: set:488 set: Unset optional value from type SMPTE2086
10-20 21:32:10.529 11527 11563 E IMGMapper: set:488 set: Unset optional value from type CTA861_3
10-20 21:32:10.544 11527 11563 E IMGMapper: set:488 set: Unset optional value from type SMPTE2086
10-20 21:32:10.544 11527 11563 E IMGMapper: set:488 set: Unset optional value from type CTA861_3
10-20 21:32:10.562 11527 11563 E IMGMapper: set:488 set: Unset optional value from type SMPTE2086
10-20 21:32:10.562 11527 11563 E IMGMapper: set:488 set: Unset optional value from type CTA861_3
10-20 21:32:10.576 11527 11563 E IMGMapper: set:488 set: Unset optional value from type SMPTE2086
10-20 21:32:10.577 11527 11563 E IMGMapper: set:488 set: Unset optional value from type CTA861_3
10-20 21:32:10.592 11527 11563 E IMGMapper: set:488 set: Unset optional value from type SMPTE2086
10-20 21:32:10.592 11527 11563 E IMGMapper: set:488 set: Unset optional value from type CTA861_3
10-20 21:32:10.824  1483  1583 D PowerManagerService: UserActivityStateListenerState: 0
10-20 21:32:10.868  2521  2618 D MobileStatusTracker(1/1): onSignalStrengthsChanged level=4, vendorLevel=4
10-20 21:32:10.871  2521  2618 D MobileSignalController(1/1): notifyListener: enabled=true, connected=true, dataConnected=false, networkType=UMTS (3G), emergencyOnly=true, roaming=false, isDefault=false, dataActivity=, level=4, ca=false, mmWave=false, disabledDataIcon=false, simCard=ETC
10-20 21:32:10.873  2521  2618 D NetworkController: SignalStrength from intent slotId=1
10-20 21:32:11.036  2521  2618 D MobileStatusTracker(0/2): onSignalStrengthsChanged level=3, vendorLevel=3
10-20 21:32:11.042  2521  2618 D MobileSignalController(0/2): notifyListener: enabled=true, connected=true, dataConnected=true, networkType=LTE (4G), emergencyOnly=false, roaming=false, isDefault=false, dataActivity=, level=3, ca=false, mmWave=false, disabledDataIcon=false, simCard=ETC
10-20 21:32:11.042  2521  2618 D NetworkController: SignalStrength from intent slotId=0
10-20 21:32:11.711  1483  2471 D NetdEventListenerService: DNS Requested by : 475, 11011
10-20 21:32:11.712 24250 24342 D TrafficStats: tagSocket(6) with statsTag=0xffffffff, statsUid=-1
10-20 21:32:11.795 24250  5698 D TrafficStats: tagSocket(6) with statsTag=0xffffffff, statsUid=-1
10-20 21:32:11.800  8661  3188 I AOSP-MdnsDiscoveryManag: (REDACTED) %s
10-20 21:32:11.801  8661  3189 I AOSP-MdnsDiscoveryManag: (REDACTED) %s
10-20 21:32:11.802  8661  3185 I AOSP-MdnsDiscoveryManag: (REDACTED) %s
10-20 21:32:11.802  8661  3188 I AOSP-MdnsDiscoveryManag: (REDACTED) %s
10-20 21:32:11.802  8661  3189 I AOSP-MdnsDiscoveryManag: (REDACTED) %s
10-20 21:32:11.803  8661  3185 I AOSP-MdnsDiscoveryManag: (REDACTED) %s
10-20 21:32:11.804  8661  3185 I AOSP-MdnsDiscoveryManag: (REDACTED) %s
10-20 21:32:11.805  8661  9716 I AOSP-MdnsDiscoveryManag: (REDACTED) %s
10-20 21:32:11.805  8661  9716 I AOSP-MdnsDiscoveryManag: (REDACTED) %s
10-20 21:32:11.806  8661  3187 W AOSP-MdnsDiscoveryManag: Error while decoding multicast packet (6664): 1 [CONTEXT service_id=168 ]
10-20 21:32:11.807  8661  3187 W AOSP-MdnsDiscoveryManag: Error while decoding multicast packet (6665): 1 [CONTEXT service_id=168 ]
10-20 21:32:11.808  8661  3187 W AOSP-MdnsDiscoveryManag: Error while decoding multicast packet (6666): 1 [CONTEXT service_id=168 ]
10-20 21:32:11.809  8661  3185 I AOSP-MdnsDiscoveryManag: (REDACTED) %s
10-20 21:32:11.811  8661  3187 W AOSP-MdnsDiscoveryManag: Error while decoding multicast packet (6667): 1 [CONTEXT service_id=168 ]
10-20 21:32:12.008  1483  6427 D InputDispatcher: Inject motion (11844/2000): action=0x0, time=2556129311000000, f=0x0, d=0 dsdx=1.000000 dtdx=0.000000
10-20 21:32:12.009  1483  1796 I InputDispatcher: Delivering touch to (2521): action: 0x4, f=0x0, d=0, 'a9cce9e', t=1 
10-20 21:32:12.009  1483  1796 I InputDispatcher: Delivering touch to (11527): action: 0x0, f=0x0, d=0, '7594b68', t=1 
10-20 21:32:12.009  1483  1796 D PowerManagerService: [api] userActivityFromNative :  (event: 2 flags: 0 displayId: 0) eventTime = 2556129311
10-20 21:32:12.010 11527 11527 I ViewRootImpl@52e2b1c[MainActivity]: ViewPostIme pointer 0
10-20 21:32:12.011  1483  1796 D PowerManagerService: UserActivityStateListenerState: 1
10-20 21:32:12.013  1483  1528 I GestureDetector: obtain mCurrentDownEvent. id: -1033866369 caller: com.android.server.wm.SystemGesturesPointerEventListener.onPointerEvent:203 com.android.server.wm.PointerEventDispatcher.onInputEvent:53 android.view.InputEventReceiver.dispatchInputEvent:285 
10-20 21:32:12.013  1483  1528 I GestureDetector: obtain mCurrentDownEvent. id: -1033866369 caller: com.android.server.wm.SystemPerformancePointerEventListener.onPointerEvent:89 com.android.server.wm.PointerEventDispatcher.onInputEvent:53 android.view.InputEventReceiver.dispatchInputEvent:285 
10-20 21:32:12.018  1483  6427 D InputDispatcher: Inject motion (11844/2000): action=0x1, time=2556129311000000, f=0x0, d=0 dsdx=1.000000 dtdx=0.000000
10-20 21:32:12.019  1483  1796 I InputDispatcher: Delivering touch to (11527): action: 0x1, f=0x0, d=0, '7594b68', t=1 
10-20 21:32:12.019 11527 11527 I ViewRootImpl@52e2b1c[MainActivity]: ViewPostIme pointer 1
10-20 21:32:12.023  1483  1528 I GestureDetector: obtain mCurrentMotionEventRaw. action: 1 id: -665977035
10-20 21:32:12.023  1483  1528 I GestureDetector: obtain mCurrentMotionEventRaw. action: 1 id: -665977035
10-20 21:32:12.040 11527 11563 E IMGMapper: set:488 set: Unset optional value from type SMPTE2086
10-20 21:32:12.040 11527 11563 E IMGMapper: set:488 set: Unset optional value from type CTA861_3
10-20 21:32:12.045  1039  1039 I BufferQueueProducer: [com.cinemamovel/com.cinemamovel.MainActivity$_11527#506329](this:0xb400007a1f64a838,id:-1,api:0,p:-1,c:1039) queueBuffer: fps=15.52 dur=1997.13 max=1431.36 min=15.71
10-20 21:32:12.047   991  1074 I hwcomposer: [HWCDisplay] [Display_0 (type:1)] fps:15.521308,dur:1997.25,max:1431.54,min:15.70  
10-20 21:32:12.069 11527 11563 E IMGMapper: set:488 set: Unset optional value from type SMPTE2086
10-20 21:32:12.069 11527 11563 E IMGMapper: set:488 set: Unset optional value from type CTA861_3
10-20 21:32:12.083  1205  1205 I thermal_repeater: socket -1
10-20 21:32:12.087 11527 11563 E IMGMapper: set:488 set: Unset optional value from type SMPTE2086
10-20 21:32:12.087 11527 11563 E IMGMapper: set:488 set: Unset optional value from type CTA861_3
10-20 21:32:12.103 11527 11563 E IMGMapper: set:488 set: Unset optional value from type SMPTE2086
10-20 21:32:12.103 11527 11563 E IMGMapper: set:488 set: Unset optional value from type CTA861_3
10-20 21:32:12.124 11527 11582 I ReactNativeJS: ---METRICS_JSON_START---
10-20 21:32:12.124 11527 11582 I ReactNativeJS: {
10-20 21:32:12.124 11527 11582 I ReactNativeJS:   "dashboardRenders": 3,
10-20 21:32:12.124 11527 11582 I ReactNativeJS:   "cardRenders": {
10-20 21:32:12.124 11527 11582 I ReactNativeJS:     "13494": 2,
10-20 21:32:12.124 11527 11582 I ReactNativeJS:     "506763": 2,
10-20 21:32:12.124 11527 11582 I ReactNativeJS:     "575265": 2,
10-20 21:32:12.124 11527 11582 I ReactNativeJS:     "617126": 1,
10-20 21:32:12.124 11527 11582 I ReactNativeJS:     "755898": 2,
10-20 21:32:12.124 11527 11582 I ReactNativeJS:     "803796": 2,
10-20 21:32:12.124 11527 11582 I ReactNativeJS:     "911430": 1,
10-20 21:32:12.124 11527 11582 I ReactNativeJS:     "914215": 2,
10-20 21:32:12.124 11527 11582 I ReactNativeJS:     "960299": 1,
10-20 21:32:12.124 11527 11582 I ReactNativeJS:     "987400": 2,
10-20 21:32:12.124 11527 11582 I ReactNativeJS:     "993234": 1,
10-20 21:32:12.124 11527 11582 I ReactNativeJS:     "1007734": 2,
10-20 21:32:12.124 11527 11582 I ReactNativeJS:     "1028248": 2,
10-20 21:32:12.124 11527 11582 I ReactNativeJS:     "1035259": 2,
10-20 21:32:12.124 11527 11582 I ReactNativeJS:     "1038392": 2,
10-20 21:32:12.124 11527 11582 I ReactNativeJS:     "1051486": 2,
10-20 21:32:12.124 11527 11582 I ReactNativeJS:     "1061474": 2,
10-20 21:32:12.124 11527 11582 I ReactNativeJS:     "1078605": 2,
10-20 21:32:12.124 11527 11582 I ReactNativeJS:     "1087192": 2,
10-20 21:32:12.124 11527 11582 I ReactNativeJS:     "1136867": 1,
10-20 21:32:12.124 11527 11582 I ReactNativeJS:     "1234821": 2,
10-20 21:32:12.124 11527 11582 I ReactNativeJS:     "1241634": 1,
10-20 21:32:12.124 11527 11582 I ReactNativeJS:     "1242011": 1,
10-20 21:32:12.124 11527 11582 I ReactNativeJS:     "1246049": 1,
10-20 21:32:12.124 11527 11582 I ReactNativeJS:     "1265344": 2,
10-20 21:32:12.124 11527 11582 I ReactNativeJS:     "1311031": 2,
10-20 21:32:12.124 11527 11582 I ReactNativeJS:     "1355666": 1,
10-20 21:32:12.124 11527 11582 I ReactNativeJS:     "1369679": 2,
10-20 21:32:12.124 11527 11582 I ReactNativeJS:     "1535385": 1
10-20 21:32:12.124 11527 11582 I ReactNativeJS:   },
10-20 21:32:12.124 11527 11582 I ReactNativeJS:   "navigationEvents": [
10-20 21:32:12.124 11527 11582 I ReactNativeJS:     {
10-20 21:32:12.124 11527 11582 I ReactNativeJS:       "action": "focus_dashboard",
10-20 21:32:12.124 11527 11582 I ReactNativeJS:       "timestamp": 1761006717094
10-20 21:32:12.124 11527 11582 I ReactNativeJS:     },
10-20 21:32:12.124 11527 11582 I ReactNativeJS:     {
10-20 21:32:12.124 11527 11582 I ReactNativeJS:       "action": "navigate_to_1265344",
10-20 21:32:12.124 11527 11582 I ReactNativeJS:       "timestamp": 1761006727862
10-20 21:32:12.124 11527 11582 I ReactNativeJS:     },
10-20 21:32:12.124 11527 11582 I ReactNativeJS:     {
10-20 21:32:12.124 11527 11582 I ReactNativeJS:       "action": "leave_dashboard",
10-20 21:32:12.124 11527 11582 I ReactNativeJS:       "timestamp": 1761006727953
10-20 21:32:12.124 11527 11582 I ReactNativeJS:     },
10-20 21:32:12.124 11527 11582 I ReactNativeJS:     {
10-20 21:32:12.124 11527 11582 I ReactNativeJS:       "action": "focus_dashboard",
10-20 21:32:12.124 11527 11582 I ReactNativeJS:       "timestamp": 1761006729989
10-20 21:32:12.124 11527 11582 I ReactNativeJS:     },
10-20 21:32:12.124 11527 11582 I ReactNativeJS:     {
10-20 21:32:12.124 11527 11582 I ReactNativeJS:       "action": "navigate_to_1265344",
10-20 21:32:12.124 11527 11582 I ReactNativeJS:       "timestamp": 1761006732034
10-20 21:32:12.124 11527 11582 I ReactNativeJS:     },
10-20 21:32:12.124 11527 11582 I ReactNativeJS:     {
10-20 21:32:12.124 11527 11582 I ReactNativeJS:       "action": "leave_dashboard",
10-20 21:32:12.124 11527 11582 I ReactNativeJS:       "timestamp": 1761006732124
10-20 21:32:12.124 11527 11582 I ReactNativeJS:     }
10-20 21:32:12.124 11527 11582 I ReactNativeJS:   ]
10-20 21:32:12.124 11527 11582 I ReactNativeJS: }
10-20 21:32:12.124 11527 11582 I ReactNativeJS: ---METRICS_JSON_END---
10-20 21:32:12.131 11527 11563 E IMGMapper: set:488 set: Unset optional value from type SMPTE2086
10-20 21:32:12.131 11527 11563 E IMGMapper: set:488 set: Unset optional value from type CTA861_3
10-20 21:32:12.135 11527 11527 W [RNScreens]: backTitleVisible prop is not available on Android
10-20 21:32:12.135 11527 11527 W [RNScreens]: backTitleFontFamily prop is not available on Android
10-20 21:32:12.135 11527 11527 W [RNScreens]: disableBackButtonMenu prop is not available on Android
10-20 21:32:12.135 11527 11527 W [RNScreens]: largeTitleFontFamily prop is not available on Android
10-20 21:32:12.135 11527 11527 W [RNScreens]: largeTitleFontWeight prop is not available on Android
10-20 21:32:12.135 11527 11527 W [RNScreens]: largeTitleHideShadow prop is not available on Android
10-20 21:32:12.158 11527 11563 E IMGMapper: set:488 set: Unset optional value from type SMPTE2086
10-20 21:32:12.159 11527 11563 E IMGMapper: set:488 set: Unset optional value from type CTA861_3
10-20 21:32:12.189   543   543 D io_stats: !@ 179,0 r 465889648 5660888002 w 80719258 846528688 d 1258365 33785900 f 0 0 iot 231618928 0 th 0 0 0 pt 0 inp 0 0 2556129.492
10-20 21:32:12.193 11527 11563 E IMGMapper: set:488 set: Unset optional value from type SMPTE2086
10-20 21:32:12.193 11527 11563 E IMGMapper: set:488 set: Unset optional value from type CTA861_3
10-20 21:32:12.206 11527 11563 E IMGMapper: set:488 set: Unset optional value from type SMPTE2086
10-20 21:32:12.206 11527 11563 E IMGMapper: set:488 set: Unset optional value from type CTA861_3
10-20 21:32:12.228 11527 11563 E IMGMapper: set:488 set: Unset optional value from type SMPTE2086
10-20 21:32:12.228 11527 11563 E IMGMapper: set:488 set: Unset optional value from type CTA861_3
10-20 21:32:12.232 11527 11527 D ScrollView: initGoToTop
10-20 21:32:12.272  2799  2816 D PhoneInterfaceManager: setDataEnabledForReason() Reason=1 Pid=1483 App=system
10-20 21:32:12.276  2799  2816 D PhoneInterfaceManager: setDataEnabledForReason() Reason=1 Pid=1483 App=system
10-20 21:32:12.302 11527 11563 E IMGMapper: set:488 set: Unset optional value from type SMPTE2086
10-20 21:32:12.302 11527 11563 E IMGMapper: set:488 set: Unset optional value from type CTA861_3
10-20 21:32:12.313  1483  1483 I GestureDetector: handleMessage TAP
10-20 21:32:12.313  2521  2618 D MobileStatusTracker(0/2): onSignalStrengthsChanged level=4, vendorLevel=3
10-20 21:32:12.316  1483  1528 I GestureDetector: handleMessage TAP
10-20 21:32:12.321  2521  2618 D MobileSignalController(0/2): notifyListener: enabled=true, connected=true, dataConnected=true, networkType=LTE (4G), emergencyOnly=false, roaming=false, isDefault=false, dataActivity=, level=3, ca=false, mmWave=false, disabledDataIcon=false, simCard=ETC
10-20 21:32:12.321  2521  2618 D NetworkController: SignalStrength from intent slotId=0
10-20 21:32:12.323 11527 11563 E IMGMapper: set:488 set: Unset optional value from type SMPTE2086
10-20 21:32:12.323 11527 11563 E IMGMapper: set:488 set: Unset optional value from type CTA861_3
10-20 21:32:12.334 11527 11563 E IMGMapper: set:488 set: Unset optional value from type SMPTE2086
10-20 21:32:12.334 11527 11563 E IMGMapper: set:488 set: Unset optional value from type CTA861_3
10-20 21:32:12.352 11527 11563 E IMGMapper: set:488 set: Unset optional value from type SMPTE2086
10-20 21:32:12.352 11527 11563 E IMGMapper: set:488 set: Unset optional value from type CTA861_3
10-20 21:32:12.364 11527 11563 E IMGMapper: set:488 set: Unset optional value from type SMPTE2086
10-20 21:32:12.364 11527 11563 E IMGMapper: set:488 set: Unset optional value from type CTA861_3
10-20 21:32:12.387 11527 11563 E IMGMapper: set:488 set: Unset optional value from type SMPTE2086
10-20 21:32:12.387 11527 11563 E IMGMapper: set:488 set: Unset optional value from type CTA861_3
10-20 21:32:12.395 11527 11563 E IMGMapper: set:488 set: Unset optional value from type SMPTE2086
10-20 21:32:12.395 11527 11563 E IMGMapper: set:488 set: Unset optional value from type CTA861_3
10-20 21:32:12.410 11527 11563 E IMGMapper: set:488 set: Unset optional value from type SMPTE2086
10-20 21:32:12.410 11527 11563 E IMGMapper: set:488 set: Unset optional value from type CTA861_3
10-20 21:32:12.431 11527 11563 E IMGMapper: set:488 set: Unset optional value from type SMPTE2086
10-20 21:32:12.431 11527 11563 E IMGMapper: set:488 set: Unset optional value from type CTA861_3
10-20 21:32:12.445 11527 11563 E IMGMapper: set:488 set: Unset optional value from type SMPTE2086
10-20 21:32:12.446 11527 11563 E IMGMapper: set:488 set: Unset optional value from type CTA861_3
10-20 21:32:12.463 11527 11563 E IMGMapper: set:488 set: Unset optional value from type SMPTE2086
10-20 21:32:12.463 11527 11563 E IMGMapper: set:488 set: Unset optional value from type CTA861_3
10-20 21:32:12.493 11527 11563 E IMGMapper: set:488 set: Unset optional value from type SMPTE2086
10-20 21:32:12.493 11527 11563 E IMGMapper: set:488 set: Unset optional value from type CTA861_3
10-20 21:32:12.505 11527 11563 E IMGMapper: set:488 set: Unset optional value from type SMPTE2086
10-20 21:32:12.505 11527 11563 E IMGMapper: set:488 set: Unset optional value from type CTA861_3
10-20 21:32:12.523 11527 11563 E IMGMapper: set:488 set: Unset optional value from type SMPTE2086
10-20 21:32:12.523 11527 11563 E IMGMapper: set:488 set: Unset optional value from type CTA861_3
10-20 21:32:12.540 11527 11563 E IMGMapper: set:488 set: Unset optional value from type SMPTE2086
10-20 21:32:12.540 11527 11563 E IMGMapper: set:488 set: Unset optional value from type CTA861_3
10-20 21:32:12.556 11527 11563 E IMGMapper: set:488 set: Unset optional value from type SMPTE2086
10-20 21:32:12.556 11527 11563 E IMGMapper: set:488 set: Unset optional value from type CTA861_3
10-20 21:32:12.573 11527 11563 E IMGMapper: set:488 set: Unset optional value from type SMPTE2086
10-20 21:32:12.573 11527 11563 E IMGMapper: set:488 set: Unset optional value from type CTA861_3
10-20 21:32:12.589 11527 11563 E IMGMapper: set:488 set: Unset optional value from type SMPTE2086
10-20 21:32:12.589 11527 11563 E IMGMapper: set:488 set: Unset optional value from type CTA861_3
10-20 21:32:12.606 11527 11563 E IMGMapper: set:488 set: Unset optional value from type SMPTE2086
10-20 21:32:12.607 11527 11563 E IMGMapper: set:488 set: Unset optional value from type CTA861_3
10-20 21:32:12.622 11527 11563 E IMGMapper: set:488 set: Unset optional value from type SMPTE2086
10-20 21:32:12.622 11527 11563 E IMGMapper: set:488 set: Unset optional value from type CTA861_3
10-20 21:32:12.639 11527 11563 E IMGMapper: set:488 set: Unset optional value from type SMPTE2086
10-20 21:32:12.639 11527 11563 E IMGMapper: set:488 set: Unset optional value from type CTA861_3
10-20 21:32:12.657 11527 11563 E IMGMapper: set:488 set: Unset optional value from type SMPTE2086
10-20 21:32:12.657 11527 11563 E IMGMapper: set:488 set: Unset optional value from type CTA861_3
10-20 21:32:12.669 11527 11563 E IMGMapper: set:488 set: Unset optional value from type SMPTE2086
10-20 21:32:12.669 11527 11563 E IMGMapper: set:488 set: Unset optional value from type CTA861_3
10-20 21:32:12.686 11527 11563 E IMGMapper: set:488 set: Unset optional value from type SMPTE2086
10-20 21:32:12.686 11527 11563 E IMGMapper: set:488 set: Unset optional value from type CTA861_3
10-20 21:32:12.808  8661  3188 I AOSP-MdnsDiscoveryManag: (REDACTED) %s
10-20 21:32:12.809  8661  3188 I AOSP-MdnsDiscoveryManag: (REDACTED) %s
10-20 21:32:12.810  8661  3189 I AOSP-MdnsDiscoveryManag: (REDACTED) %s
10-20 21:32:12.811  8661  9716 I AOSP-MdnsDiscoveryManag: (REDACTED) %s
10-20 21:32:12.811  8661  3189 I AOSP-MdnsDiscoveryManag: (REDACTED) %s
10-20 21:32:12.812  8661  3185 I AOSP-MdnsDiscoveryManag: (REDACTED) %s
10-20 21:32:12.813  8661  3185 I AOSP-MdnsDiscoveryManag: (REDACTED) %s
10-20 21:32:12.814  8661  9716 I AOSP-MdnsDiscoveryManag: (REDACTED) %s
10-20 21:32:12.814  8661  3185 I AOSP-MdnsDiscoveryManag: (REDACTED) %s
10-20 21:32:12.816  8661  3185 I AOSP-MdnsDiscoveryManag: (REDACTED) %s
10-20 21:32:12.818  8661  3187 W AOSP-MdnsDiscoveryManag: Error while decoding multicast packet (6668): 1 [CONTEXT service_id=168 ]
10-20 21:32:12.819  8661  3187 W AOSP-MdnsDiscoveryManag: Error while decoding multicast packet (6669): 1 [CONTEXT service_id=168 ]
10-20 21:32:12.821  8661  3187 W AOSP-MdnsDiscoveryManag: Error while decoding multicast packet (6670): 1 [CONTEXT service_id=168 ]
10-20 21:32:12.822  8661  3187 W AOSP-MdnsDiscoveryManag: Error while decoding multicast packet (6671): 1 [CONTEXT service_id=168 ]
10-20 21:32:13.515  2486  2486 I WifiHAL : Get link layer stats
10-20 21:32:13.516  2486  2486 I WifiHAL : GetLinkStatsCommand::create
10-20 21:32:13.516  2486  2486 D android.hardware.wifi@1.0-service-lazy: WifiRequest::create vendor command to iface 38, vendor_id=0x1a11, subcmd=0x1200, res=0
10-20 21:32:13.516  2486  2486 I android.hardware.wifi@1.0-service-lazy: WifiCommand::requestResponse err=-95
10-20 21:32:13.516  2486  2486 I WifiHAL : wifi_get_link_stats: result=-3
10-20 21:32:13.518  1483  2363 E WifiVendorHal: getWifiLinkLayerStats_1_5_Internal(l.1179) failed {.code = ERROR_NOT_SUPPORTED, .description = }
10-20 21:32:13.527  1483  3390 D SemWifiUsabilityStatsMonitor: onWifiUsabilityStats - seqNum 545013, isSameBssidAndFreq true
10-20 21:32:13.529  1483  2437 I SemWifiLinkQualityMonitor: Link Qos query: inf. ms / 0 Mbps
10-20 21:32:13.598  2521  2618 D MobileStatusTracker(0/2): onSignalStrengthsChanged level=3, vendorLevel=3
10-20 21:32:13.605  2521  2618 D MobileSignalController(0/2): notifyListener: enabled=true, connected=true, dataConnected=true, networkType=LTE (4G), emergencyOnly=false, roaming=false, isDefault=false, dataActivity=, level=3, ca=false, mmWave=false, disabledDataIcon=false, simCard=ETC
10-20 21:32:13.606  2521  2618 D NetworkController: SignalStrength from intent slotId=0
10-20 21:32:13.741  1483  2471 D NetdEventListenerService: DNS Requested by : 475, 11011
10-20 21:32:13.742 24250 24342 D TrafficStats: tagSocket(6) with statsTag=0xffffffff, statsUid=-1
10-20 21:32:13.814  8661  3188 I AOSP-MdnsDiscoveryManag: (REDACTED) %s
10-20 21:32:13.815  8661  3188 I AOSP-MdnsDiscoveryManag: (REDACTED) %s
10-20 21:32:13.816  8661  3185 I AOSP-MdnsDiscoveryManag: (REDACTED) %s
10-20 21:32:13.816  8661  3189 I AOSP-MdnsDiscoveryManag: (REDACTED) %s
10-20 21:32:13.817  8661  3189 I AOSP-MdnsDiscoveryManag: (REDACTED) %s
10-20 21:32:13.817  8661  3185 I AOSP-MdnsDiscoveryManag: (REDACTED) %s
10-20 21:32:13.818  8661  3187 W AOSP-MdnsDiscoveryManag: Error while decoding multicast packet (6672): 1 [CONTEXT service_id=168 ]
10-20 21:32:13.818  8661  3185 I AOSP-MdnsDiscoveryManag: (REDACTED) %s
10-20 21:32:13.820  8661  3185 I AOSP-MdnsDiscoveryManag: (REDACTED) %s
10-20 21:32:13.820  8661  3187 W AOSP-MdnsDiscoveryManag: Error while decoding multicast packet (6673): 1 [CONTEXT service_id=168 ]
10-20 21:32:13.821  8661  3187 W AOSP-MdnsDiscoveryManag: Error while decoding multicast packet (6674): 1 [CONTEXT service_id=168 ]
10-20 21:32:13.822  8661  9716 I AOSP-MdnsDiscoveryManag: (REDACTED) %s
10-20 21:32:13.822  8661  3187 W AOSP-MdnsDiscoveryManag: Error while decoding multicast packet (6675): 1 [CONTEXT service_id=168 ]
10-20 21:32:13.822  8661  9716 I AOSP-MdnsDiscoveryManag: (REDACTED) %s
10-20 21:32:13.826 24250  5698 D TrafficStats: tagSocket(6) with statsTag=0xffffffff, statsUid=-1
10-20 21:32:14.097  1483  6427 D InputDispatcher: Inject key (11856/2000): action=0, f=0x0, d=-1, time=2556131399000000
10-20 21:32:14.097  1483  6427 D WindowManager: interceptKeyTq keycode=4 interactive=true keyguardActive=false policyFlags=2b000000
10-20 21:32:14.097  1483  6427 D PhoneWindowManagerExt: interceptKeyTq code=4 down=true repeatCount=0 displayId=-1 interactive=true
10-20 21:32:14.097  1483  6427 D WindowManager: interceptKeyTq interceptKeyResult=4
10-20 21:32:14.097  1483  1796 D PowerManagerService: [api] userActivityFromNative :  (event: 1 flags: 0 displayId: 0) eventTime = 2556131399
10-20 21:32:14.098  1483  1796 D WindowManager: interceptKeyTi keyCode=4 down=true repeatCount=0 keyguardOn=false canceled=false
10-20 21:32:14.098  1483  1796 D PhoneWindowManagerExt: interceptKeyTi code=4 down=true repeatCount=0 displayId=-1 interactive=true
10-20 21:32:14.099  1483  1796 I InputDispatcher: Delivering key to (11527): B action: 0x0 (0), f=0x0, m=0x0, d=0, '7594b68'
10-20 21:32:14.100  5125  5125 I HBD     : b skip onKeyDown as physical keyboard not connected 
10-20 21:32:14.102  5125  5125 I HBD     : HoneyBoardService onKeyDown r:ef1d51cb consumed:false 1 
10-20 21:32:14.103 11527 11527 I ViewRootImpl@52e2b1c[MainActivity]: ViewPostIme key 0
10-20 21:32:14.104 11527 11527 D Activity: onKeyDown(KEYCODE_BACK)
10-20 21:32:14.105  1483  6427 D InputDispatcher: Inject key (11856/2000): action=1, f=0x0, d=-1, time=2556131399000000
10-20 21:32:14.105  1483  6427 D WindowManager: interceptKeyTq keycode=4 interactive=true keyguardActive=false policyFlags=2b000000
10-20 21:32:14.106  1483  6427 D PhoneWindowManagerExt: interceptKeyTq code=4 down=false repeatCount=0 displayId=-1 interactive=true
10-20 21:32:14.106  1483  6427 D WindowManager: interceptKeyTq interceptKeyResult=4
10-20 21:32:14.107  1483  1796 D WindowManager: interceptKeyTi keyCode=4 down=false repeatCount=0 keyguardOn=false canceled=false
10-20 21:32:14.107  1483  1796 D PhoneWindowManagerExt: interceptKeyTi code=4 down=false repeatCount=0 displayId=-1 interactive=true
10-20 21:32:14.108  1483  1796 I InputDispatcher: Delivering key to (11527): B action: 0x1 (0), f=0x0, m=0x0, d=0, '7594b68'
10-20 21:32:14.110  5125  5125 I HBD     : HoneyBoardService onKeyUp r:b0efa97c consumed:false 0 
10-20 21:32:14.111 11527 11527 I ViewRootImpl@52e2b1c[MainActivity]: ViewPostIme key 1
10-20 21:32:14.111 11527 11527 D Activity: onKeyUp(KEYCODE_BACK) isTracking()=true isCanceled()=false hasCallback=false
10-20 21:32:14.194   543   543 D io_stats: !@ 179,0 r 465889648 5660888002 w 80719271 846528876 d 1258365 33785900 f 0 0 iot 231618932 0 th 0 0 0 pt 0 inp 0 0 2556131.497
10-20 21:32:14.221 11527 11563 E IMGMapper: set:488 set: Unset optional value from type SMPTE2086
