10-20 21:32:03.230   508 11724 D downloader2: Got URL response, starting to read response body. uri=https://www.gstatic.com/mdi-serving/rubidium-adservices-adtech-enrollment/11167/b5d1a96edb6a1f0a4859f71195a3dae118baacfc
10-20 21:32:03.234   508   758 D downloader2: New request enqueued, running queue: https://www.gstatic.com/mdi-serving/rubidium-adservices-ui-ota-strings/4265/91ac5d17ab9f2445a3462f98f5249a73e9b0e235
10-20 21:32:03.234   508   758 I downloader2: Exceeded max concurrent downloads, not running another queued request
10-20 21:32:03.235 11527 11563 E IMGMapper: set:488 set: Unset optional value from type SMPTE2086
10-20 21:32:03.235 11527 11563 E IMGMapper: set:488 set: Unset optional value from type CTA861_3
10-20 21:32:03.239   508 11721 D downloader2: Response body written. bytesWritten=286, uri=https://www.gstatic.com/mdi-serving/rubidium-adservices-adtech-enrollment/11167/b5d1a96edb6a1f0a4859f71195a3dae118baacfc
10-20 21:32:03.246   508 11721 D downloader2: Download complete, running queued downloads: https://www.gstatic.com/mdi-serving/rubidium-adservices-adtech-enrollment/11167/b5d1a96edb6a1f0a4859f71195a3dae118baacfc
10-20 21:32:03.246   508 11721 I downloader2: Exceeded max concurrent downloads, not running another queued request
10-20 21:32:03.247   508 11721 D downloader2: Queued download completed, running queued downloads: https://www.gstatic.com/mdi-serving/rubidium-adservices-adtech-enrollment/11167/b5d1a96edb6a1f0a4859f71195a3dae118baacfc
10-20 21:32:03.247   508 11721 D downloader2: Connectivity satisfied; running request. uri=https://www.gstatic.com/mdi-serving/rubidium-adservices-ui-ota-strings/4265/91ac5d17ab9f2445a3462f98f5249a73e9b0e235
10-20 21:32:03.247   508 11721 I downloader2: Exceeded max concurrent downloads, not running another queued request
10-20 21:32:03.252 11527 11563 E IMGMapper: set:488 set: Unset optional value from type SMPTE2086
10-20 21:32:03.252 11527 11563 E IMGMapper: set:488 set: Unset optional value from type CTA861_3
10-20 21:32:03.270 11527 11563 E IMGMapper: set:488 set: Unset optional value from type SMPTE2086
10-20 21:32:03.270 11527 11563 E IMGMapper: set:488 set: Unset optional value from type CTA861_3
10-20 21:32:03.285 11527 11563 E IMGMapper: set:488 set: Unset optional value from type SMPTE2086
10-20 21:32:03.286 11527 11563 E IMGMapper: set:488 set: Unset optional value from type CTA861_3
10-20 21:32:03.293   508 11722 D downloader2: Got URL response, starting to read response body. uri=https://www.gstatic.com/mdi-serving/rubidium-adservices-topics-classifier/1986/9e98784bcdb26a3eb2ab3f65ee811f43177c761f
10-20 21:32:03.300   508 11719 D downloader2: Got URL response, starting to read response body. uri=https://www.gstatic.com/mdi-serving/rubidium-adservices-ui-ota-strings/4265/91ac5d17ab9f2445a3462f98f5249a73e9b0e235
10-20 21:32:03.303 11527 11563 E IMGMapper: set:488 set: Unset optional value from type SMPTE2086
10-20 21:32:03.303 11527 11563 E IMGMapper: set:488 set: Unset optional value from type CTA861_3
10-20 21:32:03.317 11527 11563 E IMGMapper: set:488 set: Unset optional value from type SMPTE2086
10-20 21:32:03.317 11527 11563 E IMGMapper: set:488 set: Unset optional value from type CTA861_3
10-20 21:32:03.337 11527 11563 E IMGMapper: set:488 set: Unset optional value from type SMPTE2086
10-20 21:32:03.337 11527 11563 E IMGMapper: set:488 set: Unset optional value from type CTA861_3
10-20 21:32:03.352 11527 11563 E IMGMapper: set:488 set: Unset optional value from type SMPTE2086
10-20 21:32:03.352 11527 11563 E IMGMapper: set:488 set: Unset optional value from type CTA861_3
10-20 21:32:03.368 11527 11563 E IMGMapper: set:488 set: Unset optional value from type SMPTE2086
10-20 21:32:03.368 11527 11563 E IMGMapper: set:488 set: Unset optional value from type CTA861_3
10-20 21:32:03.383 11527 11563 E IMGMapper: set:488 set: Unset optional value from type SMPTE2086
10-20 21:32:03.383 11527 11563 E IMGMapper: set:488 set: Unset optional value from type CTA861_3
10-20 21:32:03.400 11527 11563 E IMGMapper: set:488 set: Unset optional value from type SMPTE2086
10-20 21:32:03.400 11527 11563 E IMGMapper: set:488 set: Unset optional value from type CTA861_3
10-20 21:32:03.407  1483  2425 I ChimeraAggressivePolicyHandler: executePolicy() - triggerSource: TRIGGER_SOURCE_LMKD
10-20 21:32:03.409  1483  2425 I ChimeraAggressivePolicyHandler: available memory: 1074044, free memory target: 747520, quit chimera
10-20 21:32:03.412  2799  2799 I TelephonyProvider: D/TelephonyProvider: subIdString = 2 subId = 2
10-20 21:32:03.417 11527 11563 E IMGMapper: set:488 set: Unset optional value from type SMPTE2086
10-20 21:32:03.417 11527 11563 E IMGMapper: set:488 set: Unset optional value from type CTA861_3
10-20 21:32:03.435 11527 11563 E IMGMapper: set:488 set: Unset optional value from type SMPTE2086
10-20 21:32:03.435 11527 11563 E IMGMapper: set:488 set: Unset optional value from type CTA861_3
10-20 21:32:03.451 11527 11563 E IMGMapper: set:488 set: Unset optional value from type SMPTE2086
10-20 21:32:03.451 11527 11563 E IMGMapper: set:488 set: Unset optional value from type CTA861_3
10-20 21:32:03.451  2799  2799 I TelephonyProvider: D/TelephonyProvider: subIdString = 2 subId = 2
10-20 21:32:03.463   508   534 I .adservices.api: Background concurrent copying GC freed 66862(4052KB) AllocSpace objects, 64(6784KB) LOS objects, 58% free, 4391KB/10MB, paused 647us,93us total 223.659ms
10-20 21:32:03.470 11527 11563 E IMGMapper: set:488 set: Unset optional value from type SMPTE2086
10-20 21:32:03.470 11527 11563 E IMGMapper: set:488 set: Unset optional value from type CTA861_3
10-20 21:32:03.471   508   748 W .adservices.api: Long monitor contention with owner background-5 (753) at java.lang.Void com.google.android.libraries.mobiledatadownload.file.integration.downloader.SharedPreferencesDownloadMetadata.lambda$delete$2(android.net.Uri)(SharedPreferencesDownloadMetadata.java:104) waiters=0 in java.lang.Void com.google.android.libraries.mobiledatadownload.file.integration.downloader.SharedPreferencesDownloadMetadata.lambda$upsert$1(android.net.Uri, com.google.android.downloader.DownloadMetadata) for 162ms
10-20 21:32:03.473  2799  2799 I TelephonyProvider: D/TelephonyProvider: subIdString = 2 subId = 2
10-20 21:32:03.474  1039  1039 I BufferQueueProducer: [com.cinemamovel/com.cinemamovel.MainActivity$_11527#506329](this:0xb400007a1f64a838,id:-1,api:0,p:-1,c:1039) queueBuffer: fps=33.48 dur=1015.49 max=166.77 min=16.34
10-20 21:32:03.479   508   753 D downloader2: New request enqueued, running queue: https://www.gstatic.com/mdi-serving/rubidium-adservices-adtech-enrollment/11167/b5d1a96edb6a1f0a4859f71195a3dae118baacfc
10-20 21:32:03.479   508   753 I downloader2: Exceeded max concurrent downloads, not running another queued request
10-20 21:32:03.483   508 11721 D downloader2: Response body written. bytesWritten=1233, uri=https://www.gstatic.com/mdi-serving/rubidium-adservices-topics-classifier/1986/9e98784bcdb26a3eb2ab3f65ee811f43177c761f
10-20 21:32:03.484 11527 11563 E IMGMapper: set:488 set: Unset optional value from type SMPTE2086
10-20 21:32:03.484 11527 11563 E IMGMapper: set:488 set: Unset optional value from type CTA861_3
10-20 21:32:03.484   508 11721 D downloader2: Download complete, running queued downloads: https://www.gstatic.com/mdi-serving/rubidium-adservices-topics-classifier/1986/9e98784bcdb26a3eb2ab3f65ee811f43177c761f
10-20 21:32:03.484   508 11721 D downloader2: Connectivity satisfied; running request. uri=https://www.gstatic.com/mdi-serving/rubidium-adservices-adtech-enrollment/11167/b5d1a96edb6a1f0a4859f71195a3dae118baacfc
10-20 21:32:03.485   508 11721 I downloader2: Exceeded max concurrent downloads, not running another queued request
10-20 21:32:03.485   508 11720 D downloader2: Queued download completed, running queued downloads: https://www.gstatic.com/mdi-serving/rubidium-adservices-topics-classifier/1986/9e98784bcdb26a3eb2ab3f65ee811f43177c761f
10-20 21:32:03.485   508 11720 I downloader2: Exceeded max concurrent downloads, not running another queued request
10-20 21:32:03.489   508 11720 D downloader2: Response body written. bytesWritten=267, uri=https://www.gstatic.com/mdi-serving/rubidium-adservices-ui-ota-strings/4265/91ac5d17ab9f2445a3462f98f5249a73e9b0e235
10-20 21:32:03.489   508 11720 D downloader2: Download complete, running queued downloads: https://www.gstatic.com/mdi-serving/rubidium-adservices-ui-ota-strings/4265/91ac5d17ab9f2445a3462f98f5249a73e9b0e235
10-20 21:32:03.492   508 11724 D downloader2: Queued download completed, running queued downloads: https://www.gstatic.com/mdi-serving/rubidium-adservices-ui-ota-strings/4265/91ac5d17ab9f2445a3462f98f5249a73e9b0e235
10-20 21:32:03.497  2799  2799 I TelephonyProvider: D/TelephonyProvider: subIdString = 2 subId = 2
10-20 21:32:03.498   508   758 D downloader2: New request enqueued, running queue: https://www.gstatic.com/mdi-serving/rubidium-adservices-topics-classifier/1986/9e98784bcdb26a3eb2ab3f65ee811f43177c761f
10-20 21:32:03.498   508   758 D downloader2: Connectivity satisfied; running request. uri=https://www.gstatic.com/mdi-serving/rubidium-adservices-topics-classifier/1986/9e98784bcdb26a3eb2ab3f65ee811f43177c761f
10-20 21:32:03.498   508   758 I downloader2: Exceeded max concurrent downloads, not running another queued request
10-20 21:32:03.500 11527 11563 E IMGMapper: set:488 set: Unset optional value from type SMPTE2086
10-20 21:32:03.500 11527 11563 E IMGMapper: set:488 set: Unset optional value from type CTA861_3
10-20 21:32:03.503   508   756 D downloader2: New request enqueued, running queue: https://www.gstatic.com/mdi-serving/rubidium-adservices-ui-ota-strings/4265/91ac5d17ab9f2445a3462f98f5249a73e9b0e235
10-20 21:32:03.503   508   756 I downloader2: Exceeded max concurrent downloads, not running another queued request
10-20 21:32:03.514   508 11724 D ErrorCodeSampler: Logging error code: 17 for the sample interval 10000: false
10-20 21:32:03.516  2799  2799 I TelephonyProvider: D/TelephonyProvider: subIdString = 2 subId = 2
10-20 21:32:03.517 11527 11563 E IMGMapper: set:488 set: Unset optional value from type SMPTE2086
10-20 21:32:03.517 11527 11563 E IMGMapper: set:488 set: Unset optional value from type CTA861_3
10-20 21:32:03.559   508 11724 D downloader2: Got URL response, starting to read response body. uri=https://www.gstatic.com/mdi-serving/rubidium-adservices-adtech-enrollment/11167/b5d1a96edb6a1f0a4859f71195a3dae118baacfc
10-20 21:32:03.562   508 11721 D downloader2: Got URL response, starting to read response body. uri=https://www.gstatic.com/mdi-serving/rubidium-adservices-topics-classifier/1986/9e98784bcdb26a3eb2ab3f65ee811f43177c761f
10-20 21:32:03.575  2893  3267 I VolteServiceModule: onPreciseDataConnectionStateChanged: state= state: CONNECTING, transport: WWAN, id: -1, network type: LTE, APN Setting: [ApnSetting] Claro IMS, 6270, 72405, ims, , null, , null, null, 0, ims, IPV4V6, IPV4V6, true, 0, false, 20, 0, 300, 0, 0, null, , false, UNKNOWN, UNKNOWN, 0, -1, -1, false, link properties: {LinkAddresses: [ ] DnsAddresses: [ ] Domains: null MTU: 0 Routes: [ ]}, fail cause: NONE(0x0)
10-20 21:32:03.576  2893  3125 I PhoneStateTracker<0>: onPreciseDataConnectionStateChanged: state= state: CONNECTING, transport: WWAN, id: -1, network type: LTE, APN Setting: [ApnSetting] Claro IMS, 6270, 72405, ims, , null, , null, null, 0, ims, IPV4V6, IPV4V6, true, 0, false, 20, 0, 300, 0, 0, null, , false, UNKNOWN, UNKNOWN, 0, -1, -1, false, link properties: {LinkAddresses: [ ] DnsAddresses: [ ] Domains: null MTU: 0 Routes: [ ]}, fail cause: NONE(0x0)
10-20 21:32:03.578  2893  3125 I RegiMgr-Handler<0>: onPreciseDataConnectionStateChanged
10-20 21:32:03.582  1483  3786 W ContextImpl: Calling a method in the system process without a qualified user: android.app.ContextImpl.sendBroadcastMultiplePermissions:1335 android.content.Context.sendBroadcastMultiplePermissions:2285 com.android.server.TelephonyRegistry.broadcastDataConnectionStateChanged:3329 com.android.server.TelephonyRegistry.notifyDataConnectionForSubscriber:2065 com.android.internal.telephony.ITelephonyRegistry$Stub.onTransact:578 
10-20 21:32:03.583  1483  1558 W BroadcastQueue: Appop Denial: receiving Intent { act=android.intent.action.ANY_DATA_STATE flg=0x10 (has extras) } to ProcessRecord{87896cc 2799:com.android.phone/1001} (pid=2799, uid=1001) excludes appop android:read_phone_state due to sender android (uid 1001)
10-20 21:32:03.584   508 11720 D downloader2: Response body written. bytesWritten=286, uri=https://www.gstatic.com/mdi-serving/rubidium-adservices-adtech-enrollment/11167/b5d1a96edb6a1f0a4859f71195a3dae118baacfc
10-20 21:32:03.584   508 11723 D downloader2: Queued download completed, running queued downloads: https://www.gstatic.com/mdi-serving/rubidium-adservices-adtech-enrollment/11167/b5d1a96edb6a1f0a4859f71195a3dae118baacfc
10-20 21:32:03.584   508 11723 D downloader2: Connectivity satisfied; running request. uri=https://www.gstatic.com/mdi-serving/rubidium-adservices-ui-ota-strings/4265/91ac5d17ab9f2445a3462f98f5249a73e9b0e235
10-20 21:32:03.584   508 11723 I downloader2: Exceeded max concurrent downloads, not running another queued request
10-20 21:32:03.586   508 11720 D downloader2: Download complete, running queued downloads: https://www.gstatic.com/mdi-serving/rubidium-adservices-adtech-enrollment/11167/b5d1a96edb6a1f0a4859f71195a3dae118baacfc
10-20 21:32:03.586   508 11720 I downloader2: Exceeded max concurrent downloads, not running another queued request
10-20 21:32:03.587   508 11724 D downloader2: Response body written. bytesWritten=1233, uri=https://www.gstatic.com/mdi-serving/rubidium-adservices-topics-classifier/1986/9e98784bcdb26a3eb2ab3f65ee811f43177c761f
10-20 21:32:03.588   508 11724 D downloader2: Download complete, running queued downloads: https://www.gstatic.com/mdi-serving/rubidium-adservices-topics-classifier/1986/9e98784bcdb26a3eb2ab3f65ee811f43177c761f
10-20 21:32:03.588   508 11722 D downloader2: Queued download completed, running queued downloads: https://www.gstatic.com/mdi-serving/rubidium-adservices-topics-classifier/1986/9e98784bcdb26a3eb2ab3f65ee811f43177c761f
10-20 21:32:03.598   508   758 D downloader2: New request enqueued, running queue: https://www.gstatic.com/mdi-serving/rubidium-adservices-adtech-enrollment/11167/b5d1a96edb6a1f0a4859f71195a3dae118baacfc
10-20 21:32:03.598   508   758 D downloader2: Connectivity satisfied; running request. uri=https://www.gstatic.com/mdi-serving/rubidium-adservices-adtech-enrollment/11167/b5d1a96edb6a1f0a4859f71195a3dae118baacfc
10-20 21:32:03.598   508   758 I downloader2: Exceeded max concurrent downloads, not running another queued request
10-20 21:32:03.600  1483  2471 D NetdEventListenerService: DNS Requested by : 475, 11011
10-20 21:32:03.600 24250 24342 D TrafficStats: tagSocket(6) with statsTag=0xffffffff, statsUid=-1
10-20 21:32:03.604   508   756 D downloader2: New request enqueued, running queue: https://www.gstatic.com/mdi-serving/rubidium-adservices-topics-classifier/1986/9e98784bcdb26a3eb2ab3f65ee811f43177c761f
10-20 21:32:03.604   508   756 I downloader2: Exceeded max concurrent downloads, not running another queued request
10-20 21:32:03.607   508 11720 D ErrorCodeSampler: Logging error code: 17 for the sample interval 10000: false
10-20 21:32:03.635  1483  6427 D InputDispatcher: Inject key (11742/2000): action=0, f=0x0, d=-1, time=2556120937000000
10-20 21:32:03.635  1483  6427 D WindowManager: interceptKeyTq interceptKeyResult=1
10-20 21:32:03.635  1483  1796 D PowerManagerService: [api] userActivityFromNative :  (event: 1 flags: 0 displayId: 0) eventTime = 2556120937
10-20 21:32:03.636  1483  1796 I InputDispatcher: Delivering key to (11527): action: 0x0 (0), f=0x0, m=0x0, d=0, '7594b68'
10-20 21:32:03.637  5125  5125 I HBD     : b skip onKeyDown as physical keyboard not connected 
10-20 21:32:03.638  5125  5125 I HBD     : HoneyBoardService onKeyDown r:a36ac787 consumed:false 1 
10-20 21:32:03.638   508 11720 D downloader2: Got URL response, starting to read response body. uri=https://www.gstatic.com/mdi-serving/rubidium-adservices-ui-ota-strings/4265/91ac5d17ab9f2445a3462f98f5249a73e9b0e235
10-20 21:32:03.639 11527 11527 I ViewRootImpl@52e2b1c[MainActivity]: ViewPostIme key 0
10-20 21:32:03.645  2799  2837 I System.out: Broadcasting: Intent { act=com.samsung.intent.action.BIG_DATA_INFO (has extras) }
10-20 21:32:03.646 11527 11527 I IMM_LC  : hsifw() - flag : 0
10-20 21:32:03.646 11527 11527 I IMM_LC  : hsifw() - mService.hideSoftInput
10-20 21:32:03.647  1483  4875 D InputMethodManagerService: hideSoftInput
10-20 21:32:03.647  1483  4875 V InputMethodManagerService: Client requesting input be hidden
10-20 21:32:03.647  1483  4875 V InputMethodManagerService: hideCurrentInputLocked : canceled, shouldHideSoftInput=false, mInputShown=false, mImeWindowVis=0
10-20 21:32:03.647  1483  4875 I InputMethodBindingController: setCurrentMethodNotVisible: mVisibleBound=false, mHasConnection=true, caller = com.android.server.inputmethod.InputMethodManagerService.hideCurrentInputLocked:4356 com.android.server.inputmethod.InputMethodManagerService.hideSoftInput:4294 com.android.internal.view.IInputMethodManager$Stub.onTransact:488 com.android.server.inputmethod.InputMethodManagerService.onTransact:2302 android.os.Binder.execTransactInternal:1316 android.os.Binder.execTransact:1280 <bottom of call stack> <bottom of call stack> <bottom of call stack> <bottom of call stack> 
10-20 21:32:03.648  1483  6427 D InputDispatcher: Inject key (11742/2000): action=1, f=0x0, d=-1, time=2556120937000000
10-20 21:32:03.648  1483  6427 D WindowManager: interceptKeyTq interceptKeyResult=1
10-20 21:32:03.649  1483  1796 I InputDispatcher: Delivering key to (11527): action: 0x1 (0), f=0x0, m=0x0, d=0, '7594b68'
10-20 21:32:03.651   508 11719 D downloader2: Response body written. bytesWritten=267, uri=https://www.gstatic.com/mdi-serving/rubidium-adservices-ui-ota-strings/4265/91ac5d17ab9f2445a3462f98f5249a73e9b0e235
10-20 21:32:03.651   508 11719 D downloader2: Download complete, running queued downloads: https://www.gstatic.com/mdi-serving/rubidium-adservices-ui-ota-strings/4265/91ac5d17ab9f2445a3462f98f5249a73e9b0e235
10-20 21:32:03.651   508 11719 I downloader2: Exceeded max concurrent downloads, not running another queued request
10-20 21:32:03.652   508 11722 D downloader2: Queued download completed, running queued downloads: https://www.gstatic.com/mdi-serving/rubidium-adservices-ui-ota-strings/4265/91ac5d17ab9f2445a3462f98f5249a73e9b0e235
10-20 21:32:03.652   508 11722 D downloader2: Connectivity satisfied; running request. uri=https://www.gstatic.com/mdi-serving/rubidium-adservices-topics-classifier/1986/9e98784bcdb26a3eb2ab3f65ee811f43177c761f
10-20 21:32:03.652   508 11722 I downloader2: Exceeded max concurrent downloads, not running another queued request
10-20 21:32:03.653   508 11724 D downloader2: Got URL response, starting to read response body. uri=https://www.gstatic.com/mdi-serving/rubidium-adservices-adtech-enrollment/11167/b5d1a96edb6a1f0a4859f71195a3dae118baacfc
10-20 21:32:03.654  5125  5125 I HBD     : HoneyBoardService onKeyUp r:951f5e5b consumed:false 1 
10-20 21:32:03.654 11527 11527 I ViewRootImpl@52e2b1c[MainActivity]: ViewPostIme key 1
10-20 21:32:03.656 11527 11527 I IMM_LC  : hsifw() - flag : 0
10-20 21:32:03.656 11527 11527 I IMM_LC  : hsifw() - mService.hideSoftInput
10-20 21:32:03.656  1483  4875 D InputMethodManagerService: hideSoftInput
10-20 21:32:03.656  1483  4875 V InputMethodManagerService: Client requesting input be hidden
10-20 21:32:03.656  1483  4875 V InputMethodManagerService: hideCurrentInputLocked : canceled, shouldHideSoftInput=false, mInputShown=false, mImeWindowVis=0
10-20 21:32:03.657  1483  4875 I InputMethodBindingController: setCurrentMethodNotVisible: mVisibleBound=false, mHasConnection=true, caller = com.android.server.inputmethod.InputMethodManagerService.hideCurrentInputLocked:4356 com.android.server.inputmethod.InputMethodManagerService.hideSoftInput:4294 com.android.internal.view.IInputMethodManager$Stub.onTransact:488 com.android.server.inputmethod.InputMethodManagerService.onTransact:2302 android.os.Binder.execTransactInternal:1316 android.os.Binder.execTransact:1280 <bottom of call stack> <bottom of call stack> <bottom of call stack> <bottom of call stack> 
10-20 21:32:03.658 11527 11563 E IMGMapper: set:488 set: Unset optional value from type SMPTE2086
10-20 21:32:03.658 11527 11563 E IMGMapper: set:488 set: Unset optional value from type CTA861_3
10-20 21:32:03.660   963   963 E audit   : type=1400 audit(1761006723.656:1252395): avc:  denied  { write } for  pid=14401 comm="ThreadPoolForeg" name="traced_producer" dev="tmpfs" ino=11170 scontext=u:r:gmscore_app:s0:c512,c768 tcontext=u:object_r:traced_producer_socket:s0 tclass=sock_file permissive=0 SEPF_SM-A037M_12_0001 unfiltered
10-20 21:32:03.664   508 11720 D downloader2: Response body written. bytesWritten=286, uri=https://www.gstatic.com/mdi-serving/rubidium-adservices-adtech-enrollment/11167/b5d1a96edb6a1f0a4859f71195a3dae118baacfc
10-20 21:32:03.665   508 11723 D downloader2: Queued download completed, running queued downloads: https://www.gstatic.com/mdi-serving/rubidium-adservices-adtech-enrollment/11167/b5d1a96edb6a1f0a4859f71195a3dae118baacfc
10-20 21:32:03.665   508 11722 D downloader2: Download complete, running queued downloads: https://www.gstatic.com/mdi-serving/rubidium-adservices-adtech-enrollment/11167/b5d1a96edb6a1f0a4859f71195a3dae118baacfc
10-20 21:32:03.675   991  1074 I hwcomposer: [HWCDisplay] [Display_0 (type:1)] fps:31.807343,dur:1131.81,max:167.02,min:15.78  
10-20 21:32:03.696  2799  2846 I TelephonyProvider: D/TelephonyProvider: subIdString = 2 subId = 2
10-20 21:32:03.703  2799  2799 D SemBigDataInfoController: Intent: com.samsung.intent.action.BIG_DATA_INFO
10-20 21:32:03.703  2799  2799 D SemBigDataInfoController: BIG_DATA insertLog slot: 0, feature: 8
10-20 21:32:03.706   508 11724 D downloader2: Got URL response, starting to read response body. uri=https://www.gstatic.com/mdi-serving/rubidium-adservices-topics-classifier/1986/9e98784bcdb26a3eb2ab3f65ee811f43177c761f
10-20 21:32:03.711  2799  2799 D SemBigDataInfoController: Intent: com.samsung.intent.action.BIG_DATA_INFO
10-20 21:32:03.714 24250  5698 D TrafficStats: tagSocket(6) with statsTag=0xffffffff, statsUid=-1
10-20 21:32:03.718  2799  3136 I System.out: Broadcast completed: result=0
10-20 21:32:03.725   508 11719 D downloader2: Response body written. bytesWritten=1233, uri=https://www.gstatic.com/mdi-serving/rubidium-adservices-topics-classifier/1986/9e98784bcdb26a3eb2ab3f65ee811f43177c761f
10-20 21:32:03.725   508 11719 D downloader2: Download complete, running queued downloads: https://www.gstatic.com/mdi-serving/rubidium-adservices-topics-classifier/1986/9e98784bcdb26a3eb2ab3f65ee811f43177c761f
10-20 21:32:03.727   508 11719 D downloader2: Queued download completed, running queued downloads: https://www.gstatic.com/mdi-serving/rubidium-adservices-topics-classifier/1986/9e98784bcdb26a3eb2ab3f65ee811f43177c761f
10-20 21:32:03.738  2799  2846 I TelephonyProvider: D/TelephonyProvider: subIdString = 2 subId = 2
10-20 21:32:03.740   508 11719 D ErrorCodeSampler: Logging error code: 17 for the sample interval 10000: false
10-20 21:32:03.758  2893  3267 I VolteServiceModule: onPreciseDataConnectionStateChanged: state= state: DISCONNECTED, transport: WWAN, id: -1, network type: LTE, APN Setting: [ApnSetting] Claro IMS, 6270, 72405, ims, , null, , null, null, 0, ims, IPV4V6, IPV4V6, true, 0, false, 20, 0, 300, 0, 0, null, , false, UNKNOWN, UNKNOWN, 0, -1, -1, false, link properties: {LinkAddresses: [ ] DnsAddresses: [ ] Domains: null MTU: 0 Routes: [ ]}, fail cause: PDN_THROTTLED(0xfffffff8)
10-20 21:32:03.758  2893  3125 I PhoneStateTracker<0>: onPreciseDataConnectionStateChanged: state= state: DISCONNECTED, transport: WWAN, id: -1, network type: LTE, APN Setting: [ApnSetting] Claro IMS, 6270, 72405, ims, , null, , null, null, 0, ims, IPV4V6, IPV4V6, true, 0, false, 20, 0, 300, 0, 0, null, , false, UNKNOWN, UNKNOWN, 0, -1, -1, false, link properties: {LinkAddresses: [ ] DnsAddresses: [ ] Domains: null MTU: 0 Routes: [ ]}, fail cause: PDN_THROTTLED(0xfffffff8)
10-20 21:32:03.758  2893  3125 I RegiMgr-Handler<0>: onPreciseDataConnectionStateChanged
10-20 21:32:03.758  1483  4875 W ContextImpl: Calling a method in the system process without a qualified user: android.app.ContextImpl.sendBroadcastMultiplePermissions:1335 android.content.Context.sendBroadcastMultiplePermissions:2285 com.android.server.TelephonyRegistry.broadcastDataConnectionStateChanged:3329 com.android.server.TelephonyRegistry.notifyDataConnectionForSubscriber:2065 com.android.internal.telephony.ITelephonyRegistry$Stub.onTransact:578 
10-20 21:32:03.759  2893  3125 I RegiMgr-Handler: handleMessage: EVENT_PDN_FAILED
10-20 21:32:03.760  2893  3125 I RegiMgr-NetEvtCtr: slot[0]: onPdnFailed: PDN_THROTTLED
10-20 21:32:03.760  1483  1558 W BroadcastQueue: Appop Denial: receiving Intent { act=android.intent.action.ANY_DATA_STATE flg=0x10 (has extras) } to ProcessRecord{87896cc 2799:com.android.phone/1001} (pid=2799, uid=1001) excludes appop android:read_phone_state due to sender android (uid 1001)
10-20 21:32:03.762  2893  3125 E #IMSCR  : 10-20 21:32:03 0x1101000A:0,PDN FAIL:PDN_THROTTLED
10-20 21:32:03.762  2893  3125 I RegiGvnBase<0>: onPdnRequestFailed: PDN_THROTTLED
10-20 21:32:03.765  2893  3125 I SimManager: getRilSimOperator: ETC
10-20 21:32:03.765  2893  3125 I SimManager<1>: hasIsim: [true]
10-20 21:32:03.766  2799  2846 I TelephonyProvider: D/TelephonyProvider: subIdString = 2 subId = 2
10-20 21:32:03.770  2893  3125 E TelephonyManagerWrapper: use backup domain : null
10-20 21:32:03.772  2893  3125 I SimDataAdaptor: getImpuFromList:
10-20 21:32:03.774  2893  3125 E SimManager<1>: isIsimDataValid: IMPU_INVALID
10-20 21:32:03.774  2893  3125 E SimManager<1>: isIsimDataValid: HOME_DOMAIN_NOT_EXIST
10-20 21:32:03.774  2893  3125 I SimManager: mSimState:LOADED, mIsimLoaded:true, hasIsim():false
10-20 21:32:03.774  2893  3125 I RegiMgr-Handler: handleMessage: EVENT_TRY_REGISTER
10-20 21:32:03.774  2893  3125 I RegiMgr<1>: tryRegister:
10-20 21:32:03.775  2893  3125 I RegiMgr<0>: RegisterTask(s): ZTA IMS VoLTE (CONNECTING), ZTA RCS (IDLE)
10-20 21:32:03.776  2893  3125 I RegiMgr<1>: RegisterTask(s): Oi RCS (IDLE)
10-20 21:32:03.776  2893  3125 I RcsPolicyMgr<1>: pendingRcsRegister: mActiveDataPhoneId = 0
10-20 21:32:03.777  2893  3125 I RegisterTask: isSuspended: mSuspended(false) mSuspendByIrat(false)
10-20 21:32:03.777  2893  3125 I RegiMgr<1>: [Oi RCS|IDLE] checkForTryRegister id: 1044
10-20 21:32:03.779  2893  3125 I RegiMgr : isPdnConnected: false, PdnType: 0
10-20 21:32:03.785  2893  3125 I PdnController: getDefaultNetworkBearer:  WIFI
10-20 21:32:03.790  2893  3125 I PdnController: isWifiConnected: [type: WIFI[], state: CONNECTED/CONNECTED, reason: (unspecified), extra: , failover: false, available: true, roaming: false]
10-20 21:32:03.791  2893  3125 I RegiMgr-Utils<1>: findBestNetwork: WIFI needWifiNetwork = true
10-20 21:32:03.794  1483  3786 D CompatibilityChangeReporter: Compat change id reported: 157233955; UID 1000; state: ENABLED
10-20 21:32:03.798  2893  3125 I RegiGvnBase<1>: isReadyToDualRegister : true
10-20 21:32:03.800  2521  2618 D MobileStatusTracker(0/2): onDataActivity: direction=0
10-20 21:32:03.804  2893  3125 I RegiMgr<1>: [Oi RCS|IDLE] checkInitialRegistrationIsReady: APM ON [false], Roamimg [false]
10-20 21:32:03.805  2893  3125 I RcsPolicyMgr<1>: pendingRcsRegister: mActiveDataPhoneId = 0
10-20 21:32:03.805  2893  3125 I ImsProfile: isRttSupportByCallApp : false ttyType : 1
10-20 21:32:03.805  2893  3125 I RegiMgr-Utils<1>: getPriorityRegiedTask : isPriority  High? true
10-20 21:32:03.807  2893  3125 I RegiGvnBase: checkRegiStatus: getState()=IDLE mIsUpdateRegistering=false
10-20 21:32:03.807  2893  3125 I RegiMgr<1>: getTelephonyCallStatus:
10-20 21:32:03.810  2521  2618 D MobileStatusTracker(0/2): onDataActivity: direction=0
10-20 21:32:03.811  2893  3125 I ConfigProvider: query uri:xxxxx
10-20 21:32:03.826  2893  3125 I ConfigProvider: queryStorage path content://com.samsung.rcs.autoconfigurationprovider/parameter/version#simslot1
10-20 21:32:03.830  2893  3125 I RegiGvnRcs: isReadyToRegister: User don't try RCS service yet
10-20 21:32:03.830  2893  3125 I RegiMgr<1>: [Oi RCS|IDLE] checkForTryRegister: isReadyToRegister = false
10-20 21:32:04.006  1483  1803 I HqmInfo::HqmManagerService: MSG_TYPE:MSG_TYPE_PROCESS_LOG_BY_HQM
10-20 21:32:04.167 11527 11563 E IMGMapper: set:488 set: Unset optional value from type SMPTE2086
10-20 21:32:04.167 11527 11563 E IMGMapper: set:488 set: Unset optional value from type CTA861_3
10-20 21:32:04.169  2799  3136 D PhoneInterfaceManager: setDataEnabledForReason() Reason=1 Pid=1483 App=system
10-20 21:32:04.171   543   543 D io_stats: !@ 179,0 r 465889052 5660878394 w 80718286 846511660 d 1258365 33785900 f 0 0 iot 231616696 0 th 0 0 0 pt 0 inp 0 0 2556121.473
10-20 21:32:04.174  2799  3136 D PhoneInterfaceManager: setDataEnabledForReason() Reason=1 Pid=1483 App=system
10-20 21:32:04.283  1483  1583 D PowerManagerService: UserActivityStateListenerState: 0
10-20 21:32:04.478  2486  2486 I WifiHAL : Get link layer stats
10-20 21:32:04.478  2486  2486 I WifiHAL : GetLinkStatsCommand::create
10-20 21:32:04.479  2486  2486 D android.hardware.wifi@1.0-service-lazy: WifiRequest::create vendor command to iface 38, vendor_id=0x1a11, subcmd=0x1200, res=0
10-20 21:32:04.479  2486  2486 I android.hardware.wifi@1.0-service-lazy: WifiCommand::requestResponse err=-95
10-20 21:32:04.479  2486  2486 I WifiHAL : wifi_get_link_stats: result=-3
10-20 21:32:04.481  1483  2363 E WifiVendorHal: getWifiLinkLayerStats_1_5_Internal(l.1179) failed {.code = ERROR_NOT_SUPPORTED, .description = }
10-20 21:32:04.488  1483  3390 D SemWifiUsabilityStatsMonitor: onWifiUsabilityStats - seqNum 545010, isSameBssidAndFreq true
10-20 21:32:04.492  1483  2437 I SemWifiLinkQualityMonitor: Link Qos query: inf. ms / 0 Mbps
10-20 21:32:04.636  2521  2618 D MobileStatusTracker(0/2): onSignalStrengthsChanged level=3, vendorLevel=3
10-20 21:32:04.643  2521  2618 D MobileSignalController(0/2): notifyListener: enabled=true, connected=true, dataConnected=true, networkType=LTE (4G), emergencyOnly=false, roaming=false, isDefault=false, dataActivity=, level=3, ca=false, mmWave=false, disabledDataIcon=false, simCard=ETC
10-20 21:32:04.643  2521  2618 D NetworkController: SignalStrength from intent slotId=0
10-20 21:32:04.668 11527 11563 E IMGMapper: set:488 set: Unset optional value from type SMPTE2086
10-20 21:32:04.668 11527 11563 E IMGMapper: set:488 set: Unset optional value from type CTA861_3
10-20 21:32:04.673  1039  1039 I BufferQueueProducer: [com.cinemamovel/com.cinemamovel.MainActivity$_11527#506329](this:0xb400007a1f64a838,id:-1,api:0,p:-1,c:1039) queueBuffer: fps=5.84 dur=1198.79 max=499.95 min=16.45
10-20 21:32:04.676   991  1074 I hwcomposer: [HWCDisplay] [Display_0 (type:1)] fps:1.996948,dur:1001.53,max:501.99,min:499.54  
10-20 21:32:04.730  1483  4875 D CompatibilityChangeReporter: Compat change id reported: 135634846; UID 5023; state: DISABLED
10-20 21:32:04.730  1483  4875 D CompatibilityChangeReporter: Compat change id reported: 177438394; UID 5023; state: DISABLED
10-20 21:32:04.731  1483  4875 D CompatibilityChangeReporter: Compat change id reported: 135772972; UID 5023; state: DISABLED
10-20 21:32:04.731  1483  4875 D CompatibilityChangeReporter: Compat change id reported: 135754954; UID 5023; state: ENABLED
10-20 21:32:04.752   975   975 D Zygote  : Forked child process 11747
10-20 21:32:04.753  1483  1559 I ActivityManager: Start proc 11747:com.samsung.android.networkdiagnostic/5023 for broadcast {com.samsung.android.networkdiagnostic/com.samsung.android.networkdiagnostic.receiver.NetworkDiagnosticReceiver}
10-20 21:32:04.790 11747 11747 I tworkdiagnostic: Using CollectorTypeCC GC.
10-20 21:32:04.800 11747 11747 E tworkdiagnostic: Not starting debugger since process cannot load the jdwp agent.
10-20 21:32:04.814 11747 11747 D ActivityThread: setConscryptValidator
10-20 21:32:04.814 11747 11747 D ActivityThread: setConscryptValidator - put
10-20 21:32:04.822  1483  4875 D CompatibilityChangeReporter: Compat change id reported: 168419799; UID 5023; state: DISABLED
10-20 21:32:04.832 11747 11747 D CompatibilityChangeReporter: Compat change id reported: 171979766; UID 5023; state: ENABLED
10-20 21:32:04.940  8661  8661 D BoundBrokerSvc: onUnbind: Intent { act=com.google.android.gms.libs.gmscorelogger.service.START dat=chimera-action:/... cmp=com.google.android.gms/.chimera.PersistentDirectBootAwareApiService }
10-20 21:32:04.981 11747 11747 I [ND]SurveyProvider: main | onCreate
10-20 21:32:04.995 11747 11747 I [ND]NetworkDiagnosticApplication: main | onCreate
10-20 21:32:05.007  1483  4875 I GenerationRegistry: mBackingStore.isClosed() : false
10-20 21:32:05.011 11747 11747 I DIAGMON_SDK[605026]: SetConfiguration
10-20 21:32:05.011 11747 11747 I DIAGMON_SDK[605026]: generated SR object
10-20 21:32:05.029  1483  4875 D PackageManager: setEnabledSetting : userId = 0 packageName = com.samsung.android.networkdiagnostic cmp = androidx.work.impl.background.systemjob.SystemJobService newState = 1 callingPackage = 5023/com.samsung.android.networkdiagnostic
10-20 21:32:05.030  1483  4875 D ApplicationPolicy: getApplicationStateEnabled : pkg = com.samsung.android.networkdiagnostic userId : 0
10-20 21:32:05.032  1483  4875 D ApplicationPolicy: getApplicationComponentState : pkg = com.samsung.android.networkdiagnostic userId : 0
10-20 21:32:05.045 11747 11747 I [ND]NetworkDiagnosticReceiver: main | onReceive: sec.intent.action.networkdiagnostic.USE_APP_FEATURE_SURVEY
10-20 21:32:05.045 11747 11747 I [ND]NetworkDiagnosticReceiver: main | onReceive: Bundle[mParcelledData.dataSize=460]
10-20 21:32:05.045 11747 11747 I [ND]NetworkDiagnosticManager: main | Diagnostic OFF, ignore SurveyMeasurement
10-20 21:32:05.046  1483  4875 I GenerationRegistry: mBackingStore.isClosed() : false
10-20 21:32:05.048  1483  6427 I ActivityManager: com.samsung.android.dqagent is exempt from freezer
10-20 21:32:05.049  1483  6427 D CompatibilityChangeReporter: Compat change id reported: 135634846; UID 1000; state: DISABLED
10-20 21:32:05.049  1483  6427 D CompatibilityChangeReporter: Compat change id reported: 177438394; UID 1000; state: DISABLED
10-20 21:32:05.049  1483  6427 D CompatibilityChangeReporter: Compat change id reported: 135772972; UID 1000; state: DISABLED
10-20 21:32:05.049  1483  6427 D CompatibilityChangeReporter: Compat change id reported: 135754954; UID 1000; state: ENABLED
10-20 21:32:05.052  1483  6427 I ActivityManager: Killing 9732:com.google.android.apps.turbo:aab/u0a183 (adj 999): empty #25
10-20 21:32:05.061  1483  1560 I libprocessgroup: Successfully killed process cgroup uid 10183 pid 9732 in 6ms
10-20 21:32:05.072   975   975 D Zygote  : Forked child process 11773
10-20 21:32:05.073  1483  1559 I ActivityManager: Start proc 11773:com.samsung.android.dqagent/1000 for broadcast {com.samsung.android.dqagent/com.samsung.android.dqagent.receiver.DQADataReceiver}
10-20 21:32:05.087   975   975 I Zygote  : Process 9732 exited due to signal 9 (Killed)
10-20 21:32:05.091   999   999 D IMGMemtrackHAL: hal_get_memory: memtrack cache rebuild was required
10-20 21:32:05.111 11773 11773 I android.dqagent: Using CollectorTypeCC GC.
10-20 21:32:05.119 11773 11773 E android.dqagent: Not starting debugger since process cannot load the jdwp agent.
10-20 21:32:05.131 11773 11773 D ActivityThread: setConscryptValidator
10-20 21:32:05.131 11773 11773 D ActivityThread: setConscryptValidator - put
10-20 21:32:05.148 11773 11773 D CompatibilityChangeReporter: Compat change id reported: 171979766; UID 1000; state: ENABLED
10-20 21:32:05.164 11527 11563 E IMGMapper: set:488 set: Unset optional value from type SMPTE2086
10-20 21:32:05.165 11527 11563 E IMGMapper: set:488 set: Unset optional value from type CTA861_3
10-20 21:32:05.205  1483  2471 D NetdEventListenerService: DNS Requested by : 475, 10108
10-20 21:32:05.207 22803 22850 D TrafficStats: tagSocket(97) with statsTag=0xffffffff, statsUid=-1
10-20 21:32:05.262 11773 11773 I DIAGMON_SDK[605054]: DiagMonAgent type: 2
10-20 21:32:05.262 11773 11773 I DIAGMON_SDK[605054][999-399-549750] : generated SR object
10-20 21:32:05.271  1483  2457 D WifiConnectivityMonitor.NetworkStatsAnalyzer: Backhaul result - RSSI:-62, CE:19, PE:15, TI:23, PTI:19, TW:60, PTW:60, Tx:5094, Rx:2971, TxS:5091, RxS:2971, RESULT:true, IC:0, ICT:5, WC:0, WCT:5, R:12, RC:0, IE:0, EC:0
10-20 21:32:05.276  4774 22815 I DMASA[D][999-399-549750]: [DiagmonProvider]Received msg based on provider : true / anr_logging
10-20 21:32:05.281  4774 22815 I DMASA[D][999-399-549750]: [DiagmonProvider]Signature Check Success
10-20 21:32:05.285  4774 22815 I DMASA[D]: [b][999-399-549750] Failed : Service is not exist
10-20 21:32:05.287 11773 11799 I DIAGMON_SDK[605054][999-399-549750] : Results : Failed, Cause : Service is not exist
10-20 21:32:05.287   571   571 W keymaster_tee: [WRN]begin req PARAMS: A32 B2 P64 
10-20 21:32:05.289   570 13628 I keystore2: keystore2::security_level: In create_operation. Success to create IKeystoreOperation. 1000, None
10-20 21:32:05.304  1483  3183 I GenerationRegistry: mBackingStore.isClosed() : false
10-20 21:32:05.372 11773 11801 I DQA     : [DQADatabaseOpenHelper]db open success
10-20 21:32:05.385  1483  3183 I GenerationRegistry: mBackingStore.isClosed() : false
10-20 21:32:05.625  1483  2471 D NetdEventListenerService: DNS Requested by : 475, 11011
10-20 21:32:05.626 24250 24342 D TrafficStats: tagSocket(6) with statsTag=0xffffffff, statsUid=-1
10-20 21:32:05.667 11527 11563 E IMGMapper: set:488 set: Unset optional value from type SMPTE2086
10-20 21:32:05.667 11527 11563 E IMGMapper: set:488 set: Unset optional value from type CTA861_3
10-20 21:32:05.683   492   492 I lmkd    : 0(delay), 50(swap), 7(freelimit), 0(reentrymode) memory pressure events were skipped after a kill!
10-20 21:32:05.735 24250  5698 D TrafficStats: tagSocket(6) with statsTag=0xffffffff, statsUid=-1
10-20 21:32:05.734  1483  6427 D InputDispatcher: Inject motion (11811/2000): action=0x0, time=2556123037000000, f=0x0, d=0 dsdx=1.000000 dtdx=0.000000
10-20 21:32:05.736  1483  1796 I InputDispatcher: Delivering touch to (2521): action: 0x4, f=0x0, d=0, 'a9cce9e', t=1 
10-20 21:32:05.736  1483  1796 I InputDispatcher: Delivering touch to (11527): action: 0x0, f=0x0, d=0, '7594b68', t=1 
10-20 21:32:05.737  1483  1796 D PowerManagerService: [api] userActivityFromNative :  (event: 2 flags: 0 displayId: 0) eventTime = 2556123037
10-20 21:32:05.738  1483  1796 D PowerManagerService: UserActivityStateListenerState: 1
10-20 21:32:05.739  1483  1528 I GestureDetector: obtain mCurrentDownEvent. id: -595037557 caller: com.android.server.wm.SystemGesturesPointerEventListener.onPointerEvent:203 com.android.server.wm.PointerEventDispatcher.onInputEvent:53 android.view.InputEventReceiver.dispatchInputEvent:285 
10-20 21:32:05.739  1483  1528 I GestureDetector: obtain mCurrentDownEvent. id: -595037557 caller: com.android.server.wm.SystemPerformancePointerEventListener.onPointerEvent:89 com.android.server.wm.PointerEventDispatcher.onInputEvent:53 android.view.InputEventReceiver.dispatchInputEvent:285 
10-20 21:32:05.740 11527 11527 I ViewRootImpl@52e2b1c[MainActivity]: ViewPostIme pointer 0
10-20 21:32:05.747  1483  6427 D InputDispatcher: Inject motion (11811/2000): action=0x1, time=2556123037000000, f=0x0, d=0 dsdx=1.000000 dtdx=0.000000
10-20 21:32:05.748  1483  1796 I InputDispatcher: Delivering touch to (11527): action: 0x1, f=0x0, d=0, '7594b68', t=1 
10-20 21:32:05.748 11527 11527 I ViewRootImpl@52e2b1c[MainActivity]: ViewPostIme pointer 1
10-20 21:32:05.748  1483  1528 I GestureDetector: obtain mCurrentMotionEventRaw. action: 1 id: -1006874902
10-20 21:32:05.749  1483  1528 I GestureDetector: obtain mCurrentMotionEventRaw. action: 1 id: -1006874902
10-20 21:32:05.919  2521  2618 D MobileStatusTracker(0/2): onSignalStrengthsChanged level=3, vendorLevel=3
10-20 21:32:05.929  2521  2618 D MobileSignalController(0/2): notifyListener: enabled=true, connected=true, dataConnected=true, networkType=LTE (4G), emergencyOnly=false, roaming=false, isDefault=false, dataActivity=, level=3, ca=false, mmWave=false, disabledDataIcon=false, simCard=ETC
10-20 21:32:05.929  2521  2618 D NetworkController: SignalStrength from intent slotId=0
10-20 21:32:06.039  1483  1528 I GestureDetector: handleMessage TAP
10-20 21:32:06.040  1483  1483 I GestureDetector: handleMessage TAP
10-20 21:32:06.167 11527 11563 E IMGMapper: set:488 set: Unset optional value from type SMPTE2086
10-20 21:32:06.168 11527 11563 E IMGMapper: set:488 set: Unset optional value from type CTA861_3
10-20 21:32:06.176   543   543 D io_stats: !@ 179,0 r 465889517 5660886934 w 80718301 846511796 d 1258365 33785900 f 0 0 iot 231616848 0 th 0 0 0 pt 0 inp 0 0 2556123.479
10-20 21:32:06.187  1039  1039 I BufferQueueProducer: [com.cinemamovel/com.cinemamovel.MainActivity$_11527#506329](this:0xb400007a1f64a838,id:-1,api:0,p:-1,c:1039) queueBuffer: fps=1.98 dur=1514.47 max=515.60 min=498.58
10-20 21:32:06.191   991  1074 I hwcomposer: [HWCDisplay] [Display_0 (type:1)] fps:1.981093,dur:1514.32,max:516.54,min:496.43  
10-20 21:32:06.288  1483  4875 I ActivityManager: Killing 9935:com.google.android.apps.turbo/u0a183 (adj 915): empty #25
10-20 21:32:06.299  1483  1560 I libprocessgroup: Successfully killed process cgroup uid 10183 pid 9935 in 8ms
10-20 21:32:06.324   975   975 I Zygote  : Process 9935 exited due to signal 9 (Killed)
10-20 21:32:06.670 11527 11563 E IMGMapper: set:488 set: Unset optional value from type SMPTE2086
10-20 21:32:06.670 11527 11563 E IMGMapper: set:488 set: Unset optional value from type CTA861_3
10-20 21:32:07.025  2521  2618 D MobileStatusTracker(1/1): onSignalStrengthsChanged level=4, vendorLevel=4
10-20 21:32:07.031  2521  2618 D MobileSignalController(1/1): notifyListener: enabled=true, connected=true, dataConnected=false, networkType=UMTS (3G), emergencyOnly=true, roaming=false, isDefault=false, dataActivity=, level=4, ca=false, mmWave=false, disabledDataIcon=false, simCard=ETC
10-20 21:32:07.031  2521  2618 D NetworkController: SignalStrength from intent slotId=1
10-20 21:32:07.083  1205  1205 I thermal_repeater: socket -1
10-20 21:32:07.168 11527 11563 E IMGMapper: set:488 set: Unset optional value from type SMPTE2086
10-20 21:32:07.168 11527 11563 E IMGMapper: set:488 set: Unset optional value from type CTA861_3
10-20 21:32:07.466  1483  1755 D SensorService: [SO] 0.090 1.552 9.836
10-20 21:32:07.493  2486  2486 I WifiHAL : Get link layer stats
10-20 21:32:07.493  2486  2486 I WifiHAL : GetLinkStatsCommand::create
10-20 21:32:07.493  2486  2486 D android.hardware.wifi@1.0-service-lazy: WifiRequest::create vendor command to iface 38, vendor_id=0x1a11, subcmd=0x1200, res=0
10-20 21:32:07.493  2486  2486 I android.hardware.wifi@1.0-service-lazy: WifiCommand::requestResponse err=-95
10-20 21:32:07.493  2486  2486 I WifiHAL : wifi_get_link_stats: result=-3
10-20 21:32:07.494  1483  2363 E WifiVendorHal: getWifiLinkLayerStats_1_5_Internal(l.1179) failed {.code = ERROR_NOT_SUPPORTED, .description = }
10-20 21:32:07.497  1483  3390 D SemWifiUsabilityStatsMonitor: onWifiUsabilityStats - seqNum 545011, isSameBssidAndFreq true
10-20 21:32:07.498  1483  2437 I SemWifiLinkQualityMonitor: Link Qos query: inf. ms / 0 Mbps
10-20 21:32:07.636  4441  4441 I wpa_supplicant: Heartbeat 1376
10-20 21:32:07.650  1483  2471 D NetdEventListenerService: DNS Requested by : 475, 11011
10-20 21:32:07.650 24250 24342 D TrafficStats: tagSocket(6) with statsTag=0xffffffff, statsUid=-1
10-20 21:32:07.684 11527 11563 E IMGMapper: set:488 set: Unset optional value from type SMPTE2086
10-20 21:32:07.684 11527 11563 E IMGMapper: set:488 set: Unset optional value from type CTA861_3
10-20 21:32:07.702  1039  1039 I BufferQueueProducer: [com.cinemamovel/com.cinemamovel.MainActivity$_11527#506329](this:0xb400007a1f64a838,id:-1,api:0,p:-1,c:1039) queueBuffer: fps=1.98 dur=1515.24 max=516.66 min=499.21
10-20 21:32:07.705   991  1074 I hwcomposer: [HWCDisplay] [Display_0 (type:1)] fps:1.980832,dur:1514.52,max:516.68,min:498.40  
10-20 21:32:07.752 24250  5698 D TrafficStats: tagSocket(6) with statsTag=0xffffffff, statsUid=-1
10-20 21:32:07.813  1483  4874 D CustomizedBinderCallsStatsInternal: reportCpuUsage() : 2%
10-20 21:32:07.815  1483  1554 I BinderCallsStats: Collected cpu time : 0us, collected call count : 0 for 180350 ms
10-20 21:32:07.821  1483  4874 D InputDispatcher: Inject motion (11820/2000): action=0x0, time=2556125123000000, f=0x0, d=0 dsdx=1.000000 dtdx=0.000000
10-20 21:32:07.822  1483  1796 I InputDispatcher: Delivering touch to (2521): action: 0x4, f=0x0, d=0, 'a9cce9e', t=1 
10-20 21:32:07.822  1483  1796 I InputDispatcher: Delivering touch to (11527): action: 0x0, f=0x0, d=0, '7594b68', t=1 
10-20 21:32:07.822  1483  1796 D PowerManagerService: [api] userActivityFromNative :  (event: 2 flags: 0 displayId: 0) eventTime = 2556125123
10-20 21:32:07.822 11527 11527 I ViewRootImpl@52e2b1c[MainActivity]: ViewPostIme pointer 0
10-20 21:32:07.823  1483  1528 I GestureDetector: obtain mCurrentDownEvent. id: -508245065 caller: com.android.server.wm.SystemGesturesPointerEventListener.onPointerEvent:203 com.android.server.wm.PointerEventDispatcher.onInputEvent:53 android.view.InputEventReceiver.dispatchInputEvent:285 
10-20 21:32:07.823  1483  1528 I GestureDetector: obtain mCurrentDownEvent. id: -508245065 caller: com.android.server.wm.SystemPerformancePointerEventListener.onPointerEvent:89 com.android.server.wm.PointerEventDispatcher.onInputEvent:53 android.view.InputEventReceiver.dispatchInputEvent:285 
10-20 21:32:07.838  1483  4874 D InputDispatcher: Inject motion (11820/2000): action=0x1, time=2556125123000000, f=0x0, d=0 dsdx=1.000000 dtdx=0.000000
10-20 21:32:07.839  1483  1796 I InputDispatcher: Delivering touch to (11527): action: 0x1, f=0x0, d=0, '7594b68', t=1 
10-20 21:32:07.839  1483  1528 I GestureDetector: obtain mCurrentMotionEventRaw. action: 1 id: -97614955
10-20 21:32:07.840  1483  1528 I GestureDetector: obtain mCurrentMotionEventRaw. action: 1 id: -97614955
10-20 21:32:07.842 11527 11527 I ViewRootImpl@52e2b1c[MainActivity]: ViewPostIme pointer 1
10-20 21:32:07.867 11527 11563 E IMGMapper: set:488 set: Unset optional value from type SMPTE2086
10-20 21:32:07.867 11527 11563 E IMGMapper: set:488 set: Unset optional value from type CTA861_3
10-20 21:32:07.895 11527 11563 E IMGMapper: set:488 set: Unset optional value from type SMPTE2086
10-20 21:32:07.895 11527 11563 E IMGMapper: set:488 set: Unset optional value from type CTA861_3
10-20 21:32:07.910 11527 11563 E IMGMapper: set:488 set: Unset optional value from type SMPTE2086
10-20 21:32:07.910 11527 11563 E IMGMapper: set:488 set: Unset optional value from type CTA861_3
10-20 21:32:07.926 11527 11563 E IMGMapper: set:488 set: Unset optional value from type SMPTE2086
10-20 21:32:07.927 11527 11563 E IMGMapper: set:488 set: Unset optional value from type CTA861_3
10-20 21:32:07.953 11527 11582 I ReactNativeJS: ---METRICS_JSON_START---
10-20 21:32:07.953 11527 11582 I ReactNativeJS: {
10-20 21:32:07.953 11527 11582 I ReactNativeJS:   "dashboardRenders": 3,
10-20 21:32:07.953 11527 11582 I ReactNativeJS:   "cardRenders": {
10-20 21:32:07.953 11527 11582 I ReactNativeJS:     "13494": 2,
10-20 21:32:07.953 11527 11582 I ReactNativeJS:     "506763": 2,
10-20 21:32:07.953 11527 11582 I ReactNativeJS:     "575265": 2,
10-20 21:32:07.953 11527 11582 I ReactNativeJS:     "617126": 1,
10-20 21:32:07.953 11527 11582 I ReactNativeJS:     "755898": 2,
10-20 21:32:07.953 11527 11582 I ReactNativeJS:     "803796": 2,
10-20 21:32:07.953 11527 11582 I ReactNativeJS:     "911430": 1,
10-20 21:32:07.953 11527 11582 I ReactNativeJS:     "914215": 2,
10-20 21:32:07.953 11527 11582 I ReactNativeJS:     "960299": 1,
10-20 21:32:07.953 11527 11582 I ReactNativeJS:     "987400": 2,
10-20 21:32:07.953 11527 11582 I ReactNativeJS:     "993234": 1,
10-20 21:32:07.953 11527 11582 I ReactNativeJS:     "1007734": 2,
10-20 21:32:07.953 11527 11582 I ReactNativeJS:     "1028248": 2,
10-20 21:32:07.953 11527 11582 I ReactNativeJS:     "1035259": 2,
10-20 21:32:07.953 11527 11582 I ReactNativeJS:     "1038392": 2,
10-20 21:32:07.953 11527 11582 I ReactNativeJS:     "1051486": 2,
10-20 21:32:07.953 11527 11582 I ReactNativeJS:     "1061474": 2,
10-20 21:32:07.953 11527 11582 I ReactNativeJS:     "1078605": 2,
10-20 21:32:07.953 11527 11582 I ReactNativeJS:     "1087192": 2,
10-20 21:32:07.953 11527 11582 I ReactNativeJS:     "1136867": 1,
10-20 21:32:07.953 11527 11582 I ReactNativeJS:     "1234821": 2,
10-20 21:32:07.953 11527 11582 I ReactNativeJS:     "1241634": 1,
10-20 21:32:07.953 11527 11582 I ReactNativeJS:     "1242011": 1,
10-20 21:32:07.953 11527 11582 I ReactNativeJS:     "1246049": 1,
10-20 21:32:07.953 11527 11582 I ReactNativeJS:     "1265344": 2,
10-20 21:32:07.953 11527 11582 I ReactNativeJS:     "1311031": 2,
10-20 21:32:07.953 11527 11582 I ReactNativeJS:     "1355666": 1,
10-20 21:32:07.953 11527 11582 I ReactNativeJS:     "1369679": 2,
10-20 21:32:07.953 11527 11582 I ReactNativeJS:     "1535385": 1
10-20 21:32:07.953 11527 11582 I ReactNativeJS:   },
10-20 21:32:07.953 11527 11582 I ReactNativeJS:   "navigationEvents": [
10-20 21:32:07.953 11527 11582 I ReactNativeJS:     {
10-20 21:32:07.953 11527 11582 I ReactNativeJS:       "action": "focus_dashboard",
10-20 21:32:07.953 11527 11582 I ReactNativeJS:       "timestamp": 1761006717094
10-20 21:32:07.953 11527 11582 I ReactNativeJS:     },
10-20 21:32:07.953 11527 11582 I ReactNativeJS:     {
