--------- beginning of main
10-20 21:32:01.208 30047 30047 W Finsky  : [2] STU: Failed to get storage stats for package 'com.google.android.conscrypt' (1601: Error getting stats: android.content.pm.PackageManager.NameNotFoundException)
10-20 21:32:01.279  1483  3333 D InputDispatcher: Inject motion (11707/2000): action=0x0, time=2556118581000000, f=0x0, d=0 dsdx=1.000000 dtdx=0.000000
10-20 21:32:01.279  1483  1796 I InputDispatcher: Delivering touch to (2521): action: 0x4, f=0x0, d=0, 'a9cce9e', t=1 
10-20 21:32:01.279  1483  1796 I InputDispatcher: Delivering touch to (11527): action: 0x0, f=0x0, d=0, '7594b68', t=1 
--------- beginning of system
10-20 21:32:01.280  1483  1796 D PowerManagerService: [api] userActivityFromNative :  (event: 2 flags: 0 displayId: 0) eventTime = 2556118581
10-20 21:32:01.280 11527 11527 I ViewRootImpl@52e2b1c[MainActivity]: ViewPostIme pointer 0
10-20 21:32:01.280  1483  1528 I GestureDetector: obtain mCurrentDownEvent. id: -253061036 caller: com.android.server.wm.SystemGesturesPointerEventListener.onPointerEvent:203 com.android.server.wm.PointerEventDispatcher.onInputEvent:53 android.view.InputEventReceiver.dispatchInputEvent:285 
10-20 21:32:01.281  1483  1528 I GestureDetector: obtain mCurrentDownEvent. id: -253061036 caller: com.android.server.wm.SystemPerformancePointerEventListener.onPointerEvent:89 com.android.server.wm.PointerEventDispatcher.onInputEvent:53 android.view.InputEventReceiver.dispatchInputEvent:285 
10-20 21:32:01.282  1483  1796 D PowerManagerService: UserActivityStateListenerState: 1
10-20 21:32:01.289  1483  3333 D InputDispatcher: Inject motion (11707/2000): action=0x1, time=2556118581000000, f=0x0, d=0 dsdx=1.000000 dtdx=0.000000
10-20 21:32:01.289  1483  1796 I InputDispatcher: Delivering touch to (11527): action: 0x1, f=0x0, d=0, '7594b68', t=1 
10-20 21:32:01.289 11527 11527 I ViewRootImpl@52e2b1c[MainActivity]: ViewPostIme pointer 1
10-20 21:32:01.290  1483  1528 I GestureDetector: obtain mCurrentMotionEventRaw. action: 1 id: -844160834
10-20 21:32:01.290  1483  1528 I GestureDetector: obtain mCurrentMotionEventRaw. action: 1 id: -844160834
10-20 21:32:01.352 30047 30047 W Finsky  : [2] STU: Failed to get storage stats for package 'com.google.android.neuralnetworks' (1601: Error getting stats: android.content.pm.PackageManager.NameNotFoundException)
10-20 21:32:01.466  2486  2486 I WifiHAL : Get link layer stats
10-20 21:32:01.466  2486  2486 I WifiHAL : GetLinkStatsCommand::create
10-20 21:32:01.466  2486  2486 D android.hardware.wifi@1.0-service-lazy: WifiRequest::create vendor command to iface 38, vendor_id=0x1a11, subcmd=0x1200, res=0
10-20 21:32:01.466  2486  2486 I android.hardware.wifi@1.0-service-lazy: WifiCommand::requestResponse err=-95
10-20 21:32:01.466  2486  2486 I WifiHAL : wifi_get_link_stats: result=-3
10-20 21:32:01.467  1483  2363 E WifiVendorHal: getWifiLinkLayerStats_1_5_Internal(l.1179) failed {.code = ERROR_NOT_SUPPORTED, .description = }
10-20 21:32:01.472  1483  3390 D SemWifiUsabilityStatsMonitor: onWifiUsabilityStats - seqNum 545009, isSameBssidAndFreq true
10-20 21:32:01.473  1483  2385 D ConnectivityService: notifyType CALLBACK_CAP_CHANGED for [475 WIFI]
10-20 21:32:01.475  1483  2414 D SemWifiSwitchForIndividualAppsService: stopTCPMonitoring : already stopped
10-20 21:32:01.476  1483  2437 I SemWifiLinkQualityMonitor: Link Qos query: inf. ms / 0 Mbps
10-20 21:32:01.478  1483  2414 I WifiConnectivityMonitor.NCC: sNetworkCallback(oCC) FULL : 475(true/false)[ Transports: WIFI Capabilities: NOT_METERED&INTERNET&NOT_RESTRICTED&TRUSTED&NOT_VPN&VALIDATED&NOT_ROAMING&FOREGROUND&NOT_CONGESTED&NOT_SUSPENDED&NOT_VCN_MANAGED LinkUpBandwidth>=12000Kbps LinkDnBandwidth>=30000Kbps TransportInfo: <SSID: <unknown ssid>, BSSID: 02:00:00:**:**:00, MAC: 02:00:00:**:**:00, IP: /10.0.0.112, Security type: 2, Supplicant state: COMPLETED, Wi-Fi standard: 4, RSSI: -63, Link speed: 39Mbps, Tx Link speed: 39Mbps, Max Supported Tx Link speed: 72Mbps, Rx Link speed: 39Mbps, Max Supported Rx Link speed: 72Mbps, Frequency: 2437MHz, Net ID: -1, Metered hint: false, score: 60, isUsable: true, CarrierMerged: false, SubscriptionId: -1, IsPrimary: 1, Trusted: true, Restricted: false, Ephemeral: false, OEM paid: false, OEM private: false, OSU AP: false, FQDN: <none>, Provider friendly name: <none>, Requesting package name: <none><none>MLO Information: , AP MLD Address: <none>, AP MLO Link Id: <none>, AP MLO Affiliated links: <none>> SignalStrength: -63 AdminUids: [10102] SSID: "Netonda_Braga" UnderlyingNetworks: Null]
10-20 21:32:01.480  1483  2453 I WifiConnectivityMonitor: current mode : 3
10-20 21:32:01.481  1483  2453 D OpenNetworkQos[4.00]: updateBssidNoInternet: mBssidNoInternet = false
10-20 21:32:01.481  1483  2453 D OpenNetworkQos[4.00]: getOpenNetworkQosNoInternetStatus: false[Private DNS is active. Result is ignored.]
10-20 21:32:01.481  1483  2453 D OpenNetworkQos[4.00]: getOpenNetworkQosScores: 26 23 26 [Private DNS is active. Result is ignored.]
10-20 21:32:01.481  1483  2453 D WifiConnectivityMonitor: VALIDATED_DETECTED
10-20 21:32:01.481  5125  6221 I HBD     : g onCapabilitiesChanged network : 475 current network state : wifi 
10-20 21:32:01.493 17895 18015 I BugleRcsEngine: handleMessage processing message:[NOTIFY_UPTIME_IGNORE_STATE_CHANGED] with [non-null]:RcsEngineImpl reference [CONTEXT log_prefix="RcsEngineImpl[DUAL_REG]:[478faa39-130a]>Handler" thread_id=6439 ]
10-20 21:32:01.494  5964  6094 D WM-NetworkStateTracker: Network capabilities changed: [ Transports: WIFI Capabilities: NOT_METERED&INTERNET&NOT_RESTRICTED&TRUSTED&NOT_VPN&VALIDATED&NOT_ROAMING&FOREGROUND&NOT_CONGESTED&NOT_SUSPENDED&NOT_VCN_MANAGED LinkUpBandwidth>=12000Kbps LinkDnBandwidth>=30000Kbps TransportInfo: <SSID: <unknown ssid>, BSSID: 02:00:00:00:00:00, MAC: 02:00:00:00:00:00, IP: /10.0.0.112, Security type: 2, Supplicant state: COMPLETED, Wi-Fi standard: 4, RSSI: -63, Link speed: 39Mbps, Tx Link speed: 39Mbps, Max Supported Tx Link speed: 72Mbps, Rx Link speed: 39Mbps, Max Supported Rx Link speed: 72Mbps, Frequency: 2437MHz, Net ID: -1, Metered hint: false, score: 60, isUsable: true, CarrierMerged: false, SubscriptionId: -1, IsPrimary: -1, Trusted: true, Restricted: false, Ephemeral: false, OEM paid: false, OEM private: false, OSU AP: false, FQDN: <none>, Provider friendly name: <none>, Requesting package name: <none><none>MLO Information: , AP MLD Address: <none>, AP MLO Link Id: <none>, AP MLO Affiliated links: <none>> SignalStrength: -63 UnderlyingNetworks: Null]
10-20 21:32:01.495 17895 18015 I BugleRcsEngine: Cannot use CS.apk as it's battery optimized [CONTEXT thread_id=6439 ]
10-20 21:32:01.495  2521  2618 D NetworkController.WifiSignalController: notifyListener: visible=true, connected=true, inetCondition=1, isDefault=true, wifiTestReported=true, receivedInetCondition=-1, hideDuringMobileSwitching=false
10-20 21:32:01.499 17895 17974 I BugleRcsEngine: Connected state: [1], networkType: [WIFI] [CONTEXT thread_id=6430 ]
10-20 21:32:01.500  2521  2618 D Tile.WifiTile: handleUpdateState isTransient=false transientEnabling =false cb.isTransient=false state.state = 2 mStateBeforeClick.value =false enabled =true
10-20 21:32:01.504  8661  8675 I NullBinder: NullBinder for android.net.action.RECOMMEND_NETWORKS triggering remote TransactionTooLargeException due to Service without Chimera impl, calling uid: 1000, calling pid: 0
10-20 21:32:01.504  8661  8675 W .gms.persistent: Large reply transaction of 1056768 bytes, interface descriptor , code 1
10-20 21:32:01.519  2521  2605 E IMGMapper: set:488 set: Unset optional value from type SMPTE2086
10-20 21:32:01.519  2521  2605 E IMGMapper: set:488 set: Unset optional value from type CTA861_3
10-20 21:32:01.526  1039  1039 I BufferQueueProducer: [StatusBar$_2521#94](this:0xb400007a3dae1838,id:-1,api:0,p:-1,c:1039) queueBuffer: fps=0.71 dur=1414.69 max=1414.69 min=1414.69
10-20 21:32:01.527 30047 30047 W Finsky  : [2] STU: Failed to get storage stats for package 'com.google.android.ipsec' (1601: Error getting stats: android.content.pm.PackageManager.NameNotFoundException)
10-20 21:32:01.528   991  1074 I hwcomposer: [HWCDisplay] [Display_0 (type:1)] fps:0.706769,dur:1414.89,max:1414.89,min:1414.89  
10-20 21:32:01.580  1483  1528 I GestureDetector: handleMessage TAP
10-20 21:32:01.580  1483  1483 I GestureDetector: handleMessage TAP
10-20 21:32:01.582  1483  2471 D NetdEventListenerService: DNS Requested by : 475, 11011
10-20 21:32:01.583 24250 24342 D TrafficStats: tagSocket(6) with statsTag=0xffffffff, statsUid=-1
10-20 21:32:01.584  5125  5125 I HBD     : g onCapabilityChanged  setNetworkState currentNetworkState : wifi 
10-20 21:32:01.584  5125  5125 I HBD     : h LogTag.TAG_LMDOWNLOAD network status is changed.
10-20 21:32:01.607 30047 30047 W Finsky  : [2] STU: Failed to get storage stats for package 'com.google.android.ondevicepersonalization' (1601: Error getting stats: android.content.pm.PackageManager.NameNotFoundException)
10-20 21:32:01.689 24250  5698 D TrafficStats: tagSocket(6) with statsTag=0xffffffff, statsUid=-1
10-20 21:32:01.762 30047 30047 W Finsky  : [2] STU: Failed to get storage stats for package 'com.google.android.extservices' (1601: Error getting stats: android.content.pm.PackageManager.NameNotFoundException)
10-20 21:32:01.857 30047 30047 W Finsky  : [2] STU: Failed to get storage stats for package 'com.google.android.os.statsd' (1601: Error getting stats: android.content.pm.PackageManager.NameNotFoundException)
10-20 21:32:02.003  8661  2380 I NearbySharing: Network state changed: NetworkState(isRestricted=false, isOnline=true, isCongested=false, isMetered=false, isWifiConnected=true)
10-20 21:32:02.005 30047 30047 W Finsky  : [2] STU: Failed to get storage stats for package 'com.google.android.scheduling' (1601: Error getting stats: android.content.pm.PackageManager.NameNotFoundException)
10-20 21:32:02.048 30047 30047 I Finsky  : [2] App states replicator found 55 unowned apps
10-20 21:32:02.059 11527 11551 W com.cinemamovel: Cleared Reference was only reachable from finalizer (only reported once)
10-20 21:32:02.072  2521  2618 D MobileStatusTracker(0/2): onSignalStrengthsChanged level=3, vendorLevel=3
10-20 21:32:02.076  2521  2618 D MobileSignalController(0/2): notifyListener: enabled=true, connected=true, dataConnected=true, networkType=LTE (4G), emergencyOnly=false, roaming=false, isDefault=false, dataActivity=, level=3, ca=false, mmWave=false, disabledDataIcon=false, simCard=ETC
10-20 21:32:02.077  2521  2618 D NetworkController: SignalStrength from intent slotId=0
10-20 21:32:02.080 11527 11551 I com.cinemamovel: Background concurrent copying GC freed 356229(15MB) AllocSpace objects, 18(548KB) LOS objects, 49% free, 7220KB/14MB, paused 217us,61us total 104.022ms
10-20 21:32:02.082  1205  1205 I thermal_repeater: socket -1
10-20 21:32:02.107   570 10862 I keystore2: keystore2::watchdog: Watchdog thread idle -> terminating. Have a great day.
10-20 21:32:02.163  8661  8675 E AuthPII : [RequestTokenManager] getToken() -> BAD_AUTHENTICATION. App: com.android.vending, Service: oauth2:https://www.googleapis.com/auth/googleplay
10-20 21:32:02.163  8661  8675 E AuthPII : bbhm: Long live credential not available.
10-20 21:32:02.163  8661  8675 E AuthPII : 	at aedv.a(:com.google.android.gms@254031029@25.40.31 (190400-816341114):1270)
10-20 21:32:02.163  8661  8675 E AuthPII : 	at aeeb.b(:com.google.android.gms@254031029@25.40.31 (190400-816341114):28)
10-20 21:32:02.163  8661  8675 E AuthPII : 	at aedz.a(:com.google.android.gms@254031029@25.40.31 (190400-816341114):537)
10-20 21:32:02.163  8661  8675 E AuthPII : 	at aedy.b(:com.google.android.gms@254031029@25.40.31 (190400-816341114):143)
10-20 21:32:02.163  8661  8675 E AuthPII : 	at xnm.d(:com.google.android.gms@254031029@25.40.31 (190400-816341114):620)
10-20 21:32:02.163  8661  8675 E AuthPII : 	at adxf.getAuthToken(:com.google.android.gms@254031029@25.40.31 (190400-816341114):412)
10-20 21:32:02.163  8661  8675 E AuthPII : 	at android.accounts.AbstractAccountAuthenticator$Transport.getAuthToken(AbstractAccountAuthenticator.java:246)
10-20 21:32:02.163  8661  8675 E AuthPII : 	at android.accounts.IAccountAuthenticator$Stub.onTransact(IAccountAuthenticator.java:242)
10-20 21:32:02.163  8661  8675 E AuthPII : 	at android.os.Binder.transact(Binder.java:1200)
10-20 21:32:02.163  8661  8675 E AuthPII : 	at cdwo.onTransact(:com.google.android.gms@254031029@25.40.31 (190400-816341114):10)
10-20 21:32:02.163  8661  8675 E AuthPII : 	at android.os.Binder.transact(Binder.java:1200)
10-20 21:32:02.163  8661  8675 E AuthPII : 	at btgl.onTransact(:com.google.android.gms@254031029@25.40.31 (190400-816341114):161)
10-20 21:32:02.163  8661  8675 E AuthPII : 	at android.os.Binder.execTransactInternal(Binder.java:1321)
10-20 21:32:02.163  8661  8675 E AuthPII : 	at android.os.Binder.execTransact(Binder.java:1280)
10-20 21:32:02.163  8661  8675 E AuthPII : Message is Long live credential not available.
10-20 21:32:02.163  8661  8675 E AuthPII : bbhm: Long live credential not available.
10-20 21:32:02.163  8661  8675 E AuthPII : 	at aedv.a(:com.google.android.gms@254031029@25.40.31 (190400-816341114):1270)
10-20 21:32:02.163  8661  8675 E AuthPII : 	at aeeb.b(:com.google.android.gms@254031029@25.40.31 (190400-816341114):28)
10-20 21:32:02.163  8661  8675 E AuthPII : 	at aedz.a(:com.google.android.gms@254031029@25.40.31 (190400-816341114):537)
10-20 21:32:02.163  8661  8675 E AuthPII : 	at aedy.b(:com.google.android.gms@254031029@25.40.31 (190400-816341114):143)
10-20 21:32:02.163  8661  8675 E AuthPII : 	at xnm.d(:com.google.android.gms@254031029@25.40.31 (190400-816341114):620)
10-20 21:32:02.163  8661  8675 E AuthPII : 	at adxf.getAuthToken(:com.google.android.gms@254031029@25.40.31 (190400-816341114):412)
10-20 21:32:02.163  8661  8675 E AuthPII : 	at android.accounts.AbstractAccountAuthenticator$Transport.getAuthToken(AbstractAccountAuthenticator.java:246)
10-20 21:32:02.163  8661  8675 E AuthPII : 	at android.accounts.IAccountAuthenticator$Stub.onTransact(IAccountAuthenticator.java:242)
10-20 21:32:02.163  8661  8675 E AuthPII : 	at android.os.Binder.transact(Binder.java:1200)
10-20 21:32:02.163  8661  8675 E AuthPII : 	at cdwo.onTransact(:com.google.android.gms@254031029@25.40.31 (190400-816341114):10)
10-20 21:32:02.163  8661  8675 E AuthPII : 	at android.os.Binder.transact(Binder.java:1200)
10-20 21:32:02.163  8661  8675 E AuthPII : 	at btgl.onTransact(:com.google.android.gms@254031029@25.40.31 (190400-816341114):161)
10-20 21:32:02.163  8661  8675 E AuthPII : 	at android.os.Binder.execTransactInternal(Binder.java:1321)
10-20 21:32:02.163  8661  8675 E AuthPII : 	at android.os.Binder.execTransact(Binder.java:1280)
10-20 21:32:02.165   543   543 D io_stats: !@ 179,0 r 465888007 5660867678 w 80717900 846509500 d 1258365 33785900 f 0 0 iot 231615908 0 th 0 0 0 pt 0 inp 0 0 2556119.468
10-20 21:32:02.194  8661  8675 I Auth    : (REDACTED) [GetToken] GetToken failed for app=%s with userRecoverable status: %s 
10-20 21:32:02.197  8661  8675 W Auth    : [ChimeraGetToken] exception while trying to fetch auth tokens for app=com.google.android.gsf, scope=oauth2:https://www.googleapis.com/auth/googleplay [CONTEXT service_id=153 ]
10-20 21:32:02.197  8661  8675 W Auth    : aedu: GetToken failed with status code and recovery intent: BadAuthentication
10-20 21:32:02.197  8661  8675 W Auth    : 	at aedy.b(:com.google.android.gms@254031029@25.40.31 (190400-816341114):341)
10-20 21:32:02.197  8661  8675 W Auth    : 	at xnm.d(:com.google.android.gms@254031029@25.40.31 (190400-816341114):620)
10-20 21:32:02.197  8661  8675 W Auth    : 	at adxf.getAuthToken(:com.google.android.gms@254031029@25.40.31 (190400-816341114):412)
10-20 21:32:02.197  8661  8675 W Auth    : 	at android.accounts.AbstractAccountAuthenticator$Transport.getAuthToken(AbstractAccountAuthenticator.java:246)
10-20 21:32:02.197  8661  8675 W Auth    : 	at android.accounts.IAccountAuthenticator$Stub.onTransact(IAccountAuthenticator.java:242)
10-20 21:32:02.197  8661  8675 W Auth    : 	at android.os.Binder.transact(Binder.java:1200)
10-20 21:32:02.197  8661  8675 W Auth    : 	at cdwo.onTransact(:com.google.android.gms@254031029@25.40.31 (190400-816341114):10)
10-20 21:32:02.197  8661  8675 W Auth    : 	at android.os.Binder.transact(Binder.java:1200)
10-20 21:32:02.197  8661  8675 W Auth    : 	at btgl.onTransact(:com.google.android.gms@254031029@25.40.31 (190400-816341114):161)
10-20 21:32:02.197  8661  8675 W Auth    : 	at android.os.Binder.execTransactInternal(Binder.java:1321)
10-20 21:32:02.197  8661  8675 W Auth    : 	at android.os.Binder.execTransact(Binder.java:1280)
10-20 21:32:02.198  8661  8675 W GLSActivity: [GmsAccountAuthenticatorImpl] error status while fetching token:BadAuthentication
10-20 21:32:02.214 30047 11601 I Finsky  : [8001] Completed 1 account content syncs with 0 successful.
10-20 21:32:02.216 30047 30047 I Finsky  : [2] [ContentSync] Installation state replication failed, parameters=Id: 12-1, CT: 1761006691513, Constraints: [{ L: 15000, D: 86400000, C: CHARGING_NONE, I: IDLE_NONE, N: NET_ANY, B: BATTERY_ANY }].
10-20 21:32:02.216 30047 30047 I Finsky  : [2] [ContentSync] Scheduling replication attempt 0.
10-20 21:32:02.220 30047 30047 I Finsky  : [2] SCH: jobFinished: 12-1. TimeElapsed: 9011ms.
10-20 21:32:02.221 30047 30047 I Finsky  : [2] WM::SCH: Logging work end for 12-1
10-20 21:32:02.239 30047 10799 I Finsky  : [7998] SCH: Attempting to reschedule job: Id: 12-1, Constraints: [{ L: 20000, D: 86400000, C: CHARGING_NONE, I: IDLE_NONE, N: NET_ANY, B: BATTERY_ANY }]
10-20 21:32:02.253 30047 30089 I Finsky  : [7432] SCH: Scheduling phonesky job Id: 1-1337, CT: 1760964422004, Constraints: [{ L: 43141579, D: 86341579, C: CHARGING_NONE, I: IDLE_NONE, N: NET_ANY, B: BATTERY_ANY }]
10-20 21:32:02.253 30047 30089 I Finsky  : [7432] SCH: Scheduling phonesky job Id: 34-3111, CT: 1760921465324, Constraints: [{ L: 604800000, D: 2507884180, C: CHARGING_NONE, I: IDLE_NONE, N: NET_ANY, B: BATTERY_ANY }]
10-20 21:32:02.253 30047 30089 I Finsky  : [7432] SCH: Scheduling phonesky job Id: 34-3112, CT: 1760921465324, Constraints: [{ L: 604800000, D: 2587130866, C: CHARGING_NONE, I: IDLE_NONE, N: NET_ANY, B: BATTERY_ANY }]
10-20 21:32:02.254 30047 30089 I Finsky  : [7432] SCH: Scheduling phonesky job Id: 34-3114, CT: 1760995803767, Constraints: [{ L: 79199322, D: 1375199322, C: CHARGING_NONE, I: IDLE_NONE, N: NET_ANY, B: BATTERY_ANY }]
10-20 21:32:02.254 30047 30089 I Finsky  : [7432] SCH: Scheduling phonesky job Id: 34-3116, CT: 1760995804570, Constraints: [{ L: 604800000, D: 2591999334, C: CHARGING_NONE, I: IDLE_NONE, N: NET_ANY, B: BATTERY_ANY }]
10-20 21:32:02.264 30047 30100 I Finsky  : [7442] SCH: Scheduling 1 system job(s)
10-20 21:32:02.265 30047 30100 I Finsky  : [7442] SCH: Scheduling system job Id: 9763, L: 841319, D: 44041319, C: false, I: false, N: 1
10-20 21:32:02.276 30047 11599 I Finsky  : [8000] SCH: job service finished with id 9756.
10-20 21:32:02.323 30047 30083 I Finsky  : [7428] WM::SCH: Logging work initialize for 12-1
10-20 21:32:02.340 30047 30089 I Finsky  : [7432] SCH: Scheduling phonesky job Id: 12-1, CT: 1761006722239, Constraints: [{ L: 20000, D: 86400000, C: CHARGING_NONE, I: IDLE_NONE, N: NET_ANY, B: BATTERY_ANY }]
10-20 21:32:02.348 30047 30098 I Finsky  : [7440] SCH: Scheduling 1 system job(s)
10-20 21:32:02.349 30047 30098 I Finsky  : [7440] SCH: Scheduling system job Id: 9763, L: 19890, D: 44041234, C: false, I: false, N: 1
10-20 21:32:02.363  1483  6407 D InputDispatcher: Inject key (11716/2000): action=0, f=0x0, d=-1, time=2556119665840726
10-20 21:32:02.364  1483  6407 D WindowManager: interceptKeyTq interceptKeyResult=1
10-20 21:32:02.364  1483  1796 D PowerManagerService: [api] userActivityFromNative :  (event: 1 flags: 0 displayId: 0) eventTime = 2556119665
10-20 21:32:02.367  1483  1796 I InputDispatcher: Delivering key to (11527): action: 0x0 (0), f=0x0, m=0x41, d=0, '7594b68'
10-20 21:32:02.368  5125  5125 I HBD     : b skip onKeyDown as physical keyboard not connected 
10-20 21:32:02.369  5125  5125 I HBD     : HoneyBoardService onKeyDown r:dca59cf6 consumed:false 1 
10-20 21:32:02.372   508   746 D downloader2: New request enqueued, running queue: https://www.gstatic.com/mdi-serving/rubidium-adservices-topics-classifier/1986/9e98784bcdb26a3eb2ab3f65ee811f43177c761f
10-20 21:32:02.372   508   756 D downloader2: New request enqueued, running queue: https://www.gstatic.com/mdi-serving/rubidium-adservices-ui-ota-strings/4265/91ac5d17ab9f2445a3462f98f5249a73e9b0e235
10-20 21:32:02.372   508   758 D downloader2: New request enqueued, running queue: https://www.gstatic.com/mdi-serving/rubidium-adservices-adtech-enrollment/11167/b5d1a96edb6a1f0a4859f71195a3dae118baacfc
10-20 21:32:02.373   508   746 D downloader2: Connectivity satisfied; running request. uri=https://www.gstatic.com/mdi-serving/rubidium-adservices-ui-ota-strings/4265/91ac5d17ab9f2445a3462f98f5249a73e9b0e235
10-20 21:32:02.374   508   746 D downloader2: Connectivity satisfied; running request. uri=https://www.gstatic.com/mdi-serving/rubidium-adservices-adtech-enrollment/11167/b5d1a96edb6a1f0a4859f71195a3dae118baacfc
10-20 21:32:02.374 11527 11527 I ViewRootImpl@52e2b1c[MainActivity]: ViewPostIme key 0
10-20 21:32:02.377  1483  6407 D InputDispatcher: Inject key (11716/2000): action=0, f=0x0, d=-1, time=2556119665840726
10-20 21:32:02.377   508   746 I downloader2: Exceeded max concurrent downloads, not running another queued request
10-20 21:32:02.377   508   756 I downloader2: Exceeded max concurrent downloads, not running another queued request
10-20 21:32:02.377   508   758 I downloader2: Exceeded max concurrent downloads, not running another queued request
10-20 21:32:02.395  1483  6407 D SingleKeyGesture: reset counter=0 mActiveRule=null Callers(5)=com.android.server.policy.SingleKeyGestureDetector.interceptKeyDown:453 com.android.server.policy.SingleKeyGestureDetector.interceptKey:399 com.android.server.policy.PhoneWindowManager.handleKeyGesture:5028 com.android.server.policy.PhoneWindowManager.interceptKeyBeforeQueueing:4558 com.android.server.wm.InputManagerCallback.interceptKeyBeforeQueueing:156 
10-20 21:32:02.395  1483  6407 D WindowManager: interceptKeyTq interceptKeyResult=1
10-20 21:32:02.396  1483  1796 I InputDispatcher: Delivering key to (11527): action: 0x0 (0), f=0x0, m=0x41, d=0, '7594b68'
10-20 21:32:02.396  5125  5125 I HBD     : b skip onKeyDown as physical keyboard not connected 
10-20 21:32:02.397  5125  5125 I HBD     : HoneyBoardService onKeyDown r:3518a34e consumed:false 1 
10-20 21:32:02.402 11527 11527 I ViewRootImpl@52e2b1c[MainActivity]: setInTouchMode(false), android.view.ViewRootImpl.checkForLeavingTouchModeAndConsume:9383 android.view.ViewRootImpl.-$$Nest$mcheckForLeavingTouchModeAndConsume:0 android.view.ViewRootImpl$EarlyPostImeInputStage.processKeyEvent:7707 android.view.ViewRootImpl$EarlyPostImeInputStage.onProcess:7691 android.view.ViewRootImpl$InputStage.deliver:7213 android.view.ViewRootImpl$InputStage.onDeliverToNext:7270 android.view.ViewRootImpl$InputStage.forward:7236 android.view.ViewRootImpl$AsyncInputStage.forward:7467 android.view.ViewRootImpl$ImeInputStage.onFinishedInputEvent:7676 android.view.inputmethod.InputMethodManager$PendingEvent.run:3897 
10-20 21:32:02.403  1483  3786 D InputDispatcher: Touch mode switch rejected, caller (pid=0, uid=10976) doesn't own the focused window nor none of the previously interacted window
10-20 21:32:02.407 11527 11527 I ViewRootImpl@52e2b1c[MainActivity]: ViewPostIme key 0
10-20 21:32:02.426  1483  6407 D InputDispatcher: Inject key (11716/2000): action=1, f=0x0, d=-1, time=2556119665840726
10-20 21:32:02.426  1483  6407 D WindowManager: interceptKeyTq interceptKeyResult=1
10-20 21:32:02.427  1483  1796 I InputDispatcher: Delivering key to (11527): action: 0x1 (0), f=0x0, m=0x41, d=0, '7594b68'
10-20 21:32:02.436 11527 11527 D InputMethodManager: startInputInner - Id : 0
10-20 21:32:02.437 11527 11527 I InputMethodManager: startInputInner - mService.startInputOrWindowGainedFocus
10-20 21:32:02.440 11527 11563 E IMGMapper: set:488 set: Unset optional value from type SMPTE2086
10-20 21:32:02.440 11527 11563 E IMGMapper: set:488 set: Unset optional value from type CTA861_3
10-20 21:32:02.440  1483  3786 V InputMethodManagerService: startInputOrWindowGainedFocusInternalLocked: reason=CHECK_FOCUS clientState=df5e12d attribute=android.view.inputmethod.EditorInfo@3ec535b startInputFlags=VIEW_HAS_FOCUS|IS_TEXT_EDITOR|INITIAL_CONNECTION softInputMode=STATE_UNSPECIFIED|ADJUST_RESIZE windowFlags=#81810100 sameWindowFocused=true
10-20 21:32:02.442  1483  3786 D InputMethodManagerService: mDesktopModeManager null!
10-20 21:32:02.442  1483  3786 V InputMethodManagerService: getDisplayIdOfInputMethodWindowToBeAdded: displayId=0
10-20 21:32:02.443  1483  3786 D InputMethodManagerService: isImeSwitcherDisabledPackage : false
10-20 21:32:02.443  1483  3786 D InputMethodManagerService: shouldShowImeSwitcherLocked : checking vis : 3
10-20 21:32:02.444  1483  3786 D InputMethodManagerService: checkDisplayOfStartInputAndUpdateKeyboard: displayId=0, mFocusedDisplayId=0
10-20 21:32:02.444  1483  3786 D InputTransport: Input channel constructed: 'ClientS', fd=823
10-20 21:32:02.445  1483  3786 D InputTransport: Input channel destroyed: 'ClientS', fd=823
10-20 21:32:02.447  5125  5125 I HBD     : HoneyBoardService onKeyUp r:3836254c consumed:false 1 
10-20 21:32:02.453 11527 11527 I ViewRootImpl@52e2b1c[MainActivity]: ViewPostIme key 1
10-20 21:32:02.453  5125  5125 I HBD     : HoneyBoardService onFinishInput 
10-20 21:32:02.454  5125  5125 I HBD     : a IC have been unbinding,  RemoteInputConnection{idHash=#c3c675e}
10-20 21:32:02.454  5125  5125 I HBD     : HoneyBoardService [PF_CL][onFinishInput]  0 ms 
10-20 21:32:02.455  5125  5125 I HBD     : HoneyBoardService onInlineSuggestionsResponse 
10-20 21:32:02.455  5125  5125 I HBD     : HoneyBoardService [IMI] onStartInput - caller pid : 11527 , caller uid : 10976 
10-20 21:32:02.455  5125  5125 I HBD     : j updateConfigs 
10-20 21:32:02.455  1483  6407 D InputDispatcher: Inject key (11716/2000): action=1, f=0x0, d=-1, time=2556119665840726
10-20 21:32:02.456  1483  6407 D WindowManager: interceptKeyTq interceptKeyResult=1
10-20 21:32:02.456  5125  5125 I HBD     : j isEnabledNightMode : true 
10-20 21:32:02.456  5125  5125 I HBD     : a IC have been binding, RemoteInputConnection{idHash=#2884555} 
10-20 21:32:02.456  5125  5125 I HBD     : h [EditorInputType]setPrivateImeOptionsToTable privateImeOptions ( null )
10-20 21:32:02.456  5125  5125 I HBD     : b incognitoMode : false 
10-20 21:32:02.456  1483  1796 I InputDispatcher: Delivering key to (11527): action: 0x1 (0), f=0x0, m=0x0, d=0, '7594b68'
10-20 21:32:02.458  1039  1039 I SurfaceFlinger: SFWD update time=2556119760985264
10-20 21:32:02.458  1039  1039 I BufferQueueProducer: [com.cinemamovel/com.cinemamovel.MainActivity$_11527#506329](this:0xb400007a1f64a838,id:-1,api:0,p:-1,c:1039) queueBuffer: fps=6.34 dur=3944.68 max=3528.59 min=16.46
10-20 21:32:02.458 11527 11563 E IMGMapper: set:488 set: Unset optional value from type SMPTE2086
10-20 21:32:02.459 11527 11563 E IMGMapper: set:488 set: Unset optional value from type CTA861_3
10-20 21:32:02.461  5125  5125 I HBD     : b [CPS]isPredictionOnByLanguage :false, isForceOff : false, isPredictionOn : true , isOnPref : true 
10-20 21:32:02.461  1483  2471 D NetdEventListenerService: DNS Requested by : 475, 10026
10-20 21:32:02.464   508 11719 D TrafficStats: tagSocket(78) with statsTag=0xffffffff, statsUid=-1
10-20 21:32:02.465  5125  5125 I HBD     : h getDefaultInputRange : UNKNOWN 
10-20 21:32:02.465  5125  5125 I HBD     : h getDefaultInputRange : UNKNOWN 
10-20 21:32:02.465  5125  5125 I HBD     : h getDefaultInputRange : UNKNOWN 
10-20 21:32:02.465  1483  2471 D NetdEventListenerService: DNS Requested by : 475, 10026
10-20 21:32:02.465   508 11720 D TrafficStats: tagSocket(99) with statsTag=0xffffffff, statsUid=-1
10-20 21:32:02.467  5125  5125 I HBD     : b update cached prediction status : true 
10-20 21:32:02.467  5125  5125 I HBD     : h getDefaultInputRange : UNKNOWN 
10-20 21:32:02.467  5125  5125 I HBD     : a currentState : 0 
10-20 21:32:02.468  5125  5125 I HBD     : a [UpdatePolicy] [post] a: 0 cl: 3276809 kit: [0/0] vt: 0 ir: 1 
10-20 21:32:02.468  5125  5125 I HBD     : a [NRIC] resetNoResponseState 
10-20 21:32:02.468  5125  5125 I HBD     : b update cached prediction status : true 
10-20 21:32:02.470  5125  5125 I HBD     : HoneyBoardService [PF_OP][onStartInput]  15 ms 
10-20 21:32:02.471  5125  5125 I HBD     : HoneyBoardService onKeyUp r:9925795a consumed:false 0 
10-20 21:32:02.472 11527 11527 I ViewRootImpl@52e2b1c[MainActivity]: ViewPostIme key 1
10-20 21:32:02.473  1483  6407 D InputDispatcher: Inject key (11716/2000): action=0, f=0x0, d=-1, time=2556119665840726
10-20 21:32:02.473  1483  6407 D WindowManager: interceptKeyTq interceptKeyResult=1
10-20 21:32:02.474  1483  1796 I InputDispatcher: Delivering key to (11527): action: 0x0 (0), f=0x0, m=0x0, d=0, '7594b68'
10-20 21:32:02.475  5125  5125 I HBD     : b skip onKeyDown as physical keyboard not connected 
10-20 21:32:02.476  5125  5125 I HBD     : HoneyBoardService onKeyDown r:c21f12bc consumed:false 0 
10-20 21:32:02.476 11527 11527 I ViewRootImpl@52e2b1c[MainActivity]: ViewPostIme key 0
10-20 21:32:02.485  1483  6407 D InputDispatcher: Inject key (11716/2000): action=1, f=0x0, d=-1, time=2556119665840726
10-20 21:32:02.485  1483  6407 D WindowManager: interceptKeyTq interceptKeyResult=1
10-20 21:32:02.486  1483  1796 I InputDispatcher: Delivering key to (11527): action: 0x1 (0), f=0x0, m=0x0, d=0, '7594b68'
10-20 21:32:02.499  5125  5125 I HBD     : HoneyBoardService onKeyUp r:b45c0aa6 consumed:false 0 
10-20 21:32:02.500 11527 11527 I ViewRootImpl@52e2b1c[MainActivity]: ViewPostIme key 1
10-20 21:32:02.501  1483  6407 D InputDispatcher: Inject key (11716/2000): action=0, f=0x0, d=-1, time=2556119665840726
10-20 21:32:02.501  1483  6407 D WindowManager: interceptKeyTq interceptKeyResult=1
10-20 21:32:02.501 11527 11563 E IMGMapper: set:488 set: Unset optional value from type SMPTE2086
10-20 21:32:02.501 11527 11563 E IMGMapper: set:488 set: Unset optional value from type CTA861_3
10-20 21:32:02.503  1483  1796 I InputDispatcher: Delivering key to (11527): action: 0x0 (0), f=0x0, m=0x0, d=0, '7594b68'
10-20 21:32:02.504  5125  5125 I HBD     : b skip onKeyDown as physical keyboard not connected 
10-20 21:32:02.505  5125  5125 I HBD     : HoneyBoardService onKeyDown r:0f6d58eb consumed:false 1 
10-20 21:32:02.507 11527 11527 I ViewRootImpl@52e2b1c[MainActivity]: ViewPostIme key 0
10-20 21:32:02.517  1483  6407 D InputDispatcher: Inject key (11716/2000): action=1, f=0x0, d=-1, time=2556119665840726
10-20 21:32:02.517  1483  6407 D WindowManager: interceptKeyTq interceptKeyResult=1
10-20 21:32:02.518  1483  1796 I InputDispatcher: Delivering key to (11527): action: 0x1 (0), f=0x0, m=0x0, d=0, '7594b68'
10-20 21:32:02.526  5125  5125 I HBD     : HoneyBoardService onKeyUp r:910c9875 consumed:false 1 
10-20 21:32:02.529 11527 11563 E IMGMapper: set:488 set: Unset optional value from type SMPTE2086
10-20 21:32:02.529 11527 11563 E IMGMapper: set:488 set: Unset optional value from type CTA861_3
10-20 21:32:02.536 11527 11527 I ViewRootImpl@52e2b1c[MainActivity]: ViewPostIme key 1
10-20 21:32:02.536  1483  6407 D InputDispatcher: Inject key (11716/2000): action=0, f=0x0, d=-1, time=2556119665840726
10-20 21:32:02.537  1483  6407 D WindowManager: interceptKeyTq interceptKeyResult=1
10-20 21:32:02.538  1483  1796 I InputDispatcher: Delivering key to (11527): action: 0x0 (0), f=0x0, m=0x0, d=0, '7594b68'
10-20 21:32:02.539  5125  5125 I HBD     : b skip onKeyDown as physical keyboard not connected 
10-20 21:32:02.539  5125  5125 I HBD     : HoneyBoardService onKeyDown r:1f6ad441 consumed:false 0 
10-20 21:32:02.540 11527 11527 I ViewRootImpl@52e2b1c[MainActivity]: ViewPostIme key 0
10-20 21:32:02.543   991  1074 I hwcomposer: [HWCDisplay] [Display_0 (type:1)] fps:3.941767,dur:1014.77,max:932.35,min:15.71  
10-20 21:32:02.549  1483  6407 D InputDispatcher: Inject key (11716/2000): action=1, f=0x0, d=-1, time=2556119665840726
10-20 21:32:02.549  1483  6407 D WindowManager: interceptKeyTq interceptKeyResult=1
10-20 21:32:02.550  1483  1796 I InputDispatcher: Delivering key to (11527): action: 0x1 (0), f=0x0, m=0x0, d=0, '7594b68'
10-20 21:32:02.556  5125  5125 I HBD     : HoneyBoardService onKeyUp r:004dddfc consumed:false 0 
10-20 21:32:02.556 11527 11527 I ViewRootImpl@52e2b1c[MainActivity]: ViewPostIme key 1
10-20 21:32:02.559 11527 11563 E IMGMapper: set:488 set: Unset optional value from type SMPTE2086
10-20 21:32:02.560 11527 11563 E IMGMapper: set:488 set: Unset optional value from type CTA861_3
10-20 21:32:02.601 11527 11582 I ReactNativeJS: '📊 RENDER_DASHBOARD_hooks', 2
10-20 21:32:02.684 11527 11563 E IMGMapper: set:488 set: Unset optional value from type SMPTE2086
10-20 21:32:02.685 11527 11563 E IMGMapper: set:488 set: Unset optional value from type CTA861_3
10-20 21:32:02.714 11527 11582 I ReactNativeJS: '📊 RENDER_DASHBOARD_hooks', 3
10-20 21:32:02.771   508 11724 D downloader2: Got URL response, starting to read response body. uri=https://www.gstatic.com/mdi-serving/rubidium-adservices-adtech-enrollment/11167/b5d1a96edb6a1f0a4859f71195a3dae118baacfc
10-20 21:32:02.771   508 11723 D downloader2: Got URL response, starting to read response body. uri=https://www.gstatic.com/mdi-serving/rubidium-adservices-ui-ota-strings/4265/91ac5d17ab9f2445a3462f98f5249a73e9b0e235
10-20 21:32:02.780   508 11720 D downloader2: Response body written. bytesWritten=267, uri=https://www.gstatic.com/mdi-serving/rubidium-adservices-ui-ota-strings/4265/91ac5d17ab9f2445a3462f98f5249a73e9b0e235
10-20 21:32:02.781   508 11720 D downloader2: Download complete, running queued downloads: https://www.gstatic.com/mdi-serving/rubidium-adservices-ui-ota-strings/4265/91ac5d17ab9f2445a3462f98f5249a73e9b0e235
10-20 21:32:02.782   508 11720 I downloader2: Exceeded max concurrent downloads, not running another queued request
10-20 21:32:02.782   508 11720 D downloader2: Queued download completed, running queued downloads: https://www.gstatic.com/mdi-serving/rubidium-adservices-ui-ota-strings/4265/91ac5d17ab9f2445a3462f98f5249a73e9b0e235
10-20 21:32:02.783   508 11720 D downloader2: Connectivity satisfied; running request. uri=https://www.gstatic.com/mdi-serving/rubidium-adservices-topics-classifier/1986/9e98784bcdb26a3eb2ab3f65ee811f43177c761f
10-20 21:32:02.783   508 11720 I downloader2: Exceeded max concurrent downloads, not running another queued request
10-20 21:32:02.786   508 11719 D downloader2: Response body written. bytesWritten=286, uri=https://www.gstatic.com/mdi-serving/rubidium-adservices-adtech-enrollment/11167/b5d1a96edb6a1f0a4859f71195a3dae118baacfc
10-20 21:32:02.787   508 11720 D downloader2: Download complete, running queued downloads: https://www.gstatic.com/mdi-serving/rubidium-adservices-adtech-enrollment/11167/b5d1a96edb6a1f0a4859f71195a3dae118baacfc
10-20 21:32:02.787   508 11720 I downloader2: Exceeded max concurrent downloads, not running another queued request
10-20 21:32:02.787   508 11720 D downloader2: Queued download completed, running queued downloads: https://www.gstatic.com/mdi-serving/rubidium-adservices-adtech-enrollment/11167/b5d1a96edb6a1f0a4859f71195a3dae118baacfc
10-20 21:32:02.821  5964  6076 I WM-WorkerWrapper: Worker result SUCCESS for Work [ id=f16ca0cd-09f1-4fdb-be7e-3270852407ad, tags={ com.whatsapp.messaging.xmpp.XmppLifecycleWorker } ]
10-20 21:32:02.823 11527 11563 E IMGMapper: set:488 set: Unset optional value from type SMPTE2086
10-20 21:32:02.823 11527 11563 E IMGMapper: set:488 set: Unset optional value from type CTA861_3
10-20 21:32:02.828  5964  5964 D WM-Processor: JGD f16ca0cd-09f1-4fdb-be7e-3270852407ad executed; reschedule = false
10-20 21:32:02.829  5964  5964 D WM-GreedyScheduler: Stopping tracking for WorkGenerationalId(workSpecId=f16ca0cd-09f1-4fdb-be7e-3270852407ad, generation=0)
10-20 21:32:02.831  5964  5964 D WM-SystemJobService: f16ca0cd-09f1-4fdb-be7e-3270852407ad executed on JobScheduler
10-20 21:32:02.832   508   753 D downloader2: New request enqueued, running queue: https://www.gstatic.com/mdi-serving/rubidium-adservices-ui-ota-strings/4265/91ac5d17ab9f2445a3462f98f5249a73e9b0e235
10-20 21:32:02.832   508   753 D downloader2: Connectivity satisfied; running request. uri=https://www.gstatic.com/mdi-serving/rubidium-adservices-ui-ota-strings/4265/91ac5d17ab9f2445a3462f98f5249a73e9b0e235
10-20 21:32:02.832   508   753 I downloader2: Exceeded max concurrent downloads, not running another queued request
10-20 21:32:02.837  5964  6081 D WM-GreedyScheduler: Cancelling work ID f16ca0cd-09f1-4fdb-be7e-3270852407ad
10-20 21:32:02.840   508   756 D downloader2: New request enqueued, running queue: https://www.gstatic.com/mdi-serving/rubidium-adservices-adtech-enrollment/11167/b5d1a96edb6a1f0a4859f71195a3dae118baacfc
10-20 21:32:02.840   508   756 I downloader2: Exceeded max concurrent downloads, not running another queued request
10-20 21:32:02.841  1483  3786 I ActivityManager: Changes in 10250 8 to 10, 8 to 0
10-20 21:32:02.842  1483  3786 W JobScheduler: Job didn't exist in JobStore: 6ff8f3f #u0a250/668422 com.whatsapp/androidx.work.impl.background.systemjob.SystemJobService
10-20 21:32:02.844  5964  5964 D WM-SystemJobService: onStopJob for WorkGenerationalId(workSpecId=f16ca0cd-09f1-4fdb-be7e-3270852407ad, generation=0)
10-20 21:32:02.845  1483  1571 E AppOps  : evalMode() Foreground mode : uid - 10250, op - 27, capability - 0
10-20 21:32:02.846  1483  1571 E AppOps  : evalMode() Foreground mode : uid - 10250, op - 26, capability - 0
10-20 21:32:02.846  1483  1571 E AppOps  : evalMode() Foreground mode : uid - 10250, op - 1, capability - 0
10-20 21:32:02.845 23059 28924 I dvns    : (REDACTED) appOpsListener %s %s
10-20 21:32:02.847 23059 28924 I dvns    : (REDACTED) Ignoring irrelevant audio permission changes for package %s
10-20 21:32:02.849  5964  6081 D WM-NetworkStateTracker: Unregistering network callback
10-20 21:32:02.853  5964  6081 D ConnectivityManager: StackLog: [android.net.ConnectivityManager.unregisterNetworkCallback(ConnectivityManager.java:5076)] [X.HRq.A04(:20)] [X.K1j.invoke(:27)] [X.2l8.A00(:98)] [X.3EF.invokeSuspend(:10)] [X.0vz.resumeWith(:8)] [X.0wP.run(:98)] [X.HIQ.run(:2)] [java.util.concurrent.ThreadPoolExecutor.runWorker(ThreadPoolExecutor.java:1145)] [java.util.concurrent.ThreadPoolExecutor$Worker.run(ThreadPoolExecutor.java:644)] [java.lang.Thread.run(Thread.java:1012)]
10-20 21:32:02.855  1483  2385 D ConnectivityService:  Removing from current network [475 WIFI], leaving 144 requests.
10-20 21:32:02.878   508 11724 D downloader2: Got URL response, starting to read response body. uri=https://www.gstatic.com/mdi-serving/rubidium-adservices-topics-classifier/1986/9e98784bcdb26a3eb2ab3f65ee811f43177c761f
10-20 21:32:02.885   508 11723 D downloader2: Response body written. bytesWritten=1233, uri=https://www.gstatic.com/mdi-serving/rubidium-adservices-topics-classifier/1986/9e98784bcdb26a3eb2ab3f65ee811f43177c761f
10-20 21:32:02.885   508 11723 D downloader2: Download complete, running queued downloads: https://www.gstatic.com/mdi-serving/rubidium-adservices-topics-classifier/1986/9e98784bcdb26a3eb2ab3f65ee811f43177c761f
10-20 21:32:02.886   508 11723 I downloader2: Exceeded max concurrent downloads, not running another queued request
10-20 21:32:02.886   508 11723 D downloader2: Queued download completed, running queued downloads: https://www.gstatic.com/mdi-serving/rubidium-adservices-topics-classifier/1986/9e98784bcdb26a3eb2ab3f65ee811f43177c761f
10-20 21:32:02.886   508 11723 D downloader2: Connectivity satisfied; running request. uri=https://www.gstatic.com/mdi-serving/rubidium-adservices-adtech-enrollment/11167/b5d1a96edb6a1f0a4859f71195a3dae118baacfc
10-20 21:32:02.886   508 11723 I downloader2: Exceeded max concurrent downloads, not running another queued request
10-20 21:32:02.901   508   746 D downloader2: New request enqueued, running queue: https://www.gstatic.com/mdi-serving/rubidium-adservices-topics-classifier/1986/9e98784bcdb26a3eb2ab3f65ee811f43177c761f
10-20 21:32:02.902   508   746 I downloader2: Exceeded max concurrent downloads, not running another queued request
10-20 21:32:02.930   508 11724 D downloader2: Got URL response, starting to read response body. uri=https://www.gstatic.com/mdi-serving/rubidium-adservices-ui-ota-strings/4265/91ac5d17ab9f2445a3462f98f5249a73e9b0e235
10-20 21:32:02.939   508 11720 D downloader2: Response body written. bytesWritten=267, uri=https://www.gstatic.com/mdi-serving/rubidium-adservices-ui-ota-strings/4265/91ac5d17ab9f2445a3462f98f5249a73e9b0e235
10-20 21:32:02.939   508 11720 D downloader2: Download complete, running queued downloads: https://www.gstatic.com/mdi-serving/rubidium-adservices-ui-ota-strings/4265/91ac5d17ab9f2445a3462f98f5249a73e9b0e235
10-20 21:32:02.939   508 11720 I downloader2: Exceeded max concurrent downloads, not running another queued request
10-20 21:32:02.940   508 11722 D downloader2: Queued download completed, running queued downloads: https://www.gstatic.com/mdi-serving/rubidium-adservices-ui-ota-strings/4265/91ac5d17ab9f2445a3462f98f5249a73e9b0e235
10-20 21:32:02.940   508 11722 D downloader2: Connectivity satisfied; running request. uri=https://www.gstatic.com/mdi-serving/rubidium-adservices-topics-classifier/1986/9e98784bcdb26a3eb2ab3f65ee811f43177c761f
10-20 21:32:02.940   508 11722 I downloader2: Exceeded max concurrent downloads, not running another queued request
10-20 21:32:02.948   508 11723 D downloader2: Got URL response, starting to read response body. uri=https://www.gstatic.com/mdi-serving/rubidium-adservices-adtech-enrollment/11167/b5d1a96edb6a1f0a4859f71195a3dae118baacfc
10-20 21:32:02.975 11527 11735 D skia    : SkJpegCodec::onGetPixels +
10-20 21:32:02.988 11527 11735 D skia    : SkJpegCodec::onGetPixels -
10-20 21:32:03.003 11527 11563 E IMGMapper: set:488 set: Unset optional value from type SMPTE2086
10-20 21:32:03.003 11527 11563 E IMGMapper: set:488 set: Unset optional value from type CTA861_3
10-20 21:32:03.032 11527 11563 E IMGMapper: set:488 set: Unset optional value from type SMPTE2086
10-20 21:32:03.032 11527 11563 E IMGMapper: set:488 set: Unset optional value from type CTA861_3
10-20 21:32:03.035 11527 11736 D skia    : SkJpegCodec::onGetPixels +
10-20 21:32:03.040 11527 11563 E IMGMapper: set:488 set: Unset optional value from type SMPTE2086
10-20 21:32:03.040 11527 11563 E IMGMapper: set:488 set: Unset optional value from type CTA861_3
10-20 21:32:03.045   508   758 D downloader2: New request enqueued, running queue: https://www.gstatic.com/mdi-serving/rubidium-adservices-ui-ota-strings/4265/91ac5d17ab9f2445a3462f98f5249a73e9b0e235
10-20 21:32:03.045   508   758 I downloader2: Exceeded max concurrent downloads, not running another queued request
10-20 21:32:03.048   508 11721 D downloader2: Got URL response, starting to read response body. uri=https://www.gstatic.com/mdi-serving/rubidium-adservices-topics-classifier/1986/9e98784bcdb26a3eb2ab3f65ee811f43177c761f
10-20 21:32:03.052 11527 11736 D skia    : SkJpegCodec::onGetPixels -
10-20 21:32:03.052 11527 11563 E IMGMapper: set:488 set: Unset optional value from type SMPTE2086
10-20 21:32:03.052 11527 11563 E IMGMapper: set:488 set: Unset optional value from type CTA861_3
10-20 21:32:03.066 11527 11563 E IMGMapper: set:488 set: Unset optional value from type SMPTE2086
10-20 21:32:03.066 11527 11563 E IMGMapper: set:488 set: Unset optional value from type CTA861_3
10-20 21:32:03.084 11527 11563 E IMGMapper: set:488 set: Unset optional value from type SMPTE2086
10-20 21:32:03.084 11527 11563 E IMGMapper: set:488 set: Unset optional value from type CTA861_3
10-20 21:32:03.109 11527 11563 E IMGMapper: set:488 set: Unset optional value from type SMPTE2086
10-20 21:32:03.109 11527 11563 E IMGMapper: set:488 set: Unset optional value from type CTA861_3
10-20 21:32:03.112 11527 11737 D skia    : SkJpegCodec::onGetPixels +
10-20 21:32:03.121 11527 11563 E IMGMapper: set:488 set: Unset optional value from type SMPTE2086
10-20 21:32:03.121 11527 11563 E IMGMapper: set:488 set: Unset optional value from type CTA861_3
10-20 21:32:03.131 11527 11737 D skia    : SkJpegCodec::onGetPixels -
10-20 21:32:03.136 11527 11563 E IMGMapper: set:488 set: Unset optional value from type SMPTE2086
10-20 21:32:03.136 11527 11563 E IMGMapper: set:488 set: Unset optional value from type CTA861_3
10-20 21:32:03.139 11527 11665 D skia    : SkJpegCodec::onGetPixels +
10-20 21:32:03.150   508 11724 D downloader2: Response body written. bytesWritten=286, uri=https://www.gstatic.com/mdi-serving/rubidium-adservices-adtech-enrollment/11167/b5d1a96edb6a1f0a4859f71195a3dae118baacfc
10-20 21:32:03.151   508 11720 D downloader2: Queued download completed, running queued downloads: https://www.gstatic.com/mdi-serving/rubidium-adservices-adtech-enrollment/11167/b5d1a96edb6a1f0a4859f71195a3dae118baacfc
10-20 21:32:03.151   508 11720 D downloader2: Connectivity satisfied; running request. uri=https://www.gstatic.com/mdi-serving/rubidium-adservices-ui-ota-strings/4265/91ac5d17ab9f2445a3462f98f5249a73e9b0e235
10-20 21:32:03.151   508 11720 I downloader2: Exceeded max concurrent downloads, not running another queued request
10-20 21:32:03.152   508 11724 D downloader2: Download complete, running queued downloads: https://www.gstatic.com/mdi-serving/rubidium-adservices-adtech-enrollment/11167/b5d1a96edb6a1f0a4859f71195a3dae118baacfc
10-20 21:32:03.152   508 11724 I downloader2: Exceeded max concurrent downloads, not running another queued request
10-20 21:32:03.152 11527 11563 E IMGMapper: set:488 set: Unset optional value from type SMPTE2086
10-20 21:32:03.152   508 11723 D downloader2: Response body written. bytesWritten=1233, uri=https://www.gstatic.com/mdi-serving/rubidium-adservices-topics-classifier/1986/9e98784bcdb26a3eb2ab3f65ee811f43177c761f
10-20 21:32:03.152 11527 11563 E IMGMapper: set:488 set: Unset optional value from type CTA861_3
10-20 21:32:03.155   508 11720 D downloader2: Download complete, running queued downloads: https://www.gstatic.com/mdi-serving/rubidium-adservices-topics-classifier/1986/9e98784bcdb26a3eb2ab3f65ee811f43177c761f
10-20 21:32:03.155   508 11720 I downloader2: Exceeded max concurrent downloads, not running another queued request
10-20 21:32:03.155   508 11721 D downloader2: Queued download completed, running queued downloads: https://www.gstatic.com/mdi-serving/rubidium-adservices-topics-classifier/1986/9e98784bcdb26a3eb2ab3f65ee811f43177c761f
10-20 21:32:03.166 11527 11665 D skia    : SkJpegCodec::onGetPixels -
10-20 21:32:03.168 11527 11563 E IMGMapper: set:488 set: Unset optional value from type SMPTE2086
10-20 21:32:03.168 11527 11563 E IMGMapper: set:488 set: Unset optional value from type CTA861_3
10-20 21:32:03.173   508   748 D downloader2: New request enqueued, running queue: https://www.gstatic.com/mdi-serving/rubidium-adservices-adtech-enrollment/11167/b5d1a96edb6a1f0a4859f71195a3dae118baacfc
10-20 21:32:03.174   508   748 D downloader2: Connectivity satisfied; running request. uri=https://www.gstatic.com/mdi-serving/rubidium-adservices-adtech-enrollment/11167/b5d1a96edb6a1f0a4859f71195a3dae118baacfc
10-20 21:32:03.174   508   748 I downloader2: Exceeded max concurrent downloads, not running another queued request
10-20 21:32:03.195 11527 11563 E IMGMapper: set:488 set: Unset optional value from type SMPTE2086
10-20 21:32:03.195 11527 11563 E IMGMapper: set:488 set: Unset optional value from type CTA861_3
10-20 21:32:03.203 11527 11563 E IMGMapper: set:488 set: Unset optional value from type SMPTE2086
10-20 21:32:03.203 11527 11563 E IMGMapper: set:488 set: Unset optional value from type CTA861_3
10-20 21:32:03.205   508   753 D downloader2: New request enqueued, running queue: https://www.gstatic.com/mdi-serving/rubidium-adservices-topics-classifier/1986/9e98784bcdb26a3eb2ab3f65ee811f43177c761f
10-20 21:32:03.206   508   753 I downloader2: Exceeded max concurrent downloads, not running another queued request
10-20 21:32:03.211   508 11720 D downloader2: Got URL response, starting to read response body. uri=https://www.gstatic.com/mdi-serving/rubidium-adservices-ui-ota-strings/4265/91ac5d17ab9f2445a3462f98f5249a73e9b0e235
10-20 21:32:03.218   508 11723 D downloader2: Response body written. bytesWritten=267, uri=https://www.gstatic.com/mdi-serving/rubidium-adservices-ui-ota-strings/4265/91ac5d17ab9f2445a3462f98f5249a73e9b0e235
10-20 21:32:03.219   508 11723 D downloader2: Download complete, running queued downloads: https://www.gstatic.com/mdi-serving/rubidium-adservices-ui-ota-strings/4265/91ac5d17ab9f2445a3462f98f5249a73e9b0e235
10-20 21:32:03.219   508 11723 I downloader2: Exceeded max concurrent downloads, not running another queued request
10-20 21:32:03.219   508 11722 D downloader2: Queued download completed, running queued downloads: https://www.gstatic.com/mdi-serving/rubidium-adservices-ui-ota-strings/4265/91ac5d17ab9f2445a3462f98f5249a73e9b0e235
10-20 21:32:03.219   508 11722 D downloader2: Connectivity satisfied; running request. uri=https://www.gstatic.com/mdi-serving/rubidium-adservices-topics-classifier/1986/9e98784bcdb26a3eb2ab3f65ee811f43177c761f
10-20 21:32:03.219   508 11722 I downloader2: Exceeded max concurrent downloads, not running another queued request
10-20 21:32:03.226 11527 11563 E IMGMapper: set:488 set: Unset optional value from type SMPTE2086
10-20 21:32:03.226 11527 11563 E IMGMapper: set:488 set: Unset optional value from type CTA861_3
