10-20 21:32:14.221 11527 11563 E IMGMapper: set:488 set: Unset optional value from type CTA861_3
10-20 21:32:14.226  1039  1039 I BufferQueueProducer: [com.cinemamovel/com.cinemamovel.MainActivity$_11527#506329](this:0xb400007a1f64a838,id:-1,api:0,p:-1,c:1039) queueBuffer: fps=15.13 dur=2180.58 max=1514.67 min=16.25
10-20 21:32:14.228   991  1074 I hwcomposer: [HWCDisplay] [Display_0 (type:1)] fps:15.132196,dur:2180.78,max:1514.93,min:15.35  
10-20 21:32:14.297 11527 11563 E IMGMapper: set:488 set: Unset optional value from type SMPTE2086
10-20 21:32:14.297 11527 11563 E IMGMapper: set:488 set: Unset optional value from type CTA861_3
10-20 21:32:14.306 11527 11563 E IMGMapper: set:488 set: Unset optional value from type SMPTE2086
10-20 21:32:14.306 11527 11563 E IMGMapper: set:488 set: Unset optional value from type CTA861_3
10-20 21:32:14.324 11527 11563 E IMGMapper: set:488 set: Unset optional value from type SMPTE2086
10-20 21:32:14.325 11527 11563 E IMGMapper: set:488 set: Unset optional value from type CTA861_3
10-20 21:32:14.342 11527 11563 E IMGMapper: set:488 set: Unset optional value from type SMPTE2086
10-20 21:32:14.342 11527 11563 E IMGMapper: set:488 set: Unset optional value from type CTA861_3
10-20 21:32:14.356 11527 11563 E IMGMapper: set:488 set: Unset optional value from type SMPTE2086
10-20 21:32:14.356 11527 11563 E IMGMapper: set:488 set: Unset optional value from type CTA861_3
10-20 21:32:14.372 11527 11563 E IMGMapper: set:488 set: Unset optional value from type SMPTE2086
10-20 21:32:14.372 11527 11563 E IMGMapper: set:488 set: Unset optional value from type CTA861_3
10-20 21:32:14.389 11527 11563 E IMGMapper: set:488 set: Unset optional value from type SMPTE2086
10-20 21:32:14.389 11527 11563 E IMGMapper: set:488 set: Unset optional value from type CTA861_3
10-20 21:32:14.406 11527 11563 E IMGMapper: set:488 set: Unset optional value from type SMPTE2086
10-20 21:32:14.406 11527 11563 E IMGMapper: set:488 set: Unset optional value from type CTA861_3
10-20 21:32:14.424 11527 11563 E IMGMapper: set:488 set: Unset optional value from type SMPTE2086
10-20 21:32:14.424 11527 11563 E IMGMapper: set:488 set: Unset optional value from type CTA861_3
10-20 21:32:14.439 11527 11563 E IMGMapper: set:488 set: Unset optional value from type SMPTE2086
10-20 21:32:14.440 11527 11563 E IMGMapper: set:488 set: Unset optional value from type CTA861_3
10-20 21:32:14.456 11527 11563 E IMGMapper: set:488 set: Unset optional value from type SMPTE2086
10-20 21:32:14.456 11527 11563 E IMGMapper: set:488 set: Unset optional value from type CTA861_3
10-20 21:32:14.473 11527 11563 E IMGMapper: set:488 set: Unset optional value from type SMPTE2086
10-20 21:32:14.473 11527 11563 E IMGMapper: set:488 set: Unset optional value from type CTA861_3
10-20 21:32:14.489 11527 11563 E IMGMapper: set:488 set: Unset optional value from type SMPTE2086
10-20 21:32:14.490 11527 11563 E IMGMapper: set:488 set: Unset optional value from type CTA861_3
10-20 21:32:14.508 11527 11563 E IMGMapper: set:488 set: Unset optional value from type SMPTE2086
10-20 21:32:14.508 11527 11563 E IMGMapper: set:488 set: Unset optional value from type CTA861_3
10-20 21:32:14.523 11527 11563 E IMGMapper: set:488 set: Unset optional value from type SMPTE2086
10-20 21:32:14.524 11527 11563 E IMGMapper: set:488 set: Unset optional value from type CTA861_3
10-20 21:32:14.540 11527 11563 E IMGMapper: set:488 set: Unset optional value from type SMPTE2086
10-20 21:32:14.540 11527 11563 E IMGMapper: set:488 set: Unset optional value from type CTA861_3
10-20 21:32:14.557 11527 11563 E IMGMapper: set:488 set: Unset optional value from type SMPTE2086
10-20 21:32:14.557 11527 11563 E IMGMapper: set:488 set: Unset optional value from type CTA861_3
10-20 21:32:14.573 11527 11563 E IMGMapper: set:488 set: Unset optional value from type SMPTE2086
10-20 21:32:14.573 11527 11563 E IMGMapper: set:488 set: Unset optional value from type CTA861_3
10-20 21:32:14.589 11527 11563 E IMGMapper: set:488 set: Unset optional value from type SMPTE2086
10-20 21:32:14.589 11527 11563 E IMGMapper: set:488 set: Unset optional value from type CTA861_3
10-20 21:32:14.606 11527 11563 E IMGMapper: set:488 set: Unset optional value from type SMPTE2086
10-20 21:32:14.606 11527 11563 E IMGMapper: set:488 set: Unset optional value from type CTA861_3
10-20 21:32:14.625 11527 11563 E IMGMapper: set:488 set: Unset optional value from type SMPTE2086
10-20 21:32:14.625 11527 11563 E IMGMapper: set:488 set: Unset optional value from type CTA861_3
10-20 21:32:14.640 11527 11563 E IMGMapper: set:488 set: Unset optional value from type SMPTE2086
10-20 21:32:14.640 11527 11563 E IMGMapper: set:488 set: Unset optional value from type CTA861_3
10-20 21:32:14.656 11527 11563 E IMGMapper: set:488 set: Unset optional value from type SMPTE2086
10-20 21:32:14.656 11527 11563 E IMGMapper: set:488 set: Unset optional value from type CTA861_3
10-20 21:32:14.673 11527 11563 E IMGMapper: set:488 set: Unset optional value from type SMPTE2086
10-20 21:32:14.673 11527 11563 E IMGMapper: set:488 set: Unset optional value from type CTA861_3
10-20 21:32:14.690 11527 11563 E IMGMapper: set:488 set: Unset optional value from type SMPTE2086
10-20 21:32:14.690 11527 11563 E IMGMapper: set:488 set: Unset optional value from type CTA861_3
10-20 21:32:14.704  2521  2618 D MobileStatusTracker(1/1): onSignalStrengthsChanged level=3, vendorLevel=4
10-20 21:32:14.706  2521  2618 D MobileSignalController(1/1): notifyListener: enabled=true, connected=true, dataConnected=false, networkType=UMTS (3G), emergencyOnly=true, roaming=false, isDefault=false, dataActivity=, level=4, ca=false, mmWave=false, disabledDataIcon=false, simCard=ETC
10-20 21:32:14.706  2521  2618 D NetworkController: SignalStrength from intent slotId=1
10-20 21:32:14.707 11527 11563 E IMGMapper: set:488 set: Unset optional value from type SMPTE2086
10-20 21:32:14.708 11527 11563 E IMGMapper: set:488 set: Unset optional value from type CTA861_3
10-20 21:32:14.722 11527 11563 E IMGMapper: set:488 set: Unset optional value from type SMPTE2086
10-20 21:32:14.722 11527 11563 E IMGMapper: set:488 set: Unset optional value from type CTA861_3
10-20 21:32:14.737 11527 11563 E IMGMapper: set:488 set: Unset optional value from type SMPTE2086
10-20 21:32:14.737 11527 11563 E IMGMapper: set:488 set: Unset optional value from type CTA861_3
10-20 21:32:14.752 11527 11563 E IMGMapper: set:488 set: Unset optional value from type SMPTE2086
10-20 21:32:14.752 11527 11563 E IMGMapper: set:488 set: Unset optional value from type CTA861_3
10-20 21:32:14.870  2521  2618 D MobileStatusTracker(0/2): onSignalStrengthsChanged level=3, vendorLevel=3
10-20 21:32:14.871  2521  2618 D MobileSignalController(0/2): notifyListener: enabled=true, connected=true, dataConnected=true, networkType=LTE (4G), emergencyOnly=false, roaming=false, isDefault=false, dataActivity=, level=3, ca=false, mmWave=false, disabledDataIcon=false, simCard=ETC
10-20 21:32:14.872 14401  5363 I gle.android.gms: Explicit concurrent copying GC freed 18400(5854KB) AllocSpace objects, 0(0B) LOS objects, 24% free, 19MB/25MB, paused 198us,150us total 332.475ms
10-20 21:32:14.874  2521  2618 D NetworkController: SignalStrength from intent slotId=0
10-20 21:32:15.013  1483  1583 D PowerManagerService: UserActivityStateListenerState: 0
10-20 21:32:15.279  1483  2457 D WifiConnectivityMonitor.NetworkStatsAnalyzer: Backhaul result - RSSI:-63, CE:19, PE:19, TI:23, PTI:23, TW:61, PTW:60, Tx:4500, Rx:2440, TxS:4469, RxS:2424, RESULT:true, IC:0, ICT:5, WC:0, WCT:5, R:0, RC:0, IE:0, EC:0
10-20 21:32:15.772  1483  2471 D NetdEventListenerService: DNS Requested by : 475, 11011
10-20 21:32:15.773 24250 24342 D TrafficStats: tagSocket(6) with statsTag=0xffffffff, statsUid=-1
10-20 21:32:15.794   570 11802 I keystore2: keystore2::watchdog: Watchdog thread idle -> terminating. Have a great day.
10-20 21:32:15.854 24250  5698 D TrafficStats: tagSocket(6) with statsTag=0xffffffff, statsUid=-1
10-20 21:32:16.152  2521  2618 D MobileStatusTracker(0/2): onSignalStrengthsChanged level=3, vendorLevel=3
10-20 21:32:16.154  2521  2618 D MobileSignalController(0/2): notifyListener: enabled=true, connected=true, dataConnected=true, networkType=LTE (4G), emergencyOnly=false, roaming=false, isDefault=false, dataActivity=, level=3, ca=false, mmWave=false, disabledDataIcon=false, simCard=ETC
10-20 21:32:16.155  2521  2618 D NetworkController: SignalStrength from intent slotId=0
10-20 21:32:16.180  1483  6037 D InputDispatcher: Inject motion (11865/2000): action=0x0, time=2556133483000000, f=0x0, d=0 dsdx=1.000000 dtdx=0.000000
10-20 21:32:16.181  1483  1796 I InputDispatcher: Delivering touch to (2521): action: 0x4, f=0x0, d=0, 'a9cce9e', t=1 
10-20 21:32:16.181  1483  1796 I InputDispatcher: Delivering touch to (11527): action: 0x0, f=0x0, d=0, '7594b68', t=1 
10-20 21:32:16.182  1483  1796 D PowerManagerService: [api] userActivityFromNative :  (event: 2 flags: 0 displayId: 0) eventTime = 2556133483
10-20 21:32:16.182 11527 11527 I ViewRootImpl@52e2b1c[MainActivity]: ViewPostIme pointer 0
10-20 21:32:16.183  1483  1528 I GestureDetector: obtain mCurrentDownEvent. id: -770147257 caller: com.android.server.wm.SystemGesturesPointerEventListener.onPointerEvent:203 com.android.server.wm.PointerEventDispatcher.onInputEvent:53 android.view.InputEventReceiver.dispatchInputEvent:285 
10-20 21:32:16.184  1483  1796 D PowerManagerService: UserActivityStateListenerState: 1
10-20 21:32:16.184  1483  1528 I GestureDetector: obtain mCurrentDownEvent. id: -770147257 caller: com.android.server.wm.SystemPerformancePointerEventListener.onPointerEvent:89 com.android.server.wm.PointerEventDispatcher.onInputEvent:53 android.view.InputEventReceiver.dispatchInputEvent:285 
10-20 21:32:16.192  1483  6037 D InputDispatcher: Inject motion (11865/2000): action=0x1, time=2556133483000000, f=0x0, d=0 dsdx=1.000000 dtdx=0.000000
10-20 21:32:16.193  1483  1796 I InputDispatcher: Delivering touch to (11527): action: 0x1, f=0x0, d=0, '7594b68', t=1 
10-20 21:32:16.194 11527 11527 I ViewRootImpl@52e2b1c[MainActivity]: ViewPostIme pointer 1
10-20 21:32:16.198  1483  1528 I GestureDetector: obtain mCurrentMotionEventRaw. action: 1 id: -721991367
10-20 21:32:16.198  1483  1528 I GestureDetector: obtain mCurrentMotionEventRaw. action: 1 id: -721991367
10-20 21:32:16.199   543   543 D io_stats: !@ 179,0 r 465889651 5660888038 w 80719284 846529156 d 1258365 33785900 f 0 0 iot 231618988 0 th 0 0 0 pt 0 inp 0 0 2556133.502
10-20 21:32:16.219 11527 11563 E IMGMapper: set:488 set: Unset optional value from type SMPTE2086
10-20 21:32:16.220 11527 11563 E IMGMapper: set:488 set: Unset optional value from type CTA861_3
10-20 21:32:16.223  1039  1039 I BufferQueueProducer: [com.cinemamovel/com.cinemamovel.MainActivity$_11527#506329](this:0xb400007a1f64a838,id:-1,api:0,p:-1,c:1039) queueBuffer: fps=15.02 dur=1997.52 max=1448.51 min=15.94
10-20 21:32:16.226   991  1074 I hwcomposer: [HWCDisplay] [Display_0 (type:1)] fps:15.013208,dur:1998.24,max:1449.61,min:15.43  
10-20 21:32:16.248 11527 11563 E IMGMapper: set:488 set: Unset optional value from type SMPTE2086
10-20 21:32:16.248 11527 11563 E IMGMapper: set:488 set: Unset optional value from type CTA861_3
10-20 21:32:16.267 11527 11563 E IMGMapper: set:488 set: Unset optional value from type SMPTE2086
10-20 21:32:16.267 11527 11563 E IMGMapper: set:488 set: Unset optional value from type CTA861_3
10-20 21:32:16.289 11527 11582 I ReactNativeJS: ---METRICS_JSON_START---
10-20 21:32:16.290 11527 11582 I ReactNativeJS: {
10-20 21:32:16.290 11527 11582 I ReactNativeJS:   "dashboardRenders": 3,
10-20 21:32:16.290 11527 11582 I ReactNativeJS:   "cardRenders": {
10-20 21:32:16.290 11527 11582 I ReactNativeJS:     "13494": 2,
10-20 21:32:16.290 11527 11582 I ReactNativeJS:     "506763": 2,
10-20 21:32:16.290 11527 11582 I ReactNativeJS:     "575265": 2,
10-20 21:32:16.290 11527 11582 I ReactNativeJS:     "617126": 1,
10-20 21:32:16.290 11527 11582 I ReactNativeJS:     "755898": 2,
10-20 21:32:16.290 11527 11582 I ReactNativeJS:     "803796": 2,
10-20 21:32:16.290 11527 11582 I ReactNativeJS:     "911430": 1,
10-20 21:32:16.290 11527 11582 I ReactNativeJS:     "914215": 2,
10-20 21:32:16.290 11527 11582 I ReactNativeJS:     "960299": 1,
10-20 21:32:16.290 11527 11582 I ReactNativeJS:     "987400": 2,
10-20 21:32:16.290 11527 11582 I ReactNativeJS:     "993234": 1,
10-20 21:32:16.290 11527 11582 I ReactNativeJS:     "1007734": 2,
10-20 21:32:16.290 11527 11582 I ReactNativeJS:     "1028248": 2,
10-20 21:32:16.290 11527 11582 I ReactNativeJS:     "1035259": 2,
10-20 21:32:16.290 11527 11582 I ReactNativeJS:     "1038392": 2,
10-20 21:32:16.290 11527 11582 I ReactNativeJS:     "1051486": 2,
10-20 21:32:16.290 11527 11582 I ReactNativeJS:     "1061474": 2,
10-20 21:32:16.290 11527 11582 I ReactNativeJS:     "1078605": 2,
10-20 21:32:16.290 11527 11582 I ReactNativeJS:     "1087192": 2,
10-20 21:32:16.290 11527 11582 I ReactNativeJS:     "1136867": 1,
10-20 21:32:16.290 11527 11582 I ReactNativeJS:     "1234821": 2,
10-20 21:32:16.290 11527 11582 I ReactNativeJS:     "1241634": 1,
10-20 21:32:16.290 11527 11582 I ReactNativeJS:     "1242011": 1,
10-20 21:32:16.290 11527 11582 I ReactNativeJS:     "1246049": 1,
10-20 21:32:16.290 11527 11582 I ReactNativeJS:     "1265344": 2,
10-20 21:32:16.290 11527 11582 I ReactNativeJS:     "1311031": 2,
10-20 21:32:16.290 11527 11582 I ReactNativeJS:     "1355666": 1,
10-20 21:32:16.290 11527 11582 I ReactNativeJS:     "1369679": 2,
10-20 21:32:16.290 11527 11582 I ReactNativeJS:     "1535385": 1
10-20 21:32:16.290 11527 11582 I ReactNativeJS:   },
10-20 21:32:16.290 11527 11582 I ReactNativeJS:   "navigationEvents": [
10-20 21:32:16.290 11527 11582 I ReactNativeJS:     {
10-20 21:32:16.290 11527 11582 I ReactNativeJS:       "action": "focus_dashboard",
10-20 21:32:16.290 11527 11582 I ReactNativeJS:       "timestamp": 1761006717094
10-20 21:32:16.290 11527 11582 I ReactNativeJS:     },
10-20 21:32:16.290 11527 11582 I ReactNativeJS:     {
10-20 21:32:16.290 11527 11582 I ReactNativeJS:       "action": "navigate_to_1265344",
10-20 21:32:16.290 11527 11582 I ReactNativeJS:       "timestamp": 1761006727862
10-20 21:32:16.290 11527 11582 I ReactNativeJS:     },
10-20 21:32:16.290 11527 11582 I ReactNativeJS:     {
10-20 21:32:16.290 11527 11582 I ReactNativeJS:       "action": "leave_dashboard",
10-20 21:32:16.290 11527 11582 I ReactNativeJS:       "timestamp": 1761006727953
10-20 21:32:16.290 11527 11582 I ReactNativeJS:     },
10-20 21:32:16.290 11527 11582 I ReactNativeJS:     {
10-20 21:32:16.290 11527 11582 I ReactNativeJS:       "action": "focus_dashboard",
10-20 21:32:16.290 11527 11582 I ReactNativeJS:       "timestamp": 1761006729989
10-20 21:32:16.290 11527 11582 I ReactNativeJS:     },
10-20 21:32:16.290 11527 11582 I ReactNativeJS:     {
10-20 21:32:16.290 11527 11582 I ReactNativeJS:       "action": "navigate_to_1265344",
10-20 21:32:16.290 11527 11582 I ReactNativeJS:       "timestamp": 1761006732034
10-20 21:32:16.290 11527 11582 I ReactNativeJS:     },
10-20 21:32:16.290 11527 11582 I ReactNativeJS:     {
10-20 21:32:16.290 11527 11582 I ReactNativeJS:       "action": "leave_dashboard",
10-20 21:32:16.290 11527 11582 I ReactNativeJS:       "timestamp": 1761006732124
10-20 21:32:16.290 11527 11582 I ReactNativeJS:     },
10-20 21:32:16.290 11527 11582 I ReactNativeJS:     {
10-20 21:32:16.290 11527 11582 I ReactNativeJS:       "action": "focus_dashboard",
10-20 21:32:16.290 11527 11582 I ReactNativeJS:       "timestamp": 1761006734185
10-20 21:32:16.290 11527 11582 I ReactNativeJS:     },
10-20 21:32:16.290 11527 11582 I ReactNativeJS:     {
10-20 21:32:16.290 11527 11582 I ReactNativeJS:       "action": "navigate_to_1265344",
10-20 21:32:16.290 11527 11582 I ReactNativeJS:       "timestamp": 1761006736215
10-20 21:32:16.290 11527 11582 I ReactNativeJS:     },
10-20 21:32:16.290 11527 11582 I ReactNativeJS:     {
10-20 21:32:16.290 11527 11582 I ReactNativeJS:       "action": "leave_dashboard",
10-20 21:32:16.290 11527 11582 I ReactNativeJS:       "timestamp": 1761006736289
10-20 21:32:16.290 11527 11582 I ReactNativeJS:     }
10-20 21:32:16.290 11527 11582 I ReactNativeJS:   ]
10-20 21:32:16.290 11527 11582 I ReactNativeJS: }
10-20 21:32:16.290 11527 11582 I ReactNativeJS: ---METRICS_JSON_END---
10-20 21:32:16.294 11527 11527 W [RNScreens]: backTitleVisible prop is not available on Android
10-20 21:32:16.295 11527 11527 W [RNScreens]: backTitleFontFamily prop is not available on Android
10-20 21:32:16.295 11527 11527 W [RNScreens]: disableBackButtonMenu prop is not available on Android
10-20 21:32:16.295 11527 11527 W [RNScreens]: largeTitleFontFamily prop is not available on Android
10-20 21:32:16.295 11527 11527 W [RNScreens]: largeTitleFontWeight prop is not available on Android
10-20 21:32:16.295 11527 11563 E IMGMapper: set:488 set: Unset optional value from type SMPTE2086
10-20 21:32:16.295 11527 11527 W [RNScreens]: largeTitleHideShadow prop is not available on Android
10-20 21:32:16.295 11527 11563 E IMGMapper: set:488 set: Unset optional value from type CTA861_3
10-20 21:32:16.311   963   963 E audit   : type=1400 audit(1761006736.308:1252396): avc:  denied  { write } for  pid=8661 comm="ThreadPoolForeg" name="traced_producer" dev="tmpfs" ino=11170 scontext=u:r:gmscore_app:s0:c512,c768 tcontext=u:object_r:traced_producer_socket:s0 tclass=sock_file permissive=0 SEPF_SM-A037M_12_0001 unfiltered
10-20 21:32:16.320 11527 11563 E IMGMapper: set:488 set: Unset optional value from type SMPTE2086
10-20 21:32:16.320 11527 11563 E IMGMapper: set:488 set: Unset optional value from type CTA861_3
10-20 21:32:16.359 11527 11563 E IMGMapper: set:488 set: Unset optional value from type SMPTE2086
10-20 21:32:16.359 11527 11563 E IMGMapper: set:488 set: Unset optional value from type CTA861_3
10-20 21:32:16.376 11527 11563 E IMGMapper: set:488 set: Unset optional value from type SMPTE2086
10-20 21:32:16.376 11527 11563 E IMGMapper: set:488 set: Unset optional value from type CTA861_3
10-20 21:32:16.378 11527 11527 D ScrollView: initGoToTop
10-20 21:32:16.437   999   999 D IMGMemtrackHAL: hal_get_memory: memtrack cache rebuild was required
10-20 21:32:16.450 11527 11563 E IMGMapper: set:488 set: Unset optional value from type SMPTE2086
10-20 21:32:16.450 11527 11563 E IMGMapper: set:488 set: Unset optional value from type CTA861_3
10-20 21:32:16.466 11527 11563 E IMGMapper: set:488 set: Unset optional value from type SMPTE2086
10-20 21:32:16.466 11527 11563 E IMGMapper: set:488 set: Unset optional value from type CTA861_3
10-20 21:32:16.482  1483  1528 I GestureDetector: handleMessage TAP
10-20 21:32:16.483  1483  1483 I GestureDetector: handleMessage TAP
10-20 21:32:16.489 11527 11563 E IMGMapper: set:488 set: Unset optional value from type SMPTE2086
10-20 21:32:16.490 11527 11563 E IMGMapper: set:488 set: Unset optional value from type CTA861_3
10-20 21:32:16.507 11527 11563 E IMGMapper: set:488 set: Unset optional value from type SMPTE2086
10-20 21:32:16.507 11527 11563 E IMGMapper: set:488 set: Unset optional value from type CTA861_3
10-20 21:32:16.525 11527 11563 E IMGMapper: set:488 set: Unset optional value from type SMPTE2086
10-20 21:32:16.525 11527 11563 E IMGMapper: set:488 set: Unset optional value from type CTA861_3
10-20 21:32:16.532  2486  2486 I WifiHAL : Get link layer stats
10-20 21:32:16.532  2486  2486 I WifiHAL : GetLinkStatsCommand::create
10-20 21:32:16.532  2486  2486 D android.hardware.wifi@1.0-service-lazy: WifiRequest::create vendor command to iface 38, vendor_id=0x1a11, subcmd=0x1200, res=0
10-20 21:32:16.532  2486  2486 I android.hardware.wifi@1.0-service-lazy: WifiCommand::requestResponse err=-95
10-20 21:32:16.532  2486  2486 I WifiHAL : wifi_get_link_stats: result=-3
10-20 21:32:16.534  1483  2363 E WifiVendorHal: getWifiLinkLayerStats_1_5_Internal(l.1179) failed {.code = ERROR_NOT_SUPPORTED, .description = }
10-20 21:32:16.537  1483  3390 D SemWifiUsabilityStatsMonitor: onWifiUsabilityStats - seqNum 545014, isSameBssidAndFreq true
10-20 21:32:16.538  1483  2437 I SemWifiLinkQualityMonitor: Link Qos query: inf. ms / 0 Mbps
10-20 21:32:16.540 11527 11563 E IMGMapper: set:488 set: Unset optional value from type SMPTE2086
10-20 21:32:16.540 11527 11563 E IMGMapper: set:488 set: Unset optional value from type CTA861_3
10-20 21:32:16.555 11527 11563 E IMGMapper: set:488 set: Unset optional value from type SMPTE2086
10-20 21:32:16.555 11527 11563 E IMGMapper: set:488 set: Unset optional value from type CTA861_3
10-20 21:32:16.572 11527 11563 E IMGMapper: set:488 set: Unset optional value from type SMPTE2086
10-20 21:32:16.572 11527 11563 E IMGMapper: set:488 set: Unset optional value from type CTA861_3
10-20 21:32:16.592 11527 11563 E IMGMapper: set:488 set: Unset optional value from type SMPTE2086
10-20 21:32:16.592 11527 11563 E IMGMapper: set:488 set: Unset optional value from type CTA861_3
10-20 21:32:16.607 11527 11563 E IMGMapper: set:488 set: Unset optional value from type SMPTE2086
10-20 21:32:16.607 11527 11563 E IMGMapper: set:488 set: Unset optional value from type CTA861_3
10-20 21:32:16.623 11527 11563 E IMGMapper: set:488 set: Unset optional value from type SMPTE2086
10-20 21:32:16.624 11527 11563 E IMGMapper: set:488 set: Unset optional value from type CTA861_3
10-20 21:32:16.644 11527 11563 E IMGMapper: set:488 set: Unset optional value from type SMPTE2086
10-20 21:32:16.644 11527 11563 E IMGMapper: set:488 set: Unset optional value from type CTA861_3
10-20 21:32:16.658 11527 11563 E IMGMapper: set:488 set: Unset optional value from type SMPTE2086
10-20 21:32:16.658 11527 11563 E IMGMapper: set:488 set: Unset optional value from type CTA861_3
10-20 21:32:16.672 11527 11563 E IMGMapper: set:488 set: Unset optional value from type SMPTE2086
10-20 21:32:16.672 11527 11563 E IMGMapper: set:488 set: Unset optional value from type CTA861_3
10-20 21:32:16.688 11527 11563 E IMGMapper: set:488 set: Unset optional value from type SMPTE2086
10-20 21:32:16.688 11527 11563 E IMGMapper: set:488 set: Unset optional value from type CTA861_3
10-20 21:32:16.705 11527 11563 E IMGMapper: set:488 set: Unset optional value from type SMPTE2086
10-20 21:32:16.706 11527 11563 E IMGMapper: set:488 set: Unset optional value from type CTA861_3
10-20 21:32:16.722 11527 11563 E IMGMapper: set:488 set: Unset optional value from type SMPTE2086
10-20 21:32:16.723 11527 11563 E IMGMapper: set:488 set: Unset optional value from type CTA861_3
10-20 21:32:16.741 11527 11563 E IMGMapper: set:488 set: Unset optional value from type SMPTE2086
10-20 21:32:16.741 11527 11563 E IMGMapper: set:488 set: Unset optional value from type CTA861_3
10-20 21:32:16.757 11527 11563 E IMGMapper: set:488 set: Unset optional value from type SMPTE2086
10-20 21:32:16.757 11527 11563 E IMGMapper: set:488 set: Unset optional value from type CTA861_3
10-20 21:32:16.773 11527 11563 E IMGMapper: set:488 set: Unset optional value from type SMPTE2086
10-20 21:32:16.773 11527 11563 E IMGMapper: set:488 set: Unset optional value from type CTA861_3
10-20 21:32:16.790 11527 11563 E IMGMapper: set:488 set: Unset optional value from type SMPTE2086
10-20 21:32:16.791 11527 11563 E IMGMapper: set:488 set: Unset optional value from type CTA861_3
10-20 21:32:16.810 11527 11563 E IMGMapper: set:488 set: Unset optional value from type SMPTE2086
10-20 21:32:16.810 11527 11563 E IMGMapper: set:488 set: Unset optional value from type CTA861_3
10-20 21:32:16.821 11527 11563 E IMGMapper: set:488 set: Unset optional value from type SMPTE2086
10-20 21:32:16.821 11527 11563 E IMGMapper: set:488 set: Unset optional value from type CTA861_3
10-20 21:32:16.830 11527 11563 E IMGMapper: set:488 set: Unset optional value from type SMPTE2086
10-20 21:32:16.830 11527 11563 E IMGMapper: set:488 set: Unset optional value from type CTA861_3
10-20 21:32:16.871  1483  1755 D SensorService: [SO] 0.071 1.533 9.836
10-20 21:32:17.084  1205  1205 I thermal_repeater: socket -1
10-20 21:32:17.431  2521  2618 D MobileStatusTracker(0/2): onSignalStrengthsChanged level=3, vendorLevel=3
10-20 21:32:17.433  2521  2618 D MobileSignalController(0/2): notifyListener: enabled=true, connected=true, dataConnected=true, networkType=LTE (4G), emergencyOnly=false, roaming=false, isDefault=false, dataActivity=, level=3, ca=false, mmWave=false, disabledDataIcon=false, simCard=ETC
10-20 21:32:17.433  2521  2618 D NetworkController: SignalStrength from intent slotId=0
10-20 21:32:17.645  4441  4441 I wpa_supplicant: Heartbeat 1377
10-20 21:32:17.803  1483  2471 D NetdEventListenerService: DNS Requested by : 475, 11011
10-20 21:32:17.805 24250 24342 D TrafficStats: tagSocket(6) with statsTag=0xffffffff, statsUid=-1
10-20 21:32:17.887 24250  5698 D TrafficStats: tagSocket(6) with statsTag=0xffffffff, statsUid=-1
10-20 21:32:18.147 11527 11552 D InputTransport: Input channel destroyed: 'ClientS', fd=127
10-20 21:32:18.268  1483  3183 D InputDispatcher: Inject key (11875/2000): action=0, f=0x0, d=-1, time=2556135571000000
10-20 21:32:18.269  1483  3183 D WindowManager: interceptKeyTq keycode=4 interactive=true keyguardActive=false policyFlags=2b000000
10-20 21:32:18.269  1483  3183 D PhoneWindowManagerExt: interceptKeyTq code=4 down=true repeatCount=0 displayId=-1 interactive=true
10-20 21:32:18.269  1483  3183 D WindowManager: interceptKeyTq interceptKeyResult=4
10-20 21:32:18.269  1483  1796 D PowerManagerService: [api] userActivityFromNative :  (event: 1 flags: 0 displayId: 0) eventTime = 2556135571
10-20 21:32:18.269  1483  1796 D WindowManager: interceptKeyTi keyCode=4 down=true repeatCount=0 keyguardOn=false canceled=false
10-20 21:32:18.270  1483  1796 D PhoneWindowManagerExt: interceptKeyTi code=4 down=true repeatCount=0 displayId=-1 interactive=true
10-20 21:32:18.271  1483  1796 I InputDispatcher: Delivering key to (11527): B action: 0x0 (0), f=0x0, m=0x0, d=0, '7594b68'
10-20 21:32:18.272  5125  5125 I HBD     : b skip onKeyDown as physical keyboard not connected 
10-20 21:32:18.273  5125  5125 I HBD     : HoneyBoardService onKeyDown r:59dcc5ac consumed:false 1 
10-20 21:32:18.275 11527 11527 I ViewRootImpl@52e2b1c[MainActivity]: ViewPostIme key 0
10-20 21:32:18.275 11527 11527 D Activity: onKeyDown(KEYCODE_BACK)
10-20 21:32:18.276  1483  3183 D InputDispatcher: Inject key (11875/2000): action=1, f=0x0, d=-1, time=2556135571000000
10-20 21:32:18.277  1483  3183 D WindowManager: interceptKeyTq keycode=4 interactive=true keyguardActive=false policyFlags=2b000000
10-20 21:32:18.278  1483  3183 D PhoneWindowManagerExt: interceptKeyTq code=4 down=false repeatCount=0 displayId=-1 interactive=true
10-20 21:32:18.279  1483  3183 D WindowManager: interceptKeyTq interceptKeyResult=4
10-20 21:32:18.280  1483  1796 D WindowManager: interceptKeyTi keyCode=4 down=false repeatCount=0 keyguardOn=false canceled=false
10-20 21:32:18.280  1483  1796 D PhoneWindowManagerExt: interceptKeyTi code=4 down=false repeatCount=0 displayId=-1 interactive=true
10-20 21:32:18.281  1483  1796 I InputDispatcher: Delivering key to (11527): B action: 0x1 (0), f=0x0, m=0x0, d=0, '7594b68'
10-20 21:32:18.283  5125  5125 I HBD     : HoneyBoardService onKeyUp r:c530f781 consumed:false 0 
10-20 21:32:18.285 11527 11527 I ViewRootImpl@52e2b1c[MainActivity]: ViewPostIme key 1
10-20 21:32:18.285 11527 11527 D Activity: onKeyUp(KEYCODE_BACK) isTracking()=true isCanceled()=false hasCallback=false
10-20 21:32:18.418 11527 11563 E IMGMapper: set:488 set: Unset optional value from type SMPTE2086
10-20 21:32:18.418 11527 11563 E IMGMapper: set:488 set: Unset optional value from type CTA861_3
10-20 21:32:18.437  1039  1039 I BufferQueueProducer: [com.cinemamovel/com.cinemamovel.MainActivity$_11527#506329](this:0xb400007a1f64a838,id:-1,api:0,p:-1,c:1039) queueBuffer: fps=14.00 dur=2213.57 max=1581.28 min=16.17
10-20 21:32:18.439   991  1074 I hwcomposer: [HWCDisplay] [Display_0 (type:1)] fps:14.008178,dur:2212.99,max:1581.64,min:16.02  
10-20 21:32:18.486 11527 11563 E IMGMapper: set:488 set: Unset optional value from type SMPTE2086
10-20 21:32:18.486 11527 11563 E IMGMapper: set:488 set: Unset optional value from type CTA861_3
10-20 21:32:18.496 11527 11563 E IMGMapper: set:488 set: Unset optional value from type SMPTE2086
10-20 21:32:18.496 11527 11563 E IMGMapper: set:488 set: Unset optional value from type CTA861_3
10-20 21:32:18.515 11527 11563 E IMGMapper: set:488 set: Unset optional value from type SMPTE2086
10-20 21:32:18.515 11527 11563 E IMGMapper: set:488 set: Unset optional value from type CTA861_3
10-20 21:32:18.532 11527 11563 E IMGMapper: set:488 set: Unset optional value from type SMPTE2086
10-20 21:32:18.532 11527 11563 E IMGMapper: set:488 set: Unset optional value from type CTA861_3
10-20 21:32:18.556 11527 11563 E IMGMapper: set:488 set: Unset optional value from type SMPTE2086
10-20 21:32:18.556 11527 11563 E IMGMapper: set:488 set: Unset optional value from type CTA861_3
10-20 21:32:18.570 11527 11563 E IMGMapper: set:488 set: Unset optional value from type SMPTE2086
10-20 21:32:18.570 11527 11563 E IMGMapper: set:488 set: Unset optional value from type CTA861_3
10-20 21:32:18.585 11527 11563 E IMGMapper: set:488 set: Unset optional value from type SMPTE2086
10-20 21:32:18.585 11527 11563 E IMGMapper: set:488 set: Unset optional value from type CTA861_3
10-20 21:32:18.601 11527 11563 E IMGMapper: set:488 set: Unset optional value from type SMPTE2086
10-20 21:32:18.601 11527 11563 E IMGMapper: set:488 set: Unset optional value from type CTA861_3
10-20 21:32:18.617 11527 11563 E IMGMapper: set:488 set: Unset optional value from type SMPTE2086
10-20 21:32:18.617 11527 11563 E IMGMapper: set:488 set: Unset optional value from type CTA861_3
10-20 21:32:18.634 11527 11563 E IMGMapper: set:488 set: Unset optional value from type SMPTE2086
10-20 21:32:18.634 11527 11563 E IMGMapper: set:488 set: Unset optional value from type CTA861_3
10-20 21:32:18.650 11527 11563 E IMGMapper: set:488 set: Unset optional value from type SMPTE2086
10-20 21:32:18.650 11527 11563 E IMGMapper: set:488 set: Unset optional value from type CTA861_3
10-20 21:32:18.665 11527 11563 E IMGMapper: set:488 set: Unset optional value from type SMPTE2086
10-20 21:32:18.665  1014  1037 D power@timer: [mtkPowerTimer] visRead:0
10-20 21:32:18.665 11527 11563 E IMGMapper: set:488 set: Unset optional value from type CTA861_3
10-20 21:32:18.683 11527 11563 E IMGMapper: set:488 set: Unset optional value from type SMPTE2086
10-20 21:32:18.684 11527 11563 E IMGMapper: set:488 set: Unset optional value from type CTA861_3
10-20 21:32:18.699 11527 11563 E IMGMapper: set:488 set: Unset optional value from type SMPTE2086
10-20 21:32:18.699 11527 11563 E IMGMapper: set:488 set: Unset optional value from type CTA861_3
10-20 21:32:18.713  2521  2618 D MobileStatusTracker(0/2): onSignalStrengthsChanged level=3, vendorLevel=3
10-20 21:32:18.715  2521  2618 D MobileSignalController(0/2): notifyListener: enabled=true, connected=true, dataConnected=true, networkType=LTE (4G), emergencyOnly=false, roaming=false, isDefault=false, dataActivity=, level=3, ca=false, mmWave=false, disabledDataIcon=false, simCard=ETC
10-20 21:32:18.716 11527 11563 E IMGMapper: set:488 set: Unset optional value from type SMPTE2086
10-20 21:32:18.717 11527 11563 E IMGMapper: set:488 set: Unset optional value from type CTA861_3
10-20 21:32:18.718  2521  2618 D NetworkController: SignalStrength from intent slotId=0
10-20 21:32:18.733 11527 11563 E IMGMapper: set:488 set: Unset optional value from type SMPTE2086
10-20 21:32:18.733 11527 11563 E IMGMapper: set:488 set: Unset optional value from type CTA861_3
10-20 21:32:18.750 11527 11563 E IMGMapper: set:488 set: Unset optional value from type SMPTE2086
10-20 21:32:18.750 11527 11563 E IMGMapper: set:488 set: Unset optional value from type CTA861_3
10-20 21:32:18.767 11527 11563 E IMGMapper: set:488 set: Unset optional value from type SMPTE2086
10-20 21:32:18.767 11527 11563 E IMGMapper: set:488 set: Unset optional value from type CTA861_3
10-20 21:32:18.784 11527 11563 E IMGMapper: set:488 set: Unset optional value from type SMPTE2086
10-20 21:32:18.784 11527 11563 E IMGMapper: set:488 set: Unset optional value from type CTA861_3
10-20 21:32:18.802 11527 11563 E IMGMapper: set:488 set: Unset optional value from type SMPTE2086
10-20 21:32:18.802 11527 11563 E IMGMapper: set:488 set: Unset optional value from type CTA861_3
10-20 21:32:18.817 11527 11563 E IMGMapper: set:488 set: Unset optional value from type SMPTE2086
10-20 21:32:18.817 11527 11563 E IMGMapper: set:488 set: Unset optional value from type CTA861_3
10-20 21:32:18.834 11527 11563 E IMGMapper: set:488 set: Unset optional value from type SMPTE2086
10-20 21:32:18.834 11527 11563 E IMGMapper: set:488 set: Unset optional value from type CTA861_3
10-20 21:32:18.849 11527 11563 E IMGMapper: set:488 set: Unset optional value from type SMPTE2086
10-20 21:32:18.849 11527 11563 E IMGMapper: set:488 set: Unset optional value from type CTA861_3
10-20 21:32:18.866 11527 11563 E IMGMapper: set:488 set: Unset optional value from type SMPTE2086
10-20 21:32:18.866 11527 11563 E IMGMapper: set:488 set: Unset optional value from type CTA861_3
10-20 21:32:18.883 11527 11563 E IMGMapper: set:488 set: Unset optional value from type SMPTE2086
10-20 21:32:18.884 11527 11563 E IMGMapper: set:488 set: Unset optional value from type CTA861_3
10-20 21:32:18.900 11527 11563 E IMGMapper: set:488 set: Unset optional value from type SMPTE2086
10-20 21:32:18.900 11527 11563 E IMGMapper: set:488 set: Unset optional value from type CTA861_3
10-20 21:32:18.916 11527 11563 E IMGMapper: set:488 set: Unset optional value from type SMPTE2086
10-20 21:32:18.917 11527 11563 E IMGMapper: set:488 set: Unset optional value from type CTA861_3
10-20 21:32:18.934 11527 11563 E IMGMapper: set:488 set: Unset optional value from type SMPTE2086
10-20 21:32:18.934 11527 11563 E IMGMapper: set:488 set: Unset optional value from type CTA861_3
10-20 21:32:18.949 11527 11563 E IMGMapper: set:488 set: Unset optional value from type SMPTE2086
10-20 21:32:18.949 11527 11563 E IMGMapper: set:488 set: Unset optional value from type CTA861_3
10-20 21:32:18.965 11527 11563 E IMGMapper: set:488 set: Unset optional value from type SMPTE2086
10-20 21:32:18.965 11527 11563 E IMGMapper: set:488 set: Unset optional value from type CTA861_3
10-20 21:32:19.185  1483  1583 D PowerManagerService: UserActivityStateListenerState: 0
10-20 21:32:19.541  2486  2486 I WifiHAL : Get link layer stats
10-20 21:32:19.541  2486  2486 I WifiHAL : GetLinkStatsCommand::create
10-20 21:32:19.541  2486  2486 D android.hardware.wifi@1.0-service-lazy: WifiRequest::create vendor command to iface 38, vendor_id=0x1a11, subcmd=0x1200, res=0
10-20 21:32:19.541  2486  2486 I android.hardware.wifi@1.0-service-lazy: WifiCommand::requestResponse err=-95
10-20 21:32:19.541  2486  2486 I WifiHAL : wifi_get_link_stats: result=-3
10-20 21:32:19.547  1483  2363 E WifiVendorHal: getWifiLinkLayerStats_1_5_Internal(l.1179) failed {.code = ERROR_NOT_SUPPORTED, .description = }
10-20 21:32:19.561  1483  3390 D SemWifiUsabilityStatsMonitor: onWifiUsabilityStats - seqNum 545015, isSameBssidAndFreq true
10-20 21:32:19.562  1483  2385 D ConnectivityService: notifyType CALLBACK_CAP_CHANGED for [475 WIFI]
10-20 21:32:19.563  1483  2437 I SemWifiLinkQualityMonitor: Link Qos query: inf. ms / 0 Mbps
10-20 21:32:19.564  1483  2414 D SemWifiSwitchForIndividualAppsService: stopTCPMonitoring : already stopped
10-20 21:32:19.564  1483  2414 I WifiConnectivityMonitor.NCC: sNetworkCallback(oCC) FULL : 475(true/false)[ Transports: WIFI Capabilities: NOT_METERED&INTERNET&NOT_RESTRICTED&TRUSTED&NOT_VPN&VALIDATED&NOT_ROAMING&FOREGROUND&NOT_CONGESTED&NOT_SUSPENDED&NOT_VCN_MANAGED LinkUpBandwidth>=12000Kbps LinkDnBandwidth>=30000Kbps TransportInfo: <SSID: <unknown ssid>, BSSID: 02:00:00:**:**:00, MAC: 02:00:00:**:**:00, IP: /10.0.0.112, Security type: 2, Supplicant state: COMPLETED, Wi-Fi standard: 4, RSSI: -64, Link speed: 19Mbps, Tx Link speed: 19Mbps, Max Supported Tx Link speed: 72Mbps, Rx Link speed: 52Mbps, Max Supported Rx Link speed: 72Mbps, Frequency: 2437MHz, Net ID: -1, Metered hint: false, score: 60, isUsable: true, CarrierMerged: false, SubscriptionId: -1, IsPrimary: 1, Trusted: true, Restricted: false, Ephemeral: false, OEM paid: false, OEM private: false, OSU AP: false, FQDN: <none>, Provider friendly name: <none>, Requesting package name: <none><none>MLO Information: , AP MLD Address: <none>, AP MLO Link Id: <none>, AP MLO Affiliated links: <none>> SignalStrength: -64 AdminUids: [10102] SSID: "Netonda_Braga" UnderlyingNetworks: Null]
10-20 21:32:19.566  1483  2453 I WifiConnectivityMonitor: current mode : 3
10-20 21:32:19.567  1483  2453 D OpenNetworkQos[4.00]: updateBssidNoInternet: mBssidNoInternet = false
10-20 21:32:19.567  1483  2453 D OpenNetworkQos[4.00]: getOpenNetworkQosNoInternetStatus: false[Private DNS is active. Result is ignored.]
10-20 21:32:19.567  1483  2453 D OpenNetworkQos[4.00]: getOpenNetworkQosScores: 26 23 26 [Private DNS is active. Result is ignored.]
10-20 21:32:19.567  1483  2453 D WifiConnectivityMonitor: VALIDATED_DETECTED
10-20 21:32:19.575  5125  6221 I HBD     : g onCapabilitiesChanged network : 475 current network state : wifi 
10-20 21:32:19.583 17895 18015 I BugleRcsEngine: handleMessage processing message:[NOTIFY_UPTIME_IGNORE_STATE_CHANGED] with [non-null]:RcsEngineImpl reference [CONTEXT log_prefix="RcsEngineImpl[DUAL_REG]:[478faa39-130a]>Handler" thread_id=6439 ]
10-20 21:32:19.592 17895 17974 I BugleRcsEngine: Connected state: [1], networkType: [WIFI] [CONTEXT thread_id=6430 ]
10-20 21:32:19.598 17895 18015 I BugleRcsEngine: Cannot use CS.apk as it's battery optimized [CONTEXT thread_id=6439 ]
10-20 21:32:19.600  2521  2618 D NetworkController.WifiSignalController: notifyListener: visible=true, connected=true, inetCondition=1, isDefault=true, wifiTestReported=true, receivedInetCondition=-1, hideDuringMobileSwitching=false
10-20 21:32:19.605  8661  8675 I NullBinder: NullBinder for android.net.action.RECOMMEND_NETWORKS triggering remote TransactionTooLargeException due to Service without Chimera impl, calling uid: 1000, calling pid: 0
10-20 21:32:19.605  8661  8675 W .gms.persistent: Large reply transaction of 1056768 bytes, interface descriptor , code 1
10-20 21:32:19.605  2521  2618 D Tile.WifiTile: handleUpdateState isTransient=false transientEnabling =false cb.isTransient=false state.state = 2 mStateBeforeClick.value =false enabled =true
10-20 21:32:19.615  2521  2605 E IMGMapper: set:488 set: Unset optional value from type SMPTE2086
10-20 21:32:19.615  2521  2605 E IMGMapper: set:488 set: Unset optional value from type CTA861_3
10-20 21:32:19.618  1039  1039 I BufferQueueProducer: [StatusBar$_2521#94](this:0xb400007a3dae1838,id:-1,api:0,p:-1,c:1039) queueBuffer: fps=0.06 dur=18092.39 max=18092.39 min=18092.39
10-20 21:32:19.620   991  1074 I hwcomposer: [HWCDisplay] [Display_0 (type:1)] fps:26.248169,dur:1181.03,max:631.47,min:15.94  
10-20 21:32:19.677  5125  5125 I HBD     : g onCapabilityChanged  setNetworkState currentNetworkState : wifi 
10-20 21:32:19.677  5125  5125 I HBD     : h LogTag.TAG_LMDOWNLOAD network status is changed.
10-20 21:32:19.834  2521  2618 D MobileStatusTracker(1/1): onSignalStrengthsChanged level=4, vendorLevel=4
10-20 21:32:19.837  1483  2471 D NetdEventListenerService: DNS Requested by : 475, 11011
10-20 21:32:19.839  2521  2618 D MobileSignalController(1/1): notifyListener: enabled=true, connected=true, dataConnected=false, networkType=UMTS (3G), emergencyOnly=true, roaming=false, isDefault=false, dataActivity=, level=4, ca=false, mmWave=false, disabledDataIcon=false, simCard=ETC
10-20 21:32:19.839  2521  2618 D NetworkController: SignalStrength from intent slotId=1
10-20 21:32:19.839 24250 24342 D TrafficStats: tagSocket(6) with statsTag=0xffffffff, statsUid=-1
10-20 21:32:19.915 24250  5698 D TrafficStats: tagSocket(6) with statsTag=0xffffffff, statsUid=-1
10-20 21:32:19.997  2521  2618 D MobileStatusTracker(0/2): onSignalStrengthsChanged level=3, vendorLevel=3
10-20 21:32:20.000  2521  2618 D MobileSignalController(0/2): notifyListener: enabled=true, connected=true, dataConnected=true, networkType=LTE (4G), emergencyOnly=false, roaming=false, isDefault=false, dataActivity=, level=3, ca=false, mmWave=false, disabledDataIcon=false, simCard=ETC
10-20 21:32:20.005  2521  2618 D NetworkController: SignalStrength from intent slotId=0
10-20 21:32:20.099  8661  2380 I NearbySharing: Network state changed: NetworkState(isRestricted=false, isOnline=true, isCongested=false, isMetered=false, isWifiConnected=true)
10-20 21:32:20.200   543   543 D io_stats: !@ 179,0 r 465889700 5660888682 w 80719287 846529176 d 1258365 33785900 f 0 0 iot 231618992 0 th 0 0 0 pt 0 inp 0 0 2556137.503
10-20 21:32:21.276  2521  2618 D MobileStatusTracker(0/2): onSignalStrengthsChanged level=3, vendorLevel=3
10-20 21:32:21.282  2521  2618 D MobileSignalController(0/2): notifyListener: enabled=true, connected=true, dataConnected=true, networkType=LTE (4G), emergencyOnly=false, roaming=false, isDefault=false, dataActivity=, level=3, ca=false, mmWave=false, disabledDataIcon=false, simCard=ETC
10-20 21:32:21.282  2521  2618 D NetworkController: SignalStrength from intent slotId=0
10-20 21:32:21.800  2799  3136 D PhoneInterfaceManager: setDataEnabledForReason() Reason=1 Pid=1483 App=system
10-20 21:32:21.805  2799  3136 D PhoneInterfaceManager: setDataEnabledForReason() Reason=1 Pid=1483 App=system
10-20 21:32:21.867  1483  2471 D NetdEventListenerService: DNS Requested by : 475, 11011
10-20 21:32:21.868 24250 24342 D TrafficStats: tagSocket(6) with statsTag=0xffffffff, statsUid=-1
10-20 21:32:21.951 24250  5698 D TrafficStats: tagSocket(6) with statsTag=0xffffffff, statsUid=-1
10-20 21:32:22.085  1205  1205 I thermal_repeater: socket -1
10-20 21:32:22.201   543   543 D io_stats: !@ 179,0 r 465889746 5660890170 w 80719299 846529392 d 1258365 33785900 f 0 0 iot 231619020 0 th 0 0 0 pt 0 inp 0 0 2556139.504
10-20 21:32:22.267  1483  1498 I system_server: Background concurrent copying GC freed 333250(20MB) AllocSpace objects, 310(5792KB) LOS objects, 17% free, 115MB/139MB, paused 1.975ms,414us total 655.699ms
10-20 21:32:22.552  2521  2618 D MobileStatusTracker(0/2): onSignalStrengthsChanged level=3, vendorLevel=3
10-20 21:32:22.554  2521  2618 D MobileSignalController(0/2): notifyListener: enabled=true, connected=true, dataConnected=true, networkType=LTE (4G), emergencyOnly=false, roaming=false, isDefault=false, dataActivity=, level=3, ca=false, mmWave=false, disabledDataIcon=false, simCard=ETC
10-20 21:32:22.555  2521  2618 D NetworkController: SignalStrength from intent slotId=0
10-20 21:32:22.568  2486  2486 I WifiHAL : Get link layer stats
10-20 21:32:22.568  2486  2486 I WifiHAL : GetLinkStatsCommand::create
10-20 21:32:22.568  2486  2486 D android.hardware.wifi@1.0-service-lazy: WifiRequest::create vendor command to iface 38, vendor_id=0x1a11, subcmd=0x1200, res=0
10-20 21:32:22.568  2486  2486 I android.hardware.wifi@1.0-service-lazy: WifiCommand::requestResponse err=-95
10-20 21:32:22.568  2486  2486 I WifiHAL : wifi_get_link_stats: result=-3
10-20 21:32:22.570  1483  2363 E WifiVendorHal: getWifiLinkLayerStats_1_5_Internal(l.1179) failed {.code = ERROR_NOT_SUPPORTED, .description = }
10-20 21:32:22.578  1483  3390 D SemWifiUsabilityStatsMonitor: onWifiUsabilityStats - seqNum 545016, isSameBssidAndFreq true
10-20 21:32:22.579  1483  2437 I SemWifiLinkQualityMonitor: Link Qos query: inf. ms / 0 Mbps
