11-05 23:27:32.993 18262 18287 E IMGMapper: set:488 set: Unset optional value from type SMPTE2086
11-05 23:27:32.993 18262 18287 E IMGMapper: set:488 set: Unset optional value from type CTA861_3
11-05 23:27:32.997  1039  1039 I BufferQueueProducer: [com.cinemamovel/com.cinemamovel.MainActivity$_18262#687256](this:0xb400007a262e6838,id:-1,api:0,p:-1,c:1039) queueBuffer: fps=56.16 dur=1014.97 max=50.13 min=16.16
11-05 23:27:32.999   991   991 I hwcomposer: [HWCDisplay] [Display_0 (type:1)] fps:56.147522,dur:1015.18,max:50.17,min:15.93  
11-05 23:27:33.019 18262 18287 E IMGMapper: set:488 set: Unset optional value from type SMPTE2086
11-05 23:27:33.019 18262 18287 E IMGMapper: set:488 set: Unset optional value from type CTA861_3
11-05 23:27:33.027 18262 18287 E IMGMapper: set:488 set: Unset optional value from type SMPTE2086
11-05 23:27:33.027 18262 18287 E IMGMapper: set:488 set: Unset optional value from type CTA861_3
11-05 23:27:33.031 18262 18347 D skia    : SkJpegCodec::onGetPixels +
11-05 23:27:33.043 18262 18287 E IMGMapper: set:488 set: Unset optional value from type SMPTE2086
11-05 23:27:33.043 18262 18287 E IMGMapper: set:488 set: Unset optional value from type CTA861_3
11-05 23:27:33.050 18262 18347 D skia    : SkJpegCodec::onGetPixels -
11-05 23:27:33.059 18262 18287 E IMGMapper: set:488 set: Unset optional value from type SMPTE2086
11-05 23:27:33.059 18262 18287 E IMGMapper: set:488 set: Unset optional value from type CTA861_3
11-05 23:27:33.075 18262 18287 E IMGMapper: set:488 set: Unset optional value from type SMPTE2086
11-05 23:27:33.075 18262 18287 E IMGMapper: set:488 set: Unset optional value from type CTA861_3
11-05 23:27:33.087   963   963 E audit   : type=1400 audit(1762396053.083:1722908): avc:  denied  { write } for  pid=15691 comm="ThreadPoolForeg" name="traced_producer" dev="tmpfs" ino=11170 scontext=u:r:gmscore_app:s0:c512,c768 tcontext=u:object_r:traced_producer_socket:s0 tclass=sock_file permissive=0 SEPF_SM-A037M_12_0001 unfiltered
11-05 23:27:33.094 18262 18287 E IMGMapper: set:488 set: Unset optional value from type SMPTE2086
11-05 23:27:33.094 18262 18287 E IMGMapper: set:488 set: Unset optional value from type CTA861_3
11-05 23:27:33.111 15691  6980 I gle.android.gms: Explicit concurrent copying GC freed 7053(1724KB) AllocSpace objects, 0(0B) LOS objects, 24% free, 23MB/31MB, paused 315us,108us total 448.226ms
11-05 23:27:33.112 18262 18287 E IMGMapper: set:488 set: Unset optional value from type SMPTE2086
11-05 23:27:33.112 18262 18287 E IMGMapper: set:488 set: Unset optional value from type CTA861_3
11-05 23:27:33.125 18262 18287 E IMGMapper: set:488 set: Unset optional value from type SMPTE2086
11-05 23:27:33.125 18262 18287 E IMGMapper: set:488 set: Unset optional value from type CTA861_3
11-05 23:27:33.142 18262 18287 E IMGMapper: set:488 set: Unset optional value from type SMPTE2086
11-05 23:27:33.142 18262 18287 E IMGMapper: set:488 set: Unset optional value from type CTA861_3
11-05 23:27:33.157 18262 18287 E IMGMapper: set:488 set: Unset optional value from type SMPTE2086
11-05 23:27:33.158 18262 18287 E IMGMapper: set:488 set: Unset optional value from type CTA861_3
11-05 23:27:33.182   543   543 D io_stats: !@ 179,0 r 628679687 7594132934 w 113826662 1206212496 d 1261337 33797852 f 0 0 iot 323640904 0 th 0 0 0 pt 0 inp 0 0 3402974.823
11-05 23:27:33.184 18262 18287 E IMGMapper: set:488 set: Unset optional value from type SMPTE2086
11-05 23:27:33.184 18262 18287 E IMGMapper: set:488 set: Unset optional value from type CTA861_3
11-05 23:27:33.188   999   999 D IMGMemtrackHAL: hal_get_memory: memtrack cache rebuild was required
11-05 23:27:33.232 18262 18287 E IMGMapper: set:488 set: Unset optional value from type SMPTE2086
11-05 23:27:33.232 18262 18287 E IMGMapper: set:488 set: Unset optional value from type CTA861_3
11-05 23:27:33.233  1737  1942 D MobileStatusTracker(0/2): onSignalStrengthsChanged level=3, vendorLevel=3
11-05 23:27:33.236  1737  1942 D MobileSignalController(0/2): notifyListener: enabled=true, connected=true, dataConnected=true, networkType=LTE (4G), emergencyOnly=false, roaming=false, isDefault=false, dataActivity=, level=3, ca=false, mmWave=false, disabledDataIcon=false, simCard=ETC
11-05 23:27:33.236  1737  1942 D NetworkController: SignalStrength from intent slotId=0
11-05 23:27:33.245 18262 18287 E IMGMapper: set:488 set: Unset optional value from type SMPTE2086
11-05 23:27:33.245 18262 18287 E IMGMapper: set:488 set: Unset optional value from type CTA861_3
11-05 23:27:33.260 18262 18287 E IMGMapper: set:488 set: Unset optional value from type SMPTE2086
11-05 23:27:33.260 18262 18287 E IMGMapper: set:488 set: Unset optional value from type CTA861_3
11-05 23:27:33.270 18262 18346 D skia    : SkJpegCodec::onGetPixels +
11-05 23:27:33.275 18262 18287 E IMGMapper: set:488 set: Unset optional value from type SMPTE2086
11-05 23:27:33.275 18262 18287 E IMGMapper: set:488 set: Unset optional value from type CTA861_3
11-05 23:27:33.292 18262 18287 E IMGMapper: set:488 set: Unset optional value from type SMPTE2086
11-05 23:27:33.292 18262 18287 E IMGMapper: set:488 set: Unset optional value from type CTA861_3
11-05 23:27:33.293 18262 18346 D skia    : SkJpegCodec::onGetPixels -
11-05 23:27:33.307 18262 18287 E IMGMapper: set:488 set: Unset optional value from type SMPTE2086
11-05 23:27:33.307 18262 18287 E IMGMapper: set:488 set: Unset optional value from type CTA861_3
11-05 23:27:33.325 18262 18287 E IMGMapper: set:488 set: Unset optional value from type SMPTE2086
11-05 23:27:33.325 18262 18287 E IMGMapper: set:488 set: Unset optional value from type CTA861_3
11-05 23:27:33.345 18262 18287 E IMGMapper: set:488 set: Unset optional value from type SMPTE2086
11-05 23:27:33.345 18262 18287 E IMGMapper: set:488 set: Unset optional value from type CTA861_3
11-05 23:27:33.359 18262 18347 D skia    : SkJpegCodec::onGetPixels +
11-05 23:27:33.369 18262 18287 E IMGMapper: set:488 set: Unset optional value from type SMPTE2086
11-05 23:27:33.370 18262 18287 E IMGMapper: set:488 set: Unset optional value from type CTA861_3
11-05 23:27:33.378 18262 18347 D skia    : SkJpegCodec::onGetPixels -
11-05 23:27:33.382 18262 18352 D skia    : SkJpegCodec::onGetPixels +
11-05 23:27:33.385 18262 18287 E IMGMapper: set:488 set: Unset optional value from type SMPTE2086
11-05 23:27:33.385 18262 18287 E IMGMapper: set:488 set: Unset optional value from type CTA861_3
11-05 23:27:33.397 18262 18287 E IMGMapper: set:488 set: Unset optional value from type SMPTE2086
11-05 23:27:33.397 18262 18287 E IMGMapper: set:488 set: Unset optional value from type CTA861_3
11-05 23:27:33.405 18262 18352 D skia    : SkJpegCodec::onGetPixels -
11-05 23:27:33.429 18262 18287 E IMGMapper: set:488 set: Unset optional value from type SMPTE2086
11-05 23:27:33.430 18262 18287 E IMGMapper: set:488 set: Unset optional value from type CTA861_3
11-05 23:27:33.442 18262 18287 E IMGMapper: set:488 set: Unset optional value from type SMPTE2086
11-05 23:27:33.443 18262 18287 E IMGMapper: set:488 set: Unset optional value from type CTA861_3
11-05 23:27:33.459 18262 18287 E IMGMapper: set:488 set: Unset optional value from type SMPTE2086
11-05 23:27:33.459 18262 18287 E IMGMapper: set:488 set: Unset optional value from type CTA861_3
11-05 23:27:33.476 18262 18287 E IMGMapper: set:488 set: Unset optional value from type SMPTE2086
11-05 23:27:33.476 18262 18287 E IMGMapper: set:488 set: Unset optional value from type CTA861_3
11-05 23:27:33.497 18262 18287 E IMGMapper: set:488 set: Unset optional value from type SMPTE2086
11-05 23:27:33.497 18262 18287 E IMGMapper: set:488 set: Unset optional value from type CTA861_3
11-05 23:27:33.511 18262 18287 E IMGMapper: set:488 set: Unset optional value from type SMPTE2086
11-05 23:27:33.511 18262 18287 E IMGMapper: set:488 set: Unset optional value from type CTA861_3
11-05 23:27:33.527 18262 18287 E IMGMapper: set:488 set: Unset optional value from type SMPTE2086
11-05 23:27:33.527 18262 18287 E IMGMapper: set:488 set: Unset optional value from type CTA861_3
11-05 23:27:33.544 18262 18287 E IMGMapper: set:488 set: Unset optional value from type SMPTE2086
11-05 23:27:33.544 18262 18287 E IMGMapper: set:488 set: Unset optional value from type CTA861_3
11-05 23:27:33.559 18262 18287 E IMGMapper: set:488 set: Unset optional value from type SMPTE2086
11-05 23:27:33.559 18262 18287 E IMGMapper: set:488 set: Unset optional value from type CTA861_3
11-05 23:27:33.577 18262 18287 E IMGMapper: set:488 set: Unset optional value from type SMPTE2086
11-05 23:27:33.577 18262 18287 E IMGMapper: set:488 set: Unset optional value from type CTA861_3
11-05 23:27:33.596 18262 18287 E IMGMapper: set:488 set: Unset optional value from type SMPTE2086
11-05 23:27:33.596 18262 18287 E IMGMapper: set:488 set: Unset optional value from type CTA861_3
11-05 23:27:33.611 18262 18287 E IMGMapper: set:488 set: Unset optional value from type SMPTE2086
11-05 23:27:33.611 18262 18287 E IMGMapper: set:488 set: Unset optional value from type CTA861_3
11-05 23:27:33.624 18262 18287 E IMGMapper: set:488 set: Unset optional value from type SMPTE2086
11-05 23:27:33.624 18262 18287 E IMGMapper: set:488 set: Unset optional value from type CTA861_3
11-05 23:27:33.637  1187  1663 D WifiConnectivityMonitor.NetworkStatsAnalyzer: Backhaul result - RSSI:-61, CE:14, PE:15, TI:15, PTI:16, TW:2, PTW:2, Tx:5255, Rx:3810, TxS:5244, RxS:3792, RESULT:true, IC:0, ICT:5, WC:0, WCT:5, R:0, RC:0, IE:0, EC:0
11-05 23:27:33.641 18262 18287 E IMGMapper: set:488 set: Unset optional value from type SMPTE2086
11-05 23:27:33.641 18262 18287 E IMGMapper: set:488 set: Unset optional value from type CTA861_3
11-05 23:27:33.657 18262 18287 E IMGMapper: set:488 set: Unset optional value from type SMPTE2086
11-05 23:27:33.657 18262 18287 E IMGMapper: set:488 set: Unset optional value from type CTA861_3
11-05 23:27:33.674 18262 18287 E IMGMapper: set:488 set: Unset optional value from type SMPTE2086
11-05 23:27:33.675 18262 18287 E IMGMapper: set:488 set: Unset optional value from type CTA861_3
11-05 23:27:33.692 18262 18287 E IMGMapper: set:488 set: Unset optional value from type SMPTE2086
11-05 23:27:33.692 18262 18287 E IMGMapper: set:488 set: Unset optional value from type CTA861_3
11-05 23:27:33.708 18262 18287 E IMGMapper: set:488 set: Unset optional value from type SMPTE2086
11-05 23:27:33.708 18262 18287 E IMGMapper: set:488 set: Unset optional value from type CTA861_3
11-05 23:27:33.725 18262 18287 E IMGMapper: set:488 set: Unset optional value from type SMPTE2086
11-05 23:27:33.725 18262 18287 E IMGMapper: set:488 set: Unset optional value from type CTA861_3
11-05 23:27:33.741 18262 18287 E IMGMapper: set:488 set: Unset optional value from type SMPTE2086
11-05 23:27:33.741 18262 18287 E IMGMapper: set:488 set: Unset optional value from type CTA861_3
11-05 23:27:33.758 18262 18287 E IMGMapper: set:488 set: Unset optional value from type SMPTE2086
11-05 23:27:33.758 18262 18287 E IMGMapper: set:488 set: Unset optional value from type CTA861_3
11-05 23:27:33.774 18262 18287 E IMGMapper: set:488 set: Unset optional value from type SMPTE2086
11-05 23:27:33.774 18262 18287 E IMGMapper: set:488 set: Unset optional value from type CTA861_3
11-05 23:27:33.791 18262 18287 E IMGMapper: set:488 set: Unset optional value from type SMPTE2086
11-05 23:27:33.791 18262 18287 E IMGMapper: set:488 set: Unset optional value from type CTA861_3
11-05 23:27:33.806 18262 18297 I ReactNativeJS: [auto-dump]
11-05 23:27:33.807 18262 18297 I ReactNativeJS: ---IMG_METRICS_START---
11-05 23:27:33.807 18262 18297 I ReactNativeJS: {
11-05 23:27:33.807 18262 18297 I ReactNativeJS:   "dashboardRenders": 1,
11-05 23:27:33.807 18262 18297 I ReactNativeJS:   "cardRenders": {
11-05 23:27:33.807 18262 18297 I ReactNativeJS:     "155": 13,
11-05 23:27:33.807 18262 18297 I ReactNativeJS:     "7451": 17,
11-05 23:27:33.807 18262 18297 I ReactNativeJS:     "13494": 19,
11-05 23:27:33.807 18262 18297 I ReactNativeJS:     "138843": 10,
11-05 23:27:33.807 18262 18297 I ReactNativeJS:     "157336": 4,
11-05 23:27:33.807 18262 18297 I ReactNativeJS:     "506763": 19,
11-05 23:27:33.807 18262 18297 I ReactNativeJS:     "541671": 11,
11-05 23:27:33.807 18262 18297 I ReactNativeJS:     "552524": 13,
11-05 23:27:33.807 18262 18297 I ReactNativeJS:     "574475": 4,
11-05 23:27:33.807 18262 18297 I ReactNativeJS:     "575265": 19,
11-05 23:27:33.807 18262 18297 I ReactNativeJS:     "604079": 12,
11-05 23:27:33.807 18262 18297 I ReactNativeJS:     "617126": 17,
11-05 23:27:33.807 18262 18297 I ReactNativeJS:     "660033": 6,
11-05 23:27:33.807 18262 18297 I ReactNativeJS:     "691363": 18,
11-05 23:27:33.807 18262 18297 I ReactNativeJS:     "715287": 4,
11-05 23:27:33.807 18262 18297 I ReactNativeJS:     "755898": 19,
11-05 23:27:33.807 18262 18297 I ReactNativeJS:     "803796": 19,
11-05 23:27:33.807 18262 18297 I ReactNativeJS:     "911430": 19,
11-05 23:27:33.807 18262 18297 I ReactNativeJS:     "914215": 19,
11-05 23:27:33.807 18262 18297 I ReactNativeJS:     "980477": 14,
11-05 23:27:33.807 18262 18297 I ReactNativeJS:     "987400": 19,
11-05 23:27:33.807 18262 18297 I ReactNativeJS:     "993234": 8,
11-05 23:27:33.807 18262 18297 I ReactNativeJS:     "994682": 6,
11-05 23:27:33.807 18262 18297 I ReactNativeJS:     "1007734": 19,
11-05 23:27:33.807 18262 18297 I ReactNativeJS:     "1022787": 10,
11-05 23:27:33.807 18262 18297 I ReactNativeJS:     "1028248": 19,
11-05 23:27:33.807 18262 18297 I ReactNativeJS:     "1035259": 19,
11-05 23:27:33.807 18262 18297 I ReactNativeJS:     "1038392": 19,
11-05 23:27:33.807 18262 18297 I ReactNativeJS:     "1051486": 19,
11-05 23:27:33.807 18262 18297 I ReactNativeJS:     "1061474": 19,
11-05 23:27:33.807 18262 18297 I ReactNativeJS:     "1078605": 19,
11-05 23:27:33.807 18262 18297 I ReactNativeJS:     "1083433": 3,
11-05 23:27:33.807 18262 18297 I ReactNativeJS:     "1087192": 19,
11-05 23:27:33.807 18262 18297 I ReactNativeJS:     "1119878": 16,
11-05 23:27:33.807 18262 18297 I ReactNativeJS:     "1125257": 8,
11-05 23:27:33.807 18262 18297 I ReactNativeJS:     "1151334": 15,
11-05 23:27:33.807 18262 18297 I ReactNativeJS:     "1175942": 16,
11-05 23:27:33.807 18262 18297 I ReactNativeJS:     "1188808": 14,
11-05 23:27:33.807 18262 18297 I ReactNativeJS:     "1234821": 19,
11-05 23:27:33.807 18262 18297 I ReactNativeJS:     "1242011": 19,
11-05 23:27:33.807 18262 18297 I ReactNativeJS:     "1242434": 3,
11-05 23:27:33.807 18262 18297 I ReactNativeJS:     "1244953": 2,
11-05 23:27:33.807 18262 18297 I ReactNativeJS:     "1252428": 12,
11-05 23:27:33.807 18262 18297 I ReactNativeJS:     "1265344": 18,
11-05 23:27:33.807 18262 18297 I ReactNativeJS:     "1284120": 9,
11-05 23:27:33.807 18262 18297 I ReactNativeJS:     "1311031": 19,
11-05 23:27:33.807 18262 18297 I ReactNativeJS:     "1321439": 11,
11-05 23:27:33.807 18262 18297 I ReactNativeJS:     "1367575": 9,
11-05 23:27:33.807 18262 18297 I ReactNativeJS:     "1369679": 19,
11-05 23:27:33.807 18262 18297 I ReactNativeJS:     "1382406": 15,
11-05 23:27:33.807 18262 18297 I ReactNativeJS:     "1506456": 4,
11-05 23:27:33.807 18262 18297 I ReactNativeJS:     "1530127": 2
11-05 23:27:33.807 18262 18297 I ReactNativeJS:   },
11-05 23:27:33.807 18262 18297 I ReactNativeJS:   "imageLoads": [
11-05 23:27:33.807 18262 18297 I ReactNativeJS:     {
11-05 23:27:33.807 18262 18297 I ReactNativeJS:       "id": 987400,
11-05 23:27:33.807 18262 18297 I ReactNativeJS:       "durationMs": 958
11-05 23:27:33.807 18262 18297 I ReactNativeJS:     },
11-05 23:27:33.807 18262 18297 I ReactNativeJS:     {
11-05 23:27:33.807 18262 18297 I ReactNativeJS:       "id": 755898,
11-05 23:27:33.807 18262 18297 I ReactNativeJS:       "durationMs": 1041
11-05 23:27:33.807 18262 18297 I ReactNativeJS:     },
11-05 23:27:33.807 18262 18297 I ReactNativeJS:     {
11-05 23:27:33.807 18262 18297 I ReactNativeJS:       "id": 1038392,
11-05 23:27:33.807 18262 18297 I ReactNativeJS:       "durationMs": 1139
11-05 23:27:33.807 18262 18297 I ReactNativeJS:     },
11-05 23:27:33.807 18262 18297 I ReactNativeJS:     {
11-05 23:27:33.807 18262 18297 I ReactNativeJS:       "id": 1311031,
11-05 23:27:33.807 18262 18297 I ReactNativeJS:       "durationMs": 1156
11-05 23:27:33.807 18262 18297 I ReactNativeJS:     },
11-05 23:27:33.807 18262 18297 I ReactNativeJS:     {
11-05 23:27:33.807 18262 18297 I ReactNativeJS:       "id": 1007734,
11-05 23:27:33.807 18262 18297 I ReactNativeJS:       "durationMs": 7178
11-05 23:27:33.807 18262 18297 I ReactNativeJS:     },
11-05 23:27:33.807 18262 18297 I ReactNativeJS:     {
11-05 23:27:33.807 18262 18297 I ReactNativeJS:       "id": 1078605,
11-05 23:27:33.807 18262 18297 I ReactNativeJS:       "durationMs": 7333
11-05 23:27:33.807 18262 18297 I ReactNativeJS:     },
11-05 23:27:33.807 18262 18297 I ReactNativeJS:     {
11-05 23:27:33.807 18262 18297 I ReactNativeJS:       "id": 1028248,
11-05 23:27:33.807 18262 18297 I ReactNativeJS:       "durationMs": 7430
11-05 23:27:33.807 18262 18297 I ReactNativeJS:     },
11-05 23:27:33.807 18262 18297 I ReactNativeJS:     {
11-05 23:27:33.807 18262 18297 I ReactNativeJS:       "id": 914215,
11-05 23:27:33.807 18262 18297 I ReactNativeJS:       "durationMs": 7530
11-05 23:27:33.807 18262 18297 I ReactNativeJS:     },
11-05 23:27:33.807 18262 18297 I ReactNativeJS:     {
11-05 23:27:33.807 18262 18297 I ReactNativeJS:       "id": 1035259,
11-05 23:27:33.807 18262 18297 I ReactNativeJS:       "durationMs": 8861
11-05 23:27:33.807 18262 18297 I ReactNativeJS:     },
11-05 23:27:33.807 18262 18297 I ReactNativeJS:     {
11-05 23:27:33.807 18262 18297 I ReactNativeJS:       "id": 1061474,
11-05 23:27:33.807 18262 18297 I ReactNativeJS:       "durationMs": 8980
11-05 23:27:33.807 18262 18297 I ReactNativeJS:     },
11-05 23:27:33.807 18262 18297 I ReactNativeJS:     {
11-05 23:27:33.807 18262 18297 I ReactNativeJS:       "id": 575265,
11-05 23:27:33.807 18262 18297 I ReactNativeJS:       "durationMs": 9243
11-05 23:27:33.807 18262 18297 I ReactNativeJS:     },
11-05 23:27:33.807 18262 18297 I ReactNativeJS:     {
11-05 23:27:33.807 18262 18297 I ReactNativeJS:       "id": 13494,
11-05 23:27:33.807 18262 18297 I ReactNativeJS:       "durationMs": 9244
11-05 23:27:33.807 18262 18297 I ReactNativeJS:     },
11-05 23:27:33.807 18262 18297 I ReactNativeJS:     {
11-05 23:27:33.807 18262 18297 I ReactNativeJS:       "id": 911430,
11-05 23:27:33.807 18262 18297 I ReactNativeJS:       "durationMs": 9349
11-05 23:27:33.807 18262 18297 I ReactNativeJS:     },
11-05 23:27:33.807 18262 18297 I ReactNativeJS:     {
11-05 23:27:33.807 18262 18297 I ReactNativeJS:       "id": 1369679,
11-05 23:27:33.807 18262 18297 I ReactNativeJS:       "durationMs": 9349
11-05 23:27:33.807 18262 18297 I ReactNativeJS:     },
11-05 23:27:33.807 18262 18297 I ReactNativeJS:     {
11-05 23:27:33.807 18262 18297 I ReactNativeJS:       "id": 1234821,
11-05 23:27:33.807 18262 18297 I ReactNativeJS:       "durationMs": 9564
11-05 23:27:33.807 18262 18297 I ReactNativeJS:     },
11-05 23:27:33.807 18262 18297 I ReactNativeJS:     {
11-05 23:27:33.807 18262 18297 I ReactNativeJS:       "id": 803796,
11-05 23:27:33.807 18262 18297 I ReactNativeJS:       "durationMs": 9646
11-05 23:27:33.807 18262 18297 I ReactNativeJS:     },
11-05 23:27:33.807 18262 18297 I ReactNativeJS:     {
11-05 23:27:33.807 18262 18297 I ReactNativeJS:       "id": 1242011,
11-05 23:27:33.807 18262 18297 I ReactNativeJS:       "durationMs": 10267
11-05 23:27:33.807 18262 18297 I ReactNativeJS:     },
11-05 23:27:33.807 18262 18297 I ReactNativeJS:     {
11-05 23:27:33.807 18262 18297 I ReactNativeJS:       "id": 1087192,
11-05 23:27:33.807 18262 18297 I ReactNativeJS:       "durationMs": 10419
11-05 23:27:33.807 18262 18297 I ReactNativeJS:     },
11-05 23:27:33.807 18262 18297 I ReactNativeJS:     {
11-05 23:27:33.807 18262 18297 I ReactNativeJS:       "id": 1051486,
11-05 23:27:33.807 18262 18297 I ReactNativeJS:       "durationMs": 10457
11-05 23:27:33.807 18262 18297 I ReactNativeJS:     },
11-05 23:27:33.807 18262 18297 I ReactNativeJS:     {
11-05 23:27:33.807 18262 18297 I ReactNativeJS:       "id": 506763,
11-05 23:27:33.807 18262 18297 I ReactNativeJS:       "durationMs": 10474
11-05 23:27:33.807 18262 18297 I ReactNativeJS:     },
11-05 23:27:33.807 18262 18297 I ReactNativeJS:     {
11-05 23:27:33.807 18262 18297 I ReactNativeJS:       "id": 691363,
11-05 23:27:33.807 18262 18297 I ReactNativeJS:       "durationMs": 5006
11-05 23:27:33.807 18262 18297 I ReactNativeJS:     },
11-05 23:27:33.807 18262 18297 I ReactNativeJS:     {
11-05 23:27:33.807 18262 18297 I ReactNativeJS:       "id": 7451,
11-05 23:27:33.807 18262 18297 I ReactNativeJS:       "durationMs": 4871
11-05 23:27:33.807 18262 18297 I ReactNativeJS:     },
11-05 23:27:33.807 18262 18297 I ReactNativeJS:     {
11-05 23:27:33.807 18262 18297 I ReactNativeJS:       "id": 617126,
11-05 23:27:33.807 18262 18297 I ReactNativeJS:       "durationMs": 4867
11-05 23:27:33.807 18262 18297 I ReactNativeJS:     },
11-05 23:27:33.807 18262 18297 I ReactNativeJS:     {
11-05 23:27:33.807 18262 18297 I ReactNativeJS:       "id": 1265344,
11-05 23:27:33.807 18262 18297 I ReactNativeJS:       "durationMs": 4996
11-05 23:27:33.807 18262 18297 I ReactNativeJS:     },
11-05 23:27:33.807 18262 18297 I ReactNativeJS:     {
11-05 23:27:33.807 18262 18297 I ReactNativeJS:       "id": 1119878,
11-05 23:27:33.807 18262 18297 I ReactNativeJS:       "durationMs": 3484
11-05 23:27:33.807 18262 18297 I ReactNativeJS:     },
11-05 23:27:33.807 18262 18297 I ReactNativeJS:     {
11-05 23:27:33.807 18262 18297 I ReactNativeJS:       "id": 1175942,
11-05 23:27:33.807 18262 18297 I ReactNativeJS:       "durationMs": 3641
11-05 23:27:33.807 18262 18297 I ReactNativeJS:     },
11-05 23:27:33.807 18262 18297 I ReactNativeJS:     {
11-05 23:27:33.807 18262 18297 I ReactNativeJS:       "id": 1382406,
11-05 23:27:33.807 18262 18297 I ReactNativeJS:       "durationMs": 3852
11-05 23:27:33.807 18262 18297 I ReactNativeJS:     },
11-05 23:27:33.807 18262 18297 I ReactNativeJS:     {
11-05 23:27:33.807 18262 18297 I ReactNativeJS:       "id": 1151334,
11-05 23:27:33.807 18262 18297 I ReactNativeJS:       "durationMs": 3955
11-05 23:27:33.807 18262 18297 I ReactNativeJS:     },
11-05 23:27:33.807 18262 18297 I ReactNativeJS:     {
11-05 23:27:33.807 18262 18297 I ReactNativeJS:       "id": 1188808,
11-05 23:27:33.807 18262 18297 I ReactNativeJS:       "durationMs": 4514
11-05 23:27:33.807 18262 18297 I ReactNativeJS:     },
11-05 23:27:33.807 18262 18297 I ReactNativeJS:     {
11-05 23:27:33.807 18262 18297 I ReactNativeJS:       "id": 552524,
11-05 23:27:33.807 18262 18297 I ReactNativeJS:       "durationMs": 4183
11-05 23:27:33.807 18262 18297 I ReactNativeJS:     },
11-05 23:27:33.807 18262 18297 I ReactNativeJS:     {
11-05 23:27:33.807 18262 18297 I ReactNativeJS:       "id": 155,
11-05 23:27:33.807 18262 18297 I ReactNativeJS:       "durationMs": 4193
11-05 23:27:33.807 18262 18297 I ReactNativeJS:     },
11-05 23:27:33.807 18262 18297 I ReactNativeJS:     {
11-05 23:27:33.807 18262 18297 I ReactNativeJS:       "id": 980477,
11-05 23:27:33.807 18262 18297 I ReactNativeJS:       "durationMs": 4497
11-05 23:27:33.807 18262 18297 I ReactNativeJS:     },
11-05 23:27:33.807 18262 18297 I ReactNativeJS:     {
11-05 23:27:33.807 18262 18297 I ReactNativeJS:       "id": 1252428,
11-05 23:27:33.807 18262 18297 I ReactNativeJS:       "durationMs": 3561
11-05 23:27:33.807 18262 18297 I ReactNativeJS:     },
11-05 23:27:33.807 18262 18297 I ReactNativeJS:     {
11-05 23:27:33.807 18262 18297 I ReactNativeJS:       "id": 604079,
11-05 23:27:33.807 18262 18297 I ReactNativeJS:       "durationMs": 3773
11-05 23:27:33.807 18262 18297 I ReactNativeJS:     },
11-05 23:27:33.807 18262 18297 I ReactNativeJS:     {
11-05 23:27:33.807 18262 18297 I ReactNativeJS:       "id": 1321439,
11-05 23:27:33.807 18262 18297 I ReactNativeJS:       "durationMs": 3735
11-05 23:27:33.807 18262 18297 I ReactNativeJS:     },
11-05 23:27:33.807 18262 18297 I ReactNativeJS:     {
11-05 23:27:33.807 18262 18297 I ReactNativeJS:       "id": 541671,
11-05 23:27:33.807 18262 18297 I ReactNativeJS:       "durationMs": 3749
11-05 23:27:33.807 18262 18297 I ReactNativeJS:     }
11-05 23:27:33.807 18262 18297 I ReactNativeJS:   ],
11-05 23:27:33.807 18262 18297 I ReactNativeJS:   "navigationEvents": [
11-05 23:27:33.807 18262 18297 I ReactNativeJS:     {
11-05 23:27:33.807 18262 18297 I ReactNativeJS:       "action": "focus_dashboard",
11-05 23:27:33.807 18262 18297 I ReactNativeJS:       "timestamp": 1762396038698
11-05 23:27:33.807 18262 18297 I ReactNativeJS:     }
11-05 23:27:33.807 18262 18297 I ReactNativeJS:   ]
11-05 23:27:33.807 18262 18297 I ReactNativeJS: }
11-05 23:27:33.807 18262 18297 I ReactNativeJS: ---IMG_METRICS_END---
11-05 23:27:33.808 18262 18287 E IMGMapper: set:488 set: Unset optional value from type SMPTE2086
11-05 23:27:33.808 18262 18287 E IMGMapper: set:488 set: Unset optional value from type CTA861_3
11-05 23:27:33.830 18262 18287 E IMGMapper: set:488 set: Unset optional value from type SMPTE2086
11-05 23:27:33.831 18262 18287 E IMGMapper: set:488 set: Unset optional value from type CTA861_3
11-05 23:27:33.842 18262 18287 E IMGMapper: set:488 set: Unset optional value from type SMPTE2086
11-05 23:27:33.842 18262 18287 E IMGMapper: set:488 set: Unset optional value from type CTA861_3
11-05 23:27:33.860 18262 18287 E IMGMapper: set:488 set: Unset optional value from type SMPTE2086
11-05 23:27:33.860 18262 18287 E IMGMapper: set:488 set: Unset optional value from type CTA861_3
11-05 23:27:33.877 18262 18287 E IMGMapper: set:488 set: Unset optional value from type SMPTE2086
11-05 23:27:33.877 18262 18287 E IMGMapper: set:488 set: Unset optional value from type CTA861_3
11-05 23:27:33.894 18262 18287 E IMGMapper: set:488 set: Unset optional value from type SMPTE2086
11-05 23:27:33.894 18262 18287 E IMGMapper: set:488 set: Unset optional value from type CTA861_3
11-05 23:27:33.913 18262 18287 E IMGMapper: set:488 set: Unset optional value from type SMPTE2086
11-05 23:27:33.913 18262 18287 E IMGMapper: set:488 set: Unset optional value from type CTA861_3
11-05 23:27:33.932 18262 18287 E IMGMapper: set:488 set: Unset optional value from type SMPTE2086
11-05 23:27:33.932 18262 18287 E IMGMapper: set:488 set: Unset optional value from type CTA861_3
11-05 23:27:33.943 18262 18287 E IMGMapper: set:488 set: Unset optional value from type SMPTE2086
11-05 23:27:33.943 18262 18287 E IMGMapper: set:488 set: Unset optional value from type CTA861_3
11-05 23:27:33.959 18262 18287 E IMGMapper: set:488 set: Unset optional value from type SMPTE2086
11-05 23:27:33.959 18262 18287 E IMGMapper: set:488 set: Unset optional value from type CTA861_3
11-05 23:27:33.983 18262 18287 E IMGMapper: set:488 set: Unset optional value from type SMPTE2086
11-05 23:27:33.983 18262 18287 E IMGMapper: set:488 set: Unset optional value from type CTA861_3
11-05 23:27:33.993 18262 18287 E IMGMapper: set:488 set: Unset optional value from type SMPTE2086
11-05 23:27:33.993 18262 18287 E IMGMapper: set:488 set: Unset optional value from type CTA861_3
11-05 23:27:34.008  1187  2418 D InputDispatcher: Inject motion (18419/2000): action=0x0, time=3402975649000000, f=0x0, d=0 dsdx=1.000000 dtdx=0.000000
11-05 23:27:34.008  1187  1534 I InputDispatcher: Delivering touch to (1737): action: 0x4, f=0x0, d=0, 'd92b8ad', t=1 
11-05 23:27:34.009  1187  1534 I InputDispatcher: Delivering touch to (18262): action: 0x0, f=0x0, d=0, 'eec0419', t=1 
11-05 23:27:34.009  1187  1534 D PowerManagerService: [api] userActivityFromNative :  (event: 2 flags: 0 displayId: 0) eventTime = 3402975649
11-05 23:27:34.009 18262 18287 E IMGMapper: set:488 set: Unset optional value from type SMPTE2086
11-05 23:27:34.009  1187  1303 I GestureDetector: obtain mCurrentDownEvent. id: -409513147 caller: com.android.server.wm.SystemGesturesPointerEventListener.onPointerEvent:203 com.android.server.wm.PointerEventDispatcher.onInputEvent:53 android.view.InputEventReceiver.dispatchInputEvent:285 
11-05 23:27:34.009 18262 18287 E IMGMapper: set:488 set: Unset optional value from type CTA861_3
11-05 23:27:34.010  1187  1303 I GestureDetector: obtain mCurrentDownEvent. id: -409513147 caller: com.android.server.wm.SystemPerformancePointerEventListener.onPointerEvent:89 com.android.server.wm.PointerEventDispatcher.onInputEvent:53 android.view.InputEventReceiver.dispatchInputEvent:285 
11-05 23:27:34.011 18262 18262 I ViewRootImpl@706bef1[MainActivity]: ViewPostIme pointer 0
11-05 23:27:34.012  1039  1039 I BufferQueueProducer: [com.cinemamovel/com.cinemamovel.MainActivity$_18262#687256](this:0xb400007a262e6838,id:-1,api:0,p:-1,c:1039) queueBuffer: fps=57.13 dur=1015.31 max=50.55 min=16.30
11-05 23:27:34.014   991   991 I hwcomposer: [HWCDisplay] [Display_0 (type:1)] fps:57.134140,dur:1015.15,max:51.06,min:15.86  
11-05 23:27:34.022  1187  1303 I GestureDetector: obtain mCurrentMotionEventRaw. action: 2 id: -22632697
11-05 23:27:34.022  1187  1303 I GestureDetector: obtain mCurrentMotionEventRaw. action: 2 id: -22632697
11-05 23:27:34.031   896   910 I mtkpower_client: perf_lock_rel, hdl:1047577, tid:910
11-05 23:27:34.031   896   910 I mtkpower_client: perf_lock_acq, hdl:0, dur:0, num:2, tid:910
11-05 23:27:34.031  1014  1065 I libPowerHal: [perfLockRel] hdl:1047577, idx:1
11-05 23:27:34.032 18262 18287 E IMGMapper: set:488 set: Unset optional value from type SMPTE2086
11-05 23:27:34.032 18262 18287 E IMGMapper: set:488 set: Unset optional value from type CTA861_3
11-05 23:27:34.032  1014  1065 I libPowerHal: vendor.samsung.: cpu_ctrl set cpu freq: 1218000 -1 -1 -1
11-05 23:27:34.033  1014  1065 I libPowerHal: [perfLockAcq] idx:2 hdl:1047579 hint:-1 pid:896 duration:0 lock_user:vendor.samsung. => ret_hdl:1047579
11-05 23:27:34.033   896   910 I mtkpower_client: ret_hdl:1047579
11-05 23:27:34.033   896   910 I mtkpower_client: perf_lock_rel, hdl:1047578, tid:910
11-05 23:27:34.033  1014  1065 I libPowerHal: vendor.samsung.: cpu_ctrl set cpu freq: 1218000 -1 1138000 -1
11-05 23:27:34.033   896   910 I mtkpower_client: perf_lock_acq, hdl:0, dur:0, num:2, tid:910
11-05 23:27:34.033  1014  1065 I libPowerHal: [perfLockRel] hdl:1047578, idx:0
11-05 23:27:34.034  1014  1065 I libPowerHal: vendor.samsung.: cpu_ctrl set cpu freq: -1 -1 1138000 -1
11-05 23:27:34.034   896   910 I mtkpower_client: ret_hdl:1047580
11-05 23:27:34.034  1014  1065 I libPowerHal: [perfLockAcq] idx:0 hdl:1047580 hint:-1 pid:896 duration:0 lock_user:vendor.samsung. => ret_hdl:1047580
11-05 23:27:34.035   896   910 I HYPER-HAL: [RequestManager.cpp]releaseLocked(): Released ID : 725427
11-05 23:27:34.035  1014  1065 I libPowerHal: vendor.samsung.: cpu_ctrl set cpu freq: 1218000 -1 1138000 -1
11-05 23:27:34.053 18262 18287 E IMGMapper: set:488 set: Unset optional value from type SMPTE2086
11-05 23:27:34.053 18262 18287 E IMGMapper: set:488 set: Unset optional value from type CTA861_3
11-05 23:27:34.062 18262 18287 E IMGMapper: set:488 set: Unset optional value from type SMPTE2086
11-05 23:27:34.062 18262 18287 E IMGMapper: set:488 set: Unset optional value from type CTA861_3
11-05 23:27:34.074 18262 18287 E IMGMapper: set:488 set: Unset optional value from type SMPTE2086
11-05 23:27:34.074 18262 18287 E IMGMapper: set:488 set: Unset optional value from type CTA861_3
11-05 23:27:34.089 18262 18287 E IMGMapper: set:488 set: Unset optional value from type SMPTE2086
11-05 23:27:34.089 18262 18287 E IMGMapper: set:488 set: Unset optional value from type CTA861_3
11-05 23:27:34.106 18262 18287 E IMGMapper: set:488 set: Unset optional value from type SMPTE2086
11-05 23:27:34.106 18262 18287 E IMGMapper: set:488 set: Unset optional value from type CTA861_3
11-05 23:27:34.123 18262 18287 E IMGMapper: set:488 set: Unset optional value from type SMPTE2086
11-05 23:27:34.123 18262 18287 E IMGMapper: set:488 set: Unset optional value from type CTA861_3
11-05 23:27:34.141 18262 18287 E IMGMapper: set:488 set: Unset optional value from type SMPTE2086
11-05 23:27:34.141 18262 18287 E IMGMapper: set:488 set: Unset optional value from type CTA861_3
11-05 23:27:34.160 18262 18287 E IMGMapper: set:488 set: Unset optional value from type SMPTE2086
11-05 23:27:34.160 18262 18287 E IMGMapper: set:488 set: Unset optional value from type CTA861_3
11-05 23:27:34.175 18262 18287 E IMGMapper: set:488 set: Unset optional value from type SMPTE2086
11-05 23:27:34.175 18262 18287 E IMGMapper: set:488 set: Unset optional value from type CTA861_3
11-05 23:27:34.191 18262 18287 E IMGMapper: set:488 set: Unset optional value from type SMPTE2086
11-05 23:27:34.191 18262 18287 E IMGMapper: set:488 set: Unset optional value from type CTA861_3
11-05 23:27:34.215 18262 18287 E IMGMapper: set:488 set: Unset optional value from type SMPTE2086
11-05 23:27:34.215 18262 18287 E IMGMapper: set:488 set: Unset optional value from type CTA861_3
11-05 23:27:34.226 18262 18287 E IMGMapper: set:488 set: Unset optional value from type SMPTE2086
11-05 23:27:34.226 18262 18287 E IMGMapper: set:488 set: Unset optional value from type CTA861_3
11-05 23:27:34.241 18262 18287 E IMGMapper: set:488 set: Unset optional value from type SMPTE2086
11-05 23:27:34.241 18262 18287 E IMGMapper: set:488 set: Unset optional value from type CTA861_3
11-05 23:27:34.257 18262 18287 E IMGMapper: set:488 set: Unset optional value from type SMPTE2086
11-05 23:27:34.257 18262 18287 E IMGMapper: set:488 set: Unset optional value from type CTA861_3
11-05 23:27:34.288 18262 18287 E IMGMapper: set:488 set: Unset optional value from type SMPTE2086
11-05 23:27:34.289 18262 18287 E IMGMapper: set:488 set: Unset optional value from type CTA861_3
11-05 23:27:34.307 18262 18287 E IMGMapper: set:488 set: Unset optional value from type SMPTE2086
11-05 23:27:34.307 18262 18287 E IMGMapper: set:488 set: Unset optional value from type CTA861_3
11-05 23:27:34.312 18262 18346 D skia    : SkJpegCodec::onGetPixels +
11-05 23:27:34.336 18262 18346 D skia    : SkJpegCodec::onGetPixels -
11-05 23:27:34.352  1187  3222 D CustomizedBinderCallsStatsInternal: reportCpuUsage() : 3%
11-05 23:27:34.353  1187  1334 I BinderCallsStats: Collected cpu time : 0us, collected call count : 0 for 60195 ms
11-05 23:27:34.353  1187  1334 I CustomizedBinderCallsStatsInternal: should write the current data!!
11-05 23:27:34.353  1187  1307 I BinderCallsStats: Nothing to write to file. Just return
11-05 23:27:34.354  1187  2418 D InputDispatcher: Inject motion (18419/2000): action=0x1, time=3402975995000000, f=0x0, d=0 dsdx=1.000000 dtdx=0.000000
11-05 23:27:34.354  1187  1534 I InputDispatcher: Delivering touch to (18262): action: 0x1, f=0x0, d=0, 'eec0419', t=1 
11-05 23:27:34.356 18262 18287 E IMGMapper: set:488 set: Unset optional value from type SMPTE2086
11-05 23:27:34.356 18262 18287 E IMGMapper: set:488 set: Unset optional value from type CTA861_3
11-05 23:27:34.359  1187  1187 I SemDvfsHyPerManager: acquire hyper - SMOOTH_SCROLL/1187@17, type = -999
11-05 23:27:34.360   896   910 I HYPER-HAL: [RequestManager.cpp]acquire(): Acquired ID : 725427  [1187 / 17]    HINT : SMOOTH_SCROLL    list : 
11-05 23:27:34.360 18262 18262 I ViewRootImpl@706bef1[MainActivity]: ViewPostIme pointer 1
11-05 23:27:34.361   896   910 I mtkpower_client: perf_lock_rel, hdl:1047579, tid:910
11-05 23:27:34.361  1187  1187 D SGM:GameManager: identifyGamePackage. com.cinemamovel, mCurrentUserId: 0, callerUserId: 0, callingMethodInfo: com.android.server.ssrm.fgapps.GameAppUtils.isGame(GameAppUtils.java:84)
11-05 23:27:34.361  1187  1187 D SGM:PkgDataHelper: getGamePkgData(). com.cinemamovel
11-05 23:27:34.361  1187  1187 I SemDvfsHyPerManager: acquire hyper - GESTURE_DETECTED/1187@18, type = -999
11-05 23:27:34.361  1014  1065 I libPowerHal: [perfLockRel] hdl:1047579, idx:2
11-05 23:27:34.361   896   910 I mtkpower_client: perf_lock_acq, hdl:0, dur:0, num:2, tid:910
11-05 23:27:34.362  1014  1065 I libPowerHal: vendor.samsung.: cpu_ctrl set cpu freq: 1218000 -1 -1 -1
11-05 23:27:34.363   896   910 I mtkpower_client: ret_hdl:1047581
11-05 23:27:34.363   896   910 I mtkpower_client: perf_lock_rel, hdl:1047580, tid:910
11-05 23:27:34.363  1014  1065 I libPowerHal: [perfLockAcq] idx:1 hdl:1047581 hint:-1 pid:896 duration:0 lock_user:vendor.samsung. => ret_hdl:1047581
11-05 23:27:34.363  1014  1065 I libPowerHal: vendor.samsung.: cpu_ctrl set cpu freq: 1218000 -1 1138000 -1
11-05 23:27:34.363  1187  1187 D SGM:GameManager: identifyGamePackage. com.cinemamovel, mCurrentUserId: 0, callerUserId: 0, callingMethodInfo: com.android.server.ssrm.fgapps.GameAppUtils.isGame(GameAppUtils.java:84)
11-05 23:27:34.363  1187  1187 D SGM:PkgDataHelper: getGamePkgData(). com.cinemamovel
11-05 23:27:34.364   896   910 I mtkpower_client: perf_lock_acq, hdl:0, dur:0, num:2, tid:910
11-05 23:27:34.364  1014  1065 I libPowerHal: [perfLockRel] hdl:1047580, idx:0
11-05 23:27:34.364  1014  1065 I libPowerHal: vendor.samsung.: cpu_ctrl set cpu freq: -1 -1 1138000 -1
11-05 23:27:34.364  1187  1187 I SemDvfsHyPerManager: acquire hyper - GESTURE_DETECTED/1187@18, type = -999
11-05 23:27:34.365   896   910 I mtkpower_client: ret_hdl:1047582
11-05 23:27:34.365   896   910 I mtkpower_client: perf_lock_rel, hdl:1047581, tid:910
11-05 23:27:34.365  1014  1065 I libPowerHal: [perfLockAcq] idx:0 hdl:1047582 hint:-1 pid:896 duration:0 lock_user:vendor.samsung. => ret_hdl:1047582
11-05 23:27:34.365  1014  1065 I libPowerHal: vendor.samsung.: cpu_ctrl set cpu freq: 1218000 -1 1138000 -1
11-05 23:27:34.367   896   910 I mtkpower_client: perf_lock_acq, hdl:0, dur:0, num:2, tid:910
11-05 23:27:34.368  1014  1065 I libPowerHal: [perfLockRel] hdl:1047581, idx:1
11-05 23:27:34.369  1014  1065 I libPowerHal: vendor.samsung.: cpu_ctrl set cpu freq: 1218000 -1 -1 -1
11-05 23:27:34.370   896   910 I mtkpower_client: ret_hdl:1047583
11-05 23:27:34.370   896   910 I mtkpower_client: perf_lock_rel, hdl:1047582, tid:910
11-05 23:27:34.370  1014  1065 I libPowerHal: [perfLockAcq] idx:2 hdl:1047583 hint:-1 pid:896 duration:0 lock_user:vendor.samsung. => ret_hdl:1047583
11-05 23:27:34.370  1014  1065 I libPowerHal: vendor.samsung.: cpu_ctrl set cpu freq: 1218000 -1 1138000 -1
11-05 23:27:34.370 18262 18287 E IMGMapper: set:488 set: Unset optional value from type SMPTE2086
11-05 23:27:34.370 18262 18287 E IMGMapper: set:488 set: Unset optional value from type CTA861_3
11-05 23:27:34.371   896   910 I mtkpower_client: perf_lock_acq, hdl:0, dur:0, num:2, tid:910
11-05 23:27:34.371  1014  1065 I libPowerHal: [perfLockRel] hdl:1047582, idx:0
11-05 23:27:34.371  1014  1065 I libPowerHal: vendor.samsung.: cpu_ctrl set cpu freq: -1 -1 1138000 -1
11-05 23:27:34.372   896   910 I mtkpower_client: ret_hdl:1047584
11-05 23:27:34.373   896   910 I HYPER-HAL: [RequestManager.cpp]releaseLocked(): Released ID : 725427
11-05 23:27:34.373   896   910 I HYPER-HAL: [RequestManager.cpp]acquire(): Acquired ID : 726633  [1187 / 18]    HINT : GESTURE_DETECTED    list : [TIMEOUT / 1702] 
11-05 23:27:34.373   896   910 I HYPER-HAL: [RequestManager.cpp]acquire(): Acquired ID : 726633  [1187 / 18]    HINT : GESTURE_DETECTED    list : [TIMEOUT / 1702] 
11-05 23:27:34.373  1014  1065 I libPowerHal: [perfLockAcq] idx:0 hdl:1047584 hint:-1 pid:896 duration:0 lock_user:vendor.samsung. => ret_hdl:1047584
11-05 23:27:34.374  1187  1187 I SemDvfsHyPerManager: acquire hyper - SMOOTH_SCROLL/1187@17, type = -999
11-05 23:27:34.375   896   910 I HYPER-HAL: [RequestManager.cpp]acquire(): Acquired ID : 725427  [1187 / 17]    HINT : SMOOTH_SCROLL    list : 
11-05 23:27:34.375  1014  1065 I libPowerHal: vendor.samsung.: cpu_ctrl set cpu freq: 1218000 -1 1138000 -1
11-05 23:27:34.375   896   910 I mtkpower_client: perf_lock_rel, hdl:1047583, tid:910
11-05 23:27:34.376  1014  1065 I libPowerHal: [perfLockRel] hdl:1047583, idx:2
11-05 23:27:34.376   896   910 I mtkpower_client: perf_lock_acq, hdl:0, dur:0, num:2, tid:910
11-05 23:27:34.376  1014  1065 I libPowerHal: vendor.samsung.: cpu_ctrl set cpu freq: 1218000 -1 -1 -1
11-05 23:27:34.377   896   910 I mtkpower_client: ret_hdl:1047585
11-05 23:27:34.377   896   910 I mtkpower_client: perf_lock_rel, hdl:1047584, tid:910
11-05 23:27:34.377  1014  1065 I libPowerHal: [perfLockAcq] idx:1 hdl:1047585 hint:-1 pid:896 duration:0 lock_user:vendor.samsung. => ret_hdl:1047585
11-05 23:27:34.377  1014  1065 I libPowerHal: vendor.samsung.: cpu_ctrl set cpu freq: 1218000 -1 1138000 -1
11-05 23:27:34.378   896   910 I mtkpower_client: perf_lock_acq, hdl:0, dur:0, num:2, tid:910
11-05 23:27:34.379  1014  1065 I libPowerHal: [perfLockRel] hdl:1047584, idx:0
11-05 23:27:34.380  1014  1065 I libPowerHal: vendor.samsung.: cpu_ctrl set cpu freq: -1 -1 1138000 -1
11-05 23:27:34.382   896   910 I mtkpower_client: ret_hdl:1047586
11-05 23:27:34.382  1014  1065 I libPowerHal: [perfLockAcq] idx:2 hdl:1047586 hint:-1 pid:896 duration:0 lock_user:vendor.samsung. => ret_hdl:1047586
11-05 23:27:34.382  1014  1065 I libPowerHal: vendor.samsung.: cpu_ctrl set cpu freq: 1218000 -1 1138000 -1
11-05 23:27:34.384 18262 18287 E IMGMapper: set:488 set: Unset optional value from type SMPTE2086
11-05 23:27:34.384 18262 18287 E IMGMapper: set:488 set: Unset optional value from type CTA861_3
11-05 23:27:34.396 18262 18287 E IMGMapper: set:488 set: Unset optional value from type SMPTE2086
11-05 23:27:34.397 18262 18287 E IMGMapper: set:488 set: Unset optional value from type CTA861_3
11-05 23:27:34.406 18262 18287 E IMGMapper: set:488 set: Unset optional value from type SMPTE2086
11-05 23:27:34.407 18262 18287 E IMGMapper: set:488 set: Unset optional value from type CTA861_3
11-05 23:27:34.414 18262 18349 D skia    : SkJpegCodec::onGetPixels +
11-05 23:27:34.424 18262 18287 E IMGMapper: set:488 set: Unset optional value from type SMPTE2086
11-05 23:27:34.424 18262 18287 E IMGMapper: set:488 set: Unset optional value from type CTA861_3
11-05 23:27:34.426 18262 18347 D skia    : SkJpegCodec::onGetPixels +
11-05 23:27:34.433 18262 18349 D skia    : SkJpegCodec::onGetPixels -
11-05 23:27:34.439 18262 18352 D skia    : SkJpegCodec::onGetPixels +
11-05 23:27:34.443 18262 18347 D skia    : SkJpegCodec::onGetPixels -
11-05 23:27:34.449 18262 18287 E IMGMapper: set:488 set: Unset optional value from type SMPTE2086
11-05 23:27:34.450 18262 18287 E IMGMapper: set:488 set: Unset optional value from type CTA861_3
11-05 23:27:34.459 18262 18287 E IMGMapper: set:488 set: Unset optional value from type SMPTE2086
11-05 23:27:34.459 18262 18287 E IMGMapper: set:488 set: Unset optional value from type CTA861_3
11-05 23:27:34.462 18262 18352 D skia    : SkJpegCodec::onGetPixels -
11-05 23:27:34.474 18262 18287 E IMGMapper: set:488 set: Unset optional value from type SMPTE2086
11-05 23:27:34.474 18262 18287 E IMGMapper: set:488 set: Unset optional value from type CTA861_3
11-05 23:27:34.487 18262 18287 E IMGMapper: set:488 set: Unset optional value from type SMPTE2086
11-05 23:27:34.487 18262 18287 E IMGMapper: set:488 set: Unset optional value from type CTA861_3
11-05 23:27:34.507 18262 18287 E IMGMapper: set:488 set: Unset optional value from type SMPTE2086
11-05 23:27:34.507 18262 18287 E IMGMapper: set:488 set: Unset optional value from type CTA861_3
11-05 23:27:34.511  1737  1942 D MobileStatusTracker(0/2): onSignalStrengthsChanged level=3, vendorLevel=3
11-05 23:27:34.514  1737  1942 D MobileSignalController(0/2): notifyListener: enabled=true, connected=true, dataConnected=true, networkType=LTE (4G), emergencyOnly=false, roaming=false, isDefault=false, dataActivity=, level=3, ca=false, mmWave=false, disabledDataIcon=false, simCard=ETC
11-05 23:27:34.515  1737  1942 D NetworkController: SignalStrength from intent slotId=0
11-05 23:27:34.521 18262 18287 E IMGMapper: set:488 set: Unset optional value from type SMPTE2086
11-05 23:27:34.521 18262 18287 E IMGMapper: set:488 set: Unset optional value from type CTA861_3
11-05 23:27:34.545 18262 18287 E IMGMapper: set:488 set: Unset optional value from type SMPTE2086
11-05 23:27:34.545 18262 18287 E IMGMapper: set:488 set: Unset optional value from type CTA861_3
11-05 23:27:34.558 18262 18347 D skia    : SkJpegCodec::onGetPixels +
11-05 23:27:34.564 18262 18287 E IMGMapper: set:488 set: Unset optional value from type SMPTE2086
11-05 23:27:34.565 18262 18287 E IMGMapper: set:488 set: Unset optional value from type CTA861_3
11-05 23:27:34.584 18262 18287 E IMGMapper: set:488 set: Unset optional value from type SMPTE2086
11-05 23:27:34.584 18262 18287 E IMGMapper: set:488 set: Unset optional value from type CTA861_3
11-05 23:27:34.588 18262 18347 D skia    : SkJpegCodec::onGetPixels -
11-05 23:27:34.611   992   992 I android.hardware.health@2.1-service-samsung: start ISehThermal::getService()
11-05 23:27:34.611   494   494 I hwservicemanager: getTransport: Cannot find entry vendor.samsung.hardware.thermal@1.0::ISehThermal/default in either framework or device VINTF manifest.
11-05 23:27:34.612   992   992 E android.hardware.health@2.1-service-samsung: ISehThermal::getService() fail
11-05 23:27:34.613  1187  1581 D BatteryService: Sending ACTION_BATTERY_CHANGED: level:75, status:2, health:2, ac:false, usb:true, wireless:false, pogo:false, misc:0x0, charge_type:1, charger_type:0, voltage:4097, temperature:348, online:1, current_avg:50900, ps:false, hvc:false, capacity:280000, current_event:0x0, current_now:204300, mcc:500000, mcv:5000000, cc:2209500, present:true, scale:100, technology:Li-ion
11-05 23:27:34.615  1187  1527 D MotionRecognitionService: [SAR]  onReceive : ACTION_BATTERY_CHANGED, Plugged: 2
11-05 23:27:34.615  1187  1187 D PhoneWindowManagerExt: ACTION_BATTERY_CHANGED - Level=75, status=2
11-05 23:27:34.615  1187  1674 I DeviceBatteryInfoService: action: android.intent.action.BATTERY_CHANGED
11-05 23:27:34.615  1187  1674 I DeviceBatteryInfoService: phone battery level: 75
11-05 23:27:34.615  1187  1674 I DeviceBatteryInfoService: phone battery status: 2
11-05 23:27:34.615  1187  1187 D SemWifiApBroadcastReceiver: Received : android.intent.action.BATTERY_CHANGED
11-05 23:27:34.616  1711  1711 D SemBigDataInfoController: Intent: android.intent.action.BATTERY_CHANGED
11-05 23:27:34.616  1711  1711 D SemBigDataInfoController: Intent: android.intent.action.BATTERY_CHANGED
11-05 23:27:34.617  1737  1737 I PowerUI : mBootCompleted = true |  mFullyConnected = true
11-05 23:27:34.617  1737  1737 I PowerUI : BATTERY_HEALTH_CHECK extraHealth=2 mBatteryMiscEvent=0
11-05 23:27:34.617  1737  1737 W PowerUI : Plug reason
11-05 23:27:34.617  1737  1737 W PowerUI : Skip charging animation - by plug status
11-05 23:27:34.617  1737  1737 D PowerUI : priorPlugType = 2 mPlugType = 2 priorBatteryStatus = 2 mBatteryStatus = 2
11-05 23:27:34.617  1737  1737 W PowerUI : Plug reason
11-05 23:27:34.617  1737  1737 W PowerUI : Skip charging sound - by plug status
11-05 23:27:34.617  1737  1737 I PowerUI : oldMisalign : false, curMisalign : false
11-05 23:27:34.618  1737  1737 D SecPowerUI.Notification: showChargingNotice oldChargingType : 11 / currentChargingType : 11, oldChargingTime : 0 / mChargingTime : 0
11-05 23:27:34.618  1737  1737 D SecPowerUI.Notification: There is no change about charging status, so return!
11-05 23:27:34.618  1737  1737 D PowerUI : Battery swelling mode - priorBatterySwellingMode = 0 mBatterySwellingMode = 0 mBatteryStatus = 2
11-05 23:27:34.618  1737  1737 I PowerUI : mBatteryMiscEvent = 0
11-05 23:27:34.619  1737  1737 D KeyguardUpdateMonitor: received broadcast android.intent.action.BATTERY_CHANGED
11-05 23:27:34.619  1737  1737 D SamsungBatteryMeterDrawable: onBatteryLevelChanged isSomethingChanged: false
11-05 23:27:34.619  1737  1737 D SamsungBatteryMeterDrawable: onBatteryLevelChanged isSomethingChanged: false
11-05 23:27:34.620  1737  1737 D SamsungBatteryMeterDrawable: onBatteryLevelChanged isSomethingChanged: false
11-05 23:27:34.620  1737  1737 D SamsungBatteryMeterDrawable: onBatteryLevelChanged isSomethingChanged: false
11-05 23:27:34.621  1737  1737 D KeyguardUpdateMonitor: handleBatteryUpdate
11-05 23:27:34.622  1737 13427 D SecPowerUI.Notification: dismissing low battery warning: level=75
11-05 23:27:34.622  1737 13427 D SecPowerUI.Notification: updateNotification mWarning=false mPlaySound=false
11-05 23:27:34.622  1737 13427 D SecPowerUI.Notification: SecBatteryStatsSnapshot{batteryLevel=75, currentBatteryMode=0, chargingTime=0, chargingType=11, batteryHealth=2, automaticTestMode=false, isHiccupState=false}
11-05 23:27:34.625  1737  1737 I AODBatteryManager: updateBatteryData: ACTION_BATTERY_CHANGED
11-05 23:27:34.625  1737 13427 D SecPowerUI.Notification: 1. restoreScreenTimeOut - saved_value : :
11-05 23:27:34.625  1737 13427 E SecPowerUI.Notification: no saved value, so we do nothing !!
11-05 23:27:34.626 18262 18287 E IMGMapper: set:488 set: Unset optional value from type SMPTE2086
11-05 23:27:34.626 18262 18287 E IMGMapper: set:488 set: Unset optional value from type CTA861_3
11-05 23:27:34.626  1737  1737 I AODBatteryManager: saveBatteryData : AOD BatteryData [mBatteryLevel=75, mBatteryStatus=CHARGING, mBatteryPlugType=USB, mBatteryPlugged=true, mRemainingChargeTime=16649725, mBatteryChargingType=1, mBatteryChargerType=NORMAL, mBatteryOnline=NONE, mBatterySwellingMode=NONE, mBatteryProtectMode=false]
11-05 23:27:34.642 18262 18287 E IMGMapper: set:488 set: Unset optional value from type SMPTE2086
11-05 23:27:34.642 18262 18287 E IMGMapper: set:488 set: Unset optional value from type CTA861_3
11-05 23:27:34.660 18262 18287 E IMGMapper: set:488 set: Unset optional value from type SMPTE2086
11-05 23:27:34.660 18262 18287 E IMGMapper: set:488 set: Unset optional value from type CTA861_3
11-05 23:27:34.673 18262 18287 E IMGMapper: set:488 set: Unset optional value from type SMPTE2086
11-05 23:27:34.674 18262 18287 E IMGMapper: set:488 set: Unset optional value from type CTA861_3
