11-05 23:27:29.588  1693  1693 I android.hardware.wifi@1.0-service-lazy: WifiCommand::requestResponse err=-95
11-05 23:27:29.588  1693  1693 I WifiHAL : wifi_get_link_stats: result=-3
11-05 23:27:29.589  1187  1566 E WifiVendorHal: getWifiLinkLayerStats_1_5_Internal(l.1179) failed {.code = ERROR_NOT_SUPPORTED, .description = }
11-05 23:27:29.593  1187 22074 D SemWifiUsabilityStatsMonitor: onWifiUsabilityStats - seqNum 107392, isSameBssidAndFreq true
11-05 23:27:29.593  1187  1645 I SemWifiLinkQualityMonitor: Link Qos query: inf. ms / 0 Mbps
11-05 23:27:29.605 18262 18346 D skia    : SkJpegCodec::onGetPixels +
11-05 23:27:29.620 18262 18352 D skia    : SkJpegCodec::onGetPixels +
11-05 23:27:29.626 18262 18346 D skia    : SkJpegCodec::onGetPixels -
11-05 23:27:29.641 18262 18352 D skia    : SkJpegCodec::onGetPixels -
11-05 23:27:29.661   896 18393 I mtkpower_client: perf_lock_rel, hdl:1047563, tid:18393
11-05 23:27:29.661   896 18393 I mtkpower_client: perf_lock_rel, hdl:1047564, tid:18393
11-05 23:27:29.662  1014  1065 I libPowerHal: [perfLockRel] hdl:1047563, idx:1
11-05 23:27:29.662  1014  1065 I libPowerHal: vendor.samsung.: cpu_ctrl set cpu freq: 1218000 -1 -1 -1
11-05 23:27:29.663  1014  1065 I libPowerHal: [perfLockRel] hdl:1047564, idx:0
11-05 23:27:29.663   896 18393 I HYPER-HAL: [RequestManager.cpp]releaseLocked(): Released ID : 726633
11-05 23:27:29.663  1014  1065 I libPowerHal: vendor.samsung.: cpu_ctrl set cpu freq: -1 -1 -1 -1
11-05 23:27:29.676 18262 18287 E IMGMapper: set:488 set: Unset optional value from type SMPTE2086
11-05 23:27:29.676 18262 18287 E IMGMapper: set:488 set: Unset optional value from type CTA861_3
11-05 23:27:29.692 18262 18287 E IMGMapper: set:488 set: Unset optional value from type SMPTE2086
11-05 23:27:29.692 18262 18287 E IMGMapper: set:488 set: Unset optional value from type CTA861_3
11-05 23:27:29.901  1200  1324 D ULogGuard: Monitoring: 16 threads, 0 requests, 0 time-bombs; 1 guards. ResetFlags = 0x7
11-05 23:27:29.941 18262 18287 E IMGMapper: set:488 set: Unset optional value from type SMPTE2086
11-05 23:27:29.941 18262 18287 E IMGMapper: set:488 set: Unset optional value from type CTA861_3
11-05 23:27:29.951  1039  1039 I BufferQueueProducer: [com.cinemamovel/com.cinemamovel.MainActivity$_18262#687256](this:0xb400007a262e6838,id:-1,api:0,p:-1,c:1039) queueBuffer: fps=42.46 dur=1248.12 max=249.69 min=16.19
11-05 23:27:29.952   991   991 I hwcomposer: [HWCDisplay] [Display_0 (type:1)] fps:42.467007,dur:1248.03,max:250.18,min:15.54  
11-05 23:27:29.957 18262 18287 E IMGMapper: set:488 set: Unset optional value from type SMPTE2086
11-05 23:27:29.958 18262 18287 E IMGMapper: set:488 set: Unset optional value from type CTA861_3
11-05 23:27:29.974 18262 18287 E IMGMapper: set:488 set: Unset optional value from type SMPTE2086
11-05 23:27:29.974 18262 18287 E IMGMapper: set:488 set: Unset optional value from type CTA861_3
11-05 23:27:29.991 18262 18287 E IMGMapper: set:488 set: Unset optional value from type SMPTE2086
11-05 23:27:29.991 18262 18287 E IMGMapper: set:488 set: Unset optional value from type CTA861_3
11-05 23:27:30.009 18262 18287 E IMGMapper: set:488 set: Unset optional value from type SMPTE2086
11-05 23:27:30.009 18262 18287 E IMGMapper: set:488 set: Unset optional value from type CTA861_3
11-05 23:27:30.014  1711  2193 D PhoneInterfaceManager: setDataEnabledForReason() Reason=1 Pid=1187 App=system
11-05 23:27:30.017  1711  2193 D PhoneInterfaceManager: setDataEnabledForReason() Reason=1 Pid=1187 App=system
11-05 23:27:30.025 18262 18287 E IMGMapper: set:488 set: Unset optional value from type SMPTE2086
11-05 23:27:30.025 18262 18287 E IMGMapper: set:488 set: Unset optional value from type CTA861_3
11-05 23:27:30.040 18262 18287 E IMGMapper: set:488 set: Unset optional value from type SMPTE2086
11-05 23:27:30.040 18262 18287 E IMGMapper: set:488 set: Unset optional value from type CTA861_3
11-05 23:27:30.057 18262 18287 E IMGMapper: set:488 set: Unset optional value from type SMPTE2086
11-05 23:27:30.057 18262 18287 E IMGMapper: set:488 set: Unset optional value from type CTA861_3
11-05 23:27:30.074 18262 18287 E IMGMapper: set:488 set: Unset optional value from type SMPTE2086
11-05 23:27:30.074 18262 18287 E IMGMapper: set:488 set: Unset optional value from type CTA861_3
11-05 23:27:30.090 18262 18287 E IMGMapper: set:488 set: Unset optional value from type SMPTE2086
11-05 23:27:30.091 18262 18287 E IMGMapper: set:488 set: Unset optional value from type CTA861_3
11-05 23:27:30.107 18262 18287 E IMGMapper: set:488 set: Unset optional value from type SMPTE2086
11-05 23:27:30.107 18262 18287 E IMGMapper: set:488 set: Unset optional value from type CTA861_3
11-05 23:27:30.124 18262 18287 E IMGMapper: set:488 set: Unset optional value from type SMPTE2086
11-05 23:27:30.124 18262 18287 E IMGMapper: set:488 set: Unset optional value from type CTA861_3
11-05 23:27:30.140 18262 18287 E IMGMapper: set:488 set: Unset optional value from type SMPTE2086
11-05 23:27:30.140 18262 18287 E IMGMapper: set:488 set: Unset optional value from type CTA861_3
11-05 23:27:30.157 18262 18287 E IMGMapper: set:488 set: Unset optional value from type SMPTE2086
11-05 23:27:30.157 18262 18287 E IMGMapper: set:488 set: Unset optional value from type CTA861_3
11-05 23:27:30.173 18262 18287 E IMGMapper: set:488 set: Unset optional value from type SMPTE2086
11-05 23:27:30.173 18262 18287 E IMGMapper: set:488 set: Unset optional value from type CTA861_3
11-05 23:27:30.190 18262 18287 E IMGMapper: set:488 set: Unset optional value from type SMPTE2086
11-05 23:27:30.190 18262 18287 E IMGMapper: set:488 set: Unset optional value from type CTA861_3
11-05 23:27:30.513  1187  1277 I system_server: Background concurrent copying GC freed 362301(22MB) AllocSpace objects, 125(2836KB) LOS objects, 20% free, 95MB/119MB, paused 665us,310us total 562.314ms
11-05 23:27:30.547  1187  1294 W System  : A resource failed to call release. 
11-05 23:27:30.548  1187  1294 W System  : A resource failed to call end. 
11-05 23:27:30.674  1737  1942 D MobileStatusTracker(0/2): onSignalStrengthsChanged level=3, vendorLevel=3
11-05 23:27:30.679  1737  1942 D MobileSignalController(0/2): notifyListener: enabled=true, connected=true, dataConnected=true, networkType=LTE (4G), emergencyOnly=false, roaming=false, isDefault=false, dataActivity=, level=3, ca=false, mmWave=false, disabledDataIcon=false, simCard=ETC
11-05 23:27:30.679  1737  1942 D NetworkController: SignalStrength from intent slotId=0
11-05 23:27:30.798  1187  1962 D InputDispatcher: Inject motion (18404/2000): action=0x0, time=3402972439000000, f=0x0, d=0 dsdx=1.000000 dtdx=0.000000
11-05 23:27:30.798  1187  1534 I InputDispatcher: Delivering touch to (1737): action: 0x4, f=0x0, d=0, 'd92b8ad', t=1 
11-05 23:27:30.799  1187  1534 I InputDispatcher: Delivering touch to (18262): action: 0x0, f=0x0, d=0, 'eec0419', t=1 
11-05 23:27:30.799 18262 18262 I ViewRootImpl@706bef1[MainActivity]: ViewPostIme pointer 0
11-05 23:27:30.799  1187  1534 D PowerManagerService: [api] userActivityFromNative :  (event: 2 flags: 0 displayId: 0) eventTime = 3402972439
11-05 23:27:30.800  1187  1303 I GestureDetector: obtain mCurrentDownEvent. id: -128687537 caller: com.android.server.wm.SystemGesturesPointerEventListener.onPointerEvent:203 com.android.server.wm.PointerEventDispatcher.onInputEvent:53 android.view.InputEventReceiver.dispatchInputEvent:285 
11-05 23:27:30.801  1187  1303 I GestureDetector: obtain mCurrentDownEvent. id: -128687537 caller: com.android.server.wm.SystemPerformancePointerEventListener.onPointerEvent:89 com.android.server.wm.PointerEventDispatcher.onInputEvent:53 android.view.InputEventReceiver.dispatchInputEvent:285 
11-05 23:27:30.806  1187  1303 I GestureDetector: obtain mCurrentMotionEventRaw. action: 2 id: -352898293
11-05 23:27:30.807  1187  1303 I GestureDetector: obtain mCurrentMotionEventRaw. action: 2 id: -352898293
11-05 23:27:30.846 18262 18287 E IMGMapper: set:488 set: Unset optional value from type SMPTE2086
11-05 23:27:30.846 18262 18287 E IMGMapper: set:488 set: Unset optional value from type CTA861_3
11-05 23:27:30.866 18262 18287 E IMGMapper: set:488 set: Unset optional value from type SMPTE2086
11-05 23:27:30.866 18262 18287 E IMGMapper: set:488 set: Unset optional value from type CTA861_3
11-05 23:27:30.885 18262 18287 E IMGMapper: set:488 set: Unset optional value from type SMPTE2086
11-05 23:27:30.886 18262 18287 E IMGMapper: set:488 set: Unset optional value from type CTA861_3
11-05 23:27:30.901 18262 18287 E IMGMapper: set:488 set: Unset optional value from type SMPTE2086
11-05 23:27:30.901 18262 18287 E IMGMapper: set:488 set: Unset optional value from type CTA861_3
11-05 23:27:30.919 18262 18287 E IMGMapper: set:488 set: Unset optional value from type SMPTE2086
11-05 23:27:30.919 18262 18287 E IMGMapper: set:488 set: Unset optional value from type CTA861_3
11-05 23:27:30.941 18262 18287 E IMGMapper: set:488 set: Unset optional value from type SMPTE2086
11-05 23:27:30.941 18262 18287 E IMGMapper: set:488 set: Unset optional value from type CTA861_3
11-05 23:27:30.951 18262 18287 E IMGMapper: set:488 set: Unset optional value from type SMPTE2086
11-05 23:27:30.951 18262 18287 E IMGMapper: set:488 set: Unset optional value from type CTA861_3
11-05 23:27:30.965 18262 18287 E IMGMapper: set:488 set: Unset optional value from type SMPTE2086
11-05 23:27:30.966 18262 18287 E IMGMapper: set:488 set: Unset optional value from type CTA861_3
11-05 23:27:30.967  1039  1039 I BufferQueueProducer: [com.cinemamovel/com.cinemamovel.MainActivity$_18262#687256](this:0xb400007a262e6838,id:-1,api:0,p:-1,c:1039) queueBuffer: fps=21.66 dur=1015.83 max=649.83 min=16.36
11-05 23:27:30.968   991   991 I hwcomposer: [HWCDisplay] [Display_0 (type:1)] fps:21.649487,dur:1016.19,max:650.71,min:15.81  
11-05 23:27:30.982 18262 18287 E IMGMapper: set:488 set: Unset optional value from type SMPTE2086
11-05 23:27:30.982 18262 18287 E IMGMapper: set:488 set: Unset optional value from type CTA861_3
11-05 23:27:30.998 18262 18287 E IMGMapper: set:488 set: Unset optional value from type SMPTE2086
11-05 23:27:30.998 18262 18287 E IMGMapper: set:488 set: Unset optional value from type CTA861_3
11-05 23:27:31.014 18262 18287 E IMGMapper: set:488 set: Unset optional value from type SMPTE2086
11-05 23:27:31.014 18262 18287 E IMGMapper: set:488 set: Unset optional value from type CTA861_3
11-05 23:27:31.029 18262 18287 E IMGMapper: set:488 set: Unset optional value from type SMPTE2086
11-05 23:27:31.029 18262 18287 E IMGMapper: set:488 set: Unset optional value from type CTA861_3
11-05 23:27:31.046 18262 18287 E IMGMapper: set:488 set: Unset optional value from type SMPTE2086
11-05 23:27:31.046 18262 18287 E IMGMapper: set:488 set: Unset optional value from type CTA861_3
11-05 23:27:31.063 18262 18287 E IMGMapper: set:488 set: Unset optional value from type SMPTE2086
11-05 23:27:31.063 18262 18287 E IMGMapper: set:488 set: Unset optional value from type CTA861_3
11-05 23:27:31.079 18262 18287 E IMGMapper: set:488 set: Unset optional value from type SMPTE2086
11-05 23:27:31.079 18262 18287 E IMGMapper: set:488 set: Unset optional value from type CTA861_3
11-05 23:27:31.103 18262 18287 E IMGMapper: set:488 set: Unset optional value from type SMPTE2086
11-05 23:27:31.103 18262 18287 E IMGMapper: set:488 set: Unset optional value from type CTA861_3
11-05 23:27:31.106  1187  1962 D InputDispatcher: Inject motion (18404/2000): action=0x1, time=3402972747000000, f=0x0, d=0 dsdx=1.000000 dtdx=0.000000
11-05 23:27:31.107  1187  1534 I InputDispatcher: Delivering touch to (18262): action: 0x1, f=0x0, d=0, 'eec0419', t=1 
11-05 23:27:31.108  1187  1187 I SemDvfsHyPerManager: acquire hyper - SMOOTH_SCROLL/1187@17, type = -999
11-05 23:27:31.109   896   910 I HYPER-HAL: [RequestManager.cpp]acquire(): Acquired ID : 725427  [1187 / 17]    HINT : SMOOTH_SCROLL    list : 
11-05 23:27:31.110   896   910 I mtkpower_client: perf_lock_acq, hdl:0, dur:0, num:2, tid:910
11-05 23:27:31.111  1014  1065 I libPowerHal: [perfLockAcq] idx:0 hdl:1047565 hint:-1 pid:896 duration:0 lock_user:vendor.samsung. => ret_hdl:1047565
11-05 23:27:31.112  1014  1065 I libPowerHal: vendor.samsung.: cpu_ctrl set cpu freq: -1 -1 1138000 -1
11-05 23:27:31.113  1187  1187 D SGM:GameManager: identifyGamePackage. com.cinemamovel, mCurrentUserId: 0, callerUserId: 0, callingMethodInfo: com.android.server.ssrm.fgapps.GameAppUtils.isGame(GameAppUtils.java:84)
11-05 23:27:31.113  1187  1187 D SGM:PkgDataHelper: getGamePkgData(). com.cinemamovel
11-05 23:27:31.113  1187  1187 I SemDvfsHyPerManager: acquire hyper - GESTURE_DETECTED/1187@18, type = -999
11-05 23:27:31.113   896   910 I mtkpower_client: ret_hdl:1047565
11-05 23:27:31.114   896   910 I mtkpower_client: perf_lock_acq, hdl:0, dur:0, num:2, tid:910
11-05 23:27:31.114   896   910 I mtkpower_client: ret_hdl:1047566
11-05 23:27:31.114  1187  1187 D SGM:GameManager: identifyGamePackage. com.cinemamovel, mCurrentUserId: 0, callerUserId: 0, callingMethodInfo: com.android.server.ssrm.fgapps.GameAppUtils.isGame(GameAppUtils.java:84)
11-05 23:27:31.114   896   910 I mtkpower_client: perf_lock_rel, hdl:1047565, tid:910
11-05 23:27:31.114  1187  1187 D SGM:PkgDataHelper: getGamePkgData(). com.cinemamovel
11-05 23:27:31.114  1205  1205 I thermal_repeater: socket -1
11-05 23:27:31.115  1187  1187 I SemDvfsHyPerManager: acquire hyper - GESTURE_DETECTED/1187@18, type = -999
11-05 23:27:31.115  1014  1065 I libPowerHal: [perfLockAcq] idx:1 hdl:1047566 hint:-1 pid:896 duration:0 lock_user:vendor.samsung. => ret_hdl:1047566
11-05 23:27:31.115  1014  1065 I libPowerHal: vendor.samsung.: cpu_ctrl set cpu freq: 1218000 -1 1138000 -1
11-05 23:27:31.116   896   910 I mtkpower_client: perf_lock_rel, hdl:1047566, tid:910
11-05 23:27:31.116 18262 18262 I ViewRootImpl@706bef1[MainActivity]: ViewPostIme pointer 1
11-05 23:27:31.118  1014  1065 I libPowerHal: [perfLockRel] hdl:1047565, idx:0
11-05 23:27:31.119  1014  1065 I libPowerHal: vendor.samsung.: cpu_ctrl set cpu freq: 1218000 -1 -1 -1
11-05 23:27:31.121   896   910 I HYPER-HAL: [RequestManager.cpp]releaseLocked(): Released ID : 725427
11-05 23:27:31.121   896   910 I HYPER-HAL: [RequestManager.cpp]acquire(): Acquired ID : 726633  [1187 / 18]    HINT : GESTURE_DETECTED    list : [TIMEOUT / 1702] 
11-05 23:27:31.122  1014  1065 I libPowerHal: [perfLockRel] hdl:1047566, idx:1
11-05 23:27:31.122  1014  1065 I libPowerHal: vendor.samsung.: cpu_ctrl set cpu freq: -1 -1 -1 -1
11-05 23:27:31.123   896   910 I mtkpower_client: perf_lock_acq, hdl:0, dur:0, num:2, tid:910
11-05 23:27:31.124   896   910 I mtkpower_client: ret_hdl:1047567
11-05 23:27:31.124   896   910 I mtkpower_client: perf_lock_acq, hdl:0, dur:0, num:2, tid:910
11-05 23:27:31.124  1014  1065 I libPowerHal: [perfLockAcq] idx:0 hdl:1047567 hint:-1 pid:896 duration:0 lock_user:vendor.samsung. => ret_hdl:1047567
11-05 23:27:31.124  1014  1065 I libPowerHal: vendor.samsung.: cpu_ctrl set cpu freq: -1 -1 1138000 -1
11-05 23:27:31.125 18262 18287 E IMGMapper: set:488 set: Unset optional value from type SMPTE2086
11-05 23:27:31.125 18262 18287 E IMGMapper: set:488 set: Unset optional value from type CTA861_3
11-05 23:27:31.135   896   910 I mtkpower_client: ret_hdl:1047568
11-05 23:27:31.136   896   910 I HYPER-HAL: [RequestManager.cpp]acquire(): Acquired ID : 726633  [1187 / 18]    HINT : GESTURE_DETECTED    list : [TIMEOUT / 1702] 
11-05 23:27:31.136  1014  1065 I libPowerHal: [perfLockAcq] idx:1 hdl:1047568 hint:-1 pid:896 duration:0 lock_user:vendor.samsung. => ret_hdl:1047568
11-05 23:27:31.137  1014  1065 I libPowerHal: vendor.samsung.: cpu_ctrl set cpu freq: 1218000 -1 1138000 -1
11-05 23:27:31.138  1187  1187 I SemDvfsHyPerManager: acquire hyper - SMOOTH_SCROLL/1187@17, type = -999
11-05 23:27:31.138   896   910 I HYPER-HAL: [RequestManager.cpp]acquire(): Acquired ID : 725427  [1187 / 17]    HINT : SMOOTH_SCROLL    list : 
11-05 23:27:31.139   896   910 I mtkpower_client: perf_lock_rel, hdl:1047567, tid:910
11-05 23:27:31.139   896   910 I mtkpower_client: perf_lock_acq, hdl:0, dur:0, num:2, tid:910
11-05 23:27:31.140  1014  1065 I libPowerHal: [perfLockRel] hdl:1047567, idx:0
11-05 23:27:31.140  1014  1065 I libPowerHal: vendor.samsung.: cpu_ctrl set cpu freq: 1218000 -1 -1 -1
11-05 23:27:31.141   896   910 I mtkpower_client: ret_hdl:1047569
11-05 23:27:31.141  1014  1065 I libPowerHal: [perfLockAcq] idx:2 hdl:1047569 hint:-1 pid:896 duration:0 lock_user:vendor.samsung. => ret_hdl:1047569
11-05 23:27:31.141 18262 18287 E IMGMapper: set:488 set: Unset optional value from type SMPTE2086
11-05 23:27:31.141   896   910 I mtkpower_client: perf_lock_rel, hdl:1047568, tid:910
11-05 23:27:31.141 18262 18287 E IMGMapper: set:488 set: Unset optional value from type CTA861_3
11-05 23:27:31.141  1014  1065 I libPowerHal: vendor.samsung.: cpu_ctrl set cpu freq: 1218000 -1 1138000 -1
11-05 23:27:31.142   896   910 I mtkpower_client: perf_lock_acq, hdl:0, dur:0, num:2, tid:910
11-05 23:27:31.142  1014  1065 I libPowerHal: [perfLockRel] hdl:1047568, idx:1
11-05 23:27:31.143  1014  1065 I libPowerHal: vendor.samsung.: cpu_ctrl set cpu freq: -1 -1 1138000 -1
11-05 23:27:31.144  1014  1065 I libPowerHal: [perfLockAcq] idx:0 hdl:1047570 hint:-1 pid:896 duration:0 lock_user:vendor.samsung. => ret_hdl:1047570
11-05 23:27:31.144  1014  1065 I libPowerHal: vendor.samsung.: cpu_ctrl set cpu freq: 1218000 -1 1138000 -1
11-05 23:27:31.144   896   910 I mtkpower_client: ret_hdl:1047570
11-05 23:27:31.157 18262 18287 E IMGMapper: set:488 set: Unset optional value from type SMPTE2086
11-05 23:27:31.157 18262 18287 E IMGMapper: set:488 set: Unset optional value from type CTA861_3
11-05 23:27:31.162 18262 18349 D skia    : SkJpegCodec::onGetPixels +
11-05 23:27:31.181   543   543 D io_stats: !@ 179,0 r 628679681 7594132834 w 113826657 1206212472 d 1261337 33797852 f 0 0 iot 323640900 0 th 0 0 0 pt 0 inp 0 0 3402972.823
11-05 23:27:31.192 18262 18349 D skia    : SkJpegCodec::onGetPixels -
11-05 23:27:31.198 18262 18287 E IMGMapper: set:488 set: Unset optional value from type SMPTE2086
11-05 23:27:31.198 18262 18287 E IMGMapper: set:488 set: Unset optional value from type CTA861_3
11-05 23:27:31.213 18262 18347 D skia    : SkJpegCodec::onGetPixels +
11-05 23:27:31.214 18262 18287 E IMGMapper: set:488 set: Unset optional value from type SMPTE2086
11-05 23:27:31.214 18262 18287 E IMGMapper: set:488 set: Unset optional value from type CTA861_3
11-05 23:27:31.227 18262 18347 D skia    : SkJpegCodec::onGetPixels -
11-05 23:27:31.230 18262 18287 E IMGMapper: set:488 set: Unset optional value from type SMPTE2086
11-05 23:27:31.231 18262 18287 E IMGMapper: set:488 set: Unset optional value from type CTA861_3
11-05 23:27:31.242 18262 18287 E IMGMapper: set:488 set: Unset optional value from type SMPTE2086
11-05 23:27:31.242 18262 18287 E IMGMapper: set:488 set: Unset optional value from type CTA861_3
11-05 23:27:31.261 18262 18287 E IMGMapper: set:488 set: Unset optional value from type SMPTE2086
11-05 23:27:31.262 18262 18287 E IMGMapper: set:488 set: Unset optional value from type CTA861_3
11-05 23:27:31.264 18262 18346 D skia    : SkJpegCodec::onGetPixels +
11-05 23:27:31.277 18262 18352 D skia    : SkJpegCodec::onGetPixels +
11-05 23:27:31.283 18262 18287 E IMGMapper: set:488 set: Unset optional value from type SMPTE2086
11-05 23:27:31.283 18262 18287 E IMGMapper: set:488 set: Unset optional value from type CTA861_3
11-05 23:27:31.295 18262 18346 D skia    : SkJpegCodec::onGetPixels -
11-05 23:27:31.296 18262 18287 E IMGMapper: set:488 set: Unset optional value from type SMPTE2086
11-05 23:27:31.296 18262 18287 E IMGMapper: set:488 set: Unset optional value from type CTA861_3
11-05 23:27:31.299 18262 18352 D skia    : SkJpegCodec::onGetPixels -
11-05 23:27:31.310 18262 18287 E IMGMapper: set:488 set: Unset optional value from type SMPTE2086
11-05 23:27:31.311 18262 18287 E IMGMapper: set:488 set: Unset optional value from type CTA861_3
11-05 23:27:31.335 18262 18287 E IMGMapper: set:488 set: Unset optional value from type SMPTE2086
11-05 23:27:31.336 18262 18287 E IMGMapper: set:488 set: Unset optional value from type CTA861_3
11-05 23:27:31.355 18262 18287 E IMGMapper: set:488 set: Unset optional value from type SMPTE2086
11-05 23:27:31.356 18262 18287 E IMGMapper: set:488 set: Unset optional value from type CTA861_3
11-05 23:27:31.391 18262 18287 E IMGMapper: set:488 set: Unset optional value from type SMPTE2086
11-05 23:27:31.392 18262 18287 E IMGMapper: set:488 set: Unset optional value from type CTA861_3
11-05 23:27:31.400 18262 18287 E IMGMapper: set:488 set: Unset optional value from type SMPTE2086
11-05 23:27:31.400 18262 18287 E IMGMapper: set:488 set: Unset optional value from type CTA861_3
11-05 23:27:31.414 18262 18287 E IMGMapper: set:488 set: Unset optional value from type SMPTE2086
11-05 23:27:31.414 18262 18287 E IMGMapper: set:488 set: Unset optional value from type CTA861_3
11-05 23:27:31.429 18262 18287 E IMGMapper: set:488 set: Unset optional value from type SMPTE2086
11-05 23:27:31.429 18262 18287 E IMGMapper: set:488 set: Unset optional value from type CTA861_3
11-05 23:27:31.443 18262 18287 E IMGMapper: set:488 set: Unset optional value from type SMPTE2086
11-05 23:27:31.444 18262 18287 E IMGMapper: set:488 set: Unset optional value from type CTA861_3
11-05 23:27:31.461 18262 18287 E IMGMapper: set:488 set: Unset optional value from type SMPTE2086
11-05 23:27:31.461 18262 18287 E IMGMapper: set:488 set: Unset optional value from type CTA861_3
11-05 23:27:31.479 18262 18287 E IMGMapper: set:488 set: Unset optional value from type SMPTE2086
11-05 23:27:31.479 18262 18287 E IMGMapper: set:488 set: Unset optional value from type CTA861_3
11-05 23:27:31.498 18262 18346 D skia    : SkJpegCodec::onGetPixels +
11-05 23:27:31.498 18262 18287 E IMGMapper: set:488 set: Unset optional value from type SMPTE2086
11-05 23:27:31.498 18262 18287 E IMGMapper: set:488 set: Unset optional value from type CTA861_3
11-05 23:27:31.512 18262 18287 E IMGMapper: set:488 set: Unset optional value from type SMPTE2086
11-05 23:27:31.512 18262 18287 E IMGMapper: set:488 set: Unset optional value from type CTA861_3
11-05 23:27:31.516 18262 18346 D skia    : SkJpegCodec::onGetPixels -
11-05 23:27:31.528 18262 18287 E IMGMapper: set:488 set: Unset optional value from type SMPTE2086
11-05 23:27:31.528 18262 18287 E IMGMapper: set:488 set: Unset optional value from type CTA861_3
11-05 23:27:31.545 18262 18287 E IMGMapper: set:488 set: Unset optional value from type SMPTE2086
11-05 23:27:31.545 18262 18287 E IMGMapper: set:488 set: Unset optional value from type CTA861_3
11-05 23:27:31.561 18262 18287 E IMGMapper: set:488 set: Unset optional value from type SMPTE2086
11-05 23:27:31.561 18262 18287 E IMGMapper: set:488 set: Unset optional value from type CTA861_3
11-05 23:27:31.584 18262 18287 E IMGMapper: set:488 set: Unset optional value from type SMPTE2086
11-05 23:27:31.584 18262 18287 E IMGMapper: set:488 set: Unset optional value from type CTA861_3
11-05 23:27:31.643 18262 18287 E IMGMapper: set:488 set: Unset optional value from type SMPTE2086
11-05 23:27:31.644 18262 18287 E IMGMapper: set:488 set: Unset optional value from type CTA861_3
11-05 23:27:31.647 18262 18352 D skia    : SkJpegCodec::onGetPixels +
11-05 23:27:31.662 18262 18287 E IMGMapper: set:488 set: Unset optional value from type SMPTE2086
11-05 23:27:31.663 18262 18287 E IMGMapper: set:488 set: Unset optional value from type CTA861_3
11-05 23:27:31.680 18262 18352 D skia    : SkJpegCodec::onGetPixels -
11-05 23:27:31.684 18262 18287 E IMGMapper: set:488 set: Unset optional value from type SMPTE2086
11-05 23:27:31.684 18262 18287 E IMGMapper: set:488 set: Unset optional value from type CTA861_3
11-05 23:27:31.694 18262 18287 E IMGMapper: set:488 set: Unset optional value from type SMPTE2086
11-05 23:27:31.694 18262 18287 E IMGMapper: set:488 set: Unset optional value from type CTA861_3
11-05 23:27:31.709 18262 18287 E IMGMapper: set:488 set: Unset optional value from type SMPTE2086
11-05 23:27:31.709 18262 18287 E IMGMapper: set:488 set: Unset optional value from type CTA861_3
11-05 23:27:31.728 18262 18287 E IMGMapper: set:488 set: Unset optional value from type SMPTE2086
11-05 23:27:31.728 18262 18287 E IMGMapper: set:488 set: Unset optional value from type CTA861_3
11-05 23:27:31.743 18262 18287 E IMGMapper: set:488 set: Unset optional value from type SMPTE2086
11-05 23:27:31.743 18262 18287 E IMGMapper: set:488 set: Unset optional value from type CTA861_3
11-05 23:27:31.766 18262 18287 E IMGMapper: set:488 set: Unset optional value from type SMPTE2086
11-05 23:27:31.766 18262 18287 E IMGMapper: set:488 set: Unset optional value from type CTA861_3
11-05 23:27:31.778 18262 18287 E IMGMapper: set:488 set: Unset optional value from type SMPTE2086
11-05 23:27:31.778 18262 18287 E IMGMapper: set:488 set: Unset optional value from type CTA861_3
11-05 23:27:31.798 18262 18287 E IMGMapper: set:488 set: Unset optional value from type SMPTE2086
11-05 23:27:31.798 18262 18287 E IMGMapper: set:488 set: Unset optional value from type CTA861_3
11-05 23:27:31.804 18262 18346 D skia    : SkJpegCodec::onGetPixels +
11-05 23:27:31.815 18262 18287 E IMGMapper: set:488 set: Unset optional value from type SMPTE2086
11-05 23:27:31.815 18262 18287 E IMGMapper: set:488 set: Unset optional value from type CTA861_3
11-05 23:27:31.825 18262 18346 D skia    : SkJpegCodec::onGetPixels -
11-05 23:27:31.831 18262 18287 E IMGMapper: set:488 set: Unset optional value from type SMPTE2086
11-05 23:27:31.831 18262 18287 E IMGMapper: set:488 set: Unset optional value from type CTA861_3
11-05 23:27:31.843 18262 18287 E IMGMapper: set:488 set: Unset optional value from type SMPTE2086
11-05 23:27:31.844 18262 18287 E IMGMapper: set:488 set: Unset optional value from type CTA861_3
11-05 23:27:31.863 18262 18287 E IMGMapper: set:488 set: Unset optional value from type SMPTE2086
11-05 23:27:31.863 18262 18287 E IMGMapper: set:488 set: Unset optional value from type CTA861_3
11-05 23:27:31.876 18262 18287 E IMGMapper: set:488 set: Unset optional value from type SMPTE2086
11-05 23:27:31.876 18262 18287 E IMGMapper: set:488 set: Unset optional value from type CTA861_3
11-05 23:27:31.894 18262 18287 E IMGMapper: set:488 set: Unset optional value from type SMPTE2086
11-05 23:27:31.894 18262 18287 E IMGMapper: set:488 set: Unset optional value from type CTA861_3
11-05 23:27:31.911 18262 18287 E IMGMapper: set:488 set: Unset optional value from type SMPTE2086
11-05 23:27:31.911 18262 18287 E IMGMapper: set:488 set: Unset optional value from type CTA861_3
11-05 23:27:31.927 18262 18287 E IMGMapper: set:488 set: Unset optional value from type SMPTE2086
11-05 23:27:31.927 18262 18287 E IMGMapper: set:488 set: Unset optional value from type CTA861_3
11-05 23:27:31.944 18262 18287 E IMGMapper: set:488 set: Unset optional value from type SMPTE2086
11-05 23:27:31.944 18262 18287 E IMGMapper: set:488 set: Unset optional value from type CTA861_3
11-05 23:27:31.971 18262 18287 E IMGMapper: set:488 set: Unset optional value from type SMPTE2086
11-05 23:27:31.971 18262 18287 E IMGMapper: set:488 set: Unset optional value from type CTA861_3
11-05 23:27:31.982  1039  1039 I BufferQueueProducer: [com.cinemamovel/com.cinemamovel.MainActivity$_18262#687256](this:0xb400007a262e6838,id:-1,api:0,p:-1,c:1039) queueBuffer: fps=54.16 dur=1015.49 max=50.37 min=16.10
11-05 23:27:31.984   991   991 I hwcomposer: [HWCDisplay] [Display_0 (type:1)] fps:54.167118,dur:1015.38,max:50.83,min:15.45  
11-05 23:27:31.995 18262 18287 E IMGMapper: set:488 set: Unset optional value from type SMPTE2086
11-05 23:27:31.995 18262 18287 E IMGMapper: set:488 set: Unset optional value from type CTA861_3
11-05 23:27:32.032 18262 18287 E IMGMapper: set:488 set: Unset optional value from type SMPTE2086
11-05 23:27:32.032 18262 18287 E IMGMapper: set:488 set: Unset optional value from type CTA861_3
11-05 23:27:32.034 18262 18352 D skia    : SkJpegCodec::onGetPixels +
11-05 23:27:32.044 18262 18287 E IMGMapper: set:488 set: Unset optional value from type SMPTE2086
11-05 23:27:32.044 18262 18287 E IMGMapper: set:488 set: Unset optional value from type CTA861_3
11-05 23:27:32.057 18262 18352 D skia    : SkJpegCodec::onGetPixels -
11-05 23:27:32.063 18262 18287 E IMGMapper: set:488 set: Unset optional value from type SMPTE2086
11-05 23:27:32.063 18262 18287 E IMGMapper: set:488 set: Unset optional value from type CTA861_3
11-05 23:27:32.079 18262 18287 E IMGMapper: set:488 set: Unset optional value from type SMPTE2086
11-05 23:27:32.079 18262 18287 E IMGMapper: set:488 set: Unset optional value from type CTA861_3
11-05 23:27:32.098 18262 18287 E IMGMapper: set:488 set: Unset optional value from type SMPTE2086
11-05 23:27:32.098 18262 18287 E IMGMapper: set:488 set: Unset optional value from type CTA861_3
11-05 23:27:32.112 18262 18287 E IMGMapper: set:488 set: Unset optional value from type SMPTE2086
11-05 23:27:32.112 18262 18287 E IMGMapper: set:488 set: Unset optional value from type CTA861_3
11-05 23:27:32.129 18262 18287 E IMGMapper: set:488 set: Unset optional value from type SMPTE2086
11-05 23:27:32.129 18262 18287 E IMGMapper: set:488 set: Unset optional value from type CTA861_3
11-05 23:27:32.146 18262 18287 E IMGMapper: set:488 set: Unset optional value from type SMPTE2086
11-05 23:27:32.146 18262 18287 E IMGMapper: set:488 set: Unset optional value from type CTA861_3
11-05 23:27:32.163 18262 18287 E IMGMapper: set:488 set: Unset optional value from type SMPTE2086
11-05 23:27:32.163 18262 18287 E IMGMapper: set:488 set: Unset optional value from type CTA861_3
11-05 23:27:32.180 18262 18287 E IMGMapper: set:488 set: Unset optional value from type SMPTE2086
11-05 23:27:32.180 18262 18287 E IMGMapper: set:488 set: Unset optional value from type CTA861_3
11-05 23:27:32.197 18262 18287 E IMGMapper: set:488 set: Unset optional value from type SMPTE2086
11-05 23:27:32.197 18262 18287 E IMGMapper: set:488 set: Unset optional value from type CTA861_3
11-05 23:27:32.214 18262 18287 E IMGMapper: set:488 set: Unset optional value from type SMPTE2086
11-05 23:27:32.214 18262 18287 E IMGMapper: set:488 set: Unset optional value from type CTA861_3
11-05 23:27:32.230 18262 18287 E IMGMapper: set:488 set: Unset optional value from type SMPTE2086
11-05 23:27:32.230 18262 18287 E IMGMapper: set:488 set: Unset optional value from type CTA861_3
11-05 23:27:32.247 18262 18287 E IMGMapper: set:488 set: Unset optional value from type SMPTE2086
11-05 23:27:32.247 18262 18287 E IMGMapper: set:488 set: Unset optional value from type CTA861_3
11-05 23:27:32.263 18262 18287 E IMGMapper: set:488 set: Unset optional value from type SMPTE2086
11-05 23:27:32.263 18262 18287 E IMGMapper: set:488 set: Unset optional value from type CTA861_3
11-05 23:27:32.282 18262 18287 E IMGMapper: set:488 set: Unset optional value from type SMPTE2086
11-05 23:27:32.283 18262 18287 E IMGMapper: set:488 set: Unset optional value from type CTA861_3
11-05 23:27:32.298 18262 18287 E IMGMapper: set:488 set: Unset optional value from type SMPTE2086
11-05 23:27:32.298 18262 18287 E IMGMapper: set:488 set: Unset optional value from type CTA861_3
11-05 23:27:32.311 18262 18287 E IMGMapper: set:488 set: Unset optional value from type SMPTE2086
11-05 23:27:32.311 18262 18287 E IMGMapper: set:488 set: Unset optional value from type CTA861_3
11-05 23:27:32.332 18262 18287 E IMGMapper: set:488 set: Unset optional value from type SMPTE2086
11-05 23:27:32.333 18262 18287 E IMGMapper: set:488 set: Unset optional value from type CTA861_3
11-05 23:27:32.350 18262 18287 E IMGMapper: set:488 set: Unset optional value from type SMPTE2086
11-05 23:27:32.350 18262 18287 E IMGMapper: set:488 set: Unset optional value from type CTA861_3
11-05 23:27:32.369 18262 18287 E IMGMapper: set:488 set: Unset optional value from type SMPTE2086
11-05 23:27:32.370 18262 18287 E IMGMapper: set:488 set: Unset optional value from type CTA861_3
11-05 23:27:32.381 18262 18287 E IMGMapper: set:488 set: Unset optional value from type SMPTE2086
11-05 23:27:32.381 18262 18287 E IMGMapper: set:488 set: Unset optional value from type CTA861_3
11-05 23:27:32.396 18262 18287 E IMGMapper: set:488 set: Unset optional value from type SMPTE2086
11-05 23:27:32.396 18262 18287 E IMGMapper: set:488 set: Unset optional value from type CTA861_3
11-05 23:27:32.411  1187  3197 D InputDispatcher: Inject motion (18412/2000): action=0x0, time=3402974052000000, f=0x0, d=0 dsdx=1.000000 dtdx=0.000000
11-05 23:27:32.412  1187  1534 I InputDispatcher: Delivering touch to (1737): action: 0x4, f=0x0, d=0, 'd92b8ad', t=1 
11-05 23:27:32.412  1187  1534 I InputDispatcher: Delivering touch to (18262): action: 0x0, f=0x0, d=0, 'eec0419', t=1 
11-05 23:27:32.412  1187  1534 D PowerManagerService: [api] userActivityFromNative :  (event: 2 flags: 0 displayId: 0) eventTime = 3402974052
11-05 23:27:32.413  1187  1303 I GestureDetector: obtain mCurrentDownEvent. id: -364638675 caller: com.android.server.wm.SystemGesturesPointerEventListener.onPointerEvent:203 com.android.server.wm.PointerEventDispatcher.onInputEvent:53 android.view.InputEventReceiver.dispatchInputEvent:285 
11-05 23:27:32.413  1187  1303 I GestureDetector: obtain mCurrentDownEvent. id: -364638675 caller: com.android.server.wm.SystemPerformancePointerEventListener.onPointerEvent:89 com.android.server.wm.PointerEventDispatcher.onInputEvent:53 android.view.InputEventReceiver.dispatchInputEvent:285 
11-05 23:27:32.415  1737  1942 D MobileStatusTracker(1/1): onSignalStrengthsChanged level=4, vendorLevel=4
11-05 23:27:32.415 18262 18262 I ViewRootImpl@706bef1[MainActivity]: ViewPostIme pointer 0
11-05 23:27:32.417  1737  1942 D MobileSignalController(1/1): notifyListener: enabled=true, connected=true, dataConnected=false, networkType=UMTS (3G), emergencyOnly=true, roaming=false, isDefault=false, dataActivity=, level=4, ca=false, mmWave=false, disabledDataIcon=false, simCard=ETC
11-05 23:27:32.417  1737  1942 D NetworkController: SignalStrength from intent slotId=1
11-05 23:27:32.418 18262 18287 E IMGMapper: set:488 set: Unset optional value from type SMPTE2086
11-05 23:27:32.418 18262 18287 E IMGMapper: set:488 set: Unset optional value from type CTA861_3
11-05 23:27:32.426  1187  1303 I GestureDetector: obtain mCurrentMotionEventRaw. action: 2 id: -562670147
11-05 23:27:32.426  1187  1303 I GestureDetector: obtain mCurrentMotionEventRaw. action: 2 id: -562670147
11-05 23:27:32.434   896   910 I mtkpower_client: perf_lock_rel, hdl:1047569, tid:910
11-05 23:27:32.434   896   910 I mtkpower_client: perf_lock_acq, hdl:0, dur:0, num:2, tid:910
11-05 23:27:32.434  1014  1065 I libPowerHal: [perfLockRel] hdl:1047569, idx:2
11-05 23:27:32.435  1014  1065 I libPowerHal: vendor.samsung.: cpu_ctrl set cpu freq: 1218000 -1 -1 -1
11-05 23:27:32.436   896   910 I mtkpower_client: ret_hdl:1047571
11-05 23:27:32.436   896   910 I mtkpower_client: perf_lock_rel, hdl:1047570, tid:910
11-05 23:27:32.436  1014  1065 I libPowerHal: [perfLockAcq] idx:1 hdl:1047571 hint:-1 pid:896 duration:0 lock_user:vendor.samsung. => ret_hdl:1047571
11-05 23:27:32.436  1014  1065 I libPowerHal: vendor.samsung.: cpu_ctrl set cpu freq: 1218000 -1 1138000 -1
11-05 23:27:32.436   896   910 I mtkpower_client: perf_lock_acq, hdl:0, dur:0, num:2, tid:910
11-05 23:27:32.437  1014  1065 I libPowerHal: [perfLockRel] hdl:1047570, idx:0
11-05 23:27:32.437  1014  1065 I libPowerHal: vendor.samsung.: cpu_ctrl set cpu freq: -1 -1 1138000 -1
11-05 23:27:32.438   896   910 I mtkpower_client: ret_hdl:1047572
11-05 23:27:32.438   896   910 I HYPER-HAL: [RequestManager.cpp]releaseLocked(): Released ID : 725427
11-05 23:27:32.438  1014  1065 I libPowerHal: [perfLockAcq] idx:2 hdl:1047572 hint:-1 pid:896 duration:0 lock_user:vendor.samsung. => ret_hdl:1047572
11-05 23:27:32.439  1014  1065 I libPowerHal: vendor.samsung.: cpu_ctrl set cpu freq: 1218000 -1 1138000 -1
11-05 23:27:32.441 18262 18287 E IMGMapper: set:488 set: Unset optional value from type SMPTE2086
11-05 23:27:32.441 18262 18287 E IMGMapper: set:488 set: Unset optional value from type CTA861_3
11-05 23:27:32.454 18262 18287 E IMGMapper: set:488 set: Unset optional value from type SMPTE2086
11-05 23:27:32.455 18262 18287 E IMGMapper: set:488 set: Unset optional value from type CTA861_3
11-05 23:27:32.465 18262 18287 E IMGMapper: set:488 set: Unset optional value from type SMPTE2086
11-05 23:27:32.465 18262 18287 E IMGMapper: set:488 set: Unset optional value from type CTA861_3
11-05 23:27:32.483 18262 18287 E IMGMapper: set:488 set: Unset optional value from type SMPTE2086
11-05 23:27:32.483 18262 18287 E IMGMapper: set:488 set: Unset optional value from type CTA861_3
11-05 23:27:32.498 18262 18287 E IMGMapper: set:488 set: Unset optional value from type SMPTE2086
11-05 23:27:32.499 18262 18287 E IMGMapper: set:488 set: Unset optional value from type CTA861_3
11-05 23:27:32.510 18262 18287 E IMGMapper: set:488 set: Unset optional value from type SMPTE2086
11-05 23:27:32.510 18262 18287 E IMGMapper: set:488 set: Unset optional value from type CTA861_3
11-05 23:27:32.525 18262 18287 E IMGMapper: set:488 set: Unset optional value from type SMPTE2086
11-05 23:27:32.525 18262 18287 E IMGMapper: set:488 set: Unset optional value from type CTA861_3
11-05 23:27:32.543 18262 18287 E IMGMapper: set:488 set: Unset optional value from type SMPTE2086
11-05 23:27:32.543 18262 18287 E IMGMapper: set:488 set: Unset optional value from type CTA861_3
11-05 23:27:32.559 18262 18287 E IMGMapper: set:488 set: Unset optional value from type SMPTE2086
11-05 23:27:32.559 18262 18287 E IMGMapper: set:488 set: Unset optional value from type CTA861_3
11-05 23:27:32.576 18262 18287 E IMGMapper: set:488 set: Unset optional value from type SMPTE2086
11-05 23:27:32.576 18262 18287 E IMGMapper: set:488 set: Unset optional value from type CTA861_3
11-05 23:27:32.594 18262 18287 E IMGMapper: set:488 set: Unset optional value from type SMPTE2086
11-05 23:27:32.594 18262 18287 E IMGMapper: set:488 set: Unset optional value from type CTA861_3
11-05 23:27:32.596  1693  1693 I WifiHAL : Get link layer stats
11-05 23:27:32.596  1693  1693 I WifiHAL : GetLinkStatsCommand::create
11-05 23:27:32.596  1693  1693 D android.hardware.wifi@1.0-service-lazy: WifiRequest::create vendor command to iface 38, vendor_id=0x1a11, subcmd=0x1200, res=0
11-05 23:27:32.596  1693  1693 I android.hardware.wifi@1.0-service-lazy: WifiCommand::requestResponse err=-95
11-05 23:27:32.596  1693  1693 I WifiHAL : wifi_get_link_stats: result=-3
11-05 23:27:32.597  1187  1566 E WifiVendorHal: getWifiLinkLayerStats_1_5_Internal(l.1179) failed {.code = ERROR_NOT_SUPPORTED, .description = }
11-05 23:27:32.603  1187 22074 D SemWifiUsabilityStatsMonitor: onWifiUsabilityStats - seqNum 107393, isSameBssidAndFreq true
11-05 23:27:32.604  1187  1645 I SemWifiLinkQualityMonitor: Link Qos query: inf. ms / 0 Mbps
11-05 23:27:32.613 18262 18287 E IMGMapper: set:488 set: Unset optional value from type SMPTE2086
11-05 23:27:32.613 18262 18287 E IMGMapper: set:488 set: Unset optional value from type CTA861_3
11-05 23:27:32.627 18262 18287 E IMGMapper: set:488 set: Unset optional value from type SMPTE2086
11-05 23:27:32.627 18262 18287 E IMGMapper: set:488 set: Unset optional value from type CTA861_3
11-05 23:27:32.643 18262 18287 E IMGMapper: set:488 set: Unset optional value from type SMPTE2086
11-05 23:27:32.643 18262 18287 E IMGMapper: set:488 set: Unset optional value from type CTA861_3
11-05 23:27:32.670 18262 18287 E IMGMapper: set:488 set: Unset optional value from type SMPTE2086
11-05 23:27:32.670 18262 18287 E IMGMapper: set:488 set: Unset optional value from type CTA861_3
11-05 23:27:32.684 18262 18287 E IMGMapper: set:488 set: Unset optional value from type SMPTE2086
11-05 23:27:32.685 18262 18287 E IMGMapper: set:488 set: Unset optional value from type CTA861_3
11-05 23:27:32.695 18262 18287 E IMGMapper: set:488 set: Unset optional value from type SMPTE2086
11-05 23:27:32.695 18262 18287 E IMGMapper: set:488 set: Unset optional value from type CTA861_3
11-05 23:27:32.711 18262 18287 E IMGMapper: set:488 set: Unset optional value from type SMPTE2086
11-05 23:27:32.711 18262 18287 E IMGMapper: set:488 set: Unset optional value from type CTA861_3
11-05 23:27:32.719  1187  3197 D InputDispatcher: Inject motion (18412/2000): action=0x1, time=3402974360000000, f=0x0, d=0 dsdx=1.000000 dtdx=0.000000
11-05 23:27:32.719  1187  1534 I InputDispatcher: Delivering touch to (18262): action: 0x1, f=0x0, d=0, 'eec0419', t=1 
11-05 23:27:32.720  1187  1187 I SemDvfsHyPerManager: acquire hyper - SMOOTH_SCROLL/1187@17, type = -999
11-05 23:27:32.720   896   910 I HYPER-HAL: [RequestManager.cpp]acquire(): Acquired ID : 725427  [1187 / 17]    HINT : SMOOTH_SCROLL    list : 
11-05 23:27:32.721   896   910 I mtkpower_client: perf_lock_rel, hdl:1047571, tid:910
11-05 23:27:32.721  1014  1065 I libPowerHal: [perfLockRel] hdl:1047571, idx:1
11-05 23:27:32.721 18262 18262 I ViewRootImpl@706bef1[MainActivity]: ViewPostIme pointer 1
11-05 23:27:32.722  1014  1065 I libPowerHal: vendor.samsung.: cpu_ctrl set cpu freq: 1218000 -1 -1 -1
11-05 23:27:32.722  1187  1187 D SGM:GameManager: identifyGamePackage. com.cinemamovel, mCurrentUserId: 0, callerUserId: 0, callingMethodInfo: com.android.server.ssrm.fgapps.GameAppUtils.isGame(GameAppUtils.java:84)
11-05 23:27:32.722  1187  1187 D SGM:PkgDataHelper: getGamePkgData(). com.cinemamovel
11-05 23:27:32.722  1187  1187 I SemDvfsHyPerManager: acquire hyper - GESTURE_DETECTED/1187@18, type = -999
11-05 23:27:32.724  1187  1187 D SGM:GameManager: identifyGamePackage. com.cinemamovel, mCurrentUserId: 0, callerUserId: 0, callingMethodInfo: com.android.server.ssrm.fgapps.GameAppUtils.isGame(GameAppUtils.java:84)
11-05 23:27:32.724  1187  1187 D SGM:PkgDataHelper: getGamePkgData(). com.cinemamovel
11-05 23:27:32.724  1187  1187 I SemDvfsHyPerManager: acquire hyper - GESTURE_DETECTED/1187@18, type = -999
11-05 23:27:32.725   896   910 I mtkpower_client: perf_lock_acq, hdl:0, dur:0, num:2, tid:910
11-05 23:27:32.725 18262 18287 E IMGMapper: set:488 set: Unset optional value from type SMPTE2086
11-05 23:27:32.726 18262 18287 E IMGMapper: set:488 set: Unset optional value from type CTA861_3
11-05 23:27:32.726   896   910 I mtkpower_client: ret_hdl:1047573
11-05 23:27:32.726   896   910 I mtkpower_client: perf_lock_rel, hdl:1047572, tid:910
11-05 23:27:32.726  1014  1065 I libPowerHal: [perfLockAcq] idx:0 hdl:1047573 hint:-1 pid:896 duration:0 lock_user:vendor.samsung. => ret_hdl:1047573
11-05 23:27:32.727  1014  1065 I libPowerHal: vendor.samsung.: cpu_ctrl set cpu freq: 1218000 -1 1138000 -1
11-05 23:27:32.727   896   910 I mtkpower_client: perf_lock_acq, hdl:0, dur:0, num:2, tid:910
11-05 23:27:32.728  1014  1065 I libPowerHal: [perfLockRel] hdl:1047572, idx:2
11-05 23:27:32.728  1014  1065 I libPowerHal: vendor.samsung.: cpu_ctrl set cpu freq: -1 -1 1138000 -1
11-05 23:27:32.728 18262 18349 D skia    : SkJpegCodec::onGetPixels +
11-05 23:27:32.728  1187  1187 I SemDvfsHyPerManager: acquire hyper - SMOOTH_SCROLL/1187@17, type = -999
11-05 23:27:32.731   896   910 I mtkpower_client: ret_hdl:1047574
11-05 23:27:32.732   896   910 I mtkpower_client: perf_lock_rel, hdl:1047573, tid:910
11-05 23:27:32.732  1014  1065 I libPowerHal: [perfLockAcq] idx:1 hdl:1047574 hint:-1 pid:896 duration:0 lock_user:vendor.samsung. => ret_hdl:1047574
11-05 23:27:32.732  1014  1065 I libPowerHal: vendor.samsung.: cpu_ctrl set cpu freq: 1218000 -1 1138000 -1
11-05 23:27:32.735   896   910 I mtkpower_client: perf_lock_acq, hdl:0, dur:0, num:2, tid:910
11-05 23:27:32.736  1014  1065 I libPowerHal: [perfLockRel] hdl:1047573, idx:0
11-05 23:27:32.737  1014  1065 I libPowerHal: vendor.samsung.: cpu_ctrl set cpu freq: 1218000 -1 -1 -1
11-05 23:27:32.737   896   910 I mtkpower_client: ret_hdl:1047575
11-05 23:27:32.738   896   910 I mtkpower_client: perf_lock_rel, hdl:1047574, tid:910
11-05 23:27:32.738  1014  1065 I libPowerHal: [perfLockAcq] idx:2 hdl:1047575 hint:-1 pid:896 duration:0 lock_user:vendor.samsung. => ret_hdl:1047575
11-05 23:27:32.738  1014  1065 I libPowerHal: vendor.samsung.: cpu_ctrl set cpu freq: 1218000 -1 1138000 -1
11-05 23:27:32.739   896   910 I mtkpower_client: perf_lock_acq, hdl:0, dur:0, num:2, tid:910
11-05 23:27:32.740  1014  1065 I libPowerHal: [perfLockRel] hdl:1047574, idx:1
11-05 23:27:32.740  1014  1065 I libPowerHal: vendor.samsung.: cpu_ctrl set cpu freq: -1 -1 1138000 -1
11-05 23:27:32.741   896   910 I mtkpower_client: ret_hdl:1047576
11-05 23:27:32.741  1014  1065 I libPowerHal: [perfLockAcq] idx:0 hdl:1047576 hint:-1 pid:896 duration:0 lock_user:vendor.samsung. => ret_hdl:1047576
11-05 23:27:32.741   896   910 I HYPER-HAL: [RequestManager.cpp]releaseLocked(): Released ID : 725427
11-05 23:27:32.741   896   910 I HYPER-HAL: [RequestManager.cpp]acquire(): Acquired ID : 726633  [1187 / 18]    HINT : GESTURE_DETECTED    list : [TIMEOUT / 1702] 
11-05 23:27:32.741   896   910 I HYPER-HAL: [RequestManager.cpp]acquire(): Acquired ID : 726633  [1187 / 18]    HINT : GESTURE_DETECTED    list : [TIMEOUT / 1702] 
11-05 23:27:32.741   896   910 I HYPER-HAL: [RequestManager.cpp]acquire(): Acquired ID : 725427  [1187 / 17]    HINT : SMOOTH_SCROLL    list : 
11-05 23:27:32.741  1014  1065 I libPowerHal: vendor.samsung.: cpu_ctrl set cpu freq: 1218000 -1 1138000 -1
11-05 23:27:32.742   896   910 I mtkpower_client: perf_lock_rel, hdl:1047575, tid:910
11-05 23:27:32.742   896   910 I mtkpower_client: perf_lock_acq, hdl:0, dur:0, num:2, tid:910
11-05 23:27:32.743  1014  1065 I libPowerHal: [perfLockRel] hdl:1047575, idx:2
11-05 23:27:32.743  1014  1065 I libPowerHal: vendor.samsung.: cpu_ctrl set cpu freq: 1218000 -1 -1 -1
11-05 23:27:32.744 18262 18287 E IMGMapper: set:488 set: Unset optional value from type SMPTE2086
11-05 23:27:32.744 18262 18287 E IMGMapper: set:488 set: Unset optional value from type CTA861_3
11-05 23:27:32.744   896   910 I mtkpower_client: ret_hdl:1047577
11-05 23:27:32.744   896   910 I mtkpower_client: perf_lock_rel, hdl:1047576, tid:910
11-05 23:27:32.744  1014  1065 I libPowerHal: [perfLockAcq] idx:1 hdl:1047577 hint:-1 pid:896 duration:0 lock_user:vendor.samsung. => ret_hdl:1047577
11-05 23:27:32.745  1014  1065 I libPowerHal: vendor.samsung.: cpu_ctrl set cpu freq: 1218000 -1 1138000 -1
11-05 23:27:32.746   896   910 I mtkpower_client: perf_lock_acq, hdl:0, dur:0, num:2, tid:910
11-05 23:27:32.746  1014  1065 I libPowerHal: [perfLockRel] hdl:1047576, idx:0
11-05 23:27:32.746  1014  1065 I libPowerHal: vendor.samsung.: cpu_ctrl set cpu freq: -1 -1 1138000 -1
11-05 23:27:32.747  1014  1065 I libPowerHal: [perfLockAcq] idx:0 hdl:1047578 hint:-1 pid:896 duration:0 lock_user:vendor.samsung. => ret_hdl:1047578
11-05 23:27:32.747   896   910 I mtkpower_client: ret_hdl:1047578
11-05 23:27:32.748  1014  1065 I libPowerHal: vendor.samsung.: cpu_ctrl set cpu freq: 1218000 -1 1138000 -1
11-05 23:27:32.752 18262 18349 D skia    : SkJpegCodec::onGetPixels -
11-05 23:27:32.761 18262 18287 E IMGMapper: set:488 set: Unset optional value from type SMPTE2086
11-05 23:27:32.761 18262 18287 E IMGMapper: set:488 set: Unset optional value from type CTA861_3
11-05 23:27:32.774 18262 18287 E IMGMapper: set:488 set: Unset optional value from type SMPTE2086
11-05 23:27:32.774 18262 18287 E IMGMapper: set:488 set: Unset optional value from type CTA861_3
11-05 23:27:32.794 18262 18287 E IMGMapper: set:488 set: Unset optional value from type SMPTE2086
11-05 23:27:32.796 18262 18287 E IMGMapper: set:488 set: Unset optional value from type CTA861_3
11-05 23:27:32.803 18262 18346 D skia    : SkJpegCodec::onGetPixels +
11-05 23:27:32.808 18262 18347 D skia    : SkJpegCodec::onGetPixels +
11-05 23:27:32.813 18262 18287 E IMGMapper: set:488 set: Unset optional value from type SMPTE2086
11-05 23:27:32.813 18262 18287 E IMGMapper: set:488 set: Unset optional value from type CTA861_3
11-05 23:27:32.821 18262 18346 D skia    : SkJpegCodec::onGetPixels -
11-05 23:27:32.825 18262 18352 D skia    : SkJpegCodec::onGetPixels +
11-05 23:27:32.826 18262 18347 D skia    : SkJpegCodec::onGetPixels -
11-05 23:27:32.826 18262 18287 E IMGMapper: set:488 set: Unset optional value from type SMPTE2086
11-05 23:27:32.826 18262 18287 E IMGMapper: set:488 set: Unset optional value from type CTA861_3
11-05 23:27:32.841 18262 18287 E IMGMapper: set:488 set: Unset optional value from type SMPTE2086
11-05 23:27:32.841 18262 18287 E IMGMapper: set:488 set: Unset optional value from type CTA861_3
11-05 23:27:32.844 18262 18352 D skia    : SkJpegCodec::onGetPixels -
11-05 23:27:32.864 18262 18287 E IMGMapper: set:488 set: Unset optional value from type SMPTE2086
11-05 23:27:32.864 18262 18287 E IMGMapper: set:488 set: Unset optional value from type CTA861_3
11-05 23:27:32.884 18262 18287 E IMGMapper: set:488 set: Unset optional value from type SMPTE2086
11-05 23:27:32.884 18262 18287 E IMGMapper: set:488 set: Unset optional value from type CTA861_3
11-05 23:27:32.900 18262 18287 E IMGMapper: set:488 set: Unset optional value from type SMPTE2086
11-05 23:27:32.900 18262 18287 E IMGMapper: set:488 set: Unset optional value from type CTA861_3
11-05 23:27:32.902  1200  1324 D ULogGuard: Monitoring: 16 threads, 0 requests, 0 time-bombs; 1 guards. ResetFlags = 0x7
11-05 23:27:32.915 18262 18287 E IMGMapper: set:488 set: Unset optional value from type SMPTE2086
11-05 23:27:32.915 18262 18287 E IMGMapper: set:488 set: Unset optional value from type CTA861_3
11-05 23:27:32.962 18262 18287 E IMGMapper: set:488 set: Unset optional value from type SMPTE2086
11-05 23:27:32.962 18262 18287 E IMGMapper: set:488 set: Unset optional value from type CTA861_3
11-05 23:27:32.975 18262 18287 E IMGMapper: set:488 set: Unset optional value from type SMPTE2086
11-05 23:27:32.975 18262 18287 E IMGMapper: set:488 set: Unset optional value from type CTA861_3
