11-05 23:27:34.691 18262 18287 E IMGMapper: set:488 set: Unset optional value from type SMPTE2086
11-05 23:27:34.691 18262 18287 E IMGMapper: set:488 set: Unset optional value from type CTA861_3
11-05 23:27:34.694 18262 18352 D skia    : SkJpegCodec::onGetPixels +
11-05 23:27:34.710 18262 18352 D skia    : SkJpegCodec::onGetPixels -
11-05 23:27:34.712 18262 18287 E IMGMapper: set:488 set: Unset optional value from type SMPTE2086
11-05 23:27:34.712 18262 18287 E IMGMapper: set:488 set: Unset optional value from type CTA861_3
11-05 23:27:34.725 18262 18287 E IMGMapper: set:488 set: Unset optional value from type SMPTE2086
11-05 23:27:34.725 18262 18287 E IMGMapper: set:488 set: Unset optional value from type CTA861_3
11-05 23:27:34.739 18262 18287 E IMGMapper: set:488 set: Unset optional value from type SMPTE2086
11-05 23:27:34.739 18262 18287 E IMGMapper: set:488 set: Unset optional value from type CTA861_3
11-05 23:27:34.756 18262 18287 E IMGMapper: set:488 set: Unset optional value from type SMPTE2086
11-05 23:27:34.756 18262 18287 E IMGMapper: set:488 set: Unset optional value from type CTA861_3
11-05 23:27:34.772 18262 18287 E IMGMapper: set:488 set: Unset optional value from type SMPTE2086
11-05 23:27:34.772 18262 18287 E IMGMapper: set:488 set: Unset optional value from type CTA861_3
11-05 23:27:34.788 18262 18287 E IMGMapper: set:488 set: Unset optional value from type SMPTE2086
11-05 23:27:34.789 18262 18287 E IMGMapper: set:488 set: Unset optional value from type CTA861_3
11-05 23:27:34.806 18262 18287 E IMGMapper: set:488 set: Unset optional value from type SMPTE2086
11-05 23:27:34.806 18262 18287 E IMGMapper: set:488 set: Unset optional value from type CTA861_3
11-05 23:27:34.823 18262 18287 E IMGMapper: set:488 set: Unset optional value from type SMPTE2086
11-05 23:27:34.823 18262 18287 E IMGMapper: set:488 set: Unset optional value from type CTA861_3
11-05 23:27:34.849 18262 18287 E IMGMapper: set:488 set: Unset optional value from type SMPTE2086
11-05 23:27:34.849 18262 18287 E IMGMapper: set:488 set: Unset optional value from type CTA861_3
11-05 23:27:34.864 18262 18287 E IMGMapper: set:488 set: Unset optional value from type SMPTE2086
11-05 23:27:34.865 18262 18287 E IMGMapper: set:488 set: Unset optional value from type CTA861_3
11-05 23:27:34.901 18262 18347 D skia    : SkJpegCodec::onGetPixels +
11-05 23:27:34.901 18262 18287 E IMGMapper: set:488 set: Unset optional value from type SMPTE2086
11-05 23:27:34.901 18262 18287 E IMGMapper: set:488 set: Unset optional value from type CTA861_3
11-05 23:27:34.909 18262 18287 E IMGMapper: set:488 set: Unset optional value from type SMPTE2086
11-05 23:27:34.909 18262 18287 E IMGMapper: set:488 set: Unset optional value from type CTA861_3
11-05 23:27:34.914 18262 18347 D skia    : SkJpegCodec::onGetPixels -
11-05 23:27:34.922 18262 18287 E IMGMapper: set:488 set: Unset optional value from type SMPTE2086
11-05 23:27:34.922 18262 18287 E IMGMapper: set:488 set: Unset optional value from type CTA861_3
11-05 23:27:34.940 18262 18287 E IMGMapper: set:488 set: Unset optional value from type SMPTE2086
11-05 23:27:34.940 18262 18287 E IMGMapper: set:488 set: Unset optional value from type CTA861_3
11-05 23:27:34.962 18262 18287 E IMGMapper: set:488 set: Unset optional value from type SMPTE2086
11-05 23:27:34.962 18262 18287 E IMGMapper: set:488 set: Unset optional value from type CTA861_3
11-05 23:27:34.974 18262 18287 E IMGMapper: set:488 set: Unset optional value from type SMPTE2086
11-05 23:27:34.974 18262 18287 E IMGMapper: set:488 set: Unset optional value from type CTA861_3
11-05 23:27:34.979 18262 18349 D skia    : SkJpegCodec::onGetPixels +
11-05 23:27:34.990 18262 18287 E IMGMapper: set:488 set: Unset optional value from type SMPTE2086
11-05 23:27:34.990 18262 18287 E IMGMapper: set:488 set: Unset optional value from type CTA861_3
11-05 23:27:34.998 18262 18349 D skia    : SkJpegCodec::onGetPixels -
11-05 23:27:35.006 18262 18287 E IMGMapper: set:488 set: Unset optional value from type SMPTE2086
11-05 23:27:35.006 18262 18287 E IMGMapper: set:488 set: Unset optional value from type CTA861_3
11-05 23:27:35.023 18262 18287 E IMGMapper: set:488 set: Unset optional value from type SMPTE2086
11-05 23:27:35.023 18262 18287 E IMGMapper: set:488 set: Unset optional value from type CTA861_3
11-05 23:27:35.027  1039  1039 I BufferQueueProducer: [com.cinemamovel/com.cinemamovel.MainActivity$_18262#687256](this:0xb400007a262e6838,id:-1,api:0,p:-1,c:1039) queueBuffer: fps=55.17 dur=1015.04 max=49.78 min=16.20
11-05 23:27:35.030   991   991 I hwcomposer: [HWCDisplay] [Display_0 (type:1)] fps:55.157051,dur:1015.28,max:49.92,min:15.48  
11-05 23:27:35.040 18262 18287 E IMGMapper: set:488 set: Unset optional value from type SMPTE2086
11-05 23:27:35.040 18262 18287 E IMGMapper: set:488 set: Unset optional value from type CTA861_3
11-05 23:27:35.055 18262 18287 E IMGMapper: set:488 set: Unset optional value from type SMPTE2086
11-05 23:27:35.055 18262 18287 E IMGMapper: set:488 set: Unset optional value from type CTA861_3
11-05 23:27:35.081 18262 18287 E IMGMapper: set:488 set: Unset optional value from type SMPTE2086
11-05 23:27:35.081 18262 18287 E IMGMapper: set:488 set: Unset optional value from type CTA861_3
11-05 23:27:35.096 18262 18287 E IMGMapper: set:488 set: Unset optional value from type SMPTE2086
11-05 23:27:35.096 18262 18287 E IMGMapper: set:488 set: Unset optional value from type CTA861_3
11-05 23:27:35.139 18262 18287 E IMGMapper: set:488 set: Unset optional value from type SMPTE2086
11-05 23:27:35.139 18262 18287 E IMGMapper: set:488 set: Unset optional value from type CTA861_3
11-05 23:27:35.154 18262 18287 E IMGMapper: set:488 set: Unset optional value from type SMPTE2086
11-05 23:27:35.154 18262 18287 E IMGMapper: set:488 set: Unset optional value from type CTA861_3
11-05 23:27:35.176 18262 18287 E IMGMapper: set:488 set: Unset optional value from type SMPTE2086
11-05 23:27:35.176 18262 18287 E IMGMapper: set:488 set: Unset optional value from type CTA861_3
11-05 23:27:35.185   543   543 D io_stats: !@ 179,0 r 628679705 7594133074 w 113826801 1206214328 d 1261337 33797852 f 0 0 iot 323641208 0 th 0 0 0 pt 0 inp 0 0 3402976.826
11-05 23:27:35.190 18262 18287 E IMGMapper: set:488 set: Unset optional value from type SMPTE2086
11-05 23:27:35.190 18262 18287 E IMGMapper: set:488 set: Unset optional value from type CTA861_3
11-05 23:27:35.205 18262 18287 E IMGMapper: set:488 set: Unset optional value from type SMPTE2086
11-05 23:27:35.205 18262 18287 E IMGMapper: set:488 set: Unset optional value from type CTA861_3
11-05 23:27:35.222 18262 18287 E IMGMapper: set:488 set: Unset optional value from type SMPTE2086
11-05 23:27:35.222 18262 18287 E IMGMapper: set:488 set: Unset optional value from type CTA861_3
11-05 23:27:35.239 18262 18287 E IMGMapper: set:488 set: Unset optional value from type SMPTE2086
11-05 23:27:35.239 18262 18287 E IMGMapper: set:488 set: Unset optional value from type CTA861_3
11-05 23:27:35.255 18262 18287 E IMGMapper: set:488 set: Unset optional value from type SMPTE2086
11-05 23:27:35.256 18262 18287 E IMGMapper: set:488 set: Unset optional value from type CTA861_3
11-05 23:27:35.272 18262 18287 E IMGMapper: set:488 set: Unset optional value from type SMPTE2086
11-05 23:27:35.272 18262 18287 E IMGMapper: set:488 set: Unset optional value from type CTA861_3
11-05 23:27:35.292 18262 18287 E IMGMapper: set:488 set: Unset optional value from type SMPTE2086
11-05 23:27:35.293 18262 18287 E IMGMapper: set:488 set: Unset optional value from type CTA861_3
11-05 23:27:35.305 18262 18287 E IMGMapper: set:488 set: Unset optional value from type SMPTE2086
11-05 23:27:35.305 18262 18287 E IMGMapper: set:488 set: Unset optional value from type CTA861_3
11-05 23:27:35.308 18262 18347 D skia    : SkJpegCodec::onGetPixels +
11-05 23:27:35.322 18262 18287 E IMGMapper: set:488 set: Unset optional value from type SMPTE2086
11-05 23:27:35.322 18262 18287 E IMGMapper: set:488 set: Unset optional value from type CTA861_3
11-05 23:27:35.335 18262 18347 D skia    : SkJpegCodec::onGetPixels -
11-05 23:27:35.339 18262 18287 E IMGMapper: set:488 set: Unset optional value from type SMPTE2086
11-05 23:27:35.339 18262 18287 E IMGMapper: set:488 set: Unset optional value from type CTA861_3
11-05 23:27:35.355 18262 18287 E IMGMapper: set:488 set: Unset optional value from type SMPTE2086
11-05 23:27:35.355 18262 18287 E IMGMapper: set:488 set: Unset optional value from type CTA861_3
11-05 23:27:35.379 18262 18287 E IMGMapper: set:488 set: Unset optional value from type SMPTE2086
11-05 23:27:35.379 18262 18287 E IMGMapper: set:488 set: Unset optional value from type CTA861_3
11-05 23:27:35.395 18262 18287 E IMGMapper: set:488 set: Unset optional value from type SMPTE2086
11-05 23:27:35.395 18262 18287 E IMGMapper: set:488 set: Unset optional value from type CTA861_3
11-05 23:27:35.399 18262 18349 D skia    : SkJpegCodec::onGetPixels +
11-05 23:27:35.406 18262 18287 E IMGMapper: set:488 set: Unset optional value from type SMPTE2086
11-05 23:27:35.406 18262 18287 E IMGMapper: set:488 set: Unset optional value from type CTA861_3
11-05 23:27:35.422 18262 18349 D skia    : SkJpegCodec::onGetPixels -
11-05 23:27:35.423 18262 18287 E IMGMapper: set:488 set: Unset optional value from type SMPTE2086
11-05 23:27:35.423 18262 18287 E IMGMapper: set:488 set: Unset optional value from type CTA861_3
11-05 23:27:35.438 18262 18287 E IMGMapper: set:488 set: Unset optional value from type SMPTE2086
11-05 23:27:35.439 18262 18287 E IMGMapper: set:488 set: Unset optional value from type CTA861_3
11-05 23:27:35.454 18262 18287 E IMGMapper: set:488 set: Unset optional value from type SMPTE2086
11-05 23:27:35.454 18262 18287 E IMGMapper: set:488 set: Unset optional value from type CTA861_3
11-05 23:27:35.472 18262 18287 E IMGMapper: set:488 set: Unset optional value from type SMPTE2086
11-05 23:27:35.472 18262 18287 E IMGMapper: set:488 set: Unset optional value from type CTA861_3
11-05 23:27:35.490 18262 18287 E IMGMapper: set:488 set: Unset optional value from type SMPTE2086
11-05 23:27:35.490 18262 18287 E IMGMapper: set:488 set: Unset optional value from type CTA861_3
11-05 23:27:35.507 18262 18287 E IMGMapper: set:488 set: Unset optional value from type SMPTE2086
11-05 23:27:35.507 18262 18287 E IMGMapper: set:488 set: Unset optional value from type CTA861_3
11-05 23:27:35.523 18262 18287 E IMGMapper: set:488 set: Unset optional value from type SMPTE2086
11-05 23:27:35.523 18262 18287 E IMGMapper: set:488 set: Unset optional value from type CTA861_3
11-05 23:27:35.537 18262 18287 E IMGMapper: set:488 set: Unset optional value from type SMPTE2086
11-05 23:27:35.537 18262 18287 E IMGMapper: set:488 set: Unset optional value from type CTA861_3
11-05 23:27:35.555 18262 18287 E IMGMapper: set:488 set: Unset optional value from type SMPTE2086
11-05 23:27:35.555 18262 18287 E IMGMapper: set:488 set: Unset optional value from type CTA861_3
11-05 23:27:35.581 18262 18287 E IMGMapper: set:488 set: Unset optional value from type SMPTE2086
11-05 23:27:35.581 18262 18287 E IMGMapper: set:488 set: Unset optional value from type CTA861_3
11-05 23:27:35.597 18262 18287 E IMGMapper: set:488 set: Unset optional value from type SMPTE2086
11-05 23:27:35.597 18262 18287 E IMGMapper: set:488 set: Unset optional value from type CTA861_3
11-05 23:27:35.608  1693  1693 I WifiHAL : Get link layer stats
11-05 23:27:35.608  1693  1693 I WifiHAL : GetLinkStatsCommand::create
11-05 23:27:35.608  1693  1693 D android.hardware.wifi@1.0-service-lazy: WifiRequest::create vendor command to iface 38, vendor_id=0x1a11, subcmd=0x1200, res=0
11-05 23:27:35.608  1693  1693 I android.hardware.wifi@1.0-service-lazy: WifiCommand::requestResponse err=-95
11-05 23:27:35.608  1693  1693 I WifiHAL : wifi_get_link_stats: result=-3
11-05 23:27:35.608  1187  1566 E WifiVendorHal: getWifiLinkLayerStats_1_5_Internal(l.1179) failed {.code = ERROR_NOT_SUPPORTED, .description = }
11-05 23:27:35.613  1187 22074 D SemWifiUsabilityStatsMonitor: onWifiUsabilityStats - seqNum 107394, isSameBssidAndFreq true
11-05 23:27:35.614  1187  1645 I SemWifiLinkQualityMonitor: Link Qos query: inf. ms / 0 Mbps
11-05 23:27:35.634 18262 18287 E IMGMapper: set:488 set: Unset optional value from type SMPTE2086
11-05 23:27:35.635 18262 18287 E IMGMapper: set:488 set: Unset optional value from type CTA861_3
11-05 23:27:35.639  1187  2418 D InputDispatcher: Inject motion (18427/2000): action=0x0, time=3402977280000000, f=0x0, d=0 dsdx=1.000000 dtdx=0.000000
11-05 23:27:35.640  1187  1534 I InputDispatcher: Delivering touch to (1737): action: 0x4, f=0x0, d=0, 'd92b8ad', t=1 
11-05 23:27:35.640  1187  1534 I InputDispatcher: Delivering touch to (18262): action: 0x0, f=0x0, d=0, 'eec0419', t=1 
11-05 23:27:35.640  1187  1534 D PowerManagerService: [api] userActivityFromNative :  (event: 2 flags: 0 displayId: 0) eventTime = 3402977280
11-05 23:27:35.641  1187  1303 I GestureDetector: obtain mCurrentDownEvent. id: -525176322 caller: com.android.server.wm.SystemGesturesPointerEventListener.onPointerEvent:203 com.android.server.wm.PointerEventDispatcher.onInputEvent:53 android.view.InputEventReceiver.dispatchInputEvent:285 
11-05 23:27:35.641 18262 18262 I ViewRootImpl@706bef1[MainActivity]: ViewPostIme pointer 0
11-05 23:27:35.641  1187  1303 I GestureDetector: obtain mCurrentDownEvent. id: -525176322 caller: com.android.server.wm.SystemPerformancePointerEventListener.onPointerEvent:89 com.android.server.wm.PointerEventDispatcher.onInputEvent:53 android.view.InputEventReceiver.dispatchInputEvent:285 
11-05 23:27:35.646 18262 18287 E IMGMapper: set:488 set: Unset optional value from type SMPTE2086
11-05 23:27:35.646 18262 18287 E IMGMapper: set:488 set: Unset optional value from type CTA861_3
11-05 23:27:35.655  1187  1303 I GestureDetector: obtain mCurrentMotionEventRaw. action: 2 id: -890724670
11-05 23:27:35.655  1187  1303 I GestureDetector: obtain mCurrentMotionEventRaw. action: 2 id: -890724670
11-05 23:27:35.662   896   910 I mtkpower_client: perf_lock_rel, hdl:1047585, tid:910
11-05 23:27:35.663  1014  1065 I libPowerHal: [perfLockRel] hdl:1047585, idx:1
11-05 23:27:35.664  1014  1065 I libPowerHal: vendor.samsung.: cpu_ctrl set cpu freq: 1218000 -1 -1 -1
11-05 23:27:35.664   896   910 I mtkpower_client: perf_lock_acq, hdl:0, dur:0, num:2, tid:910
11-05 23:27:35.667   896   910 I mtkpower_client: ret_hdl:1047587
11-05 23:27:35.667   896   910 I mtkpower_client: perf_lock_rel, hdl:1047586, tid:910
11-05 23:27:35.667 18262 18287 E IMGMapper: set:488 set: Unset optional value from type SMPTE2086
11-05 23:27:35.667 18262 18287 E IMGMapper: set:488 set: Unset optional value from type CTA861_3
11-05 23:27:35.667 15628 15628 I wpa_supplicant: Heartbeat 881
11-05 23:27:35.667  1014  1065 I libPowerHal: [perfLockAcq] idx:0 hdl:1047587 hint:-1 pid:896 duration:0 lock_user:vendor.samsung. => ret_hdl:1047587
11-05 23:27:35.668  1014  1065 I libPowerHal: vendor.samsung.: cpu_ctrl set cpu freq: 1218000 -1 1138000 -1
11-05 23:27:35.669   896   910 I mtkpower_client: perf_lock_acq, hdl:0, dur:0, num:2, tid:910
11-05 23:27:35.670  1014  1065 I libPowerHal: [perfLockRel] hdl:1047586, idx:2
11-05 23:27:35.670  1014  1065 I libPowerHal: vendor.samsung.: cpu_ctrl set cpu freq: -1 -1 1138000 -1
11-05 23:27:35.671   896   910 I mtkpower_client: ret_hdl:1047588
11-05 23:27:35.672   896   910 I HYPER-HAL: [RequestManager.cpp]releaseLocked(): Released ID : 725427
11-05 23:27:35.672  1014  1065 I libPowerHal: [perfLockAcq] idx:1 hdl:1047588 hint:-1 pid:896 duration:0 lock_user:vendor.samsung. => ret_hdl:1047588
11-05 23:27:35.672  1014  1065 I libPowerHal: vendor.samsung.: cpu_ctrl set cpu freq: 1218000 -1 1138000 -1
11-05 23:27:35.676 18262 18287 E IMGMapper: set:488 set: Unset optional value from type SMPTE2086
11-05 23:27:35.676 18262 18287 E IMGMapper: set:488 set: Unset optional value from type CTA861_3
11-05 23:27:35.690 18262 18287 E IMGMapper: set:488 set: Unset optional value from type SMPTE2086
11-05 23:27:35.690 18262 18287 E IMGMapper: set:488 set: Unset optional value from type CTA861_3
11-05 23:27:35.706 18262 18287 E IMGMapper: set:488 set: Unset optional value from type SMPTE2086
11-05 23:27:35.706 18262 18287 E IMGMapper: set:488 set: Unset optional value from type CTA861_3
11-05 23:27:35.726 18262 18287 E IMGMapper: set:488 set: Unset optional value from type SMPTE2086
11-05 23:27:35.727 18262 18287 E IMGMapper: set:488 set: Unset optional value from type CTA861_3
11-05 23:27:35.744 18262 18287 E IMGMapper: set:488 set: Unset optional value from type SMPTE2086
11-05 23:27:35.744 18262 18287 E IMGMapper: set:488 set: Unset optional value from type CTA861_3
11-05 23:27:35.757 18262 18287 E IMGMapper: set:488 set: Unset optional value from type SMPTE2086
11-05 23:27:35.758 18262 18287 E IMGMapper: set:488 set: Unset optional value from type CTA861_3
11-05 23:27:35.778 18262 18287 E IMGMapper: set:488 set: Unset optional value from type SMPTE2086
11-05 23:27:35.778 18262 18287 E IMGMapper: set:488 set: Unset optional value from type CTA861_3
11-05 23:27:35.792  1737  1942 D MobileStatusTracker(0/2): onSignalStrengthsChanged level=3, vendorLevel=3
11-05 23:27:35.796  1737  1942 D MobileSignalController(0/2): notifyListener: enabled=true, connected=true, dataConnected=true, networkType=LTE (4G), emergencyOnly=false, roaming=false, isDefault=false, dataActivity=, level=3, ca=false, mmWave=false, disabledDataIcon=false, simCard=ETC
11-05 23:27:35.796 18262 18287 E IMGMapper: set:488 set: Unset optional value from type SMPTE2086
11-05 23:27:35.796  1737  1942 D NetworkController: SignalStrength from intent slotId=0
11-05 23:27:35.796 18262 18287 E IMGMapper: set:488 set: Unset optional value from type CTA861_3
11-05 23:27:35.805 18262 18287 E IMGMapper: set:488 set: Unset optional value from type SMPTE2086
11-05 23:27:35.805 18262 18287 E IMGMapper: set:488 set: Unset optional value from type CTA861_3
11-05 23:27:35.822 18262 18287 E IMGMapper: set:488 set: Unset optional value from type SMPTE2086
11-05 23:27:35.822 18262 18287 E IMGMapper: set:488 set: Unset optional value from type CTA861_3
11-05 23:27:35.837 18262 18287 E IMGMapper: set:488 set: Unset optional value from type SMPTE2086
11-05 23:27:35.837 18262 18287 E IMGMapper: set:488 set: Unset optional value from type CTA861_3
11-05 23:27:35.854 18262 18287 E IMGMapper: set:488 set: Unset optional value from type SMPTE2086
11-05 23:27:35.854 18262 18287 E IMGMapper: set:488 set: Unset optional value from type CTA861_3
11-05 23:27:35.871 18262 18287 E IMGMapper: set:488 set: Unset optional value from type SMPTE2086
11-05 23:27:35.872 18262 18287 E IMGMapper: set:488 set: Unset optional value from type CTA861_3
11-05 23:27:35.888 18262 18287 E IMGMapper: set:488 set: Unset optional value from type SMPTE2086
11-05 23:27:35.888 18262 18287 E IMGMapper: set:488 set: Unset optional value from type CTA861_3
11-05 23:27:35.904  1200  1324 D ULogGuard: Monitoring: 16 threads, 0 requests, 0 time-bombs; 1 guards. ResetFlags = 0x7
11-05 23:27:35.906 18262 18287 E IMGMapper: set:488 set: Unset optional value from type SMPTE2086
11-05 23:27:35.906 18262 18287 E IMGMapper: set:488 set: Unset optional value from type CTA861_3
11-05 23:27:35.925 18262 18347 D skia    : SkJpegCodec::onGetPixels +
11-05 23:27:35.929 18262 18287 E IMGMapper: set:488 set: Unset optional value from type SMPTE2086
11-05 23:27:35.930 18262 18287 E IMGMapper: set:488 set: Unset optional value from type CTA861_3
11-05 23:27:35.940  1711  2364 D PhoneInterfaceManager: setDataEnabledForReason() Reason=1 Pid=1187 App=system
11-05 23:27:35.947  1711  2364 D PhoneInterfaceManager: setDataEnabledForReason() Reason=1 Pid=1187 App=system
11-05 23:27:35.952 18262 18347 D skia    : SkJpegCodec::onGetPixels -
11-05 23:27:35.952 18262 18287 E IMGMapper: set:488 set: Unset optional value from type SMPTE2086
11-05 23:27:35.952 18262 18287 E IMGMapper: set:488 set: Unset optional value from type CTA861_3
11-05 23:27:35.954  1187  2418 D InputDispatcher: Inject motion (18427/2000): action=0x1, time=3402977595000000, f=0x0, d=0 dsdx=1.000000 dtdx=0.000000
11-05 23:27:35.954  1187  1534 I InputDispatcher: Delivering touch to (18262): action: 0x1, f=0x0, d=0, 'eec0419', t=1 
11-05 23:27:35.956  1187  1187 I SemDvfsHyPerManager: acquire hyper - SMOOTH_SCROLL/1187@17, type = -999
11-05 23:27:35.956   896   910 I HYPER-HAL: [RequestManager.cpp]acquire(): Acquired ID : 725427  [1187 / 17]    HINT : SMOOTH_SCROLL    list : 
11-05 23:27:35.957   896   910 I mtkpower_client: perf_lock_rel, hdl:1047587, tid:910
11-05 23:27:35.957   896   910 I mtkpower_client: perf_lock_acq, hdl:0, dur:0, num:2, tid:910
11-05 23:27:35.958 18262 18262 I ViewRootImpl@706bef1[MainActivity]: ViewPostIme pointer 1
11-05 23:27:35.958  1014  1065 I libPowerHal: [perfLockRel] hdl:1047587, idx:0
11-05 23:27:35.958  1187  1187 D SGM:GameManager: identifyGamePackage. com.cinemamovel, mCurrentUserId: 0, callerUserId: 0, callingMethodInfo: com.android.server.ssrm.fgapps.GameAppUtils.isGame(GameAppUtils.java:84)
11-05 23:27:35.958  1014  1065 I libPowerHal: vendor.samsung.: cpu_ctrl set cpu freq: 1218000 -1 -1 -1
11-05 23:27:35.959  1187  1187 D SGM:PkgDataHelper: getGamePkgData(). com.cinemamovel
11-05 23:27:35.959  1187  1187 I SemDvfsHyPerManager: acquire hyper - GESTURE_DETECTED/1187@18, type = -999
11-05 23:27:35.961   896   910 I mtkpower_client: ret_hdl:1047589
11-05 23:27:35.961  1014  1065 I libPowerHal: [perfLockAcq] idx:2 hdl:1047589 hint:-1 pid:896 duration:0 lock_user:vendor.samsung. => ret_hdl:1047589
11-05 23:27:35.961   896   910 I mtkpower_client: perf_lock_rel, hdl:1047588, tid:910
11-05 23:27:35.961  1014  1065 I libPowerHal: vendor.samsung.: cpu_ctrl set cpu freq: 1218000 -1 1138000 -1
11-05 23:27:35.962  1187  1187 D SGM:GameManager: identifyGamePackage. com.cinemamovel, mCurrentUserId: 0, callerUserId: 0, callingMethodInfo: com.android.server.ssrm.fgapps.GameAppUtils.isGame(GameAppUtils.java:84)
11-05 23:27:35.962  1187  1187 D SGM:PkgDataHelper: getGamePkgData(). com.cinemamovel
11-05 23:27:35.962  1187  1187 I SemDvfsHyPerManager: acquire hyper - GESTURE_DETECTED/1187@18, type = -999
11-05 23:27:35.963 18262 18287 E IMGMapper: set:488 set: Unset optional value from type SMPTE2086
11-05 23:27:35.963 18262 18287 E IMGMapper: set:488 set: Unset optional value from type CTA861_3
11-05 23:27:35.964   896   910 I mtkpower_client: perf_lock_acq, hdl:0, dur:0, num:2, tid:910
11-05 23:27:35.964  1014  1065 I libPowerHal: [perfLockRel] hdl:1047588, idx:1
11-05 23:27:35.965  1014  1065 I libPowerHal: vendor.samsung.: cpu_ctrl set cpu freq: -1 -1 1138000 -1
11-05 23:27:35.966   896   910 I mtkpower_client: ret_hdl:1047590
11-05 23:27:35.966   896   910 I mtkpower_client: perf_lock_rel, hdl:1047589, tid:910
11-05 23:27:35.966  1014  1065 I libPowerHal: [perfLockAcq] idx:0 hdl:1047590 hint:-1 pid:896 duration:0 lock_user:vendor.samsung. => ret_hdl:1047590
11-05 23:27:35.967  1014  1065 I libPowerHal: vendor.samsung.: cpu_ctrl set cpu freq: 1218000 -1 1138000 -1
11-05 23:27:35.967  1014  1065 I libPowerHal: [perfLockRel] hdl:1047589, idx:2
11-05 23:27:35.968  1014  1065 I libPowerHal: vendor.samsung.: cpu_ctrl set cpu freq: 1218000 -1 -1 -1
11-05 23:27:35.969   896   910 I mtkpower_client: perf_lock_acq, hdl:0, dur:0, num:2, tid:910
11-05 23:27:35.970  1014  1065 I libPowerHal: [perfLockAcq] idx:1 hdl:1047591 hint:-1 pid:896 duration:0 lock_user:vendor.samsung. => ret_hdl:1047591
11-05 23:27:35.970  1187  1187 I SemDvfsHyPerManager: acquire hyper - SMOOTH_SCROLL/1187@17, type = -999
11-05 23:27:35.970  1014  1065 I libPowerHal: vendor.samsung.: cpu_ctrl set cpu freq: 1218000 -1 1138000 -1
11-05 23:27:35.971   896   910 I mtkpower_client: ret_hdl:1047591
11-05 23:27:35.971   896   910 I mtkpower_client: perf_lock_rel, hdl:1047590, tid:910
11-05 23:27:35.972  1014  1065 I libPowerHal: [perfLockRel] hdl:1047590, idx:0
11-05 23:27:35.972  1014  1065 I libPowerHal: vendor.samsung.: cpu_ctrl set cpu freq: -1 -1 1138000 -1
11-05 23:27:35.972 10017 10044 I ContactsProvider_EventLog: cp_s: [CONTACT con(156) dat(1626) acc({google(35)=1, google(2)=155, com.google.android.apps.tachyon(10)=4, com.google.android.apps.tachyon(24)=37, com.whatsapp(9)=124}) calls([logtype:100 cnt:1039]) Iso(BR) uId(0) ]
11-05 23:27:35.972 10017 10044 I ContactsProvider_EventLog: cp_s: [ agr({[2 ,9 ,10]=4, [2 ,9 ,24]=30, [2 ,2]=1, [2]=27, [2 ,24]=4, [35]=1, [2 ,24 ,9]=2, [2 ,9 ,9]=1, [9 ,2 ,24]=1, [9]=1, [2 ,9]=84}) ]
11-05 23:27:35.972 10017 10044 I ContactsProvider_EventLog: cp_s: [ cnt({acore(10017)=1, contacts(16845)=4}) ]
11-05 23:27:35.972 10017 10044 I ContactsProvider_EventLog: cp_s: [PROFILE ] [SAPROFILE con(1) dat(1) acc({phone(1)=1}) ]
11-05 23:27:35.972 10017 10044 I ContactsProvider_EventLog: cp_s: [STATE R(F) ]
11-05 23:27:35.973   896   910 I mtkpower_client: perf_lock_acq, hdl:0, dur:0, num:2, tid:910
11-05 23:27:35.974   896   910 I mtkpower_client: ret_hdl:1047592
11-05 23:27:35.974   896   910 I HYPER-HAL: [RequestManager.cpp]releaseLocked(): Released ID : 725427
11-05 23:27:35.974   896   910 I HYPER-HAL: [RequestManager.cpp]acquire(): Acquired ID : 726633  [1187 / 18]    HINT : GESTURE_DETECTED    list : [TIMEOUT / 1702] 
11-05 23:27:35.974   896   910 I HYPER-HAL: [RequestManager.cpp]acquire(): Acquired ID : 726633  [1187 / 18]    HINT : GESTURE_DETECTED    list : [TIMEOUT / 1702] 
11-05 23:27:35.974   896   910 I HYPER-HAL: [RequestManager.cpp]acquire(): Acquired ID : 725427  [1187 / 17]    HINT : SMOOTH_SCROLL    list : 
11-05 23:27:35.975 18262 18287 E IMGMapper: set:488 set: Unset optional value from type SMPTE2086
11-05 23:27:35.975   896   910 I mtkpower_client: perf_lock_rel, hdl:1047591, tid:910
11-05 23:27:35.975 18262 18287 E IMGMapper: set:488 set: Unset optional value from type CTA861_3
11-05 23:27:35.975  1014  1065 I libPowerHal: [perfLockAcq] idx:0 hdl:1047592 hint:-1 pid:896 duration:0 lock_user:vendor.samsung. => ret_hdl:1047592
11-05 23:27:35.976  1014  1065 I libPowerHal: vendor.samsung.: cpu_ctrl set cpu freq: 1218000 -1 1138000 -1
11-05 23:27:35.977  1014  1065 I libPowerHal: [perfLockRel] hdl:1047591, idx:1
11-05 23:27:35.978  1014  1065 I libPowerHal: vendor.samsung.: cpu_ctrl set cpu freq: 1218000 -1 -1 -1
11-05 23:27:35.979   896   910 I mtkpower_client: perf_lock_acq, hdl:0, dur:0, num:2, tid:910
11-05 23:27:35.979   896   910 I mtkpower_client: ret_hdl:1047593
11-05 23:27:35.980   896   910 I mtkpower_client: perf_lock_rel, hdl:1047592, tid:910
11-05 23:27:35.980  1014  1065 I libPowerHal: [perfLockAcq] idx:1 hdl:1047593 hint:-1 pid:896 duration:0 lock_user:vendor.samsung. => ret_hdl:1047593
11-05 23:27:35.980  1014  1065 I libPowerHal: vendor.samsung.: cpu_ctrl set cpu freq: 1218000 -1 1138000 -1
11-05 23:27:35.981   896   910 I mtkpower_client: perf_lock_acq, hdl:0, dur:0, num:2, tid:910
11-05 23:27:35.981  1014  1065 I libPowerHal: [perfLockRel] hdl:1047592, idx:0
11-05 23:27:35.982  1014  1065 I libPowerHal: vendor.samsung.: cpu_ctrl set cpu freq: -1 -1 1138000 -1
11-05 23:27:35.983   896   910 I mtkpower_client: ret_hdl:1047594
11-05 23:27:35.984  1014  1065 I libPowerHal: [perfLockAcq] idx:2 hdl:1047594 hint:-1 pid:896 duration:0 lock_user:vendor.samsung. => ret_hdl:1047594
11-05 23:27:35.984  1014  1065 I libPowerHal: vendor.samsung.: cpu_ctrl set cpu freq: 1218000 -1 1138000 -1
11-05 23:27:35.987 18262 18287 E IMGMapper: set:488 set: Unset optional value from type SMPTE2086
11-05 23:27:35.987 18262 18287 E IMGMapper: set:488 set: Unset optional value from type CTA861_3
11-05 23:27:36.002 18262 18287 E IMGMapper: set:488 set: Unset optional value from type SMPTE2086
11-05 23:27:36.003 18262 18287 E IMGMapper: set:488 set: Unset optional value from type CTA861_3
11-05 23:27:36.020 18262 18287 E IMGMapper: set:488 set: Unset optional value from type SMPTE2086
11-05 23:27:36.020 18262 18287 E IMGMapper: set:488 set: Unset optional value from type CTA861_3
11-05 23:27:36.043  1039  1039 I BufferQueueProducer: [com.cinemamovel/com.cinemamovel.MainActivity$_18262#687256](this:0xb400007a262e6838,id:-1,api:0,p:-1,c:1039) queueBuffer: fps=57.12 dur=1015.47 max=33.66 min=16.17
11-05 23:27:36.044   991   991 I hwcomposer: [HWCDisplay] [Display_0 (type:1)] fps:57.141911,dur:1015.02,max:33.98,min:15.90  
11-05 23:27:36.045 18262 18287 E IMGMapper: set:488 set: Unset optional value from type SMPTE2086
11-05 23:27:36.046 18262 18287 E IMGMapper: set:488 set: Unset optional value from type CTA861_3
11-05 23:27:36.053 18262 18287 E IMGMapper: set:488 set: Unset optional value from type SMPTE2086
11-05 23:27:36.053 18262 18287 E IMGMapper: set:488 set: Unset optional value from type CTA861_3
11-05 23:27:36.055 18262 18346 D skia    : SkJpegCodec::onGetPixels +
11-05 23:27:36.071 18262 18287 E IMGMapper: set:488 set: Unset optional value from type SMPTE2086
11-05 23:27:36.071 18262 18287 E IMGMapper: set:488 set: Unset optional value from type CTA861_3
11-05 23:27:36.081 18262 18346 D skia    : SkJpegCodec::onGetPixels -
11-05 23:27:36.086 18262 18287 E IMGMapper: set:488 set: Unset optional value from type SMPTE2086
11-05 23:27:36.087 18262 18287 E IMGMapper: set:488 set: Unset optional value from type CTA861_3
11-05 23:27:36.106 18262 18287 E IMGMapper: set:488 set: Unset optional value from type SMPTE2086
11-05 23:27:36.107 18262 18287 E IMGMapper: set:488 set: Unset optional value from type CTA861_3
11-05 23:27:36.115  1205  1205 I thermal_repeater: socket -1
11-05 23:27:36.126 18262 18287 E IMGMapper: set:488 set: Unset optional value from type SMPTE2086
11-05 23:27:36.126 18262 18287 E IMGMapper: set:488 set: Unset optional value from type CTA861_3
11-05 23:27:36.133 18262 18349 D skia    : SkJpegCodec::onGetPixels +
11-05 23:27:36.139 18262 18287 E IMGMapper: set:488 set: Unset optional value from type SMPTE2086
11-05 23:27:36.139 18262 18287 E IMGMapper: set:488 set: Unset optional value from type CTA861_3
11-05 23:27:36.155 18262 18349 D skia    : SkJpegCodec::onGetPixels -
11-05 23:27:36.156 18262 18287 E IMGMapper: set:488 set: Unset optional value from type SMPTE2086
11-05 23:27:36.156 18262 18287 E IMGMapper: set:488 set: Unset optional value from type CTA861_3
11-05 23:27:36.166 18262 18352 D skia    : SkJpegCodec::onGetPixels +
11-05 23:27:36.180 18262 18287 E IMGMapper: set:488 set: Unset optional value from type SMPTE2086
11-05 23:27:36.181 18262 18287 E IMGMapper: set:488 set: Unset optional value from type CTA861_3
11-05 23:27:36.193 18262 18287 E IMGMapper: set:488 set: Unset optional value from type SMPTE2086
11-05 23:27:36.193 18262 18287 E IMGMapper: set:488 set: Unset optional value from type CTA861_3
11-05 23:27:36.197 18262 18352 D skia    : SkJpegCodec::onGetPixels -
11-05 23:27:36.206 18262 18287 E IMGMapper: set:488 set: Unset optional value from type SMPTE2086
11-05 23:27:36.206 18262 18287 E IMGMapper: set:488 set: Unset optional value from type CTA861_3
11-05 23:27:36.224 18262 18287 E IMGMapper: set:488 set: Unset optional value from type SMPTE2086
11-05 23:27:36.224 18262 18287 E IMGMapper: set:488 set: Unset optional value from type CTA861_3
11-05 23:27:36.238 18262 18287 E IMGMapper: set:488 set: Unset optional value from type SMPTE2086
11-05 23:27:36.238 18262 18287 E IMGMapper: set:488 set: Unset optional value from type CTA861_3
11-05 23:27:36.264 18262 18287 E IMGMapper: set:488 set: Unset optional value from type SMPTE2086
11-05 23:27:36.264 18262 18287 E IMGMapper: set:488 set: Unset optional value from type CTA861_3
11-05 23:27:36.276 18262 18287 E IMGMapper: set:488 set: Unset optional value from type SMPTE2086
11-05 23:27:36.277 18262 18287 E IMGMapper: set:488 set: Unset optional value from type CTA861_3
11-05 23:27:36.294 18262 18287 E IMGMapper: set:488 set: Unset optional value from type SMPTE2086
11-05 23:27:36.295 18262 18287 E IMGMapper: set:488 set: Unset optional value from type CTA861_3
11-05 23:27:36.345 18262 18349 D skia    : SkJpegCodec::onGetPixels +
11-05 23:27:36.352 18262 18287 E IMGMapper: set:488 set: Unset optional value from type SMPTE2086
11-05 23:27:36.352 18262 18287 E IMGMapper: set:488 set: Unset optional value from type CTA861_3
11-05 23:27:36.361 18262 18349 D skia    : SkJpegCodec::onGetPixels -
11-05 23:27:36.362 18262 18287 E IMGMapper: set:488 set: Unset optional value from type SMPTE2086
11-05 23:27:36.362 18262 18287 E IMGMapper: set:488 set: Unset optional value from type CTA861_3
11-05 23:27:36.373 18262 18287 E IMGMapper: set:488 set: Unset optional value from type SMPTE2086
11-05 23:27:36.373 18262 18287 E IMGMapper: set:488 set: Unset optional value from type CTA861_3
11-05 23:27:36.387 18262 18287 E IMGMapper: set:488 set: Unset optional value from type SMPTE2086
11-05 23:27:36.388 18262 18287 E IMGMapper: set:488 set: Unset optional value from type CTA861_3
11-05 23:27:36.405 18262 18287 E IMGMapper: set:488 set: Unset optional value from type SMPTE2086
11-05 23:27:36.405 18262 18287 E IMGMapper: set:488 set: Unset optional value from type CTA861_3
11-05 23:27:36.421 18262 18287 E IMGMapper: set:488 set: Unset optional value from type SMPTE2086
11-05 23:27:36.422 18262 18287 E IMGMapper: set:488 set: Unset optional value from type CTA861_3
11-05 23:27:36.424 18262 18347 D skia    : SkJpegCodec::onGetPixels +
11-05 23:27:36.436 18262 18287 E IMGMapper: set:488 set: Unset optional value from type SMPTE2086
11-05 23:27:36.436 18262 18287 E IMGMapper: set:488 set: Unset optional value from type CTA861_3
11-05 23:27:36.446 18262 18347 D skia    : SkJpegCodec::onGetPixels -
11-05 23:27:36.454 18262 18287 E IMGMapper: set:488 set: Unset optional value from type SMPTE2086
11-05 23:27:36.454 18262 18287 E IMGMapper: set:488 set: Unset optional value from type CTA861_3
11-05 23:27:36.469 18262 18287 E IMGMapper: set:488 set: Unset optional value from type SMPTE2086
11-05 23:27:36.469 18262 18287 E IMGMapper: set:488 set: Unset optional value from type CTA861_3
11-05 23:27:36.486 18262 18287 E IMGMapper: set:488 set: Unset optional value from type SMPTE2086
11-05 23:27:36.487 18262 18287 E IMGMapper: set:488 set: Unset optional value from type CTA861_3
11-05 23:27:36.508 18262 18287 E IMGMapper: set:488 set: Unset optional value from type SMPTE2086
11-05 23:27:36.508 18262 18287 E IMGMapper: set:488 set: Unset optional value from type CTA861_3
11-05 23:27:36.523 18262 18287 E IMGMapper: set:488 set: Unset optional value from type SMPTE2086
11-05 23:27:36.523 18262 18287 E IMGMapper: set:488 set: Unset optional value from type CTA861_3
11-05 23:27:36.537 18262 18287 E IMGMapper: set:488 set: Unset optional value from type SMPTE2086
11-05 23:27:36.537 18262 18287 E IMGMapper: set:488 set: Unset optional value from type CTA861_3
11-05 23:27:36.553 18262 18287 E IMGMapper: set:488 set: Unset optional value from type SMPTE2086
11-05 23:27:36.554 18262 18287 E IMGMapper: set:488 set: Unset optional value from type CTA861_3
11-05 23:27:36.579 18262 18287 E IMGMapper: set:488 set: Unset optional value from type SMPTE2086
11-05 23:27:36.579 18262 18287 E IMGMapper: set:488 set: Unset optional value from type CTA861_3
11-05 23:27:36.595 18262 18287 E IMGMapper: set:488 set: Unset optional value from type SMPTE2086
11-05 23:27:36.595 18262 18287 E IMGMapper: set:488 set: Unset optional value from type CTA861_3
11-05 23:27:36.638 18262 18349 D skia    : SkJpegCodec::onGetPixels +
11-05 23:27:36.639 18262 18287 E IMGMapper: set:488 set: Unset optional value from type SMPTE2086
11-05 23:27:36.640 18262 18287 E IMGMapper: set:488 set: Unset optional value from type CTA861_3
11-05 23:27:36.653 18262 18349 D skia    : SkJpegCodec::onGetPixels -
11-05 23:27:36.658 18262 18287 E IMGMapper: set:488 set: Unset optional value from type SMPTE2086
11-05 23:27:36.658 18262 18287 E IMGMapper: set:488 set: Unset optional value from type CTA861_3
11-05 23:27:36.669 18262 18287 E IMGMapper: set:488 set: Unset optional value from type SMPTE2086
11-05 23:27:36.669 18262 18287 E IMGMapper: set:488 set: Unset optional value from type CTA861_3
11-05 23:27:36.686 18262 18287 E IMGMapper: set:488 set: Unset optional value from type SMPTE2086
11-05 23:27:36.686 18262 18287 E IMGMapper: set:488 set: Unset optional value from type CTA861_3
11-05 23:27:36.703 18262 18287 E IMGMapper: set:488 set: Unset optional value from type SMPTE2086
11-05 23:27:36.703 18262 18287 E IMGMapper: set:488 set: Unset optional value from type CTA861_3
11-05 23:27:36.721 18262 18287 E IMGMapper: set:488 set: Unset optional value from type SMPTE2086
11-05 23:27:36.721 18262 18287 E IMGMapper: set:488 set: Unset optional value from type CTA861_3
11-05 23:27:36.739 18262 18287 E IMGMapper: set:488 set: Unset optional value from type SMPTE2086
11-05 23:27:36.739 18262 18287 E IMGMapper: set:488 set: Unset optional value from type CTA861_3
11-05 23:27:36.744 18262 18347 D skia    : SkJpegCodec::onGetPixels +
11-05 23:27:36.754 18262 18287 E IMGMapper: set:488 set: Unset optional value from type SMPTE2086
11-05 23:27:36.754 18262 18287 E IMGMapper: set:488 set: Unset optional value from type CTA861_3
11-05 23:27:36.769 18262 18347 D skia    : SkJpegCodec::onGetPixels -
11-05 23:27:36.770 18262 18287 E IMGMapper: set:488 set: Unset optional value from type SMPTE2086
11-05 23:27:36.770 18262 18287 E IMGMapper: set:488 set: Unset optional value from type CTA861_3
11-05 23:27:36.795 18262 18287 E IMGMapper: set:488 set: Unset optional value from type SMPTE2086
11-05 23:27:36.795 18262 18287 E IMGMapper: set:488 set: Unset optional value from type CTA861_3
11-05 23:27:36.810 18262 18287 E IMGMapper: set:488 set: Unset optional value from type SMPTE2086
11-05 23:27:36.810 18262 18287 E IMGMapper: set:488 set: Unset optional value from type CTA861_3
11-05 23:27:36.828 18262 18287 E IMGMapper: set:488 set: Unset optional value from type SMPTE2086
11-05 23:27:36.828 18262 18287 E IMGMapper: set:488 set: Unset optional value from type CTA861_3
11-05 23:27:36.856 18262 18287 E IMGMapper: set:488 set: Unset optional value from type SMPTE2086
11-05 23:27:36.856 18262 18287 E IMGMapper: set:488 set: Unset optional value from type CTA861_3
11-05 23:27:36.870 18262 18287 E IMGMapper: set:488 set: Unset optional value from type SMPTE2086
11-05 23:27:36.870 18262 18287 E IMGMapper: set:488 set: Unset optional value from type CTA861_3
11-05 23:27:36.887 18262 18287 E IMGMapper: set:488 set: Unset optional value from type SMPTE2086
11-05 23:27:36.888 18262 18287 E IMGMapper: set:488 set: Unset optional value from type CTA861_3
11-05 23:27:36.905 18262 18287 E IMGMapper: set:488 set: Unset optional value from type SMPTE2086
11-05 23:27:36.905 18262 18287 E IMGMapper: set:488 set: Unset optional value from type CTA861_3
11-05 23:27:36.922 18262 18287 E IMGMapper: set:488 set: Unset optional value from type SMPTE2086
11-05 23:27:36.922 18262 18287 E IMGMapper: set:488 set: Unset optional value from type CTA861_3
11-05 23:27:36.939 18262 18287 E IMGMapper: set:488 set: Unset optional value from type SMPTE2086
11-05 23:27:36.939 18262 18287 E IMGMapper: set:488 set: Unset optional value from type CTA861_3
11-05 23:27:36.956 18262 18287 E IMGMapper: set:488 set: Unset optional value from type SMPTE2086
11-05 23:27:36.957 18262 18287 E IMGMapper: set:488 set: Unset optional value from type CTA861_3
11-05 23:27:36.976 18262 18287 E IMGMapper: set:488 set: Unset optional value from type SMPTE2086
11-05 23:27:36.976 18262 18287 E IMGMapper: set:488 set: Unset optional value from type CTA861_3
11-05 23:27:36.993 18262 18287 E IMGMapper: set:488 set: Unset optional value from type SMPTE2086
11-05 23:27:36.993 18262 18287 E IMGMapper: set:488 set: Unset optional value from type CTA861_3
11-05 23:27:37.008 18262 18287 E IMGMapper: set:488 set: Unset optional value from type SMPTE2086
11-05 23:27:37.008 18262 18287 E IMGMapper: set:488 set: Unset optional value from type CTA861_3
11-05 23:27:37.022 18262 18287 E IMGMapper: set:488 set: Unset optional value from type SMPTE2086
11-05 23:27:37.022 18262 18287 E IMGMapper: set:488 set: Unset optional value from type CTA861_3
11-05 23:27:37.043 18262 18287 E IMGMapper: set:488 set: Unset optional value from type SMPTE2086
11-05 23:27:37.043 18262 18287 E IMGMapper: set:488 set: Unset optional value from type CTA861_3
11-05 23:27:37.058 18262 18287 E IMGMapper: set:488 set: Unset optional value from type SMPTE2086
11-05 23:27:37.058 18262 18287 E IMGMapper: set:488 set: Unset optional value from type CTA861_3
11-05 23:27:37.058  1039  1039 I BufferQueueProducer: [com.cinemamovel/com.cinemamovel.MainActivity$_18262#687256](this:0xb400007a262e6838,id:-1,api:0,p:-1,c:1039) queueBuffer: fps=55.15 dur=1015.47 max=49.77 min=16.19
11-05 23:27:37.061   991   991 I hwcomposer: [HWCDisplay] [Display_0 (type:1)] fps:55.103798,dur:1016.26,max:50.11,min:15.68  
11-05 23:27:37.070  1737  1942 D MobileStatusTracker(0/2): onSignalStrengthsChanged level=3, vendorLevel=3
11-05 23:27:37.072  1737  1942 D MobileSignalController(0/2): notifyListener: enabled=true, connected=true, dataConnected=true, networkType=LTE (4G), emergencyOnly=false, roaming=false, isDefault=false, dataActivity=, level=3, ca=false, mmWave=false, disabledDataIcon=false, simCard=ETC
11-05 23:27:37.072  1737  1942 D NetworkController: SignalStrength from intent slotId=0
11-05 23:27:37.075 18262 18287 E IMGMapper: set:488 set: Unset optional value from type SMPTE2086
11-05 23:27:37.075 18262 18287 E IMGMapper: set:488 set: Unset optional value from type CTA861_3
11-05 23:27:37.088 18262 18287 E IMGMapper: set:488 set: Unset optional value from type SMPTE2086
11-05 23:27:37.088 18262 18287 E IMGMapper: set:488 set: Unset optional value from type CTA861_3
11-05 23:27:37.103 18262 18287 E IMGMapper: set:488 set: Unset optional value from type SMPTE2086
11-05 23:27:37.103 18262 18287 E IMGMapper: set:488 set: Unset optional value from type CTA861_3
11-05 23:27:37.123 18262 18287 E IMGMapper: set:488 set: Unset optional value from type SMPTE2086
11-05 23:27:37.123 18262 18287 E IMGMapper: set:488 set: Unset optional value from type CTA861_3
11-05 23:27:37.139 18262 18287 E IMGMapper: set:488 set: Unset optional value from type SMPTE2086
11-05 23:27:37.139 18262 18287 E IMGMapper: set:488 set: Unset optional value from type CTA861_3
11-05 23:27:37.155 18262 18287 E IMGMapper: set:488 set: Unset optional value from type SMPTE2086
11-05 23:27:37.156 18262 18287 E IMGMapper: set:488 set: Unset optional value from type CTA861_3
11-05 23:27:37.172 18262 18287 E IMGMapper: set:488 set: Unset optional value from type SMPTE2086
11-05 23:27:37.172 18262 18287 E IMGMapper: set:488 set: Unset optional value from type CTA861_3
11-05 23:27:37.188   543   543 D io_stats: !@ 179,0 r 628679724 7594133226 w 113826828 1206214588 d 1261337 33797852 f 0 0 iot 323641296 0 th 0 0 0 pt 0 inp 0 0 3402978.829
11-05 23:27:37.190 18262 18287 E IMGMapper: set:488 set: Unset optional value from type SMPTE2086
11-05 23:27:37.190 18262 18287 E IMGMapper: set:488 set: Unset optional value from type CTA861_3
11-05 23:27:37.205 18262 18287 E IMGMapper: set:488 set: Unset optional value from type SMPTE2086
11-05 23:27:37.206 18262 18287 E IMGMapper: set:488 set: Unset optional value from type CTA861_3
11-05 23:27:37.223 18262 18287 E IMGMapper: set:488 set: Unset optional value from type SMPTE2086
11-05 23:27:37.223 18262 18287 E IMGMapper: set:488 set: Unset optional value from type CTA861_3
11-05 23:27:37.234  1187  3222 D InputDispatcher: Inject motion (18434/2000): action=0x0, time=3402978875000000, f=0x0, d=0 dsdx=1.000000 dtdx=0.000000
11-05 23:27:37.234  1187  1534 I InputDispatcher: Delivering touch to (1737): action: 0x4, f=0x0, d=0, 'd92b8ad', t=1 
11-05 23:27:37.234  1187  1534 I InputDispatcher: Delivering touch to (18262): action: 0x0, f=0x0, d=0, 'eec0419', t=1 
11-05 23:27:37.235  1187  1534 D PowerManagerService: [api] userActivityFromNative :  (event: 2 flags: 0 displayId: 0) eventTime = 3402978875
11-05 23:27:37.235 18262 18262 I ViewRootImpl@706bef1[MainActivity]: ViewPostIme pointer 0
11-05 23:27:37.235  1187  1303 I GestureDetector: obtain mCurrentDownEvent. id: -464181839 caller: com.android.server.wm.SystemGesturesPointerEventListener.onPointerEvent:203 com.android.server.wm.PointerEventDispatcher.onInputEvent:53 android.view.InputEventReceiver.dispatchInputEvent:285 
11-05 23:27:37.236  1187  1303 I GestureDetector: obtain mCurrentDownEvent. id: -464181839 caller: com.android.server.wm.SystemPerformancePointerEventListener.onPointerEvent:89 com.android.server.wm.PointerEventDispatcher.onInputEvent:53 android.view.InputEventReceiver.dispatchInputEvent:285 
11-05 23:27:37.243 18262 18287 E IMGMapper: set:488 set: Unset optional value from type SMPTE2086
11-05 23:27:37.243 18262 18287 E IMGMapper: set:488 set: Unset optional value from type CTA861_3
11-05 23:27:37.249  1187  1303 I GestureDetector: obtain mCurrentMotionEventRaw. action: 2 id: -1007982482
11-05 23:27:37.249  1187  1303 I GestureDetector: obtain mCurrentMotionEventRaw. action: 2 id: -1007982482
11-05 23:27:37.255   896   910 I mtkpower_client: perf_lock_rel, hdl:1047593, tid:910
11-05 23:27:37.255  1014  1065 I libPowerHal: [perfLockRel] hdl:1047593, idx:1
11-05 23:27:37.256  1014  1065 I libPowerHal: vendor.samsung.: cpu_ctrl set cpu freq: 1218000 -1 -1 -1
11-05 23:27:37.256   896   910 I mtkpower_client: perf_lock_acq, hdl:0, dur:0, num:2, tid:910
11-05 23:27:37.257   896   910 I mtkpower_client: ret_hdl:1047595
11-05 23:27:37.257   896   910 I mtkpower_client: perf_lock_rel, hdl:1047594, tid:910
11-05 23:27:37.258  1014  1065 I libPowerHal: [perfLockAcq] idx:0 hdl:1047595 hint:-1 pid:896 duration:0 lock_user:vendor.samsung. => ret_hdl:1047595
11-05 23:27:37.258  1014  1065 I libPowerHal: vendor.samsung.: cpu_ctrl set cpu freq: 1218000 -1 1138000 -1
11-05 23:27:37.259   896   910 I mtkpower_client: perf_lock_acq, hdl:0, dur:0, num:2, tid:910
11-05 23:27:37.260 18262 18287 E IMGMapper: set:488 set: Unset optional value from type SMPTE2086
11-05 23:27:37.260 18262 18287 E IMGMapper: set:488 set: Unset optional value from type CTA861_3
11-05 23:27:37.260  1014  1065 I libPowerHal: [perfLockRel] hdl:1047594, idx:2
11-05 23:27:37.260  1014  1065 I libPowerHal: vendor.samsung.: cpu_ctrl set cpu freq: -1 -1 1138000 -1
11-05 23:27:37.263   896   910 I mtkpower_client: ret_hdl:1047596
11-05 23:27:37.263   896   910 I HYPER-HAL: [RequestManager.cpp]releaseLocked(): Released ID : 725427
11-05 23:27:37.264  1014  1065 I libPowerHal: [perfLockAcq] idx:1 hdl:1047596 hint:-1 pid:896 duration:0 lock_user:vendor.samsung. => ret_hdl:1047596
11-05 23:27:37.264  1014  1065 I libPowerHal: vendor.samsung.: cpu_ctrl set cpu freq: 1218000 -1 1138000 -1
11-05 23:27:37.276 18262 18287 E IMGMapper: set:488 set: Unset optional value from type SMPTE2086
11-05 23:27:37.276 18262 18287 E IMGMapper: set:488 set: Unset optional value from type CTA861_3
11-05 23:27:37.290 18262 18287 E IMGMapper: set:488 set: Unset optional value from type SMPTE2086
11-05 23:27:37.290 18262 18287 E IMGMapper: set:488 set: Unset optional value from type CTA861_3
11-05 23:27:37.309 18262 18287 E IMGMapper: set:488 set: Unset optional value from type SMPTE2086
11-05 23:27:37.309 18262 18287 E IMGMapper: set:488 set: Unset optional value from type CTA861_3
11-05 23:27:37.335 18262 18287 E IMGMapper: set:488 set: Unset optional value from type SMPTE2086
11-05 23:27:37.335 18262 18287 E IMGMapper: set:488 set: Unset optional value from type CTA861_3
11-05 23:27:37.343 18262 18287 E IMGMapper: set:488 set: Unset optional value from type SMPTE2086
11-05 23:27:37.343 18262 18287 E IMGMapper: set:488 set: Unset optional value from type CTA861_3
11-05 23:27:37.353 18262 18287 E IMGMapper: set:488 set: Unset optional value from type SMPTE2086
11-05 23:27:37.353 18262 18287 E IMGMapper: set:488 set: Unset optional value from type CTA861_3
11-05 23:27:37.371 18262 18287 E IMGMapper: set:488 set: Unset optional value from type SMPTE2086
11-05 23:27:37.371 18262 18287 E IMGMapper: set:488 set: Unset optional value from type CTA861_3
11-05 23:27:37.385 18262 18287 E IMGMapper: set:488 set: Unset optional value from type SMPTE2086
11-05 23:27:37.385 18262 18287 E IMGMapper: set:488 set: Unset optional value from type CTA861_3
11-05 23:27:37.402 18262 18287 E IMGMapper: set:488 set: Unset optional value from type SMPTE2086
11-05 23:27:37.402 18262 18287 E IMGMapper: set:488 set: Unset optional value from type CTA861_3
11-05 23:27:37.419 18262 18287 E IMGMapper: set:488 set: Unset optional value from type SMPTE2086
11-05 23:27:37.419 18262 18287 E IMGMapper: set:488 set: Unset optional value from type CTA861_3
11-05 23:27:37.436  1187  1486 D SensorService: [SO] -0.618 1.629 9.836
11-05 23:27:37.438 18262 18287 E IMGMapper: set:488 set: Unset optional value from type SMPTE2086
11-05 23:27:37.438 18262 18287 E IMGMapper: set:488 set: Unset optional value from type CTA861_3
11-05 23:27:37.453 18262 18287 E IMGMapper: set:488 set: Unset optional value from type SMPTE2086
11-05 23:27:37.453 18262 18287 E IMGMapper: set:488 set: Unset optional value from type CTA861_3
11-05 23:27:37.469 18262 18287 E IMGMapper: set:488 set: Unset optional value from type SMPTE2086
11-05 23:27:37.469 18262 18287 E IMGMapper: set:488 set: Unset optional value from type CTA861_3
11-05 23:27:37.494 18262 18287 E IMGMapper: set:488 set: Unset optional value from type SMPTE2086
11-05 23:27:37.495 18262 18287 E IMGMapper: set:488 set: Unset optional value from type CTA861_3
11-05 23:27:37.504 18262 18287 E IMGMapper: set:488 set: Unset optional value from type SMPTE2086
11-05 23:27:37.505 18262 18287 E IMGMapper: set:488 set: Unset optional value from type CTA861_3
11-05 23:27:37.513 18262 18349 D skia    : SkJpegCodec::onGetPixels +
11-05 23:27:37.519 18262 18287 E IMGMapper: set:488 set: Unset optional value from type SMPTE2086
