11-05 23:27:37.519 18262 18287 E IMGMapper: set:488 set: Unset optional value from type CTA861_3
11-05 23:27:37.537 18262 18349 D skia    : SkJpegCodec::onGetPixels -
11-05 23:27:37.537 18262 18287 E IMGMapper: set:488 set: Unset optional value from type SMPTE2086
11-05 23:27:37.538 18262 18287 E IMGMapper: set:488 set: Unset optional value from type CTA861_3
11-05 23:27:37.537  1737  1942 D MobileStatusTracker(1/1): onSignalStrengthsChanged level=4, vendorLevel=4
11-05 23:27:37.541  1737  1942 D MobileSignalController(1/1): notifyListener: enabled=true, connected=true, dataConnected=false, networkType=UMTS (3G), emergencyOnly=true, roaming=false, isDefault=false, dataActivity=, level=4, ca=false, mmWave=false, disabledDataIcon=false, simCard=ETC
11-05 23:27:37.541  1737  1942 D NetworkController: SignalStrength from intent slotId=1
11-05 23:27:37.546  1187  3222 D InputDispatcher: Inject motion (18434/2000): action=0x1, time=3402979187000000, f=0x0, d=0 dsdx=1.000000 dtdx=0.000000
11-05 23:27:37.546  1187  1534 I InputDispatcher: Delivering touch to (18262): action: 0x1, f=0x0, d=0, 'eec0419', t=1 
11-05 23:27:37.547  1187  1187 I SemDvfsHyPerManager: acquire hyper - SMOOTH_SCROLL/1187@17, type = -999
11-05 23:27:37.548   896   910 I HYPER-HAL: [RequestManager.cpp]acquire(): Acquired ID : 725427  [1187 / 17]    HINT : SMOOTH_SCROLL    list : 
11-05 23:27:37.549   896   910 I mtkpower_client: perf_lock_rel, hdl:1047595, tid:910
11-05 23:27:37.550  1014  1065 I libPowerHal: [perfLockRel] hdl:1047595, idx:0
11-05 23:27:37.550  1014  1065 I libPowerHal: vendor.samsung.: cpu_ctrl set cpu freq: 1218000 -1 -1 -1
11-05 23:27:37.552  1187  1187 D SGM:GameManager: identifyGamePackage. com.cinemamovel, mCurrentUserId: 0, callerUserId: 0, callingMethodInfo: com.android.server.ssrm.fgapps.GameAppUtils.isGame(GameAppUtils.java:84)
11-05 23:27:37.552  1187  1187 D SGM:PkgDataHelper: getGamePkgData(). com.cinemamovel
11-05 23:27:37.552 18262 18262 I ViewRootImpl@706bef1[MainActivity]: ViewPostIme pointer 1
11-05 23:27:37.552  1187  1187 I SemDvfsHyPerManager: acquire hyper - GESTURE_DETECTED/1187@18, type = -999
11-05 23:27:37.554   896   910 I mtkpower_client: perf_lock_acq, hdl:0, dur:0, num:2, tid:910
11-05 23:27:37.555  1014  1065 I libPowerHal: [perfLockAcq] idx:0 hdl:1047597 hint:-1 pid:896 duration:0 lock_user:vendor.samsung. => ret_hdl:1047597
11-05 23:27:37.555  1014  1065 I libPowerHal: vendor.samsung.: cpu_ctrl set cpu freq: 1218000 -1 1138000 -1
11-05 23:27:37.555   896   910 I mtkpower_client: ret_hdl:1047597
11-05 23:27:37.556   896   910 I mtkpower_client: perf_lock_rel, hdl:1047596, tid:910
11-05 23:27:37.556  1014  1065 I libPowerHal: [perfLockRel] hdl:1047596, idx:1
11-05 23:27:37.557  1014  1065 I libPowerHal: vendor.samsung.: cpu_ctrl set cpu freq: -1 -1 1138000 -1
11-05 23:27:37.557 18262 18287 E IMGMapper: set:488 set: Unset optional value from type SMPTE2086
11-05 23:27:37.557 18262 18287 E IMGMapper: set:488 set: Unset optional value from type CTA861_3
11-05 23:27:37.559  1187  1187 D SGM:GameManager: identifyGamePackage. com.cinemamovel, mCurrentUserId: 0, callerUserId: 0, callingMethodInfo: com.android.server.ssrm.fgapps.GameAppUtils.isGame(GameAppUtils.java:84)
11-05 23:27:37.559  1187  1187 D SGM:PkgDataHelper: getGamePkgData(). com.cinemamovel
11-05 23:27:37.559  1187  1187 I SemDvfsHyPerManager: acquire hyper - GESTURE_DETECTED/1187@18, type = -999
11-05 23:27:37.560   896   910 I mtkpower_client: perf_lock_acq, hdl:0, dur:0, num:2, tid:910
11-05 23:27:37.561   896   910 I mtkpower_client: ret_hdl:1047598
11-05 23:27:37.561   896   910 I mtkpower_client: perf_lock_rel, hdl:1047597, tid:910
11-05 23:27:37.562  1187  1187 I SemDvfsHyPerManager: acquire hyper - SMOOTH_SCROLL/1187@17, type = -999
11-05 23:27:37.562  1014  1065 I libPowerHal: [perfLockAcq] idx:1 hdl:1047598 hint:-1 pid:896 duration:0 lock_user:vendor.samsung. => ret_hdl:1047598
11-05 23:27:37.563  1014  1065 I libPowerHal: vendor.samsung.: cpu_ctrl set cpu freq: 1218000 -1 1138000 -1
11-05 23:27:37.563   896   910 I mtkpower_client: perf_lock_acq, hdl:0, dur:0, num:2, tid:910
11-05 23:27:37.564  1014  1065 I libPowerHal: [perfLockRel] hdl:1047597, idx:0
11-05 23:27:37.564  1014  1065 I libPowerHal: vendor.samsung.: cpu_ctrl set cpu freq: 1218000 -1 -1 -1
11-05 23:27:37.566   896   910 I mtkpower_client: ret_hdl:1047599
11-05 23:27:37.566   896   910 I mtkpower_client: perf_lock_rel, hdl:1047598, tid:910
11-05 23:27:37.567  1014  1065 I libPowerHal: [perfLockAcq] idx:2 hdl:1047599 hint:-1 pid:896 duration:0 lock_user:vendor.samsung. => ret_hdl:1047599
11-05 23:27:37.567  1014  1065 I libPowerHal: vendor.samsung.: cpu_ctrl set cpu freq: 1218000 -1 1138000 -1
11-05 23:27:37.568   896   910 I mtkpower_client: perf_lock_acq, hdl:0, dur:0, num:2, tid:910
11-05 23:27:37.569  1014  1065 I libPowerHal: [perfLockRel] hdl:1047598, idx:1
11-05 23:27:37.569  1014  1065 I libPowerHal: vendor.samsung.: cpu_ctrl set cpu freq: -1 -1 1138000 -1
11-05 23:27:37.570   896   910 I mtkpower_client: ret_hdl:1047600
11-05 23:27:37.570   896   910 I HYPER-HAL: [RequestManager.cpp]releaseLocked(): Released ID : 725427
11-05 23:27:37.570   896   910 I HYPER-HAL: [RequestManager.cpp]acquire(): Acquired ID : 726633  [1187 / 18]    HINT : GESTURE_DETECTED    list : [TIMEOUT / 1702] 
11-05 23:27:37.570   896   910 I HYPER-HAL: [RequestManager.cpp]acquire(): Acquired ID : 726633  [1187 / 18]    HINT : GESTURE_DETECTED    list : [TIMEOUT / 1702] 
11-05 23:27:37.570   896   910 I HYPER-HAL: [RequestManager.cpp]acquire(): Acquired ID : 725427  [1187 / 17]    HINT : SMOOTH_SCROLL    list : 
11-05 23:27:37.571  1014  1065 I libPowerHal: [perfLockAcq] idx:0 hdl:1047600 hint:-1 pid:896 duration:0 lock_user:vendor.samsung. => ret_hdl:1047600
11-05 23:27:37.571  1014  1065 I libPowerHal: vendor.samsung.: cpu_ctrl set cpu freq: 1218000 -1 1138000 -1
11-05 23:27:37.571   896   910 I mtkpower_client: perf_lock_rel, hdl:1047599, tid:910
11-05 23:27:37.572   896   910 I mtkpower_client: perf_lock_acq, hdl:0, dur:0, num:2, tid:910
11-05 23:27:37.573  1014  1065 I libPowerHal: [perfLockRel] hdl:1047599, idx:2
11-05 23:27:37.573  1014  1065 I libPowerHal: vendor.samsung.: cpu_ctrl set cpu freq: 1218000 -1 -1 -1
11-05 23:27:37.573 18262 18287 E IMGMapper: set:488 set: Unset optional value from type SMPTE2086
11-05 23:27:37.573 18262 18287 E IMGMapper: set:488 set: Unset optional value from type CTA861_3
11-05 23:27:37.575   896   910 I mtkpower_client: ret_hdl:1047601
11-05 23:27:37.575   896   910 I mtkpower_client: perf_lock_rel, hdl:1047600, tid:910
11-05 23:27:37.575  1014  1065 I libPowerHal: [perfLockAcq] idx:1 hdl:1047601 hint:-1 pid:896 duration:0 lock_user:vendor.samsung. => ret_hdl:1047601
11-05 23:27:37.576  1014  1065 I libPowerHal: vendor.samsung.: cpu_ctrl set cpu freq: 1218000 -1 1138000 -1
11-05 23:27:37.577   896   910 I mtkpower_client: perf_lock_acq, hdl:0, dur:0, num:2, tid:910
11-05 23:27:37.578  1014  1065 I libPowerHal: [perfLockRel] hdl:1047600, idx:0
11-05 23:27:37.578  1014  1065 I libPowerHal: vendor.samsung.: cpu_ctrl set cpu freq: -1 -1 1138000 -1
11-05 23:27:37.579   896   910 I mtkpower_client: ret_hdl:1047602
11-05 23:27:37.580  1014  1065 I libPowerHal: [perfLockAcq] idx:2 hdl:1047602 hint:-1 pid:896 duration:0 lock_user:vendor.samsung. => ret_hdl:1047602
11-05 23:27:37.580  1014  1065 I libPowerHal: vendor.samsung.: cpu_ctrl set cpu freq: 1218000 -1 1138000 -1
11-05 23:27:37.585 18262 18287 E IMGMapper: set:488 set: Unset optional value from type SMPTE2086
11-05 23:27:37.585 18262 18287 E IMGMapper: set:488 set: Unset optional value from type CTA861_3
11-05 23:27:37.601 18262 18287 E IMGMapper: set:488 set: Unset optional value from type SMPTE2086
11-05 23:27:37.601 18262 18287 E IMGMapper: set:488 set: Unset optional value from type CTA861_3
11-05 23:27:37.617 18262 18287 E IMGMapper: set:488 set: Unset optional value from type SMPTE2086
11-05 23:27:37.617 18262 18287 E IMGMapper: set:488 set: Unset optional value from type CTA861_3
11-05 23:27:37.636 18262 18287 E IMGMapper: set:488 set: Unset optional value from type SMPTE2086
11-05 23:27:37.636 18262 18287 E IMGMapper: set:488 set: Unset optional value from type CTA861_3
11-05 23:27:37.654 18262 18287 E IMGMapper: set:488 set: Unset optional value from type SMPTE2086
11-05 23:27:37.654 18262 18287 E IMGMapper: set:488 set: Unset optional value from type CTA861_3
11-05 23:27:37.669 18262 18287 E IMGMapper: set:488 set: Unset optional value from type SMPTE2086
11-05 23:27:37.669 18262 18287 E IMGMapper: set:488 set: Unset optional value from type CTA861_3
11-05 23:27:37.672 18262 18346 D skia    : SkJpegCodec::onGetPixels +
11-05 23:27:37.695 18262 18346 D skia    : SkJpegCodec::onGetPixels -
11-05 23:27:37.696 18262 18287 E IMGMapper: set:488 set: Unset optional value from type SMPTE2086
11-05 23:27:37.696 18262 18287 E IMGMapper: set:488 set: Unset optional value from type CTA861_3
11-05 23:27:37.706 18262 18287 E IMGMapper: set:488 set: Unset optional value from type SMPTE2086
11-05 23:27:37.706 18262 18287 E IMGMapper: set:488 set: Unset optional value from type CTA861_3
11-05 23:27:37.719 18262 18287 E IMGMapper: set:488 set: Unset optional value from type SMPTE2086
11-05 23:27:37.719 18262 18287 E IMGMapper: set:488 set: Unset optional value from type CTA861_3
11-05 23:27:37.735 18262 18287 E IMGMapper: set:488 set: Unset optional value from type SMPTE2086
11-05 23:27:37.735 18262 18287 E IMGMapper: set:488 set: Unset optional value from type CTA861_3
11-05 23:27:37.759 18262 18287 E IMGMapper: set:488 set: Unset optional value from type SMPTE2086
11-05 23:27:37.759 18262 18287 E IMGMapper: set:488 set: Unset optional value from type CTA861_3
11-05 23:27:37.763 18262 18352 D skia    : SkJpegCodec::onGetPixels +
11-05 23:27:37.769 18262 18349 D skia    : SkJpegCodec::onGetPixels +
11-05 23:27:37.776 18262 18352 D skia    : SkJpegCodec::onGetPixels -
11-05 23:27:37.778 18262 18287 E IMGMapper: set:488 set: Unset optional value from type SMPTE2086
11-05 23:27:37.778 18262 18287 E IMGMapper: set:488 set: Unset optional value from type CTA861_3
11-05 23:27:37.791 18262 18349 D skia    : SkJpegCodec::onGetPixels -
11-05 23:27:37.795 18262 18287 E IMGMapper: set:488 set: Unset optional value from type SMPTE2086
11-05 23:27:37.796 18262 18287 E IMGMapper: set:488 set: Unset optional value from type CTA861_3
11-05 23:27:37.852 18262 18287 E IMGMapper: set:488 set: Unset optional value from type SMPTE2086
11-05 23:27:37.852 18262 18287 E IMGMapper: set:488 set: Unset optional value from type CTA861_3
11-05 23:27:37.860 18262 18347 D skia    : SkJpegCodec::onGetPixels +
11-05 23:27:37.862 18262 18346 D skia    : SkJpegCodec::onGetPixels +
11-05 23:27:37.864 18262 18287 E IMGMapper: set:488 set: Unset optional value from type SMPTE2086
11-05 23:27:37.864 18262 18287 E IMGMapper: set:488 set: Unset optional value from type CTA861_3
11-05 23:27:37.875 18262 18287 E IMGMapper: set:488 set: Unset optional value from type SMPTE2086
11-05 23:27:37.875 18262 18287 E IMGMapper: set:488 set: Unset optional value from type CTA861_3
11-05 23:27:37.885 18262 18347 D skia    : SkJpegCodec::onGetPixels -
11-05 23:27:37.886 18262 18346 D skia    : SkJpegCodec::onGetPixels -
11-05 23:27:37.886 18262 18287 E IMGMapper: set:488 set: Unset optional value from type SMPTE2086
11-05 23:27:37.886 18262 18287 E IMGMapper: set:488 set: Unset optional value from type CTA861_3
11-05 23:27:37.900 18262 18287 E IMGMapper: set:488 set: Unset optional value from type SMPTE2086
11-05 23:27:37.900 18262 18287 E IMGMapper: set:488 set: Unset optional value from type CTA861_3
11-05 23:27:37.919 18262 18287 E IMGMapper: set:488 set: Unset optional value from type SMPTE2086
11-05 23:27:37.919 18262 18287 E IMGMapper: set:488 set: Unset optional value from type CTA861_3
11-05 23:27:37.935 18262 18287 E IMGMapper: set:488 set: Unset optional value from type SMPTE2086
11-05 23:27:37.935 18262 18287 E IMGMapper: set:488 set: Unset optional value from type CTA861_3
11-05 23:27:37.955 18262 18287 E IMGMapper: set:488 set: Unset optional value from type SMPTE2086
11-05 23:27:37.955 18262 18287 E IMGMapper: set:488 set: Unset optional value from type CTA861_3
11-05 23:27:37.969 18262 18287 E IMGMapper: set:488 set: Unset optional value from type SMPTE2086
11-05 23:27:37.969 18262 18287 E IMGMapper: set:488 set: Unset optional value from type CTA861_3
11-05 23:27:37.984 18262 18287 E IMGMapper: set:488 set: Unset optional value from type SMPTE2086
11-05 23:27:37.984 18262 18287 E IMGMapper: set:488 set: Unset optional value from type CTA861_3
11-05 23:27:38.001 18262 18287 E IMGMapper: set:488 set: Unset optional value from type SMPTE2086
11-05 23:27:38.001 18262 18287 E IMGMapper: set:488 set: Unset optional value from type CTA861_3
11-05 23:27:38.018 18262 18287 E IMGMapper: set:488 set: Unset optional value from type SMPTE2086
11-05 23:27:38.018 18262 18287 E IMGMapper: set:488 set: Unset optional value from type CTA861_3
11-05 23:27:38.035 18262 18287 E IMGMapper: set:488 set: Unset optional value from type SMPTE2086
11-05 23:27:38.035 18262 18287 E IMGMapper: set:488 set: Unset optional value from type CTA861_3
11-05 23:27:38.056 18262 18287 E IMGMapper: set:488 set: Unset optional value from type SMPTE2086
11-05 23:27:38.057 18262 18287 E IMGMapper: set:488 set: Unset optional value from type CTA861_3
11-05 23:27:38.073  1039  1039 I BufferQueueProducer: [com.cinemamovel/com.cinemamovel.MainActivity$_18262#687256](this:0xb400007a262e6838,id:-1,api:0,p:-1,c:1039) queueBuffer: fps=58.13 dur=1014.95 max=50.49 min=16.09
11-05 23:27:38.075   991   991 I hwcomposer: [HWCDisplay] [Display_0 (type:1)] fps:58.144505,dur:1014.71,max:50.57,min:15.77  
11-05 23:27:38.077 18262 18287 E IMGMapper: set:488 set: Unset optional value from type SMPTE2086
11-05 23:27:38.077 18262 18287 E IMGMapper: set:488 set: Unset optional value from type CTA861_3
11-05 23:27:38.099 18262 18287 E IMGMapper: set:488 set: Unset optional value from type SMPTE2086
11-05 23:27:38.100 18262 18287 E IMGMapper: set:488 set: Unset optional value from type CTA861_3
11-05 23:27:38.112 18262 18347 D skia    : SkJpegCodec::onGetPixels +
11-05 23:27:38.128 18262 18347 D skia    : SkJpegCodec::onGetPixels -
11-05 23:27:38.135 18262 18287 E IMGMapper: set:488 set: Unset optional value from type SMPTE2086
11-05 23:27:38.135 18262 18287 E IMGMapper: set:488 set: Unset optional value from type CTA861_3
11-05 23:27:38.150 18262 18287 E IMGMapper: set:488 set: Unset optional value from type SMPTE2086
11-05 23:27:38.150 18262 18287 E IMGMapper: set:488 set: Unset optional value from type CTA861_3
11-05 23:27:38.168 18262 18287 E IMGMapper: set:488 set: Unset optional value from type SMPTE2086
11-05 23:27:38.168 18262 18287 E IMGMapper: set:488 set: Unset optional value from type CTA861_3
11-05 23:27:38.184 18262 18287 E IMGMapper: set:488 set: Unset optional value from type SMPTE2086
11-05 23:27:38.184 18262 18287 E IMGMapper: set:488 set: Unset optional value from type CTA861_3
11-05 23:27:38.200 18262 18287 E IMGMapper: set:488 set: Unset optional value from type SMPTE2086
11-05 23:27:38.200 18262 18287 E IMGMapper: set:488 set: Unset optional value from type CTA861_3
11-05 23:27:38.219 18262 18287 E IMGMapper: set:488 set: Unset optional value from type SMPTE2086
11-05 23:27:38.219 18262 18287 E IMGMapper: set:488 set: Unset optional value from type CTA861_3
11-05 23:27:38.231 18262 18346 D skia    : SkJpegCodec::onGetPixels +
11-05 23:27:38.235 18262 18287 E IMGMapper: set:488 set: Unset optional value from type SMPTE2086
11-05 23:27:38.235 18262 18287 E IMGMapper: set:488 set: Unset optional value from type CTA861_3
11-05 23:27:38.250 18262 18287 E IMGMapper: set:488 set: Unset optional value from type SMPTE2086
11-05 23:27:38.250 18262 18287 E IMGMapper: set:488 set: Unset optional value from type CTA861_3
11-05 23:27:38.257 18262 18346 D skia    : SkJpegCodec::onGetPixels -
11-05 23:27:38.267 18262 18287 E IMGMapper: set:488 set: Unset optional value from type SMPTE2086
11-05 23:27:38.267 18262 18287 E IMGMapper: set:488 set: Unset optional value from type CTA861_3
11-05 23:27:38.283 18262 18287 E IMGMapper: set:488 set: Unset optional value from type SMPTE2086
11-05 23:27:38.283 18262 18287 E IMGMapper: set:488 set: Unset optional value from type CTA861_3
11-05 23:27:38.311 18262 18287 E IMGMapper: set:488 set: Unset optional value from type SMPTE2086
11-05 23:27:38.311 18262 18287 E IMGMapper: set:488 set: Unset optional value from type CTA861_3
11-05 23:27:38.325 18262 18287 E IMGMapper: set:488 set: Unset optional value from type SMPTE2086
11-05 23:27:38.325 18262 18287 E IMGMapper: set:488 set: Unset optional value from type CTA861_3
11-05 23:27:38.349  1737  1942 D MobileStatusTracker(0/2): onSignalStrengthsChanged level=3, vendorLevel=3
11-05 23:27:38.352  1737  1942 D MobileSignalController(0/2): notifyListener: enabled=true, connected=true, dataConnected=true, networkType=LTE (4G), emergencyOnly=false, roaming=false, isDefault=false, dataActivity=, level=3, ca=false, mmWave=false, disabledDataIcon=false, simCard=ETC
11-05 23:27:38.352  1737  1942 D NetworkController: SignalStrength from intent slotId=0
11-05 23:27:38.363 18262 18287 E IMGMapper: set:488 set: Unset optional value from type SMPTE2086
11-05 23:27:38.363 18262 18287 E IMGMapper: set:488 set: Unset optional value from type CTA861_3
11-05 23:27:38.370 18262 18287 E IMGMapper: set:488 set: Unset optional value from type SMPTE2086
11-05 23:27:38.370 18262 18287 E IMGMapper: set:488 set: Unset optional value from type CTA861_3
11-05 23:27:38.387 18262 18287 E IMGMapper: set:488 set: Unset optional value from type SMPTE2086
11-05 23:27:38.387 18262 18287 E IMGMapper: set:488 set: Unset optional value from type CTA861_3
11-05 23:27:38.403 18262 18287 E IMGMapper: set:488 set: Unset optional value from type SMPTE2086
11-05 23:27:38.403 18262 18287 E IMGMapper: set:488 set: Unset optional value from type CTA861_3
11-05 23:27:38.419 18262 18287 E IMGMapper: set:488 set: Unset optional value from type SMPTE2086
11-05 23:27:38.419 18262 18287 E IMGMapper: set:488 set: Unset optional value from type CTA861_3
11-05 23:27:38.435 18262 18287 E IMGMapper: set:488 set: Unset optional value from type SMPTE2086
11-05 23:27:38.435 18262 18287 E IMGMapper: set:488 set: Unset optional value from type CTA861_3
11-05 23:27:38.452 18262 18287 E IMGMapper: set:488 set: Unset optional value from type SMPTE2086
11-05 23:27:38.452 18262 18287 E IMGMapper: set:488 set: Unset optional value from type CTA861_3
11-05 23:27:38.467 18262 18287 E IMGMapper: set:488 set: Unset optional value from type SMPTE2086
11-05 23:27:38.467 18262 18287 E IMGMapper: set:488 set: Unset optional value from type CTA861_3
11-05 23:27:38.485 18262 18287 E IMGMapper: set:488 set: Unset optional value from type SMPTE2086
11-05 23:27:38.485 18262 18287 E IMGMapper: set:488 set: Unset optional value from type CTA861_3
11-05 23:27:38.502 18262 18287 E IMGMapper: set:488 set: Unset optional value from type SMPTE2086
11-05 23:27:38.502 18262 18287 E IMGMapper: set:488 set: Unset optional value from type CTA861_3
11-05 23:27:38.517 18262 18287 E IMGMapper: set:488 set: Unset optional value from type SMPTE2086
11-05 23:27:38.517 18262 18287 E IMGMapper: set:488 set: Unset optional value from type CTA861_3
11-05 23:27:38.534 18262 18287 E IMGMapper: set:488 set: Unset optional value from type SMPTE2086
11-05 23:27:38.534 18262 18287 E IMGMapper: set:488 set: Unset optional value from type CTA861_3
11-05 23:27:38.551 18262 18287 E IMGMapper: set:488 set: Unset optional value from type SMPTE2086
11-05 23:27:38.551 18262 18287 E IMGMapper: set:488 set: Unset optional value from type CTA861_3
11-05 23:27:38.567 18262 18287 E IMGMapper: set:488 set: Unset optional value from type SMPTE2086
11-05 23:27:38.568 18262 18287 E IMGMapper: set:488 set: Unset optional value from type CTA861_3
11-05 23:27:38.585 18262 18287 E IMGMapper: set:488 set: Unset optional value from type SMPTE2086
11-05 23:27:38.585 18262 18287 E IMGMapper: set:488 set: Unset optional value from type CTA861_3
11-05 23:27:38.601 18262 18287 E IMGMapper: set:488 set: Unset optional value from type SMPTE2086
11-05 23:27:38.601 18262 18287 E IMGMapper: set:488 set: Unset optional value from type CTA861_3
11-05 23:27:38.616  1693  1693 I WifiHAL : Get link layer stats
11-05 23:27:38.616  1693  1693 I WifiHAL : GetLinkStatsCommand::create
11-05 23:27:38.616  1693  1693 D android.hardware.wifi@1.0-service-lazy: WifiRequest::create vendor command to iface 38, vendor_id=0x1a11, subcmd=0x1200, res=0
11-05 23:27:38.616  1693  1693 I android.hardware.wifi@1.0-service-lazy: WifiCommand::requestResponse err=-95
11-05 23:27:38.616  1693  1693 I WifiHAL : wifi_get_link_stats: result=-3
11-05 23:27:38.617  1187  1566 E WifiVendorHal: getWifiLinkLayerStats_1_5_Internal(l.1179) failed {.code = ERROR_NOT_SUPPORTED, .description = }
11-05 23:27:38.622  1187 22074 D SemWifiUsabilityStatsMonitor: onWifiUsabilityStats - seqNum 107395, isSameBssidAndFreq true
11-05 23:27:38.623  1187  1645 I SemWifiLinkQualityMonitor: Link Qos query: inf. ms / 0 Mbps
11-05 23:27:38.628 18262 18287 E IMGMapper: set:488 set: Unset optional value from type SMPTE2086
11-05 23:27:38.628 18262 18287 E IMGMapper: set:488 set: Unset optional value from type CTA861_3
11-05 23:27:38.639 18262 18287 E IMGMapper: set:488 set: Unset optional value from type SMPTE2086
11-05 23:27:38.639 18262 18287 E IMGMapper: set:488 set: Unset optional value from type CTA861_3
11-05 23:27:38.653 18262 18287 E IMGMapper: set:488 set: Unset optional value from type SMPTE2086
11-05 23:27:38.654 18262 18287 E IMGMapper: set:488 set: Unset optional value from type CTA861_3
11-05 23:27:38.670 18262 18287 E IMGMapper: set:488 set: Unset optional value from type SMPTE2086
11-05 23:27:38.670 18262 18287 E IMGMapper: set:488 set: Unset optional value from type CTA861_3
11-05 23:27:38.686 18262 18287 E IMGMapper: set:488 set: Unset optional value from type SMPTE2086
11-05 23:27:38.686 18262 18287 E IMGMapper: set:488 set: Unset optional value from type CTA861_3
11-05 23:27:38.702 18262 18287 E IMGMapper: set:488 set: Unset optional value from type SMPTE2086
11-05 23:27:38.703 18262 18287 E IMGMapper: set:488 set: Unset optional value from type CTA861_3
11-05 23:27:38.720 18262 18287 E IMGMapper: set:488 set: Unset optional value from type SMPTE2086
11-05 23:27:38.721 18262 18287 E IMGMapper: set:488 set: Unset optional value from type CTA861_3
11-05 23:27:38.737 18262 18287 E IMGMapper: set:488 set: Unset optional value from type SMPTE2086
11-05 23:27:38.737 18262 18287 E IMGMapper: set:488 set: Unset optional value from type CTA861_3
11-05 23:27:38.753 18262 18287 E IMGMapper: set:488 set: Unset optional value from type SMPTE2086
11-05 23:27:38.753 18262 18287 E IMGMapper: set:488 set: Unset optional value from type CTA861_3
11-05 23:27:38.770 18262 18287 E IMGMapper: set:488 set: Unset optional value from type SMPTE2086
11-05 23:27:38.770 18262 18287 E IMGMapper: set:488 set: Unset optional value from type CTA861_3
11-05 23:27:38.787 18262 18287 E IMGMapper: set:488 set: Unset optional value from type SMPTE2086
11-05 23:27:38.787 18262 18287 E IMGMapper: set:488 set: Unset optional value from type CTA861_3
11-05 23:27:38.803 18262 18287 E IMGMapper: set:488 set: Unset optional value from type SMPTE2086
11-05 23:27:38.803 18262 18287 E IMGMapper: set:488 set: Unset optional value from type CTA861_3
11-05 23:27:38.823 18262 18287 E IMGMapper: set:488 set: Unset optional value from type SMPTE2086
11-05 23:27:38.824 18262 18287 E IMGMapper: set:488 set: Unset optional value from type CTA861_3
11-05 23:27:38.842 18262 18287 E IMGMapper: set:488 set: Unset optional value from type SMPTE2086
11-05 23:27:38.842 18262 18287 E IMGMapper: set:488 set: Unset optional value from type CTA861_3
11-05 23:27:38.866 18262 18287 E IMGMapper: set:488 set: Unset optional value from type SMPTE2086
11-05 23:27:38.866 18262 18287 E IMGMapper: set:488 set: Unset optional value from type CTA861_3
11-05 23:27:38.876 18262 18287 E IMGMapper: set:488 set: Unset optional value from type SMPTE2086
11-05 23:27:38.876 18262 18287 E IMGMapper: set:488 set: Unset optional value from type CTA861_3
11-05 23:27:38.886 18262 18287 E IMGMapper: set:488 set: Unset optional value from type SMPTE2086
11-05 23:27:38.886 18262 18287 E IMGMapper: set:488 set: Unset optional value from type CTA861_3
11-05 23:27:38.903 18262 18287 E IMGMapper: set:488 set: Unset optional value from type SMPTE2086
11-05 23:27:38.903 18262 18287 E IMGMapper: set:488 set: Unset optional value from type CTA861_3
11-05 23:27:38.905  1200  1324 D ULogGuard: Monitoring: 16 threads, 0 requests, 0 time-bombs; 1 guards. ResetFlags = 0x7
11-05 23:27:38.924 18262 18287 E IMGMapper: set:488 set: Unset optional value from type SMPTE2086
11-05 23:27:38.925 18262 18287 E IMGMapper: set:488 set: Unset optional value from type CTA861_3
11-05 23:27:38.937 18262 18287 E IMGMapper: set:488 set: Unset optional value from type SMPTE2086
11-05 23:27:38.937 18262 18287 E IMGMapper: set:488 set: Unset optional value from type CTA861_3
11-05 23:27:38.954 18262 18287 E IMGMapper: set:488 set: Unset optional value from type SMPTE2086
11-05 23:27:38.954 18262 18287 E IMGMapper: set:488 set: Unset optional value from type CTA861_3
11-05 23:27:38.969 18262 18347 D skia    : SkJpegCodec::onGetPixels +
11-05 23:27:38.970 18262 18287 E IMGMapper: set:488 set: Unset optional value from type SMPTE2086
11-05 23:27:38.970 18262 18287 E IMGMapper: set:488 set: Unset optional value from type CTA861_3
11-05 23:27:38.985 18262 18287 E IMGMapper: set:488 set: Unset optional value from type SMPTE2086
11-05 23:27:38.985 18262 18287 E IMGMapper: set:488 set: Unset optional value from type CTA861_3
11-05 23:27:38.995 18262 18347 D skia    : SkJpegCodec::onGetPixels -
11-05 23:27:39.001 18262 18287 E IMGMapper: set:488 set: Unset optional value from type SMPTE2086
11-05 23:27:39.001 18262 18287 E IMGMapper: set:488 set: Unset optional value from type CTA861_3
11-05 23:27:39.017 18262 18287 E IMGMapper: set:488 set: Unset optional value from type SMPTE2086
11-05 23:27:39.017 18262 18287 E IMGMapper: set:488 set: Unset optional value from type CTA861_3
11-05 23:27:39.035 18262 18287 E IMGMapper: set:488 set: Unset optional value from type SMPTE2086
11-05 23:27:39.035 18262 18287 E IMGMapper: set:488 set: Unset optional value from type CTA861_3
11-05 23:27:39.050 18262 18287 E IMGMapper: set:488 set: Unset optional value from type SMPTE2086
11-05 23:27:39.050 18262 18287 E IMGMapper: set:488 set: Unset optional value from type CTA861_3
11-05 23:27:39.067 18262 18287 E IMGMapper: set:488 set: Unset optional value from type SMPTE2086
11-05 23:27:39.067 18262 18287 E IMGMapper: set:488 set: Unset optional value from type CTA861_3
11-05 23:27:39.083 18262 18287 E IMGMapper: set:488 set: Unset optional value from type SMPTE2086
11-05 23:27:39.083 18262 18287 E IMGMapper: set:488 set: Unset optional value from type CTA861_3
11-05 23:27:39.089  1039  1039 I BufferQueueProducer: [com.cinemamovel/com.cinemamovel.MainActivity$_18262#687256](this:0xb400007a262e6838,id:-1,api:0,p:-1,c:1039) queueBuffer: fps=57.12 dur=1015.44 max=33.54 min=15.74
11-05 23:27:39.091   991   991 I hwcomposer: [HWCDisplay] [Display_0 (type:1)] fps:57.122849,dur:1015.36,max:33.93,min:15.57  
11-05 23:27:39.100 18262 18287 E IMGMapper: set:488 set: Unset optional value from type SMPTE2086
11-05 23:27:39.100 18262 18287 E IMGMapper: set:488 set: Unset optional value from type CTA861_3
11-05 23:27:39.119 18262 18287 E IMGMapper: set:488 set: Unset optional value from type SMPTE2086
11-05 23:27:39.119 18262 18287 E IMGMapper: set:488 set: Unset optional value from type CTA861_3
11-05 23:27:39.131 18262 18346 D skia    : SkJpegCodec::onGetPixels +
11-05 23:27:39.134 18262 18287 E IMGMapper: set:488 set: Unset optional value from type SMPTE2086
11-05 23:27:39.134 18262 18287 E IMGMapper: set:488 set: Unset optional value from type CTA861_3
11-05 23:27:39.150 18262 18287 E IMGMapper: set:488 set: Unset optional value from type SMPTE2086
11-05 23:27:39.150 18262 18287 E IMGMapper: set:488 set: Unset optional value from type CTA861_3
11-05 23:27:39.152 18262 18346 D skia    : SkJpegCodec::onGetPixels -
11-05 23:27:39.175 18262 18287 E IMGMapper: set:488 set: Unset optional value from type SMPTE2086
11-05 23:27:39.175 18262 18287 E IMGMapper: set:488 set: Unset optional value from type CTA861_3
11-05 23:27:39.191 18262 18287 E IMGMapper: set:488 set: Unset optional value from type SMPTE2086
11-05 23:27:39.191 18262 18287 E IMGMapper: set:488 set: Unset optional value from type CTA861_3
11-05 23:27:39.225 18262 18287 E IMGMapper: set:488 set: Unset optional value from type SMPTE2086
11-05 23:27:39.225 18262 18287 E IMGMapper: set:488 set: Unset optional value from type CTA861_3
11-05 23:27:39.233 18262 18287 E IMGMapper: set:488 set: Unset optional value from type SMPTE2086
11-05 23:27:39.233 18262 18287 E IMGMapper: set:488 set: Unset optional value from type CTA861_3
11-05 23:27:39.249 18262 18287 E IMGMapper: set:488 set: Unset optional value from type SMPTE2086
11-05 23:27:39.249 18262 18287 E IMGMapper: set:488 set: Unset optional value from type CTA861_3
11-05 23:27:39.265 18262 18287 E IMGMapper: set:488 set: Unset optional value from type SMPTE2086
11-05 23:27:39.265 18262 18287 E IMGMapper: set:488 set: Unset optional value from type CTA861_3
11-05 23:27:39.272   896 18408 I mtkpower_client: perf_lock_rel, hdl:1047601, tid:18408
11-05 23:27:39.273   896 18408 I mtkpower_client: perf_lock_acq, hdl:0, dur:0, num:2, tid:18408
11-05 23:27:39.273  1014  1065 I libPowerHal: [perfLockRel] hdl:1047601, idx:1
11-05 23:27:39.274  1014  1065 I libPowerHal: vendor.samsung.: cpu_ctrl set cpu freq: 1218000 -1 -1 -1
11-05 23:27:39.275   896 18408 I mtkpower_client: ret_hdl:1047603
11-05 23:27:39.275   896 18408 I mtkpower_client: perf_lock_rel, hdl:1047602, tid:18408
11-05 23:27:39.275  1014  1065 I libPowerHal: [perfLockAcq] idx:0 hdl:1047603 hint:-1 pid:896 duration:0 lock_user:vendor.samsung. => ret_hdl:1047603
11-05 23:27:39.275  1014  1065 I libPowerHal: vendor.samsung.: cpu_ctrl set cpu freq: 1218000 -1 1138000 -1
11-05 23:27:39.276   896 18408 I mtkpower_client: perf_lock_acq, hdl:0, dur:0, num:2, tid:18408
11-05 23:27:39.276  1014  1065 I libPowerHal: [perfLockRel] hdl:1047602, idx:2
11-05 23:27:39.277  1014  1065 I libPowerHal: vendor.samsung.: cpu_ctrl set cpu freq: -1 -1 1138000 -1
11-05 23:27:39.277   896 18408 I mtkpower_client: ret_hdl:1047604
11-05 23:27:39.278   896 18408 I HYPER-HAL: [RequestManager.cpp]releaseLocked(): Released ID : 726633
11-05 23:27:39.278  1014  1065 I libPowerHal: [perfLockAcq] idx:1 hdl:1047604 hint:-1 pid:896 duration:0 lock_user:vendor.samsung. => ret_hdl:1047604
11-05 23:27:39.278  1014  1065 I libPowerHal: vendor.samsung.: cpu_ctrl set cpu freq: 1218000 -1 1138000 -1
11-05 23:27:39.282 18262 18287 E IMGMapper: set:488 set: Unset optional value from type SMPTE2086
11-05 23:27:39.282 18262 18287 E IMGMapper: set:488 set: Unset optional value from type CTA861_3
11-05 23:27:39.297 18262 18287 E IMGMapper: set:488 set: Unset optional value from type SMPTE2086
11-05 23:27:39.297 18262 18287 E IMGMapper: set:488 set: Unset optional value from type CTA861_3
11-05 23:27:39.300   896   910 I mtkpower_client: perf_lock_rel, hdl:1047603, tid:910
11-05 23:27:39.300   896   910 I mtkpower_client: perf_lock_rel, hdl:1047604, tid:910
11-05 23:27:39.301  1014  1065 I libPowerHal: [perfLockRel] hdl:1047603, idx:0
11-05 23:27:39.301  1014  1065 I libPowerHal: vendor.samsung.: cpu_ctrl set cpu freq: 1218000 -1 -1 -1
11-05 23:27:39.302  1014  1065 I libPowerHal: [perfLockRel] hdl:1047604, idx:1
11-05 23:27:39.302   896   910 I HYPER-HAL: [RequestManager.cpp]releaseLocked(): Released ID : 725427
11-05 23:27:39.302  1014  1065 I libPowerHal: vendor.samsung.: cpu_ctrl set cpu freq: -1 -1 -1 -1
11-05 23:27:39.315 18262 18287 E IMGMapper: set:488 set: Unset optional value from type SMPTE2086
11-05 23:27:39.316 18262 18287 E IMGMapper: set:488 set: Unset optional value from type CTA861_3
11-05 23:27:39.332 18262 18287 E IMGMapper: set:488 set: Unset optional value from type SMPTE2086
11-05 23:27:39.332 18262 18287 E IMGMapper: set:488 set: Unset optional value from type CTA861_3
11-05 23:27:39.620  1737  1737 D SecPowerUI.Notification: showChargingNotice oldChargingType : 11 / currentChargingType : 11, oldChargingTime : 0 / mChargingTime : 0
11-05 23:27:39.620  1737  1737 D SecPowerUI.Notification: There is no change about charging status, so return!
11-05 23:27:39.639  1737  1942 D MobileStatusTracker(0/2): onSignalStrengthsChanged level=3, vendorLevel=3
11-05 23:27:39.643  1737  1942 D MobileSignalController(0/2): notifyListener: enabled=true, connected=true, dataConnected=true, networkType=LTE (4G), emergencyOnly=false, roaming=false, isDefault=false, dataActivity=, level=3, ca=false, mmWave=false, disabledDataIcon=false, simCard=ETC
11-05 23:27:39.644  1737  1942 D NetworkController: SignalStrength from intent slotId=0
11-05 23:27:39.699 18262 18287 E IMGMapper: set:488 set: Unset optional value from type SMPTE2086
11-05 23:27:39.700 18262 18287 E IMGMapper: set:488 set: Unset optional value from type CTA861_3
11-05 23:27:39.716 18262 18287 E IMGMapper: set:488 set: Unset optional value from type SMPTE2086
11-05 23:27:39.717 18262 18287 E IMGMapper: set:488 set: Unset optional value from type CTA861_3
11-05 23:27:39.733 18262 18287 E IMGMapper: set:488 set: Unset optional value from type SMPTE2086
11-05 23:27:39.733 18262 18287 E IMGMapper: set:488 set: Unset optional value from type CTA861_3
11-05 23:27:39.749 18262 18287 E IMGMapper: set:488 set: Unset optional value from type SMPTE2086
11-05 23:27:39.749 18262 18287 E IMGMapper: set:488 set: Unset optional value from type CTA861_3
11-05 23:27:39.764 18262 18287 E IMGMapper: set:488 set: Unset optional value from type SMPTE2086
11-05 23:27:39.765 18262 18287 E IMGMapper: set:488 set: Unset optional value from type CTA861_3
11-05 23:27:39.782 18262 18287 E IMGMapper: set:488 set: Unset optional value from type SMPTE2086
11-05 23:27:39.783 18262 18287 E IMGMapper: set:488 set: Unset optional value from type CTA861_3
11-05 23:27:39.800 18262 18287 E IMGMapper: set:488 set: Unset optional value from type SMPTE2086
11-05 23:27:39.800 18262 18287 E IMGMapper: set:488 set: Unset optional value from type CTA861_3
11-05 23:27:39.814 18262 18287 E IMGMapper: set:488 set: Unset optional value from type SMPTE2086
11-05 23:27:39.814 18262 18287 E IMGMapper: set:488 set: Unset optional value from type CTA861_3
11-05 23:27:39.831 18262 18287 E IMGMapper: set:488 set: Unset optional value from type SMPTE2086
11-05 23:27:39.831 18262 18287 E IMGMapper: set:488 set: Unset optional value from type CTA861_3
11-05 23:27:39.848 18262 18287 E IMGMapper: set:488 set: Unset optional value from type SMPTE2086
11-05 23:27:39.848 18262 18287 E IMGMapper: set:488 set: Unset optional value from type CTA861_3
11-05 23:27:39.863 18262 18287 E IMGMapper: set:488 set: Unset optional value from type SMPTE2086
11-05 23:27:39.864 18262 18287 E IMGMapper: set:488 set: Unset optional value from type CTA861_3
11-05 23:27:39.880 18262 18287 E IMGMapper: set:488 set: Unset optional value from type SMPTE2086
11-05 23:27:39.880 18262 18287 E IMGMapper: set:488 set: Unset optional value from type CTA861_3
11-05 23:27:39.897 18262 18287 E IMGMapper: set:488 set: Unset optional value from type SMPTE2086
11-05 23:27:39.897 18262 18287 E IMGMapper: set:488 set: Unset optional value from type CTA861_3
11-05 23:27:39.914 18262 18287 E IMGMapper: set:488 set: Unset optional value from type SMPTE2086
11-05 23:27:39.915 18262 18287 E IMGMapper: set:488 set: Unset optional value from type CTA861_3
11-05 23:27:39.931 18262 18287 E IMGMapper: set:488 set: Unset optional value from type SMPTE2086
11-05 23:27:39.931 18262 18287 E IMGMapper: set:488 set: Unset optional value from type CTA861_3
11-05 23:27:39.948 18262 18287 E IMGMapper: set:488 set: Unset optional value from type SMPTE2086
11-05 23:27:39.948 18262 18287 E IMGMapper: set:488 set: Unset optional value from type CTA861_3
11-05 23:27:39.964 18262 18287 E IMGMapper: set:488 set: Unset optional value from type SMPTE2086
11-05 23:27:39.964 18262 18287 E IMGMapper: set:488 set: Unset optional value from type CTA861_3
11-05 23:27:40.550  1187  1369 D PowerManagerService: UserActivityStateListenerState: 0
