--------- beginning of main
10-14 23:33:26.899  1483  4870 D InputDispatcher: Inject motion (15678/2000): action=0x0, time=2226598706000000, f=0x0, d=0 dsdx=1.000000 dtdx=0.000000
10-14 23:33:26.900  1483  1796 I InputDispatcher: Delivering touch to (2521): action: 0x4, f=0x0, d=0, 'a9cce9e', t=1 
10-14 23:33:26.900  1483  1796 I InputDispatcher: Delivering touch to (15513): action: 0x0, f=0x0, d=0, '648df2c', t=1 
--------- beginning of system
10-14 23:33:26.900  1483  1796 D PowerManagerService: [api] userActivityFromNative :  (event: 2 flags: 0 displayId: 0) eventTime = 2226598706
10-14 23:33:26.900 15513 15513 I ViewRootImpl@ff8fc75[MainActivity]: ViewPostIme pointer 0
10-14 23:33:26.901  1483  1528 I GestureDetector: obtain mCurrentDownEvent. id: -617029371 caller: com.android.server.wm.SystemGesturesPointerEventListener.onPointerEvent:203 com.android.server.wm.PointerEventDispatcher.onInputEvent:53 android.view.InputEventReceiver.dispatchInputEvent:285 
10-14 23:33:26.901  1483  1528 I GestureDetector: obtain mCurrentDownEvent. id: -617029371 caller: com.android.server.wm.SystemPerformancePointerEventListener.onPointerEvent:89 com.android.server.wm.PointerEventDispatcher.onInputEvent:53 android.view.InputEventReceiver.dispatchInputEvent:285 
10-14 23:33:26.901  1483  1796 D PowerManagerService: UserActivityStateListenerState: 1
10-14 23:33:26.906  1483  4870 D InputDispatcher: Inject motion (15678/2000): action=0x1, time=2226598706000000, f=0x0, d=0 dsdx=1.000000 dtdx=0.000000
10-14 23:33:26.906  1483  1796 I InputDispatcher: Delivering touch to (15513): action: 0x1, f=0x0, d=0, '648df2c', t=1 
10-14 23:33:26.906  1483  1528 I GestureDetector: obtain mCurrentMotionEventRaw. action: 1 id: -637581809
10-14 23:33:26.907  1483  1528 I GestureDetector: obtain mCurrentMotionEventRaw. action: 1 id: -637581809
10-14 23:33:26.908 15513 15513 I ViewRootImpl@ff8fc75[MainActivity]: ViewPostIme pointer 1
10-14 23:33:27.116  9665 14508 W AOSP-MdnsDiscoveryManag: Error while decoding multicast packet (4469): 1 [CONTEXT service_id=168 ]
10-14 23:33:27.119  9665 14508 W AOSP-MdnsDiscoveryManag: Error while decoding multicast packet (4470): 1 [CONTEXT service_id=168 ]
10-14 23:33:27.159  1014  1065 I libPowerHal: perfUserScnCheckAll
10-14 23:33:27.160  1014  1065 I libPowerHal: perfScnDumpAll cmd:0
10-14 23:33:27.160  1014  1065 I libPowerHal: ========================
10-14 23:33:27.160  1014  1065 I libPowerHal: ========================
10-14 23:33:27.201  1483  1483 I GestureDetector: handleMessage TAP
10-14 23:33:27.201  1483  1528 I GestureDetector: handleMessage TAP
10-14 23:33:27.525   570 15479 I keystore2: keystore2::watchdog: Watchdog thread idle -> terminating. Have a great day.
10-14 23:33:27.705   543   543 D io_stats: !@ 179,0 r 401900926 4901586454 w 69549249 732348448 d 1257423 33782120 f 0 0 iot 199562896 0 th 0 0 0 pt 0 inp 0 0 2226599.513
10-14 23:33:27.759 15513 15522 W com.cinemamovel: Cleared Reference was only reachable from finalizer (only reported once)
10-14 23:33:27.977  1483  4870 D InputDispatcher: Inject key (15686/2000): action=0, f=0x0, d=-1, time=2226599785270239
10-14 23:33:27.985  1483  4870 D WindowManager: interceptKeyTq interceptKeyResult=1
10-14 23:33:27.985  1483  1796 D PowerManagerService: [api] userActivityFromNative :  (event: 1 flags: 0 displayId: 0) eventTime = 2226599785
10-14 23:33:27.991  1483  1796 I InputDispatcher: Delivering key to (15513): action: 0x0 (0), f=0x0, m=0x41, d=0, '648df2c'
10-14 23:33:28.004  5125  5125 I HBD     : b skip onKeyDown as physical keyboard not connected 
10-14 23:33:28.012  5125  5125 I HBD     : HoneyBoardService onKeyDown r:0572915e consumed:false 9 
10-14 23:33:28.054 15513 15513 I ViewRootImpl@ff8fc75[MainActivity]: ViewPostIme key 0
10-14 23:33:28.057  1483  4870 D InputDispatcher: Inject key (15686/2000): action=0, f=0x0, d=-1, time=2226599785270239
10-14 23:33:28.070  1483  4870 D SingleKeyGesture: reset counter=0 mActiveRule=null Callers(5)=com.android.server.policy.SingleKeyGestureDetector.interceptKeyDown:453 com.android.server.policy.SingleKeyGestureDetector.interceptKey:399 com.android.server.policy.PhoneWindowManager.handleKeyGesture:5028 com.android.server.policy.PhoneWindowManager.interceptKeyBeforeQueueing:4558 com.android.server.wm.InputManagerCallback.interceptKeyBeforeQueueing:156 
10-14 23:33:28.070  1483  4870 D WindowManager: interceptKeyTq interceptKeyResult=1
10-14 23:33:28.072  1483  1796 I InputDispatcher: Delivering key to (15513): action: 0x0 (0), f=0x0, m=0x41, d=0, '648df2c'
10-14 23:33:28.072  5125  5125 I HBD     : b skip onKeyDown as physical keyboard not connected 
10-14 23:33:28.072  5125  5125 I HBD     : HoneyBoardService onKeyDown r:ca04511f consumed:false 0 
10-14 23:33:28.075 15513 15513 I ViewRootImpl@ff8fc75[MainActivity]: setInTouchMode(false), android.view.ViewRootImpl.checkForLeavingTouchModeAndConsume:9383 android.view.ViewRootImpl.-$$Nest$mcheckForLeavingTouchModeAndConsume:0 android.view.ViewRootImpl$EarlyPostImeInputStage.processKeyEvent:7707 android.view.ViewRootImpl$EarlyPostImeInputStage.onProcess:7691 android.view.ViewRootImpl$InputStage.deliver:7213 android.view.ViewRootImpl$InputStage.onDeliverToNext:7270 android.view.ViewRootImpl$InputStage.forward:7236 android.view.ViewRootImpl$AsyncInputStage.forward:7467 android.view.ViewRootImpl$ImeInputStage.onFinishedInputEvent:7676 android.view.inputmethod.InputMethodManager$PendingEvent.run:3897 
10-14 23:33:28.077  1483  2600 D InputDispatcher: Touch mode switch rejected, caller (pid=0, uid=10976) doesn't own the focused window nor none of the previously interacted window
10-14 23:33:28.080 15513 15513 I ViewRootImpl@ff8fc75[MainActivity]: ViewPostIme key 0
10-14 23:33:28.099  1483  4870 D InputDispatcher: Inject key (15686/2000): action=1, f=0x0, d=-1, time=2226599785270239
10-14 23:33:28.099  1483  4870 D WindowManager: interceptKeyTq interceptKeyResult=1
10-14 23:33:28.100  1483  1796 I InputDispatcher: Delivering key to (15513): action: 0x1 (0), f=0x0, m=0x41, d=0, '648df2c'
10-14 23:33:28.107 15513 15513 D InputMethodManager: startInputInner - Id : 0
10-14 23:33:28.107 15513 15513 I InputMethodManager: startInputInner - mService.startInputOrWindowGainedFocus
10-14 23:33:28.108 15513 15537 E IMGMapper: set:488 set: Unset optional value from type SMPTE2086
10-14 23:33:28.108 15513 15537 E IMGMapper: set:488 set: Unset optional value from type CTA861_3
10-14 23:33:28.110  1483  4869 V InputMethodManagerService: startInputOrWindowGainedFocusInternalLocked: reason=CHECK_FOCUS clientState=5c24fc7 attribute=android.view.inputmethod.EditorInfo@c6bcf50 startInputFlags=VIEW_HAS_FOCUS|IS_TEXT_EDITOR|INITIAL_CONNECTION softInputMode=STATE_UNSPECIFIED|ADJUST_RESIZE windowFlags=#81810100 sameWindowFocused=true
10-14 23:33:28.110  5125  5125 I HBD     : HoneyBoardService onKeyUp r:1e461eb7 consumed:false 1 
10-14 23:33:28.111  1483  4869 D InputMethodManagerService: mDesktopModeManager null!
10-14 23:33:28.111  1483  4869 V InputMethodManagerService: getDisplayIdOfInputMethodWindowToBeAdded: displayId=0
10-14 23:33:28.111  1483  4869 D InputMethodManagerService: isImeSwitcherDisabledPackage : false
10-14 23:33:28.111  1483  4869 D InputMethodManagerService: shouldShowImeSwitcherLocked : checking vis : 3
10-14 23:33:28.112  1483  4869 D InputMethodManagerService: checkDisplayOfStartInputAndUpdateKeyboard: displayId=0, mFocusedDisplayId=0
10-14 23:33:28.112  1483  4869 D InputTransport: Input channel constructed: 'ClientS', fd=857
10-14 23:33:28.113  1483  4869 D InputTransport: Input channel destroyed: 'ClientS', fd=857
10-14 23:33:28.115 15513 15513 I ViewRootImpl@ff8fc75[MainActivity]: ViewPostIme key 1
10-14 23:33:28.116  5125  5125 I HBD     : HoneyBoardService onFinishInput 
10-14 23:33:28.116  1483  4870 D InputDispatcher: Inject key (15686/2000): action=1, f=0x0, d=-1, time=2226599785270239
10-14 23:33:28.117  1483  4870 D WindowManager: interceptKeyTq interceptKeyResult=1
10-14 23:33:28.118  5125  5125 I HBD     : a IC have been unbinding,  RemoteInputConnection{idHash=#8be5a9e}
10-14 23:33:28.118  5125  5125 I HBD     : HoneyBoardService [PF_CL][onFinishInput]  2 ms 
10-14 23:33:28.118  1483  1796 I InputDispatcher: Delivering key to (15513): action: 0x1 (0), f=0x0, m=0x0, d=0, '648df2c'
10-14 23:33:28.119  5125  5125 I HBD     : HoneyBoardService onInlineSuggestionsResponse 
10-14 23:33:28.120  1039  1039 I BufferQueueProducer: [com.cinemamovel/com.cinemamovel.MainActivity$_15513#446665](this:0xb400007a262a8838,id:-1,api:0,p:-1,c:1039) queueBuffer: fps=6.30 dur=5077.63 max=4545.25 min=16.09
10-14 23:33:28.121  5125  5125 I HBD     : HoneyBoardService [IMI] onStartInput - caller pid : 15513 , caller uid : 10976 
10-14 23:33:28.121  5125  5125 I HBD     : j updateConfigs 
10-14 23:33:28.121  5125  5125 I HBD     : j isEnabledNightMode : true 
10-14 23:33:28.121   991  1074 I hwcomposer: [HWCDisplay] [Display_0 (type:1)] fps:2.702837,dur:1849.91,max:1349.92,min:16.35  
10-14 23:33:28.121  5125  5125 I HBD     : a IC have been binding, RemoteInputConnection{idHash=#f4c4195} 
10-14 23:33:28.121  5125  5125 I HBD     : h [EditorInputType]setPrivateImeOptionsToTable privateImeOptions ( null )
10-14 23:33:28.121  5125  5125 I HBD     : b incognitoMode : false 
10-14 23:33:28.123  5125  5125 I HBD     : b [CPS]isPredictionOnByLanguage :false, isForceOff : false, isPredictionOn : true , isOnPref : true 
10-14 23:33:28.123  5125  5125 I HBD     : h getDefaultInputRange : UNKNOWN 
10-14 23:33:28.123  5125  5125 I HBD     : h getDefaultInputRange : UNKNOWN 
10-14 23:33:28.123  5125  5125 I HBD     : h getDefaultInputRange : UNKNOWN 
10-14 23:33:28.124  5125  5125 I HBD     : b update cached prediction status : true 
10-14 23:33:28.124  5125  5125 I HBD     : h getDefaultInputRange : UNKNOWN 
10-14 23:33:28.124  5125  5125 I HBD     : a currentState : 0 
10-14 23:33:28.125 15513 15537 E IMGMapper: set:488 set: Unset optional value from type SMPTE2086
10-14 23:33:28.125 15513 15537 E IMGMapper: set:488 set: Unset optional value from type CTA861_3
10-14 23:33:28.125  5125  5125 I HBD     : a [UpdatePolicy] [post] a: 0 cl: 3276809 kit: [0/0] vt: 0 ir: 1 
10-14 23:33:28.125  5125  5125 I HBD     : a [NRIC] resetNoResponseState 
10-14 23:33:28.125  5125  5125 I HBD     : b update cached prediction status : true 
10-14 23:33:28.126  5125  5125 I HBD     : HoneyBoardService [PF_OP][onStartInput]  5 ms 
10-14 23:33:28.130  5125  5125 I HBD     : HoneyBoardService onKeyUp r:d38f5a4c consumed:false 3 
10-14 23:33:28.131 15513 15513 I ViewRootImpl@ff8fc75[MainActivity]: ViewPostIme key 1
10-14 23:33:28.132  1483  4870 D InputDispatcher: Inject key (15686/2000): action=0, f=0x0, d=-1, time=2226599785270239
10-14 23:33:28.132  1483  4870 D WindowManager: interceptKeyTq interceptKeyResult=1
10-14 23:33:28.132  1483  1796 I InputDispatcher: Delivering key to (15513): action: 0x0 (0), f=0x0, m=0x0, d=0, '648df2c'
10-14 23:33:28.133  5125  5125 I HBD     : b skip onKeyDown as physical keyboard not connected 
10-14 23:33:28.133  5125  5125 I HBD     : HoneyBoardService onKeyDown r:79382974 consumed:false 0 
10-14 23:33:28.134 15513 15513 I ViewRootImpl@ff8fc75[MainActivity]: ViewPostIme key 0
10-14 23:33:28.140  1483  4870 D InputDispatcher: Inject key (15686/2000): action=1, f=0x0, d=-1, time=2226599785270239
10-14 23:33:28.140  1483  4870 D WindowManager: interceptKeyTq interceptKeyResult=1
10-14 23:33:28.141  1483  1796 I InputDispatcher: Delivering key to (15513): action: 0x1 (0), f=0x0, m=0x0, d=0, '648df2c'
10-14 23:33:28.147 15513 15537 E IMGMapper: set:488 set: Unset optional value from type SMPTE2086
10-14 23:33:28.147 15513 15537 E IMGMapper: set:488 set: Unset optional value from type CTA861_3
10-14 23:33:28.154  5125  5125 I HBD     : HoneyBoardService onKeyUp r:c64a117f consumed:false 1 
10-14 23:33:28.155 15513 15513 I ViewRootImpl@ff8fc75[MainActivity]: ViewPostIme key 1
10-14 23:33:28.156  1483  4870 D InputDispatcher: Inject key (15686/2000): action=0, f=0x0, d=-1, time=2226599785270239
10-14 23:33:28.156  1483  4870 D WindowManager: interceptKeyTq interceptKeyResult=1
10-14 23:33:28.156  1483  1796 I InputDispatcher: Delivering key to (15513): action: 0x0 (0), f=0x0, m=0x0, d=0, '648df2c'
10-14 23:33:28.157  5125  5125 I HBD     : b skip onKeyDown as physical keyboard not connected 
10-14 23:33:28.158  5125  5125 I HBD     : HoneyBoardService onKeyDown r:8e578f59 consumed:false 0 
10-14 23:33:28.158 15513 15513 I ViewRootImpl@ff8fc75[MainActivity]: ViewPostIme key 0
10-14 23:33:28.164  1483  4870 D InputDispatcher: Inject key (15686/2000): action=1, f=0x0, d=-1, time=2226599785270239
10-14 23:33:28.165  1483  4870 D WindowManager: interceptKeyTq interceptKeyResult=1
10-14 23:33:28.165  1483  1796 I InputDispatcher: Delivering key to (15513): action: 0x1 (0), f=0x0, m=0x0, d=0, '648df2c'
10-14 23:33:28.172  5125  5125 I HBD     : HoneyBoardService onKeyUp r:fa8d1832 consumed:false 0 
10-14 23:33:28.173 15513 15513 I ViewRootImpl@ff8fc75[MainActivity]: ViewPostIme key 1
10-14 23:33:28.174  1483  4870 D InputDispatcher: Inject key (15686/2000): action=0, f=0x0, d=-1, time=2226599785270239
10-14 23:33:28.174  1483  4870 D WindowManager: interceptKeyTq interceptKeyResult=1
10-14 23:33:28.175  1483  1796 I InputDispatcher: Delivering key to (15513): action: 0x0 (0), f=0x0, m=0x0, d=0, '648df2c'
10-14 23:33:28.175  5125  5125 I HBD     : b skip onKeyDown as physical keyboard not connected 
10-14 23:33:28.176 15513 15537 E IMGMapper: set:488 set: Unset optional value from type SMPTE2086
10-14 23:33:28.176 15513 15537 E IMGMapper: set:488 set: Unset optional value from type CTA861_3
10-14 23:33:28.176  5125  5125 I HBD     : HoneyBoardService onKeyDown r:2b3f3e38 consumed:false 1 
10-14 23:33:28.177 15513 15513 I ViewRootImpl@ff8fc75[MainActivity]: ViewPostIme key 0
10-14 23:33:28.184  1483  4870 D InputDispatcher: Inject key (15686/2000): action=1, f=0x0, d=-1, time=2226599785270239
10-14 23:33:28.184  1483  4870 D WindowManager: interceptKeyTq interceptKeyResult=1
10-14 23:33:28.185  1483  1796 I InputDispatcher: Delivering key to (15513): action: 0x1 (0), f=0x0, m=0x0, d=0, '648df2c'
10-14 23:33:28.197  5125  5125 I HBD     : HoneyBoardService onKeyUp r:2344709e consumed:false 0 
10-14 23:33:28.198 15513 15513 I ViewRootImpl@ff8fc75[MainActivity]: ViewPostIme key 1
10-14 23:33:28.200 15513 15537 E IMGMapper: set:488 set: Unset optional value from type SMPTE2086
10-14 23:33:28.200 15513 15537 E IMGMapper: set:488 set: Unset optional value from type CTA861_3
10-14 23:33:28.236 15513 15547 I ReactNativeJS: 'RENDER_DASHBOARD count=', 2
10-14 23:33:28.244  1483  2471 D NetdEventListenerService: DNS Requested by : 416, 11011
10-14 23:33:28.245 14566 14607 D TrafficStats: tagSocket(6) with statsTag=0xffffffff, statsUid=-1
10-14 23:33:28.304 15513 15547 I ReactNativeJS: 'RENDER_DASHBOARD count=', 3
10-14 23:33:28.313 15513 15537 E IMGMapper: set:488 set: Unset optional value from type SMPTE2086
10-14 23:33:28.313 15513 15537 E IMGMapper: set:488 set: Unset optional value from type CTA861_3
10-14 23:33:28.390 15513 15537 E IMGMapper: set:488 set: Unset optional value from type SMPTE2086
10-14 23:33:28.390 15513 15537 E IMGMapper: set:488 set: Unset optional value from type CTA861_3
10-14 23:33:28.443  2521  2618 D MobileStatusTracker(0/2): onSignalStrengthsChanged level=4, vendorLevel=3
10-14 23:33:28.444  2521  2618 D MobileSignalController(0/2): notifyListener: enabled=true, connected=true, dataConnected=true, networkType=LTE (4G), emergencyOnly=false, roaming=false, isDefault=false, dataActivity=, level=3, ca=false, mmWave=false, disabledDataIcon=false, simCard=ETC
10-14 23:33:28.446  2521  2618 D NetworkController: SignalStrength from intent slotId=0
10-14 23:33:28.511 15513 15693 D skia    : SkJpegCodec::onGetPixels +
10-14 23:33:28.525 15513 15693 D skia    : SkJpegCodec::onGetPixels -
10-14 23:33:28.540 15513 15537 E IMGMapper: set:488 set: Unset optional value from type SMPTE2086
10-14 23:33:28.540 15513 15537 E IMGMapper: set:488 set: Unset optional value from type CTA861_3
10-14 23:33:28.563 15513 15537 E IMGMapper: set:488 set: Unset optional value from type SMPTE2086
10-14 23:33:28.563 15513 15537 E IMGMapper: set:488 set: Unset optional value from type CTA861_3
10-14 23:33:28.575 15513 15537 E IMGMapper: set:488 set: Unset optional value from type SMPTE2086
10-14 23:33:28.575 15513 15537 E IMGMapper: set:488 set: Unset optional value from type CTA861_3
10-14 23:33:28.590 15513 15537 E IMGMapper: set:488 set: Unset optional value from type SMPTE2086
10-14 23:33:28.590 15513 15537 E IMGMapper: set:488 set: Unset optional value from type CTA861_3
10-14 23:33:28.607 15513 15537 E IMGMapper: set:488 set: Unset optional value from type SMPTE2086
10-14 23:33:28.607 15513 15537 E IMGMapper: set:488 set: Unset optional value from type CTA861_3
10-14 23:33:28.612 15513 15694 D skia    : SkJpegCodec::onGetPixels +
10-14 23:33:28.624 15513 15537 E IMGMapper: set:488 set: Unset optional value from type SMPTE2086
10-14 23:33:28.624 15513 15537 E IMGMapper: set:488 set: Unset optional value from type CTA861_3
10-14 23:33:28.628 15513 15694 D skia    : SkJpegCodec::onGetPixels -
10-14 23:33:28.641 15513 15537 E IMGMapper: set:488 set: Unset optional value from type SMPTE2086
10-14 23:33:28.641 15513 15537 E IMGMapper: set:488 set: Unset optional value from type CTA861_3
10-14 23:33:28.652 15513 15695 D skia    : SkJpegCodec::onGetPixels +
10-14 23:33:28.655 15513 15614 D skia    : SkJpegCodec::onGetPixels +
10-14 23:33:28.659 15513 15537 E IMGMapper: set:488 set: Unset optional value from type SMPTE2086
10-14 23:33:28.659 15513 15537 E IMGMapper: set:488 set: Unset optional value from type CTA861_3
10-14 23:33:28.667 15513 15695 D skia    : SkJpegCodec::onGetPixels -
10-14 23:33:28.672 15513 15614 D skia    : SkJpegCodec::onGetPixels -
10-14 23:33:28.680 15513 15537 E IMGMapper: set:488 set: Unset optional value from type SMPTE2086
10-14 23:33:28.680 15513 15537 E IMGMapper: set:488 set: Unset optional value from type CTA861_3
10-14 23:33:28.691 15513 15537 E IMGMapper: set:488 set: Unset optional value from type SMPTE2086
10-14 23:33:28.691 15513 15537 E IMGMapper: set:488 set: Unset optional value from type CTA861_3
10-14 23:33:28.712 15513 15537 E IMGMapper: set:488 set: Unset optional value from type SMPTE2086
10-14 23:33:28.712 15513 15537 E IMGMapper: set:488 set: Unset optional value from type CTA861_3
10-14 23:33:28.728 15513 15537 E IMGMapper: set:488 set: Unset optional value from type SMPTE2086
10-14 23:33:28.729 15513 15537 E IMGMapper: set:488 set: Unset optional value from type CTA861_3
10-14 23:33:28.741 15513 15537 E IMGMapper: set:488 set: Unset optional value from type SMPTE2086
10-14 23:33:28.741 15513 15537 E IMGMapper: set:488 set: Unset optional value from type CTA861_3
10-14 23:33:28.757 15513 15537 E IMGMapper: set:488 set: Unset optional value from type SMPTE2086
10-14 23:33:28.758 15513 15537 E IMGMapper: set:488 set: Unset optional value from type CTA861_3
10-14 23:33:28.774 15513 15537 E IMGMapper: set:488 set: Unset optional value from type SMPTE2086
10-14 23:33:28.774 15513 15537 E IMGMapper: set:488 set: Unset optional value from type CTA861_3
10-14 23:33:28.791 15513 15537 E IMGMapper: set:488 set: Unset optional value from type SMPTE2086
10-14 23:33:28.791 15513 15537 E IMGMapper: set:488 set: Unset optional value from type CTA861_3
10-14 23:33:28.807 15513 15537 E IMGMapper: set:488 set: Unset optional value from type SMPTE2086
10-14 23:33:28.807 15513 15537 E IMGMapper: set:488 set: Unset optional value from type CTA861_3
10-14 23:33:28.824 15513 15537 E IMGMapper: set:488 set: Unset optional value from type SMPTE2086
10-14 23:33:28.824 15513 15537 E IMGMapper: set:488 set: Unset optional value from type CTA861_3
10-14 23:33:28.838  1205  1205 I thermal_repeater: socket -1
10-14 23:33:28.841 15513 15537 E IMGMapper: set:488 set: Unset optional value from type SMPTE2086
10-14 23:33:28.841 15513 15537 E IMGMapper: set:488 set: Unset optional value from type CTA861_3
10-14 23:33:28.858 15513 15537 E IMGMapper: set:488 set: Unset optional value from type SMPTE2086
10-14 23:33:28.858 15513 15537 E IMGMapper: set:488 set: Unset optional value from type CTA861_3
10-14 23:33:28.874 15513 15537 E IMGMapper: set:488 set: Unset optional value from type SMPTE2086
10-14 23:33:28.874 15513 15537 E IMGMapper: set:488 set: Unset optional value from type CTA861_3
10-14 23:33:28.891 15513 15537 E IMGMapper: set:488 set: Unset optional value from type SMPTE2086
10-14 23:33:28.891 15513 15537 E IMGMapper: set:488 set: Unset optional value from type CTA861_3
10-14 23:33:28.907 15513 15537 E IMGMapper: set:488 set: Unset optional value from type SMPTE2086
10-14 23:33:28.907 15513 15537 E IMGMapper: set:488 set: Unset optional value from type CTA861_3
10-14 23:33:28.911  2521  2618 D MobileStatusTracker(1/1): onSignalStrengthsChanged level=4, vendorLevel=4
10-14 23:33:28.912  2521  2618 D MobileSignalController(1/1): notifyListener: enabled=true, connected=true, dataConnected=false, networkType=UMTS (3G), emergencyOnly=true, roaming=false, isDefault=false, dataActivity=, level=4, ca=false, mmWave=false, disabledDataIcon=false, simCard=ETC
10-14 23:33:28.913  2521  2618 D NetworkController: SignalStrength from intent slotId=1
10-14 23:33:28.924 15513 15537 E IMGMapper: set:488 set: Unset optional value from type SMPTE2086
10-14 23:33:28.924 15513 15537 E IMGMapper: set:488 set: Unset optional value from type CTA861_3
10-14 23:33:28.940 15513 15537 E IMGMapper: set:488 set: Unset optional value from type SMPTE2086
10-14 23:33:28.940 15513 15537 E IMGMapper: set:488 set: Unset optional value from type CTA861_3
10-14 23:33:28.957 15513 15537 E IMGMapper: set:488 set: Unset optional value from type SMPTE2086
10-14 23:33:28.957 15513 15537 E IMGMapper: set:488 set: Unset optional value from type CTA861_3
10-14 23:33:28.974 15513 15537 E IMGMapper: set:488 set: Unset optional value from type SMPTE2086
10-14 23:33:28.974 15513 15537 E IMGMapper: set:488 set: Unset optional value from type CTA861_3
10-14 23:33:28.991 15513 15537 E IMGMapper: set:488 set: Unset optional value from type SMPTE2086
10-14 23:33:28.991 15513 15537 E IMGMapper: set:488 set: Unset optional value from type CTA861_3
10-14 23:33:29.007 15513 15537 E IMGMapper: set:488 set: Unset optional value from type SMPTE2086
10-14 23:33:29.007 15513 15537 E IMGMapper: set:488 set: Unset optional value from type CTA861_3
10-14 23:33:29.022 15513 15537 E IMGMapper: set:488 set: Unset optional value from type SMPTE2086
10-14 23:33:29.023 15513 15537 E IMGMapper: set:488 set: Unset optional value from type CTA861_3
10-14 23:33:29.260  1483  4870 D InputDispatcher: Inject key (15699/2000): action=0, f=0x0, d=-1, time=2226601068000000
10-14 23:33:29.260  1483  4870 D WindowManager: interceptKeyTq interceptKeyResult=1
10-14 23:33:29.260  1483  1796 D PowerManagerService: [api] userActivityFromNative :  (event: 1 flags: 0 displayId: 0) eventTime = 2226601068
10-14 23:33:29.261  1483  1796 I InputDispatcher: Delivering key to (15513): action: 0x0 (0), f=0x0, m=0x0, d=0, '648df2c'
10-14 23:33:29.261  5125  5125 I HBD     : b skip onKeyDown as physical keyboard not connected 
10-14 23:33:29.262  2521  2521 D KeyguardSecIndicationPolicy:  remove Item pos = DEFAULT                             , id =  9362, 
10-14 23:33:29.263  5125  5125 I HBD     : HoneyBoardService onKeyDown r:3751f851 consumed:false 1 
10-14 23:33:29.263 15513 15513 I ViewRootImpl@ff8fc75[MainActivity]: ViewPostIme key 0
10-14 23:33:29.264  2521  2521 D KeyguardSecIndicationPolicy:   update top pos = DEFAULT, item = [id=9362|ty=BATTERY|pr=40|txt=  92%|ti=duration=3000|an=false] -> [id=9360|ty=UNLOCK_GUIDE|pr=25|txt=Deslize para desbloquear|ti=duration=PERSISTENT|an=false]
10-14 23:33:29.264  2521  2521 D KeyguardSecIndicationController: onIndicationChanged() return - keyguard is not visible, pos = DEFAULT, item = [id=9360|ty=UNLOCK_GUIDE|pr=25|txt=Deslize para desbloquear|ti=duration=PERSISTENT|an=false]
10-14 23:33:29.268 15513 15513 I IMM_LC  : hsifw() - flag : 0
10-14 23:33:29.268 15513 15513 I IMM_LC  : hsifw() - mService.hideSoftInput
10-14 23:33:29.268  1483  2600 D InputMethodManagerService: hideSoftInput
10-14 23:33:29.268  1483  2600 V InputMethodManagerService: Client requesting input be hidden
10-14 23:33:29.268  1483  2600 V InputMethodManagerService: hideCurrentInputLocked : canceled, shouldHideSoftInput=false, mInputShown=false, mImeWindowVis=0
10-14 23:33:29.268  1483  2600 I InputMethodBindingController: setCurrentMethodNotVisible: mVisibleBound=false, mHasConnection=true, caller = com.android.server.inputmethod.InputMethodManagerService.hideCurrentInputLocked:4356 com.android.server.inputmethod.InputMethodManagerService.hideSoftInput:4294 com.android.internal.view.IInputMethodManager$Stub.onTransact:488 com.android.server.inputmethod.InputMethodManagerService.onTransact:2302 android.os.Binder.execTransactInternal:1316 android.os.Binder.execTransact:1280 <bottom of call stack> <bottom of call stack> <bottom of call stack> <bottom of call stack> 
10-14 23:33:29.269  1483  4870 D InputDispatcher: Inject key (15699/2000): action=1, f=0x0, d=-1, time=2226601068000000
10-14 23:33:29.269  1483  4870 D WindowManager: interceptKeyTq interceptKeyResult=1
10-14 23:33:29.269  1483  1796 I InputDispatcher: Delivering key to (15513): action: 0x1 (0), f=0x0, m=0x0, d=0, '648df2c'
10-14 23:33:29.273  5125  5125 I HBD     : HoneyBoardService onKeyUp r:e9e8e0fb consumed:false 1 
10-14 23:33:29.273 15513 15513 I ViewRootImpl@ff8fc75[MainActivity]: ViewPostIme key 1
10-14 23:33:29.274 15513 15513 I IMM_LC  : hsifw() - flag : 0
10-14 23:33:29.274 15513 15513 I IMM_LC  : hsifw() - mService.hideSoftInput
10-14 23:33:29.274  1483  2600 D InputMethodManagerService: hideSoftInput
10-14 23:33:29.275  1483  2600 V InputMethodManagerService: Client requesting input be hidden
10-14 23:33:29.275  1483  2600 V InputMethodManagerService: hideCurrentInputLocked : canceled, shouldHideSoftInput=false, mInputShown=false, mImeWindowVis=0
10-14 23:33:29.275  1483  2600 I InputMethodBindingController: setCurrentMethodNotVisible: mVisibleBound=false, mHasConnection=true, caller = com.android.server.inputmethod.InputMethodManagerService.hideCurrentInputLocked:4356 com.android.server.inputmethod.InputMethodManagerService.hideSoftInput:4294 com.android.internal.view.IInputMethodManager$Stub.onTransact:488 com.android.server.inputmethod.InputMethodManagerService.onTransact:2302 android.os.Binder.execTransactInternal:1316 android.os.Binder.execTransact:1280 <bottom of call stack> <bottom of call stack> <bottom of call stack> <bottom of call stack> 
10-14 23:33:29.276 15513 15537 E IMGMapper: set:488 set: Unset optional value from type SMPTE2086
10-14 23:33:29.276 15513 15537 E IMGMapper: set:488 set: Unset optional value from type CTA861_3
10-14 23:33:29.283  1039  1039 I BufferQueueProducer: [com.cinemamovel/com.cinemamovel.MainActivity$_15513#446665](this:0xb400007a262a8838,id:-1,api:0,p:-1,c:1039) queueBuffer: fps=31.81 dur=1163.25 max=249.64 min=15.31
10-14 23:33:29.284   991  1074 I hwcomposer: [HWCDisplay] [Display_0 (type:1)] fps:31.812620,dur:1163.06,max:249.92,min:15.83  
10-14 23:33:29.447  2486  2486 I WifiHAL : Get link layer stats
10-14 23:33:29.447  2486  2486 I WifiHAL : GetLinkStatsCommand::create
10-14 23:33:29.447  2486  2486 D android.hardware.wifi@1.0-service-lazy: WifiRequest::create vendor command to iface 38, vendor_id=0x1a11, subcmd=0x1200, res=0
10-14 23:33:29.447  2486  2486 I android.hardware.wifi@1.0-service-lazy: WifiCommand::requestResponse err=-95
10-14 23:33:29.447  2486  2486 I WifiHAL : wifi_get_link_stats: result=-3
10-14 23:33:29.448  1483  2363 E WifiVendorHal: getWifiLinkLayerStats_1_5_Internal(l.1179) failed {.code = ERROR_NOT_SUPPORTED, .description = }
10-14 23:33:29.451  1483  3390 D SemWifiUsabilityStatsMonitor: onWifiUsabilityStats - seqNum 476715, isSameBssidAndFreq true
10-14 23:33:29.452  1483  2437 I SemWifiLinkQualityMonitor: Link Qos query: inf. ms / 0 Mbps
10-14 23:33:29.705   543   543 D io_stats: !@ 179,0 r 401901099 4901587522 w 69549253 732348464 d 1257423 33782120 f 0 0 iot 199563060 0 th 0 0 0 pt 0 inp 0 0 2226601.514
10-14 23:33:29.723  2521  2618 D MobileStatusTracker(0/2): onSignalStrengthsChanged level=4, vendorLevel=3
10-14 23:33:29.725  2521  2618 D MobileSignalController(0/2): notifyListener: enabled=true, connected=true, dataConnected=true, networkType=LTE (4G), emergencyOnly=false, roaming=false, isDefault=false, dataActivity=, level=3, ca=false, mmWave=false, disabledDataIcon=false, simCard=ETC
10-14 23:33:29.725  2521  2618 D NetworkController: SignalStrength from intent slotId=0
10-14 23:33:29.788 15513 15537 E IMGMapper: set:488 set: Unset optional value from type SMPTE2086
10-14 23:33:29.788 15513 15537 E IMGMapper: set:488 set: Unset optional value from type CTA861_3
10-14 23:33:29.901  1483  1583 D PowerManagerService: UserActivityStateListenerState: 0
10-14 23:33:30.266  1483  2471 D NetdEventListenerService: DNS Requested by : 416, 11011
10-14 23:33:30.267 14566 14607 D TrafficStats: tagSocket(6) with statsTag=0xffffffff, statsUid=-1
10-14 23:33:30.288 15513 15537 E IMGMapper: set:488 set: Unset optional value from type SMPTE2086
10-14 23:33:30.288 15513 15537 E IMGMapper: set:488 set: Unset optional value from type CTA861_3
10-14 23:33:30.298  1039  1039 I BufferQueueProducer: [com.cinemamovel/com.cinemamovel.MainActivity$_15513#446665](this:0xb400007a262a8838,id:-1,api:0,p:-1,c:1039) queueBuffer: fps=1.97 dur=1015.21 max=515.92 min=499.28
10-14 23:33:30.299   991  1074 I hwcomposer: [HWCDisplay] [Display_0 (type:1)] fps:1.969984,dur:1015.24,max:515.92,min:499.32  
10-14 23:33:30.485  1483  2457 D WifiConnectivityMonitor.NetworkStatsAnalyzer: Backhaul result - RSSI:-41, CE:10, PE:11, TI:16, PTI:21, TW:2, PTW:1, Tx:237, Rx:515, TxS:235, RxS:475, RESULT:true, IC:0, ICT:5, WC:0, WCT:5, R:20, RC:0, IE:0, EC:0
10-14 23:33:30.787 15513 15537 E IMGMapper: set:488 set: Unset optional value from type SMPTE2086
10-14 23:33:30.787 15513 15537 E IMGMapper: set:488 set: Unset optional value from type CTA861_3
10-14 23:33:31.224  2521  2521 D SecPowerUI.Notification: showChargingNotice oldChargingType : 11 / currentChargingType : 11, oldChargingTime : 0 / mChargingTime : 0
10-14 23:33:31.224  2521  2521 D SecPowerUI.Notification: There is no change about charging status, so return!
10-14 23:33:31.287 15513 15537 E IMGMapper: set:488 set: Unset optional value from type SMPTE2086
10-14 23:33:31.287 15513 15537 E IMGMapper: set:488 set: Unset optional value from type CTA861_3
10-14 23:33:31.337  1483  4870 D InputDispatcher: Inject motion (15706/2000): action=0x0, time=2226603145000000, f=0x0, d=0 dsdx=1.000000 dtdx=0.000000
10-14 23:33:31.338  1483  1796 I InputDispatcher: Delivering touch to (2521): action: 0x4, f=0x0, d=0, 'a9cce9e', t=1 
10-14 23:33:31.338  1483  1796 I InputDispatcher: Delivering touch to (15513): action: 0x0, f=0x0, d=0, '648df2c', t=1 
10-14 23:33:31.338  1483  1796 D PowerManagerService: [api] userActivityFromNative :  (event: 2 flags: 0 displayId: 0) eventTime = 2226603145
10-14 23:33:31.338  1483  1528 I GestureDetector: obtain mCurrentDownEvent. id: -659934065 caller: com.android.server.wm.SystemGesturesPointerEventListener.onPointerEvent:203 com.android.server.wm.PointerEventDispatcher.onInputEvent:53 android.view.InputEventReceiver.dispatchInputEvent:285 
10-14 23:33:31.339  1483  1796 D PowerManagerService: UserActivityStateListenerState: 1
10-14 23:33:31.339  1483  1528 I GestureDetector: obtain mCurrentDownEvent. id: -659934065 caller: com.android.server.wm.SystemPerformancePointerEventListener.onPointerEvent:89 com.android.server.wm.PointerEventDispatcher.onInputEvent:53 android.view.InputEventReceiver.dispatchInputEvent:285 
10-14 23:33:31.340 15513 15513 I ViewRootImpl@ff8fc75[MainActivity]: ViewPostIme pointer 0
10-14 23:33:31.355  1483  4870 D InputDispatcher: Inject motion (15706/2000): action=0x1, time=2226603145000000, f=0x0, d=0 dsdx=1.000000 dtdx=0.000000
10-14 23:33:31.356  1483  1796 I InputDispatcher: Delivering touch to (15513): action: 0x1, f=0x0, d=0, '648df2c', t=1 
10-14 23:33:31.356  1483  1528 I GestureDetector: obtain mCurrentMotionEventRaw. action: 1 id: -594092982
10-14 23:33:31.356 15513 15513 I ViewRootImpl@ff8fc75[MainActivity]: ViewPostIme pointer 1
10-14 23:33:31.357  1483  1528 I GestureDetector: obtain mCurrentMotionEventRaw. action: 1 id: -594092982
10-14 23:33:31.631  9665 11919 E AuthPII : [RequestTokenManager] getToken() -> BAD_AUTHENTICATION. App: com.google.android.apps.docs.editors.docs, Service: oauth2:https://www.googleapis.com/auth/drive https://www.googleapis.com/auth/drive.file https://www.googleapis.com/auth/drive.metadata.readonly https://www.googleapis.com/auth/drive.readonly https://docs.google.com/feeds https://docs.googleusercontent.com https://spreadsheets.google.com/feeds https://www.googleapis.com/auth/activity https://www.googleapis.com/auth/cloudprint https://www.googleapis.com/auth/discussions https://www.googleapis.com/auth/docs https://www.googleapis.com/auth/drive.apps https://www.googleapis.com/auth/drive.categories.readonly https://www.googleapis.com/auth/memento https://www.googleapis.com/auth/notifications https://www.googleapis.com/auth/spreadsheets https://www.googleapis.com/auth/vouchers https://www.googleapis.com/auth/gmail.readonly https://www.googleapis.com/auth/subscriptions https://www.googleapis.com/auth/peopleapi.readonly https://www.googleapis.com/auth/peopleapi.readwrite https://www.googleapis.com/auth/photos.image.readonly
10-14 23:33:31.631  9665 11919 E AuthPII : bbak: Long live credential not available.
10-14 23:33:31.631  9665 11919 E AuthPII : 	at adzu.a(:com.google.android.gms@253931029@25.39.31 (190400-813878953):1253)
10-14 23:33:31.631  9665 11919 E AuthPII : 	at aeaa.b(:com.google.android.gms@253931029@25.39.31 (190400-813878953):30)
10-14 23:33:31.631  9665 11919 E AuthPII : 	at adzy.a(:com.google.android.gms@253931029@25.39.31 (190400-813878953):541)
10-14 23:33:31.631  9665 11919 E AuthPII : 	at adzx.b(:com.google.android.gms@253931029@25.39.31 (190400-813878953):119)
10-14 23:33:31.631  9665 11919 E AuthPII : 	at xlo.d(:com.google.android.gms@253931029@25.39.31 (190400-813878953):622)
10-14 23:33:31.631  9665 11919 E AuthPII : 	at adte.getAuthToken(:com.google.android.gms@253931029@25.39.31 (190400-813878953):412)
10-14 23:33:31.631  9665 11919 E AuthPII : 	at android.accounts.AbstractAccountAuthenticator$Transport.getAuthToken(AbstractAccountAuthenticator.java:246)
10-14 23:33:31.631  9665 11919 E AuthPII : 	at android.accounts.IAccountAuthenticator$Stub.onTransact(IAccountAuthenticator.java:242)
10-14 23:33:31.631  9665 11919 E AuthPII : 	at android.os.Binder.transact(Binder.java:1200)
10-14 23:33:31.631  9665 11919 E AuthPII : 	at cdne.onTransact(:com.google.android.gms@253931029@25.39.31 (190400-813878953):10)
10-14 23:33:31.631  9665 11919 E AuthPII : 	at android.os.Binder.transact(Binder.java:1200)
10-14 23:33:31.631  9665 11919 E AuthPII : 	at bszb.onTransact(:com.google.android.gms@253931029@25.39.31 (190400-813878953):161)
10-14 23:33:31.631  9665 11919 E AuthPII : 	at android.os.Binder.execTransactInternal(Binder.java:1321)
10-14 23:33:31.631  9665 11919 E AuthPII : 	at android.os.Binder.execTransact(Binder.java:1280)
10-14 23:33:31.631  9665 11919 E AuthPII : Message is Long live credential not available.
10-14 23:33:31.631  9665 11919 E AuthPII : bbak: Long live credential not available.
10-14 23:33:31.631  9665 11919 E AuthPII : 	at adzu.a(:com.google.android.gms@253931029@25.39.31 (190400-813878953):1253)
10-14 23:33:31.631  9665 11919 E AuthPII : 	at aeaa.b(:com.google.android.gms@253931029@25.39.31 (190400-813878953):30)
10-14 23:33:31.631  9665 11919 E AuthPII : 	at adzy.a(:com.google.android.gms@253931029@25.39.31 (190400-813878953):541)
10-14 23:33:31.631  9665 11919 E AuthPII : 	at adzx.b(:com.google.android.gms@253931029@25.39.31 (190400-813878953):119)
10-14 23:33:31.631  9665 11919 E AuthPII : 	at xlo.d(:com.google.android.gms@253931029@25.39.31 (190400-813878953):622)
10-14 23:33:31.631  9665 11919 E AuthPII : 	at adte.getAuthToken(:com.google.android.gms@253931029@25.39.31 (190400-813878953):412)
10-14 23:33:31.631  9665 11919 E AuthPII : 	at android.accounts.AbstractAccountAuthenticator$Transport.getAuthToken(AbstractAccountAuthenticator.java:246)
10-14 23:33:31.631  9665 11919 E AuthPII : 	at android.accounts.IAccountAuthenticator$Stub.onTransact(IAccountAuthenticator.java:242)
10-14 23:33:31.631  9665 11919 E AuthPII : 	at android.os.Binder.transact(Binder.java:1200)
10-14 23:33:31.631  9665 11919 E AuthPII : 	at cdne.onTransact(:com.google.android.gms@253931029@25.39.31 (190400-813878953):10)
10-14 23:33:31.631  9665 11919 E AuthPII : 	at android.os.Binder.transact(Binder.java:1200)
10-14 23:33:31.631  9665 11919 E AuthPII : 	at bszb.onTransact(:com.google.android.gms@253931029@25.39.31 (190400-813878953):161)
10-14 23:33:31.631  9665 11919 E AuthPII : 	at android.os.Binder.execTransactInternal(Binder.java:1321)
10-14 23:33:31.631  9665 11919 E AuthPII : 	at android.os.Binder.execTransact(Binder.java:1280)
10-14 23:33:31.638  1483  1528 I GestureDetector: handleMessage TAP
10-14 23:33:31.639  1483  1483 I GestureDetector: handleMessage TAP
10-14 23:33:31.662  9665 11919 I Auth    : (REDACTED) [GetToken] GetToken failed for app=%s with userRecoverable status: %s 
10-14 23:33:31.664  9665 11919 W Auth    : [ChimeraGetToken] exception while trying to fetch auth tokens for app=com.google.android.gms, scope=oauth2:https://www.googleapis.com/auth/drive https://www.googleapis.com/auth/drive.file https://www.googleapis.com/auth/drive.metadata.readonly https://www.googleapis.com/auth/drive.readonly https://docs.google.com/feeds https://docs.googleusercontent.com https://spreadsheets.google.com/feeds https://www.googleapis.com/auth/activity https://www.googleapis.com/auth/cloudprint https://www.googleapis.com/auth/discussions https://www.googleapis.com/auth/docs https://www.googleapis.com/auth/drive.apps https://www.googleapis.com/auth/drive.categories.readonly https://www.googleapis.com/auth/memento https://www.googleapis.com/auth/notifications https://www.googleapis.com/auth/spreadsheets https://www.googleapis.com/auth/vouchers https://www.googleapis.com/auth/gmail.readonly https://www.googleapis.com/auth/subscriptions https://www.googleapis.com/auth/peopleapi.readonly https://www.googleapis.com/auth/peopleapi.readwrite https://www.googleapis.com/auth/photos.image.readonly
10-14 23:33:31.664  9665 11919 W Auth    : [CONTEXT service_id=153 ]
10-14 23:33:31.664  9665 11919 W Auth    : adzt: GetToken failed with status code and recovery intent: BadAuthentication
10-14 23:33:31.664  9665 11919 W Auth    : 	at adzx.b(:com.google.android.gms@253931029@25.39.31 (190400-813878953):308)
10-14 23:33:31.664  9665 11919 W Auth    : 	at xlo.d(:com.google.android.gms@253931029@25.39.31 (190400-813878953):622)
10-14 23:33:31.664  9665 11919 W Auth    : 	at adte.getAuthToken(:com.google.android.gms@253931029@25.39.31 (190400-813878953):412)
10-14 23:33:31.664  9665 11919 W Auth    : 	at android.accounts.AbstractAccountAuthenticator$Transport.getAuthToken(AbstractAccountAuthenticator.java:246)
10-14 23:33:31.664  9665 11919 W Auth    : 	at android.accounts.IAccountAuthenticator$Stub.onTransact(IAccountAuthenticator.java:242)
10-14 23:33:31.664  9665 11919 W Auth    : 	at android.os.Binder.transact(Binder.java:1200)
10-14 23:33:31.664  9665 11919 W Auth    : 	at cdne.onTransact(:com.google.android.gms@253931029@25.39.31 (190400-813878953):10)
10-14 23:33:31.664  9665 11919 W Auth    : 	at android.os.Binder.transact(Binder.java:1200)
10-14 23:33:31.664  9665 11919 W Auth    : 	at bszb.onTransact(:com.google.android.gms@253931029@25.39.31 (190400-813878953):161)
10-14 23:33:31.664  9665 11919 W Auth    : 	at android.os.Binder.execTransactInternal(Binder.java:1321)
10-14 23:33:31.664  9665 11919 W Auth    : 	at android.os.Binder.execTransact(Binder.java:1280)
10-14 23:33:31.664  9665 11919 W GLSActivity: [GmsAccountAuthenticatorImpl] error status while fetching token:BadAuthentication
10-14 23:33:31.684 12254 14681 W HttpCallTransport: Auth error getting auth token for CelloHttpCall{method=POST, url=https://play.googleapis.com/log, tags=Suppliers.memoize(pkk@8ff8e9), hasRequestBody=true, acceptHttpResponseGzipEncoding=true, failOnNonHttpsUrl=false, failOnCleartextPermitted=false, contextRequestHeaders=Content-Length : 11466,Content-Type : ,Host : play.googleapis.com,User-Agent : Cakemix/1.25.411.01.90 (a03s TP1A.220624.014) Google.Docs/1.25.411.01.90 (OS=Android;OSVer=13;Manufacturer=samsung;Model=SM-A037M;SyncEngine=Cello) Mozilla/5.0 (Linux; U; Android 13; pt-br; SM-A037M Build/TP1A.220624.014) AppleWebKit/525.10+ (KHTML, like Gecko) Version/3.0.4 Mobile Safari/523.12.2,Accept-Encoding : gzip, additionalHeaders=}
10-14 23:33:31.684 12254 14681 W HttpCallTransport: android.accounts.AuthenticatorException: hvd
10-14 23:33:31.684 12254 14681 W HttpCallTransport: 	at gwy.a(PG:22)
10-14 23:33:31.684 12254 14681 W HttpCallTransport: 	at pll.a(PG:25)
10-14 23:33:31.684 12254 14681 W HttpCallTransport: 	at pln.b(PG:8)
10-14 23:33:31.684 12254 14681 W HttpCallTransport: 	at pln.a(PG:15)
10-14 23:33:31.684 12254 14681 W HttpCallTransport: 	at pgp$1.run(PG:621)
10-14 23:33:31.684 12254 14681 W HttpCallTransport: 	at java.util.concurrent.ThreadPoolExecutor.runWorker(ThreadPoolExecutor.java:1145)
10-14 23:33:31.684 12254 14681 W HttpCallTransport: 	at java.util.concurrent.ThreadPoolExecutor$Worker.run(ThreadPoolExecutor.java:644)
10-14 23:33:31.684 12254 14681 W HttpCallTransport: 	at java.lang.Thread.run(Thread.java:1012)
10-14 23:33:31.684 12254 14681 W HttpCallTransport: Caused by: hvd
10-14 23:33:31.684 12254 14681 W HttpCallTransport: 	at hus.a(PG:267)
10-14 23:33:31.684 12254 14681 W HttpCallTransport: 	at gwy.a(PG:14)
10-14 23:33:31.684 12254 14681 W HttpCallTransport: 	... 7 more
10-14 23:33:31.690 12254 12587 E Cello   : [12587:NonCelloThread] drive_v2_cloud_store.cc:6468:DumpToLog Request 0xb4000078175386c0: 0 transport: drive::ds::Status::CANCELLED reader: drive::ds::Status::SUCCESS url: https://play.googleapis.com/log
10-14 23:33:31.691 12254 12587 E Cello   : [12587:NonCelloThread] drive_v2_cloud_store.cc:6468:DumpToLog req.hdr 0xb4000078175386c0: Content-Type=
10-14 23:33:31.691 12254 12587 E Cello   : [12587:NonCelloThread] drive_v2_cloud_store.cc:6468:DumpToLog Response body 0xb4000078175386c0: (no response body)
10-14 23:33:31.691 12254 12590 E Cello   : [12590:MetricsTransportThread-CELLO] metrics_transport.cc:242:SendRequest Request failed: drive::ds::Status::CANCELLED
10-14 23:33:31.691 12254 12590 I Cello   : [12590:MetricsTransportThread-CELLO] metrics_transport.cc:469:ProcessRequestsOnBackgroundThread Metrics failed to send, drive::ds::Status::CANCELLED
10-14 23:33:31.706   543   543 D io_stats: !@ 179,0 r 401901113 4901587730 w 69549274 732348892 d 1257423 33782120 f 0 0 iot 199563076 0 th 0 0 0 pt 0 inp 0 0 2226603.515
10-14 23:33:31.793 15513 15537 E IMGMapper: set:488 set: Unset optional value from type SMPTE2086
10-14 23:33:31.793 15513 15537 E IMGMapper: set:488 set: Unset optional value from type CTA861_3
10-14 23:33:31.797  1039  1039 I BufferQueueProducer: [com.cinemamovel/com.cinemamovel.MainActivity$_15513#446665](this:0xb400007a262a8838,id:-1,api:0,p:-1,c:1039) queueBuffer: fps=2.00 dur=1498.79 max=499.82 min=499.37
10-14 23:33:31.800   991  1074 I hwcomposer: [HWCDisplay] [Display_0 (type:1)] fps:1.998857,dur:1500.86,max:502.12,min:499.14  
10-14 23:33:32.292  2521  2618 D MobileStatusTracker(0/2): onSignalStrengthsChanged level=4, vendorLevel=3
10-14 23:33:32.293 15513 15537 E IMGMapper: set:488 set: Unset optional value from type SMPTE2086
10-14 23:33:32.293 15513 15537 E IMGMapper: set:488 set: Unset optional value from type CTA861_3
10-14 23:33:32.298  2521  2618 D MobileSignalController(0/2): notifyListener: enabled=true, connected=true, dataConnected=true, networkType=LTE (4G), emergencyOnly=false, roaming=false, isDefault=false, dataActivity=, level=3, ca=false, mmWave=false, disabledDataIcon=false, simCard=ETC
10-14 23:33:32.298  2521  2618 D NetworkController: SignalStrength from intent slotId=0
10-14 23:33:32.307  1483  2471 D NetdEventListenerService: DNS Requested by : 416, 11011
10-14 23:33:32.308 14566 14607 D TrafficStats: tagSocket(6) with statsTag=0xffffffff, statsUid=-1
10-14 23:33:32.455  2486  2486 I WifiHAL : Get link layer stats
10-14 23:33:32.456  2486  2486 I WifiHAL : GetLinkStatsCommand::create
10-14 23:33:32.456  2486  2486 D android.hardware.wifi@1.0-service-lazy: WifiRequest::create vendor command to iface 38, vendor_id=0x1a11, subcmd=0x1200, res=0
10-14 23:33:32.456  2486  2486 I android.hardware.wifi@1.0-service-lazy: WifiCommand::requestResponse err=-95
10-14 23:33:32.456  2486  2486 I WifiHAL : wifi_get_link_stats: result=-3
10-14 23:33:32.458  1483  2363 E WifiVendorHal: getWifiLinkLayerStats_1_5_Internal(l.1179) failed {.code = ERROR_NOT_SUPPORTED, .description = }
10-14 23:33:32.466  1483  3390 D SemWifiUsabilityStatsMonitor: onWifiUsabilityStats - seqNum 476716, isSameBssidAndFreq true
10-14 23:33:32.470  1483  2437 I SemWifiLinkQualityMonitor: Link Qos query: inf. ms / 0 Mbps
10-14 23:33:32.471  2521  2521 D NetworkController.WifiSignalController: notifyListener: visible=true, connected=true, inetCondition=1, isDefault=true, wifiTestReported=true, receivedInetCondition=-1, hideDuringMobileSwitching=false
10-14 23:33:32.474  2521  2618 D Tile.WifiTile: handleUpdateState isTransient=false transientEnabling =false cb.isTransient=false state.state = 2 mStateBeforeClick.value =false enabled =true
10-14 23:33:32.492  2521  2605 E IMGMapper: set:488 set: Unset optional value from type SMPTE2086
10-14 23:33:32.492  2521  2605 E IMGMapper: set:488 set: Unset optional value from type CTA861_3
10-14 23:33:32.496  1039  1039 I BufferQueueProducer: [StatusBar$_2521#94](this:0xb400007a3dae1838,id:-1,api:0,p:-1,c:1039) queueBuffer: fps=0.80 dur=6226.20 max=5725.70 min=16.68
10-14 23:33:32.560 29387 29387 D BoundBrokerSvc: onUnbind: Intent { act=com.google.android.gms.backup.GMS_MODULE_RESTORE dat=chimera-action:/... cmp=com.google.android.gms/.chimera.GmsInternalBoundBrokerService }
10-14 23:33:32.795 15513 15537 E IMGMapper: set:488 set: Unset optional value from type SMPTE2086
10-14 23:33:32.796 15513 15537 E IMGMapper: set:488 set: Unset optional value from type CTA861_3
10-14 23:33:32.812  1039  1039 I BufferQueueProducer: [com.cinemamovel/com.cinemamovel.MainActivity$_15513#446665](this:0xb400007a262a8838,id:-1,api:0,p:-1,c:1039) queueBuffer: fps=1.97 dur=1015.40 max=516.15 min=499.25
10-14 23:33:32.816   991  1074 I hwcomposer: [HWCDisplay] [Display_0 (type:1)] fps:2.954988,dur:1015.23,max:514.43,min:184.28  
10-14 23:33:33.228   963   963 E audit   : type=1400 audit(1760495613.223:1088402): avc:  denied  { write } for  pid=9665 comm="ThreadPoolForeg" name="traced_producer" dev="tmpfs" ino=11170 scontext=u:r:gmscore_app:s0:c512,c768 tcontext=u:object_r:traced_producer_socket:s0 tclass=sock_file permissive=0 SEPF_SM-A037M_12_0001 unfiltered
10-14 23:33:33.294 15513 15537 E IMGMapper: set:488 set: Unset optional value from type SMPTE2086
10-14 23:33:33.295 15513 15537 E IMGMapper: set:488 set: Unset optional value from type CTA861_3
10-14 23:33:33.436  1483  4870 D InputDispatcher: Inject motion (15716/2000): action=0x0, time=2226605244000000, f=0x0, d=0 dsdx=1.000000 dtdx=0.000000
10-14 23:33:33.436  1483  1796 I InputDispatcher: Delivering touch to (2521): action: 0x4, f=0x0, d=0, 'a9cce9e', t=1 
10-14 23:33:33.437  1483  1796 I InputDispatcher: Delivering touch to (15513): action: 0x0, f=0x0, d=0, '648df2c', t=1 
10-14 23:33:33.437  1483  1796 D PowerManagerService: [api] userActivityFromNative :  (event: 2 flags: 0 displayId: 0) eventTime = 2226605244
10-14 23:33:33.438  1483  1528 I GestureDetector: obtain mCurrentDownEvent. id: -483387814 caller: com.android.server.wm.SystemGesturesPointerEventListener.onPointerEvent:203 com.android.server.wm.PointerEventDispatcher.onInputEvent:53 android.view.InputEventReceiver.dispatchInputEvent:285 
10-14 23:33:33.438  1483  1528 I GestureDetector: obtain mCurrentDownEvent. id: -483387814 caller: com.android.server.wm.SystemPerformancePointerEventListener.onPointerEvent:89 com.android.server.wm.PointerEventDispatcher.onInputEvent:53 android.view.InputEventReceiver.dispatchInputEvent:285 
10-14 23:33:33.440 15513 15513 I ViewRootImpl@ff8fc75[MainActivity]: ViewPostIme pointer 0
10-14 23:33:33.452  1483  4870 D InputDispatcher: Inject motion (15716/2000): action=0x1, time=2226605244000000, f=0x0, d=0 dsdx=1.000000 dtdx=0.000000
10-14 23:33:33.453  1483  1796 I InputDispatcher: Delivering touch to (15513): action: 0x1, f=0x0, d=0, '648df2c', t=1 
10-14 23:33:33.458 15513 15513 I ViewRootImpl@ff8fc75[MainActivity]: ViewPostIme pointer 1
10-14 23:33:33.459  1483  1528 I GestureDetector: obtain mCurrentMotionEventRaw. action: 1 id: -746170735
10-14 23:33:33.460  1483  1528 I GestureDetector: obtain mCurrentMotionEventRaw. action: 1 id: -746170735
10-14 23:33:33.477 15513 15537 E IMGMapper: set:488 set: Unset optional value from type SMPTE2086
10-14 23:33:33.477 15513 15537 E IMGMapper: set:488 set: Unset optional value from type CTA861_3
10-14 23:33:33.483  2799  2811 I m.android.phone: Background concurrent copying GC freed 191179(10192KB) AllocSpace objects, 48(1632KB) LOS objects, 49% free, 11MB/23MB, paused 208us,88us total 166.190ms
10-14 23:33:33.501 15513 15537 E IMGMapper: set:488 set: Unset optional value from type SMPTE2086
10-14 23:33:33.501 15513 15537 E IMGMapper: set:488 set: Unset optional value from type CTA861_3
