10-14 23:33:33.519 15513 15537 E IMGMapper: set:488 set: Unset optional value from type SMPTE2086
10-14 23:33:33.519 15513 15537 E IMGMapper: set:488 set: Unset optional value from type CTA861_3
10-14 23:33:33.554 15513 15547 I ReactNativeJS: ---METRICS_JSON_START---
10-14 23:33:33.554 15513 15547 I ReactNativeJS: {
10-14 23:33:33.554 15513 15547 I ReactNativeJS:   "dashboardRenders": 3,
10-14 23:33:33.554 15513 15547 I ReactNativeJS:   "cardRenders": {
10-14 23:33:33.554 15513 15547 I ReactNativeJS:     "13494": 2,
10-14 23:33:33.554 15513 15547 I ReactNativeJS:     "506763": 2,
10-14 23:33:33.554 15513 15547 I ReactNativeJS:     "575265": 2,
10-14 23:33:33.554 15513 15547 I ReactNativeJS:     "617126": 1,
10-14 23:33:33.554 15513 15547 I ReactNativeJS:     "755898": 2,
10-14 23:33:33.554 15513 15547 I ReactNativeJS:     "803796": 2,
10-14 23:33:33.554 15513 15547 I ReactNativeJS:     "911430": 1,
10-14 23:33:33.554 15513 15547 I ReactNativeJS:     "914215": 2,
10-14 23:33:33.554 15513 15547 I ReactNativeJS:     "987400": 2,
10-14 23:33:33.554 15513 15547 I ReactNativeJS:     "993234": 1,
10-14 23:33:33.554 15513 15547 I ReactNativeJS:     "1007734": 2,
10-14 23:33:33.554 15513 15547 I ReactNativeJS:     "1028248": 2,
10-14 23:33:33.554 15513 15547 I ReactNativeJS:     "1035259": 2,
10-14 23:33:33.554 15513 15547 I ReactNativeJS:     "1038392": 2,
10-14 23:33:33.554 15513 15547 I ReactNativeJS:     "1051486": 2,
10-14 23:33:33.554 15513 15547 I ReactNativeJS:     "1061474": 2,
10-14 23:33:33.554 15513 15547 I ReactNativeJS:     "1078605": 2,
10-14 23:33:33.554 15513 15547 I ReactNativeJS:     "1087192": 2,
10-14 23:33:33.554 15513 15547 I ReactNativeJS:     "1234821": 2,
10-14 23:33:33.554 15513 15547 I ReactNativeJS:     "1242011": 1,
10-14 23:33:33.554 15513 15547 I ReactNativeJS:     "1246049": 1,
10-14 23:33:33.554 15513 15547 I ReactNativeJS:     "1265344": 2,
10-14 23:33:33.554 15513 15547 I ReactNativeJS:     "1311031": 2,
10-14 23:33:33.554 15513 15547 I ReactNativeJS:     "1355666": 1,
10-14 23:33:33.554 15513 15547 I ReactNativeJS:     "1369679": 2
10-14 23:33:33.554 15513 15547 I ReactNativeJS:   },
10-14 23:33:33.554 15513 15547 I ReactNativeJS:   "navigationEvents": [
10-14 23:33:33.554 15513 15547 I ReactNativeJS:     {
10-14 23:33:33.554 15513 15547 I ReactNativeJS:       "action": "focus_dashboard",
10-14 23:33:33.554 15513 15547 I ReactNativeJS:       "timestamp": 1760495601533
10-14 23:33:33.554 15513 15547 I ReactNativeJS:     },
10-14 23:33:33.554 15513 15547 I ReactNativeJS:     {
10-14 23:33:33.554 15513 15547 I ReactNativeJS:       "action": "navigate_to_1265344",
10-14 23:33:33.554 15513 15547 I ReactNativeJS:       "timestamp": 1760495613474
10-14 23:33:33.554 15513 15547 I ReactNativeJS:     },
10-14 23:33:33.554 15513 15547 I ReactNativeJS:     {
10-14 23:33:33.554 15513 15547 I ReactNativeJS:       "action": "leave_dashboard",
10-14 23:33:33.554 15513 15547 I ReactNativeJS:       "timestamp": 1760495613554
10-14 23:33:33.554 15513 15547 I ReactNativeJS:     }
10-14 23:33:33.554 15513 15547 I ReactNativeJS:   ]
10-14 23:33:33.554 15513 15547 I ReactNativeJS: }
10-14 23:33:33.554 15513 15547 I ReactNativeJS: ---METRICS_JSON_END---
10-14 23:33:33.567   974 15721 E Netd    : To use pid in case SEC_PRODUCT_FEATURE_KNOX_SUPPORT_NPA is false, to remove build error (unused variable)
10-14 23:33:33.583 15513 15513 W [RNScreens]: backTitleVisible prop is not available on Android
10-14 23:33:33.583 15513 15513 W [RNScreens]: backTitleFontFamily prop is not available on Android
10-14 23:33:33.584 15513 15513 W [RNScreens]: disableBackButtonMenu prop is not available on Android
10-14 23:33:33.584 15513 15513 W [RNScreens]: largeTitleFontFamily prop is not available on Android
10-14 23:33:33.584 15513 15513 W [RNScreens]: largeTitleFontWeight prop is not available on Android
10-14 23:33:33.584 15513 15513 W [RNScreens]: largeTitleHideShadow prop is not available on Android
10-14 23:33:33.604 15513 15537 E IMGMapper: set:488 set: Unset optional value from type SMPTE2086
10-14 23:33:33.604 15513 15537 E IMGMapper: set:488 set: Unset optional value from type CTA861_3
10-14 23:33:33.633 15513 15537 E IMGMapper: set:488 set: Unset optional value from type SMPTE2086
10-14 23:33:33.634 15513 15537 E IMGMapper: set:488 set: Unset optional value from type CTA861_3
10-14 23:33:33.648 15513 15537 E IMGMapper: set:488 set: Unset optional value from type SMPTE2086
10-14 23:33:33.648 15513 15537 E IMGMapper: set:488 set: Unset optional value from type CTA861_3
10-14 23:33:33.666 15513 15537 E IMGMapper: set:488 set: Unset optional value from type SMPTE2086
10-14 23:33:33.666 15513 15537 E IMGMapper: set:488 set: Unset optional value from type CTA861_3
10-14 23:33:33.678 15513 15537 E IMGMapper: set:488 set: Unset optional value from type SMPTE2086
10-14 23:33:33.678 15513 15537 E IMGMapper: set:488 set: Unset optional value from type CTA861_3
10-14 23:33:33.702 15513 15537 E IMGMapper: set:488 set: Unset optional value from type SMPTE2086
10-14 23:33:33.702 15513 15537 E IMGMapper: set:488 set: Unset optional value from type CTA861_3
10-14 23:33:33.707   543   543 D io_stats: !@ 179,0 r 401901257 4901590002 w 69549359 732349188 d 1257423 33782120 f 0 0 iot 199563196 0 th 0 0 0 pt 0 inp 0 0 2226605.515
10-14 23:33:33.714 15513 15537 E IMGMapper: set:488 set: Unset optional value from type SMPTE2086
10-14 23:33:33.714 15513 15537 E IMGMapper: set:488 set: Unset optional value from type CTA861_3
10-14 23:33:33.738  1483  1483 I GestureDetector: handleMessage TAP
10-14 23:33:33.744  1483  1528 I GestureDetector: handleMessage TAP
10-14 23:33:33.746 15513 15537 E IMGMapper: set:488 set: Unset optional value from type SMPTE2086
10-14 23:33:33.746 15513 15537 E IMGMapper: set:488 set: Unset optional value from type CTA861_3
10-14 23:33:33.762 15513 15537 E IMGMapper: set:488 set: Unset optional value from type SMPTE2086
10-14 23:33:33.762 15513 15537 E IMGMapper: set:488 set: Unset optional value from type CTA861_3
10-14 23:33:33.774 15513 15537 E IMGMapper: set:488 set: Unset optional value from type SMPTE2086
10-14 23:33:33.774 15513 15537 E IMGMapper: set:488 set: Unset optional value from type CTA861_3
10-14 23:33:33.788 15513 15537 E IMGMapper: set:488 set: Unset optional value from type SMPTE2086
10-14 23:33:33.788 15513 15537 E IMGMapper: set:488 set: Unset optional value from type CTA861_3
10-14 23:33:33.795  1483  2471 D NetdEventListenerService: DNS Requested by : 416, 10976
10-14 23:33:33.796 15513 15563 D TrafficStats: tagSocket(137) with statsTag=0xffffffff, statsUid=-1
10-14 23:33:33.804 15513 15537 E IMGMapper: set:488 set: Unset optional value from type SMPTE2086
10-14 23:33:33.804 15513 15537 E IMGMapper: set:488 set: Unset optional value from type CTA861_3
10-14 23:33:33.823 15513 15537 E IMGMapper: set:488 set: Unset optional value from type SMPTE2086
10-14 23:33:33.823 15513 15537 E IMGMapper: set:488 set: Unset optional value from type CTA861_3
10-14 23:33:33.827  1039  1039 I BufferQueueProducer: [com.cinemamovel/com.cinemamovel.MainActivity$_15513#446665](this:0xb400007a262a8838,id:-1,api:0,p:-1,c:1039) queueBuffer: fps=15.76 dur=1014.97 max=499.41 min=16.10
10-14 23:33:33.830   991  1074 I hwcomposer: [HWCDisplay] [Display_0 (type:1)] fps:15.773445,dur:1014.36,max:498.79,min:15.65  
10-14 23:33:33.838  1205  1205 I thermal_repeater: socket -1
10-14 23:33:33.839 15513 15537 E IMGMapper: set:488 set: Unset optional value from type SMPTE2086
10-14 23:33:33.840 15513 15537 E IMGMapper: set:488 set: Unset optional value from type CTA861_3
10-14 23:33:33.856 15513 15537 E IMGMapper: set:488 set: Unset optional value from type SMPTE2086
10-14 23:33:33.856 15513 15537 E IMGMapper: set:488 set: Unset optional value from type CTA861_3
10-14 23:33:33.867 31295 31295 I wpa_supplicant: Heartbeat 6629
10-14 23:33:33.872 15513 15537 E IMGMapper: set:488 set: Unset optional value from type SMPTE2086
10-14 23:33:33.873 15513 15537 E IMGMapper: set:488 set: Unset optional value from type CTA861_3
10-14 23:33:33.890 15513 15537 E IMGMapper: set:488 set: Unset optional value from type SMPTE2086
10-14 23:33:33.890 15513 15537 E IMGMapper: set:488 set: Unset optional value from type CTA861_3
10-14 23:33:33.904 15513 15537 E IMGMapper: set:488 set: Unset optional value from type SMPTE2086
10-14 23:33:33.904 15513 15537 E IMGMapper: set:488 set: Unset optional value from type CTA861_3
10-14 23:33:33.923 15513 15537 E IMGMapper: set:488 set: Unset optional value from type SMPTE2086
10-14 23:33:33.923 15513 15537 E IMGMapper: set:488 set: Unset optional value from type CTA861_3
10-14 23:33:33.939 15513 15537 E IMGMapper: set:488 set: Unset optional value from type SMPTE2086
10-14 23:33:33.940 15513 15537 E IMGMapper: set:488 set: Unset optional value from type CTA861_3
10-14 23:33:33.955 15513 15537 E IMGMapper: set:488 set: Unset optional value from type SMPTE2086
10-14 23:33:33.956 15513 15537 E IMGMapper: set:488 set: Unset optional value from type CTA861_3
10-14 23:33:33.972 15513 15537 E IMGMapper: set:488 set: Unset optional value from type SMPTE2086
10-14 23:33:33.972 15513 15537 E IMGMapper: set:488 set: Unset optional value from type CTA861_3
10-14 23:33:33.989 15513 15537 E IMGMapper: set:488 set: Unset optional value from type SMPTE2086
10-14 23:33:33.989 15513 15537 E IMGMapper: set:488 set: Unset optional value from type CTA861_3
10-14 23:33:34.005 15513 15537 E IMGMapper: set:488 set: Unset optional value from type SMPTE2086
10-14 23:33:34.005 15513 15537 E IMGMapper: set:488 set: Unset optional value from type CTA861_3
10-14 23:33:34.022 15513 15537 E IMGMapper: set:488 set: Unset optional value from type SMPTE2086
10-14 23:33:34.022 15513 15537 E IMGMapper: set:488 set: Unset optional value from type CTA861_3
10-14 23:33:34.038 15513 15537 E IMGMapper: set:488 set: Unset optional value from type SMPTE2086
10-14 23:33:34.038 15513 15537 E IMGMapper: set:488 set: Unset optional value from type CTA861_3
10-14 23:33:34.039  2521  2618 D MobileStatusTracker(1/1): onSignalStrengthsChanged level=4, vendorLevel=4
10-14 23:33:34.041  2521  2618 D MobileSignalController(1/1): notifyListener: enabled=true, connected=true, dataConnected=false, networkType=UMTS (3G), emergencyOnly=true, roaming=false, isDefault=false, dataActivity=, level=4, ca=false, mmWave=false, disabledDataIcon=false, simCard=ETC
10-14 23:33:34.041  2521  2618 D NetworkController: SignalStrength from intent slotId=1
10-14 23:33:34.055 15513 15537 E IMGMapper: set:488 set: Unset optional value from type SMPTE2086
10-14 23:33:34.055 15513 15537 E IMGMapper: set:488 set: Unset optional value from type CTA861_3
10-14 23:33:34.072 15513 15537 E IMGMapper: set:488 set: Unset optional value from type SMPTE2086
10-14 23:33:34.072 15513 15537 E IMGMapper: set:488 set: Unset optional value from type CTA861_3
10-14 23:33:34.089 15513 15537 E IMGMapper: set:488 set: Unset optional value from type SMPTE2086
10-14 23:33:34.089 15513 15537 E IMGMapper: set:488 set: Unset optional value from type CTA861_3
10-14 23:33:34.093 15513 15513 I IMM_LC  : closeCurrentInput: mService.hideSoftInput
10-14 23:33:34.094  1483  4870 D InputMethodManagerService: hideSoftInput
10-14 23:33:34.094  1483  4870 V InputMethodManagerService: Client requesting input be hidden
10-14 23:33:34.094  1483  4870 V InputMethodManagerService: hideCurrentInputLocked : canceled, shouldHideSoftInput=false, mInputShown=false, mImeWindowVis=0
10-14 23:33:34.095  1483  4870 I InputMethodBindingController: setCurrentMethodNotVisible: mVisibleBound=false, mHasConnection=true, caller = com.android.server.inputmethod.InputMethodManagerService.hideCurrentInputLocked:4356 com.android.server.inputmethod.InputMethodManagerService.hideSoftInput:4294 com.android.internal.view.IInputMethodManager$Stub.onTransact:488 com.android.server.inputmethod.InputMethodManagerService.onTransact:2302 android.os.Binder.execTransactInternal:1316 android.os.Binder.execTransact:1280 <bottom of call stack> <bottom of call stack> <bottom of call stack> <bottom of call stack> 
10-14 23:33:34.102 15513 15537 E IMGMapper: set:488 set: Unset optional value from type SMPTE2086
10-14 23:33:34.102 15513 15537 E IMGMapper: set:488 set: Unset optional value from type CTA861_3
10-14 23:33:34.118 15513 15537 E IMGMapper: set:488 set: Unset optional value from type SMPTE2086
10-14 23:33:34.118 15513 15537 E IMGMapper: set:488 set: Unset optional value from type CTA861_3
10-14 23:33:34.136 15513 15537 E IMGMapper: set:488 set: Unset optional value from type SMPTE2086
10-14 23:33:34.136 15513 15537 E IMGMapper: set:488 set: Unset optional value from type CTA861_3
10-14 23:33:34.152 15513 15537 E IMGMapper: set:488 set: Unset optional value from type SMPTE2086
10-14 23:33:34.152 15513 15537 E IMGMapper: set:488 set: Unset optional value from type CTA861_3
10-14 23:33:34.170 15513 15537 E IMGMapper: set:488 set: Unset optional value from type SMPTE2086
10-14 23:33:34.170 15513 15537 E IMGMapper: set:488 set: Unset optional value from type CTA861_3
10-14 23:33:34.186 15513 15537 E IMGMapper: set:488 set: Unset optional value from type SMPTE2086
10-14 23:33:34.186 15513 15537 E IMGMapper: set:488 set: Unset optional value from type CTA861_3
10-14 23:33:34.202 15513 15537 E IMGMapper: set:488 set: Unset optional value from type SMPTE2086
10-14 23:33:34.202 15513 15537 E IMGMapper: set:488 set: Unset optional value from type CTA861_3
10-14 23:33:34.220 15513 15537 E IMGMapper: set:488 set: Unset optional value from type SMPTE2086
10-14 23:33:34.220 15513 15537 E IMGMapper: set:488 set: Unset optional value from type CTA861_3
10-14 23:33:34.236 15513 15537 E IMGMapper: set:488 set: Unset optional value from type SMPTE2086
10-14 23:33:34.237 15513 15537 E IMGMapper: set:488 set: Unset optional value from type CTA861_3
10-14 23:33:34.253 15513 15537 E IMGMapper: set:488 set: Unset optional value from type SMPTE2086
10-14 23:33:34.254 15513 15537 E IMGMapper: set:488 set: Unset optional value from type CTA861_3
10-14 23:33:34.271 15513 15537 E IMGMapper: set:488 set: Unset optional value from type SMPTE2086
10-14 23:33:34.271 15513 15537 E IMGMapper: set:488 set: Unset optional value from type CTA861_3
10-14 23:33:34.288 15513 15537 E IMGMapper: set:488 set: Unset optional value from type SMPTE2086
10-14 23:33:34.288 15513 15537 E IMGMapper: set:488 set: Unset optional value from type CTA861_3
10-14 23:33:34.305 15513 15537 E IMGMapper: set:488 set: Unset optional value from type SMPTE2086
10-14 23:33:34.305 15513 15537 E IMGMapper: set:488 set: Unset optional value from type CTA861_3
10-14 23:33:34.321 15513 15537 E IMGMapper: set:488 set: Unset optional value from type SMPTE2086
10-14 23:33:34.321 15513 15537 E IMGMapper: set:488 set: Unset optional value from type CTA861_3
10-14 23:33:34.335 15513 15537 E IMGMapper: set:488 set: Unset optional value from type SMPTE2086
10-14 23:33:34.335 15513 15537 E IMGMapper: set:488 set: Unset optional value from type CTA861_3
10-14 23:33:34.342  1483  2471 D NetdEventListenerService: DNS Requested by : 416, 11011
10-14 23:33:34.343 14566 14607 D TrafficStats: tagSocket(6) with statsTag=0xffffffff, statsUid=-1
10-14 23:33:34.351 15513 15537 E IMGMapper: set:488 set: Unset optional value from type SMPTE2086
10-14 23:33:34.351 15513 15537 E IMGMapper: set:488 set: Unset optional value from type CTA861_3
10-14 23:33:34.368 15513 15537 E IMGMapper: set:488 set: Unset optional value from type SMPTE2086
10-14 23:33:34.369 15513 15537 E IMGMapper: set:488 set: Unset optional value from type CTA861_3
10-14 23:33:34.385 15513 15537 E IMGMapper: set:488 set: Unset optional value from type SMPTE2086
10-14 23:33:34.385 15513 15537 E IMGMapper: set:488 set: Unset optional value from type CTA861_3
10-14 23:33:34.400 15513 15537 E IMGMapper: set:488 set: Unset optional value from type SMPTE2086
10-14 23:33:34.400 15513 15537 E IMGMapper: set:488 set: Unset optional value from type CTA861_3
10-14 23:33:34.418 15513 15537 E IMGMapper: set:488 set: Unset optional value from type SMPTE2086
10-14 23:33:34.418 15513 15537 E IMGMapper: set:488 set: Unset optional value from type CTA861_3
10-14 23:33:34.434 15513 15537 E IMGMapper: set:488 set: Unset optional value from type SMPTE2086
10-14 23:33:34.435 15513 15537 E IMGMapper: set:488 set: Unset optional value from type CTA861_3
10-14 23:33:34.437 15513 15513 D ScrollView: initGoToTop
10-14 23:33:34.451 15513 15537 E IMGMapper: set:488 set: Unset optional value from type SMPTE2086
10-14 23:33:34.451 15513 15537 E IMGMapper: set:488 set: Unset optional value from type CTA861_3
10-14 23:33:34.467 15513 15537 E IMGMapper: set:488 set: Unset optional value from type SMPTE2086
10-14 23:33:34.467 15513 15537 E IMGMapper: set:488 set: Unset optional value from type CTA861_3
10-14 23:33:34.494 15513 15537 E IMGMapper: set:488 set: Unset optional value from type SMPTE2086
10-14 23:33:34.494 15513 15537 E IMGMapper: set:488 set: Unset optional value from type CTA861_3
10-14 23:33:34.604 15513 15637 D skia    : SkJpegCodec::onGetPixels +
10-14 23:33:34.623 15513 15637 D skia    : SkJpegCodec::onGetPixels -
10-14 23:33:34.633 15513 15537 E IMGMapper: set:488 set: Unset optional value from type SMPTE2086
10-14 23:33:34.633 15513 15537 E IMGMapper: set:488 set: Unset optional value from type CTA861_3
10-14 23:33:34.658 15513 15537 E IMGMapper: set:488 set: Unset optional value from type SMPTE2086
10-14 23:33:34.658 15513 15537 E IMGMapper: set:488 set: Unset optional value from type CTA861_3
10-14 23:33:34.668 15513 15537 E IMGMapper: set:488 set: Unset optional value from type SMPTE2086
10-14 23:33:34.668 15513 15537 E IMGMapper: set:488 set: Unset optional value from type CTA861_3
10-14 23:33:34.687 15513 15537 E IMGMapper: set:488 set: Unset optional value from type SMPTE2086
10-14 23:33:34.688 15513 15537 E IMGMapper: set:488 set: Unset optional value from type CTA861_3
10-14 23:33:34.706 15513 15537 E IMGMapper: set:488 set: Unset optional value from type SMPTE2086
10-14 23:33:34.706 15513 15537 E IMGMapper: set:488 set: Unset optional value from type CTA861_3
10-14 23:33:34.720 15513 15537 E IMGMapper: set:488 set: Unset optional value from type SMPTE2086
10-14 23:33:34.720 15513 15537 E IMGMapper: set:488 set: Unset optional value from type CTA861_3
10-14 23:33:34.738 15513 15537 E IMGMapper: set:488 set: Unset optional value from type SMPTE2086
10-14 23:33:34.739 15513 15537 E IMGMapper: set:488 set: Unset optional value from type CTA861_3
10-14 23:33:34.754 15513 15537 E IMGMapper: set:488 set: Unset optional value from type SMPTE2086
10-14 23:33:34.754 15513 15537 E IMGMapper: set:488 set: Unset optional value from type CTA861_3
10-14 23:33:34.771 15513 15537 E IMGMapper: set:488 set: Unset optional value from type SMPTE2086
10-14 23:33:34.771 15513 15537 E IMGMapper: set:488 set: Unset optional value from type CTA861_3
10-14 23:33:34.788 15513 15537 E IMGMapper: set:488 set: Unset optional value from type SMPTE2086
10-14 23:33:34.788 15513 15537 E IMGMapper: set:488 set: Unset optional value from type CTA861_3
10-14 23:33:34.805 15513 15537 E IMGMapper: set:488 set: Unset optional value from type SMPTE2086
10-14 23:33:34.805 15513 15537 E IMGMapper: set:488 set: Unset optional value from type CTA861_3
10-14 23:33:34.821 15513 15537 E IMGMapper: set:488 set: Unset optional value from type SMPTE2086
10-14 23:33:34.821 15513 15537 E IMGMapper: set:488 set: Unset optional value from type CTA861_3
10-14 23:33:34.837 15513 15537 E IMGMapper: set:488 set: Unset optional value from type SMPTE2086
10-14 23:33:34.837 15513 15537 E IMGMapper: set:488 set: Unset optional value from type CTA861_3
10-14 23:33:34.843  1039  1039 I BufferQueueProducer: [com.cinemamovel/com.cinemamovel.MainActivity$_15513#446665](this:0xb400007a262a8838,id:-1,api:0,p:-1,c:1039) queueBuffer: fps=52.18 dur=1015.65 max=133.52 min=15.96
10-14 23:33:34.846   991  1074 I hwcomposer: [HWCDisplay] [Display_0 (type:1)] fps:52.147556,dur:1016.35,max:133.90,min:15.41  
10-14 23:33:34.853  2521  2618 D MobileStatusTracker(0/2): onSignalStrengthsChanged level=4, vendorLevel=3
10-14 23:33:34.854 15513 15537 E IMGMapper: set:488 set: Unset optional value from type SMPTE2086
10-14 23:33:34.854 15513 15537 E IMGMapper: set:488 set: Unset optional value from type CTA861_3
10-14 23:33:34.855  2521  2618 D MobileSignalController(0/2): notifyListener: enabled=true, connected=true, dataConnected=true, networkType=LTE (4G), emergencyOnly=false, roaming=false, isDefault=false, dataActivity=, level=3, ca=false, mmWave=false, disabledDataIcon=false, simCard=ETC
10-14 23:33:34.858  2521  2618 D NetworkController: SignalStrength from intent slotId=0
10-14 23:33:34.870 15513 15537 E IMGMapper: set:488 set: Unset optional value from type SMPTE2086
10-14 23:33:34.870 15513 15537 E IMGMapper: set:488 set: Unset optional value from type CTA861_3
10-14 23:33:34.886 15513 15537 E IMGMapper: set:488 set: Unset optional value from type SMPTE2086
10-14 23:33:34.886 15513 15537 E IMGMapper: set:488 set: Unset optional value from type CTA861_3
10-14 23:33:34.903 15513 15537 E IMGMapper: set:488 set: Unset optional value from type SMPTE2086
10-14 23:33:34.903 15513 15537 E IMGMapper: set:488 set: Unset optional value from type CTA861_3
10-14 23:33:34.921 15513 15537 E IMGMapper: set:488 set: Unset optional value from type SMPTE2086
10-14 23:33:34.922 15513 15537 E IMGMapper: set:488 set: Unset optional value from type CTA861_3
10-14 23:33:34.937 15513 15537 E IMGMapper: set:488 set: Unset optional value from type SMPTE2086
10-14 23:33:34.937 15513 15537 E IMGMapper: set:488 set: Unset optional value from type CTA861_3
10-14 23:33:35.474  2486  2486 I WifiHAL : Get link layer stats
10-14 23:33:35.475  2486  2486 I WifiHAL : GetLinkStatsCommand::create
10-14 23:33:35.475  2486  2486 D android.hardware.wifi@1.0-service-lazy: WifiRequest::create vendor command to iface 38, vendor_id=0x1a11, subcmd=0x1200, res=0
10-14 23:33:35.475  2486  2486 I android.hardware.wifi@1.0-service-lazy: WifiCommand::requestResponse err=-95
10-14 23:33:35.475  2486  2486 I WifiHAL : wifi_get_link_stats: result=-3
10-14 23:33:35.477  1483  2363 E WifiVendorHal: getWifiLinkLayerStats_1_5_Internal(l.1179) failed {.code = ERROR_NOT_SUPPORTED, .description = }
10-14 23:33:35.484  1483  3390 D SemWifiUsabilityStatsMonitor: onWifiUsabilityStats - seqNum 476717, isSameBssidAndFreq true
10-14 23:33:35.489  1483  2437 I SemWifiLinkQualityMonitor: Link Qos query: inf. ms / 0 Mbps
10-14 23:33:35.489  2521  2521 D NetworkController.WifiSignalController: notifyListener: visible=true, connected=true, inetCondition=1, isDefault=true, wifiTestReported=true, receivedInetCondition=-1, hideDuringMobileSwitching=false
10-14 23:33:35.491  2521  2618 D Tile.WifiTile: handleUpdateState isTransient=false transientEnabling =false cb.isTransient=false state.state = 2 mStateBeforeClick.value =false enabled =true
10-14 23:33:35.498  2521  2605 E IMGMapper: set:488 set: Unset optional value from type SMPTE2086
10-14 23:33:35.498  2521  2605 E IMGMapper: set:488 set: Unset optional value from type CTA861_3
10-14 23:33:35.508  1039  1039 I BufferQueueProducer: [StatusBar$_2521#94](this:0xb400007a3dae1838,id:-1,api:0,p:-1,c:1039) queueBuffer: fps=0.33 dur=3012.32 max=3012.32 min=3012.32
10-14 23:33:35.533  1483  4870 D InputDispatcher: Inject key (15730/2000): action=0, f=0x0, d=-1, time=2226607341000000
10-14 23:33:35.533  1483  4870 D WindowManager: interceptKeyTq keycode=4 interactive=true keyguardActive=false policyFlags=2b000000
10-14 23:33:35.534  1483  4870 D PhoneWindowManagerExt: interceptKeyTq code=4 down=true repeatCount=0 displayId=-1 interactive=true
10-14 23:33:35.535  1483  4870 D WindowManager: interceptKeyTq interceptKeyResult=4
10-14 23:33:35.535  1483  1796 D PowerManagerService: [api] userActivityFromNative :  (event: 1 flags: 0 displayId: 0) eventTime = 2226607341
10-14 23:33:35.536  1483  1796 D WindowManager: interceptKeyTi keyCode=4 down=true repeatCount=0 keyguardOn=false canceled=false
10-14 23:33:35.536  1483  1796 D PhoneWindowManagerExt: interceptKeyTi code=4 down=true repeatCount=0 displayId=-1 interactive=true
10-14 23:33:35.537  1483  1796 I InputDispatcher: Delivering key to (15513): B action: 0x0 (0), f=0x0, m=0x0, d=0, '648df2c'
10-14 23:33:35.537  5125  5125 I HBD     : b skip onKeyDown as physical keyboard not connected 
10-14 23:33:35.538  5125  5125 I HBD     : HoneyBoardService onKeyDown r:6b82c6dc consumed:false 1 
10-14 23:33:35.539 15513 15513 I ViewRootImpl@ff8fc75[MainActivity]: ViewPostIme key 0
10-14 23:33:35.539 15513 15513 D Activity: onKeyDown(KEYCODE_BACK)
10-14 23:33:35.540  1483  4870 D InputDispatcher: Inject key (15730/2000): action=1, f=0x0, d=-1, time=2226607341000000
10-14 23:33:35.540  1483  4870 D WindowManager: interceptKeyTq keycode=4 interactive=true keyguardActive=false policyFlags=2b000000
10-14 23:33:35.540  1483  4870 D PhoneWindowManagerExt: interceptKeyTq code=4 down=false repeatCount=0 displayId=-1 interactive=true
10-14 23:33:35.540  1483  4870 D WindowManager: interceptKeyTq interceptKeyResult=4
10-14 23:33:35.541  1483  1796 D WindowManager: interceptKeyTi keyCode=4 down=false repeatCount=0 keyguardOn=false canceled=false
10-14 23:33:35.541  1483  1796 D PhoneWindowManagerExt: interceptKeyTi code=4 down=false repeatCount=0 displayId=-1 interactive=true
10-14 23:33:35.542  1483  1796 I InputDispatcher: Delivering key to (15513): B action: 0x1 (0), f=0x0, m=0x0, d=0, '648df2c'
10-14 23:33:35.544  5125  5125 I HBD     : HoneyBoardService onKeyUp r:0d53d44d consumed:false 1 
10-14 23:33:35.545 15513 15513 I ViewRootImpl@ff8fc75[MainActivity]: ViewPostIme key 1
10-14 23:33:35.546 15513 15513 D Activity: onKeyUp(KEYCODE_BACK) isTracking()=true isCanceled()=false hasCallback=false
10-14 23:33:35.641 15513 15537 E IMGMapper: set:488 set: Unset optional value from type SMPTE2086
10-14 23:33:35.642 15513 15537 E IMGMapper: set:488 set: Unset optional value from type CTA861_3
10-14 23:33:35.719 15513 15537 E IMGMapper: set:488 set: Unset optional value from type SMPTE2086
10-14 23:33:35.719 15513 15537 E IMGMapper: set:488 set: Unset optional value from type CTA861_3
10-14 23:33:35.728 15513 15537 E IMGMapper: set:488 set: Unset optional value from type SMPTE2086
10-14 23:33:35.728 15513 15537 E IMGMapper: set:488 set: Unset optional value from type CTA861_3
10-14 23:33:35.739  1483  1755 D SensorService: [SO] -0.465 1.323 9.836
10-14 23:33:35.743 15513 15537 E IMGMapper: set:488 set: Unset optional value from type SMPTE2086
10-14 23:33:35.743 15513 15537 E IMGMapper: set:488 set: Unset optional value from type CTA861_3
10-14 23:33:35.758 15513 15537 E IMGMapper: set:488 set: Unset optional value from type SMPTE2086
10-14 23:33:35.758 15513 15537 E IMGMapper: set:488 set: Unset optional value from type CTA861_3
10-14 23:33:35.795 15513 15537 E IMGMapper: set:488 set: Unset optional value from type SMPTE2086
10-14 23:33:35.795 15513 15537 E IMGMapper: set:488 set: Unset optional value from type CTA861_3
10-14 23:33:35.807 15513 15537 E IMGMapper: set:488 set: Unset optional value from type SMPTE2086
10-14 23:33:35.808 15513 15537 E IMGMapper: set:488 set: Unset optional value from type CTA861_3
10-14 23:33:35.821 15513 15537 E IMGMapper: set:488 set: Unset optional value from type SMPTE2086
10-14 23:33:35.821 15513 15537 E IMGMapper: set:488 set: Unset optional value from type CTA861_3
10-14 23:33:35.838 15513 15537 E IMGMapper: set:488 set: Unset optional value from type SMPTE2086
10-14 23:33:35.839 15513 15537 E IMGMapper: set:488 set: Unset optional value from type CTA861_3
10-14 23:33:35.856 15513 15537 E IMGMapper: set:488 set: Unset optional value from type SMPTE2086
10-14 23:33:35.856 15513 15537 E IMGMapper: set:488 set: Unset optional value from type CTA861_3
10-14 23:33:35.858  1039  1039 I BufferQueueProducer: [com.cinemamovel/com.cinemamovel.MainActivity$_15513#446665](this:0xb400007a262a8838,id:-1,api:0,p:-1,c:1039) queueBuffer: fps=15.76 dur=1015.14 max=699.42 min=16.05
10-14 23:33:35.860   991  1074 I hwcomposer: [HWCDisplay] [Display_0 (type:1)] fps:16.761120,dur:1014.25,max:548.63,min:15.43  
10-14 23:33:35.872 15513 15537 E IMGMapper: set:488 set: Unset optional value from type SMPTE2086
10-14 23:33:35.872 15513 15537 E IMGMapper: set:488 set: Unset optional value from type CTA861_3
10-14 23:33:35.889 15513 15537 E IMGMapper: set:488 set: Unset optional value from type SMPTE2086
10-14 23:33:35.889 15513 15537 E IMGMapper: set:488 set: Unset optional value from type CTA861_3
10-14 23:33:35.904 15513 15537 E IMGMapper: set:488 set: Unset optional value from type SMPTE2086
10-14 23:33:35.904 15513 15537 E IMGMapper: set:488 set: Unset optional value from type CTA861_3
10-14 23:33:35.920 15513 15537 E IMGMapper: set:488 set: Unset optional value from type SMPTE2086
10-14 23:33:35.920 15513 15537 E IMGMapper: set:488 set: Unset optional value from type CTA861_3
10-14 23:33:35.938 15513 15537 E IMGMapper: set:488 set: Unset optional value from type SMPTE2086
10-14 23:33:35.939 15513 15537 E IMGMapper: set:488 set: Unset optional value from type CTA861_3
10-14 23:33:35.954 15513 15537 E IMGMapper: set:488 set: Unset optional value from type SMPTE2086
10-14 23:33:35.954 15513 15537 E IMGMapper: set:488 set: Unset optional value from type CTA861_3
10-14 23:33:35.971 15513 15537 E IMGMapper: set:488 set: Unset optional value from type SMPTE2086
10-14 23:33:35.971 15513 15537 E IMGMapper: set:488 set: Unset optional value from type CTA861_3
10-14 23:33:35.988 15513 15537 E IMGMapper: set:488 set: Unset optional value from type SMPTE2086
10-14 23:33:35.988 15513 15537 E IMGMapper: set:488 set: Unset optional value from type CTA861_3
10-14 23:33:36.004 15513 15537 E IMGMapper: set:488 set: Unset optional value from type SMPTE2086
10-14 23:33:36.004 15513 15537 E IMGMapper: set:488 set: Unset optional value from type CTA861_3
10-14 23:33:36.022 15513 15537 E IMGMapper: set:488 set: Unset optional value from type SMPTE2086
10-14 23:33:36.022 15513 15537 E IMGMapper: set:488 set: Unset optional value from type CTA861_3
10-14 23:33:36.038 15513 15537 E IMGMapper: set:488 set: Unset optional value from type SMPTE2086
10-14 23:33:36.038 15513 15537 E IMGMapper: set:488 set: Unset optional value from type CTA861_3
10-14 23:33:36.054 15513 15537 E IMGMapper: set:488 set: Unset optional value from type SMPTE2086
10-14 23:33:36.054 15513 15537 E IMGMapper: set:488 set: Unset optional value from type CTA861_3
10-14 23:33:36.071 15513 15537 E IMGMapper: set:488 set: Unset optional value from type SMPTE2086
10-14 23:33:36.071 15513 15537 E IMGMapper: set:488 set: Unset optional value from type CTA861_3
10-14 23:33:36.089 15513 15537 E IMGMapper: set:488 set: Unset optional value from type SMPTE2086
10-14 23:33:36.090 15513 15537 E IMGMapper: set:488 set: Unset optional value from type CTA861_3
10-14 23:33:36.091  1045  1056 D ccci_mdinit: (1):monitor_time_update_thread round:125340 ########
10-14 23:33:36.104 15513 15537 E IMGMapper: set:488 set: Unset optional value from type SMPTE2086
10-14 23:33:36.104 15513 15537 E IMGMapper: set:488 set: Unset optional value from type CTA861_3
10-14 23:33:36.122 15513 15537 E IMGMapper: set:488 set: Unset optional value from type SMPTE2086
10-14 23:33:36.122 15513 15537 E IMGMapper: set:488 set: Unset optional value from type CTA861_3
10-14 23:33:36.126  9665 14508 W AOSP-MdnsDiscoveryManag: Error while decoding multicast packet (4475): 1 [CONTEXT service_id=168 ]
10-14 23:33:36.128  2521  2618 D MobileStatusTracker(0/2): onSignalStrengthsChanged level=4, vendorLevel=3
10-14 23:33:36.130  2521  2618 D MobileSignalController(0/2): notifyListener: enabled=true, connected=true, dataConnected=true, networkType=LTE (4G), emergencyOnly=false, roaming=false, isDefault=false, dataActivity=, level=3, ca=false, mmWave=false, disabledDataIcon=false, simCard=ETC
10-14 23:33:36.130  9665 14508 W AOSP-MdnsDiscoveryManag: Error while decoding multicast packet (4476): 1 [CONTEXT service_id=168 ]
10-14 23:33:36.131  2521  2618 D NetworkController: SignalStrength from intent slotId=0
10-14 23:33:36.137 15513 15537 E IMGMapper: set:488 set: Unset optional value from type SMPTE2086
10-14 23:33:36.137 15513 15537 E IMGMapper: set:488 set: Unset optional value from type CTA861_3
10-14 23:33:36.154 15513 15537 E IMGMapper: set:488 set: Unset optional value from type SMPTE2086
10-14 23:33:36.154 15513 15537 E IMGMapper: set:488 set: Unset optional value from type CTA861_3
10-14 23:33:36.172 15513 15537 E IMGMapper: set:488 set: Unset optional value from type SMPTE2086
10-14 23:33:36.172 15513 15537 E IMGMapper: set:488 set: Unset optional value from type CTA861_3
10-14 23:33:36.186 15513 15537 E IMGMapper: set:488 set: Unset optional value from type SMPTE2086
10-14 23:33:36.186 15513 15537 E IMGMapper: set:488 set: Unset optional value from type CTA861_3
10-14 23:33:36.203 15513 15537 E IMGMapper: set:488 set: Unset optional value from type SMPTE2086
10-14 23:33:36.203 15513 15537 E IMGMapper: set:488 set: Unset optional value from type CTA861_3
10-14 23:33:36.220 15513 15537 E IMGMapper: set:488 set: Unset optional value from type SMPTE2086
10-14 23:33:36.220 15513 15537 E IMGMapper: set:488 set: Unset optional value from type CTA861_3
10-14 23:33:36.387  1483  2471 D NetdEventListenerService: DNS Requested by : 416, 11011
10-14 23:33:36.388 14566 14607 D TrafficStats: tagSocket(6) with statsTag=0xffffffff, statsUid=-1
10-14 23:33:36.440  1483  1583 D PowerManagerService: UserActivityStateListenerState: 0
10-14 23:33:36.473  1483  1544 E Watchdog: !@Sync: 74170 heap: 131 / 132 FD: 986 [2025-10-14 23:33:36.472]
10-14 23:33:36.797  6144  6392 I ContactsProvider_EventLog: cp_s: [CONTACT con(156) dat(1614) acc({google(35)=1, google(2)=155, com.google.android.apps.tachyon(10)=4, com.google.android.apps.tachyon(24)=34, com.whatsapp(9)=124}) calls([logtype:100 cnt:992]) Iso(BR) uId(0) ]
10-14 23:33:36.797  6144  6392 I ContactsProvider_EventLog: cp_s: [ agr({[2 ,9 ,10]=4, [2 ,9 ,24]=29, [2 ,2]=1, [2]=28, [2 ,24]=3, [35]=1, [2 ,24 ,9]=2, [2 ,9 ,9]=1, [9 ,2]=1, [9]=1, [2 ,9]=85}) ]
10-14 23:33:36.797  6144  6392 I ContactsProvider_EventLog: cp_s: [ cnt({acore(6144)=1}) ]
10-14 23:33:36.797  6144  6392 I ContactsProvider_EventLog: cp_s: [PROFILE ] [SAPROFILE con(1) dat(1) acc({phone(1)=1}) ]
10-14 23:33:36.797  6144  6392 I ContactsProvider_EventLog: cp_s: [STATE R(F) ]
10-14 23:33:37.413  2521  2618 D MobileStatusTracker(0/2): onSignalStrengthsChanged level=4, vendorLevel=3
10-14 23:33:37.416  2521  2618 D MobileSignalController(0/2): notifyListener: enabled=true, connected=true, dataConnected=true, networkType=LTE (4G), emergencyOnly=false, roaming=false, isDefault=false, dataActivity=, level=3, ca=false, mmWave=false, disabledDataIcon=false, simCard=ETC
10-14 23:33:37.418  2521  2618 D NetworkController: SignalStrength from intent slotId=0
10-14 23:33:37.622  1483  4869 D InputDispatcher: Inject motion (15738/2000): action=0x0, time=2226609430000000, f=0x0, d=0 dsdx=1.000000 dtdx=0.000000
10-14 23:33:37.623  1483  1796 I InputDispatcher: Delivering touch to (2521): action: 0x4, f=0x0, d=0, 'a9cce9e', t=1 
10-14 23:33:37.624  1483  1796 I InputDispatcher: Delivering touch to (15513): action: 0x0, f=0x0, d=0, '648df2c', t=1 
10-14 23:33:37.624  1483  1796 D PowerManagerService: [api] userActivityFromNative :  (event: 2 flags: 0 displayId: 0) eventTime = 2226609430
10-14 23:33:37.625 15513 15513 I ViewRootImpl@ff8fc75[MainActivity]: ViewPostIme pointer 0
10-14 23:33:37.626  1483  1528 I GestureDetector: obtain mCurrentDownEvent. id: -974168653 caller: com.android.server.wm.SystemGesturesPointerEventListener.onPointerEvent:203 com.android.server.wm.PointerEventDispatcher.onInputEvent:53 android.view.InputEventReceiver.dispatchInputEvent:285 
10-14 23:33:37.626  1483  1528 I GestureDetector: obtain mCurrentDownEvent. id: -974168653 caller: com.android.server.wm.SystemPerformancePointerEventListener.onPointerEvent:89 com.android.server.wm.PointerEventDispatcher.onInputEvent:53 android.view.InputEventReceiver.dispatchInputEvent:285 
10-14 23:33:37.627  1483  1796 D PowerManagerService: UserActivityStateListenerState: 1
10-14 23:33:37.641  1483  4869 D InputDispatcher: Inject motion (15738/2000): action=0x1, time=2226609430000000, f=0x0, d=0 dsdx=1.000000 dtdx=0.000000
10-14 23:33:37.642  1483  1796 I InputDispatcher: Delivering touch to (15513): action: 0x1, f=0x0, d=0, '648df2c', t=1 
10-14 23:33:37.642 15513 15513 I ViewRootImpl@ff8fc75[MainActivity]: ViewPostIme pointer 1
10-14 23:33:37.643  1483  1528 I GestureDetector: obtain mCurrentMotionEventRaw. action: 1 id: -336299890
10-14 23:33:37.644  1483  1528 I GestureDetector: obtain mCurrentMotionEventRaw. action: 1 id: -336299890
10-14 23:33:37.669 15513 15537 E IMGMapper: set:488 set: Unset optional value from type SMPTE2086
10-14 23:33:37.669 15513 15537 E IMGMapper: set:488 set: Unset optional value from type CTA861_3
10-14 23:33:37.672  1039  1039 I BufferQueueProducer: [com.cinemamovel/com.cinemamovel.MainActivity$_15513#446665](this:0xb400007a262a8838,id:-1,api:0,p:-1,c:1039) queueBuffer: fps=13.23 dur=1814.38 max=1431.52 min=16.22
10-14 23:33:37.676   991  1074 I hwcomposer: [HWCDisplay] [Display_0 (type:1)] fps:13.222539,dur:1815.08,max:1432.54,min:15.75  
10-14 23:33:37.697 15513 15537 E IMGMapper: set:488 set: Unset optional value from type SMPTE2086
10-14 23:33:37.698 15513 15537 E IMGMapper: set:488 set: Unset optional value from type CTA861_3
10-14 23:33:37.708   543   543 D io_stats: !@ 179,0 r 401901276 4901590114 w 69549430 732349436 d 1257423 33782120 f 0 0 iot 199563224 0 th 0 0 0 pt 0 inp 0 0 2226609.517
10-14 23:33:37.712 15513 15537 E IMGMapper: set:488 set: Unset optional value from type SMPTE2086
10-14 23:33:37.712 15513 15537 E IMGMapper: set:488 set: Unset optional value from type CTA861_3
10-14 23:33:37.738 15513 15537 E IMGMapper: set:488 set: Unset optional value from type SMPTE2086
10-14 23:33:37.738 15513 15537 E IMGMapper: set:488 set: Unset optional value from type CTA861_3
10-14 23:33:37.744 15513 15513 W [RNScreens]: backTitleVisible prop is not available on Android
10-14 23:33:37.744 15513 15513 W [RNScreens]: backTitleFontFamily prop is not available on Android
10-14 23:33:37.744 15513 15513 W [RNScreens]: disableBackButtonMenu prop is not available on Android
10-14 23:33:37.744 15513 15513 W [RNScreens]: largeTitleFontFamily prop is not available on Android
10-14 23:33:37.744 15513 15513 W [RNScreens]: largeTitleFontWeight prop is not available on Android
10-14 23:33:37.745 15513 15513 W [RNScreens]: largeTitleHideShadow prop is not available on Android
10-14 23:33:37.747 15513 15547 I ReactNativeJS: ---METRICS_JSON_START---
10-14 23:33:37.747 15513 15547 I ReactNativeJS: {
10-14 23:33:37.747 15513 15547 I ReactNativeJS:   "dashboardRenders": 3,
10-14 23:33:37.747 15513 15547 I ReactNativeJS:   "cardRenders": {
10-14 23:33:37.747 15513 15547 I ReactNativeJS:     "13494": 2,
10-14 23:33:37.747 15513 15547 I ReactNativeJS:     "506763": 2,
10-14 23:33:37.747 15513 15547 I ReactNativeJS:     "575265": 2,
10-14 23:33:37.747 15513 15547 I ReactNativeJS:     "617126": 1,
10-14 23:33:37.747 15513 15547 I ReactNativeJS:     "755898": 2,
10-14 23:33:37.747 15513 15547 I ReactNativeJS:     "803796": 2,
10-14 23:33:37.747 15513 15547 I ReactNativeJS:     "911430": 1,
10-14 23:33:37.747 15513 15547 I ReactNativeJS:     "914215": 2,
10-14 23:33:37.747 15513 15547 I ReactNativeJS:     "987400": 2,
10-14 23:33:37.747 15513 15547 I ReactNativeJS:     "993234": 1,
10-14 23:33:37.747 15513 15547 I ReactNativeJS:     "1007734": 2,
10-14 23:33:37.747 15513 15547 I ReactNativeJS:     "1028248": 2,
10-14 23:33:37.747 15513 15547 I ReactNativeJS:     "1035259": 2,
10-14 23:33:37.747 15513 15547 I ReactNativeJS:     "1038392": 2,
10-14 23:33:37.747 15513 15547 I ReactNativeJS:     "1051486": 2,
10-14 23:33:37.747 15513 15547 I ReactNativeJS:     "1061474": 2,
10-14 23:33:37.747 15513 15547 I ReactNativeJS:     "1078605": 2,
10-14 23:33:37.747 15513 15547 I ReactNativeJS:     "1087192": 2,
10-14 23:33:37.747 15513 15547 I ReactNativeJS:     "1234821": 2,
10-14 23:33:37.747 15513 15547 I ReactNativeJS:     "1242011": 1,
10-14 23:33:37.747 15513 15547 I ReactNativeJS:     "1246049": 1,
10-14 23:33:37.747 15513 15547 I ReactNativeJS:     "1265344": 2,
10-14 23:33:37.747 15513 15547 I ReactNativeJS:     "1311031": 2,
10-14 23:33:37.747 15513 15547 I ReactNativeJS:     "1355666": 1,
10-14 23:33:37.747 15513 15547 I ReactNativeJS:     "1369679": 2
10-14 23:33:37.747 15513 15547 I ReactNativeJS:   },
10-14 23:33:37.747 15513 15547 I ReactNativeJS:   "navigationEvents": [
10-14 23:33:37.747 15513 15547 I ReactNativeJS:     {
10-14 23:33:37.747 15513 15547 I ReactNativeJS:       "action": "focus_dashboard",
10-14 23:33:37.747 15513 15547 I ReactNativeJS:       "timestamp": 1760495601533
10-14 23:33:37.747 15513 15547 I ReactNativeJS:     },
10-14 23:33:37.747 15513 15547 I ReactNativeJS:     {
10-14 23:33:37.747 15513 15547 I ReactNativeJS:       "action": "navigate_to_1265344",
10-14 23:33:37.747 15513 15547 I ReactNativeJS:       "timestamp": 1760495613474
10-14 23:33:37.747 15513 15547 I ReactNativeJS:     },
10-14 23:33:37.747 15513 15547 I ReactNativeJS:     {
10-14 23:33:37.747 15513 15547 I ReactNativeJS:       "action": "leave_dashboard",
10-14 23:33:37.747 15513 15547 I ReactNativeJS:       "timestamp": 1760495613554
10-14 23:33:37.747 15513 15547 I ReactNativeJS:     },
10-14 23:33:37.747 15513 15547 I ReactNativeJS:     {
10-14 23:33:37.747 15513 15547 I ReactNativeJS:       "action": "focus_dashboard",
10-14 23:33:37.747 15513 15547 I ReactNativeJS:       "timestamp": 1760495615592
10-14 23:33:37.747 15513 15547 I ReactNativeJS:     },
10-14 23:33:37.747 15513 15547 I ReactNativeJS:     {
10-14 23:33:37.747 15513 15547 I ReactNativeJS:       "action": "navigate_to_1265344",
10-14 23:33:37.747 15513 15547 I ReactNativeJS:       "timestamp": 1760495617664
10-14 23:33:37.747 15513 15547 I ReactNativeJS:     },
10-14 23:33:37.747 15513 15547 I ReactNativeJS:     {
10-14 23:33:37.747 15513 15547 I ReactNativeJS:       "action": "leave_dashboard",
10-14 23:33:37.747 15513 15547 I ReactNativeJS:       "timestamp": 1760495617746
10-14 23:33:37.747 15513 15547 I ReactNativeJS:     }
10-14 23:33:37.747 15513 15547 I ReactNativeJS:   ]
10-14 23:33:37.747 15513 15547 I ReactNativeJS: }
10-14 23:33:37.747 15513 15547 I ReactNativeJS: ---METRICS_JSON_END---
10-14 23:33:37.756 15513 15537 E IMGMapper: set:488 set: Unset optional value from type SMPTE2086
10-14 23:33:37.756 15513 15537 E IMGMapper: set:488 set: Unset optional value from type CTA861_3
10-14 23:33:37.782 15513 15537 E IMGMapper: set:488 set: Unset optional value from type SMPTE2086
10-14 23:33:37.782 15513 15537 E IMGMapper: set:488 set: Unset optional value from type CTA861_3
10-14 23:33:37.818 15513 15537 E IMGMapper: set:488 set: Unset optional value from type SMPTE2086
10-14 23:33:37.818 15513 15537 E IMGMapper: set:488 set: Unset optional value from type CTA861_3
10-14 23:33:37.831 15513 15513 D ScrollView: initGoToTop
10-14 23:33:37.831 15513 15537 E IMGMapper: set:488 set: Unset optional value from type SMPTE2086
10-14 23:33:37.831 15513 15537 E IMGMapper: set:488 set: Unset optional value from type CTA861_3
10-14 23:33:37.897 15513 15537 E IMGMapper: set:488 set: Unset optional value from type SMPTE2086
10-14 23:33:37.897 15513 15537 E IMGMapper: set:488 set: Unset optional value from type CTA861_3
10-14 23:33:37.909 15513 15537 E IMGMapper: set:488 set: Unset optional value from type SMPTE2086
10-14 23:33:37.910 15513 15537 E IMGMapper: set:488 set: Unset optional value from type CTA861_3
10-14 23:33:37.924 15513 15537 E IMGMapper: set:488 set: Unset optional value from type SMPTE2086
10-14 23:33:37.924 15513 15537 E IMGMapper: set:488 set: Unset optional value from type CTA861_3
10-14 23:33:37.925  1483  1528 I GestureDetector: handleMessage TAP
10-14 23:33:37.926  1483  1483 I GestureDetector: handleMessage TAP
10-14 23:33:37.935 15513 15537 E IMGMapper: set:488 set: Unset optional value from type SMPTE2086
10-14 23:33:37.935 15513 15537 E IMGMapper: set:488 set: Unset optional value from type CTA861_3
10-14 23:33:37.954 15513 15537 E IMGMapper: set:488 set: Unset optional value from type SMPTE2086
10-14 23:33:37.954 15513 15537 E IMGMapper: set:488 set: Unset optional value from type CTA861_3
10-14 23:33:37.973 15513 15537 E IMGMapper: set:488 set: Unset optional value from type SMPTE2086
10-14 23:33:37.973 15513 15537 E IMGMapper: set:488 set: Unset optional value from type CTA861_3
10-14 23:33:37.988 15513 15537 E IMGMapper: set:488 set: Unset optional value from type SMPTE2086
10-14 23:33:37.988 15513 15537 E IMGMapper: set:488 set: Unset optional value from type CTA861_3
10-14 23:33:38.008 15513 15537 E IMGMapper: set:488 set: Unset optional value from type SMPTE2086
10-14 23:33:38.008 15513 15537 E IMGMapper: set:488 set: Unset optional value from type CTA861_3
10-14 23:33:38.020 15513 15537 E IMGMapper: set:488 set: Unset optional value from type SMPTE2086
10-14 23:33:38.021 15513 15537 E IMGMapper: set:488 set: Unset optional value from type CTA861_3
10-14 23:33:38.037 15513 15537 E IMGMapper: set:488 set: Unset optional value from type SMPTE2086
10-14 23:33:38.037 15513 15537 E IMGMapper: set:488 set: Unset optional value from type CTA861_3
10-14 23:33:38.060 15513 15537 E IMGMapper: set:488 set: Unset optional value from type SMPTE2086
10-14 23:33:38.060 15513 15537 E IMGMapper: set:488 set: Unset optional value from type CTA861_3
10-14 23:33:38.071 15513 15537 E IMGMapper: set:488 set: Unset optional value from type SMPTE2086
10-14 23:33:38.072 15513 15537 E IMGMapper: set:488 set: Unset optional value from type CTA861_3
10-14 23:33:38.075  1483  1568 D BatteryExternalStatsWorker: update stats : update-network-download (6)
10-14 23:33:38.076  1483  1568 D BatteryExternalStatsWorker: Update Rail Energy data
10-14 23:33:38.078  1483  1568 D BatteryExternalStatsWorker: Fetch modem data
10-14 23:33:38.086 15513 15537 E IMGMapper: set:488 set: Unset optional value from type SMPTE2086
10-14 23:33:38.086 15513 15537 E IMGMapper: set:488 set: Unset optional value from type CTA861_3
10-14 23:33:38.111 15513 15537 E IMGMapper: set:488 set: Unset optional value from type SMPTE2086
10-14 23:33:38.111 15513 15537 E IMGMapper: set:488 set: Unset optional value from type CTA861_3
10-14 23:33:38.124 15513 15537 E IMGMapper: set:488 set: Unset optional value from type SMPTE2086
10-14 23:33:38.124 15513 15537 E IMGMapper: set:488 set: Unset optional value from type CTA861_3
10-14 23:33:38.130  1483  4869 W TelephonyManager: requestModemActivityInfo: Received an invalid ModemActivityInfo
10-14 23:33:38.130  1483  4869 W BatteryExternalStatsWorker: error reading modem stats:ERROR_INVALID_INFO_RECEIVED
10-14 23:33:38.131  1483  1568 D BatteryExternalStatsWorker: mStats lock released
10-14 23:33:38.131  1483  1568 D BatteryExternalStatsWorker: done updateExternalStatsLocked
10-14 23:33:38.131  1483  1568 D BatteryExternalStatsWorker: update stats : wakelock-change (1)
10-14 23:33:38.141 15513 15537 E IMGMapper: set:488 set: Unset optional value from type SMPTE2086
10-14 23:33:38.141 15513 15537 E IMGMapper: set:488 set: Unset optional value from type CTA861_3
10-14 23:33:38.155 15513 15537 E IMGMapper: set:488 set: Unset optional value from type SMPTE2086
10-14 23:33:38.155 15513 15537 E IMGMapper: set:488 set: Unset optional value from type CTA861_3
10-14 23:33:38.170 15513 15537 E IMGMapper: set:488 set: Unset optional value from type SMPTE2086
10-14 23:33:38.170 15513 15537 E IMGMapper: set:488 set: Unset optional value from type CTA861_3
10-14 23:33:38.187 15513 15537 E IMGMapper: set:488 set: Unset optional value from type SMPTE2086
10-14 23:33:38.187 15513 15537 E IMGMapper: set:488 set: Unset optional value from type CTA861_3
10-14 23:33:38.195  1483  1568 E KernelCpuSpeedReader: Failed to read cpu-freq: /sys/devices/system/cpu/cpu4/cpufreq/stats/time_in_state: open failed: ENOENT (No such file or directory)
10-14 23:33:38.196  1483  1568 E KernelCpuSpeedReader: Failed to read cpu-freq: /sys/devices/system/cpu/cpu0/cpufreq/stats/time_in_state: open failed: ENOENT (No such file or directory)
10-14 23:33:38.197  1483  1568 D BatteryExternalStatsWorker: Update CPU state
10-14 23:33:38.197  1483  1568 D BatteryExternalStatsWorker: mStats lock released
10-14 23:33:38.197  1483  1568 D BatteryExternalStatsWorker: done updateExternalStatsLocked
10-14 23:33:38.206 15513 15537 E IMGMapper: set:488 set: Unset optional value from type SMPTE2086
10-14 23:33:38.206 15513 15537 E IMGMapper: set:488 set: Unset optional value from type CTA861_3
10-14 23:33:38.225 15513 15537 E IMGMapper: set:488 set: Unset optional value from type SMPTE2086
10-14 23:33:38.225 15513 15537 E IMGMapper: set:488 set: Unset optional value from type CTA861_3
10-14 23:33:38.238 15513 15537 E IMGMapper: set:488 set: Unset optional value from type SMPTE2086
10-14 23:33:38.238 15513 15537 E IMGMapper: set:488 set: Unset optional value from type CTA861_3
10-14 23:33:38.254 15513 15537 E IMGMapper: set:488 set: Unset optional value from type SMPTE2086
10-14 23:33:38.254 15513 15537 E IMGMapper: set:488 set: Unset optional value from type CTA861_3
10-14 23:33:38.273 15513 15537 E IMGMapper: set:488 set: Unset optional value from type SMPTE2086
10-14 23:33:38.273 15513 15537 E IMGMapper: set:488 set: Unset optional value from type CTA861_3
10-14 23:33:38.285 15513 15537 E IMGMapper: set:488 set: Unset optional value from type SMPTE2086
10-14 23:33:38.285 15513 15537 E IMGMapper: set:488 set: Unset optional value from type CTA861_3
10-14 23:33:38.302 15513 15537 E IMGMapper: set:488 set: Unset optional value from type SMPTE2086
