10-14 23:33:38.302 15513 15537 E IMGMapper: set:488 set: Unset optional value from type CTA861_3
10-14 23:33:38.435 14566 14607 D TrafficStats: tagSocket(6) with statsTag=0xffffffff, statsUid=-1
10-14 23:33:38.433  1483  2471 D NetdEventListenerService: DNS Requested by : 416, 11011
10-14 23:33:38.493  2486  2486 I WifiHAL : Get link layer stats
10-14 23:33:38.493  2486  2486 I WifiHAL : GetLinkStatsCommand::create
10-14 23:33:38.493  2486  2486 D android.hardware.wifi@1.0-service-lazy: WifiRequest::create vendor command to iface 38, vendor_id=0x1a11, subcmd=0x1200, res=0
10-14 23:33:38.493  2486  2486 I android.hardware.wifi@1.0-service-lazy: WifiCommand::requestResponse err=-95
10-14 23:33:38.493  2486  2486 I WifiHAL : wifi_get_link_stats: result=-3
10-14 23:33:38.495  1483  2363 E WifiVendorHal: getWifiLinkLayerStats_1_5_Internal(l.1179) failed {.code = ERROR_NOT_SUPPORTED, .description = }
10-14 23:33:38.504  1483  3390 D SemWifiUsabilityStatsMonitor: onWifiUsabilityStats - seqNum 476718, isSameBssidAndFreq true
10-14 23:33:38.509  1483  2437 I SemWifiLinkQualityMonitor: Link Qos query: inf. ms / 0 Mbps
10-14 23:33:38.693  2521  2618 D MobileStatusTracker(0/2): onSignalStrengthsChanged level=4, vendorLevel=3
10-14 23:33:38.697  2521  2618 D MobileSignalController(0/2): notifyListener: enabled=true, connected=true, dataConnected=true, networkType=LTE (4G), emergencyOnly=false, roaming=false, isDefault=false, dataActivity=, level=3, ca=false, mmWave=false, disabledDataIcon=false, simCard=ETC
10-14 23:33:38.697  2521  2618 D NetworkController: SignalStrength from intent slotId=0
10-14 23:33:38.839  1205  1205 I thermal_repeater: socket -1
10-14 23:33:39.160  2521  2618 D MobileStatusTracker(1/1): onSignalStrengthsChanged level=4, vendorLevel=4
10-14 23:33:39.162  2521  2618 D MobileSignalController(1/1): notifyListener: enabled=true, connected=true, dataConnected=false, networkType=UMTS (3G), emergencyOnly=true, roaming=false, isDefault=false, dataActivity=, level=4, ca=false, mmWave=false, disabledDataIcon=false, simCard=ETC
10-14 23:33:39.166  2521  2618 D NetworkController: SignalStrength from intent slotId=1
10-14 23:33:39.211  1483  1568 D BatteryExternalStatsWorker: update stats : write (63)
10-14 23:33:39.212  1483  1568 D BatteryExternalStatsWorker: Update Rail Energy data
10-14 23:33:39.215  1483  1568 D BatteryExternalStatsWorker: Fetch Bluetooth data
10-14 23:33:39.216  1483  1568 D BatteryExternalStatsWorker: Fetch modem data
10-14 23:33:39.224  1483  4869 W BatteryExternalStatsWorker: error reading Bluetooth stats: 11
10-14 23:33:39.247  1483  2600 W TelephonyManager: requestModemActivityInfo: Received an invalid ModemActivityInfo
10-14 23:33:39.247  1483  2600 W BatteryExternalStatsWorker: error reading modem stats:ERROR_INVALID_INFO_RECEIVED
10-14 23:33:39.293  1483  1568 E KernelCpuSpeedReader: Failed to read cpu-freq: /sys/devices/system/cpu/cpu4/cpufreq/stats/time_in_state: open failed: ENOENT (No such file or directory)
10-14 23:33:39.293  1483  1568 E KernelCpuSpeedReader: Failed to read cpu-freq: /sys/devices/system/cpu/cpu0/cpufreq/stats/time_in_state: open failed: ENOENT (No such file or directory)
10-14 23:33:39.293  1483  1568 D BatteryExternalStatsWorker: Update CPU state
10-14 23:33:39.293  1483  1568 I KernelWakelockReader: readKernelWakelockStats(true)
10-14 23:33:39.297   569 26320 W android.system.suspend@1.0-service: getWakeLockStats +
10-14 23:33:39.298   569 26320 I android.system.suspend@1.0-service: name: PowerManagerService.Display, isActive: 1, LC: 2226611106, AC: 4788, AT: 179258, TT: 1488360948
10-14 23:33:39.298   569 26320 I android.system.suspend@1.0-service: name: PowerManager.SuspendLockout, isActive: 1, LC: 2226611106, AC: 4776, AT: 179260, TT: 1488357679
10-14 23:33:39.341   569 26320 E android.system.suspend@1.0-service: Error opening event_count for wakeup28: Original kwl [Path]=../../devices/platform/11016000.i2c5/i2c-5/5-0047/tcpc/type_c_port0/wakeup28: Permission denied
10-14 23:33:39.342   963   963 E audit   : type=1400 audit(1760495619.339:1088403): avc:  denied  { read } for  pid=569 comm="binder:569_E" name="event_count" dev="sysfs" ino=37450 scontext=u:r:system_suspend:s0 tcontext=u:object_r:sysfs:s0 tclass=file permissive=0 SEPF_SM-A037M_12_0001 unfiltered
10-14 23:33:39.342   963   963 E audit   : type=1400 audit(1760495619.339:1088404): avc:  denied  { read } for  pid=569 comm="binder:569_E" name="max_time_ms" dev="sysfs" ino=37455 scontext=u:r:system_suspend:s0 tcontext=u:object_r:sysfs:s0 tclass=file permissive=0 SEPF_SM-A037M_12_0001 unfiltered
10-14 23:33:39.342   963   963 E audit   : type=1400 audit(1760495619.339:1088405): avc:  denied  { read } for  pid=569 comm="binder:569_E" name="wakeup_count" dev="sysfs" ino=37451 scontext=u:r:system_suspend:s0 tcontext=u:object_r:sysfs:s0 tclass=file permissive=0 SEPF_SM-A037M_12_0001 unfiltered
10-14 23:33:39.343   963   963 E audit   : type=1400 audit(1760495619.339:1088406): avc:  denied  { read } for  pid=569 comm="binder:569_E" name="total_time_ms" dev="sysfs" ino=37454 scontext=u:r:system_suspend:s0 tcontext=u:object_r:sysfs:s0 tclass=file permissive=0 SEPF_SM-A037M_12_0001 unfiltered
10-14 23:33:39.343   963   963 E audit   : type=1400 audit(1760495619.339:1088407): avc:  denied  { read } for  pid=569 comm="binder:569_E" name="expire_count" dev="sysfs" ino=37452 scontext=u:r:system_suspend:s0 tcontext=u:object_r:sysfs:s0 tclass=file permissive=0 SEPF_SM-A037M_12_0001 unfiltered
10-14 23:33:39.344   963   963 E audit   : type=1400 audit(1760495619.343:1088408): avc:  denied  { read } for  pid=569 comm="binder:569_E" name="active_count" dev="sysfs" ino=37449 scontext=u:r:system_suspend:s0 tcontext=u:object_r:sysfs:s0 tclass=file permissive=0 SEPF_SM-A037M_12_0001 unfiltered
10-14 23:33:39.382   569 26320 E android.system.suspend@1.0-service: Error opening event_count for wakeup26: Original kwl [Path]=../../devices/platform/11016000.i2c5/i2c-5/5-0047/tcpc/type_c_port0/wakeup26: Permission denied
10-14 23:33:39.400   569 26320 E android.system.suspend@1.0-service: Error opening event_count for wakeup142: Original kwl [Path]=../../devices/platform/11010000.spi/spi_master/spi1/spi1.1/wakeup/wakeup142: Permission denied
10-14 23:33:39.510   569 26320 E android.system.suspend@1.0-service: Error opening event_count for wakeup29: Original kwl [Path]=../../devices/platform/11016000.i2c5/i2c-5/5-006b/power_supply/5-006b/wakeup29: Permission denied
10-14 23:33:39.544   569 26320 E android.system.suspend@1.0-service: Error opening event_count for wakeup27: Original kwl [Path]=../../devices/platform/11016000.i2c5/i2c-5/5-0047/tcpc/type_c_port0/wakeup27: Permission denied
10-14 23:33:39.564   569 26320 E android.system.suspend@1.0-service: Error opening event_count for wakeup1: Original kwl [Path]=../../devices/platform/10238000.gce/wakeup/wakeup1: Permission denied
10-14 23:33:39.584   569 26320 E android.system.suspend@1.0-service: Error opening event_count for wakeup25: Original kwl [Path]=../../devices/platform/11016000.i2c5/i2c-5/5-0047/wakeup/wakeup25: Permission denied
10-14 23:33:39.628  1483  1498 I system_server: Background concurrent copying GC freed 494822(21MB) AllocSpace objects, 93(2284KB) LOS objects, 18% free, 108MB/132MB, paused 523us,576us total 662.608ms
10-14 23:33:39.675   569 26320 W android.system.suspend@1.0-service: getWakeLockStats -
10-14 23:33:39.678  1483  1568 D KernelWakelockReader: name=PowerManagerService.WakeLocks	 isActive=true	 lastChange=2226611106	 activeCount=164168	 activeTime=144476	 totalTime=1525685728	 version=11205	 time_delta=158984000
10-14 23:33:39.678  1483  1568 D KernelWakelockReader: name=PowerManagerService.Broadcasts	 isActive=false	 lastChange=2226432533	 activeCount=4643	 activeTime=0	 totalTime=4246236	 version=11205	 time_delta=1879000
10-14 23:33:39.678  1483  1568 D KernelWakelockReader: name=PowerManagerService.Display	 isActive=true	 lastChange=2226611106	 activeCount=4788	 activeTime=179258	 totalTime=1488360948	 version=11205	 time_delta=552658000
10-14 23:33:39.678  1483  1568 D KernelWakelockReader: name=PowerManager.SuspendLockout	 isActive=true	 lastChange=2226611106	 activeCount=4776	 activeTime=179260	 totalTime=1488357679	 version=11205	 time_delta=552660000
10-14 23:33:39.678  1483  1568 D KernelWakelockReader: name=PowerManagerService.Booting	 isActive=false	 lastChange=337375	 activeCount=1	 activeTime=0	 totalTime=157985	 version=11205	 time_delta=0
10-14 23:33:39.678  1483  1568 D KernelWakelockReader: name=muic_wake	 isActive=false	 lastChange=2226443996	 activeCount=3725	 activeTime=0	 totalTime=53818655	 version=11205	 time_delta=53818655000
10-14 23:33:39.678  1483  1568 I BatteryStatsImpl: updateKernelWakelocksLocked:: name=PowerManager.SuspendLockout / totalTime=1488357679000 / mCount=4776 / version=11205
10-14 23:33:39.679  1483  1568 I BatteryStatsImpl: updateKernelWakelocksLocked:: name=PowerManagerService.Display / totalTime=1488360948000 / mCount=4788 / version=11205
10-14 23:33:39.679  1483  1568 I BatteryStatsImpl: updateKernelWakelocksLocked:: name=PowerManagerService.WakeLocks / totalTime=1525685728000 / mCount=164168 / version=11205
10-14 23:33:39.679  1483  1568 I BatteryStatsImpl: updateKernelWakelocksLocked:: name=PowerManagerService.Broadcasts / totalTime=4246236000 / mCount=4643 / version=11205
10-14 23:33:39.679  1483  1568 I BatteryStatsImpl: updateKernelWakelocksLocked:: name=PowerManagerService.Booting / totalTime=157985000 / mCount=1 / version=11205
10-14 23:33:39.679  1483  1568 D BatteryExternalStatsWorker: Update Kernel wakelock & memory state
10-14 23:33:39.679  1483  1568 D BatteryExternalStatsWorker: Update RPM state
10-14 23:33:39.679  1483  1568 D BatteryExternalStatsWorker: mStats lock released
10-14 23:33:39.679  1483  1568 D BatteryExternalStatsWorker: done updateExternalStatsLocked
10-14 23:33:39.685  1483  1567 W system_server: Long monitor contention with owner batterystats-worker (1568) at void com.android.server.am.BatteryExternalStatsWorker.updateExternalStatsLocked(java.lang.String, int, boolean, boolean, int, int[], boolean)(BatteryExternalStatsWorker.java:747) waiters=0 in void com.android.server.am.BatteryStatsService.lambda$noteStopWakelockFromSource$26(android.os.WorkSource, int, java.lang.String, java.lang.String, int, long, long) for 431ms
10-14 23:33:39.706  1483  1500 W System  : A resource failed to call close. 
10-14 23:33:39.708  1483  1500 W System  : A resource failed to call close. 
10-14 23:33:39.708  1483  1500 W System  : A resource failed to call close. 
10-14 23:33:39.708  1483  1500 W System  : A resource failed to call close. 
10-14 23:33:39.709   543   543 D io_stats: !@ 179,0 r 401901355 4901590682 w 69549430 732349436 d 1257423 33782120 f 0 0 iot 199563264 0 th 0 0 0 pt 0 inp 0 0 2226611.517
10-14 23:33:39.710  1483  1500 W System  : A resource failed to call release. 
10-14 23:33:39.710  1483  1500 W System  : A resource failed to call HardwareBuffer.close. 
10-14 23:33:39.711  1483  1500 W System  : A resource failed to call end. 
10-14 23:33:39.722  1483  4869 D InputDispatcher: Inject key (15745/2000): action=0, f=0x0, d=-1, time=2226611530000000
10-14 23:33:39.722  1483  4869 D WindowManager: interceptKeyTq keycode=4 interactive=true keyguardActive=false policyFlags=2b000000
10-14 23:33:39.722  1483  4869 D PhoneWindowManagerExt: interceptKeyTq code=4 down=true repeatCount=0 displayId=-1 interactive=true
10-14 23:33:39.722  1483  4869 D WindowManager: interceptKeyTq interceptKeyResult=4
10-14 23:33:39.722  1483  1796 D PowerManagerService: [api] userActivityFromNative :  (event: 1 flags: 0 displayId: 0) eventTime = 2226611530
10-14 23:33:39.723  1483  1796 D WindowManager: interceptKeyTi keyCode=4 down=true repeatCount=0 keyguardOn=false canceled=false
10-14 23:33:39.723  1483  1796 D PhoneWindowManagerExt: interceptKeyTi code=4 down=true repeatCount=0 displayId=-1 interactive=true
10-14 23:33:39.723  1483  1796 I InputDispatcher: Delivering key to (15513): B action: 0x0 (0), f=0x0, m=0x0, d=0, '648df2c'
10-14 23:33:39.724  5125  5125 I HBD     : b skip onKeyDown as physical keyboard not connected 
10-14 23:33:39.725  5125  5125 I HBD     : HoneyBoardService onKeyDown r:73db9225 consumed:false 1 
10-14 23:33:39.725 15513 15513 I ViewRootImpl@ff8fc75[MainActivity]: ViewPostIme key 0
10-14 23:33:39.726 15513 15513 D Activity: onKeyDown(KEYCODE_BACK)
10-14 23:33:39.726  1483  4869 D InputDispatcher: Inject key (15745/2000): action=1, f=0x0, d=-1, time=2226611530000000
10-14 23:33:39.727  1483  4869 D WindowManager: interceptKeyTq keycode=4 interactive=true keyguardActive=false policyFlags=2b000000
10-14 23:33:39.727  1483  4869 D PhoneWindowManagerExt: interceptKeyTq code=4 down=false repeatCount=0 displayId=-1 interactive=true
10-14 23:33:39.727  1483  4869 D WindowManager: interceptKeyTq interceptKeyResult=4
10-14 23:33:39.728  1483  1796 D WindowManager: interceptKeyTi keyCode=4 down=false repeatCount=0 keyguardOn=false canceled=false
10-14 23:33:39.728  1483  1796 D PhoneWindowManagerExt: interceptKeyTi code=4 down=false repeatCount=0 displayId=-1 interactive=true
10-14 23:33:39.729  1483  1796 I InputDispatcher: Delivering key to (15513): B action: 0x1 (0), f=0x0, m=0x0, d=0, '648df2c'
10-14 23:33:39.730  5125  5125 I HBD     : HoneyBoardService onKeyUp r:a42d2ca4 consumed:false 1 
10-14 23:33:39.731 15513 15513 I ViewRootImpl@ff8fc75[MainActivity]: ViewPostIme key 1
10-14 23:33:39.731 15513 15513 D Activity: onKeyUp(KEYCODE_BACK) isTracking()=true isCanceled()=false hasCallback=false
10-14 23:33:39.825 15513 15537 E IMGMapper: set:488 set: Unset optional value from type SMPTE2086
10-14 23:33:39.825 15513 15537 E IMGMapper: set:488 set: Unset optional value from type CTA861_3
10-14 23:33:39.835  1039  1039 I BufferQueueProducer: [com.cinemamovel/com.cinemamovel.MainActivity$_15513#446665](this:0xb400007a262a8838,id:-1,api:0,p:-1,c:1039) queueBuffer: fps=15.72 dur=2162.56 max=1513.74 min=15.70
10-14 23:33:39.837   991  1074 I hwcomposer: [HWCDisplay] [Display_0 (type:1)] fps:15.729950,dur:2161.48,max:1512.91,min:15.66  
10-14 23:33:39.897 15513 15537 E IMGMapper: set:488 set: Unset optional value from type SMPTE2086
10-14 23:33:39.897 15513 15537 E IMGMapper: set:488 set: Unset optional value from type CTA861_3
10-14 23:33:39.906 15513 15537 E IMGMapper: set:488 set: Unset optional value from type SMPTE2086
10-14 23:33:39.906 15513 15537 E IMGMapper: set:488 set: Unset optional value from type CTA861_3
10-14 23:33:39.916 15513 15537 E IMGMapper: set:488 set: Unset optional value from type SMPTE2086
10-14 23:33:39.916 15513 15537 E IMGMapper: set:488 set: Unset optional value from type CTA861_3
10-14 23:33:39.932 15513 15537 E IMGMapper: set:488 set: Unset optional value from type SMPTE2086
10-14 23:33:39.932 15513 15537 E IMGMapper: set:488 set: Unset optional value from type CTA861_3
10-14 23:33:39.955 15513 15537 E IMGMapper: set:488 set: Unset optional value from type SMPTE2086
10-14 23:33:39.955 15513 15537 E IMGMapper: set:488 set: Unset optional value from type CTA861_3
10-14 23:33:39.969 15513 15537 E IMGMapper: set:488 set: Unset optional value from type SMPTE2086
10-14 23:33:39.969 15513 15537 E IMGMapper: set:488 set: Unset optional value from type CTA861_3
10-14 23:33:39.970  2521  2618 D MobileStatusTracker(0/2): onSignalStrengthsChanged level=4, vendorLevel=3
10-14 23:33:39.974  2521  2618 D MobileSignalController(0/2): notifyListener: enabled=true, connected=true, dataConnected=true, networkType=LTE (4G), emergencyOnly=false, roaming=false, isDefault=false, dataActivity=, level=3, ca=false, mmWave=false, disabledDataIcon=false, simCard=ETC
10-14 23:33:39.974  2521  2618 D NetworkController: SignalStrength from intent slotId=0
10-14 23:33:39.983 15513 15537 E IMGMapper: set:488 set: Unset optional value from type SMPTE2086
10-14 23:33:39.983 15513 15537 E IMGMapper: set:488 set: Unset optional value from type CTA861_3
10-14 23:33:39.999 15513 15537 E IMGMapper: set:488 set: Unset optional value from type SMPTE2086
10-14 23:33:39.999 15513 15537 E IMGMapper: set:488 set: Unset optional value from type CTA861_3
10-14 23:33:40.016 15513 15537 E IMGMapper: set:488 set: Unset optional value from type SMPTE2086
10-14 23:33:40.016 15513 15537 E IMGMapper: set:488 set: Unset optional value from type CTA861_3
10-14 23:33:40.033 15513 15537 E IMGMapper: set:488 set: Unset optional value from type SMPTE2086
10-14 23:33:40.033 15513 15537 E IMGMapper: set:488 set: Unset optional value from type CTA861_3
10-14 23:33:40.050 15513 15537 E IMGMapper: set:488 set: Unset optional value from type SMPTE2086
10-14 23:33:40.050 15513 15537 E IMGMapper: set:488 set: Unset optional value from type CTA861_3
10-14 23:33:40.067 15513 15537 E IMGMapper: set:488 set: Unset optional value from type SMPTE2086
10-14 23:33:40.067 15513 15537 E IMGMapper: set:488 set: Unset optional value from type CTA861_3
10-14 23:33:40.083 15513 15537 E IMGMapper: set:488 set: Unset optional value from type SMPTE2086
10-14 23:33:40.083 15513 15537 E IMGMapper: set:488 set: Unset optional value from type CTA861_3
10-14 23:33:40.099 15513 15537 E IMGMapper: set:488 set: Unset optional value from type SMPTE2086
10-14 23:33:40.100 15513 15537 E IMGMapper: set:488 set: Unset optional value from type CTA861_3
10-14 23:33:40.116 15513 15537 E IMGMapper: set:488 set: Unset optional value from type SMPTE2086
10-14 23:33:40.116 15513 15537 E IMGMapper: set:488 set: Unset optional value from type CTA861_3
10-14 23:33:40.137 15513 15537 E IMGMapper: set:488 set: Unset optional value from type SMPTE2086
10-14 23:33:40.137 15513 15537 E IMGMapper: set:488 set: Unset optional value from type CTA861_3
10-14 23:33:40.149 15513 15537 E IMGMapper: set:488 set: Unset optional value from type SMPTE2086
10-14 23:33:40.149 15513 15537 E IMGMapper: set:488 set: Unset optional value from type CTA861_3
10-14 23:33:40.162 15513 15537 E IMGMapper: set:488 set: Unset optional value from type SMPTE2086
10-14 23:33:40.162 15513 15537 E IMGMapper: set:488 set: Unset optional value from type CTA861_3
10-14 23:33:40.179 15513 15537 E IMGMapper: set:488 set: Unset optional value from type SMPTE2086
10-14 23:33:40.179 15513 15537 E IMGMapper: set:488 set: Unset optional value from type CTA861_3
10-14 23:33:40.196 15513 15537 E IMGMapper: set:488 set: Unset optional value from type SMPTE2086
10-14 23:33:40.196 15513 15537 E IMGMapper: set:488 set: Unset optional value from type CTA861_3
10-14 23:33:40.213 15513 15537 E IMGMapper: set:488 set: Unset optional value from type SMPTE2086
10-14 23:33:40.213 15513 15537 E IMGMapper: set:488 set: Unset optional value from type CTA861_3
10-14 23:33:40.228 15513 15537 E IMGMapper: set:488 set: Unset optional value from type SMPTE2086
10-14 23:33:40.229 15513 15537 E IMGMapper: set:488 set: Unset optional value from type CTA861_3
10-14 23:33:40.246 15513 15537 E IMGMapper: set:488 set: Unset optional value from type SMPTE2086
10-14 23:33:40.246 15513 15537 E IMGMapper: set:488 set: Unset optional value from type CTA861_3
10-14 23:33:40.263 15513 15537 E IMGMapper: set:488 set: Unset optional value from type SMPTE2086
10-14 23:33:40.263 15513 15537 E IMGMapper: set:488 set: Unset optional value from type CTA861_3
10-14 23:33:40.279 15513 15537 E IMGMapper: set:488 set: Unset optional value from type SMPTE2086
10-14 23:33:40.279 15513 15537 E IMGMapper: set:488 set: Unset optional value from type CTA861_3
10-14 23:33:40.297 15513 15537 E IMGMapper: set:488 set: Unset optional value from type SMPTE2086
10-14 23:33:40.298 15513 15537 E IMGMapper: set:488 set: Unset optional value from type CTA861_3
10-14 23:33:40.312 15513 15537 E IMGMapper: set:488 set: Unset optional value from type SMPTE2086
10-14 23:33:40.312 15513 15537 E IMGMapper: set:488 set: Unset optional value from type CTA861_3
10-14 23:33:40.329 15513 15537 E IMGMapper: set:488 set: Unset optional value from type SMPTE2086
10-14 23:33:40.329 15513 15537 E IMGMapper: set:488 set: Unset optional value from type CTA861_3
10-14 23:33:40.346 15513 15537 E IMGMapper: set:488 set: Unset optional value from type SMPTE2086
10-14 23:33:40.346 15513 15537 E IMGMapper: set:488 set: Unset optional value from type CTA861_3
10-14 23:33:40.363 15513 15537 E IMGMapper: set:488 set: Unset optional value from type SMPTE2086
10-14 23:33:40.363 15513 15537 E IMGMapper: set:488 set: Unset optional value from type CTA861_3
10-14 23:33:40.434  2521  2618 D MobileStatusTracker(1/1): onSignalStrengthsChanged level=4, vendorLevel=4
10-14 23:33:40.437  2521  2618 D MobileSignalController(1/1): notifyListener: enabled=true, connected=true, dataConnected=false, networkType=UMTS (3G), emergencyOnly=true, roaming=false, isDefault=false, dataActivity=, level=4, ca=false, mmWave=false, disabledDataIcon=false, simCard=ETC
10-14 23:33:40.437  2521  2618 D NetworkController: SignalStrength from intent slotId=1
10-14 23:33:40.460  1483  2471 D NetdEventListenerService: DNS Requested by : 416, 11011
10-14 23:33:40.460 14566 14607 D TrafficStats: tagSocket(6) with statsTag=0xffffffff, statsUid=-1
10-14 23:33:40.489  1483  2457 D WifiConnectivityMonitor.NetworkStatsAnalyzer: Backhaul result - RSSI:-41, CE:11, PE:10, TI:17, PTI:16, TW:2, PTW:2, Tx:33, Rx:89, TxS:32, RxS:63, RESULT:true, IC:0, ICT:5, WC:0, WCT:5, R:5, RC:0, IE:0, EC:0
10-14 23:33:40.627  1483  1583 D PowerManagerService: UserActivityStateListenerState: 0
10-14 23:33:40.765  9665  9923 I NearbyDiscovery: FastPair: isDestroyable: Scanner is alive. [CONTEXT service_id=265 ]
10-14 23:33:40.766  9665  9923 I NearbyDiscovery: DiscoveryService: Skip stopSelf(), fast pair controller is not destroyable. [CONTEXT service_id=265 ]
10-14 23:33:41.245  2521  2618 D MobileStatusTracker(0/2): onSignalStrengthsChanged level=4, vendorLevel=3
10-14 23:33:41.246  2521  2618 D MobileSignalController(0/2): notifyListener: enabled=true, connected=true, dataConnected=true, networkType=LTE (4G), emergencyOnly=false, roaming=false, isDefault=false, dataActivity=, level=3, ca=false, mmWave=false, disabledDataIcon=false, simCard=ETC
10-14 23:33:41.246  2521  2618 D NetworkController: SignalStrength from intent slotId=0
10-14 23:33:41.509  2486  2486 I WifiHAL : Get link layer stats
10-14 23:33:41.510  2486  2486 I WifiHAL : GetLinkStatsCommand::create
10-14 23:33:41.510  2486  2486 D android.hardware.wifi@1.0-service-lazy: WifiRequest::create vendor command to iface 38, vendor_id=0x1a11, subcmd=0x1200, res=0
10-14 23:33:41.510  2486  2486 I android.hardware.wifi@1.0-service-lazy: WifiCommand::requestResponse err=-95
10-14 23:33:41.510  2486  2486 I WifiHAL : wifi_get_link_stats: result=-3
10-14 23:33:41.510  1483  2363 E WifiVendorHal: getWifiLinkLayerStats_1_5_Internal(l.1179) failed {.code = ERROR_NOT_SUPPORTED, .description = }
10-14 23:33:41.514  1483  3390 D SemWifiUsabilityStatsMonitor: onWifiUsabilityStats - seqNum 476719, isSameBssidAndFreq true
10-14 23:33:41.515  1483  2437 I SemWifiLinkQualityMonitor: Link Qos query: inf. ms / 0 Mbps
10-14 23:33:41.636  1483  2453 D WifiConnectivityMonitor: Stop WCM Poll. cnt : 5
10-14 23:33:41.710   543   543 D io_stats: !@ 179,0 r 401901376 4901590826 w 69549474 732350624 d 1257423 33782120 f 0 0 iot 199563400 0 th 0 0 0 pt 0 inp 0 0 2226613.518
10-14 23:33:41.789  1483  4870 D InputDispatcher: Inject motion (15753/2000): action=0x0, time=2226613597000000, f=0x0, d=0 dsdx=1.000000 dtdx=0.000000
10-14 23:33:41.790  1483  1796 I InputDispatcher: Delivering touch to (2521): action: 0x4, f=0x0, d=0, 'a9cce9e', t=1 
10-14 23:33:41.790  1483  1796 I InputDispatcher: Delivering touch to (15513): action: 0x0, f=0x0, d=0, '648df2c', t=1 
10-14 23:33:41.790  1483  1796 D PowerManagerService: [api] userActivityFromNative :  (event: 2 flags: 0 displayId: 0) eventTime = 2226613597
10-14 23:33:41.790 15513 15513 I ViewRootImpl@ff8fc75[MainActivity]: ViewPostIme pointer 0
10-14 23:33:41.790  1483  1528 I GestureDetector: obtain mCurrentDownEvent. id: -942219829 caller: com.android.server.wm.SystemGesturesPointerEventListener.onPointerEvent:203 com.android.server.wm.PointerEventDispatcher.onInputEvent:53 android.view.InputEventReceiver.dispatchInputEvent:285 
10-14 23:33:41.791  1483  1528 I GestureDetector: obtain mCurrentDownEvent. id: -942219829 caller: com.android.server.wm.SystemPerformancePointerEventListener.onPointerEvent:89 com.android.server.wm.PointerEventDispatcher.onInputEvent:53 android.view.InputEventReceiver.dispatchInputEvent:285 
10-14 23:33:41.791  1483  1796 D PowerManagerService: UserActivityStateListenerState: 1
10-14 23:33:41.796  1483  4870 D InputDispatcher: Inject motion (15753/2000): action=0x1, time=2226613597000000, f=0x0, d=0 dsdx=1.000000 dtdx=0.000000
10-14 23:33:41.796  1483  1796 I InputDispatcher: Delivering touch to (15513): action: 0x1, f=0x0, d=0, '648df2c', t=1 
10-14 23:33:41.796 15513 15513 I ViewRootImpl@ff8fc75[MainActivity]: ViewPostIme pointer 1
10-14 23:33:41.796  1483  1528 I GestureDetector: obtain mCurrentMotionEventRaw. action: 1 id: -960869969
10-14 23:33:41.797  1483  1528 I GestureDetector: obtain mCurrentMotionEventRaw. action: 1 id: -960869969
10-14 23:33:41.854 15513 15513 W [RNScreens]: backTitleVisible prop is not available on Android
10-14 23:33:41.855 15513 15513 W [RNScreens]: backTitleFontFamily prop is not available on Android
10-14 23:33:41.855 15513 15513 W [RNScreens]: disableBackButtonMenu prop is not available on Android
10-14 23:33:41.855 15513 15513 W [RNScreens]: largeTitleFontFamily prop is not available on Android
10-14 23:33:41.855 15513 15513 W [RNScreens]: largeTitleFontWeight prop is not available on Android
10-14 23:33:41.855 15513 15513 W [RNScreens]: largeTitleHideShadow prop is not available on Android
10-14 23:33:41.858 15513 15547 I ReactNativeJS: ---METRICS_JSON_START---
10-14 23:33:41.858 15513 15547 I ReactNativeJS: {
10-14 23:33:41.858 15513 15547 I ReactNativeJS:   "dashboardRenders": 3,
10-14 23:33:41.858 15513 15547 I ReactNativeJS:   "cardRenders": {
10-14 23:33:41.858 15513 15547 I ReactNativeJS:     "13494": 2,
10-14 23:33:41.858 15513 15547 I ReactNativeJS:     "506763": 2,
10-14 23:33:41.858 15513 15547 I ReactNativeJS:     "575265": 2,
10-14 23:33:41.858 15513 15547 I ReactNativeJS:     "617126": 1,
10-14 23:33:41.858 15513 15547 I ReactNativeJS:     "755898": 2,
10-14 23:33:41.858 15513 15547 I ReactNativeJS:     "803796": 2,
10-14 23:33:41.858 15513 15547 I ReactNativeJS:     "911430": 1,
10-14 23:33:41.858 15513 15547 I ReactNativeJS:     "914215": 2,
10-14 23:33:41.858 15513 15547 I ReactNativeJS:     "987400": 2,
10-14 23:33:41.858 15513 15547 I ReactNativeJS:     "993234": 1,
10-14 23:33:41.858 15513 15547 I ReactNativeJS:     "1007734": 2,
10-14 23:33:41.858 15513 15547 I ReactNativeJS:     "1028248": 2,
10-14 23:33:41.858 15513 15547 I ReactNativeJS:     "1035259": 2,
10-14 23:33:41.858 15513 15547 I ReactNativeJS:     "1038392": 2,
10-14 23:33:41.858 15513 15547 I ReactNativeJS:     "1051486": 2,
10-14 23:33:41.858 15513 15547 I ReactNativeJS:     "1061474": 2,
10-14 23:33:41.858 15513 15547 I ReactNativeJS:     "1078605": 2,
10-14 23:33:41.858 15513 15547 I ReactNativeJS:     "1087192": 2,
10-14 23:33:41.858 15513 15547 I ReactNativeJS:     "1234821": 2,
10-14 23:33:41.858 15513 15547 I ReactNativeJS:     "1242011": 1,
10-14 23:33:41.858 15513 15547 I ReactNativeJS:     "1246049": 1,
10-14 23:33:41.858 15513 15547 I ReactNativeJS:     "1265344": 2,
10-14 23:33:41.858 15513 15547 I ReactNativeJS:     "1311031": 2,
10-14 23:33:41.858 15513 15547 I ReactNativeJS:     "1355666": 1,
10-14 23:33:41.858 15513 15547 I ReactNativeJS:     "1369679": 2
10-14 23:33:41.858 15513 15547 I ReactNativeJS:   },
10-14 23:33:41.858 15513 15547 I ReactNativeJS:   "navigationEvents": [
10-14 23:33:41.858 15513 15547 I ReactNativeJS:     {
10-14 23:33:41.858 15513 15547 I ReactNativeJS:       "action": "focus_dashboard",
10-14 23:33:41.858 15513 15547 I ReactNativeJS:       "timestamp": 1760495601533
10-14 23:33:41.858 15513 15547 I ReactNativeJS:     },
10-14 23:33:41.858 15513 15547 I ReactNativeJS:     {
10-14 23:33:41.858 15513 15547 I ReactNativeJS:       "action": "navigate_to_1265344",
10-14 23:33:41.858 15513 15547 I ReactNativeJS:       "timestamp": 1760495613474
10-14 23:33:41.858 15513 15547 I ReactNativeJS:     },
10-14 23:33:41.858 15513 15547 I ReactNativeJS:     {
10-14 23:33:41.858 15513 15547 I ReactNativeJS:       "action": "leave_dashboard",
10-14 23:33:41.858 15513 15547 I ReactNativeJS:       "timestamp": 1760495613554
10-14 23:33:41.858 15513 15547 I ReactNativeJS:     },
10-14 23:33:41.858 15513 15547 I ReactNativeJS:     {
10-14 23:33:41.858 15513 15547 I ReactNativeJS:       "action": "focus_dashboard",
10-14 23:33:41.858 15513 15547 I ReactNativeJS:       "timestamp": 1760495615592
10-14 23:33:41.858 15513 15547 I ReactNativeJS:     },
10-14 23:33:41.858 15513 15547 I ReactNativeJS:     {
10-14 23:33:41.858 15513 15547 I ReactNativeJS:       "action": "navigate_to_1265344",
10-14 23:33:41.858 15513 15547 I ReactNativeJS:       "timestamp": 1760495617664
10-14 23:33:41.858 15513 15547 I ReactNativeJS:     },
10-14 23:33:41.858 15513 15547 I ReactNativeJS:     {
10-14 23:33:41.858 15513 15547 I ReactNativeJS:       "action": "leave_dashboard",
10-14 23:33:41.858 15513 15547 I ReactNativeJS:       "timestamp": 1760495617746
10-14 23:33:41.858 15513 15547 I ReactNativeJS:     },
10-14 23:33:41.858 15513 15547 I ReactNativeJS:     {
10-14 23:33:41.858 15513 15547 I ReactNativeJS:       "action": "focus_dashboard",
10-14 23:33:41.858 15513 15547 I ReactNativeJS:       "timestamp": 1760495619790
10-14 23:33:41.858 15513 15547 I ReactNativeJS:     },
10-14 23:33:41.858 15513 15547 I ReactNativeJS:     {
10-14 23:33:41.858 15513 15547 I ReactNativeJS:       "action": "navigate_to_1265344",
10-14 23:33:41.858 15513 15547 I ReactNativeJS:       "timestamp": 1760495621803
10-14 23:33:41.858 15513 15547 I ReactNativeJS:     },
10-14 23:33:41.858 15513 15547 I ReactNativeJS:     {
10-14 23:33:41.858 15513 15547 I ReactNativeJS:       "action": "leave_dashboard",
10-14 23:33:41.858 15513 15547 I ReactNativeJS:       "timestamp": 1760495621857
10-14 23:33:41.858 15513 15547 I ReactNativeJS:     }
10-14 23:33:41.858 15513 15547 I ReactNativeJS:   ]
10-14 23:33:41.858 15513 15547 I ReactNativeJS: }
10-14 23:33:41.858 15513 15547 I ReactNativeJS: ---METRICS_JSON_END---
10-14 23:33:41.879 15513 15537 E IMGMapper: set:488 set: Unset optional value from type SMPTE2086
10-14 23:33:41.879 15513 15537 E IMGMapper: set:488 set: Unset optional value from type CTA861_3
10-14 23:33:41.883  1039  1039 I BufferQueueProducer: [com.cinemamovel/com.cinemamovel.MainActivity$_15513#446665](this:0xb400007a262a8838,id:-1,api:0,p:-1,c:1039) queueBuffer: fps=15.14 dur=2047.68 max=1498.01 min=15.96
10-14 23:33:41.885   991  1074 I hwcomposer: [HWCDisplay] [Display_0 (type:1)] fps:15.139878,dur:2047.57,max:1498.44,min:14.56  
10-14 23:33:41.906 15513 15537 E IMGMapper: set:488 set: Unset optional value from type SMPTE2086
10-14 23:33:41.906 15513 15537 E IMGMapper: set:488 set: Unset optional value from type CTA861_3
10-14 23:33:41.918 15513 15537 E IMGMapper: set:488 set: Unset optional value from type SMPTE2086
10-14 23:33:41.918 15513 15537 E IMGMapper: set:488 set: Unset optional value from type CTA861_3
10-14 23:33:41.938 15513 15513 D ScrollView: initGoToTop
10-14 23:33:41.965 15513 15537 E IMGMapper: set:488 set: Unset optional value from type SMPTE2086
10-14 23:33:41.965 15513 15537 E IMGMapper: set:488 set: Unset optional value from type CTA861_3
10-14 23:33:41.979 15513 15537 E IMGMapper: set:488 set: Unset optional value from type SMPTE2086
10-14 23:33:41.979 15513 15537 E IMGMapper: set:488 set: Unset optional value from type CTA861_3
10-14 23:33:41.996 15513 15537 E IMGMapper: set:488 set: Unset optional value from type SMPTE2086
10-14 23:33:41.996 15513 15537 E IMGMapper: set:488 set: Unset optional value from type CTA861_3
10-14 23:33:42.010 15513 15537 E IMGMapper: set:488 set: Unset optional value from type SMPTE2086
10-14 23:33:42.010 15513 15537 E IMGMapper: set:488 set: Unset optional value from type CTA861_3
10-14 23:33:42.026 15513 15537 E IMGMapper: set:488 set: Unset optional value from type SMPTE2086
10-14 23:33:42.027 15513 15537 E IMGMapper: set:488 set: Unset optional value from type CTA861_3
10-14 23:33:42.046 15513 15537 E IMGMapper: set:488 set: Unset optional value from type SMPTE2086
10-14 23:33:42.046 15513 15537 E IMGMapper: set:488 set: Unset optional value from type CTA861_3
10-14 23:33:42.062 15513 15537 E IMGMapper: set:488 set: Unset optional value from type SMPTE2086
10-14 23:33:42.062 15513 15537 E IMGMapper: set:488 set: Unset optional value from type CTA861_3
10-14 23:33:42.079 15513 15537 E IMGMapper: set:488 set: Unset optional value from type SMPTE2086
10-14 23:33:42.079 15513 15537 E IMGMapper: set:488 set: Unset optional value from type CTA861_3
10-14 23:33:42.090  1483  1528 I GestureDetector: handleMessage TAP
10-14 23:33:42.091  1483  1483 I GestureDetector: handleMessage TAP
10-14 23:33:42.095 15513 15537 E IMGMapper: set:488 set: Unset optional value from type SMPTE2086
10-14 23:33:42.095 15513 15537 E IMGMapper: set:488 set: Unset optional value from type CTA861_3
10-14 23:33:42.111 15513 15537 E IMGMapper: set:488 set: Unset optional value from type SMPTE2086
10-14 23:33:42.111 15513 15537 E IMGMapper: set:488 set: Unset optional value from type CTA861_3
10-14 23:33:42.128 15513 15537 E IMGMapper: set:488 set: Unset optional value from type SMPTE2086
10-14 23:33:42.128 15513 15537 E IMGMapper: set:488 set: Unset optional value from type CTA861_3
10-14 23:33:42.145 15513 15537 E IMGMapper: set:488 set: Unset optional value from type SMPTE2086
10-14 23:33:42.145 15513 15537 E IMGMapper: set:488 set: Unset optional value from type CTA861_3
10-14 23:33:42.161 15513 15537 E IMGMapper: set:488 set: Unset optional value from type SMPTE2086
10-14 23:33:42.161 15513 15537 E IMGMapper: set:488 set: Unset optional value from type CTA861_3
10-14 23:33:42.178 15513 15537 E IMGMapper: set:488 set: Unset optional value from type SMPTE2086
10-14 23:33:42.178 15513 15537 E IMGMapper: set:488 set: Unset optional value from type CTA861_3
10-14 23:33:42.195 15513 15537 E IMGMapper: set:488 set: Unset optional value from type SMPTE2086
10-14 23:33:42.195 15513 15537 E IMGMapper: set:488 set: Unset optional value from type CTA861_3
10-14 23:33:42.211 15513 15537 E IMGMapper: set:488 set: Unset optional value from type SMPTE2086
10-14 23:33:42.211 15513 15537 E IMGMapper: set:488 set: Unset optional value from type CTA861_3
10-14 23:33:42.228 15513 15537 E IMGMapper: set:488 set: Unset optional value from type SMPTE2086
10-14 23:33:42.228 15513 15537 E IMGMapper: set:488 set: Unset optional value from type CTA861_3
10-14 23:33:42.245 15513 15537 E IMGMapper: set:488 set: Unset optional value from type SMPTE2086
10-14 23:33:42.245 15513 15537 E IMGMapper: set:488 set: Unset optional value from type CTA861_3
10-14 23:33:42.261 15513 15537 E IMGMapper: set:488 set: Unset optional value from type SMPTE2086
10-14 23:33:42.261 15513 15537 E IMGMapper: set:488 set: Unset optional value from type CTA861_3
10-14 23:33:42.278 15513 15537 E IMGMapper: set:488 set: Unset optional value from type SMPTE2086
10-14 23:33:42.278 15513 15537 E IMGMapper: set:488 set: Unset optional value from type CTA861_3
10-14 23:33:42.295 15513 15537 E IMGMapper: set:488 set: Unset optional value from type SMPTE2086
10-14 23:33:42.295 15513 15537 E IMGMapper: set:488 set: Unset optional value from type CTA861_3
10-14 23:33:42.312 15513 15537 E IMGMapper: set:488 set: Unset optional value from type SMPTE2086
10-14 23:33:42.312 15513 15537 E IMGMapper: set:488 set: Unset optional value from type CTA861_3
10-14 23:33:42.328 15513 15537 E IMGMapper: set:488 set: Unset optional value from type SMPTE2086
10-14 23:33:42.328 15513 15537 E IMGMapper: set:488 set: Unset optional value from type CTA861_3
10-14 23:33:42.346 15513 15537 E IMGMapper: set:488 set: Unset optional value from type SMPTE2086
10-14 23:33:42.347 15513 15537 E IMGMapper: set:488 set: Unset optional value from type CTA861_3
10-14 23:33:42.357 15513 15537 E IMGMapper: set:488 set: Unset optional value from type SMPTE2086
10-14 23:33:42.357 15513 15537 E IMGMapper: set:488 set: Unset optional value from type CTA861_3
10-14 23:33:42.372 15513 15537 E IMGMapper: set:488 set: Unset optional value from type SMPTE2086
10-14 23:33:42.372 15513 15537 E IMGMapper: set:488 set: Unset optional value from type CTA861_3
10-14 23:33:42.479  1483  2471 D NetdEventListenerService: DNS Requested by : 416, 11011
10-14 23:33:42.479 14566 14607 D TrafficStats: tagSocket(6) with statsTag=0xffffffff, statsUid=-1
10-14 23:33:42.523  2521  2618 D MobileStatusTracker(0/2): onSignalStrengthsChanged level=4, vendorLevel=3
10-14 23:33:42.525  2521  2618 D MobileSignalController(0/2): notifyListener: enabled=true, connected=true, dataConnected=true, networkType=LTE (4G), emergencyOnly=false, roaming=false, isDefault=false, dataActivity=, level=3, ca=false, mmWave=false, disabledDataIcon=false, simCard=ETC
10-14 23:33:42.525  2521  2618 D NetworkController: SignalStrength from intent slotId=0
10-14 23:33:43.803  2521  2618 D MobileStatusTracker(0/2): onSignalStrengthsChanged level=4, vendorLevel=3
10-14 23:33:43.806  2521  2618 D MobileSignalController(0/2): notifyListener: enabled=true, connected=true, dataConnected=true, networkType=LTE (4G), emergencyOnly=false, roaming=false, isDefault=false, dataActivity=, level=3, ca=false, mmWave=false, disabledDataIcon=false, simCard=ETC
10-14 23:33:43.806  2521  2618 D NetworkController: SignalStrength from intent slotId=0
10-14 23:33:43.840  1205  1205 I thermal_repeater: socket -1
10-14 23:33:43.857  1483  6407 D InputDispatcher: Inject key (15760/2000): action=0, f=0x0, d=-1, time=2226615666000000
10-14 23:33:43.858  1483  6407 D WindowManager: interceptKeyTq keycode=4 interactive=true keyguardActive=false policyFlags=2b000000
10-14 23:33:43.858  1483  6407 D PhoneWindowManagerExt: interceptKeyTq code=4 down=true repeatCount=0 displayId=-1 interactive=true
10-14 23:33:43.858  1483  6407 D WindowManager: interceptKeyTq interceptKeyResult=4
10-14 23:33:43.858  1483  1796 D PowerManagerService: [api] userActivityFromNative :  (event: 1 flags: 0 displayId: 0) eventTime = 2226615666
10-14 23:33:43.858  1483  1796 D WindowManager: interceptKeyTi keyCode=4 down=true repeatCount=0 keyguardOn=false canceled=false
10-14 23:33:43.858  1483  1796 D PhoneWindowManagerExt: interceptKeyTi code=4 down=true repeatCount=0 displayId=-1 interactive=true
10-14 23:33:43.859  1483  1796 I InputDispatcher: Delivering key to (15513): B action: 0x0 (0), f=0x0, m=0x0, d=0, '648df2c'
10-14 23:33:43.860  5125  5125 I HBD     : b skip onKeyDown as physical keyboard not connected 
10-14 23:33:43.861  5125  5125 I HBD     : HoneyBoardService onKeyDown r:6b406cb8 consumed:false 1 
10-14 23:33:43.862 15513 15513 I ViewRootImpl@ff8fc75[MainActivity]: ViewPostIme key 0
10-14 23:33:43.862 15513 15513 D Activity: onKeyDown(KEYCODE_BACK)
10-14 23:33:43.863  1483  6407 D InputDispatcher: Inject key (15760/2000): action=1, f=0x0, d=-1, time=2226615666000000
10-14 23:33:43.863  1483  6407 D WindowManager: interceptKeyTq keycode=4 interactive=true keyguardActive=false policyFlags=2b000000
10-14 23:33:43.863  1483  6407 D PhoneWindowManagerExt: interceptKeyTq code=4 down=false repeatCount=0 displayId=-1 interactive=true
10-14 23:33:43.863  1483  6407 D WindowManager: interceptKeyTq interceptKeyResult=4
10-14 23:33:43.863  1483  1796 D WindowManager: interceptKeyTi keyCode=4 down=false repeatCount=0 keyguardOn=false canceled=false
10-14 23:33:43.863  1483  1796 D PhoneWindowManagerExt: interceptKeyTi code=4 down=false repeatCount=0 displayId=-1 interactive=true
10-14 23:33:43.864  1483  1796 I InputDispatcher: Delivering key to (15513): B action: 0x1 (0), f=0x0, m=0x0, d=0, '648df2c'
10-14 23:33:43.865  5125  5125 I HBD     : HoneyBoardService onKeyUp r:74ee2b47 consumed:false 0 
10-14 23:33:43.865 15513 15513 I ViewRootImpl@ff8fc75[MainActivity]: ViewPostIme key 1
10-14 23:33:43.865 15513 15513 D Activity: onKeyUp(KEYCODE_BACK) isTracking()=true isCanceled()=false hasCallback=false
10-14 23:33:43.875 31295 31295 I wpa_supplicant: Heartbeat 6630
10-14 23:33:43.943 15513 15537 E IMGMapper: set:488 set: Unset optional value from type SMPTE2086
10-14 23:33:43.943 15513 15537 E IMGMapper: set:488 set: Unset optional value from type CTA861_3
10-14 23:33:43.947  1039  1039 I BufferQueueProducer: [com.cinemamovel/com.cinemamovel.MainActivity$_15513#446665](this:0xb400007a262a8838,id:-1,api:0,p:-1,c:1039) queueBuffer: fps=14.05 dur=2064.14 max=1548.16 min=16.38
10-14 23:33:43.949   991  1074 I hwcomposer: [HWCDisplay] [Display_0 (type:1)] fps:14.049850,dur:2064.08,max:1548.88,min:16.26  
10-14 23:33:43.999 15513 15537 E IMGMapper: set:488 set: Unset optional value from type SMPTE2086
10-14 23:33:43.999 15513 15537 E IMGMapper: set:488 set: Unset optional value from type CTA861_3
10-14 23:33:44.006 15513 15537 E IMGMapper: set:488 set: Unset optional value from type SMPTE2086
10-14 23:33:44.006 15513 15537 E IMGMapper: set:488 set: Unset optional value from type CTA861_3
10-14 23:33:44.022 15513 15537 E IMGMapper: set:488 set: Unset optional value from type SMPTE2086
10-14 23:33:44.022 15513 15537 E IMGMapper: set:488 set: Unset optional value from type CTA861_3
10-14 23:33:44.039 15513 15537 E IMGMapper: set:488 set: Unset optional value from type SMPTE2086
10-14 23:33:44.039 15513 15537 E IMGMapper: set:488 set: Unset optional value from type CTA861_3
10-14 23:33:44.059 15513 15537 E IMGMapper: set:488 set: Unset optional value from type SMPTE2086
10-14 23:33:44.059 15513 15537 E IMGMapper: set:488 set: Unset optional value from type CTA861_3
10-14 23:33:44.074 15513 15537 E IMGMapper: set:488 set: Unset optional value from type SMPTE2086
10-14 23:33:44.074 15513 15537 E IMGMapper: set:488 set: Unset optional value from type CTA861_3
10-14 23:33:44.092 15513 15537 E IMGMapper: set:488 set: Unset optional value from type SMPTE2086
10-14 23:33:44.092 15513 15537 E IMGMapper: set:488 set: Unset optional value from type CTA861_3
10-14 23:33:44.108 15513 15537 E IMGMapper: set:488 set: Unset optional value from type SMPTE2086
10-14 23:33:44.108 15513 15537 E IMGMapper: set:488 set: Unset optional value from type CTA861_3
10-14 23:33:44.125 15513 15537 E IMGMapper: set:488 set: Unset optional value from type SMPTE2086
10-14 23:33:44.125 15513 15537 E IMGMapper: set:488 set: Unset optional value from type CTA861_3
10-14 23:33:44.141 15513 15537 E IMGMapper: set:488 set: Unset optional value from type SMPTE2086
10-14 23:33:44.141 15513 15537 E IMGMapper: set:488 set: Unset optional value from type CTA861_3
10-14 23:33:44.158 15513 15537 E IMGMapper: set:488 set: Unset optional value from type SMPTE2086
10-14 23:33:44.158 15513 15537 E IMGMapper: set:488 set: Unset optional value from type CTA861_3
10-14 23:33:44.175 15513 15537 E IMGMapper: set:488 set: Unset optional value from type SMPTE2086
10-14 23:33:44.176 15513 15537 E IMGMapper: set:488 set: Unset optional value from type CTA861_3
10-14 23:33:44.193 15513 15537 E IMGMapper: set:488 set: Unset optional value from type SMPTE2086
10-14 23:33:44.193 15513 15537 E IMGMapper: set:488 set: Unset optional value from type CTA861_3
10-14 23:33:44.208 15513 15537 E IMGMapper: set:488 set: Unset optional value from type SMPTE2086
10-14 23:33:44.208 15513 15537 E IMGMapper: set:488 set: Unset optional value from type CTA861_3
10-14 23:33:44.226 15513 15537 E IMGMapper: set:488 set: Unset optional value from type SMPTE2086
10-14 23:33:44.226 15513 15537 E IMGMapper: set:488 set: Unset optional value from type CTA861_3
10-14 23:33:44.227 15513 15523 D InputTransport: Input channel destroyed: 'ClientS', fd=133
10-14 23:33:44.241 15513 15537 E IMGMapper: set:488 set: Unset optional value from type SMPTE2086
10-14 23:33:44.241 15513 15537 E IMGMapper: set:488 set: Unset optional value from type CTA861_3
10-14 23:33:44.257 15513 15537 E IMGMapper: set:488 set: Unset optional value from type SMPTE2086
10-14 23:33:44.257 15513 15537 E IMGMapper: set:488 set: Unset optional value from type CTA861_3
10-14 23:33:44.273 15513 15537 E IMGMapper: set:488 set: Unset optional value from type SMPTE2086
10-14 23:33:44.274 15513 15537 E IMGMapper: set:488 set: Unset optional value from type CTA861_3
10-14 23:33:44.290 15513 15537 E IMGMapper: set:488 set: Unset optional value from type SMPTE2086
10-14 23:33:44.290 15513 15537 E IMGMapper: set:488 set: Unset optional value from type CTA861_3
10-14 23:33:44.306 15513 15537 E IMGMapper: set:488 set: Unset optional value from type SMPTE2086
10-14 23:33:44.306 15513 15537 E IMGMapper: set:488 set: Unset optional value from type CTA861_3
10-14 23:33:44.323 15513 15537 E IMGMapper: set:488 set: Unset optional value from type SMPTE2086
10-14 23:33:44.323 15513 15537 E IMGMapper: set:488 set: Unset optional value from type CTA861_3
10-14 23:33:44.340 15513 15537 E IMGMapper: set:488 set: Unset optional value from type SMPTE2086
10-14 23:33:44.340 15513 15537 E IMGMapper: set:488 set: Unset optional value from type CTA861_3
10-14 23:33:44.356 15513 15537 E IMGMapper: set:488 set: Unset optional value from type SMPTE2086
10-14 23:33:44.356 15513 15537 E IMGMapper: set:488 set: Unset optional value from type CTA861_3
10-14 23:33:44.374 15513 15537 E IMGMapper: set:488 set: Unset optional value from type SMPTE2086
10-14 23:33:44.374 15513 15537 E IMGMapper: set:488 set: Unset optional value from type CTA861_3
10-14 23:33:44.390 15513 15537 E IMGMapper: set:488 set: Unset optional value from type SMPTE2086
10-14 23:33:44.390 15513 15537 E IMGMapper: set:488 set: Unset optional value from type CTA861_3
10-14 23:33:44.407 15513 15537 E IMGMapper: set:488 set: Unset optional value from type SMPTE2086
10-14 23:33:44.407 15513 15537 E IMGMapper: set:488 set: Unset optional value from type CTA861_3
10-14 23:33:44.424 15513 15537 E IMGMapper: set:488 set: Unset optional value from type SMPTE2086
10-14 23:33:44.424 15513 15537 E IMGMapper: set:488 set: Unset optional value from type CTA861_3
10-14 23:33:44.440 15513 15537 E IMGMapper: set:488 set: Unset optional value from type SMPTE2086
10-14 23:33:44.440 15513 15537 E IMGMapper: set:488 set: Unset optional value from type CTA861_3
10-14 23:33:44.457 15513 15537 E IMGMapper: set:488 set: Unset optional value from type SMPTE2086
10-14 23:33:44.457 15513 15537 E IMGMapper: set:488 set: Unset optional value from type CTA861_3
10-14 23:33:44.473 15513 15537 E IMGMapper: set:488 set: Unset optional value from type SMPTE2086
10-14 23:33:44.473 15513 15537 E IMGMapper: set:488 set: Unset optional value from type CTA861_3
10-14 23:33:44.500  1483  2471 D NetdEventListenerService: DNS Requested by : 416, 11011
10-14 23:33:44.501 14566 14607 D TrafficStats: tagSocket(6) with statsTag=0xffffffff, statsUid=-1
10-14 23:33:44.517  2486  2486 I WifiHAL : Get link layer stats
10-14 23:33:44.517  2486  2486 I WifiHAL : GetLinkStatsCommand::create
10-14 23:33:44.517  2486  2486 D android.hardware.wifi@1.0-service-lazy: WifiRequest::create vendor command to iface 38, vendor_id=0x1a11, subcmd=0x1200, res=0
10-14 23:33:44.517  2486  2486 I android.hardware.wifi@1.0-service-lazy: WifiCommand::requestResponse err=-95
10-14 23:33:44.517  2486  2486 I WifiHAL : wifi_get_link_stats: result=-3
10-14 23:33:44.517  1483  2363 E WifiVendorHal: getWifiLinkLayerStats_1_5_Internal(l.1179) failed {.code = ERROR_NOT_SUPPORTED, .description = }
10-14 23:33:44.529  1483  3390 D SemWifiUsabilityStatsMonitor: onWifiUsabilityStats - seqNum 476720, isSameBssidAndFreq true
10-14 23:33:44.530  1483  2437 I SemWifiLinkQualityMonitor: Link Qos query: inf. ms / 0 Mbps
10-14 23:33:44.531  2521  2521 D NetworkController.WifiSignalController: notifyListener: visible=true, connected=true, inetCondition=1, isDefault=true, wifiTestReported=true, receivedInetCondition=-1, hideDuringMobileSwitching=false
10-14 23:33:44.533  2521  2618 D Tile.WifiTile: handleUpdateState isTransient=false transientEnabling =false cb.isTransient=false state.state = 2 mStateBeforeClick.value =false enabled =true
10-14 23:33:44.550  2521  2605 E IMGMapper: set:488 set: Unset optional value from type SMPTE2086
10-14 23:33:44.550  2521  2605 E IMGMapper: set:488 set: Unset optional value from type CTA861_3
10-14 23:33:44.562  1039  1039 I BufferQueueProducer: [StatusBar$_2521#94](this:0xb400007a3dae1838,id:-1,api:0,p:-1,c:1039) queueBuffer: fps=0.11 dur=9054.11 max=9054.11 min=9054.11
10-14 23:33:44.583  1014  1037 D power@timer: [mtkPowerTimer] visRead:0
10-14 23:33:44.793  1483  1583 D PowerManagerService: UserActivityStateListenerState: 0
10-14 23:33:45.148  1483  1755 D SensorService: [SO] -0.484 1.323 9.893
10-14 23:33:45.711   543   543 D io_stats: !@ 179,0 r 401901381 4901590874 w 69549474 732350624 d 1257423 33782120 f 0 0 iot 199563404 0 th 0 0 0 pt 0 inp 0 0 2226617.519
10-14 23:33:46.373  2521  2618 D MobileStatusTracker(0/2): onSignalStrengthsChanged level=4, vendorLevel=3
10-14 23:33:46.379  2521  2618 D MobileSignalController(0/2): notifyListener: enabled=true, connected=true, dataConnected=true, networkType=LTE (4G), emergencyOnly=false, roaming=false, isDefault=false, dataActivity=, level=3, ca=false, mmWave=false, disabledDataIcon=false, simCard=ETC
10-14 23:33:46.380  2521  2618 D NetworkController: SignalStrength from intent slotId=0
10-14 23:33:46.544  1483  2471 D NetdEventListenerService: DNS Requested by : 416, 11011
10-14 23:33:46.546 14566 14607 D TrafficStats: tagSocket(6) with statsTag=0xffffffff, statsUid=-1
10-14 23:33:46.765  1483 15768 D TrafficStats: tagSocket(703) with statsTag=0xffffffff, statsUid=-1
