10-28 18:50:51.075 20422 24667 E AuthPII : 	at adxt.o(:com.google.android.gms@254232029@25.42.32 (190400-820822052):64)
10-28 18:50:51.075 20422 24667 E AuthPII : 	at adxt.h(:com.google.android.gms@254232029@25.42.32 (190400-820822052):4)
10-28 18:50:51.075 20422 24667 E AuthPII : 	at adxt.i(:com.google.android.gms@254232029@25.42.32 (190400-820822052):8)
10-28 18:50:51.075 20422 24667 E AuthPII : 	at adxt.f(:com.google.android.gms@254232029@25.42.32 (190400-820822052):21)
10-28 18:50:51.075 20422 24667 E AuthPII : 	at aemk.d(:com.google.android.gms@254232029@25.42.32 (190400-820822052):51)
10-28 18:50:51.075 20422 24667 E AuthPII : 	at bbcd.b(:com.google.android.gms@254232029@25.42.32 (190400-820822052):72)
10-28 18:50:51.075 20422 24667 E AuthPII : 	at com.google.android.gms.clearcut.uploader.QosUploaderChimeraService.g(:com.google.android.gms@254232029@25.42.32 (190400-820822052):1562)
10-28 18:50:51.075 20422 24667 E AuthPII : 	at com.google.android.gms.clearcut.uploader.QosUploaderChimeraService.a(:com.google.android.gms@254232029@25.42.32 (190400-820822052):42)
10-28 18:50:51.075 20422 24667 E AuthPII : 	at coix.call(:com.google.android.gms@254232029@25.42.32 (190400-820822052):30)
10-28 18:50:51.075 20422 24667 E AuthPII : 	at java.util.concurrent.FutureTask.run(FutureTask.java:264)
10-28 18:50:51.075 20422 24667 E AuthPII : 	at bdgq.c(:com.google.android.gms@254232029@25.42.32 (190400-820822052):50)
10-28 18:50:51.075 20422 24667 E AuthPII : 	at bdgq.run(:com.google.android.gms@254232029@25.42.32 (190400-820822052):73)
10-28 18:50:51.075 20422 24667 E AuthPII : 	at java.util.concurrent.ThreadPoolExecutor.runWorker(ThreadPoolExecutor.java:1145)
10-28 18:50:51.075 20422 24667 E AuthPII : 	at java.util.concurrent.ThreadPoolExecutor$Worker.run(ThreadPoolExecutor.java:644)
10-28 18:50:51.075 20422 24667 E AuthPII : 	at bdmi.run(:com.google.android.gms@254232029@25.42.32 (190400-820822052):8)
10-28 18:50:51.075 20422 24667 E AuthPII : 	at java.lang.Thread.run(Thread.java:1012)
10-28 18:50:51.075 20422 24667 E AuthPII : Message is Long live credential not available.
10-28 18:50:51.075 20422 24667 E AuthPII : bcaj: Long live credential not available.
10-28 18:50:51.075 20422 24667 E AuthPII : 	at aeuq.a(:com.google.android.gms@254232029@25.42.32 (190400-820822052):1289)
10-28 18:50:51.075 20422 24667 E AuthPII : 	at aeuw.b(:com.google.android.gms@254232029@25.42.32 (190400-820822052):28)
10-28 18:50:51.075 20422 24667 E AuthPII : 	at aeuu.a(:com.google.android.gms@254232029@25.42.32 (190400-820822052):537)
10-28 18:50:51.075 20422 24667 E AuthPII : 	at aefc.a(:com.google.android.gms@254232029@25.42.32 (190400-820822052):38)
10-28 18:50:51.075 20422 24667 E AuthPII : 	at aefc.h(:com.google.android.gms@254232029@25.42.32 (190400-820822052):108)
10-28 18:50:51.075 20422 24667 E AuthPII : 	at aefc.b(:com.google.android.gms@254232029@25.42.32 (190400-820822052):714)
10-28 18:50:51.075 20422 24667 E AuthPII : 	at aefc.c(:com.google.android.gms@254232029@25.42.32 (190400-820822052):5)
10-28 18:50:51.075 20422 24667 E AuthPII : 	at yei.d(:com.google.android.gms@254232029@25.42.32 (190400-820822052):379)
10-28 18:50:51.075 20422 24667 E AuthPII : 	at adxn.a(:com.google.android.gms@254232029@25.42.32 (190400-820822052):33)
10-28 18:50:51.075 20422 24667 E AuthPII : 	at adxt.m(:com.google.android.gms@254232029@25.42.32 (190400-820822052):34)
10-28 18:50:51.075 20422 24667 E AuthPII : 	at adxt.o(:com.google.android.gms@254232029@25.42.32 (190400-820822052):64)
10-28 18:50:51.075 20422 24667 E AuthPII : 	at adxt.h(:com.google.android.gms@254232029@25.42.32 (190400-820822052):4)
10-28 18:50:51.075 20422 24667 E AuthPII : 	at adxt.i(:com.google.android.gms@254232029@25.42.32 (190400-820822052):8)
10-28 18:50:51.075 20422 24667 E AuthPII : 	at adxt.f(:com.google.android.gms@254232029@25.42.32 (190400-820822052):21)
10-28 18:50:51.075 20422 24667 E AuthPII : 	at aemk.d(:com.google.android.gms@254232029@25.42.32 (190400-820822052):51)
10-28 18:50:51.075 20422 24667 E AuthPII : 	at bbcd.b(:com.google.android.gms@254232029@25.42.32 (190400-820822052):72)
10-28 18:50:51.075 20422 24667 E AuthPII : 	at com.google.android.gms.clearcut.uploader.QosUploaderChimeraService.g(:com.google.android.gms@254232029@25.42.32 (190400-820822052):1562)
10-28 18:50:51.075 20422 24667 E AuthPII : 	at com.google.android.gms.clearcut.uploader.QosUploaderChimeraService.a(:com.google.android.gms@254232029@25.42.32 (190400-820822052):42)
10-28 18:50:51.075 20422 24667 E AuthPII : 	at coix.call(:com.google.android.gms@254232029@25.42.32 (190400-820822052):30)
10-28 18:50:51.075 20422 24667 E AuthPII : 	at java.util.concurrent.FutureTask.run(FutureTask.java:264)
10-28 18:50:51.075 20422 24667 E AuthPII : 	at bdgq.c(:com.google.android.gms@254232029@25.42.32 (190400-820822052):50)
10-28 18:50:51.075 20422 24667 E AuthPII : 	at bdgq.run(:com.google.android.gms@254232029@25.42.32 (190400-820822052):73)
10-28 18:50:51.075 20422 24667 E AuthPII : 	at java.util.concurrent.ThreadPoolExecutor.runWorker(ThreadPoolExecutor.java:1145)
10-28 18:50:51.075 20422 24667 E AuthPII : 	at java.util.concurrent.ThreadPoolExecutor$Worker.run(ThreadPoolExecutor.java:644)
10-28 18:50:51.075 20422 24667 E AuthPII : 	at bdmi.run(:com.google.android.gms@254232029@25.42.32 (190400-820822052):8)
10-28 18:50:51.075 20422 24667 E AuthPII : 	at java.lang.Thread.run(Thread.java:1012)
10-28 18:50:51.080 20422 24667 W Auth    : [AccountStateDownloader] Unable to look up account state from server: couldn't fetch accessToken [CONTEXT service_id=343 ]
10-28 18:50:51.081 20422 24667 W Auth    : [GaiaIdSync] Empty email or accountId. [CONTEXT service_id=153 ]
10-28 18:50:51.088 25929 25958 E IMGMapper: set:488 set: Unset optional value from type SMPTE2086
10-28 18:50:51.088 25929 25958 E IMGMapper: set:488 set: Unset optional value from type CTA861_3
10-28 18:50:51.094 20422  9615 E AuthPII : [RequestTokenManager] getToken() -> BAD_AUTHENTICATION. App: com.google.android.gms, Service: oauth2:https://www.googleapis.com/auth/cclog
10-28 18:50:51.094 20422  9615 E AuthPII : bcaj: Long live credential not available.
10-28 18:50:51.094 20422  9615 E AuthPII : 	at aeuq.a(:com.google.android.gms@254232029@25.42.32 (190400-820822052):1289)
10-28 18:50:51.094 20422  9615 E AuthPII : 	at aeuw.b(:com.google.android.gms@254232029@25.42.32 (190400-820822052):28)
10-28 18:50:51.094 20422  9615 E AuthPII : 	at aeuu.a(:com.google.android.gms@254232029@25.42.32 (190400-820822052):537)
10-28 18:50:51.094 20422  9615 E AuthPII : 	at aeut.b(:com.google.android.gms@254232029@25.42.32 (190400-820822052):141)
10-28 18:50:51.094 20422  9615 E AuthPII : 	at aejf.a(:com.google.android.gms@254232029@25.42.32 (190400-820822052):312)
10-28 18:50:51.094 20422  9615 E AuthPII : 	at aeeo.f(:com.google.android.gms@254232029@25.42.32 (190400-820822052):24)
10-28 18:50:51.094 20422  9615 E AuthPII : 	at cmta.fx(:com.google.android.gms@254232029@25.42.32 (190400-820822052):1)
10-28 18:50:51.094 20422  9615 E AuthPII : 	at cmte.run(:com.google.android.gms@254232029@25.42.32 (190400-820822052):120)
10-28 18:50:51.094 20422  9615 E AuthPII : 	at gjem.run(:com.google.android.gms@254232029@25.42.32 (190400-820822052):19)
10-28 18:50:51.094 20422  9615 E AuthPII : 	at bdgq.c(:com.google.android.gms@254232029@25.42.32 (190400-820822052):50)
10-28 18:50:51.094 20422  9615 E AuthPII : 	at bdgq.run(:com.google.android.gms@254232029@25.42.32 (190400-820822052):73)
10-28 18:50:51.094 20422  9615 E AuthPII : 	at java.util.concurrent.ThreadPoolExecutor.runWorker(ThreadPoolExecutor.java:1145)
10-28 18:50:51.094 20422  9615 E AuthPII : 	at java.util.concurrent.ThreadPoolExecutor$Worker.run(ThreadPoolExecutor.java:644)
10-28 18:50:51.094 20422  9615 E AuthPII : 	at bdmi.run(:com.google.android.gms@254232029@25.42.32 (190400-820822052):8)
10-28 18:50:51.094 20422  9615 E AuthPII : 	at java.lang.Thread.run(Thread.java:1012)
10-28 18:50:51.094 20422  9615 E AuthPII : Message is Long live credential not available.
10-28 18:50:51.094 20422  9615 E AuthPII : bcaj: Long live credential not available.
10-28 18:50:51.094 20422  9615 E AuthPII : 	at aeuq.a(:com.google.android.gms@254232029@25.42.32 (190400-820822052):1289)
10-28 18:50:51.094 20422  9615 E AuthPII : 	at aeuw.b(:com.google.android.gms@254232029@25.42.32 (190400-820822052):28)
10-28 18:50:51.094 20422  9615 E AuthPII : 	at aeuu.a(:com.google.android.gms@254232029@25.42.32 (190400-820822052):537)
10-28 18:50:51.094 20422  9615 E AuthPII : 	at aeut.b(:com.google.android.gms@254232029@25.42.32 (190400-820822052):141)
10-28 18:50:51.094 20422  9615 E AuthPII : 	at aejf.a(:com.google.android.gms@254232029@25.42.32 (190400-820822052):312)
10-28 18:50:51.094 20422  9615 E AuthPII : 	at aeeo.f(:com.google.android.gms@254232029@25.42.32 (190400-820822052):24)
10-28 18:50:51.094 20422  9615 E AuthPII : 	at cmta.fx(:com.google.android.gms@254232029@25.42.32 (190400-820822052):1)
10-28 18:50:51.094 20422  9615 E AuthPII : 	at cmte.run(:com.google.android.gms@254232029@25.42.32 (190400-820822052):120)
10-28 18:50:51.094 20422  9615 E AuthPII : 	at gjem.run(:com.google.android.gms@254232029@25.42.32 (190400-820822052):19)
10-28 18:50:51.094 20422  9615 E AuthPII : 	at bdgq.c(:com.google.android.gms@254232029@25.42.32 (190400-820822052):50)
10-28 18:50:51.094 20422  9615 E AuthPII : 	at bdgq.run(:com.google.android.gms@254232029@25.42.32 (190400-820822052):73)
10-28 18:50:51.094 20422  9615 E AuthPII : 	at java.util.concurrent.ThreadPoolExecutor.runWorker(ThreadPoolExecutor.java:1145)
10-28 18:50:51.094 20422  9615 E AuthPII : 	at java.util.concurrent.ThreadPoolExecutor$Worker.run(ThreadPoolExecutor.java:644)
10-28 18:50:51.094 20422  9615 E AuthPII : 	at bdmi.run(:com.google.android.gms@254232029@25.42.32 (190400-820822052):8)
10-28 18:50:51.094 20422  9615 E AuthPII : 	at java.lang.Thread.run(Thread.java:1012)
10-28 18:50:51.104 25929 25958 E IMGMapper: set:488 set: Unset optional value from type SMPTE2086
10-28 18:50:51.104 25929 25958 E IMGMapper: set:488 set: Unset optional value from type CTA861_3
10-28 18:50:51.115 25929 25929 W unknown:WrappingUtils: Don't know how to round that drawable: com.facebook.react.views.image.ReactImageDownloadListener$EmptyDrawable@9ddb3f3
10-28 18:50:51.116  1693  1693 I WifiHAL : Get link layer stats
10-28 18:50:51.116  1693  1693 I WifiHAL : GetLinkStatsCommand::create
10-28 18:50:51.116  1693  1693 D android.hardware.wifi@1.0-service-lazy: WifiRequest::create vendor command to iface 38, vendor_id=0x1a11, subcmd=0x1200, res=0
10-28 18:50:51.116  1693  1693 I android.hardware.wifi@1.0-service-lazy: WifiCommand::requestResponse err=-95
10-28 18:50:51.116  1693  1693 I WifiHAL : wifi_get_link_stats: result=-3
10-28 18:50:51.117  1187  1566 E WifiVendorHal: getWifiLinkLayerStats_1_5_Internal(l.1179) failed {.code = ERROR_NOT_SUPPORTED, .description = }
10-28 18:50:51.122 20422  9615 I Auth    : (REDACTED) [GetToken] GetToken failed for app=%s with userRecoverable status: %s 
10-28 18:50:51.123  1187 22074 D SemWifiUsabilityStatsMonitor: onWifiUsabilityStats - seqNum 49575, isSameBssidAndFreq true
10-28 18:50:51.124 20422  9615 W Auth    : [GetTokenOperation] exception while trying to fetch auth tokens for app=com.google.android.gms [CONTEXT service_id=343 ]
10-28 18:50:51.124 20422  9615 W Auth    : aeup: GetToken failed with status code and recovery intent: BadAuthentication
10-28 18:50:51.124 20422  9615 W Auth    : 	at aeut.b(:com.google.android.gms@254232029@25.42.32 (190400-820822052):338)
10-28 18:50:51.124 20422  9615 W Auth    : 	at aejf.a(:com.google.android.gms@254232029@25.42.32 (190400-820822052):312)
10-28 18:50:51.124 20422  9615 W Auth    : 	at aeeo.f(:com.google.android.gms@254232029@25.42.32 (190400-820822052):24)
10-28 18:50:51.124 20422  9615 W Auth    : 	at cmta.fx(:com.google.android.gms@254232029@25.42.32 (190400-820822052):1)
10-28 18:50:51.124 20422  9615 W Auth    : 	at cmte.run(:com.google.android.gms@254232029@25.42.32 (190400-820822052):120)
10-28 18:50:51.124 20422  9615 W Auth    : 	at gjem.run(:com.google.android.gms@254232029@25.42.32 (190400-820822052):19)
10-28 18:50:51.124 20422  9615 W Auth    : 	at bdgq.c(:com.google.android.gms@254232029@25.42.32 (190400-820822052):50)
10-28 18:50:51.124 20422  9615 W Auth    : 	at bdgq.run(:com.google.android.gms@254232029@25.42.32 (190400-820822052):73)
10-28 18:50:51.124 20422  9615 W Auth    : 	at java.util.concurrent.ThreadPoolExecutor.runWorker(ThreadPoolExecutor.java:1145)
10-28 18:50:51.124 20422  9615 W Auth    : 	at java.util.concurrent.ThreadPoolExecutor$Worker.run(ThreadPoolExecutor.java:644)
10-28 18:50:51.124 20422  9615 W Auth    : 	at bdmi.run(:com.google.android.gms@254232029@25.42.32 (190400-820822052):8)
10-28 18:50:51.124 20422  9615 W Auth    : 	at java.lang.Thread.run(Thread.java:1012)
10-28 18:50:51.125 20422 24667 I CCTUploader: Failed to get auth token due to class com.google.android.gms.auth.UserRecoverableAuthException
10-28 18:50:51.125  1187  1645 I SemWifiLinkQualityMonitor: Link Qos query: inf. ms / 0 Mbps
10-28 18:50:51.130 25929 25958 E IMGMapper: set:488 set: Unset optional value from type SMPTE2086
10-28 18:50:51.130 25929 25958 E IMGMapper: set:488 set: Unset optional value from type CTA861_3
10-28 18:50:51.142 20422 24667 E AuthPII : [RequestTokenManager] getToken() -> BAD_AUTHENTICATION. App: com.google.android.gms, Service: oauth2:https://www.googleapis.com/auth/plus.me
10-28 18:50:51.142 20422 24667 E AuthPII : bcaj: Long live credential not available.
10-28 18:50:51.142 20422 24667 E AuthPII : 	at aeuq.a(:com.google.android.gms@254232029@25.42.32 (190400-820822052):1289)
10-28 18:50:51.142 20422 24667 E AuthPII : 	at aeuw.b(:com.google.android.gms@254232029@25.42.32 (190400-820822052):28)
10-28 18:50:51.142 20422 24667 E AuthPII : 	at aeuu.a(:com.google.android.gms@254232029@25.42.32 (190400-820822052):537)
10-28 18:50:51.142 20422 24667 E AuthPII : 	at aeew.a(:com.google.android.gms@254232029@25.42.32 (190400-820822052):82)
10-28 18:50:51.142 20422 24667 E AuthPII : 	at yei.d(:com.google.android.gms@254232029@25.42.32 (190400-820822052):307)
10-28 18:50:51.142 20422 24667 E AuthPII : 	at adxn.a(:com.google.android.gms@254232029@25.42.32 (190400-820822052):33)
10-28 18:50:51.142 20422 24667 E AuthPII : 	at adxt.m(:com.google.android.gms@254232029@25.42.32 (190400-820822052):34)
10-28 18:50:51.142 20422 24667 E AuthPII : 	at adxt.o(:com.google.android.gms@254232029@25.42.32 (190400-820822052):64)
10-28 18:50:51.142 20422 24667 E AuthPII : 	at adxt.h(:com.google.android.gms@254232029@25.42.32 (190400-820822052):4)
10-28 18:50:51.142 20422 24667 E AuthPII : 	at adxt.i(:com.google.android.gms@254232029@25.42.32 (190400-820822052):8)
10-28 18:50:51.142 20422 24667 E AuthPII : 	at adxt.f(:com.google.android.gms@254232029@25.42.32 (190400-820822052):21)
10-28 18:50:51.142 20422 24667 E AuthPII : 	at aemk.d(:com.google.android.gms@254232029@25.42.32 (190400-820822052):51)
10-28 18:50:51.142 20422 24667 E AuthPII : 	at bbcd.b(:com.google.android.gms@254232029@25.42.32 (190400-820822052):72)
10-28 18:50:51.142 20422 24667 E AuthPII : 	at com.google.android.gms.clearcut.uploader.QosUploaderChimeraService.g(:com.google.android.gms@254232029@25.42.32 (190400-820822052):1562)
10-28 18:50:51.142 20422 24667 E AuthPII : 	at com.google.android.gms.clearcut.uploader.QosUploaderChimeraService.a(:com.google.android.gms@254232029@25.42.32 (190400-820822052):42)
10-28 18:50:51.142 20422 24667 E AuthPII : 	at coix.call(:com.google.android.gms@254232029@25.42.32 (190400-820822052):30)
10-28 18:50:51.142 20422 24667 E AuthPII : 	at java.util.concurrent.FutureTask.run(FutureTask.java:264)
10-28 18:50:51.142 20422 24667 E AuthPII : 	at bdgq.c(:com.google.android.gms@254232029@25.42.32 (190400-820822052):50)
10-28 18:50:51.142 20422 24667 E AuthPII : 	at bdgq.run(:com.google.android.gms@254232029@25.42.32 (190400-820822052):73)
10-28 18:50:51.142 20422 24667 E AuthPII : 	at java.util.concurrent.ThreadPoolExecutor.runWorker(ThreadPoolExecutor.java:1145)
10-28 18:50:51.142 20422 24667 E AuthPII : 	at java.util.concurrent.ThreadPoolExecutor$Worker.run(ThreadPoolExecutor.java:644)
10-28 18:50:51.142 20422 24667 E AuthPII : 	at bdmi.run(:com.google.android.gms@254232029@25.42.32 (190400-820822052):8)
10-28 18:50:51.142 20422 24667 E AuthPII : 	at java.lang.Thread.run(Thread.java:1012)
10-28 18:50:51.142 20422 24667 E AuthPII : Message is Long live credential not available.
10-28 18:50:51.142 20422 24667 E AuthPII : bcaj: Long live credential not available.
10-28 18:50:51.142 20422 24667 E AuthPII : 	at aeuq.a(:com.google.android.gms@254232029@25.42.32 (190400-820822052):1289)
10-28 18:50:51.142 20422 24667 E AuthPII : 	at aeuw.b(:com.google.android.gms@254232029@25.42.32 (190400-820822052):28)
10-28 18:50:51.142 20422 24667 E AuthPII : 	at aeuu.a(:com.google.android.gms@254232029@25.42.32 (190400-820822052):537)
10-28 18:50:51.142 20422 24667 E AuthPII : 	at aeew.a(:com.google.android.gms@254232029@25.42.32 (190400-820822052):82)
10-28 18:50:51.142 20422 24667 E AuthPII : 	at yei.d(:com.google.android.gms@254232029@25.42.32 (190400-820822052):307)
10-28 18:50:51.142 20422 24667 E AuthPII : 	at adxn.a(:com.google.android.gms@254232029@25.42.32 (190400-820822052):33)
10-28 18:50:51.142 20422 24667 E AuthPII : 	at adxt.m(:com.google.android.gms@254232029@25.42.32 (190400-820822052):34)
10-28 18:50:51.142 20422 24667 E AuthPII : 	at adxt.o(:com.google.android.gms@254232029@25.42.32 (190400-820822052):64)
10-28 18:50:51.142 20422 24667 E AuthPII : 	at adxt.h(:com.google.android.gms@254232029@25.42.32 (190400-820822052):4)
10-28 18:50:51.142 20422 24667 E AuthPII : 	at adxt.i(:com.google.android.gms@254232029@25.42.32 (190400-820822052):8)
10-28 18:50:51.142 20422 24667 E AuthPII : 	at adxt.f(:com.google.android.gms@254232029@25.42.32 (190400-820822052):21)
10-28 18:50:51.142 20422 24667 E AuthPII : 	at aemk.d(:com.google.android.gms@254232029@25.42.32 (190400-820822052):51)
10-28 18:50:51.142 20422 24667 E AuthPII : 	at bbcd.b(:com.google.android.gms@254232029@25.42.32 (190400-820822052):72)
10-28 18:50:51.142 20422 24667 E AuthPII : 	at com.google.android.gms.clearcut.uploader.QosUploaderChimeraService.g(:com.google.android.gms@254232029@25.42.32 (190400-820822052):1562)
10-28 18:50:51.142 20422 24667 E AuthPII : 	at com.google.android.gms.clearcut.uploader.QosUploaderChimeraService.a(:com.google.android.gms@254232029@25.42.32 (190400-820822052):42)
10-28 18:50:51.142 20422 24667 E AuthPII : 	at coix.call(:com.google.android.gms@254232029@25.42.32 (190400-820822052):30)
10-28 18:50:51.142 20422 24667 E AuthPII : 	at java.util.concurrent.FutureTask.run(FutureTask.java:264)
10-28 18:50:51.142 20422 24667 E AuthPII : 	at bdgq.c(:com.google.android.gms@254232029@25.42.32 (190400-820822052):50)
10-28 18:50:51.142 20422 24667 E AuthPII : 	at bdgq.run(:com.google.android.gms@254232029@25.42.32 (190400-820822052):73)
10-28 18:50:51.142 20422 24667 E AuthPII : 	at java.util.concurrent.ThreadPoolExecutor.runWorker(ThreadPoolExecutor.java:1145)
10-28 18:50:51.142 20422 24667 E AuthPII : 	at java.util.concurrent.ThreadPoolExecutor$Worker.run(ThreadPoolExecutor.java:644)
10-28 18:50:51.142 20422 24667 E AuthPII : 	at bdmi.run(:com.google.android.gms@254232029@25.42.32 (190400-820822052):8)
10-28 18:50:51.142 20422 24667 E AuthPII : 	at java.lang.Thread.run(Thread.java:1012)
10-28 18:50:51.143 20422 24667 I Auth    : (REDACTED) [AccountIdManager] Token response failed with status=%s
10-28 18:50:51.147 20422 24667 E AuthPII : [RequestTokenManager] getToken() -> BAD_AUTHENTICATION. App: com.google.android.gms, Service: oauth2:https://www.googleapis.com/auth/userinfo.email https://www.googleapis.com/auth/account.capabilities https://www.googleapis.com/auth/account.service_flags
10-28 18:50:51.147 20422 24667 E AuthPII : bcaj: Long live credential not available.
10-28 18:50:51.147 20422 24667 E AuthPII : 	at aeuq.a(:com.google.android.gms@254232029@25.42.32 (190400-820822052):1289)
10-28 18:50:51.147 20422 24667 E AuthPII : 	at aeuw.b(:com.google.android.gms@254232029@25.42.32 (190400-820822052):28)
10-28 18:50:51.147 20422 24667 E AuthPII : 	at aeuu.a(:com.google.android.gms@254232029@25.42.32 (190400-820822052):537)
10-28 18:50:51.147 20422 24667 E AuthPII : 	at aefc.a(:com.google.android.gms@254232029@25.42.32 (190400-820822052):38)
10-28 18:50:51.147 20422 24667 E AuthPII : 	at aefc.h(:com.google.android.gms@254232029@25.42.32 (190400-820822052):108)
10-28 18:50:51.147 20422 24667 E AuthPII : 	at aefc.b(:com.google.android.gms@254232029@25.42.32 (190400-820822052):714)
10-28 18:50:51.147 20422 24667 E AuthPII : 	at aefc.c(:com.google.android.gms@254232029@25.42.32 (190400-820822052):5)
10-28 18:50:51.147 20422 24667 E AuthPII : 	at yei.d(:com.google.android.gms@254232029@25.42.32 (190400-820822052):379)
10-28 18:50:51.147 20422 24667 E AuthPII : 	at adxn.a(:com.google.android.gms@254232029@25.42.32 (190400-820822052):33)
10-28 18:50:51.147 20422 24667 E AuthPII : 	at adxt.m(:com.google.android.gms@254232029@25.42.32 (190400-820822052):34)
10-28 18:50:51.147 20422 24667 E AuthPII : 	at adxt.o(:com.google.android.gms@254232029@25.42.32 (190400-820822052):64)
10-28 18:50:51.147 20422 24667 E AuthPII : 	at adxt.h(:com.google.android.gms@254232029@25.42.32 (190400-820822052):4)
10-28 18:50:51.147 20422 24667 E AuthPII : 	at adxt.i(:com.google.android.gms@254232029@25.42.32 (190400-820822052):8)
10-28 18:50:51.147 20422 24667 E AuthPII : 	at adxt.f(:com.google.android.gms@254232029@25.42.32 (190400-820822052):21)
10-28 18:50:51.147 20422 24667 E AuthPII : 	at aemk.d(:com.google.android.gms@254232029@25.42.32 (190400-820822052):51)
10-28 18:50:51.147 20422 24667 E AuthPII : 	at bbcd.b(:com.google.android.gms@254232029@25.42.32 (190400-820822052):72)
10-28 18:50:51.147 20422 24667 E AuthPII : 	at com.google.android.gms.clearcut.uploader.QosUploaderChimeraService.g(:com.google.android.gms@254232029@25.42.32 (190400-820822052):1562)
10-28 18:50:51.147 20422 24667 E AuthPII : 	at com.google.android.gms.clearcut.uploader.QosUploaderChimeraService.a(:com.google.android.gms@254232029@25.42.32 (190400-820822052):42)
10-28 18:50:51.147 20422 24667 E AuthPII : 	at coix.call(:com.google.android.gms@254232029@25.42.32 (190400-820822052):30)
10-28 18:50:51.147 20422 24667 E AuthPII : 	at java.util.concurrent.FutureTask.run(FutureTask.java:264)
10-28 18:50:51.147 20422 24667 E AuthPII : 	at bdgq.c(:com.google.android.gms@254232029@25.42.32 (190400-820822052):50)
10-28 18:50:51.147 20422 24667 E AuthPII : 	at bdgq.run(:com.google.android.gms@254232029@25.42.32 (190400-820822052):73)
10-28 18:50:51.147 20422 24667 E AuthPII : 	at java.util.concurrent.ThreadPoolExecutor.runWorker(ThreadPoolExecutor.java:1145)
10-28 18:50:51.147 20422 24667 E AuthPII : 	at java.util.concurrent.ThreadPoolExecutor$Worker.run(ThreadPoolExecutor.java:644)
10-28 18:50:51.147 20422 24667 E AuthPII : 	at bdmi.run(:com.google.android.gms@254232029@25.42.32 (190400-820822052):8)
10-28 18:50:51.147 20422 24667 E AuthPII : 	at java.lang.Thread.run(Thread.java:1012)
10-28 18:50:51.148 20422 24667 E AuthPII : Message is Long live credential not available.
10-28 18:50:51.148 20422 24667 E AuthPII : bcaj: Long live credential not available.
10-28 18:50:51.148 20422 24667 E AuthPII : 	at aeuq.a(:com.google.android.gms@254232029@25.42.32 (190400-820822052):1289)
10-28 18:50:51.148 20422 24667 E AuthPII : 	at aeuw.b(:com.google.android.gms@254232029@25.42.32 (190400-820822052):28)
10-28 18:50:51.148 20422 24667 E AuthPII : 	at aeuu.a(:com.google.android.gms@254232029@25.42.32 (190400-820822052):537)
10-28 18:50:51.148 20422 24667 E AuthPII : 	at aefc.a(:com.google.android.gms@254232029@25.42.32 (190400-820822052):38)
10-28 18:50:51.148 20422 24667 E AuthPII : 	at aefc.h(:com.google.android.gms@254232029@25.42.32 (190400-820822052):108)
10-28 18:50:51.148 20422 24667 E AuthPII : 	at aefc.b(:com.google.android.gms@254232029@25.42.32 (190400-820822052):714)
10-28 18:50:51.148 20422 24667 E AuthPII : 	at aefc.c(:com.google.android.gms@254232029@25.42.32 (190400-820822052):5)
10-28 18:50:51.148 20422 24667 E AuthPII : 	at yei.d(:com.google.android.gms@254232029@25.42.32 (190400-820822052):379)
10-28 18:50:51.148 20422 24667 E AuthPII : 	at adxn.a(:com.google.android.gms@254232029@25.42.32 (190400-820822052):33)
10-28 18:50:51.148 20422 24667 E AuthPII : 	at adxt.m(:com.google.android.gms@254232029@25.42.32 (190400-820822052):34)
10-28 18:50:51.148 20422 24667 E AuthPII : 	at adxt.o(:com.google.android.gms@254232029@25.42.32 (190400-820822052):64)
10-28 18:50:51.148 20422 24667 E AuthPII : 	at adxt.h(:com.google.android.gms@254232029@25.42.32 (190400-820822052):4)
10-28 18:50:51.148 20422 24667 E AuthPII : 	at adxt.i(:com.google.android.gms@254232029@25.42.32 (190400-820822052):8)
10-28 18:50:51.148 20422 24667 E AuthPII : 	at adxt.f(:com.google.android.gms@254232029@25.42.32 (190400-820822052):21)
10-28 18:50:51.148 20422 24667 E AuthPII : 	at aemk.d(:com.google.android.gms@254232029@25.42.32 (190400-820822052):51)
10-28 18:50:51.148 20422 24667 E AuthPII : 	at bbcd.b(:com.google.android.gms@254232029@25.42.32 (190400-820822052):72)
10-28 18:50:51.148 20422 24667 E AuthPII : 	at com.google.android.gms.clearcut.uploader.QosUploaderChimeraService.g(:com.google.android.gms@254232029@25.42.32 (190400-820822052):1562)
10-28 18:50:51.148 20422 24667 E AuthPII : 	at com.google.android.gms.clearcut.uploader.QosUploaderChimeraService.a(:com.google.android.gms@254232029@25.42.32 (190400-820822052):42)
10-28 18:50:51.148 20422 24667 E AuthPII : 	at coix.call(:com.google.android.gms@254232029@25.42.32 (190400-820822052):30)
10-28 18:50:51.148 20422 24667 E AuthPII : 	at java.util.concurrent.FutureTask.run(FutureTask.java:264)
10-28 18:50:51.148 20422 24667 E AuthPII : 	at bdgq.c(:com.google.android.gms@254232029@25.42.32 (190400-820822052):50)
10-28 18:50:51.148 20422 24667 E AuthPII : 	at bdgq.run(:com.google.android.gms@254232029@25.42.32 (190400-820822052):73)
10-28 18:50:51.148 20422 24667 E AuthPII : 	at java.util.concurrent.ThreadPoolExecutor.runWorker(ThreadPoolExecutor.java:1145)
10-28 18:50:51.148 20422 24667 E AuthPII : 	at java.util.concurrent.ThreadPoolExecutor$Worker.run(ThreadPoolExecutor.java:644)
10-28 18:50:51.148 20422 24667 E AuthPII : 	at bdmi.run(:com.google.android.gms@254232029@25.42.32 (190400-820822052):8)
10-28 18:50:51.148 20422 24667 E AuthPII : 	at java.lang.Thread.run(Thread.java:1012)
10-28 18:50:51.150 20422 24667 W Auth    : [AccountStateDownloader] Unable to look up account state from server: couldn't fetch accessToken [CONTEXT service_id=343 ]
10-28 18:50:51.150 20422 24667 W Auth    : [GaiaIdSync] Empty email or accountId. [CONTEXT service_id=153 ]
10-28 18:50:51.155 25929 25929 W unknown:WrappingUtils: Don't know how to round that drawable: com.facebook.react.views.image.ReactImageDownloadListener$EmptyDrawable@eedcfdc
10-28 18:50:51.155 25929 25958 E IMGMapper: set:488 set: Unset optional value from type SMPTE2086
10-28 18:50:51.155 25929 25958 E IMGMapper: set:488 set: Unset optional value from type CTA861_3
10-28 18:50:51.167 20422  9615 E AuthPII : [RequestTokenManager] getToken() -> BAD_AUTHENTICATION. App: com.google.android.gms, Service: oauth2:https://www.googleapis.com/auth/cclog
10-28 18:50:51.167 20422  9615 E AuthPII : bcaj: Long live credential not available.
10-28 18:50:51.167 20422  9615 E AuthPII : 	at aeuq.a(:com.google.android.gms@254232029@25.42.32 (190400-820822052):1289)
10-28 18:50:51.167 20422  9615 E AuthPII : 	at aeuw.b(:com.google.android.gms@254232029@25.42.32 (190400-820822052):28)
10-28 18:50:51.167 20422  9615 E AuthPII : 	at aeuu.a(:com.google.android.gms@254232029@25.42.32 (190400-820822052):537)
10-28 18:50:51.167 20422  9615 E AuthPII : 	at aeut.b(:com.google.android.gms@254232029@25.42.32 (190400-820822052):141)
10-28 18:50:51.167 20422  9615 E AuthPII : 	at aejf.a(:com.google.android.gms@254232029@25.42.32 (190400-820822052):312)
10-28 18:50:51.167 20422  9615 E AuthPII : 	at aeeo.f(:com.google.android.gms@254232029@25.42.32 (190400-820822052):24)
10-28 18:50:51.167 20422  9615 E AuthPII : 	at cmta.fx(:com.google.android.gms@254232029@25.42.32 (190400-820822052):1)
10-28 18:50:51.167 20422  9615 E AuthPII : 	at cmte.run(:com.google.android.gms@254232029@25.42.32 (190400-820822052):120)
10-28 18:50:51.167 20422  9615 E AuthPII : 	at gjem.run(:com.google.android.gms@254232029@25.42.32 (190400-820822052):19)
10-28 18:50:51.167 20422  9615 E AuthPII : 	at bdgq.c(:com.google.android.gms@254232029@25.42.32 (190400-820822052):50)
10-28 18:50:51.167 20422  9615 E AuthPII : 	at bdgq.run(:com.google.android.gms@254232029@25.42.32 (190400-820822052):73)
10-28 18:50:51.167 20422  9615 E AuthPII : 	at java.util.concurrent.ThreadPoolExecutor.runWorker(ThreadPoolExecutor.java:1145)
10-28 18:50:51.167 20422  9615 E AuthPII : 	at java.util.concurrent.ThreadPoolExecutor$Worker.run(ThreadPoolExecutor.java:644)
10-28 18:50:51.167 20422  9615 E AuthPII : 	at bdmi.run(:com.google.android.gms@254232029@25.42.32 (190400-820822052):8)
10-28 18:50:51.167 20422  9615 E AuthPII : 	at java.lang.Thread.run(Thread.java:1012)
10-28 18:50:51.168 20422  9615 E AuthPII : Message is Long live credential not available.
10-28 18:50:51.168 20422  9615 E AuthPII : bcaj: Long live credential not available.
10-28 18:50:51.168 20422  9615 E AuthPII : 	at aeuq.a(:com.google.android.gms@254232029@25.42.32 (190400-820822052):1289)
10-28 18:50:51.168 20422  9615 E AuthPII : 	at aeuw.b(:com.google.android.gms@254232029@25.42.32 (190400-820822052):28)
10-28 18:50:51.168 20422  9615 E AuthPII : 	at aeuu.a(:com.google.android.gms@254232029@25.42.32 (190400-820822052):537)
10-28 18:50:51.168 20422  9615 E AuthPII : 	at aeut.b(:com.google.android.gms@254232029@25.42.32 (190400-820822052):141)
10-28 18:50:51.168 20422  9615 E AuthPII : 	at aejf.a(:com.google.android.gms@254232029@25.42.32 (190400-820822052):312)
10-28 18:50:51.168 20422  9615 E AuthPII : 	at aeeo.f(:com.google.android.gms@254232029@25.42.32 (190400-820822052):24)
10-28 18:50:51.168 20422  9615 E AuthPII : 	at cmta.fx(:com.google.android.gms@254232029@25.42.32 (190400-820822052):1)
10-28 18:50:51.168 20422  9615 E AuthPII : 	at cmte.run(:com.google.android.gms@254232029@25.42.32 (190400-820822052):120)
10-28 18:50:51.168 20422  9615 E AuthPII : 	at gjem.run(:com.google.android.gms@254232029@25.42.32 (190400-820822052):19)
10-28 18:50:51.168 20422  9615 E AuthPII : 	at bdgq.c(:com.google.android.gms@254232029@25.42.32 (190400-820822052):50)
10-28 18:50:51.168 20422  9615 E AuthPII : 	at bdgq.run(:com.google.android.gms@254232029@25.42.32 (190400-820822052):73)
10-28 18:50:51.168 20422  9615 E AuthPII : 	at java.util.concurrent.ThreadPoolExecutor.runWorker(ThreadPoolExecutor.java:1145)
10-28 18:50:51.168 20422  9615 E AuthPII : 	at java.util.concurrent.ThreadPoolExecutor$Worker.run(ThreadPoolExecutor.java:644)
10-28 18:50:51.168 20422  9615 E AuthPII : 	at bdmi.run(:com.google.android.gms@254232029@25.42.32 (190400-820822052):8)
10-28 18:50:51.168 20422  9615 E AuthPII : 	at java.lang.Thread.run(Thread.java:1012)
10-28 18:50:51.186 25929 25958 E IMGMapper: set:488 set: Unset optional value from type SMPTE2086
10-28 18:50:51.186 25929 25958 E IMGMapper: set:488 set: Unset optional value from type CTA861_3
10-28 18:50:51.192 20422  9615 I Auth    : (REDACTED) [GetToken] GetToken failed for app=%s with userRecoverable status: %s 
10-28 18:50:51.194 20422  9615 W Auth    : [GetTokenOperation] exception while trying to fetch auth tokens for app=com.google.android.gms [CONTEXT service_id=343 ]
10-28 18:50:51.194 20422  9615 W Auth    : aeup: GetToken failed with status code and recovery intent: BadAuthentication
10-28 18:50:51.194 20422  9615 W Auth    : 	at aeut.b(:com.google.android.gms@254232029@25.42.32 (190400-820822052):338)
10-28 18:50:51.194 20422  9615 W Auth    : 	at aejf.a(:com.google.android.gms@254232029@25.42.32 (190400-820822052):312)
10-28 18:50:51.194 20422  9615 W Auth    : 	at aeeo.f(:com.google.android.gms@254232029@25.42.32 (190400-820822052):24)
10-28 18:50:51.194 20422  9615 W Auth    : 	at cmta.fx(:com.google.android.gms@254232029@25.42.32 (190400-820822052):1)
10-28 18:50:51.194 20422  9615 W Auth    : 	at cmte.run(:com.google.android.gms@254232029@25.42.32 (190400-820822052):120)
10-28 18:50:51.194 20422  9615 W Auth    : 	at gjem.run(:com.google.android.gms@254232029@25.42.32 (190400-820822052):19)
10-28 18:50:51.194 20422  9615 W Auth    : 	at bdgq.c(:com.google.android.gms@254232029@25.42.32 (190400-820822052):50)
10-28 18:50:51.194 20422  9615 W Auth    : 	at bdgq.run(:com.google.android.gms@254232029@25.42.32 (190400-820822052):73)
10-28 18:50:51.194 20422  9615 W Auth    : 	at java.util.concurrent.ThreadPoolExecutor.runWorker(ThreadPoolExecutor.java:1145)
10-28 18:50:51.194 20422  9615 W Auth    : 	at java.util.concurrent.ThreadPoolExecutor$Worker.run(ThreadPoolExecutor.java:644)
10-28 18:50:51.194 20422  9615 W Auth    : 	at bdmi.run(:com.google.android.gms@254232029@25.42.32 (190400-820822052):8)
10-28 18:50:51.194 20422  9615 W Auth    : 	at java.lang.Thread.run(Thread.java:1012)
10-28 18:50:51.195 25929 25958 E IMGMapper: set:488 set: Unset optional value from type SMPTE2086
10-28 18:50:51.195 20422 24667 I CCTUploader: Failed to get auth token due to class com.google.android.gms.auth.UserRecoverableAuthException
10-28 18:50:51.195 25929 25958 E IMGMapper: set:488 set: Unset optional value from type CTA861_3
10-28 18:50:51.206 25929 25958 E IMGMapper: set:488 set: Unset optional value from type SMPTE2086
10-28 18:50:51.206 25929 25958 E IMGMapper: set:488 set: Unset optional value from type CTA861_3
10-28 18:50:51.220 31610 31690 I ContactsProvider_EventLog: cp_s: [CONTACT con(156) dat(1622) acc({google(35)=1, google(2)=155, com.google.android.apps.tachyon(10)=4, com.google.android.apps.tachyon(24)=36, com.whatsapp(9)=124}) calls([logtype:100 cnt:1016]) Iso(BR) uId(0) ]
10-28 18:50:51.220 31610 31690 I ContactsProvider_EventLog: cp_s: [ agr({[2 ,9 ,10]=4, [2 ,9 ,24]=30, [2 ,2]=1, [2]=28, [2 ,24]=3, [35]=1, [2 ,24 ,9]=2, [2 ,9 ,9]=1, [9 ,2 ,24]=1, [9]=1, [2 ,9]=84}) ]
10-28 18:50:51.220 31610 31690 I ContactsProvider_EventLog: cp_s: [ cnt({com.whatsapp(21032)=1, acore(31610)=1, contacts(4874)=8, system(1187)=2}) ]
10-28 18:50:51.220 31610 31690 I ContactsProvider_EventLog: cp_s: [PROFILE ] [SAPROFILE con(1) dat(1) acc({phone(1)=1}) ]
10-28 18:50:51.220 31610 31690 I ContactsProvider_EventLog: cp_s: [STATE R(F) ]
10-28 18:50:51.224 25929 25958 E IMGMapper: set:488 set: Unset optional value from type SMPTE2086
10-28 18:50:51.224 25929 25958 E IMGMapper: set:488 set: Unset optional value from type CTA861_3
10-28 18:50:51.237 25929 25958 E IMGMapper: set:488 set: Unset optional value from type SMPTE2086
10-28 18:50:51.237 25929 25958 E IMGMapper: set:488 set: Unset optional value from type CTA861_3
10-28 18:50:51.238 20422 24667 E AuthPII : [RequestTokenManager] getToken() -> BAD_AUTHENTICATION. App: com.google.android.gms, Service: oauth2:https://www.googleapis.com/auth/plus.me
10-28 18:50:51.238 20422 24667 E AuthPII : bcaj: Long live credential not available.
10-28 18:50:51.238 20422 24667 E AuthPII : 	at aeuq.a(:com.google.android.gms@254232029@25.42.32 (190400-820822052):1289)
10-28 18:50:51.238 20422 24667 E AuthPII : 	at aeuw.b(:com.google.android.gms@254232029@25.42.32 (190400-820822052):28)
10-28 18:50:51.238 20422 24667 E AuthPII : 	at aeuu.a(:com.google.android.gms@254232029@25.42.32 (190400-820822052):537)
10-28 18:50:51.238 20422 24667 E AuthPII : 	at aeew.a(:com.google.android.gms@254232029@25.42.32 (190400-820822052):82)
10-28 18:50:51.238 20422 24667 E AuthPII : 	at yei.d(:com.google.android.gms@254232029@25.42.32 (190400-820822052):307)
10-28 18:50:51.238 20422 24667 E AuthPII : 	at adxn.a(:com.google.android.gms@254232029@25.42.32 (190400-820822052):33)
10-28 18:50:51.238 20422 24667 E AuthPII : 	at adxt.m(:com.google.android.gms@254232029@25.42.32 (190400-820822052):34)
10-28 18:50:51.238 20422 24667 E AuthPII : 	at adxt.o(:com.google.android.gms@254232029@25.42.32 (190400-820822052):64)
10-28 18:50:51.238 20422 24667 E AuthPII : 	at adxt.h(:com.google.android.gms@254232029@25.42.32 (190400-820822052):4)
10-28 18:50:51.238 20422 24667 E AuthPII : 	at adxt.i(:com.google.android.gms@254232029@25.42.32 (190400-820822052):8)
10-28 18:50:51.238 20422 24667 E AuthPII : 	at adxt.f(:com.google.android.gms@254232029@25.42.32 (190400-820822052):21)
10-28 18:50:51.238 20422 24667 E AuthPII : 	at aemk.d(:com.google.android.gms@254232029@25.42.32 (190400-820822052):51)
10-28 18:50:51.238 20422 24667 E AuthPII : 	at bbcd.b(:com.google.android.gms@254232029@25.42.32 (190400-820822052):72)
10-28 18:50:51.238 20422 24667 E AuthPII : 	at com.google.android.gms.clearcut.uploader.QosUploaderChimeraService.g(:com.google.android.gms@254232029@25.42.32 (190400-820822052):1562)
10-28 18:50:51.238 20422 24667 E AuthPII : 	at com.google.android.gms.clearcut.uploader.QosUploaderChimeraService.a(:com.google.android.gms@254232029@25.42.32 (190400-820822052):42)
10-28 18:50:51.238 20422 24667 E AuthPII : 	at coix.call(:com.google.android.gms@254232029@25.42.32 (190400-820822052):30)
10-28 18:50:51.238 20422 24667 E AuthPII : 	at java.util.concurrent.FutureTask.run(FutureTask.java:264)
10-28 18:50:51.238 20422 24667 E AuthPII : 	at bdgq.c(:com.google.android.gms@254232029@25.42.32 (190400-820822052):50)
10-28 18:50:51.238 20422 24667 E AuthPII : 	at bdgq.run(:com.google.android.gms@254232029@25.42.32 (190400-820822052):73)
10-28 18:50:51.238 20422 24667 E AuthPII : 	at java.util.concurrent.ThreadPoolExecutor.runWorker(ThreadPoolExecutor.java:1145)
10-28 18:50:51.238 20422 24667 E AuthPII : 	at java.util.concurrent.ThreadPoolExecutor$Worker.run(ThreadPoolExecutor.java:644)
10-28 18:50:51.238 20422 24667 E AuthPII : 	at bdmi.run(:com.google.android.gms@254232029@25.42.32 (190400-820822052):8)
10-28 18:50:51.238 20422 24667 E AuthPII : 	at java.lang.Thread.run(Thread.java:1012)
10-28 18:50:51.239 20422 24667 E AuthPII : Message is Long live credential not available.
10-28 18:50:51.239 20422 24667 E AuthPII : bcaj: Long live credential not available.
10-28 18:50:51.239 20422 24667 E AuthPII : 	at aeuq.a(:com.google.android.gms@254232029@25.42.32 (190400-820822052):1289)
10-28 18:50:51.239 20422 24667 E AuthPII : 	at aeuw.b(:com.google.android.gms@254232029@25.42.32 (190400-820822052):28)
10-28 18:50:51.239 20422 24667 E AuthPII : 	at aeuu.a(:com.google.android.gms@254232029@25.42.32 (190400-820822052):537)
10-28 18:50:51.239 20422 24667 E AuthPII : 	at aeew.a(:com.google.android.gms@254232029@25.42.32 (190400-820822052):82)
10-28 18:50:51.239 20422 24667 E AuthPII : 	at yei.d(:com.google.android.gms@254232029@25.42.32 (190400-820822052):307)
10-28 18:50:51.239 20422 24667 E AuthPII : 	at adxn.a(:com.google.android.gms@254232029@25.42.32 (190400-820822052):33)
10-28 18:50:51.239 20422 24667 E AuthPII : 	at adxt.m(:com.google.android.gms@254232029@25.42.32 (190400-820822052):34)
10-28 18:50:51.239 20422 24667 E AuthPII : 	at adxt.o(:com.google.android.gms@254232029@25.42.32 (190400-820822052):64)
10-28 18:50:51.239 20422 24667 E AuthPII : 	at adxt.h(:com.google.android.gms@254232029@25.42.32 (190400-820822052):4)
10-28 18:50:51.239 20422 24667 E AuthPII : 	at adxt.i(:com.google.android.gms@254232029@25.42.32 (190400-820822052):8)
10-28 18:50:51.239 20422 24667 E AuthPII : 	at adxt.f(:com.google.android.gms@254232029@25.42.32 (190400-820822052):21)
10-28 18:50:51.239 20422 24667 E AuthPII : 	at aemk.d(:com.google.android.gms@254232029@25.42.32 (190400-820822052):51)
10-28 18:50:51.239 20422 24667 E AuthPII : 	at bbcd.b(:com.google.android.gms@254232029@25.42.32 (190400-820822052):72)
10-28 18:50:51.239 20422 24667 E AuthPII : 	at com.google.android.gms.clearcut.uploader.QosUploaderChimeraService.g(:com.google.android.gms@254232029@25.42.32 (190400-820822052):1562)
10-28 18:50:51.239 20422 24667 E AuthPII : 	at com.google.android.gms.clearcut.uploader.QosUploaderChimeraService.a(:com.google.android.gms@254232029@25.42.32 (190400-820822052):42)
10-28 18:50:51.239 20422 24667 E AuthPII : 	at coix.call(:com.google.android.gms@254232029@25.42.32 (190400-820822052):30)
10-28 18:50:51.239 20422 24667 E AuthPII : 	at java.util.concurrent.FutureTask.run(FutureTask.java:264)
10-28 18:50:51.239 20422 24667 E AuthPII : 	at bdgq.c(:com.google.android.gms@254232029@25.42.32 (190400-820822052):50)
10-28 18:50:51.239 20422 24667 E AuthPII : 	at bdgq.run(:com.google.android.gms@254232029@25.42.32 (190400-820822052):73)
10-28 18:50:51.239 20422 24667 E AuthPII : 	at java.util.concurrent.ThreadPoolExecutor.runWorker(ThreadPoolExecutor.java:1145)
10-28 18:50:51.239 20422 24667 E AuthPII : 	at java.util.concurrent.ThreadPoolExecutor$Worker.run(ThreadPoolExecutor.java:644)
10-28 18:50:51.239 20422 24667 E AuthPII : 	at bdmi.run(:com.google.android.gms@254232029@25.42.32 (190400-820822052):8)
10-28 18:50:51.239 20422 24667 E AuthPII : 	at java.lang.Thread.run(Thread.java:1012)
10-28 18:50:51.239 20422 24667 I Auth    : (REDACTED) [AccountIdManager] Token response failed with status=%s
10-28 18:50:51.246 20422 24667 E AuthPII : [RequestTokenManager] getToken() -> BAD_AUTHENTICATION. App: com.google.android.gms, Service: oauth2:https://www.googleapis.com/auth/userinfo.email https://www.googleapis.com/auth/account.capabilities https://www.googleapis.com/auth/account.service_flags
10-28 18:50:51.246 20422 24667 E AuthPII : bcaj: Long live credential not available.
10-28 18:50:51.246 20422 24667 E AuthPII : 	at aeuq.a(:com.google.android.gms@254232029@25.42.32 (190400-820822052):1289)
10-28 18:50:51.246 20422 24667 E AuthPII : 	at aeuw.b(:com.google.android.gms@254232029@25.42.32 (190400-820822052):28)
10-28 18:50:51.246 20422 24667 E AuthPII : 	at aeuu.a(:com.google.android.gms@254232029@25.42.32 (190400-820822052):537)
10-28 18:50:51.246 20422 24667 E AuthPII : 	at aefc.a(:com.google.android.gms@254232029@25.42.32 (190400-820822052):38)
10-28 18:50:51.246 20422 24667 E AuthPII : 	at aefc.h(:com.google.android.gms@254232029@25.42.32 (190400-820822052):108)
10-28 18:50:51.246 20422 24667 E AuthPII : 	at aefc.b(:com.google.android.gms@254232029@25.42.32 (190400-820822052):714)
10-28 18:50:51.246 20422 24667 E AuthPII : 	at aefc.c(:com.google.android.gms@254232029@25.42.32 (190400-820822052):5)
10-28 18:50:51.246 20422 24667 E AuthPII : 	at yei.d(:com.google.android.gms@254232029@25.42.32 (190400-820822052):379)
10-28 18:50:51.246 20422 24667 E AuthPII : 	at adxn.a(:com.google.android.gms@254232029@25.42.32 (190400-820822052):33)
10-28 18:50:51.246 20422 24667 E AuthPII : 	at adxt.m(:com.google.android.gms@254232029@25.42.32 (190400-820822052):34)
10-28 18:50:51.246 20422 24667 E AuthPII : 	at adxt.o(:com.google.android.gms@254232029@25.42.32 (190400-820822052):64)
10-28 18:50:51.246 20422 24667 E AuthPII : 	at adxt.h(:com.google.android.gms@254232029@25.42.32 (190400-820822052):4)
10-28 18:50:51.246 20422 24667 E AuthPII : 	at adxt.i(:com.google.android.gms@254232029@25.42.32 (190400-820822052):8)
10-28 18:50:51.246 20422 24667 E AuthPII : 	at adxt.f(:com.google.android.gms@254232029@25.42.32 (190400-820822052):21)
10-28 18:50:51.246 20422 24667 E AuthPII : 	at aemk.d(:com.google.android.gms@254232029@25.42.32 (190400-820822052):51)
10-28 18:50:51.246 20422 24667 E AuthPII : 	at bbcd.b(:com.google.android.gms@254232029@25.42.32 (190400-820822052):72)
10-28 18:50:51.246 20422 24667 E AuthPII : 	at com.google.android.gms.clearcut.uploader.QosUploaderChimeraService.g(:com.google.android.gms@254232029@25.42.32 (190400-820822052):1562)
10-28 18:50:51.246 20422 24667 E AuthPII : 	at com.google.android.gms.clearcut.uploader.QosUploaderChimeraService.a(:com.google.android.gms@254232029@25.42.32 (190400-820822052):42)
10-28 18:50:51.246 20422 24667 E AuthPII : 	at coix.call(:com.google.android.gms@254232029@25.42.32 (190400-820822052):30)
10-28 18:50:51.246 20422 24667 E AuthPII : 	at java.util.concurrent.FutureTask.run(FutureTask.java:264)
10-28 18:50:51.246 20422 24667 E AuthPII : 	at bdgq.c(:com.google.android.gms@254232029@25.42.32 (190400-820822052):50)
10-28 18:50:51.246 20422 24667 E AuthPII : 	at bdgq.run(:com.google.android.gms@254232029@25.42.32 (190400-820822052):73)
10-28 18:50:51.246 20422 24667 E AuthPII : 	at java.util.concurrent.ThreadPoolExecutor.runWorker(ThreadPoolExecutor.java:1145)
10-28 18:50:51.246 20422 24667 E AuthPII : 	at java.util.concurrent.ThreadPoolExecutor$Worker.run(ThreadPoolExecutor.java:644)
10-28 18:50:51.246 20422 24667 E AuthPII : 	at bdmi.run(:com.google.android.gms@254232029@25.42.32 (190400-820822052):8)
10-28 18:50:51.246 20422 24667 E AuthPII : 	at java.lang.Thread.run(Thread.java:1012)
10-28 18:50:51.246 20422 24667 E AuthPII : Message is Long live credential not available.
10-28 18:50:51.246 20422 24667 E AuthPII : bcaj: Long live credential not available.
10-28 18:50:51.246 20422 24667 E AuthPII : 	at aeuq.a(:com.google.android.gms@254232029@25.42.32 (190400-820822052):1289)
10-28 18:50:51.246 20422 24667 E AuthPII : 	at aeuw.b(:com.google.android.gms@254232029@25.42.32 (190400-820822052):28)
10-28 18:50:51.246 20422 24667 E AuthPII : 	at aeuu.a(:com.google.android.gms@254232029@25.42.32 (190400-820822052):537)
10-28 18:50:51.246 20422 24667 E AuthPII : 	at aefc.a(:com.google.android.gms@254232029@25.42.32 (190400-820822052):38)
10-28 18:50:51.246 20422 24667 E AuthPII : 	at aefc.h(:com.google.android.gms@254232029@25.42.32 (190400-820822052):108)
10-28 18:50:51.246 20422 24667 E AuthPII : 	at aefc.b(:com.google.android.gms@254232029@25.42.32 (190400-820822052):714)
10-28 18:50:51.246 20422 24667 E AuthPII : 	at aefc.c(:com.google.android.gms@254232029@25.42.32 (190400-820822052):5)
10-28 18:50:51.246 20422 24667 E AuthPII : 	at yei.d(:com.google.android.gms@254232029@25.42.32 (190400-820822052):379)
10-28 18:50:51.246 20422 24667 E AuthPII : 	at adxn.a(:com.google.android.gms@254232029@25.42.32 (190400-820822052):33)
10-28 18:50:51.246 20422 24667 E AuthPII : 	at adxt.m(:com.google.android.gms@254232029@25.42.32 (190400-820822052):34)
10-28 18:50:51.246 20422 24667 E AuthPII : 	at adxt.o(:com.google.android.gms@254232029@25.42.32 (190400-820822052):64)
10-28 18:50:51.246 20422 24667 E AuthPII : 	at adxt.h(:com.google.android.gms@254232029@25.42.32 (190400-820822052):4)
10-28 18:50:51.246 20422 24667 E AuthPII : 	at adxt.i(:com.google.android.gms@254232029@25.42.32 (190400-820822052):8)
10-28 18:50:51.246 20422 24667 E AuthPII : 	at adxt.f(:com.google.android.gms@254232029@25.42.32 (190400-820822052):21)
10-28 18:50:51.246 20422 24667 E AuthPII : 	at aemk.d(:com.google.android.gms@254232029@25.42.32 (190400-820822052):51)
10-28 18:50:51.246 20422 24667 E AuthPII : 	at bbcd.b(:com.google.android.gms@254232029@25.42.32 (190400-820822052):72)
10-28 18:50:51.246 20422 24667 E AuthPII : 	at com.google.android.gms.clearcut.uploader.QosUploaderChimeraService.g(:com.google.android.gms@254232029@25.42.32 (190400-820822052):1562)
10-28 18:50:51.246 20422 24667 E AuthPII : 	at com.google.android.gms.clearcut.uploader.QosUploaderChimeraService.a(:com.google.android.gms@254232029@25.42.32 (190400-820822052):42)
10-28 18:50:51.246 20422 24667 E AuthPII : 	at coix.call(:com.google.android.gms@254232029@25.42.32 (190400-820822052):30)
10-28 18:50:51.246 20422 24667 E AuthPII : 	at java.util.concurrent.FutureTask.run(FutureTask.java:264)
10-28 18:50:51.246 20422 24667 E AuthPII : 	at bdgq.c(:com.google.android.gms@254232029@25.42.32 (190400-820822052):50)
10-28 18:50:51.246 20422 24667 E AuthPII : 	at bdgq.run(:com.google.android.gms@254232029@25.42.32 (190400-820822052):73)
10-28 18:50:51.246 20422 24667 E AuthPII : 	at java.util.concurrent.ThreadPoolExecutor.runWorker(ThreadPoolExecutor.java:1145)
10-28 18:50:51.246 20422 24667 E AuthPII : 	at java.util.concurrent.ThreadPoolExecutor$Worker.run(ThreadPoolExecutor.java:644)
10-28 18:50:51.246 20422 24667 E AuthPII : 	at bdmi.run(:com.google.android.gms@254232029@25.42.32 (190400-820822052):8)
10-28 18:50:51.246 20422 24667 E AuthPII : 	at java.lang.Thread.run(Thread.java:1012)
10-28 18:50:51.250 20422 24667 W Auth    : [AccountStateDownloader] Unable to look up account state from server: couldn't fetch accessToken [CONTEXT service_id=343 ]
10-28 18:50:51.250 20422 24667 W Auth    : [GaiaIdSync] Empty email or accountId. [CONTEXT service_id=153 ]
10-28 18:50:51.258 25929 25958 E IMGMapper: set:488 set: Unset optional value from type SMPTE2086
10-28 18:50:51.258 25929 25958 E IMGMapper: set:488 set: Unset optional value from type CTA861_3
10-28 18:50:51.269 20422  9615 E AuthPII : [RequestTokenManager] getToken() -> BAD_AUTHENTICATION. App: com.google.android.gms, Service: oauth2:https://www.googleapis.com/auth/cclog
10-28 18:50:51.269 20422  9615 E AuthPII : bcaj: Long live credential not available.
10-28 18:50:51.269 20422  9615 E AuthPII : 	at aeuq.a(:com.google.android.gms@254232029@25.42.32 (190400-820822052):1289)
10-28 18:50:51.269 20422  9615 E AuthPII : 	at aeuw.b(:com.google.android.gms@254232029@25.42.32 (190400-820822052):28)
10-28 18:50:51.269 20422  9615 E AuthPII : 	at aeuu.a(:com.google.android.gms@254232029@25.42.32 (190400-820822052):537)
10-28 18:50:51.269 20422  9615 E AuthPII : 	at aeut.b(:com.google.android.gms@254232029@25.42.32 (190400-820822052):141)
10-28 18:50:51.269 20422  9615 E AuthPII : 	at aejf.a(:com.google.android.gms@254232029@25.42.32 (190400-820822052):312)
10-28 18:50:51.269 20422  9615 E AuthPII : 	at aeeo.f(:com.google.android.gms@254232029@25.42.32 (190400-820822052):24)
10-28 18:50:51.269 20422  9615 E AuthPII : 	at cmta.fx(:com.google.android.gms@254232029@25.42.32 (190400-820822052):1)
10-28 18:50:51.269 20422  9615 E AuthPII : 	at cmte.run(:com.google.android.gms@254232029@25.42.32 (190400-820822052):120)
