--------- beginning of main
10-28 18:50:48.440 25929 25958 E IMGMapper: set:488 set: Unset optional value from type SMPTE2086
10-28 18:50:48.441 25929 25958 E IMGMapper: set:488 set: Unset optional value from type CTA861_3
10-28 18:50:48.457 25929 25958 E IMGMapper: set:488 set: Unset optional value from type SMPTE2086
10-28 18:50:48.457 25929 25958 E IMGMapper: set:488 set: Unset optional value from type CTA861_3
10-28 18:50:48.466   991   991 I hwcomposer: [HWCDisplay] [Display_0 (type:1)] fps:54.125359,dur:1016.16,max:83.06,min:15.81  
10-28 18:50:48.474 25929 25958 E IMGMapper: set:488 set: Unset optional value from type SMPTE2086
10-28 18:50:48.474 25929 25958 E IMGMapper: set:488 set: Unset optional value from type CTA861_3
10-28 18:50:48.491 25929 25958 E IMGMapper: set:488 set: Unset optional value from type SMPTE2086
10-28 18:50:48.491 25929 25958 E IMGMapper: set:488 set: Unset optional value from type CTA861_3
10-28 18:50:48.508 25929 25958 E IMGMapper: set:488 set: Unset optional value from type SMPTE2086
10-28 18:50:48.508 25929 25958 E IMGMapper: set:488 set: Unset optional value from type CTA861_3
10-28 18:50:48.525 25929 25958 E IMGMapper: set:488 set: Unset optional value from type SMPTE2086
10-28 18:50:48.525 25929 25958 E IMGMapper: set:488 set: Unset optional value from type CTA861_3
10-28 18:50:48.541 25929 25958 E IMGMapper: set:488 set: Unset optional value from type SMPTE2086
10-28 18:50:48.541 25929 25958 E IMGMapper: set:488 set: Unset optional value from type CTA861_3
10-28 18:50:48.542 27787 27787 D BoundBrokerSvc: onBind: Intent { act=com.google.android.gms.potokens.service.START dat=chimera-action:/... cmp=com.google.android.gms/.chimera.GmsApiService }
10-28 18:50:48.542 27787 27787 D BoundBrokerSvc: Loading bound service for intent: Intent { act=com.google.android.gms.potokens.service.START dat=chimera-action:/... cmp=com.google.android.gms/.chimera.GmsApiService }
10-28 18:50:48.547 20422 20629 E AuthPII : [RequestTokenManager] getToken() -> BAD_AUTHENTICATION. App: com.android.vending, Service: oauth2:https://www.googleapis.com/auth/googleplay
10-28 18:50:48.547 20422 20629 E AuthPII : bcaj: Long live credential not available.
10-28 18:50:48.547 20422 20629 E AuthPII : 	at aeuq.a(:com.google.android.gms@254232029@25.42.32 (190400-820822052):1289)
10-28 18:50:48.547 20422 20629 E AuthPII : 	at aeuw.b(:com.google.android.gms@254232029@25.42.32 (190400-820822052):28)
10-28 18:50:48.547 20422 20629 E AuthPII : 	at aeuu.a(:com.google.android.gms@254232029@25.42.32 (190400-820822052):537)
10-28 18:50:48.547 20422 20629 E AuthPII : 	at aeut.b(:com.google.android.gms@254232029@25.42.32 (190400-820822052):141)
10-28 18:50:48.547 20422 20629 E AuthPII : 	at yei.d(:com.google.android.gms@254232029@25.42.32 (190400-820822052):620)
10-28 18:50:48.547 20422 20629 E AuthPII : 	at aeoa.getAuthToken(:com.google.android.gms@254232029@25.42.32 (190400-820822052):412)
10-28 18:50:48.547 20422 20629 E AuthPII : 	at android.accounts.AbstractAccountAuthenticator$Transport.getAuthToken(AbstractAccountAuthenticator.java:246)
10-28 18:50:48.547 20422 20629 E AuthPII : 	at android.accounts.IAccountAuthenticator$Stub.onTransact(IAccountAuthenticator.java:242)
10-28 18:50:48.547 20422 20629 E AuthPII : 	at android.os.Binder.transact(Binder.java:1200)
10-28 18:50:48.547 20422 20629 E AuthPII : 	at cfbt.onTransact(:com.google.android.gms@254232029@25.42.32 (190400-820822052):10)
10-28 18:50:48.547 20422 20629 E AuthPII : 	at android.os.Binder.transact(Binder.java:1200)
10-28 18:50:48.547 20422 20629 E AuthPII : 	at buai.onTransact(:com.google.android.gms@254232029@25.42.32 (190400-820822052):161)
10-28 18:50:48.547 20422 20629 E AuthPII : 	at android.os.Binder.execTransactInternal(Binder.java:1321)
10-28 18:50:48.547 20422 20629 E AuthPII : 	at android.os.Binder.execTransact(Binder.java:1280)
10-28 18:50:48.548 20422 20629 E AuthPII : Message is Long live credential not available.
10-28 18:50:48.548 20422 20629 E AuthPII : bcaj: Long live credential not available.
10-28 18:50:48.548 20422 20629 E AuthPII : 	at aeuq.a(:com.google.android.gms@254232029@25.42.32 (190400-820822052):1289)
10-28 18:50:48.548 20422 20629 E AuthPII : 	at aeuw.b(:com.google.android.gms@254232029@25.42.32 (190400-820822052):28)
10-28 18:50:48.548 20422 20629 E AuthPII : 	at aeuu.a(:com.google.android.gms@254232029@25.42.32 (190400-820822052):537)
10-28 18:50:48.548 20422 20629 E AuthPII : 	at aeut.b(:com.google.android.gms@254232029@25.42.32 (190400-820822052):141)
10-28 18:50:48.548 20422 20629 E AuthPII : 	at yei.d(:com.google.android.gms@254232029@25.42.32 (190400-820822052):620)
10-28 18:50:48.548 20422 20629 E AuthPII : 	at aeoa.getAuthToken(:com.google.android.gms@254232029@25.42.32 (190400-820822052):412)
10-28 18:50:48.548 20422 20629 E AuthPII : 	at android.accounts.AbstractAccountAuthenticator$Transport.getAuthToken(AbstractAccountAuthenticator.java:246)
10-28 18:50:48.548 20422 20629 E AuthPII : 	at android.accounts.IAccountAuthenticator$Stub.onTransact(IAccountAuthenticator.java:242)
10-28 18:50:48.548 20422 20629 E AuthPII : 	at android.os.Binder.transact(Binder.java:1200)
10-28 18:50:48.548 20422 20629 E AuthPII : 	at cfbt.onTransact(:com.google.android.gms@254232029@25.42.32 (190400-820822052):10)
10-28 18:50:48.548 20422 20629 E AuthPII : 	at android.os.Binder.transact(Binder.java:1200)
10-28 18:50:48.548 20422 20629 E AuthPII : 	at buai.onTransact(:com.google.android.gms@254232029@25.42.32 (190400-820822052):161)
10-28 18:50:48.548 20422 20629 E AuthPII : 	at android.os.Binder.execTransactInternal(Binder.java:1321)
10-28 18:50:48.548 20422 20629 E AuthPII : 	at android.os.Binder.execTransact(Binder.java:1280)
10-28 18:50:48.557 25929 25958 E IMGMapper: set:488 set: Unset optional value from type SMPTE2086
10-28 18:50:48.557 25929 25958 E IMGMapper: set:488 set: Unset optional value from type CTA861_3
10-28 18:50:48.574 20422 20629 I Auth    : (REDACTED) [GetToken] GetToken failed for app=%s with userRecoverable status: %s 
10-28 18:50:48.575 20422 20629 W Auth    : [ChimeraGetToken] exception while trying to fetch auth tokens for app=com.google.android.gsf, scope=oauth2:https://www.googleapis.com/auth/googleplay [CONTEXT service_id=153 ]
10-28 18:50:48.575 20422 20629 W Auth    : aeup: GetToken failed with status code and recovery intent: BadAuthentication
10-28 18:50:48.575 20422 20629 W Auth    : 	at aeut.b(:com.google.android.gms@254232029@25.42.32 (190400-820822052):338)
10-28 18:50:48.575 20422 20629 W Auth    : 	at yei.d(:com.google.android.gms@254232029@25.42.32 (190400-820822052):620)
10-28 18:50:48.575 20422 20629 W Auth    : 	at aeoa.getAuthToken(:com.google.android.gms@254232029@25.42.32 (190400-820822052):412)
10-28 18:50:48.575 20422 20629 W Auth    : 	at android.accounts.AbstractAccountAuthenticator$Transport.getAuthToken(AbstractAccountAuthenticator.java:246)
10-28 18:50:48.575 20422 20629 W Auth    : 	at android.accounts.IAccountAuthenticator$Stub.onTransact(IAccountAuthenticator.java:242)
10-28 18:50:48.575 20422 20629 W Auth    : 	at android.os.Binder.transact(Binder.java:1200)
10-28 18:50:48.575 20422 20629 W Auth    : 	at cfbt.onTransact(:com.google.android.gms@254232029@25.42.32 (190400-820822052):10)
10-28 18:50:48.575 20422 20629 W Auth    : 	at android.os.Binder.transact(Binder.java:1200)
10-28 18:50:48.575 20422 20629 W Auth    : 	at buai.onTransact(:com.google.android.gms@254232029@25.42.32 (190400-820822052):161)
10-28 18:50:48.575 20422 20629 W Auth    : 	at android.os.Binder.execTransactInternal(Binder.java:1321)
10-28 18:50:48.575 20422 20629 W Auth    : 	at android.os.Binder.execTransact(Binder.java:1280)
10-28 18:50:48.577 20422 20629 W GLSActivity: [GmsAccountAuthenticatorImpl] error status while fetching token:BadAuthentication
10-28 18:50:48.601  9831 25852 I Finsky  : [724] Completed 1 account content syncs with 0 successful.
10-28 18:50:48.603  9831  9831 I Finsky  : [2] [ContentSync] Installation state replication failed, parameters=Id: 12-1, CT: 1761688220765, Constraints: [{ L: 15000, D: 86400000, C: CHARGING_NONE, I: IDLE_NONE, N: NET_ANY, B: BATTERY_ANY }].
10-28 18:50:48.605  9831  9831 I Finsky  : [2] [ContentSync] Scheduling replication attempt 0.
10-28 18:50:48.610  9831  9831 I Finsky  : [2] SCH: jobFinished: 12-1. TimeElapsed: 12186ms.
10-28 18:50:48.615  9831  9831 I Finsky  : [2] WM::SCH: Logging work end for 12-1
10-28 18:50:48.629 20422 24667 E AuthPII : [RequestTokenManager] getToken() -> BAD_AUTHENTICATION. App: com.google.android.gms, Service: oauth2:https://www.googleapis.com/auth/plus.me
10-28 18:50:48.629 20422 24667 E AuthPII : bcaj: Long live credential not available.
10-28 18:50:48.629 20422 24667 E AuthPII : 	at aeuq.a(:com.google.android.gms@254232029@25.42.32 (190400-820822052):1289)
10-28 18:50:48.629 20422 24667 E AuthPII : 	at aeuw.b(:com.google.android.gms@254232029@25.42.32 (190400-820822052):28)
10-28 18:50:48.629 20422 24667 E AuthPII : 	at aeuu.a(:com.google.android.gms@254232029@25.42.32 (190400-820822052):537)
10-28 18:50:48.629 20422 24667 E AuthPII : 	at aeew.a(:com.google.android.gms@254232029@25.42.32 (190400-820822052):82)
10-28 18:50:48.629 20422 24667 E AuthPII : 	at yei.d(:com.google.android.gms@254232029@25.42.32 (190400-820822052):307)
10-28 18:50:48.629 20422 24667 E AuthPII : 	at adxn.a(:com.google.android.gms@254232029@25.42.32 (190400-820822052):33)
10-28 18:50:48.629 20422 24667 E AuthPII : 	at adxt.m(:com.google.android.gms@254232029@25.42.32 (190400-820822052):34)
10-28 18:50:48.629 20422 24667 E AuthPII : 	at adxt.o(:com.google.android.gms@254232029@25.42.32 (190400-820822052):64)
10-28 18:50:48.629 20422 24667 E AuthPII : 	at adxt.h(:com.google.android.gms@254232029@25.42.32 (190400-820822052):4)
10-28 18:50:48.629 20422 24667 E AuthPII : 	at adxt.i(:com.google.android.gms@254232029@25.42.32 (190400-820822052):8)
10-28 18:50:48.629 20422 24667 E AuthPII : 	at adxt.f(:com.google.android.gms@254232029@25.42.32 (190400-820822052):21)
10-28 18:50:48.629 20422 24667 E AuthPII : 	at aemk.d(:com.google.android.gms@254232029@25.42.32 (190400-820822052):51)
10-28 18:50:48.629 20422 24667 E AuthPII : 	at bbcd.b(:com.google.android.gms@254232029@25.42.32 (190400-820822052):72)
10-28 18:50:48.629 20422 24667 E AuthPII : 	at com.google.android.gms.clearcut.uploader.QosUploaderChimeraService.g(:com.google.android.gms@254232029@25.42.32 (190400-820822052):1562)
10-28 18:50:48.629 20422 24667 E AuthPII : 	at com.google.android.gms.clearcut.uploader.QosUploaderChimeraService.a(:com.google.android.gms@254232029@25.42.32 (190400-820822052):42)
10-28 18:50:48.629 20422 24667 E AuthPII : 	at coix.call(:com.google.android.gms@254232029@25.42.32 (190400-820822052):30)
10-28 18:50:48.629 20422 24667 E AuthPII : 	at java.util.concurrent.FutureTask.run(FutureTask.java:264)
10-28 18:50:48.629 20422 24667 E AuthPII : 	at bdgq.c(:com.google.android.gms@254232029@25.42.32 (190400-820822052):50)
10-28 18:50:48.629 20422 24667 E AuthPII : 	at bdgq.run(:com.google.android.gms@254232029@25.42.32 (190400-820822052):73)
10-28 18:50:48.629 20422 24667 E AuthPII : 	at java.util.concurrent.ThreadPoolExecutor.runWorker(ThreadPoolExecutor.java:1145)
10-28 18:50:48.629 20422 24667 E AuthPII : 	at java.util.concurrent.ThreadPoolExecutor$Worker.run(ThreadPoolExecutor.java:644)
10-28 18:50:48.629 20422 24667 E AuthPII : 	at bdmi.run(:com.google.android.gms@254232029@25.42.32 (190400-820822052):8)
10-28 18:50:48.629 20422 24667 E AuthPII : 	at java.lang.Thread.run(Thread.java:1012)
10-28 18:50:48.629 20422 24667 E AuthPII : Message is Long live credential not available.
10-28 18:50:48.629 20422 24667 E AuthPII : bcaj: Long live credential not available.
10-28 18:50:48.629 20422 24667 E AuthPII : 	at aeuq.a(:com.google.android.gms@254232029@25.42.32 (190400-820822052):1289)
10-28 18:50:48.629 20422 24667 E AuthPII : 	at aeuw.b(:com.google.android.gms@254232029@25.42.32 (190400-820822052):28)
10-28 18:50:48.629 20422 24667 E AuthPII : 	at aeuu.a(:com.google.android.gms@254232029@25.42.32 (190400-820822052):537)
10-28 18:50:48.629 20422 24667 E AuthPII : 	at aeew.a(:com.google.android.gms@254232029@25.42.32 (190400-820822052):82)
10-28 18:50:48.629 20422 24667 E AuthPII : 	at yei.d(:com.google.android.gms@254232029@25.42.32 (190400-820822052):307)
10-28 18:50:48.629 20422 24667 E AuthPII : 	at adxn.a(:com.google.android.gms@254232029@25.42.32 (190400-820822052):33)
10-28 18:50:48.629 20422 24667 E AuthPII : 	at adxt.m(:com.google.android.gms@254232029@25.42.32 (190400-820822052):34)
10-28 18:50:48.629 20422 24667 E AuthPII : 	at adxt.o(:com.google.android.gms@254232029@25.42.32 (190400-820822052):64)
10-28 18:50:48.629 20422 24667 E AuthPII : 	at adxt.h(:com.google.android.gms@254232029@25.42.32 (190400-820822052):4)
10-28 18:50:48.629 20422 24667 E AuthPII : 	at adxt.i(:com.google.android.gms@254232029@25.42.32 (190400-820822052):8)
10-28 18:50:48.629 20422 24667 E AuthPII : 	at adxt.f(:com.google.android.gms@254232029@25.42.32 (190400-820822052):21)
10-28 18:50:48.629 20422 24667 E AuthPII : 	at aemk.d(:com.google.android.gms@254232029@25.42.32 (190400-820822052):51)
10-28 18:50:48.629 20422 24667 E AuthPII : 	at bbcd.b(:com.google.android.gms@254232029@25.42.32 (190400-820822052):72)
10-28 18:50:48.629 20422 24667 E AuthPII : 	at com.google.android.gms.clearcut.uploader.QosUploaderChimeraService.g(:com.google.android.gms@254232029@25.42.32 (190400-820822052):1562)
10-28 18:50:48.629 20422 24667 E AuthPII : 	at com.google.android.gms.clearcut.uploader.QosUploaderChimeraService.a(:com.google.android.gms@254232029@25.42.32 (190400-820822052):42)
10-28 18:50:48.629 20422 24667 E AuthPII : 	at coix.call(:com.google.android.gms@254232029@25.42.32 (190400-820822052):30)
10-28 18:50:48.629 20422 24667 E AuthPII : 	at java.util.concurrent.FutureTask.run(FutureTask.java:264)
10-28 18:50:48.629 20422 24667 E AuthPII : 	at bdgq.c(:com.google.android.gms@254232029@25.42.32 (190400-820822052):50)
10-28 18:50:48.629 20422 24667 E AuthPII : 	at bdgq.run(:com.google.android.gms@254232029@25.42.32 (190400-820822052):73)
10-28 18:50:48.629 20422 24667 E AuthPII : 	at java.util.concurrent.ThreadPoolExecutor.runWorker(ThreadPoolExecutor.java:1145)
10-28 18:50:48.629 20422 24667 E AuthPII : 	at java.util.concurrent.ThreadPoolExecutor$Worker.run(ThreadPoolExecutor.java:644)
10-28 18:50:48.629 20422 24667 E AuthPII : 	at bdmi.run(:com.google.android.gms@254232029@25.42.32 (190400-820822052):8)
10-28 18:50:48.629 20422 24667 E AuthPII : 	at java.lang.Thread.run(Thread.java:1012)
10-28 18:50:48.630 20422 24667 I Auth    : (REDACTED) [AccountIdManager] Token response failed with status=%s
10-28 18:50:48.633  9831 24813 I Finsky  : [719] SCH: Attempting to reschedule job: Id: 12-1, Constraints: [{ L: 20000, D: 86400000, C: CHARGING_NONE, I: IDLE_NONE, N: NET_ANY, B: BATTERY_ANY }]
10-28 18:50:48.636 20422 24667 E AuthPII : [RequestTokenManager] getToken() -> BAD_AUTHENTICATION. App: com.google.android.gms, Service: oauth2:https://www.googleapis.com/auth/userinfo.email https://www.googleapis.com/auth/account.capabilities https://www.googleapis.com/auth/account.service_flags
10-28 18:50:48.636 20422 24667 E AuthPII : bcaj: Long live credential not available.
10-28 18:50:48.636 20422 24667 E AuthPII : 	at aeuq.a(:com.google.android.gms@254232029@25.42.32 (190400-820822052):1289)
10-28 18:50:48.636 20422 24667 E AuthPII : 	at aeuw.b(:com.google.android.gms@254232029@25.42.32 (190400-820822052):28)
10-28 18:50:48.636 20422 24667 E AuthPII : 	at aeuu.a(:com.google.android.gms@254232029@25.42.32 (190400-820822052):537)
10-28 18:50:48.636 20422 24667 E AuthPII : 	at aefc.a(:com.google.android.gms@254232029@25.42.32 (190400-820822052):38)
10-28 18:50:48.636 20422 24667 E AuthPII : 	at aefc.h(:com.google.android.gms@254232029@25.42.32 (190400-820822052):108)
10-28 18:50:48.636 20422 24667 E AuthPII : 	at aefc.b(:com.google.android.gms@254232029@25.42.32 (190400-820822052):714)
10-28 18:50:48.636 20422 24667 E AuthPII : 	at aefc.c(:com.google.android.gms@254232029@25.42.32 (190400-820822052):5)
10-28 18:50:48.636 20422 24667 E AuthPII : 	at yei.d(:com.google.android.gms@254232029@25.42.32 (190400-820822052):379)
10-28 18:50:48.636 20422 24667 E AuthPII : 	at adxn.a(:com.google.android.gms@254232029@25.42.32 (190400-820822052):33)
10-28 18:50:48.636 20422 24667 E AuthPII : 	at adxt.m(:com.google.android.gms@254232029@25.42.32 (190400-820822052):34)
10-28 18:50:48.636 20422 24667 E AuthPII : 	at adxt.o(:com.google.android.gms@254232029@25.42.32 (190400-820822052):64)
10-28 18:50:48.636 20422 24667 E AuthPII : 	at adxt.h(:com.google.android.gms@254232029@25.42.32 (190400-820822052):4)
10-28 18:50:48.636 20422 24667 E AuthPII : 	at adxt.i(:com.google.android.gms@254232029@25.42.32 (190400-820822052):8)
10-28 18:50:48.636 20422 24667 E AuthPII : 	at adxt.f(:com.google.android.gms@254232029@25.42.32 (190400-820822052):21)
10-28 18:50:48.636 20422 24667 E AuthPII : 	at aemk.d(:com.google.android.gms@254232029@25.42.32 (190400-820822052):51)
10-28 18:50:48.636 20422 24667 E AuthPII : 	at bbcd.b(:com.google.android.gms@254232029@25.42.32 (190400-820822052):72)
10-28 18:50:48.636 20422 24667 E AuthPII : 	at com.google.android.gms.clearcut.uploader.QosUploaderChimeraService.g(:com.google.android.gms@254232029@25.42.32 (190400-820822052):1562)
10-28 18:50:48.636 20422 24667 E AuthPII : 	at com.google.android.gms.clearcut.uploader.QosUploaderChimeraService.a(:com.google.android.gms@254232029@25.42.32 (190400-820822052):42)
10-28 18:50:48.636 20422 24667 E AuthPII : 	at coix.call(:com.google.android.gms@254232029@25.42.32 (190400-820822052):30)
10-28 18:50:48.636 20422 24667 E AuthPII : 	at java.util.concurrent.FutureTask.run(FutureTask.java:264)
10-28 18:50:48.636 20422 24667 E AuthPII : 	at bdgq.c(:com.google.android.gms@254232029@25.42.32 (190400-820822052):50)
10-28 18:50:48.636 20422 24667 E AuthPII : 	at bdgq.run(:com.google.android.gms@254232029@25.42.32 (190400-820822052):73)
10-28 18:50:48.636 20422 24667 E AuthPII : 	at java.util.concurrent.ThreadPoolExecutor.runWorker(ThreadPoolExecutor.java:1145)
10-28 18:50:48.636 20422 24667 E AuthPII : 	at java.util.concurrent.ThreadPoolExecutor$Worker.run(ThreadPoolExecutor.java:644)
10-28 18:50:48.636 20422 24667 E AuthPII : 	at bdmi.run(:com.google.android.gms@254232029@25.42.32 (190400-820822052):8)
10-28 18:50:48.636 20422 24667 E AuthPII : 	at java.lang.Thread.run(Thread.java:1012)
10-28 18:50:48.637 20422 24667 E AuthPII : Message is Long live credential not available.
10-28 18:50:48.637 20422 24667 E AuthPII : bcaj: Long live credential not available.
10-28 18:50:48.637 20422 24667 E AuthPII : 	at aeuq.a(:com.google.android.gms@254232029@25.42.32 (190400-820822052):1289)
10-28 18:50:48.637 20422 24667 E AuthPII : 	at aeuw.b(:com.google.android.gms@254232029@25.42.32 (190400-820822052):28)
10-28 18:50:48.637 20422 24667 E AuthPII : 	at aeuu.a(:com.google.android.gms@254232029@25.42.32 (190400-820822052):537)
10-28 18:50:48.637 20422 24667 E AuthPII : 	at aefc.a(:com.google.android.gms@254232029@25.42.32 (190400-820822052):38)
10-28 18:50:48.637 20422 24667 E AuthPII : 	at aefc.h(:com.google.android.gms@254232029@25.42.32 (190400-820822052):108)
10-28 18:50:48.637 20422 24667 E AuthPII : 	at aefc.b(:com.google.android.gms@254232029@25.42.32 (190400-820822052):714)
10-28 18:50:48.637 20422 24667 E AuthPII : 	at aefc.c(:com.google.android.gms@254232029@25.42.32 (190400-820822052):5)
10-28 18:50:48.637 20422 24667 E AuthPII : 	at yei.d(:com.google.android.gms@254232029@25.42.32 (190400-820822052):379)
10-28 18:50:48.637 20422 24667 E AuthPII : 	at adxn.a(:com.google.android.gms@254232029@25.42.32 (190400-820822052):33)
10-28 18:50:48.637 20422 24667 E AuthPII : 	at adxt.m(:com.google.android.gms@254232029@25.42.32 (190400-820822052):34)
10-28 18:50:48.637 20422 24667 E AuthPII : 	at adxt.o(:com.google.android.gms@254232029@25.42.32 (190400-820822052):64)
10-28 18:50:48.637 20422 24667 E AuthPII : 	at adxt.h(:com.google.android.gms@254232029@25.42.32 (190400-820822052):4)
10-28 18:50:48.637 20422 24667 E AuthPII : 	at adxt.i(:com.google.android.gms@254232029@25.42.32 (190400-820822052):8)
10-28 18:50:48.637 20422 24667 E AuthPII : 	at adxt.f(:com.google.android.gms@254232029@25.42.32 (190400-820822052):21)
10-28 18:50:48.637 20422 24667 E AuthPII : 	at aemk.d(:com.google.android.gms@254232029@25.42.32 (190400-820822052):51)
10-28 18:50:48.637 20422 24667 E AuthPII : 	at bbcd.b(:com.google.android.gms@254232029@25.42.32 (190400-820822052):72)
10-28 18:50:48.637 20422 24667 E AuthPII : 	at com.google.android.gms.clearcut.uploader.QosUploaderChimeraService.g(:com.google.android.gms@254232029@25.42.32 (190400-820822052):1562)
10-28 18:50:48.637 20422 24667 E AuthPII : 	at com.google.android.gms.clearcut.uploader.QosUploaderChimeraService.a(:com.google.android.gms@254232029@25.42.32 (190400-820822052):42)
10-28 18:50:48.637 20422 24667 E AuthPII : 	at coix.call(:com.google.android.gms@254232029@25.42.32 (190400-820822052):30)
10-28 18:50:48.637 20422 24667 E AuthPII : 	at java.util.concurrent.FutureTask.run(FutureTask.java:264)
10-28 18:50:48.637 20422 24667 E AuthPII : 	at bdgq.c(:com.google.android.gms@254232029@25.42.32 (190400-820822052):50)
10-28 18:50:48.637 20422 24667 E AuthPII : 	at bdgq.run(:com.google.android.gms@254232029@25.42.32 (190400-820822052):73)
10-28 18:50:48.637 20422 24667 E AuthPII : 	at java.util.concurrent.ThreadPoolExecutor.runWorker(ThreadPoolExecutor.java:1145)
10-28 18:50:48.637 20422 24667 E AuthPII : 	at java.util.concurrent.ThreadPoolExecutor$Worker.run(ThreadPoolExecutor.java:644)
10-28 18:50:48.637 20422 24667 E AuthPII : 	at bdmi.run(:com.google.android.gms@254232029@25.42.32 (190400-820822052):8)
10-28 18:50:48.637 20422 24667 E AuthPII : 	at java.lang.Thread.run(Thread.java:1012)
10-28 18:50:48.639 20422 24667 W Auth    : [AccountStateDownloader] Unable to look up account state from server: couldn't fetch accessToken [CONTEXT service_id=343 ]
10-28 18:50:48.640 20422 24667 W Auth    : [GaiaIdSync] Empty email or accountId. [CONTEXT service_id=153 ]
10-28 18:50:48.647  9831  9870 I Finsky  : [558] SCH: Scheduling phonesky job Id: 1-1337, CT: 1761668987131, Constraints: [{ L: 29776451, D: 72976451, C: CHARGING_NONE, I: IDLE_NONE, N: NET_ANY, B: BATTERY_ANY }]
10-28 18:50:48.648  9831  9870 I Finsky  : [558] SCH: Scheduling phonesky job Id: 34-3148, CT: 1761668992871, Constraints: [{ L: 604800000, D: 2427624962, C: CHARGING_NONE, I: IDLE_NONE, N: NET_ANY, B: BATTERY_ANY }]
10-28 18:50:48.648  9831  9870 I Finsky  : [558] SCH: Scheduling phonesky job Id: 34-3152, CT: 1761668992864, Constraints: [{ L: 604800000, D: 2506826122, C: CHARGING_NONE, I: IDLE_NONE, N: NET_ANY, B: BATTERY_ANY }]
10-28 18:50:48.648  9831  9870 I Finsky  : [558] SCH: Scheduling phonesky job Id: 34-3156, CT: 1761668992865, Constraints: [{ L: 604800000, D: 2586031627, C: CHARGING_NONE, I: IDLE_NONE, N: NET_ANY, B: BATTERY_ANY }]
10-28 18:50:48.648  9831  9870 I Finsky  : [558] SCH: Scheduling phonesky job Id: 34-3159, CT: 1761668992871, Constraints: [{ L: 73230357, D: 1369230357, C: CHARGING_NONE, I: IDLE_NONE, N: NET_ANY, B: BATTERY_ANY }]
10-28 18:50:48.653 20422 22317 E AuthPII : [RequestTokenManager] getToken() -> BAD_AUTHENTICATION. App: com.google.android.gms, Service: oauth2:https://www.googleapis.com/auth/cclog
10-28 18:50:48.653 20422 22317 E AuthPII : bcaj: Long live credential not available.
10-28 18:50:48.653 20422 22317 E AuthPII : 	at aeuq.a(:com.google.android.gms@254232029@25.42.32 (190400-820822052):1289)
10-28 18:50:48.653 20422 22317 E AuthPII : 	at aeuw.b(:com.google.android.gms@254232029@25.42.32 (190400-820822052):28)
10-28 18:50:48.653 20422 22317 E AuthPII : 	at aeuu.a(:com.google.android.gms@254232029@25.42.32 (190400-820822052):537)
10-28 18:50:48.653 20422 22317 E AuthPII : 	at aeut.b(:com.google.android.gms@254232029@25.42.32 (190400-820822052):141)
10-28 18:50:48.653 20422 22317 E AuthPII : 	at aejf.a(:com.google.android.gms@254232029@25.42.32 (190400-820822052):312)
10-28 18:50:48.653 20422 22317 E AuthPII : 	at aeeo.f(:com.google.android.gms@254232029@25.42.32 (190400-820822052):24)
10-28 18:50:48.653 20422 22317 E AuthPII : 	at cmta.fx(:com.google.android.gms@254232029@25.42.32 (190400-820822052):1)
10-28 18:50:48.653 20422 22317 E AuthPII : 	at cmte.run(:com.google.android.gms@254232029@25.42.32 (190400-820822052):120)
10-28 18:50:48.653 20422 22317 E AuthPII : 	at gjem.run(:com.google.android.gms@254232029@25.42.32 (190400-820822052):19)
10-28 18:50:48.653 20422 22317 E AuthPII : 	at bdgq.c(:com.google.android.gms@254232029@25.42.32 (190400-820822052):50)
10-28 18:50:48.653 20422 22317 E AuthPII : 	at bdgq.run(:com.google.android.gms@254232029@25.42.32 (190400-820822052):73)
10-28 18:50:48.653 20422 22317 E AuthPII : 	at java.util.concurrent.ThreadPoolExecutor.runWorker(ThreadPoolExecutor.java:1145)
10-28 18:50:48.653 20422 22317 E AuthPII : 	at java.util.concurrent.ThreadPoolExecutor$Worker.run(ThreadPoolExecutor.java:644)
10-28 18:50:48.653 20422 22317 E AuthPII : 	at bdmi.run(:com.google.android.gms@254232029@25.42.32 (190400-820822052):8)
10-28 18:50:48.653 20422 22317 E AuthPII : 	at java.lang.Thread.run(Thread.java:1012)
10-28 18:50:48.653 20422 22317 E AuthPII : Message is Long live credential not available.
10-28 18:50:48.653 20422 22317 E AuthPII : bcaj: Long live credential not available.
10-28 18:50:48.653 20422 22317 E AuthPII : 	at aeuq.a(:com.google.android.gms@254232029@25.42.32 (190400-820822052):1289)
10-28 18:50:48.653 20422 22317 E AuthPII : 	at aeuw.b(:com.google.android.gms@254232029@25.42.32 (190400-820822052):28)
10-28 18:50:48.653 20422 22317 E AuthPII : 	at aeuu.a(:com.google.android.gms@254232029@25.42.32 (190400-820822052):537)
10-28 18:50:48.653 20422 22317 E AuthPII : 	at aeut.b(:com.google.android.gms@254232029@25.42.32 (190400-820822052):141)
10-28 18:50:48.653 20422 22317 E AuthPII : 	at aejf.a(:com.google.android.gms@254232029@25.42.32 (190400-820822052):312)
10-28 18:50:48.653 20422 22317 E AuthPII : 	at aeeo.f(:com.google.android.gms@254232029@25.42.32 (190400-820822052):24)
10-28 18:50:48.653 20422 22317 E AuthPII : 	at cmta.fx(:com.google.android.gms@254232029@25.42.32 (190400-820822052):1)
10-28 18:50:48.653 20422 22317 E AuthPII : 	at cmte.run(:com.google.android.gms@254232029@25.42.32 (190400-820822052):120)
10-28 18:50:48.653 20422 22317 E AuthPII : 	at gjem.run(:com.google.android.gms@254232029@25.42.32 (190400-820822052):19)
10-28 18:50:48.653 20422 22317 E AuthPII : 	at bdgq.c(:com.google.android.gms@254232029@25.42.32 (190400-820822052):50)
10-28 18:50:48.653 20422 22317 E AuthPII : 	at bdgq.run(:com.google.android.gms@254232029@25.42.32 (190400-820822052):73)
10-28 18:50:48.653 20422 22317 E AuthPII : 	at java.util.concurrent.ThreadPoolExecutor.runWorker(ThreadPoolExecutor.java:1145)
10-28 18:50:48.653 20422 22317 E AuthPII : 	at java.util.concurrent.ThreadPoolExecutor$Worker.run(ThreadPoolExecutor.java:644)
10-28 18:50:48.653 20422 22317 E AuthPII : 	at bdmi.run(:com.google.android.gms@254232029@25.42.32 (190400-820822052):8)
10-28 18:50:48.653 20422 22317 E AuthPII : 	at java.lang.Thread.run(Thread.java:1012)
10-28 18:50:48.654  9831  9874 I Finsky  : [562] SCH: Scheduling 1 system job(s)
10-28 18:50:48.655  9831  9874 I Finsky  : [562] SCH: Scheduling system job Id: 9359, L: 10514928, D: 53714928, C: false, I: false, N: 1
10-28 18:50:48.661  9831 25838 I Finsky  : [723] SCH: job service finished with id 9352.
10-28 18:50:48.673 20422 22317 I Auth    : (REDACTED) [GetToken] GetToken failed for app=%s with userRecoverable status: %s 
10-28 18:50:48.675 20422 22317 W Auth    : [GetTokenOperation] exception while trying to fetch auth tokens for app=com.google.android.gms [CONTEXT service_id=343 ]
10-28 18:50:48.675 20422 22317 W Auth    : aeup: GetToken failed with status code and recovery intent: BadAuthentication
10-28 18:50:48.675 20422 22317 W Auth    : 	at aeut.b(:com.google.android.gms@254232029@25.42.32 (190400-820822052):338)
10-28 18:50:48.675 20422 22317 W Auth    : 	at aejf.a(:com.google.android.gms@254232029@25.42.32 (190400-820822052):312)
10-28 18:50:48.675 20422 22317 W Auth    : 	at aeeo.f(:com.google.android.gms@254232029@25.42.32 (190400-820822052):24)
10-28 18:50:48.675 20422 22317 W Auth    : 	at cmta.fx(:com.google.android.gms@254232029@25.42.32 (190400-820822052):1)
10-28 18:50:48.675 20422 22317 W Auth    : 	at cmte.run(:com.google.android.gms@254232029@25.42.32 (190400-820822052):120)
10-28 18:50:48.675 20422 22317 W Auth    : 	at gjem.run(:com.google.android.gms@254232029@25.42.32 (190400-820822052):19)
10-28 18:50:48.675 20422 22317 W Auth    : 	at bdgq.c(:com.google.android.gms@254232029@25.42.32 (190400-820822052):50)
10-28 18:50:48.675 20422 22317 W Auth    : 	at bdgq.run(:com.google.android.gms@254232029@25.42.32 (190400-820822052):73)
10-28 18:50:48.675 20422 22317 W Auth    : 	at java.util.concurrent.ThreadPoolExecutor.runWorker(ThreadPoolExecutor.java:1145)
10-28 18:50:48.675 20422 22317 W Auth    : 	at java.util.concurrent.ThreadPoolExecutor$Worker.run(ThreadPoolExecutor.java:644)
10-28 18:50:48.675 20422 22317 W Auth    : 	at bdmi.run(:com.google.android.gms@254232029@25.42.32 (190400-820822052):8)
10-28 18:50:48.675 20422 22317 W Auth    : 	at java.lang.Thread.run(Thread.java:1012)
10-28 18:50:48.676 20422 24667 I CCTUploader: Failed to get auth token due to class com.google.android.gms.auth.UserRecoverableAuthException
10-28 18:50:48.711 20422 24667 E AuthPII : [RequestTokenManager] getToken() -> BAD_AUTHENTICATION. App: com.google.android.gms, Service: oauth2:https://www.googleapis.com/auth/plus.me
10-28 18:50:48.711 20422 24667 E AuthPII : bcaj: Long live credential not available.
10-28 18:50:48.711 20422 24667 E AuthPII : 	at aeuq.a(:com.google.android.gms@254232029@25.42.32 (190400-820822052):1289)
10-28 18:50:48.711 20422 24667 E AuthPII : 	at aeuw.b(:com.google.android.gms@254232029@25.42.32 (190400-820822052):28)
10-28 18:50:48.711 20422 24667 E AuthPII : 	at aeuu.a(:com.google.android.gms@254232029@25.42.32 (190400-820822052):537)
10-28 18:50:48.711 20422 24667 E AuthPII : 	at aeew.a(:com.google.android.gms@254232029@25.42.32 (190400-820822052):82)
10-28 18:50:48.711 20422 24667 E AuthPII : 	at yei.d(:com.google.android.gms@254232029@25.42.32 (190400-820822052):307)
10-28 18:50:48.711 20422 24667 E AuthPII : 	at adxn.a(:com.google.android.gms@254232029@25.42.32 (190400-820822052):33)
10-28 18:50:48.711 20422 24667 E AuthPII : 	at adxt.m(:com.google.android.gms@254232029@25.42.32 (190400-820822052):34)
10-28 18:50:48.711 20422 24667 E AuthPII : 	at adxt.o(:com.google.android.gms@254232029@25.42.32 (190400-820822052):64)
10-28 18:50:48.711 20422 24667 E AuthPII : 	at adxt.h(:com.google.android.gms@254232029@25.42.32 (190400-820822052):4)
10-28 18:50:48.711 20422 24667 E AuthPII : 	at adxt.i(:com.google.android.gms@254232029@25.42.32 (190400-820822052):8)
10-28 18:50:48.711 20422 24667 E AuthPII : 	at adxt.f(:com.google.android.gms@254232029@25.42.32 (190400-820822052):21)
10-28 18:50:48.711 20422 24667 E AuthPII : 	at aemk.d(:com.google.android.gms@254232029@25.42.32 (190400-820822052):51)
10-28 18:50:48.711 20422 24667 E AuthPII : 	at bbcd.b(:com.google.android.gms@254232029@25.42.32 (190400-820822052):72)
10-28 18:50:48.711 20422 24667 E AuthPII : 	at com.google.android.gms.clearcut.uploader.QosUploaderChimeraService.g(:com.google.android.gms@254232029@25.42.32 (190400-820822052):1562)
10-28 18:50:48.711 20422 24667 E AuthPII : 	at com.google.android.gms.clearcut.uploader.QosUploaderChimeraService.a(:com.google.android.gms@254232029@25.42.32 (190400-820822052):42)
10-28 18:50:48.711 20422 24667 E AuthPII : 	at coix.call(:com.google.android.gms@254232029@25.42.32 (190400-820822052):30)
10-28 18:50:48.711 20422 24667 E AuthPII : 	at java.util.concurrent.FutureTask.run(FutureTask.java:264)
10-28 18:50:48.711 20422 24667 E AuthPII : 	at bdgq.c(:com.google.android.gms@254232029@25.42.32 (190400-820822052):50)
10-28 18:50:48.711 20422 24667 E AuthPII : 	at bdgq.run(:com.google.android.gms@254232029@25.42.32 (190400-820822052):73)
10-28 18:50:48.711 20422 24667 E AuthPII : 	at java.util.concurrent.ThreadPoolExecutor.runWorker(ThreadPoolExecutor.java:1145)
10-28 18:50:48.711 20422 24667 E AuthPII : 	at java.util.concurrent.ThreadPoolExecutor$Worker.run(ThreadPoolExecutor.java:644)
10-28 18:50:48.711 20422 24667 E AuthPII : 	at bdmi.run(:com.google.android.gms@254232029@25.42.32 (190400-820822052):8)
10-28 18:50:48.711 20422 24667 E AuthPII : 	at java.lang.Thread.run(Thread.java:1012)
10-28 18:50:48.711 20422 24667 E AuthPII : Message is Long live credential not available.
10-28 18:50:48.711 20422 24667 E AuthPII : bcaj: Long live credential not available.
10-28 18:50:48.711 20422 24667 E AuthPII : 	at aeuq.a(:com.google.android.gms@254232029@25.42.32 (190400-820822052):1289)
10-28 18:50:48.711 20422 24667 E AuthPII : 	at aeuw.b(:com.google.android.gms@254232029@25.42.32 (190400-820822052):28)
10-28 18:50:48.711 20422 24667 E AuthPII : 	at aeuu.a(:com.google.android.gms@254232029@25.42.32 (190400-820822052):537)
10-28 18:50:48.711 20422 24667 E AuthPII : 	at aeew.a(:com.google.android.gms@254232029@25.42.32 (190400-820822052):82)
10-28 18:50:48.711 20422 24667 E AuthPII : 	at yei.d(:com.google.android.gms@254232029@25.42.32 (190400-820822052):307)
10-28 18:50:48.711 20422 24667 E AuthPII : 	at adxn.a(:com.google.android.gms@254232029@25.42.32 (190400-820822052):33)
10-28 18:50:48.711 20422 24667 E AuthPII : 	at adxt.m(:com.google.android.gms@254232029@25.42.32 (190400-820822052):34)
10-28 18:50:48.711 20422 24667 E AuthPII : 	at adxt.o(:com.google.android.gms@254232029@25.42.32 (190400-820822052):64)
10-28 18:50:48.711 20422 24667 E AuthPII : 	at adxt.h(:com.google.android.gms@254232029@25.42.32 (190400-820822052):4)
10-28 18:50:48.711 20422 24667 E AuthPII : 	at adxt.i(:com.google.android.gms@254232029@25.42.32 (190400-820822052):8)
10-28 18:50:48.711 20422 24667 E AuthPII : 	at adxt.f(:com.google.android.gms@254232029@25.42.32 (190400-820822052):21)
10-28 18:50:48.711 20422 24667 E AuthPII : 	at aemk.d(:com.google.android.gms@254232029@25.42.32 (190400-820822052):51)
10-28 18:50:48.711 20422 24667 E AuthPII : 	at bbcd.b(:com.google.android.gms@254232029@25.42.32 (190400-820822052):72)
10-28 18:50:48.711 20422 24667 E AuthPII : 	at com.google.android.gms.clearcut.uploader.QosUploaderChimeraService.g(:com.google.android.gms@254232029@25.42.32 (190400-820822052):1562)
10-28 18:50:48.711 20422 24667 E AuthPII : 	at com.google.android.gms.clearcut.uploader.QosUploaderChimeraService.a(:com.google.android.gms@254232029@25.42.32 (190400-820822052):42)
10-28 18:50:48.711 20422 24667 E AuthPII : 	at coix.call(:com.google.android.gms@254232029@25.42.32 (190400-820822052):30)
10-28 18:50:48.711 20422 24667 E AuthPII : 	at java.util.concurrent.FutureTask.run(FutureTask.java:264)
10-28 18:50:48.711 20422 24667 E AuthPII : 	at bdgq.c(:com.google.android.gms@254232029@25.42.32 (190400-820822052):50)
10-28 18:50:48.711 20422 24667 E AuthPII : 	at bdgq.run(:com.google.android.gms@254232029@25.42.32 (190400-820822052):73)
10-28 18:50:48.711 20422 24667 E AuthPII : 	at java.util.concurrent.ThreadPoolExecutor.runWorker(ThreadPoolExecutor.java:1145)
10-28 18:50:48.711 20422 24667 E AuthPII : 	at java.util.concurrent.ThreadPoolExecutor$Worker.run(ThreadPoolExecutor.java:644)
10-28 18:50:48.711 20422 24667 E AuthPII : 	at bdmi.run(:com.google.android.gms@254232029@25.42.32 (190400-820822052):8)
10-28 18:50:48.711 20422 24667 E AuthPII : 	at java.lang.Thread.run(Thread.java:1012)
10-28 18:50:48.712 20422 24667 I Auth    : (REDACTED) [AccountIdManager] Token response failed with status=%s
10-28 18:50:48.717 20422 24667 E AuthPII : [RequestTokenManager] getToken() -> BAD_AUTHENTICATION. App: com.google.android.gms, Service: oauth2:https://www.googleapis.com/auth/userinfo.email https://www.googleapis.com/auth/account.capabilities https://www.googleapis.com/auth/account.service_flags
10-28 18:50:48.717 20422 24667 E AuthPII : bcaj: Long live credential not available.
10-28 18:50:48.717 20422 24667 E AuthPII : 	at aeuq.a(:com.google.android.gms@254232029@25.42.32 (190400-820822052):1289)
10-28 18:50:48.717 20422 24667 E AuthPII : 	at aeuw.b(:com.google.android.gms@254232029@25.42.32 (190400-820822052):28)
10-28 18:50:48.717 20422 24667 E AuthPII : 	at aeuu.a(:com.google.android.gms@254232029@25.42.32 (190400-820822052):537)
10-28 18:50:48.717 20422 24667 E AuthPII : 	at aefc.a(:com.google.android.gms@254232029@25.42.32 (190400-820822052):38)
10-28 18:50:48.717 20422 24667 E AuthPII : 	at aefc.h(:com.google.android.gms@254232029@25.42.32 (190400-820822052):108)
10-28 18:50:48.717 20422 24667 E AuthPII : 	at aefc.b(:com.google.android.gms@254232029@25.42.32 (190400-820822052):714)
10-28 18:50:48.717 20422 24667 E AuthPII : 	at aefc.c(:com.google.android.gms@254232029@25.42.32 (190400-820822052):5)
10-28 18:50:48.717 20422 24667 E AuthPII : 	at yei.d(:com.google.android.gms@254232029@25.42.32 (190400-820822052):379)
10-28 18:50:48.717 20422 24667 E AuthPII : 	at adxn.a(:com.google.android.gms@254232029@25.42.32 (190400-820822052):33)
10-28 18:50:48.717 20422 24667 E AuthPII : 	at adxt.m(:com.google.android.gms@254232029@25.42.32 (190400-820822052):34)
10-28 18:50:48.717 20422 24667 E AuthPII : 	at adxt.o(:com.google.android.gms@254232029@25.42.32 (190400-820822052):64)
10-28 18:50:48.717 20422 24667 E AuthPII : 	at adxt.h(:com.google.android.gms@254232029@25.42.32 (190400-820822052):4)
10-28 18:50:48.717 20422 24667 E AuthPII : 	at adxt.i(:com.google.android.gms@254232029@25.42.32 (190400-820822052):8)
10-28 18:50:48.717 20422 24667 E AuthPII : 	at adxt.f(:com.google.android.gms@254232029@25.42.32 (190400-820822052):21)
10-28 18:50:48.717 20422 24667 E AuthPII : 	at aemk.d(:com.google.android.gms@254232029@25.42.32 (190400-820822052):51)
10-28 18:50:48.717 20422 24667 E AuthPII : 	at bbcd.b(:com.google.android.gms@254232029@25.42.32 (190400-820822052):72)
10-28 18:50:48.717 20422 24667 E AuthPII : 	at com.google.android.gms.clearcut.uploader.QosUploaderChimeraService.g(:com.google.android.gms@254232029@25.42.32 (190400-820822052):1562)
10-28 18:50:48.717 20422 24667 E AuthPII : 	at com.google.android.gms.clearcut.uploader.QosUploaderChimeraService.a(:com.google.android.gms@254232029@25.42.32 (190400-820822052):42)
10-28 18:50:48.717 20422 24667 E AuthPII : 	at coix.call(:com.google.android.gms@254232029@25.42.32 (190400-820822052):30)
10-28 18:50:48.717 20422 24667 E AuthPII : 	at java.util.concurrent.FutureTask.run(FutureTask.java:264)
10-28 18:50:48.717 20422 24667 E AuthPII : 	at bdgq.c(:com.google.android.gms@254232029@25.42.32 (190400-820822052):50)
10-28 18:50:48.717 20422 24667 E AuthPII : 	at bdgq.run(:com.google.android.gms@254232029@25.42.32 (190400-820822052):73)
10-28 18:50:48.717 20422 24667 E AuthPII : 	at java.util.concurrent.ThreadPoolExecutor.runWorker(ThreadPoolExecutor.java:1145)
10-28 18:50:48.717 20422 24667 E AuthPII : 	at java.util.concurrent.ThreadPoolExecutor$Worker.run(ThreadPoolExecutor.java:644)
10-28 18:50:48.717 20422 24667 E AuthPII : 	at bdmi.run(:com.google.android.gms@254232029@25.42.32 (190400-820822052):8)
10-28 18:50:48.717 20422 24667 E AuthPII : 	at java.lang.Thread.run(Thread.java:1012)
10-28 18:50:48.717 20422 24667 E AuthPII : Message is Long live credential not available.
10-28 18:50:48.717 20422 24667 E AuthPII : bcaj: Long live credential not available.
10-28 18:50:48.717 20422 24667 E AuthPII : 	at aeuq.a(:com.google.android.gms@254232029@25.42.32 (190400-820822052):1289)
10-28 18:50:48.717 20422 24667 E AuthPII : 	at aeuw.b(:com.google.android.gms@254232029@25.42.32 (190400-820822052):28)
10-28 18:50:48.717 20422 24667 E AuthPII : 	at aeuu.a(:com.google.android.gms@254232029@25.42.32 (190400-820822052):537)
10-28 18:50:48.717 20422 24667 E AuthPII : 	at aefc.a(:com.google.android.gms@254232029@25.42.32 (190400-820822052):38)
10-28 18:50:48.717 20422 24667 E AuthPII : 	at aefc.h(:com.google.android.gms@254232029@25.42.32 (190400-820822052):108)
10-28 18:50:48.717 20422 24667 E AuthPII : 	at aefc.b(:com.google.android.gms@254232029@25.42.32 (190400-820822052):714)
10-28 18:50:48.717 20422 24667 E AuthPII : 	at aefc.c(:com.google.android.gms@254232029@25.42.32 (190400-820822052):5)
10-28 18:50:48.717 20422 24667 E AuthPII : 	at yei.d(:com.google.android.gms@254232029@25.42.32 (190400-820822052):379)
10-28 18:50:48.717 20422 24667 E AuthPII : 	at adxn.a(:com.google.android.gms@254232029@25.42.32 (190400-820822052):33)
10-28 18:50:48.717 20422 24667 E AuthPII : 	at adxt.m(:com.google.android.gms@254232029@25.42.32 (190400-820822052):34)
10-28 18:50:48.717 20422 24667 E AuthPII : 	at adxt.o(:com.google.android.gms@254232029@25.42.32 (190400-820822052):64)
10-28 18:50:48.717 20422 24667 E AuthPII : 	at adxt.h(:com.google.android.gms@254232029@25.42.32 (190400-820822052):4)
10-28 18:50:48.717 20422 24667 E AuthPII : 	at adxt.i(:com.google.android.gms@254232029@25.42.32 (190400-820822052):8)
10-28 18:50:48.717 20422 24667 E AuthPII : 	at adxt.f(:com.google.android.gms@254232029@25.42.32 (190400-820822052):21)
10-28 18:50:48.717 20422 24667 E AuthPII : 	at aemk.d(:com.google.android.gms@254232029@25.42.32 (190400-820822052):51)
10-28 18:50:48.717 20422 24667 E AuthPII : 	at bbcd.b(:com.google.android.gms@254232029@25.42.32 (190400-820822052):72)
10-28 18:50:48.717 20422 24667 E AuthPII : 	at com.google.android.gms.clearcut.uploader.QosUploaderChimeraService.g(:com.google.android.gms@254232029@25.42.32 (190400-820822052):1562)
10-28 18:50:48.717 20422 24667 E AuthPII : 	at com.google.android.gms.clearcut.uploader.QosUploaderChimeraService.a(:com.google.android.gms@254232029@25.42.32 (190400-820822052):42)
10-28 18:50:48.717 20422 24667 E AuthPII : 	at coix.call(:com.google.android.gms@254232029@25.42.32 (190400-820822052):30)
10-28 18:50:48.717 20422 24667 E AuthPII : 	at java.util.concurrent.FutureTask.run(FutureTask.java:264)
10-28 18:50:48.717 20422 24667 E AuthPII : 	at bdgq.c(:com.google.android.gms@254232029@25.42.32 (190400-820822052):50)
10-28 18:50:48.717 20422 24667 E AuthPII : 	at bdgq.run(:com.google.android.gms@254232029@25.42.32 (190400-820822052):73)
10-28 18:50:48.717 20422 24667 E AuthPII : 	at java.util.concurrent.ThreadPoolExecutor.runWorker(ThreadPoolExecutor.java:1145)
10-28 18:50:48.717 20422 24667 E AuthPII : 	at java.util.concurrent.ThreadPoolExecutor$Worker.run(ThreadPoolExecutor.java:644)
10-28 18:50:48.717 20422 24667 E AuthPII : 	at bdmi.run(:com.google.android.gms@254232029@25.42.32 (190400-820822052):8)
10-28 18:50:48.717 20422 24667 E AuthPII : 	at java.lang.Thread.run(Thread.java:1012)
10-28 18:50:48.720 20422 24667 W Auth    : [AccountStateDownloader] Unable to look up account state from server: couldn't fetch accessToken [CONTEXT service_id=343 ]
10-28 18:50:48.720 20422 24667 W Auth    : [GaiaIdSync] Empty email or accountId. [CONTEXT service_id=153 ]
10-28 18:50:48.735 20422 22317 E AuthPII : [RequestTokenManager] getToken() -> BAD_AUTHENTICATION. App: com.google.android.gms, Service: oauth2:https://www.googleapis.com/auth/cclog
10-28 18:50:48.735 20422 22317 E AuthPII : bcaj: Long live credential not available.
10-28 18:50:48.735 20422 22317 E AuthPII : 	at aeuq.a(:com.google.android.gms@254232029@25.42.32 (190400-820822052):1289)
10-28 18:50:48.735 20422 22317 E AuthPII : 	at aeuw.b(:com.google.android.gms@254232029@25.42.32 (190400-820822052):28)
10-28 18:50:48.735 20422 22317 E AuthPII : 	at aeuu.a(:com.google.android.gms@254232029@25.42.32 (190400-820822052):537)
10-28 18:50:48.735 20422 22317 E AuthPII : 	at aeut.b(:com.google.android.gms@254232029@25.42.32 (190400-820822052):141)
10-28 18:50:48.735 20422 22317 E AuthPII : 	at aejf.a(:com.google.android.gms@254232029@25.42.32 (190400-820822052):312)
10-28 18:50:48.735 20422 22317 E AuthPII : 	at aeeo.f(:com.google.android.gms@254232029@25.42.32 (190400-820822052):24)
10-28 18:50:48.735 20422 22317 E AuthPII : 	at cmta.fx(:com.google.android.gms@254232029@25.42.32 (190400-820822052):1)
10-28 18:50:48.735 20422 22317 E AuthPII : 	at cmte.run(:com.google.android.gms@254232029@25.42.32 (190400-820822052):120)
10-28 18:50:48.735 20422 22317 E AuthPII : 	at gjem.run(:com.google.android.gms@254232029@25.42.32 (190400-820822052):19)
10-28 18:50:48.735 20422 22317 E AuthPII : 	at bdgq.c(:com.google.android.gms@254232029@25.42.32 (190400-820822052):50)
10-28 18:50:48.735 20422 22317 E AuthPII : 	at bdgq.run(:com.google.android.gms@254232029@25.42.32 (190400-820822052):73)
10-28 18:50:48.735 20422 22317 E AuthPII : 	at java.util.concurrent.ThreadPoolExecutor.runWorker(ThreadPoolExecutor.java:1145)
10-28 18:50:48.735 20422 22317 E AuthPII : 	at java.util.concurrent.ThreadPoolExecutor$Worker.run(ThreadPoolExecutor.java:644)
10-28 18:50:48.735 20422 22317 E AuthPII : 	at bdmi.run(:com.google.android.gms@254232029@25.42.32 (190400-820822052):8)
10-28 18:50:48.735 20422 22317 E AuthPII : 	at java.lang.Thread.run(Thread.java:1012)
10-28 18:50:48.736 20422 22317 E AuthPII : Message is Long live credential not available.
10-28 18:50:48.736 20422 22317 E AuthPII : bcaj: Long live credential not available.
10-28 18:50:48.736 20422 22317 E AuthPII : 	at aeuq.a(:com.google.android.gms@254232029@25.42.32 (190400-820822052):1289)
10-28 18:50:48.736 20422 22317 E AuthPII : 	at aeuw.b(:com.google.android.gms@254232029@25.42.32 (190400-820822052):28)
10-28 18:50:48.736 20422 22317 E AuthPII : 	at aeuu.a(:com.google.android.gms@254232029@25.42.32 (190400-820822052):537)
10-28 18:50:48.736 20422 22317 E AuthPII : 	at aeut.b(:com.google.android.gms@254232029@25.42.32 (190400-820822052):141)
10-28 18:50:48.736 20422 22317 E AuthPII : 	at aejf.a(:com.google.android.gms@254232029@25.42.32 (190400-820822052):312)
10-28 18:50:48.736 20422 22317 E AuthPII : 	at aeeo.f(:com.google.android.gms@254232029@25.42.32 (190400-820822052):24)
10-28 18:50:48.736 20422 22317 E AuthPII : 	at cmta.fx(:com.google.android.gms@254232029@25.42.32 (190400-820822052):1)
10-28 18:50:48.736 20422 22317 E AuthPII : 	at cmte.run(:com.google.android.gms@254232029@25.42.32 (190400-820822052):120)
10-28 18:50:48.736 20422 22317 E AuthPII : 	at gjem.run(:com.google.android.gms@254232029@25.42.32 (190400-820822052):19)
10-28 18:50:48.736 20422 22317 E AuthPII : 	at bdgq.c(:com.google.android.gms@254232029@25.42.32 (190400-820822052):50)
10-28 18:50:48.736 20422 22317 E AuthPII : 	at bdgq.run(:com.google.android.gms@254232029@25.42.32 (190400-820822052):73)
10-28 18:50:48.736 20422 22317 E AuthPII : 	at java.util.concurrent.ThreadPoolExecutor.runWorker(ThreadPoolExecutor.java:1145)
10-28 18:50:48.736 20422 22317 E AuthPII : 	at java.util.concurrent.ThreadPoolExecutor$Worker.run(ThreadPoolExecutor.java:644)
10-28 18:50:48.736 20422 22317 E AuthPII : 	at bdmi.run(:com.google.android.gms@254232029@25.42.32 (190400-820822052):8)
10-28 18:50:48.736 20422 22317 E AuthPII : 	at java.lang.Thread.run(Thread.java:1012)
10-28 18:50:48.759 20422 22317 I Auth    : (REDACTED) [GetToken] GetToken failed for app=%s with userRecoverable status: %s 
10-28 18:50:48.761 20422 22317 W Auth    : [GetTokenOperation] exception while trying to fetch auth tokens for app=com.google.android.gms [CONTEXT service_id=343 ]
10-28 18:50:48.761 20422 22317 W Auth    : aeup: GetToken failed with status code and recovery intent: BadAuthentication
10-28 18:50:48.761 20422 22317 W Auth    : 	at aeut.b(:com.google.android.gms@254232029@25.42.32 (190400-820822052):338)
10-28 18:50:48.761 20422 22317 W Auth    : 	at aejf.a(:com.google.android.gms@254232029@25.42.32 (190400-820822052):312)
10-28 18:50:48.761 20422 22317 W Auth    : 	at aeeo.f(:com.google.android.gms@254232029@25.42.32 (190400-820822052):24)
10-28 18:50:48.761 20422 22317 W Auth    : 	at cmta.fx(:com.google.android.gms@254232029@25.42.32 (190400-820822052):1)
10-28 18:50:48.761 20422 22317 W Auth    : 	at cmte.run(:com.google.android.gms@254232029@25.42.32 (190400-820822052):120)
10-28 18:50:48.761 20422 22317 W Auth    : 	at gjem.run(:com.google.android.gms@254232029@25.42.32 (190400-820822052):19)
10-28 18:50:48.761 20422 22317 W Auth    : 	at bdgq.c(:com.google.android.gms@254232029@25.42.32 (190400-820822052):50)
10-28 18:50:48.761 20422 22317 W Auth    : 	at bdgq.run(:com.google.android.gms@254232029@25.42.32 (190400-820822052):73)
10-28 18:50:48.761 20422 22317 W Auth    : 	at java.util.concurrent.ThreadPoolExecutor.runWorker(ThreadPoolExecutor.java:1145)
10-28 18:50:48.761 20422 22317 W Auth    : 	at java.util.concurrent.ThreadPoolExecutor$Worker.run(ThreadPoolExecutor.java:644)
10-28 18:50:48.761 20422 22317 W Auth    : 	at bdmi.run(:com.google.android.gms@254232029@25.42.32 (190400-820822052):8)
10-28 18:50:48.761 20422 22317 W Auth    : 	at java.lang.Thread.run(Thread.java:1012)
10-28 18:50:48.762 20422 24667 I CCTUploader: Failed to get auth token due to class com.google.android.gms.auth.UserRecoverableAuthException
10-28 18:50:48.787  9831 24774 I Finsky  : [715] WM::SCH: Logging work initialize for 12-1
10-28 18:50:48.795  9831  9870 I Finsky  : [558] SCH: Scheduling phonesky job Id: 12-1, CT: 1761688248634, Constraints: [{ L: 20000, D: 86400000, C: CHARGING_NONE, I: IDLE_NONE, N: NET_ANY, B: BATTERY_ANY }]
10-28 18:50:48.796 20422 24667 E AuthPII : [RequestTokenManager] getToken() -> BAD_AUTHENTICATION. App: com.google.android.gms, Service: oauth2:https://www.googleapis.com/auth/plus.me
10-28 18:50:48.796 20422 24667 E AuthPII : bcaj: Long live credential not available.
10-28 18:50:48.796 20422 24667 E AuthPII : 	at aeuq.a(:com.google.android.gms@254232029@25.42.32 (190400-820822052):1289)
10-28 18:50:48.796 20422 24667 E AuthPII : 	at aeuw.b(:com.google.android.gms@254232029@25.42.32 (190400-820822052):28)
