10-28 18:50:49.002 20422 24667 E AuthPII : 	at adxt.h(:com.google.android.gms@254232029@25.42.32 (190400-820822052):4)
10-28 18:50:49.002 20422 24667 E AuthPII : 	at adxt.i(:com.google.android.gms@254232029@25.42.32 (190400-820822052):8)
10-28 18:50:49.002 20422 24667 E AuthPII : 	at adxt.f(:com.google.android.gms@254232029@25.42.32 (190400-820822052):21)
10-28 18:50:49.002 20422 24667 E AuthPII : 	at aemk.d(:com.google.android.gms@254232029@25.42.32 (190400-820822052):51)
10-28 18:50:49.002 20422 24667 E AuthPII : 	at bbcd.b(:com.google.android.gms@254232029@25.42.32 (190400-820822052):72)
10-28 18:50:49.002 20422 24667 E AuthPII : 	at com.google.android.gms.clearcut.uploader.QosUploaderChimeraService.g(:com.google.android.gms@254232029@25.42.32 (190400-820822052):1562)
10-28 18:50:49.002 20422 24667 E AuthPII : 	at com.google.android.gms.clearcut.uploader.QosUploaderChimeraService.a(:com.google.android.gms@254232029@25.42.32 (190400-820822052):42)
10-28 18:50:49.002 20422 24667 E AuthPII : 	at coix.call(:com.google.android.gms@254232029@25.42.32 (190400-820822052):30)
10-28 18:50:49.002 20422 24667 E AuthPII : 	at java.util.concurrent.FutureTask.run(FutureTask.java:264)
10-28 18:50:49.002 20422 24667 E AuthPII : 	at bdgq.c(:com.google.android.gms@254232029@25.42.32 (190400-820822052):50)
10-28 18:50:49.002 20422 24667 E AuthPII : 	at bdgq.run(:com.google.android.gms@254232029@25.42.32 (190400-820822052):73)
10-28 18:50:49.002 20422 24667 E AuthPII : 	at java.util.concurrent.ThreadPoolExecutor.runWorker(ThreadPoolExecutor.java:1145)
10-28 18:50:49.002 20422 24667 E AuthPII : 	at java.util.concurrent.ThreadPoolExecutor$Worker.run(ThreadPoolExecutor.java:644)
10-28 18:50:49.002 20422 24667 E AuthPII : 	at bdmi.run(:com.google.android.gms@254232029@25.42.32 (190400-820822052):8)
10-28 18:50:49.002 20422 24667 E AuthPII : 	at java.lang.Thread.run(Thread.java:1012)
10-28 18:50:49.003 20422 24667 E AuthPII : Message is Long live credential not available.
10-28 18:50:49.003 20422 24667 E AuthPII : bcaj: Long live credential not available.
10-28 18:50:49.003 20422 24667 E AuthPII : 	at aeuq.a(:com.google.android.gms@254232029@25.42.32 (190400-820822052):1289)
10-28 18:50:49.003 20422 24667 E AuthPII : 	at aeuw.b(:com.google.android.gms@254232029@25.42.32 (190400-820822052):28)
10-28 18:50:49.003 20422 24667 E AuthPII : 	at aeuu.a(:com.google.android.gms@254232029@25.42.32 (190400-820822052):537)
10-28 18:50:49.003 20422 24667 E AuthPII : 	at aefc.a(:com.google.android.gms@254232029@25.42.32 (190400-820822052):38)
10-28 18:50:49.003 20422 24667 E AuthPII : 	at aefc.h(:com.google.android.gms@254232029@25.42.32 (190400-820822052):108)
10-28 18:50:49.003 20422 24667 E AuthPII : 	at aefc.b(:com.google.android.gms@254232029@25.42.32 (190400-820822052):714)
10-28 18:50:49.003 20422 24667 E AuthPII : 	at aefc.c(:com.google.android.gms@254232029@25.42.32 (190400-820822052):5)
10-28 18:50:49.003 20422 24667 E AuthPII : 	at yei.d(:com.google.android.gms@254232029@25.42.32 (190400-820822052):379)
10-28 18:50:49.003 20422 24667 E AuthPII : 	at adxn.a(:com.google.android.gms@254232029@25.42.32 (190400-820822052):33)
10-28 18:50:49.003 20422 24667 E AuthPII : 	at adxt.m(:com.google.android.gms@254232029@25.42.32 (190400-820822052):34)
10-28 18:50:49.003 20422 24667 E AuthPII : 	at adxt.o(:com.google.android.gms@254232029@25.42.32 (190400-820822052):64)
10-28 18:50:49.003 20422 24667 E AuthPII : 	at adxt.h(:com.google.android.gms@254232029@25.42.32 (190400-820822052):4)
10-28 18:50:49.003 20422 24667 E AuthPII : 	at adxt.i(:com.google.android.gms@254232029@25.42.32 (190400-820822052):8)
10-28 18:50:49.003 20422 24667 E AuthPII : 	at adxt.f(:com.google.android.gms@254232029@25.42.32 (190400-820822052):21)
10-28 18:50:49.003 20422 24667 E AuthPII : 	at aemk.d(:com.google.android.gms@254232029@25.42.32 (190400-820822052):51)
10-28 18:50:49.003 20422 24667 E AuthPII : 	at bbcd.b(:com.google.android.gms@254232029@25.42.32 (190400-820822052):72)
10-28 18:50:49.003 20422 24667 E AuthPII : 	at com.google.android.gms.clearcut.uploader.QosUploaderChimeraService.g(:com.google.android.gms@254232029@25.42.32 (190400-820822052):1562)
10-28 18:50:49.003 20422 24667 E AuthPII : 	at com.google.android.gms.clearcut.uploader.QosUploaderChimeraService.a(:com.google.android.gms@254232029@25.42.32 (190400-820822052):42)
10-28 18:50:49.003 20422 24667 E AuthPII : 	at coix.call(:com.google.android.gms@254232029@25.42.32 (190400-820822052):30)
10-28 18:50:49.003 20422 24667 E AuthPII : 	at java.util.concurrent.FutureTask.run(FutureTask.java:264)
10-28 18:50:49.003 20422 24667 E AuthPII : 	at bdgq.c(:com.google.android.gms@254232029@25.42.32 (190400-820822052):50)
10-28 18:50:49.003 20422 24667 E AuthPII : 	at bdgq.run(:com.google.android.gms@254232029@25.42.32 (190400-820822052):73)
10-28 18:50:49.003 20422 24667 E AuthPII : 	at java.util.concurrent.ThreadPoolExecutor.runWorker(ThreadPoolExecutor.java:1145)
10-28 18:50:49.003 20422 24667 E AuthPII : 	at java.util.concurrent.ThreadPoolExecutor$Worker.run(ThreadPoolExecutor.java:644)
10-28 18:50:49.003 20422 24667 E AuthPII : 	at bdmi.run(:com.google.android.gms@254232029@25.42.32 (190400-820822052):8)
10-28 18:50:49.003 20422 24667 E AuthPII : 	at java.lang.Thread.run(Thread.java:1012)
10-28 18:50:49.006 20422 24667 W Auth    : [AccountStateDownloader] Unable to look up account state from server: couldn't fetch accessToken [CONTEXT service_id=343 ]
10-28 18:50:49.006 20422 24667 W Auth    : [GaiaIdSync] Empty email or accountId. [CONTEXT service_id=153 ]
10-28 18:50:49.009 25929 25958 E IMGMapper: set:488 set: Unset optional value from type SMPTE2086
10-28 18:50:49.009 25929 25958 E IMGMapper: set:488 set: Unset optional value from type CTA861_3
10-28 18:50:49.017  1187  4550 D SGM:GameManager: identifyForegroundApp. com.cinemamovel, mCurrentUserId: 0, callerUserId: 0
10-28 18:50:49.017  1187  4550 D SGM:PkgDataHelper: getGamePkgData(). com.cinemamovel
10-28 18:50:49.018 32518 32555 I PolicyManager: [#CMH#] Is foreground game app: false
10-28 18:50:49.027 25929 25958 E IMGMapper: set:488 set: Unset optional value from type SMPTE2086
10-28 18:50:49.027 25929 25958 E IMGMapper: set:488 set: Unset optional value from type CTA861_3
10-28 18:50:49.033 20422 22317 E AuthPII : [RequestTokenManager] getToken() -> BAD_AUTHENTICATION. App: com.google.android.gms, Service: oauth2:https://www.googleapis.com/auth/cclog
10-28 18:50:49.033 20422 22317 E AuthPII : bcaj: Long live credential not available.
10-28 18:50:49.033 20422 22317 E AuthPII : 	at aeuq.a(:com.google.android.gms@254232029@25.42.32 (190400-820822052):1289)
10-28 18:50:49.033 20422 22317 E AuthPII : 	at aeuw.b(:com.google.android.gms@254232029@25.42.32 (190400-820822052):28)
10-28 18:50:49.033 20422 22317 E AuthPII : 	at aeuu.a(:com.google.android.gms@254232029@25.42.32 (190400-820822052):537)
10-28 18:50:49.033 20422 22317 E AuthPII : 	at aeut.b(:com.google.android.gms@254232029@25.42.32 (190400-820822052):141)
10-28 18:50:49.033 20422 22317 E AuthPII : 	at aejf.a(:com.google.android.gms@254232029@25.42.32 (190400-820822052):312)
10-28 18:50:49.033 20422 22317 E AuthPII : 	at aeeo.f(:com.google.android.gms@254232029@25.42.32 (190400-820822052):24)
10-28 18:50:49.033 20422 22317 E AuthPII : 	at cmta.fx(:com.google.android.gms@254232029@25.42.32 (190400-820822052):1)
10-28 18:50:49.033 20422 22317 E AuthPII : 	at cmte.run(:com.google.android.gms@254232029@25.42.32 (190400-820822052):120)
10-28 18:50:49.033 20422 22317 E AuthPII : 	at gjem.run(:com.google.android.gms@254232029@25.42.32 (190400-820822052):19)
10-28 18:50:49.033 20422 22317 E AuthPII : 	at bdgq.c(:com.google.android.gms@254232029@25.42.32 (190400-820822052):50)
10-28 18:50:49.033 20422 22317 E AuthPII : 	at bdgq.run(:com.google.android.gms@254232029@25.42.32 (190400-820822052):73)
10-28 18:50:49.033 20422 22317 E AuthPII : 	at java.util.concurrent.ThreadPoolExecutor.runWorker(ThreadPoolExecutor.java:1145)
10-28 18:50:49.033 20422 22317 E AuthPII : 	at java.util.concurrent.ThreadPoolExecutor$Worker.run(ThreadPoolExecutor.java:644)
10-28 18:50:49.033 20422 22317 E AuthPII : 	at bdmi.run(:com.google.android.gms@254232029@25.42.32 (190400-820822052):8)
10-28 18:50:49.033 20422 22317 E AuthPII : 	at java.lang.Thread.run(Thread.java:1012)
10-28 18:50:49.033 20422 22317 E AuthPII : Message is Long live credential not available.
10-28 18:50:49.033 20422 22317 E AuthPII : bcaj: Long live credential not available.
10-28 18:50:49.033 20422 22317 E AuthPII : 	at aeuq.a(:com.google.android.gms@254232029@25.42.32 (190400-820822052):1289)
10-28 18:50:49.033 20422 22317 E AuthPII : 	at aeuw.b(:com.google.android.gms@254232029@25.42.32 (190400-820822052):28)
10-28 18:50:49.033 20422 22317 E AuthPII : 	at aeuu.a(:com.google.android.gms@254232029@25.42.32 (190400-820822052):537)
10-28 18:50:49.033 20422 22317 E AuthPII : 	at aeut.b(:com.google.android.gms@254232029@25.42.32 (190400-820822052):141)
10-28 18:50:49.033 20422 22317 E AuthPII : 	at aejf.a(:com.google.android.gms@254232029@25.42.32 (190400-820822052):312)
10-28 18:50:49.033 20422 22317 E AuthPII : 	at aeeo.f(:com.google.android.gms@254232029@25.42.32 (190400-820822052):24)
10-28 18:50:49.033 20422 22317 E AuthPII : 	at cmta.fx(:com.google.android.gms@254232029@25.42.32 (190400-820822052):1)
10-28 18:50:49.033 20422 22317 E AuthPII : 	at cmte.run(:com.google.android.gms@254232029@25.42.32 (190400-820822052):120)
10-28 18:50:49.033 20422 22317 E AuthPII : 	at gjem.run(:com.google.android.gms@254232029@25.42.32 (190400-820822052):19)
10-28 18:50:49.033 20422 22317 E AuthPII : 	at bdgq.c(:com.google.android.gms@254232029@25.42.32 (190400-820822052):50)
10-28 18:50:49.033 20422 22317 E AuthPII : 	at bdgq.run(:com.google.android.gms@254232029@25.42.32 (190400-820822052):73)
10-28 18:50:49.033 20422 22317 E AuthPII : 	at java.util.concurrent.ThreadPoolExecutor.runWorker(ThreadPoolExecutor.java:1145)
10-28 18:50:49.033 20422 22317 E AuthPII : 	at java.util.concurrent.ThreadPoolExecutor$Worker.run(ThreadPoolExecutor.java:644)
10-28 18:50:49.033 20422 22317 E AuthPII : 	at bdmi.run(:com.google.android.gms@254232029@25.42.32 (190400-820822052):8)
10-28 18:50:49.033 20422 22317 E AuthPII : 	at java.lang.Thread.run(Thread.java:1012)
10-28 18:50:49.047 25929 25958 E IMGMapper: set:488 set: Unset optional value from type SMPTE2086
10-28 18:50:49.047 25929 25958 E IMGMapper: set:488 set: Unset optional value from type CTA861_3
10-28 18:50:49.062 25929 25958 E IMGMapper: set:488 set: Unset optional value from type SMPTE2086
10-28 18:50:49.063 25929 25958 E IMGMapper: set:488 set: Unset optional value from type CTA861_3
10-28 18:50:49.066 20422 22317 I Auth    : (REDACTED) [GetToken] GetToken failed for app=%s with userRecoverable status: %s 
10-28 18:50:49.067 20422 22317 W Auth    : [GetTokenOperation] exception while trying to fetch auth tokens for app=com.google.android.gms [CONTEXT service_id=343 ]
10-28 18:50:49.067 20422 22317 W Auth    : aeup: GetToken failed with status code and recovery intent: BadAuthentication
10-28 18:50:49.067 20422 22317 W Auth    : 	at aeut.b(:com.google.android.gms@254232029@25.42.32 (190400-820822052):338)
10-28 18:50:49.067 20422 22317 W Auth    : 	at aejf.a(:com.google.android.gms@254232029@25.42.32 (190400-820822052):312)
10-28 18:50:49.067 20422 22317 W Auth    : 	at aeeo.f(:com.google.android.gms@254232029@25.42.32 (190400-820822052):24)
10-28 18:50:49.067 20422 22317 W Auth    : 	at cmta.fx(:com.google.android.gms@254232029@25.42.32 (190400-820822052):1)
10-28 18:50:49.067 20422 22317 W Auth    : 	at cmte.run(:com.google.android.gms@254232029@25.42.32 (190400-820822052):120)
10-28 18:50:49.067 20422 22317 W Auth    : 	at gjem.run(:com.google.android.gms@254232029@25.42.32 (190400-820822052):19)
10-28 18:50:49.067 20422 22317 W Auth    : 	at bdgq.c(:com.google.android.gms@254232029@25.42.32 (190400-820822052):50)
10-28 18:50:49.067 20422 22317 W Auth    : 	at bdgq.run(:com.google.android.gms@254232029@25.42.32 (190400-820822052):73)
10-28 18:50:49.067 20422 22317 W Auth    : 	at java.util.concurrent.ThreadPoolExecutor.runWorker(ThreadPoolExecutor.java:1145)
10-28 18:50:49.067 20422 22317 W Auth    : 	at java.util.concurrent.ThreadPoolExecutor$Worker.run(ThreadPoolExecutor.java:644)
10-28 18:50:49.067 20422 22317 W Auth    : 	at bdmi.run(:com.google.android.gms@254232029@25.42.32 (190400-820822052):8)
10-28 18:50:49.067 20422 22317 W Auth    : 	at java.lang.Thread.run(Thread.java:1012)
10-28 18:50:49.069 20422 24667 I CCTUploader: Failed to get auth token due to class com.google.android.gms.auth.UserRecoverableAuthException
10-28 18:50:49.077 25929 25958 E IMGMapper: set:488 set: Unset optional value from type SMPTE2086
10-28 18:50:49.077 25929 25958 E IMGMapper: set:488 set: Unset optional value from type CTA861_3
10-28 18:50:49.103 25929 25958 E IMGMapper: set:488 set: Unset optional value from type SMPTE2086
10-28 18:50:49.103 25929 25958 E IMGMapper: set:488 set: Unset optional value from type CTA861_3
10-28 18:50:49.106 25929 25929 W unknown:WrappingUtils: Don't know how to round that drawable: com.facebook.react.views.image.ReactImageDownloadListener$EmptyDrawable@c1392c2
10-28 18:50:49.115 25929 25958 E IMGMapper: set:488 set: Unset optional value from type SMPTE2086
10-28 18:50:49.115 25929 25958 E IMGMapper: set:488 set: Unset optional value from type CTA861_3
10-28 18:50:49.117 20422 24667 E AuthPII : [RequestTokenManager] getToken() -> BAD_AUTHENTICATION. App: com.google.android.gms, Service: oauth2:https://www.googleapis.com/auth/plus.me
10-28 18:50:49.117 20422 24667 E AuthPII : bcaj: Long live credential not available.
10-28 18:50:49.117 20422 24667 E AuthPII : 	at aeuq.a(:com.google.android.gms@254232029@25.42.32 (190400-820822052):1289)
10-28 18:50:49.117 20422 24667 E AuthPII : 	at aeuw.b(:com.google.android.gms@254232029@25.42.32 (190400-820822052):28)
10-28 18:50:49.117 20422 24667 E AuthPII : 	at aeuu.a(:com.google.android.gms@254232029@25.42.32 (190400-820822052):537)
10-28 18:50:49.117 20422 24667 E AuthPII : 	at aeew.a(:com.google.android.gms@254232029@25.42.32 (190400-820822052):82)
10-28 18:50:49.117 20422 24667 E AuthPII : 	at yei.d(:com.google.android.gms@254232029@25.42.32 (190400-820822052):307)
10-28 18:50:49.117 20422 24667 E AuthPII : 	at adxn.a(:com.google.android.gms@254232029@25.42.32 (190400-820822052):33)
10-28 18:50:49.117 20422 24667 E AuthPII : 	at adxt.m(:com.google.android.gms@254232029@25.42.32 (190400-820822052):34)
10-28 18:50:49.117 20422 24667 E AuthPII : 	at adxt.o(:com.google.android.gms@254232029@25.42.32 (190400-820822052):64)
10-28 18:50:49.117 20422 24667 E AuthPII : 	at adxt.h(:com.google.android.gms@254232029@25.42.32 (190400-820822052):4)
10-28 18:50:49.117 20422 24667 E AuthPII : 	at adxt.i(:com.google.android.gms@254232029@25.42.32 (190400-820822052):8)
10-28 18:50:49.117 20422 24667 E AuthPII : 	at adxt.f(:com.google.android.gms@254232029@25.42.32 (190400-820822052):21)
10-28 18:50:49.117 20422 24667 E AuthPII : 	at aemk.d(:com.google.android.gms@254232029@25.42.32 (190400-820822052):51)
10-28 18:50:49.117 20422 24667 E AuthPII : 	at bbcd.b(:com.google.android.gms@254232029@25.42.32 (190400-820822052):72)
10-28 18:50:49.117 20422 24667 E AuthPII : 	at com.google.android.gms.clearcut.uploader.QosUploaderChimeraService.g(:com.google.android.gms@254232029@25.42.32 (190400-820822052):1562)
10-28 18:50:49.117 20422 24667 E AuthPII : 	at com.google.android.gms.clearcut.uploader.QosUploaderChimeraService.a(:com.google.android.gms@254232029@25.42.32 (190400-820822052):42)
10-28 18:50:49.117 20422 24667 E AuthPII : 	at coix.call(:com.google.android.gms@254232029@25.42.32 (190400-820822052):30)
10-28 18:50:49.117 20422 24667 E AuthPII : 	at java.util.concurrent.FutureTask.run(FutureTask.java:264)
10-28 18:50:49.117 20422 24667 E AuthPII : 	at bdgq.c(:com.google.android.gms@254232029@25.42.32 (190400-820822052):50)
10-28 18:50:49.117 20422 24667 E AuthPII : 	at bdgq.run(:com.google.android.gms@254232029@25.42.32 (190400-820822052):73)
10-28 18:50:49.117 20422 24667 E AuthPII : 	at java.util.concurrent.ThreadPoolExecutor.runWorker(ThreadPoolExecutor.java:1145)
10-28 18:50:49.117 20422 24667 E AuthPII : 	at java.util.concurrent.ThreadPoolExecutor$Worker.run(ThreadPoolExecutor.java:644)
10-28 18:50:49.117 20422 24667 E AuthPII : 	at bdmi.run(:com.google.android.gms@254232029@25.42.32 (190400-820822052):8)
10-28 18:50:49.117 20422 24667 E AuthPII : 	at java.lang.Thread.run(Thread.java:1012)
10-28 18:50:49.118 20422 24667 E AuthPII : Message is Long live credential not available.
10-28 18:50:49.118 20422 24667 E AuthPII : bcaj: Long live credential not available.
10-28 18:50:49.118 20422 24667 E AuthPII : 	at aeuq.a(:com.google.android.gms@254232029@25.42.32 (190400-820822052):1289)
10-28 18:50:49.118 20422 24667 E AuthPII : 	at aeuw.b(:com.google.android.gms@254232029@25.42.32 (190400-820822052):28)
10-28 18:50:49.118 20422 24667 E AuthPII : 	at aeuu.a(:com.google.android.gms@254232029@25.42.32 (190400-820822052):537)
10-28 18:50:49.118 20422 24667 E AuthPII : 	at aeew.a(:com.google.android.gms@254232029@25.42.32 (190400-820822052):82)
10-28 18:50:49.118 20422 24667 E AuthPII : 	at yei.d(:com.google.android.gms@254232029@25.42.32 (190400-820822052):307)
10-28 18:50:49.118 20422 24667 E AuthPII : 	at adxn.a(:com.google.android.gms@254232029@25.42.32 (190400-820822052):33)
10-28 18:50:49.118 20422 24667 E AuthPII : 	at adxt.m(:com.google.android.gms@254232029@25.42.32 (190400-820822052):34)
10-28 18:50:49.118 20422 24667 E AuthPII : 	at adxt.o(:com.google.android.gms@254232029@25.42.32 (190400-820822052):64)
10-28 18:50:49.118 20422 24667 E AuthPII : 	at adxt.h(:com.google.android.gms@254232029@25.42.32 (190400-820822052):4)
10-28 18:50:49.118 20422 24667 E AuthPII : 	at adxt.i(:com.google.android.gms@254232029@25.42.32 (190400-820822052):8)
10-28 18:50:49.118 20422 24667 E AuthPII : 	at adxt.f(:com.google.android.gms@254232029@25.42.32 (190400-820822052):21)
10-28 18:50:49.118 20422 24667 E AuthPII : 	at aemk.d(:com.google.android.gms@254232029@25.42.32 (190400-820822052):51)
10-28 18:50:49.118 20422 24667 E AuthPII : 	at bbcd.b(:com.google.android.gms@254232029@25.42.32 (190400-820822052):72)
10-28 18:50:49.118 20422 24667 E AuthPII : 	at com.google.android.gms.clearcut.uploader.QosUploaderChimeraService.g(:com.google.android.gms@254232029@25.42.32 (190400-820822052):1562)
10-28 18:50:49.118 20422 24667 E AuthPII : 	at com.google.android.gms.clearcut.uploader.QosUploaderChimeraService.a(:com.google.android.gms@254232029@25.42.32 (190400-820822052):42)
10-28 18:50:49.118 20422 24667 E AuthPII : 	at coix.call(:com.google.android.gms@254232029@25.42.32 (190400-820822052):30)
10-28 18:50:49.118 20422 24667 E AuthPII : 	at java.util.concurrent.FutureTask.run(FutureTask.java:264)
10-28 18:50:49.118 20422 24667 E AuthPII : 	at bdgq.c(:com.google.android.gms@254232029@25.42.32 (190400-820822052):50)
10-28 18:50:49.118 20422 24667 E AuthPII : 	at bdgq.run(:com.google.android.gms@254232029@25.42.32 (190400-820822052):73)
10-28 18:50:49.118 20422 24667 E AuthPII : 	at java.util.concurrent.ThreadPoolExecutor.runWorker(ThreadPoolExecutor.java:1145)
10-28 18:50:49.118 20422 24667 E AuthPII : 	at java.util.concurrent.ThreadPoolExecutor$Worker.run(ThreadPoolExecutor.java:644)
10-28 18:50:49.118 20422 24667 E AuthPII : 	at bdmi.run(:com.google.android.gms@254232029@25.42.32 (190400-820822052):8)
10-28 18:50:49.118 20422 24667 E AuthPII : 	at java.lang.Thread.run(Thread.java:1012)
10-28 18:50:49.119 20422 24667 I Auth    : (REDACTED) [AccountIdManager] Token response failed with status=%s
10-28 18:50:49.125 20422 24667 E AuthPII : [RequestTokenManager] getToken() -> BAD_AUTHENTICATION. App: com.google.android.gms, Service: oauth2:https://www.googleapis.com/auth/userinfo.email https://www.googleapis.com/auth/account.capabilities https://www.googleapis.com/auth/account.service_flags
10-28 18:50:49.125 20422 24667 E AuthPII : bcaj: Long live credential not available.
10-28 18:50:49.125 20422 24667 E AuthPII : 	at aeuq.a(:com.google.android.gms@254232029@25.42.32 (190400-820822052):1289)
10-28 18:50:49.125 20422 24667 E AuthPII : 	at aeuw.b(:com.google.android.gms@254232029@25.42.32 (190400-820822052):28)
10-28 18:50:49.125 20422 24667 E AuthPII : 	at aeuu.a(:com.google.android.gms@254232029@25.42.32 (190400-820822052):537)
10-28 18:50:49.125 20422 24667 E AuthPII : 	at aefc.a(:com.google.android.gms@254232029@25.42.32 (190400-820822052):38)
10-28 18:50:49.125 20422 24667 E AuthPII : 	at aefc.h(:com.google.android.gms@254232029@25.42.32 (190400-820822052):108)
10-28 18:50:49.125 20422 24667 E AuthPII : 	at aefc.b(:com.google.android.gms@254232029@25.42.32 (190400-820822052):714)
10-28 18:50:49.125 20422 24667 E AuthPII : 	at aefc.c(:com.google.android.gms@254232029@25.42.32 (190400-820822052):5)
10-28 18:50:49.125 20422 24667 E AuthPII : 	at yei.d(:com.google.android.gms@254232029@25.42.32 (190400-820822052):379)
10-28 18:50:49.125 20422 24667 E AuthPII : 	at adxn.a(:com.google.android.gms@254232029@25.42.32 (190400-820822052):33)
10-28 18:50:49.125 20422 24667 E AuthPII : 	at adxt.m(:com.google.android.gms@254232029@25.42.32 (190400-820822052):34)
10-28 18:50:49.125 20422 24667 E AuthPII : 	at adxt.o(:com.google.android.gms@254232029@25.42.32 (190400-820822052):64)
10-28 18:50:49.125 20422 24667 E AuthPII : 	at adxt.h(:com.google.android.gms@254232029@25.42.32 (190400-820822052):4)
10-28 18:50:49.125 20422 24667 E AuthPII : 	at adxt.i(:com.google.android.gms@254232029@25.42.32 (190400-820822052):8)
10-28 18:50:49.125 20422 24667 E AuthPII : 	at adxt.f(:com.google.android.gms@254232029@25.42.32 (190400-820822052):21)
10-28 18:50:49.125 20422 24667 E AuthPII : 	at aemk.d(:com.google.android.gms@254232029@25.42.32 (190400-820822052):51)
10-28 18:50:49.125 20422 24667 E AuthPII : 	at bbcd.b(:com.google.android.gms@254232029@25.42.32 (190400-820822052):72)
10-28 18:50:49.125 20422 24667 E AuthPII : 	at com.google.android.gms.clearcut.uploader.QosUploaderChimeraService.g(:com.google.android.gms@254232029@25.42.32 (190400-820822052):1562)
10-28 18:50:49.125 20422 24667 E AuthPII : 	at com.google.android.gms.clearcut.uploader.QosUploaderChimeraService.a(:com.google.android.gms@254232029@25.42.32 (190400-820822052):42)
10-28 18:50:49.125 20422 24667 E AuthPII : 	at coix.call(:com.google.android.gms@254232029@25.42.32 (190400-820822052):30)
10-28 18:50:49.125 20422 24667 E AuthPII : 	at java.util.concurrent.FutureTask.run(FutureTask.java:264)
10-28 18:50:49.125 20422 24667 E AuthPII : 	at bdgq.c(:com.google.android.gms@254232029@25.42.32 (190400-820822052):50)
10-28 18:50:49.125 20422 24667 E AuthPII : 	at bdgq.run(:com.google.android.gms@254232029@25.42.32 (190400-820822052):73)
10-28 18:50:49.125 20422 24667 E AuthPII : 	at java.util.concurrent.ThreadPoolExecutor.runWorker(ThreadPoolExecutor.java:1145)
10-28 18:50:49.125 20422 24667 E AuthPII : 	at java.util.concurrent.ThreadPoolExecutor$Worker.run(ThreadPoolExecutor.java:644)
10-28 18:50:49.125 20422 24667 E AuthPII : 	at bdmi.run(:com.google.android.gms@254232029@25.42.32 (190400-820822052):8)
10-28 18:50:49.125 20422 24667 E AuthPII : 	at java.lang.Thread.run(Thread.java:1012)
10-28 18:50:49.125 20422 24667 E AuthPII : Message is Long live credential not available.
10-28 18:50:49.125 20422 24667 E AuthPII : bcaj: Long live credential not available.
10-28 18:50:49.125 20422 24667 E AuthPII : 	at aeuq.a(:com.google.android.gms@254232029@25.42.32 (190400-820822052):1289)
10-28 18:50:49.125 20422 24667 E AuthPII : 	at aeuw.b(:com.google.android.gms@254232029@25.42.32 (190400-820822052):28)
10-28 18:50:49.125 20422 24667 E AuthPII : 	at aeuu.a(:com.google.android.gms@254232029@25.42.32 (190400-820822052):537)
10-28 18:50:49.125 20422 24667 E AuthPII : 	at aefc.a(:com.google.android.gms@254232029@25.42.32 (190400-820822052):38)
10-28 18:50:49.125 20422 24667 E AuthPII : 	at aefc.h(:com.google.android.gms@254232029@25.42.32 (190400-820822052):108)
10-28 18:50:49.125 20422 24667 E AuthPII : 	at aefc.b(:com.google.android.gms@254232029@25.42.32 (190400-820822052):714)
10-28 18:50:49.125 20422 24667 E AuthPII : 	at aefc.c(:com.google.android.gms@254232029@25.42.32 (190400-820822052):5)
10-28 18:50:49.125 20422 24667 E AuthPII : 	at yei.d(:com.google.android.gms@254232029@25.42.32 (190400-820822052):379)
10-28 18:50:49.125 20422 24667 E AuthPII : 	at adxn.a(:com.google.android.gms@254232029@25.42.32 (190400-820822052):33)
10-28 18:50:49.125 20422 24667 E AuthPII : 	at adxt.m(:com.google.android.gms@254232029@25.42.32 (190400-820822052):34)
10-28 18:50:49.125 20422 24667 E AuthPII : 	at adxt.o(:com.google.android.gms@254232029@25.42.32 (190400-820822052):64)
10-28 18:50:49.125 20422 24667 E AuthPII : 	at adxt.h(:com.google.android.gms@254232029@25.42.32 (190400-820822052):4)
10-28 18:50:49.125 20422 24667 E AuthPII : 	at adxt.i(:com.google.android.gms@254232029@25.42.32 (190400-820822052):8)
10-28 18:50:49.125 20422 24667 E AuthPII : 	at adxt.f(:com.google.android.gms@254232029@25.42.32 (190400-820822052):21)
10-28 18:50:49.125 20422 24667 E AuthPII : 	at aemk.d(:com.google.android.gms@254232029@25.42.32 (190400-820822052):51)
10-28 18:50:49.125 20422 24667 E AuthPII : 	at bbcd.b(:com.google.android.gms@254232029@25.42.32 (190400-820822052):72)
10-28 18:50:49.125 20422 24667 E AuthPII : 	at com.google.android.gms.clearcut.uploader.QosUploaderChimeraService.g(:com.google.android.gms@254232029@25.42.32 (190400-820822052):1562)
10-28 18:50:49.125 20422 24667 E AuthPII : 	at com.google.android.gms.clearcut.uploader.QosUploaderChimeraService.a(:com.google.android.gms@254232029@25.42.32 (190400-820822052):42)
10-28 18:50:49.125 20422 24667 E AuthPII : 	at coix.call(:com.google.android.gms@254232029@25.42.32 (190400-820822052):30)
10-28 18:50:49.125 20422 24667 E AuthPII : 	at java.util.concurrent.FutureTask.run(FutureTask.java:264)
10-28 18:50:49.125 20422 24667 E AuthPII : 	at bdgq.c(:com.google.android.gms@254232029@25.42.32 (190400-820822052):50)
10-28 18:50:49.125 20422 24667 E AuthPII : 	at bdgq.run(:com.google.android.gms@254232029@25.42.32 (190400-820822052):73)
10-28 18:50:49.125 20422 24667 E AuthPII : 	at java.util.concurrent.ThreadPoolExecutor.runWorker(ThreadPoolExecutor.java:1145)
10-28 18:50:49.125 20422 24667 E AuthPII : 	at java.util.concurrent.ThreadPoolExecutor$Worker.run(ThreadPoolExecutor.java:644)
10-28 18:50:49.125 20422 24667 E AuthPII : 	at bdmi.run(:com.google.android.gms@254232029@25.42.32 (190400-820822052):8)
10-28 18:50:49.125 20422 24667 E AuthPII : 	at java.lang.Thread.run(Thread.java:1012)
10-28 18:50:49.127 20422 24667 W Auth    : [AccountStateDownloader] Unable to look up account state from server: couldn't fetch accessToken [CONTEXT service_id=343 ]
10-28 18:50:49.128 20422 24667 W Auth    : [GaiaIdSync] Empty email or accountId. [CONTEXT service_id=153 ]
10-28 18:50:49.129 25929 25929 W unknown:WrappingUtils: Don't know how to round that drawable: com.facebook.react.views.image.ReactImageDownloadListener$EmptyDrawable@f18c8d3
10-28 18:50:49.140 20422 22317 E AuthPII : [RequestTokenManager] getToken() -> BAD_AUTHENTICATION. App: com.google.android.gms, Service: oauth2:https://www.googleapis.com/auth/cclog
10-28 18:50:49.140 20422 22317 E AuthPII : bcaj: Long live credential not available.
10-28 18:50:49.140 20422 22317 E AuthPII : 	at aeuq.a(:com.google.android.gms@254232029@25.42.32 (190400-820822052):1289)
10-28 18:50:49.140 20422 22317 E AuthPII : 	at aeuw.b(:com.google.android.gms@254232029@25.42.32 (190400-820822052):28)
10-28 18:50:49.140 20422 22317 E AuthPII : 	at aeuu.a(:com.google.android.gms@254232029@25.42.32 (190400-820822052):537)
10-28 18:50:49.140 20422 22317 E AuthPII : 	at aeut.b(:com.google.android.gms@254232029@25.42.32 (190400-820822052):141)
10-28 18:50:49.140 20422 22317 E AuthPII : 	at aejf.a(:com.google.android.gms@254232029@25.42.32 (190400-820822052):312)
10-28 18:50:49.140 20422 22317 E AuthPII : 	at aeeo.f(:com.google.android.gms@254232029@25.42.32 (190400-820822052):24)
10-28 18:50:49.140 20422 22317 E AuthPII : 	at cmta.fx(:com.google.android.gms@254232029@25.42.32 (190400-820822052):1)
10-28 18:50:49.140 20422 22317 E AuthPII : 	at cmte.run(:com.google.android.gms@254232029@25.42.32 (190400-820822052):120)
10-28 18:50:49.140 20422 22317 E AuthPII : 	at gjem.run(:com.google.android.gms@254232029@25.42.32 (190400-820822052):19)
10-28 18:50:49.140 20422 22317 E AuthPII : 	at bdgq.c(:com.google.android.gms@254232029@25.42.32 (190400-820822052):50)
10-28 18:50:49.140 20422 22317 E AuthPII : 	at bdgq.run(:com.google.android.gms@254232029@25.42.32 (190400-820822052):73)
10-28 18:50:49.140 20422 22317 E AuthPII : 	at java.util.concurrent.ThreadPoolExecutor.runWorker(ThreadPoolExecutor.java:1145)
10-28 18:50:49.140 20422 22317 E AuthPII : 	at java.util.concurrent.ThreadPoolExecutor$Worker.run(ThreadPoolExecutor.java:644)
10-28 18:50:49.140 20422 22317 E AuthPII : 	at bdmi.run(:com.google.android.gms@254232029@25.42.32 (190400-820822052):8)
10-28 18:50:49.140 20422 22317 E AuthPII : 	at java.lang.Thread.run(Thread.java:1012)
10-28 18:50:49.141 20422 22317 E AuthPII : Message is Long live credential not available.
10-28 18:50:49.141 20422 22317 E AuthPII : bcaj: Long live credential not available.
10-28 18:50:49.141 20422 22317 E AuthPII : 	at aeuq.a(:com.google.android.gms@254232029@25.42.32 (190400-820822052):1289)
10-28 18:50:49.141 20422 22317 E AuthPII : 	at aeuw.b(:com.google.android.gms@254232029@25.42.32 (190400-820822052):28)
10-28 18:50:49.141 20422 22317 E AuthPII : 	at aeuu.a(:com.google.android.gms@254232029@25.42.32 (190400-820822052):537)
10-28 18:50:49.141 20422 22317 E AuthPII : 	at aeut.b(:com.google.android.gms@254232029@25.42.32 (190400-820822052):141)
10-28 18:50:49.141 20422 22317 E AuthPII : 	at aejf.a(:com.google.android.gms@254232029@25.42.32 (190400-820822052):312)
10-28 18:50:49.141 20422 22317 E AuthPII : 	at aeeo.f(:com.google.android.gms@254232029@25.42.32 (190400-820822052):24)
10-28 18:50:49.141 20422 22317 E AuthPII : 	at cmta.fx(:com.google.android.gms@254232029@25.42.32 (190400-820822052):1)
10-28 18:50:49.141 20422 22317 E AuthPII : 	at cmte.run(:com.google.android.gms@254232029@25.42.32 (190400-820822052):120)
10-28 18:50:49.141 20422 22317 E AuthPII : 	at gjem.run(:com.google.android.gms@254232029@25.42.32 (190400-820822052):19)
10-28 18:50:49.141 20422 22317 E AuthPII : 	at bdgq.c(:com.google.android.gms@254232029@25.42.32 (190400-820822052):50)
10-28 18:50:49.141 20422 22317 E AuthPII : 	at bdgq.run(:com.google.android.gms@254232029@25.42.32 (190400-820822052):73)
10-28 18:50:49.141 20422 22317 E AuthPII : 	at java.util.concurrent.ThreadPoolExecutor.runWorker(ThreadPoolExecutor.java:1145)
10-28 18:50:49.141 20422 22317 E AuthPII : 	at java.util.concurrent.ThreadPoolExecutor$Worker.run(ThreadPoolExecutor.java:644)
10-28 18:50:49.141 20422 22317 E AuthPII : 	at bdmi.run(:com.google.android.gms@254232029@25.42.32 (190400-820822052):8)
10-28 18:50:49.141 20422 22317 E AuthPII : 	at java.lang.Thread.run(Thread.java:1012)
10-28 18:50:49.158  1187  3197 D InputDispatcher: Inject motion (26046/2000): action=0x1, time=3019189850000000, f=0x0, d=0 dsdx=1.000000 dtdx=0.000000
10-28 18:50:49.159  1187  1534 I InputDispatcher: Delivering touch to (25929): action: 0x1, f=0x0, d=0, '978f3 c', t=1 
10-28 18:50:49.160 25929 25958 E IMGMapper: set:488 set: Unset optional value from type SMPTE2086
10-28 18:50:49.160 25929 25958 E IMGMapper: set:488 set: Unset optional value from type CTA861_3
10-28 18:50:49.161  1187  1187 I SemDvfsHyPerManager: acquire hyper - SMOOTH_SCROLL/1187@17, type = -999
10-28 18:50:49.163   896   910 I HYPER-HAL: [RequestManager.cpp]acquire(): Acquired ID : 725427  [1187 / 17]    HINT : SMOOTH_SCROLL    list : 
10-28 18:50:49.164 20422 22317 I Auth    : (REDACTED) [GetToken] GetToken failed for app=%s with userRecoverable status: %s 
10-28 18:50:49.164 25929 25929 I ViewRootImpl@33d0bcf[MainActivity]: ViewPostIme pointer 1
10-28 18:50:49.164   896   910 I mtkpower_client: perf_lock_acq, hdl:0, dur:0, num:2, tid:910
10-28 18:50:49.165   896   910 I mtkpower_client: ret_hdl:927575
10-28 18:50:49.165   896   910 I mtkpower_client: perf_lock_acq, hdl:0, dur:0, num:2, tid:910
10-28 18:50:49.165  1014  1065 I libPowerHal: [perfLockAcq] idx:0 hdl:927575 hint:-1 pid:896 duration:0 lock_user:vendor.samsung. => ret_hdl:927575
10-28 18:50:49.166 20422 22317 W Auth    : [GetTokenOperation] exception while trying to fetch auth tokens for app=com.google.android.gms [CONTEXT service_id=343 ]
10-28 18:50:49.166 20422 22317 W Auth    : aeup: GetToken failed with status code and recovery intent: BadAuthentication
10-28 18:50:49.166 20422 22317 W Auth    : 	at aeut.b(:com.google.android.gms@254232029@25.42.32 (190400-820822052):338)
10-28 18:50:49.166 20422 22317 W Auth    : 	at aejf.a(:com.google.android.gms@254232029@25.42.32 (190400-820822052):312)
10-28 18:50:49.166 20422 22317 W Auth    : 	at aeeo.f(:com.google.android.gms@254232029@25.42.32 (190400-820822052):24)
10-28 18:50:49.166 20422 22317 W Auth    : 	at cmta.fx(:com.google.android.gms@254232029@25.42.32 (190400-820822052):1)
10-28 18:50:49.166 20422 22317 W Auth    : 	at cmte.run(:com.google.android.gms@254232029@25.42.32 (190400-820822052):120)
10-28 18:50:49.166 20422 22317 W Auth    : 	at gjem.run(:com.google.android.gms@254232029@25.42.32 (190400-820822052):19)
10-28 18:50:49.166 20422 22317 W Auth    : 	at bdgq.c(:com.google.android.gms@254232029@25.42.32 (190400-820822052):50)
10-28 18:50:49.166 20422 22317 W Auth    : 	at bdgq.run(:com.google.android.gms@254232029@25.42.32 (190400-820822052):73)
10-28 18:50:49.166 20422 22317 W Auth    : 	at java.util.concurrent.ThreadPoolExecutor.runWorker(ThreadPoolExecutor.java:1145)
10-28 18:50:49.166 20422 22317 W Auth    : 	at java.util.concurrent.ThreadPoolExecutor$Worker.run(ThreadPoolExecutor.java:644)
10-28 18:50:49.166 20422 22317 W Auth    : 	at bdmi.run(:com.google.android.gms@254232029@25.42.32 (190400-820822052):8)
10-28 18:50:49.166 20422 22317 W Auth    : 	at java.lang.Thread.run(Thread.java:1012)
10-28 18:50:49.166  1187  1187 D SGM:GameManager: identifyGamePackage. com.cinemamovel, mCurrentUserId: 0, callerUserId: 0, callingMethodInfo: com.android.server.ssrm.fgapps.GameAppUtils.isGame(GameAppUtils.java:84)
10-28 18:50:49.166  1187  1187 D SGM:PkgDataHelper: getGamePkgData(). com.cinemamovel
10-28 18:50:49.166  1187  1187 I SemDvfsHyPerManager: acquire hyper - GESTURE_DETECTED/1187@18, type = -999
10-28 18:50:49.167  1014  1065 I libPowerHal: vendor.samsung.: cpu_ctrl set cpu freq: -1 -1 1138000 -1
10-28 18:50:49.167  1187  1187 D SGM:GameManager: identifyGamePackage. com.cinemamovel, mCurrentUserId: 0, callerUserId: 0, callingMethodInfo: com.android.server.ssrm.fgapps.GameAppUtils.isGame(GameAppUtils.java:84)
10-28 18:50:49.168  1187  1187 D SGM:PkgDataHelper: getGamePkgData(). com.cinemamovel
10-28 18:50:49.168 20422 24667 I CCTUploader: Failed to get auth token due to class com.google.android.gms.auth.UserRecoverableAuthException
10-28 18:50:49.168  1187  1187 I SemDvfsHyPerManager: acquire hyper - GESTURE_DETECTED/1187@18, type = -999
10-28 18:50:49.169   896   910 I mtkpower_client: ret_hdl:927576
10-28 18:50:49.169   896   910 I mtkpower_client: perf_lock_rel, hdl:927575, tid:910
10-28 18:50:49.169  1014  1065 I libPowerHal: [perfLockAcq] idx:1 hdl:927576 hint:-1 pid:896 duration:0 lock_user:vendor.samsung. => ret_hdl:927576
10-28 18:50:49.169  1014  1065 I libPowerHal: vendor.samsung.: cpu_ctrl set cpu freq: 1218000 -1 1138000 -1
10-28 18:50:49.170 25929 25958 E IMGMapper: set:488 set: Unset optional value from type SMPTE2086
10-28 18:50:49.170 25929 25958 E IMGMapper: set:488 set: Unset optional value from type CTA861_3
10-28 18:50:49.170   896   910 I mtkpower_client: perf_lock_rel, hdl:927576, tid:910
10-28 18:50:49.170  1014  1065 I libPowerHal: [perfLockRel] hdl:927575, idx:0
10-28 18:50:49.170  1014  1065 I libPowerHal: vendor.samsung.: cpu_ctrl set cpu freq: 1218000 -1 -1 -1
10-28 18:50:49.172   896   910 I HYPER-HAL: [RequestManager.cpp]releaseLocked(): Released ID : 725427
10-28 18:50:49.172   896   910 I HYPER-HAL: [RequestManager.cpp]acquire(): Acquired ID : 726633  [1187 / 18]    HINT : GESTURE_DETECTED    list : [TIMEOUT / 1702] 
10-28 18:50:49.173  1014  1065 I libPowerHal: [perfLockRel] hdl:927576, idx:1
10-28 18:50:49.173   896   910 I mtkpower_client: perf_lock_acq, hdl:0, dur:0, num:2, tid:910
10-28 18:50:49.173  1014  1065 I libPowerHal: vendor.samsung.: cpu_ctrl set cpu freq: -1 -1 -1 -1
10-28 18:50:49.174   896   910 I mtkpower_client: ret_hdl:927577
10-28 18:50:49.174   896   910 I mtkpower_client: perf_lock_acq, hdl:0, dur:0, num:2, tid:910
10-28 18:50:49.174  1014  1065 I libPowerHal: [perfLockAcq] idx:0 hdl:927577 hint:-1 pid:896 duration:0 lock_user:vendor.samsung. => ret_hdl:927577
10-28 18:50:49.174  1014  1065 I libPowerHal: vendor.samsung.: cpu_ctrl set cpu freq: -1 -1 1138000 -1
10-28 18:50:49.175   896   910 I mtkpower_client: ret_hdl:927578
10-28 18:50:49.175   896   910 I HYPER-HAL: [RequestManager.cpp]acquire(): Acquired ID : 726633  [1187 / 18]    HINT : GESTURE_DETECTED    list : [TIMEOUT / 1702] 
10-28 18:50:49.176  1014  1065 I libPowerHal: [perfLockAcq] idx:1 hdl:927578 hint:-1 pid:896 duration:0 lock_user:vendor.samsung. => ret_hdl:927578
10-28 18:50:49.176  1014  1065 I libPowerHal: vendor.samsung.: cpu_ctrl set cpu freq: 1218000 -1 1138000 -1
10-28 18:50:49.183 25929 25958 E IMGMapper: set:488 set: Unset optional value from type SMPTE2086
10-28 18:50:49.183 25929 25958 E IMGMapper: set:488 set: Unset optional value from type CTA861_3
10-28 18:50:49.188  1187  1187 I SemDvfsHyPerManager: acquire hyper - SMOOTH_SCROLL/1187@17, type = -999
10-28 18:50:49.189   896   910 I HYPER-HAL: [RequestManager.cpp]acquire(): Acquired ID : 725427  [1187 / 17]    HINT : SMOOTH_SCROLL    list : 
10-28 18:50:49.189   896   910 I mtkpower_client: perf_lock_rel, hdl:927577, tid:910
10-28 18:50:49.190   896   910 I mtkpower_client: perf_lock_acq, hdl:0, dur:0, num:2, tid:910
10-28 18:50:49.190  1014  1065 I libPowerHal: [perfLockRel] hdl:927577, idx:0
10-28 18:50:49.190  1014  1065 I libPowerHal: vendor.samsung.: cpu_ctrl set cpu freq: 1218000 -1 -1 -1
10-28 18:50:49.191   896   910 I mtkpower_client: ret_hdl:927579
10-28 18:50:49.191   896   910 I mtkpower_client: perf_lock_rel, hdl:927578, tid:910
10-28 18:50:49.191  1014  1065 I libPowerHal: [perfLockAcq] idx:2 hdl:927579 hint:-1 pid:896 duration:0 lock_user:vendor.samsung. => ret_hdl:927579
10-28 18:50:49.192  1014  1065 I libPowerHal: vendor.samsung.: cpu_ctrl set cpu freq: 1218000 -1 1138000 -1
10-28 18:50:49.192   896   910 I mtkpower_client: perf_lock_acq, hdl:0, dur:0, num:2, tid:910
10-28 18:50:49.192  1014  1065 I libPowerHal: [perfLockRel] hdl:927578, idx:1
10-28 18:50:49.193  1014  1065 I libPowerHal: vendor.samsung.: cpu_ctrl set cpu freq: -1 -1 1138000 -1
10-28 18:50:49.193   896   910 I mtkpower_client: ret_hdl:927580
10-28 18:50:49.194  1014  1065 I libPowerHal: [perfLockAcq] idx:0 hdl:927580 hint:-1 pid:896 duration:0 lock_user:vendor.samsung. => ret_hdl:927580
10-28 18:50:49.194  1014  1065 I libPowerHal: vendor.samsung.: cpu_ctrl set cpu freq: 1218000 -1 1138000 -1
10-28 18:50:49.198 25929 25958 E IMGMapper: set:488 set: Unset optional value from type SMPTE2086
10-28 18:50:49.198 25929 25958 E IMGMapper: set:488 set: Unset optional value from type CTA861_3
10-28 18:50:49.201 20422 22825 D TrafficStats: tagSocket(191) with statsTag=0x5065fff, statsUid=10201
10-28 18:50:49.206 25929 25958 E IMGMapper: set:488 set: Unset optional value from type SMPTE2086
10-28 18:50:49.206 25929 25958 E IMGMapper: set:488 set: Unset optional value from type CTA861_3
10-28 18:50:49.223 25929 25958 E IMGMapper: set:488 set: Unset optional value from type SMPTE2086
10-28 18:50:49.223 25929 25958 E IMGMapper: set:488 set: Unset optional value from type CTA861_3
10-28 18:50:49.234 25929 25929 W unknown:WrappingUtils: Don't know how to round that drawable: com.facebook.react.views.image.ReactImageDownloadListener$EmptyDrawable@c4665b1
10-28 18:50:49.247 25929 25958 E IMGMapper: set:488 set: Unset optional value from type SMPTE2086
10-28 18:50:49.247 25929 25958 E IMGMapper: set:488 set: Unset optional value from type CTA861_3
10-28 18:50:49.257 25929 25929 W unknown:WrappingUtils: Don't know how to round that drawable: com.facebook.react.views.image.ReactImageDownloadListener$EmptyDrawable@4db6a96
10-28 18:50:49.259  1737  1942 D MobileStatusTracker(0/2): onSignalStrengthsChanged level=3, vendorLevel=3
10-28 18:50:49.265  1737  1942 D MobileSignalController(0/2): notifyListener: enabled=true, connected=true, dataConnected=true, networkType=LTE (4G), emergencyOnly=false, roaming=false, isDefault=false, dataActivity=, level=3, ca=false, mmWave=false, disabledDataIcon=false, simCard=ETC
10-28 18:50:49.265  1737  1942 D NetworkController: SignalStrength from intent slotId=0
10-28 18:50:49.290 25929 25958 E IMGMapper: set:488 set: Unset optional value from type SMPTE2086
10-28 18:50:49.290 25929 25958 E IMGMapper: set:488 set: Unset optional value from type CTA861_3
10-28 18:50:49.291 25929 26053 D skia    : SkJpegCodec::onGetPixels +
10-28 18:50:49.303 25929 25958 E IMGMapper: set:488 set: Unset optional value from type SMPTE2086
10-28 18:50:49.304 25929 25958 E IMGMapper: set:488 set: Unset optional value from type CTA861_3
10-28 18:50:49.310 25929 26053 D skia    : SkJpegCodec::onGetPixels -
10-28 18:50:49.314 25929 25958 E IMGMapper: set:488 set: Unset optional value from type SMPTE2086
10-28 18:50:49.315 25929 25958 E IMGMapper: set:488 set: Unset optional value from type CTA861_3
10-28 18:50:49.320 27787 27787 D BoundBrokerSvc: onUnbind: Intent { act=com.google.android.gms.safetynet.service.START pkg=com.google.android.gms }
10-28 18:50:49.324 27787 27787 D BoundBrokerSvc: onUnbind: Intent { act=com.google.android.gms.safebrowsing.SafeBrowsingService.START dat=chimera-action:/... cmp=com.google.android.gms/.chimera.GmsBoundBrokerService }
10-28 18:50:49.339 25929 25958 E IMGMapper: set:488 set: Unset optional value from type SMPTE2086
10-28 18:50:49.340 25929 25958 E IMGMapper: set:488 set: Unset optional value from type CTA861_3
10-28 18:50:49.350 25929 25958 E IMGMapper: set:488 set: Unset optional value from type SMPTE2086
10-28 18:50:49.350 25929 25958 E IMGMapper: set:488 set: Unset optional value from type CTA861_3
10-28 18:50:49.363 25929 26055 D skia    : SkJpegCodec::onGetPixels +
10-28 18:50:49.367 25929 25958 E IMGMapper: set:488 set: Unset optional value from type SMPTE2086
10-28 18:50:49.367 25929 25958 E IMGMapper: set:488 set: Unset optional value from type CTA861_3
10-28 18:50:49.379 25929 25958 E IMGMapper: set:488 set: Unset optional value from type SMPTE2086
10-28 18:50:49.379 25929 25958 E IMGMapper: set:488 set: Unset optional value from type CTA861_3
10-28 18:50:49.380 25929 26055 D skia    : SkJpegCodec::onGetPixels -
10-28 18:50:49.393 25929 25958 E IMGMapper: set:488 set: Unset optional value from type SMPTE2086
10-28 18:50:49.393 25929 25958 E IMGMapper: set:488 set: Unset optional value from type CTA861_3
10-28 18:50:49.409 25929 25958 E IMGMapper: set:488 set: Unset optional value from type SMPTE2086
10-28 18:50:49.409 25929 25958 E IMGMapper: set:488 set: Unset optional value from type CTA861_3
10-28 18:50:49.411 25929 26056 D skia    : SkJpegCodec::onGetPixels +
10-28 18:50:49.430 25929 25958 E IMGMapper: set:488 set: Unset optional value from type SMPTE2086
10-28 18:50:49.431 25929 25958 E IMGMapper: set:488 set: Unset optional value from type CTA861_3
10-28 18:50:49.438 25929 26056 D skia    : SkJpegCodec::onGetPixels -
10-28 18:50:49.441 25929 25958 E IMGMapper: set:488 set: Unset optional value from type SMPTE2086
10-28 18:50:49.441 25929 25958 E IMGMapper: set:488 set: Unset optional value from type CTA861_3
10-28 18:50:49.456 25929 25958 E IMGMapper: set:488 set: Unset optional value from type SMPTE2086
10-28 18:50:49.456 25929 25958 E IMGMapper: set:488 set: Unset optional value from type CTA861_3
10-28 18:50:49.473 25929 25958 E IMGMapper: set:488 set: Unset optional value from type SMPTE2086
10-28 18:50:49.473 25929 25958 E IMGMapper: set:488 set: Unset optional value from type CTA861_3
10-28 18:50:49.480   991   991 I hwcomposer: [HWCDisplay] [Display_0 (type:1)] fps:38.442780,dur:1014.49,max:349.83,min:15.78  
10-28 18:50:49.483 25929 25929 W unknown:WrappingUtils: Don't know how to round that drawable: com.facebook.react.views.image.ReactImageDownloadListener$EmptyDrawable@69d12ef
10-28 18:50:49.501 25929 25958 E IMGMapper: set:488 set: Unset optional value from type SMPTE2086
10-28 18:50:49.501 25929 25958 E IMGMapper: set:488 set: Unset optional value from type CTA861_3
10-28 18:50:49.517 25929 25958 E IMGMapper: set:488 set: Unset optional value from type SMPTE2086
10-28 18:50:49.517 25929 25958 E IMGMapper: set:488 set: Unset optional value from type CTA861_3
10-28 18:50:49.519 25929 25929 W unknown:WrappingUtils: Don't know how to round that drawable: com.facebook.react.views.image.ReactImageDownloadListener$EmptyDrawable@7d6a494
10-28 18:50:49.556 25929 25958 E IMGMapper: set:488 set: Unset optional value from type SMPTE2086
10-28 18:50:49.557 25929 25958 E IMGMapper: set:488 set: Unset optional value from type CTA861_3
10-28 18:50:49.566 25929 25958 E IMGMapper: set:488 set: Unset optional value from type SMPTE2086
10-28 18:50:49.567 25929 25958 E IMGMapper: set:488 set: Unset optional value from type CTA861_3
10-28 18:50:49.577 25929 25958 E IMGMapper: set:488 set: Unset optional value from type SMPTE2086
10-28 18:50:49.577 25929 25958 E IMGMapper: set:488 set: Unset optional value from type CTA861_3
10-28 18:50:49.599 25929 25958 E IMGMapper: set:488 set: Unset optional value from type SMPTE2086
10-28 18:50:49.599 25929 25958 E IMGMapper: set:488 set: Unset optional value from type CTA861_3
10-28 18:50:49.610 25929 25958 E IMGMapper: set:488 set: Unset optional value from type SMPTE2086
10-28 18:50:49.610 25929 25958 E IMGMapper: set:488 set: Unset optional value from type CTA861_3
10-28 18:50:49.615  1187  2418 D CompatibilityChangeReporter: Compat change id reported: 161145287; UID 10252; state: DISABLED
10-28 18:50:49.621 25116 26057 E FilePhenotypeFlags: Config package com.google.android.gms.clearcut_client#com.bradesco cannot use FILE backing without declarative registration. See go/phenotype-android-integration#phenotype for more information. This will lead to stale flags.
10-28 18:50:49.636 25929 25958 E IMGMapper: set:488 set: Unset optional value from type SMPTE2086
10-28 18:50:49.636 25929 25958 E IMGMapper: set:488 set: Unset optional value from type CTA861_3
10-28 18:50:49.644 25929 25958 E IMGMapper: set:488 set: Unset optional value from type SMPTE2086
10-28 18:50:49.644 25929 25958 E IMGMapper: set:488 set: Unset optional value from type CTA861_3
10-28 18:50:49.659 25929 25958 E IMGMapper: set:488 set: Unset optional value from type SMPTE2086
10-28 18:50:49.659 25929 25958 E IMGMapper: set:488 set: Unset optional value from type CTA861_3
10-28 18:50:49.675 25929 25958 E IMGMapper: set:488 set: Unset optional value from type SMPTE2086
10-28 18:50:49.675 25929 25958 E IMGMapper: set:488 set: Unset optional value from type CTA861_3
10-28 18:50:49.693 25929 25958 E IMGMapper: set:488 set: Unset optional value from type SMPTE2086
10-28 18:50:49.693 25929 25958 E IMGMapper: set:488 set: Unset optional value from type CTA861_3
10-28 18:50:49.712 25929 25958 E IMGMapper: set:488 set: Unset optional value from type SMPTE2086
10-28 18:50:49.712 25929 25958 E IMGMapper: set:488 set: Unset optional value from type CTA861_3
10-28 18:50:49.724 25929 25958 E IMGMapper: set:488 set: Unset optional value from type SMPTE2086
10-28 18:50:49.724 25929 25958 E IMGMapper: set:488 set: Unset optional value from type CTA861_3
10-28 18:50:49.742 25929 25958 E IMGMapper: set:488 set: Unset optional value from type SMPTE2086
10-28 18:50:49.742 25929 25958 E IMGMapper: set:488 set: Unset optional value from type CTA861_3
10-28 18:50:49.758 25929 25958 E IMGMapper: set:488 set: Unset optional value from type SMPTE2086
10-28 18:50:49.758 25929 25958 E IMGMapper: set:488 set: Unset optional value from type CTA861_3
10-28 18:50:49.779 25929 25958 E IMGMapper: set:488 set: Unset optional value from type SMPTE2086
10-28 18:50:49.779 25929 25958 E IMGMapper: set:488 set: Unset optional value from type CTA861_3
10-28 18:50:49.791 25929 25958 E IMGMapper: set:488 set: Unset optional value from type SMPTE2086
10-28 18:50:49.791 25929 25958 E IMGMapper: set:488 set: Unset optional value from type CTA861_3
10-28 18:50:49.793 25929 26011 D skia    : SkJpegCodec::onGetPixels +
10-28 18:50:49.809 25929 25958 E IMGMapper: set:488 set: Unset optional value from type SMPTE2086
10-28 18:50:49.809 25929 25958 E IMGMapper: set:488 set: Unset optional value from type CTA861_3
10-28 18:50:49.812 25929 26011 D skia    : SkJpegCodec::onGetPixels -
10-28 18:50:49.818 25929 26011 D skia    : SkJpegCodec::onGetPixels +
10-28 18:50:49.818 25929 25929 W unknown:WrappingUtils: Don't know how to round that drawable: com.facebook.react.views.image.ReactImageDownloadListener$EmptyDrawable@79bceeb
10-28 18:50:49.839 25929 25958 E IMGMapper: set:488 set: Unset optional value from type SMPTE2086
10-28 18:50:49.840 25929 25958 E IMGMapper: set:488 set: Unset optional value from type CTA861_3
10-28 18:50:49.840 25929 26011 D skia    : SkJpegCodec::onGetPixels -
10-28 18:50:49.841 20422 24667 E AuthPII : [RequestTokenManager] getToken() -> BAD_AUTHENTICATION. App: com.google.android.gms, Service: oauth2:https://www.googleapis.com/auth/plus.me
10-28 18:50:49.841 20422 24667 E AuthPII : bcaj: Long live credential not available.
