10-28 18:50:50.641 20422  9615 W Auth    : 	at bdgq.c(:com.google.android.gms@254232029@25.42.32 (190400-820822052):50)
10-28 18:50:50.641 20422  9615 W Auth    : 	at bdgq.run(:com.google.android.gms@254232029@25.42.32 (190400-820822052):73)
10-28 18:50:50.641 20422  9615 W Auth    : 	at java.util.concurrent.ThreadPoolExecutor.runWorker(ThreadPoolExecutor.java:1145)
10-28 18:50:50.641 20422  9615 W Auth    : 	at java.util.concurrent.ThreadPoolExecutor$Worker.run(ThreadPoolExecutor.java:644)
10-28 18:50:50.641 20422  9615 W Auth    : 	at bdmi.run(:com.google.android.gms@254232029@25.42.32 (190400-820822052):8)
10-28 18:50:50.641 20422  9615 W Auth    : 	at java.lang.Thread.run(Thread.java:1012)
10-28 18:50:50.642 20422 24667 I CCTUploader: Failed to get auth token due to class com.google.android.gms.auth.UserRecoverableAuthException
10-28 18:50:50.659 25929 25958 E IMGMapper: set:488 set: Unset optional value from type SMPTE2086
10-28 18:50:50.659 25929 25958 E IMGMapper: set:488 set: Unset optional value from type CTA861_3
10-28 18:50:50.673 25929 25958 E IMGMapper: set:488 set: Unset optional value from type SMPTE2086
10-28 18:50:50.673 25929 25958 E IMGMapper: set:488 set: Unset optional value from type CTA861_3
10-28 18:50:50.676 20422 24667 E AuthPII : [RequestTokenManager] getToken() -> BAD_AUTHENTICATION. App: com.google.android.gms, Service: oauth2:https://www.googleapis.com/auth/plus.me
10-28 18:50:50.676 20422 24667 E AuthPII : bcaj: Long live credential not available.
10-28 18:50:50.676 20422 24667 E AuthPII : 	at aeuq.a(:com.google.android.gms@254232029@25.42.32 (190400-820822052):1289)
10-28 18:50:50.676 20422 24667 E AuthPII : 	at aeuw.b(:com.google.android.gms@254232029@25.42.32 (190400-820822052):28)
10-28 18:50:50.676 20422 24667 E AuthPII : 	at aeuu.a(:com.google.android.gms@254232029@25.42.32 (190400-820822052):537)
10-28 18:50:50.676 20422 24667 E AuthPII : 	at aeew.a(:com.google.android.gms@254232029@25.42.32 (190400-820822052):82)
10-28 18:50:50.676 20422 24667 E AuthPII : 	at yei.d(:com.google.android.gms@254232029@25.42.32 (190400-820822052):307)
10-28 18:50:50.676 20422 24667 E AuthPII : 	at adxn.a(:com.google.android.gms@254232029@25.42.32 (190400-820822052):33)
10-28 18:50:50.676 20422 24667 E AuthPII : 	at adxt.m(:com.google.android.gms@254232029@25.42.32 (190400-820822052):34)
10-28 18:50:50.676 20422 24667 E AuthPII : 	at adxt.o(:com.google.android.gms@254232029@25.42.32 (190400-820822052):64)
10-28 18:50:50.676 20422 24667 E AuthPII : 	at adxt.h(:com.google.android.gms@254232029@25.42.32 (190400-820822052):4)
10-28 18:50:50.676 20422 24667 E AuthPII : 	at adxt.i(:com.google.android.gms@254232029@25.42.32 (190400-820822052):8)
10-28 18:50:50.676 20422 24667 E AuthPII : 	at adxt.f(:com.google.android.gms@254232029@25.42.32 (190400-820822052):21)
10-28 18:50:50.676 20422 24667 E AuthPII : 	at aemk.d(:com.google.android.gms@254232029@25.42.32 (190400-820822052):51)
10-28 18:50:50.676 20422 24667 E AuthPII : 	at bbcd.b(:com.google.android.gms@254232029@25.42.32 (190400-820822052):72)
10-28 18:50:50.676 20422 24667 E AuthPII : 	at com.google.android.gms.clearcut.uploader.QosUploaderChimeraService.g(:com.google.android.gms@254232029@25.42.32 (190400-820822052):1562)
10-28 18:50:50.676 20422 24667 E AuthPII : 	at com.google.android.gms.clearcut.uploader.QosUploaderChimeraService.a(:com.google.android.gms@254232029@25.42.32 (190400-820822052):42)
10-28 18:50:50.676 20422 24667 E AuthPII : 	at coix.call(:com.google.android.gms@254232029@25.42.32 (190400-820822052):30)
10-28 18:50:50.676 20422 24667 E AuthPII : 	at java.util.concurrent.FutureTask.run(FutureTask.java:264)
10-28 18:50:50.676 20422 24667 E AuthPII : 	at bdgq.c(:com.google.android.gms@254232029@25.42.32 (190400-820822052):50)
10-28 18:50:50.676 20422 24667 E AuthPII : 	at bdgq.run(:com.google.android.gms@254232029@25.42.32 (190400-820822052):73)
10-28 18:50:50.676 20422 24667 E AuthPII : 	at java.util.concurrent.ThreadPoolExecutor.runWorker(ThreadPoolExecutor.java:1145)
10-28 18:50:50.676 20422 24667 E AuthPII : 	at java.util.concurrent.ThreadPoolExecutor$Worker.run(ThreadPoolExecutor.java:644)
10-28 18:50:50.676 20422 24667 E AuthPII : 	at bdmi.run(:com.google.android.gms@254232029@25.42.32 (190400-820822052):8)
10-28 18:50:50.676 20422 24667 E AuthPII : 	at java.lang.Thread.run(Thread.java:1012)
10-28 18:50:50.676 20422 24667 E AuthPII : Message is Long live credential not available.
10-28 18:50:50.676 20422 24667 E AuthPII : bcaj: Long live credential not available.
10-28 18:50:50.676 20422 24667 E AuthPII : 	at aeuq.a(:com.google.android.gms@254232029@25.42.32 (190400-820822052):1289)
10-28 18:50:50.676 20422 24667 E AuthPII : 	at aeuw.b(:com.google.android.gms@254232029@25.42.32 (190400-820822052):28)
10-28 18:50:50.676 20422 24667 E AuthPII : 	at aeuu.a(:com.google.android.gms@254232029@25.42.32 (190400-820822052):537)
10-28 18:50:50.676 20422 24667 E AuthPII : 	at aeew.a(:com.google.android.gms@254232029@25.42.32 (190400-820822052):82)
10-28 18:50:50.676 20422 24667 E AuthPII : 	at yei.d(:com.google.android.gms@254232029@25.42.32 (190400-820822052):307)
10-28 18:50:50.676 20422 24667 E AuthPII : 	at adxn.a(:com.google.android.gms@254232029@25.42.32 (190400-820822052):33)
10-28 18:50:50.676 20422 24667 E AuthPII : 	at adxt.m(:com.google.android.gms@254232029@25.42.32 (190400-820822052):34)
10-28 18:50:50.676 20422 24667 E AuthPII : 	at adxt.o(:com.google.android.gms@254232029@25.42.32 (190400-820822052):64)
10-28 18:50:50.676 20422 24667 E AuthPII : 	at adxt.h(:com.google.android.gms@254232029@25.42.32 (190400-820822052):4)
10-28 18:50:50.676 20422 24667 E AuthPII : 	at adxt.i(:com.google.android.gms@254232029@25.42.32 (190400-820822052):8)
10-28 18:50:50.676 20422 24667 E AuthPII : 	at adxt.f(:com.google.android.gms@254232029@25.42.32 (190400-820822052):21)
10-28 18:50:50.676 20422 24667 E AuthPII : 	at aemk.d(:com.google.android.gms@254232029@25.42.32 (190400-820822052):51)
10-28 18:50:50.676 20422 24667 E AuthPII : 	at bbcd.b(:com.google.android.gms@254232029@25.42.32 (190400-820822052):72)
10-28 18:50:50.676 20422 24667 E AuthPII : 	at com.google.android.gms.clearcut.uploader.QosUploaderChimeraService.g(:com.google.android.gms@254232029@25.42.32 (190400-820822052):1562)
10-28 18:50:50.676 20422 24667 E AuthPII : 	at com.google.android.gms.clearcut.uploader.QosUploaderChimeraService.a(:com.google.android.gms@254232029@25.42.32 (190400-820822052):42)
10-28 18:50:50.676 20422 24667 E AuthPII : 	at coix.call(:com.google.android.gms@254232029@25.42.32 (190400-820822052):30)
10-28 18:50:50.676 20422 24667 E AuthPII : 	at java.util.concurrent.FutureTask.run(FutureTask.java:264)
10-28 18:50:50.676 20422 24667 E AuthPII : 	at bdgq.c(:com.google.android.gms@254232029@25.42.32 (190400-820822052):50)
10-28 18:50:50.676 20422 24667 E AuthPII : 	at bdgq.run(:com.google.android.gms@254232029@25.42.32 (190400-820822052):73)
10-28 18:50:50.676 20422 24667 E AuthPII : 	at java.util.concurrent.ThreadPoolExecutor.runWorker(ThreadPoolExecutor.java:1145)
10-28 18:50:50.676 20422 24667 E AuthPII : 	at java.util.concurrent.ThreadPoolExecutor$Worker.run(ThreadPoolExecutor.java:644)
10-28 18:50:50.676 20422 24667 E AuthPII : 	at bdmi.run(:com.google.android.gms@254232029@25.42.32 (190400-820822052):8)
10-28 18:50:50.676 20422 24667 E AuthPII : 	at java.lang.Thread.run(Thread.java:1012)
10-28 18:50:50.677 20422 24667 I Auth    : (REDACTED) [AccountIdManager] Token response failed with status=%s
10-28 18:50:50.685 20422 24667 E AuthPII : [RequestTokenManager] getToken() -> BAD_AUTHENTICATION. App: com.google.android.gms, Service: oauth2:https://www.googleapis.com/auth/userinfo.email https://www.googleapis.com/auth/account.capabilities https://www.googleapis.com/auth/account.service_flags
10-28 18:50:50.685 20422 24667 E AuthPII : bcaj: Long live credential not available.
10-28 18:50:50.685 20422 24667 E AuthPII : 	at aeuq.a(:com.google.android.gms@254232029@25.42.32 (190400-820822052):1289)
10-28 18:50:50.685 20422 24667 E AuthPII : 	at aeuw.b(:com.google.android.gms@254232029@25.42.32 (190400-820822052):28)
10-28 18:50:50.685 20422 24667 E AuthPII : 	at aeuu.a(:com.google.android.gms@254232029@25.42.32 (190400-820822052):537)
10-28 18:50:50.685 20422 24667 E AuthPII : 	at aefc.a(:com.google.android.gms@254232029@25.42.32 (190400-820822052):38)
10-28 18:50:50.685 20422 24667 E AuthPII : 	at aefc.h(:com.google.android.gms@254232029@25.42.32 (190400-820822052):108)
10-28 18:50:50.685 20422 24667 E AuthPII : 	at aefc.b(:com.google.android.gms@254232029@25.42.32 (190400-820822052):714)
10-28 18:50:50.685 20422 24667 E AuthPII : 	at aefc.c(:com.google.android.gms@254232029@25.42.32 (190400-820822052):5)
10-28 18:50:50.685 20422 24667 E AuthPII : 	at yei.d(:com.google.android.gms@254232029@25.42.32 (190400-820822052):379)
10-28 18:50:50.685 20422 24667 E AuthPII : 	at adxn.a(:com.google.android.gms@254232029@25.42.32 (190400-820822052):33)
10-28 18:50:50.685 20422 24667 E AuthPII : 	at adxt.m(:com.google.android.gms@254232029@25.42.32 (190400-820822052):34)
10-28 18:50:50.685 20422 24667 E AuthPII : 	at adxt.o(:com.google.android.gms@254232029@25.42.32 (190400-820822052):64)
10-28 18:50:50.685 20422 24667 E AuthPII : 	at adxt.h(:com.google.android.gms@254232029@25.42.32 (190400-820822052):4)
10-28 18:50:50.685 20422 24667 E AuthPII : 	at adxt.i(:com.google.android.gms@254232029@25.42.32 (190400-820822052):8)
10-28 18:50:50.685 20422 24667 E AuthPII : 	at adxt.f(:com.google.android.gms@254232029@25.42.32 (190400-820822052):21)
10-28 18:50:50.685 20422 24667 E AuthPII : 	at aemk.d(:com.google.android.gms@254232029@25.42.32 (190400-820822052):51)
10-28 18:50:50.685 20422 24667 E AuthPII : 	at bbcd.b(:com.google.android.gms@254232029@25.42.32 (190400-820822052):72)
10-28 18:50:50.685 20422 24667 E AuthPII : 	at com.google.android.gms.clearcut.uploader.QosUploaderChimeraService.g(:com.google.android.gms@254232029@25.42.32 (190400-820822052):1562)
10-28 18:50:50.685 20422 24667 E AuthPII : 	at com.google.android.gms.clearcut.uploader.QosUploaderChimeraService.a(:com.google.android.gms@254232029@25.42.32 (190400-820822052):42)
10-28 18:50:50.685 20422 24667 E AuthPII : 	at coix.call(:com.google.android.gms@254232029@25.42.32 (190400-820822052):30)
10-28 18:50:50.685 20422 24667 E AuthPII : 	at java.util.concurrent.FutureTask.run(FutureTask.java:264)
10-28 18:50:50.685 20422 24667 E AuthPII : 	at bdgq.c(:com.google.android.gms@254232029@25.42.32 (190400-820822052):50)
10-28 18:50:50.685 20422 24667 E AuthPII : 	at bdgq.run(:com.google.android.gms@254232029@25.42.32 (190400-820822052):73)
10-28 18:50:50.685 20422 24667 E AuthPII : 	at java.util.concurrent.ThreadPoolExecutor.runWorker(ThreadPoolExecutor.java:1145)
10-28 18:50:50.685 20422 24667 E AuthPII : 	at java.util.concurrent.ThreadPoolExecutor$Worker.run(ThreadPoolExecutor.java:644)
10-28 18:50:50.685 20422 24667 E AuthPII : 	at bdmi.run(:com.google.android.gms@254232029@25.42.32 (190400-820822052):8)
10-28 18:50:50.685 20422 24667 E AuthPII : 	at java.lang.Thread.run(Thread.java:1012)
10-28 18:50:50.686 20422 24667 E AuthPII : Message is Long live credential not available.
10-28 18:50:50.686 20422 24667 E AuthPII : bcaj: Long live credential not available.
10-28 18:50:50.686 20422 24667 E AuthPII : 	at aeuq.a(:com.google.android.gms@254232029@25.42.32 (190400-820822052):1289)
10-28 18:50:50.686 20422 24667 E AuthPII : 	at aeuw.b(:com.google.android.gms@254232029@25.42.32 (190400-820822052):28)
10-28 18:50:50.686 20422 24667 E AuthPII : 	at aeuu.a(:com.google.android.gms@254232029@25.42.32 (190400-820822052):537)
10-28 18:50:50.686 20422 24667 E AuthPII : 	at aefc.a(:com.google.android.gms@254232029@25.42.32 (190400-820822052):38)
10-28 18:50:50.686 20422 24667 E AuthPII : 	at aefc.h(:com.google.android.gms@254232029@25.42.32 (190400-820822052):108)
10-28 18:50:50.686 20422 24667 E AuthPII : 	at aefc.b(:com.google.android.gms@254232029@25.42.32 (190400-820822052):714)
10-28 18:50:50.686 20422 24667 E AuthPII : 	at aefc.c(:com.google.android.gms@254232029@25.42.32 (190400-820822052):5)
10-28 18:50:50.686 20422 24667 E AuthPII : 	at yei.d(:com.google.android.gms@254232029@25.42.32 (190400-820822052):379)
10-28 18:50:50.686 20422 24667 E AuthPII : 	at adxn.a(:com.google.android.gms@254232029@25.42.32 (190400-820822052):33)
10-28 18:50:50.686 20422 24667 E AuthPII : 	at adxt.m(:com.google.android.gms@254232029@25.42.32 (190400-820822052):34)
10-28 18:50:50.686 20422 24667 E AuthPII : 	at adxt.o(:com.google.android.gms@254232029@25.42.32 (190400-820822052):64)
10-28 18:50:50.686 20422 24667 E AuthPII : 	at adxt.h(:com.google.android.gms@254232029@25.42.32 (190400-820822052):4)
10-28 18:50:50.686 20422 24667 E AuthPII : 	at adxt.i(:com.google.android.gms@254232029@25.42.32 (190400-820822052):8)
10-28 18:50:50.686 20422 24667 E AuthPII : 	at adxt.f(:com.google.android.gms@254232029@25.42.32 (190400-820822052):21)
10-28 18:50:50.686 20422 24667 E AuthPII : 	at aemk.d(:com.google.android.gms@254232029@25.42.32 (190400-820822052):51)
10-28 18:50:50.686 20422 24667 E AuthPII : 	at bbcd.b(:com.google.android.gms@254232029@25.42.32 (190400-820822052):72)
10-28 18:50:50.686 20422 24667 E AuthPII : 	at com.google.android.gms.clearcut.uploader.QosUploaderChimeraService.g(:com.google.android.gms@254232029@25.42.32 (190400-820822052):1562)
10-28 18:50:50.686 20422 24667 E AuthPII : 	at com.google.android.gms.clearcut.uploader.QosUploaderChimeraService.a(:com.google.android.gms@254232029@25.42.32 (190400-820822052):42)
10-28 18:50:50.686 20422 24667 E AuthPII : 	at coix.call(:com.google.android.gms@254232029@25.42.32 (190400-820822052):30)
10-28 18:50:50.686 20422 24667 E AuthPII : 	at java.util.concurrent.FutureTask.run(FutureTask.java:264)
10-28 18:50:50.686 20422 24667 E AuthPII : 	at bdgq.c(:com.google.android.gms@254232029@25.42.32 (190400-820822052):50)
10-28 18:50:50.686 20422 24667 E AuthPII : 	at bdgq.run(:com.google.android.gms@254232029@25.42.32 (190400-820822052):73)
10-28 18:50:50.686 20422 24667 E AuthPII : 	at java.util.concurrent.ThreadPoolExecutor.runWorker(ThreadPoolExecutor.java:1145)
10-28 18:50:50.686 20422 24667 E AuthPII : 	at java.util.concurrent.ThreadPoolExecutor$Worker.run(ThreadPoolExecutor.java:644)
10-28 18:50:50.686 20422 24667 E AuthPII : 	at bdmi.run(:com.google.android.gms@254232029@25.42.32 (190400-820822052):8)
10-28 18:50:50.686 20422 24667 E AuthPII : 	at java.lang.Thread.run(Thread.java:1012)
10-28 18:50:50.689 20422 24667 W Auth    : [AccountStateDownloader] Unable to look up account state from server: couldn't fetch accessToken [CONTEXT service_id=343 ]
10-28 18:50:50.690 20422 24667 W Auth    : [GaiaIdSync] Empty email or accountId. [CONTEXT service_id=153 ]
10-28 18:50:50.703 25929 25929 W unknown:WrappingUtils: Don't know how to round that drawable: com.facebook.react.views.image.ReactImageDownloadListener$EmptyDrawable@42da71c
10-28 18:50:50.704 25929 25958 E IMGMapper: set:488 set: Unset optional value from type SMPTE2086
10-28 18:50:50.704 25929 25958 E IMGMapper: set:488 set: Unset optional value from type CTA861_3
10-28 18:50:50.708 20422  9615 E AuthPII : [RequestTokenManager] getToken() -> BAD_AUTHENTICATION. App: com.google.android.gms, Service: oauth2:https://www.googleapis.com/auth/cclog
10-28 18:50:50.708 20422  9615 E AuthPII : bcaj: Long live credential not available.
10-28 18:50:50.708 20422  9615 E AuthPII : 	at aeuq.a(:com.google.android.gms@254232029@25.42.32 (190400-820822052):1289)
10-28 18:50:50.708 20422  9615 E AuthPII : 	at aeuw.b(:com.google.android.gms@254232029@25.42.32 (190400-820822052):28)
10-28 18:50:50.708 20422  9615 E AuthPII : 	at aeuu.a(:com.google.android.gms@254232029@25.42.32 (190400-820822052):537)
10-28 18:50:50.708 20422  9615 E AuthPII : 	at aeut.b(:com.google.android.gms@254232029@25.42.32 (190400-820822052):141)
10-28 18:50:50.708 20422  9615 E AuthPII : 	at aejf.a(:com.google.android.gms@254232029@25.42.32 (190400-820822052):312)
10-28 18:50:50.708 20422  9615 E AuthPII : 	at aeeo.f(:com.google.android.gms@254232029@25.42.32 (190400-820822052):24)
10-28 18:50:50.708 20422  9615 E AuthPII : 	at cmta.fx(:com.google.android.gms@254232029@25.42.32 (190400-820822052):1)
10-28 18:50:50.708 20422  9615 E AuthPII : 	at cmte.run(:com.google.android.gms@254232029@25.42.32 (190400-820822052):120)
10-28 18:50:50.708 20422  9615 E AuthPII : 	at gjem.run(:com.google.android.gms@254232029@25.42.32 (190400-820822052):19)
10-28 18:50:50.708 20422  9615 E AuthPII : 	at bdgq.c(:com.google.android.gms@254232029@25.42.32 (190400-820822052):50)
10-28 18:50:50.708 20422  9615 E AuthPII : 	at bdgq.run(:com.google.android.gms@254232029@25.42.32 (190400-820822052):73)
10-28 18:50:50.708 20422  9615 E AuthPII : 	at java.util.concurrent.ThreadPoolExecutor.runWorker(ThreadPoolExecutor.java:1145)
10-28 18:50:50.708 20422  9615 E AuthPII : 	at java.util.concurrent.ThreadPoolExecutor$Worker.run(ThreadPoolExecutor.java:644)
10-28 18:50:50.708 20422  9615 E AuthPII : 	at bdmi.run(:com.google.android.gms@254232029@25.42.32 (190400-820822052):8)
10-28 18:50:50.708 20422  9615 E AuthPII : 	at java.lang.Thread.run(Thread.java:1012)
10-28 18:50:50.709 20422  9615 E AuthPII : Message is Long live credential not available.
10-28 18:50:50.709 20422  9615 E AuthPII : bcaj: Long live credential not available.
10-28 18:50:50.709 20422  9615 E AuthPII : 	at aeuq.a(:com.google.android.gms@254232029@25.42.32 (190400-820822052):1289)
10-28 18:50:50.709 20422  9615 E AuthPII : 	at aeuw.b(:com.google.android.gms@254232029@25.42.32 (190400-820822052):28)
10-28 18:50:50.709 20422  9615 E AuthPII : 	at aeuu.a(:com.google.android.gms@254232029@25.42.32 (190400-820822052):537)
10-28 18:50:50.709 20422  9615 E AuthPII : 	at aeut.b(:com.google.android.gms@254232029@25.42.32 (190400-820822052):141)
10-28 18:50:50.709 20422  9615 E AuthPII : 	at aejf.a(:com.google.android.gms@254232029@25.42.32 (190400-820822052):312)
10-28 18:50:50.709 20422  9615 E AuthPII : 	at aeeo.f(:com.google.android.gms@254232029@25.42.32 (190400-820822052):24)
10-28 18:50:50.709 20422  9615 E AuthPII : 	at cmta.fx(:com.google.android.gms@254232029@25.42.32 (190400-820822052):1)
10-28 18:50:50.709 20422  9615 E AuthPII : 	at cmte.run(:com.google.android.gms@254232029@25.42.32 (190400-820822052):120)
10-28 18:50:50.709 20422  9615 E AuthPII : 	at gjem.run(:com.google.android.gms@254232029@25.42.32 (190400-820822052):19)
10-28 18:50:50.709 20422  9615 E AuthPII : 	at bdgq.c(:com.google.android.gms@254232029@25.42.32 (190400-820822052):50)
10-28 18:50:50.709 20422  9615 E AuthPII : 	at bdgq.run(:com.google.android.gms@254232029@25.42.32 (190400-820822052):73)
10-28 18:50:50.709 20422  9615 E AuthPII : 	at java.util.concurrent.ThreadPoolExecutor.runWorker(ThreadPoolExecutor.java:1145)
10-28 18:50:50.709 20422  9615 E AuthPII : 	at java.util.concurrent.ThreadPoolExecutor$Worker.run(ThreadPoolExecutor.java:644)
10-28 18:50:50.709 20422  9615 E AuthPII : 	at bdmi.run(:com.google.android.gms@254232029@25.42.32 (190400-820822052):8)
10-28 18:50:50.709 20422  9615 E AuthPII : 	at java.lang.Thread.run(Thread.java:1012)
10-28 18:50:50.715 25929 25958 E IMGMapper: set:488 set: Unset optional value from type SMPTE2086
10-28 18:50:50.715 25929 25958 E IMGMapper: set:488 set: Unset optional value from type CTA861_3
10-28 18:50:50.727 25929 25958 E IMGMapper: set:488 set: Unset optional value from type SMPTE2086
10-28 18:50:50.727 25929 25958 E IMGMapper: set:488 set: Unset optional value from type CTA861_3
10-28 18:50:50.734 20422  9615 I Auth    : (REDACTED) [GetToken] GetToken failed for app=%s with userRecoverable status: %s 
10-28 18:50:50.735 20422  9615 W Auth    : [GetTokenOperation] exception while trying to fetch auth tokens for app=com.google.android.gms [CONTEXT service_id=343 ]
10-28 18:50:50.735 20422  9615 W Auth    : aeup: GetToken failed with status code and recovery intent: BadAuthentication
10-28 18:50:50.735 20422  9615 W Auth    : 	at aeut.b(:com.google.android.gms@254232029@25.42.32 (190400-820822052):338)
10-28 18:50:50.735 20422  9615 W Auth    : 	at aejf.a(:com.google.android.gms@254232029@25.42.32 (190400-820822052):312)
10-28 18:50:50.735 20422  9615 W Auth    : 	at aeeo.f(:com.google.android.gms@254232029@25.42.32 (190400-820822052):24)
10-28 18:50:50.735 20422  9615 W Auth    : 	at cmta.fx(:com.google.android.gms@254232029@25.42.32 (190400-820822052):1)
10-28 18:50:50.735 20422  9615 W Auth    : 	at cmte.run(:com.google.android.gms@254232029@25.42.32 (190400-820822052):120)
10-28 18:50:50.735 20422  9615 W Auth    : 	at gjem.run(:com.google.android.gms@254232029@25.42.32 (190400-820822052):19)
10-28 18:50:50.735 20422  9615 W Auth    : 	at bdgq.c(:com.google.android.gms@254232029@25.42.32 (190400-820822052):50)
10-28 18:50:50.735 20422  9615 W Auth    : 	at bdgq.run(:com.google.android.gms@254232029@25.42.32 (190400-820822052):73)
10-28 18:50:50.735 20422  9615 W Auth    : 	at java.util.concurrent.ThreadPoolExecutor.runWorker(ThreadPoolExecutor.java:1145)
10-28 18:50:50.735 20422  9615 W Auth    : 	at java.util.concurrent.ThreadPoolExecutor$Worker.run(ThreadPoolExecutor.java:644)
10-28 18:50:50.735 20422  9615 W Auth    : 	at bdmi.run(:com.google.android.gms@254232029@25.42.32 (190400-820822052):8)
10-28 18:50:50.735 20422  9615 W Auth    : 	at java.lang.Thread.run(Thread.java:1012)
10-28 18:50:50.736 20422 24667 I CCTUploader: Failed to get auth token due to class com.google.android.gms.auth.UserRecoverableAuthException
10-28 18:50:50.738 25929 25929 W unknown:WrappingUtils: Don't know how to round that drawable: com.facebook.react.views.image.ReactImageDownloadListener$EmptyDrawable@2748a1
10-28 18:50:50.740   570 24896 I keystore2: keystore2::watchdog: Watchdog thread idle -> terminating. Have a great day.
10-28 18:50:50.769 25929 25958 E IMGMapper: set:488 set: Unset optional value from type SMPTE2086
10-28 18:50:50.769 25929 25958 E IMGMapper: set:488 set: Unset optional value from type CTA861_3
10-28 18:50:50.780 25929 25958 E IMGMapper: set:488 set: Unset optional value from type SMPTE2086
10-28 18:50:50.781  1187  3197 D InputDispatcher: Inject motion (26060/2000): action=0x1, time=3019191472000000, f=0x0, d=0 dsdx=1.000000 dtdx=0.000000
10-28 18:50:50.780 25929 25958 E IMGMapper: set:488 set: Unset optional value from type CTA861_3
10-28 18:50:50.782  1187  1534 I InputDispatcher: Delivering touch to (25929): action: 0x1, f=0x0, d=0, '978f3 c', t=1 
10-28 18:50:50.784  1187  1187 I SemDvfsHyPerManager: acquire hyper - SMOOTH_SCROLL/1187@17, type = -999
10-28 18:50:50.785   896   910 I HYPER-HAL: [RequestManager.cpp]acquire(): Acquired ID : 725427  [1187 / 17]    HINT : SMOOTH_SCROLL    list : 
10-28 18:50:50.785 25929 25929 I ViewRootImpl@33d0bcf[MainActivity]: ViewPostIme pointer 1
10-28 18:50:50.785   896   910 I mtkpower_client: perf_lock_rel, hdl:927581, tid:910
10-28 18:50:50.786 20422 10165 W AOSP-MdnsDiscoveryManag: Error while decoding multicast packet (3670): 1 [CONTEXT service_id=168 ]
10-28 18:50:50.786   896   910 I mtkpower_client: perf_lock_acq, hdl:0, dur:0, num:2, tid:910
10-28 18:50:50.787  1014  1065 I libPowerHal: [perfLockRel] hdl:927581, idx:1
10-28 18:50:50.787  1187  1187 D SGM:GameManager: identifyGamePackage. com.cinemamovel, mCurrentUserId: 0, callerUserId: 0, callingMethodInfo: com.android.server.ssrm.fgapps.GameAppUtils.isGame(GameAppUtils.java:84)
10-28 18:50:50.787  1187  1187 D SGM:PkgDataHelper: getGamePkgData(). com.cinemamovel
10-28 18:50:50.787  1014  1065 I libPowerHal: vendor.samsung.: cpu_ctrl set cpu freq: 1218000 -1 -1 -1
10-28 18:50:50.787  1187  1187 I SemDvfsHyPerManager: acquire hyper - GESTURE_DETECTED/1187@18, type = -999
10-28 18:50:50.789   896   910 I mtkpower_client: ret_hdl:927583
10-28 18:50:50.789   896   910 I mtkpower_client: perf_lock_rel, hdl:927582, tid:910
10-28 18:50:50.790  1014  1065 I libPowerHal: [perfLockAcq] idx:2 hdl:927583 hint:-1 pid:896 duration:0 lock_user:vendor.samsung. => ret_hdl:927583
10-28 18:50:50.790  1014  1065 I libPowerHal: vendor.samsung.: cpu_ctrl set cpu freq: 1218000 -1 1138000 -1
10-28 18:50:50.790 20422 10165 W AOSP-MdnsDiscoveryManag: Error while decoding multicast packet (3671): 1 [CONTEXT service_id=168 ]
10-28 18:50:50.790  1187  1187 D SGM:GameManager: identifyGamePackage. com.cinemamovel, mCurrentUserId: 0, callerUserId: 0, callingMethodInfo: com.android.server.ssrm.fgapps.GameAppUtils.isGame(GameAppUtils.java:84)
10-28 18:50:50.790  1187  1187 D SGM:PkgDataHelper: getGamePkgData(). com.cinemamovel
10-28 18:50:50.790  1187  1187 I SemDvfsHyPerManager: acquire hyper - GESTURE_DETECTED/1187@18, type = -999
10-28 18:50:50.790  1187  1187 I SemDvfsHyPerManager: acquire hyper - SMOOTH_SCROLL/1187@17, type = -999
10-28 18:50:50.791   896   910 I mtkpower_client: perf_lock_acq, hdl:0, dur:0, num:2, tid:910
10-28 18:50:50.791  1014  1065 I libPowerHal: [perfLockRel] hdl:927582, idx:0
10-28 18:50:50.792  1014  1065 I libPowerHal: vendor.samsung.: cpu_ctrl set cpu freq: -1 -1 1138000 -1
10-28 18:50:50.795 25929 25958 E IMGMapper: set:488 set: Unset optional value from type SMPTE2086
10-28 18:50:50.795   896   910 I mtkpower_client: ret_hdl:927584
10-28 18:50:50.795 25929 25958 E IMGMapper: set:488 set: Unset optional value from type CTA861_3
10-28 18:50:50.795   896   910 I mtkpower_client: perf_lock_rel, hdl:927583, tid:910
10-28 18:50:50.798 20422 21710 I AOSP-MdnsDiscoveryManag: (REDACTED) %s
10-28 18:50:50.798 20422 21710 I AOSP-MdnsDiscoveryManag: (REDACTED) %s
10-28 18:50:50.799 20422 21710 I AOSP-MdnsDiscoveryManag: (REDACTED) %s
10-28 18:50:50.799   896   910 I mtkpower_client: perf_lock_acq, hdl:0, dur:0, num:2, tid:910
10-28 18:50:50.800 20422 21710 I AOSP-MdnsDiscoveryManag: (REDACTED) %s
10-28 18:50:50.800   896   910 I mtkpower_client: ret_hdl:927585
10-28 18:50:50.800   896   910 I mtkpower_client: perf_lock_rel, hdl:927584, tid:910
10-28 18:50:50.801   896   910 I mtkpower_client: perf_lock_acq, hdl:0, dur:0, num:2, tid:910
10-28 18:50:50.801  1014  1065 I libPowerHal: [perfLockAcq] idx:1 hdl:927584 hint:-1 pid:896 duration:0 lock_user:vendor.samsung. => ret_hdl:927584
10-28 18:50:50.801  1014  1065 I libPowerHal: vendor.samsung.: cpu_ctrl set cpu freq: 1218000 -1 1138000 -1
10-28 18:50:50.802  1014  1065 I libPowerHal: [perfLockRel] hdl:927583, idx:2
10-28 18:50:50.803  1014  1065 I libPowerHal: vendor.samsung.: cpu_ctrl set cpu freq: 1218000 -1 -1 -1
10-28 18:50:50.804 20422 24667 E AuthPII : [RequestTokenManager] getToken() -> BAD_AUTHENTICATION. App: com.google.android.gms, Service: oauth2:https://www.googleapis.com/auth/plus.me
10-28 18:50:50.804 20422 24667 E AuthPII : bcaj: Long live credential not available.
10-28 18:50:50.804 20422 24667 E AuthPII : 	at aeuq.a(:com.google.android.gms@254232029@25.42.32 (190400-820822052):1289)
10-28 18:50:50.804 20422 24667 E AuthPII : 	at aeuw.b(:com.google.android.gms@254232029@25.42.32 (190400-820822052):28)
10-28 18:50:50.804 20422 24667 E AuthPII : 	at aeuu.a(:com.google.android.gms@254232029@25.42.32 (190400-820822052):537)
10-28 18:50:50.804 20422 24667 E AuthPII : 	at aeew.a(:com.google.android.gms@254232029@25.42.32 (190400-820822052):82)
10-28 18:50:50.804 20422 24667 E AuthPII : 	at yei.d(:com.google.android.gms@254232029@25.42.32 (190400-820822052):307)
10-28 18:50:50.804 20422 24667 E AuthPII : 	at adxn.a(:com.google.android.gms@254232029@25.42.32 (190400-820822052):33)
10-28 18:50:50.804 20422 24667 E AuthPII : 	at adxt.m(:com.google.android.gms@254232029@25.42.32 (190400-820822052):34)
10-28 18:50:50.804 20422 24667 E AuthPII : 	at adxt.o(:com.google.android.gms@254232029@25.42.32 (190400-820822052):64)
10-28 18:50:50.804 20422 24667 E AuthPII : 	at adxt.h(:com.google.android.gms@254232029@25.42.32 (190400-820822052):4)
10-28 18:50:50.804 20422 24667 E AuthPII : 	at adxt.i(:com.google.android.gms@254232029@25.42.32 (190400-820822052):8)
10-28 18:50:50.804 20422 24667 E AuthPII : 	at adxt.f(:com.google.android.gms@254232029@25.42.32 (190400-820822052):21)
10-28 18:50:50.804 20422 24667 E AuthPII : 	at aemk.d(:com.google.android.gms@254232029@25.42.32 (190400-820822052):51)
10-28 18:50:50.804 20422 24667 E AuthPII : 	at bbcd.b(:com.google.android.gms@254232029@25.42.32 (190400-820822052):72)
10-28 18:50:50.804 20422 24667 E AuthPII : 	at com.google.android.gms.clearcut.uploader.QosUploaderChimeraService.g(:com.google.android.gms@254232029@25.42.32 (190400-820822052):1562)
10-28 18:50:50.804 20422 24667 E AuthPII : 	at com.google.android.gms.clearcut.uploader.QosUploaderChimeraService.a(:com.google.android.gms@254232029@25.42.32 (190400-820822052):42)
10-28 18:50:50.804 20422 24667 E AuthPII : 	at coix.call(:com.google.android.gms@254232029@25.42.32 (190400-820822052):30)
10-28 18:50:50.804 20422 24667 E AuthPII : 	at java.util.concurrent.FutureTask.run(FutureTask.java:264)
10-28 18:50:50.804 20422 24667 E AuthPII : 	at bdgq.c(:com.google.android.gms@254232029@25.42.32 (190400-820822052):50)
10-28 18:50:50.804 20422 24667 E AuthPII : 	at bdgq.run(:com.google.android.gms@254232029@25.42.32 (190400-820822052):73)
10-28 18:50:50.804 20422 24667 E AuthPII : 	at java.util.concurrent.ThreadPoolExecutor.runWorker(ThreadPoolExecutor.java:1145)
10-28 18:50:50.804 20422 24667 E AuthPII : 	at java.util.concurrent.ThreadPoolExecutor$Worker.run(ThreadPoolExecutor.java:644)
10-28 18:50:50.804 20422 24667 E AuthPII : 	at bdmi.run(:com.google.android.gms@254232029@25.42.32 (190400-820822052):8)
10-28 18:50:50.804 20422 24667 E AuthPII : 	at java.lang.Thread.run(Thread.java:1012)
10-28 18:50:50.804  1014  1065 I libPowerHal: [perfLockAcq] idx:0 hdl:927585 hint:-1 pid:896 duration:0 lock_user:vendor.samsung. => ret_hdl:927585
10-28 18:50:50.804  1014  1065 I libPowerHal: vendor.samsung.: cpu_ctrl set cpu freq: 1218000 -1 1138000 -1
10-28 18:50:50.804 20422 24667 E AuthPII : Message is Long live credential not available.
10-28 18:50:50.804 20422 24667 E AuthPII : bcaj: Long live credential not available.
10-28 18:50:50.804 20422 24667 E AuthPII : 	at aeuq.a(:com.google.android.gms@254232029@25.42.32 (190400-820822052):1289)
10-28 18:50:50.804 20422 24667 E AuthPII : 	at aeuw.b(:com.google.android.gms@254232029@25.42.32 (190400-820822052):28)
10-28 18:50:50.804 20422 24667 E AuthPII : 	at aeuu.a(:com.google.android.gms@254232029@25.42.32 (190400-820822052):537)
10-28 18:50:50.804 20422 24667 E AuthPII : 	at aeew.a(:com.google.android.gms@254232029@25.42.32 (190400-820822052):82)
10-28 18:50:50.804 20422 24667 E AuthPII : 	at yei.d(:com.google.android.gms@254232029@25.42.32 (190400-820822052):307)
10-28 18:50:50.804 20422 24667 E AuthPII : 	at adxn.a(:com.google.android.gms@254232029@25.42.32 (190400-820822052):33)
10-28 18:50:50.804 20422 24667 E AuthPII : 	at adxt.m(:com.google.android.gms@254232029@25.42.32 (190400-820822052):34)
10-28 18:50:50.804 20422 24667 E AuthPII : 	at adxt.o(:com.google.android.gms@254232029@25.42.32 (190400-820822052):64)
10-28 18:50:50.804 20422 24667 E AuthPII : 	at adxt.h(:com.google.android.gms@254232029@25.42.32 (190400-820822052):4)
10-28 18:50:50.804 20422 24667 E AuthPII : 	at adxt.i(:com.google.android.gms@254232029@25.42.32 (190400-820822052):8)
10-28 18:50:50.804 20422 24667 E AuthPII : 	at adxt.f(:com.google.android.gms@254232029@25.42.32 (190400-820822052):21)
10-28 18:50:50.804 20422 24667 E AuthPII : 	at aemk.d(:com.google.android.gms@254232029@25.42.32 (190400-820822052):51)
10-28 18:50:50.804 20422 24667 E AuthPII : 	at bbcd.b(:com.google.android.gms@254232029@25.42.32 (190400-820822052):72)
10-28 18:50:50.804 20422 24667 E AuthPII : 	at com.google.android.gms.clearcut.uploader.QosUploaderChimeraService.g(:com.google.android.gms@254232029@25.42.32 (190400-820822052):1562)
10-28 18:50:50.804 20422 24667 E AuthPII : 	at com.google.android.gms.clearcut.uploader.QosUploaderChimeraService.a(:com.google.android.gms@254232029@25.42.32 (190400-820822052):42)
10-28 18:50:50.804 20422 24667 E AuthPII : 	at coix.call(:com.google.android.gms@254232029@25.42.32 (190400-820822052):30)
10-28 18:50:50.804 20422 24667 E AuthPII : 	at java.util.concurrent.FutureTask.run(FutureTask.java:264)
10-28 18:50:50.804 20422 24667 E AuthPII : 	at bdgq.c(:com.google.android.gms@254232029@25.42.32 (190400-820822052):50)
10-28 18:50:50.804 20422 24667 E AuthPII : 	at bdgq.run(:com.google.android.gms@254232029@25.42.32 (190400-820822052):73)
10-28 18:50:50.804 20422 24667 E AuthPII : 	at java.util.concurrent.ThreadPoolExecutor.runWorker(ThreadPoolExecutor.java:1145)
10-28 18:50:50.804 20422 24667 E AuthPII : 	at java.util.concurrent.ThreadPoolExecutor$Worker.run(ThreadPoolExecutor.java:644)
10-28 18:50:50.804 20422 24667 E AuthPII : 	at bdmi.run(:com.google.android.gms@254232029@25.42.32 (190400-820822052):8)
10-28 18:50:50.804 20422 24667 E AuthPII : 	at java.lang.Thread.run(Thread.java:1012)
10-28 18:50:50.805 20422 24667 I Auth    : (REDACTED) [AccountIdManager] Token response failed with status=%s
10-28 18:50:50.805 20422 21710 I AOSP-MdnsDiscoveryManag: (REDACTED) %s
10-28 18:50:50.805  1014  1065 I libPowerHal: [perfLockRel] hdl:927584, idx:1
10-28 18:50:50.805 20422 21710 I AOSP-MdnsDiscoveryManag: (REDACTED) %s
10-28 18:50:50.805 25929 25958 E IMGMapper: set:488 set: Unset optional value from type SMPTE2086
10-28 18:50:50.805  1014  1065 I libPowerHal: vendor.samsung.: cpu_ctrl set cpu freq: -1 -1 1138000 -1
10-28 18:50:50.805 25929 25958 E IMGMapper: set:488 set: Unset optional value from type CTA861_3
10-28 18:50:50.806 20422 21710 I AOSP-MdnsDiscoveryManag: (REDACTED) %s
10-28 18:50:50.806 20422 21710 I AOSP-MdnsDiscoveryManag: (REDACTED) %s
10-28 18:50:50.806   896   910 I mtkpower_client: ret_hdl:927586
10-28 18:50:50.807   896   910 I HYPER-HAL: [RequestManager.cpp]releaseLocked(): Released ID : 725427
10-28 18:50:50.807  1014  1065 I libPowerHal: [perfLockAcq] idx:3 hdl:927586 hint:-1 pid:896 duration:0 lock_user:vendor.samsung. => ret_hdl:927586
10-28 18:50:50.807   896   910 I HYPER-HAL: [RequestManager.cpp]acquire(): Acquired ID : 726633  [1187 / 18]    HINT : GESTURE_DETECTED    list : [TIMEOUT / 1702] 
10-28 18:50:50.807   896   910 I HYPER-HAL: [RequestManager.cpp]acquire(): Acquired ID : 726633  [1187 / 18]    HINT : GESTURE_DETECTED    list : [TIMEOUT / 1702] 
10-28 18:50:50.807   896   910 I HYPER-HAL: [RequestManager.cpp]acquire(): Acquired ID : 725427  [1187 / 17]    HINT : SMOOTH_SCROLL    list : 
10-28 18:50:50.807  1014  1065 I libPowerHal: vendor.samsung.: cpu_ctrl set cpu freq: 1218000 -1 1138000 -1
10-28 18:50:50.807   896   910 I mtkpower_client: perf_lock_rel, hdl:927585, tid:910
10-28 18:50:50.808   896   910 I mtkpower_client: perf_lock_acq, hdl:0, dur:0, num:2, tid:910
10-28 18:50:50.809  1014  1065 I libPowerHal: [perfLockRel] hdl:927585, idx:0
10-28 18:50:50.810  1014  1065 I libPowerHal: vendor.samsung.: cpu_ctrl set cpu freq: 1218000 -1 -1 -1
10-28 18:50:50.811 20422 24667 E AuthPII : [RequestTokenManager] getToken() -> BAD_AUTHENTICATION. App: com.google.android.gms, Service: oauth2:https://www.googleapis.com/auth/userinfo.email https://www.googleapis.com/auth/account.capabilities https://www.googleapis.com/auth/account.service_flags
10-28 18:50:50.811 20422 24667 E AuthPII : bcaj: Long live credential not available.
10-28 18:50:50.811 20422 24667 E AuthPII : 	at aeuq.a(:com.google.android.gms@254232029@25.42.32 (190400-820822052):1289)
10-28 18:50:50.811 20422 24667 E AuthPII : 	at aeuw.b(:com.google.android.gms@254232029@25.42.32 (190400-820822052):28)
10-28 18:50:50.811 20422 24667 E AuthPII : 	at aeuu.a(:com.google.android.gms@254232029@25.42.32 (190400-820822052):537)
10-28 18:50:50.811 20422 24667 E AuthPII : 	at aefc.a(:com.google.android.gms@254232029@25.42.32 (190400-820822052):38)
10-28 18:50:50.811 20422 24667 E AuthPII : 	at aefc.h(:com.google.android.gms@254232029@25.42.32 (190400-820822052):108)
10-28 18:50:50.811 20422 24667 E AuthPII : 	at aefc.b(:com.google.android.gms@254232029@25.42.32 (190400-820822052):714)
10-28 18:50:50.811 20422 24667 E AuthPII : 	at aefc.c(:com.google.android.gms@254232029@25.42.32 (190400-820822052):5)
10-28 18:50:50.811 20422 24667 E AuthPII : 	at yei.d(:com.google.android.gms@254232029@25.42.32 (190400-820822052):379)
10-28 18:50:50.811 20422 24667 E AuthPII : 	at adxn.a(:com.google.android.gms@254232029@25.42.32 (190400-820822052):33)
10-28 18:50:50.811 20422 24667 E AuthPII : 	at adxt.m(:com.google.android.gms@254232029@25.42.32 (190400-820822052):34)
10-28 18:50:50.811 20422 24667 E AuthPII : 	at adxt.o(:com.google.android.gms@254232029@25.42.32 (190400-820822052):64)
10-28 18:50:50.811 20422 24667 E AuthPII : 	at adxt.h(:com.google.android.gms@254232029@25.42.32 (190400-820822052):4)
10-28 18:50:50.811 20422 24667 E AuthPII : 	at adxt.i(:com.google.android.gms@254232029@25.42.32 (190400-820822052):8)
10-28 18:50:50.811 20422 24667 E AuthPII : 	at adxt.f(:com.google.android.gms@254232029@25.42.32 (190400-820822052):21)
10-28 18:50:50.811 20422 24667 E AuthPII : 	at aemk.d(:com.google.android.gms@254232029@25.42.32 (190400-820822052):51)
10-28 18:50:50.811 20422 24667 E AuthPII : 	at bbcd.b(:com.google.android.gms@254232029@25.42.32 (190400-820822052):72)
10-28 18:50:50.811 20422 24667 E AuthPII : 	at com.google.android.gms.clearcut.uploader.QosUploaderChimeraService.g(:com.google.android.gms@254232029@25.42.32 (190400-820822052):1562)
10-28 18:50:50.811 20422 24667 E AuthPII : 	at com.google.android.gms.clearcut.uploader.QosUploaderChimeraService.a(:com.google.android.gms@254232029@25.42.32 (190400-820822052):42)
10-28 18:50:50.811 20422 24667 E AuthPII : 	at coix.call(:com.google.android.gms@254232029@25.42.32 (190400-820822052):30)
10-28 18:50:50.811 20422 24667 E AuthPII : 	at java.util.concurrent.FutureTask.run(FutureTask.java:264)
10-28 18:50:50.811 20422 24667 E AuthPII : 	at bdgq.c(:com.google.android.gms@254232029@25.42.32 (190400-820822052):50)
10-28 18:50:50.811 20422 24667 E AuthPII : 	at bdgq.run(:com.google.android.gms@254232029@25.42.32 (190400-820822052):73)
10-28 18:50:50.811 20422 24667 E AuthPII : 	at java.util.concurrent.ThreadPoolExecutor.runWorker(ThreadPoolExecutor.java:1145)
10-28 18:50:50.811 20422 24667 E AuthPII : 	at java.util.concurrent.ThreadPoolExecutor$Worker.run(ThreadPoolExecutor.java:644)
10-28 18:50:50.811 20422 24667 E AuthPII : 	at bdmi.run(:com.google.android.gms@254232029@25.42.32 (190400-820822052):8)
10-28 18:50:50.811 20422 24667 E AuthPII : 	at java.lang.Thread.run(Thread.java:1012)
10-28 18:50:50.811 20422 24667 E AuthPII : Message is Long live credential not available.
10-28 18:50:50.811 20422 24667 E AuthPII : bcaj: Long live credential not available.
10-28 18:50:50.811 20422 24667 E AuthPII : 	at aeuq.a(:com.google.android.gms@254232029@25.42.32 (190400-820822052):1289)
10-28 18:50:50.811 20422 24667 E AuthPII : 	at aeuw.b(:com.google.android.gms@254232029@25.42.32 (190400-820822052):28)
10-28 18:50:50.811 20422 24667 E AuthPII : 	at aeuu.a(:com.google.android.gms@254232029@25.42.32 (190400-820822052):537)
10-28 18:50:50.811 20422 24667 E AuthPII : 	at aefc.a(:com.google.android.gms@254232029@25.42.32 (190400-820822052):38)
10-28 18:50:50.811 20422 24667 E AuthPII : 	at aefc.h(:com.google.android.gms@254232029@25.42.32 (190400-820822052):108)
10-28 18:50:50.811 20422 24667 E AuthPII : 	at aefc.b(:com.google.android.gms@254232029@25.42.32 (190400-820822052):714)
10-28 18:50:50.811 20422 24667 E AuthPII : 	at aefc.c(:com.google.android.gms@254232029@25.42.32 (190400-820822052):5)
10-28 18:50:50.811 20422 24667 E AuthPII : 	at yei.d(:com.google.android.gms@254232029@25.42.32 (190400-820822052):379)
10-28 18:50:50.811 20422 24667 E AuthPII : 	at adxn.a(:com.google.android.gms@254232029@25.42.32 (190400-820822052):33)
10-28 18:50:50.811 20422 24667 E AuthPII : 	at adxt.m(:com.google.android.gms@254232029@25.42.32 (190400-820822052):34)
10-28 18:50:50.811 20422 24667 E AuthPII : 	at adxt.o(:com.google.android.gms@254232029@25.42.32 (190400-820822052):64)
10-28 18:50:50.811 20422 24667 E AuthPII : 	at adxt.h(:com.google.android.gms@254232029@25.42.32 (190400-820822052):4)
10-28 18:50:50.811 20422 24667 E AuthPII : 	at adxt.i(:com.google.android.gms@254232029@25.42.32 (190400-820822052):8)
10-28 18:50:50.811 20422 24667 E AuthPII : 	at adxt.f(:com.google.android.gms@254232029@25.42.32 (190400-820822052):21)
10-28 18:50:50.811 20422 24667 E AuthPII : 	at aemk.d(:com.google.android.gms@254232029@25.42.32 (190400-820822052):51)
10-28 18:50:50.811 20422 24667 E AuthPII : 	at bbcd.b(:com.google.android.gms@254232029@25.42.32 (190400-820822052):72)
10-28 18:50:50.811 20422 24667 E AuthPII : 	at com.google.android.gms.clearcut.uploader.QosUploaderChimeraService.g(:com.google.android.gms@254232029@25.42.32 (190400-820822052):1562)
10-28 18:50:50.811 20422 24667 E AuthPII : 	at com.google.android.gms.clearcut.uploader.QosUploaderChimeraService.a(:com.google.android.gms@254232029@25.42.32 (190400-820822052):42)
10-28 18:50:50.811 20422 24667 E AuthPII : 	at coix.call(:com.google.android.gms@254232029@25.42.32 (190400-820822052):30)
10-28 18:50:50.811 20422 24667 E AuthPII : 	at java.util.concurrent.FutureTask.run(FutureTask.java:264)
10-28 18:50:50.811 20422 24667 E AuthPII : 	at bdgq.c(:com.google.android.gms@254232029@25.42.32 (190400-820822052):50)
10-28 18:50:50.811 20422 24667 E AuthPII : 	at bdgq.run(:com.google.android.gms@254232029@25.42.32 (190400-820822052):73)
10-28 18:50:50.811 20422 24667 E AuthPII : 	at java.util.concurrent.ThreadPoolExecutor.runWorker(ThreadPoolExecutor.java:1145)
10-28 18:50:50.811 20422 24667 E AuthPII : 	at java.util.concurrent.ThreadPoolExecutor$Worker.run(ThreadPoolExecutor.java:644)
10-28 18:50:50.811 20422 24667 E AuthPII : 	at bdmi.run(:com.google.android.gms@254232029@25.42.32 (190400-820822052):8)
10-28 18:50:50.811 20422 24667 E AuthPII : 	at java.lang.Thread.run(Thread.java:1012)
10-28 18:50:50.812   896   910 I mtkpower_client: ret_hdl:927587
10-28 18:50:50.812   896   910 I mtkpower_client: perf_lock_rel, hdl:927586, tid:910
10-28 18:50:50.812  1014  1065 I libPowerHal: [perfLockAcq] idx:1 hdl:927587 hint:-1 pid:896 duration:0 lock_user:vendor.samsung. => ret_hdl:927587
10-28 18:50:50.813  1014  1065 I libPowerHal: vendor.samsung.: cpu_ctrl set cpu freq: 1218000 -1 1138000 -1
10-28 18:50:50.815   896   910 I mtkpower_client: perf_lock_acq, hdl:0, dur:0, num:2, tid:910
10-28 18:50:50.815 20422 24667 W Auth    : [AccountStateDownloader] Unable to look up account state from server: couldn't fetch accessToken [CONTEXT service_id=343 ]
10-28 18:50:50.815 20422 24667 W Auth    : [GaiaIdSync] Empty email or accountId. [CONTEXT service_id=153 ]
10-28 18:50:50.816  1014  1065 I libPowerHal: [perfLockRel] hdl:927586, idx:3
10-28 18:50:50.816  1014  1065 I libPowerHal: vendor.samsung.: cpu_ctrl set cpu freq: -1 -1 1138000 -1
10-28 18:50:50.817   896   910 I mtkpower_client: ret_hdl:927588
10-28 18:50:50.817  1014  1065 I libPowerHal: [perfLockAcq] idx:0 hdl:927588 hint:-1 pid:896 duration:0 lock_user:vendor.samsung. => ret_hdl:927588
10-28 18:50:50.817  1014  1065 I libPowerHal: vendor.samsung.: cpu_ctrl set cpu freq: 1218000 -1 1138000 -1
10-28 18:50:50.823 25929 25958 E IMGMapper: set:488 set: Unset optional value from type SMPTE2086
10-28 18:50:50.823 25929 25958 E IMGMapper: set:488 set: Unset optional value from type CTA861_3
10-28 18:50:50.832 20422  9615 E AuthPII : [RequestTokenManager] getToken() -> BAD_AUTHENTICATION. App: com.google.android.gms, Service: oauth2:https://www.googleapis.com/auth/cclog
10-28 18:50:50.832 20422  9615 E AuthPII : bcaj: Long live credential not available.
10-28 18:50:50.832 20422  9615 E AuthPII : 	at aeuq.a(:com.google.android.gms@254232029@25.42.32 (190400-820822052):1289)
10-28 18:50:50.832 20422  9615 E AuthPII : 	at aeuw.b(:com.google.android.gms@254232029@25.42.32 (190400-820822052):28)
10-28 18:50:50.832 20422  9615 E AuthPII : 	at aeuu.a(:com.google.android.gms@254232029@25.42.32 (190400-820822052):537)
10-28 18:50:50.832 20422  9615 E AuthPII : 	at aeut.b(:com.google.android.gms@254232029@25.42.32 (190400-820822052):141)
10-28 18:50:50.832 20422  9615 E AuthPII : 	at aejf.a(:com.google.android.gms@254232029@25.42.32 (190400-820822052):312)
10-28 18:50:50.832 20422  9615 E AuthPII : 	at aeeo.f(:com.google.android.gms@254232029@25.42.32 (190400-820822052):24)
10-28 18:50:50.832 20422  9615 E AuthPII : 	at cmta.fx(:com.google.android.gms@254232029@25.42.32 (190400-820822052):1)
10-28 18:50:50.832 20422  9615 E AuthPII : 	at cmte.run(:com.google.android.gms@254232029@25.42.32 (190400-820822052):120)
10-28 18:50:50.832 20422  9615 E AuthPII : 	at gjem.run(:com.google.android.gms@254232029@25.42.32 (190400-820822052):19)
10-28 18:50:50.832 20422  9615 E AuthPII : 	at bdgq.c(:com.google.android.gms@254232029@25.42.32 (190400-820822052):50)
10-28 18:50:50.832 20422  9615 E AuthPII : 	at bdgq.run(:com.google.android.gms@254232029@25.42.32 (190400-820822052):73)
10-28 18:50:50.832 20422  9615 E AuthPII : 	at java.util.concurrent.ThreadPoolExecutor.runWorker(ThreadPoolExecutor.java:1145)
10-28 18:50:50.832 20422  9615 E AuthPII : 	at java.util.concurrent.ThreadPoolExecutor$Worker.run(ThreadPoolExecutor.java:644)
10-28 18:50:50.832 20422  9615 E AuthPII : 	at bdmi.run(:com.google.android.gms@254232029@25.42.32 (190400-820822052):8)
10-28 18:50:50.832 20422  9615 E AuthPII : 	at java.lang.Thread.run(Thread.java:1012)
10-28 18:50:50.833 20422  9615 E AuthPII : Message is Long live credential not available.
10-28 18:50:50.833 20422  9615 E AuthPII : bcaj: Long live credential not available.
10-28 18:50:50.833 20422  9615 E AuthPII : 	at aeuq.a(:com.google.android.gms@254232029@25.42.32 (190400-820822052):1289)
10-28 18:50:50.833 20422  9615 E AuthPII : 	at aeuw.b(:com.google.android.gms@254232029@25.42.32 (190400-820822052):28)
10-28 18:50:50.833 20422  9615 E AuthPII : 	at aeuu.a(:com.google.android.gms@254232029@25.42.32 (190400-820822052):537)
10-28 18:50:50.833 20422  9615 E AuthPII : 	at aeut.b(:com.google.android.gms@254232029@25.42.32 (190400-820822052):141)
10-28 18:50:50.833 20422  9615 E AuthPII : 	at aejf.a(:com.google.android.gms@254232029@25.42.32 (190400-820822052):312)
10-28 18:50:50.833 20422  9615 E AuthPII : 	at aeeo.f(:com.google.android.gms@254232029@25.42.32 (190400-820822052):24)
10-28 18:50:50.833 20422  9615 E AuthPII : 	at cmta.fx(:com.google.android.gms@254232029@25.42.32 (190400-820822052):1)
10-28 18:50:50.833 20422  9615 E AuthPII : 	at cmte.run(:com.google.android.gms@254232029@25.42.32 (190400-820822052):120)
10-28 18:50:50.833 20422  9615 E AuthPII : 	at gjem.run(:com.google.android.gms@254232029@25.42.32 (190400-820822052):19)
10-28 18:50:50.833 20422  9615 E AuthPII : 	at bdgq.c(:com.google.android.gms@254232029@25.42.32 (190400-820822052):50)
10-28 18:50:50.833 20422  9615 E AuthPII : 	at bdgq.run(:com.google.android.gms@254232029@25.42.32 (190400-820822052):73)
10-28 18:50:50.833 20422  9615 E AuthPII : 	at java.util.concurrent.ThreadPoolExecutor.runWorker(ThreadPoolExecutor.java:1145)
10-28 18:50:50.833 20422  9615 E AuthPII : 	at java.util.concurrent.ThreadPoolExecutor$Worker.run(ThreadPoolExecutor.java:644)
10-28 18:50:50.833 20422  9615 E AuthPII : 	at bdmi.run(:com.google.android.gms@254232029@25.42.32 (190400-820822052):8)
10-28 18:50:50.833 20422  9615 E AuthPII : 	at java.lang.Thread.run(Thread.java:1012)
10-28 18:50:50.839 25929 25958 E IMGMapper: set:488 set: Unset optional value from type SMPTE2086
10-28 18:50:50.839 25929 25958 E IMGMapper: set:488 set: Unset optional value from type CTA861_3
10-28 18:50:50.856 25929 25958 E IMGMapper: set:488 set: Unset optional value from type SMPTE2086
10-28 18:50:50.856 25929 25958 E IMGMapper: set:488 set: Unset optional value from type CTA861_3
10-28 18:50:50.856 20422  9615 I Auth    : (REDACTED) [GetToken] GetToken failed for app=%s with userRecoverable status: %s 
10-28 18:50:50.857 20422  9615 W Auth    : [GetTokenOperation] exception while trying to fetch auth tokens for app=com.google.android.gms [CONTEXT service_id=343 ]
10-28 18:50:50.857 20422  9615 W Auth    : aeup: GetToken failed with status code and recovery intent: BadAuthentication
10-28 18:50:50.857 20422  9615 W Auth    : 	at aeut.b(:com.google.android.gms@254232029@25.42.32 (190400-820822052):338)
10-28 18:50:50.857 20422  9615 W Auth    : 	at aejf.a(:com.google.android.gms@254232029@25.42.32 (190400-820822052):312)
10-28 18:50:50.857 20422  9615 W Auth    : 	at aeeo.f(:com.google.android.gms@254232029@25.42.32 (190400-820822052):24)
10-28 18:50:50.857 20422  9615 W Auth    : 	at cmta.fx(:com.google.android.gms@254232029@25.42.32 (190400-820822052):1)
10-28 18:50:50.857 20422  9615 W Auth    : 	at cmte.run(:com.google.android.gms@254232029@25.42.32 (190400-820822052):120)
10-28 18:50:50.857 20422  9615 W Auth    : 	at gjem.run(:com.google.android.gms@254232029@25.42.32 (190400-820822052):19)
10-28 18:50:50.857 20422  9615 W Auth    : 	at bdgq.c(:com.google.android.gms@254232029@25.42.32 (190400-820822052):50)
10-28 18:50:50.857 20422  9615 W Auth    : 	at bdgq.run(:com.google.android.gms@254232029@25.42.32 (190400-820822052):73)
10-28 18:50:50.857 20422  9615 W Auth    : 	at java.util.concurrent.ThreadPoolExecutor.runWorker(ThreadPoolExecutor.java:1145)
10-28 18:50:50.857 20422  9615 W Auth    : 	at java.util.concurrent.ThreadPoolExecutor$Worker.run(ThreadPoolExecutor.java:644)
10-28 18:50:50.857 20422  9615 W Auth    : 	at bdmi.run(:com.google.android.gms@254232029@25.42.32 (190400-820822052):8)
10-28 18:50:50.857 20422  9615 W Auth    : 	at java.lang.Thread.run(Thread.java:1012)
10-28 18:50:50.858 20422 24667 I CCTUploader: Failed to get auth token due to class com.google.android.gms.auth.UserRecoverableAuthException
10-28 18:50:50.869 25929 25929 W unknown:WrappingUtils: Don't know how to round that drawable: com.facebook.react.views.image.ReactImageDownloadListener$EmptyDrawable@8725377
