--------- beginning of main
11-06 14:28:32.232  1187  2579 D InputDispatcher: Inject motion (9606/2000): action=0x0, time=3434969897000000, f=0x0, d=0 dsdx=1.000000 dtdx=0.000000
11-06 14:28:32.233  1187  1534 I InputDispatcher: Delivering touch to (1737): action: 0x4, f=0x0, d=0, 'd92b8ad', t=1 
11-06 14:28:32.233  1187  1534 I InputDispatcher: Delivering touch to (9440): action: 0x0, f=0x0, d=0, 'f7d67ea', t=1 
11-06 14:28:32.234  9440  9440 I ViewRootImpl@2b9cfc[MainActivity]: ViewPostIme pointer 0
--------- beginning of system
11-06 14:28:32.234  1187  1534 D PowerManagerService: [api] userActivityFromNative :  (event: 2 flags: 0 displayId: 0) eventTime = 3434969897
11-06 14:28:32.236  1187  1303 I GestureDetector: obtain mCurrentDownEvent. id: -210177029 caller: com.android.server.wm.SystemGesturesPointerEventListener.onPointerEvent:203 com.android.server.wm.PointerEventDispatcher.onInputEvent:53 android.view.InputEventReceiver.dispatchInputEvent:285 
11-06 14:28:32.237  1187  1534 D PowerManagerService: UserActivityStateListenerState: 1
11-06 14:28:32.237  1187  1303 I GestureDetector: obtain mCurrentDownEvent. id: -210177029 caller: com.android.server.wm.SystemPerformancePointerEventListener.onPointerEvent:89 com.android.server.wm.PointerEventDispatcher.onInputEvent:53 android.view.InputEventReceiver.dispatchInputEvent:285 
11-06 14:28:32.259  1187  1303 I GestureDetector: obtain mCurrentMotionEventRaw. action: 2 id: -1068956714
11-06 14:28:32.260  1187  1303 I GestureDetector: obtain mCurrentMotionEventRaw. action: 2 id: -1068956714
11-06 14:28:32.322  9440  9470 E IMGMapper: set:488 set: Unset optional value from type SMPTE2086
11-06 14:28:32.322  9440  9470 E IMGMapper: set:488 set: Unset optional value from type CTA861_3
11-06 14:28:32.330  1039  1039 I BufferQueueProducer: [com.cinemamovel/com.cinemamovel.MainActivity$_9440#692367](this:0xb400007a1f708838,id:-1,api:0,p:-1,c:1039) queueBuffer: fps=0.95 dur=4210.83 max=3844.90 min=16.16
11-06 14:28:32.332   991 11009 I hwcomposer: [HWCDisplay] [Display_0 (type:1)] fps:0.950071,dur:4210.21,max:3844.49,min:15.42  
11-06 14:28:32.346  9440  9470 E IMGMapper: set:488 set: Unset optional value from type SMPTE2086
11-06 14:28:32.346  9440  9470 E IMGMapper: set:488 set: Unset optional value from type CTA861_3
11-06 14:28:32.359  9440  9470 E IMGMapper: set:488 set: Unset optional value from type SMPTE2086
11-06 14:28:32.360  9440  9470 E IMGMapper: set:488 set: Unset optional value from type CTA861_3
11-06 14:28:32.373  9440  9470 E IMGMapper: set:488 set: Unset optional value from type SMPTE2086
11-06 14:28:32.373  9440  9470 E IMGMapper: set:488 set: Unset optional value from type CTA861_3
11-06 14:28:32.393  9440  9470 E IMGMapper: set:488 set: Unset optional value from type SMPTE2086
11-06 14:28:32.393  9440  9470 E IMGMapper: set:488 set: Unset optional value from type CTA861_3
11-06 14:28:32.408  9440  9470 E IMGMapper: set:488 set: Unset optional value from type SMPTE2086
11-06 14:28:32.409  9440  9470 E IMGMapper: set:488 set: Unset optional value from type CTA861_3
11-06 14:28:32.423  9440  9470 E IMGMapper: set:488 set: Unset optional value from type SMPTE2086
11-06 14:28:32.423  9440  9470 E IMGMapper: set:488 set: Unset optional value from type CTA861_3
11-06 14:28:32.439  9440  9470 E IMGMapper: set:488 set: Unset optional value from type SMPTE2086
11-06 14:28:32.439  9440  9470 E IMGMapper: set:488 set: Unset optional value from type CTA861_3
11-06 14:28:32.458  9440  9470 E IMGMapper: set:488 set: Unset optional value from type SMPTE2086
11-06 14:28:32.458  9440  9470 E IMGMapper: set:488 set: Unset optional value from type CTA861_3
11-06 14:28:32.474  9440  9470 E IMGMapper: set:488 set: Unset optional value from type SMPTE2086
11-06 14:28:32.474  9440  9470 E IMGMapper: set:488 set: Unset optional value from type CTA861_3
11-06 14:28:32.493  9440  9470 E IMGMapper: set:488 set: Unset optional value from type SMPTE2086
11-06 14:28:32.494  9440  9470 E IMGMapper: set:488 set: Unset optional value from type CTA861_3
11-06 14:28:32.506  9440  9470 E IMGMapper: set:488 set: Unset optional value from type SMPTE2086
11-06 14:28:32.506  9440  9470 E IMGMapper: set:488 set: Unset optional value from type CTA861_3
11-06 14:28:32.523  9440  9470 E IMGMapper: set:488 set: Unset optional value from type SMPTE2086
11-06 14:28:32.523  9440  9470 E IMGMapper: set:488 set: Unset optional value from type CTA861_3
11-06 14:28:32.565  1187  2579 D InputDispatcher: Inject motion (9606/2000): action=0x1, time=3434970231000000, f=0x0, d=0 dsdx=1.000000 dtdx=0.000000
11-06 14:28:32.567  1187  1534 I InputDispatcher: Delivering touch to (9440): action: 0x1, f=0x0, d=0, 'f7d67ea', t=1 
11-06 14:28:32.568  9440  9470 E IMGMapper: set:488 set: Unset optional value from type SMPTE2086
11-06 14:28:32.568  1187  1187 I SemDvfsHyPerManager: acquire hyper - SMOOTH_SCROLL/1187@17, type = -999
11-06 14:28:32.568  9440  9470 E IMGMapper: set:488 set: Unset optional value from type CTA861_3
11-06 14:28:32.569   896   910 I HYPER-HAL: [RequestManager.cpp]acquire(): Acquired ID : 725427  [1187 / 17]    HINT : SMOOTH_SCROLL    list : 
11-06 14:28:32.571   896   910 I mtkpower_client: perf_lock_acq, hdl:0, dur:0, num:2, tid:910
11-06 14:28:32.572  9440  9440 I ViewRootImpl@2b9cfc[MainActivity]: ViewPostIme pointer 1
11-06 14:28:32.573  1014  1065 I libPowerHal: [perfLockAcq] idx:0 hdl:1056680 hint:-1 pid:896 duration:0 lock_user:vendor.samsung. => ret_hdl:1056680
11-06 14:28:32.573  1187  1187 D SGM:GameManager: identifyGamePackage. com.cinemamovel, mCurrentUserId: 0, callerUserId: 0, callingMethodInfo: com.android.server.ssrm.fgapps.GameAppUtils.isGame(GameAppUtils.java:84)
11-06 14:28:32.573  1187  1187 D SGM:PkgDataHelper: getGamePkgData(). com.cinemamovel
11-06 14:28:32.573  1187  1187 I SemDvfsHyPerManager: acquire hyper - GESTURE_DETECTED/1187@18, type = -999
11-06 14:28:32.574  1014  1065 I libPowerHal: vendor.samsung.: cpu_ctrl set cpu freq: -1 -1 1138000 -1
11-06 14:28:32.575   896   910 I mtkpower_client: ret_hdl:1056680
11-06 14:28:32.575   896   910 I mtkpower_client: perf_lock_acq, hdl:0, dur:0, num:2, tid:910
11-06 14:28:32.575  1187  1187 D SGM:GameManager: identifyGamePackage. com.cinemamovel, mCurrentUserId: 0, callerUserId: 0, callingMethodInfo: com.android.server.ssrm.fgapps.GameAppUtils.isGame(GameAppUtils.java:84)
11-06 14:28:32.575  1187  1187 D SGM:PkgDataHelper: getGamePkgData(). com.cinemamovel
11-06 14:28:32.575  1187  1187 I SemDvfsHyPerManager: acquire hyper - GESTURE_DETECTED/1187@18, type = -999
11-06 14:28:32.576  1014  1065 I libPowerHal: [perfLockAcq] idx:1 hdl:1056681 hint:-1 pid:896 duration:0 lock_user:vendor.samsung. => ret_hdl:1056681
11-06 14:28:32.576  1014  1065 I libPowerHal: vendor.samsung.: cpu_ctrl set cpu freq: 1218000 -1 1138000 -1
11-06 14:28:32.577   896   910 I mtkpower_client: ret_hdl:1056681
11-06 14:28:32.577   896   910 I mtkpower_client: perf_lock_rel, hdl:1056680, tid:910
11-06 14:28:32.578  1014  1065 I libPowerHal: [perfLockRel] hdl:1056680, idx:0
11-06 14:28:32.579  1014  1065 I libPowerHal: vendor.samsung.: cpu_ctrl set cpu freq: 1218000 -1 -1 -1
11-06 14:28:32.579   896   910 I mtkpower_client: perf_lock_rel, hdl:1056681, tid:910
11-06 14:28:32.580   896   910 I HYPER-HAL: [RequestManager.cpp]releaseLocked(): Released ID : 725427
11-06 14:28:32.580   896   910 I HYPER-HAL: [RequestManager.cpp]acquire(): Acquired ID : 726633  [1187 / 18]    HINT : GESTURE_DETECTED    list : [TIMEOUT / 1702] 
11-06 14:28:32.581   896   910 I mtkpower_client: perf_lock_acq, hdl:0, dur:0, num:2, tid:910
11-06 14:28:32.582  9440  9470 E IMGMapper: set:488 set: Unset optional value from type SMPTE2086
11-06 14:28:32.582  9440  9470 E IMGMapper: set:488 set: Unset optional value from type CTA861_3
11-06 14:28:32.582  1014  1065 I libPowerHal: [perfLockRel] hdl:1056681, idx:1
11-06 14:28:32.582  1014  1065 I libPowerHal: vendor.samsung.: cpu_ctrl set cpu freq: -1 -1 -1 -1
11-06 14:28:32.583   896   910 I mtkpower_client: ret_hdl:1056682
11-06 14:28:32.584   896   910 I mtkpower_client: perf_lock_acq, hdl:0, dur:0, num:2, tid:910
11-06 14:28:32.584  1014  1065 I libPowerHal: [perfLockAcq] idx:0 hdl:1056682 hint:-1 pid:896 duration:0 lock_user:vendor.samsung. => ret_hdl:1056682
11-06 14:28:32.584  1014  1065 I libPowerHal: vendor.samsung.: cpu_ctrl set cpu freq: -1 -1 1138000 -1
11-06 14:28:32.585   896   910 I mtkpower_client: ret_hdl:1056683
11-06 14:28:32.585  1014  1065 I libPowerHal: [perfLockAcq] idx:1 hdl:1056683 hint:-1 pid:896 duration:0 lock_user:vendor.samsung. => ret_hdl:1056683
11-06 14:28:32.585   896   910 I HYPER-HAL: [RequestManager.cpp]acquire(): Acquired ID : 726633  [1187 / 18]    HINT : GESTURE_DETECTED    list : [TIMEOUT / 1702] 
11-06 14:28:32.586  1014  1065 I libPowerHal: vendor.samsung.: cpu_ctrl set cpu freq: 1218000 -1 1138000 -1
11-06 14:28:32.587  1187  1187 I SemDvfsHyPerManager: acquire hyper - SMOOTH_SCROLL/1187@17, type = -999
11-06 14:28:32.587   896   910 I HYPER-HAL: [RequestManager.cpp]acquire(): Acquired ID : 725427  [1187 / 17]    HINT : SMOOTH_SCROLL    list : 
11-06 14:28:32.587   896   910 I mtkpower_client: perf_lock_rel, hdl:1056682, tid:910
11-06 14:28:32.588   896   910 I mtkpower_client: perf_lock_acq, hdl:0, dur:0, num:2, tid:910
11-06 14:28:32.588  1014  1065 I libPowerHal: [perfLockRel] hdl:1056682, idx:0
11-06 14:28:32.588  1014  1065 I libPowerHal: vendor.samsung.: cpu_ctrl set cpu freq: 1218000 -1 -1 -1
11-06 14:28:32.589   896   910 I mtkpower_client: ret_hdl:1056684
11-06 14:28:32.589   896   910 I mtkpower_client: perf_lock_rel, hdl:1056683, tid:910
11-06 14:28:32.590  1014  1065 I libPowerHal: [perfLockAcq] idx:2 hdl:1056684 hint:-1 pid:896 duration:0 lock_user:vendor.samsung. => ret_hdl:1056684
11-06 14:28:32.590  1014  1065 I libPowerHal: vendor.samsung.: cpu_ctrl set cpu freq: 1218000 -1 1138000 -1
11-06 14:28:32.590   896   910 I mtkpower_client: perf_lock_acq, hdl:0, dur:0, num:2, tid:910
11-06 14:28:32.591  1014  1065 I libPowerHal: [perfLockRel] hdl:1056683, idx:1
11-06 14:28:32.591  1014  1065 I libPowerHal: vendor.samsung.: cpu_ctrl set cpu freq: -1 -1 1138000 -1
11-06 14:28:32.592   896   910 I mtkpower_client: ret_hdl:1056685
11-06 14:28:32.592  1014  1065 I libPowerHal: [perfLockAcq] idx:0 hdl:1056685 hint:-1 pid:896 duration:0 lock_user:vendor.samsung. => ret_hdl:1056685
11-06 14:28:32.592  1014  1065 I libPowerHal: vendor.samsung.: cpu_ctrl set cpu freq: 1218000 -1 1138000 -1
11-06 14:28:32.596  9440  9470 E IMGMapper: set:488 set: Unset optional value from type SMPTE2086
11-06 14:28:32.596  9440  9470 E IMGMapper: set:488 set: Unset optional value from type CTA861_3
11-06 14:28:32.608  9440  9470 E IMGMapper: set:488 set: Unset optional value from type SMPTE2086
11-06 14:28:32.608  9440  9470 E IMGMapper: set:488 set: Unset optional value from type CTA861_3
11-06 14:28:32.631  9440  9470 E IMGMapper: set:488 set: Unset optional value from type SMPTE2086
11-06 14:28:32.631  9440  9470 E IMGMapper: set:488 set: Unset optional value from type CTA861_3
11-06 14:28:32.636  1187  9610 D TrafficStats: tagSocket(728) with statsTag=0xffffffff, statsUid=-1
11-06 14:28:32.639  1187  9610 D TrafficStats: tagSocket(941) with statsTag=0xffffffff, statsUid=-1
11-06 14:28:32.667  9440  9470 E IMGMapper: set:488 set: Unset optional value from type SMPTE2086
11-06 14:28:32.667  9440  9470 E IMGMapper: set:488 set: Unset optional value from type CTA861_3
11-06 14:28:32.675  9440  9470 E IMGMapper: set:488 set: Unset optional value from type SMPTE2086
11-06 14:28:32.675  9440  9470 E IMGMapper: set:488 set: Unset optional value from type CTA861_3
11-06 14:28:32.696  9440  9470 E IMGMapper: set:488 set: Unset optional value from type SMPTE2086
11-06 14:28:32.696  9440  9470 E IMGMapper: set:488 set: Unset optional value from type CTA861_3
11-06 14:28:32.713  9440  9470 E IMGMapper: set:488 set: Unset optional value from type SMPTE2086
11-06 14:28:32.713  9440  9470 E IMGMapper: set:488 set: Unset optional value from type CTA861_3
11-06 14:28:32.730  9440  9470 E IMGMapper: set:488 set: Unset optional value from type SMPTE2086
11-06 14:28:32.730  9440  9470 E IMGMapper: set:488 set: Unset optional value from type CTA861_3
11-06 14:28:32.746  9440  9470 E IMGMapper: set:488 set: Unset optional value from type SMPTE2086
11-06 14:28:32.747  9440  9470 E IMGMapper: set:488 set: Unset optional value from type CTA861_3
11-06 14:28:32.765  9440  9470 E IMGMapper: set:488 set: Unset optional value from type SMPTE2086
11-06 14:28:32.766  9440  9470 E IMGMapper: set:488 set: Unset optional value from type CTA861_3
11-06 14:28:32.783  9440  9470 E IMGMapper: set:488 set: Unset optional value from type SMPTE2086
11-06 14:28:32.783  9440  9470 E IMGMapper: set:488 set: Unset optional value from type CTA861_3
11-06 14:28:32.794  9440  9470 E IMGMapper: set:488 set: Unset optional value from type SMPTE2086
11-06 14:28:32.794  9440  9470 E IMGMapper: set:488 set: Unset optional value from type CTA861_3
11-06 14:28:32.808  9440  9470 E IMGMapper: set:488 set: Unset optional value from type SMPTE2086
11-06 14:28:32.808  9440  9470 E IMGMapper: set:488 set: Unset optional value from type CTA861_3
11-06 14:28:32.824  9440  9470 E IMGMapper: set:488 set: Unset optional value from type SMPTE2086
11-06 14:28:32.824  9440  9470 E IMGMapper: set:488 set: Unset optional value from type CTA861_3
11-06 14:28:32.840  1187  9610 D WifiConnectivityMonitor.DnsThread:  [|206] []
11-06 14:28:32.841  9440  9470 E IMGMapper: set:488 set: Unset optional value from type SMPTE2086
11-06 14:28:32.841  9440  9470 E IMGMapper: set:488 set: Unset optional value from type CTA861_3
11-06 14:28:32.842  1187  1663 D WifiConnectivityMonitor.NetworkStatsAnalyzer: DNS resultType : 0, responseTime : 206
11-06 14:28:32.842  1187  1661 D OpenNetworkQos[4.00]: updateBssidLatestDnsResultType - result: 0
11-06 14:28:32.842  1187  1661 D OpenNetworkQos[4.00]: updateBssidNoInternet: mBssidNoInternet = false
11-06 14:28:32.842  1187  1661 D OpenNetworkQos[4.00]: getOpenNetworkQosNoInternetStatus: false
11-06 14:28:32.842  1187  1661 D OpenNetworkQos[4.00]: getOpenNetworkQosScores: 26 23 16 
11-06 14:28:32.842  1187  1661 D SettingsProvider: isChangeAllowed() : name = wifi_wcm_qos_sharing_score_summary
11-06 14:28:32.857  9440  9470 E IMGMapper: set:488 set: Unset optional value from type SMPTE2086
11-06 14:28:32.857  9440  9470 E IMGMapper: set:488 set: Unset optional value from type CTA861_3
11-06 14:28:32.874  9440  9470 E IMGMapper: set:488 set: Unset optional value from type SMPTE2086
11-06 14:28:32.875  9440  9470 E IMGMapper: set:488 set: Unset optional value from type CTA861_3
11-06 14:28:32.901  9440  9470 E IMGMapper: set:488 set: Unset optional value from type SMPTE2086
11-06 14:28:32.901  9440  9470 E IMGMapper: set:488 set: Unset optional value from type CTA861_3
11-06 14:28:32.911   570  8617 I keystore2: keystore2::watchdog: Watchdog thread idle -> terminating. Have a great day.
11-06 14:28:32.945  9440  9470 E IMGMapper: set:488 set: Unset optional value from type SMPTE2086
11-06 14:28:32.945  9440  9470 E IMGMapper: set:488 set: Unset optional value from type CTA861_3
11-06 14:28:32.959  9440  9470 E IMGMapper: set:488 set: Unset optional value from type SMPTE2086
11-06 14:28:32.959  9440  9470 E IMGMapper: set:488 set: Unset optional value from type CTA861_3
11-06 14:28:32.977  9440  9470 E IMGMapper: set:488 set: Unset optional value from type SMPTE2086
11-06 14:28:32.977  9440  9470 E IMGMapper: set:488 set: Unset optional value from type CTA861_3
11-06 14:28:32.994  9440  9470 E IMGMapper: set:488 set: Unset optional value from type SMPTE2086
11-06 14:28:32.994  9440  9470 E IMGMapper: set:488 set: Unset optional value from type CTA861_3
11-06 14:28:33.022  9440  9470 E IMGMapper: set:488 set: Unset optional value from type SMPTE2086
11-06 14:28:33.022  9440  9470 E IMGMapper: set:488 set: Unset optional value from type CTA861_3
11-06 14:28:33.036  9440  9470 E IMGMapper: set:488 set: Unset optional value from type SMPTE2086
11-06 14:28:33.036  9440  9470 E IMGMapper: set:488 set: Unset optional value from type CTA861_3
11-06 14:28:33.046  9440  9470 E IMGMapper: set:488 set: Unset optional value from type SMPTE2086
11-06 14:28:33.046  9440  9470 E IMGMapper: set:488 set: Unset optional value from type CTA861_3
11-06 14:28:33.062  9440  9470 E IMGMapper: set:488 set: Unset optional value from type SMPTE2086
11-06 14:28:33.062  9440  9470 E IMGMapper: set:488 set: Unset optional value from type CTA861_3
11-06 14:28:33.080  9440  9470 E IMGMapper: set:488 set: Unset optional value from type SMPTE2086
11-06 14:28:33.080  9440  9470 E IMGMapper: set:488 set: Unset optional value from type CTA861_3
11-06 14:28:33.096  9440  9470 E IMGMapper: set:488 set: Unset optional value from type SMPTE2086
11-06 14:28:33.097  9440  9470 E IMGMapper: set:488 set: Unset optional value from type CTA861_3
11-06 14:28:33.111  9440  9470 E IMGMapper: set:488 set: Unset optional value from type SMPTE2086
11-06 14:28:33.111  9440  9470 E IMGMapper: set:488 set: Unset optional value from type CTA861_3
11-06 14:28:33.124  9440  9470 E IMGMapper: set:488 set: Unset optional value from type SMPTE2086
11-06 14:28:33.125  9440  9470 E IMGMapper: set:488 set: Unset optional value from type CTA861_3
11-06 14:28:33.142  9440  9470 E IMGMapper: set:488 set: Unset optional value from type SMPTE2086
11-06 14:28:33.143  9440  9470 E IMGMapper: set:488 set: Unset optional value from type CTA861_3
11-06 14:28:33.158  9440  9470 E IMGMapper: set:488 set: Unset optional value from type SMPTE2086
11-06 14:28:33.158  9440  9470 E IMGMapper: set:488 set: Unset optional value from type CTA861_3
11-06 14:28:33.174  9440  9470 E IMGMapper: set:488 set: Unset optional value from type SMPTE2086
11-06 14:28:33.174  9440  9470 E IMGMapper: set:488 set: Unset optional value from type CTA861_3
11-06 14:28:33.191  9440  9470 E IMGMapper: set:488 set: Unset optional value from type SMPTE2086
11-06 14:28:33.191  9440  9470 E IMGMapper: set:488 set: Unset optional value from type CTA861_3
11-06 14:28:33.208  9440  9470 E IMGMapper: set:488 set: Unset optional value from type SMPTE2086
11-06 14:28:33.208  9440  9470 E IMGMapper: set:488 set: Unset optional value from type CTA861_3
11-06 14:28:33.234  9440  9470 E IMGMapper: set:488 set: Unset optional value from type SMPTE2086
11-06 14:28:33.234  9440  9470 E IMGMapper: set:488 set: Unset optional value from type CTA861_3
11-06 14:28:33.237  9440  9477 I ReactNativeJS: [auto-dump]
11-06 14:28:33.237  9440  9477 I ReactNativeJS: ---IMG_METRICS_START---
11-06 14:28:33.237  9440  9477 I ReactNativeJS: {
11-06 14:28:33.237  9440  9477 I ReactNativeJS:   "dashboardRenders": 1,
11-06 14:28:33.237  9440  9477 I ReactNativeJS:   "cardRenders": {
11-06 14:28:33.237  9440  9477 I ReactNativeJS:     "7451": 3,
11-06 14:28:33.237  9440  9477 I ReactNativeJS:     "13494": 5,
11-06 14:28:33.237  9440  9477 I ReactNativeJS:     "506763": 5,
11-06 14:28:33.237  9440  9477 I ReactNativeJS:     "575265": 5,
11-06 14:28:33.237  9440  9477 I ReactNativeJS:     "617126": 3,
11-06 14:28:33.237  9440  9477 I ReactNativeJS:     "691363": 4,
11-06 14:28:33.237  9440  9477 I ReactNativeJS:     "755898": 5,
11-06 14:28:33.237  9440  9477 I ReactNativeJS:     "803796": 5,
11-06 14:28:33.237  9440  9477 I ReactNativeJS:     "911430": 5,
11-06 14:28:33.237  9440  9477 I ReactNativeJS:     "914215": 5,
11-06 14:28:33.237  9440  9477 I ReactNativeJS:     "987400": 5,
11-06 14:28:33.237  9440  9477 I ReactNativeJS:     "1007734": 5,
11-06 14:28:33.237  9440  9477 I ReactNativeJS:     "1028248": 5,
11-06 14:28:33.237  9440  9477 I ReactNativeJS:     "1035259": 5,
11-06 14:28:33.237  9440  9477 I ReactNativeJS:     "1038392": 5,
11-06 14:28:33.237  9440  9477 I ReactNativeJS:     "1051486": 5,
11-06 14:28:33.237  9440  9477 I ReactNativeJS:     "1061474": 5,
11-06 14:28:33.237  9440  9477 I ReactNativeJS:     "1078605": 5,
11-06 14:28:33.237  9440  9477 I ReactNativeJS:     "1087192": 5,
11-06 14:28:33.237  9440  9477 I ReactNativeJS:     "1119878": 2,
11-06 14:28:33.237  9440  9477 I ReactNativeJS:     "1151334": 1,
11-06 14:28:33.237  9440  9477 I ReactNativeJS:     "1175942": 2,
11-06 14:28:33.237  9440  9477 I ReactNativeJS:     "1234821": 5,
11-06 14:28:33.237  9440  9477 I ReactNativeJS:     "1242011": 5,
11-06 14:28:33.237  9440  9477 I ReactNativeJS:     "1265344": 4,
11-06 14:28:33.237  9440  9477 I ReactNativeJS:     "1311031": 5,
11-06 14:28:33.237  9440  9477 I ReactNativeJS:     "1369679": 5,
11-06 14:28:33.237  9440  9477 I ReactNativeJS:     "1382406": 1
11-06 14:28:33.237  9440  9477 I ReactNativeJS:   },
11-06 14:28:33.237  9440  9477 I ReactNativeJS:   "imageLoads": [
11-06 14:28:33.237  9440  9477 I ReactNativeJS:     {
11-06 14:28:33.237  9440  9477 I ReactNativeJS:       "id": 755898,
11-06 14:28:33.237  9440  9477 I ReactNativeJS:       "durationMs": 2461
11-06 14:28:33.237  9440  9477 I ReactNativeJS:     },
11-06 14:28:33.237  9440  9477 I ReactNativeJS:     {
11-06 14:28:33.237  9440  9477 I ReactNativeJS:       "id": 1311031,
11-06 14:28:33.237  9440  9477 I ReactNativeJS:       "durationMs": 2479
11-06 14:28:33.237  9440  9477 I ReactNativeJS:     },
11-06 14:28:33.237  9440  9477 I ReactNativeJS:     {
11-06 14:28:33.237  9440  9477 I ReactNativeJS:       "id": 1038392,
11-06 14:28:33.237  9440  9477 I ReactNativeJS:       "durationMs": 2829
11-06 14:28:33.237  9440  9477 I ReactNativeJS:     },
11-06 14:28:33.237  9440  9477 I ReactNativeJS:     {
11-06 14:28:33.237  9440  9477 I ReactNativeJS:       "id": 987400,
11-06 14:28:33.237  9440  9477 I ReactNativeJS:       "durationMs": 2861
11-06 14:28:33.237  9440  9477 I ReactNativeJS:     },
11-06 14:28:33.237  9440  9477 I ReactNativeJS:     {
11-06 14:28:33.237  9440  9477 I ReactNativeJS:       "id": 1007734,
11-06 14:28:33.237  9440  9477 I ReactNativeJS:       "durationMs": 6766
11-06 14:28:33.237  9440  9477 I ReactNativeJS:     },
11-06 14:28:33.237  9440  9477 I ReactNativeJS:     {
11-06 14:28:33.237  9440  9477 I ReactNativeJS:       "id": 1078605,
11-06 14:28:33.237  9440  9477 I ReactNativeJS:       "durationMs": 6905
11-06 14:28:33.237  9440  9477 I ReactNativeJS:     },
11-06 14:28:33.237  9440  9477 I ReactNativeJS:     {
11-06 14:28:33.237  9440  9477 I ReactNativeJS:       "id": 1028248,
11-06 14:28:33.237  9440  9477 I ReactNativeJS:       "durationMs": 7023
11-06 14:28:33.237  9440  9477 I ReactNativeJS:     },
11-06 14:28:33.237  9440  9477 I ReactNativeJS:     {
11-06 14:28:33.237  9440  9477 I ReactNativeJS:       "id": 914215,
11-06 14:28:33.237  9440  9477 I ReactNativeJS:       "durationMs": 7024
11-06 14:28:33.237  9440  9477 I ReactNativeJS:     },
11-06 14:28:33.237  9440  9477 I ReactNativeJS:     {
11-06 14:28:33.237  9440  9477 I ReactNativeJS:       "id": 1035259,
11-06 14:28:33.237  9440  9477 I ReactNativeJS:       "durationMs": 7152
11-06 14:28:33.237  9440  9477 I ReactNativeJS:     },
11-06 14:28:33.237  9440  9477 I ReactNativeJS:     {
11-06 14:28:33.237  9440  9477 I ReactNativeJS:       "id": 1061474,
11-06 14:28:33.237  9440  9477 I ReactNativeJS:       "durationMs": 7286
11-06 14:28:33.237  9440  9477 I ReactNativeJS:     },
11-06 14:28:33.237  9440  9477 I ReactNativeJS:     {
11-06 14:28:33.237  9440  9477 I ReactNativeJS:       "id": 13494,
11-06 14:28:33.237  9440  9477 I ReactNativeJS:       "durationMs": 7462
11-06 14:28:33.237  9440  9477 I ReactNativeJS:     },
11-06 14:28:33.237  9440  9477 I ReactNativeJS:     {
11-06 14:28:33.237  9440  9477 I ReactNativeJS:       "id": 575265,
11-06 14:28:33.237  9440  9477 I ReactNativeJS:       "durationMs": 7478
11-06 14:28:33.237  9440  9477 I ReactNativeJS:     }
11-06 14:28:33.237  9440  9477 I ReactNativeJS:   ],
11-06 14:28:33.237  9440  9477 I ReactNativeJS:   "navigationEvents": [
11-06 14:28:33.237  9440  9477 I ReactNativeJS:     {
11-06 14:28:33.237  9440  9477 I ReactNativeJS:       "action": "focus_dashboard",
11-06 14:28:33.237  9440  9477 I ReactNativeJS:       "timestamp": 1762450105202
11-06 14:28:33.237  9440  9477 I ReactNativeJS:     }
11-06 14:28:33.237  9440  9477 I ReactNativeJS:   ]
11-06 14:28:33.237  9440  9477 I ReactNativeJS: }
11-06 14:28:33.237  9440  9477 I ReactNativeJS: ---IMG_METRICS_END---
11-06 14:28:33.278  9440  9470 E IMGMapper: set:488 set: Unset optional value from type SMPTE2086
11-06 14:28:33.278  9440  9470 E IMGMapper: set:488 set: Unset optional value from type CTA861_3
11-06 14:28:33.287  1187  1351 D BatteryExternalStatsWorker: update stats : update-network-download (6)
11-06 14:28:33.287  1187  1351 D BatteryExternalStatsWorker: Update Rail Energy data
11-06 14:28:33.287  1187  1351 D BatteryExternalStatsWorker: Fetch modem data
11-06 14:28:33.291  9440  9470 E IMGMapper: set:488 set: Unset optional value from type SMPTE2086
11-06 14:28:33.291  9440  9470 E IMGMapper: set:488 set: Unset optional value from type CTA861_3
11-06 14:28:33.300  1737  1942 D MobileStatusTracker(0/2): onSignalStrengthsChanged level=4, vendorLevel=3
11-06 14:28:33.303  1737  1942 D MobileSignalController(0/2): notifyListener: enabled=true, connected=true, dataConnected=true, networkType=LTE (4G), emergencyOnly=false, roaming=false, isDefault=false, dataActivity=, level=3, ca=false, mmWave=false, disabledDataIcon=false, simCard=ETC
11-06 14:28:33.304  1737  1942 D NetworkController: SignalStrength from intent slotId=0
11-06 14:28:33.309  9440  9470 E IMGMapper: set:488 set: Unset optional value from type SMPTE2086
11-06 14:28:33.309  9440  9470 E IMGMapper: set:488 set: Unset optional value from type CTA861_3
11-06 14:28:33.318  1187  3222 D TelephonyManager: requestModemActivityInfo: Sending result to app: ModemActivityInfo{ mTimestamp=5141217695 mSleepTimeMs=339568193 mIdleTimeMs=490476059 mActivityStatsTechSpecificInfo=[{mRat=UNKNOWN,mFrequencyRange=UNKNOWN,mTxTimeMs[]=[33387, 28273, 347557, 1248621, 1223075],mRxTimeMs=16157503}]}
11-06 14:28:33.318  1187  1351 D BatteryExternalStatsWorker: mStats lock released
11-06 14:28:33.329  9440  9470 E IMGMapper: set:488 set: Unset optional value from type SMPTE2086
11-06 14:28:33.329  9440  9470 E IMGMapper: set:488 set: Unset optional value from type CTA861_3
11-06 14:28:33.337  1187  1351 D BatteryExternalStatsWorker: Update modem state
11-06 14:28:33.337  1187  1351 D BatteryExternalStatsWorker: done updateExternalStatsLocked
11-06 14:28:33.345  1039  1039 I BufferQueueProducer: [com.cinemamovel/com.cinemamovel.MainActivity$_9440#692367](this:0xb400007a1f708838,id:-1,api:0,p:-1,c:1039) queueBuffer: fps=53.21 dur=1014.89 max=50.21 min=15.89
11-06 14:28:33.346  9440  9470 E IMGMapper: set:488 set: Unset optional value from type SMPTE2086
11-06 14:28:33.346  9440  9470 E IMGMapper: set:488 set: Unset optional value from type CTA861_3
11-06 14:28:33.347   991 11009 I hwcomposer: [HWCDisplay] [Display_0 (type:1)] fps:53.192959,dur:1015.17,max:50.69,min:15.23  
11-06 14:28:33.366  9440  9470 E IMGMapper: set:488 set: Unset optional value from type SMPTE2086
11-06 14:28:33.366  9440  9470 E IMGMapper: set:488 set: Unset optional value from type CTA861_3
11-06 14:28:33.377  9440  9470 E IMGMapper: set:488 set: Unset optional value from type SMPTE2086
11-06 14:28:33.377  9440  9470 E IMGMapper: set:488 set: Unset optional value from type CTA861_3
11-06 14:28:33.390  9440  9470 E IMGMapper: set:488 set: Unset optional value from type SMPTE2086
11-06 14:28:33.390  9440  9470 E IMGMapper: set:488 set: Unset optional value from type CTA861_3
11-06 14:28:33.410  9440  9470 E IMGMapper: set:488 set: Unset optional value from type SMPTE2086
11-06 14:28:33.410  9440  9470 E IMGMapper: set:488 set: Unset optional value from type CTA861_3
11-06 14:28:33.426  9440  9470 E IMGMapper: set:488 set: Unset optional value from type SMPTE2086
11-06 14:28:33.426  9440  9470 E IMGMapper: set:488 set: Unset optional value from type CTA861_3
11-06 14:28:33.443  9440  9470 E IMGMapper: set:488 set: Unset optional value from type SMPTE2086
11-06 14:28:33.443  9440  9470 E IMGMapper: set:488 set: Unset optional value from type CTA861_3
11-06 14:28:33.459  9440  9470 E IMGMapper: set:488 set: Unset optional value from type SMPTE2086
11-06 14:28:33.459  9440  9470 E IMGMapper: set:488 set: Unset optional value from type CTA861_3
11-06 14:28:33.461  1693  1693 I WifiHAL : Get link layer stats
11-06 14:28:33.461  1693  1693 I WifiHAL : GetLinkStatsCommand::create
11-06 14:28:33.461  1693  1693 D android.hardware.wifi@1.0-service-lazy: WifiRequest::create vendor command to iface 38, vendor_id=0x1a11, subcmd=0x1200, res=0
11-06 14:28:33.461  1693  1693 I android.hardware.wifi@1.0-service-lazy: WifiCommand::requestResponse err=-95
11-06 14:28:33.461  1693  1693 I WifiHAL : wifi_get_link_stats: result=-3
11-06 14:28:33.462  1187  1566 E WifiVendorHal: getWifiLinkLayerStats_1_5_Internal(l.1179) failed {.code = ERROR_NOT_SUPPORTED, .description = }
11-06 14:28:33.467  1187 22074 D SemWifiUsabilityStatsMonitor: onWifiUsabilityStats - seqNum 112081, isSameBssidAndFreq true
11-06 14:28:33.468  1187  1645 I SemWifiLinkQualityMonitor: Link Qos query: inf. ms / 0 Mbps
11-06 14:28:33.479  9440  9470 E IMGMapper: set:488 set: Unset optional value from type SMPTE2086
11-06 14:28:33.479  9440  9470 E IMGMapper: set:488 set: Unset optional value from type CTA861_3
11-06 14:28:33.493  9440  9470 E IMGMapper: set:488 set: Unset optional value from type SMPTE2086
11-06 14:28:33.493  9440  9470 E IMGMapper: set:488 set: Unset optional value from type CTA861_3
11-06 14:28:33.502   543   543 D io_stats: !@ 179,0 r 633959691 7653416054 w 114984366 1219414152 d 1261443 33798276 f 0 0 iot 326809836 0 th 0 0 0 pt 0 inp 0 12 3434971.168
11-06 14:28:33.509  9440  9470 E IMGMapper: set:488 set: Unset optional value from type SMPTE2086
11-06 14:28:33.509  9440  9470 E IMGMapper: set:488 set: Unset optional value from type CTA861_3
11-06 14:28:33.526  9440  9470 E IMGMapper: set:488 set: Unset optional value from type SMPTE2086
11-06 14:28:33.526  9440  9470 E IMGMapper: set:488 set: Unset optional value from type CTA861_3
11-06 14:28:33.543  9440  9470 E IMGMapper: set:488 set: Unset optional value from type SMPTE2086
11-06 14:28:33.544  9440  9470 E IMGMapper: set:488 set: Unset optional value from type CTA861_3
11-06 14:28:33.561  9440  9470 E IMGMapper: set:488 set: Unset optional value from type SMPTE2086
11-06 14:28:33.561  9440  9470 E IMGMapper: set:488 set: Unset optional value from type CTA861_3
11-06 14:28:33.580  9440  9470 E IMGMapper: set:488 set: Unset optional value from type SMPTE2086
11-06 14:28:33.580  9440  9470 E IMGMapper: set:488 set: Unset optional value from type CTA861_3
11-06 14:28:33.591  9440  9470 E IMGMapper: set:488 set: Unset optional value from type SMPTE2086
11-06 14:28:33.591  9440  9470 E IMGMapper: set:488 set: Unset optional value from type CTA861_3
11-06 14:28:33.608  9440  9470 E IMGMapper: set:488 set: Unset optional value from type SMPTE2086
11-06 14:28:33.608  9440  9470 E IMGMapper: set:488 set: Unset optional value from type CTA861_3
11-06 14:28:33.624  9440  9470 E IMGMapper: set:488 set: Unset optional value from type SMPTE2086
11-06 14:28:33.624  9440  9470 E IMGMapper: set:488 set: Unset optional value from type CTA861_3
11-06 14:28:33.642  9440  9470 E IMGMapper: set:488 set: Unset optional value from type SMPTE2086
11-06 14:28:33.642  9440  9470 E IMGMapper: set:488 set: Unset optional value from type CTA861_3
11-06 14:28:33.658  9440  9470 E IMGMapper: set:488 set: Unset optional value from type SMPTE2086
11-06 14:28:33.658  9440  9470 E IMGMapper: set:488 set: Unset optional value from type CTA861_3
11-06 14:28:33.675  9440  9470 E IMGMapper: set:488 set: Unset optional value from type SMPTE2086
11-06 14:28:33.675  9440  9470 E IMGMapper: set:488 set: Unset optional value from type CTA861_3
11-06 14:28:33.692  9440  9470 E IMGMapper: set:488 set: Unset optional value from type SMPTE2086
11-06 14:28:33.692  9440  9470 E IMGMapper: set:488 set: Unset optional value from type CTA861_3
11-06 14:28:33.710  9440  9470 E IMGMapper: set:488 set: Unset optional value from type SMPTE2086
11-06 14:28:33.710  9440  9470 E IMGMapper: set:488 set: Unset optional value from type CTA861_3
11-06 14:28:33.725  9440  9470 E IMGMapper: set:488 set: Unset optional value from type SMPTE2086
11-06 14:28:33.725  9440  9470 E IMGMapper: set:488 set: Unset optional value from type CTA861_3
11-06 14:28:33.742  9440  9470 E IMGMapper: set:488 set: Unset optional value from type SMPTE2086
11-06 14:28:33.742  9440  9470 E IMGMapper: set:488 set: Unset optional value from type CTA861_3
11-06 14:28:33.759  9440  9470 E IMGMapper: set:488 set: Unset optional value from type SMPTE2086
11-06 14:28:33.759  9440  9470 E IMGMapper: set:488 set: Unset optional value from type CTA861_3
11-06 14:28:33.777  9440  9470 E IMGMapper: set:488 set: Unset optional value from type SMPTE2086
11-06 14:28:33.777  9440  9470 E IMGMapper: set:488 set: Unset optional value from type CTA861_3
11-06 14:28:33.793  9440  9470 E IMGMapper: set:488 set: Unset optional value from type SMPTE2086
11-06 14:28:33.793  9440  9470 E IMGMapper: set:488 set: Unset optional value from type CTA861_3
11-06 14:28:33.809  9440  9470 E IMGMapper: set:488 set: Unset optional value from type SMPTE2086
11-06 14:28:33.809  9440  9470 E IMGMapper: set:488 set: Unset optional value from type CTA861_3
11-06 14:28:33.827  9440  9470 E IMGMapper: set:488 set: Unset optional value from type SMPTE2086
11-06 14:28:33.827  9440  9470 E IMGMapper: set:488 set: Unset optional value from type CTA861_3
11-06 14:28:33.846  9440  9470 E IMGMapper: set:488 set: Unset optional value from type SMPTE2086
11-06 14:28:33.846  9440  9470 E IMGMapper: set:488 set: Unset optional value from type CTA861_3
11-06 14:28:33.848  1187  3222 D InputDispatcher: Inject motion (9616/2000): action=0x0, time=3434971513000000, f=0x0, d=0 dsdx=1.000000 dtdx=0.000000
11-06 14:28:33.848  1187  1534 I InputDispatcher: Delivering touch to (1737): action: 0x4, f=0x0, d=0, 'd92b8ad', t=1 
11-06 14:28:33.848  1187  1534 I InputDispatcher: Delivering touch to (9440): action: 0x0, f=0x0, d=0, 'f7d67ea', t=1 
11-06 14:28:33.849  1187  1534 D PowerManagerService: [api] userActivityFromNative :  (event: 2 flags: 0 displayId: 0) eventTime = 3434971513
11-06 14:28:33.849  1187  1303 I GestureDetector: obtain mCurrentDownEvent. id: -979221942 caller: com.android.server.wm.SystemGesturesPointerEventListener.onPointerEvent:203 com.android.server.wm.PointerEventDispatcher.onInputEvent:53 android.view.InputEventReceiver.dispatchInputEvent:285 
11-06 14:28:33.850  1187  1303 I GestureDetector: obtain mCurrentDownEvent. id: -979221942 caller: com.android.server.wm.SystemPerformancePointerEventListener.onPointerEvent:89 com.android.server.wm.PointerEventDispatcher.onInputEvent:53 android.view.InputEventReceiver.dispatchInputEvent:285 
11-06 14:28:33.859  9440  9440 I ViewRootImpl@2b9cfc[MainActivity]: ViewPostIme pointer 0
11-06 14:28:33.865  9440  9470 E IMGMapper: set:488 set: Unset optional value from type SMPTE2086
11-06 14:28:33.865  9440  9470 E IMGMapper: set:488 set: Unset optional value from type CTA861_3
11-06 14:28:33.871  1187  1303 I GestureDetector: obtain mCurrentMotionEventRaw. action: 2 id: -676825616
11-06 14:28:33.872  1187  1303 I GestureDetector: obtain mCurrentMotionEventRaw. action: 2 id: -676825616
11-06 14:28:33.879   896   910 I mtkpower_client: perf_lock_rel, hdl:1056684, tid:910
11-06 14:28:33.879   896   910 I mtkpower_client: perf_lock_acq, hdl:0, dur:0, num:2, tid:910
11-06 14:28:33.880  1014  1065 I libPowerHal: [perfLockRel] hdl:1056684, idx:2
11-06 14:28:33.881  1014  1065 I libPowerHal: vendor.samsung.: cpu_ctrl set cpu freq: 1218000 -1 -1 -1
11-06 14:28:33.882   896   910 I mtkpower_client: ret_hdl:1056686
11-06 14:28:33.882   896   910 I mtkpower_client: perf_lock_rel, hdl:1056685, tid:910
11-06 14:28:33.882  1014  1065 I libPowerHal: [perfLockAcq] idx:1 hdl:1056686 hint:-1 pid:896 duration:0 lock_user:vendor.samsung. => ret_hdl:1056686
11-06 14:28:33.883  9440  9470 E IMGMapper: set:488 set: Unset optional value from type SMPTE2086
11-06 14:28:33.883  1014  1065 I libPowerHal: vendor.samsung.: cpu_ctrl set cpu freq: 1218000 -1 1138000 -1
11-06 14:28:33.883  9440  9470 E IMGMapper: set:488 set: Unset optional value from type CTA861_3
11-06 14:28:33.884   896   910 I mtkpower_client: perf_lock_acq, hdl:0, dur:0, num:2, tid:910
11-06 14:28:33.885  1014  1065 I libPowerHal: [perfLockRel] hdl:1056685, idx:0
11-06 14:28:33.885  1014  1065 I libPowerHal: vendor.samsung.: cpu_ctrl set cpu freq: -1 -1 1138000 -1
11-06 14:28:33.886   896   910 I mtkpower_client: ret_hdl:1056687
11-06 14:28:33.886   896   910 I HYPER-HAL: [RequestManager.cpp]releaseLocked(): Released ID : 725427
11-06 14:28:33.887  1014  1065 I libPowerHal: [perfLockAcq] idx:2 hdl:1056687 hint:-1 pid:896 duration:0 lock_user:vendor.samsung. => ret_hdl:1056687
11-06 14:28:33.887  1014  1065 I libPowerHal: vendor.samsung.: cpu_ctrl set cpu freq: 1218000 -1 1138000 -1
11-06 14:28:33.898  9440  9470 E IMGMapper: set:488 set: Unset optional value from type SMPTE2086
11-06 14:28:33.899  9440  9470 E IMGMapper: set:488 set: Unset optional value from type CTA861_3
11-06 14:28:33.913  9440  9470 E IMGMapper: set:488 set: Unset optional value from type SMPTE2086
11-06 14:28:33.913  9440  9470 E IMGMapper: set:488 set: Unset optional value from type CTA861_3
11-06 14:28:33.932  9440  9470 E IMGMapper: set:488 set: Unset optional value from type SMPTE2086
11-06 14:28:33.932  9440  9470 E IMGMapper: set:488 set: Unset optional value from type CTA861_3
11-06 14:28:33.947  9440  9470 E IMGMapper: set:488 set: Unset optional value from type SMPTE2086
11-06 14:28:33.947  9440  9470 E IMGMapper: set:488 set: Unset optional value from type CTA861_3
11-06 14:28:33.958  9440  9470 E IMGMapper: set:488 set: Unset optional value from type SMPTE2086
11-06 14:28:33.958  9440  9470 E IMGMapper: set:488 set: Unset optional value from type CTA861_3
11-06 14:28:33.973  9440  9470 E IMGMapper: set:488 set: Unset optional value from type SMPTE2086
11-06 14:28:33.973  9440  9470 E IMGMapper: set:488 set: Unset optional value from type CTA861_3
11-06 14:28:33.989  9440  9470 E IMGMapper: set:488 set: Unset optional value from type SMPTE2086
11-06 14:28:33.989  9440  9470 E IMGMapper: set:488 set: Unset optional value from type CTA861_3
11-06 14:28:34.008  9440  9470 E IMGMapper: set:488 set: Unset optional value from type SMPTE2086
11-06 14:28:34.008  9440  9470 E IMGMapper: set:488 set: Unset optional value from type CTA861_3
11-06 14:28:34.022  9440  9470 E IMGMapper: set:488 set: Unset optional value from type SMPTE2086
11-06 14:28:34.023  9440  9470 E IMGMapper: set:488 set: Unset optional value from type CTA861_3
11-06 14:28:34.041  9440  9470 E IMGMapper: set:488 set: Unset optional value from type SMPTE2086
11-06 14:28:34.041  9440  9470 E IMGMapper: set:488 set: Unset optional value from type CTA861_3
11-06 14:28:34.070  9440  9470 E IMGMapper: set:488 set: Unset optional value from type SMPTE2086
11-06 14:28:34.070  9440  9470 E IMGMapper: set:488 set: Unset optional value from type CTA861_3
11-06 14:28:34.113  9440  9470 E IMGMapper: set:488 set: Unset optional value from type SMPTE2086
11-06 14:28:34.113  9440  9470 E IMGMapper: set:488 set: Unset optional value from type CTA861_3
11-06 14:28:34.124  9440  9470 E IMGMapper: set:488 set: Unset optional value from type SMPTE2086
11-06 14:28:34.124  9440  9470 E IMGMapper: set:488 set: Unset optional value from type CTA861_3
11-06 14:28:34.140  9440  9470 E IMGMapper: set:488 set: Unset optional value from type SMPTE2086
11-06 14:28:34.140  9440  9470 E IMGMapper: set:488 set: Unset optional value from type CTA861_3
11-06 14:28:34.148  1187  3222 D InputDispatcher: Inject motion (9616/2000): action=0x1, time=3434971814000000, f=0x0, d=0 dsdx=1.000000 dtdx=0.000000
11-06 14:28:34.149  1187  1534 I InputDispatcher: Delivering touch to (9440): action: 0x1, f=0x0, d=0, 'f7d67ea', t=1 
11-06 14:28:34.150  1187  1187 I SemDvfsHyPerManager: acquire hyper - SMOOTH_SCROLL/1187@17, type = -999
11-06 14:28:34.150  9440  9440 I ViewRootImpl@2b9cfc[MainActivity]: ViewPostIme pointer 1
11-06 14:28:34.151   896   910 I HYPER-HAL: [RequestManager.cpp]acquire(): Acquired ID : 725427  [1187 / 17]    HINT : SMOOTH_SCROLL    list : 
11-06 14:28:34.151   896   910 I mtkpower_client: perf_lock_rel, hdl:1056686, tid:910
11-06 14:28:34.152  1187  1187 D SGM:GameManager: identifyGamePackage. com.cinemamovel, mCurrentUserId: 0, callerUserId: 0, callingMethodInfo: com.android.server.ssrm.fgapps.GameAppUtils.isGame(GameAppUtils.java:84)
11-06 14:28:34.152  1187  1187 D SGM:PkgDataHelper: getGamePkgData(). com.cinemamovel
11-06 14:28:34.152  1187  1187 I SemDvfsHyPerManager: acquire hyper - GESTURE_DETECTED/1187@18, type = -999
11-06 14:28:34.152  1014  1065 I libPowerHal: [perfLockRel] hdl:1056686, idx:1
11-06 14:28:34.153  1014  1065 I libPowerHal: vendor.samsung.: cpu_ctrl set cpu freq: 1218000 -1 -1 -1
11-06 14:28:34.153   896   910 I mtkpower_client: perf_lock_acq, hdl:0, dur:0, num:2, tid:910
11-06 14:28:34.154  1187  1187 D SGM:GameManager: identifyGamePackage. com.cinemamovel, mCurrentUserId: 0, callerUserId: 0, callingMethodInfo: com.android.server.ssrm.fgapps.GameAppUtils.isGame(GameAppUtils.java:84)
11-06 14:28:34.154  1187  1187 D SGM:PkgDataHelper: getGamePkgData(). com.cinemamovel
11-06 14:28:34.154  1187  1187 I SemDvfsHyPerManager: acquire hyper - GESTURE_DETECTED/1187@18, type = -999
11-06 14:28:34.154  1014  1065 I libPowerHal: [perfLockAcq] idx:0 hdl:1056688 hint:-1 pid:896 duration:0 lock_user:vendor.samsung. => ret_hdl:1056688
11-06 14:28:34.155  1014  1065 I libPowerHal: vendor.samsung.: cpu_ctrl set cpu freq: 1218000 -1 1138000 -1
11-06 14:28:34.155   896   910 I mtkpower_client: ret_hdl:1056688
11-06 14:28:34.155   896   910 I mtkpower_client: perf_lock_rel, hdl:1056687, tid:910
11-06 14:28:34.156  1014  1065 I libPowerHal: [perfLockRel] hdl:1056687, idx:2
11-06 14:28:34.156  1014  1065 I libPowerHal: vendor.samsung.: cpu_ctrl set cpu freq: -1 -1 1138000 -1
11-06 14:28:34.157  1187  1187 I SemDvfsHyPerManager: acquire hyper - SMOOTH_SCROLL/1187@17, type = -999
11-06 14:28:34.157   896   910 I mtkpower_client: perf_lock_acq, hdl:0, dur:0, num:2, tid:910
11-06 14:28:34.157  9440  9470 E IMGMapper: set:488 set: Unset optional value from type SMPTE2086
11-06 14:28:34.157  9440  9470 E IMGMapper: set:488 set: Unset optional value from type CTA861_3
11-06 14:28:34.158   896   910 I mtkpower_client: ret_hdl:1056689
11-06 14:28:34.158   896   910 I mtkpower_client: perf_lock_rel, hdl:1056688, tid:910
11-06 14:28:34.158  1014  1065 I libPowerHal: [perfLockAcq] idx:1 hdl:1056689 hint:-1 pid:896 duration:0 lock_user:vendor.samsung. => ret_hdl:1056689
11-06 14:28:34.159  1014  1065 I libPowerHal: vendor.samsung.: cpu_ctrl set cpu freq: 1218000 -1 1138000 -1
11-06 14:28:34.159   896   910 I mtkpower_client: perf_lock_acq, hdl:0, dur:0, num:2, tid:910
11-06 14:28:34.159  1014  1065 I libPowerHal: [perfLockRel] hdl:1056688, idx:0
11-06 14:28:34.159  1014  1065 I libPowerHal: vendor.samsung.: cpu_ctrl set cpu freq: 1218000 -1 -1 -1
11-06 14:28:34.160  1014  1065 I libPowerHal: [perfLockAcq] idx:0 hdl:1056690 hint:-1 pid:896 duration:0 lock_user:vendor.samsung. => ret_hdl:1056690
11-06 14:28:34.160   896   910 I mtkpower_client: ret_hdl:1056690
11-06 14:28:34.161   896   910 I mtkpower_client: perf_lock_rel, hdl:1056689, tid:910
11-06 14:28:34.161  1014  1065 I libPowerHal: vendor.samsung.: cpu_ctrl set cpu freq: 1218000 -1 1138000 -1
11-06 14:28:34.162   896   910 I mtkpower_client: perf_lock_acq, hdl:0, dur:0, num:2, tid:910
11-06 14:28:34.162  1014  1065 I libPowerHal: [perfLockRel] hdl:1056689, idx:1
11-06 14:28:34.162  1014  1065 I libPowerHal: vendor.samsung.: cpu_ctrl set cpu freq: -1 -1 1138000 -1
11-06 14:28:34.163   896   910 I mtkpower_client: ret_hdl:1056691
11-06 14:28:34.163   896   910 I HYPER-HAL: [RequestManager.cpp]releaseLocked(): Released ID : 725427
11-06 14:28:34.163   896   910 I HYPER-HAL: [RequestManager.cpp]acquire(): Acquired ID : 726633  [1187 / 18]    HINT : GESTURE_DETECTED    list : [TIMEOUT / 1702] 
11-06 14:28:34.164  1014  1065 I libPowerHal: [perfLockAcq] idx:1 hdl:1056691 hint:-1 pid:896 duration:0 lock_user:vendor.samsung. => ret_hdl:1056691
11-06 14:28:34.164  1014  1065 I libPowerHal: vendor.samsung.: cpu_ctrl set cpu freq: 1218000 -1 1138000 -1
11-06 14:28:34.165   896   910 I HYPER-HAL: [RequestManager.cpp]acquire(): Acquired ID : 726633  [1187 / 18]    HINT : GESTURE_DETECTED    list : [TIMEOUT / 1702] 
11-06 14:28:34.165   896   910 I HYPER-HAL: [RequestManager.cpp]acquire(): Acquired ID : 725427  [1187 / 17]    HINT : SMOOTH_SCROLL    list : 
11-06 14:28:34.165   896   910 I mtkpower_client: perf_lock_rel, hdl:1056690, tid:910
11-06 14:28:34.165   896   910 I mtkpower_client: perf_lock_acq, hdl:0, dur:0, num:2, tid:910
11-06 14:28:34.166  1014  1065 I libPowerHal: [perfLockRel] hdl:1056690, idx:0
11-06 14:28:34.166  1014  1065 I libPowerHal: vendor.samsung.: cpu_ctrl set cpu freq: 1218000 -1 -1 -1
11-06 14:28:34.167   896   910 I mtkpower_client: ret_hdl:1056692
11-06 14:28:34.167   896   910 I mtkpower_client: perf_lock_rel, hdl:1056691, tid:910
11-06 14:28:34.167  1014  1065 I libPowerHal: [perfLockAcq] idx:0 hdl:1056692 hint:-1 pid:896 duration:0 lock_user:vendor.samsung. => ret_hdl:1056692
11-06 14:28:34.167  1014  1065 I libPowerHal: vendor.samsung.: cpu_ctrl set cpu freq: 1218000 -1 1138000 -1
11-06 14:28:34.167   896   910 I mtkpower_client: perf_lock_acq, hdl:0, dur:0, num:2, tid:910
11-06 14:28:34.168  1014  1065 I libPowerHal: [perfLockRel] hdl:1056691, idx:1
11-06 14:28:34.168  1014  1065 I libPowerHal: vendor.samsung.: cpu_ctrl set cpu freq: -1 -1 1138000 -1
11-06 14:28:34.169   896   910 I mtkpower_client: ret_hdl:1056693
11-06 14:28:34.169  1014  1065 I libPowerHal: [perfLockAcq] idx:1 hdl:1056693 hint:-1 pid:896 duration:0 lock_user:vendor.samsung. => ret_hdl:1056693
11-06 14:28:34.169  1014  1065 I libPowerHal: vendor.samsung.: cpu_ctrl set cpu freq: 1218000 -1 1138000 -1
11-06 14:28:34.173  9440  9470 E IMGMapper: set:488 set: Unset optional value from type SMPTE2086
11-06 14:28:34.173  9440  9470 E IMGMapper: set:488 set: Unset optional value from type CTA861_3
11-06 14:28:34.189  9440  9470 E IMGMapper: set:488 set: Unset optional value from type SMPTE2086
11-06 14:28:34.189  9440  9470 E IMGMapper: set:488 set: Unset optional value from type CTA861_3
11-06 14:28:34.216  9440  9470 E IMGMapper: set:488 set: Unset optional value from type SMPTE2086
11-06 14:28:34.216  9440  9470 E IMGMapper: set:488 set: Unset optional value from type CTA861_3
11-06 14:28:34.256  9440  9470 E IMGMapper: set:488 set: Unset optional value from type SMPTE2086
11-06 14:28:34.256  9440  9470 E IMGMapper: set:488 set: Unset optional value from type CTA861_3
11-06 14:28:34.274  9440  9470 E IMGMapper: set:488 set: Unset optional value from type SMPTE2086
11-06 14:28:34.274  9440  9470 E IMGMapper: set:488 set: Unset optional value from type CTA861_3
11-06 14:28:34.291  9440  9470 E IMGMapper: set:488 set: Unset optional value from type SMPTE2086
11-06 14:28:34.291  9440  9470 E IMGMapper: set:488 set: Unset optional value from type CTA861_3
11-06 14:28:34.311  9440  9470 E IMGMapper: set:488 set: Unset optional value from type SMPTE2086
11-06 14:28:34.311  9440  9470 E IMGMapper: set:488 set: Unset optional value from type CTA861_3
11-06 14:28:34.329  9440  9470 E IMGMapper: set:488 set: Unset optional value from type SMPTE2086
11-06 14:28:34.329  9440  9470 E IMGMapper: set:488 set: Unset optional value from type CTA861_3
11-06 14:28:34.339  9440  9470 E IMGMapper: set:488 set: Unset optional value from type SMPTE2086
11-06 14:28:34.339  9440  9470 E IMGMapper: set:488 set: Unset optional value from type CTA861_3
11-06 14:28:34.358  9440  9470 E IMGMapper: set:488 set: Unset optional value from type SMPTE2086
11-06 14:28:34.358  9440  9470 E IMGMapper: set:488 set: Unset optional value from type CTA861_3
11-06 14:28:34.361  1039  1039 I BufferQueueProducer: [com.cinemamovel/com.cinemamovel.MainActivity$_9440#692367](this:0xb400007a1f708838,id:-1,api:0,p:-1,c:1039) queueBuffer: fps=56.13 dur=1015.50 max=50.03 min=16.43
11-06 14:28:34.363   991 11009 I hwcomposer: [HWCDisplay] [Display_0 (type:1)] fps:56.112488,dur:1015.82,max:50.60,min:16.00  
11-06 14:28:34.372  9440  9470 E IMGMapper: set:488 set: Unset optional value from type SMPTE2086
11-06 14:28:34.372  9440  9470 E IMGMapper: set:488 set: Unset optional value from type CTA861_3
11-06 14:28:34.387  9440  9470 E IMGMapper: set:488 set: Unset optional value from type SMPTE2086
11-06 14:28:34.387  9440  9470 E IMGMapper: set:488 set: Unset optional value from type CTA861_3
11-06 14:28:34.406  9440  9470 E IMGMapper: set:488 set: Unset optional value from type SMPTE2086
11-06 14:28:34.406  9440  9470 E IMGMapper: set:488 set: Unset optional value from type CTA861_3
11-06 14:28:34.407  1187  1486 D SensorService: [SO] -0.867 1.591 9.874
11-06 14:28:34.431  9440  9470 E IMGMapper: set:488 set: Unset optional value from type SMPTE2086
11-06 14:28:34.431  9440  9470 E IMGMapper: set:488 set: Unset optional value from type CTA861_3
11-06 14:28:34.439  1205  1205 I thermal_repeater: socket -1
11-06 14:28:34.474  9440  9470 E IMGMapper: set:488 set: Unset optional value from type SMPTE2086
11-06 14:28:34.474  9440  9470 E IMGMapper: set:488 set: Unset optional value from type CTA861_3
11-06 14:28:34.488  9440  9470 E IMGMapper: set:488 set: Unset optional value from type SMPTE2086
11-06 14:28:34.488  9440  9470 E IMGMapper: set:488 set: Unset optional value from type CTA861_3
