11-06 14:28:34.511  9440  9470 E IMGMapper: set:488 set: Unset optional value from type SMPTE2086
11-06 14:28:34.511  9440  9470 E IMGMapper: set:488 set: Unset optional value from type CTA861_3
11-06 14:28:34.515  1187  1663 D WifiConnectivityMonitor.NetworkStatsAnalyzer: Backhaul result - RSSI:-46, CE:23, PE:22, TI:23, PTI:22, TW:2, PTW:2, Tx:374, Rx:665, TxS:369, RxS:654, RESULT:true, IC:0, ICT:5, WC:0, WCT:5, R:18, RC:0, IE:0, EC:0
11-06 14:28:34.526  9440  9470 E IMGMapper: set:488 set: Unset optional value from type SMPTE2086
11-06 14:28:34.526  9440  9470 E IMGMapper: set:488 set: Unset optional value from type CTA861_3
11-06 14:28:34.542  9440  9470 E IMGMapper: set:488 set: Unset optional value from type SMPTE2086
11-06 14:28:34.542  9440  9470 E IMGMapper: set:488 set: Unset optional value from type CTA861_3
11-06 14:28:34.564  9440  9470 E IMGMapper: set:488 set: Unset optional value from type SMPTE2086
11-06 14:28:34.564  9440  9470 E IMGMapper: set:488 set: Unset optional value from type CTA861_3
11-06 14:28:34.576  1737  1942 D MobileStatusTracker(0/2): onSignalStrengthsChanged level=4, vendorLevel=3
11-06 14:28:34.579  1737  1942 D MobileSignalController(0/2): notifyListener: enabled=true, connected=true, dataConnected=true, networkType=LTE (4G), emergencyOnly=false, roaming=false, isDefault=false, dataActivity=, level=3, ca=false, mmWave=false, disabledDataIcon=false, simCard=ETC
11-06 14:28:34.579  1737  1942 D NetworkController: SignalStrength from intent slotId=0
11-06 14:28:34.583  9440  9470 E IMGMapper: set:488 set: Unset optional value from type SMPTE2086
11-06 14:28:34.583  9440  9470 E IMGMapper: set:488 set: Unset optional value from type CTA861_3
11-06 14:28:34.591  9440  9470 E IMGMapper: set:488 set: Unset optional value from type SMPTE2086
11-06 14:28:34.591  9440  9470 E IMGMapper: set:488 set: Unset optional value from type CTA861_3
11-06 14:28:34.605  9440  9470 E IMGMapper: set:488 set: Unset optional value from type SMPTE2086
11-06 14:28:34.605  9440  9470 E IMGMapper: set:488 set: Unset optional value from type CTA861_3
11-06 14:28:34.622  9440  9470 E IMGMapper: set:488 set: Unset optional value from type SMPTE2086
11-06 14:28:34.623  9440  9470 E IMGMapper: set:488 set: Unset optional value from type CTA861_3
11-06 14:28:34.638  9440  9470 E IMGMapper: set:488 set: Unset optional value from type SMPTE2086
11-06 14:28:34.638  9440  9470 E IMGMapper: set:488 set: Unset optional value from type CTA861_3
11-06 14:28:34.654  9440  9470 E IMGMapper: set:488 set: Unset optional value from type SMPTE2086
11-06 14:28:34.655  9440  9470 E IMGMapper: set:488 set: Unset optional value from type CTA861_3
11-06 14:28:34.671  9440  9470 E IMGMapper: set:488 set: Unset optional value from type SMPTE2086
11-06 14:28:34.671  9440  9470 E IMGMapper: set:488 set: Unset optional value from type CTA861_3
11-06 14:28:34.688  9440  9470 E IMGMapper: set:488 set: Unset optional value from type SMPTE2086
11-06 14:28:34.688  9440  9470 E IMGMapper: set:488 set: Unset optional value from type CTA861_3
11-06 14:28:34.717  9440  9470 E IMGMapper: set:488 set: Unset optional value from type SMPTE2086
11-06 14:28:34.717  9440  9470 E IMGMapper: set:488 set: Unset optional value from type CTA861_3
11-06 14:28:34.731  9440  9470 E IMGMapper: set:488 set: Unset optional value from type SMPTE2086
11-06 14:28:34.731  9440  9470 E IMGMapper: set:488 set: Unset optional value from type CTA861_3
11-06 14:28:34.773  9440  9470 E IMGMapper: set:488 set: Unset optional value from type SMPTE2086
11-06 14:28:34.773  9440  9470 E IMGMapper: set:488 set: Unset optional value from type CTA861_3
11-06 14:28:34.790  9440  9470 E IMGMapper: set:488 set: Unset optional value from type SMPTE2086
11-06 14:28:34.790  9440  9470 E IMGMapper: set:488 set: Unset optional value from type CTA861_3
11-06 14:28:34.793  1187  2579 E ShortcutService: Invalid icon type in shortcut 120363042701202033@g.us. Bitmaps are not allowed in long-lived shortcuts. Use Resource icons, or Uri-based icons instead.
11-06 14:28:34.806  9440  9470 E IMGMapper: set:488 set: Unset optional value from type SMPTE2086
11-06 14:28:34.806  9440  9470 E IMGMapper: set:488 set: Unset optional value from type CTA861_3
11-06 14:28:34.823  9440  9470 E IMGMapper: set:488 set: Unset optional value from type SMPTE2086
11-06 14:28:34.823  9440  9470 E IMGMapper: set:488 set: Unset optional value from type CTA861_3
11-06 14:28:34.834  1200  1324 D ULogGuard: Monitoring: 16 threads, 0 requests, 0 time-bombs; 1 guards. ResetFlags = 0x7
11-06 14:28:34.839  9440  9470 E IMGMapper: set:488 set: Unset optional value from type SMPTE2086
11-06 14:28:34.839  9440  9470 E IMGMapper: set:488 set: Unset optional value from type CTA861_3
11-06 14:28:34.857  9440  9470 E IMGMapper: set:488 set: Unset optional value from type SMPTE2086
11-06 14:28:34.858  9440  9470 E IMGMapper: set:488 set: Unset optional value from type CTA861_3
11-06 14:28:34.876  9440  9470 E IMGMapper: set:488 set: Unset optional value from type SMPTE2086
11-06 14:28:34.876  9440  9470 E IMGMapper: set:488 set: Unset optional value from type CTA861_3
11-06 14:28:34.882  1187  1334 I SemExecuteManagerService: onShortcutChanged: com.whatsapp0
11-06 14:28:34.893  9440  9470 E IMGMapper: set:488 set: Unset optional value from type SMPTE2086
11-06 14:28:34.894  9440  9470 E IMGMapper: set:488 set: Unset optional value from type CTA861_3
11-06 14:28:34.908  9440  9470 E IMGMapper: set:488 set: Unset optional value from type SMPTE2086
11-06 14:28:34.908  9440  9470 E IMGMapper: set:488 set: Unset optional value from type CTA861_3
11-06 14:28:34.923  9440  9470 E IMGMapper: set:488 set: Unset optional value from type SMPTE2086
11-06 14:28:34.924  9440  9470 E IMGMapper: set:488 set: Unset optional value from type CTA861_3
11-06 14:28:34.938  9440  9470 E IMGMapper: set:488 set: Unset optional value from type SMPTE2086
11-06 14:28:34.938  9440  9470 E IMGMapper: set:488 set: Unset optional value from type CTA861_3
11-06 14:28:34.958  9440  9470 E IMGMapper: set:488 set: Unset optional value from type SMPTE2086
11-06 14:28:34.959  9440  9470 E IMGMapper: set:488 set: Unset optional value from type CTA861_3
11-06 14:28:34.976  9440  9470 E IMGMapper: set:488 set: Unset optional value from type SMPTE2086
11-06 14:28:34.976  9440  9470 E IMGMapper: set:488 set: Unset optional value from type CTA861_3
11-06 14:28:34.992  9440  9470 E IMGMapper: set:488 set: Unset optional value from type SMPTE2086
11-06 14:28:34.992  9440  9470 E IMGMapper: set:488 set: Unset optional value from type CTA861_3
11-06 14:28:35.008  9440  9470 E IMGMapper: set:488 set: Unset optional value from type SMPTE2086
11-06 14:28:35.008  9440  9470 E IMGMapper: set:488 set: Unset optional value from type CTA861_3
11-06 14:28:35.021  9440  9470 E IMGMapper: set:488 set: Unset optional value from type SMPTE2086
11-06 14:28:35.022  9440  9470 E IMGMapper: set:488 set: Unset optional value from type CTA861_3
11-06 14:28:35.042  9440  9470 E IMGMapper: set:488 set: Unset optional value from type SMPTE2086
11-06 14:28:35.042  9440  9470 E IMGMapper: set:488 set: Unset optional value from type CTA861_3
11-06 14:28:35.056  9440  9470 E IMGMapper: set:488 set: Unset optional value from type SMPTE2086
11-06 14:28:35.057  9440  9470 E IMGMapper: set:488 set: Unset optional value from type CTA861_3
11-06 14:28:35.074  9440  9470 E IMGMapper: set:488 set: Unset optional value from type SMPTE2086
11-06 14:28:35.074  9440  9470 E IMGMapper: set:488 set: Unset optional value from type CTA861_3
11-06 14:28:35.091  9440  9470 E IMGMapper: set:488 set: Unset optional value from type SMPTE2086
11-06 14:28:35.091  9440  9470 E IMGMapper: set:488 set: Unset optional value from type CTA861_3
11-06 14:28:35.116  9440  9470 E IMGMapper: set:488 set: Unset optional value from type SMPTE2086
11-06 14:28:35.116  9440  9470 E IMGMapper: set:488 set: Unset optional value from type CTA861_3
11-06 14:28:35.125  9440  9470 E IMGMapper: set:488 set: Unset optional value from type SMPTE2086
11-06 14:28:35.125  9440  9470 E IMGMapper: set:488 set: Unset optional value from type CTA861_3
11-06 14:28:35.141  9440  9470 E IMGMapper: set:488 set: Unset optional value from type SMPTE2086
11-06 14:28:35.141  9440  9470 E IMGMapper: set:488 set: Unset optional value from type CTA861_3
11-06 14:28:35.156  9440  9470 E IMGMapper: set:488 set: Unset optional value from type SMPTE2086
11-06 14:28:35.157  9440  9470 E IMGMapper: set:488 set: Unset optional value from type CTA861_3
11-06 14:28:35.174  9440  9470 E IMGMapper: set:488 set: Unset optional value from type SMPTE2086
11-06 14:28:35.174  9440  9470 E IMGMapper: set:488 set: Unset optional value from type CTA861_3
11-06 14:28:35.191  9440  9470 E IMGMapper: set:488 set: Unset optional value from type SMPTE2086
11-06 14:28:35.191  9440  9470 E IMGMapper: set:488 set: Unset optional value from type CTA861_3
11-06 14:28:35.208  9440  9470 E IMGMapper: set:488 set: Unset optional value from type SMPTE2086
11-06 14:28:35.208  9440  9470 E IMGMapper: set:488 set: Unset optional value from type CTA861_3
11-06 14:28:35.221  9440  9470 E IMGMapper: set:488 set: Unset optional value from type SMPTE2086
11-06 14:28:35.221  9440  9470 E IMGMapper: set:488 set: Unset optional value from type CTA861_3
11-06 14:28:35.236  9440  9470 E IMGMapper: set:488 set: Unset optional value from type SMPTE2086
11-06 14:28:35.237  9440  9470 E IMGMapper: set:488 set: Unset optional value from type CTA861_3
11-06 14:28:35.255  9440  9470 E IMGMapper: set:488 set: Unset optional value from type SMPTE2086
11-06 14:28:35.255  9440  9470 E IMGMapper: set:488 set: Unset optional value from type CTA861_3
11-06 14:28:35.270  9440  9470 E IMGMapper: set:488 set: Unset optional value from type SMPTE2086
11-06 14:28:35.271  9440  9470 E IMGMapper: set:488 set: Unset optional value from type CTA861_3
11-06 14:28:35.287  9440  9470 E IMGMapper: set:488 set: Unset optional value from type SMPTE2086
11-06 14:28:35.288  9440  9470 E IMGMapper: set:488 set: Unset optional value from type CTA861_3
11-06 14:28:35.304  1187  2579 E ShortcutService: Invalid icon type in shortcut 120363042701202033@g.us. Bitmaps are not allowed in long-lived shortcuts. Use Resource icons, or Uri-based icons instead.
11-06 14:28:35.305  9440  9470 E IMGMapper: set:488 set: Unset optional value from type SMPTE2086
11-06 14:28:35.305  9440  9470 E IMGMapper: set:488 set: Unset optional value from type CTA861_3
11-06 14:28:35.321  9440  9470 E IMGMapper: set:488 set: Unset optional value from type SMPTE2086
11-06 14:28:35.321  9440  9470 E IMGMapper: set:488 set: Unset optional value from type CTA861_3
11-06 14:28:35.337  9440  9470 E IMGMapper: set:488 set: Unset optional value from type SMPTE2086
11-06 14:28:35.338  9440  9470 E IMGMapper: set:488 set: Unset optional value from type CTA861_3
11-06 14:28:35.364  9440  9470 E IMGMapper: set:488 set: Unset optional value from type SMPTE2086
11-06 14:28:35.364  9440  9470 E IMGMapper: set:488 set: Unset optional value from type CTA861_3
11-06 14:28:35.376  1039  1039 I BufferQueueProducer: [com.cinemamovel/com.cinemamovel.MainActivity$_9440#692367](this:0xb400007a1f708838,id:-1,api:0,p:-1,c:1039) queueBuffer: fps=56.13 dur=1015.43 max=33.44 min=16.28
11-06 14:28:35.378   991 11009 I hwcomposer: [HWCDisplay] [Display_0 (type:1)] fps:56.171440,dur:1014.75,max:34.07,min:15.47  
11-06 14:28:35.390  1187  1334 I SemExecuteManagerService: onShortcutChanged: com.whatsapp0
11-06 14:28:35.404  9440  9470 E IMGMapper: set:488 set: Unset optional value from type SMPTE2086
11-06 14:28:35.404  9440  9470 E IMGMapper: set:488 set: Unset optional value from type CTA861_3
11-06 14:28:35.415  9440  9470 E IMGMapper: set:488 set: Unset optional value from type SMPTE2086
11-06 14:28:35.415  9440  9470 E IMGMapper: set:488 set: Unset optional value from type CTA861_3
11-06 14:28:35.423  9440  9470 E IMGMapper: set:488 set: Unset optional value from type SMPTE2086
11-06 14:28:35.423  9440  9470 E IMGMapper: set:488 set: Unset optional value from type CTA861_3
11-06 14:28:35.425  1187  2579 D InputDispatcher: Inject motion (9627/2000): action=0x0, time=3434973091000000, f=0x0, d=0 dsdx=1.000000 dtdx=0.000000
11-06 14:28:35.426  1187  1534 I InputDispatcher: Delivering touch to (1737): action: 0x4, f=0x0, d=0, 'd92b8ad', t=1 
11-06 14:28:35.426  1187  1534 I InputDispatcher: Delivering touch to (9440): action: 0x0, f=0x0, d=0, 'f7d67ea', t=1 
11-06 14:28:35.427  1187  1534 D PowerManagerService: [api] userActivityFromNative :  (event: 2 flags: 0 displayId: 0) eventTime = 3434973091
11-06 14:28:35.427  9440  9440 I ViewRootImpl@2b9cfc[MainActivity]: ViewPostIme pointer 0
11-06 14:28:35.427  1187  1303 I GestureDetector: obtain mCurrentDownEvent. id: -600233242 caller: com.android.server.wm.SystemGesturesPointerEventListener.onPointerEvent:203 com.android.server.wm.PointerEventDispatcher.onInputEvent:53 android.view.InputEventReceiver.dispatchInputEvent:285 
11-06 14:28:35.428  1187  1303 I GestureDetector: obtain mCurrentDownEvent. id: -600233242 caller: com.android.server.wm.SystemPerformancePointerEventListener.onPointerEvent:89 com.android.server.wm.PointerEventDispatcher.onInputEvent:53 android.view.InputEventReceiver.dispatchInputEvent:285 
11-06 14:28:35.436  1187  1303 I GestureDetector: obtain mCurrentMotionEventRaw. action: 2 id: -864397860
11-06 14:28:35.436  1187  1303 I GestureDetector: obtain mCurrentMotionEventRaw. action: 2 id: -864397860
11-06 14:28:35.441   896   910 I mtkpower_client: perf_lock_rel, hdl:1056692, tid:910
11-06 14:28:35.442   896   910 I mtkpower_client: perf_lock_acq, hdl:0, dur:0, num:2, tid:910
11-06 14:28:35.443  1014  1065 I libPowerHal: [perfLockRel] hdl:1056692, idx:0
11-06 14:28:35.443  1014  1065 I libPowerHal: vendor.samsung.: cpu_ctrl set cpu freq: 1218000 -1 -1 -1
11-06 14:28:35.444   896   910 I mtkpower_client: ret_hdl:1056694
11-06 14:28:35.444   896   910 I mtkpower_client: perf_lock_rel, hdl:1056693, tid:910
11-06 14:28:35.445  1014  1065 I libPowerHal: [perfLockAcq] idx:2 hdl:1056694 hint:-1 pid:896 duration:0 lock_user:vendor.samsung. => ret_hdl:1056694
11-06 14:28:35.445  1014  1065 I libPowerHal: vendor.samsung.: cpu_ctrl set cpu freq: 1218000 -1 1138000 -1
11-06 14:28:35.446   896   910 I mtkpower_client: perf_lock_acq, hdl:0, dur:0, num:2, tid:910
11-06 14:28:35.447  1014  1065 I libPowerHal: [perfLockRel] hdl:1056693, idx:1
11-06 14:28:35.447  1014  1065 I libPowerHal: vendor.samsung.: cpu_ctrl set cpu freq: -1 -1 1138000 -1
11-06 14:28:35.448  9440  9470 E IMGMapper: set:488 set: Unset optional value from type SMPTE2086
11-06 14:28:35.448   896   910 I mtkpower_client: ret_hdl:1056695
11-06 14:28:35.448  9440  9470 E IMGMapper: set:488 set: Unset optional value from type CTA861_3
11-06 14:28:35.448  1014  1065 I libPowerHal: [perfLockAcq] idx:0 hdl:1056695 hint:-1 pid:896 duration:0 lock_user:vendor.samsung. => ret_hdl:1056695
11-06 14:28:35.448   896   910 I HYPER-HAL: [RequestManager.cpp]releaseLocked(): Released ID : 725427
11-06 14:28:35.449  1014  1065 I libPowerHal: vendor.samsung.: cpu_ctrl set cpu freq: 1218000 -1 1138000 -1
11-06 14:28:35.457  9440  9470 E IMGMapper: set:488 set: Unset optional value from type SMPTE2086
11-06 14:28:35.458  9440  9470 E IMGMapper: set:488 set: Unset optional value from type CTA861_3
11-06 14:28:35.472  9440  9470 E IMGMapper: set:488 set: Unset optional value from type SMPTE2086
11-06 14:28:35.472  9440  9470 E IMGMapper: set:488 set: Unset optional value from type CTA861_3
11-06 14:28:35.491  9440  9470 E IMGMapper: set:488 set: Unset optional value from type SMPTE2086
11-06 14:28:35.491  9440  9470 E IMGMapper: set:488 set: Unset optional value from type CTA861_3
11-06 14:28:35.503   543   543 D io_stats: !@ 179,0 r 633959899 7653416922 w 114984747 1219421276 d 1261443 33798276 f 0 0 iot 326811164 0 th 0 0 0 pt 0 inp 0 0 3434973.169
11-06 14:28:35.506  9440  9470 E IMGMapper: set:488 set: Unset optional value from type SMPTE2086
11-06 14:28:35.506  9440  9470 E IMGMapper: set:488 set: Unset optional value from type CTA861_3
11-06 14:28:35.525  9440  9470 E IMGMapper: set:488 set: Unset optional value from type SMPTE2086
11-06 14:28:35.525  9440  9470 E IMGMapper: set:488 set: Unset optional value from type CTA861_3
11-06 14:28:35.544  9440  9470 E IMGMapper: set:488 set: Unset optional value from type SMPTE2086
11-06 14:28:35.545  9440  9470 E IMGMapper: set:488 set: Unset optional value from type CTA861_3
11-06 14:28:35.561  9440  9470 E IMGMapper: set:488 set: Unset optional value from type SMPTE2086
11-06 14:28:35.561  9440  9470 E IMGMapper: set:488 set: Unset optional value from type CTA861_3
11-06 14:28:35.573  9440  9470 E IMGMapper: set:488 set: Unset optional value from type SMPTE2086
11-06 14:28:35.573  9440  9470 E IMGMapper: set:488 set: Unset optional value from type CTA861_3
11-06 14:28:35.581 20222 20222 D BoundBrokerSvc: onUnbind: Intent { act=com.google.android.gms.libs.gmscorelogger.service.START dat=chimera-action:/... cmp=com.google.android.gms/.chimera.PersistentDirectBootAwareApiService }
11-06 14:28:35.600  9440  9470 E IMGMapper: set:488 set: Unset optional value from type SMPTE2086
11-06 14:28:35.601  9440  9470 E IMGMapper: set:488 set: Unset optional value from type CTA861_3
11-06 14:28:35.607  9440  9470 E IMGMapper: set:488 set: Unset optional value from type SMPTE2086
11-06 14:28:35.607  9440  9470 E IMGMapper: set:488 set: Unset optional value from type CTA861_3
11-06 14:28:35.620  9440  9470 E IMGMapper: set:488 set: Unset optional value from type SMPTE2086
11-06 14:28:35.620  9440  9470 E IMGMapper: set:488 set: Unset optional value from type CTA861_3
11-06 14:28:35.637  9440  9470 E IMGMapper: set:488 set: Unset optional value from type SMPTE2086
11-06 14:28:35.637  9440  9470 E IMGMapper: set:488 set: Unset optional value from type CTA861_3
11-06 14:28:35.654  9440  9470 E IMGMapper: set:488 set: Unset optional value from type SMPTE2086
11-06 14:28:35.654  9440  9470 E IMGMapper: set:488 set: Unset optional value from type CTA861_3
11-06 14:28:35.671  9440  9470 E IMGMapper: set:488 set: Unset optional value from type SMPTE2086
11-06 14:28:35.671  9440  9470 E IMGMapper: set:488 set: Unset optional value from type CTA861_3
11-06 14:28:35.690  9440  9470 E IMGMapper: set:488 set: Unset optional value from type SMPTE2086
11-06 14:28:35.690  9440  9470 E IMGMapper: set:488 set: Unset optional value from type CTA861_3
11-06 14:28:35.708  9440  9470 E IMGMapper: set:488 set: Unset optional value from type SMPTE2086
11-06 14:28:35.708  9440  9470 E IMGMapper: set:488 set: Unset optional value from type CTA861_3
11-06 14:28:35.726  9440  9470 E IMGMapper: set:488 set: Unset optional value from type SMPTE2086
11-06 14:28:35.726  9440  9470 E IMGMapper: set:488 set: Unset optional value from type CTA861_3
11-06 14:28:35.731  1187  2579 D InputDispatcher: Inject motion (9627/2000): action=0x1, time=3434973397000000, f=0x0, d=0 dsdx=1.000000 dtdx=0.000000
11-06 14:28:35.732  1187  1534 I InputDispatcher: Delivering touch to (9440): action: 0x1, f=0x0, d=0, 'f7d67ea', t=1 
11-06 14:28:35.733  1187  1187 I SemDvfsHyPerManager: acquire hyper - SMOOTH_SCROLL/1187@17, type = -999
11-06 14:28:35.734   896   910 I HYPER-HAL: [RequestManager.cpp]acquire(): Acquired ID : 725427  [1187 / 17]    HINT : SMOOTH_SCROLL    list : 
11-06 14:28:35.734  1187  1187 D SGM:GameManager: identifyGamePackage. com.cinemamovel, mCurrentUserId: 0, callerUserId: 0, callingMethodInfo: com.android.server.ssrm.fgapps.GameAppUtils.isGame(GameAppUtils.java:84)
11-06 14:28:35.734  1187  1187 D SGM:PkgDataHelper: getGamePkgData(). com.cinemamovel
11-06 14:28:35.734  1187  1187 I SemDvfsHyPerManager: acquire hyper - GESTURE_DETECTED/1187@18, type = -999
11-06 14:28:35.734   896   910 I mtkpower_client: perf_lock_rel, hdl:1056694, tid:910
11-06 14:28:35.735   896   910 I mtkpower_client: perf_lock_acq, hdl:0, dur:0, num:2, tid:910
11-06 14:28:35.735  1014  1065 I libPowerHal: [perfLockRel] hdl:1056694, idx:2
11-06 14:28:35.735  1014  1065 I libPowerHal: vendor.samsung.: cpu_ctrl set cpu freq: 1218000 -1 -1 -1
11-06 14:28:35.736   896   910 I mtkpower_client: ret_hdl:1056696
11-06 14:28:35.736   896   910 I mtkpower_client: perf_lock_rel, hdl:1056695, tid:910
11-06 14:28:35.736  1014  1065 I libPowerHal: [perfLockAcq] idx:1 hdl:1056696 hint:-1 pid:896 duration:0 lock_user:vendor.samsung. => ret_hdl:1056696
11-06 14:28:35.737  1014  1065 I libPowerHal: vendor.samsung.: cpu_ctrl set cpu freq: 1218000 -1 1138000 -1
11-06 14:28:35.737   896   910 I mtkpower_client: perf_lock_acq, hdl:0, dur:0, num:2, tid:910
11-06 14:28:35.737  1187  1187 D SGM:GameManager: identifyGamePackage. com.cinemamovel, mCurrentUserId: 0, callerUserId: 0, callingMethodInfo: com.android.server.ssrm.fgapps.GameAppUtils.isGame(GameAppUtils.java:84)
11-06 14:28:35.738  1187  1187 D SGM:PkgDataHelper: getGamePkgData(). com.cinemamovel
11-06 14:28:35.738   896   910 I mtkpower_client: ret_hdl:1056697
11-06 14:28:35.738  1187  1187 I SemDvfsHyPerManager: acquire hyper - GESTURE_DETECTED/1187@18, type = -999
11-06 14:28:35.738   896   910 I mtkpower_client: perf_lock_rel, hdl:1056696, tid:910
11-06 14:28:35.738   896   910 I mtkpower_client: perf_lock_acq, hdl:0, dur:0, num:2, tid:910
11-06 14:28:35.738  9440  9440 I ViewRootImpl@2b9cfc[MainActivity]: ViewPostIme pointer 1
11-06 14:28:35.738  1014  1065 I libPowerHal: [perfLockRel] hdl:1056695, idx:0
11-06 14:28:35.739  1014  1065 I libPowerHal: vendor.samsung.: cpu_ctrl set cpu freq: -1 -1 1138000 -1
11-06 14:28:35.740  1014  1065 I libPowerHal: [perfLockAcq] idx:2 hdl:1056697 hint:-1 pid:896 duration:0 lock_user:vendor.samsung. => ret_hdl:1056697
11-06 14:28:35.740  1014  1065 I libPowerHal: vendor.samsung.: cpu_ctrl set cpu freq: 1218000 -1 1138000 -1
11-06 14:28:35.740  1014  1065 I libPowerHal: [perfLockRel] hdl:1056696, idx:1
11-06 14:28:35.741  1014  1065 I libPowerHal: vendor.samsung.: cpu_ctrl set cpu freq: 1218000 -1 -1 -1
11-06 14:28:35.742   896   910 I mtkpower_client: ret_hdl:1056698
11-06 14:28:35.742   896   910 I mtkpower_client: perf_lock_rel, hdl:1056697, tid:910
11-06 14:28:35.742  1014  1065 I libPowerHal: [perfLockAcq] idx:3 hdl:1056698 hint:-1 pid:896 duration:0 lock_user:vendor.samsung. => ret_hdl:1056698
11-06 14:28:35.742  1014  1065 I libPowerHal: vendor.samsung.: cpu_ctrl set cpu freq: 1218000 -1 1138000 -1
11-06 14:28:35.744   896   910 I mtkpower_client: perf_lock_acq, hdl:0, dur:0, num:2, tid:910
11-06 14:28:35.745  1014  1065 I libPowerHal: [perfLockRel] hdl:1056697, idx:2
11-06 14:28:35.746  1014  1065 I libPowerHal: vendor.samsung.: cpu_ctrl set cpu freq: -1 -1 1138000 -1
11-06 14:28:35.746  9440  9470 E IMGMapper: set:488 set: Unset optional value from type SMPTE2086
11-06 14:28:35.746  9440  9470 E IMGMapper: set:488 set: Unset optional value from type CTA861_3
11-06 14:28:35.747   896   910 I mtkpower_client: ret_hdl:1056699
11-06 14:28:35.747  1014  1065 I libPowerHal: [perfLockAcq] idx:0 hdl:1056699 hint:-1 pid:896 duration:0 lock_user:vendor.samsung. => ret_hdl:1056699
11-06 14:28:35.747   896   910 I HYPER-HAL: [RequestManager.cpp]releaseLocked(): Released ID : 725427
11-06 14:28:35.747   896   910 I HYPER-HAL: [RequestManager.cpp]acquire(): Acquired ID : 726633  [1187 / 18]    HINT : GESTURE_DETECTED    list : [TIMEOUT / 1702] 
11-06 14:28:35.747   896   910 I HYPER-HAL: [RequestManager.cpp]acquire(): Acquired ID : 726633  [1187 / 18]    HINT : GESTURE_DETECTED    list : [TIMEOUT / 1702] 
11-06 14:28:35.747  1014  1065 I libPowerHal: vendor.samsung.: cpu_ctrl set cpu freq: 1218000 -1 1138000 -1
11-06 14:28:35.750  1187  1187 I SemDvfsHyPerManager: acquire hyper - SMOOTH_SCROLL/1187@17, type = -999
11-06 14:28:35.751   896   910 I HYPER-HAL: [RequestManager.cpp]acquire(): Acquired ID : 725427  [1187 / 17]    HINT : SMOOTH_SCROLL    list : 
11-06 14:28:35.751   896   910 I mtkpower_client: perf_lock_rel, hdl:1056698, tid:910
11-06 14:28:35.752   896   910 I mtkpower_client: perf_lock_acq, hdl:0, dur:0, num:2, tid:910
11-06 14:28:35.752  1014  1065 I libPowerHal: [perfLockRel] hdl:1056698, idx:3
11-06 14:28:35.752  1014  1065 I libPowerHal: vendor.samsung.: cpu_ctrl set cpu freq: 1218000 -1 -1 -1
11-06 14:28:35.753   896   910 I mtkpower_client: ret_hdl:1056700
11-06 14:28:35.753   896   910 I mtkpower_client: perf_lock_rel, hdl:1056699, tid:910
11-06 14:28:35.753  1014  1065 I libPowerHal: [perfLockAcq] idx:1 hdl:1056700 hint:-1 pid:896 duration:0 lock_user:vendor.samsung. => ret_hdl:1056700
11-06 14:28:35.753  1014  1065 I libPowerHal: vendor.samsung.: cpu_ctrl set cpu freq: 1218000 -1 1138000 -1
11-06 14:28:35.754   896   910 I mtkpower_client: perf_lock_acq, hdl:0, dur:0, num:2, tid:910
11-06 14:28:35.754  1014  1065 I libPowerHal: [perfLockRel] hdl:1056699, idx:0
11-06 14:28:35.754  1014  1065 I libPowerHal: vendor.samsung.: cpu_ctrl set cpu freq: -1 -1 1138000 -1
11-06 14:28:35.759  9440  9470 E IMGMapper: set:488 set: Unset optional value from type SMPTE2086
11-06 14:28:35.759  9440  9470 E IMGMapper: set:488 set: Unset optional value from type CTA861_3
11-06 14:28:35.760   896   910 I mtkpower_client: ret_hdl:1056701
11-06 14:28:35.761  1014  1065 I libPowerHal: [perfLockAcq] idx:0 hdl:1056701 hint:-1 pid:896 duration:0 lock_user:vendor.samsung. => ret_hdl:1056701
11-06 14:28:35.761  1014  1065 I libPowerHal: vendor.samsung.: cpu_ctrl set cpu freq: 1218000 -1 1138000 -1
11-06 14:28:35.772  9440  9470 E IMGMapper: set:488 set: Unset optional value from type SMPTE2086
11-06 14:28:35.772  9440  9470 E IMGMapper: set:488 set: Unset optional value from type CTA861_3
11-06 14:28:35.792  9440  9470 E IMGMapper: set:488 set: Unset optional value from type SMPTE2086
11-06 14:28:35.792  9440  9470 E IMGMapper: set:488 set: Unset optional value from type CTA861_3
11-06 14:28:35.804  9440  9470 E IMGMapper: set:488 set: Unset optional value from type SMPTE2086
11-06 14:28:35.805  9440  9470 E IMGMapper: set:488 set: Unset optional value from type CTA861_3
11-06 14:28:35.820  9440  9470 E IMGMapper: set:488 set: Unset optional value from type SMPTE2086
11-06 14:28:35.820  9440  9470 E IMGMapper: set:488 set: Unset optional value from type CTA861_3
11-06 14:28:35.838  9440  9470 E IMGMapper: set:488 set: Unset optional value from type SMPTE2086
11-06 14:28:35.838  9440  9470 E IMGMapper: set:488 set: Unset optional value from type CTA861_3
11-06 14:28:35.856  1737  1942 D MobileStatusTracker(0/2): onSignalStrengthsChanged level=4, vendorLevel=3
11-06 14:28:35.860  1737  1942 D MobileSignalController(0/2): notifyListener: enabled=true, connected=true, dataConnected=true, networkType=LTE (4G), emergencyOnly=false, roaming=false, isDefault=false, dataActivity=, level=3, ca=false, mmWave=false, disabledDataIcon=false, simCard=ETC
11-06 14:28:35.860  1737  1942 D NetworkController: SignalStrength from intent slotId=0
11-06 14:28:35.866  9440  9470 E IMGMapper: set:488 set: Unset optional value from type SMPTE2086
11-06 14:28:35.866  9440  9470 E IMGMapper: set:488 set: Unset optional value from type CTA861_3
11-06 14:28:35.877  9440  9470 E IMGMapper: set:488 set: Unset optional value from type SMPTE2086
11-06 14:28:35.877  9440  9470 E IMGMapper: set:488 set: Unset optional value from type CTA861_3
11-06 14:28:35.914  9440  9470 E IMGMapper: set:488 set: Unset optional value from type SMPTE2086
11-06 14:28:35.914  9440  9470 E IMGMapper: set:488 set: Unset optional value from type CTA861_3
11-06 14:28:35.923  9440  9470 E IMGMapper: set:488 set: Unset optional value from type SMPTE2086
11-06 14:28:35.924  9440  9470 E IMGMapper: set:488 set: Unset optional value from type CTA861_3
11-06 14:28:35.941  9440  9470 E IMGMapper: set:488 set: Unset optional value from type SMPTE2086
11-06 14:28:35.941  9440  9470 E IMGMapper: set:488 set: Unset optional value from type CTA861_3
11-06 14:28:35.955  9440  9470 E IMGMapper: set:488 set: Unset optional value from type SMPTE2086
11-06 14:28:35.955  9440  9470 E IMGMapper: set:488 set: Unset optional value from type CTA861_3
11-06 14:28:35.960 20121 20121 D BoundBrokerSvc: onUnbind: Intent { act=com.google.android.gms.safetynet.service.START pkg=com.google.android.gms }
11-06 14:28:35.971  9440  9470 E IMGMapper: set:488 set: Unset optional value from type SMPTE2086
11-06 14:28:35.971  9440  9470 E IMGMapper: set:488 set: Unset optional value from type CTA861_3
11-06 14:28:35.982 20121 20121 D BoundBrokerSvc: onUnbind: Intent { act=com.google.android.gms.safebrowsing.SafeBrowsingService.START dat=chimera-action:/... cmp=com.google.android.gms/.chimera.GmsBoundBrokerService }
11-06 14:28:35.993  9440  9470 E IMGMapper: set:488 set: Unset optional value from type SMPTE2086
11-06 14:28:35.993  9440  9470 E IMGMapper: set:488 set: Unset optional value from type CTA861_3
11-06 14:28:36.005  9440  9470 E IMGMapper: set:488 set: Unset optional value from type SMPTE2086
11-06 14:28:36.005  9440  9470 E IMGMapper: set:488 set: Unset optional value from type CTA861_3
11-06 14:28:36.019  9440  9470 E IMGMapper: set:488 set: Unset optional value from type SMPTE2086
11-06 14:28:36.019  9440  9470 E IMGMapper: set:488 set: Unset optional value from type CTA861_3
11-06 14:28:36.036  9440  9470 E IMGMapper: set:488 set: Unset optional value from type SMPTE2086
11-06 14:28:36.036  9440  9470 E IMGMapper: set:488 set: Unset optional value from type CTA861_3
11-06 14:28:36.053  9440  9470 E IMGMapper: set:488 set: Unset optional value from type SMPTE2086
11-06 14:28:36.053  9440  9470 E IMGMapper: set:488 set: Unset optional value from type CTA861_3
11-06 14:28:36.059  1187  3222 D CompatibilityChangeReporter: Compat change id reported: 161145287; UID 10252; state: DISABLED
11-06 14:28:36.066  8778  9632 E FilePhenotypeFlags: Config package com.google.android.gms.clearcut_client#com.bradesco cannot use FILE backing without declarative registration. See go/phenotype-android-integration#phenotype for more information. This will lead to stale flags.
11-06 14:28:36.070  9440  9470 E IMGMapper: set:488 set: Unset optional value from type SMPTE2086
11-06 14:28:36.070  9440  9470 E IMGMapper: set:488 set: Unset optional value from type CTA861_3
11-06 14:28:36.094  9440  9470 E IMGMapper: set:488 set: Unset optional value from type SMPTE2086
11-06 14:28:36.094  9440  9470 E IMGMapper: set:488 set: Unset optional value from type CTA861_3
11-06 14:28:36.109  9440  9470 E IMGMapper: set:488 set: Unset optional value from type SMPTE2086
11-06 14:28:36.109  9440  9470 E IMGMapper: set:488 set: Unset optional value from type CTA861_3
11-06 14:28:36.148  9440  9470 E IMGMapper: set:488 set: Unset optional value from type SMPTE2086
11-06 14:28:36.148  9440  9470 E IMGMapper: set:488 set: Unset optional value from type CTA861_3
11-06 14:28:36.156  9440  9470 E IMGMapper: set:488 set: Unset optional value from type SMPTE2086
11-06 14:28:36.156  9440  9470 E IMGMapper: set:488 set: Unset optional value from type CTA861_3
11-06 14:28:36.173  9440  9470 E IMGMapper: set:488 set: Unset optional value from type SMPTE2086
11-06 14:28:36.173  9440  9470 E IMGMapper: set:488 set: Unset optional value from type CTA861_3
11-06 14:28:36.190  9440  9470 E IMGMapper: set:488 set: Unset optional value from type SMPTE2086
11-06 14:28:36.190  9440  9470 E IMGMapper: set:488 set: Unset optional value from type CTA861_3
11-06 14:28:36.205  9440  9470 E IMGMapper: set:488 set: Unset optional value from type SMPTE2086
11-06 14:28:36.205  9440  9470 E IMGMapper: set:488 set: Unset optional value from type CTA861_3
11-06 14:28:36.221  9440  9470 E IMGMapper: set:488 set: Unset optional value from type SMPTE2086
11-06 14:28:36.221  9440  9470 E IMGMapper: set:488 set: Unset optional value from type CTA861_3
11-06 14:28:36.238  9440  9470 E IMGMapper: set:488 set: Unset optional value from type SMPTE2086
11-06 14:28:36.239  9440  9470 E IMGMapper: set:488 set: Unset optional value from type CTA861_3
11-06 14:28:36.256  9440  9470 E IMGMapper: set:488 set: Unset optional value from type SMPTE2086
11-06 14:28:36.256  9440  9470 E IMGMapper: set:488 set: Unset optional value from type CTA861_3
11-06 14:28:36.270  9440  9470 E IMGMapper: set:488 set: Unset optional value from type SMPTE2086
11-06 14:28:36.270  9440  9470 E IMGMapper: set:488 set: Unset optional value from type CTA861_3
11-06 14:28:36.288  9440  9470 E IMGMapper: set:488 set: Unset optional value from type SMPTE2086
11-06 14:28:36.288  9440  9470 E IMGMapper: set:488 set: Unset optional value from type CTA861_3
11-06 14:28:36.302  9440  9470 E IMGMapper: set:488 set: Unset optional value from type SMPTE2086
11-06 14:28:36.303  9440  9470 E IMGMapper: set:488 set: Unset optional value from type CTA861_3
11-06 14:28:36.319  9440  9470 E IMGMapper: set:488 set: Unset optional value from type SMPTE2086
11-06 14:28:36.319  9440  9470 E IMGMapper: set:488 set: Unset optional value from type CTA861_3
11-06 14:28:36.322  1737  1942 D MobileStatusTracker(1/1): onSignalStrengthsChanged level=4, vendorLevel=4
11-06 14:28:36.325  1737  1942 D MobileSignalController(1/1): notifyListener: enabled=true, connected=true, dataConnected=false, networkType=UMTS (3G), emergencyOnly=true, roaming=false, isDefault=false, dataActivity=, level=4, ca=false, mmWave=false, disabledDataIcon=false, simCard=ETC
11-06 14:28:36.326  1737  1942 D NetworkController: SignalStrength from intent slotId=1
11-06 14:28:36.345  9440  9470 E IMGMapper: set:488 set: Unset optional value from type SMPTE2086
11-06 14:28:36.345  9440  9470 E IMGMapper: set:488 set: Unset optional value from type CTA861_3
11-06 14:28:36.361  9440  9470 E IMGMapper: set:488 set: Unset optional value from type SMPTE2086
11-06 14:28:36.361  9440  9470 E IMGMapper: set:488 set: Unset optional value from type CTA861_3
11-06 14:28:36.376  9440  9470 E IMGMapper: set:488 set: Unset optional value from type SMPTE2086
11-06 14:28:36.376  9440  9470 E IMGMapper: set:488 set: Unset optional value from type CTA861_3
11-06 14:28:36.391  1039  1039 I BufferQueueProducer: [com.cinemamovel/com.cinemamovel.MainActivity$_9440#692367](this:0xb400007a1f708838,id:-1,api:0,p:-1,c:1039) queueBuffer: fps=57.14 dur=1015.02 max=33.41 min=16.28
11-06 14:28:36.392   991 11009 I hwcomposer: [HWCDisplay] [Display_0 (type:1)] fps:57.157024,dur:1014.75,max:34.03,min:15.96  
11-06 14:28:36.411  9440  9470 E IMGMapper: set:488 set: Unset optional value from type SMPTE2086
11-06 14:28:36.411  9440  9470 E IMGMapper: set:488 set: Unset optional value from type CTA861_3
11-06 14:28:36.423  9440  9470 E IMGMapper: set:488 set: Unset optional value from type SMPTE2086
11-06 14:28:36.423  9440  9470 E IMGMapper: set:488 set: Unset optional value from type CTA861_3
11-06 14:28:36.439  9440  9470 E IMGMapper: set:488 set: Unset optional value from type SMPTE2086
11-06 14:28:36.439  9440  9470 E IMGMapper: set:488 set: Unset optional value from type CTA861_3
11-06 14:28:36.453  9440  9470 E IMGMapper: set:488 set: Unset optional value from type SMPTE2086
11-06 14:28:36.453  9440  9470 E IMGMapper: set:488 set: Unset optional value from type CTA861_3
11-06 14:28:36.469  9440  9470 E IMGMapper: set:488 set: Unset optional value from type SMPTE2086
11-06 14:28:36.469  9440  9470 E IMGMapper: set:488 set: Unset optional value from type CTA861_3
11-06 14:28:36.471  1693  1693 I WifiHAL : Get link layer stats
11-06 14:28:36.471  1693  1693 I WifiHAL : GetLinkStatsCommand::create
11-06 14:28:36.471  1693  1693 D android.hardware.wifi@1.0-service-lazy: WifiRequest::create vendor command to iface 38, vendor_id=0x1a11, subcmd=0x1200, res=0
11-06 14:28:36.471  1693  1693 I android.hardware.wifi@1.0-service-lazy: WifiCommand::requestResponse err=-95
11-06 14:28:36.471  1693  1693 I WifiHAL : wifi_get_link_stats: result=-3
11-06 14:28:36.472  1187  1566 E WifiVendorHal: getWifiLinkLayerStats_1_5_Internal(l.1179) failed {.code = ERROR_NOT_SUPPORTED, .description = }
11-06 14:28:36.476  1187 22074 D SemWifiUsabilityStatsMonitor: onWifiUsabilityStats - seqNum 112082, isSameBssidAndFreq true
11-06 14:28:36.477  1187  1645 I SemWifiLinkQualityMonitor: Link Qos query: inf. ms / 0 Mbps
11-06 14:28:36.486  9440  9470 E IMGMapper: set:488 set: Unset optional value from type SMPTE2086
11-06 14:28:36.486  9440  9470 E IMGMapper: set:488 set: Unset optional value from type CTA861_3
11-06 14:28:36.503  9440  9470 E IMGMapper: set:488 set: Unset optional value from type SMPTE2086
11-06 14:28:36.504  9440  9470 E IMGMapper: set:488 set: Unset optional value from type CTA861_3
11-06 14:28:36.520  9440  9470 E IMGMapper: set:488 set: Unset optional value from type SMPTE2086
11-06 14:28:36.520  9440  9470 E IMGMapper: set:488 set: Unset optional value from type CTA861_3
11-06 14:28:36.536  9440  9470 E IMGMapper: set:488 set: Unset optional value from type SMPTE2086
11-06 14:28:36.536  9440  9470 E IMGMapper: set:488 set: Unset optional value from type CTA861_3
11-06 14:28:36.558  9440  9470 E IMGMapper: set:488 set: Unset optional value from type SMPTE2086
11-06 14:28:36.559  9440  9470 E IMGMapper: set:488 set: Unset optional value from type CTA861_3
11-06 14:28:36.572  9440  9470 E IMGMapper: set:488 set: Unset optional value from type SMPTE2086
11-06 14:28:36.572  9440  9470 E IMGMapper: set:488 set: Unset optional value from type CTA861_3
11-06 14:28:36.586  9440  9470 E IMGMapper: set:488 set: Unset optional value from type SMPTE2086
11-06 14:28:36.586  9440  9470 E IMGMapper: set:488 set: Unset optional value from type CTA861_3
11-06 14:28:36.602  9440  9470 E IMGMapper: set:488 set: Unset optional value from type SMPTE2086
11-06 14:28:36.602  9440  9470 E IMGMapper: set:488 set: Unset optional value from type CTA861_3
11-06 14:28:36.618  9440  9470 E IMGMapper: set:488 set: Unset optional value from type SMPTE2086
11-06 14:28:36.618  9440  9470 E IMGMapper: set:488 set: Unset optional value from type CTA861_3
11-06 14:28:36.636  9440  9470 E IMGMapper: set:488 set: Unset optional value from type SMPTE2086
11-06 14:28:36.636  9440  9470 E IMGMapper: set:488 set: Unset optional value from type CTA861_3
11-06 14:28:36.653  9440  9470 E IMGMapper: set:488 set: Unset optional value from type SMPTE2086
11-06 14:28:36.653  9440  9470 E IMGMapper: set:488 set: Unset optional value from type CTA861_3
11-06 14:28:36.670  9440  9470 E IMGMapper: set:488 set: Unset optional value from type SMPTE2086
11-06 14:28:36.670  9440  9470 E IMGMapper: set:488 set: Unset optional value from type CTA861_3
11-06 14:28:36.686  9440  9470 E IMGMapper: set:488 set: Unset optional value from type SMPTE2086
11-06 14:28:36.686  9440  9470 E IMGMapper: set:488 set: Unset optional value from type CTA861_3
11-06 14:28:36.711  9440  9470 E IMGMapper: set:488 set: Unset optional value from type SMPTE2086
11-06 14:28:36.712  9440  9470 E IMGMapper: set:488 set: Unset optional value from type CTA861_3
11-06 14:28:36.752  9440  9470 E IMGMapper: set:488 set: Unset optional value from type SMPTE2086
11-06 14:28:36.752  9440  9470 E IMGMapper: set:488 set: Unset optional value from type CTA861_3
11-06 14:28:36.772  9440  9470 E IMGMapper: set:488 set: Unset optional value from type SMPTE2086
11-06 14:28:36.772  9440  9470 E IMGMapper: set:488 set: Unset optional value from type CTA861_3
11-06 14:28:36.787  9440  9470 E IMGMapper: set:488 set: Unset optional value from type SMPTE2086
11-06 14:28:36.787  9440  9470 E IMGMapper: set:488 set: Unset optional value from type CTA861_3
11-06 14:28:36.808  9440  9470 E IMGMapper: set:488 set: Unset optional value from type SMPTE2086
11-06 14:28:36.808  9440  9470 E IMGMapper: set:488 set: Unset optional value from type CTA861_3
11-06 14:28:36.822  9440  9470 E IMGMapper: set:488 set: Unset optional value from type SMPTE2086
11-06 14:28:36.822  9440  9470 E IMGMapper: set:488 set: Unset optional value from type CTA861_3
11-06 14:28:36.838  9440  9470 E IMGMapper: set:488 set: Unset optional value from type SMPTE2086
11-06 14:28:36.838  9440  9470 E IMGMapper: set:488 set: Unset optional value from type CTA861_3
11-06 14:28:36.854  9440  9470 E IMGMapper: set:488 set: Unset optional value from type SMPTE2086
11-06 14:28:36.854  9440  9470 E IMGMapper: set:488 set: Unset optional value from type CTA861_3
11-06 14:28:36.870  9440  9470 E IMGMapper: set:488 set: Unset optional value from type SMPTE2086
11-06 14:28:36.871  9440  9470 E IMGMapper: set:488 set: Unset optional value from type CTA861_3
11-06 14:28:36.889  9440  9470 E IMGMapper: set:488 set: Unset optional value from type SMPTE2086
11-06 14:28:36.889  9440  9470 E IMGMapper: set:488 set: Unset optional value from type CTA861_3
11-06 14:28:36.906  9440  9470 E IMGMapper: set:488 set: Unset optional value from type SMPTE2086
11-06 14:28:36.906  9440  9470 E IMGMapper: set:488 set: Unset optional value from type CTA861_3
11-06 14:28:36.922  9440  9470 E IMGMapper: set:488 set: Unset optional value from type SMPTE2086
11-06 14:28:36.922  9440  9470 E IMGMapper: set:488 set: Unset optional value from type CTA861_3
11-06 14:28:36.939  9440  9470 E IMGMapper: set:488 set: Unset optional value from type SMPTE2086
11-06 14:28:36.939  9440  9470 E IMGMapper: set:488 set: Unset optional value from type CTA861_3
11-06 14:28:36.955  9440  9470 E IMGMapper: set:488 set: Unset optional value from type SMPTE2086
11-06 14:28:36.955  9440  9470 E IMGMapper: set:488 set: Unset optional value from type CTA861_3
11-06 14:28:36.971  9440  9470 E IMGMapper: set:488 set: Unset optional value from type SMPTE2086
11-06 14:28:36.972  9440  9470 E IMGMapper: set:488 set: Unset optional value from type CTA861_3
11-06 14:28:36.988  9440  9470 E IMGMapper: set:488 set: Unset optional value from type SMPTE2086
11-06 14:28:36.988  9440  9470 E IMGMapper: set:488 set: Unset optional value from type CTA861_3
11-06 14:28:37.006  9440  9470 E IMGMapper: set:488 set: Unset optional value from type SMPTE2086
11-06 14:28:37.006  9440  9470 E IMGMapper: set:488 set: Unset optional value from type CTA861_3
11-06 14:28:37.015  1187  3222 D InputDispatcher: Inject motion (9635/2000): action=0x0, time=3434974681000000, f=0x0, d=0 dsdx=1.000000 dtdx=0.000000
11-06 14:28:37.015  1187  1534 I InputDispatcher: Delivering touch to (1737): action: 0x4, f=0x0, d=0, 'd92b8ad', t=1 
11-06 14:28:37.015  1187  1534 I InputDispatcher: Delivering touch to (9440): action: 0x0, f=0x0, d=0, 'f7d67ea', t=1 
11-06 14:28:37.015  1187  1534 D PowerManagerService: [api] userActivityFromNative :  (event: 2 flags: 0 displayId: 0) eventTime = 3434974681
11-06 14:28:37.016  1187  1303 I GestureDetector: obtain mCurrentDownEvent. id: -618138331 caller: com.android.server.wm.SystemGesturesPointerEventListener.onPointerEvent:203 com.android.server.wm.PointerEventDispatcher.onInputEvent:53 android.view.InputEventReceiver.dispatchInputEvent:285 
11-06 14:28:37.016  1187  1303 I GestureDetector: obtain mCurrentDownEvent. id: -618138331 caller: com.android.server.wm.SystemPerformancePointerEventListener.onPointerEvent:89 com.android.server.wm.PointerEventDispatcher.onInputEvent:53 android.view.InputEventReceiver.dispatchInputEvent:285 
11-06 14:28:37.021  9440  9440 I ViewRootImpl@2b9cfc[MainActivity]: ViewPostIme pointer 0
11-06 14:28:37.027  9440  9470 E IMGMapper: set:488 set: Unset optional value from type SMPTE2086
11-06 14:28:37.027  9440  9470 E IMGMapper: set:488 set: Unset optional value from type CTA861_3
11-06 14:28:37.034  1187  1303 I GestureDetector: obtain mCurrentMotionEventRaw. action: 2 id: -90936747
11-06 14:28:37.034  1187  1303 I GestureDetector: obtain mCurrentMotionEventRaw. action: 2 id: -90936747
11-06 14:28:37.040   896   910 I mtkpower_client: perf_lock_rel, hdl:1056700, tid:910
11-06 14:28:37.041  1014  1065 I libPowerHal: [perfLockRel] hdl:1056700, idx:1
11-06 14:28:37.041   896   910 I mtkpower_client: perf_lock_acq, hdl:0, dur:0, num:2, tid:910
11-06 14:28:37.042  1014  1065 I libPowerHal: vendor.samsung.: cpu_ctrl set cpu freq: 1218000 -1 -1 -1
11-06 14:28:37.043  1014  1065 I libPowerHal: [perfLockAcq] idx:1 hdl:1056702 hint:-1 pid:896 duration:0 lock_user:vendor.samsung. => ret_hdl:1056702
11-06 14:28:37.043  1014  1065 I libPowerHal: vendor.samsung.: cpu_ctrl set cpu freq: 1218000 -1 1138000 -1
11-06 14:28:37.044   896   910 I mtkpower_client: ret_hdl:1056702
11-06 14:28:37.044   896   910 I mtkpower_client: perf_lock_rel, hdl:1056701, tid:910
11-06 14:28:37.044   896   910 I mtkpower_client: perf_lock_acq, hdl:0, dur:0, num:2, tid:910
11-06 14:28:37.045  1014  1065 I libPowerHal: [perfLockRel] hdl:1056701, idx:0
11-06 14:28:37.046  1014  1065 I libPowerHal: vendor.samsung.: cpu_ctrl set cpu freq: -1 -1 1138000 -1
11-06 14:28:37.047   896   910 I mtkpower_client: ret_hdl:1056703
11-06 14:28:37.047   896   910 I HYPER-HAL: [RequestManager.cpp]releaseLocked(): Released ID : 725427
11-06 14:28:37.047  1014  1065 I libPowerHal: [perfLockAcq] idx:2 hdl:1056703 hint:-1 pid:896 duration:0 lock_user:vendor.samsung. => ret_hdl:1056703
11-06 14:28:37.048  1014  1065 I libPowerHal: vendor.samsung.: cpu_ctrl set cpu freq: 1218000 -1 1138000 -1
11-06 14:28:37.049  9440  9470 E IMGMapper: set:488 set: Unset optional value from type SMPTE2086
11-06 14:28:37.049  9440  9470 E IMGMapper: set:488 set: Unset optional value from type CTA861_3
11-06 14:28:37.057  9440  9470 E IMGMapper: set:488 set: Unset optional value from type SMPTE2086
11-06 14:28:37.057  9440  9470 E IMGMapper: set:488 set: Unset optional value from type CTA861_3
11-06 14:28:37.073  9440  9470 E IMGMapper: set:488 set: Unset optional value from type SMPTE2086
11-06 14:28:37.073  9440  9470 E IMGMapper: set:488 set: Unset optional value from type CTA861_3
11-06 14:28:37.088  9440  9470 E IMGMapper: set:488 set: Unset optional value from type SMPTE2086
11-06 14:28:37.089  9440  9470 E IMGMapper: set:488 set: Unset optional value from type CTA861_3
11-06 14:28:37.105  9440  9470 E IMGMapper: set:488 set: Unset optional value from type SMPTE2086
11-06 14:28:37.105  9440  9470 E IMGMapper: set:488 set: Unset optional value from type CTA861_3
11-06 14:28:37.120  9440  9470 E IMGMapper: set:488 set: Unset optional value from type SMPTE2086
11-06 14:28:37.120  9440  9470 E IMGMapper: set:488 set: Unset optional value from type CTA861_3
11-06 14:28:37.136  1737  1942 D MobileStatusTracker(0/2): onSignalStrengthsChanged level=4, vendorLevel=3
11-06 14:28:37.138  1737  1942 D MobileSignalController(0/2): notifyListener: enabled=true, connected=true, dataConnected=true, networkType=LTE (4G), emergencyOnly=false, roaming=false, isDefault=false, dataActivity=, level=3, ca=false, mmWave=false, disabledDataIcon=false, simCard=ETC
11-06 14:28:37.138  1737  1942 D NetworkController: SignalStrength from intent slotId=0
11-06 14:28:37.151  9440  9470 E IMGMapper: set:488 set: Unset optional value from type SMPTE2086
11-06 14:28:37.151  9440  9470 E IMGMapper: set:488 set: Unset optional value from type CTA861_3
11-06 14:28:37.164  9440  9470 E IMGMapper: set:488 set: Unset optional value from type SMPTE2086
11-06 14:28:37.164  9440  9470 E IMGMapper: set:488 set: Unset optional value from type CTA861_3
11-06 14:28:37.184  9440  9470 E IMGMapper: set:488 set: Unset optional value from type SMPTE2086
11-06 14:28:37.184  9440  9470 E IMGMapper: set:488 set: Unset optional value from type CTA861_3
11-06 14:28:37.202  9440  9470 E IMGMapper: set:488 set: Unset optional value from type SMPTE2086
11-06 14:28:37.202  9440  9470 E IMGMapper: set:488 set: Unset optional value from type CTA861_3
11-06 14:28:37.217  9440  9470 E IMGMapper: set:488 set: Unset optional value from type SMPTE2086
11-06 14:28:37.217  9440  9470 E IMGMapper: set:488 set: Unset optional value from type CTA861_3
11-06 14:28:37.234  9440  9470 E IMGMapper: set:488 set: Unset optional value from type SMPTE2086
11-06 14:28:37.234  9440  9470 E IMGMapper: set:488 set: Unset optional value from type CTA861_3
11-06 14:28:37.256  9440  9470 E IMGMapper: set:488 set: Unset optional value from type SMPTE2086
11-06 14:28:37.257  9440  9470 E IMGMapper: set:488 set: Unset optional value from type CTA861_3
11-06 14:28:37.269  9440  9470 E IMGMapper: set:488 set: Unset optional value from type SMPTE2086
11-06 14:28:37.269  9440  9470 E IMGMapper: set:488 set: Unset optional value from type CTA861_3
11-06 14:28:37.293  9440  9470 E IMGMapper: set:488 set: Unset optional value from type SMPTE2086
11-06 14:28:37.294  9440  9470 E IMGMapper: set:488 set: Unset optional value from type CTA861_3
11-06 14:28:37.304  9440  9470 E IMGMapper: set:488 set: Unset optional value from type SMPTE2086
11-06 14:28:37.304  9440  9470 E IMGMapper: set:488 set: Unset optional value from type CTA861_3
11-06 14:28:37.320  9440  9470 E IMGMapper: set:488 set: Unset optional value from type SMPTE2086
11-06 14:28:37.320  9440  9470 E IMGMapper: set:488 set: Unset optional value from type CTA861_3
11-06 14:28:37.330  1187  3222 D InputDispatcher: Inject motion (9635/2000): action=0x1, time=3434974996000000, f=0x0, d=0 dsdx=1.000000 dtdx=0.000000
11-06 14:28:37.330  1187  1534 I InputDispatcher: Delivering touch to (9440): action: 0x1, f=0x0, d=0, 'f7d67ea', t=1 
11-06 14:28:37.331  1187  1187 I SemDvfsHyPerManager: acquire hyper - SMOOTH_SCROLL/1187@17, type = -999
11-06 14:28:37.331   896   910 I HYPER-HAL: [RequestManager.cpp]acquire(): Acquired ID : 725427  [1187 / 17]    HINT : SMOOTH_SCROLL    list : 
11-06 14:28:37.332   896   910 I mtkpower_client: perf_lock_rel, hdl:1056702, tid:910
11-06 14:28:37.332   896   910 I mtkpower_client: perf_lock_acq, hdl:0, dur:0, num:2, tid:910
11-06 14:28:37.332  1014  1065 I libPowerHal: [perfLockRel] hdl:1056702, idx:1
11-06 14:28:37.333  1014  1065 I libPowerHal: vendor.samsung.: cpu_ctrl set cpu freq: 1218000 -1 -1 -1
