11-06 14:28:37.333  1187  1187 D SGM:GameManager: identifyGamePackage. com.cinemamovel, mCurrentUserId: 0, callerUserId: 0, callingMethodInfo: com.android.server.ssrm.fgapps.GameAppUtils.isGame(GameAppUtils.java:84)
11-06 14:28:37.333  1187  1187 D SGM:PkgDataHelper: getGamePkgData(). com.cinemamovel
11-06 14:28:37.333  1187  1187 I SemDvfsHyPerManager: acquire hyper - GESTURE_DETECTED/1187@18, type = -999
11-06 14:28:37.334  1014  1065 I libPowerHal: [perfLockAcq] idx:0 hdl:1056704 hint:-1 pid:896 duration:0 lock_user:vendor.samsung. => ret_hdl:1056704
11-06 14:28:37.334   896   910 I mtkpower_client: ret_hdl:1056704
11-06 14:28:37.334   896   910 I mtkpower_client: perf_lock_rel, hdl:1056703, tid:910
11-06 14:28:37.335  1187  1187 D SGM:GameManager: identifyGamePackage. com.cinemamovel, mCurrentUserId: 0, callerUserId: 0, callingMethodInfo: com.android.server.ssrm.fgapps.GameAppUtils.isGame(GameAppUtils.java:84)
11-06 14:28:37.335  1014  1065 I libPowerHal: vendor.samsung.: cpu_ctrl set cpu freq: 1218000 -1 1138000 -1
11-06 14:28:37.335  1187  1187 D SGM:PkgDataHelper: getGamePkgData(). com.cinemamovel
11-06 14:28:37.335  1187  1187 I SemDvfsHyPerManager: acquire hyper - GESTURE_DETECTED/1187@18, type = -999
11-06 14:28:37.335   896   910 I mtkpower_client: perf_lock_acq, hdl:0, dur:0, num:2, tid:910
11-06 14:28:37.335  1014  1065 I libPowerHal: [perfLockRel] hdl:1056703, idx:2
11-06 14:28:37.336  1014  1065 I libPowerHal: vendor.samsung.: cpu_ctrl set cpu freq: -1 -1 1138000 -1
11-06 14:28:37.337   896   910 I mtkpower_client: ret_hdl:1056705
11-06 14:28:37.337   896   910 I mtkpower_client: perf_lock_rel, hdl:1056704, tid:910
11-06 14:28:37.337  1014  1065 I libPowerHal: [perfLockAcq] idx:1 hdl:1056705 hint:-1 pid:896 duration:0 lock_user:vendor.samsung. => ret_hdl:1056705
11-06 14:28:37.338  9440  9440 I ViewRootImpl@2b9cfc[MainActivity]: ViewPostIme pointer 1
11-06 14:28:37.338  1014  1065 I libPowerHal: vendor.samsung.: cpu_ctrl set cpu freq: 1218000 -1 1138000 -1
11-06 14:28:37.339  1014  1065 I libPowerHal: [perfLockRel] hdl:1056704, idx:0
11-06 14:28:37.339   896   910 I mtkpower_client: perf_lock_acq, hdl:0, dur:0, num:2, tid:910
11-06 14:28:37.340  1014  1065 I libPowerHal: vendor.samsung.: cpu_ctrl set cpu freq: 1218000 -1 -1 -1
11-06 14:28:37.341   896   910 I mtkpower_client: ret_hdl:1056706
11-06 14:28:37.341   896   910 I mtkpower_client: perf_lock_rel, hdl:1056705, tid:910
11-06 14:28:37.341  1014  1065 I libPowerHal: [perfLockAcq] idx:0 hdl:1056706 hint:-1 pid:896 duration:0 lock_user:vendor.samsung. => ret_hdl:1056706
11-06 14:28:37.342  1014  1065 I libPowerHal: vendor.samsung.: cpu_ctrl set cpu freq: 1218000 -1 1138000 -1
11-06 14:28:37.342   896   910 I mtkpower_client: perf_lock_acq, hdl:0, dur:0, num:2, tid:910
11-06 14:28:37.343  1014  1065 I libPowerHal: [perfLockRel] hdl:1056705, idx:1
11-06 14:28:37.343  1014  1065 I libPowerHal: vendor.samsung.: cpu_ctrl set cpu freq: -1 -1 1138000 -1
11-06 14:28:37.344  1014  1065 I libPowerHal: [perfLockAcq] idx:1 hdl:1056707 hint:-1 pid:896 duration:0 lock_user:vendor.samsung. => ret_hdl:1056707
11-06 14:28:37.344   896   910 I mtkpower_client: ret_hdl:1056707
11-06 14:28:37.344   896   910 I HYPER-HAL: [RequestManager.cpp]releaseLocked(): Released ID : 725427
11-06 14:28:37.344   896   910 I HYPER-HAL: [RequestManager.cpp]acquire(): Acquired ID : 726633  [1187 / 18]    HINT : GESTURE_DETECTED    list : [TIMEOUT / 1702] 
11-06 14:28:37.344  1014  1065 I libPowerHal: vendor.samsung.: cpu_ctrl set cpu freq: 1218000 -1 1138000 -1
11-06 14:28:37.344   896   910 I HYPER-HAL: [RequestManager.cpp]acquire(): Acquired ID : 726633  [1187 / 18]    HINT : GESTURE_DETECTED    list : [TIMEOUT / 1702] 
11-06 14:28:37.345  9440  9470 E IMGMapper: set:488 set: Unset optional value from type SMPTE2086
11-06 14:28:37.345  9440  9470 E IMGMapper: set:488 set: Unset optional value from type CTA861_3
11-06 14:28:37.352  1187  1187 I SemDvfsHyPerManager: acquire hyper - SMOOTH_SCROLL/1187@17, type = -999
11-06 14:28:37.353   896   910 I HYPER-HAL: [RequestManager.cpp]acquire(): Acquired ID : 725427  [1187 / 17]    HINT : SMOOTH_SCROLL    list : 
11-06 14:28:37.353   896   910 I mtkpower_client: perf_lock_rel, hdl:1056706, tid:910
11-06 14:28:37.354   896   910 I mtkpower_client: perf_lock_acq, hdl:0, dur:0, num:2, tid:910
11-06 14:28:37.354  1014  1065 I libPowerHal: [perfLockRel] hdl:1056706, idx:0
11-06 14:28:37.355  1014  1065 I libPowerHal: vendor.samsung.: cpu_ctrl set cpu freq: 1218000 -1 -1 -1
11-06 14:28:37.356   896   910 I mtkpower_client: ret_hdl:1056708
11-06 14:28:37.356   896   910 I mtkpower_client: perf_lock_rel, hdl:1056707, tid:910
11-06 14:28:37.356  1014  1065 I libPowerHal: [perfLockAcq] idx:0 hdl:1056708 hint:-1 pid:896 duration:0 lock_user:vendor.samsung. => ret_hdl:1056708
11-06 14:28:37.356  1014  1065 I libPowerHal: vendor.samsung.: cpu_ctrl set cpu freq: 1218000 -1 1138000 -1
11-06 14:28:37.357  1014  1065 I libPowerHal: [perfLockRel] hdl:1056707, idx:1
11-06 14:28:37.357   896   910 I mtkpower_client: perf_lock_acq, hdl:0, dur:0, num:2, tid:910
11-06 14:28:37.357  1014  1065 I libPowerHal: vendor.samsung.: cpu_ctrl set cpu freq: -1 -1 1138000 -1
11-06 14:28:37.358  9440  9470 E IMGMapper: set:488 set: Unset optional value from type SMPTE2086
11-06 14:28:37.358  9440  9470 E IMGMapper: set:488 set: Unset optional value from type CTA861_3
11-06 14:28:37.359  1014  1065 I libPowerHal: [perfLockAcq] idx:1 hdl:1056709 hint:-1 pid:896 duration:0 lock_user:vendor.samsung. => ret_hdl:1056709
11-06 14:28:37.359   896   910 I mtkpower_client: ret_hdl:1056709
11-06 14:28:37.359  1014  1065 I libPowerHal: vendor.samsung.: cpu_ctrl set cpu freq: 1218000 -1 1138000 -1
11-06 14:28:37.375  9440  9470 E IMGMapper: set:488 set: Unset optional value from type SMPTE2086
11-06 14:28:37.376  9440  9470 E IMGMapper: set:488 set: Unset optional value from type CTA861_3
11-06 14:28:37.424  9440  9470 E IMGMapper: set:488 set: Unset optional value from type SMPTE2086
11-06 14:28:37.425  9440  9470 E IMGMapper: set:488 set: Unset optional value from type CTA861_3
11-06 14:28:37.436  9440  9470 E IMGMapper: set:488 set: Unset optional value from type SMPTE2086
11-06 14:28:37.437  9440  9470 E IMGMapper: set:488 set: Unset optional value from type CTA861_3
11-06 14:28:37.441  1039  1039 I BufferQueueProducer: [com.cinemamovel/com.cinemamovel.MainActivity$_9440#692367](this:0xb400007a1f708838,id:-1,api:0,p:-1,c:1039) queueBuffer: fps=54.31 dur=1049.50 max=50.75 min=16.12
11-06 14:28:37.443   991 11009 I hwcomposer: [HWCDisplay] [Display_0 (type:1)] fps:54.274258,dur:1050.22,max:51.68,min:15.38  
11-06 14:28:37.458  9440  9470 E IMGMapper: set:488 set: Unset optional value from type SMPTE2086
11-06 14:28:37.458  9440  9470 E IMGMapper: set:488 set: Unset optional value from type CTA861_3
11-06 14:28:37.473  9440  9470 E IMGMapper: set:488 set: Unset optional value from type SMPTE2086
11-06 14:28:37.473  9440  9470 E IMGMapper: set:488 set: Unset optional value from type CTA861_3
11-06 14:28:37.485  9440  9470 E IMGMapper: set:488 set: Unset optional value from type SMPTE2086
11-06 14:28:37.486  9440  9470 E IMGMapper: set:488 set: Unset optional value from type CTA861_3
11-06 14:28:37.506   543   543 D io_stats: !@ 179,0 r 633959934 7653417246 w 114985055 1219422280 d 1261443 33798276 f 0 0 iot 326811428 0 th 0 0 0 pt 0 inp 0 0 3434975.172
11-06 14:28:37.509  9440  9470 E IMGMapper: set:488 set: Unset optional value from type SMPTE2086
11-06 14:28:37.509  9440  9470 E IMGMapper: set:488 set: Unset optional value from type CTA861_3
11-06 14:28:37.523  9440  9470 E IMGMapper: set:488 set: Unset optional value from type SMPTE2086
11-06 14:28:37.523  9440  9470 E IMGMapper: set:488 set: Unset optional value from type CTA861_3
11-06 14:28:37.534  9440  9470 E IMGMapper: set:488 set: Unset optional value from type SMPTE2086
11-06 14:28:37.534  9440  9470 E IMGMapper: set:488 set: Unset optional value from type CTA861_3
11-06 14:28:37.550  9440  9470 E IMGMapper: set:488 set: Unset optional value from type SMPTE2086
11-06 14:28:37.550  9440  9470 E IMGMapper: set:488 set: Unset optional value from type CTA861_3
11-06 14:28:37.575  9440  9470 E IMGMapper: set:488 set: Unset optional value from type SMPTE2086
11-06 14:28:37.575  9440  9470 E IMGMapper: set:488 set: Unset optional value from type CTA861_3
11-06 14:28:37.592  9440  9470 E IMGMapper: set:488 set: Unset optional value from type SMPTE2086
11-06 14:28:37.592  9440  9470 E IMGMapper: set:488 set: Unset optional value from type CTA861_3
11-06 14:28:37.626  9440  9470 E IMGMapper: set:488 set: Unset optional value from type SMPTE2086
11-06 14:28:37.626  9440  9470 E IMGMapper: set:488 set: Unset optional value from type CTA861_3
11-06 14:28:37.634  9440  9470 E IMGMapper: set:488 set: Unset optional value from type SMPTE2086
11-06 14:28:37.634  9440  9470 E IMGMapper: set:488 set: Unset optional value from type CTA861_3
11-06 14:28:37.652  9440  9470 E IMGMapper: set:488 set: Unset optional value from type SMPTE2086
11-06 14:28:37.652  9440  9470 E IMGMapper: set:488 set: Unset optional value from type CTA861_3
11-06 14:28:37.670  9440  9470 E IMGMapper: set:488 set: Unset optional value from type SMPTE2086
11-06 14:28:37.670  9440  9470 E IMGMapper: set:488 set: Unset optional value from type CTA861_3
11-06 14:28:37.684  9440  9470 E IMGMapper: set:488 set: Unset optional value from type SMPTE2086
11-06 14:28:37.684  9440  9470 E IMGMapper: set:488 set: Unset optional value from type CTA861_3
11-06 14:28:37.703  9440  9470 E IMGMapper: set:488 set: Unset optional value from type SMPTE2086
11-06 14:28:37.703  9440  9470 E IMGMapper: set:488 set: Unset optional value from type CTA861_3
11-06 14:28:37.718  9440  9470 E IMGMapper: set:488 set: Unset optional value from type SMPTE2086
11-06 14:28:37.718  9440  9470 E IMGMapper: set:488 set: Unset optional value from type CTA861_3
11-06 14:28:37.734  9440  9470 E IMGMapper: set:488 set: Unset optional value from type SMPTE2086
11-06 14:28:37.734  9440  9470 E IMGMapper: set:488 set: Unset optional value from type CTA861_3
11-06 14:28:37.752  9440  9470 E IMGMapper: set:488 set: Unset optional value from type SMPTE2086
11-06 14:28:37.753  9440  9470 E IMGMapper: set:488 set: Unset optional value from type CTA861_3
11-06 14:28:37.768  9440  9470 E IMGMapper: set:488 set: Unset optional value from type SMPTE2086
11-06 14:28:37.768  9440  9470 E IMGMapper: set:488 set: Unset optional value from type CTA861_3
11-06 14:28:37.784  9440  9470 E IMGMapper: set:488 set: Unset optional value from type SMPTE2086
11-06 14:28:37.784  9440  9470 E IMGMapper: set:488 set: Unset optional value from type CTA861_3
11-06 14:28:37.806  9440  9470 E IMGMapper: set:488 set: Unset optional value from type SMPTE2086
11-06 14:28:37.806  9440  9470 E IMGMapper: set:488 set: Unset optional value from type CTA861_3
11-06 14:28:37.820  9440  9470 E IMGMapper: set:488 set: Unset optional value from type SMPTE2086
11-06 14:28:37.820  9440  9470 E IMGMapper: set:488 set: Unset optional value from type CTA861_3
11-06 14:28:37.835  1200  1324 D ULogGuard: Monitoring: 16 threads, 0 requests, 0 time-bombs; 1 guards. ResetFlags = 0x7
11-06 14:28:37.843  9440  9470 E IMGMapper: set:488 set: Unset optional value from type SMPTE2086
11-06 14:28:37.843  9440  9470 E IMGMapper: set:488 set: Unset optional value from type CTA861_3
11-06 14:28:37.858  9440  9470 E IMGMapper: set:488 set: Unset optional value from type SMPTE2086
11-06 14:28:37.858  9440  9470 E IMGMapper: set:488 set: Unset optional value from type CTA861_3
11-06 14:28:37.898  9440  9470 E IMGMapper: set:488 set: Unset optional value from type SMPTE2086
11-06 14:28:37.898  9440  9470 E IMGMapper: set:488 set: Unset optional value from type CTA861_3
11-06 14:28:37.907  9440  9470 E IMGMapper: set:488 set: Unset optional value from type SMPTE2086
11-06 14:28:37.907  9440  9470 E IMGMapper: set:488 set: Unset optional value from type CTA861_3
11-06 14:28:37.919  9440  9470 E IMGMapper: set:488 set: Unset optional value from type SMPTE2086
11-06 14:28:37.920  9440  9470 E IMGMapper: set:488 set: Unset optional value from type CTA861_3
11-06 14:28:37.934  9440  9470 E IMGMapper: set:488 set: Unset optional value from type SMPTE2086
11-06 14:28:37.934  9440  9470 E IMGMapper: set:488 set: Unset optional value from type CTA861_3
11-06 14:28:37.952  9440  9470 E IMGMapper: set:488 set: Unset optional value from type SMPTE2086
11-06 14:28:37.952  9440  9470 E IMGMapper: set:488 set: Unset optional value from type CTA861_3
11-06 14:28:37.968  9440  9470 E IMGMapper: set:488 set: Unset optional value from type SMPTE2086
11-06 14:28:37.968  9440  9470 E IMGMapper: set:488 set: Unset optional value from type CTA861_3
11-06 14:28:37.985  9440  9470 E IMGMapper: set:488 set: Unset optional value from type SMPTE2086
11-06 14:28:37.985  9440  9470 E IMGMapper: set:488 set: Unset optional value from type CTA861_3
11-06 14:28:38.001  9440  9470 E IMGMapper: set:488 set: Unset optional value from type SMPTE2086
11-06 14:28:38.001  9440  9470 E IMGMapper: set:488 set: Unset optional value from type CTA861_3
11-06 14:28:38.018  9440  9470 E IMGMapper: set:488 set: Unset optional value from type SMPTE2086
11-06 14:28:38.018  9440  9470 E IMGMapper: set:488 set: Unset optional value from type CTA861_3
11-06 14:28:38.036  9440  9470 E IMGMapper: set:488 set: Unset optional value from type SMPTE2086
11-06 14:28:38.036  9440  9470 E IMGMapper: set:488 set: Unset optional value from type CTA861_3
11-06 14:28:38.059  9440  9470 E IMGMapper: set:488 set: Unset optional value from type SMPTE2086
11-06 14:28:38.059  9440  9470 E IMGMapper: set:488 set: Unset optional value from type CTA861_3
11-06 14:28:38.075  9440  9470 E IMGMapper: set:488 set: Unset optional value from type SMPTE2086
11-06 14:28:38.076  9440  9470 E IMGMapper: set:488 set: Unset optional value from type CTA861_3
11-06 14:28:38.110  9440  9470 E IMGMapper: set:488 set: Unset optional value from type SMPTE2086
11-06 14:28:38.110  9440  9470 E IMGMapper: set:488 set: Unset optional value from type CTA861_3
11-06 14:28:38.118  9440  9470 E IMGMapper: set:488 set: Unset optional value from type SMPTE2086
11-06 14:28:38.118  9440  9470 E IMGMapper: set:488 set: Unset optional value from type CTA861_3
11-06 14:28:38.136  9440  9470 E IMGMapper: set:488 set: Unset optional value from type SMPTE2086
11-06 14:28:38.137  9440  9470 E IMGMapper: set:488 set: Unset optional value from type CTA861_3
11-06 14:28:38.153  9440  9470 E IMGMapper: set:488 set: Unset optional value from type SMPTE2086
11-06 14:28:38.153  9440  9470 E IMGMapper: set:488 set: Unset optional value from type CTA861_3
11-06 14:28:38.169  9440  9470 E IMGMapper: set:488 set: Unset optional value from type SMPTE2086
11-06 14:28:38.170  9440  9470 E IMGMapper: set:488 set: Unset optional value from type CTA861_3
11-06 14:28:38.188  9440  9470 E IMGMapper: set:488 set: Unset optional value from type SMPTE2086
11-06 14:28:38.188  9440  9470 E IMGMapper: set:488 set: Unset optional value from type CTA861_3
11-06 14:28:38.201  9440  9470 E IMGMapper: set:488 set: Unset optional value from type SMPTE2086
11-06 14:28:38.201  9440  9470 E IMGMapper: set:488 set: Unset optional value from type CTA861_3
11-06 14:28:38.220  9440  9470 E IMGMapper: set:488 set: Unset optional value from type SMPTE2086
11-06 14:28:38.220  9440  9470 E IMGMapper: set:488 set: Unset optional value from type CTA861_3
11-06 14:28:38.236  9440  9470 E IMGMapper: set:488 set: Unset optional value from type SMPTE2086
11-06 14:28:38.236  9440  9470 E IMGMapper: set:488 set: Unset optional value from type CTA861_3
11-06 14:28:38.254  9440  9470 E IMGMapper: set:488 set: Unset optional value from type SMPTE2086
11-06 14:28:38.254  9440  9470 E IMGMapper: set:488 set: Unset optional value from type CTA861_3
11-06 14:28:38.272  9440  9470 E IMGMapper: set:488 set: Unset optional value from type SMPTE2086
11-06 14:28:38.272  9440  9470 E IMGMapper: set:488 set: Unset optional value from type CTA861_3
11-06 14:28:38.287  9440  9470 E IMGMapper: set:488 set: Unset optional value from type SMPTE2086
11-06 14:28:38.287  9440  9470 E IMGMapper: set:488 set: Unset optional value from type CTA861_3
11-06 14:28:38.303  9440  9470 E IMGMapper: set:488 set: Unset optional value from type SMPTE2086
11-06 14:28:38.303  9440  9470 E IMGMapper: set:488 set: Unset optional value from type CTA861_3
11-06 14:28:38.320  9440  9470 E IMGMapper: set:488 set: Unset optional value from type SMPTE2086
11-06 14:28:38.320  9440  9470 E IMGMapper: set:488 set: Unset optional value from type CTA861_3
11-06 14:28:38.337  9440  9470 E IMGMapper: set:488 set: Unset optional value from type SMPTE2086
11-06 14:28:38.337  9440  9470 E IMGMapper: set:488 set: Unset optional value from type CTA861_3
11-06 14:28:38.353  9440  9470 E IMGMapper: set:488 set: Unset optional value from type SMPTE2086
11-06 14:28:38.353  9440  9470 E IMGMapper: set:488 set: Unset optional value from type CTA861_3
11-06 14:28:38.371  9440  9470 E IMGMapper: set:488 set: Unset optional value from type SMPTE2086
11-06 14:28:38.371  9440  9470 E IMGMapper: set:488 set: Unset optional value from type CTA861_3
11-06 14:28:38.387  9440  9470 E IMGMapper: set:488 set: Unset optional value from type SMPTE2086
11-06 14:28:38.387  9440  9470 E IMGMapper: set:488 set: Unset optional value from type CTA861_3
11-06 14:28:38.404  9440  9470 E IMGMapper: set:488 set: Unset optional value from type SMPTE2086
11-06 14:28:38.404  9440  9470 E IMGMapper: set:488 set: Unset optional value from type CTA861_3
11-06 14:28:38.424  9440  9470 E IMGMapper: set:488 set: Unset optional value from type SMPTE2086
11-06 14:28:38.424  9440  9470 E IMGMapper: set:488 set: Unset optional value from type CTA861_3
11-06 14:28:38.433  9440  9470 E IMGMapper: set:488 set: Unset optional value from type SMPTE2086
11-06 14:28:38.433  9440  9470 E IMGMapper: set:488 set: Unset optional value from type CTA861_3
11-06 14:28:38.451  9440  9470 E IMGMapper: set:488 set: Unset optional value from type SMPTE2086
11-06 14:28:38.451  9440  9470 E IMGMapper: set:488 set: Unset optional value from type CTA861_3
11-06 14:28:38.455  1039  1039 I BufferQueueProducer: [com.cinemamovel/com.cinemamovel.MainActivity$_9440#692367](this:0xb400007a1f708838,id:-1,api:0,p:-1,c:1039) queueBuffer: fps=57.17 dur=1014.59 max=33.45 min=16.11
11-06 14:28:38.457   991 11009 I hwcomposer: [HWCDisplay] [Display_0 (type:1)] fps:57.180065,dur:1014.34,max:34.17,min:15.74  
11-06 14:28:38.466  9440  9470 E IMGMapper: set:488 set: Unset optional value from type SMPTE2086
11-06 14:28:38.466  9440  9470 E IMGMapper: set:488 set: Unset optional value from type CTA861_3
11-06 14:28:38.482  9440  9470 E IMGMapper: set:488 set: Unset optional value from type SMPTE2086
11-06 14:28:38.482  9440  9470 E IMGMapper: set:488 set: Unset optional value from type CTA861_3
11-06 14:28:38.500  9440  9470 E IMGMapper: set:488 set: Unset optional value from type SMPTE2086
11-06 14:28:38.500  9440  9470 E IMGMapper: set:488 set: Unset optional value from type CTA861_3
11-06 14:28:38.517  9440  9470 E IMGMapper: set:488 set: Unset optional value from type SMPTE2086
11-06 14:28:38.517  9440  9470 E IMGMapper: set:488 set: Unset optional value from type CTA861_3
11-06 14:28:38.533  9440  9470 E IMGMapper: set:488 set: Unset optional value from type SMPTE2086
11-06 14:28:38.533  9440  9470 E IMGMapper: set:488 set: Unset optional value from type CTA861_3
11-06 14:28:38.550  9440  9470 E IMGMapper: set:488 set: Unset optional value from type SMPTE2086
11-06 14:28:38.550  9440  9470 E IMGMapper: set:488 set: Unset optional value from type CTA861_3
11-06 14:28:38.567  9440  9470 E IMGMapper: set:488 set: Unset optional value from type SMPTE2086
11-06 14:28:38.567  9440  9470 E IMGMapper: set:488 set: Unset optional value from type CTA861_3
11-06 14:28:38.583  9440  9470 E IMGMapper: set:488 set: Unset optional value from type SMPTE2086
11-06 14:28:38.583  9440  9470 E IMGMapper: set:488 set: Unset optional value from type CTA861_3
11-06 14:28:38.594  1045  1056 D ccci_mdinit: (1):monitor_time_update_thread round:200933 ########
11-06 14:28:38.600  9440  9470 E IMGMapper: set:488 set: Unset optional value from type SMPTE2086
11-06 14:28:38.600  9440  9470 E IMGMapper: set:488 set: Unset optional value from type CTA861_3
11-06 14:28:38.616  9440  9470 E IMGMapper: set:488 set: Unset optional value from type SMPTE2086
11-06 14:28:38.616  9440  9470 E IMGMapper: set:488 set: Unset optional value from type CTA861_3
11-06 14:28:38.618  1187  2579 D InputDispatcher: Inject motion (9642/2000): action=0x0, time=3434976284000000, f=0x0, d=0 dsdx=1.000000 dtdx=0.000000
11-06 14:28:38.619  1187  1534 I InputDispatcher: Delivering touch to (1737): action: 0x4, f=0x0, d=0, 'd92b8ad', t=1 
11-06 14:28:38.619  1187  1534 I InputDispatcher: Delivering touch to (9440): action: 0x0, f=0x0, d=0, 'f7d67ea', t=1 
11-06 14:28:38.619  1187  1534 D PowerManagerService: [api] userActivityFromNative :  (event: 2 flags: 0 displayId: 0) eventTime = 3434976284
11-06 14:28:38.620  9440  9440 I ViewRootImpl@2b9cfc[MainActivity]: ViewPostIme pointer 0
11-06 14:28:38.620  1187  1303 I GestureDetector: obtain mCurrentDownEvent. id: -756360969 caller: com.android.server.wm.SystemGesturesPointerEventListener.onPointerEvent:203 com.android.server.wm.PointerEventDispatcher.onInputEvent:53 android.view.InputEventReceiver.dispatchInputEvent:285 
11-06 14:28:38.621  1187  1303 I GestureDetector: obtain mCurrentDownEvent. id: -756360969 caller: com.android.server.wm.SystemPerformancePointerEventListener.onPointerEvent:89 com.android.server.wm.PointerEventDispatcher.onInputEvent:53 android.view.InputEventReceiver.dispatchInputEvent:285 
11-06 14:28:38.633  1187  1303 I GestureDetector: obtain mCurrentMotionEventRaw. action: 2 id: -791080984
11-06 14:28:38.633  1187  1303 I GestureDetector: obtain mCurrentMotionEventRaw. action: 2 id: -791080984
11-06 14:28:38.647   896   910 I mtkpower_client: perf_lock_rel, hdl:1056708, tid:910
11-06 14:28:38.647  9440  9470 E IMGMapper: set:488 set: Unset optional value from type SMPTE2086
11-06 14:28:38.647  9440  9470 E IMGMapper: set:488 set: Unset optional value from type CTA861_3
11-06 14:28:38.647   896   910 I mtkpower_client: perf_lock_acq, hdl:0, dur:0, num:2, tid:910
11-06 14:28:38.648  1014  1065 I libPowerHal: [perfLockRel] hdl:1056708, idx:0
11-06 14:28:38.648  1014  1065 I libPowerHal: vendor.samsung.: cpu_ctrl set cpu freq: 1218000 -1 -1 -1
11-06 14:28:38.649   896   910 I mtkpower_client: ret_hdl:1056710
11-06 14:28:38.649   896   910 I mtkpower_client: perf_lock_rel, hdl:1056709, tid:910
11-06 14:28:38.650  1014  1065 I libPowerHal: [perfLockAcq] idx:2 hdl:1056710 hint:-1 pid:896 duration:0 lock_user:vendor.samsung. => ret_hdl:1056710
11-06 14:28:38.650  1014  1065 I libPowerHal: vendor.samsung.: cpu_ctrl set cpu freq: 1218000 -1 1138000 -1
11-06 14:28:38.650   896   910 I mtkpower_client: perf_lock_acq, hdl:0, dur:0, num:2, tid:910
11-06 14:28:38.651  1014  1065 I libPowerHal: [perfLockRel] hdl:1056709, idx:1
11-06 14:28:38.651  1014  1065 I libPowerHal: vendor.samsung.: cpu_ctrl set cpu freq: -1 -1 1138000 -1
11-06 14:28:38.652   896   910 I mtkpower_client: ret_hdl:1056711
11-06 14:28:38.652  1014  1065 I libPowerHal: [perfLockAcq] idx:0 hdl:1056711 hint:-1 pid:896 duration:0 lock_user:vendor.samsung. => ret_hdl:1056711
11-06 14:28:38.652   896   910 I HYPER-HAL: [RequestManager.cpp]releaseLocked(): Released ID : 725427
11-06 14:28:38.653  1014  1065 I libPowerHal: vendor.samsung.: cpu_ctrl set cpu freq: 1218000 -1 1138000 -1
11-06 14:28:38.655  9440  9470 E IMGMapper: set:488 set: Unset optional value from type SMPTE2086
11-06 14:28:38.655  9440  9470 E IMGMapper: set:488 set: Unset optional value from type CTA861_3
11-06 14:28:38.672  9440  9470 E IMGMapper: set:488 set: Unset optional value from type SMPTE2086
11-06 14:28:38.673  9440  9470 E IMGMapper: set:488 set: Unset optional value from type CTA861_3
11-06 14:28:38.686  9440  9470 E IMGMapper: set:488 set: Unset optional value from type SMPTE2086
11-06 14:28:38.686  9440  9470 E IMGMapper: set:488 set: Unset optional value from type CTA861_3
11-06 14:28:38.701  9440  9470 E IMGMapper: set:488 set: Unset optional value from type SMPTE2086
11-06 14:28:38.701  9440  9470 E IMGMapper: set:488 set: Unset optional value from type CTA861_3
11-06 14:28:38.718  9440  9470 E IMGMapper: set:488 set: Unset optional value from type SMPTE2086
11-06 14:28:38.718  9440  9470 E IMGMapper: set:488 set: Unset optional value from type CTA861_3
11-06 14:28:38.736  9440  9470 E IMGMapper: set:488 set: Unset optional value from type SMPTE2086
11-06 14:28:38.736  9440  9470 E IMGMapper: set:488 set: Unset optional value from type CTA861_3
11-06 14:28:38.752  9440  9470 E IMGMapper: set:488 set: Unset optional value from type SMPTE2086
11-06 14:28:38.752  9440  9470 E IMGMapper: set:488 set: Unset optional value from type CTA861_3
11-06 14:28:38.766  9440  9470 E IMGMapper: set:488 set: Unset optional value from type SMPTE2086
11-06 14:28:38.766  9440  9470 E IMGMapper: set:488 set: Unset optional value from type CTA861_3
11-06 14:28:38.782  9440  9470 E IMGMapper: set:488 set: Unset optional value from type SMPTE2086
11-06 14:28:38.783  9440  9470 E IMGMapper: set:488 set: Unset optional value from type CTA861_3
11-06 14:28:38.806  9440  9470 E IMGMapper: set:488 set: Unset optional value from type SMPTE2086
11-06 14:28:38.806  9440  9470 E IMGMapper: set:488 set: Unset optional value from type CTA861_3
11-06 14:28:38.819  9440  9470 E IMGMapper: set:488 set: Unset optional value from type SMPTE2086
11-06 14:28:38.820  9440  9470 E IMGMapper: set:488 set: Unset optional value from type CTA861_3
11-06 14:28:38.844  9440  9470 E IMGMapper: set:488 set: Unset optional value from type SMPTE2086
11-06 14:28:38.844  9440  9470 E IMGMapper: set:488 set: Unset optional value from type CTA861_3
11-06 14:28:38.853  9440  9470 E IMGMapper: set:488 set: Unset optional value from type SMPTE2086
11-06 14:28:38.853  9440  9470 E IMGMapper: set:488 set: Unset optional value from type CTA861_3
11-06 14:28:38.866  9440  9470 E IMGMapper: set:488 set: Unset optional value from type SMPTE2086
11-06 14:28:38.867  9440  9470 E IMGMapper: set:488 set: Unset optional value from type CTA861_3
11-06 14:28:38.885  9440  9470 E IMGMapper: set:488 set: Unset optional value from type SMPTE2086
11-06 14:28:38.885  9440  9470 E IMGMapper: set:488 set: Unset optional value from type CTA861_3
11-06 14:28:38.905  9440  9470 E IMGMapper: set:488 set: Unset optional value from type SMPTE2086
11-06 14:28:38.906  9440  9470 E IMGMapper: set:488 set: Unset optional value from type CTA861_3
11-06 14:28:38.916  9440  9470 E IMGMapper: set:488 set: Unset optional value from type SMPTE2086
11-06 14:28:38.916  9440  9470 E IMGMapper: set:488 set: Unset optional value from type CTA861_3
11-06 14:28:38.932  1187  2579 D InputDispatcher: Inject motion (9642/2000): action=0x1, time=3434976598000000, f=0x0, d=0 dsdx=1.000000 dtdx=0.000000
11-06 14:28:38.933  1187  1534 I InputDispatcher: Delivering touch to (9440): action: 0x1, f=0x0, d=0, 'f7d67ea', t=1 
11-06 14:28:38.933  9440  9440 I ViewRootImpl@2b9cfc[MainActivity]: ViewPostIme pointer 1
11-06 14:28:38.934  1187  1187 I SemDvfsHyPerManager: acquire hyper - SMOOTH_SCROLL/1187@17, type = -999
11-06 14:28:38.935   896   910 I HYPER-HAL: [RequestManager.cpp]acquire(): Acquired ID : 725427  [1187 / 17]    HINT : SMOOTH_SCROLL    list : 
11-06 14:28:38.936   896   910 I mtkpower_client: perf_lock_rel, hdl:1056710, tid:910
11-06 14:28:38.937  1014  1065 I libPowerHal: [perfLockRel] hdl:1056710, idx:2
11-06 14:28:38.938  9440  9470 E IMGMapper: set:488 set: Unset optional value from type SMPTE2086
11-06 14:28:38.938  9440  9470 E IMGMapper: set:488 set: Unset optional value from type CTA861_3
11-06 14:28:38.938   896   910 I mtkpower_client: perf_lock_acq, hdl:0, dur:0, num:2, tid:910
11-06 14:28:38.939  1014  1065 I libPowerHal: vendor.samsung.: cpu_ctrl set cpu freq: 1218000 -1 -1 -1
11-06 14:28:38.941   896   910 I mtkpower_client: ret_hdl:1056712
11-06 14:28:38.941   896   910 I mtkpower_client: perf_lock_rel, hdl:1056711, tid:910
11-06 14:28:38.941  1014  1065 I libPowerHal: [perfLockAcq] idx:1 hdl:1056712 hint:-1 pid:896 duration:0 lock_user:vendor.samsung. => ret_hdl:1056712
11-06 14:28:38.942  1014  1065 I libPowerHal: vendor.samsung.: cpu_ctrl set cpu freq: 1218000 -1 1138000 -1
11-06 14:28:38.943   896   910 I mtkpower_client: perf_lock_acq, hdl:0, dur:0, num:2, tid:910
11-06 14:28:38.943  1014  1065 I libPowerHal: [perfLockRel] hdl:1056711, idx:0
11-06 14:28:38.943  1014  1065 I libPowerHal: vendor.samsung.: cpu_ctrl set cpu freq: -1 -1 1138000 -1
11-06 14:28:38.944   896   910 I mtkpower_client: ret_hdl:1056713
11-06 14:28:38.944   896   910 I mtkpower_client: perf_lock_rel, hdl:1056712, tid:910
11-06 14:28:38.944  1014  1065 I libPowerHal: [perfLockAcq] idx:0 hdl:1056713 hint:-1 pid:896 duration:0 lock_user:vendor.samsung. => ret_hdl:1056713
11-06 14:28:38.944  1014  1065 I libPowerHal: vendor.samsung.: cpu_ctrl set cpu freq: 1218000 -1 1138000 -1
11-06 14:28:38.945   896   910 I mtkpower_client: perf_lock_acq, hdl:0, dur:0, num:2, tid:910
11-06 14:28:38.945  1014  1065 I libPowerHal: [perfLockRel] hdl:1056712, idx:1
11-06 14:28:38.945  1014  1065 I libPowerHal: vendor.samsung.: cpu_ctrl set cpu freq: 1218000 -1 -1 -1
11-06 14:28:38.946  1187  1187 D SGM:GameManager: identifyGamePackage. com.cinemamovel, mCurrentUserId: 0, callerUserId: 0, callingMethodInfo: com.android.server.ssrm.fgapps.GameAppUtils.isGame(GameAppUtils.java:84)
11-06 14:28:38.946  1187  1187 D SGM:PkgDataHelper: getGamePkgData(). com.cinemamovel
11-06 14:28:38.946  1187  1187 I SemDvfsHyPerManager: acquire hyper - GESTURE_DETECTED/1187@18, type = -999
11-06 14:28:38.946   896   910 I mtkpower_client: ret_hdl:1056714
11-06 14:28:38.946  1014  1065 I libPowerHal: [perfLockAcq] idx:1 hdl:1056714 hint:-1 pid:896 duration:0 lock_user:vendor.samsung. => ret_hdl:1056714
11-06 14:28:38.946   896   910 I mtkpower_client: perf_lock_rel, hdl:1056713, tid:910
11-06 14:28:38.947  1014  1065 I libPowerHal: vendor.samsung.: cpu_ctrl set cpu freq: 1218000 -1 1138000 -1
11-06 14:28:38.947   896   910 I mtkpower_client: perf_lock_acq, hdl:0, dur:0, num:2, tid:910
11-06 14:28:38.947  1014  1065 I libPowerHal: [perfLockRel] hdl:1056713, idx:0
11-06 14:28:38.948  1014  1065 I libPowerHal: vendor.samsung.: cpu_ctrl set cpu freq: -1 -1 1138000 -1
11-06 14:28:38.948  1187  1187 D SGM:GameManager: identifyGamePackage. com.cinemamovel, mCurrentUserId: 0, callerUserId: 0, callingMethodInfo: com.android.server.ssrm.fgapps.GameAppUtils.isGame(GameAppUtils.java:84)
11-06 14:28:38.948  1187  1187 D SGM:PkgDataHelper: getGamePkgData(). com.cinemamovel
11-06 14:28:38.948  1187  1187 I SemDvfsHyPerManager: acquire hyper - GESTURE_DETECTED/1187@18, type = -999
11-06 14:28:38.952   896   910 I mtkpower_client: ret_hdl:1056715
11-06 14:28:38.952   896   910 I HYPER-HAL: [RequestManager.cpp]releaseLocked(): Released ID : 725427
11-06 14:28:38.952  1014  1065 I libPowerHal: [perfLockAcq] idx:0 hdl:1056715 hint:-1 pid:896 duration:0 lock_user:vendor.samsung. => ret_hdl:1056715
11-06 14:28:38.952   896   910 I HYPER-HAL: [RequestManager.cpp]acquire(): Acquired ID : 726633  [1187 / 18]    HINT : GESTURE_DETECTED    list : [TIMEOUT / 1702] 
11-06 14:28:38.953   896   910 I HYPER-HAL: [RequestManager.cpp]acquire(): Acquired ID : 726633  [1187 / 18]    HINT : GESTURE_DETECTED    list : [TIMEOUT / 1702] 
11-06 14:28:38.953  1014  1065 I libPowerHal: vendor.samsung.: cpu_ctrl set cpu freq: 1218000 -1 1138000 -1
11-06 14:28:38.957  9440  9470 E IMGMapper: set:488 set: Unset optional value from type SMPTE2086
11-06 14:28:38.957  9440  9470 E IMGMapper: set:488 set: Unset optional value from type CTA861_3
11-06 14:28:38.958  1187  1187 I SemDvfsHyPerManager: acquire hyper - SMOOTH_SCROLL/1187@17, type = -999
11-06 14:28:38.959   896   910 I HYPER-HAL: [RequestManager.cpp]acquire(): Acquired ID : 725427  [1187 / 17]    HINT : SMOOTH_SCROLL    list : 
11-06 14:28:38.960   896   910 I mtkpower_client: perf_lock_rel, hdl:1056714, tid:910
11-06 14:28:38.961  1014  1065 I libPowerHal: [perfLockRel] hdl:1056714, idx:1
11-06 14:28:38.961   896   910 I mtkpower_client: perf_lock_acq, hdl:0, dur:0, num:2, tid:910
11-06 14:28:38.961  1014  1065 I libPowerHal: vendor.samsung.: cpu_ctrl set cpu freq: 1218000 -1 -1 -1
11-06 14:28:38.962   896   910 I mtkpower_client: ret_hdl:1056716
11-06 14:28:38.962   896   910 I mtkpower_client: perf_lock_rel, hdl:1056715, tid:910
11-06 14:28:38.962  1014  1065 I libPowerHal: [perfLockAcq] idx:1 hdl:1056716 hint:-1 pid:896 duration:0 lock_user:vendor.samsung. => ret_hdl:1056716
11-06 14:28:38.962  1014  1065 I libPowerHal: vendor.samsung.: cpu_ctrl set cpu freq: 1218000 -1 1138000 -1
11-06 14:28:38.963   896   910 I mtkpower_client: perf_lock_acq, hdl:0, dur:0, num:2, tid:910
11-06 14:28:38.963  1014  1065 I libPowerHal: [perfLockRel] hdl:1056715, idx:0
11-06 14:28:38.964  1014  1065 I libPowerHal: vendor.samsung.: cpu_ctrl set cpu freq: -1 -1 1138000 -1
11-06 14:28:38.965   896   910 I mtkpower_client: ret_hdl:1056717
11-06 14:28:38.966  1014  1065 I libPowerHal: [perfLockAcq] idx:0 hdl:1056717 hint:-1 pid:896 duration:0 lock_user:vendor.samsung. => ret_hdl:1056717
11-06 14:28:38.966  1014  1065 I libPowerHal: vendor.samsung.: cpu_ctrl set cpu freq: 1218000 -1 1138000 -1
11-06 14:28:38.975  9440  9470 E IMGMapper: set:488 set: Unset optional value from type SMPTE2086
11-06 14:28:38.975  9440  9470 E IMGMapper: set:488 set: Unset optional value from type CTA861_3
11-06 14:28:39.017  9440  9470 E IMGMapper: set:488 set: Unset optional value from type SMPTE2086
11-06 14:28:39.017  9440  9470 E IMGMapper: set:488 set: Unset optional value from type CTA861_3
11-06 14:28:39.037  9440  9470 E IMGMapper: set:488 set: Unset optional value from type SMPTE2086
11-06 14:28:39.037  9440  9470 E IMGMapper: set:488 set: Unset optional value from type CTA861_3
11-06 14:28:39.052  9440  9470 E IMGMapper: set:488 set: Unset optional value from type SMPTE2086
11-06 14:28:39.052  9440  9470 E IMGMapper: set:488 set: Unset optional value from type CTA861_3
11-06 14:28:39.066  9440  9470 E IMGMapper: set:488 set: Unset optional value from type SMPTE2086
11-06 14:28:39.066  9440  9470 E IMGMapper: set:488 set: Unset optional value from type CTA861_3
11-06 14:28:39.082  9440  9470 E IMGMapper: set:488 set: Unset optional value from type SMPTE2086
11-06 14:28:39.082  9440  9470 E IMGMapper: set:488 set: Unset optional value from type CTA861_3
11-06 14:28:39.099  9440  9470 E IMGMapper: set:488 set: Unset optional value from type SMPTE2086
11-06 14:28:39.099  9440  9470 E IMGMapper: set:488 set: Unset optional value from type CTA861_3
11-06 14:28:39.115  9440  9470 E IMGMapper: set:488 set: Unset optional value from type SMPTE2086
11-06 14:28:39.115  9440  9470 E IMGMapper: set:488 set: Unset optional value from type CTA861_3
11-06 14:28:39.132  9440  9470 E IMGMapper: set:488 set: Unset optional value from type SMPTE2086
11-06 14:28:39.132  9440  9470 E IMGMapper: set:488 set: Unset optional value from type CTA861_3
11-06 14:28:39.148  9440  9470 E IMGMapper: set:488 set: Unset optional value from type SMPTE2086
11-06 14:28:39.148  9440  9470 E IMGMapper: set:488 set: Unset optional value from type CTA861_3
11-06 14:28:39.166  9440  9470 E IMGMapper: set:488 set: Unset optional value from type SMPTE2086
11-06 14:28:39.166  9440  9470 E IMGMapper: set:488 set: Unset optional value from type CTA861_3
11-06 14:28:39.192  9440  9470 E IMGMapper: set:488 set: Unset optional value from type SMPTE2086
11-06 14:28:39.192  9440  9470 E IMGMapper: set:488 set: Unset optional value from type CTA861_3
11-06 14:28:39.207  9440  9470 E IMGMapper: set:488 set: Unset optional value from type SMPTE2086
11-06 14:28:39.207  9440  9470 E IMGMapper: set:488 set: Unset optional value from type CTA861_3
11-06 14:28:39.243  9440  9470 E IMGMapper: set:488 set: Unset optional value from type SMPTE2086
11-06 14:28:39.243  9440  9470 E IMGMapper: set:488 set: Unset optional value from type CTA861_3
11-06 14:28:39.252  9440  9470 E IMGMapper: set:488 set: Unset optional value from type SMPTE2086
11-06 14:28:39.252  9440  9470 E IMGMapper: set:488 set: Unset optional value from type CTA861_3
11-06 14:28:39.266  9440  9470 E IMGMapper: set:488 set: Unset optional value from type SMPTE2086
11-06 14:28:39.266  9440  9470 E IMGMapper: set:488 set: Unset optional value from type CTA861_3
11-06 14:28:39.288  9440  9470 E IMGMapper: set:488 set: Unset optional value from type SMPTE2086
11-06 14:28:39.288  9440  9470 E IMGMapper: set:488 set: Unset optional value from type CTA861_3
11-06 14:28:39.304  9440  9470 E IMGMapper: set:488 set: Unset optional value from type SMPTE2086
11-06 14:28:39.305  9440  9470 E IMGMapper: set:488 set: Unset optional value from type CTA861_3
11-06 14:28:39.316  9440  9470 E IMGMapper: set:488 set: Unset optional value from type SMPTE2086
11-06 14:28:39.316  9440  9470 E IMGMapper: set:488 set: Unset optional value from type CTA861_3
11-06 14:28:39.332  9440  9470 E IMGMapper: set:488 set: Unset optional value from type SMPTE2086
11-06 14:28:39.332  9440  9470 E IMGMapper: set:488 set: Unset optional value from type CTA861_3
11-06 14:28:39.349  9440  9470 E IMGMapper: set:488 set: Unset optional value from type SMPTE2086
11-06 14:28:39.349  9440  9470 E IMGMapper: set:488 set: Unset optional value from type CTA861_3
11-06 14:28:39.364  9440  9470 E IMGMapper: set:488 set: Unset optional value from type SMPTE2086
11-06 14:28:39.364  9440  9470 E IMGMapper: set:488 set: Unset optional value from type CTA861_3
11-06 14:28:39.383  9440  9470 E IMGMapper: set:488 set: Unset optional value from type SMPTE2086
11-06 14:28:39.383  9440  9470 E IMGMapper: set:488 set: Unset optional value from type CTA861_3
11-06 14:28:39.400  9440  9470 E IMGMapper: set:488 set: Unset optional value from type SMPTE2086
11-06 14:28:39.400  9440  9470 E IMGMapper: set:488 set: Unset optional value from type CTA861_3
11-06 14:28:39.416  9440  9470 E IMGMapper: set:488 set: Unset optional value from type SMPTE2086
11-06 14:28:39.416  9440  9470 E IMGMapper: set:488 set: Unset optional value from type CTA861_3
11-06 14:28:39.432  9440  9470 E IMGMapper: set:488 set: Unset optional value from type SMPTE2086
11-06 14:28:39.432  9440  9470 E IMGMapper: set:488 set: Unset optional value from type CTA861_3
11-06 14:28:39.440  1205  1205 I thermal_repeater: socket -1
11-06 14:28:39.448  9440  9470 E IMGMapper: set:488 set: Unset optional value from type SMPTE2086
11-06 14:28:39.448  9440  9470 E IMGMapper: set:488 set: Unset optional value from type CTA861_3
11-06 14:28:39.465  9440  9470 E IMGMapper: set:488 set: Unset optional value from type SMPTE2086
11-06 14:28:39.465  9440  9470 E IMGMapper: set:488 set: Unset optional value from type CTA861_3
11-06 14:28:39.470  1039  1039 I BufferQueueProducer: [com.cinemamovel/com.cinemamovel.MainActivity$_9440#692367](this:0xb400007a1f708838,id:-1,api:0,p:-1,c:1039) queueBuffer: fps=57.13 dur=1015.23 max=33.44 min=16.25
11-06 14:28:39.472   991 11009 I hwcomposer: [HWCDisplay] [Display_0 (type:1)] fps:57.122231,dur:1015.37,max:33.75,min:15.76  
11-06 14:28:39.481  1693  1693 I WifiHAL : Get link layer stats
11-06 14:28:39.481  1693  1693 I WifiHAL : GetLinkStatsCommand::create
11-06 14:28:39.481  1693  1693 D android.hardware.wifi@1.0-service-lazy: WifiRequest::create vendor command to iface 38, vendor_id=0x1a11, subcmd=0x1200, res=0
11-06 14:28:39.481  1693  1693 I android.hardware.wifi@1.0-service-lazy: WifiCommand::requestResponse err=-95
11-06 14:28:39.481  1693  1693 I WifiHAL : wifi_get_link_stats: result=-3
11-06 14:28:39.482  1187  1566 E WifiVendorHal: getWifiLinkLayerStats_1_5_Internal(l.1179) failed {.code = ERROR_NOT_SUPPORTED, .description = }
11-06 14:28:39.488  1187 22074 D SemWifiUsabilityStatsMonitor: onWifiUsabilityStats - seqNum 112083, isSameBssidAndFreq true
11-06 14:28:39.489  1187  1645 I SemWifiLinkQualityMonitor: Link Qos query: inf. ms / 0 Mbps
11-06 14:28:39.500  9440  9470 E IMGMapper: set:488 set: Unset optional value from type SMPTE2086
11-06 14:28:39.500  9440  9470 E IMGMapper: set:488 set: Unset optional value from type CTA861_3
11-06 14:28:39.510  9440  9470 E IMGMapper: set:488 set: Unset optional value from type SMPTE2086
11-06 14:28:39.510  9440  9470 E IMGMapper: set:488 set: Unset optional value from type CTA861_3
11-06 14:28:39.545  9440  9470 E IMGMapper: set:488 set: Unset optional value from type SMPTE2086
11-06 14:28:39.545  9440  9470 E IMGMapper: set:488 set: Unset optional value from type CTA861_3
11-06 14:28:39.557  9440  9470 E IMGMapper: set:488 set: Unset optional value from type SMPTE2086
11-06 14:28:39.557  9440  9470 E IMGMapper: set:488 set: Unset optional value from type CTA861_3
11-06 14:28:39.565  9440  9470 E IMGMapper: set:488 set: Unset optional value from type SMPTE2086
11-06 14:28:39.565  9440  9470 E IMGMapper: set:488 set: Unset optional value from type CTA861_3
11-06 14:28:39.581  9440  9470 E IMGMapper: set:488 set: Unset optional value from type SMPTE2086
11-06 14:28:39.581  9440  9470 E IMGMapper: set:488 set: Unset optional value from type CTA861_3
11-06 14:28:39.598  9440  9470 E IMGMapper: set:488 set: Unset optional value from type SMPTE2086
11-06 14:28:39.598  9440  9470 E IMGMapper: set:488 set: Unset optional value from type CTA861_3
11-06 14:28:39.614  9440  9470 E IMGMapper: set:488 set: Unset optional value from type SMPTE2086
11-06 14:28:39.614  9440  9470 E IMGMapper: set:488 set: Unset optional value from type CTA861_3
11-06 14:28:39.618 10158 10158 I wpa_supplicant: Heartbeat 880
11-06 14:28:39.631  9440  9470 E IMGMapper: set:488 set: Unset optional value from type SMPTE2086
11-06 14:28:39.631  9440  9470 E IMGMapper: set:488 set: Unset optional value from type CTA861_3
11-06 14:28:39.648  9440  9470 E IMGMapper: set:488 set: Unset optional value from type SMPTE2086
11-06 14:28:39.649  9440  9470 E IMGMapper: set:488 set: Unset optional value from type CTA861_3
11-06 14:28:39.665  9440  9470 E IMGMapper: set:488 set: Unset optional value from type SMPTE2086
11-06 14:28:39.665  9440  9470 E IMGMapper: set:488 set: Unset optional value from type CTA861_3
11-06 14:28:39.681  9440  9470 E IMGMapper: set:488 set: Unset optional value from type SMPTE2086
11-06 14:28:39.681  9440  9470 E IMGMapper: set:488 set: Unset optional value from type CTA861_3
11-06 14:28:39.698  9440  9470 E IMGMapper: set:488 set: Unset optional value from type SMPTE2086
11-06 14:28:39.699  1737  1942 D MobileStatusTracker(0/2): onSignalStrengthsChanged level=4, vendorLevel=3
11-06 14:28:39.699  9440  9470 E IMGMapper: set:488 set: Unset optional value from type CTA861_3
11-06 14:28:39.701  1737  1942 D MobileSignalController(0/2): notifyListener: enabled=true, connected=true, dataConnected=true, networkType=LTE (4G), emergencyOnly=false, roaming=false, isDefault=false, dataActivity=, level=3, ca=false, mmWave=false, disabledDataIcon=false, simCard=ETC
11-06 14:28:39.702  1737  1942 D NetworkController: SignalStrength from intent slotId=0
11-06 14:28:39.722  9440  9470 E IMGMapper: set:488 set: Unset optional value from type SMPTE2086
11-06 14:28:39.723  9440  9470 E IMGMapper: set:488 set: Unset optional value from type CTA861_3
11-06 14:28:39.740  9440  9470 E IMGMapper: set:488 set: Unset optional value from type SMPTE2086
11-06 14:28:39.740  9440  9470 E IMGMapper: set:488 set: Unset optional value from type CTA861_3
11-06 14:28:39.775  9440  9470 E IMGMapper: set:488 set: Unset optional value from type SMPTE2086
11-06 14:28:39.775  9440  9470 E IMGMapper: set:488 set: Unset optional value from type CTA861_3
11-06 14:28:39.783  9440  9470 E IMGMapper: set:488 set: Unset optional value from type SMPTE2086
11-06 14:28:39.784  9440  9470 E IMGMapper: set:488 set: Unset optional value from type CTA861_3
11-06 14:28:39.799  9440  9470 E IMGMapper: set:488 set: Unset optional value from type SMPTE2086
11-06 14:28:39.800  9440  9470 E IMGMapper: set:488 set: Unset optional value from type CTA861_3
11-06 14:28:39.817  9440  9470 E IMGMapper: set:488 set: Unset optional value from type SMPTE2086
11-06 14:28:39.817  9440  9470 E IMGMapper: set:488 set: Unset optional value from type CTA861_3
11-06 14:28:39.833  9440  9470 E IMGMapper: set:488 set: Unset optional value from type SMPTE2086
11-06 14:28:39.833  9440  9470 E IMGMapper: set:488 set: Unset optional value from type CTA861_3
11-06 14:28:39.848  9440  9470 E IMGMapper: set:488 set: Unset optional value from type SMPTE2086
11-06 14:28:39.848  9440  9470 E IMGMapper: set:488 set: Unset optional value from type CTA861_3
11-06 14:28:39.864  9440  9470 E IMGMapper: set:488 set: Unset optional value from type SMPTE2086
11-06 14:28:39.864  9440  9470 E IMGMapper: set:488 set: Unset optional value from type CTA861_3
11-06 14:28:39.882  9440  9470 E IMGMapper: set:488 set: Unset optional value from type SMPTE2086
11-06 14:28:39.882  9440  9470 E IMGMapper: set:488 set: Unset optional value from type CTA861_3
11-06 14:28:39.899  9440  9470 E IMGMapper: set:488 set: Unset optional value from type SMPTE2086
11-06 14:28:39.899  9440  9470 E IMGMapper: set:488 set: Unset optional value from type CTA861_3
11-06 14:28:39.915  9440  9470 E IMGMapper: set:488 set: Unset optional value from type SMPTE2086
11-06 14:28:39.915  9440  9470 E IMGMapper: set:488 set: Unset optional value from type CTA861_3
11-06 14:28:39.931  9440  9470 E IMGMapper: set:488 set: Unset optional value from type SMPTE2086
11-06 14:28:39.932  9440  9470 E IMGMapper: set:488 set: Unset optional value from type CTA861_3
11-06 14:28:39.952  9440  9470 E IMGMapper: set:488 set: Unset optional value from type SMPTE2086
11-06 14:28:39.952  9440  9470 E IMGMapper: set:488 set: Unset optional value from type CTA861_3
11-06 14:28:39.966  9440  9470 E IMGMapper: set:488 set: Unset optional value from type SMPTE2086
11-06 14:28:39.966  9440  9470 E IMGMapper: set:488 set: Unset optional value from type CTA861_3
11-06 14:28:39.982  9440  9470 E IMGMapper: set:488 set: Unset optional value from type SMPTE2086
11-06 14:28:39.982  9440  9470 E IMGMapper: set:488 set: Unset optional value from type CTA861_3
11-06 14:28:39.998  9440  9470 E IMGMapper: set:488 set: Unset optional value from type SMPTE2086
11-06 14:28:39.998  9440  9470 E IMGMapper: set:488 set: Unset optional value from type CTA861_3
11-06 14:28:40.015  9440  9470 E IMGMapper: set:488 set: Unset optional value from type SMPTE2086
11-06 14:28:40.015  9440  9470 E IMGMapper: set:488 set: Unset optional value from type CTA861_3
11-06 14:28:40.037  9440  9470 E IMGMapper: set:488 set: Unset optional value from type SMPTE2086
11-06 14:28:40.037  9440  9470 E IMGMapper: set:488 set: Unset optional value from type CTA861_3
11-06 14:28:40.050  9440  9470 E IMGMapper: set:488 set: Unset optional value from type SMPTE2086
11-06 14:28:40.050  9440  9470 E IMGMapper: set:488 set: Unset optional value from type CTA861_3
11-06 14:28:40.064  9440  9470 E IMGMapper: set:488 set: Unset optional value from type SMPTE2086
11-06 14:28:40.065  9440  9470 E IMGMapper: set:488 set: Unset optional value from type CTA861_3
11-06 14:28:40.079   999   999 D IMGMemtrackHAL: hal_get_memory: memtrack cache rebuild was required
11-06 14:28:40.085  9440  9470 E IMGMapper: set:488 set: Unset optional value from type SMPTE2086
11-06 14:28:40.085  9440  9470 E IMGMapper: set:488 set: Unset optional value from type CTA861_3
11-06 14:28:40.098  9440  9470 E IMGMapper: set:488 set: Unset optional value from type SMPTE2086
11-06 14:28:40.098  9440  9470 E IMGMapper: set:488 set: Unset optional value from type CTA861_3
11-06 14:28:40.114  9440  9470 E IMGMapper: set:488 set: Unset optional value from type SMPTE2086
11-06 14:28:40.114  9440  9470 E IMGMapper: set:488 set: Unset optional value from type CTA861_3
11-06 14:28:40.132  9440  9470 E IMGMapper: set:488 set: Unset optional value from type SMPTE2086
11-06 14:28:40.132  9440  9470 E IMGMapper: set:488 set: Unset optional value from type CTA861_3
11-06 14:28:40.149  9440  9470 E IMGMapper: set:488 set: Unset optional value from type SMPTE2086
11-06 14:28:40.149  9440  9470 E IMGMapper: set:488 set: Unset optional value from type CTA861_3
11-06 14:28:40.167  9440  9470 E IMGMapper: set:488 set: Unset optional value from type SMPTE2086
11-06 14:28:40.167  9440  9470 E IMGMapper: set:488 set: Unset optional value from type CTA861_3
11-06 14:28:40.183  9440  9470 E IMGMapper: set:488 set: Unset optional value from type SMPTE2086
11-06 14:28:40.183  9440  9470 E IMGMapper: set:488 set: Unset optional value from type CTA861_3
11-06 14:28:40.195   999   999 D IMGMemtrackHAL: hal_get_memory: memtrack cache rebuild was required
11-06 14:28:40.197  9440  9470 E IMGMapper: set:488 set: Unset optional value from type SMPTE2086
11-06 14:28:40.197  9440  9470 E IMGMapper: set:488 set: Unset optional value from type CTA861_3
11-06 14:28:40.216  9440  9470 E IMGMapper: set:488 set: Unset optional value from type SMPTE2086
11-06 14:28:40.216  9440  9470 E IMGMapper: set:488 set: Unset optional value from type CTA861_3
11-06 14:28:40.230  9440  9470 E IMGMapper: set:488 set: Unset optional value from type SMPTE2086
11-06 14:28:40.230  9440  9470 E IMGMapper: set:488 set: Unset optional value from type CTA861_3
11-06 14:28:40.233  1187  2579 D InputDispatcher: Inject motion (9649/2000): action=0x0, time=3434977899000000, f=0x0, d=0 dsdx=1.000000 dtdx=0.000000
11-06 14:28:40.233  1187  1534 I InputDispatcher: Delivering touch to (1737): action: 0x4, f=0x0, d=0, 'd92b8ad', t=1 
