11-06 14:28:40.233  1187  1534 I InputDispatcher: Delivering touch to (9440): action: 0x0, f=0x0, d=0, 'f7d67ea', t=1 
11-06 14:28:40.234  1187  1534 D PowerManagerService: [api] userActivityFromNative :  (event: 2 flags: 0 displayId: 0) eventTime = 3434977899
11-06 14:28:40.234  9440  9440 I ViewRootImpl@2b9cfc[MainActivity]: ViewPostIme pointer 0
11-06 14:28:40.234  1187  1303 I GestureDetector: obtain mCurrentDownEvent. id: -483957743 caller: com.android.server.wm.SystemGesturesPointerEventListener.onPointerEvent:203 com.android.server.wm.PointerEventDispatcher.onInputEvent:53 android.view.InputEventReceiver.dispatchInputEvent:285 
11-06 14:28:40.234  1187  1303 I GestureDetector: obtain mCurrentDownEvent. id: -483957743 caller: com.android.server.wm.SystemPerformancePointerEventListener.onPointerEvent:89 com.android.server.wm.PointerEventDispatcher.onInputEvent:53 android.view.InputEventReceiver.dispatchInputEvent:285 
11-06 14:28:40.243  1187  1303 I GestureDetector: obtain mCurrentMotionEventRaw. action: 2 id: -134973490
11-06 14:28:40.244  1187  1303 I GestureDetector: obtain mCurrentMotionEventRaw. action: 2 id: -134973490
11-06 14:28:40.250   896   910 I mtkpower_client: perf_lock_rel, hdl:1056716, tid:910
11-06 14:28:40.250   896   910 I mtkpower_client: perf_lock_acq, hdl:0, dur:0, num:2, tid:910
11-06 14:28:40.251  1014  1065 I libPowerHal: [perfLockRel] hdl:1056716, idx:1
11-06 14:28:40.251  1014  1065 I libPowerHal: vendor.samsung.: cpu_ctrl set cpu freq: 1218000 -1 -1 -1
11-06 14:28:40.252   896   910 I mtkpower_client: ret_hdl:1056718
11-06 14:28:40.252   896   910 I mtkpower_client: perf_lock_rel, hdl:1056717, tid:910
11-06 14:28:40.252  1014  1065 I libPowerHal: [perfLockAcq] idx:2 hdl:1056718 hint:-1 pid:896 duration:0 lock_user:vendor.samsung. => ret_hdl:1056718
11-06 14:28:40.252  1014  1065 I libPowerHal: vendor.samsung.: cpu_ctrl set cpu freq: 1218000 -1 1138000 -1
11-06 14:28:40.254   896   910 I mtkpower_client: perf_lock_acq, hdl:0, dur:0, num:2, tid:910
11-06 14:28:40.255  9440  9470 E IMGMapper: set:488 set: Unset optional value from type SMPTE2086
11-06 14:28:40.255  9440  9470 E IMGMapper: set:488 set: Unset optional value from type CTA861_3
11-06 14:28:40.257  1014  1065 I libPowerHal: [perfLockRel] hdl:1056717, idx:0
11-06 14:28:40.257  1014  1065 I libPowerHal: vendor.samsung.: cpu_ctrl set cpu freq: -1 -1 1138000 -1
11-06 14:28:40.259   896   910 I mtkpower_client: ret_hdl:1056719
11-06 14:28:40.259   896   910 I HYPER-HAL: [RequestManager.cpp]releaseLocked(): Released ID : 725427
11-06 14:28:40.259  1014  1065 I libPowerHal: [perfLockAcq] idx:1 hdl:1056719 hint:-1 pid:896 duration:0 lock_user:vendor.samsung. => ret_hdl:1056719
11-06 14:28:40.260  1014  1065 I libPowerHal: vendor.samsung.: cpu_ctrl set cpu freq: 1218000 -1 1138000 -1
11-06 14:28:40.267  9440  9470 E IMGMapper: set:488 set: Unset optional value from type SMPTE2086
11-06 14:28:40.267  9440  9470 E IMGMapper: set:488 set: Unset optional value from type CTA861_3
11-06 14:28:40.299  9440  9470 E IMGMapper: set:488 set: Unset optional value from type SMPTE2086
11-06 14:28:40.299  9440  9470 E IMGMapper: set:488 set: Unset optional value from type CTA861_3
11-06 14:28:40.308  9440  9470 E IMGMapper: set:488 set: Unset optional value from type SMPTE2086
11-06 14:28:40.308  9440  9470 E IMGMapper: set:488 set: Unset optional value from type CTA861_3
11-06 14:28:40.316  9440  9470 E IMGMapper: set:488 set: Unset optional value from type SMPTE2086
11-06 14:28:40.316  9440  9470 E IMGMapper: set:488 set: Unset optional value from type CTA861_3
11-06 14:28:40.332  9440  9470 E IMGMapper: set:488 set: Unset optional value from type SMPTE2086
11-06 14:28:40.332  9440  9470 E IMGMapper: set:488 set: Unset optional value from type CTA861_3
11-06 14:28:40.349  9440  9470 E IMGMapper: set:488 set: Unset optional value from type SMPTE2086
11-06 14:28:40.349  9440  9470 E IMGMapper: set:488 set: Unset optional value from type CTA861_3
11-06 14:28:40.367  9440  9470 E IMGMapper: set:488 set: Unset optional value from type SMPTE2086
11-06 14:28:40.367  9440  9470 E IMGMapper: set:488 set: Unset optional value from type CTA861_3
11-06 14:28:40.383  9440  9470 E IMGMapper: set:488 set: Unset optional value from type SMPTE2086
11-06 14:28:40.383  9440  9470 E IMGMapper: set:488 set: Unset optional value from type CTA861_3
11-06 14:28:40.409  9440  9470 E IMGMapper: set:488 set: Unset optional value from type SMPTE2086
11-06 14:28:40.409  9440  9470 E IMGMapper: set:488 set: Unset optional value from type CTA861_3
11-06 14:28:40.422  9440  9470 E IMGMapper: set:488 set: Unset optional value from type SMPTE2086
11-06 14:28:40.423  9440  9470 E IMGMapper: set:488 set: Unset optional value from type CTA861_3
11-06 14:28:40.432  9440  9470 E IMGMapper: set:488 set: Unset optional value from type SMPTE2086
11-06 14:28:40.432  9440  9470 E IMGMapper: set:488 set: Unset optional value from type CTA861_3
11-06 14:28:40.448  9440  9470 E IMGMapper: set:488 set: Unset optional value from type SMPTE2086
11-06 14:28:40.448  9440  9470 E IMGMapper: set:488 set: Unset optional value from type CTA861_3
11-06 14:28:40.464  9440  9470 E IMGMapper: set:488 set: Unset optional value from type SMPTE2086
11-06 14:28:40.464  9440  9470 E IMGMapper: set:488 set: Unset optional value from type CTA861_3
11-06 14:28:40.480  9440  9470 E IMGMapper: set:488 set: Unset optional value from type SMPTE2086
11-06 14:28:40.480  9440  9470 E IMGMapper: set:488 set: Unset optional value from type CTA861_3
11-06 14:28:40.486  1039  1039 I BufferQueueProducer: [com.cinemamovel/com.cinemamovel.MainActivity$_9440#692367](this:0xb400007a1f708838,id:-1,api:0,p:-1,c:1039) queueBuffer: fps=58.09 dur=1015.65 max=33.35 min=16.47
11-06 14:28:40.488   991 11009 I hwcomposer: [HWCDisplay] [Display_0 (type:1)] fps:58.086323,dur:1015.73,max:33.65,min:16.10  
11-06 14:28:40.501  9440  9470 E IMGMapper: set:488 set: Unset optional value from type SMPTE2086
11-06 14:28:40.501  9440  9470 E IMGMapper: set:488 set: Unset optional value from type CTA861_3
11-06 14:28:40.517  9440  9470 E IMGMapper: set:488 set: Unset optional value from type SMPTE2086
11-06 14:28:40.517  9440  9470 E IMGMapper: set:488 set: Unset optional value from type CTA861_3
11-06 14:28:40.535  9440  9470 E IMGMapper: set:488 set: Unset optional value from type SMPTE2086
11-06 14:28:40.535  9440  9470 E IMGMapper: set:488 set: Unset optional value from type CTA861_3
11-06 14:28:40.541  1187  2579 D InputDispatcher: Inject motion (9649/2000): action=0x1, time=3434978207000000, f=0x0, d=0 dsdx=1.000000 dtdx=0.000000
11-06 14:28:40.542  1187  1534 I InputDispatcher: Delivering touch to (9440): action: 0x1, f=0x0, d=0, 'f7d67ea', t=1 
11-06 14:28:40.543  1187  1187 I SemDvfsHyPerManager: acquire hyper - SMOOTH_SCROLL/1187@17, type = -999
11-06 14:28:40.544   896   910 I HYPER-HAL: [RequestManager.cpp]acquire(): Acquired ID : 725427  [1187 / 17]    HINT : SMOOTH_SCROLL    list : 
11-06 14:28:40.545   896   910 I mtkpower_client: perf_lock_rel, hdl:1056718, tid:910
11-06 14:28:40.545  1014  1065 I libPowerHal: [perfLockRel] hdl:1056718, idx:2
11-06 14:28:40.546  1014  1065 I libPowerHal: vendor.samsung.: cpu_ctrl set cpu freq: 1218000 -1 -1 -1
11-06 14:28:40.547  9440  9440 I ViewRootImpl@2b9cfc[MainActivity]: ViewPostIme pointer 1
11-06 14:28:40.548   896   910 I mtkpower_client: perf_lock_acq, hdl:0, dur:0, num:2, tid:910
11-06 14:28:40.550  1014  1065 I libPowerHal: [perfLockAcq] idx:0 hdl:1056720 hint:-1 pid:896 duration:0 lock_user:vendor.samsung. => ret_hdl:1056720
11-06 14:28:40.550  1014  1065 I libPowerHal: vendor.samsung.: cpu_ctrl set cpu freq: 1218000 -1 1138000 -1
11-06 14:28:40.551  1187  1187 D SGM:GameManager: identifyGamePackage. com.cinemamovel, mCurrentUserId: 0, callerUserId: 0, callingMethodInfo: com.android.server.ssrm.fgapps.GameAppUtils.isGame(GameAppUtils.java:84)
11-06 14:28:40.551  1187  1187 D SGM:PkgDataHelper: getGamePkgData(). com.cinemamovel
11-06 14:28:40.551  1187  1187 I SemDvfsHyPerManager: acquire hyper - GESTURE_DETECTED/1187@18, type = -999
11-06 14:28:40.552  9440  9470 E IMGMapper: set:488 set: Unset optional value from type SMPTE2086
11-06 14:28:40.552  9440  9470 E IMGMapper: set:488 set: Unset optional value from type CTA861_3
11-06 14:28:40.553   896   910 I mtkpower_client: ret_hdl:1056720
11-06 14:28:40.553   896   910 I mtkpower_client: perf_lock_rel, hdl:1056719, tid:910
11-06 14:28:40.554   896   910 I mtkpower_client: perf_lock_acq, hdl:0, dur:0, num:2, tid:910
11-06 14:28:40.554  1014  1065 I libPowerHal: [perfLockRel] hdl:1056719, idx:1
11-06 14:28:40.554  1014  1065 I libPowerHal: vendor.samsung.: cpu_ctrl set cpu freq: -1 -1 1138000 -1
11-06 14:28:40.555   896   910 I mtkpower_client: ret_hdl:1056721
11-06 14:28:40.556   896   910 I mtkpower_client: perf_lock_rel, hdl:1056720, tid:910
11-06 14:28:40.556  1014  1065 I libPowerHal: [perfLockAcq] idx:2 hdl:1056721 hint:-1 pid:896 duration:0 lock_user:vendor.samsung. => ret_hdl:1056721
11-06 14:28:40.556  1187  1187 D SGM:GameManager: identifyGamePackage. com.cinemamovel, mCurrentUserId: 0, callerUserId: 0, callingMethodInfo: com.android.server.ssrm.fgapps.GameAppUtils.isGame(GameAppUtils.java:84)
11-06 14:28:40.556  1187  1187 D SGM:PkgDataHelper: getGamePkgData(). com.cinemamovel
11-06 14:28:40.556  1187  1187 I SemDvfsHyPerManager: acquire hyper - GESTURE_DETECTED/1187@18, type = -999
11-06 14:28:40.556  1014  1065 I libPowerHal: vendor.samsung.: cpu_ctrl set cpu freq: 1218000 -1 1138000 -1
11-06 14:28:40.557  1187  1187 I SemDvfsHyPerManager: acquire hyper - SMOOTH_SCROLL/1187@17, type = -999
11-06 14:28:40.557   896   910 I mtkpower_client: perf_lock_acq, hdl:0, dur:0, num:2, tid:910
11-06 14:28:40.558  1014  1065 I libPowerHal: [perfLockRel] hdl:1056720, idx:0
11-06 14:28:40.558  1014  1065 I libPowerHal: vendor.samsung.: cpu_ctrl set cpu freq: 1218000 -1 -1 -1
11-06 14:28:40.559   896   910 I mtkpower_client: ret_hdl:1056722
11-06 14:28:40.559  1014  1065 I libPowerHal: [perfLockAcq] idx:1 hdl:1056722 hint:-1 pid:896 duration:0 lock_user:vendor.samsung. => ret_hdl:1056722
11-06 14:28:40.559   896   910 I mtkpower_client: perf_lock_rel, hdl:1056721, tid:910
11-06 14:28:40.560  1014  1065 I libPowerHal: vendor.samsung.: cpu_ctrl set cpu freq: 1218000 -1 1138000 -1
11-06 14:28:40.560   896   910 I mtkpower_client: perf_lock_acq, hdl:0, dur:0, num:2, tid:910
11-06 14:28:40.560  1014  1065 I libPowerHal: [perfLockRel] hdl:1056721, idx:2
11-06 14:28:40.561  1014  1065 I libPowerHal: vendor.samsung.: cpu_ctrl set cpu freq: -1 -1 1138000 -1
11-06 14:28:40.561   896   910 I mtkpower_client: ret_hdl:1056723
11-06 14:28:40.562   896   910 I HYPER-HAL: [RequestManager.cpp]releaseLocked(): Released ID : 725427
11-06 14:28:40.562   896   910 I HYPER-HAL: [RequestManager.cpp]acquire(): Acquired ID : 726633  [1187 / 18]    HINT : GESTURE_DETECTED    list : [TIMEOUT / 1702] 
11-06 14:28:40.562  1014  1065 I libPowerHal: [perfLockAcq] idx:0 hdl:1056723 hint:-1 pid:896 duration:0 lock_user:vendor.samsung. => ret_hdl:1056723
11-06 14:28:40.562   896   910 I HYPER-HAL: [RequestManager.cpp]acquire(): Acquired ID : 726633  [1187 / 18]    HINT : GESTURE_DETECTED    list : [TIMEOUT / 1702] 
11-06 14:28:40.562   896   910 I HYPER-HAL: [RequestManager.cpp]acquire(): Acquired ID : 725427  [1187 / 17]    HINT : SMOOTH_SCROLL    list : 
11-06 14:28:40.562  1014  1065 I libPowerHal: vendor.samsung.: cpu_ctrl set cpu freq: 1218000 -1 1138000 -1
11-06 14:28:40.563   896   910 I mtkpower_client: perf_lock_rel, hdl:1056722, tid:910
11-06 14:28:40.563   896   910 I mtkpower_client: perf_lock_acq, hdl:0, dur:0, num:2, tid:910
11-06 14:28:40.563  1014  1065 I libPowerHal: [perfLockRel] hdl:1056722, idx:1
11-06 14:28:40.564  1014  1065 I libPowerHal: vendor.samsung.: cpu_ctrl set cpu freq: 1218000 -1 -1 -1
11-06 14:28:40.565  1014  1065 I libPowerHal: [perfLockAcq] idx:2 hdl:1056724 hint:-1 pid:896 duration:0 lock_user:vendor.samsung. => ret_hdl:1056724
11-06 14:28:40.565   896   910 I mtkpower_client: ret_hdl:1056724
11-06 14:28:40.565   896   910 I mtkpower_client: perf_lock_rel, hdl:1056723, tid:910
11-06 14:28:40.565  1014  1065 I libPowerHal: vendor.samsung.: cpu_ctrl set cpu freq: 1218000 -1 1138000 -1
11-06 14:28:40.567   896   910 I mtkpower_client: perf_lock_acq, hdl:0, dur:0, num:2, tid:910
11-06 14:28:40.567  1014  1065 I libPowerHal: [perfLockRel] hdl:1056723, idx:0
11-06 14:28:40.568  1014  1065 I libPowerHal: vendor.samsung.: cpu_ctrl set cpu freq: -1 -1 1138000 -1
11-06 14:28:40.571   896   910 I mtkpower_client: ret_hdl:1056725
11-06 14:28:40.571  1014  1065 I libPowerHal: [perfLockAcq] idx:0 hdl:1056725 hint:-1 pid:896 duration:0 lock_user:vendor.samsung. => ret_hdl:1056725
11-06 14:28:40.572  1014  1065 I libPowerHal: vendor.samsung.: cpu_ctrl set cpu freq: 1218000 -1 1138000 -1
11-06 14:28:40.572  9440  9470 E IMGMapper: set:488 set: Unset optional value from type SMPTE2086
11-06 14:28:40.573  9440  9470 E IMGMapper: set:488 set: Unset optional value from type CTA861_3
11-06 14:28:40.585  9440  9470 E IMGMapper: set:488 set: Unset optional value from type SMPTE2086
11-06 14:28:40.585  9440  9470 E IMGMapper: set:488 set: Unset optional value from type CTA861_3
11-06 14:28:40.601  9440  9470 E IMGMapper: set:488 set: Unset optional value from type SMPTE2086
11-06 14:28:40.601  9440  9470 E IMGMapper: set:488 set: Unset optional value from type CTA861_3
11-06 14:28:40.614  9440  9470 E IMGMapper: set:488 set: Unset optional value from type SMPTE2086
11-06 14:28:40.614  9440  9470 E IMGMapper: set:488 set: Unset optional value from type CTA861_3
11-06 14:28:40.639  9440  9470 E IMGMapper: set:488 set: Unset optional value from type SMPTE2086
11-06 14:28:40.639  9440  9470 E IMGMapper: set:488 set: Unset optional value from type CTA861_3
11-06 14:28:40.655  9440  9470 E IMGMapper: set:488 set: Unset optional value from type SMPTE2086
11-06 14:28:40.655  9440  9470 E IMGMapper: set:488 set: Unset optional value from type CTA861_3
11-06 14:28:40.690  9440  9470 E IMGMapper: set:488 set: Unset optional value from type SMPTE2086
11-06 14:28:40.690  9440  9470 E IMGMapper: set:488 set: Unset optional value from type CTA861_3
11-06 14:28:40.699  9440  9470 E IMGMapper: set:488 set: Unset optional value from type SMPTE2086
11-06 14:28:40.699  9440  9470 E IMGMapper: set:488 set: Unset optional value from type CTA861_3
11-06 14:28:40.713  9440  9470 E IMGMapper: set:488 set: Unset optional value from type SMPTE2086
11-06 14:28:40.713  9440  9470 E IMGMapper: set:488 set: Unset optional value from type CTA861_3
11-06 14:28:40.732  9440  9470 E IMGMapper: set:488 set: Unset optional value from type SMPTE2086
11-06 14:28:40.732  9440  9470 E IMGMapper: set:488 set: Unset optional value from type CTA861_3
11-06 14:28:40.746  9440  9470 E IMGMapper: set:488 set: Unset optional value from type SMPTE2086
11-06 14:28:40.746  9440  9470 E IMGMapper: set:488 set: Unset optional value from type CTA861_3
11-06 14:28:40.765  9440  9470 E IMGMapper: set:488 set: Unset optional value from type SMPTE2086
11-06 14:28:40.765  9440  9470 E IMGMapper: set:488 set: Unset optional value from type CTA861_3
11-06 14:28:40.780  9440  9470 E IMGMapper: set:488 set: Unset optional value from type SMPTE2086
11-06 14:28:40.780  9440  9470 E IMGMapper: set:488 set: Unset optional value from type CTA861_3
11-06 14:28:40.800  9440  9470 E IMGMapper: set:488 set: Unset optional value from type SMPTE2086
11-06 14:28:40.801  9440  9470 E IMGMapper: set:488 set: Unset optional value from type CTA861_3
11-06 14:28:40.817  9440  9470 E IMGMapper: set:488 set: Unset optional value from type SMPTE2086
11-06 14:28:40.818  9440  9470 E IMGMapper: set:488 set: Unset optional value from type CTA861_3
11-06 14:28:40.830  9440  9470 E IMGMapper: set:488 set: Unset optional value from type SMPTE2086
11-06 14:28:40.830  9440  9470 E IMGMapper: set:488 set: Unset optional value from type CTA861_3
11-06 14:28:40.836  1200  1324 D ULogGuard: Monitoring: 16 threads, 0 requests, 0 time-bombs; 1 guards. ResetFlags = 0x7
11-06 14:28:40.848  9440  9470 E IMGMapper: set:488 set: Unset optional value from type SMPTE2086
11-06 14:28:40.848  9440  9470 E IMGMapper: set:488 set: Unset optional value from type CTA861_3
11-06 14:28:40.871  9440  9470 E IMGMapper: set:488 set: Unset optional value from type SMPTE2086
11-06 14:28:40.871  9440  9470 E IMGMapper: set:488 set: Unset optional value from type CTA861_3
11-06 14:28:40.886  9440  9470 E IMGMapper: set:488 set: Unset optional value from type SMPTE2086
11-06 14:28:40.886  9440  9470 E IMGMapper: set:488 set: Unset optional value from type CTA861_3
11-06 14:28:40.924  9440  9470 E IMGMapper: set:488 set: Unset optional value from type SMPTE2086
11-06 14:28:40.924  9440  9470 E IMGMapper: set:488 set: Unset optional value from type CTA861_3
11-06 14:28:40.932  9440  9470 E IMGMapper: set:488 set: Unset optional value from type SMPTE2086
11-06 14:28:40.932  9440  9470 E IMGMapper: set:488 set: Unset optional value from type CTA861_3
11-06 14:28:40.948  9440  9470 E IMGMapper: set:488 set: Unset optional value from type SMPTE2086
11-06 14:28:40.948  9440  9470 E IMGMapper: set:488 set: Unset optional value from type CTA861_3
11-06 14:28:40.964  9440  9470 E IMGMapper: set:488 set: Unset optional value from type SMPTE2086
11-06 14:28:40.965  9440  9470 E IMGMapper: set:488 set: Unset optional value from type CTA861_3
11-06 14:28:40.980  9440  9470 E IMGMapper: set:488 set: Unset optional value from type SMPTE2086
11-06 14:28:40.980  9440  9470 E IMGMapper: set:488 set: Unset optional value from type CTA861_3
11-06 14:28:40.980  1737  1942 D MobileStatusTracker(0/2): onSignalStrengthsChanged level=4, vendorLevel=3
11-06 14:28:40.982  1737  1942 D MobileSignalController(0/2): notifyListener: enabled=true, connected=true, dataConnected=true, networkType=LTE (4G), emergencyOnly=false, roaming=false, isDefault=false, dataActivity=, level=3, ca=false, mmWave=false, disabledDataIcon=false, simCard=ETC
11-06 14:28:40.984  1737  1942 D NetworkController: SignalStrength from intent slotId=0
11-06 14:28:40.996  9440  9470 E IMGMapper: set:488 set: Unset optional value from type SMPTE2086
11-06 14:28:40.996  9440  9470 E IMGMapper: set:488 set: Unset optional value from type CTA861_3
11-06 14:28:41.013  9440  9470 E IMGMapper: set:488 set: Unset optional value from type SMPTE2086
11-06 14:28:41.013  9440  9470 E IMGMapper: set:488 set: Unset optional value from type CTA861_3
11-06 14:28:41.030  9440  9470 E IMGMapper: set:488 set: Unset optional value from type SMPTE2086
11-06 14:28:41.030  9440  9470 E IMGMapper: set:488 set: Unset optional value from type CTA861_3
11-06 14:28:41.046  9440  9470 E IMGMapper: set:488 set: Unset optional value from type SMPTE2086
11-06 14:28:41.046  9440  9470 E IMGMapper: set:488 set: Unset optional value from type CTA861_3
11-06 14:28:41.070  9440  9470 E IMGMapper: set:488 set: Unset optional value from type SMPTE2086
11-06 14:28:41.070  9440  9470 E IMGMapper: set:488 set: Unset optional value from type CTA861_3
11-06 14:28:41.083  9440  9470 E IMGMapper: set:488 set: Unset optional value from type SMPTE2086
11-06 14:28:41.083  9440  9470 E IMGMapper: set:488 set: Unset optional value from type CTA861_3
11-06 14:28:41.096  9440  9470 E IMGMapper: set:488 set: Unset optional value from type SMPTE2086
11-06 14:28:41.096  9440  9470 E IMGMapper: set:488 set: Unset optional value from type CTA861_3
11-06 14:28:41.115  9440  9470 E IMGMapper: set:488 set: Unset optional value from type SMPTE2086
11-06 14:28:41.116  9440  9470 E IMGMapper: set:488 set: Unset optional value from type CTA861_3
11-06 14:28:41.129  9440  9470 E IMGMapper: set:488 set: Unset optional value from type SMPTE2086
11-06 14:28:41.129  9440  9470 E IMGMapper: set:488 set: Unset optional value from type CTA861_3
11-06 14:28:41.154  9440  9470 E IMGMapper: set:488 set: Unset optional value from type SMPTE2086
11-06 14:28:41.154  9440  9470 E IMGMapper: set:488 set: Unset optional value from type CTA861_3
11-06 14:28:41.171  9440  9470 E IMGMapper: set:488 set: Unset optional value from type SMPTE2086
11-06 14:28:41.172  9440  9470 E IMGMapper: set:488 set: Unset optional value from type CTA861_3
11-06 14:28:41.207  9440  9470 E IMGMapper: set:488 set: Unset optional value from type SMPTE2086
11-06 14:28:41.208  9440  9470 E IMGMapper: set:488 set: Unset optional value from type CTA861_3
11-06 14:28:41.215  9440  9470 E IMGMapper: set:488 set: Unset optional value from type SMPTE2086
11-06 14:28:41.216  9440  9470 E IMGMapper: set:488 set: Unset optional value from type CTA861_3
11-06 14:28:41.232  9440  9470 E IMGMapper: set:488 set: Unset optional value from type SMPTE2086
11-06 14:28:41.232  9440  9470 E IMGMapper: set:488 set: Unset optional value from type CTA861_3
11-06 14:28:41.248  9440  9470 E IMGMapper: set:488 set: Unset optional value from type SMPTE2086
11-06 14:28:41.248  9440  9470 E IMGMapper: set:488 set: Unset optional value from type CTA861_3
11-06 14:28:41.263  9440  9470 E IMGMapper: set:488 set: Unset optional value from type SMPTE2086
11-06 14:28:41.263  9440  9470 E IMGMapper: set:488 set: Unset optional value from type CTA861_3
11-06 14:28:41.279  9440  9470 E IMGMapper: set:488 set: Unset optional value from type SMPTE2086
11-06 14:28:41.279  9440  9470 E IMGMapper: set:488 set: Unset optional value from type CTA861_3
11-06 14:28:41.295  9440  9470 E IMGMapper: set:488 set: Unset optional value from type SMPTE2086
11-06 14:28:41.295  9440  9470 E IMGMapper: set:488 set: Unset optional value from type CTA861_3
11-06 14:28:41.313  9440  9470 E IMGMapper: set:488 set: Unset optional value from type SMPTE2086
11-06 14:28:41.313  9440  9470 E IMGMapper: set:488 set: Unset optional value from type CTA861_3
11-06 14:28:41.329  9440  9470 E IMGMapper: set:488 set: Unset optional value from type SMPTE2086
11-06 14:28:41.330  9440  9470 E IMGMapper: set:488 set: Unset optional value from type CTA861_3
11-06 14:28:41.346  9440  9470 E IMGMapper: set:488 set: Unset optional value from type SMPTE2086
11-06 14:28:41.346  9440  9470 E IMGMapper: set:488 set: Unset optional value from type CTA861_3
11-06 14:28:41.363  9440  9470 E IMGMapper: set:488 set: Unset optional value from type SMPTE2086
11-06 14:28:41.363  9440  9470 E IMGMapper: set:488 set: Unset optional value from type CTA861_3
11-06 14:28:41.379  9440  9470 E IMGMapper: set:488 set: Unset optional value from type SMPTE2086
11-06 14:28:41.380  9440  9470 E IMGMapper: set:488 set: Unset optional value from type CTA861_3
11-06 14:28:41.399  9440  9470 E IMGMapper: set:488 set: Unset optional value from type SMPTE2086
11-06 14:28:41.400  9440  9470 E IMGMapper: set:488 set: Unset optional value from type CTA861_3
11-06 14:28:41.416  9440  9470 E IMGMapper: set:488 set: Unset optional value from type SMPTE2086
11-06 14:28:41.416  9440  9470 E IMGMapper: set:488 set: Unset optional value from type CTA861_3
11-06 14:28:41.432  9440  9470 E IMGMapper: set:488 set: Unset optional value from type SMPTE2086
11-06 14:28:41.432  9440  9470 E IMGMapper: set:488 set: Unset optional value from type CTA861_3
11-06 14:28:41.451  9440  9470 E IMGMapper: set:488 set: Unset optional value from type SMPTE2086
11-06 14:28:41.451  9440  9470 E IMGMapper: set:488 set: Unset optional value from type CTA861_3
11-06 14:28:41.466  9440  9470 E IMGMapper: set:488 set: Unset optional value from type SMPTE2086
11-06 14:28:41.466  9440  9470 E IMGMapper: set:488 set: Unset optional value from type CTA861_3
11-06 14:28:41.480  9440  9470 E IMGMapper: set:488 set: Unset optional value from type SMPTE2086
11-06 14:28:41.480  9440  9470 E IMGMapper: set:488 set: Unset optional value from type CTA861_3
11-06 14:28:41.496  9440  9470 E IMGMapper: set:488 set: Unset optional value from type SMPTE2086
11-06 14:28:41.497  9440  9470 E IMGMapper: set:488 set: Unset optional value from type CTA861_3
11-06 14:28:41.502  1039  1039 I BufferQueueProducer: [com.cinemamovel/com.cinemamovel.MainActivity$_9440#692367](this:0xb400007a1f708838,id:-1,api:0,p:-1,c:1039) queueBuffer: fps=57.12 dur=1015.42 max=33.42 min=15.91
11-06 14:28:41.504   991 11009 I hwcomposer: [HWCDisplay] [Display_0 (type:1)] fps:57.091343,dur:1015.92,max:33.77,min:15.74  
11-06 14:28:41.514  9440  9470 E IMGMapper: set:488 set: Unset optional value from type SMPTE2086
11-06 14:28:41.514  9440  9470 E IMGMapper: set:488 set: Unset optional value from type CTA861_3
11-06 14:28:41.515   543   543 D io_stats: !@ 179,0 r 633959969 7653417538 w 114985242 1219427068 d 1261443 33798276 f 0 0 iot 326812008 0 th 0 0 0 pt 0 inp 0 0 3434979.182
11-06 14:28:41.530  9440  9470 E IMGMapper: set:488 set: Unset optional value from type SMPTE2086
11-06 14:28:41.530  9440  9470 E IMGMapper: set:488 set: Unset optional value from type CTA861_3
11-06 14:28:41.545  9440  9470 E IMGMapper: set:488 set: Unset optional value from type SMPTE2086
11-06 14:28:41.545  9440  9470 E IMGMapper: set:488 set: Unset optional value from type CTA861_3
11-06 14:28:41.564  9440  9470 E IMGMapper: set:488 set: Unset optional value from type SMPTE2086
11-06 14:28:41.564  9440  9470 E IMGMapper: set:488 set: Unset optional value from type CTA861_3
11-06 14:28:41.579  9440  9470 E IMGMapper: set:488 set: Unset optional value from type SMPTE2086
11-06 14:28:41.579  9440  9470 E IMGMapper: set:488 set: Unset optional value from type CTA861_3
11-06 14:28:41.598  9440  9470 E IMGMapper: set:488 set: Unset optional value from type SMPTE2086
11-06 14:28:41.598  9440  9470 E IMGMapper: set:488 set: Unset optional value from type CTA861_3
11-06 14:28:41.614  9440  9470 E IMGMapper: set:488 set: Unset optional value from type SMPTE2086
11-06 14:28:41.614  9440  9470 E IMGMapper: set:488 set: Unset optional value from type CTA861_3
11-06 14:28:41.629  9440  9470 E IMGMapper: set:488 set: Unset optional value from type SMPTE2086
11-06 14:28:41.629  9440  9470 E IMGMapper: set:488 set: Unset optional value from type CTA861_3
11-06 14:28:41.656  9440  9470 E IMGMapper: set:488 set: Unset optional value from type SMPTE2086
11-06 14:28:41.657  9440  9470 E IMGMapper: set:488 set: Unset optional value from type CTA861_3
11-06 14:28:41.671  9440  9470 E IMGMapper: set:488 set: Unset optional value from type SMPTE2086
11-06 14:28:41.671  9440  9470 E IMGMapper: set:488 set: Unset optional value from type CTA861_3
11-06 14:28:41.703  9440  9470 E IMGMapper: set:488 set: Unset optional value from type SMPTE2086
11-06 14:28:41.703  9440  9470 E IMGMapper: set:488 set: Unset optional value from type CTA861_3
11-06 14:28:41.712  9440  9470 E IMGMapper: set:488 set: Unset optional value from type SMPTE2086
11-06 14:28:41.712  9440  9470 E IMGMapper: set:488 set: Unset optional value from type CTA861_3
11-06 14:28:41.730  9440  9470 E IMGMapper: set:488 set: Unset optional value from type SMPTE2086
11-06 14:28:41.730  9440  9470 E IMGMapper: set:488 set: Unset optional value from type CTA861_3
11-06 14:28:41.741   721   790 I Finsky  : [1743] AIM: AppInfoManager-Perf > Destroying AppInfoManager ...
11-06 14:28:41.748  9440  9470 E IMGMapper: set:488 set: Unset optional value from type SMPTE2086
11-06 14:28:41.748  9440  9470 E IMGMapper: set:488 set: Unset optional value from type CTA861_3
11-06 14:28:41.766  9440  9470 E IMGMapper: set:488 set: Unset optional value from type SMPTE2086
11-06 14:28:41.766  9440  9470 E IMGMapper: set:488 set: Unset optional value from type CTA861_3
11-06 14:28:41.782  9440  9470 E IMGMapper: set:488 set: Unset optional value from type SMPTE2086
11-06 14:28:41.782  9440  9470 E IMGMapper: set:488 set: Unset optional value from type CTA861_3
11-06 14:28:41.799  9440  9470 E IMGMapper: set:488 set: Unset optional value from type SMPTE2086
11-06 14:28:41.799  9440  9470 E IMGMapper: set:488 set: Unset optional value from type CTA861_3
11-06 14:28:41.815  9440  9470 E IMGMapper: set:488 set: Unset optional value from type SMPTE2086
11-06 14:28:41.815  9440  9470 E IMGMapper: set:488 set: Unset optional value from type CTA861_3
11-06 14:28:41.828  1187  3222 D InputDispatcher: Inject motion (9656/2000): action=0x0, time=3434979494000000, f=0x0, d=0 dsdx=1.000000 dtdx=0.000000
11-06 14:28:41.829  1187  1534 I InputDispatcher: Delivering touch to (1737): action: 0x4, f=0x0, d=0, 'd92b8ad', t=1 
11-06 14:28:41.829  1187  1534 I InputDispatcher: Delivering touch to (9440): action: 0x0, f=0x0, d=0, 'f7d67ea', t=1 
11-06 14:28:41.829  1187  1534 D PowerManagerService: [api] userActivityFromNative :  (event: 2 flags: 0 displayId: 0) eventTime = 3434979494
11-06 14:28:41.829  9440  9440 I ViewRootImpl@2b9cfc[MainActivity]: ViewPostIme pointer 0
11-06 14:28:41.830  1187  1303 I GestureDetector: obtain mCurrentDownEvent. id: -885861969 caller: com.android.server.wm.SystemGesturesPointerEventListener.onPointerEvent:203 com.android.server.wm.PointerEventDispatcher.onInputEvent:53 android.view.InputEventReceiver.dispatchInputEvent:285 
11-06 14:28:41.830  1187  1303 I GestureDetector: obtain mCurrentDownEvent. id: -885861969 caller: com.android.server.wm.SystemPerformancePointerEventListener.onPointerEvent:89 com.android.server.wm.PointerEventDispatcher.onInputEvent:53 android.view.InputEventReceiver.dispatchInputEvent:285 
11-06 14:28:41.834  9440  9470 E IMGMapper: set:488 set: Unset optional value from type SMPTE2086
11-06 14:28:41.834  9440  9470 E IMGMapper: set:488 set: Unset optional value from type CTA861_3
11-06 14:28:41.843  1187  1303 I GestureDetector: obtain mCurrentMotionEventRaw. action: 2 id: -96104029
11-06 14:28:41.844  1187  1303 I GestureDetector: obtain mCurrentMotionEventRaw. action: 2 id: -96104029
11-06 14:28:41.851   896   910 I mtkpower_client: perf_lock_rel, hdl:1056724, tid:910
11-06 14:28:41.852   896   910 I mtkpower_client: perf_lock_acq, hdl:0, dur:0, num:2, tid:910
11-06 14:28:41.852  1014  1065 I libPowerHal: [perfLockRel] hdl:1056724, idx:2
11-06 14:28:41.853  1014  1065 I libPowerHal: vendor.samsung.: cpu_ctrl set cpu freq: 1218000 -1 -1 -1
11-06 14:28:41.854   896   910 I mtkpower_client: ret_hdl:1056726
11-06 14:28:41.854   896   910 I mtkpower_client: perf_lock_rel, hdl:1056725, tid:910
11-06 14:28:41.854  1014  1065 I libPowerHal: [perfLockAcq] idx:1 hdl:1056726 hint:-1 pid:896 duration:0 lock_user:vendor.samsung. => ret_hdl:1056726
11-06 14:28:41.854  1014  1065 I libPowerHal: vendor.samsung.: cpu_ctrl set cpu freq: 1218000 -1 1138000 -1
11-06 14:28:41.855   896   910 I mtkpower_client: perf_lock_acq, hdl:0, dur:0, num:2, tid:910
11-06 14:28:41.855  1014  1065 I libPowerHal: [perfLockRel] hdl:1056725, idx:0
11-06 14:28:41.855  1014  1065 I libPowerHal: vendor.samsung.: cpu_ctrl set cpu freq: -1 -1 1138000 -1
11-06 14:28:41.857   896   910 I mtkpower_client: ret_hdl:1056727
11-06 14:28:41.857   896   910 I HYPER-HAL: [RequestManager.cpp]releaseLocked(): Released ID : 725427
11-06 14:28:41.857  1014  1065 I libPowerHal: [perfLockAcq] idx:0 hdl:1056727 hint:-1 pid:896 duration:0 lock_user:vendor.samsung. => ret_hdl:1056727
11-06 14:28:41.857  1014  1065 I libPowerHal: vendor.samsung.: cpu_ctrl set cpu freq: 1218000 -1 1138000 -1
11-06 14:28:41.860  9440  9470 E IMGMapper: set:488 set: Unset optional value from type SMPTE2086
11-06 14:28:41.860  9440  9470 E IMGMapper: set:488 set: Unset optional value from type CTA861_3
11-06 14:28:41.869  9440  9470 E IMGMapper: set:488 set: Unset optional value from type SMPTE2086
11-06 14:28:41.869  9440  9470 E IMGMapper: set:488 set: Unset optional value from type CTA861_3
11-06 14:28:41.881  9440  9470 E IMGMapper: set:488 set: Unset optional value from type SMPTE2086
11-06 14:28:41.881  9440  9470 E IMGMapper: set:488 set: Unset optional value from type CTA861_3
11-06 14:28:41.899  9440  9470 E IMGMapper: set:488 set: Unset optional value from type SMPTE2086
11-06 14:28:41.899  9440  9470 E IMGMapper: set:488 set: Unset optional value from type CTA861_3
11-06 14:28:41.914  9440  9470 E IMGMapper: set:488 set: Unset optional value from type SMPTE2086
11-06 14:28:41.914  9440  9470 E IMGMapper: set:488 set: Unset optional value from type CTA861_3
11-06 14:28:41.931  9440  9470 E IMGMapper: set:488 set: Unset optional value from type SMPTE2086
11-06 14:28:41.931  9440  9470 E IMGMapper: set:488 set: Unset optional value from type CTA861_3
11-06 14:28:41.953  9440  9470 E IMGMapper: set:488 set: Unset optional value from type SMPTE2086
11-06 14:28:41.953  9440  9470 E IMGMapper: set:488 set: Unset optional value from type CTA861_3
11-06 14:28:41.964  9440  9470 E IMGMapper: set:488 set: Unset optional value from type SMPTE2086
11-06 14:28:41.965  9440  9470 E IMGMapper: set:488 set: Unset optional value from type CTA861_3
11-06 14:28:41.979  9440  9470 E IMGMapper: set:488 set: Unset optional value from type SMPTE2086
11-06 14:28:41.979  9440  9470 E IMGMapper: set:488 set: Unset optional value from type CTA861_3
11-06 14:28:41.995  9440  9470 E IMGMapper: set:488 set: Unset optional value from type SMPTE2086
11-06 14:28:41.995  9440  9470 E IMGMapper: set:488 set: Unset optional value from type CTA861_3
11-06 14:28:42.011  9440  9470 E IMGMapper: set:488 set: Unset optional value from type SMPTE2086
11-06 14:28:42.011  9440  9470 E IMGMapper: set:488 set: Unset optional value from type CTA861_3
11-06 14:28:42.029  9440  9470 E IMGMapper: set:488 set: Unset optional value from type SMPTE2086
11-06 14:28:42.030  9440  9470 E IMGMapper: set:488 set: Unset optional value from type CTA861_3
11-06 14:28:42.046  9440  9470 E IMGMapper: set:488 set: Unset optional value from type SMPTE2086
11-06 14:28:42.046  9440  9470 E IMGMapper: set:488 set: Unset optional value from type CTA861_3
11-06 14:28:42.064  9440  9470 E IMGMapper: set:488 set: Unset optional value from type SMPTE2086
11-06 14:28:42.064  9440  9470 E IMGMapper: set:488 set: Unset optional value from type CTA861_3
11-06 14:28:42.080  9440  9470 E IMGMapper: set:488 set: Unset optional value from type SMPTE2086
11-06 14:28:42.080  9440  9470 E IMGMapper: set:488 set: Unset optional value from type CTA861_3
11-06 14:28:42.095  9440  9470 E IMGMapper: set:488 set: Unset optional value from type SMPTE2086
11-06 14:28:42.095  9440  9470 E IMGMapper: set:488 set: Unset optional value from type CTA861_3
11-06 14:28:42.119  9440  9470 E IMGMapper: set:488 set: Unset optional value from type SMPTE2086
11-06 14:28:42.119  9440  9470 E IMGMapper: set:488 set: Unset optional value from type CTA861_3
11-06 14:28:42.128  9440  9470 E IMGMapper: set:488 set: Unset optional value from type SMPTE2086
11-06 14:28:42.129  9440  9470 E IMGMapper: set:488 set: Unset optional value from type CTA861_3
11-06 14:28:42.138  1187  3222 D InputDispatcher: Inject motion (9656/2000): action=0x1, time=3434979804000000, f=0x0, d=0 dsdx=1.000000 dtdx=0.000000
11-06 14:28:42.138  1187  1534 I InputDispatcher: Delivering touch to (9440): action: 0x1, f=0x0, d=0, 'f7d67ea', t=1 
11-06 14:28:42.139  1187  1187 I SemDvfsHyPerManager: acquire hyper - SMOOTH_SCROLL/1187@17, type = -999
11-06 14:28:42.140   896   910 I HYPER-HAL: [RequestManager.cpp]acquire(): Acquired ID : 725427  [1187 / 17]    HINT : SMOOTH_SCROLL    list : 
11-06 14:28:42.140  9440  9440 I ViewRootImpl@2b9cfc[MainActivity]: ViewPostIme pointer 1
11-06 14:28:42.141   896   910 I mtkpower_client: perf_lock_rel, hdl:1056726, tid:910
11-06 14:28:42.141   896   910 I mtkpower_client: perf_lock_acq, hdl:0, dur:0, num:2, tid:910
11-06 14:28:42.141  1014  1065 I libPowerHal: [perfLockRel] hdl:1056726, idx:1
11-06 14:28:42.142  1014  1065 I libPowerHal: vendor.samsung.: cpu_ctrl set cpu freq: 1218000 -1 -1 -1
11-06 14:28:42.142  1187  1187 D SGM:GameManager: identifyGamePackage. com.cinemamovel, mCurrentUserId: 0, callerUserId: 0, callingMethodInfo: com.android.server.ssrm.fgapps.GameAppUtils.isGame(GameAppUtils.java:84)
11-06 14:28:42.142  1187  1187 D SGM:PkgDataHelper: getGamePkgData(). com.cinemamovel
11-06 14:28:42.143   896   910 I mtkpower_client: ret_hdl:1056728
11-06 14:28:42.143   896   910 I mtkpower_client: perf_lock_rel, hdl:1056727, tid:910
11-06 14:28:42.143  1187  1187 I SemDvfsHyPerManager: acquire hyper - GESTURE_DETECTED/1187@18, type = -999
11-06 14:28:42.143  1014  1065 I libPowerHal: [perfLockAcq] idx:1 hdl:1056728 hint:-1 pid:896 duration:0 lock_user:vendor.samsung. => ret_hdl:1056728
11-06 14:28:42.143  1014  1065 I libPowerHal: vendor.samsung.: cpu_ctrl set cpu freq: 1218000 -1 1138000 -1
11-06 14:28:42.144   896   910 I mtkpower_client: perf_lock_acq, hdl:0, dur:0, num:2, tid:910
11-06 14:28:42.145  1187  1187 D SGM:GameManager: identifyGamePackage. com.cinemamovel, mCurrentUserId: 0, callerUserId: 0, callingMethodInfo: com.android.server.ssrm.fgapps.GameAppUtils.isGame(GameAppUtils.java:84)
11-06 14:28:42.145  1187  1187 D SGM:PkgDataHelper: getGamePkgData(). com.cinemamovel
11-06 14:28:42.145  1014  1065 I libPowerHal: [perfLockRel] hdl:1056727, idx:0
11-06 14:28:42.145  1187  1187 I SemDvfsHyPerManager: acquire hyper - GESTURE_DETECTED/1187@18, type = -999
11-06 14:28:42.145  1014  1065 I libPowerHal: vendor.samsung.: cpu_ctrl set cpu freq: -1 -1 1138000 -1
11-06 14:28:42.146  9440  9470 E IMGMapper: set:488 set: Unset optional value from type SMPTE2086
11-06 14:28:42.146  9440  9470 E IMGMapper: set:488 set: Unset optional value from type CTA861_3
11-06 14:28:42.147  1187  1187 I SemDvfsHyPerManager: acquire hyper - SMOOTH_SCROLL/1187@17, type = -999
11-06 14:28:42.148   896   910 I mtkpower_client: ret_hdl:1056729
11-06 14:28:42.148   896   910 I mtkpower_client: perf_lock_rel, hdl:1056728, tid:910
11-06 14:28:42.148  1014  1065 I libPowerHal: [perfLockAcq] idx:2 hdl:1056729 hint:-1 pid:896 duration:0 lock_user:vendor.samsung. => ret_hdl:1056729
11-06 14:28:42.148  1014  1065 I libPowerHal: vendor.samsung.: cpu_ctrl set cpu freq: 1218000 -1 1138000 -1
11-06 14:28:42.148   896   910 I mtkpower_client: perf_lock_acq, hdl:0, dur:0, num:2, tid:910
11-06 14:28:42.149  1014  1065 I libPowerHal: [perfLockRel] hdl:1056728, idx:1
11-06 14:28:42.149  1014  1065 I libPowerHal: vendor.samsung.: cpu_ctrl set cpu freq: 1218000 -1 -1 -1
11-06 14:28:42.150   896   910 I mtkpower_client: ret_hdl:1056730
11-06 14:28:42.150  1014  1065 I libPowerHal: [perfLockAcq] idx:0 hdl:1056730 hint:-1 pid:896 duration:0 lock_user:vendor.samsung. => ret_hdl:1056730
11-06 14:28:42.150   896   910 I mtkpower_client: perf_lock_rel, hdl:1056729, tid:910
11-06 14:28:42.150  1014  1065 I libPowerHal: vendor.samsung.: cpu_ctrl set cpu freq: 1218000 -1 1138000 -1
11-06 14:28:42.151   896   910 I mtkpower_client: perf_lock_acq, hdl:0, dur:0, num:2, tid:910
11-06 14:28:42.153  1014  1065 I libPowerHal: [perfLockRel] hdl:1056729, idx:2
11-06 14:28:42.154  1014  1065 I libPowerHal: vendor.samsung.: cpu_ctrl set cpu freq: -1 -1 1138000 -1
11-06 14:28:42.154   896   910 I mtkpower_client: ret_hdl:1056731
11-06 14:28:42.155   896   910 I HYPER-HAL: [RequestManager.cpp]releaseLocked(): Released ID : 725427
11-06 14:28:42.155   896   910 I HYPER-HAL: [RequestManager.cpp]acquire(): Acquired ID : 726633  [1187 / 18]    HINT : GESTURE_DETECTED    list : [TIMEOUT / 1702] 
11-06 14:28:42.155   896   910 I HYPER-HAL: [RequestManager.cpp]acquire(): Acquired ID : 726633  [1187 / 18]    HINT : GESTURE_DETECTED    list : [TIMEOUT / 1702] 
11-06 14:28:42.155   896   910 I HYPER-HAL: [RequestManager.cpp]acquire(): Acquired ID : 725427  [1187 / 17]    HINT : SMOOTH_SCROLL    list : 
11-06 14:28:42.155  1014  1065 I libPowerHal: [perfLockAcq] idx:1 hdl:1056731 hint:-1 pid:896 duration:0 lock_user:vendor.samsung. => ret_hdl:1056731
11-06 14:28:42.155  1014  1065 I libPowerHal: vendor.samsung.: cpu_ctrl set cpu freq: 1218000 -1 1138000 -1
11-06 14:28:42.155   896   910 I mtkpower_client: perf_lock_rel, hdl:1056730, tid:910
11-06 14:28:42.156  1014  1065 I libPowerHal: [perfLockRel] hdl:1056730, idx:0
11-06 14:28:42.157  1014  1065 I libPowerHal: vendor.samsung.: cpu_ctrl set cpu freq: 1218000 -1 -1 -1
11-06 14:28:42.157   896   910 I mtkpower_client: perf_lock_acq, hdl:0, dur:0, num:2, tid:910
11-06 14:28:42.158   896   910 I mtkpower_client: ret_hdl:1056732
11-06 14:28:42.158   896   910 I mtkpower_client: perf_lock_rel, hdl:1056731, tid:910
11-06 14:28:42.159  1014  1065 I libPowerHal: [perfLockAcq] idx:0 hdl:1056732 hint:-1 pid:896 duration:0 lock_user:vendor.samsung. => ret_hdl:1056732
11-06 14:28:42.159  1014  1065 I libPowerHal: vendor.samsung.: cpu_ctrl set cpu freq: 1218000 -1 1138000 -1
11-06 14:28:42.160   896   910 I mtkpower_client: perf_lock_acq, hdl:0, dur:0, num:2, tid:910
11-06 14:28:42.161  1014  1065 I libPowerHal: [perfLockRel] hdl:1056731, idx:1
11-06 14:28:42.161  1014  1065 I libPowerHal: vendor.samsung.: cpu_ctrl set cpu freq: -1 -1 1138000 -1
11-06 14:28:42.161  9440  9470 E IMGMapper: set:488 set: Unset optional value from type SMPTE2086
11-06 14:28:42.162  9440  9470 E IMGMapper: set:488 set: Unset optional value from type CTA861_3
11-06 14:28:42.162   896   910 I mtkpower_client: ret_hdl:1056733
11-06 14:28:42.162  1014  1065 I libPowerHal: [perfLockAcq] idx:2 hdl:1056733 hint:-1 pid:896 duration:0 lock_user:vendor.samsung. => ret_hdl:1056733
11-06 14:28:42.163  1014  1065 I libPowerHal: vendor.samsung.: cpu_ctrl set cpu freq: 1218000 -1 1138000 -1
11-06 14:28:42.186  9440  9470 E IMGMapper: set:488 set: Unset optional value from type SMPTE2086
11-06 14:28:42.186  9440  9470 E IMGMapper: set:488 set: Unset optional value from type CTA861_3
11-06 14:28:42.203  9440  9470 E IMGMapper: set:488 set: Unset optional value from type SMPTE2086
11-06 14:28:42.203  9440  9470 E IMGMapper: set:488 set: Unset optional value from type CTA861_3
11-06 14:28:42.241  9440  9470 E IMGMapper: set:488 set: Unset optional value from type SMPTE2086
11-06 14:28:42.241  9440  9470 E IMGMapper: set:488 set: Unset optional value from type CTA861_3
11-06 14:28:42.251  9440  9470 E IMGMapper: set:488 set: Unset optional value from type SMPTE2086
11-06 14:28:42.251  9440  9470 E IMGMapper: set:488 set: Unset optional value from type CTA861_3
11-06 14:28:42.261  1737  1942 D MobileStatusTracker(0/2): onSignalStrengthsChanged level=4, vendorLevel=3
11-06 14:28:42.263  1737  1942 D MobileSignalController(0/2): notifyListener: enabled=true, connected=true, dataConnected=true, networkType=LTE (4G), emergencyOnly=false, roaming=false, isDefault=false, dataActivity=, level=3, ca=false, mmWave=false, disabledDataIcon=false, simCard=ETC
11-06 14:28:42.264  9440  9470 E IMGMapper: set:488 set: Unset optional value from type SMPTE2086
11-06 14:28:42.265  9440  9470 E IMGMapper: set:488 set: Unset optional value from type CTA861_3
11-06 14:28:42.265  1737  1942 D NetworkController: SignalStrength from intent slotId=0
11-06 14:28:42.276  9440  9470 E IMGMapper: set:488 set: Unset optional value from type SMPTE2086
11-06 14:28:42.276  9440  9470 E IMGMapper: set:488 set: Unset optional value from type CTA861_3
11-06 14:28:42.295  9440  9470 E IMGMapper: set:488 set: Unset optional value from type SMPTE2086
11-06 14:28:42.295  9440  9470 E IMGMapper: set:488 set: Unset optional value from type CTA861_3
11-06 14:28:42.316  9440  9470 E IMGMapper: set:488 set: Unset optional value from type SMPTE2086
11-06 14:28:42.316  9440  9470 E IMGMapper: set:488 set: Unset optional value from type CTA861_3
11-06 14:28:42.330  9440  9470 E IMGMapper: set:488 set: Unset optional value from type SMPTE2086
11-06 14:28:42.331  9440  9470 E IMGMapper: set:488 set: Unset optional value from type CTA861_3
11-06 14:28:42.345  9440  9470 E IMGMapper: set:488 set: Unset optional value from type SMPTE2086
11-06 14:28:42.345  9440  9470 E IMGMapper: set:488 set: Unset optional value from type CTA861_3
11-06 14:28:42.362  9440  9470 E IMGMapper: set:488 set: Unset optional value from type SMPTE2086
11-06 14:28:42.362  9440  9470 E IMGMapper: set:488 set: Unset optional value from type CTA861_3
11-06 14:28:42.377  9440  9470 E IMGMapper: set:488 set: Unset optional value from type SMPTE2086
11-06 14:28:42.378  9440  9470 E IMGMapper: set:488 set: Unset optional value from type CTA861_3
11-06 14:28:42.395  9440  9470 E IMGMapper: set:488 set: Unset optional value from type SMPTE2086
11-06 14:28:42.395  9440  9470 E IMGMapper: set:488 set: Unset optional value from type CTA861_3
11-06 14:28:42.420  9440  9470 E IMGMapper: set:488 set: Unset optional value from type SMPTE2086
11-06 14:28:42.420  9440  9470 E IMGMapper: set:488 set: Unset optional value from type CTA861_3
11-06 14:28:42.435  9440  9470 E IMGMapper: set:488 set: Unset optional value from type SMPTE2086
11-06 14:28:42.435  9440  9470 E IMGMapper: set:488 set: Unset optional value from type CTA861_3
11-06 14:28:42.469  9440  9470 E IMGMapper: set:488 set: Unset optional value from type SMPTE2086
11-06 14:28:42.469  9440  9470 E IMGMapper: set:488 set: Unset optional value from type CTA861_3
11-06 14:28:42.481  9440  9470 E IMGMapper: set:488 set: Unset optional value from type SMPTE2086
11-06 14:28:42.481  9440  9470 E IMGMapper: set:488 set: Unset optional value from type CTA861_3
11-06 14:28:42.490  1693  1693 I WifiHAL : Get link layer stats
11-06 14:28:42.490  1693  1693 I WifiHAL : GetLinkStatsCommand::create
11-06 14:28:42.491  1693  1693 D android.hardware.wifi@1.0-service-lazy: WifiRequest::create vendor command to iface 38, vendor_id=0x1a11, subcmd=0x1200, res=0
11-06 14:28:42.491  1693  1693 I android.hardware.wifi@1.0-service-lazy: WifiCommand::requestResponse err=-95
11-06 14:28:42.491  1693  1693 I WifiHAL : wifi_get_link_stats: result=-3
11-06 14:28:42.492  1187  1566 E WifiVendorHal: getWifiLinkLayerStats_1_5_Internal(l.1179) failed {.code = ERROR_NOT_SUPPORTED, .description = }
11-06 14:28:42.496  1187 22074 D SemWifiUsabilityStatsMonitor: onWifiUsabilityStats - seqNum 112084, isSameBssidAndFreq true
11-06 14:28:42.496  9440  9470 E IMGMapper: set:488 set: Unset optional value from type SMPTE2086
11-06 14:28:42.496  9440  9470 E IMGMapper: set:488 set: Unset optional value from type CTA861_3
11-06 14:28:42.497  1187  1645 I SemWifiLinkQualityMonitor: Link Qos query: inf. ms / 0 Mbps
11-06 14:28:42.513  9440  9470 E IMGMapper: set:488 set: Unset optional value from type SMPTE2086
11-06 14:28:42.513  9440  9470 E IMGMapper: set:488 set: Unset optional value from type CTA861_3
11-06 14:28:42.516  1039  1039 I BufferQueueProducer: [com.cinemamovel/com.cinemamovel.MainActivity$_9440#692367](this:0xb400007a1f708838,id:-1,api:0,p:-1,c:1039) queueBuffer: fps=57.15 dur=1014.88 max=33.54 min=16.18
11-06 14:28:42.518   991 11009 I hwcomposer: [HWCDisplay] [Display_0 (type:1)] fps:57.183853,dur:1014.27,max:33.94,min:15.57  
11-06 14:28:42.529  9440  9470 E IMGMapper: set:488 set: Unset optional value from type SMPTE2086
11-06 14:28:42.529  9440  9470 E IMGMapper: set:488 set: Unset optional value from type CTA861_3
11-06 14:28:42.546  9440  9470 E IMGMapper: set:488 set: Unset optional value from type SMPTE2086
11-06 14:28:42.547  9440  9470 E IMGMapper: set:488 set: Unset optional value from type CTA861_3
11-06 14:28:42.561  9440  9470 E IMGMapper: set:488 set: Unset optional value from type SMPTE2086
11-06 14:28:42.561  9440  9470 E IMGMapper: set:488 set: Unset optional value from type CTA861_3
11-06 14:28:42.578  9440  9470 E IMGMapper: set:488 set: Unset optional value from type SMPTE2086
11-06 14:28:42.578  9440  9470 E IMGMapper: set:488 set: Unset optional value from type CTA861_3
11-06 14:28:42.594  9440  9470 E IMGMapper: set:488 set: Unset optional value from type SMPTE2086
11-06 14:28:42.594  9440  9470 E IMGMapper: set:488 set: Unset optional value from type CTA861_3
11-06 14:28:42.617  9440  9470 E IMGMapper: set:488 set: Unset optional value from type SMPTE2086
11-06 14:28:42.617  9440  9470 E IMGMapper: set:488 set: Unset optional value from type CTA861_3
11-06 14:28:42.628  9440  9470 E IMGMapper: set:488 set: Unset optional value from type SMPTE2086
11-06 14:28:42.628  9440  9470 E IMGMapper: set:488 set: Unset optional value from type CTA861_3
11-06 14:28:42.643  9440  9470 E IMGMapper: set:488 set: Unset optional value from type SMPTE2086
11-06 14:28:42.643  9440  9470 E IMGMapper: set:488 set: Unset optional value from type CTA861_3
11-06 14:28:42.660  9440  9470 E IMGMapper: set:488 set: Unset optional value from type SMPTE2086
11-06 14:28:42.660  9440  9470 E IMGMapper: set:488 set: Unset optional value from type CTA861_3
11-06 14:28:42.677  9440  9470 E IMGMapper: set:488 set: Unset optional value from type SMPTE2086
11-06 14:28:42.677  9440  9470 E IMGMapper: set:488 set: Unset optional value from type CTA861_3
11-06 14:28:42.694  9440  9470 E IMGMapper: set:488 set: Unset optional value from type SMPTE2086
11-06 14:28:42.694  9440  9470 E IMGMapper: set:488 set: Unset optional value from type CTA861_3
11-06 14:28:42.720  9440  9470 E IMGMapper: set:488 set: Unset optional value from type SMPTE2086
11-06 14:28:42.720  9440  9470 E IMGMapper: set:488 set: Unset optional value from type CTA861_3
11-06 14:28:42.736  9440  9470 E IMGMapper: set:488 set: Unset optional value from type SMPTE2086
11-06 14:28:42.736  9440  9470 E IMGMapper: set:488 set: Unset optional value from type CTA861_3
11-06 14:28:42.772  9440  9470 E IMGMapper: set:488 set: Unset optional value from type SMPTE2086
11-06 14:28:42.773  9440  9470 E IMGMapper: set:488 set: Unset optional value from type CTA861_3
11-06 14:28:42.781  9440  9470 E IMGMapper: set:488 set: Unset optional value from type SMPTE2086
11-06 14:28:42.781  9440  9470 E IMGMapper: set:488 set: Unset optional value from type CTA861_3
11-06 14:28:42.793  9440  9470 E IMGMapper: set:488 set: Unset optional value from type SMPTE2086
11-06 14:28:42.794  9440  9470 E IMGMapper: set:488 set: Unset optional value from type CTA861_3
11-06 14:28:42.809  9440  9470 E IMGMapper: set:488 set: Unset optional value from type SMPTE2086
