10-27 14:30:46.711  1039  1039 I BufferQueueProducer: [StatusBar$_1737#534029](this:0xb400007a1f0ca838,id:-1,api:0,p:-1,c:1039) queueBuffer: fps=0.21 dur=9636.64 max=9520.16 min=116.49
10-27 14:30:46.713   991   991 I hwcomposer: [HWCDisplay] [Display_0 (type:1)] fps:20.024160,dur:1598.07,max:1031.43,min:15.90  
10-27 14:30:46.754  1737  1737 I FaceWidgetPositionAlgorithm: getClockContainerHeight() supplier = 193, bottom margin = 0, real height = 238
10-27 14:30:46.755  1737  1737 I FaceWidgetPositionAlgorithm: getClockContainerHeight() supplier = 193, bottom margin = 45, real height = 238
10-27 14:30:46.755  1737  1737 I FaceWidgetPositionAlgorithm: getMediaContainerHeight() height = 326 container Visibility = 8, isValid = false, mIsDozing = false, fraction = 1.0, source = 0, target = 0
10-27 14:30:46.755  1737  1737 I FaceWidgetPositionAlgorithm: getMediaContainerHeight() supplier = 0
10-27 14:30:46.807  1737  1737 I FaceWidgetPositionAlgorithm: getClockContainerHeight() supplier = 193, bottom margin = 0, real height = 238
10-27 14:30:46.807  1737  1737 I FaceWidgetPositionAlgorithm: getClockContainerHeight() supplier = 193, bottom margin = 45, real height = 238
10-27 14:30:46.807  1737  1737 I FaceWidgetPositionAlgorithm: getMediaContainerHeight() height = 326 container Visibility = 8, isValid = false, mIsDozing = false, fraction = 1.0, source = 0, target = 0
10-27 14:30:46.807  1737  1737 I FaceWidgetPositionAlgorithm: getMediaContainerHeight() supplier = 0
10-27 14:30:46.818  1737  1796 E IMGMapper: set:488 set: Unset optional value from type SMPTE2086
10-27 14:30:46.818  1737  1796 E IMGMapper: set:488 set: Unset optional value from type CTA861_3
10-27 14:30:46.873  1187  1369 D PowerManagerService: UserActivityStateListenerState: 0
10-27 14:30:46.987   963   963 E audit   : type=1400 audit(1761586246.985:1458501): avc:  denied  { write } for  pid=21942 comm="ThreadPoolForeg" name="traced_producer" dev="tmpfs" ino=11170 scontext=u:r:gmscore_app:s0:c512,c768 tcontext=u:object_r:traced_producer_socket:s0 tclass=sock_file permissive=0 SEPF_SM-A037M_12_0001 unfiltered
10-27 14:30:47.026  1045  1056 D ccci_mdinit: (1):monitor_time_update_thread round:168351 ########
10-27 14:30:47.086  1187  1299 D InputDispatcher: Inject motion (13041/2000): action=0x0, time=2937990220000000, f=0x0, d=0 dsdx=1.000000 dtdx=0.000000
10-27 14:30:47.087  1187  1534 I InputDispatcher: Delivering touch to (1737): action: 0x4, f=0x0, d=0, 'd92b8ad', t=1 
10-27 14:30:47.087  1187  1534 I InputDispatcher: Delivering touch to (12901): action: 0x0, f=0x0, d=0, 'd26118d', t=1 
10-27 14:30:47.088  1187  1534 D PowerManagerService: [api] userActivityFromNative :  (event: 2 flags: 0 displayId: 0) eventTime = 2937990220
10-27 14:30:47.088 12901 12901 I ViewRootImpl@aff6157[MainActivity]: ViewPostIme pointer 0
10-27 14:30:47.089  1187  1303 I GestureDetector: obtain mCurrentDownEvent. id: -650658024 caller: com.android.server.wm.SystemGesturesPointerEventListener.onPointerEvent:203 com.android.server.wm.PointerEventDispatcher.onInputEvent:53 android.view.InputEventReceiver.dispatchInputEvent:285 
10-27 14:30:47.090  1187  1534 D PowerManagerService: UserActivityStateListenerState: 1
10-27 14:30:47.090  1187  1303 I GestureDetector: obtain mCurrentDownEvent. id: -650658024 caller: com.android.server.wm.SystemPerformancePointerEventListener.onPointerEvent:89 com.android.server.wm.PointerEventDispatcher.onInputEvent:53 android.view.InputEventReceiver.dispatchInputEvent:285 
10-27 14:30:47.103  1187  1299 D InputDispatcher: Inject motion (13041/2000): action=0x1, time=2937990220000000, f=0x0, d=0 dsdx=1.000000 dtdx=0.000000
10-27 14:30:47.104  1187  1534 I InputDispatcher: Delivering touch to (12901): action: 0x1, f=0x0, d=0, 'd26118d', t=1 
10-27 14:30:47.104 12901 12901 I ViewRootImpl@aff6157[MainActivity]: ViewPostIme pointer 1
10-27 14:30:47.104  1187  1303 I GestureDetector: obtain mCurrentMotionEventRaw. action: 1 id: -322044859
10-27 14:30:47.104  1187  1303 I GestureDetector: obtain mCurrentMotionEventRaw. action: 1 id: -322044859
10-27 14:30:47.124 12901 12925 E IMGMapper: set:488 set: Unset optional value from type SMPTE2086
10-27 14:30:47.125 12901 12925 E IMGMapper: set:488 set: Unset optional value from type CTA861_3
10-27 14:30:47.144  1039  1039 I BufferQueueProducer: [com.cinemamovel/com.cinemamovel.MainActivity$_12901#596623](this:0xb400007a1f70e838,id:-1,api:0,p:-1,c:1039) queueBuffer: fps=15.76 dur=2030.89 max=1464.86 min=16.14
10-27 14:30:47.148   543   543 D io_stats: !@ 179,0 r 549011174 6638764118 w 95422861 1011208808 d 1259546 33790668 f 0 0 iot 275095940 0 th 0 0 0 pt 0 inp 0 0 2937990.282
10-27 14:30:47.152 12901 12925 E IMGMapper: set:488 set: Unset optional value from type SMPTE2086
10-27 14:30:47.152 12901 12925 E IMGMapper: set:488 set: Unset optional value from type CTA861_3
10-27 14:30:47.170 12901 12925 E IMGMapper: set:488 set: Unset optional value from type SMPTE2086
10-27 14:30:47.170 12901 12925 E IMGMapper: set:488 set: Unset optional value from type CTA861_3
10-27 14:30:47.212 12901 12901 W [RNScreens]: backTitleVisible prop is not available on Android
10-27 14:30:47.212 12901 12901 W [RNScreens]: backTitleFontFamily prop is not available on Android
10-27 14:30:47.212 12901 12901 W [RNScreens]: disableBackButtonMenu prop is not available on Android
10-27 14:30:47.212 12901 12901 W [RNScreens]: largeTitleFontFamily prop is not available on Android
10-27 14:30:47.212 12901 12901 W [RNScreens]: largeTitleFontWeight prop is not available on Android
10-27 14:30:47.212 12901 12901 W [RNScreens]: largeTitleHideShadow prop is not available on Android
10-27 14:30:47.238 12901 12925 E IMGMapper: set:488 set: Unset optional value from type SMPTE2086
10-27 14:30:47.238 12901 12925 E IMGMapper: set:488 set: Unset optional value from type CTA861_3
10-27 14:30:47.266 12901 12925 E IMGMapper: set:488 set: Unset optional value from type SMPTE2086
10-27 14:30:47.266 12901 12925 E IMGMapper: set:488 set: Unset optional value from type CTA861_3
10-27 14:30:47.278 12901 12925 E IMGMapper: set:488 set: Unset optional value from type SMPTE2086
10-27 14:30:47.278 12901 12925 E IMGMapper: set:488 set: Unset optional value from type CTA861_3
10-27 14:30:47.300 12901 12925 E IMGMapper: set:488 set: Unset optional value from type SMPTE2086
10-27 14:30:47.300 12901 12925 E IMGMapper: set:488 set: Unset optional value from type CTA861_3
10-27 14:30:47.317 12901 12925 E IMGMapper: set:488 set: Unset optional value from type SMPTE2086
10-27 14:30:47.317 12901 12925 E IMGMapper: set:488 set: Unset optional value from type CTA861_3
10-27 14:30:47.338 12901 12901 D ScrollView: initGoToTop
10-27 14:30:47.382 12901 12925 E IMGMapper: set:488 set: Unset optional value from type SMPTE2086
10-27 14:30:47.382 12901 12925 E IMGMapper: set:488 set: Unset optional value from type CTA861_3
10-27 14:30:47.388  1187  1303 I GestureDetector: handleMessage TAP
10-27 14:30:47.390  1187  1187 I GestureDetector: handleMessage TAP
10-27 14:30:47.401 12901 12925 E IMGMapper: set:488 set: Unset optional value from type SMPTE2086
10-27 14:30:47.401 12901 12925 E IMGMapper: set:488 set: Unset optional value from type CTA861_3
10-27 14:30:47.413 12901 12925 E IMGMapper: set:488 set: Unset optional value from type SMPTE2086
10-27 14:30:47.413 12901 12925 E IMGMapper: set:488 set: Unset optional value from type CTA861_3
10-27 14:30:47.424 12901 12925 E IMGMapper: set:488 set: Unset optional value from type SMPTE2086
10-27 14:30:47.425 12901 12925 E IMGMapper: set:488 set: Unset optional value from type CTA861_3
10-27 14:30:47.446 12901 12925 E IMGMapper: set:488 set: Unset optional value from type SMPTE2086
10-27 14:30:47.446 12901 12925 E IMGMapper: set:488 set: Unset optional value from type CTA861_3
10-27 14:30:47.466 12901 12925 E IMGMapper: set:488 set: Unset optional value from type SMPTE2086
10-27 14:30:47.467 12901 12925 E IMGMapper: set:488 set: Unset optional value from type CTA861_3
10-27 14:30:47.480 12901 12925 E IMGMapper: set:488 set: Unset optional value from type SMPTE2086
10-27 14:30:47.480 12901 12925 E IMGMapper: set:488 set: Unset optional value from type CTA861_3
10-27 14:30:47.493 12901 12925 E IMGMapper: set:488 set: Unset optional value from type SMPTE2086
10-27 14:30:47.493 12901 12925 E IMGMapper: set:488 set: Unset optional value from type CTA861_3
10-27 14:30:47.515 12901 12925 E IMGMapper: set:488 set: Unset optional value from type SMPTE2086
10-27 14:30:47.515 12901 12925 E IMGMapper: set:488 set: Unset optional value from type CTA861_3
10-27 14:30:47.526 12901 12925 E IMGMapper: set:488 set: Unset optional value from type SMPTE2086
10-27 14:30:47.527 12901 12925 E IMGMapper: set:488 set: Unset optional value from type CTA861_3
10-27 14:30:47.543 12901 12925 E IMGMapper: set:488 set: Unset optional value from type SMPTE2086
10-27 14:30:47.543 12901 12925 E IMGMapper: set:488 set: Unset optional value from type CTA861_3
10-27 14:30:47.566 12901 12925 E IMGMapper: set:488 set: Unset optional value from type SMPTE2086
10-27 14:30:47.566 12901 12925 E IMGMapper: set:488 set: Unset optional value from type CTA861_3
10-27 14:30:47.582 12901 12925 E IMGMapper: set:488 set: Unset optional value from type SMPTE2086
10-27 14:30:47.582 12901 12925 E IMGMapper: set:488 set: Unset optional value from type CTA861_3
10-27 14:30:47.594 12901 12925 E IMGMapper: set:488 set: Unset optional value from type SMPTE2086
10-27 14:30:47.594 12901 12925 E IMGMapper: set:488 set: Unset optional value from type CTA861_3
10-27 14:30:47.613 12901 12925 E IMGMapper: set:488 set: Unset optional value from type SMPTE2086
10-27 14:30:47.613 12901 12925 E IMGMapper: set:488 set: Unset optional value from type CTA861_3
10-27 14:30:47.634 12901 12925 E IMGMapper: set:488 set: Unset optional value from type SMPTE2086
10-27 14:30:47.634 12901 12925 E IMGMapper: set:488 set: Unset optional value from type CTA861_3
10-27 14:30:47.644 12901 12925 E IMGMapper: set:488 set: Unset optional value from type SMPTE2086
10-27 14:30:47.644 12901 12925 E IMGMapper: set:488 set: Unset optional value from type CTA861_3
10-27 14:30:47.660 12901 12925 E IMGMapper: set:488 set: Unset optional value from type SMPTE2086
10-27 14:30:47.660 12901 12925 E IMGMapper: set:488 set: Unset optional value from type CTA861_3
10-27 14:30:47.675 12901 12925 E IMGMapper: set:488 set: Unset optional value from type SMPTE2086
10-27 14:30:47.675 12901 12925 E IMGMapper: set:488 set: Unset optional value from type CTA861_3
10-27 14:30:47.693 12901 12925 E IMGMapper: set:488 set: Unset optional value from type SMPTE2086
10-27 14:30:47.693 12901 12925 E IMGMapper: set:488 set: Unset optional value from type CTA861_3
10-27 14:30:47.712 12901 12925 E IMGMapper: set:488 set: Unset optional value from type SMPTE2086
10-27 14:30:47.712 12901 12925 E IMGMapper: set:488 set: Unset optional value from type CTA861_3
10-27 14:30:47.722 12901 12925 E IMGMapper: set:488 set: Unset optional value from type SMPTE2086
10-27 14:30:47.722 12901 12925 E IMGMapper: set:488 set: Unset optional value from type CTA861_3
10-27 14:30:47.729   991   991 I hwcomposer: [HWCDisplay] [Display_0 (type:1)] fps:29.528172,dur:1015.98,max:315.49,min:15.96  
10-27 14:30:47.741 12901 12925 E IMGMapper: set:488 set: Unset optional value from type SMPTE2086
10-27 14:30:47.741 12901 12925 E IMGMapper: set:488 set: Unset optional value from type CTA861_3
10-27 14:30:48.269  1205  1205 I thermal_repeater: socket -1
10-27 14:30:48.677  5909  5909 I wpa_supplicant: Heartbeat 232
10-27 14:30:48.895  1737  1942 D MobileStatusTracker(0/2): onSignalStrengthsChanged level=3, vendorLevel=3
10-27 14:30:48.897  1737  1942 D MobileSignalController(0/2): notifyListener: enabled=true, connected=true, dataConnected=true, networkType=LTE (4G), emergencyOnly=false, roaming=false, isDefault=false, dataActivity=, level=3, ca=false, mmWave=false, disabledDataIcon=false, simCard=ETC
10-27 14:30:48.900  1737  1942 D NetworkController: SignalStrength from intent slotId=0
10-27 14:30:48.993  1693  1693 I WifiHAL : Get link layer stats
10-27 14:30:48.993  1693  1693 I WifiHAL : GetLinkStatsCommand::create
10-27 14:30:48.993  1693  1693 D android.hardware.wifi@1.0-service-lazy: WifiRequest::create vendor command to iface 38, vendor_id=0x1a11, subcmd=0x1200, res=0
10-27 14:30:48.994  1693  1693 I android.hardware.wifi@1.0-service-lazy: WifiCommand::requestResponse err=-95
10-27 14:30:48.994  1693  1693 I WifiHAL : wifi_get_link_stats: result=-3
10-27 14:30:48.995  1187  1566 E WifiVendorHal: getWifiLinkLayerStats_1_5_Internal(l.1179) failed {.code = ERROR_NOT_SUPPORTED, .description = }
10-27 14:30:49.005  1187 22074 D SemWifiUsabilityStatsMonitor: onWifiUsabilityStats - seqNum 33771, isSameBssidAndFreq true
10-27 14:30:49.007  1187  1645 I SemWifiLinkQualityMonitor: Link Qos query: inf. ms / 0 Mbps
10-27 14:30:49.188  1187  3235 D InputDispatcher: Inject motion (13046/2000): action=0x0, time=2937992322000000, f=0x0, d=0 dsdx=1.000000 dtdx=0.000000
10-27 14:30:49.189  1187  1534 I InputDispatcher: Delivering touch to (1737): action: 0x4, f=0x0, d=0, 'd92b8ad', t=1 
10-27 14:30:49.189  1187  1534 I InputDispatcher: Delivering touch to (12901): action: 0x0, f=0x0, d=0, 'd26118d', t=1 
10-27 14:30:49.190  1187  1534 D PowerManagerService: [api] userActivityFromNative :  (event: 2 flags: 0 displayId: 0) eventTime = 2937992322
10-27 14:30:49.191  1187  1303 I GestureDetector: obtain mCurrentDownEvent. id: -1019445994 caller: com.android.server.wm.SystemGesturesPointerEventListener.onPointerEvent:203 com.android.server.wm.PointerEventDispatcher.onInputEvent:53 android.view.InputEventReceiver.dispatchInputEvent:285 
10-27 14:30:49.191 12901 12901 I ViewRootImpl@aff6157[MainActivity]: ViewPostIme pointer 0
10-27 14:30:49.192  1187  1303 I GestureDetector: obtain mCurrentDownEvent. id: -1019445994 caller: com.android.server.wm.SystemPerformancePointerEventListener.onPointerEvent:89 com.android.server.wm.PointerEventDispatcher.onInputEvent:53 android.view.InputEventReceiver.dispatchInputEvent:285 
10-27 14:30:49.208  1187  3235 D InputDispatcher: Inject motion (13046/2000): action=0x1, time=2937992322000000, f=0x0, d=0 dsdx=1.000000 dtdx=0.000000
10-27 14:30:49.209  1187  1534 I InputDispatcher: Delivering touch to (12901): action: 0x1, f=0x0, d=0, 'd26118d', t=1 
10-27 14:30:49.210  1187  1303 I GestureDetector: obtain mCurrentMotionEventRaw. action: 1 id: -97142846
10-27 14:30:49.210 12901 12901 I ViewRootImpl@aff6157[MainActivity]: ViewPostIme pointer 1
10-27 14:30:49.210  1187  1303 I GestureDetector: obtain mCurrentMotionEventRaw. action: 1 id: -97142846
10-27 14:30:49.236 12901 12925 E IMGMapper: set:488 set: Unset optional value from type SMPTE2086
10-27 14:30:49.236 12901 12925 E IMGMapper: set:488 set: Unset optional value from type CTA861_3
10-27 14:30:49.240  1039  1039 I BufferQueueProducer: [com.cinemamovel/com.cinemamovel.MainActivity$_12901#596623](this:0xb400007a1f70e838,id:-1,api:0,p:-1,c:1039) queueBuffer: fps=14.79 dur=2096.63 max=1480.46 min=16.11
10-27 14:30:49.243   991   991 I hwcomposer: [HWCDisplay] [Display_0 (type:1)] fps:1.981830,dur:1513.75,max:1480.51,min:15.91  
10-27 14:30:49.263 12901 12925 E IMGMapper: set:488 set: Unset optional value from type SMPTE2086
10-27 14:30:49.263 12901 12925 E IMGMapper: set:488 set: Unset optional value from type CTA861_3
10-27 14:30:49.281 12901 12925 E IMGMapper: set:488 set: Unset optional value from type SMPTE2086
10-27 14:30:49.281 12901 12925 E IMGMapper: set:488 set: Unset optional value from type CTA861_3
10-27 14:30:49.299 12901 12925 E IMGMapper: set:488 set: Unset optional value from type SMPTE2086
10-27 14:30:49.299 12901 12925 E IMGMapper: set:488 set: Unset optional value from type CTA861_3
10-27 14:30:49.337 12901 12925 E IMGMapper: set:488 set: Unset optional value from type SMPTE2086
10-27 14:30:49.337 12901 12925 E IMGMapper: set:488 set: Unset optional value from type CTA861_3
10-27 14:30:49.345 12901 12925 E IMGMapper: set:488 set: Unset optional value from type SMPTE2086
10-27 14:30:49.345 12901 12925 E IMGMapper: set:488 set: Unset optional value from type CTA861_3
10-27 14:30:49.353 12901 12925 E IMGMapper: set:488 set: Unset optional value from type SMPTE2086
10-27 14:30:49.353 12901 12925 E IMGMapper: set:488 set: Unset optional value from type CTA861_3
10-27 14:30:49.366 12901 12925 E IMGMapper: set:488 set: Unset optional value from type SMPTE2086
10-27 14:30:49.366 12901 12925 E IMGMapper: set:488 set: Unset optional value from type CTA861_3
10-27 14:30:49.384 12901 12925 E IMGMapper: set:488 set: Unset optional value from type SMPTE2086
10-27 14:30:49.384 12901 12925 E IMGMapper: set:488 set: Unset optional value from type CTA861_3
10-27 14:30:49.400 12901 12925 E IMGMapper: set:488 set: Unset optional value from type SMPTE2086
10-27 14:30:49.400 12901 12925 E IMGMapper: set:488 set: Unset optional value from type CTA861_3
10-27 14:30:49.417 12901 12925 E IMGMapper: set:488 set: Unset optional value from type SMPTE2086
10-27 14:30:49.417 12901 12925 E IMGMapper: set:488 set: Unset optional value from type CTA861_3
10-27 14:30:49.438 12901 12925 E IMGMapper: set:488 set: Unset optional value from type SMPTE2086
10-27 14:30:49.438 12901 12925 E IMGMapper: set:488 set: Unset optional value from type CTA861_3
10-27 14:30:49.452 12901 12925 E IMGMapper: set:488 set: Unset optional value from type SMPTE2086
10-27 14:30:49.452 12901 12925 E IMGMapper: set:488 set: Unset optional value from type CTA861_3
10-27 14:30:49.468 12901 12925 E IMGMapper: set:488 set: Unset optional value from type SMPTE2086
10-27 14:30:49.468 12901 12925 E IMGMapper: set:488 set: Unset optional value from type CTA861_3
10-27 14:30:49.485 12901 12925 E IMGMapper: set:488 set: Unset optional value from type SMPTE2086
10-27 14:30:49.486 12901 12925 E IMGMapper: set:488 set: Unset optional value from type CTA861_3
10-27 14:30:49.491  1187  1303 I GestureDetector: handleMessage TAP
10-27 14:30:49.492  1187  1187 I GestureDetector: handleMessage TAP
10-27 14:30:49.503 12901 12925 E IMGMapper: set:488 set: Unset optional value from type SMPTE2086
10-27 14:30:49.503 12901 12925 E IMGMapper: set:488 set: Unset optional value from type CTA861_3
10-27 14:30:49.521 12901 12925 E IMGMapper: set:488 set: Unset optional value from type SMPTE2086
10-27 14:30:49.522 12901 12925 E IMGMapper: set:488 set: Unset optional value from type CTA861_3
10-27 14:30:50.293  1187  1299 D InputDispatcher: Inject motion (13051/2000): action=0x0, time=2937993428000000, f=0x0, d=0 dsdx=1.000000 dtdx=0.000000
10-27 14:30:50.294  1187  1534 I InputDispatcher: Delivering touch to (1737): action: 0x4, f=0x0, d=0, 'd92b8ad', t=1 
10-27 14:30:50.294  1187  1534 I InputDispatcher: Delivering touch to (12901): action: 0x0, f=0x0, d=0, 'd26118d', t=1 
10-27 14:30:50.295  1187  1534 D PowerManagerService: [api] userActivityFromNative :  (event: 2 flags: 0 displayId: 0) eventTime = 2937993428
10-27 14:30:50.295 12901 12901 I ViewRootImpl@aff6157[MainActivity]: ViewPostIme pointer 0
10-27 14:30:50.295  1187  1303 I GestureDetector: obtain mCurrentDownEvent. id: -160979251 caller: com.android.server.wm.SystemGesturesPointerEventListener.onPointerEvent:203 com.android.server.wm.PointerEventDispatcher.onInputEvent:53 android.view.InputEventReceiver.dispatchInputEvent:285 
10-27 14:30:50.296  1187  1303 I GestureDetector: obtain mCurrentDownEvent. id: -160979251 caller: com.android.server.wm.SystemPerformancePointerEventListener.onPointerEvent:89 com.android.server.wm.PointerEventDispatcher.onInputEvent:53 android.view.InputEventReceiver.dispatchInputEvent:285 
10-27 14:30:50.302  1187  1299 D InputDispatcher: Inject motion (13051/2000): action=0x1, time=2937993428000000, f=0x0, d=0 dsdx=1.000000 dtdx=0.000000
10-27 14:30:50.302  1187  1534 I InputDispatcher: Delivering touch to (12901): action: 0x1, f=0x0, d=0, 'd26118d', t=1 
10-27 14:30:50.303 12901 12901 I ViewRootImpl@aff6157[MainActivity]: ViewPostIme pointer 1
10-27 14:30:50.303  1187  1303 I GestureDetector: obtain mCurrentMotionEventRaw. action: 1 id: -453362974
10-27 14:30:50.303  1187  1303 I GestureDetector: obtain mCurrentMotionEventRaw. action: 1 id: -453362974
10-27 14:30:50.380 12901 12925 E IMGMapper: set:488 set: Unset optional value from type SMPTE2086
10-27 14:30:50.380 12901 12925 E IMGMapper: set:488 set: Unset optional value from type CTA861_3
10-27 14:30:50.389  1039  1039 I BufferQueueProducer: [com.cinemamovel/com.cinemamovel.MainActivity$_12901#596623](this:0xb400007a1f70e838,id:-1,api:0,p:-1,c:1039) queueBuffer: fps=14.79 dur=1149.08 max=849.11 min=15.97
10-27 14:30:50.392   991   991 I hwcomposer: [HWCDisplay] [Display_0 (type:1)] fps:14.788743,dur:1149.52,max:849.50,min:15.61  
10-27 14:30:50.596  1187  1187 I GestureDetector: handleMessage TAP
10-27 14:30:50.596  1187  1303 I GestureDetector: handleMessage TAP
10-27 14:30:51.058  5209  5231 I Finsky  : [359] Stats for Executor: BlockingExecutor uek@6ed9022[Running, pool size = 2, active threads = 0, queued tasks = 0, completed tasks = 70]
10-27 14:30:51.058  5209  5231 I Finsky  : [359] Stats for Executor: LightweightExecutor uek@15ceab3[Running, pool size = 4, active threads = 0, queued tasks = 0, completed tasks = 402]
10-27 14:30:51.186  5209  5231 I Finsky  : [359] Stats for Executor: bgExecutor uek@d84a870[Running, pool size = 4, active threads = 0, queued tasks = 0, completed tasks = 623]
10-27 14:30:51.384  1187  3235 D InputDispatcher: Inject motion (13056/2000): action=0x0, time=2937994518000000, f=0x0, d=0 dsdx=1.000000 dtdx=0.000000
10-27 14:30:51.384  1187  1534 I InputDispatcher: Delivering touch to (1737): action: 0x4, f=0x0, d=0, 'd92b8ad', t=1 
10-27 14:30:51.384  1187  1534 I InputDispatcher: Delivering touch to (12901): action: 0x0, f=0x0, d=0, 'd26118d', t=1 
10-27 14:30:51.385  1187  1534 D PowerManagerService: [api] userActivityFromNative :  (event: 2 flags: 0 displayId: 0) eventTime = 2937994518
10-27 14:30:51.385 12901 12901 I ViewRootImpl@aff6157[MainActivity]: ViewPostIme pointer 0
10-27 14:30:51.386  1187  1303 I GestureDetector: obtain mCurrentDownEvent. id: -591257643 caller: com.android.server.wm.SystemGesturesPointerEventListener.onPointerEvent:203 com.android.server.wm.PointerEventDispatcher.onInputEvent:53 android.view.InputEventReceiver.dispatchInputEvent:285 
10-27 14:30:51.387  1187  1303 I GestureDetector: obtain mCurrentDownEvent. id: -591257643 caller: com.android.server.wm.SystemPerformancePointerEventListener.onPointerEvent:89 com.android.server.wm.PointerEventDispatcher.onInputEvent:53 android.view.InputEventReceiver.dispatchInputEvent:285 
10-27 14:30:51.392  1187  3235 D InputDispatcher: Inject motion (13056/2000): action=0x1, time=2937994518000000, f=0x0, d=0 dsdx=1.000000 dtdx=0.000000
10-27 14:30:51.392  1187  1534 I InputDispatcher: Delivering touch to (12901): action: 0x1, f=0x0, d=0, 'd26118d', t=1 
10-27 14:30:51.392 12901 12901 I ViewRootImpl@aff6157[MainActivity]: ViewPostIme pointer 1
10-27 14:30:51.393  1187  1303 I GestureDetector: obtain mCurrentMotionEventRaw. action: 1 id: -1028596700
10-27 14:30:51.393  1187  1303 I GestureDetector: obtain mCurrentMotionEventRaw. action: 1 id: -1028596700
10-27 14:30:51.415 12901 12925 E IMGMapper: set:488 set: Unset optional value from type SMPTE2086
10-27 14:30:51.415 12901 12925 E IMGMapper: set:488 set: Unset optional value from type CTA861_3
10-27 14:30:51.421  1039  1039 I BufferQueueProducer: [com.cinemamovel/com.cinemamovel.MainActivity$_12901#596623](this:0xb400007a1f70e838,id:-1,api:0,p:-1,c:1039) queueBuffer: fps=0.97 dur=1031.91 max=1031.91 min=1031.91
10-27 14:30:51.423   991   991 I hwcomposer: [HWCDisplay] [Display_0 (type:1)] fps:0.969643,dur:1031.31,max:1031.31,min:1031.31  
10-27 14:30:51.445 12901 12925 E IMGMapper: set:488 set: Unset optional value from type SMPTE2086
10-27 14:30:51.445 12901 12925 E IMGMapper: set:488 set: Unset optional value from type CTA861_3
10-27 14:30:51.449  1737  1942 D MobileStatusTracker(0/2): onSignalStrengthsChanged level=3, vendorLevel=3
10-27 14:30:51.451  1737  1942 D MobileSignalController(0/2): notifyListener: enabled=true, connected=true, dataConnected=true, networkType=LTE (4G), emergencyOnly=false, roaming=false, isDefault=false, dataActivity=, level=3, ca=false, mmWave=false, disabledDataIcon=false, simCard=ETC
10-27 14:30:51.452  1737  1942 D NetworkController: SignalStrength from intent slotId=0
10-27 14:30:51.461 12901 12925 E IMGMapper: set:488 set: Unset optional value from type SMPTE2086
10-27 14:30:51.461 12901 12925 E IMGMapper: set:488 set: Unset optional value from type CTA861_3
10-27 14:30:51.479 12901 12925 E IMGMapper: set:488 set: Unset optional value from type SMPTE2086
10-27 14:30:51.479 12901 12925 E IMGMapper: set:488 set: Unset optional value from type CTA861_3
10-27 14:30:51.511 12901 12925 E IMGMapper: set:488 set: Unset optional value from type SMPTE2086
10-27 14:30:51.511 12901 12925 E IMGMapper: set:488 set: Unset optional value from type CTA861_3
10-27 14:30:51.519 12901 12925 E IMGMapper: set:488 set: Unset optional value from type SMPTE2086
10-27 14:30:51.519 12901 12925 E IMGMapper: set:488 set: Unset optional value from type CTA861_3
10-27 14:30:51.530 12901 12925 E IMGMapper: set:488 set: Unset optional value from type SMPTE2086
10-27 14:30:51.531 12901 12925 E IMGMapper: set:488 set: Unset optional value from type CTA861_3
10-27 14:30:51.546 12901 12925 E IMGMapper: set:488 set: Unset optional value from type SMPTE2086
10-27 14:30:51.546 12901 12925 E IMGMapper: set:488 set: Unset optional value from type CTA861_3
10-27 14:30:51.563 12901 12925 E IMGMapper: set:488 set: Unset optional value from type SMPTE2086
10-27 14:30:51.563 12901 12925 E IMGMapper: set:488 set: Unset optional value from type CTA861_3
10-27 14:30:51.580 12901 12925 E IMGMapper: set:488 set: Unset optional value from type SMPTE2086
10-27 14:30:51.580 12901 12925 E IMGMapper: set:488 set: Unset optional value from type CTA861_3
10-27 14:30:51.597 12901 12925 E IMGMapper: set:488 set: Unset optional value from type SMPTE2086
10-27 14:30:51.598 12901 12925 E IMGMapper: set:488 set: Unset optional value from type CTA861_3
10-27 14:30:51.615 12901 12925 E IMGMapper: set:488 set: Unset optional value from type SMPTE2086
10-27 14:30:51.615 12901 12925 E IMGMapper: set:488 set: Unset optional value from type CTA861_3
10-27 14:30:51.632 12901 12925 E IMGMapper: set:488 set: Unset optional value from type SMPTE2086
10-27 14:30:51.633 12901 12925 E IMGMapper: set:488 set: Unset optional value from type CTA861_3
10-27 14:30:51.649 12901 12925 E IMGMapper: set:488 set: Unset optional value from type SMPTE2086
10-27 14:30:51.649 12901 12925 E IMGMapper: set:488 set: Unset optional value from type CTA861_3
10-27 14:30:51.668 12901 12925 E IMGMapper: set:488 set: Unset optional value from type SMPTE2086
10-27 14:30:51.668 12901 12925 E IMGMapper: set:488 set: Unset optional value from type CTA861_3
10-27 14:30:51.682 12901 12925 E IMGMapper: set:488 set: Unset optional value from type SMPTE2086
10-27 14:30:51.682 12901 12925 E IMGMapper: set:488 set: Unset optional value from type CTA861_3
10-27 14:30:51.686  1187  1303 I GestureDetector: handleMessage TAP
10-27 14:30:51.687  1187  1187 I GestureDetector: handleMessage TAP
10-27 14:30:51.703 12901 12925 E IMGMapper: set:488 set: Unset optional value from type SMPTE2086
10-27 14:30:51.703 12901 12925 E IMGMapper: set:488 set: Unset optional value from type CTA861_3
10-27 14:30:52.013  1693  1693 I WifiHAL : Get link layer stats
10-27 14:30:52.013  1693  1693 I WifiHAL : GetLinkStatsCommand::create
10-27 14:30:52.013  1693  1693 D android.hardware.wifi@1.0-service-lazy: WifiRequest::create vendor command to iface 38, vendor_id=0x1a11, subcmd=0x1200, res=0
10-27 14:30:52.013  1693  1693 I android.hardware.wifi@1.0-service-lazy: WifiCommand::requestResponse err=-95
10-27 14:30:52.013  1693  1693 I WifiHAL : wifi_get_link_stats: result=-3
10-27 14:30:52.015  1187  1566 E WifiVendorHal: getWifiLinkLayerStats_1_5_Internal(l.1179) failed {.code = ERROR_NOT_SUPPORTED, .description = }
10-27 14:30:52.024  1187 22074 D SemWifiUsabilityStatsMonitor: onWifiUsabilityStats - seqNum 33772, isSameBssidAndFreq true
10-27 14:30:52.026  1187  1645 I SemWifiLinkQualityMonitor: Link Qos query: inf. ms / 0 Mbps
10-27 14:30:52.193  5209  5231 I Finsky  : [359] Stats for Executor: GrpcBackgroundExecutor uek@36e07e9[Running, pool size = 3, active threads = 0, queued tasks = 0, completed tasks = 3]
10-27 14:30:52.469  1187  3197 D InputDispatcher: Inject key (13061/2000): action=0, f=0x0, d=-1, time=2937995603000000
10-27 14:30:52.469  1187  3197 D WindowManager: interceptKeyTq keycode=4 interactive=true keyguardActive=false policyFlags=2b000000
10-27 14:30:52.469  1187  3197 D PhoneWindowManagerExt: interceptKeyTq code=4 down=true repeatCount=0 displayId=-1 interactive=true
10-27 14:30:52.469  1187  3197 D WindowManager: interceptKeyTq interceptKeyResult=4
10-27 14:30:52.470  1187  1534 D PowerManagerService: [api] userActivityFromNative :  (event: 1 flags: 0 displayId: 0) eventTime = 2937995603
10-27 14:30:52.471  1187  1534 D WindowManager: interceptKeyTi keyCode=4 down=true repeatCount=0 keyguardOn=false canceled=false
10-27 14:30:52.471  1187  1534 D PhoneWindowManagerExt: interceptKeyTi code=4 down=true repeatCount=0 displayId=-1 interactive=true
10-27 14:30:52.472  1187  1534 I InputDispatcher: Delivering key to (12901): B action: 0x0 (0), f=0x0, m=0x0, d=0, 'd26118d'
10-27 14:30:52.473 23351 23351 I HBD     : b skip onKeyDown as physical keyboard not connected 
10-27 14:30:52.475 23351 23351 I HBD     : HoneyBoardService onKeyDown r:ab53f1e7 consumed:false 2 
10-27 14:30:52.477 12901 12901 I ViewRootImpl@aff6157[MainActivity]: ViewPostIme key 0
10-27 14:30:52.478 12901 12901 D Activity: onKeyDown(KEYCODE_BACK)
10-27 14:30:52.478  1187  3197 D InputDispatcher: Inject key (13061/2000): action=1, f=0x0, d=-1, time=2937995603000000
10-27 14:30:52.478  1187  3197 D WindowManager: interceptKeyTq keycode=4 interactive=true keyguardActive=false policyFlags=2b000000
10-27 14:30:52.479  1187  3197 D PhoneWindowManagerExt: interceptKeyTq code=4 down=false repeatCount=0 displayId=-1 interactive=true
10-27 14:30:52.479  1187  3197 D WindowManager: interceptKeyTq interceptKeyResult=4
10-27 14:30:52.479  1187  1534 D WindowManager: interceptKeyTi keyCode=4 down=false repeatCount=0 keyguardOn=false canceled=false
10-27 14:30:52.479  1187  1534 D PhoneWindowManagerExt: interceptKeyTi code=4 down=false repeatCount=0 displayId=-1 interactive=true
10-27 14:30:52.480  1187  1534 I InputDispatcher: Delivering key to (12901): B action: 0x1 (0), f=0x0, m=0x0, d=0, 'd26118d'
10-27 14:30:52.482 23351 23351 I HBD     : HoneyBoardService onKeyUp r:af3516f4 consumed:false 2 
10-27 14:30:52.484 12901 12901 I ViewRootImpl@aff6157[MainActivity]: ViewPostIme key 1
10-27 14:30:52.484 12901 12901 D Activity: onKeyUp(KEYCODE_BACK) isTracking()=true isCanceled()=false hasCallback=false
10-27 14:30:52.533 12901 12932 I ReactNativeJS: ---METRICS_JSON_START---
10-27 14:30:52.533 12901 12932 I ReactNativeJS: {
10-27 14:30:52.533 12901 12932 I ReactNativeJS:   "screenRenders": 10,
10-27 14:30:52.533 12901 12932 I ReactNativeJS:   "componentRenders": {
10-27 14:30:52.533 12901 12932 I ReactNativeJS:     "Loader": 2,
10-27 14:30:52.533 12901 12932 I ReactNativeJS:     "Poster": 8,
10-27 14:30:52.533 12901 12932 I ReactNativeJS:     "InfoBlock": 8,
10-27 14:30:52.533 12901 12932 I ReactNativeJS:     "RatingBlock": 8,
10-27 14:30:52.533 12901 12932 I ReactNativeJS:     "Overview": 8,
10-27 14:30:52.533 12901 12932 I ReactNativeJS:     "Genres": 8
10-27 14:30:52.533 12901 12932 I ReactNativeJS:   },
10-27 14:30:52.533 12901 12932 I ReactNativeJS:   "interactionEvents": [
10-27 14:30:52.533 12901 12932 I ReactNativeJS:     {
10-27 14:30:52.533 12901 12932 I ReactNativeJS:       "action": "toggle_favorite",
10-27 14:30:52.533 12901 12932 I ReactNativeJS:       "timestamp": 1761586241708
10-27 14:30:52.533 12901 12932 I ReactNativeJS:     },
10-27 14:30:52.533 12901 12932 I ReactNativeJS:     {
10-27 14:30:52.533 12901 12932 I ReactNativeJS:       "action": "set_rating_3",
10-27 14:30:52.533 12901 12932 I ReactNativeJS:       "timestamp": 1761586242811
10-27 14:30:52.533 12901 12932 I ReactNativeJS:     },
10-27 14:30:52.533 12901 12932 I ReactNativeJS:     {
10-27 14:30:52.533 12901 12932 I ReactNativeJS:       "action": "toggle_overview",
10-27 14:30:52.533 12901 12932 I ReactNativeJS:       "timestamp": 1761586243891
10-27 14:30:52.533 12901 12932 I ReactNativeJS:     },
10-27 14:30:52.533 12901 12932 I ReactNativeJS:     {
10-27 14:30:52.533 12901 12932 I ReactNativeJS:       "action": "component_unmounted_logged",
10-27 14:30:52.533 12901 12932 I ReactNativeJS:       "timestamp": 1761586245055
10-27 14:30:52.533 12901 12932 I ReactNativeJS:     },
10-27 14:30:52.533 12901 12932 I ReactNativeJS:     {
10-27 14:30:52.533 12901 12932 I ReactNativeJS:       "action": "toggle_favorite",
10-27 14:30:52.533 12901 12932 I ReactNativeJS:       "timestamp": 1761586249233
10-27 14:30:52.533 12901 12932 I ReactNativeJS:     },
10-27 14:30:52.533 12901 12932 I ReactNativeJS:     {
10-27 14:30:52.533 12901 12932 I ReactNativeJS:       "action": "set_rating_3",
10-27 14:30:52.533 12901 12932 I ReactNativeJS:       "timestamp": 1761586250314
10-27 14:30:52.533 12901 12932 I ReactNativeJS:     },
10-27 14:30:52.533 12901 12932 I ReactNativeJS:     {
10-27 14:30:52.533 12901 12932 I ReactNativeJS:       "action": "toggle_overview",
10-27 14:30:52.533 12901 12932 I ReactNativeJS:       "timestamp": 1761586251411
10-27 14:30:52.533 12901 12932 I ReactNativeJS:     },
10-27 14:30:52.533 12901 12932 I ReactNativeJS:     {
10-27 14:30:52.533 12901 12932 I ReactNativeJS:       "action": "component_unmounted_logged",
10-27 14:30:52.533 12901 12932 I ReactNativeJS:       "timestamp": 1761586252533
10-27 14:30:52.533 12901 12932 I ReactNativeJS:     }
10-27 14:30:52.533 12901 12932 I ReactNativeJS:   ]
10-27 14:30:52.533 12901 12932 I ReactNativeJS: }
10-27 14:30:52.533 12901 12932 I ReactNativeJS: ---METRICS_JSON_END---
10-27 14:30:52.590 12901 12925 E IMGMapper: set:488 set: Unset optional value from type SMPTE2086
10-27 14:30:52.590 12901 12925 E IMGMapper: set:488 set: Unset optional value from type CTA861_3
10-27 14:30:52.603  1039  1039 I BufferQueueProducer: [com.cinemamovel/com.cinemamovel.MainActivity$_12901#596623](this:0xb400007a1f70e838,id:-1,api:0,p:-1,c:1039) queueBuffer: fps=14.39 dur=1181.42 max=881.94 min=15.92
10-27 14:30:52.605   991   991 I hwcomposer: [HWCDisplay] [Display_0 (type:1)] fps:14.386298,dur:1181.68,max:881.98,min:15.94  
10-27 14:30:52.656 12901 12925 E IMGMapper: set:488 set: Unset optional value from type SMPTE2086
10-27 14:30:52.656 12901 12925 E IMGMapper: set:488 set: Unset optional value from type CTA861_3
10-27 14:30:52.666 12901 12925 E IMGMapper: set:488 set: Unset optional value from type SMPTE2086
10-27 14:30:52.666 12901 12925 E IMGMapper: set:488 set: Unset optional value from type CTA861_3
10-27 14:30:52.682 12901 12925 E IMGMapper: set:488 set: Unset optional value from type SMPTE2086
10-27 14:30:52.682 12901 12925 E IMGMapper: set:488 set: Unset optional value from type CTA861_3
10-27 14:30:52.695 12901 12925 E IMGMapper: set:488 set: Unset optional value from type SMPTE2086
10-27 14:30:52.695 12901 12925 E IMGMapper: set:488 set: Unset optional value from type CTA861_3
10-27 14:30:52.723 12901 12925 E IMGMapper: set:488 set: Unset optional value from type SMPTE2086
10-27 14:30:52.724 12901 12925 E IMGMapper: set:488 set: Unset optional value from type CTA861_3
10-27 14:30:52.730  1737  1942 D MobileStatusTracker(0/2): onSignalStrengthsChanged level=3, vendorLevel=3
10-27 14:30:52.732  1737  1942 D MobileSignalController(0/2): notifyListener: enabled=true, connected=true, dataConnected=true, networkType=LTE (4G), emergencyOnly=false, roaming=false, isDefault=false, dataActivity=, level=3, ca=false, mmWave=false, disabledDataIcon=false, simCard=ETC
10-27 14:30:52.735  1737  1942 D NetworkController: SignalStrength from intent slotId=0
10-27 14:30:52.739 12901 12925 E IMGMapper: set:488 set: Unset optional value from type SMPTE2086
10-27 14:30:52.740 12901 12925 E IMGMapper: set:488 set: Unset optional value from type CTA861_3
10-27 14:30:52.752 12901 12925 E IMGMapper: set:488 set: Unset optional value from type SMPTE2086
10-27 14:30:52.752 12901 12925 E IMGMapper: set:488 set: Unset optional value from type CTA861_3
10-27 14:30:52.767 12901 12925 E IMGMapper: set:488 set: Unset optional value from type SMPTE2086
10-27 14:30:52.767 12901 12925 E IMGMapper: set:488 set: Unset optional value from type CTA861_3
10-27 14:30:52.782 12901 12925 E IMGMapper: set:488 set: Unset optional value from type SMPTE2086
10-27 14:30:52.783 12901 12925 E IMGMapper: set:488 set: Unset optional value from type CTA861_3
10-27 14:30:52.800 12901 12925 E IMGMapper: set:488 set: Unset optional value from type SMPTE2086
10-27 14:30:52.800 12901 12925 E IMGMapper: set:488 set: Unset optional value from type CTA861_3
10-27 14:30:52.815 12901 12925 E IMGMapper: set:488 set: Unset optional value from type SMPTE2086
10-27 14:30:52.815 12901 12925 E IMGMapper: set:488 set: Unset optional value from type CTA861_3
10-27 14:30:52.834 12901 12925 E IMGMapper: set:488 set: Unset optional value from type SMPTE2086
10-27 14:30:52.834 12901 12925 E IMGMapper: set:488 set: Unset optional value from type CTA861_3
10-27 14:30:52.849 12901 12925 E IMGMapper: set:488 set: Unset optional value from type SMPTE2086
10-27 14:30:52.849 12901 12925 E IMGMapper: set:488 set: Unset optional value from type CTA861_3
10-27 14:30:52.866 12901 12925 E IMGMapper: set:488 set: Unset optional value from type SMPTE2086
10-27 14:30:52.866 12901 12925 E IMGMapper: set:488 set: Unset optional value from type CTA861_3
10-27 14:30:52.885 12901 12925 E IMGMapper: set:488 set: Unset optional value from type SMPTE2086
10-27 14:30:52.886 12901 12925 E IMGMapper: set:488 set: Unset optional value from type CTA861_3
10-27 14:30:52.899 12901 12925 E IMGMapper: set:488 set: Unset optional value from type SMPTE2086
10-27 14:30:52.900 12901 12925 E IMGMapper: set:488 set: Unset optional value from type CTA861_3
10-27 14:30:52.915 12901 12925 E IMGMapper: set:488 set: Unset optional value from type SMPTE2086
10-27 14:30:52.916 12901 12925 E IMGMapper: set:488 set: Unset optional value from type CTA861_3
10-27 14:30:52.931 12901 12925 E IMGMapper: set:488 set: Unset optional value from type SMPTE2086
10-27 14:30:52.931 12901 12925 E IMGMapper: set:488 set: Unset optional value from type CTA861_3
10-27 14:30:52.950 12901 12925 E IMGMapper: set:488 set: Unset optional value from type SMPTE2086
10-27 14:30:52.950 12901 12925 E IMGMapper: set:488 set: Unset optional value from type CTA861_3
10-27 14:30:52.966 12901 12925 E IMGMapper: set:488 set: Unset optional value from type SMPTE2086
10-27 14:30:52.966 12901 12925 E IMGMapper: set:488 set: Unset optional value from type CTA861_3
10-27 14:30:52.982 12901 12925 E IMGMapper: set:488 set: Unset optional value from type SMPTE2086
10-27 14:30:52.982 12901 12925 E IMGMapper: set:488 set: Unset optional value from type CTA861_3
10-27 14:30:53.000 12901 12925 E IMGMapper: set:488 set: Unset optional value from type SMPTE2086
10-27 14:30:53.000 12901 12925 E IMGMapper: set:488 set: Unset optional value from type CTA861_3
10-27 14:30:53.015 12901 12925 E IMGMapper: set:488 set: Unset optional value from type SMPTE2086
10-27 14:30:53.015 12901 12925 E IMGMapper: set:488 set: Unset optional value from type CTA861_3
10-27 14:30:53.032 12901 12925 E IMGMapper: set:488 set: Unset optional value from type SMPTE2086
10-27 14:30:53.032 12901 12925 E IMGMapper: set:488 set: Unset optional value from type CTA861_3
10-27 14:30:53.049 12901 12925 E IMGMapper: set:488 set: Unset optional value from type SMPTE2086
10-27 14:30:53.049 12901 12925 E IMGMapper: set:488 set: Unset optional value from type CTA861_3
10-27 14:30:53.067 12901 12925 E IMGMapper: set:488 set: Unset optional value from type SMPTE2086
10-27 14:30:53.067 12901 12925 E IMGMapper: set:488 set: Unset optional value from type CTA861_3
10-27 14:30:53.083 12901 12925 E IMGMapper: set:488 set: Unset optional value from type SMPTE2086
10-27 14:30:53.083 12901 12925 E IMGMapper: set:488 set: Unset optional value from type CTA861_3
10-27 14:30:53.098 12901 12925 E IMGMapper: set:488 set: Unset optional value from type SMPTE2086
10-27 14:30:53.099 12901 12925 E IMGMapper: set:488 set: Unset optional value from type CTA861_3
10-27 14:30:53.116 12901 12925 E IMGMapper: set:488 set: Unset optional value from type SMPTE2086
10-27 14:30:53.116 12901 12925 E IMGMapper: set:488 set: Unset optional value from type CTA861_3
10-27 14:30:53.134 12901 12925 E IMGMapper: set:488 set: Unset optional value from type SMPTE2086
10-27 14:30:53.134 12901 12925 E IMGMapper: set:488 set: Unset optional value from type CTA861_3
10-27 14:30:53.270  1205  1205 I thermal_repeater: socket -1
10-27 14:30:54.389  1187  1369 D PowerManagerService: UserActivityStateListenerState: 0
10-27 14:30:54.563  1187  4545 D InputDispatcher: Inject motion (13067/2000): action=0x0, time=2937997697000000, f=0x0, d=0 dsdx=1.000000 dtdx=0.000000
10-27 14:30:54.564  1187  1534 I InputDispatcher: Delivering touch to (1737): action: 0x4, f=0x0, d=0, 'd92b8ad', t=1 
10-27 14:30:54.564  1187  1534 I InputDispatcher: Delivering touch to (12901): action: 0x0, f=0x0, d=0, 'd26118d', t=1 
10-27 14:30:54.565  1187  1534 D PowerManagerService: [api] userActivityFromNative :  (event: 2 flags: 0 displayId: 0) eventTime = 2937997697
10-27 14:30:54.565 12901 12901 I ViewRootImpl@aff6157[MainActivity]: ViewPostIme pointer 0
10-27 14:30:54.565  1187  1303 I GestureDetector: obtain mCurrentDownEvent. id: -991063585 caller: com.android.server.wm.SystemGesturesPointerEventListener.onPointerEvent:203 com.android.server.wm.PointerEventDispatcher.onInputEvent:53 android.view.InputEventReceiver.dispatchInputEvent:285 
10-27 14:30:54.566  1187  1303 I GestureDetector: obtain mCurrentDownEvent. id: -991063585 caller: com.android.server.wm.SystemPerformancePointerEventListener.onPointerEvent:89 com.android.server.wm.PointerEventDispatcher.onInputEvent:53 android.view.InputEventReceiver.dispatchInputEvent:285 
10-27 14:30:54.568  1187  1534 D PowerManagerService: UserActivityStateListenerState: 1
10-27 14:30:54.579  1187  4545 D InputDispatcher: Inject motion (13067/2000): action=0x1, time=2937997697000000, f=0x0, d=0 dsdx=1.000000 dtdx=0.000000
10-27 14:30:54.580  1187  1534 I InputDispatcher: Delivering touch to (12901): action: 0x1, f=0x0, d=0, 'd26118d', t=1 
10-27 14:30:54.581 12901 12901 I ViewRootImpl@aff6157[MainActivity]: ViewPostIme pointer 1
10-27 14:30:54.582  1187  1303 I GestureDetector: obtain mCurrentMotionEventRaw. action: 1 id: -264058039
10-27 14:30:54.583  1187  1303 I GestureDetector: obtain mCurrentMotionEventRaw. action: 1 id: -264058039
10-27 14:30:54.603 12901 12925 E IMGMapper: set:488 set: Unset optional value from type SMPTE2086
10-27 14:30:54.603 12901 12925 E IMGMapper: set:488 set: Unset optional value from type CTA861_3
10-27 14:30:54.617  1039  1039 I BufferQueueProducer: [com.cinemamovel/com.cinemamovel.MainActivity$_12901#596623](this:0xb400007a1f70e838,id:-1,api:0,p:-1,c:1039) queueBuffer: fps=15.39 dur=2014.19 max=1464.26 min=15.92
10-27 14:30:54.619   991   991 I hwcomposer: [HWCDisplay] [Display_0 (type:1)] fps:15.393740,dur:2013.81,max:1463.66,min:15.58  
10-27 14:30:54.626 12901 12925 E IMGMapper: set:488 set: Unset optional value from type SMPTE2086
10-27 14:30:54.626 12901 12925 E IMGMapper: set:488 set: Unset optional value from type CTA861_3
10-27 14:30:54.641 12901 12925 E IMGMapper: set:488 set: Unset optional value from type SMPTE2086
10-27 14:30:54.641 12901 12925 E IMGMapper: set:488 set: Unset optional value from type CTA861_3
10-27 14:30:54.659 12901 12925 E IMGMapper: set:488 set: Unset optional value from type SMPTE2086
10-27 14:30:54.659 12901 12925 E IMGMapper: set:488 set: Unset optional value from type CTA861_3
10-27 14:30:54.686 12901 12901 W [RNScreens]: backTitleVisible prop is not available on Android
10-27 14:30:54.686 12901 12901 W [RNScreens]: backTitleFontFamily prop is not available on Android
10-27 14:30:54.686 12901 12901 W [RNScreens]: disableBackButtonMenu prop is not available on Android
10-27 14:30:54.686 12901 12901 W [RNScreens]: largeTitleFontFamily prop is not available on Android
10-27 14:30:54.686 12901 12901 W [RNScreens]: largeTitleFontWeight prop is not available on Android
10-27 14:30:54.686 12901 12901 W [RNScreens]: largeTitleHideShadow prop is not available on Android
10-27 14:30:54.688 12901 12925 E IMGMapper: set:488 set: Unset optional value from type SMPTE2086
10-27 14:30:54.688 12901 12925 E IMGMapper: set:488 set: Unset optional value from type CTA861_3
10-27 14:30:54.711 12901 12925 E IMGMapper: set:488 set: Unset optional value from type SMPTE2086
10-27 14:30:54.711 12901 12925 E IMGMapper: set:488 set: Unset optional value from type CTA861_3
10-27 14:30:54.747 12901 12925 E IMGMapper: set:488 set: Unset optional value from type SMPTE2086
10-27 14:30:54.747 12901 12925 E IMGMapper: set:488 set: Unset optional value from type CTA861_3
10-27 14:30:54.758 12901 12925 E IMGMapper: set:488 set: Unset optional value from type SMPTE2086
10-27 14:30:54.759 12901 12925 E IMGMapper: set:488 set: Unset optional value from type CTA861_3
10-27 14:30:54.775 12901 12925 E IMGMapper: set:488 set: Unset optional value from type SMPTE2086
10-27 14:30:54.775 12901 12925 E IMGMapper: set:488 set: Unset optional value from type CTA861_3
10-27 14:30:54.793 12901 12925 E IMGMapper: set:488 set: Unset optional value from type SMPTE2086
10-27 14:30:54.797 12901 12925 E IMGMapper: set:488 set: Unset optional value from type CTA861_3
10-27 14:30:54.828 12901 12901 D ScrollView: initGoToTop
10-27 14:30:54.865  1187  1303 I GestureDetector: handleMessage TAP
10-27 14:30:54.865  1187  1187 I GestureDetector: handleMessage TAP
10-27 14:30:54.871 12901 12925 E IMGMapper: set:488 set: Unset optional value from type SMPTE2086
10-27 14:30:54.871 12901 12925 E IMGMapper: set:488 set: Unset optional value from type CTA861_3
10-27 14:30:54.891 12901 12925 E IMGMapper: set:488 set: Unset optional value from type SMPTE2086
10-27 14:30:54.891 12901 12925 E IMGMapper: set:488 set: Unset optional value from type CTA861_3
10-27 14:30:54.904 12901 12925 E IMGMapper: set:488 set: Unset optional value from type SMPTE2086
10-27 14:30:54.904 12901 12925 E IMGMapper: set:488 set: Unset optional value from type CTA861_3
10-27 14:30:54.919 12901 12925 E IMGMapper: set:488 set: Unset optional value from type SMPTE2086
10-27 14:30:54.919 12901 12925 E IMGMapper: set:488 set: Unset optional value from type CTA861_3
10-27 14:30:54.931 12901 12925 E IMGMapper: set:488 set: Unset optional value from type SMPTE2086
10-27 14:30:54.931 12901 12925 E IMGMapper: set:488 set: Unset optional value from type CTA861_3
10-27 14:30:54.951 12901 12925 E IMGMapper: set:488 set: Unset optional value from type SMPTE2086
10-27 14:30:54.951 12901 12925 E IMGMapper: set:488 set: Unset optional value from type CTA861_3
10-27 14:30:54.966 12901 12925 E IMGMapper: set:488 set: Unset optional value from type SMPTE2086
10-27 14:30:54.966 12901 12925 E IMGMapper: set:488 set: Unset optional value from type CTA861_3
10-27 14:30:54.986 12901 12925 E IMGMapper: set:488 set: Unset optional value from type SMPTE2086
10-27 14:30:54.986 12901 12925 E IMGMapper: set:488 set: Unset optional value from type CTA861_3
10-27 14:30:55.000 12901 12925 E IMGMapper: set:488 set: Unset optional value from type SMPTE2086
10-27 14:30:55.000 12901 12925 E IMGMapper: set:488 set: Unset optional value from type CTA861_3
10-27 14:30:55.017 12901 12925 E IMGMapper: set:488 set: Unset optional value from type SMPTE2086
10-27 14:30:55.017 12901 12925 E IMGMapper: set:488 set: Unset optional value from type CTA861_3
10-27 14:30:55.028  1693  1693 I WifiHAL : Get link layer stats
10-27 14:30:55.028  1693  1693 I WifiHAL : GetLinkStatsCommand::create
10-27 14:30:55.028  1693  1693 D android.hardware.wifi@1.0-service-lazy: WifiRequest::create vendor command to iface 38, vendor_id=0x1a11, subcmd=0x1200, res=0
10-27 14:30:55.029  1693  1693 I android.hardware.wifi@1.0-service-lazy: WifiCommand::requestResponse err=-95
10-27 14:30:55.029  1693  1693 I WifiHAL : wifi_get_link_stats: result=-3
10-27 14:30:55.029  1187  1566 E WifiVendorHal: getWifiLinkLayerStats_1_5_Internal(l.1179) failed {.code = ERROR_NOT_SUPPORTED, .description = }
10-27 14:30:55.035  1187 22074 D SemWifiUsabilityStatsMonitor: onWifiUsabilityStats - seqNum 33773, isSameBssidAndFreq true
10-27 14:30:55.035  1187  1645 I SemWifiLinkQualityMonitor: Link Qos query: inf. ms / 0 Mbps
10-27 14:30:55.042 12901 12925 E IMGMapper: set:488 set: Unset optional value from type SMPTE2086
10-27 14:30:55.042 12901 12925 E IMGMapper: set:488 set: Unset optional value from type CTA861_3
10-27 14:30:55.052 12901 12925 E IMGMapper: set:488 set: Unset optional value from type SMPTE2086
10-27 14:30:55.053 12901 12925 E IMGMapper: set:488 set: Unset optional value from type CTA861_3
10-27 14:30:55.065 12901 12925 E IMGMapper: set:488 set: Unset optional value from type SMPTE2086
10-27 14:30:55.065 12901 12925 E IMGMapper: set:488 set: Unset optional value from type CTA861_3
10-27 14:30:55.084 12901 12925 E IMGMapper: set:488 set: Unset optional value from type SMPTE2086
10-27 14:30:55.084 12901 12925 E IMGMapper: set:488 set: Unset optional value from type CTA861_3
10-27 14:30:55.100 12901 12925 E IMGMapper: set:488 set: Unset optional value from type SMPTE2086
10-27 14:30:55.100 12901 12925 E IMGMapper: set:488 set: Unset optional value from type CTA861_3
