10-27 14:30:55.120 12901 12925 E IMGMapper: set:488 set: Unset optional value from type SMPTE2086
10-27 14:30:55.120 12901 12925 E IMGMapper: set:488 set: Unset optional value from type CTA861_3
10-27 14:30:55.133 12901 12925 E IMGMapper: set:488 set: Unset optional value from type SMPTE2086
10-27 14:30:55.133 12901 12925 E IMGMapper: set:488 set: Unset optional value from type CTA861_3
10-27 14:30:55.150 12901 12925 E IMGMapper: set:488 set: Unset optional value from type SMPTE2086
10-27 14:30:55.150 12901 12925 E IMGMapper: set:488 set: Unset optional value from type CTA861_3
10-27 14:30:55.166 12901 12925 E IMGMapper: set:488 set: Unset optional value from type SMPTE2086
10-27 14:30:55.166 12901 12925 E IMGMapper: set:488 set: Unset optional value from type CTA861_3
10-27 14:30:55.192 12901 12925 E IMGMapper: set:488 set: Unset optional value from type SMPTE2086
10-27 14:30:55.192 12901 12925 E IMGMapper: set:488 set: Unset optional value from type CTA861_3
10-27 14:30:55.205 12901 12925 E IMGMapper: set:488 set: Unset optional value from type SMPTE2086
10-27 14:30:55.205 12901 12925 E IMGMapper: set:488 set: Unset optional value from type CTA861_3
10-27 14:30:55.214 12901 12925 E IMGMapper: set:488 set: Unset optional value from type SMPTE2086
10-27 14:30:55.214 12901 12925 E IMGMapper: set:488 set: Unset optional value from type CTA861_3
10-27 14:30:55.295  1737  1942 D MobileStatusTracker(0/2): onSignalStrengthsChanged level=3, vendorLevel=3
10-27 14:30:55.297  1737  1942 D MobileSignalController(0/2): notifyListener: enabled=true, connected=true, dataConnected=true, networkType=LTE (4G), emergencyOnly=false, roaming=false, isDefault=false, dataActivity=, level=3, ca=false, mmWave=false, disabledDataIcon=false, simCard=ETC
10-27 14:30:55.299  1737  1942 D NetworkController: SignalStrength from intent slotId=0
10-27 14:30:55.414  1187  1486 D SensorService: [SO] -0.503 1.648 9.874
10-27 14:30:55.451   992   992 I android.hardware.health@2.1-service-samsung: start ISehThermal::getService()
10-27 14:30:55.452   494   494 I hwservicemanager: getTransport: Cannot find entry vendor.samsung.hardware.thermal@1.0::ISehThermal/default in either framework or device VINTF manifest.
10-27 14:30:55.452   992   992 E android.hardware.health@2.1-service-samsung: ISehThermal::getService() fail
10-27 14:30:55.454  1187  1333 D BatteryService: Sending ACTION_BATTERY_CHANGED: level:98, status:2, health:2, ac:false, usb:true, wireless:false, pogo:false, misc:0x0, charge_type:1, charger_type:0, voltage:4274, temperature:370, online:1, current_avg:132900, ps:false, hvc:false, capacity:280000, current_event:0x0, current_now:152700, mcc:500000, mcv:5000000, cc:2887080, present:true, scale:100, technology:Li-ion
10-27 14:30:55.457  1187  1527 D MotionRecognitionService: [SAR]  onReceive : ACTION_BATTERY_CHANGED, Plugged: 2
10-27 14:30:55.458  1187  1187 D PhoneWindowManagerExt: ACTION_BATTERY_CHANGED - Level=98, status=2
10-27 14:30:55.458  1187  1187 D SemWifiApBroadcastReceiver: Received : android.intent.action.BATTERY_CHANGED
10-27 14:30:55.459  1187  1674 I DeviceBatteryInfoService: action: android.intent.action.BATTERY_CHANGED
10-27 14:30:55.459  1187  1674 I DeviceBatteryInfoService: phone battery level: 98
10-27 14:30:55.459  1187  1674 I DeviceBatteryInfoService: phone battery status: 2
10-27 14:30:55.461  1711  1711 D SemBigDataInfoController: Intent: android.intent.action.BATTERY_CHANGED
10-27 14:30:55.462  1711  1711 D SemBigDataInfoController: Intent: android.intent.action.BATTERY_CHANGED
10-27 14:30:55.463  1737  1737 I PowerUI : mBootCompleted = true |  mFullyConnected = true
10-27 14:30:55.463  1737  1737 I PowerUI : BATTERY_HEALTH_CHECK extraHealth=2 mBatteryMiscEvent=0
10-27 14:30:55.463  1737  1737 W PowerUI : Plug reason
10-27 14:30:55.463  1737  1737 W PowerUI : Skip charging animation - by plug status
10-27 14:30:55.463  1737  1737 D PowerUI : priorPlugType = 2 mPlugType = 2 priorBatteryStatus = 2 mBatteryStatus = 2
10-27 14:30:55.463  1737  1737 W PowerUI : Plug reason
10-27 14:30:55.463  1737  1737 W PowerUI : Skip charging sound - by plug status
10-27 14:30:55.464  1737  1737 I PowerUI : oldMisalign : false, curMisalign : false
10-27 14:30:55.464  1737  1737 D SecPowerUI.Notification: showChargingNotice oldChargingType : 11 / currentChargingType : 11, oldChargingTime : 0 / mChargingTime : 0
10-27 14:30:55.464  1737  1737 D SecPowerUI.Notification: There is no change about charging status, so return!
10-27 14:30:55.464  1737  1737 D PowerUI : Battery swelling mode - priorBatterySwellingMode = 0 mBatterySwellingMode = 0 mBatteryStatus = 2
10-27 14:30:55.464  1737  1737 I PowerUI : mBatteryMiscEvent = 0
10-27 14:30:55.464  1737 13426 D SecPowerUI.Notification: dismissing low battery warning: level=98
10-27 14:30:55.464  1737  1737 D KeyguardUpdateMonitor: received broadcast android.intent.action.BATTERY_CHANGED
10-27 14:30:55.464  1737 13426 D SecPowerUI.Notification: updateNotification mWarning=false mPlaySound=false
10-27 14:30:55.465  1737 13426 D SecPowerUI.Notification: SecBatteryStatsSnapshot{batteryLevel=98, currentBatteryMode=0, chargingTime=0, chargingType=11, batteryHealth=2, automaticTestMode=false, isHiccupState=false}
10-27 14:30:55.465  1737  1737 D SamsungBatteryMeterDrawable: onBatteryLevelChanged isSomethingChanged: false
10-27 14:30:55.466  1737  1737 D SamsungBatteryMeterDrawable: onBatteryLevelChanged isSomethingChanged: false
10-27 14:30:55.466  1737  1737 D SamsungBatteryMeterDrawable: onBatteryLevelChanged isSomethingChanged: false
10-27 14:30:55.467  1737  1737 D SamsungBatteryMeterDrawable: onBatteryLevelChanged isSomethingChanged: false
10-27 14:30:55.467  1737  1737 D KeyguardUpdateMonitor: handleBatteryUpdate
10-27 14:30:55.468  1737  1737 I AODBatteryManager: updateBatteryData: ACTION_BATTERY_CHANGED
10-27 14:30:55.469  1737  1737 I AODBatteryManager: saveBatteryData : AOD BatteryData [mBatteryLevel=98, mBatteryStatus=CHARGING, mBatteryPlugType=USB, mBatteryPlugged=true, mRemainingChargeTime=-1, mBatteryChargingType=1, mBatteryChargerType=NORMAL, mBatteryOnline=NONE, mBatterySwellingMode=NONE, mBatteryProtectMode=false]
10-27 14:30:55.471  1737 13426 D SecPowerUI.Notification: 1. restoreScreenTimeOut - saved_value : :
10-27 14:30:55.471  1737 13426 E SecPowerUI.Notification: no saved value, so we do nothing !!
10-27 14:30:55.999  1187  1663 D WifiConnectivityMonitor.NetworkStatsAnalyzer: Backhaul result - RSSI:-48, CE:15, PE:16, TI:17, PTI:18, TW:3, PTW:7, Tx:3753, Rx:1646, TxS:3752, RxS:1646, RESULT:true, IC:0, ICT:5, WC:0, WCT:5, R:0, RC:0, IE:0, EC:0
10-27 14:30:56.293  1187  1563 D ApplicationPolicy: isStatusBarNotificationAllowedAsUser: packageName = android,userId = 0
10-27 14:30:56.294  1187  1563 D ApplicationPolicy: isStatusBarNotificationAllowedAsUser: packageName = android,userId = -1
10-27 14:30:56.294  1187  1563 D ApplicationPolicy: isStatusBarNotificationAllowedAsUser: converting userId from USER_ALLto 0
10-27 14:30:56.371  1711  2193 D PhoneInterfaceManager: setDataEnabledForReason() Reason=1 Pid=1187 App=system
10-27 14:30:56.375  1711  2193 D PhoneInterfaceManager: setDataEnabledForReason() Reason=1 Pid=1187 App=system
10-27 14:30:56.504  1187  1187 I Telecom:SamsungTelecomServiceImpl: isInManagedCall - callingPackage : android
10-27 14:30:56.513  1187  1187 D EdgeLightingManager: isCallingUserSupported : callingUserId=-1, mUserId=0, isDualAppId=false, isKnoxId=false
10-27 14:30:56.515  1187  1187 D EdgeLightingManager: showForNotification : isInteractive=true, isHeadUp=true, color=0, canBypassDnd=false, sbn = StatusBarNotification(pkg=android user=UserHandle{-1} id=34 tag=NetworkPolicy:-2067496396:34 key=-1|android|34|NetworkPolicy:-2067496396:34|1000: Notification(channel=NETWORK_ALERTS shortcut=null contentView=null vibrate=null sound=null tick defaults=0x0 flags=0xa color=0xff888fa2 actions=1 vis=PRIVATE semFlags=0x0 semPriority=0 semMissedCount=0))
10-27 14:30:56.515  1187  1187 D EdgeLightingClientManager: isAvailableEdgeLighting: condition=1 mCondition=1 mIsConnected=false0
10-27 14:30:56.515  1187  1187 D EdgeLightingPolicyManager: isAcceptableApplication:  pkg=android , range=256 , includeAllApp=false , userId=-1 , infoRange=0 , infoCategory=0
10-27 14:30:56.515  1187  1187 W CoverManager: getCoverState : This device is not supported cover
10-27 14:30:56.516  1187  1187 D EdgeLightingPolicyManager: putNotification tickerText:true,titleText:true,text:true,sub:falsecn= + null
10-27 14:30:56.517  1187  1187 D EdgeLightingPolicyManager.NotificationGroup: Remove previous child data. -1|android|34|NetworkPolicy:-2067496396:34|1000
10-27 14:30:56.517  1187  1187 D EdgeLightingPolicyManager.NotificationGroup: group key = 0|com.android.phone|g:VOICE_MAIL_GROUP_KEY ,value= summary : null , child : 1key = 0|com.android.phone|3|null|1001 , value =  NotificationData { tag= null } , } 
10-27 14:30:56.517  1187  1187 D EdgeLightingPolicyManager.NotificationGroup: group key = -1|android|34|NetworkPolicy:-2067496396:34|1000 ,value= summary : null , child : 1key = -1|android|34|NetworkPolicy:-2067496396:34|1000 , value =  NotificationData { tag= NetworkPolicy:-2067496396:34 } , } 
10-27 14:30:56.518  1187  1187 D EdgeLightingPolicyManager.NotificationGroup: group key = 0|com.ubercab|18|null|10253 ,value= summary : null , child : 1key = 0|com.ubercab|18|null|10253 , value =  NotificationData { tag= null } , } 
10-27 14:30:56.518  1187  1187 D EdgeLightingPolicyManager.NotificationGroup: group key = 0|com.discord|g:GROUP_MESSAGE_CREATE ,value= summary : null , child : 1key = 0|com.discord|0|MESSAGE_CREATE1213178748166479923|10255 , value =  NotificationData { tag= MESSAGE_CREATE1213178748166479923 } , } 
10-27 14:30:56.518  1187  1187 I EdgeLightingManager: showForNotificationScreenOn Alert once notification. sbn: StatusBarNotification(pkg=android user=UserHandle{-1} id=34 tag=NetworkPolicy:-2067496396:34 key=-1|android|34|NetworkPolicy:-2067496396:34|1000: Notification(channel=NETWORK_ALERTS shortcut=null contentView=null vibrate=null sound=null tick defaults=0x0 flags=0xa color=0xff888fa2 actions=1 vis=PRIVATE semFlags=0x0 semPriority=0 semMissedCount=0))
10-27 14:30:56.527  1737  1737 D BubblesManager: onEntryUpdated : shouldBubbleUp=false ,key=-1|android|34|NetworkPolicy:-2067496396:34|1000
10-27 14:30:56.529  2144  2144 I Launcher.NotificationListener: onNotificationPosted : android number : 0
10-27 14:30:56.530  1737  1737 D InterruptionStateProvider:  no Heads up : edgelighting enabled app. -1|android|34|NetworkPolicy:-2067496396:34|1000
10-27 14:30:56.530  3391  3391 I Edge.badge: updateBadge item = android:-1 1
10-27 14:30:56.567  1737  1737 I FaceWidgetPositionAlgorithm: getClockContainerHeight() supplier = 193, bottom margin = 0, real height = 238
10-27 14:30:56.567  1737  1737 I FaceWidgetPositionAlgorithm: getClockContainerHeight() supplier = 193, bottom margin = 45, real height = 238
10-27 14:30:56.567  1737  1737 I FaceWidgetPositionAlgorithm: getMediaContainerHeight() height = 326 container Visibility = 8, isValid = false, mIsDozing = false, fraction = 1.0, source = 0, target = 0
10-27 14:30:56.567  1737  1737 I FaceWidgetPositionAlgorithm: getMediaContainerHeight() supplier = 0
10-27 14:30:56.571  1737  1942 D MobileStatusTracker(0/2): onSignalStrengthsChanged level=4, vendorLevel=3
10-27 14:30:56.574  1737  1942 D MobileSignalController(0/2): notifyListener: enabled=true, connected=true, dataConnected=true, networkType=LTE (4G), emergencyOnly=false, roaming=false, isDefault=false, dataActivity=, level=3, ca=false, mmWave=false, disabledDataIcon=false, simCard=ETC
10-27 14:30:56.576  1737  1942 D NetworkController: SignalStrength from intent slotId=0
10-27 14:30:56.578  1737  1796 E IMGMapper: set:488 set: Unset optional value from type SMPTE2086
10-27 14:30:56.578  1737  1796 E IMGMapper: set:488 set: Unset optional value from type CTA861_3
10-27 14:30:56.581  1039  1039 I BufferQueueProducer: [StatusBar$_1737#534029](this:0xb400007a1f0ca838,id:-1,api:0,p:-1,c:1039) queueBuffer: fps=0.20 dur=9870.45 max=9753.91 min=116.53
10-27 14:30:56.583   991   991 I hwcomposer: [HWCDisplay] [Display_0 (type:1)] fps:16.290852,dur:1964.29,max:1348.84,min:15.59  
10-27 14:30:56.626  1737  1737 I FaceWidgetPositionAlgorithm: getClockContainerHeight() supplier = 193, bottom margin = 0, real height = 238
10-27 14:30:56.627  1737  1737 I FaceWidgetPositionAlgorithm: getClockContainerHeight() supplier = 193, bottom margin = 45, real height = 238
10-27 14:30:56.627  1737  1737 I FaceWidgetPositionAlgorithm: getMediaContainerHeight() height = 326 container Visibility = 8, isValid = false, mIsDozing = false, fraction = 1.0, source = 0, target = 0
10-27 14:30:56.627  1737  1737 I FaceWidgetPositionAlgorithm: getMediaContainerHeight() supplier = 0
10-27 14:30:56.662  1187  3197 D InputDispatcher: Inject motion (13073/2000): action=0x0, time=2937999795000000, f=0x0, d=0 dsdx=1.000000 dtdx=0.000000
10-27 14:30:56.662  1187  1534 I InputDispatcher: Delivering touch to (1737): action: 0x4, f=0x0, d=0, 'd92b8ad', t=1 
10-27 14:30:56.662  1187  1534 I InputDispatcher: Delivering touch to (12901): action: 0x0, f=0x0, d=0, 'd26118d', t=1 
10-27 14:30:56.663 12901 12901 I ViewRootImpl@aff6157[MainActivity]: ViewPostIme pointer 0
10-27 14:30:56.663  1187  1534 D PowerManagerService: [api] userActivityFromNative :  (event: 2 flags: 0 displayId: 0) eventTime = 2937999795
10-27 14:30:56.663  1187  1303 I GestureDetector: obtain mCurrentDownEvent. id: -507029199 caller: com.android.server.wm.SystemGesturesPointerEventListener.onPointerEvent:203 com.android.server.wm.PointerEventDispatcher.onInputEvent:53 android.view.InputEventReceiver.dispatchInputEvent:285 
10-27 14:30:56.663  1187  1303 I GestureDetector: obtain mCurrentDownEvent. id: -507029199 caller: com.android.server.wm.SystemPerformancePointerEventListener.onPointerEvent:89 com.android.server.wm.PointerEventDispatcher.onInputEvent:53 android.view.InputEventReceiver.dispatchInputEvent:285 
10-27 14:30:56.669  1187  3197 D InputDispatcher: Inject motion (13073/2000): action=0x1, time=2937999795000000, f=0x0, d=0 dsdx=1.000000 dtdx=0.000000
10-27 14:30:56.670  1187  1534 I InputDispatcher: Delivering touch to (12901): action: 0x1, f=0x0, d=0, 'd26118d', t=1 
10-27 14:30:56.670 12901 12901 I ViewRootImpl@aff6157[MainActivity]: ViewPostIme pointer 1
10-27 14:30:56.670  1187  1303 I GestureDetector: obtain mCurrentMotionEventRaw. action: 1 id: -910529110
10-27 14:30:56.671  1187  1303 I GestureDetector: obtain mCurrentMotionEventRaw. action: 1 id: -910529110
10-27 14:30:56.687  1737  1737 I FaceWidgetPositionAlgorithm: getClockContainerHeight() supplier = 193, bottom margin = 0, real height = 238
10-27 14:30:56.687  1737  1737 I FaceWidgetPositionAlgorithm: getClockContainerHeight() supplier = 193, bottom margin = 45, real height = 238
10-27 14:30:56.687  1737  1737 I FaceWidgetPositionAlgorithm: getMediaContainerHeight() height = 326 container Visibility = 8, isValid = false, mIsDozing = false, fraction = 1.0, source = 0, target = 0
10-27 14:30:56.687  1737  1737 I FaceWidgetPositionAlgorithm: getMediaContainerHeight() supplier = 0
10-27 14:30:56.692 12901 12925 E IMGMapper: set:488 set: Unset optional value from type SMPTE2086
10-27 14:30:56.692 12901 12925 E IMGMapper: set:488 set: Unset optional value from type CTA861_3
10-27 14:30:56.695  1737  1796 E IMGMapper: set:488 set: Unset optional value from type SMPTE2086
10-27 14:30:56.695  1737  1796 E IMGMapper: set:488 set: Unset optional value from type CTA861_3
10-27 14:30:56.698  1039  1039 I BufferQueueProducer: [com.cinemamovel/com.cinemamovel.MainActivity$_12901#596623](this:0xb400007a1f70e838,id:-1,api:0,p:-1,c:1039) queueBuffer: fps=15.38 dur=2081.11 max=1465.24 min=15.96
10-27 14:30:56.721 12901 12925 E IMGMapper: set:488 set: Unset optional value from type SMPTE2086
10-27 14:30:56.721 12901 12925 E IMGMapper: set:488 set: Unset optional value from type CTA861_3
10-27 14:30:56.738 12901 12925 E IMGMapper: set:488 set: Unset optional value from type SMPTE2086
10-27 14:30:56.738 12901 12925 E IMGMapper: set:488 set: Unset optional value from type CTA861_3
10-27 14:30:56.774 12901 12925 E IMGMapper: set:488 set: Unset optional value from type SMPTE2086
10-27 14:30:56.774 12901 12925 E IMGMapper: set:488 set: Unset optional value from type CTA861_3
10-27 14:30:56.783 12901 12925 E IMGMapper: set:488 set: Unset optional value from type SMPTE2086
10-27 14:30:56.783 12901 12925 E IMGMapper: set:488 set: Unset optional value from type CTA861_3
10-27 14:30:56.790 12901 12925 E IMGMapper: set:488 set: Unset optional value from type SMPTE2086
10-27 14:30:56.790 12901 12925 E IMGMapper: set:488 set: Unset optional value from type CTA861_3
10-27 14:30:56.806 12901 12925 E IMGMapper: set:488 set: Unset optional value from type SMPTE2086
10-27 14:30:56.806 12901 12925 E IMGMapper: set:488 set: Unset optional value from type CTA861_3
10-27 14:30:56.821  1187  1277 I system_server: Background concurrent copying GC freed 318223(21MB) AllocSpace objects, 161(3392KB) LOS objects, 21% free, 88MB/112MB, paused 988us,894us total 553.810ms
10-27 14:30:56.823 12901 12925 E IMGMapper: set:488 set: Unset optional value from type SMPTE2086
10-27 14:30:56.823 12901 12925 E IMGMapper: set:488 set: Unset optional value from type CTA861_3
10-27 14:30:56.840  1187  1294 W System  : A resource failed to call release. 
10-27 14:30:56.840  1187  1294 W System  : A resource failed to call end. 
10-27 14:30:56.841 12901 12925 E IMGMapper: set:488 set: Unset optional value from type SMPTE2086
10-27 14:30:56.841 12901 12925 E IMGMapper: set:488 set: Unset optional value from type CTA861_3
10-27 14:30:56.859 12901 12925 E IMGMapper: set:488 set: Unset optional value from type SMPTE2086
10-27 14:30:56.859 12901 12925 E IMGMapper: set:488 set: Unset optional value from type CTA861_3
10-27 14:30:56.875 12901 12925 E IMGMapper: set:488 set: Unset optional value from type SMPTE2086
10-27 14:30:56.875 12901 12925 E IMGMapper: set:488 set: Unset optional value from type CTA861_3
10-27 14:30:56.891 12901 12925 E IMGMapper: set:488 set: Unset optional value from type SMPTE2086
10-27 14:30:56.891 12901 12925 E IMGMapper: set:488 set: Unset optional value from type CTA861_3
10-27 14:30:56.907 12901 12925 E IMGMapper: set:488 set: Unset optional value from type SMPTE2086
10-27 14:30:56.907 12901 12925 E IMGMapper: set:488 set: Unset optional value from type CTA861_3
10-27 14:30:56.926 12901 12925 E IMGMapper: set:488 set: Unset optional value from type SMPTE2086
10-27 14:30:56.926 12901 12925 E IMGMapper: set:488 set: Unset optional value from type CTA861_3
10-27 14:30:56.942 12901 12925 E IMGMapper: set:488 set: Unset optional value from type SMPTE2086
10-27 14:30:56.942 12901 12925 E IMGMapper: set:488 set: Unset optional value from type CTA861_3
10-27 14:30:56.958 12901 12925 E IMGMapper: set:488 set: Unset optional value from type SMPTE2086
10-27 14:30:56.958 12901 12925 E IMGMapper: set:488 set: Unset optional value from type CTA861_3
10-27 14:30:56.963  1187  1303 I GestureDetector: handleMessage TAP
10-27 14:30:56.965  1187  1187 I GestureDetector: handleMessage TAP
10-27 14:30:56.981 12901 12925 E IMGMapper: set:488 set: Unset optional value from type SMPTE2086
10-27 14:30:56.981 12901 12925 E IMGMapper: set:488 set: Unset optional value from type CTA861_3
10-27 14:30:57.152   543   543 D io_stats: !@ 179,0 r 549011270 6638765126 w 95422885 1011209044 d 1259546 33790668 f 0 0 iot 275095972 0 th 0 0 0 pt 0 inp 0 0 2938000.286
10-27 14:30:57.748  1187  3197 D InputDispatcher: Inject motion (13078/2000): action=0x0, time=2938000882000000, f=0x0, d=0 dsdx=1.000000 dtdx=0.000000
10-27 14:30:57.748  1187  1534 I InputDispatcher: Delivering touch to (1737): action: 0x4, f=0x0, d=0, 'd92b8ad', t=1 
10-27 14:30:57.749  1187  1534 I InputDispatcher: Delivering touch to (12901): action: 0x0, f=0x0, d=0, 'd26118d', t=1 
10-27 14:30:57.749  1187  1534 D PowerManagerService: [api] userActivityFromNative :  (event: 2 flags: 0 displayId: 0) eventTime = 2938000882
10-27 14:30:57.749 12901 12901 I ViewRootImpl@aff6157[MainActivity]: ViewPostIme pointer 0
10-27 14:30:57.751  1187  1303 I GestureDetector: obtain mCurrentDownEvent. id: -689916751 caller: com.android.server.wm.SystemGesturesPointerEventListener.onPointerEvent:203 com.android.server.wm.PointerEventDispatcher.onInputEvent:53 android.view.InputEventReceiver.dispatchInputEvent:285 
10-27 14:30:57.752  1187  1303 I GestureDetector: obtain mCurrentDownEvent. id: -689916751 caller: com.android.server.wm.SystemPerformancePointerEventListener.onPointerEvent:89 com.android.server.wm.PointerEventDispatcher.onInputEvent:53 android.view.InputEventReceiver.dispatchInputEvent:285 
10-27 14:30:57.756  1187  3197 D InputDispatcher: Inject motion (13078/2000): action=0x1, time=2938000882000000, f=0x0, d=0 dsdx=1.000000 dtdx=0.000000
10-27 14:30:57.757  1187  1534 I InputDispatcher: Delivering touch to (12901): action: 0x1, f=0x0, d=0, 'd26118d', t=1 
10-27 14:30:57.757 12901 12901 I ViewRootImpl@aff6157[MainActivity]: ViewPostIme pointer 1
10-27 14:30:57.757  1187  1303 I GestureDetector: obtain mCurrentMotionEventRaw. action: 1 id: -182037156
10-27 14:30:57.757  1187  1303 I GestureDetector: obtain mCurrentMotionEventRaw. action: 1 id: -182037156
10-27 14:30:57.835 12901 12925 E IMGMapper: set:488 set: Unset optional value from type SMPTE2086
10-27 14:30:57.835 12901 12925 E IMGMapper: set:488 set: Unset optional value from type CTA861_3
10-27 14:30:57.846  1039  1039 I BufferQueueProducer: [com.cinemamovel/com.cinemamovel.MainActivity$_12901#596623](this:0xb400007a1f70e838,id:-1,api:0,p:-1,c:1039) queueBuffer: fps=14.81 dur=1148.15 max=849.12 min=15.84
10-27 14:30:57.848   991   991 I hwcomposer: [HWCDisplay] [Display_0 (type:1)] fps:14.227405,dur:1265.16,max:849.02,min:15.63  
10-27 14:30:57.857  1737  1942 D MobileStatusTracker(0/2): onSignalStrengthsChanged level=4, vendorLevel=3
10-27 14:30:57.859  1737  1942 D MobileSignalController(0/2): notifyListener: enabled=true, connected=true, dataConnected=true, networkType=LTE (4G), emergencyOnly=false, roaming=false, isDefault=false, dataActivity=, level=3, ca=false, mmWave=false, disabledDataIcon=false, simCard=ETC
10-27 14:30:57.859  1737  1942 D NetworkController: SignalStrength from intent slotId=0
10-27 14:30:58.041  1693  1693 I WifiHAL : Get link layer stats
10-27 14:30:58.041  1693  1693 I WifiHAL : GetLinkStatsCommand::create
10-27 14:30:58.041  1693  1693 D android.hardware.wifi@1.0-service-lazy: WifiRequest::create vendor command to iface 38, vendor_id=0x1a11, subcmd=0x1200, res=0
10-27 14:30:58.042  1693  1693 I android.hardware.wifi@1.0-service-lazy: WifiCommand::requestResponse err=-95
10-27 14:30:58.042  1693  1693 I WifiHAL : wifi_get_link_stats: result=-3
10-27 14:30:58.044  1187  1566 E WifiVendorHal: getWifiLinkLayerStats_1_5_Internal(l.1179) failed {.code = ERROR_NOT_SUPPORTED, .description = }
10-27 14:30:58.051  1187  1303 I GestureDetector: handleMessage TAP
10-27 14:30:58.052  1187  1187 I GestureDetector: handleMessage TAP
10-27 14:30:58.053  1187 22074 D SemWifiUsabilityStatsMonitor: onWifiUsabilityStats - seqNum 33774, isSameBssidAndFreq true
10-27 14:30:58.054  1187  1645 I SemWifiLinkQualityMonitor: Link Qos query: inf. ms / 0 Mbps
10-27 14:30:58.271  1205  1205 I thermal_repeater: socket -1
10-27 14:30:58.685  5909  5909 I wpa_supplicant: Heartbeat 233
10-27 14:30:58.832  1187  3235 D InputDispatcher: Inject motion (13083/2000): action=0x0, time=2938001966000000, f=0x0, d=0 dsdx=1.000000 dtdx=0.000000
10-27 14:30:58.832  1187  1534 I InputDispatcher: Delivering touch to (1737): action: 0x4, f=0x0, d=0, 'd92b8ad', t=1 
10-27 14:30:58.833  1187  1534 I InputDispatcher: Delivering touch to (12901): action: 0x0, f=0x0, d=0, 'd26118d', t=1 
10-27 14:30:58.833  1187  1534 D PowerManagerService: [api] userActivityFromNative :  (event: 2 flags: 0 displayId: 0) eventTime = 2938001966
10-27 14:30:58.833 12901 12901 I ViewRootImpl@aff6157[MainActivity]: ViewPostIme pointer 0
10-27 14:30:58.834  1187  1303 I GestureDetector: obtain mCurrentDownEvent. id: -274229611 caller: com.android.server.wm.SystemGesturesPointerEventListener.onPointerEvent:203 com.android.server.wm.PointerEventDispatcher.onInputEvent:53 android.view.InputEventReceiver.dispatchInputEvent:285 
10-27 14:30:58.835  1187  1303 I GestureDetector: obtain mCurrentDownEvent. id: -274229611 caller: com.android.server.wm.SystemPerformancePointerEventListener.onPointerEvent:89 com.android.server.wm.PointerEventDispatcher.onInputEvent:53 android.view.InputEventReceiver.dispatchInputEvent:285 
10-27 14:30:58.844  1187  3235 D InputDispatcher: Inject motion (13083/2000): action=0x1, time=2938001966000000, f=0x0, d=0 dsdx=1.000000 dtdx=0.000000
10-27 14:30:58.845  1187  1534 I InputDispatcher: Delivering touch to (12901): action: 0x1, f=0x0, d=0, 'd26118d', t=1 
10-27 14:30:58.845 12901 12901 I ViewRootImpl@aff6157[MainActivity]: ViewPostIme pointer 1
10-27 14:30:58.846  1187  1303 I GestureDetector: obtain mCurrentMotionEventRaw. action: 1 id: -532596300
10-27 14:30:58.846  1187  1303 I GestureDetector: obtain mCurrentMotionEventRaw. action: 1 id: -532596300
10-27 14:30:58.923 12901 12925 E IMGMapper: set:488 set: Unset optional value from type SMPTE2086
10-27 14:30:58.923 12901 12925 E IMGMapper: set:488 set: Unset optional value from type CTA861_3
10-27 14:30:58.928  1039  1039 I BufferQueueProducer: [com.cinemamovel/com.cinemamovel.MainActivity$_12901#596623](this:0xb400007a1f70e838,id:-1,api:0,p:-1,c:1039) queueBuffer: fps=0.92 dur=1081.84 max=1081.84 min=1081.84
10-27 14:30:58.930   991   991 I hwcomposer: [HWCDisplay] [Display_0 (type:1)] fps:0.924235,dur:1081.98,max:1081.98,min:1081.98  
10-27 14:30:58.988 21942 21942 D BoundBrokerSvc: onUnbind: Intent { act=com.google.android.gms.common.BIND_SHARED_PREFS pkg=com.google.android.gms }
10-27 14:30:59.134  1737  1942 D MobileStatusTracker(0/2): onSignalStrengthsChanged level=3, vendorLevel=3
10-27 14:30:59.133  1187  1303 I GestureDetector: handleMessage TAP
10-27 14:30:59.136  1187  1187 I GestureDetector: handleMessage TAP
10-27 14:30:59.138  1737  1942 D MobileSignalController(0/2): notifyListener: enabled=true, connected=true, dataConnected=true, networkType=LTE (4G), emergencyOnly=false, roaming=false, isDefault=false, dataActivity=, level=3, ca=false, mmWave=false, disabledDataIcon=false, simCard=ETC
10-27 14:30:59.139  1737  1942 D NetworkController: SignalStrength from intent slotId=0
10-27 14:30:59.153   543   543 D io_stats: !@ 179,0 r 549011483 6638769102 w 95422885 1011209044 d 1259546 33790668 f 0 0 iot 275096044 0 th 0 0 0 pt 0 inp 0 0 2938002.288
10-27 14:30:59.661   992   992 I android.hardware.health@2.1-service-samsung: start ISehThermal::getService()
10-27 14:30:59.662   494   494 I hwservicemanager: getTransport: Cannot find entry vendor.samsung.hardware.thermal@1.0::ISehThermal/default in either framework or device VINTF manifest.
10-27 14:30:59.663   992   992 E android.hardware.health@2.1-service-samsung: ISehThermal::getService() fail
10-27 14:30:59.665  1187  1333 D BatteryService: Sending ACTION_BATTERY_CHANGED: level:98, status:2, health:2, ac:false, usb:true, wireless:false, pogo:false, misc:0x0, charge_type:1, charger_type:0, voltage:4274, temperature:369, online:1, current_avg:147400, ps:false, hvc:false, capacity:280000, current_event:0x0, current_now:150800, mcc:500000, mcv:5000000, cc:2887080, present:true, scale:100, technology:Li-ion
10-27 14:30:59.668  1187  1527 D MotionRecognitionService: [SAR]  onReceive : ACTION_BATTERY_CHANGED, Plugged: 2
10-27 14:30:59.669  1187  1674 I DeviceBatteryInfoService: action: android.intent.action.BATTERY_CHANGED
10-27 14:30:59.669  1187  1674 I DeviceBatteryInfoService: phone battery level: 98
10-27 14:30:59.669  1187  1674 I DeviceBatteryInfoService: phone battery status: 2
10-27 14:30:59.671  1711  1711 D SemBigDataInfoController: Intent: android.intent.action.BATTERY_CHANGED
10-27 14:30:59.671  1711  1711 D SemBigDataInfoController: Intent: android.intent.action.BATTERY_CHANGED
10-27 14:30:59.672  1187  1187 D PhoneWindowManagerExt: ACTION_BATTERY_CHANGED - Level=98, status=2
10-27 14:30:59.673  1187  1187 D SemWifiApBroadcastReceiver: Received : android.intent.action.BATTERY_CHANGED
10-27 14:30:59.674  1737  1737 I PowerUI : mBootCompleted = true |  mFullyConnected = true
10-27 14:30:59.674  1737  1737 I PowerUI : BATTERY_HEALTH_CHECK extraHealth=2 mBatteryMiscEvent=0
10-27 14:30:59.675  1737  1737 W PowerUI : Plug reason
10-27 14:30:59.675  1737  1737 W PowerUI : Skip charging animation - by plug status
10-27 14:30:59.675  1737  1737 D PowerUI : priorPlugType = 2 mPlugType = 2 priorBatteryStatus = 2 mBatteryStatus = 2
10-27 14:30:59.675  1737  1737 W PowerUI : Plug reason
10-27 14:30:59.675  1737  1737 W PowerUI : Skip charging sound - by plug status
10-27 14:30:59.675  1737  1737 I PowerUI : oldMisalign : false, curMisalign : false
10-27 14:30:59.675  1737  1737 D SecPowerUI.Notification: showChargingNotice oldChargingType : 11 / currentChargingType : 11, oldChargingTime : 0 / mChargingTime : 0
10-27 14:30:59.675  1737  1737 D SecPowerUI.Notification: There is no change about charging status, so return!
10-27 14:30:59.675  1737  1737 D PowerUI : Battery swelling mode - priorBatterySwellingMode = 0 mBatterySwellingMode = 0 mBatteryStatus = 2
10-27 14:30:59.675  1737  1737 I PowerUI : mBatteryMiscEvent = 0
10-27 14:30:59.676  1737 13427 D SecPowerUI.Notification: dismissing low battery warning: level=98
10-27 14:30:59.676  1737 13427 D SecPowerUI.Notification: updateNotification mWarning=false mPlaySound=false
10-27 14:30:59.676  1737 13427 D SecPowerUI.Notification: SecBatteryStatsSnapshot{batteryLevel=98, currentBatteryMode=0, chargingTime=0, chargingType=11, batteryHealth=2, automaticTestMode=false, isHiccupState=false}
10-27 14:30:59.676  1737  1737 D KeyguardUpdateMonitor: received broadcast android.intent.action.BATTERY_CHANGED
10-27 14:30:59.676  1737  1737 D SamsungBatteryMeterDrawable: onBatteryLevelChanged isSomethingChanged: false
10-27 14:30:59.677  1737  1737 D SamsungBatteryMeterDrawable: onBatteryLevelChanged isSomethingChanged: false
10-27 14:30:59.679  1737  1737 D SamsungBatteryMeterDrawable: onBatteryLevelChanged isSomethingChanged: false
10-27 14:30:59.680  1737 13427 D SecPowerUI.Notification: 1. restoreScreenTimeOut - saved_value : :
10-27 14:30:59.680  1737  1737 D SamsungBatteryMeterDrawable: onBatteryLevelChanged isSomethingChanged: false
10-27 14:30:59.680  1737 13427 E SecPowerUI.Notification: no saved value, so we do nothing !!
10-27 14:30:59.680  1737  1737 D KeyguardUpdateMonitor: handleBatteryUpdate
10-27 14:30:59.681  1737  1737 I AODBatteryManager: updateBatteryData: ACTION_BATTERY_CHANGED
10-27 14:30:59.682  1737  1737 I AODBatteryManager: saveBatteryData : AOD BatteryData [mBatteryLevel=98, mBatteryStatus=CHARGING, mBatteryPlugType=USB, mBatteryPlugged=true, mRemainingChargeTime=-1, mBatteryChargingType=1, mBatteryChargerType=NORMAL, mBatteryOnline=NONE, mBatterySwellingMode=NONE, mBatteryProtectMode=false]
10-27 14:30:59.693   992   992 I android.hardware.health@2.1-service-samsung: start ISehThermal::getService()
10-27 14:30:59.694   494   494 I hwservicemanager: getTransport: Cannot find entry vendor.samsung.hardware.thermal@1.0::ISehThermal/default in either framework or device VINTF manifest.
10-27 14:30:59.694   992   992 E android.hardware.health@2.1-service-samsung: ISehThermal::getService() fail
10-27 14:30:59.695  1187  1333 D BatteryService: Sending ACTION_BATTERY_CHANGED: level:98, status:2, health:2, ac:false, usb:true, wireless:false, pogo:false, misc:0x0, charge_type:1, charger_type:0, voltage:4255, temperature:371, online:1, current_avg:-14100, ps:false, hvc:false, capacity:280000, current_event:0x0, current_now:-49000, mcc:500000, mcv:5000000, cc:2887080, present:true, scale:100, technology:Li-ion
10-27 14:30:59.698  1187  1527 D MotionRecognitionService: [SAR]  onReceive : ACTION_BATTERY_CHANGED, Plugged: 2
10-27 14:30:59.698  1187  1187 D PhoneWindowManagerExt: ACTION_BATTERY_CHANGED - Level=98, status=2
10-27 14:30:59.699  1187  1674 I DeviceBatteryInfoService: action: android.intent.action.BATTERY_CHANGED
10-27 14:30:59.699  1187  1674 I DeviceBatteryInfoService: phone battery level: 98
10-27 14:30:59.699  1187  1674 I DeviceBatteryInfoService: phone battery status: 2
10-27 14:30:59.700  1187  1187 D SemWifiApBroadcastReceiver: Received : android.intent.action.BATTERY_CHANGED
10-27 14:30:59.701  1711  1711 D SemBigDataInfoController: Intent: android.intent.action.BATTERY_CHANGED
10-27 14:30:59.702  1711  1711 D SemBigDataInfoController: Intent: android.intent.action.BATTERY_CHANGED
10-27 14:30:59.704  1737  1737 I PowerUI : mBootCompleted = true |  mFullyConnected = true
10-27 14:30:59.704  1737  1737 I PowerUI : BATTERY_HEALTH_CHECK extraHealth=2 mBatteryMiscEvent=0
10-27 14:30:59.704  1737  1737 W PowerUI : Plug reason
10-27 14:30:59.704  1737  1737 W PowerUI : Skip charging animation - by plug status
10-27 14:30:59.704  1737  1737 D PowerUI : priorPlugType = 2 mPlugType = 2 priorBatteryStatus = 2 mBatteryStatus = 2
10-27 14:30:59.704  1737  1737 W PowerUI : Plug reason
10-27 14:30:59.704  1737  1737 W PowerUI : Skip charging sound - by plug status
10-27 14:30:59.704  1737  1737 I PowerUI : oldMisalign : false, curMisalign : false
10-27 14:30:59.704  1737  1737 D SecPowerUI.Notification: showChargingNotice oldChargingType : 11 / currentChargingType : 11, oldChargingTime : 0 / mChargingTime : 0
10-27 14:30:59.704  1737  1737 D SecPowerUI.Notification: There is no change about charging status, so return!
10-27 14:30:59.705  1737  1737 D PowerUI : Battery swelling mode - priorBatterySwellingMode = 0 mBatterySwellingMode = 0 mBatteryStatus = 2
10-27 14:30:59.705  1737  1737 I PowerUI : mBatteryMiscEvent = 0
10-27 14:30:59.705  1737  2410 D SecPowerUI.Notification: dismissing low battery warning: level=98
10-27 14:30:59.705  1737  2410 D SecPowerUI.Notification: updateNotification mWarning=false mPlaySound=false
10-27 14:30:59.705  1737  2410 D SecPowerUI.Notification: SecBatteryStatsSnapshot{batteryLevel=98, currentBatteryMode=0, chargingTime=0, chargingType=11, batteryHealth=2, automaticTestMode=false, isHiccupState=false}
10-27 14:30:59.705  1737  1737 D KeyguardUpdateMonitor: received broadcast android.intent.action.BATTERY_CHANGED
10-27 14:30:59.705  1737  1737 D SamsungBatteryMeterDrawable: onBatteryLevelChanged isSomethingChanged: false
10-27 14:30:59.706  1737  1737 D SamsungBatteryMeterDrawable: onBatteryLevelChanged isSomethingChanged: false
10-27 14:30:59.706  1737  2410 D SecPowerUI.Notification: 1. restoreScreenTimeOut - saved_value : :
10-27 14:30:59.706  1737  2410 E SecPowerUI.Notification: no saved value, so we do nothing !!
10-27 14:30:59.707  1737  1737 D SamsungBatteryMeterDrawable: onBatteryLevelChanged isSomethingChanged: false
10-27 14:30:59.708  1737  1737 D SamsungBatteryMeterDrawable: onBatteryLevelChanged isSomethingChanged: false
10-27 14:30:59.708  1737  1737 I AODBatteryManager: updateBatteryData: ACTION_BATTERY_CHANGED
10-27 14:30:59.709  1737  1737 I AODBatteryManager: saveBatteryData : AOD BatteryData [mBatteryLevel=98, mBatteryStatus=CHARGING, mBatteryPlugType=USB, mBatteryPlugged=true, mRemainingChargeTime=-1, mBatteryChargingType=1, mBatteryChargerType=NORMAL, mBatteryOnline=NONE, mBatterySwellingMode=NONE, mBatteryProtectMode=false]
10-27 14:30:59.709  1737  1737 D KeyguardUpdateMonitor: handleBatteryUpdate
10-27 14:30:59.919  1187  1299 D InputDispatcher: Inject key (13091/2000): action=0, f=0x0, d=-1, time=2938003054000000
10-27 14:30:59.919  1187  1299 D WindowManager: interceptKeyTq keycode=4 interactive=true keyguardActive=false policyFlags=2b000000
10-27 14:30:59.919  1187  1299 D PhoneWindowManagerExt: interceptKeyTq code=4 down=true repeatCount=0 displayId=-1 interactive=true
10-27 14:30:59.920  1187  1299 D WindowManager: interceptKeyTq interceptKeyResult=4
10-27 14:30:59.920  1187  1534 D PowerManagerService: [api] userActivityFromNative :  (event: 1 flags: 0 displayId: 0) eventTime = 2938003054
10-27 14:30:59.920  1187  1534 D WindowManager: interceptKeyTi keyCode=4 down=true repeatCount=0 keyguardOn=false canceled=false
10-27 14:30:59.920  1187  1534 D PhoneWindowManagerExt: interceptKeyTi code=4 down=true repeatCount=0 displayId=-1 interactive=true
10-27 14:30:59.921  1187  1534 I InputDispatcher: Delivering key to (12901): B action: 0x0 (0), f=0x0, m=0x0, d=0, 'd26118d'
10-27 14:30:59.922 23351 23351 I HBD     : b skip onKeyDown as physical keyboard not connected 
10-27 14:30:59.923 23351 23351 I HBD     : HoneyBoardService onKeyDown r:364d08e6 consumed:false 1 
10-27 14:30:59.924 12901 12901 I ViewRootImpl@aff6157[MainActivity]: ViewPostIme key 0
10-27 14:30:59.925 12901 12901 D Activity: onKeyDown(KEYCODE_BACK)
10-27 14:30:59.926  1187  1299 D InputDispatcher: Inject key (13091/2000): action=1, f=0x0, d=-1, time=2938003054000000
10-27 14:30:59.926  1187  1299 D WindowManager: interceptKeyTq keycode=4 interactive=true keyguardActive=false policyFlags=2b000000
10-27 14:30:59.927  1187  1299 D PhoneWindowManagerExt: interceptKeyTq code=4 down=false repeatCount=0 displayId=-1 interactive=true
10-27 14:30:59.927  1187  1299 D WindowManager: interceptKeyTq interceptKeyResult=4
10-27 14:30:59.928  1187  1534 D WindowManager: interceptKeyTi keyCode=4 down=false repeatCount=0 keyguardOn=false canceled=false
10-27 14:30:59.928  1187  1534 D PhoneWindowManagerExt: interceptKeyTi code=4 down=false repeatCount=0 displayId=-1 interactive=true
10-27 14:30:59.929  1187  1534 I InputDispatcher: Delivering key to (12901): B action: 0x1 (0), f=0x0, m=0x0, d=0, 'd26118d'
10-27 14:30:59.931 23351 23351 I HBD     : HoneyBoardService onKeyUp r:05fcc3b7 consumed:false 0 
10-27 14:30:59.932 12901 12901 I ViewRootImpl@aff6157[MainActivity]: ViewPostIme key 1
10-27 14:30:59.933 12901 12901 D Activity: onKeyUp(KEYCODE_BACK) isTracking()=true isCanceled()=false hasCallback=false
10-27 14:30:59.988 12901 12932 I ReactNativeJS: ---METRICS_JSON_START---
10-27 14:30:59.988 12901 12932 I ReactNativeJS: {
10-27 14:30:59.988 12901 12932 I ReactNativeJS:   "screenRenders": 15,
10-27 14:30:59.988 12901 12932 I ReactNativeJS:   "componentRenders": {
10-27 14:30:59.988 12901 12932 I ReactNativeJS:     "Loader": 3,
10-27 14:30:59.988 12901 12932 I ReactNativeJS:     "Poster": 12,
10-27 14:30:59.988 12901 12932 I ReactNativeJS:     "InfoBlock": 12,
10-27 14:30:59.988 12901 12932 I ReactNativeJS:     "RatingBlock": 12,
10-27 14:30:59.988 12901 12932 I ReactNativeJS:     "Overview": 12,
10-27 14:30:59.988 12901 12932 I ReactNativeJS:     "Genres": 12
10-27 14:30:59.988 12901 12932 I ReactNativeJS:   },
10-27 14:30:59.988 12901 12932 I ReactNativeJS:   "interactionEvents": [
10-27 14:30:59.988 12901 12932 I ReactNativeJS:     {
10-27 14:30:59.988 12901 12932 I ReactNativeJS:       "action": "toggle_favorite",
10-27 14:30:59.988 12901 12932 I ReactNativeJS:       "timestamp": 1761586241708
10-27 14:30:59.988 12901 12932 I ReactNativeJS:     },
10-27 14:30:59.988 12901 12932 I ReactNativeJS:     {
10-27 14:30:59.988 12901 12932 I ReactNativeJS:       "action": "set_rating_3",
10-27 14:30:59.988 12901 12932 I ReactNativeJS:       "timestamp": 1761586242811
10-27 14:30:59.988 12901 12932 I ReactNativeJS:     },
10-27 14:30:59.988 12901 12932 I ReactNativeJS:     {
10-27 14:30:59.988 12901 12932 I ReactNativeJS:       "action": "toggle_overview",
10-27 14:30:59.988 12901 12932 I ReactNativeJS:       "timestamp": 1761586243891
10-27 14:30:59.988 12901 12932 I ReactNativeJS:     },
10-27 14:30:59.988 12901 12932 I ReactNativeJS:     {
10-27 14:30:59.988 12901 12932 I ReactNativeJS:       "action": "component_unmounted_logged",
10-27 14:30:59.988 12901 12932 I ReactNativeJS:       "timestamp": 1761586245055
10-27 14:30:59.988 12901 12932 I ReactNativeJS:     },
10-27 14:30:59.988 12901 12932 I ReactNativeJS:     {
10-27 14:30:59.988 12901 12932 I ReactNativeJS:       "action": "toggle_favorite",
10-27 14:30:59.988 12901 12932 I ReactNativeJS:       "timestamp": 1761586249233
10-27 14:30:59.988 12901 12932 I ReactNativeJS:     },
10-27 14:30:59.988 12901 12932 I ReactNativeJS:     {
10-27 14:30:59.988 12901 12932 I ReactNativeJS:       "action": "set_rating_3",
10-27 14:30:59.988 12901 12932 I ReactNativeJS:       "timestamp": 1761586250314
10-27 14:30:59.988 12901 12932 I ReactNativeJS:     },
10-27 14:30:59.988 12901 12932 I ReactNativeJS:     {
10-27 14:30:59.988 12901 12932 I ReactNativeJS:       "action": "toggle_overview",
10-27 14:30:59.988 12901 12932 I ReactNativeJS:       "timestamp": 1761586251411
10-27 14:30:59.988 12901 12932 I ReactNativeJS:     },
10-27 14:30:59.988 12901 12932 I ReactNativeJS:     {
10-27 14:30:59.988 12901 12932 I ReactNativeJS:       "action": "component_unmounted_logged",
10-27 14:30:59.988 12901 12932 I ReactNativeJS:       "timestamp": 1761586252533
10-27 14:30:59.988 12901 12932 I ReactNativeJS:     },
10-27 14:30:59.988 12901 12932 I ReactNativeJS:     {
10-27 14:30:59.988 12901 12932 I ReactNativeJS:       "action": "toggle_favorite",
10-27 14:30:59.988 12901 12932 I ReactNativeJS:       "timestamp": 1761586256689
10-27 14:30:59.988 12901 12932 I ReactNativeJS:     },
10-27 14:30:59.988 12901 12932 I ReactNativeJS:     {
10-27 14:30:59.988 12901 12932 I ReactNativeJS:       "action": "set_rating_3",
10-27 14:30:59.988 12901 12932 I ReactNativeJS:       "timestamp": 1761586257770
10-27 14:30:59.988 12901 12932 I ReactNativeJS:     },
10-27 14:30:59.988 12901 12932 I ReactNativeJS:     {
10-27 14:30:59.988 12901 12932 I ReactNativeJS:       "action": "toggle_overview",
10-27 14:30:59.988 12901 12932 I ReactNativeJS:       "timestamp": 1761586258857
10-27 14:30:59.988 12901 12932 I ReactNativeJS:     },
10-27 14:30:59.988 12901 12932 I ReactNativeJS:     {
10-27 14:30:59.988 12901 12932 I ReactNativeJS:       "action": "component_unmounted_logged",
10-27 14:30:59.988 12901 12932 I ReactNativeJS:       "timestamp": 1761586259987
10-27 14:30:59.988 12901 12932 I ReactNativeJS:     }
10-27 14:30:59.988 12901 12932 I ReactNativeJS:   ]
10-27 14:30:59.988 12901 12932 I ReactNativeJS: }
10-27 14:30:59.988 12901 12932 I ReactNativeJS: ---METRICS_JSON_END---
10-27 14:31:00.004  1737  1737 D KeyguardUpdateMonitor: received broadcast android.intent.action.TIME_TICK
10-27 14:31:00.004  1737  1737 D KeyguardUpdateMonitor: handleTimeUpdate
10-27 14:31:00.005  1737  1737 D FaceWidgetPagesController: onTimeChanged()
10-27 14:31:00.006  1737  2248 D QSClockBellTower: onReceive(android.intent.action.TIME_TICK) mTimeZoneString:null
10-27 14:31:00.011  1737  1737 D QSClockBellTower: He is ready to ring the bell. (((QSClockBellSound - TimeText:14:31, TimeContentDescription:14:31, DateText:seg., 27 de outubro, ShortDateText:seg., 27 de out., Demo:false, QuickStar-Second(false|12:34:56))))
10-27 14:31:00.014  1737  1737 D QSClockIndicatorView: Home Indicator status_bar_clock 14:31 notifyTimeChanged(QSClockBellSound - TimeText:14:31, TimeContentDescription:14:31, DateText:seg., 27 de outubro, ShortDateText:seg., 27 de out., Demo:false, QuickStar-Second(false|12:34:56)) ClockVisibleByPolicy:true, ClockVisibleByUser:true, visible?true, parent:android.widget.LinearLayout{a46c4dc V.E...... ......ID 0,0-66,37 #7f0b04f0 app:id/left_clock_container}
10-27 14:31:00.015  1737  1737 D QSClockBellTower: Everyone heard the bell. run(currentTime:1761586260007,   getTime():Mon Oct 27 14:31:00 GMT-03:00 2025,   getTimeZone():libcore.util.ZoneInfo[mDstSavings=0,mUseDst=false,mDelegate=[id="America/Sao_Paulo",mRawOffset=-10800000,mEarliestRawOffset=-11188000,transitions=92]])
10-27 14:31:00.042 12901 12925 E IMGMapper: set:488 set: Unset optional value from type SMPTE2086
10-27 14:31:00.042 12901 12925 E IMGMapper: set:488 set: Unset optional value from type CTA861_3
10-27 14:31:00.050  1737  1737 I FaceWidgetPositionAlgorithm: getClockContainerHeight() supplier = 193, bottom margin = 0, real height = 238
10-27 14:31:00.051  1737  1737 I FaceWidgetPositionAlgorithm: getClockContainerHeight() supplier = 193, bottom margin = 45, real height = 238
10-27 14:31:00.051  1737  1737 I FaceWidgetPositionAlgorithm: getMediaContainerHeight() height = 326 container Visibility = 8, isValid = false, mIsDozing = false, fraction = 1.0, source = 0, target = 0
10-27 14:31:00.051  1737  1737 I FaceWidgetPositionAlgorithm: getMediaContainerHeight() supplier = 0
10-27 14:31:00.052  1737  1737 V QsExpandAnimator: setQsExpansionPosition 0.0
10-27 14:31:00.057  1737  1737 V QsExpandAnimator: updateAnimators
10-27 14:31:00.058  1737  1737 V QsExpandAnimator: clearAnimationState 
10-27 14:31:00.058  1737  1737 V QsExpandAnimator: updateViews
10-27 14:31:00.060  1039  1039 I BufferQueueProducer: [com.cinemamovel/com.cinemamovel.MainActivity$_12901#596623](this:0xb400007a1f70e838,id:-1,api:0,p:-1,c:1039) queueBuffer: fps=0.88 dur=1131.67 max=1131.67 min=1131.67
10-27 14:31:00.061  1737  1737 V QsExpandAnimator: updateTileAnimator
10-27 14:31:00.062   991   991 I hwcomposer: [HWCDisplay] [Display_0 (type:1)] fps:0.883952,dur:1131.28,max:1131.28,min:1131.28  
10-27 14:31:00.064  1737  1796 E IMGMapper: set:488 set: Unset optional value from type SMPTE2086
10-27 14:31:00.065  1737  1796 E IMGMapper: set:488 set: Unset optional value from type CTA861_3
10-27 14:31:00.065  1737  1737 V QsExpandAnimator: updateHeaderAnimator
10-27 14:31:00.066  1737  1737 V QsExpandAnimator: updateBarAnimator
10-27 14:31:00.066  1737  1737 V QsExpandAnimator: setQsExpansionPosition 0.0
10-27 14:31:00.066  1737  1737 V QsExpandAnimator: onAnimationAtStart
10-27 14:31:00.076  1039  1039 I BufferQueueProducer: [StatusBar$_1737#534029](this:0xb400007a1f0ca838,id:-1,api:0,p:-1,c:1039) queueBuffer: fps=0.57 dur=3494.54 max=3377.72 min=116.82
10-27 14:31:00.090 12901 12925 E IMGMapper: set:488 set: Unset optional value from type SMPTE2086
10-27 14:31:00.090 12901 12925 E IMGMapper: set:488 set: Unset optional value from type CTA861_3
10-27 14:31:00.100 12901 12925 E IMGMapper: set:488 set: Unset optional value from type SMPTE2086
10-27 14:31:00.100 12901 12925 E IMGMapper: set:488 set: Unset optional value from type CTA861_3
10-27 14:31:00.111 12901 12925 E IMGMapper: set:488 set: Unset optional value from type SMPTE2086
10-27 14:31:00.112 12901 12925 E IMGMapper: set:488 set: Unset optional value from type CTA861_3
10-27 14:31:00.123 12901 12925 E IMGMapper: set:488 set: Unset optional value from type SMPTE2086
10-27 14:31:00.123 12901 12925 E IMGMapper: set:488 set: Unset optional value from type CTA861_3
10-27 14:31:00.144 12901 12925 E IMGMapper: set:488 set: Unset optional value from type SMPTE2086
10-27 14:31:00.145 12901 12925 E IMGMapper: set:488 set: Unset optional value from type CTA861_3
10-27 14:31:00.156 12901 12925 E IMGMapper: set:488 set: Unset optional value from type SMPTE2086
10-27 14:31:00.157 12901 12925 E IMGMapper: set:488 set: Unset optional value from type CTA861_3
10-27 14:31:00.172 12901 12925 E IMGMapper: set:488 set: Unset optional value from type SMPTE2086
10-27 14:31:00.172 12901 12925 E IMGMapper: set:488 set: Unset optional value from type CTA861_3
10-27 14:31:00.190 12901 12925 E IMGMapper: set:488 set: Unset optional value from type SMPTE2086
10-27 14:31:00.190 12901 12925 E IMGMapper: set:488 set: Unset optional value from type CTA861_3
10-27 14:31:00.206 12901 12925 E IMGMapper: set:488 set: Unset optional value from type SMPTE2086
10-27 14:31:00.206 12901 12925 E IMGMapper: set:488 set: Unset optional value from type CTA861_3
10-27 14:31:00.207   992   992 I android.hardware.health@2.1-service-samsung: start ISehThermal::getService()
10-27 14:31:00.207   494   494 I hwservicemanager: getTransport: Cannot find entry vendor.samsung.hardware.thermal@1.0::ISehThermal/default in either framework or device VINTF manifest.
10-27 14:31:00.208   992   992 E android.hardware.health@2.1-service-samsung: ISehThermal::getService() fail
10-27 14:31:00.209  1187  1333 D BatteryService: Sending ACTION_BATTERY_CHANGED: level:98, status:2, health:2, ac:false, usb:true, wireless:false, pogo:false, misc:0x0, charge_type:1, charger_type:0, voltage:4250, temperature:369, online:1, current_avg:95500, ps:false, hvc:false, capacity:280000, current_event:0x0, current_now:-54600, mcc:500000, mcv:5000000, cc:2887080, present:true, scale:100, technology:Li-ion
10-27 14:31:00.210  1187  1527 D MotionRecognitionService: [SAR]  onReceive : ACTION_BATTERY_CHANGED, Plugged: 2
10-27 14:31:00.211  1187  1674 I DeviceBatteryInfoService: action: android.intent.action.BATTERY_CHANGED
10-27 14:31:00.212  1187  1674 I DeviceBatteryInfoService: phone battery level: 98
10-27 14:31:00.212  1187  1674 I DeviceBatteryInfoService: phone battery status: 2
10-27 14:31:00.212  1187  1187 D PhoneWindowManagerExt: ACTION_BATTERY_CHANGED - Level=98, status=2
10-27 14:31:00.213  1187  1187 D SemWifiApBroadcastReceiver: Received : android.intent.action.BATTERY_CHANGED
10-27 14:31:00.213  1711  1711 D SemBigDataInfoController: Intent: android.intent.action.BATTERY_CHANGED
10-27 14:31:00.213  1711  1711 D SemBigDataInfoController: Intent: android.intent.action.BATTERY_CHANGED
10-27 14:31:00.214  1737  1737 I PowerUI : mBootCompleted = true |  mFullyConnected = true
10-27 14:31:00.214  1737  1737 I PowerUI : BATTERY_HEALTH_CHECK extraHealth=2 mBatteryMiscEvent=0
10-27 14:31:00.214  1737  1737 W PowerUI : Plug reason
10-27 14:31:00.214  1737  1737 W PowerUI : Skip charging animation - by plug status
10-27 14:31:00.214  1737  1737 D PowerUI : priorPlugType = 2 mPlugType = 2 priorBatteryStatus = 2 mBatteryStatus = 2
10-27 14:31:00.214  1737  1737 W PowerUI : Plug reason
10-27 14:31:00.214  1737  1737 W PowerUI : Skip charging sound - by plug status
