--------- beginning of main
10-27 14:30:39.295  1737  1942 D MobileStatusTracker(0/2): onSignalStrengthsChanged level=3, vendorLevel=3
10-27 14:30:39.299  1737  1942 D MobileSignalController(0/2): notifyListener: enabled=true, connected=true, dataConnected=true, networkType=LTE (4G), emergencyOnly=false, roaming=false, isDefault=false, dataActivity=, level=3, ca=false, mmWave=false, disabledDataIcon=false, simCard=ETC
10-27 14:30:39.300  1737  1942 D NetworkController: SignalStrength from intent slotId=0
10-27 14:30:39.498  1187  3235 D InputDispatcher: Inject motion (13009/2000): action=0x0, time=2937982630000000, f=0x0, d=0 dsdx=1.000000 dtdx=0.000000
10-27 14:30:39.499  1187  1534 I InputDispatcher: Delivering touch to (1737): action: 0x4, f=0x0, d=0, 'd92b8ad', t=1 
10-27 14:30:39.499  1187  1534 I InputDispatcher: Delivering touch to (12901): action: 0x0, f=0x0, d=0, 'd26118d', t=1 
--------- beginning of system
10-27 14:30:39.499  1187  1534 D PowerManagerService: [api] userActivityFromNative :  (event: 2 flags: 0 displayId: 0) eventTime = 2937982630
10-27 14:30:39.499 12901 12901 I ViewRootImpl@aff6157[MainActivity]: ViewPostIme pointer 0
10-27 14:30:39.500  1187  1303 I GestureDetector: obtain mCurrentDownEvent. id: -117804097 caller: com.android.server.wm.SystemGesturesPointerEventListener.onPointerEvent:203 com.android.server.wm.PointerEventDispatcher.onInputEvent:53 android.view.InputEventReceiver.dispatchInputEvent:285 
10-27 14:30:39.500  1187  1534 D PowerManagerService: UserActivityStateListenerState: 1
10-27 14:30:39.500  1187  1303 I GestureDetector: obtain mCurrentDownEvent. id: -117804097 caller: com.android.server.wm.SystemPerformancePointerEventListener.onPointerEvent:89 com.android.server.wm.PointerEventDispatcher.onInputEvent:53 android.view.InputEventReceiver.dispatchInputEvent:285 
10-27 14:30:39.517  1187  3235 D InputDispatcher: Inject motion (13009/2000): action=0x1, time=2937982630000000, f=0x0, d=0 dsdx=1.000000 dtdx=0.000000
10-27 14:30:39.518  1187  1534 I InputDispatcher: Delivering touch to (12901): action: 0x1, f=0x0, d=0, 'd26118d', t=1 
10-27 14:30:39.518 12901 12901 I ViewRootImpl@aff6157[MainActivity]: ViewPostIme pointer 1
10-27 14:30:39.518  1187  1303 I GestureDetector: obtain mCurrentMotionEventRaw. action: 1 id: -980269764
10-27 14:30:39.519  1187  1303 I GestureDetector: obtain mCurrentMotionEventRaw. action: 1 id: -980269764
10-27 14:30:39.581 12901 12901 W [RNScreens]: backTitleVisible prop is not available on Android
10-27 14:30:39.581 12901 12901 W [RNScreens]: backTitleFontFamily prop is not available on Android
10-27 14:30:39.582 12901 12901 W [RNScreens]: disableBackButtonMenu prop is not available on Android
10-27 14:30:39.582 12901 12901 W [RNScreens]: largeTitleFontFamily prop is not available on Android
10-27 14:30:39.582 12901 12901 W [RNScreens]: largeTitleFontWeight prop is not available on Android
10-27 14:30:39.582 12901 12901 W [RNScreens]: largeTitleHideShadow prop is not available on Android
10-27 14:30:39.598   886 13014 E Netd    : To use pid in case SEC_PRODUCT_FEATURE_KNOX_SUPPORT_NPA is false, to remove build error (unused variable)
10-27 14:30:39.600   886 13015 E Netd    : To use pid in case SEC_PRODUCT_FEATURE_KNOX_SUPPORT_NPA is false, to remove build error (unused variable)
10-27 14:30:39.634 12901 12925 E IMGMapper: set:488 set: Unset optional value from type SMPTE2086
10-27 14:30:39.634 12901 12925 E IMGMapper: set:488 set: Unset optional value from type CTA861_3
10-27 14:30:39.638  1039  1039 I BufferQueueProducer: [com.cinemamovel/com.cinemamovel.MainActivity$_12901#596623](this:0xb400007a1f70e838,id:-1,api:0,p:-1,c:1039) queueBuffer: fps=11.71 dur=3329.95 max=2464.31 min=15.81
10-27 14:30:39.640   991   991 I hwcomposer: [HWCDisplay] [Display_0 (type:1)] fps:12.013485,dur:3329.59,max:2447.92,min:15.06  
10-27 14:30:39.668 12901 12925 E IMGMapper: set:488 set: Unset optional value from type SMPTE2086
10-27 14:30:39.668 12901 12925 E IMGMapper: set:488 set: Unset optional value from type CTA861_3
10-27 14:30:39.682 12901 12925 E IMGMapper: set:488 set: Unset optional value from type SMPTE2086
10-27 14:30:39.682 12901 12925 E IMGMapper: set:488 set: Unset optional value from type CTA861_3
10-27 14:30:39.698 12901 12925 E IMGMapper: set:488 set: Unset optional value from type SMPTE2086
10-27 14:30:39.698 12901 12925 E IMGMapper: set:488 set: Unset optional value from type CTA861_3
10-27 14:30:39.713 12901 12925 E IMGMapper: set:488 set: Unset optional value from type SMPTE2086
10-27 14:30:39.713 12901 12925 E IMGMapper: set:488 set: Unset optional value from type CTA861_3
10-27 14:30:39.730 12901 12925 E IMGMapper: set:488 set: Unset optional value from type SMPTE2086
10-27 14:30:39.731 12901 12925 E IMGMapper: set:488 set: Unset optional value from type CTA861_3
10-27 14:30:39.756 12901 12925 E IMGMapper: set:488 set: Unset optional value from type SMPTE2086
10-27 14:30:39.756 12901 12925 E IMGMapper: set:488 set: Unset optional value from type CTA861_3
10-27 14:30:39.793 12901 12925 E IMGMapper: set:488 set: Unset optional value from type SMPTE2086
10-27 14:30:39.794 12901 12925 E IMGMapper: set:488 set: Unset optional value from type CTA861_3
10-27 14:30:39.800  1187  1303 I GestureDetector: handleMessage TAP
10-27 14:30:39.800  1187  1187 I GestureDetector: handleMessage TAP
10-27 14:30:39.800  1187  1677 D NetdEventListenerService: DNS Requested by : 136, 10976
10-27 14:30:39.802 12901 12948 D TrafficStats: tagSocket(109) with statsTag=0xffffffff, statsUid=-1
10-27 14:30:39.807 12901 12925 E IMGMapper: set:488 set: Unset optional value from type SMPTE2086
10-27 14:30:39.807 12901 12925 E IMGMapper: set:488 set: Unset optional value from type CTA861_3
10-27 14:30:39.817 12901 12925 E IMGMapper: set:488 set: Unset optional value from type SMPTE2086
10-27 14:30:39.817 12901 12925 E IMGMapper: set:488 set: Unset optional value from type CTA861_3
10-27 14:30:39.831 12901 12925 E IMGMapper: set:488 set: Unset optional value from type SMPTE2086
10-27 14:30:39.831 12901 12925 E IMGMapper: set:488 set: Unset optional value from type CTA861_3
10-27 14:30:39.850 12901 12925 E IMGMapper: set:488 set: Unset optional value from type SMPTE2086
10-27 14:30:39.850 12901 12925 E IMGMapper: set:488 set: Unset optional value from type CTA861_3
10-27 14:30:39.865 12901 12925 E IMGMapper: set:488 set: Unset optional value from type SMPTE2086
10-27 14:30:39.865 12901 12925 E IMGMapper: set:488 set: Unset optional value from type CTA861_3
10-27 14:30:39.881 12901 12925 E IMGMapper: set:488 set: Unset optional value from type SMPTE2086
10-27 14:30:39.881 12901 12925 E IMGMapper: set:488 set: Unset optional value from type CTA861_3
10-27 14:30:39.898 12901 12925 E IMGMapper: set:488 set: Unset optional value from type SMPTE2086
10-27 14:30:39.898 12901 12925 E IMGMapper: set:488 set: Unset optional value from type CTA861_3
10-27 14:30:39.915 12901 12925 E IMGMapper: set:488 set: Unset optional value from type SMPTE2086
10-27 14:30:39.916 12901 12925 E IMGMapper: set:488 set: Unset optional value from type CTA861_3
10-27 14:30:39.931 12901 12925 E IMGMapper: set:488 set: Unset optional value from type SMPTE2086
10-27 14:30:39.931 12901 12925 E IMGMapper: set:488 set: Unset optional value from type CTA861_3
10-27 14:30:39.943  1693  1693 I WifiHAL : Get link layer stats
10-27 14:30:39.943  1693  1693 I WifiHAL : GetLinkStatsCommand::create
10-27 14:30:39.943  1693  1693 D android.hardware.wifi@1.0-service-lazy: WifiRequest::create vendor command to iface 38, vendor_id=0x1a11, subcmd=0x1200, res=0
10-27 14:30:39.943  1693  1693 I android.hardware.wifi@1.0-service-lazy: WifiCommand::requestResponse err=-95
10-27 14:30:39.943  1693  1693 I WifiHAL : wifi_get_link_stats: result=-3
10-27 14:30:39.944  1187  1566 E WifiVendorHal: getWifiLinkLayerStats_1_5_Internal(l.1179) failed {.code = ERROR_NOT_SUPPORTED, .description = }
10-27 14:30:39.948  1187 22074 D SemWifiUsabilityStatsMonitor: onWifiUsabilityStats - seqNum 33768, isSameBssidAndFreq true
10-27 14:30:39.950  1187  1645 I SemWifiLinkQualityMonitor: Link Qos query: inf. ms / 0 Mbps
10-27 14:30:39.954 12901 12925 E IMGMapper: set:488 set: Unset optional value from type SMPTE2086
10-27 14:30:39.955 12901 12925 E IMGMapper: set:488 set: Unset optional value from type CTA861_3
10-27 14:30:39.965 12901 12925 E IMGMapper: set:488 set: Unset optional value from type SMPTE2086
10-27 14:30:39.965 12901 12925 E IMGMapper: set:488 set: Unset optional value from type CTA861_3
10-27 14:30:39.981 12901 12925 E IMGMapper: set:488 set: Unset optional value from type SMPTE2086
10-27 14:30:39.981 12901 12925 E IMGMapper: set:488 set: Unset optional value from type CTA861_3
10-27 14:30:39.999 12901 12925 E IMGMapper: set:488 set: Unset optional value from type SMPTE2086
10-27 14:30:39.999 12901 12925 E IMGMapper: set:488 set: Unset optional value from type CTA861_3
10-27 14:30:40.015 12901 12925 E IMGMapper: set:488 set: Unset optional value from type SMPTE2086
10-27 14:30:40.016 12901 12925 E IMGMapper: set:488 set: Unset optional value from type CTA861_3
10-27 14:30:40.033 12901 12925 E IMGMapper: set:488 set: Unset optional value from type SMPTE2086
10-27 14:30:40.034 12901 12925 E IMGMapper: set:488 set: Unset optional value from type CTA861_3
10-27 14:30:40.050 12901 12925 E IMGMapper: set:488 set: Unset optional value from type SMPTE2086
10-27 14:30:40.050 12901 12925 E IMGMapper: set:488 set: Unset optional value from type CTA861_3
10-27 14:30:40.064 12901 12925 E IMGMapper: set:488 set: Unset optional value from type SMPTE2086
10-27 14:30:40.064 12901 12925 E IMGMapper: set:488 set: Unset optional value from type CTA861_3
10-27 14:30:40.082 12901 12925 E IMGMapper: set:488 set: Unset optional value from type SMPTE2086
10-27 14:30:40.082 12901 12925 E IMGMapper: set:488 set: Unset optional value from type CTA861_3
10-27 14:30:40.102 12901 12925 E IMGMapper: set:488 set: Unset optional value from type SMPTE2086
10-27 14:30:40.102 12901 12925 E IMGMapper: set:488 set: Unset optional value from type CTA861_3
10-27 14:30:40.116 12901 12925 E IMGMapper: set:488 set: Unset optional value from type SMPTE2086
10-27 14:30:40.117 12901 12925 E IMGMapper: set:488 set: Unset optional value from type CTA861_3
10-27 14:30:40.132 12901 12925 E IMGMapper: set:488 set: Unset optional value from type SMPTE2086
10-27 14:30:40.132 12901 12925 E IMGMapper: set:488 set: Unset optional value from type CTA861_3
10-27 14:30:40.144 12901 12925 E IMGMapper: set:488 set: Unset optional value from type SMPTE2086
10-27 14:30:40.144 12901 12925 E IMGMapper: set:488 set: Unset optional value from type CTA861_3
10-27 14:30:40.162 12901 12925 E IMGMapper: set:488 set: Unset optional value from type SMPTE2086
10-27 14:30:40.162 12901 12925 E IMGMapper: set:488 set: Unset optional value from type CTA861_3
10-27 14:30:40.178 12901 12925 E IMGMapper: set:488 set: Unset optional value from type SMPTE2086
10-27 14:30:40.179 12901 12925 E IMGMapper: set:488 set: Unset optional value from type CTA861_3
10-27 14:30:40.196 12901 12925 E IMGMapper: set:488 set: Unset optional value from type SMPTE2086
10-27 14:30:40.196 12901 12925 E IMGMapper: set:488 set: Unset optional value from type CTA861_3
10-27 14:30:40.213 12901 12925 E IMGMapper: set:488 set: Unset optional value from type SMPTE2086
10-27 14:30:40.213 12901 12925 E IMGMapper: set:488 set: Unset optional value from type CTA861_3
10-27 14:30:40.227 12901 12925 E IMGMapper: set:488 set: Unset optional value from type SMPTE2086
10-27 14:30:40.227 12901 12925 E IMGMapper: set:488 set: Unset optional value from type CTA861_3
10-27 14:30:40.248 12901 12925 E IMGMapper: set:488 set: Unset optional value from type SMPTE2086
10-27 14:30:40.248 12901 12925 E IMGMapper: set:488 set: Unset optional value from type CTA861_3
10-27 14:30:40.264 12901 12925 E IMGMapper: set:488 set: Unset optional value from type SMPTE2086
10-27 14:30:40.264 12901 12925 E IMGMapper: set:488 set: Unset optional value from type CTA861_3
10-27 14:30:40.279 12901 12925 E IMGMapper: set:488 set: Unset optional value from type SMPTE2086
10-27 14:30:40.280 12901 12925 E IMGMapper: set:488 set: Unset optional value from type CTA861_3
10-27 14:30:40.295 12901 12925 E IMGMapper: set:488 set: Unset optional value from type SMPTE2086
10-27 14:30:40.295 12901 12925 E IMGMapper: set:488 set: Unset optional value from type CTA861_3
10-27 14:30:40.311 12901 12925 E IMGMapper: set:488 set: Unset optional value from type SMPTE2086
10-27 14:30:40.311 12901 12925 E IMGMapper: set:488 set: Unset optional value from type CTA861_3
10-27 14:30:40.328 12901 12925 E IMGMapper: set:488 set: Unset optional value from type SMPTE2086
10-27 14:30:40.328 12901 12925 E IMGMapper: set:488 set: Unset optional value from type CTA861_3
10-27 14:30:40.344 12901 12925 E IMGMapper: set:488 set: Unset optional value from type SMPTE2086
10-27 14:30:40.345 12901 12925 E IMGMapper: set:488 set: Unset optional value from type CTA861_3
10-27 14:30:40.362 12901 12925 E IMGMapper: set:488 set: Unset optional value from type SMPTE2086
10-27 14:30:40.363 12901 12925 E IMGMapper: set:488 set: Unset optional value from type CTA861_3
10-27 14:30:40.379 12901 12925 E IMGMapper: set:488 set: Unset optional value from type SMPTE2086
10-27 14:30:40.379 12901 12925 E IMGMapper: set:488 set: Unset optional value from type CTA861_3
10-27 14:30:40.395 12901 12925 E IMGMapper: set:488 set: Unset optional value from type SMPTE2086
10-27 14:30:40.395 12901 12925 E IMGMapper: set:488 set: Unset optional value from type CTA861_3
10-27 14:30:40.411 12901 12925 E IMGMapper: set:488 set: Unset optional value from type SMPTE2086
10-27 14:30:40.412 12901 12925 E IMGMapper: set:488 set: Unset optional value from type CTA861_3
10-27 14:30:40.419  1039  1039 I SurfaceFlinger: SFWD update time=2937983553751715
10-27 14:30:40.427 12901 12925 E IMGMapper: set:488 set: Unset optional value from type SMPTE2086
10-27 14:30:40.427 12901 12925 E IMGMapper: set:488 set: Unset optional value from type CTA861_3
10-27 14:30:40.443 12901 12925 E IMGMapper: set:488 set: Unset optional value from type SMPTE2086
10-27 14:30:40.443 12901 12925 E IMGMapper: set:488 set: Unset optional value from type CTA861_3
10-27 14:30:40.460 12901 12925 E IMGMapper: set:488 set: Unset optional value from type SMPTE2086
10-27 14:30:40.461 12901 12925 E IMGMapper: set:488 set: Unset optional value from type CTA861_3
10-27 14:30:40.476 12901 12925 E IMGMapper: set:488 set: Unset optional value from type SMPTE2086
10-27 14:30:40.476 12901 12925 E IMGMapper: set:488 set: Unset optional value from type CTA861_3
10-27 14:30:40.477 12901 12914 W com.cinemamovel: Cleared Reference was only reachable from finalizer (only reported once)
10-27 14:30:40.479 12901 12901 D ScrollView: initGoToTop
10-27 14:30:40.487 12901 12914 I com.cinemamovel: NativeAlloc concurrent copying GC freed 229573(9525KB) AllocSpace objects, 18(548KB) LOS objects, 49% free, 7689KB/15MB, paused 958us,396us total 109.856ms
10-27 14:30:40.494 12901 12925 E IMGMapper: set:488 set: Unset optional value from type SMPTE2086
10-27 14:30:40.494 12901 12925 E IMGMapper: set:488 set: Unset optional value from type CTA861_3
10-27 14:30:40.511 12901 12925 E IMGMapper: set:488 set: Unset optional value from type SMPTE2086
10-27 14:30:40.511 12901 12925 E IMGMapper: set:488 set: Unset optional value from type CTA861_3
10-27 14:30:40.528 12901 12925 E IMGMapper: set:488 set: Unset optional value from type SMPTE2086
10-27 14:30:40.528 12901 12925 E IMGMapper: set:488 set: Unset optional value from type CTA861_3
10-27 14:30:40.558 12901 12925 E IMGMapper: set:488 set: Unset optional value from type SMPTE2086
10-27 14:30:40.558 12901 12925 E IMGMapper: set:488 set: Unset optional value from type CTA861_3
10-27 14:30:40.561   570 12869 I keystore2: keystore2::watchdog: Watchdog thread idle -> terminating. Have a great day.
10-27 14:30:40.572  1737  1942 D MobileStatusTracker(0/2): onSignalStrengthsChanged level=3, vendorLevel=3
10-27 14:30:40.575  1737  1942 D MobileSignalController(0/2): notifyListener: enabled=true, connected=true, dataConnected=true, networkType=LTE (4G), emergencyOnly=false, roaming=false, isDefault=false, dataActivity=, level=3, ca=false, mmWave=false, disabledDataIcon=false, simCard=ETC
10-27 14:30:40.575  1737  1942 D NetworkController: SignalStrength from intent slotId=0
10-27 14:30:41.144   543   543 D io_stats: !@ 179,0 r 549011103 6638763550 w 95422803 1011207844 d 1259546 33790668 f 0 0 iot 275095688 0 th 0 0 0 pt 0 inp 0 0 2937984.279
10-27 14:30:41.680  1187  3197 D InputDispatcher: Inject motion (13020/2000): action=0x0, time=2937984814000000, f=0x0, d=0 dsdx=1.000000 dtdx=0.000000
10-27 14:30:41.680  1187  1534 I InputDispatcher: Delivering touch to (1737): action: 0x4, f=0x0, d=0, 'd92b8ad', t=1 
10-27 14:30:41.680  1187  1534 I InputDispatcher: Delivering touch to (12901): action: 0x0, f=0x0, d=0, 'd26118d', t=1 
10-27 14:30:41.680  1187  1534 D PowerManagerService: [api] userActivityFromNative :  (event: 2 flags: 0 displayId: 0) eventTime = 2937984814
10-27 14:30:41.681 12901 12901 I ViewRootImpl@aff6157[MainActivity]: ViewPostIme pointer 0
10-27 14:30:41.683  1187  1303 I GestureDetector: obtain mCurrentDownEvent. id: -732706880 caller: com.android.server.wm.SystemGesturesPointerEventListener.onPointerEvent:203 com.android.server.wm.PointerEventDispatcher.onInputEvent:53 android.view.InputEventReceiver.dispatchInputEvent:285 
10-27 14:30:41.684  1187  1303 I GestureDetector: obtain mCurrentDownEvent. id: -732706880 caller: com.android.server.wm.SystemPerformancePointerEventListener.onPointerEvent:89 com.android.server.wm.PointerEventDispatcher.onInputEvent:53 android.view.InputEventReceiver.dispatchInputEvent:285 
10-27 14:30:41.691  1187  3197 D InputDispatcher: Inject motion (13020/2000): action=0x1, time=2937984814000000, f=0x0, d=0 dsdx=1.000000 dtdx=0.000000
10-27 14:30:41.692  1187  1534 I InputDispatcher: Delivering touch to (12901): action: 0x1, f=0x0, d=0, 'd26118d', t=1 
10-27 14:30:41.692 12901 12901 I ViewRootImpl@aff6157[MainActivity]: ViewPostIme pointer 1
10-27 14:30:41.692  1187  1303 I GestureDetector: obtain mCurrentMotionEventRaw. action: 1 id: -767523553
10-27 14:30:41.693  1187  1303 I GestureDetector: obtain mCurrentMotionEventRaw. action: 1 id: -767523553
10-27 14:30:41.712 12901 12925 E IMGMapper: set:488 set: Unset optional value from type SMPTE2086
10-27 14:30:41.712 12901 12925 E IMGMapper: set:488 set: Unset optional value from type CTA861_3
10-27 14:30:41.717  1039  1039 I BufferQueueProducer: [com.cinemamovel/com.cinemamovel.MainActivity$_12901#596623](this:0xb400007a1f70e838,id:-1,api:0,p:-1,c:1039) queueBuffer: fps=25.97 dur=2079.22 max=1148.35 min=15.85
10-27 14:30:41.720   991   991 I hwcomposer: [HWCDisplay] [Display_0 (type:1)] fps:25.969231,dur:2079.38,max:1149.45,min:15.45  
10-27 14:30:41.741 12901 12925 E IMGMapper: set:488 set: Unset optional value from type SMPTE2086
10-27 14:30:41.741 12901 12925 E IMGMapper: set:488 set: Unset optional value from type CTA861_3
10-27 14:30:41.758 12901 12925 E IMGMapper: set:488 set: Unset optional value from type SMPTE2086
10-27 14:30:41.758 12901 12925 E IMGMapper: set:488 set: Unset optional value from type CTA861_3
10-27 14:30:41.789 12901 12925 E IMGMapper: set:488 set: Unset optional value from type SMPTE2086
10-27 14:30:41.789 12901 12925 E IMGMapper: set:488 set: Unset optional value from type CTA861_3
10-27 14:30:41.795 12901 12925 E IMGMapper: set:488 set: Unset optional value from type SMPTE2086
10-27 14:30:41.796 12901 12925 E IMGMapper: set:488 set: Unset optional value from type CTA861_3
10-27 14:30:41.796 21942 21942 D BoundBrokerSvc: onUnbind: Intent { act=com.google.android.gms.potokens.service.START dat=chimera-action:/... cmp=com.google.android.gms/.chimera.GmsApiService }
10-27 14:30:41.810 12901 12925 E IMGMapper: set:488 set: Unset optional value from type SMPTE2086
10-27 14:30:41.810 12901 12925 E IMGMapper: set:488 set: Unset optional value from type CTA861_3
10-27 14:30:41.827 12901 12925 E IMGMapper: set:488 set: Unset optional value from type SMPTE2086
10-27 14:30:41.827 12901 12925 E IMGMapper: set:488 set: Unset optional value from type CTA861_3
10-27 14:30:41.843 12901 12925 E IMGMapper: set:488 set: Unset optional value from type SMPTE2086
10-27 14:30:41.843 12901 12925 E IMGMapper: set:488 set: Unset optional value from type CTA861_3
10-27 14:30:41.861 12901 12925 E IMGMapper: set:488 set: Unset optional value from type SMPTE2086
10-27 14:30:41.861 12901 12925 E IMGMapper: set:488 set: Unset optional value from type CTA861_3
10-27 14:30:41.879 12901 12925 E IMGMapper: set:488 set: Unset optional value from type SMPTE2086
10-27 14:30:41.879 12901 12925 E IMGMapper: set:488 set: Unset optional value from type CTA861_3
10-27 14:30:41.896 12901 12925 E IMGMapper: set:488 set: Unset optional value from type SMPTE2086
10-27 14:30:41.896 12901 12925 E IMGMapper: set:488 set: Unset optional value from type CTA861_3
10-27 14:30:41.913 12901 12925 E IMGMapper: set:488 set: Unset optional value from type SMPTE2086
10-27 14:30:41.913 12901 12925 E IMGMapper: set:488 set: Unset optional value from type CTA861_3
10-27 14:30:41.931 12901 12925 E IMGMapper: set:488 set: Unset optional value from type SMPTE2086
10-27 14:30:41.931 12901 12925 E IMGMapper: set:488 set: Unset optional value from type CTA861_3
10-27 14:30:41.946 12901 12925 E IMGMapper: set:488 set: Unset optional value from type SMPTE2086
10-27 14:30:41.946 12901 12925 E IMGMapper: set:488 set: Unset optional value from type CTA861_3
10-27 14:30:41.963 12901 12925 E IMGMapper: set:488 set: Unset optional value from type SMPTE2086
10-27 14:30:41.964 12901 12925 E IMGMapper: set:488 set: Unset optional value from type CTA861_3
10-27 14:30:41.979 12901 12925 E IMGMapper: set:488 set: Unset optional value from type SMPTE2086
10-27 14:30:41.980 12901 12925 E IMGMapper: set:488 set: Unset optional value from type CTA861_3
10-27 14:30:41.984  1187  1187 I GestureDetector: handleMessage TAP
10-27 14:30:41.984  1187  1303 I GestureDetector: handleMessage TAP
10-27 14:30:42.001 12901 12925 E IMGMapper: set:488 set: Unset optional value from type SMPTE2086
10-27 14:30:42.002 12901 12925 E IMGMapper: set:488 set: Unset optional value from type CTA861_3
10-27 14:30:42.771  1187  3197 D InputDispatcher: Inject motion (13025/2000): action=0x0, time=2937985905000000, f=0x0, d=0 dsdx=1.000000 dtdx=0.000000
10-27 14:30:42.771  1187  1534 I InputDispatcher: Delivering touch to (1737): action: 0x4, f=0x0, d=0, 'd92b8ad', t=1 
10-27 14:30:42.772  1187  1534 I InputDispatcher: Delivering touch to (12901): action: 0x0, f=0x0, d=0, 'd26118d', t=1 
10-27 14:30:42.772  1187  1534 D PowerManagerService: [api] userActivityFromNative :  (event: 2 flags: 0 displayId: 0) eventTime = 2937985905
10-27 14:30:42.772 12901 12901 I ViewRootImpl@aff6157[MainActivity]: ViewPostIme pointer 0
10-27 14:30:42.773  1187  1303 I GestureDetector: obtain mCurrentDownEvent. id: -767442315 caller: com.android.server.wm.SystemGesturesPointerEventListener.onPointerEvent:203 com.android.server.wm.PointerEventDispatcher.onInputEvent:53 android.view.InputEventReceiver.dispatchInputEvent:285 
10-27 14:30:42.774  1187  1303 I GestureDetector: obtain mCurrentDownEvent. id: -767442315 caller: com.android.server.wm.SystemPerformancePointerEventListener.onPointerEvent:89 com.android.server.wm.PointerEventDispatcher.onInputEvent:53 android.view.InputEventReceiver.dispatchInputEvent:285 
10-27 14:30:42.787  1187  3197 D InputDispatcher: Inject motion (13025/2000): action=0x1, time=2937985905000000, f=0x0, d=0 dsdx=1.000000 dtdx=0.000000
10-27 14:30:42.788  1187  1534 I InputDispatcher: Delivering touch to (12901): action: 0x1, f=0x0, d=0, 'd26118d', t=1 
10-27 14:30:42.788 12901 12901 I ViewRootImpl@aff6157[MainActivity]: ViewPostIme pointer 1
10-27 14:30:42.789  1187  1303 I GestureDetector: obtain mCurrentMotionEventRaw. action: 1 id: -786532410
10-27 14:30:42.790  1187  1303 I GestureDetector: obtain mCurrentMotionEventRaw. action: 1 id: -786532410
10-27 14:30:42.815 12901 12925 E IMGMapper: set:488 set: Unset optional value from type SMPTE2086
10-27 14:30:42.815 12901 12925 E IMGMapper: set:488 set: Unset optional value from type CTA861_3
10-27 14:30:42.833  1039  1039 I BufferQueueProducer: [com.cinemamovel/com.cinemamovel.MainActivity$_12901#596623](this:0xb400007a1f70e838,id:-1,api:0,p:-1,c:1039) queueBuffer: fps=15.24 dur=1115.64 max=815.47 min=16.11
10-27 14:30:42.835   991   991 I hwcomposer: [HWCDisplay] [Display_0 (type:1)] fps:15.239779,dur:1115.50,max:815.30,min:15.99  
10-27 14:30:42.842 12901 12925 E IMGMapper: set:488 set: Unset optional value from type SMPTE2086
10-27 14:30:42.842 12901 12925 E IMGMapper: set:488 set: Unset optional value from type CTA861_3
10-27 14:30:42.857 12901 12925 E IMGMapper: set:488 set: Unset optional value from type SMPTE2086
10-27 14:30:42.857 12901 12925 E IMGMapper: set:488 set: Unset optional value from type CTA861_3
10-27 14:30:42.888 12901 12925 E IMGMapper: set:488 set: Unset optional value from type SMPTE2086
10-27 14:30:42.888 12901 12925 E IMGMapper: set:488 set: Unset optional value from type CTA861_3
10-27 14:30:42.895 12901 12925 E IMGMapper: set:488 set: Unset optional value from type SMPTE2086
10-27 14:30:42.896 12901 12925 E IMGMapper: set:488 set: Unset optional value from type CTA861_3
10-27 14:30:42.909 12901 12925 E IMGMapper: set:488 set: Unset optional value from type SMPTE2086
10-27 14:30:42.910 12901 12925 E IMGMapper: set:488 set: Unset optional value from type CTA861_3
10-27 14:30:42.928 12901 12925 E IMGMapper: set:488 set: Unset optional value from type SMPTE2086
10-27 14:30:42.928 12901 12925 E IMGMapper: set:488 set: Unset optional value from type CTA861_3
10-27 14:30:42.944 12901 12925 E IMGMapper: set:488 set: Unset optional value from type SMPTE2086
10-27 14:30:42.945 12901 12925 E IMGMapper: set:488 set: Unset optional value from type CTA861_3
10-27 14:30:42.954  1693  1693 I WifiHAL : Get link layer stats
10-27 14:30:42.955  1693  1693 I WifiHAL : GetLinkStatsCommand::create
10-27 14:30:42.955  1693  1693 D android.hardware.wifi@1.0-service-lazy: WifiRequest::create vendor command to iface 38, vendor_id=0x1a11, subcmd=0x1200, res=0
10-27 14:30:42.955  1693  1693 I android.hardware.wifi@1.0-service-lazy: WifiCommand::requestResponse err=-95
10-27 14:30:42.955  1693  1693 I WifiHAL : wifi_get_link_stats: result=-3
10-27 14:30:42.956  1187  1566 E WifiVendorHal: getWifiLinkLayerStats_1_5_Internal(l.1179) failed {.code = ERROR_NOT_SUPPORTED, .description = }
10-27 14:30:42.960 12901 12925 E IMGMapper: set:488 set: Unset optional value from type SMPTE2086
10-27 14:30:42.960 12901 12925 E IMGMapper: set:488 set: Unset optional value from type CTA861_3
10-27 14:30:42.962  1187 22074 D SemWifiUsabilityStatsMonitor: onWifiUsabilityStats - seqNum 33769, isSameBssidAndFreq true
10-27 14:30:42.964  1187  1645 I SemWifiLinkQualityMonitor: Link Qos query: inf. ms / 0 Mbps
10-27 14:30:42.977 12901 12925 E IMGMapper: set:488 set: Unset optional value from type SMPTE2086
10-27 14:30:42.977 12901 12925 E IMGMapper: set:488 set: Unset optional value from type CTA861_3
10-27 14:30:42.995 12901 12925 E IMGMapper: set:488 set: Unset optional value from type SMPTE2086
10-27 14:30:42.995 12901 12925 E IMGMapper: set:488 set: Unset optional value from type CTA861_3
10-27 14:30:43.009 12901 12925 E IMGMapper: set:488 set: Unset optional value from type SMPTE2086
10-27 14:30:43.009 12901 12925 E IMGMapper: set:488 set: Unset optional value from type CTA861_3
10-27 14:30:43.026 12901 12925 E IMGMapper: set:488 set: Unset optional value from type SMPTE2086
10-27 14:30:43.026 12901 12925 E IMGMapper: set:488 set: Unset optional value from type CTA861_3
10-27 14:30:43.043 12901 12925 E IMGMapper: set:488 set: Unset optional value from type SMPTE2086
10-27 14:30:43.043 12901 12925 E IMGMapper: set:488 set: Unset optional value from type CTA861_3
10-27 14:30:43.062 12901 12925 E IMGMapper: set:488 set: Unset optional value from type SMPTE2086
10-27 14:30:43.062 12901 12925 E IMGMapper: set:488 set: Unset optional value from type CTA861_3
10-27 14:30:43.073  1187  1303 I GestureDetector: handleMessage TAP
10-27 14:30:43.074  1187  1187 I GestureDetector: handleMessage TAP
10-27 14:30:43.080 12901 12925 E IMGMapper: set:488 set: Unset optional value from type SMPTE2086
10-27 14:30:43.080 12901 12925 E IMGMapper: set:488 set: Unset optional value from type CTA861_3
10-27 14:30:43.098 12901 12925 E IMGMapper: set:488 set: Unset optional value from type SMPTE2086
10-27 14:30:43.098 12901 12925 E IMGMapper: set:488 set: Unset optional value from type CTA861_3
10-27 14:30:43.146   543   543 D io_stats: !@ 179,0 r 549011104 6638763554 w 95422850 1011208640 d 1259546 33790668 f 0 0 iot 275095812 0 th 0 0 0 pt 0 inp 0 0 2937986.280
10-27 14:30:43.268  1205  1205 I thermal_repeater: socket -1
10-27 14:30:43.519  1187  1321 E Watchdog: !@Sync: 7494 heap: 103 / 110 FD: 873 [2025-10-27 14:30:43.518]
10-27 14:30:43.870  1187  3197 D InputDispatcher: Inject motion (13030/2000): action=0x0, time=2937987004000000, f=0x0, d=0 dsdx=1.000000 dtdx=0.000000
10-27 14:30:43.871  1187  1534 I InputDispatcher: Delivering touch to (1737): action: 0x4, f=0x0, d=0, 'd92b8ad', t=1 
10-27 14:30:43.871  1187  1534 I InputDispatcher: Delivering touch to (12901): action: 0x0, f=0x0, d=0, 'd26118d', t=1 
10-27 14:30:43.871  1187  1534 D PowerManagerService: [api] userActivityFromNative :  (event: 2 flags: 0 displayId: 0) eventTime = 2937987004
10-27 14:30:43.871 12901 12901 I ViewRootImpl@aff6157[MainActivity]: ViewPostIme pointer 0
10-27 14:30:43.872  1187  1303 I GestureDetector: obtain mCurrentDownEvent. id: -1029409967 caller: com.android.server.wm.SystemGesturesPointerEventListener.onPointerEvent:203 com.android.server.wm.PointerEventDispatcher.onInputEvent:53 android.view.InputEventReceiver.dispatchInputEvent:285 
10-27 14:30:43.872  1187  1303 I GestureDetector: obtain mCurrentDownEvent. id: -1029409967 caller: com.android.server.wm.SystemPerformancePointerEventListener.onPointerEvent:89 com.android.server.wm.PointerEventDispatcher.onInputEvent:53 android.view.InputEventReceiver.dispatchInputEvent:285 
10-27 14:30:43.880  1187  3197 D InputDispatcher: Inject motion (13030/2000): action=0x1, time=2937987004000000, f=0x0, d=0 dsdx=1.000000 dtdx=0.000000
10-27 14:30:43.881  1187  1534 I InputDispatcher: Delivering touch to (12901): action: 0x1, f=0x0, d=0, 'd26118d', t=1 
10-27 14:30:43.881 12901 12901 I ViewRootImpl@aff6157[MainActivity]: ViewPostIme pointer 1
10-27 14:30:43.882  1187  1303 I GestureDetector: obtain mCurrentMotionEventRaw. action: 1 id: -404745515
10-27 14:30:43.882  1187  1303 I GestureDetector: obtain mCurrentMotionEventRaw. action: 1 id: -404745515
10-27 14:30:43.973 12901 12925 E IMGMapper: set:488 set: Unset optional value from type SMPTE2086
10-27 14:30:43.973 12901 12925 E IMGMapper: set:488 set: Unset optional value from type CTA861_3
10-27 14:30:43.981  1039  1039 I BufferQueueProducer: [com.cinemamovel/com.cinemamovel.MainActivity$_12901#596623](this:0xb400007a1f70e838,id:-1,api:0,p:-1,c:1039) queueBuffer: fps=14.80 dur=1148.51 max=865.74 min=15.93
10-27 14:30:43.984   991   991 I hwcomposer: [HWCDisplay] [Display_0 (type:1)] fps:14.801507,dur:1148.53,max:865.93,min:15.36  
10-27 14:30:44.172  1187  1303 I GestureDetector: handleMessage TAP
10-27 14:30:44.173  1187  1187 I GestureDetector: handleMessage TAP
10-27 14:30:44.415  1737  1942 D MobileStatusTracker(0/2): onSignalStrengthsChanged level=3, vendorLevel=3
10-27 14:30:44.419  1737  1942 D MobileSignalController(0/2): notifyListener: enabled=true, connected=true, dataConnected=true, networkType=LTE (4G), emergencyOnly=false, roaming=false, isDefault=false, dataActivity=, level=3, ca=false, mmWave=false, disabledDataIcon=false, simCard=ETC
10-27 14:30:44.420  1737  1942 D NetworkController: SignalStrength from intent slotId=0
10-27 14:30:44.964  1187  4545 D InputDispatcher: Inject key (13035/2000): action=0, f=0x0, d=-1, time=2937988098000000
10-27 14:30:44.966  1187  4545 D WindowManager: interceptKeyTq keycode=4 interactive=true keyguardActive=false policyFlags=2b000000
10-27 14:30:44.972  1187  4545 D PhoneWindowManagerExt: interceptKeyTq code=4 down=true repeatCount=0 displayId=-1 interactive=true
10-27 14:30:44.972  1187  4545 D WindowManager: interceptKeyTq interceptKeyResult=4
10-27 14:30:44.974  1187  1534 D PowerManagerService: [api] userActivityFromNative :  (event: 1 flags: 0 displayId: 0) eventTime = 2937988098
10-27 14:30:44.977  1187  1534 D WindowManager: interceptKeyTi keyCode=4 down=true repeatCount=0 keyguardOn=false canceled=false
10-27 14:30:44.978  1187  1534 D PhoneWindowManagerExt: interceptKeyTi code=4 down=true repeatCount=0 displayId=-1 interactive=true
10-27 14:30:44.980  1187  1534 I InputDispatcher: Delivering key to (12901): B action: 0x0 (0), f=0x0, m=0x0, d=0, 'd26118d'
10-27 14:30:44.983 23351 23351 I HBD     : b skip onKeyDown as physical keyboard not connected 
10-27 14:30:44.987 23351 23351 I HBD     : HoneyBoardService onKeyDown r:39744500 consumed:false 5 
10-27 14:30:45.001 12901 12901 I ViewRootImpl@aff6157[MainActivity]: ViewPostIme key 0
10-27 14:30:45.002 12901 12901 D Activity: onKeyDown(KEYCODE_BACK)
10-27 14:30:45.002  1187  4545 D InputDispatcher: Inject key (13035/2000): action=1, f=0x0, d=-1, time=2937988098000000
10-27 14:30:45.003  1187  4545 D WindowManager: interceptKeyTq keycode=4 interactive=true keyguardActive=false policyFlags=2b000000
10-27 14:30:45.003  1187  4545 D PhoneWindowManagerExt: interceptKeyTq code=4 down=false repeatCount=0 displayId=-1 interactive=true
10-27 14:30:45.003  1187  4545 D WindowManager: interceptKeyTq interceptKeyResult=4
10-27 14:30:45.004  1187  1534 D WindowManager: interceptKeyTi keyCode=4 down=false repeatCount=0 keyguardOn=false canceled=false
10-27 14:30:45.004  1187  1534 D PhoneWindowManagerExt: interceptKeyTi code=4 down=false repeatCount=0 displayId=-1 interactive=true
10-27 14:30:45.005  1187  1534 I InputDispatcher: Delivering key to (12901): B action: 0x1 (0), f=0x0, m=0x0, d=0, 'd26118d'
10-27 14:30:45.008 23351 23351 I HBD     : HoneyBoardService onKeyUp r:be01a808 consumed:false 2 
10-27 14:30:45.009 12901 12901 I ViewRootImpl@aff6157[MainActivity]: ViewPostIme key 1
10-27 14:30:45.009 12901 12901 D Activity: onKeyUp(KEYCODE_BACK) isTracking()=true isCanceled()=false hasCallback=false
10-27 14:30:45.055 12901 12932 I ReactNativeJS: ---METRICS_JSON_START---
10-27 14:30:45.055 12901 12932 I ReactNativeJS: {
10-27 14:30:45.055 12901 12932 I ReactNativeJS:   "screenRenders": 5,
10-27 14:30:45.055 12901 12932 I ReactNativeJS:   "componentRenders": {
10-27 14:30:45.055 12901 12932 I ReactNativeJS:     "Loader": 1,
10-27 14:30:45.055 12901 12932 I ReactNativeJS:     "Poster": 4,
10-27 14:30:45.055 12901 12932 I ReactNativeJS:     "InfoBlock": 4,
10-27 14:30:45.055 12901 12932 I ReactNativeJS:     "RatingBlock": 4,
10-27 14:30:45.055 12901 12932 I ReactNativeJS:     "Overview": 4,
10-27 14:30:45.055 12901 12932 I ReactNativeJS:     "Genres": 4
10-27 14:30:45.055 12901 12932 I ReactNativeJS:   },
10-27 14:30:45.055 12901 12932 I ReactNativeJS:   "interactionEvents": [
10-27 14:30:45.055 12901 12932 I ReactNativeJS:     {
10-27 14:30:45.055 12901 12932 I ReactNativeJS:       "action": "toggle_favorite",
10-27 14:30:45.055 12901 12932 I ReactNativeJS:       "timestamp": 1761586241708
10-27 14:30:45.055 12901 12932 I ReactNativeJS:     },
10-27 14:30:45.055 12901 12932 I ReactNativeJS:     {
10-27 14:30:45.055 12901 12932 I ReactNativeJS:       "action": "set_rating_3",
10-27 14:30:45.055 12901 12932 I ReactNativeJS:       "timestamp": 1761586242811
10-27 14:30:45.055 12901 12932 I ReactNativeJS:     },
10-27 14:30:45.055 12901 12932 I ReactNativeJS:     {
10-27 14:30:45.055 12901 12932 I ReactNativeJS:       "action": "toggle_overview",
10-27 14:30:45.055 12901 12932 I ReactNativeJS:       "timestamp": 1761586243891
10-27 14:30:45.055 12901 12932 I ReactNativeJS:     },
10-27 14:30:45.055 12901 12932 I ReactNativeJS:     {
10-27 14:30:45.055 12901 12932 I ReactNativeJS:       "action": "component_unmounted_logged",
10-27 14:30:45.055 12901 12932 I ReactNativeJS:       "timestamp": 1761586245055
10-27 14:30:45.055 12901 12932 I ReactNativeJS:     }
10-27 14:30:45.055 12901 12932 I ReactNativeJS:   ]
10-27 14:30:45.055 12901 12932 I ReactNativeJS: }
10-27 14:30:45.055 12901 12932 I ReactNativeJS: ---METRICS_JSON_END---
10-27 14:30:45.102 12901 12925 E IMGMapper: set:488 set: Unset optional value from type SMPTE2086
10-27 14:30:45.103 12901 12925 E IMGMapper: set:488 set: Unset optional value from type CTA861_3
10-27 14:30:45.113  1039  1039 I BufferQueueProducer: [com.cinemamovel/com.cinemamovel.MainActivity$_12901#596623](this:0xb400007a1f70e838,id:-1,api:0,p:-1,c:1039) queueBuffer: fps=0.88 dur=1131.50 max=1131.50 min=1131.50
10-27 14:30:45.115   991   991 I hwcomposer: [HWCDisplay] [Display_0 (type:1)] fps:0.884161,dur:1131.02,max:1131.02,min:1131.02  
10-27 14:30:45.147   543   543 D io_stats: !@ 179,0 r 549011174 6638764118 w 95422850 1011208640 d 1259546 33790668 f 0 0 iot 275095832 0 th 0 0 0 pt 0 inp 0 0 2937988.281
10-27 14:30:45.174 12901 12925 E IMGMapper: set:488 set: Unset optional value from type SMPTE2086
10-27 14:30:45.175 12901 12925 E IMGMapper: set:488 set: Unset optional value from type CTA861_3
10-27 14:30:45.185 12901 12925 E IMGMapper: set:488 set: Unset optional value from type SMPTE2086
10-27 14:30:45.185 12901 12925 E IMGMapper: set:488 set: Unset optional value from type CTA861_3
10-27 14:30:45.197 12901 12925 E IMGMapper: set:488 set: Unset optional value from type SMPTE2086
10-27 14:30:45.197 12901 12925 E IMGMapper: set:488 set: Unset optional value from type CTA861_3
10-27 14:30:45.214 12901 12925 E IMGMapper: set:488 set: Unset optional value from type SMPTE2086
10-27 14:30:45.214 12901 12925 E IMGMapper: set:488 set: Unset optional value from type CTA861_3
10-27 14:30:45.231 12901 12925 E IMGMapper: set:488 set: Unset optional value from type SMPTE2086
10-27 14:30:45.231 12901 12925 E IMGMapper: set:488 set: Unset optional value from type CTA861_3
10-27 14:30:45.247 12901 12925 E IMGMapper: set:488 set: Unset optional value from type SMPTE2086
10-27 14:30:45.247 12901 12925 E IMGMapper: set:488 set: Unset optional value from type CTA861_3
10-27 14:30:45.265 12901 12925 E IMGMapper: set:488 set: Unset optional value from type SMPTE2086
10-27 14:30:45.266 12901 12925 E IMGMapper: set:488 set: Unset optional value from type CTA861_3
10-27 14:30:45.277 12901 12925 E IMGMapper: set:488 set: Unset optional value from type SMPTE2086
10-27 14:30:45.277 12901 12925 E IMGMapper: set:488 set: Unset optional value from type CTA861_3
10-27 14:30:45.293 12901 12925 E IMGMapper: set:488 set: Unset optional value from type SMPTE2086
10-27 14:30:45.293 12901 12925 E IMGMapper: set:488 set: Unset optional value from type CTA861_3
10-27 14:30:45.315 12901 12925 E IMGMapper: set:488 set: Unset optional value from type SMPTE2086
10-27 14:30:45.315 12901 12925 E IMGMapper: set:488 set: Unset optional value from type CTA861_3
10-27 14:30:45.328 12901 12925 E IMGMapper: set:488 set: Unset optional value from type SMPTE2086
10-27 14:30:45.329 12901 12925 E IMGMapper: set:488 set: Unset optional value from type CTA861_3
10-27 14:30:45.351 12901 12925 E IMGMapper: set:488 set: Unset optional value from type SMPTE2086
10-27 14:30:45.351 12901 12925 E IMGMapper: set:488 set: Unset optional value from type CTA861_3
10-27 14:30:45.359 12901 12925 E IMGMapper: set:488 set: Unset optional value from type SMPTE2086
10-27 14:30:45.359 12901 12925 E IMGMapper: set:488 set: Unset optional value from type CTA861_3
10-27 14:30:45.375 12901 12925 E IMGMapper: set:488 set: Unset optional value from type SMPTE2086
10-27 14:30:45.375 12901 12925 E IMGMapper: set:488 set: Unset optional value from type CTA861_3
10-27 14:30:45.394 12901 12925 E IMGMapper: set:488 set: Unset optional value from type SMPTE2086
10-27 14:30:45.394 12901 12925 E IMGMapper: set:488 set: Unset optional value from type CTA861_3
10-27 14:30:45.409 12901 12925 E IMGMapper: set:488 set: Unset optional value from type SMPTE2086
10-27 14:30:45.409 12901 12925 E IMGMapper: set:488 set: Unset optional value from type CTA861_3
10-27 14:30:45.427 12901 12925 E IMGMapper: set:488 set: Unset optional value from type SMPTE2086
10-27 14:30:45.427 12901 12925 E IMGMapper: set:488 set: Unset optional value from type CTA861_3
10-27 14:30:45.443 12901 12925 E IMGMapper: set:488 set: Unset optional value from type SMPTE2086
10-27 14:30:45.443 12901 12925 E IMGMapper: set:488 set: Unset optional value from type CTA861_3
10-27 14:30:45.460 12901 12925 E IMGMapper: set:488 set: Unset optional value from type SMPTE2086
10-27 14:30:45.460 12901 12925 E IMGMapper: set:488 set: Unset optional value from type CTA861_3
10-27 14:30:45.477 12901 12925 E IMGMapper: set:488 set: Unset optional value from type SMPTE2086
10-27 14:30:45.477 12901 12925 E IMGMapper: set:488 set: Unset optional value from type CTA861_3
10-27 14:30:45.494 12901 12925 E IMGMapper: set:488 set: Unset optional value from type SMPTE2086
10-27 14:30:45.494 12901 12925 E IMGMapper: set:488 set: Unset optional value from type CTA861_3
10-27 14:30:45.510 12901 12925 E IMGMapper: set:488 set: Unset optional value from type SMPTE2086
10-27 14:30:45.510 12901 12925 E IMGMapper: set:488 set: Unset optional value from type CTA861_3
10-27 14:30:45.527 12901 12925 E IMGMapper: set:488 set: Unset optional value from type SMPTE2086
10-27 14:30:45.528 12901 12925 E IMGMapper: set:488 set: Unset optional value from type CTA861_3
10-27 14:30:45.543 12901 12925 E IMGMapper: set:488 set: Unset optional value from type SMPTE2086
10-27 14:30:45.544 12901 12925 E IMGMapper: set:488 set: Unset optional value from type CTA861_3
10-27 14:30:45.559 12901 12925 E IMGMapper: set:488 set: Unset optional value from type SMPTE2086
10-27 14:30:45.559 12901 12925 E IMGMapper: set:488 set: Unset optional value from type CTA861_3
10-27 14:30:45.579 12901 12925 E IMGMapper: set:488 set: Unset optional value from type SMPTE2086
10-27 14:30:45.579 12901 12925 E IMGMapper: set:488 set: Unset optional value from type CTA861_3
10-27 14:30:45.594 12901 12925 E IMGMapper: set:488 set: Unset optional value from type SMPTE2086
10-27 14:30:45.594 12901 12925 E IMGMapper: set:488 set: Unset optional value from type CTA861_3
10-27 14:30:45.609 12901 12925 E IMGMapper: set:488 set: Unset optional value from type SMPTE2086
10-27 14:30:45.609 12901 12925 E IMGMapper: set:488 set: Unset optional value from type CTA861_3
10-27 14:30:45.628 12901 12925 E IMGMapper: set:488 set: Unset optional value from type SMPTE2086
10-27 14:30:45.628 12901 12925 E IMGMapper: set:488 set: Unset optional value from type CTA861_3
10-27 14:30:45.642 12901 12925 E IMGMapper: set:488 set: Unset optional value from type SMPTE2086
10-27 14:30:45.642 12901 12925 E IMGMapper: set:488 set: Unset optional value from type CTA861_3
10-27 14:30:45.658 12901 12925 E IMGMapper: set:488 set: Unset optional value from type SMPTE2086
10-27 14:30:45.658 12901 12925 E IMGMapper: set:488 set: Unset optional value from type CTA861_3
10-27 14:30:45.694  1737  1942 D MobileStatusTracker(0/2): onSignalStrengthsChanged level=3, vendorLevel=3
10-27 14:30:45.697  1737  1942 D MobileSignalController(0/2): notifyListener: enabled=true, connected=true, dataConnected=true, networkType=LTE (4G), emergencyOnly=false, roaming=false, isDefault=false, dataActivity=, level=3, ca=false, mmWave=false, disabledDataIcon=false, simCard=ETC
10-27 14:30:45.697  1737  1942 D NetworkController: SignalStrength from intent slotId=0
10-27 14:30:45.970  1693  1693 I WifiHAL : Get link layer stats
10-27 14:30:45.970  1693  1693 I WifiHAL : GetLinkStatsCommand::create
10-27 14:30:45.970  1693  1693 D android.hardware.wifi@1.0-service-lazy: WifiRequest::create vendor command to iface 38, vendor_id=0x1a11, subcmd=0x1200, res=0
10-27 14:30:45.970  1693  1693 I android.hardware.wifi@1.0-service-lazy: WifiCommand::requestResponse err=-95
10-27 14:30:45.970  1693  1693 I WifiHAL : wifi_get_link_stats: result=-3
10-27 14:30:45.972  1187  1566 E WifiVendorHal: getWifiLinkLayerStats_1_5_Internal(l.1179) failed {.code = ERROR_NOT_SUPPORTED, .description = }
10-27 14:30:45.984  1187 22074 D SemWifiUsabilityStatsMonitor: onWifiUsabilityStats - seqNum 33770, isSameBssidAndFreq true
10-27 14:30:45.986  1187  1645 I SemWifiLinkQualityMonitor: Link Qos query: inf. ms / 0 Mbps
10-27 14:30:45.990  1187  1663 D WifiConnectivityMonitor.NetworkStatsAnalyzer: Backhaul result - RSSI:-51, CE:16, PE:15, TI:18, PTI:17, TW:7, PTW:17, Tx:4186, Rx:1857, TxS:4182, RxS:1855, RESULT:true, IC:0, ICT:5, WC:0, WCT:5, R:0, RC:0, IE:0, EC:0
10-27 14:30:46.012  1187  1486 D SensorService: [SO] -0.541 1.629 9.874
10-27 14:30:46.419  1187  1563 D ApplicationPolicy: isStatusBarNotificationAllowedAsUser: packageName = android,userId = 0
10-27 14:30:46.419  1187  1563 D ApplicationPolicy: isStatusBarNotificationAllowedAsUser: packageName = android,userId = -1
10-27 14:30:46.419  1187  1563 D ApplicationPolicy: isStatusBarNotificationAllowedAsUser: converting userId from USER_ALLto 0
10-27 14:30:46.487  1711  2193 D PhoneInterfaceManager: setDataEnabledForReason() Reason=1 Pid=1187 App=system
10-27 14:30:46.491  1711  2193 D PhoneInterfaceManager: setDataEnabledForReason() Reason=1 Pid=1187 App=system
10-27 14:30:46.626  1187  1187 I Telecom:SamsungTelecomServiceImpl: isInManagedCall - callingPackage : android
10-27 14:30:46.635  1187  1187 D EdgeLightingManager: isCallingUserSupported : callingUserId=-1, mUserId=0, isDualAppId=false, isKnoxId=false
10-27 14:30:46.636  1187  1187 D EdgeLightingManager: showForNotification : isInteractive=true, isHeadUp=true, color=0, canBypassDnd=false, sbn = StatusBarNotification(pkg=android user=UserHandle{-1} id=34 tag=NetworkPolicy:-2067496396:34 key=-1|android|34|NetworkPolicy:-2067496396:34|1000: Notification(channel=NETWORK_ALERTS shortcut=null contentView=null vibrate=null sound=null tick defaults=0x0 flags=0xa color=0xff888fa2 actions=1 vis=PRIVATE semFlags=0x0 semPriority=0 semMissedCount=0))
10-27 14:30:46.636  1187  1187 D EdgeLightingClientManager: isAvailableEdgeLighting: condition=1 mCondition=1 mIsConnected=false0
10-27 14:30:46.636  1187  1187 D EdgeLightingPolicyManager: isAcceptableApplication:  pkg=android , range=256 , includeAllApp=false , userId=-1 , infoRange=0 , infoCategory=0
10-27 14:30:46.636  1187  1187 W CoverManager: getCoverState : This device is not supported cover
10-27 14:30:46.637  1187  1187 D EdgeLightingPolicyManager: putNotification tickerText:true,titleText:true,text:true,sub:falsecn= + null
10-27 14:30:46.637  1187  1187 D EdgeLightingPolicyManager.NotificationGroup: Remove previous child data. -1|android|34|NetworkPolicy:-2067496396:34|1000
10-27 14:30:46.637  1187  1187 D EdgeLightingPolicyManager.NotificationGroup: group key = 0|com.android.phone|g:VOICE_MAIL_GROUP_KEY ,value= summary : null , child : 1key = 0|com.android.phone|3|null|1001 , value =  NotificationData { tag= null } , } 
10-27 14:30:46.637  1187  1187 D EdgeLightingPolicyManager.NotificationGroup: group key = -1|android|34|NetworkPolicy:-2067496396:34|1000 ,value= summary : null , child : 1key = -1|android|34|NetworkPolicy:-2067496396:34|1000 , value =  NotificationData { tag= NetworkPolicy:-2067496396:34 } , } 
10-27 14:30:46.638  1187  1187 D EdgeLightingPolicyManager.NotificationGroup: group key = 0|com.ubercab|18|null|10253 ,value= summary : null , child : 1key = 0|com.ubercab|18|null|10253 , value =  NotificationData { tag= null } , } 
10-27 14:30:46.638  1187  1187 D EdgeLightingPolicyManager.NotificationGroup: group key = 0|com.discord|g:GROUP_MESSAGE_CREATE ,value= summary : null , child : 1key = 0|com.discord|0|MESSAGE_CREATE1213178748166479923|10255 , value =  NotificationData { tag= MESSAGE_CREATE1213178748166479923 } , } 
10-27 14:30:46.638  1187  1187 I EdgeLightingManager: showForNotificationScreenOn Alert once notification. sbn: StatusBarNotification(pkg=android user=UserHandle{-1} id=34 tag=NetworkPolicy:-2067496396:34 key=-1|android|34|NetworkPolicy:-2067496396:34|1000: Notification(channel=NETWORK_ALERTS shortcut=null contentView=null vibrate=null sound=null tick defaults=0x0 flags=0xa color=0xff888fa2 actions=1 vis=PRIVATE semFlags=0x0 semPriority=0 semMissedCount=0))
10-27 14:30:46.650  2144  2144 I Launcher.NotificationListener: onNotificationPosted : android number : 0
10-27 14:30:46.650  3391  3391 I Edge.badge: updateBadge item = android:-1 1
10-27 14:30:46.650  1737  1737 D BubblesManager: onEntryUpdated : shouldBubbleUp=false ,key=-1|android|34|NetworkPolicy:-2067496396:34|1000
10-27 14:30:46.653  1737  1737 D InterruptionStateProvider:  no Heads up : edgelighting enabled app. -1|android|34|NetworkPolicy:-2067496396:34|1000
10-27 14:30:46.687  1737  1737 I FaceWidgetPositionAlgorithm: getClockContainerHeight() supplier = 193, bottom margin = 0, real height = 238
10-27 14:30:46.688  1737  1737 I FaceWidgetPositionAlgorithm: getClockContainerHeight() supplier = 193, bottom margin = 45, real height = 238
10-27 14:30:46.688  1737  1737 I FaceWidgetPositionAlgorithm: getMediaContainerHeight() height = 326 container Visibility = 8, isValid = false, mIsDozing = false, fraction = 1.0, source = 0, target = 0
10-27 14:30:46.688  1737  1737 I FaceWidgetPositionAlgorithm: getMediaContainerHeight() supplier = 0
10-27 14:30:46.703  1737  1796 E IMGMapper: set:488 set: Unset optional value from type SMPTE2086
10-27 14:30:46.704  1737  1796 E IMGMapper: set:488 set: Unset optional value from type CTA861_3
