10-27 14:31:00.214  1737  1737 I PowerUI : oldMisalign : false, curMisalign : false
10-27 14:31:00.215  1737  1737 D SecPowerUI.Notification: showChargingNotice oldChargingType : 11 / currentChargingType : 11, oldChargingTime : 0 / mChargingTime : 0
10-27 14:31:00.215  1737  1737 D SecPowerUI.Notification: There is no change about charging status, so return!
10-27 14:31:00.215  1737  1737 D PowerUI : Battery swelling mode - priorBatterySwellingMode = 0 mBatterySwellingMode = 0 mBatteryStatus = 2
10-27 14:31:00.215  1737  1737 I PowerUI : mBatteryMiscEvent = 0
10-27 14:31:00.215  1737  1737 D KeyguardUpdateMonitor: received broadcast android.intent.action.BATTERY_CHANGED
10-27 14:31:00.215  1737  1737 D SamsungBatteryMeterDrawable: onBatteryLevelChanged isSomethingChanged: false
10-27 14:31:00.216  1737  1737 D SamsungBatteryMeterDrawable: onBatteryLevelChanged isSomethingChanged: false
10-27 14:31:00.216  1737  1737 D SamsungBatteryMeterDrawable: onBatteryLevelChanged isSomethingChanged: false
10-27 14:31:00.216  1737  1737 D SamsungBatteryMeterDrawable: onBatteryLevelChanged isSomethingChanged: false
10-27 14:31:00.217  1737  1737 I AODBatteryManager: updateBatteryData: ACTION_BATTERY_CHANGED
10-27 14:31:00.218  1737 10636 D SecPowerUI.Notification: dismissing low battery warning: level=98
10-27 14:31:00.218  1737 10636 D SecPowerUI.Notification: updateNotification mWarning=false mPlaySound=false
10-27 14:31:00.218  1737 10636 D SecPowerUI.Notification: SecBatteryStatsSnapshot{batteryLevel=98, currentBatteryMode=0, chargingTime=0, chargingType=11, batteryHealth=2, automaticTestMode=false, isHiccupState=false}
10-27 14:31:00.220  1737 10636 D SecPowerUI.Notification: 1. restoreScreenTimeOut - saved_value : :
10-27 14:31:00.221  1737 10636 E SecPowerUI.Notification: no saved value, so we do nothing !!
10-27 14:31:00.221  1737  1737 I AODBatteryManager: saveBatteryData : AOD BatteryData [mBatteryLevel=98, mBatteryStatus=CHARGING, mBatteryPlugType=USB, mBatteryPlugged=true, mRemainingChargeTime=-1, mBatteryChargingType=1, mBatteryChargerType=NORMAL, mBatteryOnline=NONE, mBatterySwellingMode=NONE, mBatteryProtectMode=false]
10-27 14:31:00.221  1737  1737 D KeyguardUpdateMonitor: handleBatteryUpdate
10-27 14:31:00.227 12901 12925 E IMGMapper: set:488 set: Unset optional value from type SMPTE2086
10-27 14:31:00.228 12901 12925 E IMGMapper: set:488 set: Unset optional value from type CTA861_3
10-27 14:31:00.241 12901 12925 E IMGMapper: set:488 set: Unset optional value from type SMPTE2086
10-27 14:31:00.241 12901 12925 E IMGMapper: set:488 set: Unset optional value from type CTA861_3
10-27 14:31:00.259 12901 12925 E IMGMapper: set:488 set: Unset optional value from type SMPTE2086
10-27 14:31:00.259 12901 12925 E IMGMapper: set:488 set: Unset optional value from type CTA861_3
10-27 14:31:00.273 12901 12925 E IMGMapper: set:488 set: Unset optional value from type SMPTE2086
10-27 14:31:00.273 12901 12925 E IMGMapper: set:488 set: Unset optional value from type CTA861_3
10-27 14:31:00.290 12901 12925 E IMGMapper: set:488 set: Unset optional value from type SMPTE2086
10-27 14:31:00.290 12901 12925 E IMGMapper: set:488 set: Unset optional value from type CTA861_3
10-27 14:31:00.306 12901 12925 E IMGMapper: set:488 set: Unset optional value from type SMPTE2086
10-27 14:31:00.306 12901 12925 E IMGMapper: set:488 set: Unset optional value from type CTA861_3
10-27 14:31:00.323 12901 12925 E IMGMapper: set:488 set: Unset optional value from type SMPTE2086
10-27 14:31:00.323 12901 12925 E IMGMapper: set:488 set: Unset optional value from type CTA861_3
10-27 14:31:00.339 12901 12925 E IMGMapper: set:488 set: Unset optional value from type SMPTE2086
10-27 14:31:00.339 12901 12925 E IMGMapper: set:488 set: Unset optional value from type CTA861_3
10-27 14:31:00.358 12901 12925 E IMGMapper: set:488 set: Unset optional value from type SMPTE2086
10-27 14:31:00.358 12901 12925 E IMGMapper: set:488 set: Unset optional value from type CTA861_3
10-27 14:31:00.374 12901 12925 E IMGMapper: set:488 set: Unset optional value from type SMPTE2086
10-27 14:31:00.374 12901 12925 E IMGMapper: set:488 set: Unset optional value from type CTA861_3
10-27 14:31:00.390 12901 12925 E IMGMapper: set:488 set: Unset optional value from type SMPTE2086
10-27 14:31:00.390 12901 12925 E IMGMapper: set:488 set: Unset optional value from type CTA861_3
10-27 14:31:00.406 12901 12925 E IMGMapper: set:488 set: Unset optional value from type SMPTE2086
10-27 14:31:00.407 12901 12925 E IMGMapper: set:488 set: Unset optional value from type CTA861_3
10-27 14:31:00.422 12901 12925 E IMGMapper: set:488 set: Unset optional value from type SMPTE2086
10-27 14:31:00.422 12901 12925 E IMGMapper: set:488 set: Unset optional value from type CTA861_3
10-27 14:31:00.440 12901 12925 E IMGMapper: set:488 set: Unset optional value from type SMPTE2086
10-27 14:31:00.440 12901 12925 E IMGMapper: set:488 set: Unset optional value from type CTA861_3
10-27 14:31:00.457 12901 12925 E IMGMapper: set:488 set: Unset optional value from type SMPTE2086
10-27 14:31:00.457 12901 12925 E IMGMapper: set:488 set: Unset optional value from type CTA861_3
10-27 14:31:00.474 12901 12925 E IMGMapper: set:488 set: Unset optional value from type SMPTE2086
10-27 14:31:00.474 12901 12925 E IMGMapper: set:488 set: Unset optional value from type CTA861_3
10-27 14:31:00.488 12901 12925 E IMGMapper: set:488 set: Unset optional value from type SMPTE2086
10-27 14:31:00.489 12901 12925 E IMGMapper: set:488 set: Unset optional value from type CTA861_3
10-27 14:31:00.499  1187 13098 D TrafficStats: tagSocket(681) with statsTag=0xffffffff, statsUid=-1
10-27 14:31:00.501  1187 13098 D TrafficStats: tagSocket(760) with statsTag=0xffffffff, statsUid=-1
10-27 14:31:00.502  1187 13098 D TrafficStats: tagSocket(783) with statsTag=0xffffffff, statsUid=-1
10-27 14:31:00.503  1187 13098 D TrafficStats: tagSocket(835) with statsTag=0xffffffff, statsUid=-1
10-27 14:31:00.511 12901 12925 E IMGMapper: set:488 set: Unset optional value from type SMPTE2086
10-27 14:31:00.511 12901 12925 E IMGMapper: set:488 set: Unset optional value from type CTA861_3
10-27 14:31:00.524 12901 12925 E IMGMapper: set:488 set: Unset optional value from type SMPTE2086
10-27 14:31:00.524 12901 12925 E IMGMapper: set:488 set: Unset optional value from type CTA861_3
10-27 14:31:00.536 12901 12925 E IMGMapper: set:488 set: Unset optional value from type SMPTE2086
10-27 14:31:00.537 12901 12925 E IMGMapper: set:488 set: Unset optional value from type CTA861_3
10-27 14:31:00.553 12901 12925 E IMGMapper: set:488 set: Unset optional value from type SMPTE2086
10-27 14:31:00.553 12901 12925 E IMGMapper: set:488 set: Unset optional value from type CTA861_3
10-27 14:31:00.706  1187 13098 D WifiConnectivityMonitor.DnsThread:  [|207] [] [] []
10-27 14:31:00.707  1187  1663 D WifiConnectivityMonitor.NetworkStatsAnalyzer: DNS resultType : 0, responseTime : 207
10-27 14:31:00.707  1187  1661 D OpenNetworkQos[4.00]: updateBssidLatestDnsResultType - result: 0
10-27 14:31:00.707  1187  1661 D OpenNetworkQos[4.00]: updateBssidNoInternet: mBssidNoInternet = false
10-27 14:31:00.707  1187  1661 D OpenNetworkQos[4.00]: getOpenNetworkQosNoInternetStatus: false
10-27 14:31:00.707  1187  1661 D OpenNetworkQos[4.00]: getOpenNetworkQosScores: 23 23 16 
10-27 14:31:00.708  1187  1661 D SettingsProvider: isChangeAllowed() : name = wifi_wcm_qos_sharing_score_summary
10-27 14:31:01.061  1693  1693 I WifiHAL : Get link layer stats
10-27 14:31:01.061  1693  1693 I WifiHAL : GetLinkStatsCommand::create
10-27 14:31:01.061  1693  1693 D android.hardware.wifi@1.0-service-lazy: WifiRequest::create vendor command to iface 38, vendor_id=0x1a11, subcmd=0x1200, res=0
10-27 14:31:01.062  1693  1693 I android.hardware.wifi@1.0-service-lazy: WifiCommand::requestResponse err=-95
10-27 14:31:01.062  1693  1693 I WifiHAL : wifi_get_link_stats: result=-3
10-27 14:31:01.064  1187  1566 E WifiVendorHal: getWifiLinkLayerStats_1_5_Internal(l.1179) failed {.code = ERROR_NOT_SUPPORTED, .description = }
10-27 14:31:01.077  1187 22074 D SemWifiUsabilityStatsMonitor: onWifiUsabilityStats - seqNum 33775, isSameBssidAndFreq true
10-27 14:31:01.078  1187  1645 I SemWifiLinkQualityMonitor: Link Qos query: inf. ms / 0 Mbps
10-27 14:31:01.154   543   543 D io_stats: !@ 179,0 r 549011501 6638769182 w 95423135 1011210048 d 1259547 33790672 f 0 0 iot 275096268 0 th 0 0 0 pt 0 inp 0 0 2938004.289
10-27 14:31:01.524  1737  1942 D MobileStatusTracker(1/1): onSignalStrengthsChanged level=4, vendorLevel=4
10-27 14:31:01.527  1737  1942 D MobileSignalController(1/1): notifyListener: enabled=true, connected=true, dataConnected=false, networkType=UMTS (3G), emergencyOnly=true, roaming=false, isDefault=false, dataActivity=, level=4, ca=false, mmWave=false, disabledDataIcon=false, simCard=ETC
10-27 14:31:01.528  1737  1942 D NetworkController: SignalStrength from intent slotId=1
10-27 14:31:01.696  1737  1942 D MobileStatusTracker(0/2): onSignalStrengthsChanged level=4, vendorLevel=3
10-27 14:31:01.700  1737  1942 D MobileSignalController(0/2): notifyListener: enabled=true, connected=true, dataConnected=true, networkType=LTE (4G), emergencyOnly=false, roaming=false, isDefault=false, dataActivity=, level=3, ca=false, mmWave=false, disabledDataIcon=false, simCard=ETC
10-27 14:31:01.701  1737  1942 D NetworkController: SignalStrength from intent slotId=0
10-27 14:31:01.771   963   963 E audit   : type=1400 audit(1761586261.769:1458502): avc:  denied  { write } for  pid=14180 comm="ThreadPoolForeg" name="traced_producer" dev="tmpfs" ino=11170 scontext=u:r:gmscore_app:s0:c512,c768 tcontext=u:object_r:traced_producer_socket:s0 tclass=sock_file permissive=0 SEPF_SM-A037M_12_0001 unfiltered
10-27 14:31:01.833  5209  5209 I Finsky  : [2] SCH: job service start with id 9086.
10-27 14:31:01.835  1187  1369 D PowerManagerService: UserActivityStateListenerState: 0
10-27 14:31:01.844  5209 13100 I Finsky  : [522] SCH: Satisfied jobs for 9086 are: 12-1
10-27 14:31:01.844  5209 13099 I Finsky  : [521] SCH: Job 12-1 starting
10-27 14:31:01.845  5209  5209 I Finsky  : [2] WM::SCH: Logging work start for 12-1
10-27 14:31:01.845  5209  5209 I Finsky  : [2] [ContentSync] job started
10-27 14:31:02.004  1187  4545 D InputDispatcher: Inject motion (13107/2000): action=0x0, time=2938005139000000, f=0x0, d=0 dsdx=1.000000 dtdx=0.000000
10-27 14:31:02.005  1187  1534 I InputDispatcher: Delivering touch to (1737): action: 0x4, f=0x0, d=0, 'd92b8ad', t=1 
10-27 14:31:02.005  1187  1534 I InputDispatcher: Delivering touch to (12901): action: 0x0, f=0x0, d=0, 'd26118d', t=1 
10-27 14:31:02.005  1187  1534 D PowerManagerService: [api] userActivityFromNative :  (event: 2 flags: 0 displayId: 0) eventTime = 2938005139
10-27 14:31:02.005 12901 12901 I ViewRootImpl@aff6157[MainActivity]: ViewPostIme pointer 0
10-27 14:31:02.006  1187  1303 I GestureDetector: obtain mCurrentDownEvent. id: -778477974 caller: com.android.server.wm.SystemGesturesPointerEventListener.onPointerEvent:203 com.android.server.wm.PointerEventDispatcher.onInputEvent:53 android.view.InputEventReceiver.dispatchInputEvent:285 
10-27 14:31:02.007  1187  1303 I GestureDetector: obtain mCurrentDownEvent. id: -778477974 caller: com.android.server.wm.SystemPerformancePointerEventListener.onPointerEvent:89 com.android.server.wm.PointerEventDispatcher.onInputEvent:53 android.view.InputEventReceiver.dispatchInputEvent:285 
10-27 14:31:02.008  1187  1534 D PowerManagerService: UserActivityStateListenerState: 1
10-27 14:31:02.011  1187  4545 D InputDispatcher: Inject motion (13107/2000): action=0x1, time=2938005139000000, f=0x0, d=0 dsdx=1.000000 dtdx=0.000000
10-27 14:31:02.011  1187  1534 I InputDispatcher: Delivering touch to (12901): action: 0x1, f=0x0, d=0, 'd26118d', t=1 
10-27 14:31:02.012 12901 12901 I ViewRootImpl@aff6157[MainActivity]: ViewPostIme pointer 1
10-27 14:31:02.012  1187  1303 I GestureDetector: obtain mCurrentMotionEventRaw. action: 1 id: -701048940
10-27 14:31:02.012  1187  1303 I GestureDetector: obtain mCurrentMotionEventRaw. action: 1 id: -701048940
10-27 14:31:02.027 11887 11948 I Finsky:background: [355] Stats for Executor: bgExecutor uek@21281ed[Running, pool size = 4, active threads = 0, queued tasks = 0, completed tasks = 22]
10-27 14:31:02.034 12901 12925 E IMGMapper: set:488 set: Unset optional value from type SMPTE2086
10-27 14:31:02.034 12901 12925 E IMGMapper: set:488 set: Unset optional value from type CTA861_3
10-27 14:31:02.040  1039  1039 I BufferQueueProducer: [com.cinemamovel/com.cinemamovel.MainActivity$_12901#596623](this:0xb400007a1f70e838,id:-1,api:0,p:-1,c:1039) queueBuffer: fps=15.65 dur=1980.58 max=1464.90 min=15.86
10-27 14:31:02.042   991   991 I hwcomposer: [HWCDisplay] [Display_0 (type:1)] fps:16.161173,dur:1980.05,max:1464.40,min:15.51  
10-27 14:31:02.066 12901 12925 E IMGMapper: set:488 set: Unset optional value from type SMPTE2086
10-27 14:31:02.066 12901 12925 E IMGMapper: set:488 set: Unset optional value from type CTA861_3
10-27 14:31:02.082 12901 12925 E IMGMapper: set:488 set: Unset optional value from type SMPTE2086
10-27 14:31:02.082 12901 12925 E IMGMapper: set:488 set: Unset optional value from type CTA861_3
10-27 14:31:02.100 12901 12901 W [RNScreens]: backTitleVisible prop is not available on Android
10-27 14:31:02.100 12901 12901 W [RNScreens]: backTitleFontFamily prop is not available on Android
10-27 14:31:02.100 12901 12901 W [RNScreens]: disableBackButtonMenu prop is not available on Android
10-27 14:31:02.100 12901 12901 W [RNScreens]: largeTitleFontFamily prop is not available on Android
10-27 14:31:02.100 12901 12901 W [RNScreens]: largeTitleFontWeight prop is not available on Android
10-27 14:31:02.100 12901 12901 W [RNScreens]: largeTitleHideShadow prop is not available on Android
10-27 14:31:02.110 12901 12925 E IMGMapper: set:488 set: Unset optional value from type SMPTE2086
10-27 14:31:02.110 12901 12925 E IMGMapper: set:488 set: Unset optional value from type CTA861_3
10-27 14:31:02.131 12901 12925 E IMGMapper: set:488 set: Unset optional value from type SMPTE2086
10-27 14:31:02.131 12901 12925 E IMGMapper: set:488 set: Unset optional value from type CTA861_3
10-27 14:31:02.177 12901 12925 E IMGMapper: set:488 set: Unset optional value from type SMPTE2086
10-27 14:31:02.177 12901 12925 E IMGMapper: set:488 set: Unset optional value from type CTA861_3
10-27 14:31:02.188 12901 12925 E IMGMapper: set:488 set: Unset optional value from type SMPTE2086
10-27 14:31:02.188 12901 12925 E IMGMapper: set:488 set: Unset optional value from type CTA861_3
10-27 14:31:02.204 11887 11948 I Finsky:background: [355] Stats for Executor: LightweightExecutor uek@fc5b822[Running, pool size = 4, active threads = 0, queued tasks = 0, completed tasks = 18]
10-27 14:31:02.210 12901 12925 E IMGMapper: set:488 set: Unset optional value from type SMPTE2086
10-27 14:31:02.210 12901 12925 E IMGMapper: set:488 set: Unset optional value from type CTA861_3
10-27 14:31:02.228 12901 12925 E IMGMapper: set:488 set: Unset optional value from type SMPTE2086
10-27 14:31:02.228 12901 12925 E IMGMapper: set:488 set: Unset optional value from type CTA861_3
10-27 14:31:02.250 12901 12901 D ScrollView: initGoToTop
10-27 14:31:02.295 12901 12925 E IMGMapper: set:488 set: Unset optional value from type SMPTE2086
10-27 14:31:02.295 12901 12925 E IMGMapper: set:488 set: Unset optional value from type CTA861_3
10-27 14:31:02.306  1187  1187 I GestureDetector: handleMessage TAP
10-27 14:31:02.307  1187  1303 I GestureDetector: handleMessage TAP
10-27 14:31:02.307 12901 12925 E IMGMapper: set:488 set: Unset optional value from type SMPTE2086
10-27 14:31:02.307 12901 12925 E IMGMapper: set:488 set: Unset optional value from type CTA861_3
10-27 14:31:02.326 12901 12925 E IMGMapper: set:488 set: Unset optional value from type SMPTE2086
10-27 14:31:02.327 12901 12925 E IMGMapper: set:488 set: Unset optional value from type CTA861_3
10-27 14:31:02.339 12901 12925 E IMGMapper: set:488 set: Unset optional value from type SMPTE2086
10-27 14:31:02.339 12901 12925 E IMGMapper: set:488 set: Unset optional value from type CTA861_3
10-27 14:31:02.362 12901 12925 E IMGMapper: set:488 set: Unset optional value from type SMPTE2086
10-27 14:31:02.362 12901 12925 E IMGMapper: set:488 set: Unset optional value from type CTA861_3
10-27 14:31:02.377 12901 12925 E IMGMapper: set:488 set: Unset optional value from type SMPTE2086
10-27 14:31:02.378 12901 12925 E IMGMapper: set:488 set: Unset optional value from type CTA861_3
10-27 14:31:02.390 12901 12925 E IMGMapper: set:488 set: Unset optional value from type SMPTE2086
10-27 14:31:02.390 12901 12925 E IMGMapper: set:488 set: Unset optional value from type CTA861_3
10-27 14:31:02.408 12901 12925 E IMGMapper: set:488 set: Unset optional value from type SMPTE2086
10-27 14:31:02.408 12901 12925 E IMGMapper: set:488 set: Unset optional value from type CTA861_3
10-27 14:31:02.424 12901 12925 E IMGMapper: set:488 set: Unset optional value from type SMPTE2086
10-27 14:31:02.425 12901 12925 E IMGMapper: set:488 set: Unset optional value from type CTA861_3
10-27 14:31:02.439 12901 12925 E IMGMapper: set:488 set: Unset optional value from type SMPTE2086
10-27 14:31:02.440 12901 12925 E IMGMapper: set:488 set: Unset optional value from type CTA861_3
10-27 14:31:02.457 12901 12925 E IMGMapper: set:488 set: Unset optional value from type SMPTE2086
10-27 14:31:02.457 12901 12925 E IMGMapper: set:488 set: Unset optional value from type CTA861_3
10-27 14:31:02.472 12901 12925 E IMGMapper: set:488 set: Unset optional value from type SMPTE2086
10-27 14:31:02.472 12901 12925 E IMGMapper: set:488 set: Unset optional value from type CTA861_3
10-27 14:31:02.494 12901 12925 E IMGMapper: set:488 set: Unset optional value from type SMPTE2086
10-27 14:31:02.495 12901 12925 E IMGMapper: set:488 set: Unset optional value from type CTA861_3
10-27 14:31:02.517 12901 12925 E IMGMapper: set:488 set: Unset optional value from type SMPTE2086
10-27 14:31:02.517 12901 12925 E IMGMapper: set:488 set: Unset optional value from type CTA861_3
10-27 14:31:02.534 12901 12925 E IMGMapper: set:488 set: Unset optional value from type SMPTE2086
10-27 14:31:02.534 12901 12925 E IMGMapper: set:488 set: Unset optional value from type CTA861_3
10-27 14:31:02.548 12901 12925 E IMGMapper: set:488 set: Unset optional value from type SMPTE2086
10-27 14:31:02.549 12901 12925 E IMGMapper: set:488 set: Unset optional value from type CTA861_3
10-27 14:31:02.561 12901 12925 E IMGMapper: set:488 set: Unset optional value from type SMPTE2086
10-27 14:31:02.561 12901 12925 E IMGMapper: set:488 set: Unset optional value from type CTA861_3
10-27 14:31:02.567 11887 11948 I Finsky:background: [355] Stats for Executor: BlockingExecutor uek@195f2b3[Running, pool size = 3, active threads = 0, queued tasks = 0, completed tasks = 5]
10-27 14:31:02.573 12901 12925 E IMGMapper: set:488 set: Unset optional value from type SMPTE2086
10-27 14:31:02.574 12901 12925 E IMGMapper: set:488 set: Unset optional value from type CTA861_3
10-27 14:31:02.588 12901 12925 E IMGMapper: set:488 set: Unset optional value from type SMPTE2086
10-27 14:31:02.588 12901 12925 E IMGMapper: set:488 set: Unset optional value from type CTA861_3
10-27 14:31:02.608 12901 12925 E IMGMapper: set:488 set: Unset optional value from type SMPTE2086
10-27 14:31:02.609 12901 12925 E IMGMapper: set:488 set: Unset optional value from type CTA861_3
10-27 14:31:02.622 12901 12925 E IMGMapper: set:488 set: Unset optional value from type SMPTE2086
10-27 14:31:02.622 12901 12925 E IMGMapper: set:488 set: Unset optional value from type CTA861_3
10-27 14:31:02.636 12901 12925 E IMGMapper: set:488 set: Unset optional value from type SMPTE2086
10-27 14:31:02.636 12901 12925 E IMGMapper: set:488 set: Unset optional value from type CTA861_3
10-27 14:31:02.652 12901 12925 E IMGMapper: set:488 set: Unset optional value from type SMPTE2086
10-27 14:31:02.653 12901 12925 E IMGMapper: set:488 set: Unset optional value from type CTA861_3
10-27 14:31:02.684  5209  5209 W Finsky  : [2] STU: Failed to get storage stats for package 'com.google.mainline.primary.libs' (1601: Error getting stats: android.content.pm.PackageManager.NameNotFoundException)
10-27 14:31:02.970  1737  1942 D MobileStatusTracker(0/2): onSignalStrengthsChanged level=3, vendorLevel=3
10-27 14:31:02.973  1737  1942 D MobileSignalController(0/2): notifyListener: enabled=true, connected=true, dataConnected=true, networkType=LTE (4G), emergencyOnly=false, roaming=false, isDefault=false, dataActivity=, level=3, ca=false, mmWave=false, disabledDataIcon=false, simCard=ETC
10-27 14:31:02.974  1737  1942 D NetworkController: SignalStrength from intent slotId=0
10-27 14:31:03.155   543   543 D io_stats: !@ 179,0 r 549013343 6638776758 w 95423143 1011210080 d 1259547 33790672 f 0 0 iot 275096500 0 th 0 0 0 pt 0 inp 0 0 2938006.290
10-27 14:31:03.272  1205  1205 I thermal_repeater: socket -1
10-27 14:31:03.306  5209  5209 W Finsky  : [2] STU: Failed to get storage stats for package 'com.google.android.appsearch' (1601: Error getting stats: android.content.pm.PackageManager.NameNotFoundException)
10-27 14:31:03.326  5209  5209 W Finsky  : [2] STU: Failed to get storage stats for package 'com.google.android.art' (1601: Error getting stats: android.content.pm.PackageManager.NameNotFoundException)
10-27 14:31:03.526  5209  5209 W Finsky  : [2] STU: Failed to get storage stats for package 'com.google.android.mediaprovider' (1601: Error getting stats: android.content.pm.PackageManager.NameNotFoundException)
10-27 14:31:03.588  5209  5209 W Finsky  : [2] STU: Failed to get storage stats for package 'com.google.android.resolv' (1601: Error getting stats: android.content.pm.PackageManager.NameNotFoundException)
10-27 14:31:03.618  5209  5209 W Finsky  : [2] STU: Failed to get storage stats for package 'com.google.android.media' (1601: Error getting stats: android.content.pm.PackageManager.NameNotFoundException)
10-27 14:31:03.784  5209  5209 W Finsky  : [2] STU: Failed to get storage stats for package 'com.google.android.sdkext' (1601: Error getting stats: android.content.pm.PackageManager.NameNotFoundException)
10-27 14:31:03.801  5209  5209 W Finsky  : [2] STU: Failed to get storage stats for package 'com.google.android.adservices' (1601: Error getting stats: android.content.pm.PackageManager.NameNotFoundException)
10-27 14:31:03.803  5209  5209 W Finsky  : [2] STU: Failed to get storage stats for package 'com.google.android.tethering' (1601: Error getting stats: android.content.pm.PackageManager.NameNotFoundException)
10-27 14:31:03.983  5209  5209 W Finsky  : [2] STU: Failed to get storage stats for package 'com.google.android.cellbroadcast' (1601: Error getting stats: android.content.pm.PackageManager.NameNotFoundException)
10-27 14:31:04.081  1693  1693 I WifiHAL : Get link layer stats
10-27 14:31:04.081  1693  1693 I WifiHAL : GetLinkStatsCommand::create
10-27 14:31:04.081  1693  1693 D android.hardware.wifi@1.0-service-lazy: WifiRequest::create vendor command to iface 38, vendor_id=0x1a11, subcmd=0x1200, res=0
10-27 14:31:04.081  1693  1693 I android.hardware.wifi@1.0-service-lazy: WifiCommand::requestResponse err=-95
10-27 14:31:04.081  1693  1693 I WifiHAL : wifi_get_link_stats: result=-3
10-27 14:31:04.082  1187  1566 E WifiVendorHal: getWifiLinkLayerStats_1_5_Internal(l.1179) failed {.code = ERROR_NOT_SUPPORTED, .description = }
10-27 14:31:04.086  1187 22074 D SemWifiUsabilityStatsMonitor: onWifiUsabilityStats - seqNum 33776, isSameBssidAndFreq true
10-27 14:31:04.087  1187  1645 I SemWifiLinkQualityMonitor: Link Qos query: inf. ms / 0 Mbps
10-27 14:31:04.247  1737  1942 D MobileStatusTracker(0/2): onSignalStrengthsChanged level=3, vendorLevel=3
10-27 14:31:04.250  1737  1942 D MobileSignalController(0/2): notifyListener: enabled=true, connected=true, dataConnected=true, networkType=LTE (4G), emergencyOnly=false, roaming=false, isDefault=false, dataActivity=, level=3, ca=false, mmWave=false, disabledDataIcon=false, simCard=ETC
10-27 14:31:04.252  1737  1942 D NetworkController: SignalStrength from intent slotId=0
10-27 14:31:04.354  5209  5209 W Finsky  : [2] STU: Failed to get storage stats for package 'com.google.android.tzdata4' (1601: Error getting stats: android.content.pm.PackageManager.NameNotFoundException)
10-27 14:31:04.403  5209  5209 W Finsky  : [2] STU: Failed to get storage stats for package 'com.google.android.permission' (1601: Error getting stats: android.content.pm.PackageManager.NameNotFoundException)
10-27 14:31:04.656  1187  1351 D BatteryExternalStatsWorker: update stats : procstate-change (10)
10-27 14:31:04.656  1187  1351 D BatteryExternalStatsWorker: Update Rail Energy data
10-27 14:31:04.657  1187  1351 D BatteryExternalStatsWorker: Fetch Bluetooth data
10-27 14:31:04.663  1187  3235 W BatteryExternalStatsWorker: error reading Bluetooth stats: 11
10-27 14:31:04.663  1187  1351 D BatteryExternalStatsWorker: mStats lock released
10-27 14:31:04.663  1187  1351 D BatteryExternalStatsWorker: done updateExternalStatsLocked
10-27 14:31:04.815  1187  1486 D SensorService: [SO] -0.503 1.629 9.855
10-27 14:31:04.842  5209  5209 W Finsky  : [2] STU: Failed to get storage stats for package 'com.google.android.media.swcodec' (1601: Error getting stats: android.content.pm.PackageManager.NameNotFoundException)
10-27 14:31:05.009  1187  1369 D PowerManagerService: UserActivityStateListenerState: 0
10-27 14:31:05.072  1187  1563 D ApplicationPolicy: isStatusBarNotificationAllowedAsUser: packageName = android,userId = 0
10-27 14:31:05.073  1187  1563 D ApplicationPolicy: isStatusBarNotificationAllowedAsUser: packageName = android,userId = -1
10-27 14:31:05.074  1187  1563 D ApplicationPolicy: isStatusBarNotificationAllowedAsUser: converting userId from USER_ALLto 0
10-27 14:31:05.100  5209  5209 W Finsky  : [2] STU: Failed to get storage stats for package 'com.google.android.adbd' (1601: Error getting stats: android.content.pm.PackageManager.NameNotFoundException)
10-27 14:31:05.138  5209  5209 W Finsky  : [2] STU: Failed to get storage stats for package 'com.google.android.conscrypt' (1601: Error getting stats: android.content.pm.PackageManager.NameNotFoundException)
10-27 14:31:05.157   543   543 D io_stats: !@ 179,0 r 549013344 6638776762 w 95423153 1011210232 d 1259547 33790672 f 0 0 iot 275096528 0 th 0 0 0 pt 0 inp 0 1 2938008.292
10-27 14:31:05.183  1711  2363 D PhoneInterfaceManager: setDataEnabledForReason() Reason=1 Pid=1187 App=system
10-27 14:31:05.185  1711  2363 D PhoneInterfaceManager: setDataEnabledForReason() Reason=1 Pid=1187 App=system
10-27 14:31:05.218  1737  1737 D SecPowerUI.Notification: showChargingNotice oldChargingType : 11 / currentChargingType : 11, oldChargingTime : 0 / mChargingTime : 0
10-27 14:31:05.218  1737  1737 D SecPowerUI.Notification: There is no change about charging status, so return!
10-27 14:31:05.219  5209  5209 W Finsky  : [2] STU: Failed to get storage stats for package 'com.google.android.neuralnetworks' (1601: Error getting stats: android.content.pm.PackageManager.NameNotFoundException)
10-27 14:31:05.272  5209  5209 W Finsky  : [2] STU: Failed to get storage stats for package 'com.google.android.ipsec' (1601: Error getting stats: android.content.pm.PackageManager.NameNotFoundException)
10-27 14:31:05.278  1187  1187 I Telecom:SamsungTelecomServiceImpl: isInManagedCall - callingPackage : android
10-27 14:31:05.284  1187  1187 D EdgeLightingManager: isCallingUserSupported : callingUserId=-1, mUserId=0, isDualAppId=false, isKnoxId=false
10-27 14:31:05.284  1187  1187 D EdgeLightingManager: showForNotification : isInteractive=true, isHeadUp=true, color=0, canBypassDnd=false, sbn = StatusBarNotification(pkg=android user=UserHandle{-1} id=34 tag=NetworkPolicy:-2067496396:34 key=-1|android|34|NetworkPolicy:-2067496396:34|1000: Notification(channel=NETWORK_ALERTS shortcut=null contentView=null vibrate=null sound=null tick defaults=0x0 flags=0xa color=0xff888fa2 actions=1 vis=PRIVATE semFlags=0x0 semPriority=0 semMissedCount=0))
10-27 14:31:05.284  1187  1187 D EdgeLightingClientManager: isAvailableEdgeLighting: condition=1 mCondition=1 mIsConnected=false0
10-27 14:31:05.284  1187  1187 D EdgeLightingPolicyManager: isAcceptableApplication:  pkg=android , range=256 , includeAllApp=false , userId=-1 , infoRange=0 , infoCategory=0
10-27 14:31:05.284  1187  1187 W CoverManager: getCoverState : This device is not supported cover
10-27 14:31:05.284  1187  1187 D EdgeLightingPolicyManager: putNotification tickerText:true,titleText:true,text:true,sub:falsecn= + null
10-27 14:31:05.284  1187  1187 D EdgeLightingPolicyManager.NotificationGroup: Remove previous child data. -1|android|34|NetworkPolicy:-2067496396:34|1000
10-27 14:31:05.284  1187  1187 D EdgeLightingPolicyManager.NotificationGroup: group key = 0|com.android.phone|g:VOICE_MAIL_GROUP_KEY ,value= summary : null , child : 1key = 0|com.android.phone|3|null|1001 , value =  NotificationData { tag= null } , } 
10-27 14:31:05.285  1187  1187 D EdgeLightingPolicyManager.NotificationGroup: group key = -1|android|34|NetworkPolicy:-2067496396:34|1000 ,value= summary : null , child : 1key = -1|android|34|NetworkPolicy:-2067496396:34|1000 , value =  NotificationData { tag= NetworkPolicy:-2067496396:34 } , } 
10-27 14:31:05.285  1187  1187 D EdgeLightingPolicyManager.NotificationGroup: group key = 0|com.ubercab|18|null|10253 ,value= summary : null , child : 1key = 0|com.ubercab|18|null|10253 , value =  NotificationData { tag= null } , } 
10-27 14:31:05.285  1187  1187 D EdgeLightingPolicyManager.NotificationGroup: group key = 0|com.discord|g:GROUP_MESSAGE_CREATE ,value= summary : null , child : 1key = 0|com.discord|0|MESSAGE_CREATE1213178748166479923|10255 , value =  NotificationData { tag= MESSAGE_CREATE1213178748166479923 } , } 
10-27 14:31:05.285  1187  1187 I EdgeLightingManager: showForNotificationScreenOn Alert once notification. sbn: StatusBarNotification(pkg=android user=UserHandle{-1} id=34 tag=NetworkPolicy:-2067496396:34 key=-1|android|34|NetworkPolicy:-2067496396:34|1000: Notification(channel=NETWORK_ALERTS shortcut=null contentView=null vibrate=null sound=null tick defaults=0x0 flags=0xa color=0xff888fa2 actions=1 vis=PRIVATE semFlags=0x0 semPriority=0 semMissedCount=0))
10-27 14:31:05.288  1737  1737 D BubblesManager: onEntryUpdated : shouldBubbleUp=false ,key=-1|android|34|NetworkPolicy:-2067496396:34|1000
10-27 14:31:05.289  1737  1737 D InterruptionStateProvider:  no Heads up : edgelighting enabled app. -1|android|34|NetworkPolicy:-2067496396:34|1000
10-27 14:31:05.291  2144  2144 I Launcher.NotificationListener: onNotificationPosted : android number : 0
10-27 14:31:05.294  3391  3391 I Edge.badge: updateBadge item = android:-1 1
10-27 14:31:05.312  1737  1737 I FaceWidgetPositionAlgorithm: getClockContainerHeight() supplier = 193, bottom margin = 0, real height = 238
10-27 14:31:05.314  1737  1737 I FaceWidgetPositionAlgorithm: getClockContainerHeight() supplier = 193, bottom margin = 45, real height = 238
10-27 14:31:05.314  1737  1737 I FaceWidgetPositionAlgorithm: getMediaContainerHeight() height = 326 container Visibility = 8, isValid = false, mIsDozing = false, fraction = 1.0, source = 0, target = 0
10-27 14:31:05.314  1737  1737 I FaceWidgetPositionAlgorithm: getMediaContainerHeight() supplier = 0
10-27 14:31:05.323  1737  1796 E IMGMapper: set:488 set: Unset optional value from type SMPTE2086
10-27 14:31:05.323  1737  1796 E IMGMapper: set:488 set: Unset optional value from type CTA861_3
10-27 14:31:05.334  5209  5209 W Finsky  : [2] STU: Failed to get storage stats for package 'com.google.android.ondevicepersonalization' (1601: Error getting stats: android.content.pm.PackageManager.NameNotFoundException)
10-27 14:31:05.335  1039  1039 I BufferQueueProducer: [StatusBar$_1737#534029](this:0xb400007a1f0ca838,id:-1,api:0,p:-1,c:1039) queueBuffer: fps=0.19 dur=5259.39 max=5259.39 min=5259.39
10-27 14:31:05.338   991   991 I hwcomposer: [HWCDisplay] [Display_0 (type:1)] fps:9.708826,dur:3295.97,max:2663.29,min:15.66  
10-27 14:31:05.380  1737  1737 I FaceWidgetPositionAlgorithm: getClockContainerHeight() supplier = 193, bottom margin = 0, real height = 238
10-27 14:31:05.382  1737  1737 I FaceWidgetPositionAlgorithm: getClockContainerHeight() supplier = 193, bottom margin = 45, real height = 238
10-27 14:31:05.382  1737  1737 I FaceWidgetPositionAlgorithm: getMediaContainerHeight() height = 326 container Visibility = 8, isValid = false, mIsDozing = false, fraction = 1.0, source = 0, target = 0
10-27 14:31:05.383  1737  1737 I FaceWidgetPositionAlgorithm: getMediaContainerHeight() supplier = 0
10-27 14:31:05.434  1737  1737 I FaceWidgetPositionAlgorithm: getClockContainerHeight() supplier = 193, bottom margin = 0, real height = 238
10-27 14:31:05.435  1737  1737 I FaceWidgetPositionAlgorithm: getClockContainerHeight() supplier = 193, bottom margin = 45, real height = 238
10-27 14:31:05.435  1737  1737 I FaceWidgetPositionAlgorithm: getMediaContainerHeight() height = 326 container Visibility = 8, isValid = false, mIsDozing = false, fraction = 1.0, source = 0, target = 0
10-27 14:31:05.435  1737  1737 I FaceWidgetPositionAlgorithm: getMediaContainerHeight() supplier = 0
10-27 14:31:05.443  1737  1796 E IMGMapper: set:488 set: Unset optional value from type SMPTE2086
10-27 14:31:05.443  1737  1796 E IMGMapper: set:488 set: Unset optional value from type CTA861_3
10-27 14:31:05.445  5209  5209 W Finsky  : [2] STU: Failed to get storage stats for package 'com.google.android.extservices' (1601: Error getting stats: android.content.pm.PackageManager.NameNotFoundException)
10-27 14:31:05.472 12094 12230 I SCS@AiSearch user 0: (JobServiceLoggingWorker) [androidx.work-1] entering in doWork():  
10-27 14:31:05.474 12094 12230 I SCS@AiSearch user 0: (JobServiceLoggingWorker) JobService Information:
10-27 14:31:05.474 12094 12230 I SCS@AiSearch user 0: JobId = 569526, WorkId = ec8f32fb-3ee5-4dde-89a0-973157b8a363, triggerUri = content://media/external/file
10-27 14:31:05.474 12094 12230 I SCS@AiSearch user 0: JobId = 569529, WorkId = 020b50b8-6e4f-40cd-9684-a1a693a59367, triggerUri = content://com.android.calendar/syncTasks
10-27 14:31:05.474 12094 12230 I SCS@AiSearch user 0: JobId = 569521, WorkId = e6f323b7-a347-4ad6-9114-5f7e2da9c54b, triggerUri = content://com.android.contacts/contacts
10-27 14:31:05.474 12094 12230 I SCS@AiSearch user 0: JobId = 569524, WorkId = 16a83309-fce0-4f44-b36c-844535579cad, triggerUri = content://com.samsung.android.app.reminder
10-27 14:31:05.474 12094 12230 I SCS@AiSearch user 0: JobId = 569520, WorkId = 38be99cc-9f98-44bd-877a-113b71dbd4fd, triggerUri = content://call_log
10-27 14:31:05.474 12094 12230 I SCS@AiSearch user 0: JobId = 569530, WorkId = a75ded20-f4d9-4dba-b200-50a094d51c09, triggerUri = content://com.android.calendar/events
10-27 14:31:05.475 12094 12230 I SCS@AiSearch user 0: (JobServiceLoggingWorker) [androidx.work-1] leaving from doWork():  
10-27 14:31:05.476 12094 12134 I WM-WorkerWrapper: Worker result SUCCESS for Work [ id=2215d544-4b61-4c59-8fad-297ce72a7102, tags={ com.samsung.android.scs.ai.search.scheduling.workers.JobServiceLoggingWorker, JobServiceLoggingWorker } ]
10-27 14:31:05.521  5209  5209 W Finsky  : [2] STU: Failed to get storage stats for package 'com.google.android.os.statsd' (1601: Error getting stats: android.content.pm.PackageManager.NameNotFoundException)
10-27 14:31:05.529  1737  1942 D MobileStatusTracker(0/2): onSignalStrengthsChanged level=3, vendorLevel=3
10-27 14:31:05.531  1737  1942 D MobileSignalController(0/2): notifyListener: enabled=true, connected=true, dataConnected=true, networkType=LTE (4G), emergencyOnly=false, roaming=false, isDefault=false, dataActivity=, level=3, ca=false, mmWave=false, disabledDataIcon=false, simCard=ETC
10-27 14:31:05.532  1737  1942 D NetworkController: SignalStrength from intent slotId=0
10-27 14:31:05.638  5209  5209 W Finsky  : [2] STU: Failed to get storage stats for package 'com.google.android.scheduling' (1601: Error getting stats: android.content.pm.PackageManager.NameNotFoundException)
10-27 14:31:05.671  5209  5209 I Finsky  : [2] App states replicator found 55 unowned apps
10-27 14:31:05.771 14180 20833 E AuthPII : [RequestTokenManager] getToken() -> BAD_AUTHENTICATION. App: com.android.vending, Service: oauth2:https://www.googleapis.com/auth/googleplay
10-27 14:31:05.771 14180 20833 E AuthPII : bbix: Long live credential not available.
10-27 14:31:05.771 14180 20833 E AuthPII : 	at aeek.a(:com.google.android.gms@254131029@25.41.31 (190400-820295184):1289)
10-27 14:31:05.771 14180 20833 E AuthPII : 	at aeeq.b(:com.google.android.gms@254131029@25.41.31 (190400-820295184):28)
10-27 14:31:05.771 14180 20833 E AuthPII : 	at aeeo.a(:com.google.android.gms@254131029@25.41.31 (190400-820295184):537)
10-27 14:31:05.771 14180 20833 E AuthPII : 	at aeen.b(:com.google.android.gms@254131029@25.41.31 (190400-820295184):141)
10-27 14:31:05.771 14180 20833 E AuthPII : 	at xoe.d(:com.google.android.gms@254131029@25.41.31 (190400-820295184):620)
10-27 14:31:05.771 14180 20833 E AuthPII : 	at adxu.getAuthToken(:com.google.android.gms@254131029@25.41.31 (190400-820295184):412)
10-27 14:31:05.771 14180 20833 E AuthPII : 	at android.accounts.AbstractAccountAuthenticator$Transport.getAuthToken(AbstractAccountAuthenticator.java:246)
10-27 14:31:05.771 14180 20833 E AuthPII : 	at android.accounts.IAccountAuthenticator$Stub.onTransact(IAccountAuthenticator.java:242)
10-27 14:31:05.771 14180 20833 E AuthPII : 	at android.os.Binder.transact(Binder.java:1200)
10-27 14:31:05.771 14180 20833 E AuthPII : 	at cdzj.onTransact(:com.google.android.gms@254131029@25.41.31 (190400-820295184):10)
10-27 14:31:05.771 14180 20833 E AuthPII : 	at android.os.Binder.transact(Binder.java:1200)
10-27 14:31:05.771 14180 20833 E AuthPII : 	at btib.onTransact(:com.google.android.gms@254131029@25.41.31 (190400-820295184):161)
10-27 14:31:05.771 14180 20833 E AuthPII : 	at android.os.Binder.execTransactInternal(Binder.java:1321)
10-27 14:31:05.771 14180 20833 E AuthPII : 	at android.os.Binder.execTransact(Binder.java:1280)
10-27 14:31:05.772 14180 20833 E AuthPII : Message is Long live credential not available.
10-27 14:31:05.772 14180 20833 E AuthPII : bbix: Long live credential not available.
10-27 14:31:05.772 14180 20833 E AuthPII : 	at aeek.a(:com.google.android.gms@254131029@25.41.31 (190400-820295184):1289)
10-27 14:31:05.772 14180 20833 E AuthPII : 	at aeeq.b(:com.google.android.gms@254131029@25.41.31 (190400-820295184):28)
10-27 14:31:05.772 14180 20833 E AuthPII : 	at aeeo.a(:com.google.android.gms@254131029@25.41.31 (190400-820295184):537)
10-27 14:31:05.772 14180 20833 E AuthPII : 	at aeen.b(:com.google.android.gms@254131029@25.41.31 (190400-820295184):141)
10-27 14:31:05.772 14180 20833 E AuthPII : 	at xoe.d(:com.google.android.gms@254131029@25.41.31 (190400-820295184):620)
10-27 14:31:05.772 14180 20833 E AuthPII : 	at adxu.getAuthToken(:com.google.android.gms@254131029@25.41.31 (190400-820295184):412)
10-27 14:31:05.772 14180 20833 E AuthPII : 	at android.accounts.AbstractAccountAuthenticator$Transport.getAuthToken(AbstractAccountAuthenticator.java:246)
10-27 14:31:05.772 14180 20833 E AuthPII : 	at android.accounts.IAccountAuthenticator$Stub.onTransact(IAccountAuthenticator.java:242)
10-27 14:31:05.772 14180 20833 E AuthPII : 	at android.os.Binder.transact(Binder.java:1200)
10-27 14:31:05.772 14180 20833 E AuthPII : 	at cdzj.onTransact(:com.google.android.gms@254131029@25.41.31 (190400-820295184):10)
10-27 14:31:05.772 14180 20833 E AuthPII : 	at android.os.Binder.transact(Binder.java:1200)
10-27 14:31:05.772 14180 20833 E AuthPII : 	at btib.onTransact(:com.google.android.gms@254131029@25.41.31 (190400-820295184):161)
10-27 14:31:05.772 14180 20833 E AuthPII : 	at android.os.Binder.execTransactInternal(Binder.java:1321)
10-27 14:31:05.772 14180 20833 E AuthPII : 	at android.os.Binder.execTransact(Binder.java:1280)
10-27 14:31:05.808 14180 20833 I Auth    : (REDACTED) [GetToken] GetToken failed for app=%s with userRecoverable status: %s 
10-27 14:31:05.809 14180 20833 W Auth    : [ChimeraGetToken] exception while trying to fetch auth tokens for app=com.google.android.gms, scope=oauth2:https://www.googleapis.com/auth/googleplay [CONTEXT service_id=153 ]
10-27 14:31:05.809 14180 20833 W Auth    : aeej: GetToken failed with status code and recovery intent: BadAuthentication
10-27 14:31:05.809 14180 20833 W Auth    : 	at aeen.b(:com.google.android.gms@254131029@25.41.31 (190400-820295184):338)
10-27 14:31:05.809 14180 20833 W Auth    : 	at xoe.d(:com.google.android.gms@254131029@25.41.31 (190400-820295184):620)
10-27 14:31:05.809 14180 20833 W Auth    : 	at adxu.getAuthToken(:com.google.android.gms@254131029@25.41.31 (190400-820295184):412)
10-27 14:31:05.809 14180 20833 W Auth    : 	at android.accounts.AbstractAccountAuthenticator$Transport.getAuthToken(AbstractAccountAuthenticator.java:246)
10-27 14:31:05.809 14180 20833 W Auth    : 	at android.accounts.IAccountAuthenticator$Stub.onTransact(IAccountAuthenticator.java:242)
10-27 14:31:05.809 14180 20833 W Auth    : 	at android.os.Binder.transact(Binder.java:1200)
10-27 14:31:05.809 14180 20833 W Auth    : 	at cdzj.onTransact(:com.google.android.gms@254131029@25.41.31 (190400-820295184):10)
10-27 14:31:05.809 14180 20833 W Auth    : 	at android.os.Binder.transact(Binder.java:1200)
10-27 14:31:05.809 14180 20833 W Auth    : 	at btib.onTransact(:com.google.android.gms@254131029@25.41.31 (190400-820295184):161)
10-27 14:31:05.809 14180 20833 W Auth    : 	at android.os.Binder.execTransactInternal(Binder.java:1321)
10-27 14:31:05.809 14180 20833 W Auth    : 	at android.os.Binder.execTransact(Binder.java:1280)
10-27 14:31:05.810 14180 20833 W GLSActivity: [GmsAccountAuthenticatorImpl] error status while fetching token:BadAuthentication
10-27 14:31:05.825  5209 13101 I Finsky  : [523] Completed 1 account content syncs with 0 successful.
10-27 14:31:05.825  5209  5209 I Finsky  : [2] [ContentSync] Installation state replication failed, parameters=Id: 12-1, CT: 1761586226856, Constraints: [{ L: 20000, D: 86400000, C: CHARGING_NONE, I: IDLE_NONE, N: NET_ANY, B: BATTERY_ANY }].
10-27 14:31:05.826  5209  5209 I Finsky  : [2] [ContentSync] Scheduling replication attempt 1.
10-27 14:31:05.826  5209  5209 I Finsky  : [2] SCH: jobFinished: 12-1. TimeElapsed: 3981ms.
10-27 14:31:05.826  5209  5209 I Finsky  : [2] WM::SCH: Logging work end for 12-1
10-27 14:31:05.830  5209 13100 I Finsky  : [522] SCH: Attempting to reschedule job: Id: 12-1, Constraints: [{ L: 40000, D: 86400000, C: CHARGING_NONE, I: IDLE_NONE, N: NET_ANY, B: BATTERY_ANY }]
10-27 14:31:05.840  5209  5246 I Finsky  : [374] SCH: Scheduling phonesky job Id: 1-1337, CT: 1761569183462, Constraints: [{ L: 43180119, D: 86380119, C: CHARGING_NONE, I: IDLE_NONE, N: NET_ANY, B: BATTERY_ANY }]
10-27 14:31:05.840  5209  5246 I Finsky  : [374] SCH: Scheduling phonesky job Id: 34-3144, CT: 1761526015654, Constraints: [{ L: 604800000, D: 2491388403, C: CHARGING_NONE, I: IDLE_NONE, N: NET_ANY, B: BATTERY_ANY }]
10-27 14:31:05.841  5209  5246 I Finsky  : [374] SCH: Scheduling phonesky job Id: 34-3148, CT: 1761526015655, Constraints: [{ L: 604800000, D: 2570602215, C: CHARGING_NONE, I: IDLE_NONE, N: NET_ANY, B: BATTERY_ANY }]
10-27 14:31:05.841  5209  5246 I Finsky  : [374] SCH: Scheduling phonesky job Id: 34-3151, CT: 1761583818505, Constraints: [{ L: 79199381, D: 1375199381, C: CHARGING_NONE, I: IDLE_NONE, N: NET_ANY, B: BATTERY_ANY }]
10-27 14:31:05.841  5209  5246 I Finsky  : [374] SCH: Scheduling phonesky job Id: 34-3152, CT: 1761583819625, Constraints: [{ L: 604800000, D: 2591999340, C: CHARGING_NONE, I: IDLE_NONE, N: NET_ANY, B: BATTERY_ANY }]
10-27 14:31:05.849  5209  5253 I Finsky  : [381] SCH: Scheduling 1 system job(s)
10-27 14:31:05.850  5209  5253 I Finsky  : [381] SCH: Scheduling system job Id: 9092, L: 26097732, D: 69297732, C: false, I: false, N: 1
10-27 14:31:05.858  5209 13099 I Finsky  : [521] SCH: job service finished with id 9086.
10-27 14:31:05.916  5209  5243 I Finsky  : [371] WM::SCH: Logging work initialize for 12-1
10-27 14:31:05.926  5209  5254 I Finsky  : [382] SCH: Scheduling phonesky job Id: 12-1, CT: 1761586265831, Constraints: [{ L: 40000, D: 86400000, C: CHARGING_NONE, I: IDLE_NONE, N: NET_ANY, B: BATTERY_ANY }]
10-27 14:31:05.931  5209  5253 I Finsky  : [381] SCH: Scheduling 1 system job(s)
10-27 14:31:05.932  5209  5253 I Finsky  : [381] SCH: Scheduling system job Id: 9092, L: 39900, D: 69297650, C: false, I: false, N: 1
10-27 14:31:06.007  1187  1663 D WifiConnectivityMonitor.NetworkStatsAnalyzer: Backhaul result - RSSI:-48, CE:15, PE:15, TI:17, PTI:17, TW:1, PTW:3, Tx:4312, Rx:1897, TxS:4306, RxS:1894, RESULT:true, IC:0, ICT:5, WC:0, WCT:5, R:0, RC:0, IE:0, EC:0
10-27 14:31:06.816  1737  1942 D MobileStatusTracker(0/2): onSignalStrengthsChanged level=3, vendorLevel=3
10-27 14:31:06.819  1737  1942 D MobileSignalController(0/2): notifyListener: enabled=true, connected=true, dataConnected=true, networkType=LTE (4G), emergencyOnly=false, roaming=false, isDefault=false, dataActivity=, level=3, ca=false, mmWave=false, disabledDataIcon=false, simCard=ETC
10-27 14:31:06.820  1737  1942 D NetworkController: SignalStrength from intent slotId=0
10-27 14:31:07.094  1693  1693 I WifiHAL : Get link layer stats
10-27 14:31:07.094  1693  1693 I WifiHAL : GetLinkStatsCommand::create
10-27 14:31:07.094  1693  1693 D android.hardware.wifi@1.0-service-lazy: WifiRequest::create vendor command to iface 38, vendor_id=0x1a11, subcmd=0x1200, res=0
10-27 14:31:07.094  1693  1693 I android.hardware.wifi@1.0-service-lazy: WifiCommand::requestResponse err=-95
10-27 14:31:07.094  1693  1693 I WifiHAL : wifi_get_link_stats: result=-3
10-27 14:31:07.097  1187  1566 E WifiVendorHal: getWifiLinkLayerStats_1_5_Internal(l.1179) failed {.code = ERROR_NOT_SUPPORTED, .description = }
10-27 14:31:07.107  1187 22074 D SemWifiUsabilityStatsMonitor: onWifiUsabilityStats - seqNum 33777, isSameBssidAndFreq true
10-27 14:31:07.108  1187  1645 I SemWifiLinkQualityMonitor: Link Qos query: inf. ms / 0 Mbps
