11-05 23:00:05.320  9990 10034 E IMGMapper: set:488 set: Unset optional value from type SMPTE2086
11-05 23:00:05.320  9990 10034 E IMGMapper: set:488 set: Unset optional value from type CTA861_3
11-05 23:00:05.337  9990 10034 E IMGMapper: set:488 set: Unset optional value from type SMPTE2086
11-05 23:00:05.337  9990 10034 E IMGMapper: set:488 set: Unset optional value from type CTA861_3
11-05 23:00:05.344  9990 10107 D skia    : SkJpegCodec::onGetPixels +
11-05 23:00:05.362  9990 10034 E IMGMapper: set:488 set: Unset optional value from type SMPTE2086
11-05 23:00:05.362  9990 10034 E IMGMapper: set:488 set: Unset optional value from type CTA861_3
11-05 23:00:05.363  9990 10107 D skia    : SkJpegCodec::onGetPixels -
11-05 23:00:05.373  9990 10034 E IMGMapper: set:488 set: Unset optional value from type SMPTE2086
11-05 23:00:05.373  9990 10034 E IMGMapper: set:488 set: Unset optional value from type CTA861_3
11-05 23:00:05.382  9990 10034 E IMGMapper: set:488 set: Unset optional value from type SMPTE2086
11-05 23:00:05.383  9990 10034 E IMGMapper: set:488 set: Unset optional value from type CTA861_3
11-05 23:00:05.396  9990 10034 E IMGMapper: set:488 set: Unset optional value from type SMPTE2086
11-05 23:00:05.397  9990 10034 E IMGMapper: set:488 set: Unset optional value from type CTA861_3
11-05 23:00:05.420  9990 10034 E IMGMapper: set:488 set: Unset optional value from type SMPTE2086
11-05 23:00:05.420  9990 10034 E IMGMapper: set:488 set: Unset optional value from type CTA861_3
11-05 23:00:05.432  9990 10034 E IMGMapper: set:488 set: Unset optional value from type SMPTE2086
11-05 23:00:05.432  9990 10034 E IMGMapper: set:488 set: Unset optional value from type CTA861_3
11-05 23:00:05.451  9990 10034 E IMGMapper: set:488 set: Unset optional value from type SMPTE2086
11-05 23:00:05.451  9990 10034 E IMGMapper: set:488 set: Unset optional value from type CTA861_3
11-05 23:00:05.466  9990 10034 E IMGMapper: set:488 set: Unset optional value from type SMPTE2086
11-05 23:00:05.466  9990 10034 E IMGMapper: set:488 set: Unset optional value from type CTA861_3
11-05 23:00:05.498  9990 10112 D skia    : SkJpegCodec::onGetPixels +
11-05 23:00:05.503  9990 10034 E IMGMapper: set:488 set: Unset optional value from type SMPTE2086
11-05 23:00:05.503  9990 10034 E IMGMapper: set:488 set: Unset optional value from type CTA861_3
11-05 23:00:05.513  9990 10034 E IMGMapper: set:488 set: Unset optional value from type SMPTE2086
11-05 23:00:05.513  9990 10034 E IMGMapper: set:488 set: Unset optional value from type CTA861_3
11-05 23:00:05.524  9990 10112 D skia    : SkJpegCodec::onGetPixels -
11-05 23:00:05.530  9990 10034 E IMGMapper: set:488 set: Unset optional value from type SMPTE2086
11-05 23:00:05.531  9990 10034 E IMGMapper: set:488 set: Unset optional value from type CTA861_3
11-05 23:00:05.549  9990 10034 E IMGMapper: set:488 set: Unset optional value from type SMPTE2086
11-05 23:00:05.550  9990 10034 E IMGMapper: set:488 set: Unset optional value from type CTA861_3
11-05 23:00:05.563  9990 10034 E IMGMapper: set:488 set: Unset optional value from type SMPTE2086
11-05 23:00:05.563  9990 10034 E IMGMapper: set:488 set: Unset optional value from type CTA861_3
11-05 23:00:05.578 10181 10181 W ziparchive: Unable to open '/data/app/~~C9HGX9vOHIcUitoLJNc36g==/com.google.android.apps.messaging-7FVlpX0gPGIu6O1TKafHKQ==/split_config.arm64_v8a.dm': No such file or directory
11-05 23:00:05.578 10181 10181 W ziparchive: Unable to open '/data/app/~~C9HGX9vOHIcUitoLJNc36g==/com.google.android.apps.messaging-7FVlpX0gPGIu6O1TKafHKQ==/split_config.arm64_v8a.dm': No such file or directory
11-05 23:00:05.579  9990 10034 E IMGMapper: set:488 set: Unset optional value from type SMPTE2086
11-05 23:00:05.579  9990 10034 E IMGMapper: set:488 set: Unset optional value from type CTA861_3
11-05 23:00:05.583 10181 10181 W .apps.messaging: Entry not found
11-05 23:00:05.584   543   543 D io_stats: !@ 179,0 r 628186084 7589303098 w 113743859 1204561284 d 1261334 33797840 f 0 0 iot 323343624 0 th 0 0 0 pt 0 inp 0 0 3401327.225
11-05 23:00:05.587 10181 10181 W ziparchive: Unable to open '/data/app/~~C9HGX9vOHIcUitoLJNc36g==/com.google.android.apps.messaging-7FVlpX0gPGIu6O1TKafHKQ==/split_config.pt.dm': No such file or directory
11-05 23:00:05.587 10181 10181 W ziparchive: Unable to open '/data/app/~~C9HGX9vOHIcUitoLJNc36g==/com.google.android.apps.messaging-7FVlpX0gPGIu6O1TKafHKQ==/split_config.pt.dm': No such file or directory
11-05 23:00:05.593 10181 10181 W .apps.messaging: Entry not found
11-05 23:00:05.594 10181 10181 W ziparchive: Unable to open '/data/app/~~C9HGX9vOHIcUitoLJNc36g==/com.google.android.apps.messaging-7FVlpX0gPGIu6O1TKafHKQ==/split_config.xhdpi.dm': No such file or directory
11-05 23:00:05.594 10181 10181 W ziparchive: Unable to open '/data/app/~~C9HGX9vOHIcUitoLJNc36g==/com.google.android.apps.messaging-7FVlpX0gPGIu6O1TKafHKQ==/split_config.xhdpi.dm': No such file or directory
11-05 23:00:05.596  9990  9990 W unknown:WrappingUtils: Don't know how to round that drawable: com.facebook.react.views.image.ReactImageDownloadListener$EmptyDrawable@134bd82
11-05 23:00:05.597  9990 10034 E IMGMapper: set:488 set: Unset optional value from type SMPTE2086
11-05 23:00:05.597  9990 10034 E IMGMapper: set:488 set: Unset optional value from type CTA861_3
11-05 23:00:05.599 10181 10181 W .apps.messaging: Entry not found
11-05 23:00:05.605 10181 10181 D nativeloader: Configuring clns-5 for other apk /data/app/~~C9HGX9vOHIcUitoLJNc36g==/com.google.android.apps.messaging-7FVlpX0gPGIu6O1TKafHKQ==/base.apk:/data/app/~~C9HGX9vOHIcUitoLJNc36g==/com.google.android.apps.messaging-7FVlpX0gPGIu6O1TKafHKQ==/split_config.arm64_v8a.apk:/data/app/~~C9HGX9vOHIcUitoLJNc36g==/com.google.android.apps.messaging-7FVlpX0gPGIu6O1TKafHKQ==/split_config.pt.apk:/data/app/~~C9HGX9vOHIcUitoLJNc36g==/com.google.android.apps.messaging-7FVlpX0gPGIu6O1TKafHKQ==/split_config.xhdpi.apk. target_sdk_version=36, uses_libraries=, library_path=/data/app/~~C9HGX9vOHIcUitoLJNc36g==/com.google.android.apps.messaging-7FVlpX0gPGIu6O1TKafHKQ==/lib/arm64:/data/app/~~C9HGX9vOHIcUitoLJNc36g==/com.google.android.apps.messaging-7FVlpX0gPGIu6O1TKafHKQ==/base.apk!/lib/arm64-v8a:/data/app/~~C9HGX9vOHIcUitoLJNc36g==/com.google.android.apps.messaging-7FVlpX0gPGIu6O1TKafHKQ==/split_config.arm64_v8a.apk!/lib/arm64-v8a:/data/app/~~C9HGX9vOHIcUitoLJNc36g==/com.google.android.apps.messaging-7FVlpX0gPGIu6O1TKafHKQ==/split_config.
11-05 23:00:05.612  9990 10034 E IMGMapper: set:488 set: Unset optional value from type SMPTE2086
11-05 23:00:05.613  9990 10034 E IMGMapper: set:488 set: Unset optional value from type CTA861_3
11-05 23:00:05.631  9990  9990 W unknown:WrappingUtils: Don't know how to round that drawable: com.facebook.react.views.image.ReactImageDownloadListener$EmptyDrawable@cc204d0
11-05 23:00:05.632  9990 10034 E IMGMapper: set:488 set: Unset optional value from type SMPTE2086
11-05 23:00:05.632  9990 10034 E IMGMapper: set:488 set: Unset optional value from type CTA861_3
11-05 23:00:05.669  9990 10034 E IMGMapper: set:488 set: Unset optional value from type SMPTE2086
11-05 23:00:05.669  9990 10034 E IMGMapper: set:488 set: Unset optional value from type CTA861_3
11-05 23:00:05.682  9990 10034 E IMGMapper: set:488 set: Unset optional value from type SMPTE2086
11-05 23:00:05.682  9990 10034 E IMGMapper: set:488 set: Unset optional value from type CTA861_3
11-05 23:00:05.700  9990 10034 E IMGMapper: set:488 set: Unset optional value from type SMPTE2086
11-05 23:00:05.700  9990 10034 E IMGMapper: set:488 set: Unset optional value from type CTA861_3
11-05 23:00:05.713  9990 10135 D skia    : SkJpegCodec::onGetPixels +
11-05 23:00:05.714 10181 10181 V GraphicsEnvironment: ANGLE Developer option for 'com.google.android.apps.messaging' set to: 'default'
11-05 23:00:05.716  9990 10034 E IMGMapper: set:488 set: Unset optional value from type SMPTE2086
11-05 23:00:05.716  9990 10034 E IMGMapper: set:488 set: Unset optional value from type CTA861_3
11-05 23:00:05.717 10181 10181 V GraphicsEnvironment: ANGLE GameManagerService for com.google.android.apps.messaging: false
11-05 23:00:05.717 10181 10181 V GraphicsEnvironment: Neither updatable production driver nor prerelease driver is supported.
11-05 23:00:05.726 10181 10181 D NetworkSecurityConfig: No Network Security Config specified, using platform default
11-05 23:00:05.731  9990 10034 E IMGMapper: set:488 set: Unset optional value from type SMPTE2086
11-05 23:00:05.732  9990 10034 E IMGMapper: set:488 set: Unset optional value from type CTA861_3
11-05 23:00:05.734  9990 10135 D skia    : SkJpegCodec::onGetPixels -
11-05 23:00:05.734 10181 10181 D NetworkSecurityConfig: No Network Security Config specified, using platform default
11-05 23:00:05.735 10181 10206 W ResourcesOffloading: An exception occurred : 
11-05 23:00:05.735 10181 10206 W ResourcesOffloading: android.content.res.Resources$NotFoundException: Resource ID #0x7f080161
11-05 23:00:05.735 10181 10206 W ResourcesOffloading: 	at android.content.res.ResourcesImpl.getValueForDensity(ResourcesImpl.java:251)
11-05 23:00:05.735 10181 10206 W ResourcesOffloading: 	at android.content.res.Resources.offloadDrawable(Resources.java:2916)
11-05 23:00:05.735 10181 10206 W ResourcesOffloading: 	at android.app.ResourcesOffloading$ResourcesOffloadingRunnable.run(ResourcesOffloading.java:94)
11-05 23:00:05.735 10181 10206 W ResourcesOffloading: 	at java.lang.Thread.run(Thread.java:1012)
11-05 23:00:05.740 10181 10181 I MultiDex: VM with version 2.1.0 has multidex support
11-05 23:00:05.741 10181 10181 I MultiDex: Installing application
11-05 23:00:05.741 10181 10181 I MultiDex: VM has multidex support, MultiDex support library is disabled.
11-05 23:00:05.748  9990 10034 E IMGMapper: set:488 set: Unset optional value from type SMPTE2086
11-05 23:00:05.748  9990 10034 E IMGMapper: set:488 set: Unset optional value from type CTA861_3
11-05 23:00:05.765  9990 10034 E IMGMapper: set:488 set: Unset optional value from type SMPTE2086
11-05 23:00:05.765  9990 10034 E IMGMapper: set:488 set: Unset optional value from type CTA861_3
11-05 23:00:05.785  9990 10034 E IMGMapper: set:488 set: Unset optional value from type SMPTE2086
11-05 23:00:05.785  9990 10034 E IMGMapper: set:488 set: Unset optional value from type CTA861_3
11-05 23:00:05.791  1187  4523 D CompatibilityChangeReporter: Compat change id reported: 161145287; UID 10201; state: DISABLED
11-05 23:00:05.800  9990 10137 D skia    : SkJpegCodec::onGetPixels +
11-05 23:00:05.800  9990 10034 E IMGMapper: set:488 set: Unset optional value from type SMPTE2086
11-05 23:00:05.800  9990 10034 E IMGMapper: set:488 set: Unset optional value from type CTA861_3
11-05 23:00:05.806 10181 10181 I ejer    : SslGuard completed installation.
11-05 23:00:05.817  9990 10034 E IMGMapper: set:488 set: Unset optional value from type SMPTE2086
11-05 23:00:05.817  9990 10034 E IMGMapper: set:488 set: Unset optional value from type CTA861_3
11-05 23:00:05.825 10181 10181 I Bugle   : BugleApplicationBase: Bugle version: messages.android_20251009_00_rc00.phone_samsung_dynamic , Bugle version code: 291322900
11-05 23:00:05.826  1205  1205 I thermal_repeater: socket -1
11-05 23:00:05.827  9990 10137 D skia    : SkJpegCodec::onGetPixels -
11-05 23:00:05.828 10181 10181 I Bugle   : DarkModeManager: setDarkMode: -1
11-05 23:00:05.832 10181 10220 I stetho  : Listening on @stetho_com.google.android.apps.messaging_devtools_remote
11-05 23:00:05.834  9990 10034 E IMGMapper: set:488 set: Unset optional value from type SMPTE2086
11-05 23:00:05.834  9990 10034 E IMGMapper: set:488 set: Unset optional value from type CTA861_3
11-05 23:00:05.848  9990 10034 E IMGMapper: set:488 set: Unset optional value from type SMPTE2086
11-05 23:00:05.848  9990 10034 E IMGMapper: set:488 set: Unset optional value from type CTA861_3
11-05 23:00:05.866  9990 10034 E IMGMapper: set:488 set: Unset optional value from type SMPTE2086
11-05 23:00:05.866  9990 10034 E IMGMapper: set:488 set: Unset optional value from type CTA861_3
11-05 23:00:05.889  9990 10034 E IMGMapper: set:488 set: Unset optional value from type SMPTE2086
11-05 23:00:05.889  9990 10034 E IMGMapper: set:488 set: Unset optional value from type CTA861_3
11-05 23:00:05.899  9990 10034 E IMGMapper: set:488 set: Unset optional value from type SMPTE2086
11-05 23:00:05.900  9990 10034 E IMGMapper: set:488 set: Unset optional value from type CTA861_3
11-05 23:00:05.909  9990  9990 W unknown:WrappingUtils: Don't know how to round that drawable: com.facebook.react.views.image.ReactImageDownloadListener$EmptyDrawable@51f1dd7
11-05 23:00:05.926  9990 10034 E IMGMapper: set:488 set: Unset optional value from type SMPTE2086
11-05 23:00:05.926  9990 10034 E IMGMapper: set:488 set: Unset optional value from type CTA861_3
11-05 23:00:05.930  9990  9990 W unknown:WrappingUtils: Don't know how to round that drawable: com.facebook.react.views.image.ReactImageDownloadListener$EmptyDrawable@40ecaeb
11-05 23:00:05.942  9990 10034 E IMGMapper: set:488 set: Unset optional value from type SMPTE2086
11-05 23:00:05.942  9990 10034 E IMGMapper: set:488 set: Unset optional value from type CTA861_3
11-05 23:00:05.955  9990 10034 E IMGMapper: set:488 set: Unset optional value from type SMPTE2086
11-05 23:00:05.956  9990 10034 E IMGMapper: set:488 set: Unset optional value from type CTA861_3
11-05 23:00:05.960 10181 10218 I Bugle   : DatabaseHelperBasic.doInitializationTraced
11-05 23:00:05.963 10181 10212 I Bugle   : DatabaseHelperBasic.doInitializationTraced
11-05 23:00:05.964  9990 10034 E IMGMapper: set:488 set: Unset optional value from type SMPTE2086
11-05 23:00:05.964  9990 10034 E IMGMapper: set:488 set: Unset optional value from type CTA861_3
11-05 23:00:05.966  1187  4523 I GenerationRegistry: mBackingStore.isClosed() : false
11-05 23:00:05.974 10181 10217 D SemCarrierFeature: update default carrier features
11-05 23:00:05.975 10181 10217 D FeatureUtil: filePath /optics/configs/carriers/single/ZTO/conf/system/customer_carrier_feature.json carrierGroup ZTO canonicalId -1
11-05 23:00:05.989 10181 10217 D FeatureUtil: filePath /omr/carrier/0/customer_carrier_feature.json carrierGroup ZTO canonicalId -1
11-05 23:00:05.991 10181 10217 D SemCarrierFeature: update carrier features : 0/31209
11-05 23:00:05.992  1187  1663 D WifiConnectivityMonitor.NetworkStatsAnalyzer: Backhaul result - RSSI:-64, CE:28, PE:29, TI:32, PTI:33, TW:2, PTW:9, Tx:5419, Rx:4392, TxS:5417, RxS:4380, RESULT:true, IC:0, ICT:5, WC:0, WCT:5, R:1, RC:0, IE:0, EC:0
11-05 23:00:05.992 10181 10217 D FeatureUtil: filePath /optics/configs/carriers/single/ZTO/conf/system/customer_carrier_feature.json carrierGroup ZTO canonicalId 31209
11-05 23:00:05.993 10181 10217 D FeatureUtil: filePath /omr/carrier/0/customer_carrier_feature.json carrierGroup ZTO canonicalId 31209
11-05 23:00:05.994 10181 10217 D SemCarrierFeature: update default carrier features
11-05 23:00:05.994 10181 10217 D FeatureUtil: filePath /optics/configs/carriers/single/ZTO/conf/system/customer_carrier_feature.json carrierGroup ZTO canonicalId -1
11-05 23:00:05.995  9990 10034 E IMGMapper: set:488 set: Unset optional value from type SMPTE2086
11-05 23:00:05.995  9990 10034 E IMGMapper: set:488 set: Unset optional value from type CTA861_3
11-05 23:00:05.996 10181 10217 D FeatureUtil: filePath /omr/carrier/1/customer_carrier_feature.json carrierGroup ZTO canonicalId -1
11-05 23:00:05.998 10181 10217 D SemCarrierFeature: update carrier features : 1/31212
11-05 23:00:05.998 10181 10217 D FeatureUtil: filePath /optics/configs/carriers/single/ZTO/conf/system/customer_carrier_feature.json carrierGroup ZTO canonicalId 31212
11-05 23:00:06.000 10181 10217 D FeatureUtil: filePath /omr/carrier/1/customer_carrier_feature.json carrierGroup ZTO canonicalId 31212
11-05 23:00:06.007  9990 10034 E IMGMapper: set:488 set: Unset optional value from type SMPTE2086
11-05 23:00:06.007  9990 10034 E IMGMapper: set:488 set: Unset optional value from type CTA861_3
11-05 23:00:06.013 10181 10217 I Bugle   : Initializing EmojiCompat
11-05 23:00:06.013 10181 10218 I Bugle   : DatabaseHelperBasic: sqlite version is 3.32.2
11-05 23:00:06.017 10181 10217 I CarrierServices: Initializing Carrier Services Library. [CONTEXT thread_id=1656 ]
11-05 23:00:06.018 10181 10218 I Bugle   : DatabaseHelperBasic.doInitializationTraced() returned SQLiteDatabase: /data/user/0/com.google.android.apps.messaging/databases/bugle_backup_db
11-05 23:00:06.018  9990 10034 E IMGMapper: set:488 set: Unset optional value from type SMPTE2086
11-05 23:00:06.018  9990 10034 E IMGMapper: set:488 set: Unset optional value from type CTA861_3
11-05 23:00:06.021 10181 10218 I Bugle   : DatabaseHelperBasic.doInitializationTraced returned SQLiteDatabase: /data/user/0/com.google.android.apps.messaging/databases/bugle_backup_db
11-05 23:00:06.027 16493 16680 I FontLog : (REDACTED) Received query %s, URI %s
11-05 23:00:06.029 16493 16680 I FontLog : (REDACTED) Query [%s] resolved to %s
11-05 23:00:06.030 16493 17359 I FontLog : (REDACTED) Received query %s, URI %s
11-05 23:00:06.030 16493 17359 I FontLog : (REDACTED) Query [%s] resolved to %s
11-05 23:00:06.035 16493 17359 I FontLog : (REDACTED) Fetch %s end status %s
11-05 23:00:06.039 16493 16680 I FontLog : (REDACTED) Fetch %s end status %s
11-05 23:00:06.041 16493 26285 I FontLog : (REDACTED) Pulling font file for id = %d, cache size = %d
11-05 23:00:06.047  9990 10034 E IMGMapper: set:488 set: Unset optional value from type SMPTE2086
11-05 23:00:06.047  9990 10034 E IMGMapper: set:488 set: Unset optional value from type CTA861_3
11-05 23:00:06.048 16493 26285 I FontLog : (REDACTED) Pulling font file for id = %d, cache size = %d
11-05 23:00:06.053 16493 26285 I FontLog : (REDACTED) Pulling font file for id = %d, cache size = %d
11-05 23:00:06.054 10181 10217 I CarrierServices: Initializing Carrier Services Logging. [CONTEXT thread_id=1656 ]
11-05 23:00:06.058 16493 26285 I FontLog : (REDACTED) Pulling font file for id = %d, cache size = %d
11-05 23:00:06.059  9990 10034 E IMGMapper: set:488 set: Unset optional value from type SMPTE2086
11-05 23:00:06.059  9990 10034 E IMGMapper: set:488 set: Unset optional value from type CTA861_3
11-05 23:00:06.069  9990 10034 E IMGMapper: set:488 set: Unset optional value from type SMPTE2086
11-05 23:00:06.069  9990 10034 E IMGMapper: set:488 set: Unset optional value from type CTA861_3
11-05 23:00:06.075  1187  4549 D InputDispatcher: Inject motion (10228/2000): action=0x0, time=3401327715000000, f=0x0, d=0 dsdx=1.000000 dtdx=0.000000
11-05 23:00:06.076  1187  1534 I InputDispatcher: Delivering touch to (1737): action: 0x4, f=0x0, d=0, 'd92b8ad', t=1 
11-05 23:00:06.076  1187  1534 I InputDispatcher: Delivering touch to (9990): action: 0x0, f=0x0, d=0, '7d3e0c ', t=1 
11-05 23:00:06.076  1187  1534 D PowerManagerService: [api] userActivityFromNative :  (event: 2 flags: 0 displayId: 0) eventTime = 3401327715
11-05 23:00:06.076  1187  1303 I GestureDetector: obtain mCurrentDownEvent. id: -685435109 caller: com.android.server.wm.SystemGesturesPointerEventListener.onPointerEvent:203 com.android.server.wm.PointerEventDispatcher.onInputEvent:53 android.view.InputEventReceiver.dispatchInputEvent:285 
11-05 23:00:06.077  1187  1303 I GestureDetector: obtain mCurrentDownEvent. id: -685435109 caller: com.android.server.wm.SystemPerformancePointerEventListener.onPointerEvent:89 com.android.server.wm.PointerEventDispatcher.onInputEvent:53 android.view.InputEventReceiver.dispatchInputEvent:285 
11-05 23:00:06.080 10181 10217 I LogSaver: LogSaver new instance with filename: carrier_services
11-05 23:00:06.080  9990  9990 I ViewRootImpl@eaf2444[MainActivity]: ViewPostIme pointer 0
11-05 23:00:06.085  9990 10034 E IMGMapper: set:488 set: Unset optional value from type SMPTE2086
11-05 23:00:06.086  9990 10034 E IMGMapper: set:488 set: Unset optional value from type CTA861_3
11-05 23:00:06.091 10181 10212 I Bugle   : DatabaseHelperBasic: sqlite version is 3.32.2
11-05 23:00:06.092  1187  1303 I GestureDetector: obtain mCurrentMotionEventRaw. action: 2 id: -660277304
11-05 23:00:06.092  1187  1303 I GestureDetector: obtain mCurrentMotionEventRaw. action: 2 id: -660277304
11-05 23:00:06.094 10181 10217 I BugleBackup: Registering preference change listener for "bugle".
11-05 23:00:06.098   896   910 I mtkpower_client: perf_lock_rel, hdl:1047029, tid:910
11-05 23:00:06.099   896   910 I mtkpower_client: perf_lock_acq, hdl:0, dur:0, num:2, tid:910
11-05 23:00:06.099  1014  1065 I libPowerHal: [perfLockRel] hdl:1047029, idx:1
11-05 23:00:06.100  1014  1065 I libPowerHal: vendor.samsung.: cpu_ctrl set cpu freq: 1218000 -1 -1 -1
11-05 23:00:06.101   896   910 I mtkpower_client: ret_hdl:1047031
11-05 23:00:06.101   896   910 I mtkpower_client: perf_lock_rel, hdl:1047030, tid:910
11-05 23:00:06.101  1014  1065 I libPowerHal: [perfLockAcq] idx:0 hdl:1047031 hint:-1 pid:896 duration:0 lock_user:vendor.samsung. => ret_hdl:1047031
11-05 23:00:06.101  1014  1065 I libPowerHal: vendor.samsung.: cpu_ctrl set cpu freq: 1218000 -1 1138000 -1
11-05 23:00:06.102   896   910 I mtkpower_client: perf_lock_acq, hdl:0, dur:0, num:2, tid:910
11-05 23:00:06.103  1014  1065 I libPowerHal: [perfLockRel] hdl:1047030, idx:2
11-05 23:00:06.103  9990 10034 E IMGMapper: set:488 set: Unset optional value from type SMPTE2086
11-05 23:00:06.103  9990 10034 E IMGMapper: set:488 set: Unset optional value from type CTA861_3
11-05 23:00:06.103  1014  1065 I libPowerHal: vendor.samsung.: cpu_ctrl set cpu freq: -1 -1 1138000 -1
11-05 23:00:06.104   896   910 I mtkpower_client: ret_hdl:1047032
11-05 23:00:06.105   896   910 I HYPER-HAL: [RequestManager.cpp]releaseLocked(): Released ID : 725427
11-05 23:00:06.105  1014  1065 I libPowerHal: [perfLockAcq] idx:1 hdl:1047032 hint:-1 pid:896 duration:0 lock_user:vendor.samsung. => ret_hdl:1047032
11-05 23:00:06.105  1014  1065 I libPowerHal: vendor.samsung.: cpu_ctrl set cpu freq: 1218000 -1 1138000 -1
11-05 23:00:06.110 10181 10212 I BugleDataModel: HeavyWorkQueueEmptyObserver: Starting observation of WorkQueueWorkManagerTable
11-05 23:00:06.118  9990 10034 E IMGMapper: set:488 set: Unset optional value from type SMPTE2086
11-05 23:00:06.119  9990 10034 E IMGMapper: set:488 set: Unset optional value from type CTA861_3
11-05 23:00:06.134  9990 10034 E IMGMapper: set:488 set: Unset optional value from type SMPTE2086
11-05 23:00:06.134  9990 10034 E IMGMapper: set:488 set: Unset optional value from type CTA861_3
11-05 23:00:06.151  1039  1039 I BufferQueueProducer: [com.cinemamovel/com.cinemamovel.MainActivity$_9990#687005](this:0xb400007a1f7bb838,id:-1,api:0,p:-1,c:1039) queueBuffer: fps=56.15 dur=1015.14 max=33.59 min=16.24
11-05 23:00:06.154   991   991 I hwcomposer: [HWCDisplay] [Display_0 (type:1)] fps:56.161465,dur:1014.93,max:34.16,min:15.26  
11-05 23:00:06.155  9990 10034 E IMGMapper: set:488 set: Unset optional value from type SMPTE2086
11-05 23:00:06.155  9990 10034 E IMGMapper: set:488 set: Unset optional value from type CTA861_3
11-05 23:00:06.157 10181 10218 I Bugle   : TelephonyManagerFactory: Returning per-subscription TelephonyManager (>= N) subscription{id:2}
11-05 23:00:06.173  9990 10034 E IMGMapper: set:488 set: Unset optional value from type SMPTE2086
11-05 23:00:06.174  9990 10034 E IMGMapper: set:488 set: Unset optional value from type CTA861_3
11-05 23:00:06.188  1200  1324 D ULogGuard: Monitoring: 16 threads, 0 requests, 0 time-bombs; 1 guards. ResetFlags = 0x7
11-05 23:00:06.191  9990 10034 E IMGMapper: set:488 set: Unset optional value from type SMPTE2086
11-05 23:00:06.192  9990 10034 E IMGMapper: set:488 set: Unset optional value from type CTA861_3
11-05 23:00:06.201 10181 10212 I BugleJobs: Starting sync data to wearable message observer. [CONTEXT class_name="SyncDataToWearableMessageChangeObserver" ]
11-05 23:00:06.220  9990 10034 E IMGMapper: set:488 set: Unset optional value from type SMPTE2086
11-05 23:00:06.221  9990 10034 E IMGMapper: set:488 set: Unset optional value from type CTA861_3
11-05 23:00:06.230  9990 10034 E IMGMapper: set:488 set: Unset optional value from type SMPTE2086
11-05 23:00:06.230  9990 10034 E IMGMapper: set:488 set: Unset optional value from type CTA861_3
11-05 23:00:06.235 16493  8766 W BpBinder: Large outgoing transaction of 391248 bytes, interface descriptor <uncached descriptor>, code 4
11-05 23:00:06.237 10181 10212 I Bugle   : DatabaseHelperBasic.doInitializationTraced() returned SQLiteDatabase: /data/user/0/com.google.android.apps.messaging/databases/bugle_db
11-05 23:00:06.238 10181 10212 I Bugle   : DatabaseHelperBasic.doInitializationTraced returned SQLiteDatabase: /data/user/0/com.google.android.apps.messaging/databases/bugle_db
11-05 23:00:06.245  9990 10034 E IMGMapper: set:488 set: Unset optional value from type SMPTE2086
11-05 23:00:06.245  9990 10034 E IMGMapper: set:488 set: Unset optional value from type CTA861_3
11-05 23:00:06.261  9990 10034 E IMGMapper: set:488 set: Unset optional value from type SMPTE2086
11-05 23:00:06.261  9990 10034 E IMGMapper: set:488 set: Unset optional value from type CTA861_3
11-05 23:00:06.285  9990 10034 E IMGMapper: set:488 set: Unset optional value from type SMPTE2086
11-05 23:00:06.285  9990 10034 E IMGMapper: set:488 set: Unset optional value from type CTA861_3
11-05 23:00:06.296  9990 10034 E IMGMapper: set:488 set: Unset optional value from type SMPTE2086
11-05 23:00:06.296  9990 10034 E IMGMapper: set:488 set: Unset optional value from type CTA861_3
11-05 23:00:06.301 10181 10181 D CompatibilityChangeReporter: Compat change id reported: 119147584; UID 10201; state: ENABLED
11-05 23:00:06.315  9990 10034 E IMGMapper: set:488 set: Unset optional value from type SMPTE2086
11-05 23:00:06.315  9990 10034 E IMGMapper: set:488 set: Unset optional value from type CTA861_3
11-05 23:00:06.331  9990 10034 E IMGMapper: set:488 set: Unset optional value from type SMPTE2086
11-05 23:00:06.331  9990 10034 E IMGMapper: set:488 set: Unset optional value from type CTA861_3
11-05 23:00:06.345 10181 10212 I BugleRcsProvisioning: BugleSystemBindingManager: onBuglePhenotypeFlagChanged
11-05 23:00:06.348 10181 10212 I BugleTransport: Not kicking off update transport registration because RCS provisioning change has not been received.
11-05 23:00:06.349 10181 10218 I BugleRcsEngine: getConfigServerUrl without simId [CONTEXT log_prefix="ProvisioningServerUtil" thread_id=1658 ]
11-05 23:00:06.350  1187  4523 D PackageManager: setEnabledSetting : userId = 0 packageName = com.google.android.apps.messaging cmp = com.google.android.ims.binding.SystemBindingService newState = 1 callingPackage = 10201/com.google.android.apps.messaging
11-05 23:00:06.352  1187  4523 D ApplicationPolicy: getApplicationStateEnabled : pkg = com.google.android.apps.messaging userId : 0
11-05 23:00:06.354  1187  4523 D ApplicationPolicy: getApplicationComponentState : pkg = com.google.android.apps.messaging userId : 0
11-05 23:00:06.355  9990 10034 E IMGMapper: set:488 set: Unset optional value from type SMPTE2086
11-05 23:00:06.355  9990 10034 E IMGMapper: set:488 set: Unset optional value from type CTA861_3
11-05 23:00:06.360 10181 10216 I BugleRcsEngine: SystemBinding enabled: true [CONTEXT log_prefix="SystemBindingManager" thread_id=1655 ]
11-05 23:00:06.361 10181 10209 I BugleRcsEngine: System Binding updated [CONTEXT thread_id=1648 ]
11-05 23:00:06.361 10181 10217 I BugleRcsEngine: getConfigServerUrl without simId [CONTEXT log_prefix="ProvisioningServerUtil" thread_id=1656 ]
11-05 23:00:06.381  9990 10034 E IMGMapper: set:488 set: Unset optional value from type SMPTE2086
11-05 23:00:06.381  9990 10034 E IMGMapper: set:488 set: Unset optional value from type CTA861_3
11-05 23:00:06.382  9990 10083 D skia    : SkJpegCodec::onGetPixels +
11-05 23:00:06.389 10181 10217 I BugleRcsEngine: Using config server URL from dkmc [CONTEXT log_prefix="ProvisioningServerUtil" thread_id=1656 ]
11-05 23:00:06.390  1187  4549 D InputDispatcher: Inject motion (10228/2000): action=0x1, time=3401328031000000, f=0x0, d=0 dsdx=1.000000 dtdx=0.000000
11-05 23:00:06.390  1187  1534 I InputDispatcher: Delivering touch to (9990): action: 0x1, f=0x0, d=0, '7d3e0c ', t=1 
11-05 23:00:06.392 10181 10218 I BugleRcsEngine: Using config server URL from dkmc [CONTEXT log_prefix="ProvisioningServerUtil" thread_id=1658 ]
11-05 23:00:06.393  9990  9990 I ViewRootImpl@eaf2444[MainActivity]: ViewPostIme pointer 1
11-05 23:00:06.395  1187  4523 D PackageManager: setEnabledSetting : userId = 0 packageName = com.google.android.apps.messaging cmp = com.google.android.apps.messaging.auto.MessagingTemplateScreenServiceModule newState = 1 callingPackage = 10201/com.google.android.apps.messaging
11-05 23:00:06.396  1187  4523 D ApplicationPolicy: getApplicationStateEnabled : pkg = com.google.android.apps.messaging userId : 0
11-05 23:00:06.397  1187  4523 D ApplicationPolicy: getApplicationComponentState : pkg = com.google.android.apps.messaging userId : 0
11-05 23:00:06.399  1187  1187 I SemDvfsHyPerManager: acquire hyper - SMOOTH_SCROLL/1187@17, type = -999
11-05 23:00:06.399  9990 10034 E IMGMapper: set:488 set: Unset optional value from type SMPTE2086
11-05 23:00:06.399  9990 10034 E IMGMapper: set:488 set: Unset optional value from type CTA861_3
11-05 23:00:06.399   896   910 I HYPER-HAL: [RequestManager.cpp]acquire(): Acquired ID : 725427  [1187 / 17]    HINT : SMOOTH_SCROLL    list : 
11-05 23:00:06.404   896   910 I mtkpower_client: perf_lock_rel, hdl:1047031, tid:910
11-05 23:00:06.407  1187  1187 D SGM:GameManager: identifyGamePackage. com.cinemamovel, mCurrentUserId: 0, callerUserId: 0, callingMethodInfo: com.android.server.ssrm.fgapps.GameAppUtils.isGame(GameAppUtils.java:84)
11-05 23:00:06.407  1187  1187 D SGM:PkgDataHelper: getGamePkgData(). com.cinemamovel
11-05 23:00:06.407  1187  1187 I SemDvfsHyPerManager: acquire hyper - GESTURE_DETECTED/1187@18, type = -999
11-05 23:00:06.408  1187  1187 D SGM:GameManager: identifyGamePackage. com.cinemamovel, mCurrentUserId: 0, callerUserId: 0, callingMethodInfo: com.android.server.ssrm.fgapps.GameAppUtils.isGame(GameAppUtils.java:84)
11-05 23:00:06.408  1187  1187 D SGM:PkgDataHelper: getGamePkgData(). com.cinemamovel
11-05 23:00:06.408  1187  1187 I SemDvfsHyPerManager: acquire hyper - GESTURE_DETECTED/1187@18, type = -999
11-05 23:00:06.409  1014  1065 I libPowerHal: [perfLockRel] hdl:1047031, idx:0
11-05 23:00:06.409   896   910 I mtkpower_client: perf_lock_acq, hdl:0, dur:0, num:2, tid:910
11-05 23:00:06.409  1014  1065 I libPowerHal: vendor.samsung.: cpu_ctrl set cpu freq: 1218000 -1 -1 -1
11-05 23:00:06.412   896   910 I mtkpower_client: ret_hdl:1047033
11-05 23:00:06.412   896   910 I mtkpower_client: perf_lock_rel, hdl:1047032, tid:910
11-05 23:00:06.413  1014  1065 I libPowerHal: [perfLockAcq] idx:0 hdl:1047033 hint:-1 pid:896 duration:0 lock_user:vendor.samsung. => ret_hdl:1047033
11-05 23:00:06.414  1014  1065 I libPowerHal: vendor.samsung.: cpu_ctrl set cpu freq: 1218000 -1 1138000 -1
11-05 23:00:06.414  9990 10083 D skia    : SkJpegCodec::onGetPixels -
11-05 23:00:06.414   896   910 I mtkpower_client: perf_lock_acq, hdl:0, dur:0, num:2, tid:910
11-05 23:00:06.415   896   910 I mtkpower_client: ret_hdl:1047034
11-05 23:00:06.415   896   910 I mtkpower_client: perf_lock_rel, hdl:1047033, tid:910
11-05 23:00:06.415  9990 10034 E IMGMapper: set:488 set: Unset optional value from type SMPTE2086
11-05 23:00:06.415  9990 10034 E IMGMapper: set:488 set: Unset optional value from type CTA861_3
11-05 23:00:06.415   896   910 I mtkpower_client: perf_lock_acq, hdl:0, dur:0, num:2, tid:910
11-05 23:00:06.416   896   910 I mtkpower_client: ret_hdl:1047035
11-05 23:00:06.416   896   910 I mtkpower_client: perf_lock_rel, hdl:1047034, tid:910
11-05 23:00:06.416   896   910 I mtkpower_client: perf_lock_acq, hdl:0, dur:0, num:2, tid:910
11-05 23:00:06.417   896   910 I mtkpower_client: ret_hdl:1047036
11-05 23:00:06.417   896   910 I HYPER-HAL: [RequestManager.cpp]releaseLocked(): Released ID : 725427
11-05 23:00:06.417   896   910 I HYPER-HAL: [RequestManager.cpp]acquire(): Acquired ID : 726633  [1187 / 18]    HINT : GESTURE_DETECTED    list : [TIMEOUT / 1702] 
11-05 23:00:06.417   896   910 I HYPER-HAL: [RequestManager.cpp]acquire(): Acquired ID : 726633  [1187 / 18]    HINT : GESTURE_DETECTED    list : [TIMEOUT / 1702] 
11-05 23:00:06.419  1014  1065 I libPowerHal: [perfLockRel] hdl:1047032, idx:1
11-05 23:00:06.419  1014  1065 I libPowerHal: vendor.samsung.: cpu_ctrl set cpu freq: -1 -1 1138000 -1
11-05 23:00:06.420  1014  1065 I libPowerHal: [perfLockAcq] idx:2 hdl:1047034 hint:-1 pid:896 duration:0 lock_user:vendor.samsung. => ret_hdl:1047034
11-05 23:00:06.421  1014  1065 I libPowerHal: vendor.samsung.: cpu_ctrl set cpu freq: 1218000 -1 1138000 -1
11-05 23:00:06.422  1014  1065 I libPowerHal: [perfLockRel] hdl:1047033, idx:0
11-05 23:00:06.423  1014  1065 I libPowerHal: vendor.samsung.: cpu_ctrl set cpu freq: 1218000 -1 -1 -1
11-05 23:00:06.431  9990 10034 E IMGMapper: set:488 set: Unset optional value from type SMPTE2086
11-05 23:00:06.431  9990 10034 E IMGMapper: set:488 set: Unset optional value from type CTA861_3
11-05 23:00:06.433  1014  1065 I libPowerHal: [perfLockAcq] idx:3 hdl:1047035 hint:-1 pid:896 duration:0 lock_user:vendor.samsung. => ret_hdl:1047035
11-05 23:00:06.433  1014  1065 I libPowerHal: vendor.samsung.: cpu_ctrl set cpu freq: 1218000 -1 1138000 -1
11-05 23:00:06.435  1014  1065 I libPowerHal: [perfLockRel] hdl:1047034, idx:2
11-05 23:00:06.436  1014  1065 I libPowerHal: vendor.samsung.: cpu_ctrl set cpu freq: -1 -1 1138000 -1
11-05 23:00:06.437  1014  1065 I libPowerHal: [perfLockAcq] idx:4 hdl:1047036 hint:-1 pid:896 duration:0 lock_user:vendor.samsung. => ret_hdl:1047036
11-05 23:00:06.438  1014  1065 I libPowerHal: vendor.samsung.: cpu_ctrl set cpu freq: 1218000 -1 1138000 -1
11-05 23:00:06.447  9990 10034 E IMGMapper: set:488 set: Unset optional value from type SMPTE2086
11-05 23:00:06.447  9990 10034 E IMGMapper: set:488 set: Unset optional value from type CTA861_3
11-05 23:00:06.452 10181 10240 I BugleDataModel: 4 not running because already up to date, upgradeCommand: EXECUTE_UPGRADE, version: 1
11-05 23:00:06.457 10181 10240 I BugleDataModel: 2 not running because already up to date, upgradeCommand: EXECUTE_UPGRADE, version: 2
11-05 23:00:06.458 10181 10215 D WM-PackageManagerHelper: Skipping component enablement for androidx.work.impl.background.systemjob.SystemJobService
11-05 23:00:06.458 10181 10215 D WM-Schedulers: Created SystemJobScheduler and enabled SystemJobService
11-05 23:00:06.460 10181 10217 D WM-ForceStopRunnable: Is default app process = true
11-05 23:00:06.461  9990 10138 D skia    : SkJpegCodec::onGetPixels +
11-05 23:00:06.461 10181 10217 D WM-ForceStopRunnable: Performing cleanup operations.
11-05 23:00:06.467 10181 10212 D CompatibilityChangeReporter: Compat change id reported: 160794467; UID 10201; state: ENABLED
11-05 23:00:06.469  9990 10034 E IMGMapper: set:488 set: Unset optional value from type SMPTE2086
11-05 23:00:06.470  9990 10034 E IMGMapper: set:488 set: Unset optional value from type CTA861_3
11-05 23:00:06.475 10181 10240 I BugleDataModel: 3 not running because already up to date, upgradeCommand: EXECUTE_UPGRADE, version: 2
11-05 23:00:06.476 10181 10212 I BugleRcsEngine: Cannot use CS.apk as it's battery optimized [CONTEXT thread_id=1651 ]
11-05 23:00:06.479 10181 10212 I BugleSatellite: Processing Phenotype flag changes.
11-05 23:00:06.483  9990 10138 D skia    : SkJpegCodec::onGetPixels -
11-05 23:00:06.485 10181 10234 I BugleSatellite: Reporting to Telephony: SMS supported = true
11-05 23:00:06.490  9990 10034 E IMGMapper: set:488 set: Unset optional value from type SMPTE2086
11-05 23:00:06.490  9990 10034 E IMGMapper: set:488 set: Unset optional value from type CTA861_3
11-05 23:00:06.496 10181 10194 W Binder  : Caught a RuntimeException from the binder stub implementation.
11-05 23:00:06.496 10181 10194 W Binder  : java.lang.UnsupportedOperationException
11-05 23:00:06.496 10181 10194 W Binder  : 	at com.google.android.gms.clearcut.internal.DefaultClearcutLoggerCallbacks.onLogError(PG:3)
11-05 23:00:06.496 10181 10194 W Binder  : 	at com.google.android.gms.clearcut.internal.IClearcutLoggerCallbacks$Stub.dispatchTransaction(PG:33)
11-05 23:00:06.496 10181 10194 W Binder  : 	at com.google.android.aidl.BaseStub.onTransact(PG:13)
11-05 23:00:06.496 10181 10194 W Binder  : 	at android.os.Binder.execTransactInternal(Binder.java:1321)
11-05 23:00:06.496 10181 10194 W Binder  : 	at android.os.Binder.execTransact(Binder.java:1280)
11-05 23:00:06.503  9990 10034 E IMGMapper: set:488 set: Unset optional value from type SMPTE2086
11-05 23:00:06.503  9990 10034 E IMGMapper: set:488 set: Unset optional value from type CTA861_3
11-05 23:00:06.507 10181 10195 W Binder  : Caught a RuntimeException from the binder stub implementation.
11-05 23:00:06.507 10181 10195 W Binder  : java.lang.UnsupportedOperationException
11-05 23:00:06.507 10181 10195 W Binder  : 	at com.google.android.gms.clearcut.internal.DefaultClearcutLoggerCallbacks.onLogError(PG:3)
11-05 23:00:06.507 10181 10195 W Binder  : 	at com.google.android.gms.clearcut.internal.IClearcutLoggerCallbacks$Stub.dispatchTransaction(PG:33)
11-05 23:00:06.507 10181 10195 W Binder  : 	at com.google.android.aidl.BaseStub.onTransact(PG:13)
11-05 23:00:06.507 10181 10195 W Binder  : 	at android.os.Binder.execTransactInternal(Binder.java:1321)
11-05 23:00:06.507 10181 10195 W Binder  : 	at android.os.Binder.execTransact(Binder.java:1280)
11-05 23:00:06.513  1737  1942 D MobileStatusTracker(0/2): onSignalStrengthsChanged level=3, vendorLevel=3
11-05 23:00:06.515  1737  1942 D MobileSignalController(0/2): notifyListener: enabled=true, connected=true, dataConnected=true, networkType=LTE (4G), emergencyOnly=false, roaming=false, isDefault=false, dataActivity=, level=3, ca=false, mmWave=false, disabledDataIcon=false, simCard=ETC
11-05 23:00:06.515  1737  1942 D NetworkController: SignalStrength from intent slotId=0
11-05 23:00:06.515  9990 10034 E IMGMapper: set:488 set: Unset optional value from type SMPTE2086
11-05 23:00:06.515  9990 10034 E IMGMapper: set:488 set: Unset optional value from type CTA861_3
11-05 23:00:06.531  9990 10034 E IMGMapper: set:488 set: Unset optional value from type SMPTE2086
11-05 23:00:06.531  9990 10034 E IMGMapper: set:488 set: Unset optional value from type CTA861_3
11-05 23:00:06.544  9990 10034 E IMGMapper: set:488 set: Unset optional value from type SMPTE2086
11-05 23:00:06.544  9990 10034 E IMGMapper: set:488 set: Unset optional value from type CTA861_3
11-05 23:00:06.561  9990 10034 E IMGMapper: set:488 set: Unset optional value from type SMPTE2086
11-05 23:00:06.561  9990 10034 E IMGMapper: set:488 set: Unset optional value from type CTA861_3
11-05 23:00:06.579  9990 10034 E IMGMapper: set:488 set: Unset optional value from type SMPTE2086
11-05 23:00:06.579  9990 10034 E IMGMapper: set:488 set: Unset optional value from type CTA861_3
11-05 23:00:06.605  9990 10034 E IMGMapper: set:488 set: Unset optional value from type SMPTE2086
11-05 23:00:06.606  9990 10034 E IMGMapper: set:488 set: Unset optional value from type CTA861_3
11-05 23:00:06.615  9990 10034 E IMGMapper: set:488 set: Unset optional value from type SMPTE2086
11-05 23:00:06.615  9990 10034 E IMGMapper: set:488 set: Unset optional value from type CTA861_3
11-05 23:00:06.629  9990 10034 E IMGMapper: set:488 set: Unset optional value from type SMPTE2086
11-05 23:00:06.629  9990 10034 E IMGMapper: set:488 set: Unset optional value from type CTA861_3
11-05 23:00:06.644  9990 10034 E IMGMapper: set:488 set: Unset optional value from type SMPTE2086
11-05 23:00:06.645  9990 10034 E IMGMapper: set:488 set: Unset optional value from type CTA861_3
11-05 23:00:06.662  9990 10034 E IMGMapper: set:488 set: Unset optional value from type SMPTE2086
11-05 23:00:06.662  9990 10034 E IMGMapper: set:488 set: Unset optional value from type CTA861_3
11-05 23:00:06.679  9990 10034 E IMGMapper: set:488 set: Unset optional value from type SMPTE2086
11-05 23:00:06.679  9990 10034 E IMGMapper: set:488 set: Unset optional value from type CTA861_3
11-05 23:00:06.689 10181 10217 D WM-SystemJobScheduler: Reconciling jobs
11-05 23:00:06.690  9990  9990 W unknown:WrappingUtils: Don't know how to round that drawable: com.facebook.react.views.image.ReactImageDownloadListener$EmptyDrawable@88ca6bc
11-05 23:00:06.707  9990 10034 E IMGMapper: set:488 set: Unset optional value from type SMPTE2086
11-05 23:00:06.708  9990 10034 E IMGMapper: set:488 set: Unset optional value from type CTA861_3
11-05 23:00:06.722  9990  9990 W unknown:WrappingUtils: Don't know how to round that drawable: com.facebook.react.views.image.ReactImageDownloadListener$EmptyDrawable@73f83a2
11-05 23:00:06.723  9990 10034 E IMGMapper: set:488 set: Unset optional value from type SMPTE2086
11-05 23:00:06.724  9990 10034 E IMGMapper: set:488 set: Unset optional value from type CTA861_3
11-05 23:00:06.738  9990 10034 E IMGMapper: set:488 set: Unset optional value from type SMPTE2086
11-05 23:00:06.738  9990 10034 E IMGMapper: set:488 set: Unset optional value from type CTA861_3
11-05 23:00:06.745  9990  9990 W unknown:WrappingUtils: Don't know how to round that drawable: com.facebook.react.views.image.ReactImageDownloadListener$EmptyDrawable@1729833
11-05 23:00:06.759  9990  9990 W unknown:WrappingUtils: Don't know how to round that drawable: com.facebook.react.views.image.ReactImageDownloadListener$EmptyDrawable@29c87f0
11-05 23:00:06.764 10181 10217 D WM-ForceStopRunnable: Found unfinished work, scheduling it.
11-05 23:00:06.792  9990 10034 E IMGMapper: set:488 set: Unset optional value from type SMPTE2086
11-05 23:00:06.792  9990 10034 E IMGMapper: set:488 set: Unset optional value from type CTA861_3
11-05 23:00:06.799  9990 10034 E IMGMapper: set:488 set: Unset optional value from type SMPTE2086
11-05 23:00:06.799  9990 10034 E IMGMapper: set:488 set: Unset optional value from type CTA861_3
11-05 23:00:06.814  9990 10034 E IMGMapper: set:488 set: Unset optional value from type SMPTE2086
11-05 23:00:06.814  9990 10034 E IMGMapper: set:488 set: Unset optional value from type CTA861_3
11-05 23:00:06.815 10181 10217 D CompatibilityChangeReporter: Compat change id reported: 194532703; UID 10201; state: ENABLED
11-05 23:00:06.815 10181 10217 D WM-SystemJobScheduler: Scheduling work ID 26512114-8847-405a-b696-7ca4b727c7c3Job ID 2450
11-05 23:00:06.816  1187  4523 D CompatibilityChangeReporter: Compat change id reported: 194532703; UID 10201; state: ENABLED
11-05 23:00:06.824 10181 10217 D WM-SystemJobScheduler: Scheduling work ID cf05eb22-32f0-4f31-92cf-bafd50ccc30fJob ID 2841
11-05 23:00:06.835  9990 10034 E IMGMapper: set:488 set: Unset optional value from type SMPTE2086
11-05 23:00:06.836  9990 10034 E IMGMapper: set:488 set: Unset optional value from type CTA861_3
11-05 23:00:06.845  9990 10034 E IMGMapper: set:488 set: Unset optional value from type SMPTE2086
11-05 23:00:06.846  9990 10034 E IMGMapper: set:488 set: Unset optional value from type CTA861_3
11-05 23:00:06.847 10181 10217 D WM-SystemJobScheduler: Scheduling work ID b741fe9c-f018-4d0f-a03c-fdee5f6df454Job ID 2730
11-05 23:00:06.850  6477  6477 I Finsky  : [2] SCH: job service start with id 9233.
11-05 23:00:06.856 10181 10217 D WM-SystemJobScheduler: Scheduling work ID 892cc9fd-85c2-4695-8954-2857c6dfb706Job ID 1622
11-05 23:00:06.860 10181 10217 D WM-SystemJobScheduler: Scheduling work ID eb8340a8-3b35-4a7a-aa67-1019ddcea9e6Job ID 2900
11-05 23:00:06.860  6477 10253 I Finsky  : [1779] SCH: Satisfied jobs for 9233 are: 12-1
11-05 23:00:06.861  6477 10249 I Finsky  : [1778] SCH: Job 12-1 starting
11-05 23:00:06.861  9990 10034 E IMGMapper: set:488 set: Unset optional value from type SMPTE2086
11-05 23:00:06.861  9990 10034 E IMGMapper: set:488 set: Unset optional value from type CTA861_3
11-05 23:00:06.862  6477  6477 I Finsky  : [2] WM::SCH: Logging work start for 12-1
11-05 23:00:06.863  6477  6477 I Finsky  : [2] [ContentSync] job started
11-05 23:00:06.865 10181 10217 D WM-SystemJobScheduler: Scheduling work ID fc2dc0c0-a948-45ee-a8e0-7a6941f776d8Job ID 2792
11-05 23:00:06.874 10181 10217 D WM-SystemJobScheduler: Scheduling work ID cb764af2-c84d-4016-9765-c082ff92b516Job ID 2800
11-05 23:00:06.880 10181 10217 D WM-SystemJobScheduler: Scheduling work ID 04db5d64-2df9-4665-98ca-54a2e84d45b7Job ID 2890
11-05 23:00:06.880  9990 10113 D skia    : SkJpegCodec::onGetPixels +
11-05 23:00:06.882  9990 10034 E IMGMapper: set:488 set: Unset optional value from type SMPTE2086
11-05 23:00:06.883  9990 10034 E IMGMapper: set:488 set: Unset optional value from type CTA861_3
11-05 23:00:06.886 10181 10217 D WM-SystemJobScheduler: Scheduling work ID f602f5b5-1fe2-4715-874a-d435ce0630d3Job ID 2901
11-05 23:00:06.889  9990 10111 D skia    : SkJpegCodec::onGetPixels +
11-05 23:00:06.896 10181 10217 D WM-SystemJobScheduler: Scheduling work ID 11961c17-9596-4ffe-970d-c87273b2125aJob ID 2866
11-05 23:00:06.896  9990 10034 E IMGMapper: set:488 set: Unset optional value from type SMPTE2086
11-05 23:00:06.896  9990 10034 E IMGMapper: set:488 set: Unset optional value from type CTA861_3
11-05 23:00:06.903  9990 10111 D skia    : SkJpegCodec::onGetPixels -
11-05 23:00:06.904  9990 10113 D skia    : SkJpegCodec::onGetPixels -
11-05 23:00:06.906 10181 10217 D WM-SystemJobScheduler: Scheduling work ID 521dd2a5-4fd4-4700-914f-8abca1460127Job ID 2876
11-05 23:00:06.911 10181 10217 D WM-SystemJobScheduler: Scheduling work ID 6a3bd3a3-7ef0-4758-bfc2-7b4b1d80f075Job ID 2879
11-05 23:00:06.913  9990 10034 E IMGMapper: set:488 set: Unset optional value from type SMPTE2086
11-05 23:00:06.913  9990 10034 E IMGMapper: set:488 set: Unset optional value from type CTA861_3
11-05 23:00:06.916 10181 10217 D WM-SystemJobScheduler: Scheduling work ID adf446ae-168e-44a2-bf1b-ee0b5fdc2349Job ID 2880
11-05 23:00:06.923 10181 10217 D WM-SystemJobScheduler: Scheduling work ID a040c5f5-e2d7-4c3e-afd8-fbd18d978413Job ID 2881
11-05 23:00:06.929 10181 10217 D WM-SystemJobScheduler: Scheduling work ID 1eede211-889a-4f52-bf82-4d83409bc894Job ID 2882
11-05 23:00:06.938 10181 10217 D WM-SystemJobScheduler: Scheduling work ID 7a57a492-d4b0-49af-95ba-ea42a02aa538Job ID 2891
11-05 23:00:06.942  9990 10034 E IMGMapper: set:488 set: Unset optional value from type SMPTE2086
11-05 23:00:06.942  9990 10034 E IMGMapper: set:488 set: Unset optional value from type CTA861_3
11-05 23:00:06.946 10181 10217 D WM-SystemJobScheduler: Scheduling work ID 2b795d9f-22b0-4611-8468-f2c873592afeJob ID 2902
11-05 23:00:06.949 10181 10217 D WM-SystemJobScheduler: Scheduling work ID 72af5140-d613-46e9-935a-8dc56d7af616Job ID 2905
11-05 23:00:06.956 10181 10217 D WM-SystemJobScheduler: Scheduling work ID 0cf4099e-6b42-4c4d-b7c8-ab8b2b405cbaJob ID 2907
11-05 23:00:06.961 10181 10217 D WM-SystemJobScheduler: Scheduling work ID d0087c83-7406-46c2-9401-d0c0e8f42bf6Job ID 2908
11-05 23:00:06.968 10181 10217 D WM-SystemJobScheduler: Scheduling work ID e0d228a3-a9a5-4eb0-a003-25ffa3d87aa0Job ID 1141
11-05 23:00:06.973 10181 10217 D WM-SystemJobScheduler: Scheduling work ID 45b97473-131e-49ef-8c58-d28564e4733aJob ID 2906
11-05 23:00:06.974  9990 10034 E IMGMapper: set:488 set: Unset optional value from type SMPTE2086
11-05 23:00:06.974  9990 10034 E IMGMapper: set:488 set: Unset optional value from type CTA861_3
11-05 23:00:06.977 10181 10217 D WM-GreedyScheduler: Ignoring {WorkSpec: e0d228a3-a9a5-4eb0-a003-25ffa3d87aa0}. Requires ContentUri triggers.
11-05 23:00:06.977 10181 10217 D WM-GreedyScheduler: Ignoring {WorkSpec: 04db5d64-2df9-4665-98ca-54a2e84d45b7}. Requires device idle.
11-05 23:00:06.977 10181 10217 D WM-GreedyScheduler: Ignoring {WorkSpec: 2b795d9f-22b0-4611-8468-f2c873592afe}. Requires device idle.
11-05 23:00:06.978 10181 10217 D WM-GreedyScheduler: Ignoring {WorkSpec: 45b97473-131e-49ef-8c58-d28564e4733a}. Requires ContentUri triggers.
11-05 23:00:06.991  9990 10034 E IMGMapper: set:488 set: Unset optional value from type SMPTE2086
11-05 23:00:06.991  9990 10034 E IMGMapper: set:488 set: Unset optional value from type CTA861_3
11-05 23:00:06.998  9990 10034 E IMGMapper: set:488 set: Unset optional value from type SMPTE2086
11-05 23:00:06.998  9990 10034 E IMGMapper: set:488 set: Unset optional value from type CTA861_3
11-05 23:00:07.013  9990 10034 E IMGMapper: set:488 set: Unset optional value from type SMPTE2086
11-05 23:00:07.014  9990 10034 E IMGMapper: set:488 set: Unset optional value from type CTA861_3
11-05 23:00:07.027 10181 10217 D WM-GreedyScheduler: Ignoring {WorkSpec: e0d228a3-a9a5-4eb0-a003-25ffa3d87aa0}. Requires ContentUri triggers.
11-05 23:00:07.027 10181 10217 D WM-GreedyScheduler: Ignoring {WorkSpec: 04db5d64-2df9-4665-98ca-54a2e84d45b7}. Requires device idle.
11-05 23:00:07.027 10181 10217 D WM-GreedyScheduler: Ignoring {WorkSpec: 2b795d9f-22b0-4611-8468-f2c873592afe}. Requires device idle.
11-05 23:00:07.027 10181 10217 D WM-GreedyScheduler: Ignoring {WorkSpec: 45b97473-131e-49ef-8c58-d28564e4733a}. Requires ContentUri triggers.
11-05 23:00:07.027 10181 10217 D WM-GreedyScheduler: Starting work for 9591df17-f820-4b9e-a0b6-5e5fb4c91849
11-05 23:00:07.029  9990 10034 E IMGMapper: set:488 set: Unset optional value from type SMPTE2086
11-05 23:00:07.029  9990 10034 E IMGMapper: set:488 set: Unset optional value from type CTA861_3
11-05 23:00:07.045  9990 10034 E IMGMapper: set:488 set: Unset optional value from type SMPTE2086
11-05 23:00:07.046  9990 10034 E IMGMapper: set:488 set: Unset optional value from type CTA861_3
11-05 23:00:07.063  9990 10034 E IMGMapper: set:488 set: Unset optional value from type SMPTE2086
11-05 23:00:07.063  9990 10034 E IMGMapper: set:488 set: Unset optional value from type CTA861_3
