--------- beginning of main
11-05 22:59:54.614  1711  1725 D PhoneInterfaceManager: setDataEnabledForReason() Reason=1 Pid=1187 App=system
11-05 22:59:54.620  1711  1725 D PhoneInterfaceManager: setDataEnabledForReason() Reason=1 Pid=1187 App=system
11-05 22:59:54.852  1187  1301 D InputDispatcher: Inject motion (10128/2000): action=0x0, time=3401316493000000, f=0x0, d=0 dsdx=1.000000 dtdx=0.000000
11-05 22:59:54.853  1187  1534 I InputDispatcher: Delivering touch to (1737): action: 0x4, f=0x0, d=0, 'd92b8ad', t=1 
11-05 22:59:54.854  1187  1534 I InputDispatcher: Delivering touch to (9990): action: 0x0, f=0x0, d=0, '7d3e0c ', t=1 
--------- beginning of system
11-05 22:59:54.855  1187  1534 D PowerManagerService: [api] userActivityFromNative :  (event: 2 flags: 0 displayId: 0) eventTime = 3401316493
11-05 22:59:54.855  1187  1303 I GestureDetector: obtain mCurrentDownEvent. id: -887855007 caller: com.android.server.wm.SystemGesturesPointerEventListener.onPointerEvent:203 com.android.server.wm.PointerEventDispatcher.onInputEvent:53 android.view.InputEventReceiver.dispatchInputEvent:285 
11-05 22:59:54.856  9990  9990 I ViewRootImpl@eaf2444[MainActivity]: ViewPostIme pointer 0
11-05 22:59:54.856  1187  1303 I GestureDetector: obtain mCurrentDownEvent. id: -887855007 caller: com.android.server.wm.SystemPerformancePointerEventListener.onPointerEvent:89 com.android.server.wm.PointerEventDispatcher.onInputEvent:53 android.view.InputEventReceiver.dispatchInputEvent:285 
11-05 22:59:54.858  1187  1534 D PowerManagerService: UserActivityStateListenerState: 1
11-05 22:59:54.881  1187  1303 I GestureDetector: obtain mCurrentMotionEventRaw. action: 2 id: -151473080
11-05 22:59:54.881  1187  1303 I GestureDetector: obtain mCurrentMotionEventRaw. action: 2 id: -151473080
11-05 22:59:54.959  9990 10034 E IMGMapper: set:488 set: Unset optional value from type SMPTE2086
11-05 22:59:54.959  9990 10034 E IMGMapper: set:488 set: Unset optional value from type CTA861_3
11-05 22:59:54.967  1039  1039 I BufferQueueProducer: [com.cinemamovel/com.cinemamovel.MainActivity$_9990#687005](this:0xb400007a1f7bb838,id:-1,api:0,p:-1,c:1039) queueBuffer: fps=3.40 dur=6175.20 max=5842.56 min=16.47
11-05 22:59:54.969   991   991 I hwcomposer: [HWCDisplay] [Display_0 (type:1)] fps:3.400787,dur:6175.04,max:5843.32,min:15.49  
11-05 22:59:54.982  9990 10034 E IMGMapper: set:488 set: Unset optional value from type SMPTE2086
11-05 22:59:54.982  9990 10034 E IMGMapper: set:488 set: Unset optional value from type CTA861_3
11-05 22:59:54.989  9990 10042 I ReactNativeJS: ---IMG_METRICS_START---
11-05 22:59:54.989  9990 10042 I ReactNativeJS: {
11-05 22:59:54.989  9990 10042 I ReactNativeJS:   "dashboardRenders": 1,
11-05 22:59:54.989  9990 10042 I ReactNativeJS:   "cardRenders": {
11-05 22:59:54.989  9990 10042 I ReactNativeJS:     "13494": 1,
11-05 22:59:54.989  9990 10042 I ReactNativeJS:     "506763": 1,
11-05 22:59:54.989  9990 10042 I ReactNativeJS:     "575265": 1,
11-05 22:59:54.989  9990 10042 I ReactNativeJS:     "755898": 1,
11-05 22:59:54.989  9990 10042 I ReactNativeJS:     "803796": 1,
11-05 22:59:54.989  9990 10042 I ReactNativeJS:     "911430": 1,
11-05 22:59:54.989  9990 10042 I ReactNativeJS:     "914215": 1,
11-05 22:59:54.989  9990 10042 I ReactNativeJS:     "987400": 1,
11-05 22:59:54.989  9990 10042 I ReactNativeJS:     "1007734": 1,
11-05 22:59:54.989  9990 10042 I ReactNativeJS:     "1028248": 1,
11-05 22:59:54.989  9990 10042 I ReactNativeJS:     "1035259": 1,
11-05 22:59:54.989  9990 10042 I ReactNativeJS:     "1038392": 1,
11-05 22:59:54.989  9990 10042 I ReactNativeJS:     "1051486": 1,
11-05 22:59:54.989  9990 10042 I ReactNativeJS:     "1061474": 1,
11-05 22:59:54.989  9990 10042 I ReactNativeJS:     "1078605": 1,
11-05 22:59:54.989  9990 10042 I ReactNativeJS:     "1087192": 1,
11-05 22:59:54.989  9990 10042 I ReactNativeJS:     "1234821": 1,
11-05 22:59:54.989  9990 10042 I ReactNativeJS:     "1242011": 1,
11-05 22:59:54.989  9990 10042 I ReactNativeJS:     "1311031": 1,
11-05 22:59:54.989  9990 10042 I ReactNativeJS:     "1369679": 1
11-05 22:59:54.989  9990 10042 I ReactNativeJS:   },
11-05 22:59:54.989  9990 10042 I ReactNativeJS:   "imageLoads": [
11-05 22:59:54.989  9990 10042 I ReactNativeJS:     {
11-05 22:59:54.989  9990 10042 I ReactNativeJS:       "id": 755898,
11-05 22:59:54.989  9990 10042 I ReactNativeJS:       "durationMs": 921
11-05 22:59:54.989  9990 10042 I ReactNativeJS:     },
11-05 22:59:54.989  9990 10042 I ReactNativeJS:     {
11-05 22:59:54.989  9990 10042 I ReactNativeJS:       "id": 1038392,
11-05 22:59:54.989  9990 10042 I ReactNativeJS:       "durationMs": 1338
11-05 22:59:54.989  9990 10042 I ReactNativeJS:     },
11-05 22:59:54.989  9990 10042 I ReactNativeJS:     {
11-05 22:59:54.989  9990 10042 I ReactNativeJS:       "id": 987400,
11-05 22:59:54.989  9990 10042 I ReactNativeJS:       "durationMs": 1354
11-05 22:59:54.989  9990 10042 I ReactNativeJS:     },
11-05 22:59:54.989  9990 10042 I ReactNativeJS:     {
11-05 22:59:54.989  9990 10042 I ReactNativeJS:       "id": 1311031,
11-05 22:59:54.989  9990 10042 I ReactNativeJS:       "durationMs": 1354
11-05 22:59:54.989  9990 10042 I ReactNativeJS:     }
11-05 22:59:54.989  9990 10042 I ReactNativeJS:   ],
11-05 22:59:54.989  9990 10042 I ReactNativeJS:   "navigationEvents": [
11-05 22:59:54.989  9990 10042 I ReactNativeJS:     {
11-05 22:59:54.989  9990 10042 I ReactNativeJS:       "action": "focus_dashboard",
11-05 22:59:54.989  9990 10042 I ReactNativeJS:       "timestamp": 1762394386963
11-05 22:59:54.989  9990 10042 I ReactNativeJS:     }
11-05 22:59:54.989  9990 10042 I ReactNativeJS:   ]
11-05 22:59:54.989  9990 10042 I ReactNativeJS: }
11-05 22:59:54.990  9990 10042 I ReactNativeJS: ---IMG_METRICS_END---
11-05 22:59:54.997  1737  1942 D MobileStatusTracker(0/2): onSignalStrengthsChanged level=3, vendorLevel=3
11-05 22:59:54.998  9990 10034 E IMGMapper: set:488 set: Unset optional value from type SMPTE2086
11-05 22:59:54.998  9990 10034 E IMGMapper: set:488 set: Unset optional value from type CTA861_3
11-05 22:59:55.000  1737  1942 D MobileSignalController(0/2): notifyListener: enabled=true, connected=true, dataConnected=true, networkType=LTE (4G), emergencyOnly=false, roaming=false, isDefault=false, dataActivity=, level=3, ca=false, mmWave=false, disabledDataIcon=false, simCard=ETC
11-05 22:59:55.000  1737  1942 D NetworkController: SignalStrength from intent slotId=0
11-05 22:59:55.013  9990 10034 E IMGMapper: set:488 set: Unset optional value from type SMPTE2086
11-05 22:59:55.013  9990 10034 E IMGMapper: set:488 set: Unset optional value from type CTA861_3
11-05 22:59:55.030  9990 10034 E IMGMapper: set:488 set: Unset optional value from type SMPTE2086
11-05 22:59:55.031  9990 10034 E IMGMapper: set:488 set: Unset optional value from type CTA861_3
11-05 22:59:55.047  9990 10034 E IMGMapper: set:488 set: Unset optional value from type SMPTE2086
11-05 22:59:55.047  9990 10034 E IMGMapper: set:488 set: Unset optional value from type CTA861_3
11-05 22:59:55.065  9990 10034 E IMGMapper: set:488 set: Unset optional value from type SMPTE2086
11-05 22:59:55.065  9990 10034 E IMGMapper: set:488 set: Unset optional value from type CTA861_3
11-05 22:59:55.087  1693  1693 I WifiHAL : Get link layer stats
11-05 22:59:55.087  1693  1693 I WifiHAL : GetLinkStatsCommand::create
11-05 22:59:55.087  1693  1693 D android.hardware.wifi@1.0-service-lazy: WifiRequest::create vendor command to iface 38, vendor_id=0x1a11, subcmd=0x1200, res=0
11-05 22:59:55.087  1693  1693 I android.hardware.wifi@1.0-service-lazy: WifiCommand::requestResponse err=-95
11-05 22:59:55.087  1693  1693 I WifiHAL : wifi_get_link_stats: result=-3
11-05 22:59:55.088  1187  1566 E WifiVendorHal: getWifiLinkLayerStats_1_5_Internal(l.1179) failed {.code = ERROR_NOT_SUPPORTED, .description = }
11-05 22:59:55.091  9990 10034 E IMGMapper: set:488 set: Unset optional value from type SMPTE2086
11-05 22:59:55.091  9990 10034 E IMGMapper: set:488 set: Unset optional value from type CTA861_3
11-05 22:59:55.095  1187 22074 D SemWifiUsabilityStatsMonitor: onWifiUsabilityStats - seqNum 106846, isSameBssidAndFreq true
11-05 22:59:55.095  1187  1645 I SemWifiLinkQualityMonitor: Link Qos query: inf. ms / 0 Mbps
11-05 22:59:55.098  9990 10034 E IMGMapper: set:488 set: Unset optional value from type SMPTE2086
11-05 22:59:55.098  9990 10034 E IMGMapper: set:488 set: Unset optional value from type CTA861_3
11-05 22:59:55.124  9990 10034 E IMGMapper: set:488 set: Unset optional value from type SMPTE2086
11-05 22:59:55.124  9990 10034 E IMGMapper: set:488 set: Unset optional value from type CTA861_3
11-05 22:59:55.131  9990 10034 E IMGMapper: set:488 set: Unset optional value from type SMPTE2086
11-05 22:59:55.131  9990 10034 E IMGMapper: set:488 set: Unset optional value from type CTA861_3
11-05 22:59:55.145  9990 10034 E IMGMapper: set:488 set: Unset optional value from type SMPTE2086
11-05 22:59:55.145  9990 10034 E IMGMapper: set:488 set: Unset optional value from type CTA861_3
11-05 22:59:55.155  1187  1301 D InputDispatcher: Inject motion (10128/2000): action=0x1, time=3401316796000000, f=0x0, d=0 dsdx=1.000000 dtdx=0.000000
11-05 22:59:55.155  1187  1534 I InputDispatcher: Delivering touch to (9990): action: 0x1, f=0x0, d=0, '7d3e0c ', t=1 
11-05 22:59:55.159  9990  9990 W unknown:WrappingUtils: Don't know how to round that drawable: com.facebook.react.views.image.ReactImageDownloadListener$EmptyDrawable@30b606a
11-05 22:59:55.160  1187  1187 I SemDvfsHyPerManager: acquire hyper - SMOOTH_SCROLL/1187@17, type = -999
11-05 22:59:55.161   896   910 I HYPER-HAL: [RequestManager.cpp]acquire(): Acquired ID : 725427  [1187 / 17]    HINT : SMOOTH_SCROLL    list : 
11-05 22:59:55.162   896   910 I mtkpower_client: perf_lock_acq, hdl:0, dur:0, num:2, tid:910
11-05 22:59:55.163  9990  9990 I ViewRootImpl@eaf2444[MainActivity]: ViewPostIme pointer 1
11-05 22:59:55.163  1014  1065 I libPowerHal: [perfLockAcq] idx:0 hdl:1046977 hint:-1 pid:896 duration:0 lock_user:vendor.samsung. => ret_hdl:1046977
11-05 22:59:55.164  1014  1065 I libPowerHal: vendor.samsung.: cpu_ctrl set cpu freq: -1 -1 1138000 -1
11-05 22:59:55.166   896   910 I mtkpower_client: ret_hdl:1046977
11-05 22:59:55.166   896   910 I mtkpower_client: perf_lock_acq, hdl:0, dur:0, num:2, tid:910
11-05 22:59:55.167  1014  1065 I libPowerHal: [perfLockAcq] idx:1 hdl:1046978 hint:-1 pid:896 duration:0 lock_user:vendor.samsung. => ret_hdl:1046978
11-05 22:59:55.167  1014  1065 I libPowerHal: vendor.samsung.: cpu_ctrl set cpu freq: 1218000 -1 1138000 -1
11-05 22:59:55.168  9990 10034 E IMGMapper: set:488 set: Unset optional value from type SMPTE2086
11-05 22:59:55.169  9990 10034 E IMGMapper: set:488 set: Unset optional value from type CTA861_3
11-05 22:59:55.168   896   910 I mtkpower_client: ret_hdl:1046978
11-05 22:59:55.169   896   910 I mtkpower_client: perf_lock_rel, hdl:1046977, tid:910
11-05 22:59:55.170   896   910 I mtkpower_client: perf_lock_rel, hdl:1046978, tid:910
11-05 22:59:55.171  1014  1065 I libPowerHal: [perfLockRel] hdl:1046977, idx:0
11-05 22:59:55.172  1014  1065 I libPowerHal: vendor.samsung.: cpu_ctrl set cpu freq: 1218000 -1 -1 -1
11-05 22:59:55.173   896   910 I HYPER-HAL: [RequestManager.cpp]releaseLocked(): Released ID : 725427
11-05 22:59:55.174  1014  1065 I libPowerHal: [perfLockRel] hdl:1046978, idx:1
11-05 22:59:55.174  1014  1065 I libPowerHal: vendor.samsung.: cpu_ctrl set cpu freq: -1 -1 -1 -1
11-05 22:59:55.178  1187  1187 D SGM:GameManager: identifyGamePackage. com.cinemamovel, mCurrentUserId: 0, callerUserId: 0, callingMethodInfo: com.android.server.ssrm.fgapps.GameAppUtils.isGame(GameAppUtils.java:84)
11-05 22:59:55.178  1187  1187 D SGM:PkgDataHelper: getGamePkgData(). com.cinemamovel
11-05 22:59:55.178  1187  1187 I SemDvfsHyPerManager: acquire hyper - GESTURE_DETECTED/1187@18, type = -999
11-05 22:59:55.179   896   910 I HYPER-HAL: [RequestManager.cpp]acquire(): Acquired ID : 726633  [1187 / 18]    HINT : GESTURE_DETECTED    list : [TIMEOUT / 1702] 
11-05 22:59:55.180   896   910 I mtkpower_client: perf_lock_acq, hdl:0, dur:0, num:2, tid:910
11-05 22:59:55.180  1187  1187 D SGM:GameManager: identifyGamePackage. com.cinemamovel, mCurrentUserId: 0, callerUserId: 0, callingMethodInfo: com.android.server.ssrm.fgapps.GameAppUtils.isGame(GameAppUtils.java:84)
11-05 22:59:55.180  1187  1187 D SGM:PkgDataHelper: getGamePkgData(). com.cinemamovel
11-05 22:59:55.181  1187  1187 I SemDvfsHyPerManager: acquire hyper - GESTURE_DETECTED/1187@18, type = -999
11-05 22:59:55.181   896   910 I mtkpower_client: ret_hdl:1046979
11-05 22:59:55.181   896   910 I mtkpower_client: perf_lock_acq, hdl:0, dur:0, num:2, tid:910
11-05 22:59:55.181  1014  1065 I libPowerHal: [perfLockAcq] idx:0 hdl:1046979 hint:-1 pid:896 duration:0 lock_user:vendor.samsung. => ret_hdl:1046979
11-05 22:59:55.181  1014  1065 I libPowerHal: vendor.samsung.: cpu_ctrl set cpu freq: -1 -1 1138000 -1
11-05 22:59:55.183   896   910 I mtkpower_client: ret_hdl:1046980
11-05 22:59:55.183   896   910 I HYPER-HAL: [RequestManager.cpp]acquire(): Acquired ID : 726633  [1187 / 18]    HINT : GESTURE_DETECTED    list : [TIMEOUT / 1702] 
11-05 22:59:55.183  1014  1065 I libPowerHal: [perfLockAcq] idx:1 hdl:1046980 hint:-1 pid:896 duration:0 lock_user:vendor.samsung. => ret_hdl:1046980
11-05 22:59:55.183  1014  1065 I libPowerHal: vendor.samsung.: cpu_ctrl set cpu freq: 1218000 -1 1138000 -1
11-05 22:59:55.189  9990  9990 W unknown:WrappingUtils: Don't know how to round that drawable: com.facebook.react.views.image.ReactImageDownloadListener$EmptyDrawable@f0be9a4
11-05 22:59:55.221  9990 10034 E IMGMapper: set:488 set: Unset optional value from type SMPTE2086
11-05 22:59:55.221  9990 10034 E IMGMapper: set:488 set: Unset optional value from type CTA861_3
11-05 22:59:55.229  1187  1187 I SemDvfsHyPerManager: acquire hyper - SMOOTH_SCROLL/1187@17, type = -999
11-05 22:59:55.229   896   910 I HYPER-HAL: [RequestManager.cpp]acquire(): Acquired ID : 725427  [1187 / 17]    HINT : SMOOTH_SCROLL    list : 
11-05 22:59:55.229   896   910 I mtkpower_client: perf_lock_rel, hdl:1046979, tid:910
11-05 22:59:55.230  1014  1065 I libPowerHal: [perfLockRel] hdl:1046979, idx:0
11-05 22:59:55.230   896   910 I mtkpower_client: perf_lock_acq, hdl:0, dur:0, num:2, tid:910
11-05 22:59:55.230  1014  1065 I libPowerHal: vendor.samsung.: cpu_ctrl set cpu freq: 1218000 -1 -1 -1
11-05 22:59:55.231   896   910 I mtkpower_client: ret_hdl:1046981
11-05 22:59:55.231   896   910 I mtkpower_client: perf_lock_rel, hdl:1046980, tid:910
11-05 22:59:55.231  1014  1065 I libPowerHal: [perfLockAcq] idx:0 hdl:1046981 hint:-1 pid:896 duration:0 lock_user:vendor.samsung. => ret_hdl:1046981
11-05 22:59:55.231  1014  1065 I libPowerHal: vendor.samsung.: cpu_ctrl set cpu freq: 1218000 -1 1138000 -1
11-05 22:59:55.232   896   910 I mtkpower_client: perf_lock_acq, hdl:0, dur:0, num:2, tid:910
11-05 22:59:55.232  1014  1065 I libPowerHal: [perfLockRel] hdl:1046980, idx:1
11-05 22:59:55.233  1014  1065 I libPowerHal: vendor.samsung.: cpu_ctrl set cpu freq: -1 -1 1138000 -1
11-05 22:59:55.234   896   910 I mtkpower_client: ret_hdl:1046982
11-05 22:59:55.234  1014  1065 I libPowerHal: [perfLockAcq] idx:2 hdl:1046982 hint:-1 pid:896 duration:0 lock_user:vendor.samsung. => ret_hdl:1046982
11-05 22:59:55.234  1014  1065 I libPowerHal: vendor.samsung.: cpu_ctrl set cpu freq: 1218000 -1 1138000 -1
11-05 22:59:55.247  9990 10034 E IMGMapper: set:488 set: Unset optional value from type SMPTE2086
11-05 22:59:55.248  9990 10034 E IMGMapper: set:488 set: Unset optional value from type CTA861_3
11-05 22:59:55.256  9990 10135 D skia    : SkJpegCodec::onGetPixels +
11-05 22:59:55.262  9990 10034 E IMGMapper: set:488 set: Unset optional value from type SMPTE2086
11-05 22:59:55.262  9990 10034 E IMGMapper: set:488 set: Unset optional value from type CTA861_3
11-05 22:59:55.272  9990  9990 W unknown:WrappingUtils: Don't know how to round that drawable: com.facebook.react.views.image.ReactImageDownloadListener$EmptyDrawable@b66f96c
11-05 22:59:55.272  9990 10135 D skia    : SkJpegCodec::onGetPixels -
11-05 22:59:55.288  9990 10034 E IMGMapper: set:488 set: Unset optional value from type SMPTE2086
11-05 22:59:55.288  9990 10034 E IMGMapper: set:488 set: Unset optional value from type CTA861_3
11-05 22:59:55.296  9990  9990 W unknown:WrappingUtils: Don't know how to round that drawable: com.facebook.react.views.image.ReactImageDownloadListener$EmptyDrawable@3aaabed
11-05 22:59:55.327  9990 10034 E IMGMapper: set:488 set: Unset optional value from type SMPTE2086
11-05 22:59:55.327  9990 10034 E IMGMapper: set:488 set: Unset optional value from type CTA861_3
11-05 22:59:55.365  9990 10034 E IMGMapper: set:488 set: Unset optional value from type SMPTE2086
11-05 22:59:55.366  9990 10034 E IMGMapper: set:488 set: Unset optional value from type CTA861_3
11-05 22:59:55.366  9990 10137 D skia    : SkJpegCodec::onGetPixels +
11-05 22:59:55.379  9990 10034 E IMGMapper: set:488 set: Unset optional value from type SMPTE2086
11-05 22:59:55.379  9990 10034 E IMGMapper: set:488 set: Unset optional value from type CTA861_3
11-05 22:59:55.388  9990 10137 D skia    : SkJpegCodec::onGetPixels -
11-05 22:59:55.392  9990 10034 E IMGMapper: set:488 set: Unset optional value from type SMPTE2086
11-05 22:59:55.393  9990 10034 E IMGMapper: set:488 set: Unset optional value from type CTA861_3
11-05 22:59:55.395  9990 10138 D skia    : SkJpegCodec::onGetPixels +
11-05 22:59:55.411  9990 10034 E IMGMapper: set:488 set: Unset optional value from type SMPTE2086
11-05 22:59:55.411  9990 10034 E IMGMapper: set:488 set: Unset optional value from type CTA861_3
11-05 22:59:55.414  9990 10138 D skia    : SkJpegCodec::onGetPixels -
11-05 22:59:55.426  9990 10034 E IMGMapper: set:488 set: Unset optional value from type SMPTE2086
11-05 22:59:55.426  9990 10034 E IMGMapper: set:488 set: Unset optional value from type CTA861_3
11-05 22:59:55.442  9990 10083 D skia    : SkJpegCodec::onGetPixels +
11-05 22:59:55.443  9990 10034 E IMGMapper: set:488 set: Unset optional value from type SMPTE2086
11-05 22:59:55.443  9990 10034 E IMGMapper: set:488 set: Unset optional value from type CTA861_3
11-05 22:59:55.460  9990 10083 D skia    : SkJpegCodec::onGetPixels -
11-05 22:59:55.462  9990 10034 E IMGMapper: set:488 set: Unset optional value from type SMPTE2086
11-05 22:59:55.462  9990 10034 E IMGMapper: set:488 set: Unset optional value from type CTA861_3
11-05 22:59:55.474  9990 10034 E IMGMapper: set:488 set: Unset optional value from type SMPTE2086
11-05 22:59:55.474  9990 10034 E IMGMapper: set:488 set: Unset optional value from type CTA861_3
11-05 22:59:55.488  9990  9990 W unknown:WrappingUtils: Don't know how to round that drawable: com.facebook.react.views.image.ReactImageDownloadListener$EmptyDrawable@4b9c001
11-05 22:59:55.491  9990 10034 E IMGMapper: set:488 set: Unset optional value from type SMPTE2086
11-05 22:59:55.491  9990 10034 E IMGMapper: set:488 set: Unset optional value from type CTA861_3
11-05 22:59:55.507  9990 10034 E IMGMapper: set:488 set: Unset optional value from type SMPTE2086
11-05 22:59:55.508  9990 10034 E IMGMapper: set:488 set: Unset optional value from type CTA861_3
11-05 22:59:55.509  9990  9990 W unknown:WrappingUtils: Don't know how to round that drawable: com.facebook.react.views.image.ReactImageDownloadListener$EmptyDrawable@78e9f32
11-05 22:59:55.550  9990 10034 E IMGMapper: set:488 set: Unset optional value from type SMPTE2086
11-05 22:59:55.550  9990 10034 E IMGMapper: set:488 set: Unset optional value from type CTA861_3
11-05 22:59:55.561  9990 10034 E IMGMapper: set:488 set: Unset optional value from type SMPTE2086
11-05 22:59:55.562  9990 10034 E IMGMapper: set:488 set: Unset optional value from type CTA861_3
11-05 22:59:55.565   543   543 D io_stats: !@ 179,0 r 628181248 7589190974 w 113743236 1204557104 d 1261334 33797840 f 0 0 iot 323342076 0 th 0 0 0 pt 0 inp 0 0 3401317.207
11-05 22:59:55.574  9990 10034 E IMGMapper: set:488 set: Unset optional value from type SMPTE2086
11-05 22:59:55.574  9990 10034 E IMGMapper: set:488 set: Unset optional value from type CTA861_3
11-05 22:59:55.591  9990 10034 E IMGMapper: set:488 set: Unset optional value from type SMPTE2086
11-05 22:59:55.591  9990 10034 E IMGMapper: set:488 set: Unset optional value from type CTA861_3
11-05 22:59:55.607  9990 10034 E IMGMapper: set:488 set: Unset optional value from type SMPTE2086
11-05 22:59:55.608  9990 10034 E IMGMapper: set:488 set: Unset optional value from type CTA861_3
11-05 22:59:55.625  9990 10034 E IMGMapper: set:488 set: Unset optional value from type SMPTE2086
11-05 22:59:55.626  9990 10034 E IMGMapper: set:488 set: Unset optional value from type CTA861_3
11-05 22:59:55.644  9990 10034 E IMGMapper: set:488 set: Unset optional value from type SMPTE2086
11-05 22:59:55.644  9990 10034 E IMGMapper: set:488 set: Unset optional value from type CTA861_3
11-05 22:59:55.662  9990 10034 E IMGMapper: set:488 set: Unset optional value from type SMPTE2086
11-05 22:59:55.662  9990 10034 E IMGMapper: set:488 set: Unset optional value from type CTA861_3
11-05 22:59:55.664  9990 10107 D skia    : SkJpegCodec::onGetPixels +
11-05 22:59:55.676  9990 10111 D skia    : SkJpegCodec::onGetPixels +
11-05 22:59:55.682  9990 10034 E IMGMapper: set:488 set: Unset optional value from type SMPTE2086
11-05 22:59:55.682  9990 10034 E IMGMapper: set:488 set: Unset optional value from type CTA861_3
11-05 22:59:55.685  9990 10107 D skia    : SkJpegCodec::onGetPixels -
11-05 22:59:55.694  9990 10034 E IMGMapper: set:488 set: Unset optional value from type SMPTE2086
11-05 22:59:55.694  9990 10034 E IMGMapper: set:488 set: Unset optional value from type CTA861_3
11-05 22:59:55.695  9990 10111 D skia    : SkJpegCodec::onGetPixels -
11-05 22:59:55.699  1737  1737 D SecPowerUI.Notification: showChargingNotice oldChargingType : 11 / currentChargingType : 11, oldChargingTime : 0 / mChargingTime : 0
11-05 22:59:55.699  1737  1737 D SecPowerUI.Notification: There is no change about charging status, so return!
11-05 22:59:55.710  9990 10034 E IMGMapper: set:488 set: Unset optional value from type SMPTE2086
11-05 22:59:55.710  9990 10034 E IMGMapper: set:488 set: Unset optional value from type CTA861_3
11-05 22:59:55.724  9990 10034 E IMGMapper: set:488 set: Unset optional value from type SMPTE2086
11-05 22:59:55.725  9990 10034 E IMGMapper: set:488 set: Unset optional value from type CTA861_3
11-05 22:59:55.745  9990 10034 E IMGMapper: set:488 set: Unset optional value from type SMPTE2086
11-05 22:59:55.745  9990 10034 E IMGMapper: set:488 set: Unset optional value from type CTA861_3
11-05 22:59:55.764  9990 10034 E IMGMapper: set:488 set: Unset optional value from type SMPTE2086
11-05 22:59:55.764  9990 10034 E IMGMapper: set:488 set: Unset optional value from type CTA861_3
11-05 22:59:55.778  9990 10034 E IMGMapper: set:488 set: Unset optional value from type SMPTE2086
11-05 22:59:55.778  9990 10034 E IMGMapper: set:488 set: Unset optional value from type CTA861_3
11-05 22:59:55.793  9990 10034 E IMGMapper: set:488 set: Unset optional value from type SMPTE2086
11-05 22:59:55.793  9990 10034 E IMGMapper: set:488 set: Unset optional value from type CTA861_3
11-05 22:59:55.799  9990 10113 D skia    : SkJpegCodec::onGetPixels +
11-05 22:59:55.810  9990 10034 E IMGMapper: set:488 set: Unset optional value from type SMPTE2086
11-05 22:59:55.810  9990 10034 E IMGMapper: set:488 set: Unset optional value from type CTA861_3
11-05 22:59:55.817  9990 10112 D skia    : SkJpegCodec::onGetPixels +
11-05 22:59:55.823  9990  9990 W unknown:WrappingUtils: Don't know how to round that drawable: com.facebook.react.views.image.ReactImageDownloadListener$EmptyDrawable@fea7d19
11-05 22:59:55.825  9990 10113 D skia    : SkJpegCodec::onGetPixels -
11-05 22:59:55.825  1205  1205 I thermal_repeater: socket -1
11-05 22:59:55.827  9990 10034 E IMGMapper: set:488 set: Unset optional value from type SMPTE2086
11-05 22:59:55.828  9990 10034 E IMGMapper: set:488 set: Unset optional value from type CTA861_3
11-05 22:59:55.838  9990 10112 D skia    : SkJpegCodec::onGetPixels -
11-05 22:59:55.843  9990 10034 E IMGMapper: set:488 set: Unset optional value from type SMPTE2086
11-05 22:59:55.843  9990 10034 E IMGMapper: set:488 set: Unset optional value from type CTA861_3
11-05 22:59:55.857  9990 10034 E IMGMapper: set:488 set: Unset optional value from type SMPTE2086
11-05 22:59:55.857  9990 10034 E IMGMapper: set:488 set: Unset optional value from type CTA861_3
11-05 22:59:55.860  9990  9990 W unknown:WrappingUtils: Don't know how to round that drawable: com.facebook.react.views.image.ReactImageDownloadListener$EmptyDrawable@4cdae8e
11-05 22:59:55.888  9990 10034 E IMGMapper: set:488 set: Unset optional value from type SMPTE2086
11-05 22:59:55.888  9990 10034 E IMGMapper: set:488 set: Unset optional value from type CTA861_3
11-05 22:59:55.911  9990 10034 E IMGMapper: set:488 set: Unset optional value from type SMPTE2086
11-05 22:59:55.911  9990 10034 E IMGMapper: set:488 set: Unset optional value from type CTA861_3
11-05 22:59:55.920  9990 10034 E IMGMapper: set:488 set: Unset optional value from type SMPTE2086
11-05 22:59:55.920  9990 10034 E IMGMapper: set:488 set: Unset optional value from type CTA861_3
11-05 22:59:55.930  9990 10034 E IMGMapper: set:488 set: Unset optional value from type SMPTE2086
11-05 22:59:55.930  9990 10034 E IMGMapper: set:488 set: Unset optional value from type CTA861_3
11-05 22:59:55.945  9990 10034 E IMGMapper: set:488 set: Unset optional value from type SMPTE2086
11-05 22:59:55.946  9990 10034 E IMGMapper: set:488 set: Unset optional value from type CTA861_3
11-05 22:59:55.963  9990 10034 E IMGMapper: set:488 set: Unset optional value from type SMPTE2086
11-05 22:59:55.963  9990 10034 E IMGMapper: set:488 set: Unset optional value from type CTA861_3
11-05 22:59:55.982  9990 10034 E IMGMapper: set:488 set: Unset optional value from type SMPTE2086
11-05 22:59:55.982  9990 10034 E IMGMapper: set:488 set: Unset optional value from type CTA861_3
11-05 22:59:55.982  1039  1039 I BufferQueueProducer: [com.cinemamovel/com.cinemamovel.MainActivity$_9990#687005](this:0xb400007a1f7bb838,id:-1,api:0,p:-1,c:1039) queueBuffer: fps=52.22 dur=1014.93 max=50.05 min=16.02
11-05 22:59:55.984   991   991 I hwcomposer: [HWCDisplay] [Display_0 (type:1)] fps:52.217918,dur:1014.98,max:50.26,min:15.59  
11-05 22:59:55.986  1187  1663 D WifiConnectivityMonitor.NetworkStatsAnalyzer: Backhaul result - RSSI:-58, CE:29, PE:28, TI:33, PTI:32, TW:9, PTW:24, Tx:4667, Rx:2467, TxS:4661, RxS:2459, RESULT:true, IC:0, ICT:5, WC:0, WCT:5, R:14, RC:0, IE:0, EC:0
11-05 22:59:55.998  9990 10034 E IMGMapper: set:488 set: Unset optional value from type SMPTE2086
11-05 22:59:55.998  9990 10034 E IMGMapper: set:488 set: Unset optional value from type CTA861_3
11-05 22:59:56.015  9990 10034 E IMGMapper: set:488 set: Unset optional value from type SMPTE2086
11-05 22:59:56.015  9990 10034 E IMGMapper: set:488 set: Unset optional value from type CTA861_3
11-05 22:59:56.032  9990 10034 E IMGMapper: set:488 set: Unset optional value from type SMPTE2086
11-05 22:59:56.032  9990 10034 E IMGMapper: set:488 set: Unset optional value from type CTA861_3
11-05 22:59:56.048  9990 10034 E IMGMapper: set:488 set: Unset optional value from type SMPTE2086
11-05 22:59:56.048  9990 10034 E IMGMapper: set:488 set: Unset optional value from type CTA861_3
11-05 22:59:56.064  9990 10034 E IMGMapper: set:488 set: Unset optional value from type SMPTE2086
11-05 22:59:56.065  9990 10034 E IMGMapper: set:488 set: Unset optional value from type CTA861_3
11-05 22:59:56.082  9990 10034 E IMGMapper: set:488 set: Unset optional value from type SMPTE2086
11-05 22:59:56.082  9990 10034 E IMGMapper: set:488 set: Unset optional value from type CTA861_3
11-05 22:59:56.099  9990 10034 E IMGMapper: set:488 set: Unset optional value from type SMPTE2086
11-05 22:59:56.099  9990 10034 E IMGMapper: set:488 set: Unset optional value from type CTA861_3
11-05 22:59:56.116  9990 10034 E IMGMapper: set:488 set: Unset optional value from type SMPTE2086
11-05 22:59:56.116  9990 10034 E IMGMapper: set:488 set: Unset optional value from type CTA861_3
11-05 22:59:56.131  9990 10034 E IMGMapper: set:488 set: Unset optional value from type SMPTE2086
11-05 22:59:56.131  9990 10034 E IMGMapper: set:488 set: Unset optional value from type CTA861_3
11-05 22:59:56.152  9990 10034 E IMGMapper: set:488 set: Unset optional value from type SMPTE2086
11-05 22:59:56.153  9990 10034 E IMGMapper: set:488 set: Unset optional value from type CTA861_3
11-05 22:59:56.171  9990 10034 E IMGMapper: set:488 set: Unset optional value from type SMPTE2086
11-05 22:59:56.171  9990 10034 E IMGMapper: set:488 set: Unset optional value from type CTA861_3
11-05 22:59:56.188  9990 10034 E IMGMapper: set:488 set: Unset optional value from type SMPTE2086
11-05 22:59:56.188  9990 10034 E IMGMapper: set:488 set: Unset optional value from type CTA861_3
11-05 22:59:56.197  9990 10034 E IMGMapper: set:488 set: Unset optional value from type SMPTE2086
11-05 22:59:56.197  9990 10034 E IMGMapper: set:488 set: Unset optional value from type CTA861_3
11-05 22:59:56.213  9990 10034 E IMGMapper: set:488 set: Unset optional value from type SMPTE2086
11-05 22:59:56.213  9990 10034 E IMGMapper: set:488 set: Unset optional value from type CTA861_3
11-05 22:59:56.228  9990 10034 E IMGMapper: set:488 set: Unset optional value from type SMPTE2086
11-05 22:59:56.228  9990 10034 E IMGMapper: set:488 set: Unset optional value from type CTA861_3
11-05 22:59:56.247  9990 10034 E IMGMapper: set:488 set: Unset optional value from type SMPTE2086
11-05 22:59:56.247  9990 10034 E IMGMapper: set:488 set: Unset optional value from type CTA861_3
11-05 22:59:56.262  9990 10034 E IMGMapper: set:488 set: Unset optional value from type SMPTE2086
11-05 22:59:56.262  9990 10034 E IMGMapper: set:488 set: Unset optional value from type CTA861_3
11-05 22:59:56.279  9990 10034 E IMGMapper: set:488 set: Unset optional value from type SMPTE2086
11-05 22:59:56.279  9990 10034 E IMGMapper: set:488 set: Unset optional value from type CTA861_3
11-05 22:59:56.296  9990 10034 E IMGMapper: set:488 set: Unset optional value from type SMPTE2086
11-05 22:59:56.296  9990 10034 E IMGMapper: set:488 set: Unset optional value from type CTA861_3
11-05 22:59:56.313  9990 10034 E IMGMapper: set:488 set: Unset optional value from type SMPTE2086
11-05 22:59:56.313  9990 10034 E IMGMapper: set:488 set: Unset optional value from type CTA861_3
11-05 22:59:56.330  9990 10034 E IMGMapper: set:488 set: Unset optional value from type SMPTE2086
11-05 22:59:56.331  9990 10034 E IMGMapper: set:488 set: Unset optional value from type CTA861_3
11-05 22:59:56.348  9990 10034 E IMGMapper: set:488 set: Unset optional value from type SMPTE2086
11-05 22:59:56.348  9990 10034 E IMGMapper: set:488 set: Unset optional value from type CTA861_3
11-05 22:59:56.364  9990 10034 E IMGMapper: set:488 set: Unset optional value from type SMPTE2086
11-05 22:59:56.364  9990 10034 E IMGMapper: set:488 set: Unset optional value from type CTA861_3
11-05 22:59:56.380  9990 10034 E IMGMapper: set:488 set: Unset optional value from type SMPTE2086
11-05 22:59:56.381  9990 10034 E IMGMapper: set:488 set: Unset optional value from type CTA861_3
11-05 22:59:56.397  9990 10034 E IMGMapper: set:488 set: Unset optional value from type SMPTE2086
11-05 22:59:56.397  9990 10034 E IMGMapper: set:488 set: Unset optional value from type CTA861_3
11-05 22:59:56.413  9990 10034 E IMGMapper: set:488 set: Unset optional value from type SMPTE2086
11-05 22:59:56.413  9990 10034 E IMGMapper: set:488 set: Unset optional value from type CTA861_3
11-05 22:59:56.431  9990 10034 E IMGMapper: set:488 set: Unset optional value from type SMPTE2086
11-05 22:59:56.431  9990 10034 E IMGMapper: set:488 set: Unset optional value from type CTA861_3
11-05 22:59:56.447  1187  4544 D InputDispatcher: Inject motion (10141/2000): action=0x0, time=3401318088000000, f=0x0, d=0 dsdx=1.000000 dtdx=0.000000
11-05 22:59:56.447  1187  1534 I InputDispatcher: Delivering touch to (1737): action: 0x4, f=0x0, d=0, 'd92b8ad', t=1 
11-05 22:59:56.448  1187  1534 I InputDispatcher: Delivering touch to (9990): action: 0x0, f=0x0, d=0, '7d3e0c ', t=1 
11-05 22:59:56.448  1187  1534 D PowerManagerService: [api] userActivityFromNative :  (event: 2 flags: 0 displayId: 0) eventTime = 3401318088
11-05 22:59:56.448  9990  9990 I ViewRootImpl@eaf2444[MainActivity]: ViewPostIme pointer 0
11-05 22:59:56.449  9990 10034 E IMGMapper: set:488 set: Unset optional value from type SMPTE2086
11-05 22:59:56.449  9990 10034 E IMGMapper: set:488 set: Unset optional value from type CTA861_3
11-05 22:59:56.449  1187  1303 I GestureDetector: obtain mCurrentDownEvent. id: -865803257 caller: com.android.server.wm.SystemGesturesPointerEventListener.onPointerEvent:203 com.android.server.wm.PointerEventDispatcher.onInputEvent:53 android.view.InputEventReceiver.dispatchInputEvent:285 
11-05 22:59:56.450  1187  1303 I GestureDetector: obtain mCurrentDownEvent. id: -865803257 caller: com.android.server.wm.SystemPerformancePointerEventListener.onPointerEvent:89 com.android.server.wm.PointerEventDispatcher.onInputEvent:53 android.view.InputEventReceiver.dispatchInputEvent:285 
11-05 22:59:56.460  1187  1303 I GestureDetector: obtain mCurrentMotionEventRaw. action: 2 id: -170718798
11-05 22:59:56.461  1187  1303 I GestureDetector: obtain mCurrentMotionEventRaw. action: 2 id: -170718798
11-05 22:59:56.469   896   910 I mtkpower_client: perf_lock_rel, hdl:1046981, tid:910
11-05 22:59:56.469   896   910 I mtkpower_client: perf_lock_acq, hdl:0, dur:0, num:2, tid:910
11-05 22:59:56.470  1014  1065 I libPowerHal: [perfLockRel] hdl:1046981, idx:0
11-05 22:59:56.470  1014  1065 I libPowerHal: vendor.samsung.: cpu_ctrl set cpu freq: 1218000 -1 -1 -1
11-05 22:59:56.471   896   910 I mtkpower_client: ret_hdl:1046983
11-05 22:59:56.471   896   910 I mtkpower_client: perf_lock_rel, hdl:1046982, tid:910
11-05 22:59:56.471  1014  1065 I libPowerHal: [perfLockAcq] idx:1 hdl:1046983 hint:-1 pid:896 duration:0 lock_user:vendor.samsung. => ret_hdl:1046983
11-05 22:59:56.472  9990 10034 E IMGMapper: set:488 set: Unset optional value from type SMPTE2086
11-05 22:59:56.472  9990 10034 E IMGMapper: set:488 set: Unset optional value from type CTA861_3
11-05 22:59:56.472  1014  1065 I libPowerHal: vendor.samsung.: cpu_ctrl set cpu freq: 1218000 -1 1138000 -1
11-05 22:59:56.473   896   910 I mtkpower_client: perf_lock_acq, hdl:0, dur:0, num:2, tid:910
11-05 22:59:56.473  1014  1065 I libPowerHal: [perfLockRel] hdl:1046982, idx:2
11-05 22:59:56.474  1014  1065 I libPowerHal: vendor.samsung.: cpu_ctrl set cpu freq: -1 -1 1138000 -1
11-05 22:59:56.475   896   910 I mtkpower_client: ret_hdl:1046984
11-05 22:59:56.475   896   910 I HYPER-HAL: [RequestManager.cpp]releaseLocked(): Released ID : 725427
11-05 22:59:56.481  9990 10034 E IMGMapper: set:488 set: Unset optional value from type SMPTE2086
11-05 22:59:56.481  9990 10034 E IMGMapper: set:488 set: Unset optional value from type CTA861_3
11-05 22:59:56.482  1014  1065 I libPowerHal: [perfLockAcq] idx:0 hdl:1046984 hint:-1 pid:896 duration:0 lock_user:vendor.samsung. => ret_hdl:1046984
11-05 22:59:56.482  1014  1065 I libPowerHal: vendor.samsung.: cpu_ctrl set cpu freq: 1218000 -1 1138000 -1
11-05 22:59:56.495  9990 10034 E IMGMapper: set:488 set: Unset optional value from type SMPTE2086
11-05 22:59:56.495  9990 10034 E IMGMapper: set:488 set: Unset optional value from type CTA861_3
11-05 22:59:56.527  9990 10034 E IMGMapper: set:488 set: Unset optional value from type SMPTE2086
11-05 22:59:56.527  9990 10034 E IMGMapper: set:488 set: Unset optional value from type CTA861_3
11-05 22:59:56.543  9990 10034 E IMGMapper: set:488 set: Unset optional value from type SMPTE2086
11-05 22:59:56.543  9990 10034 E IMGMapper: set:488 set: Unset optional value from type CTA861_3
11-05 22:59:56.552  9990 10034 E IMGMapper: set:488 set: Unset optional value from type SMPTE2086
11-05 22:59:56.552  9990 10034 E IMGMapper: set:488 set: Unset optional value from type CTA861_3
11-05 22:59:56.562  9990 10034 E IMGMapper: set:488 set: Unset optional value from type SMPTE2086
11-05 22:59:56.562  9990 10034 E IMGMapper: set:488 set: Unset optional value from type CTA861_3
11-05 22:59:56.577  9990 10034 E IMGMapper: set:488 set: Unset optional value from type SMPTE2086
11-05 22:59:56.577  9990 10034 E IMGMapper: set:488 set: Unset optional value from type CTA861_3
11-05 22:59:56.592  9990 10034 E IMGMapper: set:488 set: Unset optional value from type SMPTE2086
11-05 22:59:56.593  9990 10034 E IMGMapper: set:488 set: Unset optional value from type CTA861_3
11-05 22:59:56.612  9990 10034 E IMGMapper: set:488 set: Unset optional value from type SMPTE2086
11-05 22:59:56.612  9990 10034 E IMGMapper: set:488 set: Unset optional value from type CTA861_3
11-05 22:59:56.628  9990 10034 E IMGMapper: set:488 set: Unset optional value from type SMPTE2086
11-05 22:59:56.628  9990 10034 E IMGMapper: set:488 set: Unset optional value from type CTA861_3
11-05 22:59:56.644  9990 10034 E IMGMapper: set:488 set: Unset optional value from type SMPTE2086
11-05 22:59:56.644  9990 10034 E IMGMapper: set:488 set: Unset optional value from type CTA861_3
11-05 22:59:56.674  9990 10034 E IMGMapper: set:488 set: Unset optional value from type SMPTE2086
11-05 22:59:56.674  9990 10034 E IMGMapper: set:488 set: Unset optional value from type CTA861_3
11-05 22:59:56.689  9990  9990 W unknown:WrappingUtils: Don't know how to round that drawable: com.facebook.react.views.image.ReactImageDownloadListener$EmptyDrawable@c02df25
11-05 22:59:56.698  9990 10034 E IMGMapper: set:488 set: Unset optional value from type SMPTE2086
11-05 22:59:56.698  9990 10034 E IMGMapper: set:488 set: Unset optional value from type CTA861_3
11-05 22:59:56.715  9990  9990 W unknown:WrappingUtils: Don't know how to round that drawable: com.facebook.react.views.image.ReactImageDownloadListener$EmptyDrawable@8d478fa
11-05 22:59:56.751  1187  4544 D InputDispatcher: Inject motion (10141/2000): action=0x1, time=3401318392000000, f=0x0, d=0 dsdx=1.000000 dtdx=0.000000
11-05 22:59:56.751  1187  1534 I InputDispatcher: Delivering touch to (9990): action: 0x1, f=0x0, d=0, '7d3e0c ', t=1 
11-05 22:59:56.752  9990 10034 E IMGMapper: set:488 set: Unset optional value from type SMPTE2086
11-05 22:59:56.752  9990 10034 E IMGMapper: set:488 set: Unset optional value from type CTA861_3
11-05 22:59:56.753  1187  1187 I SemDvfsHyPerManager: acquire hyper - SMOOTH_SCROLL/1187@17, type = -999
11-05 22:59:56.756   896   910 I HYPER-HAL: [RequestManager.cpp]acquire(): Acquired ID : 725427  [1187 / 17]    HINT : SMOOTH_SCROLL    list : 
11-05 22:59:56.756  1187  1187 D SGM:GameManager: identifyGamePackage. com.cinemamovel, mCurrentUserId: 0, callerUserId: 0, callingMethodInfo: com.android.server.ssrm.fgapps.GameAppUtils.isGame(GameAppUtils.java:84)
11-05 22:59:56.756  1187  1187 D SGM:PkgDataHelper: getGamePkgData(). com.cinemamovel
11-05 22:59:56.756  9990  9990 I ViewRootImpl@eaf2444[MainActivity]: ViewPostIme pointer 1
11-05 22:59:56.756  1187  1187 I SemDvfsHyPerManager: acquire hyper - GESTURE_DETECTED/1187@18, type = -999
11-05 22:59:56.756   896   910 I mtkpower_client: perf_lock_rel, hdl:1046983, tid:910
11-05 22:59:56.757   896   910 I mtkpower_client: perf_lock_acq, hdl:0, dur:0, num:2, tid:910
11-05 22:59:56.758  1187  1187 D SGM:GameManager: identifyGamePackage. com.cinemamovel, mCurrentUserId: 0, callerUserId: 0, callingMethodInfo: com.android.server.ssrm.fgapps.GameAppUtils.isGame(GameAppUtils.java:84)
11-05 22:59:56.758   896   910 I mtkpower_client: ret_hdl:1046985
11-05 22:59:56.758   896   910 I mtkpower_client: perf_lock_rel, hdl:1046984, tid:910
11-05 22:59:56.758  1187  1187 D SGM:PkgDataHelper: getGamePkgData(). com.cinemamovel
11-05 22:59:56.758  1187  1187 I SemDvfsHyPerManager: acquire hyper - GESTURE_DETECTED/1187@18, type = -999
11-05 22:59:56.758   896   910 I mtkpower_client: perf_lock_acq, hdl:0, dur:0, num:2, tid:910
11-05 22:59:56.758  9990 10135 D skia    : SkJpegCodec::onGetPixels +
11-05 22:59:56.759  1014  1065 I libPowerHal: [perfLockRel] hdl:1046983, idx:1
11-05 22:59:56.759  1014  1065 I libPowerHal: vendor.samsung.: cpu_ctrl set cpu freq: 1218000 -1 -1 -1
11-05 22:59:56.761  1014  1065 I libPowerHal: [perfLockAcq] idx:2 hdl:1046985 hint:-1 pid:896 duration:0 lock_user:vendor.samsung. => ret_hdl:1046985
11-05 22:59:56.761  1014  1065 I libPowerHal: vendor.samsung.: cpu_ctrl set cpu freq: 1218000 -1 1138000 -1
11-05 22:59:56.761  9990 10034 E IMGMapper: set:488 set: Unset optional value from type SMPTE2086
11-05 22:59:56.761  9990 10034 E IMGMapper: set:488 set: Unset optional value from type CTA861_3
11-05 22:59:56.762  1014  1065 I libPowerHal: [perfLockRel] hdl:1046984, idx:0
11-05 22:59:56.764  1014  1065 I libPowerHal: vendor.samsung.: cpu_ctrl set cpu freq: -1 -1 1138000 -1
11-05 22:59:56.765   896   910 I mtkpower_client: ret_hdl:1046986
11-05 22:59:56.765  1014  1065 I libPowerHal: [perfLockAcq] idx:3 hdl:1046986 hint:-1 pid:896 duration:0 lock_user:vendor.samsung. => ret_hdl:1046986
11-05 22:59:56.765   896   910 I mtkpower_client: perf_lock_rel, hdl:1046985, tid:910
11-05 22:59:56.765  1014  1065 I libPowerHal: vendor.samsung.: cpu_ctrl set cpu freq: 1218000 -1 1138000 -1
11-05 22:59:56.766  1187  1187 I SemDvfsHyPerManager: acquire hyper - SMOOTH_SCROLL/1187@17, type = -999
11-05 22:59:56.767   896   910 I mtkpower_client: perf_lock_acq, hdl:0, dur:0, num:2, tid:910
11-05 22:59:56.768  1014  1065 I libPowerHal: [perfLockRel] hdl:1046985, idx:2
11-05 22:59:56.768  1014  1065 I libPowerHal: vendor.samsung.: cpu_ctrl set cpu freq: 1218000 -1 -1 -1
11-05 22:59:56.769   896   910 I mtkpower_client: ret_hdl:1046987
11-05 22:59:56.769   896   910 I mtkpower_client: perf_lock_rel, hdl:1046986, tid:910
11-05 22:59:56.769  1014  1065 I libPowerHal: [perfLockAcq] idx:0 hdl:1046987 hint:-1 pid:896 duration:0 lock_user:vendor.samsung. => ret_hdl:1046987
11-05 22:59:56.769  1014  1065 I libPowerHal: vendor.samsung.: cpu_ctrl set cpu freq: 1218000 -1 1138000 -1
11-05 22:59:56.769   896   910 I mtkpower_client: perf_lock_acq, hdl:0, dur:0, num:2, tid:910
11-05 22:59:56.770  1014  1065 I libPowerHal: [perfLockRel] hdl:1046986, idx:3
11-05 22:59:56.770  1014  1065 I libPowerHal: vendor.samsung.: cpu_ctrl set cpu freq: -1 -1 1138000 -1
11-05 22:59:56.771   896   910 I mtkpower_client: ret_hdl:1046988
11-05 22:59:56.771   896   910 I HYPER-HAL: [RequestManager.cpp]releaseLocked(): Released ID : 725427
11-05 22:59:56.771   896   910 I HYPER-HAL: [RequestManager.cpp]acquire(): Acquired ID : 726633  [1187 / 18]    HINT : GESTURE_DETECTED    list : [TIMEOUT / 1702] 
11-05 22:59:56.772   896   910 I HYPER-HAL: [RequestManager.cpp]acquire(): Acquired ID : 726633  [1187 / 18]    HINT : GESTURE_DETECTED    list : [TIMEOUT / 1702] 
11-05 22:59:56.772   896   910 I HYPER-HAL: [RequestManager.cpp]acquire(): Acquired ID : 725427  [1187 / 17]    HINT : SMOOTH_SCROLL    list : 
11-05 22:59:56.772  1014  1065 I libPowerHal: [perfLockAcq] idx:1 hdl:1046988 hint:-1 pid:896 duration:0 lock_user:vendor.samsung. => ret_hdl:1046988
11-05 22:59:56.772  1014  1065 I libPowerHal: vendor.samsung.: cpu_ctrl set cpu freq: 1218000 -1 1138000 -1
11-05 22:59:56.772   896   910 I mtkpower_client: perf_lock_rel, hdl:1046987, tid:910
11-05 22:59:56.772   896   910 I mtkpower_client: perf_lock_acq, hdl:0, dur:0, num:2, tid:910
11-05 22:59:56.773  1014  1065 I libPowerHal: [perfLockRel] hdl:1046987, idx:0
11-05 22:59:56.773  1014  1065 I libPowerHal: vendor.samsung.: cpu_ctrl set cpu freq: 1218000 -1 -1 -1
11-05 22:59:56.774   896   910 I mtkpower_client: ret_hdl:1046989
11-05 22:59:56.774   896   910 I mtkpower_client: perf_lock_rel, hdl:1046988, tid:910
11-05 22:59:56.774   896   910 I mtkpower_client: perf_lock_acq, hdl:0, dur:0, num:2, tid:910
11-05 22:59:56.775   896   910 I mtkpower_client: ret_hdl:1046990
11-05 22:59:56.776  1014  1065 I libPowerHal: [perfLockAcq] idx:2 hdl:1046989 hint:-1 pid:896 duration:0 lock_user:vendor.samsung. => ret_hdl:1046989
11-05 22:59:56.776  1014  1065 I libPowerHal: vendor.samsung.: cpu_ctrl set cpu freq: 1218000 -1 1138000 -1
11-05 22:59:56.776  1014  1065 I libPowerHal: [perfLockRel] hdl:1046988, idx:1
11-05 22:59:56.777  1014  1065 I libPowerHal: vendor.samsung.: cpu_ctrl set cpu freq: -1 -1 1138000 -1
11-05 22:59:56.777  9990 10034 E IMGMapper: set:488 set: Unset optional value from type SMPTE2086
11-05 22:59:56.777  9990 10034 E IMGMapper: set:488 set: Unset optional value from type CTA861_3
11-05 22:59:56.778  1014  1065 I libPowerHal: [perfLockAcq] idx:0 hdl:1046990 hint:-1 pid:896 duration:0 lock_user:vendor.samsung. => ret_hdl:1046990
11-05 22:59:56.778  9990 10135 D skia    : SkJpegCodec::onGetPixels -
11-05 22:59:56.778  1014  1065 I libPowerHal: vendor.samsung.: cpu_ctrl set cpu freq: 1218000 -1 1138000 -1
11-05 22:59:56.791  9990 10034 E IMGMapper: set:488 set: Unset optional value from type SMPTE2086
11-05 22:59:56.792  9990 10034 E IMGMapper: set:488 set: Unset optional value from type CTA861_3
11-05 22:59:56.809  9990 10034 E IMGMapper: set:488 set: Unset optional value from type SMPTE2086
11-05 22:59:56.809  9990 10034 E IMGMapper: set:488 set: Unset optional value from type CTA861_3
11-05 22:59:56.820  9990  9990 W unknown:WrappingUtils: Don't know how to round that drawable: com.facebook.react.views.image.ReactImageDownloadListener$EmptyDrawable@43e84d
11-05 22:59:56.842  9990 10034 E IMGMapper: set:488 set: Unset optional value from type SMPTE2086
11-05 22:59:56.842  9990 10034 E IMGMapper: set:488 set: Unset optional value from type CTA861_3
11-05 22:59:56.855  9990 10034 E IMGMapper: set:488 set: Unset optional value from type SMPTE2086
11-05 22:59:56.855  9990 10034 E IMGMapper: set:488 set: Unset optional value from type CTA861_3
11-05 22:59:56.860  9990  9990 W unknown:WrappingUtils: Don't know how to round that drawable: com.facebook.react.views.image.ReactImageDownloadListener$EmptyDrawable@af22614
11-05 22:59:56.865  9990 10137 D skia    : SkJpegCodec::onGetPixels +
11-05 22:59:56.885  9990 10137 D skia    : SkJpegCodec::onGetPixels -
11-05 22:59:56.903  9990 10034 E IMGMapper: set:488 set: Unset optional value from type SMPTE2086
11-05 22:59:56.903  9990 10034 E IMGMapper: set:488 set: Unset optional value from type CTA861_3
11-05 22:59:56.905  9990 10138 D skia    : SkJpegCodec::onGetPixels +
11-05 22:59:56.918  9990 10083 D skia    : SkJpegCodec::onGetPixels +
11-05 22:59:56.925  9990 10138 D skia    : SkJpegCodec::onGetPixels -
11-05 22:59:56.931  9990 10034 E IMGMapper: set:488 set: Unset optional value from type SMPTE2086
11-05 22:59:56.931  9990 10034 E IMGMapper: set:488 set: Unset optional value from type CTA861_3
11-05 22:59:56.938  9990 10083 D skia    : SkJpegCodec::onGetPixels -
11-05 22:59:56.951  9990 10034 E IMGMapper: set:488 set: Unset optional value from type SMPTE2086
11-05 22:59:56.952  9990 10034 E IMGMapper: set:488 set: Unset optional value from type CTA861_3
11-05 22:59:56.964  9990 10034 E IMGMapper: set:488 set: Unset optional value from type SMPTE2086
11-05 22:59:56.964  9990 10034 E IMGMapper: set:488 set: Unset optional value from type CTA861_3
11-05 22:59:56.984  9990 10034 E IMGMapper: set:488 set: Unset optional value from type SMPTE2086
11-05 22:59:56.984  9990 10034 E IMGMapper: set:488 set: Unset optional value from type CTA861_3
11-05 22:59:56.997  1039  1039 I BufferQueueProducer: [com.cinemamovel/com.cinemamovel.MainActivity$_9990#687005](this:0xb400007a1f7bb838,id:-1,api:0,p:-1,c:1039) queueBuffer: fps=54.17 dur=1015.35 max=50.15 min=16.07
11-05 22:59:56.999   991   991 I hwcomposer: [HWCDisplay] [Display_0 (type:1)] fps:54.163742,dur:1015.44,max:50.66,min:15.33  
11-05 22:59:57.000  9990 10034 E IMGMapper: set:488 set: Unset optional value from type SMPTE2086
11-05 22:59:57.000  9990 10034 E IMGMapper: set:488 set: Unset optional value from type CTA861_3
11-05 22:59:57.011  9990 10034 E IMGMapper: set:488 set: Unset optional value from type SMPTE2086
11-05 22:59:57.011  9990 10034 E IMGMapper: set:488 set: Unset optional value from type CTA861_3
11-05 22:59:57.028  9990 10034 E IMGMapper: set:488 set: Unset optional value from type SMPTE2086
11-05 22:59:57.028  9990 10034 E IMGMapper: set:488 set: Unset optional value from type CTA861_3
11-05 22:59:57.044  9990 10034 E IMGMapper: set:488 set: Unset optional value from type SMPTE2086
11-05 22:59:57.045  9990 10034 E IMGMapper: set:488 set: Unset optional value from type CTA861_3
11-05 22:59:57.045  9990 10107 D skia    : SkJpegCodec::onGetPixels +
11-05 22:59:57.061  9990 10107 D skia    : SkJpegCodec::onGetPixels -
11-05 22:59:57.062  9990 10034 E IMGMapper: set:488 set: Unset optional value from type SMPTE2086
11-05 22:59:57.063  9990 10034 E IMGMapper: set:488 set: Unset optional value from type CTA861_3
11-05 22:59:57.078  9990 10034 E IMGMapper: set:488 set: Unset optional value from type SMPTE2086
11-05 22:59:57.078  9990 10034 E IMGMapper: set:488 set: Unset optional value from type CTA861_3
11-05 22:59:57.091  9990 10034 E IMGMapper: set:488 set: Unset optional value from type SMPTE2086
11-05 22:59:57.092  9990 10034 E IMGMapper: set:488 set: Unset optional value from type CTA861_3
11-05 22:59:57.114  9990 10034 E IMGMapper: set:488 set: Unset optional value from type SMPTE2086
11-05 22:59:57.114  9990 10034 E IMGMapper: set:488 set: Unset optional value from type CTA861_3
11-05 22:59:57.126  9990 10034 E IMGMapper: set:488 set: Unset optional value from type SMPTE2086
11-05 22:59:57.126  9990 10034 E IMGMapper: set:488 set: Unset optional value from type CTA861_3
11-05 22:59:57.142  9990 10034 E IMGMapper: set:488 set: Unset optional value from type SMPTE2086
