11-05 23:00:03.246  9990 10042 I ReactNativeJS:     {
11-05 23:00:03.246  9990 10042 I ReactNativeJS:       "id": 1188808,
11-05 23:00:03.246  9990 10042 I ReactNativeJS:       "durationMs": 334
11-05 23:00:03.246  9990 10042 I ReactNativeJS:     },
11-05 23:00:03.246  9990 10042 I ReactNativeJS:     {
11-05 23:00:03.246  9990 10042 I ReactNativeJS:       "id": 980477,
11-05 23:00:03.246  9990 10042 I ReactNativeJS:       "durationMs": 475
11-05 23:00:03.246  9990 10042 I ReactNativeJS:     },
11-05 23:00:03.246  9990 10042 I ReactNativeJS:     {
11-05 23:00:03.246  9990 10042 I ReactNativeJS:       "id": 155,
11-05 23:00:03.246  9990 10042 I ReactNativeJS:       "durationMs": 1
11-05 23:00:03.246  9990 10042 I ReactNativeJS:     },
11-05 23:00:03.246  9990 10042 I ReactNativeJS:     {
11-05 23:00:03.246  9990 10042 I ReactNativeJS:       "id": 552524,
11-05 23:00:03.246  9990 10042 I ReactNativeJS:       "durationMs": 240
11-05 23:00:03.246  9990 10042 I ReactNativeJS:     },
11-05 23:00:03.246  9990 10042 I ReactNativeJS:     {
11-05 23:00:03.246  9990 10042 I ReactNativeJS:       "id": 1252428,
11-05 23:00:03.246  9990 10042 I ReactNativeJS:       "durationMs": 525
11-05 23:00:03.246  9990 10042 I ReactNativeJS:     },
11-05 23:00:03.246  9990 10042 I ReactNativeJS:     {
11-05 23:00:03.246  9990 10042 I ReactNativeJS:       "id": 604079,
11-05 23:00:03.246  9990 10042 I ReactNativeJS:       "durationMs": 525
11-05 23:00:03.246  9990 10042 I ReactNativeJS:     },
11-05 23:00:03.246  9990 10042 I ReactNativeJS:     {
11-05 23:00:03.246  9990 10042 I ReactNativeJS:       "id": 1321439,
11-05 23:00:03.246  9990 10042 I ReactNativeJS:       "durationMs": 287
11-05 23:00:03.246  9990 10042 I ReactNativeJS:     },
11-05 23:00:03.246  9990 10042 I ReactNativeJS:     {
11-05 23:00:03.246  9990 10042 I ReactNativeJS:       "id": 541671,
11-05 23:00:03.246  9990 10042 I ReactNativeJS:       "durationMs": 492
11-05 23:00:03.246  9990 10042 I ReactNativeJS:     },
11-05 23:00:03.246  9990 10042 I ReactNativeJS:     {
11-05 23:00:03.246  9990 10042 I ReactNativeJS:       "id": 1022787,
11-05 23:00:03.246  9990 10042 I ReactNativeJS:       "durationMs": 337
11-05 23:00:03.246  9990 10042 I ReactNativeJS:     },
11-05 23:00:03.246  9990 10042 I ReactNativeJS:     {
11-05 23:00:03.246  9990 10042 I ReactNativeJS:       "id": 138843,
11-05 23:00:03.246  9990 10042 I ReactNativeJS:       "durationMs": 338
11-05 23:00:03.246  9990 10042 I ReactNativeJS:     },
11-05 23:00:03.246  9990 10042 I ReactNativeJS:     {
11-05 23:00:03.246  9990 10042 I ReactNativeJS:       "id": 1284120,
11-05 23:00:03.246  9990 10042 I ReactNativeJS:       "durationMs": 1
11-05 23:00:03.246  9990 10042 I ReactNativeJS:     },
11-05 23:00:03.246  9990 10042 I ReactNativeJS:     {
11-05 23:00:03.246  9990 10042 I ReactNativeJS:       "id": 1367575,
11-05 23:00:03.246  9990 10042 I ReactNativeJS:       "durationMs": 260
11-05 23:00:03.246  9990 10042 I ReactNativeJS:     },
11-05 23:00:03.246  9990 10042 I ReactNativeJS:     {
11-05 23:00:03.246  9990 10042 I ReactNativeJS:       "id": 993234,
11-05 23:00:03.246  9990 10042 I ReactNativeJS:       "durationMs": 322
11-05 23:00:03.246  9990 10042 I ReactNativeJS:     },
11-05 23:00:03.246  9990 10042 I ReactNativeJS:     {
11-05 23:00:03.246  9990 10042 I ReactNativeJS:       "id": 1125257,
11-05 23:00:03.246  9990 10042 I ReactNativeJS:       "durationMs": 322
11-05 23:00:03.246  9990 10042 I ReactNativeJS:     },
11-05 23:00:03.246  9990 10042 I ReactNativeJS:     {
11-05 23:00:03.246  9990 10042 I ReactNativeJS:       "id": 660033,
11-05 23:00:03.246  9990 10042 I ReactNativeJS:       "durationMs": 305
11-05 23:00:03.246  9990 10042 I ReactNativeJS:     },
11-05 23:00:03.246  9990 10042 I ReactNativeJS:     {
11-05 23:00:03.246  9990 10042 I ReactNativeJS:       "id": 994682,
11-05 23:00:03.246  9990 10042 I ReactNativeJS:       "durationMs": 305
11-05 23:00:03.246  9990 10042 I ReactNativeJS:     },
11-05 23:00:03.246  9990 10042 I ReactNativeJS:     {
11-05 23:00:03.246  9990 10042 I ReactNativeJS:       "id": 715287,
11-05 23:00:03.246  9990 10042 I ReactNativeJS:       "durationMs": 591
11-05 23:00:03.246  9990 10042 I ReactNativeJS:     },
11-05 23:00:03.246  9990 10042 I ReactNativeJS:     {
11-05 23:00:03.246  9990 10042 I ReactNativeJS:       "id": 157336,
11-05 23:00:03.246  9990 10042 I ReactNativeJS:       "durationMs": 686
11-05 23:00:03.246  9990 10042 I ReactNativeJS:     }
11-05 23:00:03.246  9990 10042 I ReactNativeJS:   ],
11-05 23:00:03.246  9990 10042 I ReactNativeJS:   "navigationEvents": [
11-05 23:00:03.246  9990 10042 I ReactNativeJS:     {
11-05 23:00:03.246  9990 10042 I ReactNativeJS:       "action": "focus_dashboard",
11-05 23:00:03.246  9990 10042 I ReactNativeJS:       "timestamp": 1762394386963
11-05 23:00:03.246  9990 10042 I ReactNativeJS:     }
11-05 23:00:03.246  9990 10042 I ReactNativeJS:   ]
11-05 23:00:03.246  9990 10042 I ReactNativeJS: }
11-05 23:00:03.246  9990 10042 I ReactNativeJS: ---IMG_METRICS_END---
11-05 23:00:03.247  9990  9990 W unknown:WrappingUtils: Don't know how to round that drawable: com.facebook.react.views.image.ReactImageDownloadListener$EmptyDrawable@6517d15
11-05 23:00:03.276  9990 10034 E IMGMapper: set:488 set: Unset optional value from type SMPTE2086
11-05 23:00:03.276  9990 10034 E IMGMapper: set:488 set: Unset optional value from type CTA861_3
11-05 23:00:03.291  9990 10034 E IMGMapper: set:488 set: Unset optional value from type SMPTE2086
11-05 23:00:03.292  9990 10034 E IMGMapper: set:488 set: Unset optional value from type CTA861_3
11-05 23:00:03.304  9990 10034 E IMGMapper: set:488 set: Unset optional value from type SMPTE2086
11-05 23:00:03.304  9990 10034 E IMGMapper: set:488 set: Unset optional value from type CTA861_3
11-05 23:00:03.317  9990 10034 E IMGMapper: set:488 set: Unset optional value from type SMPTE2086
11-05 23:00:03.317  9990 10034 E IMGMapper: set:488 set: Unset optional value from type CTA861_3
11-05 23:00:03.333  9990 10034 E IMGMapper: set:488 set: Unset optional value from type SMPTE2086
11-05 23:00:03.333  9990 10034 E IMGMapper: set:488 set: Unset optional value from type CTA861_3
11-05 23:00:03.350  9990 10034 E IMGMapper: set:488 set: Unset optional value from type SMPTE2086
11-05 23:00:03.350  9990 10034 E IMGMapper: set:488 set: Unset optional value from type CTA861_3
11-05 23:00:03.366  9990 10034 E IMGMapper: set:488 set: Unset optional value from type SMPTE2086
11-05 23:00:03.366  9990 10034 E IMGMapper: set:488 set: Unset optional value from type CTA861_3
11-05 23:00:03.383  9990 10034 E IMGMapper: set:488 set: Unset optional value from type SMPTE2086
11-05 23:00:03.383  9990 10034 E IMGMapper: set:488 set: Unset optional value from type CTA861_3
11-05 23:00:03.400  9990 10034 E IMGMapper: set:488 set: Unset optional value from type SMPTE2086
11-05 23:00:03.400  9990 10034 E IMGMapper: set:488 set: Unset optional value from type CTA861_3
11-05 23:00:03.419  9990 10034 E IMGMapper: set:488 set: Unset optional value from type SMPTE2086
11-05 23:00:03.419  9990 10034 E IMGMapper: set:488 set: Unset optional value from type CTA861_3
11-05 23:00:03.433  9990 10034 E IMGMapper: set:488 set: Unset optional value from type SMPTE2086
11-05 23:00:03.433  9990 10034 E IMGMapper: set:488 set: Unset optional value from type CTA861_3
11-05 23:00:03.444  9990  9990 W unknown:WrappingUtils: Don't know how to round that drawable: com.facebook.react.views.image.ReactImageDownloadListener$EmptyDrawable@8cbc2df
11-05 23:00:03.459  9990 10034 E IMGMapper: set:488 set: Unset optional value from type SMPTE2086
11-05 23:00:03.460  9990 10034 E IMGMapper: set:488 set: Unset optional value from type CTA861_3
11-05 23:00:03.475  9990 10034 E IMGMapper: set:488 set: Unset optional value from type SMPTE2086
11-05 23:00:03.475  9990 10034 E IMGMapper: set:488 set: Unset optional value from type CTA861_3
11-05 23:00:03.476  9990  9990 W unknown:WrappingUtils: Don't know how to round that drawable: com.facebook.react.views.image.ReactImageDownloadListener$EmptyDrawable@b9c1b2c
11-05 23:00:03.518  9990 10034 E IMGMapper: set:488 set: Unset optional value from type SMPTE2086
11-05 23:00:03.518  9990 10034 E IMGMapper: set:488 set: Unset optional value from type CTA861_3
11-05 23:00:03.526  9990 10034 E IMGMapper: set:488 set: Unset optional value from type SMPTE2086
11-05 23:00:03.527  9990 10034 E IMGMapper: set:488 set: Unset optional value from type CTA861_3
11-05 23:00:03.537  9990 10034 E IMGMapper: set:488 set: Unset optional value from type SMPTE2086
11-05 23:00:03.537  9990 10034 E IMGMapper: set:488 set: Unset optional value from type CTA861_3
11-05 23:00:03.553  9990 10034 E IMGMapper: set:488 set: Unset optional value from type SMPTE2086
11-05 23:00:03.553  9990 10034 E IMGMapper: set:488 set: Unset optional value from type CTA861_3
11-05 23:00:03.566  9990 10034 E IMGMapper: set:488 set: Unset optional value from type SMPTE2086
11-05 23:00:03.566  9990 10034 E IMGMapper: set:488 set: Unset optional value from type CTA861_3
11-05 23:00:03.579   543   543 D io_stats: !@ 179,0 r 628181465 7589195222 w 113743666 1204559108 d 1261334 33797840 f 0 0 iot 323342424 0 th 0 0 0 pt 0 inp 0 0 3401325.221
11-05 23:00:03.582  9990 10034 E IMGMapper: set:488 set: Unset optional value from type SMPTE2086
11-05 23:00:03.582  9990 10034 E IMGMapper: set:488 set: Unset optional value from type CTA861_3
11-05 23:00:03.599  9990 10034 E IMGMapper: set:488 set: Unset optional value from type SMPTE2086
11-05 23:00:03.599  9990 10034 E IMGMapper: set:488 set: Unset optional value from type CTA861_3
11-05 23:00:03.618  9990 10034 E IMGMapper: set:488 set: Unset optional value from type SMPTE2086
11-05 23:00:03.618  9990 10034 E IMGMapper: set:488 set: Unset optional value from type CTA861_3
11-05 23:00:03.633  9990 10034 E IMGMapper: set:488 set: Unset optional value from type SMPTE2086
11-05 23:00:03.633  9990 10034 E IMGMapper: set:488 set: Unset optional value from type CTA861_3
11-05 23:00:03.653  9990 10034 E IMGMapper: set:488 set: Unset optional value from type SMPTE2086
11-05 23:00:03.653  9990 10034 E IMGMapper: set:488 set: Unset optional value from type CTA861_3
11-05 23:00:03.666  9990 10034 E IMGMapper: set:488 set: Unset optional value from type SMPTE2086
11-05 23:00:03.666  9990 10034 E IMGMapper: set:488 set: Unset optional value from type CTA861_3
11-05 23:00:03.683  9990 10034 E IMGMapper: set:488 set: Unset optional value from type SMPTE2086
11-05 23:00:03.683  9990 10034 E IMGMapper: set:488 set: Unset optional value from type CTA861_3
11-05 23:00:03.699  9990 10034 E IMGMapper: set:488 set: Unset optional value from type SMPTE2086
11-05 23:00:03.699  9990 10034 E IMGMapper: set:488 set: Unset optional value from type CTA861_3
11-05 23:00:03.710  9990  9990 W unknown:WrappingUtils: Don't know how to round that drawable: com.facebook.react.views.image.ReactImageDownloadListener$EmptyDrawable@8942906
11-05 23:00:03.724  9990 10034 E IMGMapper: set:488 set: Unset optional value from type SMPTE2086
11-05 23:00:03.724  9990 10034 E IMGMapper: set:488 set: Unset optional value from type CTA861_3
11-05 23:00:03.738  9990 10034 E IMGMapper: set:488 set: Unset optional value from type SMPTE2086
11-05 23:00:03.738  9990 10034 E IMGMapper: set:488 set: Unset optional value from type CTA861_3
11-05 23:00:03.747  9990  9990 W unknown:WrappingUtils: Don't know how to round that drawable: com.facebook.react.views.image.ReactImageDownloadListener$EmptyDrawable@dd14142
11-05 23:00:03.759  9990 10034 E IMGMapper: set:488 set: Unset optional value from type SMPTE2086
11-05 23:00:03.759  9990 10034 E IMGMapper: set:488 set: Unset optional value from type CTA861_3
11-05 23:00:03.773  9990 10034 E IMGMapper: set:488 set: Unset optional value from type SMPTE2086
11-05 23:00:03.773  9990 10034 E IMGMapper: set:488 set: Unset optional value from type CTA861_3
11-05 23:00:03.781  9990  9990 W unknown:WrappingUtils: Don't know how to round that drawable: com.facebook.react.views.image.ReactImageDownloadListener$EmptyDrawable@f071553
11-05 23:00:03.793  9990  9990 W unknown:WrappingUtils: Don't know how to round that drawable: com.facebook.react.views.image.ReactImageDownloadListener$EmptyDrawable@fb58e90
11-05 23:00:03.826  9990 10034 E IMGMapper: set:488 set: Unset optional value from type SMPTE2086
11-05 23:00:03.826  9990 10034 E IMGMapper: set:488 set: Unset optional value from type CTA861_3
11-05 23:00:03.833  9990 10034 E IMGMapper: set:488 set: Unset optional value from type SMPTE2086
11-05 23:00:03.833  9990 10034 E IMGMapper: set:488 set: Unset optional value from type CTA861_3
11-05 23:00:03.851  9990 10034 E IMGMapper: set:488 set: Unset optional value from type SMPTE2086
11-05 23:00:03.851  9990 10034 E IMGMapper: set:488 set: Unset optional value from type CTA861_3
11-05 23:00:03.859  9990 10083 D skia    : SkJpegCodec::onGetPixels +
11-05 23:00:03.871  9990 10034 E IMGMapper: set:488 set: Unset optional value from type SMPTE2086
11-05 23:00:03.871  9990 10034 E IMGMapper: set:488 set: Unset optional value from type CTA861_3
11-05 23:00:03.879  9990 10083 D skia    : SkJpegCodec::onGetPixels -
11-05 23:00:03.886  9990 10034 E IMGMapper: set:488 set: Unset optional value from type SMPTE2086
11-05 23:00:03.886  9990 10034 E IMGMapper: set:488 set: Unset optional value from type CTA861_3
11-05 23:00:03.900  9990 10034 E IMGMapper: set:488 set: Unset optional value from type SMPTE2086
11-05 23:00:03.900  9990 10034 E IMGMapper: set:488 set: Unset optional value from type CTA861_3
11-05 23:00:03.919  9990 10034 E IMGMapper: set:488 set: Unset optional value from type SMPTE2086
11-05 23:00:03.919  9990 10034 E IMGMapper: set:488 set: Unset optional value from type CTA861_3
11-05 23:00:03.931  9990 10034 E IMGMapper: set:488 set: Unset optional value from type SMPTE2086
11-05 23:00:03.931  9990 10034 E IMGMapper: set:488 set: Unset optional value from type CTA861_3
11-05 23:00:03.949  9990 10034 E IMGMapper: set:488 set: Unset optional value from type SMPTE2086
11-05 23:00:03.949  9990 10034 E IMGMapper: set:488 set: Unset optional value from type CTA861_3
11-05 23:00:03.953  1737  1942 D MobileStatusTracker(0/2): onSignalStrengthsChanged level=3, vendorLevel=3
11-05 23:00:03.956  1737  1942 D MobileSignalController(0/2): notifyListener: enabled=true, connected=true, dataConnected=true, networkType=LTE (4G), emergencyOnly=false, roaming=false, isDefault=false, dataActivity=, level=3, ca=false, mmWave=false, disabledDataIcon=false, simCard=ETC
11-05 23:00:03.957  1737  1942 D NetworkController: SignalStrength from intent slotId=0
11-05 23:00:03.966  9990 10034 E IMGMapper: set:488 set: Unset optional value from type SMPTE2086
11-05 23:00:03.967  9990 10034 E IMGMapper: set:488 set: Unset optional value from type CTA861_3
11-05 23:00:03.982  9990 10034 E IMGMapper: set:488 set: Unset optional value from type SMPTE2086
11-05 23:00:03.982  9990 10034 E IMGMapper: set:488 set: Unset optional value from type CTA861_3
11-05 23:00:03.999  9990 10034 E IMGMapper: set:488 set: Unset optional value from type SMPTE2086
11-05 23:00:03.999  9990 10034 E IMGMapper: set:488 set: Unset optional value from type CTA861_3
11-05 23:00:04.015  9990 10034 E IMGMapper: set:488 set: Unset optional value from type SMPTE2086
11-05 23:00:04.015  9990 10034 E IMGMapper: set:488 set: Unset optional value from type CTA861_3
11-05 23:00:04.032  9990 10034 E IMGMapper: set:488 set: Unset optional value from type SMPTE2086
11-05 23:00:04.032  9990 10034 E IMGMapper: set:488 set: Unset optional value from type CTA861_3
11-05 23:00:04.048  9990 10034 E IMGMapper: set:488 set: Unset optional value from type SMPTE2086
11-05 23:00:04.048  9990 10034 E IMGMapper: set:488 set: Unset optional value from type CTA861_3
11-05 23:00:04.067  9990 10034 E IMGMapper: set:488 set: Unset optional value from type SMPTE2086
11-05 23:00:04.067  9990 10034 E IMGMapper: set:488 set: Unset optional value from type CTA861_3
11-05 23:00:04.102  9990 10034 E IMGMapper: set:488 set: Unset optional value from type SMPTE2086
11-05 23:00:04.102  9990 10034 E IMGMapper: set:488 set: Unset optional value from type CTA861_3
11-05 23:00:04.114  9990 10034 E IMGMapper: set:488 set: Unset optional value from type SMPTE2086
11-05 23:00:04.114  9990 10034 E IMGMapper: set:488 set: Unset optional value from type CTA861_3
11-05 23:00:04.121  1039  1039 I BufferQueueProducer: [com.cinemamovel/com.cinemamovel.MainActivity$_9990#687005](this:0xb400007a1f7bb838,id:-1,api:0,p:-1,c:1039) queueBuffer: fps=55.24 dur=1031.87 max=50.26 min=16.12
11-05 23:00:04.121  1693  1693 I WifiHAL : Get link layer stats
11-05 23:00:04.121  1693  1693 I WifiHAL : GetLinkStatsCommand::create
11-05 23:00:04.121  1693  1693 D android.hardware.wifi@1.0-service-lazy: WifiRequest::create vendor command to iface 38, vendor_id=0x1a11, subcmd=0x1200, res=0
11-05 23:00:04.122  1693  1693 I android.hardware.wifi@1.0-service-lazy: WifiCommand::requestResponse err=-95
11-05 23:00:04.122  1693  1693 I WifiHAL : wifi_get_link_stats: result=-3
11-05 23:00:04.123   991   991 I hwcomposer: [HWCDisplay] [Display_0 (type:1)] fps:55.264332,dur:1031.41,max:50.30,min:15.55  
11-05 23:00:04.123  1187  1566 E WifiVendorHal: getWifiLinkLayerStats_1_5_Internal(l.1179) failed {.code = ERROR_NOT_SUPPORTED, .description = }
11-05 23:00:04.130  9990 10034 E IMGMapper: set:488 set: Unset optional value from type SMPTE2086
11-05 23:00:04.130  9990 10034 E IMGMapper: set:488 set: Unset optional value from type CTA861_3
11-05 23:00:04.146  1187 22074 D SemWifiUsabilityStatsMonitor: onWifiUsabilityStats - seqNum 106849, isSameBssidAndFreq true
11-05 23:00:04.148  1187  1645 I SemWifiLinkQualityMonitor: Link Qos query: inf. ms / 0 Mbps
11-05 23:00:04.150  9990 10034 E IMGMapper: set:488 set: Unset optional value from type SMPTE2086
11-05 23:00:04.150  9990 10034 E IMGMapper: set:488 set: Unset optional value from type CTA861_3
11-05 23:00:04.153  1187  1588 D ConnectivityService: notifyType CALLBACK_CAP_CHANGED for [214 WIFI]
11-05 23:00:04.165  1187  1621 D SemWifiSwitchForIndividualAppsService: stopTCPMonitoring : already stopped
11-05 23:00:04.169  9990 10034 E IMGMapper: set:488 set: Unset optional value from type SMPTE2086
11-05 23:00:04.169  9990 10034 E IMGMapper: set:488 set: Unset optional value from type CTA861_3
11-05 23:00:04.173  1187  1621 I WifiConnectivityMonitor.NCC: sNetworkCallback(oCC) FULL : 214(true/false)[ Transports: WIFI Capabilities: NOT_METERED&INTERNET&NOT_RESTRICTED&TRUSTED&NOT_VPN&VALIDATED&NOT_ROAMING&FOREGROUND&NOT_CONGESTED&NOT_SUSPENDED&NOT_VCN_MANAGED LinkUpBandwidth>=12000Kbps LinkDnBandwidth>=30000Kbps TransportInfo: <SSID: <unknown ssid>, BSSID: 02:00:00:**:**:00, MAC: 02:00:00:**:**:00, IP: /192.168.100.28, Security type: 2, Supplicant state: COMPLETED, Wi-Fi standard: 4, RSSI: -65, Link speed: 65Mbps, Tx Link speed: 65Mbps, Max Supported Tx Link speed: 150Mbps, Rx Link speed: 65Mbps, Max Supported Rx Link speed: 150Mbps, Frequency: 2462MHz, Net ID: -1, Metered hint: false, score: 60, isUsable: true, CarrierMerged: false, SubscriptionId: -1, IsPrimary: 1, Trusted: true, Restricted: false, Ephemeral: false, OEM paid: false, OEM private: false, OSU AP: false, FQDN: <none>, Provider friendly name: <none>, Requesting package name: <none><none>MLO Information: , AP MLD Address: <none>, AP MLO Link Id: <none>, AP MLO Affiliated links: <none>> SignalStrength: -65 AdminUids: [1000] SSID: "SOUZA-2G" UnderlyingNetworks: Null]
11-05 23:00:04.180  9990 10034 E IMGMapper: set:488 set: Unset optional value from type SMPTE2086
11-05 23:00:04.181  9990 10034 E IMGMapper: set:488 set: Unset optional value from type CTA861_3
11-05 23:00:04.183  1187  1661 I WifiConnectivityMonitor: current mode : 3
11-05 23:00:04.183  1187  1661 D OpenNetworkQos[4.00]: updateBssidNoInternet: mBssidNoInternet = false
11-05 23:00:04.183  1187  1661 D OpenNetworkQos[4.00]: getOpenNetworkQosNoInternetStatus: false
11-05 23:00:04.183  1187  1661 D OpenNetworkQos[4.00]: getOpenNetworkQosScores: 26 23 16 
11-05 23:00:04.183  1187  1661 D SettingsProvider: isChangeAllowed() : name = wifi_wcm_qos_sharing_score_summary
11-05 23:00:04.183  1187  1661 D WifiConnectivityMonitor: VALIDATED_DETECTED
11-05 23:00:04.200  1737  1942 D NetworkController.WifiSignalController: notifyListener: visible=true, connected=true, inetCondition=1, isDefault=true, wifiTestReported=true, receivedInetCondition=-1, hideDuringMobileSwitching=false
11-05 23:00:04.209  9990 10034 E IMGMapper: set:488 set: Unset optional value from type SMPTE2086
11-05 23:00:04.209  9990 10034 E IMGMapper: set:488 set: Unset optional value from type CTA861_3
11-05 23:00:04.210 15628 15628 I wpa_supplicant: Heartbeat 716
11-05 23:00:04.218 23351 23425 I HBD     : g onCapabilitiesChanged network : 214 current network state : wifi 
11-05 23:00:04.226  1737  1942 D Tile.WifiTile: handleUpdateState isTransient=false transientEnabling =false cb.isTransient=false state.state = 2 mStateBeforeClick.value =false enabled =true
11-05 23:00:04.230  9990 10034 E IMGMapper: set:488 set: Unset optional value from type SMPTE2086
11-05 23:00:04.230  9990 10034 E IMGMapper: set:488 set: Unset optional value from type CTA861_3
11-05 23:00:04.231 16493 17359 I NullBinder: NullBinder for android.net.action.RECOMMEND_NETWORKS triggering remote TransactionTooLargeException due to Service without Chimera impl, calling uid: 1000, calling pid: 0
11-05 23:00:04.235 16493 17359 W .gms.persistent: Large reply transaction of 1056768 bytes, interface descriptor , code 1
11-05 23:00:04.240  9990 10034 E IMGMapper: set:488 set: Unset optional value from type SMPTE2086
11-05 23:00:04.240  9990 10034 E IMGMapper: set:488 set: Unset optional value from type CTA861_3
11-05 23:00:04.247  1737  1796 E IMGMapper: set:488 set: Unset optional value from type SMPTE2086
11-05 23:00:04.247  1737  1796 E IMGMapper: set:488 set: Unset optional value from type CTA861_3
11-05 23:00:04.248  9990 10034 E IMGMapper: set:488 set: Unset optional value from type SMPTE2086
11-05 23:00:04.249  9990 10034 E IMGMapper: set:488 set: Unset optional value from type CTA861_3
11-05 23:00:04.254  1039  1039 I BufferQueueProducer: [StatusBar$_1737#534029](this:0xb400007a1f0ca838,id:-1,api:0,p:-1,c:1039) queueBuffer: fps=0.24 dur=4110.82 max=4110.82 min=4110.82
11-05 23:00:04.264  9990 10034 E IMGMapper: set:488 set: Unset optional value from type SMPTE2086
11-05 23:00:04.264  9990 10034 E IMGMapper: set:488 set: Unset optional value from type CTA861_3
11-05 23:00:04.281  9990 10034 E IMGMapper: set:488 set: Unset optional value from type SMPTE2086
11-05 23:00:04.281  9990 10034 E IMGMapper: set:488 set: Unset optional value from type CTA861_3
11-05 23:00:04.285 15856 15963 I BugleRcsEngine: handleMessage processing message:[NOTIFY_UPTIME_IGNORE_STATE_CHANGED] with [non-null]:RcsEngineImpl reference [CONTEXT log_prefix="RcsEngineImpl[DUAL_REG]:[ab7e325e-a93e]>Handler" thread_id=471 ]
11-05 23:00:04.285 15856 15916 I BugleRcsEngine: Connected state: [1], networkType: [WIFI] [CONTEXT thread_id=461 ]
11-05 23:00:04.298  9990 10034 E IMGMapper: set:488 set: Unset optional value from type SMPTE2086
11-05 23:00:04.298  9990 10034 E IMGMapper: set:488 set: Unset optional value from type CTA861_3
11-05 23:00:04.299 15856 15963 I BugleRcsEngine: Cannot use CS.apk as it's battery optimized [CONTEXT thread_id=471 ]
11-05 23:00:04.310  1187  4549 D CompatibilityChangeReporter: Compat change id reported: 135634846; UID 10201; state: DISABLED
11-05 23:00:04.310  1187  4549 D CompatibilityChangeReporter: Compat change id reported: 177438394; UID 10201; state: DISABLED
11-05 23:00:04.310  1187  4549 D CompatibilityChangeReporter: Compat change id reported: 135772972; UID 10201; state: DISABLED
11-05 23:00:04.311  1187  4549 D CompatibilityChangeReporter: Compat change id reported: 135754954; UID 10201; state: ENABLED
11-05 23:00:04.311  1187  1339 D CompatibilityChangeReporter: Compat change id reported: 143937733; UID 10201; state: ENABLED
11-05 23:00:04.314  9990 10034 E IMGMapper: set:488 set: Unset optional value from type SMPTE2086
11-05 23:00:04.315  9990 10034 E IMGMapper: set:488 set: Unset optional value from type CTA861_3
11-05 23:00:04.325 23351 23351 I HBD     : g onCapabilityChanged  setNetworkState currentNetworkState : wifi 
11-05 23:00:04.326 23351 23351 I HBD     : h LogTag.TAG_LMDOWNLOAD network status is changed.
11-05 23:00:04.329   881   881 D Zygote  : Forked child process 10181
11-05 23:00:04.330  1187  1339 I ActivityManager: Start proc 10181:com.google.android.apps.messaging/u0a201 for content provider {com.google.android.apps.messaging/com.google.android.apps.messaging.shared.datamodel.provider.sharedstorage.SharedStorageProvider}
11-05 23:00:04.331  9990 10034 E IMGMapper: set:488 set: Unset optional value from type SMPTE2086
11-05 23:00:04.331  9990 10034 E IMGMapper: set:488 set: Unset optional value from type CTA861_3
11-05 23:00:04.348  9990 10034 E IMGMapper: set:488 set: Unset optional value from type SMPTE2086
11-05 23:00:04.348  9990 10034 E IMGMapper: set:488 set: Unset optional value from type CTA861_3
11-05 23:00:04.356 10181 10181 I .apps.messaging: Using CollectorTypeCC GC.
11-05 23:00:04.365  9990 10034 E IMGMapper: set:488 set: Unset optional value from type SMPTE2086
11-05 23:00:04.365  9990 10034 E IMGMapper: set:488 set: Unset optional value from type CTA861_3
11-05 23:00:04.377  4017  4022 I adbd    : jdwp connection from 10181
11-05 23:00:04.378 10181 10181 D ActivityThread: setConscryptValidator
11-05 23:00:04.378 10181 10181 D ActivityThread: setConscryptValidator - put
11-05 23:00:04.381  9990 10034 E IMGMapper: set:488 set: Unset optional value from type SMPTE2086
11-05 23:00:04.381  9990 10034 E IMGMapper: set:488 set: Unset optional value from type CTA861_3
11-05 23:00:04.398  9990 10034 E IMGMapper: set:488 set: Unset optional value from type SMPTE2086
11-05 23:00:04.398  9990 10034 E IMGMapper: set:488 set: Unset optional value from type CTA861_3
11-05 23:00:04.400 10181 10181 D CompatibilityChangeReporter: Compat change id reported: 171979766; UID 10201; state: ENABLED
11-05 23:00:04.415  9990 10034 E IMGMapper: set:488 set: Unset optional value from type SMPTE2086
11-05 23:00:04.415  9990 10034 E IMGMapper: set:488 set: Unset optional value from type CTA861_3
11-05 23:00:04.431  9990 10034 E IMGMapper: set:488 set: Unset optional value from type SMPTE2086
11-05 23:00:04.431  9990 10034 E IMGMapper: set:488 set: Unset optional value from type CTA861_3
11-05 23:00:04.436 16493  7098 W AOSP-MdnsDiscoveryManag: Error while decoding multicast packet (2493): 1 [CONTEXT service_id=168 ]
11-05 23:00:04.450 16493  8937 W LogErrorOperation: onLogError callback failed.
11-05 23:00:04.458  1187  4549 D InputDispatcher: Inject motion (10198/2000): action=0x0, time=3401326099000000, f=0x0, d=0 dsdx=1.000000 dtdx=0.000000
11-05 23:00:04.458  1187  1534 I InputDispatcher: Delivering touch to (1737): action: 0x4, f=0x0, d=0, 'd92b8ad', t=1 
11-05 23:00:04.459  1187  1534 I InputDispatcher: Delivering touch to (9990): action: 0x0, f=0x0, d=0, '7d3e0c ', t=1 
11-05 23:00:04.459  1187  1534 D PowerManagerService: [api] userActivityFromNative :  (event: 2 flags: 0 displayId: 0) eventTime = 3401326099
11-05 23:00:04.460  1187  1303 I GestureDetector: obtain mCurrentDownEvent. id: -176662832 caller: com.android.server.wm.SystemGesturesPointerEventListener.onPointerEvent:203 com.android.server.wm.PointerEventDispatcher.onInputEvent:53 android.view.InputEventReceiver.dispatchInputEvent:285 
11-05 23:00:04.461  1187  1303 I GestureDetector: obtain mCurrentDownEvent. id: -176662832 caller: com.android.server.wm.SystemPerformancePointerEventListener.onPointerEvent:89 com.android.server.wm.PointerEventDispatcher.onInputEvent:53 android.view.InputEventReceiver.dispatchInputEvent:285 
11-05 23:00:04.462  9990  9990 W unknown:WrappingUtils: Don't know how to round that drawable: com.facebook.react.views.image.ReactImageDownloadListener$EmptyDrawable@482b84c
11-05 23:00:04.463  9990 10034 E IMGMapper: set:488 set: Unset optional value from type SMPTE2086
11-05 23:00:04.464  9990 10034 E IMGMapper: set:488 set: Unset optional value from type CTA861_3
11-05 23:00:04.465 10181 10181 D nativeloader: Configuring clns-4 for other apk /system/framework/org.apache.http.legacy.jar. target_sdk_version=36, uses_libraries=ALL, library_path=/data/app/~~C9HGX9vOHIcUitoLJNc36g==/com.google.android.apps.messaging-7FVlpX0gPGIu6O1TKafHKQ==/lib/arm64:/data/app/~~C9HGX9vOHIcUitoLJNc36g==/com.google.android.apps.messaging-7FVlpX0gPGIu6O1TKafHKQ==/base.apk!/lib/arm64-v8a:/data/app/~~C9HGX9vOHIcUitoLJNc36g==/com.google.android.apps.messaging-7FVlpX0gPGIu6O1TKafHKQ==/split_config.arm64_v8a.apk!/lib/arm64-v8a:/data/app/~~C9HGX9vOHIcUitoLJNc36g==/com.google.android.apps.messaging-7FVlpX0gPGIu6O1TKafHKQ==/split_config.pt.apk!/lib/arm64-v8a:/data/app/~~C9HGX9vOHIcUitoLJNc36g==/com.google.android.apps.messaging-7FVlpX0gPGIu6O1TKafHKQ==/split_config.xhdpi.apk!/lib/arm64-v8a, permitted_path=/data:/mnt/expand:/data/user/0/com.google.android.apps.messaging
11-05 23:00:04.466  9990 10113 D skia    : SkJpegCodec::onGetPixels +
11-05 23:00:04.466 10181 10181 D nativeloader: Extending system_exposed_libraries: libexifa.camera.samsung.so:libjpega.camera.samsung.so:libOpenCv.camera.samsung.so:libImageScreener.camera.samsung.so:libHpr_RecGAE_cvFeature_v1.0.camera.samsung.so:libHprFace_GAE_api.camera.samsung.so:libHprFace_GAE_jni.camera.samsung.so:libObjectAndSceneClassification_2.5_OD.camera.samsung.so:libQREngine.camera.samsung.so:libInteractiveSegmentation.camera.samsung.so:libsmart_cropping.camera.samsung.so:libFacePreProcessing_jni.camera.samsung.so:libhumantracking_util.camera.samsung.so:libMyFilterPlugin.camera.samsung.so:libsecjpeginterface.camera.samsung.so:libsurfaceutil.camera.samsung.so:libsecimaging_pdk.camera.samsung.so:libsecimaging.camera.samsung.so:libsce_v1.crypto.samsung.so:lib_vnd_client.dk.samsung.so:lib_native_client.dk.samsung.so:lib_nativeJni.dk.samsung.so:lib.engmodejni.samsung.so:libSFEffect.fonteffect.samsung.so:libknox_remotedesktopclient.knox.samsung.so:libheifcapture_jni.media.samsung.so:libjpegsq.media.samsung.so:libslljpeg.media.samsung.so:libsemimage
11-05 23:00:04.469  9990 10111 D skia    : SkJpegCodec::onGetPixels +
11-05 23:00:04.471  9990 10107 D skia    : SkJpegCodec::onGetPixels +
11-05 23:00:04.477  9990  9990 I ViewRootImpl@eaf2444[MainActivity]: ViewPostIme pointer 0
11-05 23:00:04.483  9990 10034 E IMGMapper: set:488 set: Unset optional value from type SMPTE2086
11-05 23:00:04.483  9990 10034 E IMGMapper: set:488 set: Unset optional value from type CTA861_3
11-05 23:00:04.484  9990 10113 D skia    : SkJpegCodec::onGetPixels -
11-05 23:00:04.486 16493  8937 W LogErrorOperation: onLogError callback failed.
11-05 23:00:04.496  9990 10111 D skia    : SkJpegCodec::onGetPixels -
11-05 23:00:04.499  9990 10107 D skia    : SkJpegCodec::onGetPixels -
11-05 23:00:04.499 16493  8937 W LogErrorOperation: onLogError callback failed.
11-05 23:00:04.501  1187  1303 I GestureDetector: obtain mCurrentMotionEventRaw. action: 2 id: -952946150
11-05 23:00:04.502  1187  1303 I GestureDetector: obtain mCurrentMotionEventRaw. action: 2 id: -952946150
11-05 23:00:04.504  9990 10112 D skia    : SkJpegCodec::onGetPixels +
11-05 23:00:04.516  9990  9990 W unknown:WrappingUtils: Don't know how to round that drawable: com.facebook.react.views.image.ReactImageDownloadListener$EmptyDrawable@fc3081
11-05 23:00:04.522  9990 10112 D skia    : SkJpegCodec::onGetPixels -
11-05 23:00:04.544  9990 10034 E IMGMapper: set:488 set: Unset optional value from type SMPTE2086
11-05 23:00:04.545  9990 10034 E IMGMapper: set:488 set: Unset optional value from type CTA861_3
11-05 23:00:04.547   896   910 I mtkpower_client: perf_lock_rel, hdl:1047021, tid:910
11-05 23:00:04.548   896   910 I mtkpower_client: perf_lock_acq, hdl:0, dur:0, num:2, tid:910
11-05 23:00:04.549  1014  1065 I libPowerHal: [perfLockRel] hdl:1047021, idx:1
11-05 23:00:04.549  1014  1065 I libPowerHal: vendor.samsung.: cpu_ctrl set cpu freq: 1218000 -1 -1 -1
11-05 23:00:04.550   896   910 I mtkpower_client: ret_hdl:1047023
11-05 23:00:04.550   896   910 I mtkpower_client: perf_lock_rel, hdl:1047022, tid:910
11-05 23:00:04.550   896   910 I mtkpower_client: perf_lock_acq, hdl:0, dur:0, num:2, tid:910
11-05 23:00:04.551   896   910 I mtkpower_client: ret_hdl:1047024
11-05 23:00:04.551   896   910 I HYPER-HAL: [RequestManager.cpp]releaseLocked(): Released ID : 725427
11-05 23:00:04.551  1014  1065 I libPowerHal: [perfLockAcq] idx:0 hdl:1047023 hint:-1 pid:896 duration:0 lock_user:vendor.samsung. => ret_hdl:1047023
11-05 23:00:04.551  1014  1065 I libPowerHal: vendor.samsung.: cpu_ctrl set cpu freq: 1218000 -1 1138000 -1
11-05 23:00:04.552  1014  1065 I libPowerHal: [perfLockRel] hdl:1047022, idx:2
11-05 23:00:04.552  1014  1065 I libPowerHal: vendor.samsung.: cpu_ctrl set cpu freq: -1 -1 1138000 -1
11-05 23:00:04.555  9990 10135 D skia    : SkJpegCodec::onGetPixels +
11-05 23:00:04.555  1014  1065 I libPowerHal: [perfLockAcq] idx:1 hdl:1047024 hint:-1 pid:896 duration:0 lock_user:vendor.samsung. => ret_hdl:1047024
11-05 23:00:04.561  1014  1065 I libPowerHal: vendor.samsung.: cpu_ctrl set cpu freq: 1218000 -1 1138000 -1
11-05 23:00:04.564  9990 10034 E IMGMapper: set:488 set: Unset optional value from type SMPTE2086
11-05 23:00:04.564  9990 10034 E IMGMapper: set:488 set: Unset optional value from type CTA861_3
11-05 23:00:04.573  9990 10135 D skia    : SkJpegCodec::onGetPixels -
11-05 23:00:04.585  9990 10034 E IMGMapper: set:488 set: Unset optional value from type SMPTE2086
11-05 23:00:04.585  9990 10034 E IMGMapper: set:488 set: Unset optional value from type CTA861_3
11-05 23:00:04.599  9990 10034 E IMGMapper: set:488 set: Unset optional value from type SMPTE2086
11-05 23:00:04.599  9990 10034 E IMGMapper: set:488 set: Unset optional value from type CTA861_3
11-05 23:00:04.613  9990 10034 E IMGMapper: set:488 set: Unset optional value from type SMPTE2086
11-05 23:00:04.613  9990 10034 E IMGMapper: set:488 set: Unset optional value from type CTA861_3
11-05 23:00:04.630  9990 10034 E IMGMapper: set:488 set: Unset optional value from type SMPTE2086
11-05 23:00:04.630  9990 10034 E IMGMapper: set:488 set: Unset optional value from type CTA861_3
11-05 23:00:04.646  9990 10034 E IMGMapper: set:488 set: Unset optional value from type SMPTE2086
11-05 23:00:04.646  9990 10034 E IMGMapper: set:488 set: Unset optional value from type CTA861_3
11-05 23:00:04.662  9990 10034 E IMGMapper: set:488 set: Unset optional value from type SMPTE2086
11-05 23:00:04.662  9990 10034 E IMGMapper: set:488 set: Unset optional value from type CTA861_3
11-05 23:00:04.681  9990 10034 E IMGMapper: set:488 set: Unset optional value from type SMPTE2086
11-05 23:00:04.681  9990 10034 E IMGMapper: set:488 set: Unset optional value from type CTA861_3
11-05 23:00:04.698  9990 10034 E IMGMapper: set:488 set: Unset optional value from type SMPTE2086
11-05 23:00:04.698  9990 10034 E IMGMapper: set:488 set: Unset optional value from type CTA861_3
11-05 23:00:04.714  9990 10034 E IMGMapper: set:488 set: Unset optional value from type SMPTE2086
11-05 23:00:04.714  9990 10034 E IMGMapper: set:488 set: Unset optional value from type CTA861_3
11-05 23:00:04.729  9990 10034 E IMGMapper: set:488 set: Unset optional value from type SMPTE2086
11-05 23:00:04.729  9990 10034 E IMGMapper: set:488 set: Unset optional value from type CTA861_3
11-05 23:00:04.749  9990 10034 E IMGMapper: set:488 set: Unset optional value from type SMPTE2086
11-05 23:00:04.749  9990 10034 E IMGMapper: set:488 set: Unset optional value from type CTA861_3
11-05 23:00:04.763  9990 10034 E IMGMapper: set:488 set: Unset optional value from type SMPTE2086
11-05 23:00:04.763  9990 10034 E IMGMapper: set:488 set: Unset optional value from type CTA861_3
11-05 23:00:04.767  1187  4549 D InputDispatcher: Inject motion (10198/2000): action=0x1, time=3401326408000000, f=0x0, d=0 dsdx=1.000000 dtdx=0.000000
11-05 23:00:04.768  1187  1534 I InputDispatcher: Delivering touch to (9990): action: 0x1, f=0x0, d=0, '7d3e0c ', t=1 
11-05 23:00:04.769  1187  1187 I SemDvfsHyPerManager: acquire hyper - SMOOTH_SCROLL/1187@17, type = -999
11-05 23:00:04.769   896   910 I HYPER-HAL: [RequestManager.cpp]acquire(): Acquired ID : 725427  [1187 / 17]    HINT : SMOOTH_SCROLL    list : 
11-05 23:00:04.770  9990  9990 I ViewRootImpl@eaf2444[MainActivity]: ViewPostIme pointer 1
11-05 23:00:04.770   896   910 I mtkpower_client: perf_lock_rel, hdl:1047023, tid:910
11-05 23:00:04.771  1014  1065 I libPowerHal: [perfLockRel] hdl:1047023, idx:0
11-05 23:00:04.772   896   910 I mtkpower_client: perf_lock_acq, hdl:0, dur:0, num:2, tid:910
11-05 23:00:04.773  1187  1187 D SGM:GameManager: identifyGamePackage. com.cinemamovel, mCurrentUserId: 0, callerUserId: 0, callingMethodInfo: com.android.server.ssrm.fgapps.GameAppUtils.isGame(GameAppUtils.java:84)
11-05 23:00:04.773  1187  1187 D SGM:PkgDataHelper: getGamePkgData(). com.cinemamovel
11-05 23:00:04.773  1187  1187 I SemDvfsHyPerManager: acquire hyper - GESTURE_DETECTED/1187@18, type = -999
11-05 23:00:04.775  1187  1187 D SGM:GameManager: identifyGamePackage. com.cinemamovel, mCurrentUserId: 0, callerUserId: 0, callingMethodInfo: com.android.server.ssrm.fgapps.GameAppUtils.isGame(GameAppUtils.java:84)
11-05 23:00:04.775  1187  1187 D SGM:PkgDataHelper: getGamePkgData(). com.cinemamovel
11-05 23:00:04.775  1187  1187 I SemDvfsHyPerManager: acquire hyper - GESTURE_DETECTED/1187@18, type = -999
11-05 23:00:04.776  1014  1065 I libPowerHal: vendor.samsung.: cpu_ctrl set cpu freq: 1218000 -1 -1 -1
11-05 23:00:04.777   896   910 I mtkpower_client: ret_hdl:1047025
11-05 23:00:04.777   896   910 I mtkpower_client: perf_lock_rel, hdl:1047024, tid:910
11-05 23:00:04.777  1014  1065 I libPowerHal: [perfLockAcq] idx:0 hdl:1047025 hint:-1 pid:896 duration:0 lock_user:vendor.samsung. => ret_hdl:1047025
11-05 23:00:04.777  1014  1065 I libPowerHal: vendor.samsung.: cpu_ctrl set cpu freq: 1218000 -1 1138000 -1
11-05 23:00:04.778   896   910 I mtkpower_client: perf_lock_acq, hdl:0, dur:0, num:2, tid:910
11-05 23:00:04.779  1014  1065 I libPowerHal: [perfLockRel] hdl:1047024, idx:1
11-05 23:00:04.780  1014  1065 I libPowerHal: vendor.samsung.: cpu_ctrl set cpu freq: -1 -1 1138000 -1
11-05 23:00:04.781   896   910 I mtkpower_client: ret_hdl:1047026
11-05 23:00:04.781   896   910 I mtkpower_client: perf_lock_rel, hdl:1047025, tid:910
11-05 23:00:04.781  1014  1065 I libPowerHal: [perfLockAcq] idx:2 hdl:1047026 hint:-1 pid:896 duration:0 lock_user:vendor.samsung. => ret_hdl:1047026
11-05 23:00:04.782  1014  1065 I libPowerHal: vendor.samsung.: cpu_ctrl set cpu freq: 1218000 -1 1138000 -1
11-05 23:00:04.782   896   910 I mtkpower_client: perf_lock_acq, hdl:0, dur:0, num:2, tid:910
11-05 23:00:04.783  1014  1065 I libPowerHal: [perfLockRel] hdl:1047025, idx:0
11-05 23:00:04.783  1014  1065 I libPowerHal: vendor.samsung.: cpu_ctrl set cpu freq: 1218000 -1 -1 -1
11-05 23:00:04.784 16493  8766 I NearbySharing: Network state changed: NetworkState(isRestricted=false, isOnline=true, isCongested=false, isMetered=false, isWifiConnected=true)
11-05 23:00:04.785   896   910 I mtkpower_client: ret_hdl:1047027
11-05 23:00:04.785   896   910 I mtkpower_client: perf_lock_rel, hdl:1047026, tid:910
11-05 23:00:04.786   896   910 I mtkpower_client: perf_lock_acq, hdl:0, dur:0, num:2, tid:910
11-05 23:00:04.788   896   910 I mtkpower_client: ret_hdl:1047028
11-05 23:00:04.788   896   910 I HYPER-HAL: [RequestManager.cpp]releaseLocked(): Released ID : 725427
11-05 23:00:04.788   896   910 I HYPER-HAL: [RequestManager.cpp]acquire(): Acquired ID : 726633  [1187 / 18]    HINT : GESTURE_DETECTED    list : [TIMEOUT / 1702] 
11-05 23:00:04.789   896   910 I HYPER-HAL: [RequestManager.cpp]acquire(): Acquired ID : 726633  [1187 / 18]    HINT : GESTURE_DETECTED    list : [TIMEOUT / 1702] 
11-05 23:00:04.790  1014  1065 I libPowerHal: [perfLockAcq] idx:1 hdl:1047027 hint:-1 pid:896 duration:0 lock_user:vendor.samsung. => ret_hdl:1047027
11-05 23:00:04.790  1014  1065 I libPowerHal: vendor.samsung.: cpu_ctrl set cpu freq: 1218000 -1 1138000 -1
11-05 23:00:04.792  9990 10034 E IMGMapper: set:488 set: Unset optional value from type SMPTE2086
11-05 23:00:04.792  9990 10034 E IMGMapper: set:488 set: Unset optional value from type CTA861_3
11-05 23:00:04.793  1014  1065 I libPowerHal: [perfLockRel] hdl:1047026, idx:2
11-05 23:00:04.793  1014  1065 I libPowerHal: vendor.samsung.: cpu_ctrl set cpu freq: -1 -1 1138000 -1
11-05 23:00:04.795  1014  1065 I libPowerHal: [perfLockAcq] idx:0 hdl:1047028 hint:-1 pid:896 duration:0 lock_user:vendor.samsung. => ret_hdl:1047028
11-05 23:00:04.795  1014  1065 I libPowerHal: vendor.samsung.: cpu_ctrl set cpu freq: 1218000 -1 1138000 -1
11-05 23:00:04.798  1187  1187 I SemDvfsHyPerManager: acquire hyper - SMOOTH_SCROLL/1187@17, type = -999
11-05 23:00:04.798   896   910 I HYPER-HAL: [RequestManager.cpp]acquire(): Acquired ID : 725427  [1187 / 17]    HINT : SMOOTH_SCROLL    list : 
11-05 23:00:04.799   896   910 I mtkpower_client: perf_lock_rel, hdl:1047027, tid:910
11-05 23:00:04.800  1014  1065 I libPowerHal: [perfLockRel] hdl:1047027, idx:1
11-05 23:00:04.800  1014  1065 I libPowerHal: vendor.samsung.: cpu_ctrl set cpu freq: 1218000 -1 -1 -1
11-05 23:00:04.801   896   910 I mtkpower_client: perf_lock_acq, hdl:0, dur:0, num:2, tid:910
11-05 23:00:04.802  1014  1065 I libPowerHal: [perfLockAcq] idx:1 hdl:1047029 hint:-1 pid:896 duration:0 lock_user:vendor.samsung. => ret_hdl:1047029
11-05 23:00:04.802  1014  1065 I libPowerHal: vendor.samsung.: cpu_ctrl set cpu freq: 1218000 -1 1138000 -1
11-05 23:00:04.803  9990 10034 E IMGMapper: set:488 set: Unset optional value from type SMPTE2086
11-05 23:00:04.803  9990 10034 E IMGMapper: set:488 set: Unset optional value from type CTA861_3
11-05 23:00:04.803   896   910 I mtkpower_client: ret_hdl:1047029
11-05 23:00:04.803   896   910 I mtkpower_client: perf_lock_rel, hdl:1047028, tid:910
11-05 23:00:04.805   896   910 I mtkpower_client: perf_lock_acq, hdl:0, dur:0, num:2, tid:910
11-05 23:00:04.806  1014  1065 I libPowerHal: [perfLockRel] hdl:1047028, idx:0
11-05 23:00:04.807  1014  1065 I libPowerHal: vendor.samsung.: cpu_ctrl set cpu freq: -1 -1 1138000 -1
11-05 23:00:04.808   896   910 I mtkpower_client: ret_hdl:1047030
11-05 23:00:04.809  1014  1065 I libPowerHal: [perfLockAcq] idx:2 hdl:1047030 hint:-1 pid:896 duration:0 lock_user:vendor.samsung. => ret_hdl:1047030
11-05 23:00:04.809  1014  1065 I libPowerHal: vendor.samsung.: cpu_ctrl set cpu freq: 1218000 -1 1138000 -1
11-05 23:00:04.832  9990 10034 E IMGMapper: set:488 set: Unset optional value from type SMPTE2086
11-05 23:00:04.832  9990 10034 E IMGMapper: set:488 set: Unset optional value from type CTA861_3
11-05 23:00:04.843  9990 10034 E IMGMapper: set:488 set: Unset optional value from type SMPTE2086
11-05 23:00:04.843  9990 10034 E IMGMapper: set:488 set: Unset optional value from type CTA861_3
11-05 23:00:04.850  9990 10034 E IMGMapper: set:488 set: Unset optional value from type SMPTE2086
11-05 23:00:04.850  9990 10034 E IMGMapper: set:488 set: Unset optional value from type CTA861_3
11-05 23:00:04.863  9990 10137 D skia    : SkJpegCodec::onGetPixels +
11-05 23:00:04.865  9990 10034 E IMGMapper: set:488 set: Unset optional value from type SMPTE2086
11-05 23:00:04.866  9990 10034 E IMGMapper: set:488 set: Unset optional value from type CTA861_3
11-05 23:00:04.883  9990 10034 E IMGMapper: set:488 set: Unset optional value from type SMPTE2086
11-05 23:00:04.884  9990 10034 E IMGMapper: set:488 set: Unset optional value from type CTA861_3
11-05 23:00:04.890  9990 10137 D skia    : SkJpegCodec::onGetPixels -
11-05 23:00:04.899  9990 10034 E IMGMapper: set:488 set: Unset optional value from type SMPTE2086
11-05 23:00:04.899  9990 10034 E IMGMapper: set:488 set: Unset optional value from type CTA861_3
11-05 23:00:04.909  9990  9990 W unknown:WrappingUtils: Don't know how to round that drawable: com.facebook.react.views.image.ReactImageDownloadListener$EmptyDrawable@be72e86
11-05 23:00:04.927  9990 10034 E IMGMapper: set:488 set: Unset optional value from type SMPTE2086
11-05 23:00:04.927  9990 10034 E IMGMapper: set:488 set: Unset optional value from type CTA861_3
11-05 23:00:04.939  9990 10034 E IMGMapper: set:488 set: Unset optional value from type SMPTE2086
11-05 23:00:04.939  9990 10034 E IMGMapper: set:488 set: Unset optional value from type CTA861_3
11-05 23:00:04.963  9990  9990 W unknown:WrappingUtils: Don't know how to round that drawable: com.facebook.react.views.image.ReactImageDownloadListener$EmptyDrawable@34f910c
11-05 23:00:04.964  9990 10138 D skia    : SkJpegCodec::onGetPixels +
11-05 23:00:04.971  9990 10083 D skia    : SkJpegCodec::onGetPixels +
11-05 23:00:04.983  9990 10083 D skia    : SkJpegCodec::onGetPixels -
11-05 23:00:04.987  9990 10138 D skia    : SkJpegCodec::onGetPixels -
11-05 23:00:05.007  9990 10034 E IMGMapper: set:488 set: Unset optional value from type SMPTE2086
11-05 23:00:05.007  9990 10034 E IMGMapper: set:488 set: Unset optional value from type CTA861_3
11-05 23:00:05.020  9990 10034 E IMGMapper: set:488 set: Unset optional value from type SMPTE2086
11-05 23:00:05.020  9990 10034 E IMGMapper: set:488 set: Unset optional value from type CTA861_3
11-05 23:00:05.048  9990 10034 E IMGMapper: set:488 set: Unset optional value from type SMPTE2086
11-05 23:00:05.049  9990 10034 E IMGMapper: set:488 set: Unset optional value from type CTA861_3
11-05 23:00:05.061  9990 10034 E IMGMapper: set:488 set: Unset optional value from type SMPTE2086
11-05 23:00:05.061  9990 10034 E IMGMapper: set:488 set: Unset optional value from type CTA861_3
11-05 23:00:05.090  9990 10034 E IMGMapper: set:488 set: Unset optional value from type SMPTE2086
11-05 23:00:05.090  9990 10034 E IMGMapper: set:488 set: Unset optional value from type CTA861_3
11-05 23:00:05.091  9990 10113 D skia    : SkJpegCodec::onGetPixels +
11-05 23:00:05.098  9990 10034 E IMGMapper: set:488 set: Unset optional value from type SMPTE2086
11-05 23:00:05.099  9990 10034 E IMGMapper: set:488 set: Unset optional value from type CTA861_3
11-05 23:00:05.115  9990 10034 E IMGMapper: set:488 set: Unset optional value from type SMPTE2086
11-05 23:00:05.116  9990 10034 E IMGMapper: set:488 set: Unset optional value from type CTA861_3
11-05 23:00:05.117  9990 10113 D skia    : SkJpegCodec::onGetPixels -
11-05 23:00:05.133  9990 10034 E IMGMapper: set:488 set: Unset optional value from type SMPTE2086
11-05 23:00:05.133  9990 10034 E IMGMapper: set:488 set: Unset optional value from type CTA861_3
11-05 23:00:05.136  1039  1039 I BufferQueueProducer: [com.cinemamovel/com.cinemamovel.MainActivity$_9990#687005](this:0xb400007a1f7bb838,id:-1,api:0,p:-1,c:1039) queueBuffer: fps=52.20 dur=1015.36 max=66.62 min=16.40
11-05 23:00:05.139   991   991 I hwcomposer: [HWCDisplay] [Display_0 (type:1)] fps:52.164406,dur:1016.02,max:67.27,min:15.75  
11-05 23:00:05.149  9990 10034 E IMGMapper: set:488 set: Unset optional value from type SMPTE2086
11-05 23:00:05.150  9990 10034 E IMGMapper: set:488 set: Unset optional value from type CTA861_3
11-05 23:00:05.180  9990 10034 E IMGMapper: set:488 set: Unset optional value from type SMPTE2086
11-05 23:00:05.180  9990 10034 E IMGMapper: set:488 set: Unset optional value from type CTA861_3
11-05 23:00:05.193  9990 10034 E IMGMapper: set:488 set: Unset optional value from type SMPTE2086
11-05 23:00:05.193  9990 10034 E IMGMapper: set:488 set: Unset optional value from type CTA861_3
11-05 23:00:05.203  9990 10034 E IMGMapper: set:488 set: Unset optional value from type SMPTE2086
11-05 23:00:05.203  9990 10034 E IMGMapper: set:488 set: Unset optional value from type CTA861_3
11-05 23:00:05.212  1187  1633 I ChimeraAggressivePolicyHandler: executePolicy() - triggerSource: TRIGGER_SOURCE_LMKD
11-05 23:00:05.215  1187  1633 I ChimeraAggressivePolicyHandler: available memory: 1151268, free memory target: 747520, quit chimera
11-05 23:00:05.218  9990 10034 E IMGMapper: set:488 set: Unset optional value from type SMPTE2086
11-05 23:00:05.219  9990 10034 E IMGMapper: set:488 set: Unset optional value from type CTA861_3
11-05 23:00:05.226  9990  9990 W unknown:WrappingUtils: Don't know how to round that drawable: com.facebook.react.views.image.ReactImageDownloadListener$EmptyDrawable@7c8857d
11-05 23:00:05.243  1737  1942 D MobileStatusTracker(0/2): onSignalStrengthsChanged level=3, vendorLevel=3
11-05 23:00:05.251  9990 10034 E IMGMapper: set:488 set: Unset optional value from type SMPTE2086
11-05 23:00:05.251  9990 10034 E IMGMapper: set:488 set: Unset optional value from type CTA861_3
11-05 23:00:05.254  1737  1942 D MobileSignalController(0/2): notifyListener: enabled=true, connected=true, dataConnected=true, networkType=LTE (4G), emergencyOnly=false, roaming=false, isDefault=false, dataActivity=, level=3, ca=false, mmWave=false, disabledDataIcon=false, simCard=ETC
11-05 23:00:05.254  1737  1942 D NetworkController: SignalStrength from intent slotId=0
11-05 23:00:05.260  9990 10034 E IMGMapper: set:488 set: Unset optional value from type SMPTE2086
11-05 23:00:05.261  9990 10034 E IMGMapper: set:488 set: Unset optional value from type CTA861_3
11-05 23:00:05.266  9990  9990 W unknown:WrappingUtils: Don't know how to round that drawable: com.facebook.react.views.image.ReactImageDownloadListener$EmptyDrawable@ffcc1b1
11-05 23:00:05.271  9990 10111 D skia    : SkJpegCodec::onGetPixels +
11-05 23:00:05.299  9990 10111 D skia    : SkJpegCodec::onGetPixels -
11-05 23:00:05.305  9990 10034 E IMGMapper: set:488 set: Unset optional value from type SMPTE2086
11-05 23:00:05.305  9990 10034 E IMGMapper: set:488 set: Unset optional value from type CTA861_3
