11-05 22:59:59.320  9990 10034 E IMGMapper: set:488 set: Unset optional value from type SMPTE2086
11-05 22:59:59.320  9990 10034 E IMGMapper: set:488 set: Unset optional value from type CTA861_3
11-05 22:59:59.337  9990 10034 E IMGMapper: set:488 set: Unset optional value from type SMPTE2086
11-05 22:59:59.337  9990 10034 E IMGMapper: set:488 set: Unset optional value from type CTA861_3
11-05 22:59:59.353  9990 10034 E IMGMapper: set:488 set: Unset optional value from type SMPTE2086
11-05 22:59:59.353  9990 10034 E IMGMapper: set:488 set: Unset optional value from type CTA861_3
11-05 22:59:59.370  9990 10034 E IMGMapper: set:488 set: Unset optional value from type SMPTE2086
11-05 22:59:59.370  9990 10034 E IMGMapper: set:488 set: Unset optional value from type CTA861_3
11-05 22:59:59.386  9990 10034 E IMGMapper: set:488 set: Unset optional value from type SMPTE2086
11-05 22:59:59.386  9990 10034 E IMGMapper: set:488 set: Unset optional value from type CTA861_3
11-05 22:59:59.404  9990 10034 E IMGMapper: set:488 set: Unset optional value from type SMPTE2086
11-05 22:59:59.404  9990 10034 E IMGMapper: set:488 set: Unset optional value from type CTA861_3
11-05 22:59:59.421  9990 10034 E IMGMapper: set:488 set: Unset optional value from type SMPTE2086
11-05 22:59:59.421  9990 10034 E IMGMapper: set:488 set: Unset optional value from type CTA861_3
11-05 22:59:59.437  9990 10034 E IMGMapper: set:488 set: Unset optional value from type SMPTE2086
11-05 22:59:59.438  9990 10034 E IMGMapper: set:488 set: Unset optional value from type CTA861_3
11-05 22:59:59.454  9990 10034 E IMGMapper: set:488 set: Unset optional value from type SMPTE2086
11-05 22:59:59.454  9990 10034 E IMGMapper: set:488 set: Unset optional value from type CTA861_3
11-05 22:59:59.474  9990 10034 E IMGMapper: set:488 set: Unset optional value from type SMPTE2086
11-05 22:59:59.474  9990 10034 E IMGMapper: set:488 set: Unset optional value from type CTA861_3
11-05 22:59:59.484  9990 10135 D skia    : SkJpegCodec::onGetPixels +
11-05 22:59:59.485  9990  9990 W unknown:WrappingUtils: Don't know how to round that drawable: com.facebook.react.views.image.ReactImageDownloadListener$EmptyDrawable@ab78dd6
11-05 22:59:59.491  9990 10034 E IMGMapper: set:488 set: Unset optional value from type SMPTE2086
11-05 22:59:59.491  9990 10034 E IMGMapper: set:488 set: Unset optional value from type CTA861_3
11-05 22:59:59.503  9990 10034 E IMGMapper: set:488 set: Unset optional value from type SMPTE2086
11-05 22:59:59.503  9990 10034 E IMGMapper: set:488 set: Unset optional value from type CTA861_3
11-05 22:59:59.506  9990 10135 D skia    : SkJpegCodec::onGetPixels -
11-05 22:59:59.519  9990 10034 E IMGMapper: set:488 set: Unset optional value from type SMPTE2086
11-05 22:59:59.519  9990 10034 E IMGMapper: set:488 set: Unset optional value from type CTA861_3
11-05 22:59:59.520  9990  9990 W unknown:WrappingUtils: Don't know how to round that drawable: com.facebook.react.views.image.ReactImageDownloadListener$EmptyDrawable@1e3ff44
11-05 22:59:59.556  9990 10034 E IMGMapper: set:488 set: Unset optional value from type SMPTE2086
11-05 22:59:59.556  9990 10034 E IMGMapper: set:488 set: Unset optional value from type CTA861_3
11-05 22:59:59.572  9990 10034 E IMGMapper: set:488 set: Unset optional value from type SMPTE2086
11-05 22:59:59.572  9990 10034 E IMGMapper: set:488 set: Unset optional value from type CTA861_3
11-05 22:59:59.573   543   543 D io_stats: !@ 179,0 r 628181339 7589193866 w 113743529 1204558200 d 1261334 33797840 f 0 0 iot 323342260 0 th 0 0 0 pt 0 inp 0 0 3401321.214
11-05 22:59:59.597  9990 10034 E IMGMapper: set:488 set: Unset optional value from type SMPTE2086
11-05 22:59:59.597  9990 10034 E IMGMapper: set:488 set: Unset optional value from type CTA861_3
11-05 22:59:59.609  9990 10034 E IMGMapper: set:488 set: Unset optional value from type SMPTE2086
11-05 22:59:59.609  9990 10034 E IMGMapper: set:488 set: Unset optional value from type CTA861_3
11-05 22:59:59.619  1187  1486 D SensorService: [SO] -0.675 1.591 9.855
11-05 22:59:59.635  9990 10034 E IMGMapper: set:488 set: Unset optional value from type SMPTE2086
11-05 22:59:59.636  9990 10034 E IMGMapper: set:488 set: Unset optional value from type CTA861_3
11-05 22:59:59.653  1187  4523 D InputDispatcher: Inject motion (10157/2000): action=0x0, time=3401321294000000, f=0x0, d=0 dsdx=1.000000 dtdx=0.000000
11-05 22:59:59.653  9990 10034 E IMGMapper: set:488 set: Unset optional value from type SMPTE2086
11-05 22:59:59.654  9990 10034 E IMGMapper: set:488 set: Unset optional value from type CTA861_3
11-05 22:59:59.654  1187  1534 I InputDispatcher: Delivering touch to (1737): action: 0x4, f=0x0, d=0, 'd92b8ad', t=1 
11-05 22:59:59.654  1187  1534 I InputDispatcher: Delivering touch to (9990): action: 0x0, f=0x0, d=0, '7d3e0c ', t=1 
11-05 22:59:59.655  1187  1534 D PowerManagerService: [api] userActivityFromNative :  (event: 2 flags: 0 displayId: 0) eventTime = 3401321294
11-05 22:59:59.661  1187  1303 I GestureDetector: obtain mCurrentDownEvent. id: -493479497 caller: com.android.server.wm.SystemGesturesPointerEventListener.onPointerEvent:203 com.android.server.wm.PointerEventDispatcher.onInputEvent:53 android.view.InputEventReceiver.dispatchInputEvent:285 
11-05 22:59:59.661  9990  9990 I ViewRootImpl@eaf2444[MainActivity]: ViewPostIme pointer 0
11-05 22:59:59.661  1187  1303 I GestureDetector: obtain mCurrentDownEvent. id: -493479497 caller: com.android.server.wm.SystemPerformancePointerEventListener.onPointerEvent:89 com.android.server.wm.PointerEventDispatcher.onInputEvent:53 android.view.InputEventReceiver.dispatchInputEvent:285 
11-05 22:59:59.665  9990 10137 D skia    : SkJpegCodec::onGetPixels +
11-05 22:59:59.669  9990 10034 E IMGMapper: set:488 set: Unset optional value from type SMPTE2086
11-05 22:59:59.669  9990 10034 E IMGMapper: set:488 set: Unset optional value from type CTA861_3
11-05 22:59:59.675  1187  1303 I GestureDetector: obtain mCurrentMotionEventRaw. action: 2 id: -1064078235
11-05 22:59:59.676  1187  1303 I GestureDetector: obtain mCurrentMotionEventRaw. action: 2 id: -1064078235
11-05 22:59:59.686   896   910 I mtkpower_client: perf_lock_rel, hdl:1046997, tid:910
11-05 22:59:59.687   896   910 I mtkpower_client: perf_lock_acq, hdl:0, dur:0, num:2, tid:910
11-05 22:59:59.688  9990 10137 D skia    : SkJpegCodec::onGetPixels -
11-05 22:59:59.689  1014  1065 I libPowerHal: [perfLockRel] hdl:1046997, idx:1
11-05 22:59:59.690  1014  1065 I libPowerHal: vendor.samsung.: cpu_ctrl set cpu freq: 1218000 -1 -1 -1
11-05 22:59:59.691   896   910 I mtkpower_client: ret_hdl:1046999
11-05 22:59:59.691   896   910 I mtkpower_client: perf_lock_rel, hdl:1046998, tid:910
11-05 22:59:59.692  1014  1065 I libPowerHal: [perfLockAcq] idx:0 hdl:1046999 hint:-1 pid:896 duration:0 lock_user:vendor.samsung. => ret_hdl:1046999
11-05 22:59:59.692  1014  1065 I libPowerHal: vendor.samsung.: cpu_ctrl set cpu freq: 1218000 -1 1138000 -1
11-05 22:59:59.692  9990 10034 E IMGMapper: set:488 set: Unset optional value from type SMPTE2086
11-05 22:59:59.692  9990 10034 E IMGMapper: set:488 set: Unset optional value from type CTA861_3
11-05 22:59:59.693   896   910 I mtkpower_client: perf_lock_acq, hdl:0, dur:0, num:2, tid:910
11-05 22:59:59.693  1014  1065 I libPowerHal: [perfLockRel] hdl:1046998, idx:3
11-05 22:59:59.694  1014  1065 I libPowerHal: vendor.samsung.: cpu_ctrl set cpu freq: -1 -1 1138000 -1
11-05 22:59:59.695   896   910 I mtkpower_client: ret_hdl:1047000
11-05 22:59:59.695   896   910 I HYPER-HAL: [RequestManager.cpp]releaseLocked(): Released ID : 725427
11-05 22:59:59.695  1014  1065 I libPowerHal: [perfLockAcq] idx:1 hdl:1047000 hint:-1 pid:896 duration:0 lock_user:vendor.samsung. => ret_hdl:1047000
11-05 22:59:59.695  1014  1065 I libPowerHal: vendor.samsung.: cpu_ctrl set cpu freq: 1218000 -1 1138000 -1
11-05 22:59:59.700  9990 10034 E IMGMapper: set:488 set: Unset optional value from type SMPTE2086
11-05 22:59:59.700  9990 10034 E IMGMapper: set:488 set: Unset optional value from type CTA861_3
11-05 22:59:59.719  9990 10034 E IMGMapper: set:488 set: Unset optional value from type SMPTE2086
11-05 22:59:59.719  9990 10034 E IMGMapper: set:488 set: Unset optional value from type CTA861_3
11-05 22:59:59.738  9990 10034 E IMGMapper: set:488 set: Unset optional value from type SMPTE2086
11-05 22:59:59.738  9990 10034 E IMGMapper: set:488 set: Unset optional value from type CTA861_3
11-05 22:59:59.753  9990 10034 E IMGMapper: set:488 set: Unset optional value from type SMPTE2086
11-05 22:59:59.753  9990 10034 E IMGMapper: set:488 set: Unset optional value from type CTA861_3
11-05 22:59:59.771  9990 10034 E IMGMapper: set:488 set: Unset optional value from type SMPTE2086
11-05 22:59:59.771  9990 10034 E IMGMapper: set:488 set: Unset optional value from type CTA861_3
11-05 22:59:59.788  9990 10034 E IMGMapper: set:488 set: Unset optional value from type SMPTE2086
11-05 22:59:59.788  9990 10034 E IMGMapper: set:488 set: Unset optional value from type CTA861_3
11-05 22:59:59.805  9990 10034 E IMGMapper: set:488 set: Unset optional value from type SMPTE2086
11-05 22:59:59.805  9990 10034 E IMGMapper: set:488 set: Unset optional value from type CTA861_3
11-05 22:59:59.820  9990 10034 E IMGMapper: set:488 set: Unset optional value from type SMPTE2086
11-05 22:59:59.820  9990 10034 E IMGMapper: set:488 set: Unset optional value from type CTA861_3
11-05 22:59:59.837  9990 10034 E IMGMapper: set:488 set: Unset optional value from type SMPTE2086
11-05 22:59:59.837  9990 10034 E IMGMapper: set:488 set: Unset optional value from type CTA861_3
11-05 22:59:59.852  9990 10034 E IMGMapper: set:488 set: Unset optional value from type SMPTE2086
11-05 22:59:59.853  9990 10034 E IMGMapper: set:488 set: Unset optional value from type CTA861_3
11-05 22:59:59.869  9990 10034 E IMGMapper: set:488 set: Unset optional value from type SMPTE2086
11-05 22:59:59.869  9990 10034 E IMGMapper: set:488 set: Unset optional value from type CTA861_3
11-05 22:59:59.886  9990 10034 E IMGMapper: set:488 set: Unset optional value from type SMPTE2086
11-05 22:59:59.886  9990 10034 E IMGMapper: set:488 set: Unset optional value from type CTA861_3
11-05 22:59:59.903  9990 10034 E IMGMapper: set:488 set: Unset optional value from type SMPTE2086
11-05 22:59:59.903  9990 10034 E IMGMapper: set:488 set: Unset optional value from type CTA861_3
11-05 22:59:59.920  9990 10034 E IMGMapper: set:488 set: Unset optional value from type SMPTE2086
11-05 22:59:59.920  9990 10034 E IMGMapper: set:488 set: Unset optional value from type CTA861_3
11-05 22:59:59.937  9990 10034 E IMGMapper: set:488 set: Unset optional value from type SMPTE2086
11-05 22:59:59.937  9990 10034 E IMGMapper: set:488 set: Unset optional value from type CTA861_3
11-05 22:59:59.941  1737  1942 D MobileStatusTracker(1/1): onSignalStrengthsChanged level=4, vendorLevel=4
11-05 22:59:59.947  1737  1942 D MobileSignalController(1/1): notifyListener: enabled=true, connected=true, dataConnected=false, networkType=UMTS (3G), emergencyOnly=true, roaming=false, isDefault=false, dataActivity=, level=4, ca=false, mmWave=false, disabledDataIcon=false, simCard=ETC
11-05 22:59:59.948  1737  1942 D NetworkController: SignalStrength from intent slotId=1
11-05 22:59:59.955  9990 10034 E IMGMapper: set:488 set: Unset optional value from type SMPTE2086
11-05 22:59:59.955  9990 10034 E IMGMapper: set:488 set: Unset optional value from type CTA861_3
11-05 22:59:59.962  9990 10138 D skia    : SkJpegCodec::onGetPixels +
11-05 22:59:59.969  9990 10034 E IMGMapper: set:488 set: Unset optional value from type SMPTE2086
11-05 22:59:59.970  9990 10034 E IMGMapper: set:488 set: Unset optional value from type CTA861_3
11-05 22:59:59.971  1187  4523 D InputDispatcher: Inject motion (10157/2000): action=0x1, time=3401321612000000, f=0x0, d=0 dsdx=1.000000 dtdx=0.000000
11-05 22:59:59.971  1187  1534 I InputDispatcher: Delivering touch to (9990): action: 0x1, f=0x0, d=0, '7d3e0c ', t=1 
11-05 22:59:59.973  1187  1187 I SemDvfsHyPerManager: acquire hyper - SMOOTH_SCROLL/1187@17, type = -999
11-05 22:59:59.973   896   910 I HYPER-HAL: [RequestManager.cpp]acquire(): Acquired ID : 725427  [1187 / 17]    HINT : SMOOTH_SCROLL    list : 
11-05 22:59:59.975  1187  1187 D SGM:GameManager: identifyGamePackage. com.cinemamovel, mCurrentUserId: 0, callerUserId: 0, callingMethodInfo: com.android.server.ssrm.fgapps.GameAppUtils.isGame(GameAppUtils.java:84)
11-05 22:59:59.976  1187  1187 D SGM:PkgDataHelper: getGamePkgData(). com.cinemamovel
11-05 22:59:59.976  1187  1187 I SemDvfsHyPerManager: acquire hyper - GESTURE_DETECTED/1187@18, type = -999
11-05 22:59:59.976   896   910 I mtkpower_client: perf_lock_rel, hdl:1046999, tid:910
11-05 22:59:59.977   896   910 I mtkpower_client: perf_lock_acq, hdl:0, dur:0, num:2, tid:910
11-05 22:59:59.978   896   910 I mtkpower_client: ret_hdl:1047001
11-05 22:59:59.978   896   910 I mtkpower_client: perf_lock_rel, hdl:1047000, tid:910
11-05 22:59:59.978   896   910 I mtkpower_client: perf_lock_acq, hdl:0, dur:0, num:2, tid:910
11-05 22:59:59.979   896   910 I mtkpower_client: ret_hdl:1047002
11-05 22:59:59.979   896   910 I mtkpower_client: perf_lock_rel, hdl:1047001, tid:910
11-05 22:59:59.979   896   910 I mtkpower_client: perf_lock_acq, hdl:0, dur:0, num:2, tid:910
11-05 22:59:59.980   896   910 I mtkpower_client: ret_hdl:1047003
11-05 22:59:59.980   896   910 I mtkpower_client: perf_lock_rel, hdl:1047002, tid:910
11-05 22:59:59.981  9990 10138 D skia    : SkJpegCodec::onGetPixels -
11-05 22:59:59.981  1014  1065 I libPowerHal: [perfLockRel] hdl:1046999, idx:0
11-05 22:59:59.982  1014  1065 I libPowerHal: vendor.samsung.: cpu_ctrl set cpu freq: 1218000 -1 -1 -1
11-05 22:59:59.983  9990  9990 I ViewRootImpl@eaf2444[MainActivity]: ViewPostIme pointer 1
11-05 22:59:59.986  1014  1065 I libPowerHal: [perfLockAcq] idx:2 hdl:1047001 hint:-1 pid:896 duration:0 lock_user:vendor.samsung. => ret_hdl:1047001
11-05 22:59:59.986  1014  1065 I libPowerHal: vendor.samsung.: cpu_ctrl set cpu freq: 1218000 -1 1138000 -1
11-05 22:59:59.988  1187  1187 D SGM:GameManager: identifyGamePackage. com.cinemamovel, mCurrentUserId: 0, callerUserId: 0, callingMethodInfo: com.android.server.ssrm.fgapps.GameAppUtils.isGame(GameAppUtils.java:84)
11-05 22:59:59.988  1187  1187 D SGM:PkgDataHelper: getGamePkgData(). com.cinemamovel
11-05 22:59:59.988  1187  1187 I SemDvfsHyPerManager: acquire hyper - GESTURE_DETECTED/1187@18, type = -999
11-05 22:59:59.988  9990 10034 E IMGMapper: set:488 set: Unset optional value from type SMPTE2086
11-05 22:59:59.988  9990 10034 E IMGMapper: set:488 set: Unset optional value from type CTA861_3
11-05 22:59:59.990  1014  1065 I libPowerHal: [perfLockRel] hdl:1047000, idx:1
11-05 22:59:59.991  1014  1065 I libPowerHal: vendor.samsung.: cpu_ctrl set cpu freq: -1 -1 1138000 -1
11-05 22:59:59.991  1014  1065 I libPowerHal: [perfLockAcq] idx:3 hdl:1047002 hint:-1 pid:896 duration:0 lock_user:vendor.samsung. => ret_hdl:1047002
11-05 22:59:59.992  1014  1065 I libPowerHal: vendor.samsung.: cpu_ctrl set cpu freq: 1218000 -1 1138000 -1
11-05 22:59:59.992  1014  1065 I libPowerHal: [perfLockRel] hdl:1047001, idx:2
11-05 23:00:00.000  8472  8538 I WM-WorkerWrapper: Worker result SUCCESS for Work [ id=e8fc793f-c8cf-4fed-8b66-89bc38edb450, tags={ com.whatsapp.messaging.xmpp.XmppLifecycleWorker } ]
11-05 23:00:00.002  9990 10034 E IMGMapper: set:488 set: Unset optional value from type SMPTE2086
11-05 23:00:00.002  9990 10034 E IMGMapper: set:488 set: Unset optional value from type CTA861_3
11-05 23:00:00.005  1014  1065 I libPowerHal: vendor.samsung.: cpu_ctrl set cpu freq: 1218000 -1 -1 -1
11-05 23:00:00.005  1187  1187 I SemDvfsHyPerManager: acquire hyper - SMOOTH_SCROLL/1187@17, type = -999
11-05 23:00:00.006  1014  1065 I libPowerHal: [perfLockAcq] idx:4 hdl:1047003 hint:-1 pid:896 duration:0 lock_user:vendor.samsung. => ret_hdl:1047003
11-05 23:00:00.006  1014  1065 I libPowerHal: vendor.samsung.: cpu_ctrl set cpu freq: 1218000 -1 1138000 -1
11-05 23:00:00.007   896   910 I mtkpower_client: perf_lock_acq, hdl:0, dur:0, num:2, tid:910
11-05 23:00:00.007  1737  1737 D KeyguardUpdateMonitor: received broadcast android.intent.action.TIME_TICK
11-05 23:00:00.007  1737  1737 D KeyguardUpdateMonitor: handleTimeUpdate
11-05 23:00:00.008   896   910 I mtkpower_client: ret_hdl:1047004
11-05 23:00:00.008   896   910 I HYPER-HAL: [RequestManager.cpp]releaseLocked(): Released ID : 725427
11-05 23:00:00.008   896   910 I HYPER-HAL: [RequestManager.cpp]acquire(): Acquired ID : 726633  [1187 / 18]    HINT : GESTURE_DETECTED    list : [TIMEOUT / 1702] 
11-05 23:00:00.008   896   910 I HYPER-HAL: [RequestManager.cpp]acquire(): Acquired ID : 726633  [1187 / 18]    HINT : GESTURE_DETECTED    list : [TIMEOUT / 1702] 
11-05 23:00:00.008   896   910 I HYPER-HAL: [RequestManager.cpp]acquire(): Acquired ID : 725427  [1187 / 17]    HINT : SMOOTH_SCROLL    list : 
11-05 23:00:00.008   896   910 I mtkpower_client: perf_lock_rel, hdl:1047003, tid:910
11-05 23:00:00.008  1737  2248 D QSClockBellTower: onReceive(android.intent.action.TIME_TICK) mTimeZoneString:null
11-05 23:00:00.008  1737  1737 D FaceWidgetPagesController: onTimeChanged()
11-05 23:00:00.009   896   910 I mtkpower_client: perf_lock_acq, hdl:0, dur:0, num:2, tid:910
11-05 23:00:00.010   896   910 I mtkpower_client: ret_hdl:1047005
11-05 23:00:00.010   896   910 I mtkpower_client: perf_lock_rel, hdl:1047004, tid:910
11-05 23:00:00.010   896   910 I mtkpower_client: perf_lock_acq, hdl:0, dur:0, num:2, tid:910
11-05 23:00:00.012   896   910 I mtkpower_client: ret_hdl:1047006
11-05 23:00:00.012  1014  1065 I libPowerHal: [perfLockRel] hdl:1047002, idx:3
11-05 23:00:00.013  1014  1065 I libPowerHal: vendor.samsung.: cpu_ctrl set cpu freq: -1 -1 1138000 -1
11-05 23:00:00.015  1014  1065 I libPowerHal: [perfLockAcq] idx:0 hdl:1047004 hint:-1 pid:896 duration:0 lock_user:vendor.samsung. => ret_hdl:1047004
11-05 23:00:00.015  1014  1065 I libPowerHal: vendor.samsung.: cpu_ctrl set cpu freq: 1218000 -1 1138000 -1
11-05 23:00:00.016  1014  1065 I libPowerHal: [perfLockRel] hdl:1047003, idx:4
11-05 23:00:00.016  1014  1065 I libPowerHal: vendor.samsung.: cpu_ctrl set cpu freq: 1218000 -1 -1 -1
11-05 23:00:00.017  1014  1065 I libPowerHal: [perfLockAcq] idx:1 hdl:1047005 hint:-1 pid:896 duration:0 lock_user:vendor.samsung. => ret_hdl:1047005
11-05 23:00:00.017  1014  1065 I libPowerHal: vendor.samsung.: cpu_ctrl set cpu freq: 1218000 -1 1138000 -1
11-05 23:00:00.018  1014  1065 I libPowerHal: [perfLockRel] hdl:1047004, idx:0
11-05 23:00:00.018  9990 10034 E IMGMapper: set:488 set: Unset optional value from type SMPTE2086
11-05 23:00:00.018  9990 10034 E IMGMapper: set:488 set: Unset optional value from type CTA861_3
11-05 23:00:00.018  1014  1065 I libPowerHal: vendor.samsung.: cpu_ctrl set cpu freq: -1 -1 1138000 -1
11-05 23:00:00.019  1014  1065 I libPowerHal: [perfLockAcq] idx:2 hdl:1047006 hint:-1 pid:896 duration:0 lock_user:vendor.samsung. => ret_hdl:1047006
11-05 23:00:00.019  1014  1065 I libPowerHal: vendor.samsung.: cpu_ctrl set cpu freq: 1218000 -1 1138000 -1
11-05 23:00:00.037  9990 10034 E IMGMapper: set:488 set: Unset optional value from type SMPTE2086
11-05 23:00:00.037  9990 10034 E IMGMapper: set:488 set: Unset optional value from type CTA861_3
11-05 23:00:00.043  1039  1039 I BufferQueueProducer: [com.cinemamovel/com.cinemamovel.MainActivity$_9990#687005](this:0xb400007a1f7bb838,id:-1,api:0,p:-1,c:1039) queueBuffer: fps=57.16 dur=1014.67 max=34.12 min=15.86
11-05 23:00:00.045   991   991 I hwcomposer: [HWCDisplay] [Display_0 (type:1)] fps:57.155556,dur:1014.77,max:34.34,min:15.54  
11-05 23:00:00.052  9990 10034 E IMGMapper: set:488 set: Unset optional value from type SMPTE2086
11-05 23:00:00.053  9990 10034 E IMGMapper: set:488 set: Unset optional value from type CTA861_3
11-05 23:00:00.064  8472  8472 D WM-Processor: DhI e8fc793f-c8cf-4fed-8b66-89bc38edb450 executed; reschedule = false
11-05 23:00:00.064  8472  8472 D WM-GreedyScheduler: Stopping tracking for WorkGenerationalId(workSpecId=e8fc793f-c8cf-4fed-8b66-89bc38edb450, generation=0)
11-05 23:00:00.065  8472  8472 D WM-SystemJobService: e8fc793f-c8cf-4fed-8b66-89bc38edb450 executed on JobScheduler
11-05 23:00:00.072  9990 10034 E IMGMapper: set:488 set: Unset optional value from type SMPTE2086
11-05 23:00:00.072  9990 10034 E IMGMapper: set:488 set: Unset optional value from type CTA861_3
11-05 23:00:00.078  1737  1737 D QSClockBellTower: He is ready to ring the bell. (((QSClockBellSound - TimeText:23:00, TimeContentDescription:23:00, DateText:qua., 5 de novembro, ShortDateText:qua., 5 de nov., Demo:false, QuickStar-Second(false|12:34:56))))
11-05 23:00:00.079  1187  4549 I ActivityManager: Changes in 10250 8 to 10, 8 to 0
11-05 23:00:00.083  1187  4549 W JobScheduler: Job didn't exist in JobStore: 779575e #u0a250/679104 com.whatsapp/androidx.work.impl.background.systemjob.SystemJobService
11-05 23:00:00.083  1187  1352 E AppOps  : evalMode() Foreground mode : uid - 10250, op - 27, capability - 0
11-05 23:00:00.084  8472  8538 D WM-GreedyScheduler: Cancelling work ID e8fc793f-c8cf-4fed-8b66-89bc38edb450
11-05 23:00:00.084  1187  1352 E AppOps  : evalMode() Foreground mode : uid - 10250, op - 26, capability - 0
11-05 23:00:00.084  1187  1352 E AppOps  : evalMode() Foreground mode : uid - 10250, op - 1, capability - 0
11-05 23:00:00.084  7764  9773 I dwky    : (REDACTED) appOpsListener %s %s
11-05 23:00:00.085  8472  8472 D WM-SystemJobService: onStopJob for WorkGenerationalId(workSpecId=e8fc793f-c8cf-4fed-8b66-89bc38edb450, generation=0)
11-05 23:00:00.085  7764  9773 I dwky    : (REDACTED) Ignoring irrelevant audio permission changes for package %s
11-05 23:00:00.086  1737  1737 D QSClockIndicatorView: Home Indicator status_bar_clock 23:00 notifyTimeChanged(QSClockBellSound - TimeText:23:00, TimeContentDescription:23:00, DateText:qua., 5 de novembro, ShortDateText:qua., 5 de nov., Demo:false, QuickStar-Second(false|12:34:56)) ClockVisibleByPolicy:true, ClockVisibleByUser:true, visible?true, parent:android.widget.LinearLayout{a46c4dc V.E...... ......ID 0,0-66,37 #7f0b04f0 app:id/left_clock_container}
11-05 23:00:00.088  1737  1737 D QSClockBellTower: Everyone heard the bell. run(currentTime:1762394400061,   getTime():Wed Nov 05 23:00:00 GMT-03:00 2025,   getTimeZone():libcore.util.ZoneInfo[mDstSavings=0,mUseDst=false,mDelegate=[id="America/Sao_Paulo",mRawOffset=-10800000,mEarliestRawOffset=-11188000,transitions=92]])
11-05 23:00:00.090  9990 10034 E IMGMapper: set:488 set: Unset optional value from type SMPTE2086
11-05 23:00:00.090  9990 10034 E IMGMapper: set:488 set: Unset optional value from type CTA861_3
11-05 23:00:00.093  8472  8538 D WM-NetworkStateTracker: Unregistering network callback
11-05 23:00:00.093  8472  8538 D ConnectivityManager: StackLog: [android.net.ConnectivityManager.unregisterNetworkCallback(ConnectivityManager.java:5076)] [X.Dgn.A04(:20)] [X.Gb8.invoke(:27)] [X.2qO.A00(:98)] [X.3Kr.invokeSuspend(:10)] [X.0wX.resumeWith(:8)] [X.0wv.run(:98)] [X.Dha.run(:2)] [java.util.concurrent.ThreadPoolExecutor.runWorker(ThreadPoolExecutor.java:1145)] [java.util.concurrent.ThreadPoolExecutor$Worker.run(ThreadPoolExecutor.java:644)] [java.lang.Thread.run(Thread.java:1012)]
11-05 23:00:00.097  1187  1588 D ConnectivityService:  Removing from current network [214 WIFI], leaving 141 requests.
11-05 23:00:00.101  9990 10034 E IMGMapper: set:488 set: Unset optional value from type SMPTE2086
11-05 23:00:00.101  9990 10034 E IMGMapper: set:488 set: Unset optional value from type CTA861_3
11-05 23:00:00.105  1737  1737 I FaceWidgetPositionAlgorithm: getClockContainerHeight() supplier = 193, bottom margin = 0, real height = 238
11-05 23:00:00.106  1737  1737 I FaceWidgetPositionAlgorithm: getClockContainerHeight() supplier = 193, bottom margin = 45, real height = 238
11-05 23:00:00.106  1737  1737 I FaceWidgetPositionAlgorithm: getMediaContainerHeight() height = 326 container Visibility = 8, isValid = false, mIsDozing = false, fraction = 1.0, source = 0, target = 0
11-05 23:00:00.106  1737  1737 I FaceWidgetPositionAlgorithm: getMediaContainerHeight() supplier = 0
11-05 23:00:00.108  1737  1737 V QsExpandAnimator: setQsExpansionPosition 0.0
11-05 23:00:00.117  9990 10034 E IMGMapper: set:488 set: Unset optional value from type SMPTE2086
11-05 23:00:00.117  9990 10034 E IMGMapper: set:488 set: Unset optional value from type CTA861_3
11-05 23:00:00.118  1737  1737 V QsExpandAnimator: updateAnimators
11-05 23:00:00.118  1737  1737 V QsExpandAnimator: clearAnimationState 
11-05 23:00:00.119  1737  1737 V QsExpandAnimator: updateViews
11-05 23:00:00.121  1737  1942 D MobileStatusTracker(0/2): onSignalStrengthsChanged level=3, vendorLevel=3
11-05 23:00:00.122  1737  1737 V QsExpandAnimator: updateTileAnimator
11-05 23:00:00.122  1737  1942 D MobileSignalController(0/2): notifyListener: enabled=true, connected=true, dataConnected=true, networkType=LTE (4G), emergencyOnly=false, roaming=false, isDefault=false, dataActivity=, level=3, ca=false, mmWave=false, disabledDataIcon=false, simCard=ETC
11-05 23:00:00.123  1737  1737 V QsExpandAnimator: updateHeaderAnimator
11-05 23:00:00.123  1737  1942 D NetworkController: SignalStrength from intent slotId=0
11-05 23:00:00.123  1737  1737 V QsExpandAnimator: updateBarAnimator
11-05 23:00:00.123  1737  1737 V QsExpandAnimator: setQsExpansionPosition 0.0
11-05 23:00:00.123  1737  1737 V QsExpandAnimator: onAnimationAtStart
11-05 23:00:00.126  1737  1796 E IMGMapper: set:488 set: Unset optional value from type SMPTE2086
11-05 23:00:00.126  1737  1796 E IMGMapper: set:488 set: Unset optional value from type CTA861_3
11-05 23:00:00.135  9990 10034 E IMGMapper: set:488 set: Unset optional value from type SMPTE2086
11-05 23:00:00.135  9990 10034 E IMGMapper: set:488 set: Unset optional value from type CTA861_3
11-05 23:00:00.143  1039  1039 I BufferQueueProducer: [StatusBar$_1737#534029](this:0xb400007a1f0ca838,id:-1,api:0,p:-1,c:1039) queueBuffer: fps=0.23 dur=30576.11 max=30475.90 min=16.44
11-05 23:00:00.159  9990 10034 E IMGMapper: set:488 set: Unset optional value from type SMPTE2086
11-05 23:00:00.159  9990 10034 E IMGMapper: set:488 set: Unset optional value from type CTA861_3
11-05 23:00:00.168  9990 10083 D skia    : SkJpegCodec::onGetPixels +
11-05 23:00:00.171  9990 10034 E IMGMapper: set:488 set: Unset optional value from type SMPTE2086
11-05 23:00:00.171  9990 10034 E IMGMapper: set:488 set: Unset optional value from type CTA861_3
11-05 23:00:00.183  1200  1324 D ULogGuard: Monitoring: 16 threads, 0 requests, 0 time-bombs; 1 guards. ResetFlags = 0x7
11-05 23:00:00.183  9990  9990 W unknown:WrappingUtils: Don't know how to round that drawable: com.facebook.react.views.image.ReactImageDownloadListener$EmptyDrawable@2386fa4
11-05 23:00:00.187  9990 10034 E IMGMapper: set:488 set: Unset optional value from type SMPTE2086
11-05 23:00:00.187  9990 10034 E IMGMapper: set:488 set: Unset optional value from type CTA861_3
11-05 23:00:00.192  9990 10083 D skia    : SkJpegCodec::onGetPixels -
11-05 23:00:00.206  9990 10034 E IMGMapper: set:488 set: Unset optional value from type SMPTE2086
11-05 23:00:00.206  9990 10034 E IMGMapper: set:488 set: Unset optional value from type CTA861_3
11-05 23:00:00.218  9990 10034 E IMGMapper: set:488 set: Unset optional value from type SMPTE2086
11-05 23:00:00.218  9990 10034 E IMGMapper: set:488 set: Unset optional value from type CTA861_3
11-05 23:00:00.220  9990  9990 W unknown:WrappingUtils: Don't know how to round that drawable: com.facebook.react.views.image.ReactImageDownloadListener$EmptyDrawable@bc98e79
11-05 23:00:00.235  9990 10034 E IMGMapper: set:488 set: Unset optional value from type SMPTE2086
11-05 23:00:00.235  9990 10034 E IMGMapper: set:488 set: Unset optional value from type CTA861_3
11-05 23:00:00.247  9990  9990 W unknown:WrappingUtils: Don't know how to round that drawable: com.facebook.react.views.image.ReactImageDownloadListener$EmptyDrawable@8d0b7be
11-05 23:00:00.256  9990  9990 W unknown:WrappingUtils: Don't know how to round that drawable: com.facebook.react.views.image.ReactImageDownloadListener$EmptyDrawable@23bbf6c
11-05 23:00:00.257  9990 10034 E IMGMapper: set:488 set: Unset optional value from type SMPTE2086
11-05 23:00:00.257  9990 10034 E IMGMapper: set:488 set: Unset optional value from type CTA861_3
11-05 23:00:00.278  9990 10107 D skia    : SkJpegCodec::onGetPixels +
11-05 23:00:00.290  9990 10111 D skia    : SkJpegCodec::onGetPixels +
11-05 23:00:00.299  9990 10107 D skia    : SkJpegCodec::onGetPixels -
11-05 23:00:00.304  9990 10034 E IMGMapper: set:488 set: Unset optional value from type SMPTE2086
11-05 23:00:00.304  9990 10034 E IMGMapper: set:488 set: Unset optional value from type CTA861_3
11-05 23:00:00.310  9990 10111 D skia    : SkJpegCodec::onGetPixels -
11-05 23:00:00.314  9990 10034 E IMGMapper: set:488 set: Unset optional value from type SMPTE2086
11-05 23:00:00.314  9990 10034 E IMGMapper: set:488 set: Unset optional value from type CTA861_3
11-05 23:00:00.325  9990 10034 E IMGMapper: set:488 set: Unset optional value from type SMPTE2086
11-05 23:00:00.325  9990 10034 E IMGMapper: set:488 set: Unset optional value from type CTA861_3
11-05 23:00:00.343  9990 10034 E IMGMapper: set:488 set: Unset optional value from type SMPTE2086
11-05 23:00:00.343  9990 10034 E IMGMapper: set:488 set: Unset optional value from type CTA861_3
11-05 23:00:00.361  9990 10034 E IMGMapper: set:488 set: Unset optional value from type SMPTE2086
11-05 23:00:00.361  9990 10034 E IMGMapper: set:488 set: Unset optional value from type CTA861_3
11-05 23:00:00.375  9990 10034 E IMGMapper: set:488 set: Unset optional value from type SMPTE2086
11-05 23:00:00.375  9990 10034 E IMGMapper: set:488 set: Unset optional value from type CTA861_3
11-05 23:00:00.383  9990 10113 D skia    : SkJpegCodec::onGetPixels +
11-05 23:00:00.389  9990 10034 E IMGMapper: set:488 set: Unset optional value from type SMPTE2086
11-05 23:00:00.389  9990 10034 E IMGMapper: set:488 set: Unset optional value from type CTA861_3
11-05 23:00:00.404  9990 10034 E IMGMapper: set:488 set: Unset optional value from type SMPTE2086
11-05 23:00:00.404  9990 10034 E IMGMapper: set:488 set: Unset optional value from type CTA861_3
11-05 23:00:00.406  9990 10113 D skia    : SkJpegCodec::onGetPixels -
11-05 23:00:00.423  9990 10034 E IMGMapper: set:488 set: Unset optional value from type SMPTE2086
11-05 23:00:00.423  9990 10034 E IMGMapper: set:488 set: Unset optional value from type CTA861_3
11-05 23:00:00.437  9990 10034 E IMGMapper: set:488 set: Unset optional value from type SMPTE2086
11-05 23:00:00.438  9990 10034 E IMGMapper: set:488 set: Unset optional value from type CTA861_3
11-05 23:00:00.461  9990 10034 E IMGMapper: set:488 set: Unset optional value from type SMPTE2086
11-05 23:00:00.461  9990 10034 E IMGMapper: set:488 set: Unset optional value from type CTA861_3
11-05 23:00:00.471  9990 10034 E IMGMapper: set:488 set: Unset optional value from type SMPTE2086
11-05 23:00:00.471  9990 10034 E IMGMapper: set:488 set: Unset optional value from type CTA861_3
11-05 23:00:00.481  9990  9990 W unknown:WrappingUtils: Don't know how to round that drawable: com.facebook.react.views.image.ReactImageDownloadListener$EmptyDrawable@2856e85
11-05 23:00:00.495  9990 10034 E IMGMapper: set:488 set: Unset optional value from type SMPTE2086
11-05 23:00:00.496  9990 10034 E IMGMapper: set:488 set: Unset optional value from type CTA861_3
11-05 23:00:00.512  9990 10034 E IMGMapper: set:488 set: Unset optional value from type SMPTE2086
11-05 23:00:00.512  9990 10034 E IMGMapper: set:488 set: Unset optional value from type CTA861_3
11-05 23:00:00.514  9990  9990 W unknown:WrappingUtils: Don't know how to round that drawable: com.facebook.react.views.image.ReactImageDownloadListener$EmptyDrawable@66edc39
11-05 23:00:00.529  9990 10034 E IMGMapper: set:488 set: Unset optional value from type SMPTE2086
11-05 23:00:00.529  9990 10034 E IMGMapper: set:488 set: Unset optional value from type CTA861_3
11-05 23:00:00.571  9990 10034 E IMGMapper: set:488 set: Unset optional value from type SMPTE2086
11-05 23:00:00.571  9990 10034 E IMGMapper: set:488 set: Unset optional value from type CTA861_3
11-05 23:00:00.573  9990 10112 D skia    : SkJpegCodec::onGetPixels +
11-05 23:00:00.597  9990 10034 E IMGMapper: set:488 set: Unset optional value from type SMPTE2086
11-05 23:00:00.597  9990 10034 E IMGMapper: set:488 set: Unset optional value from type CTA861_3
11-05 23:00:00.605  9990 10112 D skia    : SkJpegCodec::onGetPixels -
11-05 23:00:00.606  9990 10034 E IMGMapper: set:488 set: Unset optional value from type SMPTE2086
11-05 23:00:00.606  9990 10034 E IMGMapper: set:488 set: Unset optional value from type CTA861_3
11-05 23:00:00.620  9990 10034 E IMGMapper: set:488 set: Unset optional value from type SMPTE2086
11-05 23:00:00.620  9990 10034 E IMGMapper: set:488 set: Unset optional value from type CTA861_3
11-05 23:00:00.637  9990 10034 E IMGMapper: set:488 set: Unset optional value from type SMPTE2086
11-05 23:00:00.637  9990 10034 E IMGMapper: set:488 set: Unset optional value from type CTA861_3
11-05 23:00:00.664  9990 10034 E IMGMapper: set:488 set: Unset optional value from type SMPTE2086
11-05 23:00:00.664  9990 10034 E IMGMapper: set:488 set: Unset optional value from type CTA861_3
11-05 23:00:00.674  9990 10034 E IMGMapper: set:488 set: Unset optional value from type SMPTE2086
11-05 23:00:00.674  9990 10034 E IMGMapper: set:488 set: Unset optional value from type CTA861_3
11-05 23:00:00.691  9990 10034 E IMGMapper: set:488 set: Unset optional value from type SMPTE2086
11-05 23:00:00.692  9990 10034 E IMGMapper: set:488 set: Unset optional value from type CTA861_3
11-05 23:00:00.705  9990 10034 E IMGMapper: set:488 set: Unset optional value from type SMPTE2086
11-05 23:00:00.705  9990 10034 E IMGMapper: set:488 set: Unset optional value from type CTA861_3
11-05 23:00:00.720  9990 10034 E IMGMapper: set:488 set: Unset optional value from type SMPTE2086
11-05 23:00:00.720  9990 10034 E IMGMapper: set:488 set: Unset optional value from type CTA861_3
11-05 23:00:00.737  9990 10034 E IMGMapper: set:488 set: Unset optional value from type SMPTE2086
11-05 23:00:00.737  9990 10034 E IMGMapper: set:488 set: Unset optional value from type CTA861_3
11-05 23:00:00.764  9990 10034 E IMGMapper: set:488 set: Unset optional value from type SMPTE2086
11-05 23:00:00.764  9990 10034 E IMGMapper: set:488 set: Unset optional value from type CTA861_3
11-05 23:00:00.774  9990 10034 E IMGMapper: set:488 set: Unset optional value from type SMPTE2086
11-05 23:00:00.775  9990 10034 E IMGMapper: set:488 set: Unset optional value from type CTA861_3
11-05 23:00:00.792  9990 10034 E IMGMapper: set:488 set: Unset optional value from type SMPTE2086
11-05 23:00:00.792  9990 10034 E IMGMapper: set:488 set: Unset optional value from type CTA861_3
11-05 23:00:00.808  9990 10034 E IMGMapper: set:488 set: Unset optional value from type SMPTE2086
11-05 23:00:00.809  9990 10034 E IMGMapper: set:488 set: Unset optional value from type CTA861_3
11-05 23:00:00.825  1205  1205 I thermal_repeater: socket -1
11-05 23:00:00.829  9990 10034 E IMGMapper: set:488 set: Unset optional value from type SMPTE2086
11-05 23:00:00.829  9990 10034 E IMGMapper: set:488 set: Unset optional value from type CTA861_3
11-05 23:00:00.832  9990 10135 D skia    : SkJpegCodec::onGetPixels +
11-05 23:00:00.847  9990 10034 E IMGMapper: set:488 set: Unset optional value from type SMPTE2086
11-05 23:00:00.847  9990 10034 E IMGMapper: set:488 set: Unset optional value from type CTA861_3
11-05 23:00:00.858  9990 10135 D skia    : SkJpegCodec::onGetPixels -
11-05 23:00:00.858  9990 10034 E IMGMapper: set:488 set: Unset optional value from type SMPTE2086
11-05 23:00:00.858  9990 10034 E IMGMapper: set:488 set: Unset optional value from type CTA861_3
11-05 23:00:00.871  9990 10034 E IMGMapper: set:488 set: Unset optional value from type SMPTE2086
11-05 23:00:00.871  9990 10034 E IMGMapper: set:488 set: Unset optional value from type CTA861_3
11-05 23:00:00.891  9990 10034 E IMGMapper: set:488 set: Unset optional value from type SMPTE2086
11-05 23:00:00.891  9990 10034 E IMGMapper: set:488 set: Unset optional value from type CTA861_3
11-05 23:00:00.897  1711  2457 D PhoneInterfaceManager: setDataEnabledForReason() Reason=1 Pid=1187 App=system
11-05 23:00:00.902  1711  2457 D PhoneInterfaceManager: setDataEnabledForReason() Reason=1 Pid=1187 App=system
11-05 23:00:00.918  9990 10034 E IMGMapper: set:488 set: Unset optional value from type SMPTE2086
11-05 23:00:00.918  9990 10034 E IMGMapper: set:488 set: Unset optional value from type CTA861_3
11-05 23:00:00.928  9990 10137 D skia    : SkJpegCodec::onGetPixels +
11-05 23:00:00.929  9990 10034 E IMGMapper: set:488 set: Unset optional value from type SMPTE2086
11-05 23:00:00.929  9990 10034 E IMGMapper: set:488 set: Unset optional value from type CTA861_3
11-05 23:00:00.937  9990 10034 E IMGMapper: set:488 set: Unset optional value from type SMPTE2086
11-05 23:00:00.937  9990 10034 E IMGMapper: set:488 set: Unset optional value from type CTA861_3
11-05 23:00:00.952  9990 10137 D skia    : SkJpegCodec::onGetPixels -
11-05 23:00:00.953  9990 10034 E IMGMapper: set:488 set: Unset optional value from type SMPTE2086
11-05 23:00:00.954  9990 10034 E IMGMapper: set:488 set: Unset optional value from type CTA861_3
11-05 23:00:00.969  9990 10034 E IMGMapper: set:488 set: Unset optional value from type SMPTE2086
11-05 23:00:00.969  9990 10034 E IMGMapper: set:488 set: Unset optional value from type CTA861_3
11-05 23:00:00.987  9990 10034 E IMGMapper: set:488 set: Unset optional value from type SMPTE2086
11-05 23:00:00.987  9990 10034 E IMGMapper: set:488 set: Unset optional value from type CTA861_3
11-05 23:00:01.010  9990 10034 E IMGMapper: set:488 set: Unset optional value from type SMPTE2086
11-05 23:00:01.010  9990 10034 E IMGMapper: set:488 set: Unset optional value from type CTA861_3
11-05 23:00:01.022  9990 10034 E IMGMapper: set:488 set: Unset optional value from type SMPTE2086
11-05 23:00:01.022  9990 10034 E IMGMapper: set:488 set: Unset optional value from type CTA861_3
11-05 23:00:01.031  9990  9990 W unknown:WrappingUtils: Don't know how to round that drawable: com.facebook.react.views.image.ReactImageDownloadListener$EmptyDrawable@9c61fd5
11-05 23:00:01.047  9990 10034 E IMGMapper: set:488 set: Unset optional value from type SMPTE2086
11-05 23:00:01.048  9990 10034 E IMGMapper: set:488 set: Unset optional value from type CTA861_3
11-05 23:00:01.058  1039  1039 I BufferQueueProducer: [com.cinemamovel/com.cinemamovel.MainActivity$_9990#687005](this:0xb400007a1f7bb838,id:-1,api:0,p:-1,c:1039) queueBuffer: fps=57.12 dur=1015.33 max=33.42 min=16.18
11-05 23:00:01.060   991   991 I hwcomposer: [HWCDisplay] [Display_0 (type:1)] fps:57.152676,dur:1014.83,max:33.69,min:15.37  
11-05 23:00:01.061  9990 10034 E IMGMapper: set:488 set: Unset optional value from type SMPTE2086
11-05 23:00:01.061  9990 10034 E IMGMapper: set:488 set: Unset optional value from type CTA861_3
11-05 23:00:01.064  9990  9990 W unknown:WrappingUtils: Don't know how to round that drawable: com.facebook.react.views.image.ReactImageDownloadListener$EmptyDrawable@b49c642
11-05 23:00:01.095  9990 10034 E IMGMapper: set:488 set: Unset optional value from type SMPTE2086
11-05 23:00:01.096  9990 10034 E IMGMapper: set:488 set: Unset optional value from type CTA861_3
11-05 23:00:01.106  9990 10034 E IMGMapper: set:488 set: Unset optional value from type SMPTE2086
11-05 23:00:01.106  9990 10034 E IMGMapper: set:488 set: Unset optional value from type CTA861_3
11-05 23:00:01.112  1693  1693 I WifiHAL : Get link layer stats
11-05 23:00:01.112  1693  1693 I WifiHAL : GetLinkStatsCommand::create
11-05 23:00:01.112  1693  1693 D android.hardware.wifi@1.0-service-lazy: WifiRequest::create vendor command to iface 38, vendor_id=0x1a11, subcmd=0x1200, res=0
11-05 23:00:01.112  1693  1693 I android.hardware.wifi@1.0-service-lazy: WifiCommand::requestResponse err=-95
11-05 23:00:01.112  1693  1693 I WifiHAL : wifi_get_link_stats: result=-3
11-05 23:00:01.113  1187  1566 E WifiVendorHal: getWifiLinkLayerStats_1_5_Internal(l.1179) failed {.code = ERROR_NOT_SUPPORTED, .description = }
11-05 23:00:01.116  1187 22074 D SemWifiUsabilityStatsMonitor: onWifiUsabilityStats - seqNum 106848, isSameBssidAndFreq true
11-05 23:00:01.118  1187  1645 I SemWifiLinkQualityMonitor: Link Qos query: inf. ms / 0 Mbps
11-05 23:00:01.125  9990 10034 E IMGMapper: set:488 set: Unset optional value from type SMPTE2086
11-05 23:00:01.125  9990 10034 E IMGMapper: set:488 set: Unset optional value from type CTA861_3
11-05 23:00:01.139  9990 10034 E IMGMapper: set:488 set: Unset optional value from type SMPTE2086
11-05 23:00:01.139  9990 10034 E IMGMapper: set:488 set: Unset optional value from type CTA861_3
11-05 23:00:01.157  9990 10034 E IMGMapper: set:488 set: Unset optional value from type SMPTE2086
11-05 23:00:01.157  9990 10034 E IMGMapper: set:488 set: Unset optional value from type CTA861_3
11-05 23:00:01.178  9990 10034 E IMGMapper: set:488 set: Unset optional value from type SMPTE2086
11-05 23:00:01.178  9990 10034 E IMGMapper: set:488 set: Unset optional value from type CTA861_3
11-05 23:00:01.195  9990 10034 E IMGMapper: set:488 set: Unset optional value from type SMPTE2086
11-05 23:00:01.195  9990 10034 E IMGMapper: set:488 set: Unset optional value from type CTA861_3
11-05 23:00:01.210  9990 10034 E IMGMapper: set:488 set: Unset optional value from type SMPTE2086
11-05 23:00:01.210  9990 10034 E IMGMapper: set:488 set: Unset optional value from type CTA861_3
11-05 23:00:01.229  9990 10034 E IMGMapper: set:488 set: Unset optional value from type SMPTE2086
11-05 23:00:01.229  9990 10034 E IMGMapper: set:488 set: Unset optional value from type CTA861_3
11-05 23:00:01.240  9990 10034 E IMGMapper: set:488 set: Unset optional value from type SMPTE2086
11-05 23:00:01.240  9990 10034 E IMGMapper: set:488 set: Unset optional value from type CTA861_3
11-05 23:00:01.257  9990 10034 E IMGMapper: set:488 set: Unset optional value from type SMPTE2086
11-05 23:00:01.257  9990 10034 E IMGMapper: set:488 set: Unset optional value from type CTA861_3
11-05 23:00:01.263  1187  4523 D InputDispatcher: Inject motion (10165/2000): action=0x0, time=3401322902000000, f=0x0, d=0 dsdx=1.000000 dtdx=0.000000
11-05 23:00:01.263  1187  1534 I InputDispatcher: Delivering touch to (1737): action: 0x4, f=0x0, d=0, 'd92b8ad', t=1 
11-05 23:00:01.263  1187  1534 I InputDispatcher: Delivering touch to (9990): action: 0x0, f=0x0, d=0, '7d3e0c ', t=1 
11-05 23:00:01.264  1187  1534 D PowerManagerService: [api] userActivityFromNative :  (event: 2 flags: 0 displayId: 0) eventTime = 3401322902
11-05 23:00:01.264  1187  1303 I GestureDetector: obtain mCurrentDownEvent. id: -917057152 caller: com.android.server.wm.SystemGesturesPointerEventListener.onPointerEvent:203 com.android.server.wm.PointerEventDispatcher.onInputEvent:53 android.view.InputEventReceiver.dispatchInputEvent:285 
11-05 23:00:01.265  1187  1303 I GestureDetector: obtain mCurrentDownEvent. id: -917057152 caller: com.android.server.wm.SystemPerformancePointerEventListener.onPointerEvent:89 com.android.server.wm.PointerEventDispatcher.onInputEvent:53 android.view.InputEventReceiver.dispatchInputEvent:285 
11-05 23:00:01.271  9990  9990 I ViewRootImpl@eaf2444[MainActivity]: ViewPostIme pointer 0
11-05 23:00:01.276  9990 10034 E IMGMapper: set:488 set: Unset optional value from type SMPTE2086
11-05 23:00:01.276  9990 10034 E IMGMapper: set:488 set: Unset optional value from type CTA861_3
11-05 23:00:01.283  1187  1303 I GestureDetector: obtain mCurrentMotionEventRaw. action: 2 id: -169817740
11-05 23:00:01.284  1187  1303 I GestureDetector: obtain mCurrentMotionEventRaw. action: 2 id: -169817740
11-05 23:00:01.294   896   910 I mtkpower_client: perf_lock_rel, hdl:1047005, tid:910
11-05 23:00:01.295  1014  1065 I libPowerHal: [perfLockRel] hdl:1047005, idx:1
11-05 23:00:01.296  1014  1065 I libPowerHal: vendor.samsung.: cpu_ctrl set cpu freq: 1218000 -1 -1 -1
11-05 23:00:01.296   896   910 I mtkpower_client: perf_lock_acq, hdl:0, dur:0, num:2, tid:910
11-05 23:00:01.297   896   910 I mtkpower_client: ret_hdl:1047007
11-05 23:00:01.297   896   910 I mtkpower_client: perf_lock_rel, hdl:1047006, tid:910
11-05 23:00:01.298  9990 10034 E IMGMapper: set:488 set: Unset optional value from type SMPTE2086
11-05 23:00:01.298  9990 10034 E IMGMapper: set:488 set: Unset optional value from type CTA861_3
11-05 23:00:01.298  1014  1065 I libPowerHal: [perfLockAcq] idx:0 hdl:1047007 hint:-1 pid:896 duration:0 lock_user:vendor.samsung. => ret_hdl:1047007
11-05 23:00:01.298  1014  1065 I libPowerHal: vendor.samsung.: cpu_ctrl set cpu freq: 1218000 -1 1138000 -1
11-05 23:00:01.300   896   910 I mtkpower_client: perf_lock_acq, hdl:0, dur:0, num:2, tid:910
11-05 23:00:01.301  1014  1065 I libPowerHal: [perfLockRel] hdl:1047006, idx:2
11-05 23:00:01.301  1014  1065 I libPowerHal: vendor.samsung.: cpu_ctrl set cpu freq: -1 -1 1138000 -1
11-05 23:00:01.302   896   910 I mtkpower_client: ret_hdl:1047008
11-05 23:00:01.302  1014  1065 I libPowerHal: [perfLockAcq] idx:1 hdl:1047008 hint:-1 pid:896 duration:0 lock_user:vendor.samsung. => ret_hdl:1047008
11-05 23:00:01.302   896   910 I HYPER-HAL: [RequestManager.cpp]releaseLocked(): Released ID : 725427
11-05 23:00:01.303  1014  1065 I libPowerHal: vendor.samsung.: cpu_ctrl set cpu freq: 1218000 -1 1138000 -1
11-05 23:00:01.310  9990 10034 E IMGMapper: set:488 set: Unset optional value from type SMPTE2086
11-05 23:00:01.310  9990 10034 E IMGMapper: set:488 set: Unset optional value from type CTA861_3
11-05 23:00:01.322  9990 10034 E IMGMapper: set:488 set: Unset optional value from type SMPTE2086
11-05 23:00:01.322  9990 10034 E IMGMapper: set:488 set: Unset optional value from type CTA861_3
11-05 23:00:01.335  9990 10034 E IMGMapper: set:488 set: Unset optional value from type SMPTE2086
11-05 23:00:01.335  9990 10034 E IMGMapper: set:488 set: Unset optional value from type CTA861_3
11-05 23:00:01.364  9990 10034 E IMGMapper: set:488 set: Unset optional value from type SMPTE2086
11-05 23:00:01.364  9990 10034 E IMGMapper: set:488 set: Unset optional value from type CTA861_3
11-05 23:00:01.372  9990 10034 E IMGMapper: set:488 set: Unset optional value from type SMPTE2086
11-05 23:00:01.372  9990 10034 E IMGMapper: set:488 set: Unset optional value from type CTA861_3
11-05 23:00:01.386  9990 10034 E IMGMapper: set:488 set: Unset optional value from type SMPTE2086
11-05 23:00:01.386  9990 10034 E IMGMapper: set:488 set: Unset optional value from type CTA861_3
11-05 23:00:01.395  1737  1942 D MobileStatusTracker(0/2): onSignalStrengthsChanged level=3, vendorLevel=3
11-05 23:00:01.397  1737  1942 D MobileSignalController(0/2): notifyListener: enabled=true, connected=true, dataConnected=true, networkType=LTE (4G), emergencyOnly=false, roaming=false, isDefault=false, dataActivity=, level=3, ca=false, mmWave=false, disabledDataIcon=false, simCard=ETC
11-05 23:00:01.398  1737  1942 D NetworkController: SignalStrength from intent slotId=0
11-05 23:00:01.407  9990 10034 E IMGMapper: set:488 set: Unset optional value from type SMPTE2086
11-05 23:00:01.407  9990 10034 E IMGMapper: set:488 set: Unset optional value from type CTA861_3
11-05 23:00:01.421  9990 10034 E IMGMapper: set:488 set: Unset optional value from type SMPTE2086
11-05 23:00:01.421  9990 10034 E IMGMapper: set:488 set: Unset optional value from type CTA861_3
11-05 23:00:01.440  9990 10034 E IMGMapper: set:488 set: Unset optional value from type SMPTE2086
11-05 23:00:01.440  9990 10034 E IMGMapper: set:488 set: Unset optional value from type CTA861_3
11-05 23:00:01.454  9990 10034 E IMGMapper: set:488 set: Unset optional value from type SMPTE2086
11-05 23:00:01.454  9990 10034 E IMGMapper: set:488 set: Unset optional value from type CTA861_3
11-05 23:00:01.474  9990 10034 E IMGMapper: set:488 set: Unset optional value from type SMPTE2086
11-05 23:00:01.474  9990 10034 E IMGMapper: set:488 set: Unset optional value from type CTA861_3
11-05 23:00:01.477  9990 10138 D skia    : SkJpegCodec::onGetPixels +
11-05 23:00:01.486  1187  1277 I system_server: Background concurrent copying GC freed 269261(21MB) AllocSpace objects, 154(3160KB) LOS objects, 20% free, 94MB/118MB, paused 1.386ms,405us total 665.576ms
11-05 23:00:01.489  9990 10034 E IMGMapper: set:488 set: Unset optional value from type SMPTE2086
11-05 23:00:01.489  9990 10034 E IMGMapper: set:488 set: Unset optional value from type CTA861_3
11-05 23:00:01.499  1187  1294 W System  : A resource failed to call release. 
11-05 23:00:01.499  1187  1294 W System  : A resource failed to call end. 
11-05 23:00:01.503  9990 10034 E IMGMapper: set:488 set: Unset optional value from type SMPTE2086
11-05 23:00:01.503  9990 10034 E IMGMapper: set:488 set: Unset optional value from type CTA861_3
11-05 23:00:01.505  9990 10138 D skia    : SkJpegCodec::onGetPixels -
11-05 23:00:01.530  9990 10034 E IMGMapper: set:488 set: Unset optional value from type SMPTE2086
11-05 23:00:01.530  9990 10034 E IMGMapper: set:488 set: Unset optional value from type CTA861_3
11-05 23:00:01.545  9990 10034 E IMGMapper: set:488 set: Unset optional value from type SMPTE2086
11-05 23:00:01.545  9990 10034 E IMGMapper: set:488 set: Unset optional value from type CTA861_3
11-05 23:00:01.555  9990 10034 E IMGMapper: set:488 set: Unset optional value from type SMPTE2086
11-05 23:00:01.555  9990 10034 E IMGMapper: set:488 set: Unset optional value from type CTA861_3
11-05 23:00:01.562  1187  4523 D InputDispatcher: Inject motion (10165/2000): action=0x1, time=3401323204000000, f=0x0, d=0 dsdx=1.000000 dtdx=0.000000
