11-06 11:58:01.645 16522 16550 I ReactNativeJS:       "durationMs": 264
11-06 11:58:01.645 16522 16550 I ReactNativeJS:     },
11-06 11:58:01.645 16522 16550 I ReactNativeJS:     {
11-06 11:58:01.645 16522 16550 I ReactNativeJS:       "id": 1241470,
11-06 11:58:01.645 16522 16550 I ReactNativeJS:       "durationMs": 264
11-06 11:58:01.645 16522 16550 I ReactNativeJS:     },
11-06 11:58:01.645 16522 16550 I ReactNativeJS:     {
11-06 11:58:01.645 16522 16550 I ReactNativeJS:       "id": 1319895,
11-06 11:58:01.645 16522 16550 I ReactNativeJS:       "durationMs": 232
11-06 11:58:01.645 16522 16550 I ReactNativeJS:     },
11-06 11:58:01.645 16522 16550 I ReactNativeJS:     {
11-06 11:58:01.645 16522 16550 I ReactNativeJS:       "id": 1185528,
11-06 11:58:01.645 16522 16550 I ReactNativeJS:       "durationMs": 467
11-06 11:58:01.645 16522 16550 I ReactNativeJS:     },
11-06 11:58:01.645 16522 16550 I ReactNativeJS:     {
11-06 11:58:01.645 16522 16550 I ReactNativeJS:       "id": 986206,
11-06 11:58:01.645 16522 16550 I ReactNativeJS:       "durationMs": 1
11-06 11:58:01.645 16522 16550 I ReactNativeJS:     },
11-06 11:58:01.645 16522 16550 I ReactNativeJS:     {
11-06 11:58:01.645 16522 16550 I ReactNativeJS:       "id": 1088166,
11-06 11:58:01.645 16522 16550 I ReactNativeJS:       "durationMs": 293
11-06 11:58:01.645 16522 16550 I ReactNativeJS:     },
11-06 11:58:01.645 16522 16550 I ReactNativeJS:     {
11-06 11:58:01.645 16522 16550 I ReactNativeJS:       "id": 1100988,
11-06 11:58:01.645 16522 16550 I ReactNativeJS:       "durationMs": 336
11-06 11:58:01.645 16522 16550 I ReactNativeJS:     },
11-06 11:58:01.645 16522 16550 I ReactNativeJS:     {
11-06 11:58:01.645 16522 16550 I ReactNativeJS:       "id": 1337395,
11-06 11:58:01.645 16522 16550 I ReactNativeJS:       "durationMs": 336
11-06 11:58:01.645 16522 16550 I ReactNativeJS:     },
11-06 11:58:01.645 16522 16550 I ReactNativeJS:     {
11-06 11:58:01.645 16522 16550 I ReactNativeJS:       "id": 1151272,
11-06 11:58:01.645 16522 16550 I ReactNativeJS:       "durationMs": 289
11-06 11:58:01.645 16522 16550 I ReactNativeJS:     },
11-06 11:58:01.645 16522 16550 I ReactNativeJS:     {
11-06 11:58:01.645 16522 16550 I ReactNativeJS:       "id": 1163545,
11-06 11:58:01.645 16522 16550 I ReactNativeJS:       "durationMs": 289
11-06 11:58:01.645 16522 16550 I ReactNativeJS:     },
11-06 11:58:01.645 16522 16550 I ReactNativeJS:     {
11-06 11:58:01.645 16522 16550 I ReactNativeJS:       "id": 986056,
11-06 11:58:01.645 16522 16550 I ReactNativeJS:       "durationMs": 245
11-06 11:58:01.645 16522 16550 I ReactNativeJS:     }
11-06 11:58:01.645 16522 16550 I ReactNativeJS:   ],
11-06 11:58:01.645 16522 16550 I ReactNativeJS:   "navigationEvents": [
11-06 11:58:01.645 16522 16550 I ReactNativeJS:     {
11-06 11:58:01.645 16522 16550 I ReactNativeJS:       "action": "focus_dashboard",
11-06 11:58:01.645 16522 16550 I ReactNativeJS:       "timestamp": 1762441061502
11-06 11:58:01.645 16522 16550 I ReactNativeJS:     }
11-06 11:58:01.645 16522 16550 I ReactNativeJS:   ]
11-06 11:58:01.645 16522 16550 I ReactNativeJS: }
11-06 11:58:01.645 16522 16542 E IMGMapper: set:488 set: Unset optional value from type SMPTE2086
11-06 11:58:01.645 16522 16542 E IMGMapper: set:488 set: Unset optional value from type CTA861_3
11-06 11:58:01.645 16522 16550 I ReactNativeJS: ---IMG_METRICS_END---
11-06 11:58:01.648  1737  1942 D MobileStatusTracker(0/2): onSignalStrengthsChanged level=4, vendorLevel=3
11-06 11:58:01.651  1737  1942 D MobileSignalController(0/2): notifyListener: enabled=true, connected=true, dataConnected=true, networkType=LTE (4G), emergencyOnly=false, roaming=false, isDefault=false, dataActivity=, level=3, ca=false, mmWave=false, disabledDataIcon=false, simCard=ETC
11-06 11:58:01.652  1737  1942 D NetworkController: SignalStrength from intent slotId=0
11-06 11:58:01.654 16522 16542 E IMGMapper: set:488 set: Unset optional value from type SMPTE2086
11-06 11:58:01.654 16522 16542 E IMGMapper: set:488 set: Unset optional value from type CTA861_3
11-06 11:58:01.683 16522 16542 E IMGMapper: set:488 set: Unset optional value from type SMPTE2086
11-06 11:58:01.683 16522 16542 E IMGMapper: set:488 set: Unset optional value from type CTA861_3
11-06 11:58:01.697 16522 16542 E IMGMapper: set:488 set: Unset optional value from type SMPTE2086
11-06 11:58:01.698 16522 16542 E IMGMapper: set:488 set: Unset optional value from type CTA861_3
11-06 11:58:01.712 16522 16542 E IMGMapper: set:488 set: Unset optional value from type SMPTE2086
11-06 11:58:01.712 16522 16542 E IMGMapper: set:488 set: Unset optional value from type CTA861_3
11-06 11:58:01.731 16522 16542 E IMGMapper: set:488 set: Unset optional value from type SMPTE2086
11-06 11:58:01.731 16522 16542 E IMGMapper: set:488 set: Unset optional value from type CTA861_3
11-06 11:58:01.744 16522 16542 E IMGMapper: set:488 set: Unset optional value from type SMPTE2086
11-06 11:58:01.744 16522 16542 E IMGMapper: set:488 set: Unset optional value from type CTA861_3
11-06 11:58:01.761 16522 16542 E IMGMapper: set:488 set: Unset optional value from type SMPTE2086
11-06 11:58:01.761 16522 16542 E IMGMapper: set:488 set: Unset optional value from type CTA861_3
11-06 11:58:01.779 16522 16542 E IMGMapper: set:488 set: Unset optional value from type SMPTE2086
11-06 11:58:01.779 16522 16542 E IMGMapper: set:488 set: Unset optional value from type CTA861_3
11-06 11:58:01.794 16522 16542 E IMGMapper: set:488 set: Unset optional value from type SMPTE2086
11-06 11:58:01.794 16522 16542 E IMGMapper: set:488 set: Unset optional value from type CTA861_3
11-06 11:58:01.810 16522 16542 E IMGMapper: set:488 set: Unset optional value from type SMPTE2086
11-06 11:58:01.810 16522 16542 E IMGMapper: set:488 set: Unset optional value from type CTA861_3
11-06 11:58:01.825 16522 16542 E IMGMapper: set:488 set: Unset optional value from type SMPTE2086
11-06 11:58:01.825 16522 16542 E IMGMapper: set:488 set: Unset optional value from type CTA861_3
11-06 11:58:01.842 16522 16542 E IMGMapper: set:488 set: Unset optional value from type SMPTE2086
11-06 11:58:01.842 16522 16542 E IMGMapper: set:488 set: Unset optional value from type CTA861_3
11-06 11:58:01.858 16522 16542 E IMGMapper: set:488 set: Unset optional value from type SMPTE2086
11-06 11:58:01.858 16522 16542 E IMGMapper: set:488 set: Unset optional value from type CTA861_3
11-06 11:58:01.875 16522 16542 E IMGMapper: set:488 set: Unset optional value from type SMPTE2086
11-06 11:58:01.875 16522 16542 E IMGMapper: set:488 set: Unset optional value from type CTA861_3
11-06 11:58:01.892 16522 16542 E IMGMapper: set:488 set: Unset optional value from type SMPTE2086
11-06 11:58:01.892 16522 16542 E IMGMapper: set:488 set: Unset optional value from type CTA861_3
11-06 11:58:01.909 16522 16542 E IMGMapper: set:488 set: Unset optional value from type SMPTE2086
11-06 11:58:01.909 16522 16542 E IMGMapper: set:488 set: Unset optional value from type CTA861_3
11-06 11:58:01.925 16522 16542 E IMGMapper: set:488 set: Unset optional value from type SMPTE2086
11-06 11:58:01.926 16522 16542 E IMGMapper: set:488 set: Unset optional value from type CTA861_3
11-06 11:58:01.942 16522 16542 E IMGMapper: set:488 set: Unset optional value from type SMPTE2086
11-06 11:58:01.943 16522 16542 E IMGMapper: set:488 set: Unset optional value from type CTA861_3
11-06 11:58:01.959 16522 16542 E IMGMapper: set:488 set: Unset optional value from type SMPTE2086
11-06 11:58:01.959 16522 16542 E IMGMapper: set:488 set: Unset optional value from type CTA861_3
11-06 11:58:01.975 16522 16542 E IMGMapper: set:488 set: Unset optional value from type SMPTE2086
11-06 11:58:01.975 16522 16542 E IMGMapper: set:488 set: Unset optional value from type CTA861_3
11-06 11:58:01.992 16522 16542 E IMGMapper: set:488 set: Unset optional value from type SMPTE2086
11-06 11:58:01.992 16522 16542 E IMGMapper: set:488 set: Unset optional value from type CTA861_3
11-06 11:58:02.009 16522 16542 E IMGMapper: set:488 set: Unset optional value from type SMPTE2086
11-06 11:58:02.009 16522 16542 E IMGMapper: set:488 set: Unset optional value from type CTA861_3
11-06 11:58:02.031 16522 16542 E IMGMapper: set:488 set: Unset optional value from type SMPTE2086
11-06 11:58:02.032 16522 16542 E IMGMapper: set:488 set: Unset optional value from type CTA861_3
11-06 11:58:02.042 16522 16542 E IMGMapper: set:488 set: Unset optional value from type SMPTE2086
11-06 11:58:02.042 16522 16542 E IMGMapper: set:488 set: Unset optional value from type CTA861_3
11-06 11:58:02.061 16522 16542 E IMGMapper: set:488 set: Unset optional value from type SMPTE2086
11-06 11:58:02.061 16522 16542 E IMGMapper: set:488 set: Unset optional value from type CTA861_3
11-06 11:58:02.077 16522 16542 E IMGMapper: set:488 set: Unset optional value from type SMPTE2086
11-06 11:58:02.077 16522 16542 E IMGMapper: set:488 set: Unset optional value from type CTA861_3
11-06 11:58:02.094 16522 16542 E IMGMapper: set:488 set: Unset optional value from type SMPTE2086
11-06 11:58:02.094 16522 16542 E IMGMapper: set:488 set: Unset optional value from type CTA861_3
11-06 11:58:02.112 16522 16542 E IMGMapper: set:488 set: Unset optional value from type SMPTE2086
11-06 11:58:02.112 16522 16542 E IMGMapper: set:488 set: Unset optional value from type CTA861_3
11-06 11:58:02.128 16522 16542 E IMGMapper: set:488 set: Unset optional value from type SMPTE2086
11-06 11:58:02.128 16522 16542 E IMGMapper: set:488 set: Unset optional value from type CTA861_3
11-06 11:58:02.143 16522 16542 E IMGMapper: set:488 set: Unset optional value from type SMPTE2086
11-06 11:58:02.144 16522 16542 E IMGMapper: set:488 set: Unset optional value from type CTA861_3
11-06 11:58:02.156  1187  1486 D SensorService: [SO] -0.618 1.744 9.836
11-06 11:58:02.160 16522 16542 E IMGMapper: set:488 set: Unset optional value from type SMPTE2086
11-06 11:58:02.160 16522 16542 E IMGMapper: set:488 set: Unset optional value from type CTA861_3
11-06 11:58:02.177 16522 16542 E IMGMapper: set:488 set: Unset optional value from type SMPTE2086
11-06 11:58:02.177 16522 16542 E IMGMapper: set:488 set: Unset optional value from type CTA861_3
11-06 11:58:02.198 16522 16542 E IMGMapper: set:488 set: Unset optional value from type SMPTE2086
11-06 11:58:02.198 16522 16542 E IMGMapper: set:488 set: Unset optional value from type CTA861_3
11-06 11:58:02.210 16522 16542 E IMGMapper: set:488 set: Unset optional value from type SMPTE2086
11-06 11:58:02.210 16522 16542 E IMGMapper: set:488 set: Unset optional value from type CTA861_3
11-06 11:58:02.227 16522 16542 E IMGMapper: set:488 set: Unset optional value from type SMPTE2086
11-06 11:58:02.227 16522 16542 E IMGMapper: set:488 set: Unset optional value from type CTA861_3
11-06 11:58:02.243 16522 16542 E IMGMapper: set:488 set: Unset optional value from type SMPTE2086
11-06 11:58:02.243 16522 16542 E IMGMapper: set:488 set: Unset optional value from type CTA861_3
11-06 11:58:02.260 16522 16542 E IMGMapper: set:488 set: Unset optional value from type SMPTE2086
11-06 11:58:02.260 16522 16542 E IMGMapper: set:488 set: Unset optional value from type CTA861_3
11-06 11:58:02.277 16522 16542 E IMGMapper: set:488 set: Unset optional value from type SMPTE2086
11-06 11:58:02.277 16522 16542 E IMGMapper: set:488 set: Unset optional value from type CTA861_3
11-06 11:58:02.293 16522 16542 E IMGMapper: set:488 set: Unset optional value from type SMPTE2086
11-06 11:58:02.293 16522 16542 E IMGMapper: set:488 set: Unset optional value from type CTA861_3
11-06 11:58:02.311 16522 16542 E IMGMapper: set:488 set: Unset optional value from type SMPTE2086
11-06 11:58:02.311 16522 16542 E IMGMapper: set:488 set: Unset optional value from type CTA861_3
11-06 11:58:02.324  1200  1324 D ULogGuard: Monitoring: 16 threads, 0 requests, 0 time-bombs; 1 guards. ResetFlags = 0x7
11-06 11:58:02.329 16522 16542 E IMGMapper: set:488 set: Unset optional value from type SMPTE2086
11-06 11:58:02.329 16522 16542 E IMGMapper: set:488 set: Unset optional value from type CTA861_3
11-06 11:58:02.343 16522 16542 E IMGMapper: set:488 set: Unset optional value from type SMPTE2086
11-06 11:58:02.343 16522 16542 E IMGMapper: set:488 set: Unset optional value from type CTA861_3
11-06 11:58:02.359 16522 16542 E IMGMapper: set:488 set: Unset optional value from type SMPTE2086
11-06 11:58:02.359 16522 16542 E IMGMapper: set:488 set: Unset optional value from type CTA861_3
11-06 11:58:02.376 16522 16542 E IMGMapper: set:488 set: Unset optional value from type SMPTE2086
11-06 11:58:02.376 16522 16542 E IMGMapper: set:488 set: Unset optional value from type CTA861_3
11-06 11:58:02.391 16522 16542 E IMGMapper: set:488 set: Unset optional value from type SMPTE2086
11-06 11:58:02.391 16522 16542 E IMGMapper: set:488 set: Unset optional value from type CTA861_3
11-06 11:58:02.411 16522 16542 E IMGMapper: set:488 set: Unset optional value from type SMPTE2086
11-06 11:58:02.411 16522 16542 E IMGMapper: set:488 set: Unset optional value from type CTA861_3
11-06 11:58:02.424 16522 16542 E IMGMapper: set:488 set: Unset optional value from type SMPTE2086
11-06 11:58:02.424 16522 16542 E IMGMapper: set:488 set: Unset optional value from type CTA861_3
11-06 11:58:02.441 16522 16542 E IMGMapper: set:488 set: Unset optional value from type SMPTE2086
11-06 11:58:02.441 16522 16542 E IMGMapper: set:488 set: Unset optional value from type CTA861_3
11-06 11:58:02.459 16522 16542 E IMGMapper: set:488 set: Unset optional value from type SMPTE2086
11-06 11:58:02.459 16522 16542 E IMGMapper: set:488 set: Unset optional value from type CTA861_3
11-06 11:58:02.473 16522 16542 E IMGMapper: set:488 set: Unset optional value from type SMPTE2086
11-06 11:58:02.473 16522 16542 E IMGMapper: set:488 set: Unset optional value from type CTA861_3
11-06 11:58:02.478   543   543 D io_stats: !@ 179,0 r 632664351 7637791298 w 114747918 1217189356 d 1261427 33798212 f 0 0 iot 326158884 0 th 0 0 0 pt 0 inp 0 0 3427897.787
11-06 11:58:02.493 16522 16542 E IMGMapper: set:488 set: Unset optional value from type SMPTE2086
11-06 11:58:02.493 16522 16542 E IMGMapper: set:488 set: Unset optional value from type CTA861_3
11-06 11:58:02.506 16522 16542 E IMGMapper: set:488 set: Unset optional value from type SMPTE2086
11-06 11:58:02.506 16522 16542 E IMGMapper: set:488 set: Unset optional value from type CTA861_3
11-06 11:58:02.524 16522 16542 E IMGMapper: set:488 set: Unset optional value from type SMPTE2086
11-06 11:58:02.524 16522 16542 E IMGMapper: set:488 set: Unset optional value from type CTA861_3
11-06 11:58:02.529  1039  1039 I BufferQueueProducer: [com.cinemamovel/com.cinemamovel.MainActivity$_16522#690601](this:0xb400007a1f842838,id:-1,api:0,p:-1,c:1039) queueBuffer: fps=59.10 dur=1015.25 max=33.88 min=16.20
11-06 11:58:02.531   896 16627 I mtkpower_client: perf_lock_rel, hdl:1053340, tid:16627
11-06 11:58:02.531   991   991 I hwcomposer: [HWCDisplay] [Display_0 (type:1)] fps:59.094612,dur:1015.32,max:33.56,min:15.84  
11-06 11:58:02.532  1014  1065 I libPowerHal: [perfLockRel] hdl:1053340, idx:0
11-06 11:58:02.534   896 16627 I mtkpower_client: perf_lock_acq, hdl:0, dur:0, num:2, tid:16627
11-06 11:58:02.534  1014  1065 I libPowerHal: vendor.samsung.: cpu_ctrl set cpu freq: 1218000 -1 -1 -1
11-06 11:58:02.535   896 16627 I mtkpower_client: ret_hdl:1053342
11-06 11:58:02.535   896 16627 I mtkpower_client: perf_lock_rel, hdl:1053341, tid:16627
11-06 11:58:02.535  1014  1065 I libPowerHal: [perfLockAcq] idx:0 hdl:1053342 hint:-1 pid:896 duration:0 lock_user:vendor.samsung. => ret_hdl:1053342
11-06 11:58:02.536  1014  1065 I libPowerHal: vendor.samsung.: cpu_ctrl set cpu freq: 1218000 -1 1138000 -1
11-06 11:58:02.536   896 16627 I mtkpower_client: perf_lock_acq, hdl:0, dur:0, num:2, tid:16627
11-06 11:58:02.536  1014  1065 I libPowerHal: [perfLockRel] hdl:1053341, idx:1
11-06 11:58:02.537  1014  1065 I libPowerHal: vendor.samsung.: cpu_ctrl set cpu freq: -1 -1 1138000 -1
11-06 11:58:02.538   896 16627 I mtkpower_client: ret_hdl:1053343
11-06 11:58:02.538   896 16627 I HYPER-HAL: [RequestManager.cpp]releaseLocked(): Released ID : 726633
11-06 11:58:02.538   896   910 I mtkpower_client: perf_lock_rel, hdl:1053342, tid:910
11-06 11:58:02.538  1014  1065 I libPowerHal: [perfLockAcq] idx:1 hdl:1053343 hint:-1 pid:896 duration:0 lock_user:vendor.samsung. => ret_hdl:1053343
11-06 11:58:02.539  1014  1065 I libPowerHal: vendor.samsung.: cpu_ctrl set cpu freq: 1218000 -1 1138000 -1
11-06 11:58:02.539   896   910 I mtkpower_client: perf_lock_rel, hdl:1053343, tid:910
11-06 11:58:02.539  1014  1065 I libPowerHal: [perfLockRel] hdl:1053342, idx:0
11-06 11:58:02.540  1014  1065 I libPowerHal: vendor.samsung.: cpu_ctrl set cpu freq: 1218000 -1 -1 -1
11-06 11:58:02.540 16522 16542 E IMGMapper: set:488 set: Unset optional value from type SMPTE2086
11-06 11:58:02.540 16522 16542 E IMGMapper: set:488 set: Unset optional value from type CTA861_3
11-06 11:58:02.540   896   910 I HYPER-HAL: [RequestManager.cpp]releaseLocked(): Released ID : 725427
11-06 11:58:02.541  1014  1065 I libPowerHal: [perfLockRel] hdl:1053343, idx:1
11-06 11:58:02.541  1014  1065 I libPowerHal: vendor.samsung.: cpu_ctrl set cpu freq: -1 -1 -1 -1
11-06 11:58:02.556 16522 16542 E IMGMapper: set:488 set: Unset optional value from type SMPTE2086
11-06 11:58:02.557 16522 16542 E IMGMapper: set:488 set: Unset optional value from type CTA861_3
11-06 11:58:02.918  1737  1942 D MobileStatusTracker(0/2): onSignalStrengthsChanged level=4, vendorLevel=3
11-06 11:58:02.921  1737  1942 D MobileSignalController(0/2): notifyListener: enabled=true, connected=true, dataConnected=true, networkType=LTE (4G), emergencyOnly=false, roaming=false, isDefault=false, dataActivity=, level=3, ca=false, mmWave=false, disabledDataIcon=false, simCard=ETC
11-06 11:58:02.921  1737  1942 D NetworkController: SignalStrength from intent slotId=0
11-06 11:58:02.953 16522 16542 E IMGMapper: set:488 set: Unset optional value from type SMPTE2086
11-06 11:58:02.953 16522 16542 E IMGMapper: set:488 set: Unset optional value from type CTA861_3
11-06 11:58:02.970 16522 16542 E IMGMapper: set:488 set: Unset optional value from type SMPTE2086
11-06 11:58:02.970 16522 16542 E IMGMapper: set:488 set: Unset optional value from type CTA861_3
11-06 11:58:02.986 16522 16542 E IMGMapper: set:488 set: Unset optional value from type SMPTE2086
11-06 11:58:02.987 16522 16542 E IMGMapper: set:488 set: Unset optional value from type CTA861_3
11-06 11:58:03.004 16522 16542 E IMGMapper: set:488 set: Unset optional value from type SMPTE2086
11-06 11:58:03.004 16522 16542 E IMGMapper: set:488 set: Unset optional value from type CTA861_3
11-06 11:58:03.021 16522 16542 E IMGMapper: set:488 set: Unset optional value from type SMPTE2086
11-06 11:58:03.021 16522 16542 E IMGMapper: set:488 set: Unset optional value from type CTA861_3
11-06 11:58:03.038 16522 16542 E IMGMapper: set:488 set: Unset optional value from type SMPTE2086
11-06 11:58:03.038 16522 16542 E IMGMapper: set:488 set: Unset optional value from type CTA861_3
11-06 11:58:03.055 16522 16542 E IMGMapper: set:488 set: Unset optional value from type SMPTE2086
11-06 11:58:03.055 16522 16542 E IMGMapper: set:488 set: Unset optional value from type CTA861_3
11-06 11:58:03.071 16522 16542 E IMGMapper: set:488 set: Unset optional value from type SMPTE2086
11-06 11:58:03.071 16522 16542 E IMGMapper: set:488 set: Unset optional value from type CTA861_3
11-06 11:58:03.087 16522 16542 E IMGMapper: set:488 set: Unset optional value from type SMPTE2086
11-06 11:58:03.087 16522 16542 E IMGMapper: set:488 set: Unset optional value from type CTA861_3
11-06 11:58:03.104 16522 16542 E IMGMapper: set:488 set: Unset optional value from type SMPTE2086
11-06 11:58:03.104 16522 16542 E IMGMapper: set:488 set: Unset optional value from type CTA861_3
11-06 11:58:03.125 16522 16542 E IMGMapper: set:488 set: Unset optional value from type SMPTE2086
11-06 11:58:03.125 16522 16542 E IMGMapper: set:488 set: Unset optional value from type CTA861_3
11-06 11:58:03.142 16522 16542 E IMGMapper: set:488 set: Unset optional value from type SMPTE2086
11-06 11:58:03.142 16522 16542 E IMGMapper: set:488 set: Unset optional value from type CTA861_3
11-06 11:58:03.151  1693  1693 I WifiHAL : Get link layer stats
11-06 11:58:03.151  1693  1693 I WifiHAL : GetLinkStatsCommand::create
11-06 11:58:03.151  1693  1693 D android.hardware.wifi@1.0-service-lazy: WifiRequest::create vendor command to iface 38, vendor_id=0x1a11, subcmd=0x1200, res=0
11-06 11:58:03.151  1693  1693 I android.hardware.wifi@1.0-service-lazy: WifiCommand::requestResponse err=-95
11-06 11:58:03.151  1693  1693 I WifiHAL : wifi_get_link_stats: result=-3
11-06 11:58:03.152  1187  1566 E WifiVendorHal: getWifiLinkLayerStats_1_5_Internal(l.1179) failed {.code = ERROR_NOT_SUPPORTED, .description = }
11-06 11:58:03.155 16522 16542 E IMGMapper: set:488 set: Unset optional value from type SMPTE2086
11-06 11:58:03.155 16522 16542 E IMGMapper: set:488 set: Unset optional value from type CTA861_3
11-06 11:58:03.157  1187 22074 D SemWifiUsabilityStatsMonitor: onWifiUsabilityStats - seqNum 110627, isSameBssidAndFreq true
11-06 11:58:03.158  1187  1645 I SemWifiLinkQualityMonitor: Link Qos query: inf. ms / 0 Mbps
11-06 11:58:03.170 16522 16542 E IMGMapper: set:488 set: Unset optional value from type SMPTE2086
11-06 11:58:03.170 16522 16542 E IMGMapper: set:488 set: Unset optional value from type CTA861_3
11-06 11:58:03.188 16522 16542 E IMGMapper: set:488 set: Unset optional value from type SMPTE2086
11-06 11:58:03.188 16522 16542 E IMGMapper: set:488 set: Unset optional value from type CTA861_3
11-06 11:58:03.204 16522 16542 E IMGMapper: set:488 set: Unset optional value from type SMPTE2086
11-06 11:58:03.204 16522 16542 E IMGMapper: set:488 set: Unset optional value from type CTA861_3
11-06 11:58:03.222 16522 16542 E IMGMapper: set:488 set: Unset optional value from type SMPTE2086
11-06 11:58:03.222 16522 16542 E IMGMapper: set:488 set: Unset optional value from type CTA861_3
11-06 11:58:03.533  1205  1205 I thermal_repeater: socket -1
11-06 11:58:03.709  1187  1369 D PowerManagerService: UserActivityStateListenerState: 0
