11-06 11:57:51.281 16522 16542 E IMGMapper: set:488 set: Unset optional value from type SMPTE2086
11-06 11:57:51.282 16522 16542 E IMGMapper: set:488 set: Unset optional value from type CTA861_3
11-06 11:57:51.285 16522 16522 W unknown:WrappingUtils: Don't know how to round that drawable: com.facebook.react.views.image.ReactImageDownloadListener$EmptyDrawable@af22614
11-06 11:57:51.319 16522 16542 E IMGMapper: set:488 set: Unset optional value from type SMPTE2086
11-06 11:57:51.320 16522 16542 E IMGMapper: set:488 set: Unset optional value from type CTA861_3
11-06 11:57:51.336 16522 16542 E IMGMapper: set:488 set: Unset optional value from type SMPTE2086
11-06 11:57:51.336 16522 16542 E IMGMapper: set:488 set: Unset optional value from type CTA861_3
11-06 11:57:51.344  1039  1039 I BufferQueueProducer: [com.cinemamovel/com.cinemamovel.MainActivity$_16522#690601](this:0xb400007a1f842838,id:-1,api:0,p:-1,c:1039) queueBuffer: fps=56.15 dur=1015.15 max=49.82 min=16.10
11-06 11:57:51.346   991   991 I hwcomposer: [HWCDisplay] [Display_0 (type:1)] fps:56.171082,dur:1014.76,max:50.08,min:15.97  
11-06 11:57:51.347 16522 16542 E IMGMapper: set:488 set: Unset optional value from type SMPTE2086
11-06 11:57:51.347 16522 16542 E IMGMapper: set:488 set: Unset optional value from type CTA861_3
11-06 11:57:51.360 16522 16542 E IMGMapper: set:488 set: Unset optional value from type SMPTE2086
11-06 11:57:51.360 16522 16542 E IMGMapper: set:488 set: Unset optional value from type CTA861_3
11-06 11:57:51.377 16522 16542 E IMGMapper: set:488 set: Unset optional value from type SMPTE2086
11-06 11:57:51.377 16522 16542 E IMGMapper: set:488 set: Unset optional value from type CTA861_3
11-06 11:57:51.395 16522 16542 E IMGMapper: set:488 set: Unset optional value from type SMPTE2086
11-06 11:57:51.395 16522 16542 E IMGMapper: set:488 set: Unset optional value from type CTA861_3
11-06 11:57:51.402  1737  1942 D MobileStatusTracker(0/2): onSignalStrengthsChanged level=4, vendorLevel=3
11-06 11:57:51.405  1737  1942 D MobileSignalController(0/2): notifyListener: enabled=true, connected=true, dataConnected=true, networkType=LTE (4G), emergencyOnly=false, roaming=false, isDefault=false, dataActivity=, level=3, ca=false, mmWave=false, disabledDataIcon=false, simCard=ETC
11-06 11:57:51.405  1737  1942 D NetworkController: SignalStrength from intent slotId=0
11-06 11:57:51.407 16522 16542 E IMGMapper: set:488 set: Unset optional value from type SMPTE2086
11-06 11:57:51.407 16522 16542 E IMGMapper: set:488 set: Unset optional value from type CTA861_3
11-06 11:57:51.422 16522 16542 E IMGMapper: set:488 set: Unset optional value from type SMPTE2086
11-06 11:57:51.422 16522 16542 E IMGMapper: set:488 set: Unset optional value from type CTA861_3
11-06 11:57:51.440 16522 16542 E IMGMapper: set:488 set: Unset optional value from type SMPTE2086
11-06 11:57:51.440 16522 16542 E IMGMapper: set:488 set: Unset optional value from type CTA861_3
11-06 11:57:51.456 16522 16542 E IMGMapper: set:488 set: Unset optional value from type SMPTE2086
11-06 11:57:51.457 16522 16542 E IMGMapper: set:488 set: Unset optional value from type CTA861_3
11-06 11:57:51.467 16522 16522 W unknown:WrappingUtils: Don't know how to round that drawable: com.facebook.react.views.image.ReactImageDownloadListener$EmptyDrawable@e220d86
11-06 11:57:51.483 16522 16542 E IMGMapper: set:488 set: Unset optional value from type SMPTE2086
11-06 11:57:51.483 16522 16542 E IMGMapper: set:488 set: Unset optional value from type CTA861_3
11-06 11:57:51.490 16522 16522 W unknown:WrappingUtils: Don't know how to round that drawable: com.facebook.react.views.image.ReactImageDownloadListener$EmptyDrawable@42c647
11-06 11:57:51.524 16522 16542 E IMGMapper: set:488 set: Unset optional value from type SMPTE2086
11-06 11:57:51.524 16522 16542 E IMGMapper: set:488 set: Unset optional value from type CTA861_3
11-06 11:57:51.541 16522 16542 E IMGMapper: set:488 set: Unset optional value from type SMPTE2086
11-06 11:57:51.541 16522 16542 E IMGMapper: set:488 set: Unset optional value from type CTA861_3
11-06 11:57:51.559 16522 16542 E IMGMapper: set:488 set: Unset optional value from type SMPTE2086
11-06 11:57:51.560 16522 16542 E IMGMapper: set:488 set: Unset optional value from type CTA861_3
11-06 11:57:51.584 16522 16542 E IMGMapper: set:488 set: Unset optional value from type SMPTE2086
11-06 11:57:51.585 16522 16542 E IMGMapper: set:488 set: Unset optional value from type CTA861_3
11-06 11:57:51.594 16522 16542 E IMGMapper: set:488 set: Unset optional value from type SMPTE2086
11-06 11:57:51.594 16522 16542 E IMGMapper: set:488 set: Unset optional value from type CTA861_3
11-06 11:57:51.609 16522 16542 E IMGMapper: set:488 set: Unset optional value from type SMPTE2086
11-06 11:57:51.609 16522 16542 E IMGMapper: set:488 set: Unset optional value from type CTA861_3
11-06 11:57:51.628 16522 16542 E IMGMapper: set:488 set: Unset optional value from type SMPTE2086
11-06 11:57:51.628 16522 16542 E IMGMapper: set:488 set: Unset optional value from type CTA861_3
11-06 11:57:51.643 16522 16542 E IMGMapper: set:488 set: Unset optional value from type SMPTE2086
11-06 11:57:51.643 16522 16542 E IMGMapper: set:488 set: Unset optional value from type CTA861_3
11-06 11:57:51.656 16522 16542 E IMGMapper: set:488 set: Unset optional value from type SMPTE2086
11-06 11:57:51.656 16522 16542 E IMGMapper: set:488 set: Unset optional value from type CTA861_3
11-06 11:57:51.672 16522 16542 E IMGMapper: set:488 set: Unset optional value from type SMPTE2086
11-06 11:57:51.673 16522 16542 E IMGMapper: set:488 set: Unset optional value from type CTA861_3
11-06 11:57:51.690 16522 16542 E IMGMapper: set:488 set: Unset optional value from type SMPTE2086
11-06 11:57:51.690 16522 16542 E IMGMapper: set:488 set: Unset optional value from type CTA861_3
11-06 11:57:51.708 16522 16542 E IMGMapper: set:488 set: Unset optional value from type SMPTE2086
11-06 11:57:51.708 16522 16542 E IMGMapper: set:488 set: Unset optional value from type CTA861_3
11-06 11:57:51.723 16522 16542 E IMGMapper: set:488 set: Unset optional value from type SMPTE2086
11-06 11:57:51.724 16522 16542 E IMGMapper: set:488 set: Unset optional value from type CTA861_3
11-06 11:57:51.740 16522 16542 E IMGMapper: set:488 set: Unset optional value from type SMPTE2086
11-06 11:57:51.740 16522 16542 E IMGMapper: set:488 set: Unset optional value from type CTA861_3
11-06 11:57:51.750 16522 16522 W unknown:WrappingUtils: Don't know how to round that drawable: com.facebook.react.views.image.ReactImageDownloadListener$EmptyDrawable@b52931a
11-06 11:57:51.766 16522 16542 E IMGMapper: set:488 set: Unset optional value from type SMPTE2086
11-06 11:57:51.766 16522 16542 E IMGMapper: set:488 set: Unset optional value from type CTA861_3
11-06 11:57:51.773 16522 16522 W unknown:WrappingUtils: Don't know how to round that drawable: com.facebook.react.views.image.ReactImageDownloadListener$EmptyDrawable@b16be4b
11-06 11:57:51.805 16522 16542 E IMGMapper: set:488 set: Unset optional value from type SMPTE2086
11-06 11:57:51.806 16522 16542 E IMGMapper: set:488 set: Unset optional value from type CTA861_3
11-06 11:57:51.822 16522 16542 E IMGMapper: set:488 set: Unset optional value from type SMPTE2086
11-06 11:57:51.823 16522 16542 E IMGMapper: set:488 set: Unset optional value from type CTA861_3
11-06 11:57:51.842 16522 16542 E IMGMapper: set:488 set: Unset optional value from type SMPTE2086
11-06 11:57:51.842 16522 16542 E IMGMapper: set:488 set: Unset optional value from type CTA861_3
11-06 11:57:51.858 16522 16542 E IMGMapper: set:488 set: Unset optional value from type SMPTE2086
11-06 11:57:51.859 16522 16542 E IMGMapper: set:488 set: Unset optional value from type CTA861_3
11-06 11:57:51.880 16522 16542 E IMGMapper: set:488 set: Unset optional value from type SMPTE2086
11-06 11:57:51.880 16522 16542 E IMGMapper: set:488 set: Unset optional value from type CTA861_3
11-06 11:57:51.894 16522 16542 E IMGMapper: set:488 set: Unset optional value from type SMPTE2086
11-06 11:57:51.894 16522 16542 E IMGMapper: set:488 set: Unset optional value from type CTA861_3
11-06 11:57:51.914 16522 16542 E IMGMapper: set:488 set: Unset optional value from type SMPTE2086
11-06 11:57:51.914 16522 16542 E IMGMapper: set:488 set: Unset optional value from type CTA861_3
11-06 11:57:51.927 16522 16542 E IMGMapper: set:488 set: Unset optional value from type SMPTE2086
11-06 11:57:51.927 16522 16542 E IMGMapper: set:488 set: Unset optional value from type CTA861_3
11-06 11:57:51.942 16522 16542 E IMGMapper: set:488 set: Unset optional value from type SMPTE2086
11-06 11:57:51.942 16522 16542 E IMGMapper: set:488 set: Unset optional value from type CTA861_3
11-06 11:57:51.958 16522 16542 E IMGMapper: set:488 set: Unset optional value from type SMPTE2086
11-06 11:57:51.958 16522 16542 E IMGMapper: set:488 set: Unset optional value from type CTA861_3
11-06 11:57:51.975 16522 16542 E IMGMapper: set:488 set: Unset optional value from type SMPTE2086
11-06 11:57:51.975 16522 16542 E IMGMapper: set:488 set: Unset optional value from type CTA861_3
11-06 11:57:51.992 16522 16542 E IMGMapper: set:488 set: Unset optional value from type SMPTE2086
11-06 11:57:51.992 16522 16542 E IMGMapper: set:488 set: Unset optional value from type CTA861_3
11-06 11:57:52.009 16522 16542 E IMGMapper: set:488 set: Unset optional value from type SMPTE2086
11-06 11:57:52.009 16522 16542 E IMGMapper: set:488 set: Unset optional value from type CTA861_3
11-06 11:57:52.025 16522 16542 E IMGMapper: set:488 set: Unset optional value from type SMPTE2086
11-06 11:57:52.025 16522 16542 E IMGMapper: set:488 set: Unset optional value from type CTA861_3
11-06 11:57:52.044 16522 16542 E IMGMapper: set:488 set: Unset optional value from type SMPTE2086
11-06 11:57:52.044 16522 16542 E IMGMapper: set:488 set: Unset optional value from type CTA861_3
11-06 11:57:52.060 16522 16542 E IMGMapper: set:488 set: Unset optional value from type SMPTE2086
11-06 11:57:52.060 16522 16542 E IMGMapper: set:488 set: Unset optional value from type CTA861_3
11-06 11:57:52.075 16522 16542 E IMGMapper: set:488 set: Unset optional value from type SMPTE2086
11-06 11:57:52.075 16522 16542 E IMGMapper: set:488 set: Unset optional value from type CTA861_3
11-06 11:57:52.092 16522 16542 E IMGMapper: set:488 set: Unset optional value from type SMPTE2086
11-06 11:57:52.092 16522 16542 E IMGMapper: set:488 set: Unset optional value from type CTA861_3
11-06 11:57:52.107 16522 16542 E IMGMapper: set:488 set: Unset optional value from type SMPTE2086
11-06 11:57:52.107 16522 16542 E IMGMapper: set:488 set: Unset optional value from type CTA861_3
11-06 11:57:52.125 16522 16542 E IMGMapper: set:488 set: Unset optional value from type SMPTE2086
11-06 11:57:52.125 16522 16542 E IMGMapper: set:488 set: Unset optional value from type CTA861_3
11-06 11:57:52.142 16522 16542 E IMGMapper: set:488 set: Unset optional value from type SMPTE2086
11-06 11:57:52.142 16522 16542 E IMGMapper: set:488 set: Unset optional value from type CTA861_3
11-06 11:57:52.158 16522 16542 E IMGMapper: set:488 set: Unset optional value from type SMPTE2086
11-06 11:57:52.159 16522 16542 E IMGMapper: set:488 set: Unset optional value from type CTA861_3
11-06 11:57:52.175 16522 16542 E IMGMapper: set:488 set: Unset optional value from type SMPTE2086
11-06 11:57:52.176 16522 16542 E IMGMapper: set:488 set: Unset optional value from type CTA861_3
11-06 11:57:52.192 16522 16542 E IMGMapper: set:488 set: Unset optional value from type SMPTE2086
11-06 11:57:52.192 16522 16542 E IMGMapper: set:488 set: Unset optional value from type CTA861_3
11-06 11:57:52.207 16522 16542 E IMGMapper: set:488 set: Unset optional value from type SMPTE2086
11-06 11:57:52.207 16522 16542 E IMGMapper: set:488 set: Unset optional value from type CTA861_3
11-06 11:57:52.225 16522 16542 E IMGMapper: set:488 set: Unset optional value from type SMPTE2086
11-06 11:57:52.226 16522 16542 E IMGMapper: set:488 set: Unset optional value from type CTA861_3
11-06 11:57:52.242 16522 16542 E IMGMapper: set:488 set: Unset optional value from type SMPTE2086
11-06 11:57:52.242 16522 16542 E IMGMapper: set:488 set: Unset optional value from type CTA861_3
11-06 11:57:52.259 16522 16542 E IMGMapper: set:488 set: Unset optional value from type SMPTE2086
11-06 11:57:52.259 16522 16542 E IMGMapper: set:488 set: Unset optional value from type CTA861_3
11-06 11:57:52.274 16522 16542 E IMGMapper: set:488 set: Unset optional value from type SMPTE2086
11-06 11:57:52.274 16522 16542 E IMGMapper: set:488 set: Unset optional value from type CTA861_3
11-06 11:57:52.291 16522 16542 E IMGMapper: set:488 set: Unset optional value from type SMPTE2086
11-06 11:57:52.291 16522 16542 E IMGMapper: set:488 set: Unset optional value from type CTA861_3
11-06 11:57:52.308 16522 16542 E IMGMapper: set:488 set: Unset optional value from type SMPTE2086
11-06 11:57:52.308 16522 16542 E IMGMapper: set:488 set: Unset optional value from type CTA861_3
11-06 11:57:52.326 16522 16542 E IMGMapper: set:488 set: Unset optional value from type SMPTE2086
11-06 11:57:52.326 16522 16542 E IMGMapper: set:488 set: Unset optional value from type CTA861_3
11-06 11:57:52.342 16522 16542 E IMGMapper: set:488 set: Unset optional value from type SMPTE2086
11-06 11:57:52.342 16522 16542 E IMGMapper: set:488 set: Unset optional value from type CTA861_3
11-06 11:57:52.359 16522 16542 E IMGMapper: set:488 set: Unset optional value from type SMPTE2086
11-06 11:57:52.359 16522 16542 E IMGMapper: set:488 set: Unset optional value from type CTA861_3
11-06 11:57:52.360  1039  1039 I BufferQueueProducer: [com.cinemamovel/com.cinemamovel.MainActivity$_16522#690601](this:0xb400007a1f842838,id:-1,api:0,p:-1,c:1039) queueBuffer: fps=56.13 dur=1015.44 max=33.76 min=15.93
11-06 11:57:52.362   991   991 I hwcomposer: [HWCDisplay] [Display_0 (type:1)] fps:56.099308,dur:1016.06,max:34.55,min:15.80  
11-06 11:57:52.377 16522 16542 E IMGMapper: set:488 set: Unset optional value from type SMPTE2086
11-06 11:57:52.377 16522 16542 E IMGMapper: set:488 set: Unset optional value from type CTA861_3
11-06 11:57:52.396 16522 16542 E IMGMapper: set:488 set: Unset optional value from type SMPTE2086
11-06 11:57:52.396 16522 16542 E IMGMapper: set:488 set: Unset optional value from type CTA861_3
11-06 11:57:52.411 16522 16542 E IMGMapper: set:488 set: Unset optional value from type SMPTE2086
11-06 11:57:52.411 16522 16542 E IMGMapper: set:488 set: Unset optional value from type CTA861_3
11-06 11:57:52.425 16522 16542 E IMGMapper: set:488 set: Unset optional value from type SMPTE2086
11-06 11:57:52.425 16522 16542 E IMGMapper: set:488 set: Unset optional value from type CTA861_3
11-06 11:57:52.442 16522 16542 E IMGMapper: set:488 set: Unset optional value from type SMPTE2086
11-06 11:57:52.442 16522 16542 E IMGMapper: set:488 set: Unset optional value from type CTA861_3
11-06 11:57:52.457  1187  4550 D InputDispatcher: Inject motion (16638/2000): action=0x0, time=3427887766000000, f=0x0, d=0 dsdx=1.000000 dtdx=0.000000
11-06 11:57:52.457  1187  1534 I InputDispatcher: Delivering touch to (1737): action: 0x4, f=0x0, d=0, 'd92b8ad', t=1 
11-06 11:57:52.458  1187  1534 I InputDispatcher: Delivering touch to (16522): action: 0x0, f=0x0, d=0, '8c46ea2', t=1 
11-06 11:57:52.458  1187  1534 D PowerManagerService: [api] userActivityFromNative :  (event: 2 flags: 0 displayId: 0) eventTime = 3427887766
11-06 11:57:52.458 16522 16522 I ViewRootImpl@eaf2444[MainActivity]: ViewPostIme pointer 0
11-06 11:57:52.458  1187  1303 I GestureDetector: obtain mCurrentDownEvent. id: -219133778 caller: com.android.server.wm.SystemGesturesPointerEventListener.onPointerEvent:203 com.android.server.wm.PointerEventDispatcher.onInputEvent:53 android.view.InputEventReceiver.dispatchInputEvent:285 
11-06 11:57:52.459  1187  1303 I GestureDetector: obtain mCurrentDownEvent. id: -219133778 caller: com.android.server.wm.SystemPerformancePointerEventListener.onPointerEvent:89 com.android.server.wm.PointerEventDispatcher.onInputEvent:53 android.view.InputEventReceiver.dispatchInputEvent:285 
11-06 11:57:52.460 16522 16542 E IMGMapper: set:488 set: Unset optional value from type SMPTE2086
11-06 11:57:52.460 16522 16542 E IMGMapper: set:488 set: Unset optional value from type CTA861_3
11-06 11:57:52.469  1187  1303 I GestureDetector: obtain mCurrentMotionEventRaw. action: 2 id: -236739971
11-06 11:57:52.469  1187  1303 I GestureDetector: obtain mCurrentMotionEventRaw. action: 2 id: -236739971
11-06 11:57:52.470   543   543 D io_stats: !@ 179,0 r 632663927 7637785858 w 114747155 1217184652 d 1261427 33798212 f 0 0 iot 326157836 0 th 0 0 0 pt 0 inp 0 0 3427887.779
11-06 11:57:52.480   896   910 I mtkpower_client: perf_lock_rel, hdl:1053292, tid:910
11-06 11:57:52.480   896   910 I mtkpower_client: perf_lock_acq, hdl:0, dur:0, num:2, tid:910
11-06 11:57:52.481  1014  1065 I libPowerHal: [perfLockRel] hdl:1053292, idx:2
11-06 11:57:52.481  1014  1065 I libPowerHal: vendor.samsung.: cpu_ctrl set cpu freq: 1218000 -1 -1 -1
11-06 11:57:52.482   896   910 I mtkpower_client: ret_hdl:1053294
11-06 11:57:52.482   896   910 I mtkpower_client: perf_lock_rel, hdl:1053293, tid:910
11-06 11:57:52.483  1014  1065 I libPowerHal: [perfLockAcq] idx:1 hdl:1053294 hint:-1 pid:896 duration:0 lock_user:vendor.samsung. => ret_hdl:1053294
11-06 11:57:52.483 16522 16542 E IMGMapper: set:488 set: Unset optional value from type SMPTE2086
11-06 11:57:52.483 16522 16542 E IMGMapper: set:488 set: Unset optional value from type CTA861_3
11-06 11:57:52.483  1014  1065 I libPowerHal: vendor.samsung.: cpu_ctrl set cpu freq: 1218000 -1 1138000 -1
11-06 11:57:52.484   896   910 I mtkpower_client: perf_lock_acq, hdl:0, dur:0, num:2, tid:910
11-06 11:57:52.484  1014  1065 I libPowerHal: [perfLockRel] hdl:1053293, idx:0
11-06 11:57:52.485  1014  1065 I libPowerHal: vendor.samsung.: cpu_ctrl set cpu freq: -1 -1 1138000 -1
11-06 11:57:52.486   896   910 I mtkpower_client: ret_hdl:1053295
11-06 11:57:52.486  1014  1065 I libPowerHal: [perfLockAcq] idx:0 hdl:1053295 hint:-1 pid:896 duration:0 lock_user:vendor.samsung. => ret_hdl:1053295
11-06 11:57:52.486   896   910 I HYPER-HAL: [RequestManager.cpp]releaseLocked(): Released ID : 725427
11-06 11:57:52.486  1014  1065 I libPowerHal: vendor.samsung.: cpu_ctrl set cpu freq: 1218000 -1 1138000 -1
11-06 11:57:52.509 16522 16542 E IMGMapper: set:488 set: Unset optional value from type SMPTE2086
11-06 11:57:52.509 16522 16542 E IMGMapper: set:488 set: Unset optional value from type CTA861_3
11-06 11:57:52.517 16522 16542 E IMGMapper: set:488 set: Unset optional value from type SMPTE2086
11-06 11:57:52.517 16522 16542 E IMGMapper: set:488 set: Unset optional value from type CTA861_3
11-06 11:57:52.535 16522 16542 E IMGMapper: set:488 set: Unset optional value from type SMPTE2086
11-06 11:57:52.535 16522 16542 E IMGMapper: set:488 set: Unset optional value from type CTA861_3
11-06 11:57:52.551 16522 16542 E IMGMapper: set:488 set: Unset optional value from type SMPTE2086
11-06 11:57:52.551 16522 16542 E IMGMapper: set:488 set: Unset optional value from type CTA861_3
11-06 11:57:52.571 16522 16542 E IMGMapper: set:488 set: Unset optional value from type SMPTE2086
11-06 11:57:52.572 16522 16542 E IMGMapper: set:488 set: Unset optional value from type CTA861_3
11-06 11:57:52.579  1045  1056 D ccci_mdinit: (1):monitor_time_update_thread round:200556 ########
11-06 11:57:52.589 16522 16542 E IMGMapper: set:488 set: Unset optional value from type SMPTE2086
11-06 11:57:52.589 16522 16542 E IMGMapper: set:488 set: Unset optional value from type CTA861_3
11-06 11:57:52.604 16522 16542 E IMGMapper: set:488 set: Unset optional value from type SMPTE2086
11-06 11:57:52.604 16522 16542 E IMGMapper: set:488 set: Unset optional value from type CTA861_3
11-06 11:57:52.623 16522 16542 E IMGMapper: set:488 set: Unset optional value from type SMPTE2086
11-06 11:57:52.623 16522 16542 E IMGMapper: set:488 set: Unset optional value from type CTA861_3
11-06 11:57:52.638 16522 16542 E IMGMapper: set:488 set: Unset optional value from type SMPTE2086
11-06 11:57:52.638 16522 16542 E IMGMapper: set:488 set: Unset optional value from type CTA861_3
11-06 11:57:52.654 16522 16542 E IMGMapper: set:488 set: Unset optional value from type SMPTE2086
11-06 11:57:52.654 16522 16542 E IMGMapper: set:488 set: Unset optional value from type CTA861_3
11-06 11:57:52.675 16522 16542 E IMGMapper: set:488 set: Unset optional value from type SMPTE2086
11-06 11:57:52.675 16522 16542 E IMGMapper: set:488 set: Unset optional value from type CTA861_3
11-06 11:57:52.677 16522 16522 W unknown:WrappingUtils: Don't know how to round that drawable: com.facebook.react.views.image.ReactImageDownloadListener$EmptyDrawable@a64b89c
11-06 11:57:52.683  1737  1942 D MobileStatusTracker(0/2): onSignalStrengthsChanged level=4, vendorLevel=3
11-06 11:57:52.685  1737  1942 D MobileSignalController(0/2): notifyListener: enabled=true, connected=true, dataConnected=true, networkType=LTE (4G), emergencyOnly=false, roaming=false, isDefault=false, dataActivity=, level=3, ca=false, mmWave=false, disabledDataIcon=false, simCard=ETC
11-06 11:57:52.686  1737  1942 D NetworkController: SignalStrength from intent slotId=0
11-06 11:57:52.692 16522 16522 W unknown:WrappingUtils: Don't know how to round that drawable: com.facebook.react.views.image.ReactImageDownloadListener$EmptyDrawable@1ca52a5
11-06 11:57:52.727 16522 16542 E IMGMapper: set:488 set: Unset optional value from type SMPTE2086
11-06 11:57:52.727 16522 16542 E IMGMapper: set:488 set: Unset optional value from type CTA861_3
11-06 11:57:52.738 16522 16542 E IMGMapper: set:488 set: Unset optional value from type SMPTE2086
11-06 11:57:52.739 16522 16542 E IMGMapper: set:488 set: Unset optional value from type CTA861_3
11-06 11:57:52.752 16522 16542 E IMGMapper: set:488 set: Unset optional value from type SMPTE2086
11-06 11:57:52.752 16522 16542 E IMGMapper: set:488 set: Unset optional value from type CTA861_3
11-06 11:57:52.758  1187  1486 D SensorService: [SO] -0.618 1.763 9.836
11-06 11:57:52.765  1187  4550 D InputDispatcher: Inject motion (16638/2000): action=0x1, time=3427888074000000, f=0x0, d=0 dsdx=1.000000 dtdx=0.000000
11-06 11:57:52.766  1187  1534 I InputDispatcher: Delivering touch to (16522): action: 0x1, f=0x0, d=0, '8c46ea2', t=1 
11-06 11:57:52.769  1187  1187 I SemDvfsHyPerManager: acquire hyper - SMOOTH_SCROLL/1187@17, type = -999
11-06 11:57:52.770 16522 16542 E IMGMapper: set:488 set: Unset optional value from type SMPTE2086
11-06 11:57:52.770   896   910 I HYPER-HAL: [RequestManager.cpp]acquire(): Acquired ID : 725427  [1187 / 17]    HINT : SMOOTH_SCROLL    list : 
11-06 11:57:52.770 16522 16542 E IMGMapper: set:488 set: Unset optional value from type CTA861_3
11-06 11:57:52.770   896   910 I mtkpower_client: perf_lock_rel, hdl:1053294, tid:910
11-06 11:57:52.771  1014  1065 I libPowerHal: [perfLockRel] hdl:1053294, idx:1
11-06 11:57:52.771  1014  1065 I libPowerHal: vendor.samsung.: cpu_ctrl set cpu freq: 1218000 -1 -1 -1
11-06 11:57:52.772   896   910 I mtkpower_client: perf_lock_acq, hdl:0, dur:0, num:2, tid:910
11-06 11:57:52.772 16522 16522 I ViewRootImpl@eaf2444[MainActivity]: ViewPostIme pointer 1
11-06 11:57:52.772  1187  1187 D SGM:GameManager: identifyGamePackage. com.cinemamovel, mCurrentUserId: 0, callerUserId: 0, callingMethodInfo: com.android.server.ssrm.fgapps.GameAppUtils.isGame(GameAppUtils.java:84)
11-06 11:57:52.773  1187  1187 D SGM:PkgDataHelper: getGamePkgData(). com.cinemamovel
11-06 11:57:52.773  1187  1187 I SemDvfsHyPerManager: acquire hyper - GESTURE_DETECTED/1187@18, type = -999
11-06 11:57:52.773   896   910 I mtkpower_client: ret_hdl:1053296
11-06 11:57:52.773   896   910 I mtkpower_client: perf_lock_rel, hdl:1053295, tid:910
11-06 11:57:52.773  1014  1065 I libPowerHal: [perfLockAcq] idx:1 hdl:1053296 hint:-1 pid:896 duration:0 lock_user:vendor.samsung. => ret_hdl:1053296
11-06 11:57:52.773  1014  1065 I libPowerHal: vendor.samsung.: cpu_ctrl set cpu freq: 1218000 -1 1138000 -1
11-06 11:57:52.774   896   910 I mtkpower_client: perf_lock_acq, hdl:0, dur:0, num:2, tid:910
11-06 11:57:52.774  1014  1065 I libPowerHal: [perfLockRel] hdl:1053295, idx:0
11-06 11:57:52.774  1187  1187 D SGM:GameManager: identifyGamePackage. com.cinemamovel, mCurrentUserId: 0, callerUserId: 0, callingMethodInfo: com.android.server.ssrm.fgapps.GameAppUtils.isGame(GameAppUtils.java:84)
11-06 11:57:52.774  1187  1187 D SGM:PkgDataHelper: getGamePkgData(). com.cinemamovel
11-06 11:57:52.774  1187  1187 I SemDvfsHyPerManager: acquire hyper - GESTURE_DETECTED/1187@18, type = -999
11-06 11:57:52.774  1014  1065 I libPowerHal: vendor.samsung.: cpu_ctrl set cpu freq: -1 -1 1138000 -1
11-06 11:57:52.775  1014  1065 I libPowerHal: [perfLockAcq] idx:0 hdl:1053297 hint:-1 pid:896 duration:0 lock_user:vendor.samsung. => ret_hdl:1053297
11-06 11:57:52.775   896   910 I mtkpower_client: ret_hdl:1053297
11-06 11:57:52.775   896   910 I mtkpower_client: perf_lock_rel, hdl:1053296, tid:910
11-06 11:57:52.775  1014  1065 I libPowerHal: vendor.samsung.: cpu_ctrl set cpu freq: 1218000 -1 1138000 -1
11-06 11:57:52.776   896   910 I mtkpower_client: perf_lock_acq, hdl:0, dur:0, num:2, tid:910
11-06 11:57:52.776  1014  1065 I libPowerHal: [perfLockRel] hdl:1053296, idx:1
11-06 11:57:52.777  1014  1065 I libPowerHal: vendor.samsung.: cpu_ctrl set cpu freq: 1218000 -1 -1 -1
11-06 11:57:52.777   896   910 I mtkpower_client: ret_hdl:1053298
11-06 11:57:52.778   896   910 I mtkpower_client: perf_lock_rel, hdl:1053297, tid:910
11-06 11:57:52.778  1014  1065 I libPowerHal: [perfLockAcq] idx:1 hdl:1053298 hint:-1 pid:896 duration:0 lock_user:vendor.samsung. => ret_hdl:1053298
11-06 11:57:52.778  1014  1065 I libPowerHal: vendor.samsung.: cpu_ctrl set cpu freq: 1218000 -1 1138000 -1
11-06 11:57:52.780  1014  1065 I libPowerHal: [perfLockRel] hdl:1053297, idx:0
11-06 11:57:52.780   896   910 I mtkpower_client: perf_lock_acq, hdl:0, dur:0, num:2, tid:910
11-06 11:57:52.780  1014  1065 I libPowerHal: vendor.samsung.: cpu_ctrl set cpu freq: -1 -1 1138000 -1
11-06 11:57:52.781  1014  1065 I libPowerHal: [perfLockAcq] idx:0 hdl:1053299 hint:-1 pid:896 duration:0 lock_user:vendor.samsung. => ret_hdl:1053299
11-06 11:57:52.781  1014  1065 I libPowerHal: vendor.samsung.: cpu_ctrl set cpu freq: 1218000 -1 1138000 -1
11-06 11:57:52.781   896   910 I mtkpower_client: ret_hdl:1053299
11-06 11:57:52.781   896   910 I HYPER-HAL: [RequestManager.cpp]releaseLocked(): Released ID : 725427
11-06 11:57:52.781   896   910 I HYPER-HAL: [RequestManager.cpp]acquire(): Acquired ID : 726633  [1187 / 18]    HINT : GESTURE_DETECTED    list : [TIMEOUT / 1702] 
11-06 11:57:52.781   896   910 I HYPER-HAL: [RequestManager.cpp]acquire(): Acquired ID : 726633  [1187 / 18]    HINT : GESTURE_DETECTED    list : [TIMEOUT / 1702] 
11-06 11:57:52.784 16522 16542 E IMGMapper: set:488 set: Unset optional value from type SMPTE2086
11-06 11:57:52.784 16522 16542 E IMGMapper: set:488 set: Unset optional value from type CTA861_3
11-06 11:57:52.788  1187  1187 I SemDvfsHyPerManager: acquire hyper - SMOOTH_SCROLL/1187@17, type = -999
11-06 11:57:52.788   896   910 I HYPER-HAL: [RequestManager.cpp]acquire(): Acquired ID : 725427  [1187 / 17]    HINT : SMOOTH_SCROLL    list : 
11-06 11:57:52.789   896   910 I mtkpower_client: perf_lock_rel, hdl:1053298, tid:910
11-06 11:57:52.789   896   910 I mtkpower_client: perf_lock_acq, hdl:0, dur:0, num:2, tid:910
11-06 11:57:52.789  1014  1065 I libPowerHal: [perfLockRel] hdl:1053298, idx:1
11-06 11:57:52.789  1014  1065 I libPowerHal: vendor.samsung.: cpu_ctrl set cpu freq: 1218000 -1 -1 -1
11-06 11:57:52.790   896   910 I mtkpower_client: ret_hdl:1053300
11-06 11:57:52.790   896   910 I mtkpower_client: perf_lock_rel, hdl:1053299, tid:910
11-06 11:57:52.790  1014  1065 I libPowerHal: [perfLockAcq] idx:2 hdl:1053300 hint:-1 pid:896 duration:0 lock_user:vendor.samsung. => ret_hdl:1053300
11-06 11:57:52.791  1014  1065 I libPowerHal: vendor.samsung.: cpu_ctrl set cpu freq: 1218000 -1 1138000 -1
11-06 11:57:52.791   896   910 I mtkpower_client: perf_lock_acq, hdl:0, dur:0, num:2, tid:910
11-06 11:57:52.791  1014  1065 I libPowerHal: [perfLockRel] hdl:1053299, idx:0
11-06 11:57:52.791  1014  1065 I libPowerHal: vendor.samsung.: cpu_ctrl set cpu freq: -1 -1 1138000 -1
11-06 11:57:52.793   896   910 I mtkpower_client: ret_hdl:1053301
11-06 11:57:52.793  1014  1065 I libPowerHal: [perfLockAcq] idx:0 hdl:1053301 hint:-1 pid:896 duration:0 lock_user:vendor.samsung. => ret_hdl:1053301
11-06 11:57:52.793  1014  1065 I libPowerHal: vendor.samsung.: cpu_ctrl set cpu freq: 1218000 -1 1138000 -1
11-06 11:57:52.803 16522 16542 E IMGMapper: set:488 set: Unset optional value from type SMPTE2086
11-06 11:57:52.803 16522 16542 E IMGMapper: set:488 set: Unset optional value from type CTA861_3
11-06 11:57:52.815 16522 16522 W unknown:WrappingUtils: Don't know how to round that drawable: com.facebook.react.views.image.ReactImageDownloadListener$EmptyDrawable@a1eb6f6
11-06 11:57:52.820 16522 16542 E IMGMapper: set:488 set: Unset optional value from type SMPTE2086
11-06 11:57:52.820 16522 16542 E IMGMapper: set:488 set: Unset optional value from type CTA861_3
11-06 11:57:52.835 16522 16542 E IMGMapper: set:488 set: Unset optional value from type SMPTE2086
11-06 11:57:52.835 16522 16542 E IMGMapper: set:488 set: Unset optional value from type CTA861_3
11-06 11:57:52.849 16522 16522 W unknown:WrappingUtils: Don't know how to round that drawable: com.facebook.react.views.image.ReactImageDownloadListener$EmptyDrawable@5de61ef
11-06 11:57:52.852 16522 16542 E IMGMapper: set:488 set: Unset optional value from type SMPTE2086
11-06 11:57:52.852 16522 16542 E IMGMapper: set:488 set: Unset optional value from type CTA861_3
11-06 11:57:52.894 16522 16542 E IMGMapper: set:488 set: Unset optional value from type SMPTE2086
11-06 11:57:52.894 16522 16542 E IMGMapper: set:488 set: Unset optional value from type CTA861_3
11-06 11:57:52.906 16522 16542 E IMGMapper: set:488 set: Unset optional value from type SMPTE2086
11-06 11:57:52.906 16522 16542 E IMGMapper: set:488 set: Unset optional value from type CTA861_3
11-06 11:57:52.928 16522 16542 E IMGMapper: set:488 set: Unset optional value from type SMPTE2086
11-06 11:57:52.928 16522 16542 E IMGMapper: set:488 set: Unset optional value from type CTA861_3
11-06 11:57:52.938 16522 16542 E IMGMapper: set:488 set: Unset optional value from type SMPTE2086
11-06 11:57:52.938 16522 16542 E IMGMapper: set:488 set: Unset optional value from type CTA861_3
11-06 11:57:52.954 16522 16542 E IMGMapper: set:488 set: Unset optional value from type SMPTE2086
11-06 11:57:52.954 16522 16542 E IMGMapper: set:488 set: Unset optional value from type CTA861_3
11-06 11:57:52.974 16522 16542 E IMGMapper: set:488 set: Unset optional value from type SMPTE2086
11-06 11:57:52.974 16522 16542 E IMGMapper: set:488 set: Unset optional value from type CTA861_3
11-06 11:57:52.990 16522 16542 E IMGMapper: set:488 set: Unset optional value from type SMPTE2086
11-06 11:57:52.990 16522 16542 E IMGMapper: set:488 set: Unset optional value from type CTA861_3
11-06 11:57:53.006 16522 16542 E IMGMapper: set:488 set: Unset optional value from type SMPTE2086
11-06 11:57:53.006 16522 16542 E IMGMapper: set:488 set: Unset optional value from type CTA861_3
11-06 11:57:53.021 16522 16542 E IMGMapper: set:488 set: Unset optional value from type SMPTE2086
11-06 11:57:53.021 16522 16542 E IMGMapper: set:488 set: Unset optional value from type CTA861_3
11-06 11:57:53.037 16522 16542 E IMGMapper: set:488 set: Unset optional value from type SMPTE2086
11-06 11:57:53.038 16522 16542 E IMGMapper: set:488 set: Unset optional value from type CTA861_3
11-06 11:57:53.054 16522 16542 E IMGMapper: set:488 set: Unset optional value from type SMPTE2086
11-06 11:57:53.054 16522 16542 E IMGMapper: set:488 set: Unset optional value from type CTA861_3
11-06 11:57:53.065 16522 16522 W unknown:WrappingUtils: Don't know how to round that drawable: com.facebook.react.views.image.ReactImageDownloadListener$EmptyDrawable@b1ccf63
11-06 11:57:53.089 16522 16542 E IMGMapper: set:488 set: Unset optional value from type SMPTE2086
11-06 11:57:53.089 16522 16542 E IMGMapper: set:488 set: Unset optional value from type CTA861_3
11-06 11:57:53.096 16522 16522 W unknown:WrappingUtils: Don't know how to round that drawable: com.facebook.react.views.image.ReactImageDownloadListener$EmptyDrawable@c06a760
11-06 11:57:53.128 16522 16542 E IMGMapper: set:488 set: Unset optional value from type SMPTE2086
11-06 11:57:53.128 16522 16542 E IMGMapper: set:488 set: Unset optional value from type CTA861_3
11-06 11:57:53.137 16522 16542 E IMGMapper: set:488 set: Unset optional value from type SMPTE2086
11-06 11:57:53.137 16522 16542 E IMGMapper: set:488 set: Unset optional value from type CTA861_3
11-06 11:57:53.152 16522 16542 E IMGMapper: set:488 set: Unset optional value from type SMPTE2086
11-06 11:57:53.152 16522 16542 E IMGMapper: set:488 set: Unset optional value from type CTA861_3
11-06 11:57:53.172 16522 16542 E IMGMapper: set:488 set: Unset optional value from type SMPTE2086
11-06 11:57:53.172 16522 16542 E IMGMapper: set:488 set: Unset optional value from type CTA861_3
11-06 11:57:53.190 16522 16542 E IMGMapper: set:488 set: Unset optional value from type SMPTE2086
11-06 11:57:53.190 16522 16542 E IMGMapper: set:488 set: Unset optional value from type CTA861_3
11-06 11:57:53.204 16522 16542 E IMGMapper: set:488 set: Unset optional value from type SMPTE2086
11-06 11:57:53.204 16522 16542 E IMGMapper: set:488 set: Unset optional value from type CTA861_3
11-06 11:57:53.219 16522 16542 E IMGMapper: set:488 set: Unset optional value from type SMPTE2086
11-06 11:57:53.219 16522 16542 E IMGMapper: set:488 set: Unset optional value from type CTA861_3
11-06 11:57:53.242 16522 16542 E IMGMapper: set:488 set: Unset optional value from type SMPTE2086
11-06 11:57:53.242 16522 16542 E IMGMapper: set:488 set: Unset optional value from type CTA861_3
11-06 11:57:53.248  1187 16644 D TrafficStats: tagSocket(831) with statsTag=0xffffffff, statsUid=-1
11-06 11:57:53.250  1187 16644 D TrafficStats: tagSocket(840) with statsTag=0xffffffff, statsUid=-1
11-06 11:57:53.252  1187 16644 D TrafficStats: tagSocket(846) with statsTag=0xffffffff, statsUid=-1
11-06 11:57:53.253  1187 16644 D TrafficStats: tagSocket(848) with statsTag=0xffffffff, statsUid=-1
11-06 11:57:53.259 16522 16542 E IMGMapper: set:488 set: Unset optional value from type SMPTE2086
11-06 11:57:53.259 16522 16542 E IMGMapper: set:488 set: Unset optional value from type CTA861_3
11-06 11:57:53.275 16522 16542 E IMGMapper: set:488 set: Unset optional value from type SMPTE2086
11-06 11:57:53.275 16522 16542 E IMGMapper: set:488 set: Unset optional value from type CTA861_3
11-06 11:57:53.288 16522 16542 E IMGMapper: set:488 set: Unset optional value from type SMPTE2086
11-06 11:57:53.288 16522 16542 E IMGMapper: set:488 set: Unset optional value from type CTA861_3
11-06 11:57:53.307 16522 16542 E IMGMapper: set:488 set: Unset optional value from type SMPTE2086
11-06 11:57:53.307 16522 16542 E IMGMapper: set:488 set: Unset optional value from type CTA861_3
11-06 11:57:53.321  1200  1324 D ULogGuard: Monitoring: 16 threads, 0 requests, 0 time-bombs; 1 guards. ResetFlags = 0x7
11-06 11:57:53.324 16522 16542 E IMGMapper: set:488 set: Unset optional value from type SMPTE2086
11-06 11:57:53.324 16522 16542 E IMGMapper: set:488 set: Unset optional value from type CTA861_3
11-06 11:57:53.341 16522 16542 E IMGMapper: set:488 set: Unset optional value from type SMPTE2086
11-06 11:57:53.341 16522 16542 E IMGMapper: set:488 set: Unset optional value from type CTA861_3
11-06 11:57:53.354 16522 16542 E IMGMapper: set:488 set: Unset optional value from type SMPTE2086
11-06 11:57:53.354 16522 16542 E IMGMapper: set:488 set: Unset optional value from type CTA861_3
11-06 11:57:53.371 16522 16542 E IMGMapper: set:488 set: Unset optional value from type SMPTE2086
11-06 11:57:53.371 16522 16542 E IMGMapper: set:488 set: Unset optional value from type CTA861_3
11-06 11:57:53.375  1039  1039 I BufferQueueProducer: [com.cinemamovel/com.cinemamovel.MainActivity$_16522#690601](this:0xb400007a1f842838,id:-1,api:0,p:-1,c:1039) queueBuffer: fps=54.17 dur=1015.29 max=50.09 min=16.18
11-06 11:57:53.377   991   991 I hwcomposer: [HWCDisplay] [Display_0 (type:1)] fps:54.190681,dur:1014.93,max:49.88,min:15.80  
11-06 11:57:53.390 16522 16542 E IMGMapper: set:488 set: Unset optional value from type SMPTE2086
11-06 11:57:53.390 16522 16542 E IMGMapper: set:488 set: Unset optional value from type CTA861_3
11-06 11:57:53.407 16522 16542 E IMGMapper: set:488 set: Unset optional value from type SMPTE2086
11-06 11:57:53.407 16522 16542 E IMGMapper: set:488 set: Unset optional value from type CTA861_3
11-06 11:57:53.421 16522 16542 E IMGMapper: set:488 set: Unset optional value from type SMPTE2086
11-06 11:57:53.422 16522 16542 E IMGMapper: set:488 set: Unset optional value from type CTA861_3
11-06 11:57:53.438 16522 16542 E IMGMapper: set:488 set: Unset optional value from type SMPTE2086
11-06 11:57:53.438 16522 16542 E IMGMapper: set:488 set: Unset optional value from type CTA861_3
11-06 11:57:53.455 16522 16542 E IMGMapper: set:488 set: Unset optional value from type SMPTE2086
11-06 11:57:53.455 16522 16542 E IMGMapper: set:488 set: Unset optional value from type CTA861_3
11-06 11:57:53.455  1187 16644 D WifiConnectivityMonitor.DnsThread:  [|208] [] [] []
11-06 11:57:53.456  1187  1663 D WifiConnectivityMonitor.NetworkStatsAnalyzer: DNS resultType : 0, responseTime : 208
11-06 11:57:53.456  1187  1661 D OpenNetworkQos[4.00]: updateBssidLatestDnsResultType - result: 0
11-06 11:57:53.456  1187  1661 D OpenNetworkQos[4.00]: updateBssidNoInternet: mBssidNoInternet = false
11-06 11:57:53.456  1187  1661 D OpenNetworkQos[4.00]: getOpenNetworkQosNoInternetStatus: false
11-06 11:57:53.456  1187  1661 D OpenNetworkQos[4.00]: getOpenNetworkQosScores: 23 23 16 
11-06 11:57:53.456  1187  1661 D SettingsProvider: isChangeAllowed() : name = wifi_wcm_qos_sharing_score_summary
11-06 11:57:53.464 16522 16522 W unknown:WrappingUtils: Don't know how to round that drawable: com.facebook.react.views.image.ReactImageDownloadListener$EmptyDrawable@5a7c44a
11-06 11:57:53.479 16522 16542 E IMGMapper: set:488 set: Unset optional value from type SMPTE2086
11-06 11:57:53.479 16522 16542 E IMGMapper: set:488 set: Unset optional value from type CTA861_3
11-06 11:57:53.496 16522 16542 E IMGMapper: set:488 set: Unset optional value from type SMPTE2086
11-06 11:57:53.496 16522 16542 E IMGMapper: set:488 set: Unset optional value from type CTA861_3
11-06 11:57:53.497 16522 16522 W unknown:WrappingUtils: Don't know how to round that drawable: com.facebook.react.views.image.ReactImageDownloadListener$EmptyDrawable@6632c97
11-06 11:57:53.516 16522 16542 E IMGMapper: set:488 set: Unset optional value from type SMPTE2086
11-06 11:57:53.516 16522 16542 E IMGMapper: set:488 set: Unset optional value from type CTA861_3
11-06 11:57:53.532  1205  1205 I thermal_repeater: socket -1
11-06 11:57:53.546 16522 16542 E IMGMapper: set:488 set: Unset optional value from type SMPTE2086
11-06 11:57:53.546 16522 16542 E IMGMapper: set:488 set: Unset optional value from type CTA861_3
11-06 11:57:53.555 16522 16542 E IMGMapper: set:488 set: Unset optional value from type SMPTE2086
11-06 11:57:53.555 16522 16542 E IMGMapper: set:488 set: Unset optional value from type CTA861_3
11-06 11:57:53.573 16522 16542 E IMGMapper: set:488 set: Unset optional value from type SMPTE2086
11-06 11:57:53.573 16522 16542 E IMGMapper: set:488 set: Unset optional value from type CTA861_3
11-06 11:57:53.586 16522 16542 E IMGMapper: set:488 set: Unset optional value from type SMPTE2086
11-06 11:57:53.586 16522 16542 E IMGMapper: set:488 set: Unset optional value from type CTA861_3
11-06 11:57:53.602 16522 16542 E IMGMapper: set:488 set: Unset optional value from type SMPTE2086
11-06 11:57:53.602 16522 16542 E IMGMapper: set:488 set: Unset optional value from type CTA861_3
11-06 11:57:53.630 16522 16542 E IMGMapper: set:488 set: Unset optional value from type SMPTE2086
11-06 11:57:53.630 16522 16542 E IMGMapper: set:488 set: Unset optional value from type CTA861_3
11-06 11:57:53.641 16522 16542 E IMGMapper: set:488 set: Unset optional value from type SMPTE2086
11-06 11:57:53.641 16522 16542 E IMGMapper: set:488 set: Unset optional value from type CTA861_3
11-06 11:57:53.653 16522 16542 E IMGMapper: set:488 set: Unset optional value from type SMPTE2086
11-06 11:57:53.653 16522 16542 E IMGMapper: set:488 set: Unset optional value from type CTA861_3
11-06 11:57:53.671 16522 16542 E IMGMapper: set:488 set: Unset optional value from type SMPTE2086
11-06 11:57:53.671 16522 16542 E IMGMapper: set:488 set: Unset optional value from type CTA861_3
11-06 11:57:53.687 16522 16542 E IMGMapper: set:488 set: Unset optional value from type SMPTE2086
11-06 11:57:53.687 16522 16542 E IMGMapper: set:488 set: Unset optional value from type CTA861_3
11-06 11:57:53.698 16522 16550 I ReactNativeJS: ---IMG_METRICS_START---
11-06 11:57:53.699 16522 16550 I ReactNativeJS: {
11-06 11:57:53.699 16522 16550 I ReactNativeJS:   "dashboardRenders": 1,
11-06 11:57:53.699 16522 16550 I ReactNativeJS:   "cardRenders": {
11-06 11:57:53.699 16522 16550 I ReactNativeJS:     "155": 9,
11-06 11:57:53.699 16522 16550 I ReactNativeJS:     "7451": 13,
11-06 11:57:53.699 16522 16550 I ReactNativeJS:     "13494": 15,
11-06 11:57:53.699 16522 16550 I ReactNativeJS:     "138843": 6,
11-06 11:57:53.699 16522 16550 I ReactNativeJS:     "506763": 15,
11-06 11:57:53.699 16522 16550 I ReactNativeJS:     "541671": 7,
11-06 11:57:53.699 16522 16550 I ReactNativeJS:     "552524": 9,
11-06 11:57:53.699 16522 16550 I ReactNativeJS:     "575265": 15,
11-06 11:57:53.699 16522 16550 I ReactNativeJS:     "604079": 8,
11-06 11:57:53.699 16522 16550 I ReactNativeJS:     "617126": 13,
11-06 11:57:53.699 16522 16550 I ReactNativeJS:     "660033": 2,
11-06 11:57:53.699 16522 16550 I ReactNativeJS:     "691363": 14,
11-06 11:57:53.699 16522 16550 I ReactNativeJS:     "755898": 15,
11-06 11:57:53.699 16522 16550 I ReactNativeJS:     "803796": 15,
11-06 11:57:53.699 16522 16550 I ReactNativeJS:     "911430": 15,
11-06 11:57:53.699 16522 16550 I ReactNativeJS:     "914215": 15,
11-06 11:57:53.699 16522 16550 I ReactNativeJS:     "980477": 10,
11-06 11:57:53.699 16522 16550 I ReactNativeJS:     "987400": 15,
11-06 11:57:53.699 16522 16550 I ReactNativeJS:     "993234": 4,
11-06 11:57:53.699 16522 16550 I ReactNativeJS:     "994682": 2,
11-06 11:57:53.699 16522 16550 I ReactNativeJS:     "1007734": 15,
11-06 11:57:53.699 16522 16550 I ReactNativeJS:     "1022787": 6,
11-06 11:57:53.699 16522 16550 I ReactNativeJS:     "1028248": 15,
11-06 11:57:53.699 16522 16550 I ReactNativeJS:     "1035259": 15,
11-06 11:57:53.699 16522 16550 I ReactNativeJS:     "1038392": 15,
11-06 11:57:53.699 16522 16550 I ReactNativeJS:     "1051486": 15,
11-06 11:57:53.699 16522 16550 I ReactNativeJS:     "1061474": 15,
11-06 11:57:53.699 16522 16550 I ReactNativeJS:     "1078605": 15,
11-06 11:57:53.699 16522 16550 I ReactNativeJS:     "1087192": 15,
11-06 11:57:53.699 16522 16550 I ReactNativeJS:     "1119878": 12,
11-06 11:57:53.699 16522 16550 I ReactNativeJS:     "1125257": 4,
11-06 11:57:53.699 16522 16550 I ReactNativeJS:     "1151334": 11,
11-06 11:57:53.699 16522 16550 I ReactNativeJS:     "1175942": 12,
11-06 11:57:53.699 16522 16550 I ReactNativeJS:     "1188808": 10,
11-06 11:57:53.699 16522 16550 I ReactNativeJS:     "1234821": 15,
11-06 11:57:53.699 16522 16550 I ReactNativeJS:     "1242011": 15,
11-06 11:57:53.699 16522 16550 I ReactNativeJS:     "1252428": 8,
11-06 11:57:53.699 16522 16550 I ReactNativeJS:     "1265344": 14,
11-06 11:57:53.699 16522 16550 I ReactNativeJS:     "1284120": 5,
11-06 11:57:53.699 16522 16550 I ReactNativeJS:     "1311031": 15,
11-06 11:57:53.699 16522 16550 I ReactNativeJS:     "1321439": 7,
11-06 11:57:53.699 16522 16550 I ReactNativeJS:     "1367575": 5,
11-06 11:57:53.699 16522 16550 I ReactNativeJS:     "1369679": 15,
11-06 11:57:53.699 16522 16550 I ReactNativeJS:     "1382406": 11
11-06 11:57:53.699 16522 16550 I ReactNativeJS:   },
11-06 11:57:53.699 16522 16550 I ReactNativeJS:   "imageLoads": [
11-06 11:57:53.699 16522 16550 I ReactNativeJS:     {
11-06 11:57:53.699 16522 16550 I ReactNativeJS:       "id": 1311031,
11-06 11:57:53.699 16522 16550 I ReactNativeJS:       "durationMs": 526
11-06 11:57:53.699 16522 16550 I ReactNativeJS:     },
11-06 11:57:53.699 16522 16550 I ReactNativeJS:     {
11-06 11:57:53.699 16522 16550 I ReactNativeJS:       "id": 755898,
11-06 11:57:53.699 16522 16550 I ReactNativeJS:       "durationMs": 709
11-06 11:57:53.699 16522 16550 I ReactNativeJS:     },
11-06 11:57:53.699 16522 16550 I ReactNativeJS:     {
11-06 11:57:53.699 16522 16550 I ReactNativeJS:       "id": 1038392,
11-06 11:57:53.699 16522 16550 I ReactNativeJS:       "durationMs": 725
11-06 11:57:53.699 16522 16550 I ReactNativeJS:     },
11-06 11:57:53.699 16522 16550 I ReactNativeJS:     {
11-06 11:57:53.699 16522 16550 I ReactNativeJS:       "id": 987400,
11-06 11:57:53.699 16522 16550 I ReactNativeJS:       "durationMs": 845
11-06 11:57:53.699 16522 16550 I ReactNativeJS:     },
11-06 11:57:53.699 16522 16550 I ReactNativeJS:     {
11-06 11:57:53.699 16522 16550 I ReactNativeJS:       "id": 1007734,
11-06 11:57:53.699 16522 16550 I ReactNativeJS:       "durationMs": 31
11-06 11:57:53.699 16522 16550 I ReactNativeJS:     },
11-06 11:57:53.699 16522 16550 I ReactNativeJS:     {
11-06 11:57:53.699 16522 16550 I ReactNativeJS:       "id": 1078605,
11-06 11:57:53.699 16522 16550 I ReactNativeJS:       "durationMs": 32
11-06 11:57:53.699 16522 16550 I ReactNativeJS:     },
11-06 11:57:53.699 16522 16550 I ReactNativeJS:     {
11-06 11:57:53.699 16522 16550 I ReactNativeJS:       "id": 1028248,
11-06 11:57:53.699 16522 16550 I ReactNativeJS:       "durationMs": 230
11-06 11:57:53.699 16522 16550 I ReactNativeJS:     },
11-06 11:57:53.699 16522 16550 I ReactNativeJS:     {
11-06 11:57:53.699 16522 16550 I ReactNativeJS:       "id": 914215,
11-06 11:57:53.699 16522 16550 I ReactNativeJS:       "durationMs": 231
11-06 11:57:53.699 16522 16550 I ReactNativeJS:     },
11-06 11:57:53.699 16522 16550 I ReactNativeJS:     {
11-06 11:57:53.699 16522 16550 I ReactNativeJS:       "id": 1035259,
11-06 11:57:53.699 16522 16550 I ReactNativeJS:       "durationMs": 34
11-06 11:57:53.699 16522 16550 I ReactNativeJS:     },
11-06 11:57:53.699 16522 16550 I ReactNativeJS:     {
11-06 11:57:53.699 16522 16550 I ReactNativeJS:       "id": 1061474,
11-06 11:57:53.699 16522 16550 I ReactNativeJS:       "durationMs": 34
11-06 11:57:53.699 16522 16550 I ReactNativeJS:     },
11-06 11:57:53.699 16522 16550 I ReactNativeJS:     {
11-06 11:57:53.699 16522 16550 I ReactNativeJS:       "id": 13494,
11-06 11:57:53.699 16522 16550 I ReactNativeJS:       "durationMs": 33
11-06 11:57:53.699 16522 16550 I ReactNativeJS:     },
11-06 11:57:53.699 16522 16550 I ReactNativeJS:     {
11-06 11:57:53.699 16522 16550 I ReactNativeJS:       "id": 575265,
11-06 11:57:53.699 16522 16550 I ReactNativeJS:       "durationMs": 33
11-06 11:57:53.699 16522 16550 I ReactNativeJS:     },
11-06 11:57:53.699 16522 16550 I ReactNativeJS:     {
11-06 11:57:53.699 16522 16550 I ReactNativeJS:       "id": 911430,
11-06 11:57:53.699 16522 16550 I ReactNativeJS:       "durationMs": 31
11-06 11:57:53.699 16522 16550 I ReactNativeJS:     },
11-06 11:57:53.699 16522 16550 I ReactNativeJS:     {
11-06 11:57:53.699 16522 16550 I ReactNativeJS:       "id": 1369679,
11-06 11:57:53.699 16522 16550 I ReactNativeJS:       "durationMs": 32
11-06 11:57:53.699 16522 16550 I ReactNativeJS:     },
11-06 11:57:53.699 16522 16550 I ReactNativeJS:     {
11-06 11:57:53.699 16522 16550 I ReactNativeJS:       "id": 1234821,
11-06 11:57:53.699 16522 16550 I ReactNativeJS:       "durationMs": 0
11-06 11:57:53.699 16522 16550 I ReactNativeJS:     },
11-06 11:57:53.699 16522 16550 I ReactNativeJS:     {
11-06 11:57:53.699 16522 16550 I ReactNativeJS:       "id": 803796,
11-06 11:57:53.699 16522 16550 I ReactNativeJS:       "durationMs": 1
11-06 11:57:53.699 16522 16550 I ReactNativeJS:     },
11-06 11:57:53.699 16522 16550 I ReactNativeJS:     {
11-06 11:57:53.699 16522 16550 I ReactNativeJS:       "id": 1242011,
11-06 11:57:53.699 16522 16550 I ReactNativeJS:       "durationMs": 144
11-06 11:57:53.699 16522 16550 I ReactNativeJS:     },
11-06 11:57:53.699 16522 16550 I ReactNativeJS:     {
11-06 11:57:53.699 16522 16550 I ReactNativeJS:       "id": 1087192,
11-06 11:57:53.699 16522 16550 I ReactNativeJS:       "durationMs": 144
11-06 11:57:53.699 16522 16550 I ReactNativeJS:     },
11-06 11:57:53.699 16522 16550 I ReactNativeJS:     {
11-06 11:57:53.699 16522 16550 I ReactNativeJS:       "id": 506763,
11-06 11:57:53.699 16522 16550 I ReactNativeJS:       "durationMs": 33
11-06 11:57:53.699 16522 16550 I ReactNativeJS:     },
11-06 11:57:53.699 16522 16550 I ReactNativeJS:     {
11-06 11:57:53.699 16522 16550 I ReactNativeJS:       "id": 1051486,
11-06 11:57:53.699 16522 16550 I ReactNativeJS:       "durationMs": 182
11-06 11:57:53.699 16522 16550 I ReactNativeJS:     },
11-06 11:57:53.699 16522 16550 I ReactNativeJS:     {
11-06 11:57:53.699 16522 16550 I ReactNativeJS:       "id": 691363,
11-06 11:57:53.699 16522 16550 I ReactNativeJS:       "durationMs": 348
11-06 11:57:53.699 16522 16550 I ReactNativeJS:     },
11-06 11:57:53.699 16522 16550 I ReactNativeJS:     {
11-06 11:57:53.699 16522 16550 I ReactNativeJS:       "id": 617126,
11-06 11:57:53.699 16522 16550 I ReactNativeJS:       "durationMs": 233
11-06 11:57:53.699 16522 16550 I ReactNativeJS:     },
11-06 11:57:53.699 16522 16550 I ReactNativeJS:     {
