11-06 11:57:57.802 16522 16542 E IMGMapper: set:488 set: Unset optional value from type CTA861_3
11-06 11:57:57.807  1737  1942 D MobileStatusTracker(0/2): onSignalStrengthsChanged level=4, vendorLevel=3
11-06 11:57:57.808  1737  1942 D MobileSignalController(0/2): notifyListener: enabled=true, connected=true, dataConnected=true, networkType=LTE (4G), emergencyOnly=false, roaming=false, isDefault=false, dataActivity=, level=3, ca=false, mmWave=false, disabledDataIcon=false, simCard=ETC
11-06 11:57:57.809  1737  1942 D NetworkController: SignalStrength from intent slotId=0
11-06 11:57:57.814 16522 16542 E IMGMapper: set:488 set: Unset optional value from type SMPTE2086
11-06 11:57:57.814 16522 16542 E IMGMapper: set:488 set: Unset optional value from type CTA861_3
11-06 11:57:57.824 16522 16522 W unknown:WrappingUtils: Don't know how to round that drawable: com.facebook.react.views.image.ReactImageDownloadListener$EmptyDrawable@d0804ce
11-06 11:57:57.838 16522 16542 E IMGMapper: set:488 set: Unset optional value from type SMPTE2086
11-06 11:57:57.838 16522 16542 E IMGMapper: set:488 set: Unset optional value from type CTA861_3
11-06 11:57:57.854 16522 16542 E IMGMapper: set:488 set: Unset optional value from type SMPTE2086
11-06 11:57:57.854 16522 16542 E IMGMapper: set:488 set: Unset optional value from type CTA861_3
11-06 11:57:57.857 16522 16522 W unknown:WrappingUtils: Don't know how to round that drawable: com.facebook.react.views.image.ReactImageDownloadListener$EmptyDrawable@436fde7
11-06 11:57:57.877 16522 16542 E IMGMapper: set:488 set: Unset optional value from type SMPTE2086
11-06 11:57:57.877 16522 16542 E IMGMapper: set:488 set: Unset optional value from type CTA861_3
11-06 11:57:57.898 16522 16542 E IMGMapper: set:488 set: Unset optional value from type SMPTE2086
11-06 11:57:57.898 16522 16542 E IMGMapper: set:488 set: Unset optional value from type CTA861_3
11-06 11:57:57.926 16522 16542 E IMGMapper: set:488 set: Unset optional value from type SMPTE2086
11-06 11:57:57.926 16522 16542 E IMGMapper: set:488 set: Unset optional value from type CTA861_3
11-06 11:57:57.935 16522 16542 E IMGMapper: set:488 set: Unset optional value from type SMPTE2086
11-06 11:57:57.935 16522 16542 E IMGMapper: set:488 set: Unset optional value from type CTA861_3
11-06 11:57:57.947 16522 16542 E IMGMapper: set:488 set: Unset optional value from type SMPTE2086
11-06 11:57:57.947 16522 16542 E IMGMapper: set:488 set: Unset optional value from type CTA861_3
11-06 11:57:57.963 16522 16542 E IMGMapper: set:488 set: Unset optional value from type SMPTE2086
11-06 11:57:57.963 16522 16542 E IMGMapper: set:488 set: Unset optional value from type CTA861_3
11-06 11:57:57.980 16522 16542 E IMGMapper: set:488 set: Unset optional value from type SMPTE2086
11-06 11:57:57.980 16522 16542 E IMGMapper: set:488 set: Unset optional value from type CTA861_3
11-06 11:57:58.003 16522 16542 E IMGMapper: set:488 set: Unset optional value from type SMPTE2086
11-06 11:57:58.003 16522 16542 E IMGMapper: set:488 set: Unset optional value from type CTA861_3
11-06 11:57:58.013 16522 16542 E IMGMapper: set:488 set: Unset optional value from type SMPTE2086
11-06 11:57:58.013 16522 16542 E IMGMapper: set:488 set: Unset optional value from type CTA861_3
11-06 11:57:58.030 16522 16542 E IMGMapper: set:488 set: Unset optional value from type SMPTE2086
11-06 11:57:58.030 16522 16542 E IMGMapper: set:488 set: Unset optional value from type CTA861_3
11-06 11:57:58.047 16522 16542 E IMGMapper: set:488 set: Unset optional value from type SMPTE2086
11-06 11:57:58.047 16522 16542 E IMGMapper: set:488 set: Unset optional value from type CTA861_3
11-06 11:57:58.064 16522 16542 E IMGMapper: set:488 set: Unset optional value from type SMPTE2086
11-06 11:57:58.064 16522 16542 E IMGMapper: set:488 set: Unset optional value from type CTA861_3
11-06 11:57:58.075 16522 16522 W unknown:WrappingUtils: Don't know how to round that drawable: com.facebook.react.views.image.ReactImageDownloadListener$EmptyDrawable@8942906
11-06 11:57:58.090 16522 16542 E IMGMapper: set:488 set: Unset optional value from type SMPTE2086
11-06 11:57:58.090 16522 16542 E IMGMapper: set:488 set: Unset optional value from type CTA861_3
11-06 11:57:58.105 16522 16542 E IMGMapper: set:488 set: Unset optional value from type SMPTE2086
11-06 11:57:58.105 16522 16542 E IMGMapper: set:488 set: Unset optional value from type CTA861_3
11-06 11:57:58.106 16522 16522 W unknown:WrappingUtils: Don't know how to round that drawable: com.facebook.react.views.image.ReactImageDownloadListener$EmptyDrawable@7241cbf
11-06 11:57:58.139 16522 16542 E IMGMapper: set:488 set: Unset optional value from type SMPTE2086
11-06 11:57:58.139 16522 16542 E IMGMapper: set:488 set: Unset optional value from type CTA861_3
11-06 11:57:58.148 16522 16542 E IMGMapper: set:488 set: Unset optional value from type SMPTE2086
11-06 11:57:58.148 16522 16542 E IMGMapper: set:488 set: Unset optional value from type CTA861_3
11-06 11:57:58.165 16522 16542 E IMGMapper: set:488 set: Unset optional value from type SMPTE2086
11-06 11:57:58.165 16522 16542 E IMGMapper: set:488 set: Unset optional value from type CTA861_3
11-06 11:57:58.182 16522 16542 E IMGMapper: set:488 set: Unset optional value from type SMPTE2086
11-06 11:57:58.182 16522 16542 E IMGMapper: set:488 set: Unset optional value from type CTA861_3
11-06 11:57:58.199 16522 16542 E IMGMapper: set:488 set: Unset optional value from type SMPTE2086
11-06 11:57:58.199 16522 16542 E IMGMapper: set:488 set: Unset optional value from type CTA861_3
11-06 11:57:58.214 16522 16542 E IMGMapper: set:488 set: Unset optional value from type SMPTE2086
11-06 11:57:58.214 16522 16542 E IMGMapper: set:488 set: Unset optional value from type CTA861_3
11-06 11:57:58.231 16522 16542 E IMGMapper: set:488 set: Unset optional value from type SMPTE2086
11-06 11:57:58.231 16522 16542 E IMGMapper: set:488 set: Unset optional value from type CTA861_3
11-06 11:57:58.249 16522 16542 E IMGMapper: set:488 set: Unset optional value from type SMPTE2086
11-06 11:57:58.249 16522 16542 E IMGMapper: set:488 set: Unset optional value from type CTA861_3
11-06 11:57:58.266 16522 16542 E IMGMapper: set:488 set: Unset optional value from type SMPTE2086
11-06 11:57:58.266 16522 16542 E IMGMapper: set:488 set: Unset optional value from type CTA861_3
11-06 11:57:58.281 16522 16542 E IMGMapper: set:488 set: Unset optional value from type SMPTE2086
11-06 11:57:58.281 16522 16542 E IMGMapper: set:488 set: Unset optional value from type CTA861_3
11-06 11:57:58.296 16522 16542 E IMGMapper: set:488 set: Unset optional value from type SMPTE2086
11-06 11:57:58.296 16522 16542 E IMGMapper: set:488 set: Unset optional value from type CTA861_3
11-06 11:57:58.313 16522 16542 E IMGMapper: set:488 set: Unset optional value from type SMPTE2086
11-06 11:57:58.314 16522 16542 E IMGMapper: set:488 set: Unset optional value from type CTA861_3
11-06 11:57:58.334 16522 16542 E IMGMapper: set:488 set: Unset optional value from type SMPTE2086
11-06 11:57:58.334 16522 16542 E IMGMapper: set:488 set: Unset optional value from type CTA861_3
11-06 11:57:58.342 14976 15060 D WM-SystemJobScheduler: Scheduling work ID 69b36060-7277-4352-bf9d-6320764cf4ccJob ID 679384
11-06 11:57:58.347 16522 16542 E IMGMapper: set:488 set: Unset optional value from type SMPTE2086
11-06 11:57:58.347 16522 16542 E IMGMapper: set:488 set: Unset optional value from type CTA861_3
11-06 11:57:58.352  1187  4538 I ActivityManager: Changes in 10250 19 to 8, 0 to 8
11-06 11:57:58.356  1187  1352 E AppOps  : evalMode() Foreground mode : uid - 10250, op - 27, capability - 8
11-06 11:57:58.357  7764  7779 I dwky    : (REDACTED) appOpsListener %s %s
11-06 11:57:58.357  1187  1352 E AppOps  : evalMode() Foreground mode : uid - 10250, op - 26, capability - 8
11-06 11:57:58.357  1187  1352 E AppOps  : evalMode() Foreground mode : uid - 10250, op - 1, capability - 8
11-06 11:57:58.357  7764  7779 I dwky    : (REDACTED) Ignoring irrelevant audio permission changes for package %s
11-06 11:57:58.364 16522 16542 E IMGMapper: set:488 set: Unset optional value from type SMPTE2086
11-06 11:57:58.365 16522 16542 E IMGMapper: set:488 set: Unset optional value from type CTA861_3
11-06 11:57:58.375 16522 16522 W unknown:WrappingUtils: Don't know how to round that drawable: com.facebook.react.views.image.ReactImageDownloadListener$EmptyDrawable@cd80e54
11-06 11:57:58.376 14976 14976 D WM-SystemJobService: onStartJob for WorkGenerationalId(workSpecId=69b36060-7277-4352-bf9d-6320764cf4cc, generation=0)
11-06 11:57:58.380 14976 15060 D WM-GreedyScheduler: Starting tracking for 69b36060-7277-4352-bf9d-6320764cf4cc
11-06 11:57:58.386 14976 15063 D WM-Processor: Cfk: processing WorkGenerationalId(workSpecId=69b36060-7277-4352-bf9d-6320764cf4cc, generation=0)
11-06 11:57:58.392 16522 16542 E IMGMapper: set:488 set: Unset optional value from type SMPTE2086
11-06 11:57:58.392 16522 16542 E IMGMapper: set:488 set: Unset optional value from type CTA861_3
11-06 11:57:58.400 14976 14976 D WM-WorkerWrapper: Starting work for com.whatsapp.messaging.xmpp.XmppLifecycleWorker
11-06 11:57:58.407 16522 16542 E IMGMapper: set:488 set: Unset optional value from type SMPTE2086
11-06 11:57:58.408 16522 16542 E IMGMapper: set:488 set: Unset optional value from type CTA861_3
11-06 11:57:58.412 14976 15061 D WM-ConstraintTracker: Cgh: initial state = NetworkState(isConnected=true, isValidated=true, isMetered=false, isNotRoaming=true)
11-06 11:57:58.412 14976 15061 D WM-NetworkStateTracker: Registering network callback
11-06 11:57:58.413 14976 15061 D ConnectivityManager: StackLog: [android.net.ConnectivityManager.sendRequestForNetwork(ConnectivityManager.java:4402)] [android.net.ConnectivityManager.registerDefaultNetworkCallbackForUid(ConnectivityManager.java:4966)] [android.net.ConnectivityManager.registerDefaultNetworkCallback(ConnectivityManager.java:4933)] [android.net.ConnectivityManager.registerDefaultNetworkCallback(ConnectivityManager.java:4907)] [X.Cgh.A03(:20)] [androidx.work.impl.constraints.controllers.BaseConstraintController$track$1.invokeSuspend(:81)] [androidx.work.impl.constraints.controllers.BaseConstraintController$track$1.invoke(:8)] [X.1Wt.A00(:2)] [X.1Wu.A00(:52)] [X.1Wh.invokeSuspend(:26)] [X.0vA.resumeWith(:8)] [X.0w9.run(:89)] [X.Cg3.run(:2)] [java.util.concurrent.ThreadPoolExecutor.runWorker(ThreadPoolExecutor.java:1145)] [java.util.concurrent.ThreadPoolExecutor$Worker.run(ThreadPoolExecutor.java:644)] [java.lang.Thread.run(Thread.java:1012)]
11-06 11:57:58.414 16522 16522 W unknown:WrappingUtils: Don't know how to round that drawable: com.facebook.react.views.image.ReactImageDownloadListener$EmptyDrawable@d110a97
11-06 11:57:58.415  1187  1299 D ConnectivityService: requestNetwork for uid/pid:10250/14976 activeRequest: null callbackRequest: 47069 [NetworkRequest [ REQUEST id=47070, [ Capabilities: INTERNET&NOT_RESTRICTED&TRUSTED&NOT_VCN_MANAGED Uid: 10250 RequestorUid: 10250 RequestorPkg: com.whatsapp UnderlyingNetworks: Null] ]] callback flags: 0 order: 2147483647
11-06 11:57:58.417  1187  1588 D ConnectivityService:    accepting network in place of null for NetworkRequest [ REQUEST id=47070, [ Capabilities: INTERNET&NOT_RESTRICTED&TRUSTED&NOT_VCN_MANAGED Uid: 10250 RequestorUid: 10250 RequestorPkg: com.whatsapp UnderlyingNetworks: Null] ]
11-06 11:57:58.418 14976 15061 D WM-GreedyScheduler: Constraints met: Scheduling work ID WorkGenerationalId(workSpecId=69b36060-7277-4352-bf9d-6320764cf4cc, generation=0)
11-06 11:57:58.424 14976 15073 D WM-NetworkStateTracker: Network capabilities changed: [ Transports: WIFI Capabilities: NOT_METERED&INTERNET&NOT_RESTRICTED&TRUSTED&NOT_VPN&VALIDATED&NOT_ROAMING&FOREGROUND&NOT_CONGESTED&NOT_SUSPENDED&NOT_VCN_MANAGED LinkUpBandwidth>=12000Kbps LinkDnBandwidth>=30000Kbps TransportInfo: <SSID: <unknown ssid>, BSSID: 02:00:00:00:00:00, MAC: 02:00:00:00:00:00, IP: /192.168.100.28, Security type: 2, Supplicant state: COMPLETED, Wi-Fi standard: 4, RSSI: -62, Link speed: 65Mbps, Tx Link speed: 65Mbps, Max Supported Tx Link speed: 150Mbps, Rx Link speed: 65Mbps, Max Supported Rx Link speed: 150Mbps, Frequency: 2462MHz, Net ID: -1, Metered hint: false, score: 60, isUsable: true, CarrierMerged: false, SubscriptionId: -1, IsPrimary: -1, Trusted: true, Restricted: false, Ephemeral: false, OEM paid: false, OEM private: false, OSU AP: false, FQDN: <none>, Provider friendly name: <none>, Requesting package name: <none><none>MLO Information: , AP MLD Address: <none>, AP MLO Link Id: <none>, AP MLO Affiliated links: <none>> SignalStrength: -62 UnderlyingNetworks: Null]
11-06 11:57:58.425  1187  1566 D WifiNetworkFactory: got request NetworkRequest [ REQUEST id=47070, [ Capabilities: INTERNET&NOT_RESTRICTED&TRUSTED&NOT_VCN_MANAGED Uid: 10250 RequestorUid: 10250 RequestorPkg: com.whatsapp UnderlyingNetworks: Null] ]
11-06 11:57:58.426 16522 16542 E IMGMapper: set:488 set: Unset optional value from type SMPTE2086
11-06 11:57:58.426 16522 16542 E IMGMapper: set:488 set: Unset optional value from type CTA861_3
11-06 11:57:58.427  1187  1566 D UntrustedWifiNetworkFactory: got request NetworkRequest [ REQUEST id=47070, [ Capabilities: INTERNET&NOT_RESTRICTED&TRUSTED&NOT_VCN_MANAGED Uid: 10250 RequestorUid: 10250 RequestorPkg: com.whatsapp UnderlyingNetworks: Null] ]
11-06 11:57:58.428 14976 15060 D WM-Processor: Work WorkGenerationalId(workSpecId=69b36060-7277-4352-bf9d-6320764cf4cc, generation=0) is already enqueued for processing
11-06 11:57:58.430  1187  1566 D OemPaidWifiNetworkFactory: got request NetworkRequest [ REQUEST id=47070, [ Capabilities: INTERNET&NOT_RESTRICTED&TRUSTED&NOT_VCN_MANAGED Uid: 10250 RequestorUid: 10250 RequestorPkg: com.whatsapp UnderlyingNetworks: Null] ]
11-06 11:57:58.430  1187  1566 D MultiInternetWifiNetworkFactory: got request NetworkRequest [ REQUEST id=47070, [ Capabilities: INTERNET&NOT_RESTRICTED&TRUSTED&NOT_VCN_MANAGED Uid: 10250 RequestorUid: 10250 RequestorPkg: com.whatsapp UnderlyingNetworks: Null] ]
11-06 11:57:58.430  1187  1588 D ConnectivityService: Rematched networks [computed 1ms] [applied 3ms] [issued 10]
11-06 11:57:58.431  1187  1588 D ConnectivityService: NetworkReassignment :
11-06 11:57:58.431  1187  1588 D ConnectivityService:   47070 : null  217
11-06 11:57:58.454 16522 16542 E IMGMapper: set:488 set: Unset optional value from type SMPTE2086
11-06 11:57:58.454 16522 16542 E IMGMapper: set:488 set: Unset optional value from type CTA861_3
11-06 11:57:58.461 16522 16542 E IMGMapper: set:488 set: Unset optional value from type SMPTE2086
11-06 11:57:58.461 16522 16542 E IMGMapper: set:488 set: Unset optional value from type CTA861_3
11-06 11:57:58.468  1039  1039 I BufferQueueProducer: [com.cinemamovel/com.cinemamovel.MainActivity$_16522#690601](this:0xb400007a1f842838,id:-1,api:0,p:-1,c:1039) queueBuffer: fps=56.22 dur=1031.68 max=33.37 min=16.05
11-06 11:57:58.469   991   991 I hwcomposer: [HWCDisplay] [Display_0 (type:1)] fps:56.242413,dur:1031.25,max:33.86,min:15.73  
11-06 11:57:58.474   543   543 D io_stats: !@ 179,0 r 632664043 7637789282 w 114747460 1217186356 d 1261427 33798212 f 0 0 iot 326158276 0 th 0 0 0 pt 0 inp 0 0 3427893.784
11-06 11:57:58.478 16522 16542 E IMGMapper: set:488 set: Unset optional value from type SMPTE2086
11-06 11:57:58.478 16522 16542 E IMGMapper: set:488 set: Unset optional value from type CTA861_3
11-06 11:57:58.495 16522 16542 E IMGMapper: set:488 set: Unset optional value from type SMPTE2086
11-06 11:57:58.496 16522 16542 E IMGMapper: set:488 set: Unset optional value from type CTA861_3
11-06 11:57:58.521 16522 16542 E IMGMapper: set:488 set: Unset optional value from type SMPTE2086
11-06 11:57:58.522 16522 16542 E IMGMapper: set:488 set: Unset optional value from type CTA861_3
11-06 11:57:58.530 16522 16542 E IMGMapper: set:488 set: Unset optional value from type SMPTE2086
11-06 11:57:58.530 16522 16542 E IMGMapper: set:488 set: Unset optional value from type CTA861_3
11-06 11:57:58.532  1205  1205 I thermal_repeater: socket -1
11-06 11:57:58.548 16522 16542 E IMGMapper: set:488 set: Unset optional value from type SMPTE2086
11-06 11:57:58.548 16522 16542 E IMGMapper: set:488 set: Unset optional value from type CTA861_3
11-06 11:57:58.563 16522 16542 E IMGMapper: set:488 set: Unset optional value from type SMPTE2086
11-06 11:57:58.563 16522 16542 E IMGMapper: set:488 set: Unset optional value from type CTA861_3
11-06 11:57:58.580 16522 16542 E IMGMapper: set:488 set: Unset optional value from type SMPTE2086
11-06 11:57:58.580 16522 16542 E IMGMapper: set:488 set: Unset optional value from type CTA861_3
11-06 11:57:58.597 16522 16542 E IMGMapper: set:488 set: Unset optional value from type SMPTE2086
11-06 11:57:58.597 16522 16542 E IMGMapper: set:488 set: Unset optional value from type CTA861_3
11-06 11:57:58.613 16522 16542 E IMGMapper: set:488 set: Unset optional value from type SMPTE2086
11-06 11:57:58.613 16522 16542 E IMGMapper: set:488 set: Unset optional value from type CTA861_3
11-06 11:57:58.629 16522 16542 E IMGMapper: set:488 set: Unset optional value from type SMPTE2086
11-06 11:57:58.629 16522 16542 E IMGMapper: set:488 set: Unset optional value from type CTA861_3
11-06 11:57:58.646 16522 16542 E IMGMapper: set:488 set: Unset optional value from type SMPTE2086
11-06 11:57:58.646 16522 16542 E IMGMapper: set:488 set: Unset optional value from type CTA861_3
11-06 11:57:58.668 16522 16542 E IMGMapper: set:488 set: Unset optional value from type SMPTE2086
11-06 11:57:58.668 16522 16542 E IMGMapper: set:488 set: Unset optional value from type CTA861_3
11-06 11:57:58.684 16522 16542 E IMGMapper: set:488 set: Unset optional value from type SMPTE2086
11-06 11:57:58.684 16522 16542 E IMGMapper: set:488 set: Unset optional value from type CTA861_3
11-06 11:57:58.699 16522 16542 E IMGMapper: set:488 set: Unset optional value from type SMPTE2086
11-06 11:57:58.699 16522 16542 E IMGMapper: set:488 set: Unset optional value from type CTA861_3
11-06 11:57:58.722 16522 16542 E IMGMapper: set:488 set: Unset optional value from type SMPTE2086
11-06 11:57:58.722 16522 16542 E IMGMapper: set:488 set: Unset optional value from type CTA861_3
11-06 11:57:58.732 16522 16542 E IMGMapper: set:488 set: Unset optional value from type SMPTE2086
11-06 11:57:58.732 16522 16542 E IMGMapper: set:488 set: Unset optional value from type CTA861_3
11-06 11:57:58.748 16522 16542 E IMGMapper: set:488 set: Unset optional value from type SMPTE2086
11-06 11:57:58.748 16522 16542 E IMGMapper: set:488 set: Unset optional value from type CTA861_3
11-06 11:57:58.765 16522 16542 E IMGMapper: set:488 set: Unset optional value from type SMPTE2086
11-06 11:57:58.765 16522 16542 E IMGMapper: set:488 set: Unset optional value from type CTA861_3
11-06 11:57:58.779 16522 16542 E IMGMapper: set:488 set: Unset optional value from type SMPTE2086
11-06 11:57:58.779 16522 16542 E IMGMapper: set:488 set: Unset optional value from type CTA861_3
11-06 11:57:58.793  1187  1334 W NotificationHistory: Attempted to remove conversation for locked/gone/disabled user 0
11-06 11:57:58.801 16522 16542 E IMGMapper: set:488 set: Unset optional value from type SMPTE2086
11-06 11:57:58.801 16522 16542 E IMGMapper: set:488 set: Unset optional value from type CTA861_3
11-06 11:57:58.806  1187  1299 E ShortcutService: Invalid icon type in shortcut 558592210323@s.whatsapp.net. Bitmaps are not allowed in long-lived shortcuts. Use Resource icons, or Uri-based icons instead.
11-06 11:57:58.815 16522 16542 E IMGMapper: set:488 set: Unset optional value from type SMPTE2086
11-06 11:57:58.815 16522 16542 E IMGMapper: set:488 set: Unset optional value from type CTA861_3
11-06 11:57:58.831 16522 16542 E IMGMapper: set:488 set: Unset optional value from type SMPTE2086
11-06 11:57:58.831 16522 16542 E IMGMapper: set:488 set: Unset optional value from type CTA861_3
11-06 11:57:58.849 16522 16542 E IMGMapper: set:488 set: Unset optional value from type SMPTE2086
11-06 11:57:58.849 16522 16542 E IMGMapper: set:488 set: Unset optional value from type CTA861_3
11-06 11:57:58.863 16522 16542 E IMGMapper: set:488 set: Unset optional value from type SMPTE2086
11-06 11:57:58.863 16522 16542 E IMGMapper: set:488 set: Unset optional value from type CTA861_3
11-06 11:57:58.875  1187  4523 D InputDispatcher: Inject motion (16675/2000): action=0x0, time=3427894184000000, f=0x0, d=0 dsdx=1.000000 dtdx=0.000000
11-06 11:57:58.876  1187  1534 I InputDispatcher: Delivering touch to (1737): action: 0x4, f=0x0, d=0, 'd92b8ad', t=1 
11-06 11:57:58.876  1187  1534 I InputDispatcher: Delivering touch to (16522): action: 0x0, f=0x0, d=0, '8c46ea2', t=1 
11-06 11:57:58.876  1187  1534 D PowerManagerService: [api] userActivityFromNative :  (event: 2 flags: 0 displayId: 0) eventTime = 3427894184
11-06 11:57:58.876 16522 16522 I ViewRootImpl@eaf2444[MainActivity]: ViewPostIme pointer 0
11-06 11:57:58.877  1187  1303 I GestureDetector: obtain mCurrentDownEvent. id: -113354056 caller: com.android.server.wm.SystemGesturesPointerEventListener.onPointerEvent:203 com.android.server.wm.PointerEventDispatcher.onInputEvent:53 android.view.InputEventReceiver.dispatchInputEvent:285 
11-06 11:57:58.877  1187  1303 I GestureDetector: obtain mCurrentDownEvent. id: -113354056 caller: com.android.server.wm.SystemPerformancePointerEventListener.onPointerEvent:89 com.android.server.wm.PointerEventDispatcher.onInputEvent:53 android.view.InputEventReceiver.dispatchInputEvent:285 
11-06 11:57:58.880 16522 16542 E IMGMapper: set:488 set: Unset optional value from type SMPTE2086
11-06 11:57:58.880 16522 16542 E IMGMapper: set:488 set: Unset optional value from type CTA861_3
11-06 11:57:58.887  1187  1303 I GestureDetector: obtain mCurrentMotionEventRaw. action: 2 id: -804330060
11-06 11:57:58.887  1187  1303 I GestureDetector: obtain mCurrentMotionEventRaw. action: 2 id: -804330060
11-06 11:57:58.893   896   910 I mtkpower_client: perf_lock_rel, hdl:1053324, tid:910
11-06 11:57:58.894   896   910 I mtkpower_client: perf_lock_acq, hdl:0, dur:0, num:2, tid:910
11-06 11:57:58.894  1014  1065 I libPowerHal: [perfLockRel] hdl:1053324, idx:2
11-06 11:57:58.894  1014  1065 I libPowerHal: vendor.samsung.: cpu_ctrl set cpu freq: 1218000 -1 -1 -1
11-06 11:57:58.895   896   910 I mtkpower_client: ret_hdl:1053326
11-06 11:57:58.895   896   910 I mtkpower_client: perf_lock_rel, hdl:1053325, tid:910
11-06 11:57:58.895  1187  1334 I SemExecuteManagerService: onShortcutChanged: com.whatsapp0
11-06 11:57:58.896  1014  1065 I libPowerHal: [perfLockAcq] idx:1 hdl:1053326 hint:-1 pid:896 duration:0 lock_user:vendor.samsung. => ret_hdl:1053326
11-06 11:57:58.896  1014  1065 I libPowerHal: vendor.samsung.: cpu_ctrl set cpu freq: 1218000 -1 1138000 -1
11-06 11:57:58.897   896   910 I mtkpower_client: perf_lock_acq, hdl:0, dur:0, num:2, tid:910
11-06 11:57:58.897  1014  1065 I libPowerHal: [perfLockRel] hdl:1053325, idx:0
11-06 11:57:58.898  1014  1065 I libPowerHal: vendor.samsung.: cpu_ctrl set cpu freq: -1 -1 1138000 -1
11-06 11:57:58.899   896   910 I mtkpower_client: ret_hdl:1053327
11-06 11:57:58.899   896   910 I HYPER-HAL: [RequestManager.cpp]releaseLocked(): Released ID : 725427
11-06 11:57:58.899  1014  1065 I libPowerHal: [perfLockAcq] idx:0 hdl:1053327 hint:-1 pid:896 duration:0 lock_user:vendor.samsung. => ret_hdl:1053327
11-06 11:57:58.899  1014  1065 I libPowerHal: vendor.samsung.: cpu_ctrl set cpu freq: 1218000 -1 1138000 -1
11-06 11:57:58.905 16522 16542 E IMGMapper: set:488 set: Unset optional value from type SMPTE2086
11-06 11:57:58.905 16522 16542 E IMGMapper: set:488 set: Unset optional value from type CTA861_3
11-06 11:57:58.915 16522 16542 E IMGMapper: set:488 set: Unset optional value from type SMPTE2086
11-06 11:57:58.915 16522 16542 E IMGMapper: set:488 set: Unset optional value from type CTA861_3
11-06 11:57:58.932 16522 16542 E IMGMapper: set:488 set: Unset optional value from type SMPTE2086
11-06 11:57:58.932 16522 16542 E IMGMapper: set:488 set: Unset optional value from type CTA861_3
11-06 11:57:58.942 16522 16522 W unknown:WrappingUtils: Don't know how to round that drawable: com.facebook.react.views.image.ReactImageDownloadListener$EmptyDrawable@6cb0002
11-06 11:57:58.951 16522 16542 E IMGMapper: set:488 set: Unset optional value from type SMPTE2086
11-06 11:57:58.951 16522 16542 E IMGMapper: set:488 set: Unset optional value from type CTA861_3
11-06 11:57:58.966 16522 16542 E IMGMapper: set:488 set: Unset optional value from type SMPTE2086
11-06 11:57:58.966 16522 16542 E IMGMapper: set:488 set: Unset optional value from type CTA861_3
11-06 11:57:58.980 16522 16522 W unknown:WrappingUtils: Don't know how to round that drawable: com.facebook.react.views.image.ReactImageDownloadListener$EmptyDrawable@b4c276f
11-06 11:57:58.994  1187  1334 I SemExecuteManagerService: onShortcutChanged: com.whatsapp0
11-06 11:57:59.014 16522 16542 E IMGMapper: set:488 set: Unset optional value from type SMPTE2086
11-06 11:57:59.014 16522 16542 E IMGMapper: set:488 set: Unset optional value from type CTA861_3
11-06 11:57:59.024 16522 16542 E IMGMapper: set:488 set: Unset optional value from type SMPTE2086
11-06 11:57:59.024 16522 16542 E IMGMapper: set:488 set: Unset optional value from type CTA861_3
11-06 11:57:59.032 16522 16542 E IMGMapper: set:488 set: Unset optional value from type SMPTE2086
11-06 11:57:59.032 16522 16542 E IMGMapper: set:488 set: Unset optional value from type CTA861_3
11-06 11:57:59.054 16522 16542 E IMGMapper: set:488 set: Unset optional value from type SMPTE2086
11-06 11:57:59.054 16522 16542 E IMGMapper: set:488 set: Unset optional value from type CTA861_3
11-06 11:57:59.057  1187  1307 D SettingsProvider: isChangeAllowed() : name = enabled_notification_listeners
11-06 11:57:59.062 16522 16542 E IMGMapper: set:488 set: Unset optional value from type SMPTE2086
11-06 11:57:59.063 16522 16542 E IMGMapper: set:488 set: Unset optional value from type CTA861_3
11-06 11:57:59.080  1737  1942 D MobileStatusTracker(0/2): onSignalStrengthsChanged level=4, vendorLevel=3
11-06 11:57:59.080 16522 16542 E IMGMapper: set:488 set: Unset optional value from type SMPTE2086
11-06 11:57:59.080 16522 16542 E IMGMapper: set:488 set: Unset optional value from type CTA861_3
11-06 11:57:59.082  1737  1942 D MobileSignalController(0/2): notifyListener: enabled=true, connected=true, dataConnected=true, networkType=LTE (4G), emergencyOnly=false, roaming=false, isDefault=false, dataActivity=, level=3, ca=false, mmWave=false, disabledDataIcon=false, simCard=ETC
11-06 11:57:59.082  1737  1942 D NetworkController: SignalStrength from intent slotId=0
11-06 11:57:59.095 16522 16542 E IMGMapper: set:488 set: Unset optional value from type SMPTE2086
11-06 11:57:59.095 16522 16542 E IMGMapper: set:488 set: Unset optional value from type CTA861_3
11-06 11:57:59.113 16522 16542 E IMGMapper: set:488 set: Unset optional value from type SMPTE2086
11-06 11:57:59.113 16522 16542 E IMGMapper: set:488 set: Unset optional value from type CTA861_3
11-06 11:57:59.129 16522 16542 E IMGMapper: set:488 set: Unset optional value from type SMPTE2086
11-06 11:57:59.129 16522 16542 E IMGMapper: set:488 set: Unset optional value from type CTA861_3
11-06 11:57:59.148 16522 16542 E IMGMapper: set:488 set: Unset optional value from type SMPTE2086
11-06 11:57:59.148 16522 16542 E IMGMapper: set:488 set: Unset optional value from type CTA861_3
11-06 11:57:59.164 16522 16542 E IMGMapper: set:488 set: Unset optional value from type SMPTE2086
11-06 11:57:59.165 16522 16542 E IMGMapper: set:488 set: Unset optional value from type CTA861_3
11-06 11:57:59.179 16522 16542 E IMGMapper: set:488 set: Unset optional value from type SMPTE2086
11-06 11:57:59.179 16522 16542 E IMGMapper: set:488 set: Unset optional value from type CTA861_3
11-06 11:57:59.194  1187  4523 D InputDispatcher: Inject motion (16675/2000): action=0x1, time=3427894503000000, f=0x0, d=0 dsdx=1.000000 dtdx=0.000000
11-06 11:57:59.194  1187  1534 I InputDispatcher: Delivering touch to (16522): action: 0x1, f=0x0, d=0, '8c46ea2', t=1 
11-06 11:57:59.195  1187  1187 I SemDvfsHyPerManager: acquire hyper - SMOOTH_SCROLL/1187@17, type = -999
11-06 11:57:59.196   896   910 I HYPER-HAL: [RequestManager.cpp]acquire(): Acquired ID : 725427  [1187 / 17]    HINT : SMOOTH_SCROLL    list : 
11-06 11:57:59.197   896   910 I mtkpower_client: perf_lock_rel, hdl:1053326, tid:910
11-06 11:57:59.198  1014  1065 I libPowerHal: [perfLockRel] hdl:1053326, idx:1
11-06 11:57:59.198  1014  1065 I libPowerHal: vendor.samsung.: cpu_ctrl set cpu freq: 1218000 -1 -1 -1
11-06 11:57:59.200  1187  1187 D SGM:GameManager: identifyGamePackage. com.cinemamovel, mCurrentUserId: 0, callerUserId: 0, callingMethodInfo: com.android.server.ssrm.fgapps.GameAppUtils.isGame(GameAppUtils.java:84)
11-06 11:57:59.200  1187  1187 D SGM:PkgDataHelper: getGamePkgData(). com.cinemamovel
11-06 11:57:59.200  1187  1187 I SemDvfsHyPerManager: acquire hyper - GESTURE_DETECTED/1187@18, type = -999
11-06 11:57:59.201   896   910 I mtkpower_client: perf_lock_acq, hdl:0, dur:0, num:2, tid:910
11-06 11:57:59.202   896   910 I mtkpower_client: ret_hdl:1053328
11-06 11:57:59.202   896   910 I mtkpower_client: perf_lock_rel, hdl:1053327, tid:910
11-06 11:57:59.202  1014  1065 I libPowerHal: [perfLockAcq] idx:1 hdl:1053328 hint:-1 pid:896 duration:0 lock_user:vendor.samsung. => ret_hdl:1053328
11-06 11:57:59.203  1187  1187 D SGM:GameManager: identifyGamePackage. com.cinemamovel, mCurrentUserId: 0, callerUserId: 0, callingMethodInfo: com.android.server.ssrm.fgapps.GameAppUtils.isGame(GameAppUtils.java:84)
11-06 11:57:59.203  1187  1187 D SGM:PkgDataHelper: getGamePkgData(). com.cinemamovel
11-06 11:57:59.203  1187  1187 I SemDvfsHyPerManager: acquire hyper - GESTURE_DETECTED/1187@18, type = -999
11-06 11:57:59.203  1014  1065 I libPowerHal: vendor.samsung.: cpu_ctrl set cpu freq: 1218000 -1 1138000 -1
11-06 11:57:59.204   896   910 I mtkpower_client: perf_lock_acq, hdl:0, dur:0, num:2, tid:910
11-06 11:57:59.204  1014  1065 I libPowerHal: [perfLockRel] hdl:1053327, idx:0
11-06 11:57:59.205  1014  1065 I libPowerHal: vendor.samsung.: cpu_ctrl set cpu freq: -1 -1 1138000 -1
11-06 11:57:59.206   896   910 I mtkpower_client: ret_hdl:1053329
11-06 11:57:59.206  1014  1065 I libPowerHal: [perfLockAcq] idx:0 hdl:1053329 hint:-1 pid:896 duration:0 lock_user:vendor.samsung. => ret_hdl:1053329
11-06 11:57:59.206   896   910 I mtkpower_client: perf_lock_rel, hdl:1053328, tid:910
11-06 11:57:59.206  1014  1065 I libPowerHal: vendor.samsung.: cpu_ctrl set cpu freq: 1218000 -1 1138000 -1
11-06 11:57:59.207   896   910 I mtkpower_client: perf_lock_acq, hdl:0, dur:0, num:2, tid:910
11-06 11:57:59.207 16522 16542 E IMGMapper: set:488 set: Unset optional value from type SMPTE2086
11-06 11:57:59.207  1014  1065 I libPowerHal: [perfLockRel] hdl:1053328, idx:1
11-06 11:57:59.207 16522 16542 E IMGMapper: set:488 set: Unset optional value from type CTA861_3
11-06 11:57:59.208  1014  1065 I libPowerHal: vendor.samsung.: cpu_ctrl set cpu freq: 1218000 -1 -1 -1
11-06 11:57:59.209   896   910 I mtkpower_client: ret_hdl:1053330
11-06 11:57:59.209   896   910 I mtkpower_client: perf_lock_rel, hdl:1053329, tid:910
11-06 11:57:59.209  1014  1065 I libPowerHal: [perfLockAcq] idx:1 hdl:1053330 hint:-1 pid:896 duration:0 lock_user:vendor.samsung. => ret_hdl:1053330
11-06 11:57:59.209  1014  1065 I libPowerHal: vendor.samsung.: cpu_ctrl set cpu freq: 1218000 -1 1138000 -1
11-06 11:57:59.210   896   910 I mtkpower_client: perf_lock_acq, hdl:0, dur:0, num:2, tid:910
11-06 11:57:59.211 16522 16522 I ViewRootImpl@eaf2444[MainActivity]: ViewPostIme pointer 1
11-06 11:57:59.211  1014  1065 I libPowerHal: [perfLockRel] hdl:1053329, idx:0
11-06 11:57:59.211  1014  1065 I libPowerHal: vendor.samsung.: cpu_ctrl set cpu freq: -1 -1 1138000 -1
11-06 11:57:59.212   896   910 I mtkpower_client: ret_hdl:1053331
11-06 11:57:59.213   896   910 I HYPER-HAL: [RequestManager.cpp]releaseLocked(): Released ID : 725427
11-06 11:57:59.213  1014  1065 I libPowerHal: [perfLockAcq] idx:2 hdl:1053331 hint:-1 pid:896 duration:0 lock_user:vendor.samsung. => ret_hdl:1053331
11-06 11:57:59.213   896   910 I HYPER-HAL: [RequestManager.cpp]acquire(): Acquired ID : 726633  [1187 / 18]    HINT : GESTURE_DETECTED    list : [TIMEOUT / 1702] 
11-06 11:57:59.213   896   910 I HYPER-HAL: [RequestManager.cpp]acquire(): Acquired ID : 726633  [1187 / 18]    HINT : GESTURE_DETECTED    list : [TIMEOUT / 1702] 
11-06 11:57:59.213  1014  1065 I libPowerHal: vendor.samsung.: cpu_ctrl set cpu freq: 1218000 -1 1138000 -1
11-06 11:57:59.223  1187  1187 I SemDvfsHyPerManager: acquire hyper - SMOOTH_SCROLL/1187@17, type = -999
11-06 11:57:59.223   896   910 I HYPER-HAL: [RequestManager.cpp]acquire(): Acquired ID : 725427  [1187 / 17]    HINT : SMOOTH_SCROLL    list : 
11-06 11:57:59.224   896   910 I mtkpower_client: perf_lock_rel, hdl:1053330, tid:910
11-06 11:57:59.224   896   910 I mtkpower_client: perf_lock_acq, hdl:0, dur:0, num:2, tid:910
11-06 11:57:59.225  1014  1065 I libPowerHal: [perfLockRel] hdl:1053330, idx:1
11-06 11:57:59.225  1014  1065 I libPowerHal: vendor.samsung.: cpu_ctrl set cpu freq: 1218000 -1 -1 -1
11-06 11:57:59.226  1014  1065 I libPowerHal: [perfLockAcq] idx:0 hdl:1053332 hint:-1 pid:896 duration:0 lock_user:vendor.samsung. => ret_hdl:1053332
11-06 11:57:59.226   896   910 I mtkpower_client: ret_hdl:1053332
11-06 11:57:59.226   896   910 I mtkpower_client: perf_lock_rel, hdl:1053331, tid:910
11-06 11:57:59.226  1014  1065 I libPowerHal: vendor.samsung.: cpu_ctrl set cpu freq: 1218000 -1 1138000 -1
11-06 11:57:59.227   896   910 I mtkpower_client: perf_lock_acq, hdl:0, dur:0, num:2, tid:910
11-06 11:57:59.227  1014  1065 I libPowerHal: [perfLockRel] hdl:1053331, idx:2
11-06 11:57:59.227  1014  1065 I libPowerHal: vendor.samsung.: cpu_ctrl set cpu freq: -1 -1 1138000 -1
11-06 11:57:59.227 16522 16542 E IMGMapper: set:488 set: Unset optional value from type SMPTE2086
11-06 11:57:59.228 16522 16542 E IMGMapper: set:488 set: Unset optional value from type CTA861_3
11-06 11:57:59.229   896   910 I mtkpower_client: ret_hdl:1053333
11-06 11:57:59.229  1014  1065 I libPowerHal: [perfLockAcq] idx:1 hdl:1053333 hint:-1 pid:896 duration:0 lock_user:vendor.samsung. => ret_hdl:1053333
11-06 11:57:59.229  1014  1065 I libPowerHal: vendor.samsung.: cpu_ctrl set cpu freq: 1218000 -1 1138000 -1
11-06 11:57:59.235 16522 16542 E IMGMapper: set:488 set: Unset optional value from type SMPTE2086
11-06 11:57:59.236 16522 16542 E IMGMapper: set:488 set: Unset optional value from type CTA861_3
11-06 11:57:59.245 16522 16542 E IMGMapper: set:488 set: Unset optional value from type SMPTE2086
11-06 11:57:59.245 16522 16542 E IMGMapper: set:488 set: Unset optional value from type CTA861_3
11-06 11:57:59.264 16522 16542 E IMGMapper: set:488 set: Unset optional value from type SMPTE2086
11-06 11:57:59.264 16522 16542 E IMGMapper: set:488 set: Unset optional value from type CTA861_3
11-06 11:57:59.280 16522 16542 E IMGMapper: set:488 set: Unset optional value from type SMPTE2086
11-06 11:57:59.281 16522 16542 E IMGMapper: set:488 set: Unset optional value from type CTA861_3
11-06 11:57:59.294 16522 16542 E IMGMapper: set:488 set: Unset optional value from type SMPTE2086
11-06 11:57:59.294 16522 16542 E IMGMapper: set:488 set: Unset optional value from type CTA861_3
11-06 11:57:59.311 16522 16542 E IMGMapper: set:488 set: Unset optional value from type SMPTE2086
11-06 11:57:59.311 16522 16542 E IMGMapper: set:488 set: Unset optional value from type CTA861_3
11-06 11:57:59.322  1200  1324 D ULogGuard: Monitoring: 16 threads, 0 requests, 0 time-bombs; 1 guards. ResetFlags = 0x7
11-06 11:57:59.330 16522 16542 E IMGMapper: set:488 set: Unset optional value from type SMPTE2086
11-06 11:57:59.331 16522 16542 E IMGMapper: set:488 set: Unset optional value from type CTA861_3
11-06 11:57:59.344 16522 16542 E IMGMapper: set:488 set: Unset optional value from type SMPTE2086
11-06 11:57:59.345 16522 16542 E IMGMapper: set:488 set: Unset optional value from type CTA861_3
11-06 11:57:59.361 16522 16542 E IMGMapper: set:488 set: Unset optional value from type SMPTE2086
11-06 11:57:59.361 16522 16542 E IMGMapper: set:488 set: Unset optional value from type CTA861_3
11-06 11:57:59.382 16522 16542 E IMGMapper: set:488 set: Unset optional value from type SMPTE2086
11-06 11:57:59.382 16522 16542 E IMGMapper: set:488 set: Unset optional value from type CTA861_3
11-06 11:57:59.395 16522 16542 E IMGMapper: set:488 set: Unset optional value from type SMPTE2086
11-06 11:57:59.395 16522 16542 E IMGMapper: set:488 set: Unset optional value from type CTA861_3
11-06 11:57:59.412 16522 16542 E IMGMapper: set:488 set: Unset optional value from type SMPTE2086
11-06 11:57:59.412 16522 16542 E IMGMapper: set:488 set: Unset optional value from type CTA861_3
11-06 11:57:59.440 16522 16542 E IMGMapper: set:488 set: Unset optional value from type SMPTE2086
11-06 11:57:59.440 16522 16542 E IMGMapper: set:488 set: Unset optional value from type CTA861_3
11-06 11:57:59.451 16522 16542 E IMGMapper: set:488 set: Unset optional value from type SMPTE2086
11-06 11:57:59.452 16522 16542 E IMGMapper: set:488 set: Unset optional value from type CTA861_3
11-06 11:57:59.460 16522 16522 W unknown:WrappingUtils: Don't know how to round that drawable: com.facebook.react.views.image.ReactImageDownloadListener$EmptyDrawable@d9ea657
11-06 11:57:59.475 16522 16542 E IMGMapper: set:488 set: Unset optional value from type SMPTE2086
11-06 11:57:59.475 16522 16542 E IMGMapper: set:488 set: Unset optional value from type CTA861_3
11-06 11:57:59.483  1039  1039 I BufferQueueProducer: [com.cinemamovel/com.cinemamovel.MainActivity$_16522#690601](this:0xb400007a1f842838,id:-1,api:0,p:-1,c:1039) queueBuffer: fps=59.09 dur=1015.37 max=33.15 min=15.88
11-06 11:57:59.485   991   991 I hwcomposer: [HWCDisplay] [Display_0 (type:1)] fps:59.064526,dur:1015.84,max:33.91,min:15.34  
11-06 11:57:59.495 16522 16542 E IMGMapper: set:488 set: Unset optional value from type SMPTE2086
11-06 11:57:59.495 16522 16542 E IMGMapper: set:488 set: Unset optional value from type CTA861_3
11-06 11:57:59.504 16522 16542 E IMGMapper: set:488 set: Unset optional value from type SMPTE2086
11-06 11:57:59.504 16522 16542 E IMGMapper: set:488 set: Unset optional value from type CTA861_3
11-06 11:57:59.510 16522 16522 W unknown:WrappingUtils: Don't know how to round that drawable: com.facebook.react.views.image.ReactImageDownloadListener$EmptyDrawable@f1e4536
11-06 11:57:59.519 16522 16522 W unknown:WrappingUtils: Don't know how to round that drawable: com.facebook.react.views.image.ReactImageDownloadListener$EmptyDrawable@6be1c37
11-06 11:57:59.528 16522 16522 W unknown:WrappingUtils: Don't know how to round that drawable: com.facebook.react.views.image.ReactImageDownloadListener$EmptyDrawable@514f5a4
11-06 11:57:59.561 16522 16542 E IMGMapper: set:488 set: Unset optional value from type SMPTE2086
11-06 11:57:59.561 16522 16542 E IMGMapper: set:488 set: Unset optional value from type CTA861_3
11-06 11:57:59.579 16522 16542 E IMGMapper: set:488 set: Unset optional value from type SMPTE2086
11-06 11:57:59.579 16522 16542 E IMGMapper: set:488 set: Unset optional value from type CTA861_3
11-06 11:57:59.605 16522 16542 E IMGMapper: set:488 set: Unset optional value from type SMPTE2086
11-06 11:57:59.605 16522 16542 E IMGMapper: set:488 set: Unset optional value from type CTA861_3
11-06 11:57:59.613 16522 16542 E IMGMapper: set:488 set: Unset optional value from type SMPTE2086
11-06 11:57:59.613 16522 16542 E IMGMapper: set:488 set: Unset optional value from type CTA861_3
11-06 11:57:59.628 16522 16542 E IMGMapper: set:488 set: Unset optional value from type SMPTE2086
11-06 11:57:59.628 16522 16542 E IMGMapper: set:488 set: Unset optional value from type CTA861_3
11-06 11:57:59.649 16522 16542 E IMGMapper: set:488 set: Unset optional value from type SMPTE2086
11-06 11:57:59.649 16522 16542 E IMGMapper: set:488 set: Unset optional value from type CTA861_3
11-06 11:57:59.667 16522 16542 E IMGMapper: set:488 set: Unset optional value from type SMPTE2086
11-06 11:57:59.667 16522 16542 E IMGMapper: set:488 set: Unset optional value from type CTA861_3
11-06 11:57:59.679 16522 16542 E IMGMapper: set:488 set: Unset optional value from type SMPTE2086
11-06 11:57:59.679 16522 16542 E IMGMapper: set:488 set: Unset optional value from type CTA861_3
11-06 11:57:59.694 16522 16542 E IMGMapper: set:488 set: Unset optional value from type SMPTE2086
11-06 11:57:59.695 16522 16542 E IMGMapper: set:488 set: Unset optional value from type CTA861_3
11-06 11:57:59.712 16522 16542 E IMGMapper: set:488 set: Unset optional value from type SMPTE2086
11-06 11:57:59.712 16522 16542 E IMGMapper: set:488 set: Unset optional value from type CTA861_3
11-06 11:57:59.728 16522 16542 E IMGMapper: set:488 set: Unset optional value from type SMPTE2086
11-06 11:57:59.728 16522 16542 E IMGMapper: set:488 set: Unset optional value from type CTA861_3
11-06 11:57:59.739 16522 16522 W unknown:WrappingUtils: Don't know how to round that drawable: com.facebook.react.views.image.ReactImageDownloadListener$EmptyDrawable@729bbd2
11-06 11:57:59.753 16522 16542 E IMGMapper: set:488 set: Unset optional value from type SMPTE2086
11-06 11:57:59.753 16522 16542 E IMGMapper: set:488 set: Unset optional value from type CTA861_3
11-06 11:57:59.760 16522 16522 W unknown:WrappingUtils: Don't know how to round that drawable: com.facebook.react.views.image.ReactImageDownloadListener$EmptyDrawable@a6b24a3
11-06 11:57:59.772 16522 16542 E IMGMapper: set:488 set: Unset optional value from type SMPTE2086
11-06 11:57:59.772 16522 16542 E IMGMapper: set:488 set: Unset optional value from type CTA861_3
11-06 11:57:59.811 16522 16542 E IMGMapper: set:488 set: Unset optional value from type SMPTE2086
11-06 11:57:59.811 16522 16542 E IMGMapper: set:488 set: Unset optional value from type CTA861_3
11-06 11:57:59.823 16522 16542 E IMGMapper: set:488 set: Unset optional value from type SMPTE2086
11-06 11:57:59.823 16522 16542 E IMGMapper: set:488 set: Unset optional value from type CTA861_3
11-06 11:57:59.843 16522 16542 E IMGMapper: set:488 set: Unset optional value from type SMPTE2086
11-06 11:57:59.843 16522 16542 E IMGMapper: set:488 set: Unset optional value from type CTA861_3
11-06 11:57:59.854 16522 16542 E IMGMapper: set:488 set: Unset optional value from type SMPTE2086
11-06 11:57:59.854 16522 16542 E IMGMapper: set:488 set: Unset optional value from type CTA861_3
11-06 11:57:59.863 16522 16542 E IMGMapper: set:488 set: Unset optional value from type SMPTE2086
11-06 11:57:59.863 16522 16542 E IMGMapper: set:488 set: Unset optional value from type CTA861_3
11-06 11:57:59.877 16522 16542 E IMGMapper: set:488 set: Unset optional value from type SMPTE2086
11-06 11:57:59.877 16522 16542 E IMGMapper: set:488 set: Unset optional value from type CTA861_3
11-06 11:57:59.894 16522 16542 E IMGMapper: set:488 set: Unset optional value from type SMPTE2086
11-06 11:57:59.894 16522 16542 E IMGMapper: set:488 set: Unset optional value from type CTA861_3
11-06 11:57:59.910 16522 16542 E IMGMapper: set:488 set: Unset optional value from type SMPTE2086
11-06 11:57:59.910 16522 16542 E IMGMapper: set:488 set: Unset optional value from type CTA861_3
11-06 11:57:59.927 16522 16542 E IMGMapper: set:488 set: Unset optional value from type SMPTE2086
11-06 11:57:59.927 16522 16542 E IMGMapper: set:488 set: Unset optional value from type CTA861_3
11-06 11:57:59.944 16522 16542 E IMGMapper: set:488 set: Unset optional value from type SMPTE2086
11-06 11:57:59.944 16522 16542 E IMGMapper: set:488 set: Unset optional value from type CTA861_3
11-06 11:57:59.962 16522 16542 E IMGMapper: set:488 set: Unset optional value from type SMPTE2086
11-06 11:57:59.962 16522 16542 E IMGMapper: set:488 set: Unset optional value from type CTA861_3
11-06 11:57:59.980 16522 16542 E IMGMapper: set:488 set: Unset optional value from type SMPTE2086
11-06 11:57:59.980 16522 16542 E IMGMapper: set:488 set: Unset optional value from type CTA861_3
11-06 11:57:59.995 16522 16542 E IMGMapper: set:488 set: Unset optional value from type SMPTE2086
11-06 11:57:59.995 16522 16542 E IMGMapper: set:488 set: Unset optional value from type CTA861_3
11-06 11:58:00.003  1737  1737 D KeyguardUpdateMonitor: received broadcast android.intent.action.TIME_TICK
11-06 11:58:00.003  1737  2248 D QSClockBellTower: onReceive(android.intent.action.TIME_TICK) mTimeZoneString:null
11-06 11:58:00.014 16522 16542 E IMGMapper: set:488 set: Unset optional value from type SMPTE2086
11-06 11:58:00.014 16522 16542 E IMGMapper: set:488 set: Unset optional value from type CTA861_3
11-06 11:58:00.014  1737  1737 D KeyguardUpdateMonitor: handleTimeUpdate
11-06 11:58:00.015  1737  1737 D FaceWidgetPagesController: onTimeChanged()
11-06 11:58:00.018  1737  1737 D QSClockBellTower: He is ready to ring the bell. (((QSClockBellSound - TimeText:11:58, TimeContentDescription:11:58, DateText:qui., 6 de novembro, ShortDateText:qui., 6 de nov., Demo:false, QuickStar-Second(false|12:34:56))))
11-06 11:58:00.020  1737  1737 D QSClockIndicatorView: Home Indicator status_bar_clock 11:58 notifyTimeChanged(QSClockBellSound - TimeText:11:58, TimeContentDescription:11:58, DateText:qui., 6 de novembro, ShortDateText:qui., 6 de nov., Demo:false, QuickStar-Second(false|12:34:56)) ClockVisibleByPolicy:true, ClockVisibleByUser:true, visible?true, parent:android.widget.LinearLayout{a46c4dc V.E...... ......ID 0,0-66,37 #7f0b04f0 app:id/left_clock_container}
11-06 11:58:00.021  1737  1737 D QSClockBellTower: Everyone heard the bell. run(currentTime:1762441080016,   getTime():Thu Nov 06 11:58:00 GMT-03:00 2025,   getTimeZone():libcore.util.ZoneInfo[mDstSavings=0,mUseDst=false,mDelegate=[id="America/Sao_Paulo",mRawOffset=-10800000,mEarliestRawOffset=-11188000,transitions=92]])
11-06 11:58:00.032 16522 16542 E IMGMapper: set:488 set: Unset optional value from type SMPTE2086
11-06 11:58:00.032 16522 16542 E IMGMapper: set:488 set: Unset optional value from type CTA861_3
11-06 11:58:00.041  1737  1737 I FaceWidgetPositionAlgorithm: getClockContainerHeight() supplier = 193, bottom margin = 0, real height = 238
11-06 11:58:00.041  1737  1737 I FaceWidgetPositionAlgorithm: getClockContainerHeight() supplier = 193, bottom margin = 45, real height = 238
11-06 11:58:00.041  1737  1737 I FaceWidgetPositionAlgorithm: getMediaContainerHeight() height = 326 container Visibility = 8, isValid = false, mIsDozing = false, fraction = 1.0, source = 0, target = 0
11-06 11:58:00.041  1737  1737 I FaceWidgetPositionAlgorithm: getMediaContainerHeight() supplier = 0
11-06 11:58:00.043  1737  1737 V QsExpandAnimator: setQsExpansionPosition 0.0
11-06 11:58:00.046 16522 16542 E IMGMapper: set:488 set: Unset optional value from type SMPTE2086
11-06 11:58:00.046 16522 16542 E IMGMapper: set:488 set: Unset optional value from type CTA861_3
11-06 11:58:00.050  1737  1737 V QsExpandAnimator: updateAnimators
11-06 11:58:00.050  1737  1737 V QsExpandAnimator: clearAnimationState 
11-06 11:58:00.051  1737  1737 V QsExpandAnimator: updateViews
11-06 11:58:00.054  1737  1737 V QsExpandAnimator: updateTileAnimator
11-06 11:58:00.055  1737  1737 V QsExpandAnimator: updateHeaderAnimator
11-06 11:58:00.056  1737  1737 V QsExpandAnimator: updateBarAnimator
11-06 11:58:00.056  1737  1737 V QsExpandAnimator: setQsExpansionPosition 0.0
11-06 11:58:00.056  1737  1737 V QsExpandAnimator: onAnimationAtStart
11-06 11:58:00.061 16522 16542 E IMGMapper: set:488 set: Unset optional value from type SMPTE2086
11-06 11:58:00.061 16522 16542 E IMGMapper: set:488 set: Unset optional value from type CTA861_3
11-06 11:58:00.063  1737  1796 E IMGMapper: set:488 set: Unset optional value from type SMPTE2086
11-06 11:58:00.063  1737  1796 E IMGMapper: set:488 set: Unset optional value from type CTA861_3
11-06 11:58:00.066  1039  1039 I BufferQueueProducer: [StatusBar$_1737#534029](this:0xb400007a1f0ca838,id:-1,api:0,p:-1,c:1039) queueBuffer: fps=0.02 dur=59985.60 max=59985.60 min=59985.60
11-06 11:58:00.086 16522 16542 E IMGMapper: set:488 set: Unset optional value from type SMPTE2086
11-06 11:58:00.086 16522 16542 E IMGMapper: set:488 set: Unset optional value from type CTA861_3
11-06 11:58:00.095 16522 16542 E IMGMapper: set:488 set: Unset optional value from type SMPTE2086
11-06 11:58:00.095 16522 16542 E IMGMapper: set:488 set: Unset optional value from type CTA861_3
11-06 11:58:00.111 16522 16542 E IMGMapper: set:488 set: Unset optional value from type SMPTE2086
11-06 11:58:00.111 16522 16542 E IMGMapper: set:488 set: Unset optional value from type CTA861_3
11-06 11:58:00.127 16522 16542 E IMGMapper: set:488 set: Unset optional value from type SMPTE2086
11-06 11:58:00.127 16522 16542 E IMGMapper: set:488 set: Unset optional value from type CTA861_3
11-06 11:58:00.138  1693  1693 I WifiHAL : Get link layer stats
11-06 11:58:00.138  1693  1693 I WifiHAL : GetLinkStatsCommand::create
11-06 11:58:00.138  1693  1693 D android.hardware.wifi@1.0-service-lazy: WifiRequest::create vendor command to iface 38, vendor_id=0x1a11, subcmd=0x1200, res=0
11-06 11:58:00.139  1693  1693 I android.hardware.wifi@1.0-service-lazy: WifiCommand::requestResponse err=-95
11-06 11:58:00.139  1693  1693 I WifiHAL : wifi_get_link_stats: result=-3
11-06 11:58:00.139  1187  1566 E WifiVendorHal: getWifiLinkLayerStats_1_5_Internal(l.1179) failed {.code = ERROR_NOT_SUPPORTED, .description = }
11-06 11:58:00.143  1187 22074 D SemWifiUsabilityStatsMonitor: onWifiUsabilityStats - seqNum 110626, isSameBssidAndFreq true
11-06 11:58:00.143  1187  1645 I SemWifiLinkQualityMonitor: Link Qos query: inf. ms / 0 Mbps
11-06 11:58:00.147 16522 16542 E IMGMapper: set:488 set: Unset optional value from type SMPTE2086
11-06 11:58:00.147 16522 16542 E IMGMapper: set:488 set: Unset optional value from type CTA861_3
