--------- beginning of main
11-06 11:57:49.241  1187  4550 D InputDispatcher: Inject motion (16618/2000): action=0x0, time=3427884550000000, f=0x0, d=0 dsdx=1.000000 dtdx=0.000000
11-06 11:57:49.243  1187  1534 I InputDispatcher: Delivering touch to (1737): action: 0x4, f=0x0, d=0, 'd92b8ad', t=1 
11-06 11:57:49.243  1187  1534 I InputDispatcher: Delivering touch to (16522): action: 0x0, f=0x0, d=0, '8c46ea2', t=1 
11-06 11:57:49.243 16522 16522 I ViewRootImpl@eaf2444[MainActivity]: ViewPostIme pointer 0
--------- beginning of system
11-06 11:57:49.243  1187  1534 D PowerManagerService: [api] userActivityFromNative :  (event: 2 flags: 0 displayId: 0) eventTime = 3427884550
11-06 11:57:49.244  1187  1534 D PowerManagerService: UserActivityStateListenerState: 1
11-06 11:57:49.245  1187  1303 I GestureDetector: obtain mCurrentDownEvent. id: -407874036 caller: com.android.server.wm.SystemGesturesPointerEventListener.onPointerEvent:203 com.android.server.wm.PointerEventDispatcher.onInputEvent:53 android.view.InputEventReceiver.dispatchInputEvent:285 
11-06 11:57:49.245  1187  1303 I GestureDetector: obtain mCurrentDownEvent. id: -407874036 caller: com.android.server.wm.SystemPerformancePointerEventListener.onPointerEvent:89 com.android.server.wm.PointerEventDispatcher.onInputEvent:53 android.view.InputEventReceiver.dispatchInputEvent:285 
11-06 11:57:49.257  1187  1303 I GestureDetector: obtain mCurrentMotionEventRaw. action: 2 id: -415622598
11-06 11:57:49.257  1187  1303 I GestureDetector: obtain mCurrentMotionEventRaw. action: 2 id: -415622598
11-06 11:57:49.302 16522 16542 E IMGMapper: set:488 set: Unset optional value from type SMPTE2086
11-06 11:57:49.303 16522 16542 E IMGMapper: set:488 set: Unset optional value from type CTA861_3
11-06 11:57:49.312  1737  1942 D MobileStatusTracker(1/1): onSignalStrengthsChanged level=4, vendorLevel=4
11-06 11:57:49.313  1737  1942 D MobileSignalController(1/1): notifyListener: enabled=true, connected=true, dataConnected=false, networkType=UMTS (3G), emergencyOnly=true, roaming=false, isDefault=false, dataActivity=, level=4, ca=false, mmWave=false, disabledDataIcon=false, simCard=ETC
11-06 11:57:49.314  1737  1942 D NetworkController: SignalStrength from intent slotId=1
11-06 11:57:49.316  1039  1039 I BufferQueueProducer: [com.cinemamovel/com.cinemamovel.MainActivity$_16522#690601](this:0xb400007a1f842838,id:-1,api:0,p:-1,c:1039) queueBuffer: fps=0.98 dur=6127.82 max=6044.25 min=16.17
11-06 11:57:49.319   991   991 I hwcomposer: [HWCDisplay] [Display_0 (type:1)] fps:0.979089,dur:6128.15,max:6044.96,min:15.68  
11-06 11:57:49.325 16522 16542 E IMGMapper: set:488 set: Unset optional value from type SMPTE2086
11-06 11:57:49.325 16522 16542 E IMGMapper: set:488 set: Unset optional value from type CTA861_3
11-06 11:57:49.345 16522 16542 E IMGMapper: set:488 set: Unset optional value from type SMPTE2086
11-06 11:57:49.345 16522 16542 E IMGMapper: set:488 set: Unset optional value from type CTA861_3
11-06 11:57:49.356 16522 16542 E IMGMapper: set:488 set: Unset optional value from type SMPTE2086
11-06 11:57:49.356 16522 16542 E IMGMapper: set:488 set: Unset optional value from type CTA861_3
11-06 11:57:49.373 16522 16542 E IMGMapper: set:488 set: Unset optional value from type SMPTE2086
11-06 11:57:49.374 16522 16542 E IMGMapper: set:488 set: Unset optional value from type CTA861_3
11-06 11:57:49.393 16522 16542 E IMGMapper: set:488 set: Unset optional value from type SMPTE2086
11-06 11:57:49.393 16522 16542 E IMGMapper: set:488 set: Unset optional value from type CTA861_3
11-06 11:57:49.407 16522 16542 E IMGMapper: set:488 set: Unset optional value from type SMPTE2086
11-06 11:57:49.407 16522 16542 E IMGMapper: set:488 set: Unset optional value from type CTA861_3
11-06 11:57:49.425 16522 16542 E IMGMapper: set:488 set: Unset optional value from type SMPTE2086
11-06 11:57:49.425 16522 16542 E IMGMapper: set:488 set: Unset optional value from type CTA861_3
11-06 11:57:49.443 16522 16542 E IMGMapper: set:488 set: Unset optional value from type SMPTE2086
11-06 11:57:49.443 16522 16542 E IMGMapper: set:488 set: Unset optional value from type CTA861_3
11-06 11:57:49.458 16522 16542 E IMGMapper: set:488 set: Unset optional value from type SMPTE2086
11-06 11:57:49.459 16522 16542 E IMGMapper: set:488 set: Unset optional value from type CTA861_3
11-06 11:57:49.475 16522 16542 E IMGMapper: set:488 set: Unset optional value from type SMPTE2086
11-06 11:57:49.475 16522 16542 E IMGMapper: set:488 set: Unset optional value from type CTA861_3
11-06 11:57:49.492 16522 16542 E IMGMapper: set:488 set: Unset optional value from type SMPTE2086
11-06 11:57:49.492 16522 16542 E IMGMapper: set:488 set: Unset optional value from type CTA861_3
11-06 11:57:49.511 16522 16542 E IMGMapper: set:488 set: Unset optional value from type SMPTE2086
11-06 11:57:49.511 16522 16542 E IMGMapper: set:488 set: Unset optional value from type CTA861_3
11-06 11:57:49.516 16522 16522 W unknown:WrappingUtils: Don't know how to round that drawable: com.facebook.react.views.image.ReactImageDownloadListener$EmptyDrawable@3aaabed
11-06 11:57:49.529 16522 16522 W unknown:WrappingUtils: Don't know how to round that drawable: com.facebook.react.views.image.ReactImageDownloadListener$EmptyDrawable@7aac270
11-06 11:57:49.559  1187  4550 D InputDispatcher: Inject motion (16618/2000): action=0x1, time=3427884868000000, f=0x0, d=0 dsdx=1.000000 dtdx=0.000000
11-06 11:57:49.559  1187  1534 I InputDispatcher: Delivering touch to (16522): action: 0x1, f=0x0, d=0, '8c46ea2', t=1 
11-06 11:57:49.560 16522 16542 E IMGMapper: set:488 set: Unset optional value from type SMPTE2086
11-06 11:57:49.560 16522 16542 E IMGMapper: set:488 set: Unset optional value from type CTA861_3
11-06 11:57:49.561  1187  1187 I SemDvfsHyPerManager: acquire hyper - SMOOTH_SCROLL/1187@17, type = -999
11-06 11:57:49.563   896   910 I HYPER-HAL: [RequestManager.cpp]acquire(): Acquired ID : 725427  [1187 / 17]    HINT : SMOOTH_SCROLL    list : 
11-06 11:57:49.563   896   910 I mtkpower_client: perf_lock_acq, hdl:0, dur:0, num:2, tid:910
11-06 11:57:49.564   896   910 I mtkpower_client: ret_hdl:1053280
11-06 11:57:49.565   896   910 I mtkpower_client: perf_lock_acq, hdl:0, dur:0, num:2, tid:910
11-06 11:57:49.565 16522 16522 I ViewRootImpl@eaf2444[MainActivity]: ViewPostIme pointer 1
11-06 11:57:49.565  1014  1065 I libPowerHal: [perfLockAcq] idx:0 hdl:1053280 hint:-1 pid:896 duration:0 lock_user:vendor.samsung. => ret_hdl:1053280
11-06 11:57:49.566  1014  1065 I libPowerHal: vendor.samsung.: cpu_ctrl set cpu freq: -1 -1 1138000 -1
11-06 11:57:49.567  1014  1065 I libPowerHal: [perfLockAcq] idx:1 hdl:1053281 hint:-1 pid:896 duration:0 lock_user:vendor.samsung. => ret_hdl:1053281
11-06 11:57:49.567  1014  1065 I libPowerHal: vendor.samsung.: cpu_ctrl set cpu freq: 1218000 -1 1138000 -1
11-06 11:57:49.568   896   910 I mtkpower_client: ret_hdl:1053281
11-06 11:57:49.568   896   910 I mtkpower_client: perf_lock_rel, hdl:1053280, tid:910
11-06 11:57:49.569  1014  1065 I libPowerHal: [perfLockRel] hdl:1053280, idx:0
11-06 11:57:49.569  1014  1065 I libPowerHal: vendor.samsung.: cpu_ctrl set cpu freq: 1218000 -1 -1 -1
11-06 11:57:49.571   896   910 I mtkpower_client: perf_lock_rel, hdl:1053281, tid:910
11-06 11:57:49.571 16522 16542 E IMGMapper: set:488 set: Unset optional value from type SMPTE2086
11-06 11:57:49.571  1187  1187 D SGM:GameManager: identifyGamePackage. com.cinemamovel, mCurrentUserId: 0, callerUserId: 0, callingMethodInfo: com.android.server.ssrm.fgapps.GameAppUtils.isGame(GameAppUtils.java:84)
11-06 11:57:49.571 16522 16542 E IMGMapper: set:488 set: Unset optional value from type CTA861_3
11-06 11:57:49.571  1187  1187 D SGM:PkgDataHelper: getGamePkgData(). com.cinemamovel
11-06 11:57:49.572  1187  1187 I SemDvfsHyPerManager: acquire hyper - GESTURE_DETECTED/1187@18, type = -999
11-06 11:57:49.573   896   910 I HYPER-HAL: [RequestManager.cpp]releaseLocked(): Released ID : 725427
11-06 11:57:49.573   896   910 I HYPER-HAL: [RequestManager.cpp]acquire(): Acquired ID : 726633  [1187 / 18]    HINT : GESTURE_DETECTED    list : [TIMEOUT / 1702] 
11-06 11:57:49.573  1014  1065 I libPowerHal: [perfLockRel] hdl:1053281, idx:1
11-06 11:57:49.574   896   910 I mtkpower_client: perf_lock_acq, hdl:0, dur:0, num:2, tid:910
11-06 11:57:49.574  1014  1065 I libPowerHal: vendor.samsung.: cpu_ctrl set cpu freq: -1 -1 -1 -1
11-06 11:57:49.574  1187  1187 D SGM:GameManager: identifyGamePackage. com.cinemamovel, mCurrentUserId: 0, callerUserId: 0, callingMethodInfo: com.android.server.ssrm.fgapps.GameAppUtils.isGame(GameAppUtils.java:84)
11-06 11:57:49.574  1187  1187 D SGM:PkgDataHelper: getGamePkgData(). com.cinemamovel
11-06 11:57:49.574  1187  1187 I SemDvfsHyPerManager: acquire hyper - GESTURE_DETECTED/1187@18, type = -999
11-06 11:57:49.575   896   910 I mtkpower_client: ret_hdl:1053282
11-06 11:57:49.575   896   910 I mtkpower_client: perf_lock_acq, hdl:0, dur:0, num:2, tid:910
11-06 11:57:49.575  1014  1065 I libPowerHal: [perfLockAcq] idx:0 hdl:1053282 hint:-1 pid:896 duration:0 lock_user:vendor.samsung. => ret_hdl:1053282
11-06 11:57:49.575  1014  1065 I libPowerHal: vendor.samsung.: cpu_ctrl set cpu freq: -1 -1 1138000 -1
11-06 11:57:49.576   896   910 I mtkpower_client: ret_hdl:1053283
11-06 11:57:49.576  1014  1065 I libPowerHal: [perfLockAcq] idx:1 hdl:1053283 hint:-1 pid:896 duration:0 lock_user:vendor.samsung. => ret_hdl:1053283
11-06 11:57:49.576   896   910 I HYPER-HAL: [RequestManager.cpp]acquire(): Acquired ID : 726633  [1187 / 18]    HINT : GESTURE_DETECTED    list : [TIMEOUT / 1702] 
11-06 11:57:49.576  1014  1065 I libPowerHal: vendor.samsung.: cpu_ctrl set cpu freq: 1218000 -1 1138000 -1
11-06 11:57:49.602 16522 16542 E IMGMapper: set:488 set: Unset optional value from type SMPTE2086
11-06 11:57:49.602 16522 16542 E IMGMapper: set:488 set: Unset optional value from type CTA861_3
11-06 11:57:49.722  1711  2271 D PhoneInterfaceManager: setDataEnabledForReason() Reason=1 Pid=1187 App=system
11-06 11:57:49.722  1187  1187 I SemDvfsHyPerManager: acquire hyper - SMOOTH_SCROLL/1187@17, type = -999
11-06 11:57:49.723   896   910 I HYPER-HAL: [RequestManager.cpp]acquire(): Acquired ID : 725427  [1187 / 17]    HINT : SMOOTH_SCROLL    list : 
11-06 11:57:49.723   896   910 I mtkpower_client: perf_lock_rel, hdl:1053282, tid:910
11-06 11:57:49.724   896   910 I mtkpower_client: perf_lock_acq, hdl:0, dur:0, num:2, tid:910
11-06 11:57:49.725  1711  2271 D PhoneInterfaceManager: setDataEnabledForReason() Reason=1 Pid=1187 App=system
11-06 11:57:49.726  1014  1065 I libPowerHal: [perfLockRel] hdl:1053282, idx:0
11-06 11:57:49.726  1014  1065 I libPowerHal: vendor.samsung.: cpu_ctrl set cpu freq: 1218000 -1 -1 -1
11-06 11:57:49.727   896   910 I mtkpower_client: ret_hdl:1053284
11-06 11:57:49.727   896   910 I mtkpower_client: perf_lock_rel, hdl:1053283, tid:910
11-06 11:57:49.727  1014  1065 I libPowerHal: [perfLockAcq] idx:2 hdl:1053284 hint:-1 pid:896 duration:0 lock_user:vendor.samsung. => ret_hdl:1053284
11-06 11:57:49.728  1014  1065 I libPowerHal: vendor.samsung.: cpu_ctrl set cpu freq: 1218000 -1 1138000 -1
11-06 11:57:49.729   896   910 I mtkpower_client: perf_lock_acq, hdl:0, dur:0, num:2, tid:910
11-06 11:57:49.729  1014  1065 I libPowerHal: [perfLockRel] hdl:1053283, idx:1
11-06 11:57:49.729  1014  1065 I libPowerHal: vendor.samsung.: cpu_ctrl set cpu freq: -1 -1 1138000 -1
11-06 11:57:49.730   896   910 I mtkpower_client: ret_hdl:1053285
11-06 11:57:49.730  1014  1065 I libPowerHal: [perfLockAcq] idx:0 hdl:1053285 hint:-1 pid:896 duration:0 lock_user:vendor.samsung. => ret_hdl:1053285
11-06 11:57:49.731  1014  1065 I libPowerHal: vendor.samsung.: cpu_ctrl set cpu freq: 1218000 -1 1138000 -1
11-06 11:57:49.737 16522 16550 I ReactNativeJS: [auto-dump]
11-06 11:57:49.737 16522 16550 I ReactNativeJS: ---IMG_METRICS_START---
11-06 11:57:49.738 16522 16550 I ReactNativeJS: {
11-06 11:57:49.738 16522 16550 I ReactNativeJS:   "dashboardRenders": 1,
11-06 11:57:49.738 16522 16550 I ReactNativeJS:   "cardRenders": {
11-06 11:57:49.738 16522 16550 I ReactNativeJS:     "7451": 1,
11-06 11:57:49.738 16522 16550 I ReactNativeJS:     "13494": 3,
11-06 11:57:49.738 16522 16550 I ReactNativeJS:     "506763": 3,
11-06 11:57:49.738 16522 16550 I ReactNativeJS:     "575265": 3,
11-06 11:57:49.738 16522 16550 I ReactNativeJS:     "617126": 1,
11-06 11:57:49.738 16522 16550 I ReactNativeJS:     "691363": 2,
11-06 11:57:49.738 16522 16550 I ReactNativeJS:     "755898": 3,
11-06 11:57:49.738 16522 16550 I ReactNativeJS:     "803796": 3,
11-06 11:57:49.738 16522 16550 I ReactNativeJS:     "911430": 3,
11-06 11:57:49.738 16522 16550 I ReactNativeJS:     "914215": 3,
11-06 11:57:49.738 16522 16550 I ReactNativeJS:     "987400": 3,
11-06 11:57:49.738 16522 16550 I ReactNativeJS:     "1007734": 3,
11-06 11:57:49.738 16522 16550 I ReactNativeJS:     "1028248": 3,
11-06 11:57:49.738 16522 16550 I ReactNativeJS:     "1035259": 3,
11-06 11:57:49.738 16522 16550 I ReactNativeJS:     "1038392": 3,
11-06 11:57:49.738 16522 16550 I ReactNativeJS:     "1051486": 3,
11-06 11:57:49.738 16522 16550 I ReactNativeJS:     "1061474": 3,
11-06 11:57:49.738 16522 16550 I ReactNativeJS:     "1078605": 3,
11-06 11:57:49.738 16522 16550 I ReactNativeJS:     "1087192": 3,
11-06 11:57:49.738 16522 16550 I ReactNativeJS:     "1234821": 3,
11-06 11:57:49.738 16522 16550 I ReactNativeJS:     "1242011": 3,
11-06 11:57:49.738 16522 16550 I ReactNativeJS:     "1265344": 2,
11-06 11:57:49.738 16522 16550 I ReactNativeJS:     "1311031": 3,
11-06 11:57:49.738 16522 16550 I ReactNativeJS:     "1369679": 3
11-06 11:57:49.738 16522 16550 I ReactNativeJS:   },
11-06 11:57:49.738 16522 16550 I ReactNativeJS:   "imageLoads": [
11-06 11:57:49.738 16522 16550 I ReactNativeJS:     {
11-06 11:57:49.738 16522 16550 I ReactNativeJS:       "id": 1311031,
11-06 11:57:49.738 16522 16550 I ReactNativeJS:       "durationMs": 526
11-06 11:57:49.738 16522 16550 I ReactNativeJS:     },
11-06 11:57:49.738 16522 16550 I ReactNativeJS:     {
11-06 11:57:49.738 16522 16550 I ReactNativeJS:       "id": 755898,
11-06 11:57:49.738 16522 16550 I ReactNativeJS:       "durationMs": 709
11-06 11:57:49.738 16522 16550 I ReactNativeJS:     },
11-06 11:57:49.738 16522 16550 I ReactNativeJS:     {
11-06 11:57:49.738 16522 16550 I ReactNativeJS:       "id": 1038392,
11-06 11:57:49.738 16522 16550 I ReactNativeJS:       "durationMs": 725
11-06 11:57:49.738 16522 16550 I ReactNativeJS:     },
11-06 11:57:49.738 16522 16550 I ReactNativeJS:     {
11-06 11:57:49.738 16522 16550 I ReactNativeJS:       "id": 987400,
11-06 11:57:49.738 16522 16550 I ReactNativeJS:       "durationMs": 845
11-06 11:57:49.738 16522 16550 I ReactNativeJS:     },
11-06 11:57:49.738 16522 16550 I ReactNativeJS:     {
11-06 11:57:49.738 16522 16550 I ReactNativeJS:       "id": 1007734,
11-06 11:57:49.738 16522 16550 I ReactNativeJS:       "durationMs": 31
11-06 11:57:49.738 16522 16550 I ReactNativeJS:     },
11-06 11:57:49.738 16522 16550 I ReactNativeJS:     {
11-06 11:57:49.738 16522 16550 I ReactNativeJS:       "id": 1078605,
11-06 11:57:49.738 16522 16550 I ReactNativeJS:       "durationMs": 32
11-06 11:57:49.738 16522 16550 I ReactNativeJS:     },
11-06 11:57:49.738 16522 16550 I ReactNativeJS:     {
11-06 11:57:49.738 16522 16550 I ReactNativeJS:       "id": 1028248,
11-06 11:57:49.738 16522 16550 I ReactNativeJS:       "durationMs": 230
11-06 11:57:49.738 16522 16550 I ReactNativeJS:     },
11-06 11:57:49.738 16522 16550 I ReactNativeJS:     {
11-06 11:57:49.738 16522 16550 I ReactNativeJS:       "id": 914215,
11-06 11:57:49.738 16522 16550 I ReactNativeJS:       "durationMs": 231
11-06 11:57:49.738 16522 16550 I ReactNativeJS:     }
11-06 11:57:49.738 16522 16550 I ReactNativeJS:   ],
11-06 11:57:49.738 16522 16550 I ReactNativeJS:   "navigationEvents": [
11-06 11:57:49.738 16522 16550 I ReactNativeJS:     {
11-06 11:57:49.738 16522 16550 I ReactNativeJS:       "action": "focus_dashboard",
11-06 11:57:49.738 16522 16550 I ReactNativeJS:       "timestamp": 1762441061502
11-06 11:57:49.738 16522 16550 I ReactNativeJS:     }
11-06 11:57:49.738 16522 16550 I ReactNativeJS:   ]
11-06 11:57:49.738 16522 16550 I ReactNativeJS: }
11-06 11:57:49.738 16522 16550 I ReactNativeJS: ---IMG_METRICS_END---
11-06 11:57:49.738 16522 16550 I ReactNativeJS: ---IMG_METRICS_START---
11-06 11:57:49.738 16522 16550 I ReactNativeJS: {
11-06 11:57:49.738 16522 16550 I ReactNativeJS:   "dashboardRenders": 1,
11-06 11:57:49.738 16522 16550 I ReactNativeJS:   "cardRenders": {
11-06 11:57:49.738 16522 16550 I ReactNativeJS:     "7451": 1,
11-06 11:57:49.738 16522 16550 I ReactNativeJS:     "13494": 3,
11-06 11:57:49.738 16522 16550 I ReactNativeJS:     "506763": 3,
11-06 11:57:49.738 16522 16550 I ReactNativeJS:     "575265": 3,
11-06 11:57:49.738 16522 16550 I ReactNativeJS:     "617126": 1,
11-06 11:57:49.738 16522 16550 I ReactNativeJS:     "691363": 2,
11-06 11:57:49.738 16522 16550 I ReactNativeJS:     "755898": 3,
11-06 11:57:49.738 16522 16550 I ReactNativeJS:     "803796": 3,
11-06 11:57:49.738 16522 16550 I ReactNativeJS:     "911430": 3,
11-06 11:57:49.738 16522 16550 I ReactNativeJS:     "914215": 3,
11-06 11:57:49.738 16522 16550 I ReactNativeJS:     "987400": 3,
11-06 11:57:49.738 16522 16550 I ReactNativeJS:     "1007734": 3,
11-06 11:57:49.738 16522 16550 I ReactNativeJS:     "1028248": 3,
11-06 11:57:49.738 16522 16550 I ReactNativeJS:     "1035259": 3,
11-06 11:57:49.738 16522 16550 I ReactNativeJS:     "1038392": 3,
11-06 11:57:49.738 16522 16550 I ReactNativeJS:     "1051486": 3,
11-06 11:57:49.738 16522 16550 I ReactNativeJS:     "1061474": 3,
11-06 11:57:49.738 16522 16550 I ReactNativeJS:     "1078605": 3,
11-06 11:57:49.738 16522 16550 I ReactNativeJS:     "1087192": 3,
11-06 11:57:49.738 16522 16550 I ReactNativeJS:     "1234821": 3,
11-06 11:57:49.738 16522 16550 I ReactNativeJS:     "1242011": 3,
11-06 11:57:49.738 16522 16550 I ReactNativeJS:     "1265344": 2,
11-06 11:57:49.738 16522 16550 I ReactNativeJS:     "1311031": 3,
11-06 11:57:49.738 16522 16550 I ReactNativeJS:     "1369679": 3
11-06 11:57:49.738 16522 16550 I ReactNativeJS:   },
11-06 11:57:49.738 16522 16550 I ReactNativeJS:   "imageLoads": [
11-06 11:57:49.738 16522 16550 I ReactNativeJS:     {
11-06 11:57:49.738 16522 16550 I ReactNativeJS:       "id": 1311031,
11-06 11:57:49.738 16522 16550 I ReactNativeJS:       "durationMs": 526
11-06 11:57:49.738 16522 16550 I ReactNativeJS:     },
11-06 11:57:49.738 16522 16550 I ReactNativeJS:     {
11-06 11:57:49.738 16522 16550 I ReactNativeJS:       "id": 755898,
11-06 11:57:49.738 16522 16550 I ReactNativeJS:       "durationMs": 709
11-06 11:57:49.738 16522 16550 I ReactNativeJS:     },
11-06 11:57:49.738 16522 16550 I ReactNativeJS:     {
11-06 11:57:49.738 16522 16550 I ReactNativeJS:       "id": 1038392,
11-06 11:57:49.738 16522 16550 I ReactNativeJS:       "durationMs": 725
11-06 11:57:49.738 16522 16550 I ReactNativeJS:     },
11-06 11:57:49.738 16522 16550 I ReactNativeJS:     {
11-06 11:57:49.738 16522 16550 I ReactNativeJS:       "id": 987400,
11-06 11:57:49.738 16522 16550 I ReactNativeJS:       "durationMs": 845
11-06 11:57:49.738 16522 16550 I ReactNativeJS:     },
11-06 11:57:49.738 16522 16550 I ReactNativeJS:     {
11-06 11:57:49.738 16522 16550 I ReactNativeJS:       "id": 1007734,
11-06 11:57:49.738 16522 16550 I ReactNativeJS:       "durationMs": 31
11-06 11:57:49.738 16522 16550 I ReactNativeJS:     },
11-06 11:57:49.738 16522 16550 I ReactNativeJS:     {
11-06 11:57:49.738 16522 16550 I ReactNativeJS:       "id": 1078605,
11-06 11:57:49.738 16522 16550 I ReactNativeJS:       "durationMs": 32
11-06 11:57:49.738 16522 16550 I ReactNativeJS:     },
11-06 11:57:49.738 16522 16550 I ReactNativeJS:     {
11-06 11:57:49.738 16522 16550 I ReactNativeJS:       "id": 1028248,
11-06 11:57:49.738 16522 16550 I ReactNativeJS:       "durationMs": 230
11-06 11:57:49.738 16522 16550 I ReactNativeJS:     },
11-06 11:57:49.738 16522 16550 I ReactNativeJS:     {
11-06 11:57:49.738 16522 16550 I ReactNativeJS:       "id": 914215,
11-06 11:57:49.738 16522 16550 I ReactNativeJS:       "durationMs": 231
11-06 11:57:49.738 16522 16550 I ReactNativeJS:     }
11-06 11:57:49.738 16522 16550 I ReactNativeJS:   ],
11-06 11:57:49.738 16522 16550 I ReactNativeJS:   "navigationEvents": [
11-06 11:57:49.738 16522 16550 I ReactNativeJS:     {
11-06 11:57:49.738 16522 16550 I ReactNativeJS:       "action": "focus_dashboard",
11-06 11:57:49.738 16522 16550 I ReactNativeJS:       "timestamp": 1762441061502
11-06 11:57:49.738 16522 16550 I ReactNativeJS:     }
11-06 11:57:49.738 16522 16550 I ReactNativeJS:   ]
11-06 11:57:49.738 16522 16550 I ReactNativeJS: }
11-06 11:57:49.738 16522 16550 I ReactNativeJS: ---IMG_METRICS_END---
11-06 11:57:49.740 16522 16522 W unknown:WrappingUtils: Don't know how to round that drawable: com.facebook.react.views.image.ReactImageDownloadListener$EmptyDrawable@403ebf6
11-06 11:57:49.743 16522 16542 E IMGMapper: set:488 set: Unset optional value from type SMPTE2086
11-06 11:57:49.743 16522 16542 E IMGMapper: set:488 set: Unset optional value from type CTA861_3
11-06 11:57:49.757 16522 16522 W unknown:WrappingUtils: Don't know how to round that drawable: com.facebook.react.views.image.ReactImageDownloadListener$EmptyDrawable@dd49bf7
11-06 11:57:49.804 16522 16542 E IMGMapper: set:488 set: Unset optional value from type SMPTE2086
11-06 11:57:49.804 16522 16542 E IMGMapper: set:488 set: Unset optional value from type CTA861_3
11-06 11:57:49.818 16522 16542 E IMGMapper: set:488 set: Unset optional value from type SMPTE2086
11-06 11:57:49.819 16522 16542 E IMGMapper: set:488 set: Unset optional value from type CTA861_3
11-06 11:57:49.828 16522 16542 E IMGMapper: set:488 set: Unset optional value from type SMPTE2086
11-06 11:57:49.828 16522 16542 E IMGMapper: set:488 set: Unset optional value from type CTA861_3
11-06 11:57:49.844 16522 16542 E IMGMapper: set:488 set: Unset optional value from type SMPTE2086
11-06 11:57:49.844 16522 16542 E IMGMapper: set:488 set: Unset optional value from type CTA861_3
11-06 11:57:49.866 16522 16542 E IMGMapper: set:488 set: Unset optional value from type SMPTE2086
11-06 11:57:49.866 16522 16542 E IMGMapper: set:488 set: Unset optional value from type CTA861_3
11-06 11:57:49.885 16522 16542 E IMGMapper: set:488 set: Unset optional value from type SMPTE2086
11-06 11:57:49.885 16522 16542 E IMGMapper: set:488 set: Unset optional value from type CTA861_3
11-06 11:57:49.895 16522 16542 E IMGMapper: set:488 set: Unset optional value from type SMPTE2086
11-06 11:57:49.895 16522 16542 E IMGMapper: set:488 set: Unset optional value from type CTA861_3
11-06 11:57:49.909 16522 16542 E IMGMapper: set:488 set: Unset optional value from type SMPTE2086
11-06 11:57:49.909 16522 16542 E IMGMapper: set:488 set: Unset optional value from type CTA861_3
11-06 11:57:49.933 16522 16542 E IMGMapper: set:488 set: Unset optional value from type SMPTE2086
11-06 11:57:49.934 16522 16542 E IMGMapper: set:488 set: Unset optional value from type CTA861_3
11-06 11:57:49.943 16522 16542 E IMGMapper: set:488 set: Unset optional value from type SMPTE2086
11-06 11:57:49.943 16522 16542 E IMGMapper: set:488 set: Unset optional value from type CTA861_3
11-06 11:57:49.961 16522 16542 E IMGMapper: set:488 set: Unset optional value from type SMPTE2086
11-06 11:57:49.961 16522 16542 E IMGMapper: set:488 set: Unset optional value from type CTA861_3
11-06 11:57:49.976 16522 16542 E IMGMapper: set:488 set: Unset optional value from type SMPTE2086
11-06 11:57:49.976 16522 16542 E IMGMapper: set:488 set: Unset optional value from type CTA861_3
11-06 11:57:49.992 16522 16542 E IMGMapper: set:488 set: Unset optional value from type SMPTE2086
11-06 11:57:49.992 16522 16542 E IMGMapper: set:488 set: Unset optional value from type CTA861_3
11-06 11:57:50.003 16522 16522 W unknown:WrappingUtils: Don't know how to round that drawable: com.facebook.react.views.image.ReactImageDownloadListener$EmptyDrawable@1365ac4
11-06 11:57:50.019 16522 16542 E IMGMapper: set:488 set: Unset optional value from type SMPTE2086
11-06 11:57:50.019 16522 16542 E IMGMapper: set:488 set: Unset optional value from type CTA861_3
11-06 11:57:50.025 16522 16522 W unknown:WrappingUtils: Don't know how to round that drawable: com.facebook.react.views.image.ReactImageDownloadListener$EmptyDrawable@b648dad
11-06 11:57:50.072 16522 16542 E IMGMapper: set:488 set: Unset optional value from type SMPTE2086
11-06 11:57:50.072 16522 16542 E IMGMapper: set:488 set: Unset optional value from type CTA861_3
11-06 11:57:50.080 16522 16542 E IMGMapper: set:488 set: Unset optional value from type SMPTE2086
11-06 11:57:50.081 16522 16542 E IMGMapper: set:488 set: Unset optional value from type CTA861_3
11-06 11:57:50.095 16522 16542 E IMGMapper: set:488 set: Unset optional value from type SMPTE2086
11-06 11:57:50.095 16522 16542 E IMGMapper: set:488 set: Unset optional value from type CTA861_3
11-06 11:57:50.112 16522 16542 E IMGMapper: set:488 set: Unset optional value from type SMPTE2086
11-06 11:57:50.112 16522 16542 E IMGMapper: set:488 set: Unset optional value from type CTA861_3
11-06 11:57:50.120  1737  1942 D MobileStatusTracker(0/2): onSignalStrengthsChanged level=4, vendorLevel=3
11-06 11:57:50.122  1737  1942 D MobileSignalController(0/2): notifyListener: enabled=true, connected=true, dataConnected=true, networkType=LTE (4G), emergencyOnly=false, roaming=false, isDefault=false, dataActivity=, level=3, ca=false, mmWave=false, disabledDataIcon=false, simCard=ETC
11-06 11:57:50.125  1737  1942 D NetworkController: SignalStrength from intent slotId=0
11-06 11:57:50.134 16522 16542 E IMGMapper: set:488 set: Unset optional value from type SMPTE2086
11-06 11:57:50.135 16522 16542 E IMGMapper: set:488 set: Unset optional value from type CTA861_3
11-06 11:57:50.146 16522 16542 E IMGMapper: set:488 set: Unset optional value from type SMPTE2086
11-06 11:57:50.147 16522 16542 E IMGMapper: set:488 set: Unset optional value from type CTA861_3
11-06 11:57:50.160 16522 16542 E IMGMapper: set:488 set: Unset optional value from type SMPTE2086
11-06 11:57:50.160 16522 16542 E IMGMapper: set:488 set: Unset optional value from type CTA861_3
11-06 11:57:50.176 16522 16542 E IMGMapper: set:488 set: Unset optional value from type SMPTE2086
11-06 11:57:50.177 16522 16542 E IMGMapper: set:488 set: Unset optional value from type CTA861_3
11-06 11:57:50.192 16522 16542 E IMGMapper: set:488 set: Unset optional value from type SMPTE2086
11-06 11:57:50.192 16522 16542 E IMGMapper: set:488 set: Unset optional value from type CTA861_3
11-06 11:57:50.208 16522 16542 E IMGMapper: set:488 set: Unset optional value from type SMPTE2086
11-06 11:57:50.209 16522 16542 E IMGMapper: set:488 set: Unset optional value from type CTA861_3
11-06 11:57:50.225 16522 16542 E IMGMapper: set:488 set: Unset optional value from type SMPTE2086
11-06 11:57:50.225 16522 16542 E IMGMapper: set:488 set: Unset optional value from type CTA861_3
11-06 11:57:50.242 16522 16542 E IMGMapper: set:488 set: Unset optional value from type SMPTE2086
11-06 11:57:50.242 16522 16542 E IMGMapper: set:488 set: Unset optional value from type CTA861_3
11-06 11:57:50.259 16522 16542 E IMGMapper: set:488 set: Unset optional value from type SMPTE2086
11-06 11:57:50.259 16522 16542 E IMGMapper: set:488 set: Unset optional value from type CTA861_3
11-06 11:57:50.269 16522 16522 W unknown:WrappingUtils: Don't know how to round that drawable: com.facebook.react.views.image.ReactImageDownloadListener$EmptyDrawable@977de89
11-06 11:57:50.286 16522 16542 E IMGMapper: set:488 set: Unset optional value from type SMPTE2086
11-06 11:57:50.286 16522 16542 E IMGMapper: set:488 set: Unset optional value from type CTA861_3
11-06 11:57:50.292 16522 16522 W unknown:WrappingUtils: Don't know how to round that drawable: com.facebook.react.views.image.ReactImageDownloadListener$EmptyDrawable@4cdae8e
11-06 11:57:50.320  1200  1324 D ULogGuard: Monitoring: 16 threads, 0 requests, 0 time-bombs; 1 guards. ResetFlags = 0x7
11-06 11:57:50.327 16522 16542 E IMGMapper: set:488 set: Unset optional value from type SMPTE2086
11-06 11:57:50.327 16522 16542 E IMGMapper: set:488 set: Unset optional value from type CTA861_3
11-06 11:57:50.329  1039  1039 I BufferQueueProducer: [com.cinemamovel/com.cinemamovel.MainActivity$_16522#690601](this:0xb400007a1f842838,id:-1,api:0,p:-1,c:1039) queueBuffer: fps=44.43 dur=1012.81 max=133.61 min=16.12
11-06 11:57:50.331   991   991 I hwcomposer: [HWCDisplay] [Display_0 (type:1)] fps:44.450802,dur:1012.36,max:134.10,min:15.58  
11-06 11:57:50.342 16522 16542 E IMGMapper: set:488 set: Unset optional value from type SMPTE2086
11-06 11:57:50.342 16522 16542 E IMGMapper: set:488 set: Unset optional value from type CTA861_3
11-06 11:57:50.361 16522 16542 E IMGMapper: set:488 set: Unset optional value from type SMPTE2086
11-06 11:57:50.361 16522 16542 E IMGMapper: set:488 set: Unset optional value from type CTA861_3
11-06 11:57:50.378 16522 16542 E IMGMapper: set:488 set: Unset optional value from type SMPTE2086
11-06 11:57:50.378 16522 16542 E IMGMapper: set:488 set: Unset optional value from type CTA861_3
11-06 11:57:50.381 10158 10158 I wpa_supplicant: Heartbeat 159
11-06 11:57:50.394 16522 16542 E IMGMapper: set:488 set: Unset optional value from type SMPTE2086
11-06 11:57:50.394 16522 16542 E IMGMapper: set:488 set: Unset optional value from type CTA861_3
11-06 11:57:50.412 16522 16542 E IMGMapper: set:488 set: Unset optional value from type SMPTE2086
11-06 11:57:50.412 16522 16542 E IMGMapper: set:488 set: Unset optional value from type CTA861_3
11-06 11:57:50.427 16522 16542 E IMGMapper: set:488 set: Unset optional value from type SMPTE2086
11-06 11:57:50.427 16522 16542 E IMGMapper: set:488 set: Unset optional value from type CTA861_3
11-06 11:57:50.444 16522 16542 E IMGMapper: set:488 set: Unset optional value from type SMPTE2086
11-06 11:57:50.444 16522 16542 E IMGMapper: set:488 set: Unset optional value from type CTA861_3
11-06 11:57:50.460 16522 16542 E IMGMapper: set:488 set: Unset optional value from type SMPTE2086
11-06 11:57:50.460 16522 16542 E IMGMapper: set:488 set: Unset optional value from type CTA861_3
11-06 11:57:50.469   543   543 D io_stats: !@ 179,0 r 632663927 7637785858 w 114747089 1217183932 d 1261427 33798212 f 0 0 iot 326157728 0 th 0 0 0 pt 0 inp 0 0 3427885.778
11-06 11:57:50.478 16522 16542 E IMGMapper: set:488 set: Unset optional value from type SMPTE2086
11-06 11:57:50.478 16522 16542 E IMGMapper: set:488 set: Unset optional value from type CTA861_3
11-06 11:57:50.496 16522 16542 E IMGMapper: set:488 set: Unset optional value from type SMPTE2086
11-06 11:57:50.496 16522 16542 E IMGMapper: set:488 set: Unset optional value from type CTA861_3
11-06 11:57:50.511 16522 16542 E IMGMapper: set:488 set: Unset optional value from type SMPTE2086
11-06 11:57:50.511 16522 16542 E IMGMapper: set:488 set: Unset optional value from type CTA861_3
11-06 11:57:50.527 16522 16542 E IMGMapper: set:488 set: Unset optional value from type SMPTE2086
11-06 11:57:50.527 16522 16542 E IMGMapper: set:488 set: Unset optional value from type CTA861_3
11-06 11:57:50.551 16522 16542 E IMGMapper: set:488 set: Unset optional value from type SMPTE2086
11-06 11:57:50.551 16522 16542 E IMGMapper: set:488 set: Unset optional value from type CTA861_3
11-06 11:57:50.562 16522 16542 E IMGMapper: set:488 set: Unset optional value from type SMPTE2086
11-06 11:57:50.562 16522 16542 E IMGMapper: set:488 set: Unset optional value from type CTA861_3
11-06 11:57:50.579 16522 16542 E IMGMapper: set:488 set: Unset optional value from type SMPTE2086
11-06 11:57:50.579 16522 16542 E IMGMapper: set:488 set: Unset optional value from type CTA861_3
11-06 11:57:50.595 16522 16542 E IMGMapper: set:488 set: Unset optional value from type SMPTE2086
11-06 11:57:50.595 16522 16542 E IMGMapper: set:488 set: Unset optional value from type CTA861_3
11-06 11:57:50.611 16522 16542 E IMGMapper: set:488 set: Unset optional value from type SMPTE2086
11-06 11:57:50.611 16522 16542 E IMGMapper: set:488 set: Unset optional value from type CTA861_3
11-06 11:57:50.628 16522 16542 E IMGMapper: set:488 set: Unset optional value from type SMPTE2086
11-06 11:57:50.628 16522 16542 E IMGMapper: set:488 set: Unset optional value from type CTA861_3
11-06 11:57:50.644 16522 16542 E IMGMapper: set:488 set: Unset optional value from type SMPTE2086
11-06 11:57:50.644 16522 16542 E IMGMapper: set:488 set: Unset optional value from type CTA861_3
11-06 11:57:50.661 16522 16542 E IMGMapper: set:488 set: Unset optional value from type SMPTE2086
11-06 11:57:50.661 16522 16542 E IMGMapper: set:488 set: Unset optional value from type CTA861_3
11-06 11:57:50.677 16522 16542 E IMGMapper: set:488 set: Unset optional value from type SMPTE2086
11-06 11:57:50.677 16522 16542 E IMGMapper: set:488 set: Unset optional value from type CTA861_3
11-06 11:57:50.695 16522 16542 E IMGMapper: set:488 set: Unset optional value from type SMPTE2086
11-06 11:57:50.695 16522 16542 E IMGMapper: set:488 set: Unset optional value from type CTA861_3
11-06 11:57:50.709 16522 16542 E IMGMapper: set:488 set: Unset optional value from type SMPTE2086
11-06 11:57:50.709 16522 16542 E IMGMapper: set:488 set: Unset optional value from type CTA861_3
11-06 11:57:50.726 16522 16542 E IMGMapper: set:488 set: Unset optional value from type SMPTE2086
11-06 11:57:50.726 16522 16542 E IMGMapper: set:488 set: Unset optional value from type CTA861_3
11-06 11:57:50.744 16522 16542 E IMGMapper: set:488 set: Unset optional value from type SMPTE2086
11-06 11:57:50.744 16522 16542 E IMGMapper: set:488 set: Unset optional value from type CTA861_3
11-06 11:57:50.759 16522 16542 E IMGMapper: set:488 set: Unset optional value from type SMPTE2086
11-06 11:57:50.760 16522 16542 E IMGMapper: set:488 set: Unset optional value from type CTA861_3
11-06 11:57:50.775 16522 16542 E IMGMapper: set:488 set: Unset optional value from type SMPTE2086
11-06 11:57:50.775 16522 16542 E IMGMapper: set:488 set: Unset optional value from type CTA861_3
11-06 11:57:50.792 16522 16542 E IMGMapper: set:488 set: Unset optional value from type SMPTE2086
11-06 11:57:50.793 16522 16542 E IMGMapper: set:488 set: Unset optional value from type CTA861_3
11-06 11:57:50.810 16522 16542 E IMGMapper: set:488 set: Unset optional value from type SMPTE2086
11-06 11:57:50.811 16522 16542 E IMGMapper: set:488 set: Unset optional value from type CTA861_3
11-06 11:57:50.825 16522 16542 E IMGMapper: set:488 set: Unset optional value from type SMPTE2086
11-06 11:57:50.826 16522 16542 E IMGMapper: set:488 set: Unset optional value from type CTA861_3
11-06 11:57:50.845 16522 16542 E IMGMapper: set:488 set: Unset optional value from type SMPTE2086
11-06 11:57:50.845 16522 16542 E IMGMapper: set:488 set: Unset optional value from type CTA861_3
11-06 11:57:50.855  1187  1299 D InputDispatcher: Inject motion (16631/2000): action=0x0, time=3427886164000000, f=0x0, d=0 dsdx=1.000000 dtdx=0.000000
11-06 11:57:50.855  1187  1534 I InputDispatcher: Delivering touch to (1737): action: 0x4, f=0x0, d=0, 'd92b8ad', t=1 
11-06 11:57:50.855  1187  1534 I InputDispatcher: Delivering touch to (16522): action: 0x0, f=0x0, d=0, '8c46ea2', t=1 
11-06 11:57:50.856  1187  1534 D PowerManagerService: [api] userActivityFromNative :  (event: 2 flags: 0 displayId: 0) eventTime = 3427886164
11-06 11:57:50.856 16522 16522 I ViewRootImpl@eaf2444[MainActivity]: ViewPostIme pointer 0
11-06 11:57:50.856  1187  1303 I GestureDetector: obtain mCurrentDownEvent. id: -990612040 caller: com.android.server.wm.SystemGesturesPointerEventListener.onPointerEvent:203 com.android.server.wm.PointerEventDispatcher.onInputEvent:53 android.view.InputEventReceiver.dispatchInputEvent:285 
11-06 11:57:50.857  1187  1303 I GestureDetector: obtain mCurrentDownEvent. id: -990612040 caller: com.android.server.wm.SystemPerformancePointerEventListener.onPointerEvent:89 com.android.server.wm.PointerEventDispatcher.onInputEvent:53 android.view.InputEventReceiver.dispatchInputEvent:285 
11-06 11:57:50.863 16522 16542 E IMGMapper: set:488 set: Unset optional value from type SMPTE2086
11-06 11:57:50.863 16522 16542 E IMGMapper: set:488 set: Unset optional value from type CTA861_3
11-06 11:57:50.869  1187  1303 I GestureDetector: obtain mCurrentMotionEventRaw. action: 2 id: -489794628
11-06 11:57:50.869  1187  1303 I GestureDetector: obtain mCurrentMotionEventRaw. action: 2 id: -489794628
11-06 11:57:50.880   896   910 I mtkpower_client: perf_lock_rel, hdl:1053284, tid:910
11-06 11:57:50.881 16522 16542 E IMGMapper: set:488 set: Unset optional value from type SMPTE2086
11-06 11:57:50.882 16522 16542 E IMGMapper: set:488 set: Unset optional value from type CTA861_3
11-06 11:57:50.882   896   910 I mtkpower_client: perf_lock_acq, hdl:0, dur:0, num:2, tid:910
11-06 11:57:50.883   896   910 I mtkpower_client: ret_hdl:1053286
11-06 11:57:50.883   896   910 I mtkpower_client: perf_lock_rel, hdl:1053285, tid:910
11-06 11:57:50.883   896   910 I mtkpower_client: perf_lock_acq, hdl:0, dur:0, num:2, tid:910
11-06 11:57:50.884  1014  1065 I libPowerHal: [perfLockRel] hdl:1053284, idx:2
11-06 11:57:50.885  1014  1065 I libPowerHal: vendor.samsung.: cpu_ctrl set cpu freq: 1218000 -1 -1 -1
11-06 11:57:50.886  1014  1065 I libPowerHal: [perfLockAcq] idx:1 hdl:1053286 hint:-1 pid:896 duration:0 lock_user:vendor.samsung. => ret_hdl:1053286
11-06 11:57:50.886  1014  1065 I libPowerHal: vendor.samsung.: cpu_ctrl set cpu freq: 1218000 -1 1138000 -1
11-06 11:57:50.888  1014  1065 I libPowerHal: [perfLockRel] hdl:1053285, idx:0
11-06 11:57:50.888  1014  1065 I libPowerHal: vendor.samsung.: cpu_ctrl set cpu freq: -1 -1 1138000 -1
11-06 11:57:50.889   896   910 I mtkpower_client: ret_hdl:1053287
11-06 11:57:50.889  1014  1065 I libPowerHal: [perfLockAcq] idx:3 hdl:1053287 hint:-1 pid:896 duration:0 lock_user:vendor.samsung. => ret_hdl:1053287
11-06 11:57:50.889   896   910 I HYPER-HAL: [RequestManager.cpp]releaseLocked(): Released ID : 725427
11-06 11:57:50.890  1014  1065 I libPowerHal: vendor.samsung.: cpu_ctrl set cpu freq: 1218000 -1 1138000 -1
11-06 11:57:50.894 16522 16542 E IMGMapper: set:488 set: Unset optional value from type SMPTE2086
11-06 11:57:50.894 16522 16542 E IMGMapper: set:488 set: Unset optional value from type CTA861_3
11-06 11:57:50.918 16522 16542 E IMGMapper: set:488 set: Unset optional value from type SMPTE2086
11-06 11:57:50.918 16522 16542 E IMGMapper: set:488 set: Unset optional value from type CTA861_3
11-06 11:57:50.930 16522 16542 E IMGMapper: set:488 set: Unset optional value from type SMPTE2086
11-06 11:57:50.931 16522 16542 E IMGMapper: set:488 set: Unset optional value from type CTA861_3
11-06 11:57:50.944 16522 16542 E IMGMapper: set:488 set: Unset optional value from type SMPTE2086
11-06 11:57:50.944 16522 16542 E IMGMapper: set:488 set: Unset optional value from type CTA861_3
11-06 11:57:50.968 16522 16542 E IMGMapper: set:488 set: Unset optional value from type SMPTE2086
11-06 11:57:50.968 16522 16542 E IMGMapper: set:488 set: Unset optional value from type CTA861_3
11-06 11:57:50.979 16522 16542 E IMGMapper: set:488 set: Unset optional value from type SMPTE2086
11-06 11:57:50.979 16522 16542 E IMGMapper: set:488 set: Unset optional value from type CTA861_3
11-06 11:57:50.991 16522 16542 E IMGMapper: set:488 set: Unset optional value from type SMPTE2086
11-06 11:57:50.991 16522 16542 E IMGMapper: set:488 set: Unset optional value from type CTA861_3
11-06 11:57:51.007 16522 16542 E IMGMapper: set:488 set: Unset optional value from type SMPTE2086
11-06 11:57:51.007 16522 16542 E IMGMapper: set:488 set: Unset optional value from type CTA861_3
11-06 11:57:51.025 16522 16542 E IMGMapper: set:488 set: Unset optional value from type SMPTE2086
11-06 11:57:51.025 16522 16542 E IMGMapper: set:488 set: Unset optional value from type CTA861_3
11-06 11:57:51.043 16522 16542 E IMGMapper: set:488 set: Unset optional value from type SMPTE2086
11-06 11:57:51.043 16522 16542 E IMGMapper: set:488 set: Unset optional value from type CTA861_3
11-06 11:57:51.058 16522 16542 E IMGMapper: set:488 set: Unset optional value from type SMPTE2086
11-06 11:57:51.058 16522 16542 E IMGMapper: set:488 set: Unset optional value from type CTA861_3
11-06 11:57:51.086 16522 16542 E IMGMapper: set:488 set: Unset optional value from type SMPTE2086
11-06 11:57:51.087 16522 16542 E IMGMapper: set:488 set: Unset optional value from type CTA861_3
11-06 11:57:51.103 16522 16542 E IMGMapper: set:488 set: Unset optional value from type SMPTE2086
11-06 11:57:51.104 16522 16542 E IMGMapper: set:488 set: Unset optional value from type CTA861_3
11-06 11:57:51.108  1693  1693 I WifiHAL : Get link layer stats
11-06 11:57:51.108  1693  1693 I WifiHAL : GetLinkStatsCommand::create
11-06 11:57:51.108  1693  1693 D android.hardware.wifi@1.0-service-lazy: WifiRequest::create vendor command to iface 38, vendor_id=0x1a11, subcmd=0x1200, res=0
11-06 11:57:51.108  1693  1693 I android.hardware.wifi@1.0-service-lazy: WifiCommand::requestResponse err=-95
11-06 11:57:51.108  1693  1693 I WifiHAL : wifi_get_link_stats: result=-3
11-06 11:57:51.109  1187  1566 E WifiVendorHal: getWifiLinkLayerStats_1_5_Internal(l.1179) failed {.code = ERROR_NOT_SUPPORTED, .description = }
11-06 11:57:51.114  1187 22074 D SemWifiUsabilityStatsMonitor: onWifiUsabilityStats - seqNum 110623, isSameBssidAndFreq true
11-06 11:57:51.119  1187  1645 I SemWifiLinkQualityMonitor: Link Qos query: inf. ms / 0 Mbps
11-06 11:57:51.122 16522 16542 E IMGMapper: set:488 set: Unset optional value from type SMPTE2086
11-06 11:57:51.122 16522 16542 E IMGMapper: set:488 set: Unset optional value from type CTA861_3
11-06 11:57:51.127 16522 16522 W unknown:WrappingUtils: Don't know how to round that drawable: com.facebook.react.views.image.ReactImageDownloadListener$EmptyDrawable@7cecddd
11-06 11:57:51.140 16522 16522 W unknown:WrappingUtils: Don't know how to round that drawable: com.facebook.react.views.image.ReactImageDownloadListener$EmptyDrawable@bb52d52
11-06 11:57:51.168  1187  1299 D InputDispatcher: Inject motion (16631/2000): action=0x1, time=3427886476000000, f=0x0, d=0 dsdx=1.000000 dtdx=0.000000
11-06 11:57:51.168  1187  1534 I InputDispatcher: Delivering touch to (16522): action: 0x1, f=0x0, d=0, '8c46ea2', t=1 
11-06 11:57:51.169  1187  1187 I SemDvfsHyPerManager: acquire hyper - SMOOTH_SCROLL/1187@17, type = -999
11-06 11:57:51.170   896   910 I HYPER-HAL: [RequestManager.cpp]acquire(): Acquired ID : 725427  [1187 / 17]    HINT : SMOOTH_SCROLL    list : 
11-06 11:57:51.171   896   910 I mtkpower_client: perf_lock_rel, hdl:1053286, tid:910
11-06 11:57:51.172  1014  1065 I libPowerHal: [perfLockRel] hdl:1053286, idx:1
11-06 11:57:51.172 16522 16542 E IMGMapper: set:488 set: Unset optional value from type SMPTE2086
11-06 11:57:51.172 16522 16542 E IMGMapper: set:488 set: Unset optional value from type CTA861_3
11-06 11:57:51.172  1014  1065 I libPowerHal: vendor.samsung.: cpu_ctrl set cpu freq: 1218000 -1 -1 -1
11-06 11:57:51.175  1187  1187 D SGM:GameManager: identifyGamePackage. com.cinemamovel, mCurrentUserId: 0, callerUserId: 0, callingMethodInfo: com.android.server.ssrm.fgapps.GameAppUtils.isGame(GameAppUtils.java:84)
11-06 11:57:51.175  1187  1187 D SGM:PkgDataHelper: getGamePkgData(). com.cinemamovel
11-06 11:57:51.176  1187  1187 I SemDvfsHyPerManager: acquire hyper - GESTURE_DETECTED/1187@18, type = -999
11-06 11:57:51.177  1187  1187 D SGM:GameManager: identifyGamePackage. com.cinemamovel, mCurrentUserId: 0, callerUserId: 0, callingMethodInfo: com.android.server.ssrm.fgapps.GameAppUtils.isGame(GameAppUtils.java:84)
11-06 11:57:51.177 16522 16522 I ViewRootImpl@eaf2444[MainActivity]: ViewPostIme pointer 1
11-06 11:57:51.177  1187  1187 D SGM:PkgDataHelper: getGamePkgData(). com.cinemamovel
11-06 11:57:51.177  1187  1187 I SemDvfsHyPerManager: acquire hyper - GESTURE_DETECTED/1187@18, type = -999
11-06 11:57:51.178   896   910 I mtkpower_client: perf_lock_acq, hdl:0, dur:0, num:2, tid:910
11-06 11:57:51.179  1014  1065 I libPowerHal: [perfLockAcq] idx:0 hdl:1053288 hint:-1 pid:896 duration:0 lock_user:vendor.samsung. => ret_hdl:1053288
11-06 11:57:51.180  1014  1065 I libPowerHal: vendor.samsung.: cpu_ctrl set cpu freq: 1218000 -1 1138000 -1
11-06 11:57:51.180   896   910 I mtkpower_client: ret_hdl:1053288
11-06 11:57:51.180   896   910 I mtkpower_client: perf_lock_rel, hdl:1053287, tid:910
11-06 11:57:51.182   896   910 I mtkpower_client: perf_lock_acq, hdl:0, dur:0, num:2, tid:910
11-06 11:57:51.183  1014  1065 I libPowerHal: [perfLockRel] hdl:1053287, idx:3
11-06 11:57:51.183  1014  1065 I libPowerHal: vendor.samsung.: cpu_ctrl set cpu freq: -1 -1 1138000 -1
11-06 11:57:51.184   896   910 I mtkpower_client: ret_hdl:1053289
11-06 11:57:51.185   896   910 I mtkpower_client: perf_lock_rel, hdl:1053288, tid:910
11-06 11:57:51.185  1014  1065 I libPowerHal: [perfLockAcq] idx:1 hdl:1053289 hint:-1 pid:896 duration:0 lock_user:vendor.samsung. => ret_hdl:1053289
11-06 11:57:51.185  1014  1065 I libPowerHal: vendor.samsung.: cpu_ctrl set cpu freq: 1218000 -1 1138000 -1
11-06 11:57:51.185   896   910 I mtkpower_client: perf_lock_acq, hdl:0, dur:0, num:2, tid:910
11-06 11:57:51.186  1014  1065 I libPowerHal: [perfLockRel] hdl:1053288, idx:0
11-06 11:57:51.186  1014  1065 I libPowerHal: vendor.samsung.: cpu_ctrl set cpu freq: 1218000 -1 -1 -1
11-06 11:57:51.186 16522 16542 E IMGMapper: set:488 set: Unset optional value from type SMPTE2086
11-06 11:57:51.186 16522 16542 E IMGMapper: set:488 set: Unset optional value from type CTA861_3
11-06 11:57:51.187   896   910 I mtkpower_client: ret_hdl:1053290
11-06 11:57:51.187   896   910 I mtkpower_client: perf_lock_rel, hdl:1053289, tid:910
11-06 11:57:51.188  1014  1065 I libPowerHal: [perfLockAcq] idx:0 hdl:1053290 hint:-1 pid:896 duration:0 lock_user:vendor.samsung. => ret_hdl:1053290
11-06 11:57:51.188  1014  1065 I libPowerHal: vendor.samsung.: cpu_ctrl set cpu freq: 1218000 -1 1138000 -1
11-06 11:57:51.189   896   910 I mtkpower_client: perf_lock_acq, hdl:0, dur:0, num:2, tid:910
11-06 11:57:51.189  1014  1065 I libPowerHal: [perfLockRel] hdl:1053289, idx:1
11-06 11:57:51.190  1187  1187 I SemDvfsHyPerManager: acquire hyper - SMOOTH_SCROLL/1187@17, type = -999
11-06 11:57:51.191  1014  1065 I libPowerHal: vendor.samsung.: cpu_ctrl set cpu freq: -1 -1 1138000 -1
11-06 11:57:51.193   896   910 I mtkpower_client: ret_hdl:1053291
11-06 11:57:51.193   896   910 I HYPER-HAL: [RequestManager.cpp]releaseLocked(): Released ID : 725427
11-06 11:57:51.193  1014  1065 I libPowerHal: [perfLockAcq] idx:1 hdl:1053291 hint:-1 pid:896 duration:0 lock_user:vendor.samsung. => ret_hdl:1053291
11-06 11:57:51.193   896   910 I HYPER-HAL: [RequestManager.cpp]acquire(): Acquired ID : 726633  [1187 / 18]    HINT : GESTURE_DETECTED    list : [TIMEOUT / 1702] 
11-06 11:57:51.193   896   910 I HYPER-HAL: [RequestManager.cpp]acquire(): Acquired ID : 726633  [1187 / 18]    HINT : GESTURE_DETECTED    list : [TIMEOUT / 1702] 
11-06 11:57:51.193   896   910 I HYPER-HAL: [RequestManager.cpp]acquire(): Acquired ID : 725427  [1187 / 17]    HINT : SMOOTH_SCROLL    list : 
11-06 11:57:51.193  1014  1065 I libPowerHal: vendor.samsung.: cpu_ctrl set cpu freq: 1218000 -1 1138000 -1
11-06 11:57:51.194   896   910 I mtkpower_client: perf_lock_rel, hdl:1053290, tid:910
11-06 11:57:51.194   896   910 I mtkpower_client: perf_lock_acq, hdl:0, dur:0, num:2, tid:910
11-06 11:57:51.195  1014  1065 I libPowerHal: [perfLockRel] hdl:1053290, idx:0
11-06 11:57:51.195  1014  1065 I libPowerHal: vendor.samsung.: cpu_ctrl set cpu freq: 1218000 -1 -1 -1
11-06 11:57:51.196 16522 16542 E IMGMapper: set:488 set: Unset optional value from type SMPTE2086
11-06 11:57:51.197   896   910 I mtkpower_client: ret_hdl:1053292
11-06 11:57:51.197   896   910 I mtkpower_client: perf_lock_rel, hdl:1053291, tid:910
11-06 11:57:51.197 16522 16542 E IMGMapper: set:488 set: Unset optional value from type CTA861_3
11-06 11:57:51.197  1014  1065 I libPowerHal: [perfLockAcq] idx:2 hdl:1053292 hint:-1 pid:896 duration:0 lock_user:vendor.samsung. => ret_hdl:1053292
11-06 11:57:51.198  1014  1065 I libPowerHal: vendor.samsung.: cpu_ctrl set cpu freq: 1218000 -1 1138000 -1
11-06 11:57:51.199   896   910 I mtkpower_client: perf_lock_acq, hdl:0, dur:0, num:2, tid:910
11-06 11:57:51.199  1014  1065 I libPowerHal: [perfLockRel] hdl:1053291, idx:1
11-06 11:57:51.199  1014  1065 I libPowerHal: vendor.samsung.: cpu_ctrl set cpu freq: -1 -1 1138000 -1
11-06 11:57:51.200   896   910 I mtkpower_client: ret_hdl:1053293
11-06 11:57:51.200  1014  1065 I libPowerHal: [perfLockAcq] idx:0 hdl:1053293 hint:-1 pid:896 duration:0 lock_user:vendor.samsung. => ret_hdl:1053293
11-06 11:57:51.200  1014  1065 I libPowerHal: vendor.samsung.: cpu_ctrl set cpu freq: 1218000 -1 1138000 -1
11-06 11:57:51.206 16522 16542 E IMGMapper: set:488 set: Unset optional value from type SMPTE2086
11-06 11:57:51.206 16522 16542 E IMGMapper: set:488 set: Unset optional value from type CTA861_3
11-06 11:57:51.223 16522 16542 E IMGMapper: set:488 set: Unset optional value from type SMPTE2086
11-06 11:57:51.223 16522 16542 E IMGMapper: set:488 set: Unset optional value from type CTA861_3
11-06 11:57:51.239 16522 16542 E IMGMapper: set:488 set: Unset optional value from type SMPTE2086
11-06 11:57:51.239 16522 16542 E IMGMapper: set:488 set: Unset optional value from type CTA861_3
11-06 11:57:51.251 16522 16522 W unknown:WrappingUtils: Don't know how to round that drawable: com.facebook.react.views.image.ReactImageDownloadListener$EmptyDrawable@3690867
11-06 11:57:51.268 16522 16542 E IMGMapper: set:488 set: Unset optional value from type SMPTE2086
11-06 11:57:51.268 16522 16542 E IMGMapper: set:488 set: Unset optional value from type CTA861_3
