10-27 10:28:56.589  9688  9715 I ReactNativeJS:   "componentRenders": {
10-27 10:28:56.589  9688  9715 I ReactNativeJS:     "Loader": 1,
10-27 10:28:56.589  9688  9715 I ReactNativeJS:     "Poster": 4,
10-27 10:28:56.589  9688  9715 I ReactNativeJS:     "InfoBlock": 4,
10-27 10:28:56.589  9688  9715 I ReactNativeJS:     "Genres": 4,
10-27 10:28:56.589  9688  9715 I ReactNativeJS:     "Overview": 4,
10-27 10:28:56.589  9688  9715 I ReactNativeJS:     "ActionButtons": 4
10-27 10:28:56.589  9688  9715 I ReactNativeJS:   },
10-27 10:28:56.589  9688  9715 I ReactNativeJS:   "interactionEvents": [
10-27 10:28:56.589  9688  9715 I ReactNativeJS:     {
10-27 10:28:56.589  9688  9715 I ReactNativeJS:       "action": "toggle_favorite",
10-27 10:28:56.589  9688  9715 I ReactNativeJS:       "timestamp": 1761571733243
10-27 10:28:56.589  9688  9715 I ReactNativeJS:     },
10-27 10:28:56.589  9688  9715 I ReactNativeJS:     {
10-27 10:28:56.589  9688  9715 I ReactNativeJS:       "action": "set_rating_3",
10-27 10:28:56.589  9688  9715 I ReactNativeJS:       "timestamp": 1761571734326
10-27 10:28:56.589  9688  9715 I ReactNativeJS:     },
10-27 10:28:56.589  9688  9715 I ReactNativeJS:     {
10-27 10:28:56.589  9688  9715 I ReactNativeJS:       "action": "toggle_overview",
10-27 10:28:56.589  9688  9715 I ReactNativeJS:       "timestamp": 1761571735430
10-27 10:28:56.589  9688  9715 I ReactNativeJS:     },
10-27 10:28:56.589  9688  9715 I ReactNativeJS:     {
10-27 10:28:56.589  9688  9715 I ReactNativeJS:       "action": "component_unmounted_logged",
10-27 10:28:56.589  9688  9715 I ReactNativeJS:       "timestamp": 1761571736588
10-27 10:28:56.589  9688  9715 I ReactNativeJS:     }
10-27 10:28:56.589  9688  9715 I ReactNativeJS:   ]
10-27 10:28:56.589  9688  9715 I ReactNativeJS: }
10-27 10:28:56.589  9688  9715 I ReactNativeJS: ---METRICS_JSON_END---
10-27 10:28:56.636  9688  9708 E IMGMapper: set:488 set: Unset optional value from type SMPTE2086
10-27 10:28:56.637  9688  9708 E IMGMapper: set:488 set: Unset optional value from type CTA861_3
10-27 10:28:56.648  1039  1039 I BufferQueueProducer: [com.cinemamovel/com.cinemamovel.MainActivity$_9688#594451](this:0xb400007a3dbdb838,id:-1,api:0,p:-1,c:1039) queueBuffer: fps=14.18 dur=1198.81 max=898.38 min=16.37
10-27 10:28:56.651   991   991 I hwcomposer: [HWCDisplay] [Display_0 (type:1)] fps:14.170438,dur:1199.68,max:897.90,min:15.95  
10-27 10:28:56.710  9688  9708 E IMGMapper: set:488 set: Unset optional value from type SMPTE2086
10-27 10:28:56.710  9688  9708 E IMGMapper: set:488 set: Unset optional value from type CTA861_3
10-27 10:28:56.719  9688  9708 E IMGMapper: set:488 set: Unset optional value from type SMPTE2086
10-27 10:28:56.719  9688  9708 E IMGMapper: set:488 set: Unset optional value from type CTA861_3
10-27 10:28:56.732  9688  9708 E IMGMapper: set:488 set: Unset optional value from type SMPTE2086
10-27 10:28:56.732  9688  9708 E IMGMapper: set:488 set: Unset optional value from type CTA861_3
10-27 10:28:56.755  9688  9708 E IMGMapper: set:488 set: Unset optional value from type SMPTE2086
10-27 10:28:56.755  9688  9708 E IMGMapper: set:488 set: Unset optional value from type CTA861_3
10-27 10:28:56.768  9688  9708 E IMGMapper: set:488 set: Unset optional value from type SMPTE2086
10-27 10:28:56.768  9688  9708 E IMGMapper: set:488 set: Unset optional value from type CTA861_3
10-27 10:28:56.780  9688  9708 E IMGMapper: set:488 set: Unset optional value from type SMPTE2086
10-27 10:28:56.781  9688  9708 E IMGMapper: set:488 set: Unset optional value from type CTA861_3
10-27 10:28:56.796  9688  9708 E IMGMapper: set:488 set: Unset optional value from type SMPTE2086
10-27 10:28:56.796  9688  9708 E IMGMapper: set:488 set: Unset optional value from type CTA861_3
10-27 10:28:56.811  9688  9708 E IMGMapper: set:488 set: Unset optional value from type SMPTE2086
10-27 10:28:56.812  9688  9708 E IMGMapper: set:488 set: Unset optional value from type CTA861_3
10-27 10:28:56.828  9688  9708 E IMGMapper: set:488 set: Unset optional value from type SMPTE2086
10-27 10:28:56.828  9688  9708 E IMGMapper: set:488 set: Unset optional value from type CTA861_3
10-27 10:28:56.845  9688  9708 E IMGMapper: set:488 set: Unset optional value from type SMPTE2086
10-27 10:28:56.846  9688  9708 E IMGMapper: set:488 set: Unset optional value from type CTA861_3
10-27 10:28:56.860  1737  1942 D MobileStatusTracker(0/2): onDataActivity: direction=2
10-27 10:28:56.862  9688  9708 E IMGMapper: set:488 set: Unset optional value from type SMPTE2086
10-27 10:28:56.862  9688  9708 E IMGMapper: set:488 set: Unset optional value from type CTA861_3
10-27 10:28:56.862  1737  1942 D MobileSignalController(0/2): notifyListener: enabled=true, connected=true, dataConnected=true, networkType=LTE (4G), emergencyOnly=false, roaming=false, isDefault=true, dataActivity=out, level=3, ca=false, mmWave=false, disabledDataIcon=false, simCard=ETC
10-27 10:28:56.872  1737  1796 E IMGMapper: set:488 set: Unset optional value from type SMPTE2086
10-27 10:28:56.872  1737  1796 E IMGMapper: set:488 set: Unset optional value from type CTA861_3
10-27 10:28:56.880  9688  9708 E IMGMapper: set:488 set: Unset optional value from type SMPTE2086
10-27 10:28:56.880  9688  9708 E IMGMapper: set:488 set: Unset optional value from type CTA861_3
10-27 10:28:56.882  1039  1039 I BufferQueueProducer: [StatusBar$_1737#534029](this:0xb400007a1f0ca838,id:-1,api:0,p:-1,c:1039) queueBuffer: fps=0.33 dur=3029.52 max=3029.52 min=3029.52
10-27 10:28:56.895  9688  9708 E IMGMapper: set:488 set: Unset optional value from type SMPTE2086
10-27 10:28:56.895  9688  9708 E IMGMapper: set:488 set: Unset optional value from type CTA861_3
10-27 10:28:56.913  1737  1942 D MobileStatusTracker(0/2): onSignalStrengthsChanged level=4, vendorLevel=3
10-27 10:28:56.914  9688  9708 E IMGMapper: set:488 set: Unset optional value from type SMPTE2086
10-27 10:28:56.914  9688  9708 E IMGMapper: set:488 set: Unset optional value from type CTA861_3
10-27 10:28:56.920  1737  1942 D MobileSignalController(0/2): notifyListener: enabled=true, connected=true, dataConnected=true, networkType=LTE (4G), emergencyOnly=false, roaming=false, isDefault=true, dataActivity=out, level=3, ca=false, mmWave=false, disabledDataIcon=false, simCard=ETC
10-27 10:28:56.920  1737  1942 D NetworkController: SignalStrength from intent slotId=0
10-27 10:28:56.933  9688  9708 E IMGMapper: set:488 set: Unset optional value from type SMPTE2086
10-27 10:28:56.934  9688  9708 E IMGMapper: set:488 set: Unset optional value from type CTA861_3
10-27 10:28:56.945  9688  9708 E IMGMapper: set:488 set: Unset optional value from type SMPTE2086
10-27 10:28:56.945  9688  9708 E IMGMapper: set:488 set: Unset optional value from type CTA861_3
10-27 10:28:56.963  9688  9708 E IMGMapper: set:488 set: Unset optional value from type SMPTE2086
10-27 10:28:56.963  9688  9708 E IMGMapper: set:488 set: Unset optional value from type CTA861_3
10-27 10:28:56.979  9688  9708 E IMGMapper: set:488 set: Unset optional value from type SMPTE2086
10-27 10:28:56.979  9688  9708 E IMGMapper: set:488 set: Unset optional value from type CTA861_3
10-27 10:28:56.998  9688  9708 E IMGMapper: set:488 set: Unset optional value from type SMPTE2086
10-27 10:28:56.998  9688  9708 E IMGMapper: set:488 set: Unset optional value from type CTA861_3
10-27 10:28:57.011  9688  9708 E IMGMapper: set:488 set: Unset optional value from type SMPTE2086
10-27 10:28:57.011  9688  9708 E IMGMapper: set:488 set: Unset optional value from type CTA861_3
10-27 10:28:57.029  9688  9708 E IMGMapper: set:488 set: Unset optional value from type SMPTE2086
10-27 10:28:57.030  9688  9708 E IMGMapper: set:488 set: Unset optional value from type CTA861_3
10-27 10:28:57.031  1205  1205 I thermal_repeater: socket -1
10-27 10:28:57.044  9688  9708 E IMGMapper: set:488 set: Unset optional value from type SMPTE2086
10-27 10:28:57.044  9688  9708 E IMGMapper: set:488 set: Unset optional value from type CTA861_3
10-27 10:28:57.063  9688  9708 E IMGMapper: set:488 set: Unset optional value from type SMPTE2086
10-27 10:28:57.063  9688  9708 E IMGMapper: set:488 set: Unset optional value from type CTA861_3
10-27 10:28:57.079  9688  9708 E IMGMapper: set:488 set: Unset optional value from type SMPTE2086
10-27 10:28:57.079  9688  9708 E IMGMapper: set:488 set: Unset optional value from type CTA861_3
10-27 10:28:57.096  9688  9708 E IMGMapper: set:488 set: Unset optional value from type SMPTE2086
10-27 10:28:57.096  9688  9708 E IMGMapper: set:488 set: Unset optional value from type CTA861_3
10-27 10:28:57.113  9688  9708 E IMGMapper: set:488 set: Unset optional value from type SMPTE2086
10-27 10:28:57.113  9688  9708 E IMGMapper: set:488 set: Unset optional value from type CTA861_3
10-27 10:28:57.128  9688  9708 E IMGMapper: set:488 set: Unset optional value from type SMPTE2086
10-27 10:28:57.128  9688  9708 E IMGMapper: set:488 set: Unset optional value from type CTA861_3
10-27 10:28:57.147  9688  9708 E IMGMapper: set:488 set: Unset optional value from type SMPTE2086
10-27 10:28:57.147  9688  9708 E IMGMapper: set:488 set: Unset optional value from type CTA861_3
10-27 10:28:57.161  9688  9708 E IMGMapper: set:488 set: Unset optional value from type SMPTE2086
10-27 10:28:57.162  9688  9708 E IMGMapper: set:488 set: Unset optional value from type CTA861_3
10-27 10:28:57.176  9688  9708 E IMGMapper: set:488 set: Unset optional value from type SMPTE2086
10-27 10:28:57.176  9688  9708 E IMGMapper: set:488 set: Unset optional value from type CTA861_3
10-27 10:28:57.314  1187  1321 E Watchdog: !@Sync: 7016 heap: 105 / 112 FD: 969 [2025-10-27 10:28:57.313]
10-27 10:28:57.667   543   543 D io_stats: !@ 179,0 r 547123582 6616600518 w 95018861 1004946484 d 1259527 33790592 f 0 0 iot 273893416 0 th 0 0 0 pt 0 inp 0 0 2923639.299
10-27 10:28:57.879  1737  1942 D MobileStatusTracker(0/2): onDataActivity: direction=0
10-27 10:28:57.882  1737  1942 D MobileSignalController(0/2): notifyListener: enabled=true, connected=true, dataConnected=true, networkType=LTE (4G), emergencyOnly=false, roaming=false, isDefault=true, dataActivity=, level=3, ca=false, mmWave=false, disabledDataIcon=false, simCard=ETC
10-27 10:28:57.908  1737  1796 E IMGMapper: set:488 set: Unset optional value from type SMPTE2086
10-27 10:28:57.909  1737  1796 E IMGMapper: set:488 set: Unset optional value from type CTA861_3
10-27 10:28:57.913  1039  1039 I BufferQueueProducer: [StatusBar$_1737#534029](this:0xb400007a1f0ca838,id:-1,api:0,p:-1,c:1039) queueBuffer: fps=0.97 dur=1031.63 max=1031.63 min=1031.63
10-27 10:28:57.917   991   991 I hwcomposer: [HWCDisplay] [Display_0 (type:1)] fps:24.488478,dur:1265.90,max:715.53,min:15.35  
10-27 10:28:57.921  1737  1942 D MobileStatusTracker(0/2): onSignalStrengthsChanged level=4, vendorLevel=3
10-27 10:28:57.924  1737  1942 D MobileSignalController(0/2): notifyListener: enabled=true, connected=true, dataConnected=true, networkType=LTE (4G), emergencyOnly=false, roaming=false, isDefault=true, dataActivity=, level=3, ca=false, mmWave=false, disabledDataIcon=false, simCard=ETC
10-27 10:28:57.925  1737  1942 D NetworkController: SignalStrength from intent slotId=0
10-27 10:28:58.400  1187  1369 D PowerManagerService: UserActivityStateListenerState: 0
10-27 10:28:58.611  1187  3222 D InputDispatcher: Inject motion (9859/2000): action=0x0, time=2923640243000000, f=0x0, d=0 dsdx=1.000000 dtdx=0.000000
10-27 10:28:58.612  1187  1534 I InputDispatcher: Delivering touch to (1737): action: 0x4, f=0x0, d=0, 'd92b8ad', t=1 
10-27 10:28:58.612  1187  1534 I InputDispatcher: Delivering touch to (9688): action: 0x0, f=0x0, d=0, 'b3be57a', t=1 
10-27 10:28:58.612  1187  1534 D PowerManagerService: [api] userActivityFromNative :  (event: 2 flags: 0 displayId: 0) eventTime = 2923640243
10-27 10:28:58.613  1187  1303 I GestureDetector: obtain mCurrentDownEvent. id: -127005806 caller: com.android.server.wm.SystemGesturesPointerEventListener.onPointerEvent:203 com.android.server.wm.PointerEventDispatcher.onInputEvent:53 android.view.InputEventReceiver.dispatchInputEvent:285 
10-27 10:28:58.613  9688  9688 I ViewRootImpl@d913698[MainActivity]: ViewPostIme pointer 0
10-27 10:28:58.614  1187  1303 I GestureDetector: obtain mCurrentDownEvent. id: -127005806 caller: com.android.server.wm.SystemPerformancePointerEventListener.onPointerEvent:89 com.android.server.wm.PointerEventDispatcher.onInputEvent:53 android.view.InputEventReceiver.dispatchInputEvent:285 
10-27 10:28:58.614  1187  1534 D PowerManagerService: UserActivityStateListenerState: 1
10-27 10:28:58.624  1187  3222 D InputDispatcher: Inject motion (9859/2000): action=0x1, time=2923640243000000, f=0x0, d=0 dsdx=1.000000 dtdx=0.000000
10-27 10:28:58.625  1187  1534 I InputDispatcher: Delivering touch to (9688): action: 0x1, f=0x0, d=0, 'b3be57a', t=1 
10-27 10:28:58.625  9688  9688 I ViewRootImpl@d913698[MainActivity]: ViewPostIme pointer 1
10-27 10:28:58.626  1187  1303 I GestureDetector: obtain mCurrentMotionEventRaw. action: 1 id: -769417689
10-27 10:28:58.627  1187  1303 I GestureDetector: obtain mCurrentMotionEventRaw. action: 1 id: -769417689
10-27 10:28:58.641  9688  9708 E IMGMapper: set:488 set: Unset optional value from type SMPTE2086
10-27 10:28:58.641  9688  9708 E IMGMapper: set:488 set: Unset optional value from type CTA861_3
10-27 10:28:58.645  1039  1039 I SurfaceFlinger: SFWD update time=2923640277934244
10-27 10:28:58.646  1039  1039 I BufferQueueProducer: [com.cinemamovel/com.cinemamovel.MainActivity$_9688#594451](this:0xb400007a3dbdb838,id:-1,api:0,p:-1,c:1039) queueBuffer: fps=15.52 dur=1997.41 max=1447.91 min=15.84
10-27 10:28:58.670  9688  9708 E IMGMapper: set:488 set: Unset optional value from type SMPTE2086
10-27 10:28:58.670  9688  9708 E IMGMapper: set:488 set: Unset optional value from type CTA861_3
10-27 10:28:58.688  9688  9708 E IMGMapper: set:488 set: Unset optional value from type SMPTE2086
10-27 10:28:58.688  9688  9708 E IMGMapper: set:488 set: Unset optional value from type CTA861_3
10-27 10:28:58.758  9688  9688 W [RNScreens]: backTitleVisible prop is not available on Android
10-27 10:28:58.758  9688  9688 W [RNScreens]: backTitleFontFamily prop is not available on Android
10-27 10:28:58.758  9688  9688 W [RNScreens]: disableBackButtonMenu prop is not available on Android
10-27 10:28:58.758  9688  9688 W [RNScreens]: largeTitleFontFamily prop is not available on Android
10-27 10:28:58.758  9688  9688 W [RNScreens]: largeTitleFontWeight prop is not available on Android
10-27 10:28:58.758  9688  9688 W [RNScreens]: largeTitleHideShadow prop is not available on Android
10-27 10:28:58.773  9688  9708 E IMGMapper: set:488 set: Unset optional value from type SMPTE2086
10-27 10:28:58.774  9688  9708 E IMGMapper: set:488 set: Unset optional value from type CTA861_3
10-27 10:28:58.807  9688  9708 E IMGMapper: set:488 set: Unset optional value from type SMPTE2086
10-27 10:28:58.807  9688  9708 E IMGMapper: set:488 set: Unset optional value from type CTA861_3
10-27 10:28:58.818  9688  9708 E IMGMapper: set:488 set: Unset optional value from type SMPTE2086
10-27 10:28:58.818  9688  9708 E IMGMapper: set:488 set: Unset optional value from type CTA861_3
10-27 10:28:58.833  9688  9708 E IMGMapper: set:488 set: Unset optional value from type SMPTE2086
10-27 10:28:58.833  9688  9708 E IMGMapper: set:488 set: Unset optional value from type CTA861_3
10-27 10:28:58.849  9688  9708 E IMGMapper: set:488 set: Unset optional value from type SMPTE2086
10-27 10:28:58.849  9688  9708 E IMGMapper: set:488 set: Unset optional value from type CTA861_3
10-27 10:28:58.868  9688  9708 E IMGMapper: set:488 set: Unset optional value from type SMPTE2086
10-27 10:28:58.868  9688  9708 E IMGMapper: set:488 set: Unset optional value from type CTA861_3
10-27 10:28:58.890  9688  9688 D ScrollView: initGoToTop
10-27 10:28:58.894  1737  1942 D MobileStatusTracker(0/2): onDataActivity: direction=3
10-27 10:28:58.896  1737  1942 D MobileSignalController(0/2): notifyListener: enabled=true, connected=true, dataConnected=true, networkType=LTE (4G), emergencyOnly=false, roaming=false, isDefault=true, dataActivity=inout, level=3, ca=false, mmWave=false, disabledDataIcon=false, simCard=ETC
10-27 10:28:58.913  1187  1187 I GestureDetector: handleMessage TAP
10-27 10:28:58.914  1187  1303 I GestureDetector: handleMessage TAP
10-27 10:28:58.920  1737  1942 D NetworkController: SignalStrength from intent slotId=0
10-27 10:28:58.920  1737  1942 D MobileStatusTracker(0/2): onSignalStrengthsChanged level=4, vendorLevel=3
10-27 10:28:58.922  1737  1942 D MobileSignalController(0/2): notifyListener: enabled=true, connected=true, dataConnected=true, networkType=LTE (4G), emergencyOnly=false, roaming=false, isDefault=true, dataActivity=inout, level=3, ca=false, mmWave=false, disabledDataIcon=false, simCard=ETC
10-27 10:28:58.923  1737  1796 E IMGMapper: set:488 set: Unset optional value from type SMPTE2086
10-27 10:28:58.923  1737  1796 E IMGMapper: set:488 set: Unset optional value from type CTA861_3
10-27 10:28:58.928  1039  1039 I BufferQueueProducer: [StatusBar$_1737#534029](this:0xb400007a1f0ca838,id:-1,api:0,p:-1,c:1039) queueBuffer: fps=0.99 dur=1015.09 max=1015.09 min=1015.09
10-27 10:28:58.930   991   991 I hwcomposer: [HWCDisplay] [Display_0 (type:1)] fps:9.862852,dur:1013.91,max:731.94,min:15.83  
10-27 10:28:58.941  9688  9708 E IMGMapper: set:488 set: Unset optional value from type SMPTE2086
10-27 10:28:58.942  9688  9708 E IMGMapper: set:488 set: Unset optional value from type CTA861_3
10-27 10:28:58.954  9688  9708 E IMGMapper: set:488 set: Unset optional value from type SMPTE2086
10-27 10:28:58.954  9688  9708 E IMGMapper: set:488 set: Unset optional value from type CTA861_3
10-27 10:28:58.968  9688  9708 E IMGMapper: set:488 set: Unset optional value from type SMPTE2086
10-27 10:28:58.968  9688  9708 E IMGMapper: set:488 set: Unset optional value from type CTA861_3
10-27 10:28:58.980  9688  9708 E IMGMapper: set:488 set: Unset optional value from type SMPTE2086
10-27 10:28:58.980  9688  9708 E IMGMapper: set:488 set: Unset optional value from type CTA861_3
10-27 10:28:58.996  9688  9708 E IMGMapper: set:488 set: Unset optional value from type SMPTE2086
10-27 10:28:58.996  9688  9708 E IMGMapper: set:488 set: Unset optional value from type CTA861_3
10-27 10:28:59.012  9688  9708 E IMGMapper: set:488 set: Unset optional value from type SMPTE2086
10-27 10:28:59.012  9688  9708 E IMGMapper: set:488 set: Unset optional value from type CTA861_3
10-27 10:28:59.027  9688  9708 E IMGMapper: set:488 set: Unset optional value from type SMPTE2086
10-27 10:28:59.027  9688  9708 E IMGMapper: set:488 set: Unset optional value from type CTA861_3
10-27 10:28:59.047  9688  9708 E IMGMapper: set:488 set: Unset optional value from type SMPTE2086
10-27 10:28:59.047  9688  9708 E IMGMapper: set:488 set: Unset optional value from type CTA861_3
10-27 10:28:59.061  9688  9708 E IMGMapper: set:488 set: Unset optional value from type SMPTE2086
10-27 10:28:59.061  9688  9708 E IMGMapper: set:488 set: Unset optional value from type CTA861_3
10-27 10:28:59.078  9688  9708 E IMGMapper: set:488 set: Unset optional value from type SMPTE2086
10-27 10:28:59.078  9688  9708 E IMGMapper: set:488 set: Unset optional value from type CTA861_3
10-27 10:28:59.096  9688  9708 E IMGMapper: set:488 set: Unset optional value from type SMPTE2086
10-27 10:28:59.096  9688  9708 E IMGMapper: set:488 set: Unset optional value from type CTA861_3
10-27 10:28:59.112  9688  9708 E IMGMapper: set:488 set: Unset optional value from type SMPTE2086
10-27 10:28:59.112  9688  9708 E IMGMapper: set:488 set: Unset optional value from type CTA861_3
10-27 10:28:59.130  9688  9708 E IMGMapper: set:488 set: Unset optional value from type SMPTE2086
10-27 10:28:59.130  9688  9708 E IMGMapper: set:488 set: Unset optional value from type CTA861_3
10-27 10:28:59.145  9688  9708 E IMGMapper: set:488 set: Unset optional value from type SMPTE2086
10-27 10:28:59.145  9688  9708 E IMGMapper: set:488 set: Unset optional value from type CTA861_3
10-27 10:28:59.162  9688  9708 E IMGMapper: set:488 set: Unset optional value from type SMPTE2086
10-27 10:28:59.162  9688  9708 E IMGMapper: set:488 set: Unset optional value from type CTA861_3
10-27 10:28:59.178  9688  9708 E IMGMapper: set:488 set: Unset optional value from type SMPTE2086
10-27 10:28:59.178  9688  9708 E IMGMapper: set:488 set: Unset optional value from type CTA861_3
10-27 10:28:59.195  9688  9708 E IMGMapper: set:488 set: Unset optional value from type SMPTE2086
10-27 10:28:59.195  9688  9708 E IMGMapper: set:488 set: Unset optional value from type CTA861_3
10-27 10:28:59.211  9688  9708 E IMGMapper: set:488 set: Unset optional value from type SMPTE2086
10-27 10:28:59.212  9688  9708 E IMGMapper: set:488 set: Unset optional value from type CTA861_3
10-27 10:28:59.228  9688  9708 E IMGMapper: set:488 set: Unset optional value from type SMPTE2086
10-27 10:28:59.228  9688  9708 E IMGMapper: set:488 set: Unset optional value from type CTA861_3
10-27 10:28:59.246  9688  9708 E IMGMapper: set:488 set: Unset optional value from type SMPTE2086
10-27 10:28:59.246  9688  9708 E IMGMapper: set:488 set: Unset optional value from type CTA861_3
10-27 10:28:59.255  9688  9708 E IMGMapper: set:488 set: Unset optional value from type SMPTE2086
10-27 10:28:59.255  9688  9708 E IMGMapper: set:488 set: Unset optional value from type CTA861_3
10-27 10:28:59.270  9688  9708 E IMGMapper: set:488 set: Unset optional value from type SMPTE2086
10-27 10:28:59.270  9688  9708 E IMGMapper: set:488 set: Unset optional value from type CTA861_3
10-27 10:28:59.289  2144  2144 I Launcher.NotificationListener: onNotificationRankingUpdate : notification full refresh
10-27 10:28:59.289  2144  2144 I Launcher.NotificationListener: onNotificationFullRefresh
10-27 10:28:59.290  3391  3391 I Edge.badge: onNotificationRankingUpdate
10-27 10:28:59.290  3391  3391 I Edge.badge: onNotificationFullRefresh mIsRegister=true,forceNotify=true
10-27 10:28:59.307  1737  1796 E IMGMapper: set:488 set: Unset optional value from type SMPTE2086
10-27 10:28:59.307  1737  1796 E IMGMapper: set:488 set: Unset optional value from type CTA861_3
10-27 10:28:59.310  2144  2343 I Launcher.NotificationListener: notificationIsValidForUI : com.discord missingTitleAndText : false isGroupHeader : false
10-27 10:28:59.310  2144  2343 I Launcher.NotificationListener: notificationIsValidForUI : com.discord missingTitleAndText : false isGroupHeader : false
10-27 10:28:59.310  2144  2343 I Launcher.NotificationListener: notificationIsValidForUI : com.ubercab missingTitleAndText : false isGroupHeader : false
10-27 10:28:59.310  2144  2343 I Launcher.NotificationListener: notificationIsValidForUI : com.wachanga.womancalendar missingTitleAndText : false isGroupHeader : false
10-27 10:28:59.310  2144  2343 I Launcher.NotificationListener: notificationIsValidForUI : com.android.phone missingTitleAndText : false isGroupHeader : false
10-27 10:28:59.310  2144  2343 I Launcher.NotificationListener: notificationIsValidForUI : com.google.android.gms missingTitleAndText : false isGroupHeader : false
10-27 10:28:59.310  2144  2343 I Launcher.NotificationListener: Full refresh isConnected : true active size : 6
10-27 10:28:59.311  1737  1942 D MobileStatusTracker(1/1): onSignalStrengthsChanged level=4, vendorLevel=4
10-27 10:28:59.313  1737  1942 D MobileSignalController(1/1): notifyListener: enabled=true, connected=true, dataConnected=false, networkType=UMTS (3G), emergencyOnly=true, roaming=false, isDefault=true, dataActivity=, level=4, ca=false, mmWave=false, disabledDataIcon=false, simCard=ETC
10-27 10:28:59.313  1737  1942 D NetworkController: SignalStrength from intent slotId=1
10-27 10:28:59.668   543   543 D io_stats: !@ 179,0 r 547123589 6616600594 w 95018861 1004946484 d 1259527 33790592 f 0 0 iot 273893420 0 th 0 0 0 pt 0 inp 0 0 2923641.300
10-27 10:28:59.802  3391  5753 I AppsEdge.Badge: getBadgeIconType 0
10-27 10:28:59.817  7022  9640 I BadgeProvider: query, [selection] : null
10-27 10:28:59.824  3391  5753 I AppsEdge.Badge: key=com.wachanga.womancalendar:0 count=1
10-27 10:28:59.824  3391  5753 I AppsEdge.Badge: key=com.google.android.gms:0 count=1
10-27 10:28:59.824  3391  5753 I AppsEdge.Badge: key=com.discord:0 count=4
10-27 10:28:59.824  3391  5753 I AppsEdge.Badge: key=com.android.phone:0 count=1
10-27 10:28:59.824  3391  5753 I AppsEdge.Badge: key=com.ubercab:0 count=1
10-27 10:28:59.912  1737  1942 D MobileStatusTracker(0/2): onDataActivity: direction=2
10-27 10:28:59.915  1737  1942 D MobileSignalController(0/2): notifyListener: enabled=true, connected=true, dataConnected=true, networkType=LTE (4G), emergencyOnly=false, roaming=false, isDefault=true, dataActivity=out, level=3, ca=false, mmWave=false, disabledDataIcon=false, simCard=ETC
10-27 10:28:59.925  1737  1942 D MobileStatusTracker(0/2): onSignalStrengthsChanged level=4, vendorLevel=3
10-27 10:28:59.928  1737  1942 D MobileSignalController(0/2): notifyListener: enabled=true, connected=true, dataConnected=true, networkType=LTE (4G), emergencyOnly=false, roaming=false, isDefault=true, dataActivity=out, level=3, ca=false, mmWave=false, disabledDataIcon=false, simCard=ETC
10-27 10:28:59.929  1737  1942 D NetworkController: SignalStrength from intent slotId=0
10-27 10:28:59.941  1737  1796 E IMGMapper: set:488 set: Unset optional value from type SMPTE2086
10-27 10:28:59.941  1737  1796 E IMGMapper: set:488 set: Unset optional value from type CTA861_3
10-27 10:28:59.944  1039  1039 I BufferQueueProducer: [StatusBar$_1737#534029](this:0xb400007a1f0ca838,id:-1,api:0,p:-1,c:1039) queueBuffer: fps=1.97 dur=1015.73 max=632.61 min=383.13
10-27 10:28:59.947   991   991 I hwcomposer: [HWCDisplay] [Display_0 (type:1)] fps:23.603079,dur:1016.82,max:633.88,min:14.92  
10-27 10:29:00.008  1737  1737 D KeyguardUpdateMonitor: received broadcast android.intent.action.TIME_TICK
10-27 10:29:00.008  1737  1737 D KeyguardUpdateMonitor: handleTimeUpdate
10-27 10:29:00.009  1737  2248 D QSClockBellTower: onReceive(android.intent.action.TIME_TICK) mTimeZoneString:null
10-27 10:29:00.010  1737  1737 D FaceWidgetPagesController: onTimeChanged()
10-27 10:29:00.050  1737  1737 D QSClockBellTower: He is ready to ring the bell. (((QSClockBellSound - TimeText:10:29, TimeContentDescription:10:29, DateText:seg., 27 de outubro, ShortDateText:seg., 27 de out., Demo:false, QuickStar-Second(false|12:34:56))))
10-27 10:29:00.052  1737  1737 D QSClockIndicatorView: Home Indicator status_bar_clock 10:29 notifyTimeChanged(QSClockBellSound - TimeText:10:29, TimeContentDescription:10:29, DateText:seg., 27 de outubro, ShortDateText:seg., 27 de out., Demo:false, QuickStar-Second(false|12:34:56)) ClockVisibleByPolicy:true, ClockVisibleByUser:true, visible?true, parent:android.widget.LinearLayout{a46c4dc V.E...... ......ID 0,0-66,37 #7f0b04f0 app:id/left_clock_container}
10-27 10:29:00.054  1737  1737 D QSClockBellTower: Everyone heard the bell. run(currentTime:1761571740048,   getTime():Mon Oct 27 10:29:00 GMT-03:00 2025,   getTimeZone():libcore.util.ZoneInfo[mDstSavings=0,mUseDst=false,mDelegate=[id="America/Sao_Paulo",mRawOffset=-10800000,mEarliestRawOffset=-11188000,transitions=92]])
10-27 10:29:00.068  1737  1737 I FaceWidgetPositionAlgorithm: getClockContainerHeight() supplier = 193, bottom margin = 0, real height = 238
10-27 10:29:00.069  1737  1737 I FaceWidgetPositionAlgorithm: getClockContainerHeight() supplier = 193, bottom margin = 45, real height = 238
10-27 10:29:00.069  1737  1737 I FaceWidgetPositionAlgorithm: getMediaContainerHeight() height = 326 container Visibility = 8, isValid = false, mIsDozing = false, fraction = 1.0, source = 0, target = 0
10-27 10:29:00.069  1737  1737 I FaceWidgetPositionAlgorithm: getMediaContainerHeight() supplier = 0
10-27 10:29:00.070  1737  1737 V QsExpandAnimator: setQsExpansionPosition 0.0
10-27 10:29:00.077  1737  1737 V QsExpandAnimator: updateAnimators
10-27 10:29:00.078  1737  1737 V QsExpandAnimator: clearAnimationState 
10-27 10:29:00.078  1737  1737 V QsExpandAnimator: updateViews
10-27 10:29:00.082  1737  1737 V QsExpandAnimator: updateTileAnimator
10-27 10:29:00.083  1737  1796 E IMGMapper: set:488 set: Unset optional value from type SMPTE2086
10-27 10:29:00.084  1737  1796 E IMGMapper: set:488 set: Unset optional value from type CTA861_3
10-27 10:29:00.084  1737  1737 V QsExpandAnimator: updateHeaderAnimator
10-27 10:29:00.085  1737  1737 V QsExpandAnimator: updateBarAnimator
10-27 10:29:00.085  1737  1737 V QsExpandAnimator: setQsExpansionPosition 0.0
10-27 10:29:00.085  1737  1737 V QsExpandAnimator: onAnimationAtStart
10-27 10:29:00.702  1187  1479 D InputDispatcher: Inject motion (9864/2000): action=0x0, time=2923642335000000, f=0x0, d=0 dsdx=1.000000 dtdx=0.000000
10-27 10:29:00.703  1187  1534 I InputDispatcher: Delivering touch to (1737): action: 0x4, f=0x0, d=0, 'd92b8ad', t=1 
10-27 10:29:00.703  1187  1534 I InputDispatcher: Delivering touch to (9688): action: 0x0, f=0x0, d=0, 'b3be57a', t=1 
10-27 10:29:00.704  1187  1534 D PowerManagerService: [api] userActivityFromNative :  (event: 2 flags: 0 displayId: 0) eventTime = 2923642335
10-27 10:29:00.704  1187  1303 I GestureDetector: obtain mCurrentDownEvent. id: -353890296 caller: com.android.server.wm.SystemGesturesPointerEventListener.onPointerEvent:203 com.android.server.wm.PointerEventDispatcher.onInputEvent:53 android.view.InputEventReceiver.dispatchInputEvent:285 
10-27 10:29:00.705  9688  9688 I ViewRootImpl@d913698[MainActivity]: ViewPostIme pointer 0
10-27 10:29:00.705  1187  1303 I GestureDetector: obtain mCurrentDownEvent. id: -353890296 caller: com.android.server.wm.SystemPerformancePointerEventListener.onPointerEvent:89 com.android.server.wm.PointerEventDispatcher.onInputEvent:53 android.view.InputEventReceiver.dispatchInputEvent:285 
10-27 10:29:00.712  1187  1479 D InputDispatcher: Inject motion (9864/2000): action=0x1, time=2923642335000000, f=0x0, d=0 dsdx=1.000000 dtdx=0.000000
10-27 10:29:00.713  1187  1534 I InputDispatcher: Delivering touch to (9688): action: 0x1, f=0x0, d=0, 'b3be57a', t=1 
10-27 10:29:00.714  1187  1303 I GestureDetector: obtain mCurrentMotionEventRaw. action: 1 id: -410779736
10-27 10:29:00.714  9688  9688 I ViewRootImpl@d913698[MainActivity]: ViewPostIme pointer 1
10-27 10:29:00.714  1187  1303 I GestureDetector: obtain mCurrentMotionEventRaw. action: 1 id: -410779736
10-27 10:29:00.737  9688  9708 E IMGMapper: set:488 set: Unset optional value from type SMPTE2086
10-27 10:29:00.737  9688  9708 E IMGMapper: set:488 set: Unset optional value from type CTA861_3
10-27 10:29:00.743  1039  1039 I BufferQueueProducer: [com.cinemamovel/com.cinemamovel.MainActivity$_9688#594451](this:0xb400007a3dbdb838,id:-1,api:0,p:-1,c:1039) queueBuffer: fps=14.78 dur=2096.97 max=1448.05 min=16.07
10-27 10:29:00.767  9688  9708 E IMGMapper: set:488 set: Unset optional value from type SMPTE2086
10-27 10:29:00.767  9688  9708 E IMGMapper: set:488 set: Unset optional value from type CTA861_3
10-27 10:29:00.784  9688  9708 E IMGMapper: set:488 set: Unset optional value from type SMPTE2086
10-27 10:29:00.784  9688  9708 E IMGMapper: set:488 set: Unset optional value from type CTA861_3
10-27 10:29:00.835  9688  9708 E IMGMapper: set:488 set: Unset optional value from type SMPTE2086
10-27 10:29:00.836  9688  9708 E IMGMapper: set:488 set: Unset optional value from type CTA861_3
10-27 10:29:00.844  9688  9708 E IMGMapper: set:488 set: Unset optional value from type SMPTE2086
10-27 10:29:00.844  9688  9708 E IMGMapper: set:488 set: Unset optional value from type CTA861_3
10-27 10:29:00.854  9688  9708 E IMGMapper: set:488 set: Unset optional value from type SMPTE2086
10-27 10:29:00.854  9688  9708 E IMGMapper: set:488 set: Unset optional value from type CTA861_3
10-27 10:29:00.868  9688  9708 E IMGMapper: set:488 set: Unset optional value from type SMPTE2086
10-27 10:29:00.868  9688  9708 E IMGMapper: set:488 set: Unset optional value from type CTA861_3
10-27 10:29:00.885  9688  9708 E IMGMapper: set:488 set: Unset optional value from type SMPTE2086
10-27 10:29:00.885  9688  9708 E IMGMapper: set:488 set: Unset optional value from type CTA861_3
10-27 10:29:00.903  9688  9708 E IMGMapper: set:488 set: Unset optional value from type SMPTE2086
10-27 10:29:00.903  9688  9708 E IMGMapper: set:488 set: Unset optional value from type CTA861_3
10-27 10:29:00.915  1737  1942 D MobileStatusTracker(0/2): onSignalStrengthsChanged level=4, vendorLevel=3
10-27 10:29:00.918  1737  1942 D MobileSignalController(0/2): notifyListener: enabled=true, connected=true, dataConnected=true, networkType=LTE (4G), emergencyOnly=false, roaming=false, isDefault=true, dataActivity=out, level=3, ca=false, mmWave=false, disabledDataIcon=false, simCard=ETC
10-27 10:29:00.918  1737  1942 D NetworkController: SignalStrength from intent slotId=0
10-27 10:29:00.923  9688  9708 E IMGMapper: set:488 set: Unset optional value from type SMPTE2086
10-27 10:29:00.923  9688  9708 E IMGMapper: set:488 set: Unset optional value from type CTA861_3
10-27 10:29:00.933  1737  1942 D MobileStatusTracker(0/2): onDataActivity: direction=0
10-27 10:29:00.935  1737  1942 D MobileSignalController(0/2): notifyListener: enabled=true, connected=true, dataConnected=true, networkType=LTE (4G), emergencyOnly=false, roaming=false, isDefault=true, dataActivity=, level=3, ca=false, mmWave=false, disabledDataIcon=false, simCard=ETC
10-27 10:29:00.936  9688  9708 E IMGMapper: set:488 set: Unset optional value from type SMPTE2086
10-27 10:29:00.936  9688  9708 E IMGMapper: set:488 set: Unset optional value from type CTA861_3
10-27 10:29:00.953  1737  1796 E IMGMapper: set:488 set: Unset optional value from type SMPTE2086
10-27 10:29:00.953  1737  1796 E IMGMapper: set:488 set: Unset optional value from type CTA861_3
10-27 10:29:00.954  9688  9708 E IMGMapper: set:488 set: Unset optional value from type SMPTE2086
10-27 10:29:00.954  9688  9708 E IMGMapper: set:488 set: Unset optional value from type CTA861_3
10-27 10:29:00.960  1039  1039 I BufferQueueProducer: [StatusBar$_1737#534029](this:0xb400007a1f0ca838,id:-1,api:0,p:-1,c:1039) queueBuffer: fps=1.97 dur=1015.72 max=865.93 min=149.78
10-27 10:29:00.962   991   991 I hwcomposer: [HWCDisplay] [Display_0 (type:1)] fps:11.821736,dur:1015.08,max:648.62,min:16.36  
10-27 10:29:00.970  9688  9708 E IMGMapper: set:488 set: Unset optional value from type SMPTE2086
10-27 10:29:00.970  9688  9708 E IMGMapper: set:488 set: Unset optional value from type CTA861_3
10-27 10:29:00.987  9688  9708 E IMGMapper: set:488 set: Unset optional value from type SMPTE2086
10-27 10:29:00.987  9688  9708 E IMGMapper: set:488 set: Unset optional value from type CTA861_3
10-27 10:29:01.003  9688  9708 E IMGMapper: set:488 set: Unset optional value from type SMPTE2086
10-27 10:29:01.004  9688  9708 E IMGMapper: set:488 set: Unset optional value from type CTA861_3
10-27 10:29:01.004  1187  1303 I GestureDetector: handleMessage TAP
10-27 10:29:01.005  1187  1187 I GestureDetector: handleMessage TAP
10-27 10:29:01.022  9688  9708 E IMGMapper: set:488 set: Unset optional value from type SMPTE2086
10-27 10:29:01.022  9688  9708 E IMGMapper: set:488 set: Unset optional value from type CTA861_3
10-27 10:29:01.089  1187  3218 D CustomizedBinderCallsStatsInternal: reportCpuUsage() : 2%
10-27 10:29:01.090  1187  1334 I BinderCallsStats: Collected cpu time : 0us, collected call count : 0 for 240504 ms
10-27 10:29:01.536  7927  8196 I MlsIntegration: Treatment for Weblab MLS_USE_PSEUDO_DEVICE_ID_ANDROID_1109242 is C_default (changed?: false)
10-27 10:29:01.669   543   543 D io_stats: !@ 179,0 r 547123599 6616600674 w 95018869 1004946676 d 1259527 33790592 f 0 0 iot 273893480 0 th 0 0 0 pt 0 inp 0 0 2923643.301
10-27 10:29:01.755 28630 28703 D WM-SystemJobScheduler: Scheduling work ID 445a4cdd-1e90-4551-b6cc-90ea928c7003Job ID 672542
10-27 10:29:01.767  1187  1479 I ActivityManager: Changes in 10250 19 to 8, 0 to 8
10-27 10:29:01.769  1187  1352 E AppOps  : evalMode() Foreground mode : uid - 10250, op - 27, capability - 8
10-27 10:29:01.769  1187  1352 E AppOps  : evalMode() Foreground mode : uid - 10250, op - 26, capability - 8
10-27 10:29:01.769  1187  1352 E AppOps  : evalMode() Foreground mode : uid - 10250, op - 1, capability - 8
10-27 10:29:01.771 18481 18493 I dwbx    : (REDACTED) appOpsListener %s %s
10-27 10:29:01.771 18481 18493 I dwbx    : (REDACTED) Ignoring irrelevant audio permission changes for package %s
10-27 10:29:01.782 28630 28630 D WM-SystemJobService: onStartJob for WorkGenerationalId(workSpecId=445a4cdd-1e90-4551-b6cc-90ea928c7003, generation=0)
10-27 10:29:01.784 28630 28703 D WM-GreedyScheduler: Starting tracking for 445a4cdd-1e90-4551-b6cc-90ea928c7003
10-27 10:29:01.787  1187  1479 D InputDispatcher: Inject motion (9869/2000): action=0x0, time=2923643420000000, f=0x0, d=0 dsdx=1.000000 dtdx=0.000000
10-27 10:29:01.788 28630 28704 D WM-Processor: H1d: processing WorkGenerationalId(workSpecId=445a4cdd-1e90-4551-b6cc-90ea928c7003, generation=0)
10-27 10:29:01.788  1187  1534 I InputDispatcher: Delivering touch to (1737): action: 0x4, f=0x0, d=0, 'd92b8ad', t=1 
10-27 10:29:01.788  1187  1534 I InputDispatcher: Delivering touch to (9688): action: 0x0, f=0x0, d=0, 'b3be57a', t=1 
10-27 10:29:01.788  1187  1534 D PowerManagerService: [api] userActivityFromNative :  (event: 2 flags: 0 displayId: 0) eventTime = 2923643420
10-27 10:29:01.789  9688  9688 I ViewRootImpl@d913698[MainActivity]: ViewPostIme pointer 0
10-27 10:29:01.790  1187  1303 I GestureDetector: obtain mCurrentDownEvent. id: -731467443 caller: com.android.server.wm.SystemGesturesPointerEventListener.onPointerEvent:203 com.android.server.wm.PointerEventDispatcher.onInputEvent:53 android.view.InputEventReceiver.dispatchInputEvent:285 
10-27 10:29:01.790  1187  1303 I GestureDetector: obtain mCurrentDownEvent. id: -731467443 caller: com.android.server.wm.SystemPerformancePointerEventListener.onPointerEvent:89 com.android.server.wm.PointerEventDispatcher.onInputEvent:53 android.view.InputEventReceiver.dispatchInputEvent:285 
10-27 10:29:01.795  1187  1479 D InputDispatcher: Inject motion (9869/2000): action=0x1, time=2923643420000000, f=0x0, d=0 dsdx=1.000000 dtdx=0.000000
10-27 10:29:01.795  1187  1534 I InputDispatcher: Delivering touch to (9688): action: 0x1, f=0x0, d=0, 'b3be57a', t=1 
10-27 10:29:01.796  9688  9688 I ViewRootImpl@d913698[MainActivity]: ViewPostIme pointer 1
10-27 10:29:01.796  1187  1303 I GestureDetector: obtain mCurrentMotionEventRaw. action: 1 id: -30278760
10-27 10:29:01.796  1187  1303 I GestureDetector: obtain mCurrentMotionEventRaw. action: 1 id: -30278760
10-27 10:29:01.805 28630 28630 D WM-WorkerWrapper: Starting work for com.whatsapp.messaging.xmpp.XmppLifecycleWorker
10-27 10:29:01.810 28630 28706 D WM-ConstraintTracker: H10: initial state = NetworkState(isConnected=true, isValidated=true, isMetered=true, isNotRoaming=true)
10-27 10:29:01.810 28630 28706 D WM-NetworkStateTracker: Registering network callback
10-27 10:29:01.811 28630 28706 D ConnectivityManager: StackLog: [android.net.ConnectivityManager.sendRequestForNetwork(ConnectivityManager.java:4402)] [android.net.ConnectivityManager.registerDefaultNetworkCallbackForUid(ConnectivityManager.java:4966)] [android.net.ConnectivityManager.registerDefaultNetworkCallback(ConnectivityManager.java:4933)] [android.net.ConnectivityManager.registerDefaultNetworkCallback(ConnectivityManager.java:4907)] [X.H10.A03(:20)] [androidx.work.impl.constraints.controllers.BaseConstraintController$track$1.invokeSuspend(:81)] [androidx.work.impl.constraints.controllers.BaseConstraintController$track$1.invoke(:8)] [X.1al.A00(:2)] [X.1an.A00(:52)] [X.1af.invokeSuspend(:26)] [X.0xO.resumeWith(:8)] [X.0xr.run(:89)] [X.H2M.run(:2)] [java.util.concurrent.ThreadPoolExecutor.runWorker(ThreadPoolExecutor.java:1145)] [java.util.concurrent.ThreadPoolExecutor$Worker.run(ThreadPoolExecutor.java:644)] [java.lang.Thread.run(Thread.java:1012)]
10-27 10:29:01.813  1187  1479 D ConnectivityService: requestNetwork for uid/pid:10250/28630 activeRequest: null callbackRequest: 13487 [NetworkRequest [ REQUEST id=13488, [ Capabilities: INTERNET&NOT_RESTRICTED&TRUSTED&NOT_VCN_MANAGED Uid: 10250 RequestorUid: 10250 RequestorPkg: com.whatsapp UnderlyingNetworks: Null] ]] callback flags: 0 order: 2147483647
10-27 10:29:01.814  1187  1588 D ConnectivityService:    accepting network in place of null for NetworkRequest [ REQUEST id=13488, [ Capabilities: INTERNET&NOT_RESTRICTED&TRUSTED&NOT_VCN_MANAGED Uid: 10250 RequestorUid: 10250 RequestorPkg: com.whatsapp UnderlyingNetworks: Null] ]
10-27 10:29:01.816 28630 28706 D WM-GreedyScheduler: Constraints met: Scheduling work ID WorkGenerationalId(workSpecId=445a4cdd-1e90-4551-b6cc-90ea928c7003, generation=0)
10-27 10:29:01.817  9688  9708 E IMGMapper: set:488 set: Unset optional value from type SMPTE2086
10-27 10:29:01.817 28630 28876 D WM-NetworkStateTracker: Network capabilities changed: [ Transports: CELLULAR Capabilities: SUPL&INTERNET&NOT_RESTRICTED&TRUSTED&NOT_VPN&VALIDATED&NOT_ROAMING&FOREGROUND&NOT_CONGESTED&NOT_SUSPENDED&NOT_VCN_MANAGED LinkUpBandwidth>=12134Kbps LinkDnBandwidth>=7237Kbps Specifier: <TelephonyNetworkSpecifier [mSubId = 2]> SubscriptionIds: {2} UnderlyingNetworks: Null]
10-27 10:29:01.817  9688  9708 E IMGMapper: set:488 set: Unset optional value from type CTA861_3
10-27 10:29:01.819 28630 28706 D WM-Processor: Work WorkGenerationalId(workSpecId=445a4cdd-1e90-4551-b6cc-90ea928c7003, generation=0) is already enqueued for processing
10-27 10:29:01.824  1039  1039 I BufferQueueProducer: [com.cinemamovel/com.cinemamovel.MainActivity$_9688#594451](this:0xb400007a3dbdb838,id:-1,api:0,p:-1,c:1039) queueBuffer: fps=14.79 dur=1081.71 max=782.01 min=15.98
10-27 10:29:01.828  1187  1566 D WifiNetworkFactory: got request NetworkRequest [ REQUEST id=13488, [ Capabilities: INTERNET&NOT_RESTRICTED&TRUSTED&NOT_VCN_MANAGED Uid: 10250 RequestorUid: 10250 RequestorPkg: com.whatsapp UnderlyingNetworks: Null] ]
10-27 10:29:01.829  1187  1566 D UntrustedWifiNetworkFactory: got request NetworkRequest [ REQUEST id=13488, [ Capabilities: INTERNET&NOT_RESTRICTED&TRUSTED&NOT_VCN_MANAGED Uid: 10250 RequestorUid: 10250 RequestorPkg: com.whatsapp UnderlyingNetworks: Null] ]
10-27 10:29:01.830  1187  1566 D OemPaidWifiNetworkFactory: got request NetworkRequest [ REQUEST id=13488, [ Capabilities: INTERNET&NOT_RESTRICTED&TRUSTED&NOT_VCN_MANAGED Uid: 10250 RequestorUid: 10250 RequestorPkg: com.whatsapp UnderlyingNetworks: Null] ]
10-27 10:29:01.830  1187  1566 D MultiInternetWifiNetworkFactory: got request NetworkRequest [ REQUEST id=13488, [ Capabilities: INTERNET&NOT_RESTRICTED&TRUSTED&NOT_VCN_MANAGED Uid: 10250 RequestorUid: 10250 RequestorPkg: com.whatsapp UnderlyingNetworks: Null] ]
10-27 10:29:01.830  1187  1588 D ConnectivityService: Rematched networks [computed 1ms] [applied 3ms] [issued 13]
10-27 10:29:01.830  1187  1588 D ConnectivityService: NetworkReassignment :
10-27 10:29:01.830  1187  1588 D ConnectivityService:   13488 : null  132
10-27 10:29:01.848  9688  9708 E IMGMapper: set:488 set: Unset optional value from type SMPTE2086
10-27 10:29:01.849  9688  9708 E IMGMapper: set:488 set: Unset optional value from type CTA861_3
10-27 10:29:01.865  9688  9708 E IMGMapper: set:488 set: Unset optional value from type SMPTE2086
10-27 10:29:01.865  9688  9708 E IMGMapper: set:488 set: Unset optional value from type CTA861_3
10-27 10:29:01.894  9688  9708 E IMGMapper: set:488 set: Unset optional value from type SMPTE2086
10-27 10:29:01.894  9688  9708 E IMGMapper: set:488 set: Unset optional value from type CTA861_3
10-27 10:29:01.901  9688  9708 E IMGMapper: set:488 set: Unset optional value from type SMPTE2086
10-27 10:29:01.902  9688  9708 E IMGMapper: set:488 set: Unset optional value from type CTA861_3
10-27 10:29:01.919  9688  9708 E IMGMapper: set:488 set: Unset optional value from type SMPTE2086
10-27 10:29:01.919  9688  9708 E IMGMapper: set:488 set: Unset optional value from type CTA861_3
10-27 10:29:01.922  1737  1942 D MobileStatusTracker(0/2): onSignalStrengthsChanged level=4, vendorLevel=3
10-27 10:29:01.931  1737  1942 D MobileSignalController(0/2): notifyListener: enabled=true, connected=true, dataConnected=true, networkType=LTE (4G), emergencyOnly=false, roaming=false, isDefault=true, dataActivity=, level=3, ca=false, mmWave=false, disabledDataIcon=false, simCard=ETC
10-27 10:29:01.931  1737  1942 D NetworkController: SignalStrength from intent slotId=0
10-27 10:29:01.935  9688  9708 E IMGMapper: set:488 set: Unset optional value from type SMPTE2086
10-27 10:29:01.935  9688  9708 E IMGMapper: set:488 set: Unset optional value from type CTA861_3
10-27 10:29:01.947  1737  1942 D MobileStatusTracker(0/2): onDataActivity: direction=3
10-27 10:29:01.949  1737  1942 D MobileSignalController(0/2): notifyListener: enabled=true, connected=true, dataConnected=true, networkType=LTE (4G), emergencyOnly=false, roaming=false, isDefault=true, dataActivity=inout, level=3, ca=false, mmWave=false, disabledDataIcon=false, simCard=ETC
10-27 10:29:01.952  9688  9708 E IMGMapper: set:488 set: Unset optional value from type SMPTE2086
10-27 10:29:01.952  9688  9708 E IMGMapper: set:488 set: Unset optional value from type CTA861_3
10-27 10:29:01.968  9688  9708 E IMGMapper: set:488 set: Unset optional value from type SMPTE2086
10-27 10:29:01.968  9688  9708 E IMGMapper: set:488 set: Unset optional value from type CTA861_3
10-27 10:29:01.968  1737  1796 E IMGMapper: set:488 set: Unset optional value from type SMPTE2086
10-27 10:29:01.968  1737  1796 E IMGMapper: set:488 set: Unset optional value from type CTA861_3
10-27 10:29:01.975  1039  1039 I BufferQueueProducer: [StatusBar$_1737#534029](this:0xb400007a1f0ca838,id:-1,api:0,p:-1,c:1039) queueBuffer: fps=0.99 dur=1015.07 max=1015.07 min=1015.07
10-27 10:29:01.978   991   991 I hwcomposer: [HWCDisplay] [Display_0 (type:1)] fps:12.799737,dur:1015.65,max:781.48,min:15.77  
10-27 10:29:01.986  9688  9708 E IMGMapper: set:488 set: Unset optional value from type SMPTE2086
10-27 10:29:01.986  9688  9708 E IMGMapper: set:488 set: Unset optional value from type CTA861_3
10-27 10:29:02.002  9688  9708 E IMGMapper: set:488 set: Unset optional value from type SMPTE2086
10-27 10:29:02.002  9688  9708 E IMGMapper: set:488 set: Unset optional value from type CTA861_3
10-27 10:29:02.019  9688  9708 E IMGMapper: set:488 set: Unset optional value from type SMPTE2086
10-27 10:29:02.019  9688  9708 E IMGMapper: set:488 set: Unset optional value from type CTA861_3
10-27 10:29:02.032  1205  1205 I thermal_repeater: socket -1
10-27 10:29:02.036  9688  9708 E IMGMapper: set:488 set: Unset optional value from type SMPTE2086
10-27 10:29:02.036  9688  9708 E IMGMapper: set:488 set: Unset optional value from type CTA861_3
10-27 10:29:02.053  9688  9708 E IMGMapper: set:488 set: Unset optional value from type SMPTE2086
10-27 10:29:02.053  9688  9708 E IMGMapper: set:488 set: Unset optional value from type CTA861_3
10-27 10:29:02.069  9688  9708 E IMGMapper: set:488 set: Unset optional value from type SMPTE2086
10-27 10:29:02.069  9688  9708 E IMGMapper: set:488 set: Unset optional value from type CTA861_3
10-27 10:29:02.085  9688  9708 E IMGMapper: set:488 set: Unset optional value from type SMPTE2086
10-27 10:29:02.085  9688  9708 E IMGMapper: set:488 set: Unset optional value from type CTA861_3
10-27 10:29:02.090  1187  1303 I GestureDetector: handleMessage TAP
10-27 10:29:02.091  1187  1187 I GestureDetector: handleMessage TAP
10-27 10:29:02.105  9688  9708 E IMGMapper: set:488 set: Unset optional value from type SMPTE2086
10-27 10:29:02.106  9688  9708 E IMGMapper: set:488 set: Unset optional value from type CTA861_3
10-27 10:29:02.870  1187  3218 D InputDispatcher: Inject motion (9876/2000): action=0x0, time=2923644502000000, f=0x0, d=0 dsdx=1.000000 dtdx=0.000000
10-27 10:29:02.871  1187  1534 I InputDispatcher: Delivering touch to (1737): action: 0x4, f=0x0, d=0, 'd92b8ad', t=1 
10-27 10:29:02.871  1187  1534 I InputDispatcher: Delivering touch to (9688): action: 0x0, f=0x0, d=0, 'b3be57a', t=1 
10-27 10:29:02.871  1187  1534 D PowerManagerService: [api] userActivityFromNative :  (event: 2 flags: 0 displayId: 0) eventTime = 2923644502
10-27 10:29:02.872  9688  9688 I ViewRootImpl@d913698[MainActivity]: ViewPostIme pointer 0
10-27 10:29:02.872  1187  1303 I GestureDetector: obtain mCurrentDownEvent. id: -46105783 caller: com.android.server.wm.SystemGesturesPointerEventListener.onPointerEvent:203 com.android.server.wm.PointerEventDispatcher.onInputEvent:53 android.view.InputEventReceiver.dispatchInputEvent:285 
10-27 10:29:02.873  1187  1303 I GestureDetector: obtain mCurrentDownEvent. id: -46105783 caller: com.android.server.wm.SystemPerformancePointerEventListener.onPointerEvent:89 com.android.server.wm.PointerEventDispatcher.onInputEvent:53 android.view.InputEventReceiver.dispatchInputEvent:285 
10-27 10:29:02.884  1187  3218 D InputDispatcher: Inject motion (9876/2000): action=0x1, time=2923644502000000, f=0x0, d=0 dsdx=1.000000 dtdx=0.000000
10-27 10:29:02.885  1187  1534 I InputDispatcher: Delivering touch to (9688): action: 0x1, f=0x0, d=0, 'b3be57a', t=1 
10-27 10:29:02.885  9688  9688 I ViewRootImpl@d913698[MainActivity]: ViewPostIme pointer 1
10-27 10:29:02.886  1187  1303 I GestureDetector: obtain mCurrentMotionEventRaw. action: 1 id: -816092694
10-27 10:29:02.886  1187  1303 I GestureDetector: obtain mCurrentMotionEventRaw. action: 1 id: -816092694
10-27 10:29:02.898  9688  9708 E IMGMapper: set:488 set: Unset optional value from type SMPTE2086
10-27 10:29:02.899  9688  9708 E IMGMapper: set:488 set: Unset optional value from type CTA861_3
