10-27 10:29:10.647  1187  1187 I GestureDetector: handleMessage TAP
10-27 10:29:10.661  9688  9708 E IMGMapper: set:488 set: Unset optional value from type SMPTE2086
10-27 10:29:10.662  9688  9708 E IMGMapper: set:488 set: Unset optional value from type CTA861_3
10-27 10:29:10.997  1737  1942 D MobileStatusTracker(0/2): onSignalStrengthsChanged level=4, vendorLevel=3
10-27 10:29:11.000  1737  1942 D MobileSignalController(0/2): notifyListener: enabled=true, connected=true, dataConnected=true, networkType=LTE (4G), emergencyOnly=false, roaming=false, isDefault=true, dataActivity=, level=3, ca=false, mmWave=false, disabledDataIcon=false, simCard=ETC
10-27 10:29:11.003  1737  1942 D NetworkController: SignalStrength from intent slotId=0
10-27 10:29:11.058  1737  1942 D MobileStatusTracker(0/2): onDataActivity: direction=3
10-27 10:29:11.061  1737  1942 D MobileSignalController(0/2): notifyListener: enabled=true, connected=true, dataConnected=true, networkType=LTE (4G), emergencyOnly=false, roaming=false, isDefault=true, dataActivity=inout, level=3, ca=false, mmWave=false, disabledDataIcon=false, simCard=ETC
10-27 10:29:11.073  1737  1796 E IMGMapper: set:488 set: Unset optional value from type SMPTE2086
10-27 10:29:11.073  1737  1796 E IMGMapper: set:488 set: Unset optional value from type CTA861_3
10-27 10:29:11.079  1039  1039 I BufferQueueProducer: [StatusBar$_1737#534029](this:0xb400007a1f0ca838,id:-1,api:0,p:-1,c:1039) queueBuffer: fps=0.33 dur=3028.77 max=3028.77 min=3028.77
10-27 10:29:11.426  1187  3222 D InputDispatcher: Inject key (9911/2000): action=0, f=0x0, d=-1, time=2923653059000000
10-27 10:29:11.426  1187  3222 D WindowManager: interceptKeyTq keycode=4 interactive=true keyguardActive=false policyFlags=2b000000
10-27 10:29:11.427  1187  3222 D PhoneWindowManagerExt: interceptKeyTq code=4 down=true repeatCount=0 displayId=-1 interactive=true
10-27 10:29:11.427  1187  3222 D WindowManager: interceptKeyTq interceptKeyResult=4
10-27 10:29:11.427  1187  1534 D PowerManagerService: [api] userActivityFromNative :  (event: 1 flags: 0 displayId: 0) eventTime = 2923653059
10-27 10:29:11.428  1187  1534 D WindowManager: interceptKeyTi keyCode=4 down=true repeatCount=0 keyguardOn=false canceled=false
10-27 10:29:11.428  1187  1534 D PhoneWindowManagerExt: interceptKeyTi code=4 down=true repeatCount=0 displayId=-1 interactive=true
10-27 10:29:11.429  1187  1534 I InputDispatcher: Delivering key to (9688): B action: 0x0 (0), f=0x0, m=0x0, d=0, 'b3be57a'
10-27 10:29:11.431 23351 23351 I HBD     : b skip onKeyDown as physical keyboard not connected 
10-27 10:29:11.432 23351 23351 I HBD     : HoneyBoardService onKeyDown r:9f06a584 consumed:false 1 
10-27 10:29:11.433  9688  9688 I ViewRootImpl@d913698[MainActivity]: ViewPostIme key 0
10-27 10:29:11.434  9688  9688 D Activity: onKeyDown(KEYCODE_BACK)
10-27 10:29:11.435  1187  3222 D InputDispatcher: Inject key (9911/2000): action=1, f=0x0, d=-1, time=2923653059000000
10-27 10:29:11.435  1187  3222 D WindowManager: interceptKeyTq keycode=4 interactive=true keyguardActive=false policyFlags=2b000000
10-27 10:29:11.435  1187  3222 D PhoneWindowManagerExt: interceptKeyTq code=4 down=false repeatCount=0 displayId=-1 interactive=true
10-27 10:29:11.435  1187  3222 D WindowManager: interceptKeyTq interceptKeyResult=4
10-27 10:29:11.436  1187  1534 D WindowManager: interceptKeyTi keyCode=4 down=false repeatCount=0 keyguardOn=false canceled=false
10-27 10:29:11.436  1187  1534 D PhoneWindowManagerExt: interceptKeyTi code=4 down=false repeatCount=0 displayId=-1 interactive=true
10-27 10:29:11.436  1187  1534 I InputDispatcher: Delivering key to (9688): B action: 0x1 (0), f=0x0, m=0x0, d=0, 'b3be57a'
10-27 10:29:11.438 23351 23351 I HBD     : HoneyBoardService onKeyUp r:1c84946f consumed:false 1 
10-27 10:29:11.440  9688  9688 I ViewRootImpl@d913698[MainActivity]: ViewPostIme key 1
10-27 10:29:11.440  9688  9688 D Activity: onKeyUp(KEYCODE_BACK) isTracking()=true isCanceled()=false hasCallback=false
10-27 10:29:11.489  9688  9715 I ReactNativeJS: ---METRICS_JSON_START---
10-27 10:29:11.489  9688  9715 I ReactNativeJS: {
10-27 10:29:11.489  9688  9715 I ReactNativeJS:   "screenRenders": 15,
10-27 10:29:11.489  9688  9715 I ReactNativeJS:   "componentRenders": {
10-27 10:29:11.489  9688  9715 I ReactNativeJS:     "Loader": 3,
10-27 10:29:11.489  9688  9715 I ReactNativeJS:     "Poster": 12,
10-27 10:29:11.489  9688  9715 I ReactNativeJS:     "InfoBlock": 12,
10-27 10:29:11.489  9688  9715 I ReactNativeJS:     "Genres": 12,
10-27 10:29:11.489  9688  9715 I ReactNativeJS:     "Overview": 12,
10-27 10:29:11.489  9688  9715 I ReactNativeJS:     "ActionButtons": 12
10-27 10:29:11.489  9688  9715 I ReactNativeJS:   },
10-27 10:29:11.489  9688  9715 I ReactNativeJS:   "interactionEvents": [
10-27 10:29:11.489  9688  9715 I ReactNativeJS:     {
10-27 10:29:11.489  9688  9715 I ReactNativeJS:       "action": "toggle_favorite",
10-27 10:29:11.489  9688  9715 I ReactNativeJS:       "timestamp": 1761571733243
10-27 10:29:11.489  9688  9715 I ReactNativeJS:     },
10-27 10:29:11.489  9688  9715 I ReactNativeJS:     {
10-27 10:29:11.489  9688  9715 I ReactNativeJS:       "action": "set_rating_3",
10-27 10:29:11.489  9688  9715 I ReactNativeJS:       "timestamp": 1761571734326
10-27 10:29:11.489  9688  9715 I ReactNativeJS:     },
10-27 10:29:11.489  9688  9715 I ReactNativeJS:     {
10-27 10:29:11.489  9688  9715 I ReactNativeJS:       "action": "toggle_overview",
10-27 10:29:11.489  9688  9715 I ReactNativeJS:       "timestamp": 1761571735430
10-27 10:29:11.489  9688  9715 I ReactNativeJS:     },
10-27 10:29:11.489  9688  9715 I ReactNativeJS:     {
10-27 10:29:11.489  9688  9715 I ReactNativeJS:       "action": "component_unmounted_logged",
10-27 10:29:11.489  9688  9715 I ReactNativeJS:       "timestamp": 1761571736588
10-27 10:29:11.489  9688  9715 I ReactNativeJS:     },
10-27 10:29:11.489  9688  9715 I ReactNativeJS:     {
10-27 10:29:11.489  9688  9715 I ReactNativeJS:       "action": "toggle_favorite",
10-27 10:29:11.489  9688  9715 I ReactNativeJS:       "timestamp": 1761571740734
10-27 10:29:11.489  9688  9715 I ReactNativeJS:     },
10-27 10:29:11.489  9688  9715 I ReactNativeJS:     {
10-27 10:29:11.489  9688  9715 I ReactNativeJS:       "action": "set_rating_3",
10-27 10:29:11.489  9688  9715 I ReactNativeJS:       "timestamp": 1761571741813
10-27 10:29:11.489  9688  9715 I ReactNativeJS:     },
10-27 10:29:11.489  9688  9715 I ReactNativeJS:     {
10-27 10:29:11.489  9688  9715 I ReactNativeJS:       "action": "toggle_overview",
10-27 10:29:11.489  9688  9715 I ReactNativeJS:       "timestamp": 1761571742895
10-27 10:29:11.489  9688  9715 I ReactNativeJS:     },
10-27 10:29:11.489  9688  9715 I ReactNativeJS:     {
10-27 10:29:11.489  9688  9715 I ReactNativeJS:       "action": "component_unmounted_logged",
10-27 10:29:11.489  9688  9715 I ReactNativeJS:       "timestamp": 1761571744027
10-27 10:29:11.489  9688  9715 I ReactNativeJS:     },
10-27 10:29:11.489  9688  9715 I ReactNativeJS:     {
10-27 10:29:11.489  9688  9715 I ReactNativeJS:       "action": "toggle_favorite",
10-27 10:29:11.489  9688  9715 I ReactNativeJS:       "timestamp": 1761571748190
10-27 10:29:11.489  9688  9715 I ReactNativeJS:     },
10-27 10:29:11.489  9688  9715 I ReactNativeJS:     {
10-27 10:29:11.489  9688  9715 I ReactNativeJS:       "action": "set_rating_3",
10-27 10:29:11.489  9688  9715 I ReactNativeJS:       "timestamp": 1761571749290
10-27 10:29:11.489  9688  9715 I ReactNativeJS:     },
10-27 10:29:11.489  9688  9715 I ReactNativeJS:     {
10-27 10:29:11.489  9688  9715 I ReactNativeJS:       "action": "toggle_overview",
10-27 10:29:11.489  9688  9715 I ReactNativeJS:       "timestamp": 1761571750371
10-27 10:29:11.489  9688  9715 I ReactNativeJS:     },
10-27 10:29:11.489  9688  9715 I ReactNativeJS:     {
10-27 10:29:11.489  9688  9715 I ReactNativeJS:       "action": "component_unmounted_logged",
10-27 10:29:11.489  9688  9715 I ReactNativeJS:       "timestamp": 1761571751489
10-27 10:29:11.489  9688  9715 I ReactNativeJS:     }
10-27 10:29:11.489  9688  9715 I ReactNativeJS:   ]
10-27 10:29:11.489  9688  9715 I ReactNativeJS: }
10-27 10:29:11.489  9688  9715 I ReactNativeJS: ---METRICS_JSON_END---
10-27 10:29:11.545  9688  9708 E IMGMapper: set:488 set: Unset optional value from type SMPTE2086
10-27 10:29:11.545  9688  9708 E IMGMapper: set:488 set: Unset optional value from type CTA861_3
10-27 10:29:11.561  1039  1039 I BufferQueueProducer: [com.cinemamovel/com.cinemamovel.MainActivity$_9688#594451](this:0xb400007a3dbdb838,id:-1,api:0,p:-1,c:1039) queueBuffer: fps=13.54 dur=1181.50 max=881.86 min=16.18
10-27 10:29:11.563   991   991 I hwcomposer: [HWCDisplay] [Display_0 (type:1)] fps:14.383597,dur:1181.90,max:481.11,min:15.77  
10-27 10:29:11.605  9688  9708 E IMGMapper: set:488 set: Unset optional value from type SMPTE2086
10-27 10:29:11.605  9688  9708 E IMGMapper: set:488 set: Unset optional value from type CTA861_3
10-27 10:29:11.618  9688  9708 E IMGMapper: set:488 set: Unset optional value from type SMPTE2086
10-27 10:29:11.618  9688  9708 E IMGMapper: set:488 set: Unset optional value from type CTA861_3
10-27 10:29:11.629  9688  9708 E IMGMapper: set:488 set: Unset optional value from type SMPTE2086
10-27 10:29:11.629  9688  9708 E IMGMapper: set:488 set: Unset optional value from type CTA861_3
10-27 10:29:11.643  9688  9708 E IMGMapper: set:488 set: Unset optional value from type SMPTE2086
10-27 10:29:11.643  9688  9708 E IMGMapper: set:488 set: Unset optional value from type CTA861_3
10-27 10:29:11.662  9688  9708 E IMGMapper: set:488 set: Unset optional value from type SMPTE2086
10-27 10:29:11.662  9688  9708 E IMGMapper: set:488 set: Unset optional value from type CTA861_3
10-27 10:29:11.674   543   543 D io_stats: !@ 179,0 r 547123765 6616601550 w 95018988 1004947332 d 1259527 33790592 f 0 0 iot 273893660 0 th 0 0 0 pt 0 inp 0 0 2923653.307
10-27 10:29:11.676  9688  9708 E IMGMapper: set:488 set: Unset optional value from type SMPTE2086
10-27 10:29:11.676  9688  9708 E IMGMapper: set:488 set: Unset optional value from type CTA861_3
10-27 10:29:11.691  9688  9708 E IMGMapper: set:488 set: Unset optional value from type SMPTE2086
10-27 10:29:11.691  9688  9708 E IMGMapper: set:488 set: Unset optional value from type CTA861_3
10-27 10:29:11.709  9688  9708 E IMGMapper: set:488 set: Unset optional value from type SMPTE2086
10-27 10:29:11.709  9688  9708 E IMGMapper: set:488 set: Unset optional value from type CTA861_3
10-27 10:29:11.725  9688  9708 E IMGMapper: set:488 set: Unset optional value from type SMPTE2086
10-27 10:29:11.726  9688  9708 E IMGMapper: set:488 set: Unset optional value from type CTA861_3
10-27 10:29:11.742  9688  9708 E IMGMapper: set:488 set: Unset optional value from type SMPTE2086
10-27 10:29:11.742  9688  9708 E IMGMapper: set:488 set: Unset optional value from type CTA861_3
10-27 10:29:11.759  9688  9708 E IMGMapper: set:488 set: Unset optional value from type SMPTE2086
10-27 10:29:11.759  9688  9708 E IMGMapper: set:488 set: Unset optional value from type CTA861_3
10-27 10:29:11.775  9688  9708 E IMGMapper: set:488 set: Unset optional value from type SMPTE2086
10-27 10:29:11.775  9688  9708 E IMGMapper: set:488 set: Unset optional value from type CTA861_3
10-27 10:29:11.793  9688  9708 E IMGMapper: set:488 set: Unset optional value from type SMPTE2086
10-27 10:29:11.793  9688  9708 E IMGMapper: set:488 set: Unset optional value from type CTA861_3
10-27 10:29:11.810  9688  9708 E IMGMapper: set:488 set: Unset optional value from type SMPTE2086
10-27 10:29:11.810  9688  9708 E IMGMapper: set:488 set: Unset optional value from type CTA861_3
10-27 10:29:11.825  9688  9708 E IMGMapper: set:488 set: Unset optional value from type SMPTE2086
10-27 10:29:11.826  9688  9708 E IMGMapper: set:488 set: Unset optional value from type CTA861_3
10-27 10:29:11.842  9688  9708 E IMGMapper: set:488 set: Unset optional value from type SMPTE2086
10-27 10:29:11.843  9688  9708 E IMGMapper: set:488 set: Unset optional value from type CTA861_3
10-27 10:29:11.858  9688  9708 E IMGMapper: set:488 set: Unset optional value from type SMPTE2086
10-27 10:29:11.858  9688  9708 E IMGMapper: set:488 set: Unset optional value from type CTA861_3
10-27 10:29:11.876  9688  9708 E IMGMapper: set:488 set: Unset optional value from type SMPTE2086
10-27 10:29:11.876  9688  9708 E IMGMapper: set:488 set: Unset optional value from type CTA861_3
10-27 10:29:11.892  9688  9708 E IMGMapper: set:488 set: Unset optional value from type SMPTE2086
10-27 10:29:11.892  9688  9708 E IMGMapper: set:488 set: Unset optional value from type CTA861_3
10-27 10:29:11.909  9688  9708 E IMGMapper: set:488 set: Unset optional value from type SMPTE2086
10-27 10:29:11.909  9688  9708 E IMGMapper: set:488 set: Unset optional value from type CTA861_3
10-27 10:29:11.925  9688  9708 E IMGMapper: set:488 set: Unset optional value from type SMPTE2086
10-27 10:29:11.925  9688  9708 E IMGMapper: set:488 set: Unset optional value from type CTA861_3
10-27 10:29:11.942  9688  9708 E IMGMapper: set:488 set: Unset optional value from type SMPTE2086
10-27 10:29:11.942  9688  9708 E IMGMapper: set:488 set: Unset optional value from type CTA861_3
10-27 10:29:11.958  9688  9708 E IMGMapper: set:488 set: Unset optional value from type SMPTE2086
10-27 10:29:11.959  9688  9708 E IMGMapper: set:488 set: Unset optional value from type CTA861_3
10-27 10:29:11.975  9688  9708 E IMGMapper: set:488 set: Unset optional value from type SMPTE2086
10-27 10:29:11.975  9688  9708 E IMGMapper: set:488 set: Unset optional value from type CTA861_3
10-27 10:29:11.992  1737  1942 D MobileStatusTracker(0/2): onSignalStrengthsChanged level=4, vendorLevel=3
10-27 10:29:11.999  9688  9708 E IMGMapper: set:488 set: Unset optional value from type SMPTE2086
10-27 10:29:11.999  9688  9708 E IMGMapper: set:488 set: Unset optional value from type CTA861_3
10-27 10:29:12.001  1737  1942 D MobileSignalController(0/2): notifyListener: enabled=true, connected=true, dataConnected=true, networkType=LTE (4G), emergencyOnly=false, roaming=false, isDefault=true, dataActivity=inout, level=3, ca=false, mmWave=false, disabledDataIcon=false, simCard=ETC
10-27 10:29:12.002  1737  1942 D NetworkController: SignalStrength from intent slotId=0
10-27 10:29:12.009  9688  9708 E IMGMapper: set:488 set: Unset optional value from type SMPTE2086
10-27 10:29:12.009  9688  9708 E IMGMapper: set:488 set: Unset optional value from type CTA861_3
10-27 10:29:12.025  9688  9708 E IMGMapper: set:488 set: Unset optional value from type SMPTE2086
10-27 10:29:12.025  9688  9708 E IMGMapper: set:488 set: Unset optional value from type CTA861_3
10-27 10:29:12.033  1205  1205 I thermal_repeater: socket -1
10-27 10:29:12.041  9688  9708 E IMGMapper: set:488 set: Unset optional value from type SMPTE2086
10-27 10:29:12.041  9688  9708 E IMGMapper: set:488 set: Unset optional value from type CTA861_3
10-27 10:29:12.058  9688  9708 E IMGMapper: set:488 set: Unset optional value from type SMPTE2086
10-27 10:29:12.058  9688  9708 E IMGMapper: set:488 set: Unset optional value from type CTA861_3
10-27 10:29:12.073  9688  9708 E IMGMapper: set:488 set: Unset optional value from type SMPTE2086
10-27 10:29:12.073  9688  9708 E IMGMapper: set:488 set: Unset optional value from type CTA861_3
10-27 10:29:12.074  1737  1942 D MobileStatusTracker(0/2): onDataActivity: direction=0
10-27 10:29:12.075  1737  1942 D MobileSignalController(0/2): notifyListener: enabled=true, connected=true, dataConnected=true, networkType=LTE (4G), emergencyOnly=false, roaming=false, isDefault=true, dataActivity=, level=3, ca=false, mmWave=false, disabledDataIcon=false, simCard=ETC
10-27 10:29:12.085  1737  1796 E IMGMapper: set:488 set: Unset optional value from type SMPTE2086
10-27 10:29:12.085  1737  1796 E IMGMapper: set:488 set: Unset optional value from type CTA861_3
10-27 10:29:12.087  9688  9708 E IMGMapper: set:488 set: Unset optional value from type SMPTE2086
10-27 10:29:12.087  9688  9708 E IMGMapper: set:488 set: Unset optional value from type CTA861_3
10-27 10:29:12.094  1039  1039 I BufferQueueProducer: [StatusBar$_1737#534029](this:0xb400007a1f0ca838,id:-1,api:0,p:-1,c:1039) queueBuffer: fps=0.98 dur=1015.32 max=1015.32 min=1015.32
10-27 10:29:12.774  1045  1056 D ccci_mdinit: (1):monitor_time_update_thread round:167861 ########
10-27 10:29:12.997  1737  1942 D MobileStatusTracker(0/2): onSignalStrengthsChanged level=4, vendorLevel=3
10-27 10:29:13.001  1737  1942 D MobileSignalController(0/2): notifyListener: enabled=true, connected=true, dataConnected=true, networkType=LTE (4G), emergencyOnly=false, roaming=false, isDefault=true, dataActivity=, level=3, ca=false, mmWave=false, disabledDataIcon=false, simCard=ETC
10-27 10:29:13.002  1737  1942 D NetworkController: SignalStrength from intent slotId=0
10-27 10:29:13.351  1187  1369 D PowerManagerService: UserActivityStateListenerState: 0
10-27 10:29:13.395  1737  1942 D MobileStatusTracker(1/1): onSignalStrengthsChanged level=4, vendorLevel=4
10-27 10:29:13.397  1737  1942 D MobileSignalController(1/1): notifyListener: enabled=true, connected=true, dataConnected=false, networkType=UMTS (3G), emergencyOnly=true, roaming=false, isDefault=true, dataActivity=, level=4, ca=false, mmWave=false, disabledDataIcon=false, simCard=ETC
10-27 10:29:13.398  1737  1942 D NetworkController: SignalStrength from intent slotId=1
10-27 10:29:13.516  1187  3218 D InputDispatcher: Inject motion (9917/2000): action=0x0, time=2923655148000000, f=0x0, d=0 dsdx=1.000000 dtdx=0.000000
10-27 10:29:13.517  1187  1534 I InputDispatcher: Delivering touch to (1737): action: 0x4, f=0x0, d=0, 'd92b8ad', t=1 
10-27 10:29:13.517  1187  1534 I InputDispatcher: Delivering touch to (9688): action: 0x0, f=0x0, d=0, 'b3be57a', t=1 
10-27 10:29:13.517  1187  1534 D PowerManagerService: [api] userActivityFromNative :  (event: 2 flags: 0 displayId: 0) eventTime = 2923655148
10-27 10:29:13.517  9688  9688 I ViewRootImpl@d913698[MainActivity]: ViewPostIme pointer 0
10-27 10:29:13.518  1187  1534 D PowerManagerService: UserActivityStateListenerState: 1
10-27 10:29:13.518  1187  1303 I GestureDetector: obtain mCurrentDownEvent. id: -234055988 caller: com.android.server.wm.SystemGesturesPointerEventListener.onPointerEvent:203 com.android.server.wm.PointerEventDispatcher.onInputEvent:53 android.view.InputEventReceiver.dispatchInputEvent:285 
10-27 10:29:13.519  1187  1303 I GestureDetector: obtain mCurrentDownEvent. id: -234055988 caller: com.android.server.wm.SystemPerformancePointerEventListener.onPointerEvent:89 com.android.server.wm.PointerEventDispatcher.onInputEvent:53 android.view.InputEventReceiver.dispatchInputEvent:285 
10-27 10:29:13.527  1187  3218 D InputDispatcher: Inject motion (9917/2000): action=0x1, time=2923655148000000, f=0x0, d=0 dsdx=1.000000 dtdx=0.000000
10-27 10:29:13.527  1187  1534 I InputDispatcher: Delivering touch to (9688): action: 0x1, f=0x0, d=0, 'b3be57a', t=1 
10-27 10:29:13.528  9688  9688 I ViewRootImpl@d913698[MainActivity]: ViewPostIme pointer 1
10-27 10:29:13.528  1187  1303 I GestureDetector: obtain mCurrentMotionEventRaw. action: 1 id: -531012044
10-27 10:29:13.528  1187  1303 I GestureDetector: obtain mCurrentMotionEventRaw. action: 1 id: -531012044
10-27 10:29:13.555  9688  9708 E IMGMapper: set:488 set: Unset optional value from type SMPTE2086
10-27 10:29:13.555  9688  9708 E IMGMapper: set:488 set: Unset optional value from type CTA861_3
10-27 10:29:13.560  1039  1039 I BufferQueueProducer: [com.cinemamovel/com.cinemamovel.MainActivity$_9688#594451](this:0xb400007a3dbdb838,id:-1,api:0,p:-1,c:1039) queueBuffer: fps=16.01 dur=1998.28 max=1448.83 min=15.88
10-27 10:29:13.562   991   991 I hwcomposer: [HWCDisplay] [Display_0 (type:1)] fps:16.008173,dur:1998.98,max:1449.38,min:15.36  
10-27 10:29:13.584  9688  9708 E IMGMapper: set:488 set: Unset optional value from type SMPTE2086
10-27 10:29:13.584  9688  9708 E IMGMapper: set:488 set: Unset optional value from type CTA861_3
10-27 10:29:13.604  9688  9708 E IMGMapper: set:488 set: Unset optional value from type SMPTE2086
10-27 10:29:13.604  9688  9708 E IMGMapper: set:488 set: Unset optional value from type CTA861_3
10-27 10:29:13.627  9688  9708 E IMGMapper: set:488 set: Unset optional value from type SMPTE2086
10-27 10:29:13.627  9688  9708 E IMGMapper: set:488 set: Unset optional value from type CTA861_3
10-27 10:29:13.631  9688  9688 W [RNScreens]: backTitleVisible prop is not available on Android
10-27 10:29:13.631  9688  9688 W [RNScreens]: backTitleFontFamily prop is not available on Android
10-27 10:29:13.631  9688  9688 W [RNScreens]: disableBackButtonMenu prop is not available on Android
10-27 10:29:13.631  9688  9688 W [RNScreens]: largeTitleFontFamily prop is not available on Android
10-27 10:29:13.631  9688  9688 W [RNScreens]: largeTitleFontWeight prop is not available on Android
10-27 10:29:13.632  9688  9688 W [RNScreens]: largeTitleHideShadow prop is not available on Android
10-27 10:29:13.660  9688  9708 E IMGMapper: set:488 set: Unset optional value from type SMPTE2086
10-27 10:29:13.661  9688  9708 E IMGMapper: set:488 set: Unset optional value from type CTA861_3
10-27 10:29:13.675   543   543 D io_stats: !@ 179,0 r 547123767 6616601558 w 95018994 1004947372 d 1259527 33790592 f 0 0 iot 273893664 0 th 0 0 0 pt 0 inp 0 0 2923655.308
10-27 10:29:13.695  9688  9708 E IMGMapper: set:488 set: Unset optional value from type SMPTE2086
10-27 10:29:13.695  9688  9708 E IMGMapper: set:488 set: Unset optional value from type CTA861_3
10-27 10:29:13.709  9688  9708 E IMGMapper: set:488 set: Unset optional value from type SMPTE2086
10-27 10:29:13.709  9688  9708 E IMGMapper: set:488 set: Unset optional value from type CTA861_3
10-27 10:29:13.732  9688  9708 E IMGMapper: set:488 set: Unset optional value from type SMPTE2086
10-27 10:29:13.732  9688  9708 E IMGMapper: set:488 set: Unset optional value from type CTA861_3
10-27 10:29:13.769  9688  9688 D ScrollView: initGoToTop
10-27 10:29:13.812  9688  9708 E IMGMapper: set:488 set: Unset optional value from type SMPTE2086
10-27 10:29:13.813  9688  9708 E IMGMapper: set:488 set: Unset optional value from type CTA861_3
10-27 10:29:13.818  1187  1303 I GestureDetector: handleMessage TAP
10-27 10:29:13.819  1187  1187 I GestureDetector: handleMessage TAP
10-27 10:29:13.836  9688  9708 E IMGMapper: set:488 set: Unset optional value from type SMPTE2086
10-27 10:29:13.836  9688  9708 E IMGMapper: set:488 set: Unset optional value from type CTA861_3
10-27 10:29:13.851  9688  9708 E IMGMapper: set:488 set: Unset optional value from type SMPTE2086
10-27 10:29:13.851  9688  9708 E IMGMapper: set:488 set: Unset optional value from type CTA861_3
10-27 10:29:13.867  9688  9708 E IMGMapper: set:488 set: Unset optional value from type SMPTE2086
10-27 10:29:13.867  9688  9708 E IMGMapper: set:488 set: Unset optional value from type CTA861_3
10-27 10:29:13.880  9688  9708 E IMGMapper: set:488 set: Unset optional value from type SMPTE2086
10-27 10:29:13.880  9688  9708 E IMGMapper: set:488 set: Unset optional value from type CTA861_3
10-27 10:29:13.893  9688  9708 E IMGMapper: set:488 set: Unset optional value from type SMPTE2086
10-27 10:29:13.893  9688  9708 E IMGMapper: set:488 set: Unset optional value from type CTA861_3
10-27 10:29:13.907  9688  9708 E IMGMapper: set:488 set: Unset optional value from type SMPTE2086
10-27 10:29:13.907  9688  9708 E IMGMapper: set:488 set: Unset optional value from type CTA861_3
10-27 10:29:13.926  9688  9708 E IMGMapper: set:488 set: Unset optional value from type SMPTE2086
10-27 10:29:13.927  9688  9708 E IMGMapper: set:488 set: Unset optional value from type CTA861_3
10-27 10:29:13.941  9688  9708 E IMGMapper: set:488 set: Unset optional value from type SMPTE2086
10-27 10:29:13.941  9688  9708 E IMGMapper: set:488 set: Unset optional value from type CTA861_3
10-27 10:29:13.958  9688  9708 E IMGMapper: set:488 set: Unset optional value from type SMPTE2086
10-27 10:29:13.958  9688  9708 E IMGMapper: set:488 set: Unset optional value from type CTA861_3
10-27 10:29:13.977  9688  9708 E IMGMapper: set:488 set: Unset optional value from type SMPTE2086
10-27 10:29:13.977  9688  9708 E IMGMapper: set:488 set: Unset optional value from type CTA861_3
10-27 10:29:13.990  1737  1942 D MobileStatusTracker(0/2): onSignalStrengthsChanged level=4, vendorLevel=3
10-27 10:29:13.994  1737  1942 D MobileSignalController(0/2): notifyListener: enabled=true, connected=true, dataConnected=true, networkType=LTE (4G), emergencyOnly=false, roaming=false, isDefault=true, dataActivity=, level=3, ca=false, mmWave=false, disabledDataIcon=false, simCard=ETC
10-27 10:29:13.994  1737  1942 D NetworkController: SignalStrength from intent slotId=0
10-27 10:29:14.000  9688  9708 E IMGMapper: set:488 set: Unset optional value from type SMPTE2086
10-27 10:29:14.000  9688  9708 E IMGMapper: set:488 set: Unset optional value from type CTA861_3
10-27 10:29:14.009  9688  9708 E IMGMapper: set:488 set: Unset optional value from type SMPTE2086
10-27 10:29:14.010  9688  9708 E IMGMapper: set:488 set: Unset optional value from type CTA861_3
10-27 10:29:14.025  9688  9708 E IMGMapper: set:488 set: Unset optional value from type SMPTE2086
10-27 10:29:14.025  9688  9708 E IMGMapper: set:488 set: Unset optional value from type CTA861_3
10-27 10:29:14.042  9688  9708 E IMGMapper: set:488 set: Unset optional value from type SMPTE2086
10-27 10:29:14.042  9688  9708 E IMGMapper: set:488 set: Unset optional value from type CTA861_3
10-27 10:29:14.058  9688  9708 E IMGMapper: set:488 set: Unset optional value from type SMPTE2086
10-27 10:29:14.058  9688  9708 E IMGMapper: set:488 set: Unset optional value from type CTA861_3
10-27 10:29:14.075  9688  9708 E IMGMapper: set:488 set: Unset optional value from type SMPTE2086
10-27 10:29:14.075  9688  9708 E IMGMapper: set:488 set: Unset optional value from type CTA861_3
10-27 10:29:14.093  9688  9708 E IMGMapper: set:488 set: Unset optional value from type SMPTE2086
10-27 10:29:14.093  9688  9708 E IMGMapper: set:488 set: Unset optional value from type CTA861_3
10-27 10:29:14.110  9688  9708 E IMGMapper: set:488 set: Unset optional value from type SMPTE2086
10-27 10:29:14.110  9688  9708 E IMGMapper: set:488 set: Unset optional value from type CTA861_3
10-27 10:29:14.126  9688  9708 E IMGMapper: set:488 set: Unset optional value from type SMPTE2086
10-27 10:29:14.127  9688  9708 E IMGMapper: set:488 set: Unset optional value from type CTA861_3
10-27 10:29:14.137  9688  9708 E IMGMapper: set:488 set: Unset optional value from type SMPTE2086
10-27 10:29:14.137  9688  9708 E IMGMapper: set:488 set: Unset optional value from type CTA861_3
10-27 10:29:14.151  9688  9708 E IMGMapper: set:488 set: Unset optional value from type SMPTE2086
10-27 10:29:14.151  9688  9708 E IMGMapper: set:488 set: Unset optional value from type CTA861_3
10-27 10:29:14.291  1737  1737 D TileLifecycleManager: Unbinding service Intent { cmp=com.sec.android.app.camera/.service.QrTileService (has extras) } UserHandle{0}
10-27 10:29:14.296  1187  3218 I ActivityManager: Changes in 10102 5 to 10, 8 to 0
10-27 10:29:14.667  1737  1942 D MobileStatusTracker(1/1): onSignalStrengthsChanged level=4, vendorLevel=4
10-27 10:29:14.671  1737  1942 D MobileSignalController(1/1): notifyListener: enabled=true, connected=true, dataConnected=false, networkType=UMTS (3G), emergencyOnly=true, roaming=false, isDefault=true, dataActivity=, level=4, ca=false, mmWave=false, disabledDataIcon=false, simCard=ETC
10-27 10:29:14.672  1737  1942 D NetworkController: SignalStrength from intent slotId=1
10-27 10:29:14.997  1737  1942 D MobileStatusTracker(0/2): onSignalStrengthsChanged level=4, vendorLevel=3
10-27 10:29:15.002  1737  1942 D MobileSignalController(0/2): notifyListener: enabled=true, connected=true, dataConnected=true, networkType=LTE (4G), emergencyOnly=false, roaming=false, isDefault=true, dataActivity=, level=3, ca=false, mmWave=false, disabledDataIcon=false, simCard=ETC
10-27 10:29:15.003  1737  1942 D NetworkController: SignalStrength from intent slotId=0
10-27 10:29:15.059  1187  1486 D SensorService: [SO] -0.407 1.610 9.874
10-27 10:29:15.106  1737  1942 D MobileStatusTracker(0/2): onDataActivity: direction=3
10-27 10:29:15.110  1737  1942 D MobileSignalController(0/2): notifyListener: enabled=true, connected=true, dataConnected=true, networkType=LTE (4G), emergencyOnly=false, roaming=false, isDefault=true, dataActivity=inout, level=3, ca=false, mmWave=false, disabledDataIcon=false, simCard=ETC
10-27 10:29:15.133  1737  1796 E IMGMapper: set:488 set: Unset optional value from type SMPTE2086
10-27 10:29:15.133  1737  1796 E IMGMapper: set:488 set: Unset optional value from type CTA861_3
10-27 10:29:15.140  1039  1039 I BufferQueueProducer: [StatusBar$_1737#534029](this:0xb400007a1f0ca838,id:-1,api:0,p:-1,c:1039) queueBuffer: fps=0.33 dur=3045.80 max=3045.80 min=3045.80
10-27 10:29:15.143   991   991 I hwcomposer: [HWCDisplay] [Display_0 (type:1)] fps:18.978788,dur:1580.71,max:967.00,min:15.80  
10-27 10:29:15.299  1187  1352 E AppOps  : evalMode() Foreground mode : uid - 10102, op - 27, capability - 0
10-27 10:29:15.300  1187  1352 E AppOps  : evalMode() Foreground mode : uid - 10102, op - 26, capability - 0
10-27 10:29:15.300 18481 18493 I dwbx    : (REDACTED) appOpsListener %s %s
10-27 10:29:15.300 18481 18493 I dwbx    : (REDACTED) Ignoring irrelevant audio permission changes for package %s
10-27 10:29:15.586  1187  1351 D BatteryExternalStatsWorker: update stats : write (63)
10-27 10:29:15.586  1187  1351 D BatteryExternalStatsWorker: Update Rail Energy data
10-27 10:29:15.587  1187  1351 D BatteryExternalStatsWorker: Fetch Bluetooth data
10-27 10:29:15.588  1187  1351 D BatteryExternalStatsWorker: Fetch modem data
10-27 10:29:15.591  1187  3218 W BatteryExternalStatsWorker: error reading Bluetooth stats: 11
10-27 10:29:15.633  1187  3222 W TelephonyManager: requestModemActivityInfo: Received an invalid ModemActivityInfo
10-27 10:29:15.633  1187  3222 W BatteryExternalStatsWorker: error reading modem stats:ERROR_INVALID_INFO_RECEIVED
10-27 10:29:15.676   543   543 D io_stats: !@ 179,0 r 547123773 6616601606 w 95019002 1004947432 d 1259527 33790592 f 0 0 iot 273893672 0 th 0 0 0 pt 0 inp 0 0 2923657.308
10-27 10:29:15.706  1187  1351 E KernelCpuSpeedReader: Failed to read cpu-freq: /sys/devices/system/cpu/cpu4/cpufreq/stats/time_in_state: open failed: ENOENT (No such file or directory)
10-27 10:29:15.707  1187  1351 E KernelCpuSpeedReader: Failed to read cpu-freq: /sys/devices/system/cpu/cpu0/cpufreq/stats/time_in_state: open failed: ENOENT (No such file or directory)
10-27 10:29:15.707  1187  1351 D BatteryExternalStatsWorker: Update CPU state
10-27 10:29:15.707  1187  1351 I KernelWakelockReader: readKernelWakelockStats(true)
10-27 10:29:15.710   569  1450 W android.system.suspend@1.0-service: getWakeLockStats +
10-27 10:29:15.710   569  1450 I android.system.suspend@1.0-service: name: PowerManagerService.Display, isActive: 1, LC: 2923657342, AC: 681, AT: 4533530, TT: 122221356
10-27 10:29:15.710   569  1450 I android.system.suspend@1.0-service: name: PowerManager.SuspendLockout, isActive: 1, LC: 2923657342, AC: 678, AT: 4533532, TT: 122220766
10-27 10:29:15.710   569  1450 I android.system.suspend@1.0-service: name: PowerManagerService.Display, isActive: 0, LC: 2713039725, AC: 5714, AT: 0, TT: 1817839062
10-27 10:29:15.710   569  1450 I android.system.suspend@1.0-service: name: PowerManager.SuspendLockout, isActive: 0, LC: 2713039722, AC: 5700, AT: 0, TT: 1817835914
10-27 10:29:15.777   569  1450 E android.system.suspend@1.0-service: Error opening event_count for wakeup28: Original kwl [Path]=../../devices/platform/11016000.i2c5/i2c-5/5-0047/tcpc/type_c_port0/wakeup28: Permission denied
10-27 10:29:15.778   963   963 E audit   : type=1400 audit(1761571755.774:1453327): avc:  denied  { read } for  pid=569 comm="binder:569_3" name="event_count" dev="sysfs" ino=37450 scontext=u:r:system_suspend:s0 tcontext=u:object_r:sysfs:s0 tclass=file permissive=0 SEPF_SM-A037M_12_0001 unfiltered
10-27 10:29:15.779   963   963 E audit   : type=1400 audit(1761571755.774:1453328): avc:  denied  { read } for  pid=569 comm="binder:569_3" name="max_time_ms" dev="sysfs" ino=37455 scontext=u:r:system_suspend:s0 tcontext=u:object_r:sysfs:s0 tclass=file permissive=0 SEPF_SM-A037M_12_0001 unfiltered
10-27 10:29:15.779   963   963 E audit   : type=1400 audit(1761571755.774:1453329): avc:  denied  { read } for  pid=569 comm="binder:569_3" name="wakeup_count" dev="sysfs" ino=37451 scontext=u:r:system_suspend:s0 tcontext=u:object_r:sysfs:s0 tclass=file permissive=0 SEPF_SM-A037M_12_0001 unfiltered
10-27 10:29:15.780   963   963 E audit   : type=1400 audit(1761571755.774:1453330): avc:  denied  { read } for  pid=569 comm="binder:569_3" name="total_time_ms" dev="sysfs" ino=37454 scontext=u:r:system_suspend:s0 tcontext=u:object_r:sysfs:s0 tclass=file permissive=0 SEPF_SM-A037M_12_0001 unfiltered
10-27 10:29:15.780   963   963 E audit   : type=1400 audit(1761571755.774:1453331): avc:  denied  { read } for  pid=569 comm="binder:569_3" name="expire_count" dev="sysfs" ino=37452 scontext=u:r:system_suspend:s0 tcontext=u:object_r:sysfs:s0 tclass=file permissive=0 SEPF_SM-A037M_12_0001 unfiltered
10-27 10:29:15.780   963   963 E audit   : type=1400 audit(1761571755.774:1453332): avc:  denied  { read } for  pid=569 comm="binder:569_3" name="active_count" dev="sysfs" ino=37449 scontext=u:r:system_suspend:s0 tcontext=u:object_r:sysfs:s0 tclass=file permissive=0 SEPF_SM-A037M_12_0001 unfiltered
10-27 10:29:15.781   963   963 E audit   : type=1400 audit(1761571755.774:1453333): avc:  denied  { read } for  pid=569 comm="binder:569_3" name="last_change_ms" dev="sysfs" ino=37456 scontext=u:r:system_suspend:s0 tcontext=u:object_r:sysfs:s0 tclass=file permissive=0 SEPF_SM-A037M_12_0001 unfiltered
10-27 10:29:15.781   963   963 E audit   : type=1400 audit(1761571755.774:1453334): avc:  denied  { read } for  pid=569 comm="binder:569_3" name="prevent_suspend_time_ms" dev="sysfs" ino=37457 scontext=u:r:system_suspend:s0 tcontext=u:object_r:sysfs:s0 tclass=file permissive=0 SEPF_SM-A037M_12_0001 unfiltered
10-27 10:29:15.782   963   963 E audit   : type=1400 audit(1761571755.774:1453335): avc:  denied  { read } for  pid=569 comm="binder:569_3" name="name" dev="sysfs" ino=37448 scontext=u:r:system_suspend:s0 tcontext=u:object_r:sysfs:s0 tclass=file permissive=0 SEPF_SM-A037M_12_0001 unfiltered
10-27 10:29:15.812   569  1450 E android.system.suspend@1.0-service: Error opening event_count for wakeup26: Original kwl [Path]=../../devices/platform/11016000.i2c5/i2c-5/5-0047/tcpc/type_c_port0/wakeup26: Permission denied
10-27 10:29:15.829   569  1450 E android.system.suspend@1.0-service: Error opening event_count for wakeup142: Original kwl [Path]=../../devices/platform/11010000.spi/spi_master/spi1/spi1.1/wakeup/wakeup142: Permission denied
10-27 10:29:15.955   569  1450 E android.system.suspend@1.0-service: Error opening event_count for wakeup29: Original kwl [Path]=../../devices/platform/11016000.i2c5/i2c-5/5-006b/power_supply/5-006b/wakeup29: Permission denied
10-27 10:29:15.996   569  1450 E android.system.suspend@1.0-service: Error opening event_count for wakeup27: Original kwl [Path]=../../devices/platform/11016000.i2c5/i2c-5/5-0047/tcpc/type_c_port0/wakeup27: Permission denied
10-27 10:29:15.996  1737  1942 D MobileStatusTracker(0/2): onSignalStrengthsChanged level=4, vendorLevel=3
10-27 10:29:16.001  1737  1942 D MobileSignalController(0/2): notifyListener: enabled=true, connected=true, dataConnected=true, networkType=LTE (4G), emergencyOnly=false, roaming=false, isDefault=true, dataActivity=inout, level=3, ca=false, mmWave=false, disabledDataIcon=false, simCard=ETC
10-27 10:29:16.001  1737  1942 D NetworkController: SignalStrength from intent slotId=0
10-27 10:29:16.014   569  1450 E android.system.suspend@1.0-service: Error opening event_count for wakeup1: Original kwl [Path]=../../devices/platform/10238000.gce/wakeup/wakeup1: Permission denied
10-27 10:29:16.034   569  1450 E android.system.suspend@1.0-service: Error opening event_count for wakeup25: Original kwl [Path]=../../devices/platform/11016000.i2c5/i2c-5/5-0047/wakeup/wakeup25: Permission denied
10-27 10:29:16.124  1737  1942 D MobileStatusTracker(0/2): onDataActivity: direction=0
10-27 10:29:16.127   569  1450 W android.system.suspend@1.0-service: getWakeLockStats -
10-27 10:29:16.127  1737  1942 D MobileSignalController(0/2): notifyListener: enabled=true, connected=true, dataConnected=true, networkType=LTE (4G), emergencyOnly=false, roaming=false, isDefault=true, dataActivity=, level=3, ca=false, mmWave=false, disabledDataIcon=false, simCard=ETC
10-27 10:29:16.129  1187  1351 D KernelWakelockReader: name=PowerManagerService.WakeLocks	 isActive=true	 lastChange=2923657342	 activeCount=20184	 activeTime=13949	 totalTime=145384162	 version=1388	 time_delta=-1861566921000
10-27 10:29:16.129  1187  1351 D KernelWakelockReader: name=PowerManagerService.Broadcasts	 isActive=false	 lastChange=2919127754	 activeCount=652	 activeTime=0	 totalTime=594783	 version=1388	 time_delta=-5181787000
10-27 10:29:16.129  1187  1351 D KernelWakelockReader: name=PowerManagerService.Display	 isActive=true	 lastChange=2923657342	 activeCount=681	 activeTime=4533530	 totalTime=122221356	 version=1388	 time_delta=-1817507175000
10-27 10:29:16.129  1187  1351 D KernelWakelockReader: name=PowerManager.SuspendLockout	 isActive=true	 lastChange=2923657342	 activeCount=678	 activeTime=4533532	 totalTime=122220766	 version=1388	 time_delta=-1817504027000
10-27 10:29:16.129  1187  1351 D KernelWakelockReader: name=PowerManagerService.Booting	 isActive=false	 lastChange=2713117465	 activeCount=1	 activeTime=0	 totalTime=62884	 version=1388	 time_delta=-157985000
10-27 10:29:16.129  1187  1351 D KernelWakelockReader: name=PowerManagerService.Display	 isActive=false	 lastChange=2713039725	 activeCount=5714	 activeTime=0	 totalTime=1817839062	 version=1388	 time_delta=1695617706000
10-27 10:29:16.129  1187  1351 D KernelWakelockReader: name=PowerManager.SuspendLockout	 isActive=false	 lastChange=2713039722	 activeCount=5700	 activeTime=0	 totalTime=1817835914	 version=1388	 time_delta=1695615148000
10-27 10:29:16.129  1187  1351 D KernelWakelockReader: name=PowerManagerService.WakeLocks	 isActive=false	 lastChange=2713039655	 activeCount=201698	 activeTime=0	 totalTime=1861810363	 version=1388	 time_delta=1716426201000
10-27 10:29:16.129  1187  1351 D KernelWakelockReader: name=GPS	 isActive=false	 lastChange=2713039653	 activeCount=3484	 activeTime=0	 totalTime=60152939	 version=1388	 time_delta=53845723000
10-27 10:29:16.129  1187  1351 D KernelWakelockReader: name=PowerManagerService.Broadcasts	 isActive=false	 lastChange=2705639318	 activeCount=5544	 activeTime=0	 totalTime=5181787	 version=1388	 time_delta=4587004000
10-27 10:29:16.129  1187  1351 D KernelWakelockReader: name=PowerManagerService.Booting	 isActive=false	 lastChange=337375	 activeCount=1	 activeTime=0	 totalTime=157985	 version=1388	 time_delta=95101000
10-27 10:29:16.129  1187  1351 D KernelWakelockReader: name=muic_wake	 isActive=false	 lastChange=2919136988	 activeCount=5019	 activeTime=0	 totalTime=72457304	 version=1388	 time_delta=72457304000
10-27 10:29:16.129  1187  1351 I BatteryStatsImpl: updateKernelWakelocksLocked:: name=PowerManagerService.Display / totalTime=1940060418000 / mCount=6395 / version=1388
10-27 10:29:16.129  1187  1351 I BatteryStatsImpl: updateKernelWakelocksLocked:: name=PowerManager.SuspendLockout / totalTime=1940056680000 / mCount=6378 / version=1388
10-27 10:29:16.129  1187  1351 I BatteryStatsImpl: updateKernelWakelocksLocked:: name=PowerManagerService.WakeLocks / totalTime=2007194525000 / mCount=221882 / version=1388
10-27 10:29:16.129  1187  1351 I BatteryStatsImpl: updateKernelWakelocksLocked:: name=PowerManagerService.Broadcasts / totalTime=5776570000 / mCount=6196 / version=1388
10-27 10:29:16.129  1187  1351 I BatteryStatsImpl: updateKernelWakelocksLocked:: name=PowerManagerService.Booting / totalTime=220869000 / mCount=2 / version=1388
10-27 10:29:16.129  1187  1351 D BatteryExternalStatsWorker: Update Kernel wakelock & memory state
10-27 10:29:16.129  1187  1351 D BatteryExternalStatsWorker: Update RPM state
10-27 10:29:16.129  1187  1351 D BatteryExternalStatsWorker: mStats lock released
10-27 10:29:16.129  1187  1351 D BatteryExternalStatsWorker: done updateExternalStatsLocked
10-27 10:29:16.148  1737  1796 E IMGMapper: set:488 set: Unset optional value from type SMPTE2086
10-27 10:29:16.149  1737  1796 E IMGMapper: set:488 set: Unset optional value from type CTA861_3
10-27 10:29:16.156  1039  1039 I BufferQueueProducer: [StatusBar$_1737#534029](this:0xb400007a1f0ca838,id:-1,api:0,p:-1,c:1039) queueBuffer: fps=0.98 dur=1016.32 max=1016.32 min=1016.32
10-27 10:29:16.160   991   991 I hwcomposer: [HWCDisplay] [Display_0 (type:1)] fps:0.983387,dur:1016.89,max:1016.89,min:1016.89  
10-27 10:29:16.519  1187  1369 D PowerManagerService: UserActivityStateListenerState: 0
10-27 10:29:17.001  1737  1942 D MobileStatusTracker(0/2): onSignalStrengthsChanged level=4, vendorLevel=3
10-27 10:29:17.006  1737  1942 D MobileSignalController(0/2): notifyListener: enabled=true, connected=true, dataConnected=true, networkType=LTE (4G), emergencyOnly=false, roaming=false, isDefault=true, dataActivity=, level=3, ca=false, mmWave=false, disabledDataIcon=false, simCard=ETC
10-27 10:29:17.006  1737  1942 D NetworkController: SignalStrength from intent slotId=0
10-27 10:29:17.021   963   963 E audit   : type=1400 audit(1761571757.018:1453397): avc:  denied  { write } for  pid=27776 comm="ThreadPoolForeg" name="traced_producer" dev="tmpfs" ino=11170 scontext=u:r:gmscore_app:s0:c512,c768 tcontext=u:object_r:traced_producer_socket:s0 tclass=sock_file permissive=0 SEPF_SM-A037M_12_0001 unfiltered
10-27 10:29:17.034  1205  1205 I thermal_repeater: socket -1
10-27 10:29:17.139  1737  1942 D MobileStatusTracker(0/2): onDataActivity: direction=3
10-27 10:29:17.142  1737  1942 D MobileSignalController(0/2): notifyListener: enabled=true, connected=true, dataConnected=true, networkType=LTE (4G), emergencyOnly=false, roaming=false, isDefault=true, dataActivity=inout, level=3, ca=false, mmWave=false, disabledDataIcon=false, simCard=ETC
10-27 10:29:17.166  1737  1796 E IMGMapper: set:488 set: Unset optional value from type SMPTE2086
10-27 10:29:17.166  1737  1796 E IMGMapper: set:488 set: Unset optional value from type CTA861_3
10-27 10:29:17.171  1039  1039 I BufferQueueProducer: [StatusBar$_1737#534029](this:0xb400007a1f0ca838,id:-1,api:0,p:-1,c:1039) queueBuffer: fps=0.99 dur=1014.47 max=1014.47 min=1014.47
10-27 10:29:17.174   991   991 I hwcomposer: [HWCDisplay] [Display_0 (type:1)] fps:0.985847,dur:1014.36,max:1014.36,min:1014.36  
10-27 10:29:17.677   543   543 D io_stats: !@ 179,0 r 547123812 6616601938 w 95019034 1004948416 d 1259527 33790592 f 0 0 iot 273893772 0 th 0 0 0 pt 0 inp 0 0 2923659.309
10-27 10:29:17.998  1737  1942 D MobileStatusTracker(0/2): onSignalStrengthsChanged level=4, vendorLevel=3
10-27 10:29:18.002  1737  1942 D MobileSignalController(0/2): notifyListener: enabled=true, connected=true, dataConnected=true, networkType=LTE (4G), emergencyOnly=false, roaming=false, isDefault=true, dataActivity=inout, level=3, ca=false, mmWave=false, disabledDataIcon=false, simCard=ETC
10-27 10:29:18.003  1737  1942 D NetworkController: SignalStrength from intent slotId=0
10-27 10:29:18.158  1737  1942 D MobileStatusTracker(0/2): onDataActivity: direction=0
10-27 10:29:18.161  1737  1942 D MobileSignalController(0/2): notifyListener: enabled=true, connected=true, dataConnected=true, networkType=LTE (4G), emergencyOnly=false, roaming=false, isDefault=true, dataActivity=, level=3, ca=false, mmWave=false, disabledDataIcon=false, simCard=ETC
10-27 10:29:18.180  1737  1796 E IMGMapper: set:488 set: Unset optional value from type SMPTE2086
10-27 10:29:18.180  1737  1796 E IMGMapper: set:488 set: Unset optional value from type CTA861_3
10-27 10:29:18.186  1039  1039 I BufferQueueProducer: [StatusBar$_1737#534029](this:0xb400007a1f0ca838,id:-1,api:0,p:-1,c:1039) queueBuffer: fps=0.99 dur=1015.07 max=1015.07 min=1015.07
10-27 10:29:18.189   991   991 I hwcomposer: [HWCDisplay] [Display_0 (type:1)] fps:0.985503,dur:1014.71,max:1014.71,min:1014.71  
