10-27 10:29:02.906  1039  1039 I BufferQueueProducer: [com.cinemamovel/com.cinemamovel.MainActivity$_9688#594451](this:0xb400007a3dbdb838,id:-1,api:0,p:-1,c:1039) queueBuffer: fps=15.71 dur=1081.92 max=781.67 min=16.05
10-27 10:29:02.929  9688  9708 E IMGMapper: set:488 set: Unset optional value from type SMPTE2086
10-27 10:29:02.929  9688  9708 E IMGMapper: set:488 set: Unset optional value from type CTA861_3
10-27 10:29:02.964  1737  1942 D MobileStatusTracker(0/2): onDataActivity: direction=0
10-27 10:29:02.968  1737  1942 D MobileSignalController(0/2): notifyListener: enabled=true, connected=true, dataConnected=true, networkType=LTE (4G), emergencyOnly=false, roaming=false, isDefault=true, dataActivity=, level=3, ca=false, mmWave=false, disabledDataIcon=false, simCard=ETC
10-27 10:29:02.968  1737  1942 D MobileStatusTracker(0/2): onSignalStrengthsChanged level=4, vendorLevel=3
10-27 10:29:02.969  1737  1942 D MobileSignalController(0/2): notifyListener: enabled=true, connected=true, dataConnected=true, networkType=LTE (4G), emergencyOnly=false, roaming=false, isDefault=true, dataActivity=, level=3, ca=false, mmWave=false, disabledDataIcon=false, simCard=ETC
10-27 10:29:02.970  1737  1942 D NetworkController: SignalStrength from intent slotId=0
10-27 10:29:02.979  9688  9708 E IMGMapper: set:488 set: Unset optional value from type SMPTE2086
10-27 10:29:02.979  9688  9708 E IMGMapper: set:488 set: Unset optional value from type CTA861_3
10-27 10:29:02.980  1737  1796 E IMGMapper: set:488 set: Unset optional value from type SMPTE2086
10-27 10:29:02.981  1737  1796 E IMGMapper: set:488 set: Unset optional value from type CTA861_3
10-27 10:29:02.988  9688  9708 E IMGMapper: set:488 set: Unset optional value from type SMPTE2086
10-27 10:29:02.988  9688  9708 E IMGMapper: set:488 set: Unset optional value from type CTA861_3
10-27 10:29:02.990  1039  1039 I BufferQueueProducer: [StatusBar$_1737#534029](this:0xb400007a1f0ca838,id:-1,api:0,p:-1,c:1039) queueBuffer: fps=0.99 dur=1015.22 max=1015.22 min=1015.22
10-27 10:29:02.993   991   991 I hwcomposer: [HWCDisplay] [Display_0 (type:1)] fps:11.827926,dur:1014.55,max:781.66,min:15.92  
10-27 10:29:03.001  9688  9708 E IMGMapper: set:488 set: Unset optional value from type SMPTE2086
10-27 10:29:03.001  9688  9708 E IMGMapper: set:488 set: Unset optional value from type CTA861_3
10-27 10:29:03.015  9688  9708 E IMGMapper: set:488 set: Unset optional value from type SMPTE2086
10-27 10:29:03.015  9688  9708 E IMGMapper: set:488 set: Unset optional value from type CTA861_3
10-27 10:29:03.033  9688  9708 E IMGMapper: set:488 set: Unset optional value from type SMPTE2086
10-27 10:29:03.033  9688  9708 E IMGMapper: set:488 set: Unset optional value from type CTA861_3
10-27 10:29:03.052  9688  9708 E IMGMapper: set:488 set: Unset optional value from type SMPTE2086
10-27 10:29:03.052  9688  9708 E IMGMapper: set:488 set: Unset optional value from type CTA861_3
10-27 10:29:03.067  9688  9708 E IMGMapper: set:488 set: Unset optional value from type SMPTE2086
10-27 10:29:03.067  9688  9708 E IMGMapper: set:488 set: Unset optional value from type CTA861_3
10-27 10:29:03.087  9688  9708 E IMGMapper: set:488 set: Unset optional value from type SMPTE2086
10-27 10:29:03.087  9688  9708 E IMGMapper: set:488 set: Unset optional value from type CTA861_3
10-27 10:29:03.100  9688  9708 E IMGMapper: set:488 set: Unset optional value from type SMPTE2086
10-27 10:29:03.100  9688  9708 E IMGMapper: set:488 set: Unset optional value from type CTA861_3
10-27 10:29:03.117  9688  9708 E IMGMapper: set:488 set: Unset optional value from type SMPTE2086
10-27 10:29:03.117  9688  9708 E IMGMapper: set:488 set: Unset optional value from type CTA861_3
10-27 10:29:03.134  9688  9708 E IMGMapper: set:488 set: Unset optional value from type SMPTE2086
10-27 10:29:03.134  9688  9708 E IMGMapper: set:488 set: Unset optional value from type CTA861_3
10-27 10:29:03.150  1737  1942 D MobileStatusTracker(1/1): onSignalStrengthsChanged level=4, vendorLevel=4
10-27 10:29:03.150  9688  9708 E IMGMapper: set:488 set: Unset optional value from type SMPTE2086
10-27 10:29:03.150  9688  9708 E IMGMapper: set:488 set: Unset optional value from type CTA861_3
10-27 10:29:03.154  1737  1942 D MobileSignalController(1/1): notifyListener: enabled=true, connected=true, dataConnected=false, networkType=UMTS (3G), emergencyOnly=true, roaming=false, isDefault=true, dataActivity=, level=4, ca=false, mmWave=false, disabledDataIcon=false, simCard=ETC
10-27 10:29:03.154  1737  1942 D NetworkController: SignalStrength from intent slotId=1
10-27 10:29:03.167  9688  9708 E IMGMapper: set:488 set: Unset optional value from type SMPTE2086
10-27 10:29:03.167  9688  9708 E IMGMapper: set:488 set: Unset optional value from type CTA861_3
10-27 10:29:03.172  1187  1303 I GestureDetector: handleMessage TAP
10-27 10:29:03.173  1187  1187 I GestureDetector: handleMessage TAP
10-27 10:29:03.186  9688  9708 E IMGMapper: set:488 set: Unset optional value from type SMPTE2086
10-27 10:29:03.187  9688  9708 E IMGMapper: set:488 set: Unset optional value from type CTA861_3
10-27 10:29:03.670   543   543 D io_stats: !@ 179,0 r 547123708 6616601198 w 95018900 1004946848 d 1259527 33790592 f 0 0 iot 273893528 0 th 0 0 0 pt 0 inp 0 0 2923645.302
10-27 10:29:03.957  1737  1942 D MobileStatusTracker(0/2): onSignalStrengthsChanged level=4, vendorLevel=3
10-27 10:29:03.962  1737  1942 D MobileSignalController(0/2): notifyListener: enabled=true, connected=true, dataConnected=true, networkType=LTE (4G), emergencyOnly=false, roaming=false, isDefault=true, dataActivity=, level=3, ca=false, mmWave=false, disabledDataIcon=false, simCard=ETC
10-27 10:29:03.963  1737  1942 D NetworkController: SignalStrength from intent slotId=0
10-27 10:29:03.963  1187  3218 D InputDispatcher: Inject key (9881/2000): action=0, f=0x0, d=-1, time=2923645595000000
10-27 10:29:03.963  1187  3218 D WindowManager: interceptKeyTq keycode=4 interactive=true keyguardActive=false policyFlags=2b000000
10-27 10:29:03.963  1187  3218 D PhoneWindowManagerExt: interceptKeyTq code=4 down=true repeatCount=0 displayId=-1 interactive=true
10-27 10:29:03.963  1187  3218 D WindowManager: interceptKeyTq interceptKeyResult=4
10-27 10:29:03.964  1187  1534 D PowerManagerService: [api] userActivityFromNative :  (event: 1 flags: 0 displayId: 0) eventTime = 2923645595
10-27 10:29:03.965  1187  1534 D WindowManager: interceptKeyTi keyCode=4 down=true repeatCount=0 keyguardOn=false canceled=false
10-27 10:29:03.965  1187  1534 D PhoneWindowManagerExt: interceptKeyTi code=4 down=true repeatCount=0 displayId=-1 interactive=true
10-27 10:29:03.966  1187  1534 I InputDispatcher: Delivering key to (9688): B action: 0x0 (0), f=0x0, m=0x0, d=0, 'b3be57a'
10-27 10:29:03.968 23351 23351 I HBD     : b skip onKeyDown as physical keyboard not connected 
10-27 10:29:03.969 23351 23351 I HBD     : HoneyBoardService onKeyDown r:a214ef00 consumed:false 1 
10-27 10:29:03.970  9688  9688 I ViewRootImpl@d913698[MainActivity]: ViewPostIme key 0
10-27 10:29:03.971  9688  9688 D Activity: onKeyDown(KEYCODE_BACK)
10-27 10:29:03.972  1187  3218 D InputDispatcher: Inject key (9881/2000): action=1, f=0x0, d=-1, time=2923645595000000
10-27 10:29:03.972  1187  3218 D WindowManager: interceptKeyTq keycode=4 interactive=true keyguardActive=false policyFlags=2b000000
10-27 10:29:03.973  1187  3218 D PhoneWindowManagerExt: interceptKeyTq code=4 down=false repeatCount=0 displayId=-1 interactive=true
10-27 10:29:03.973  1187  3218 D WindowManager: interceptKeyTq interceptKeyResult=4
10-27 10:29:03.974  1187  1534 D WindowManager: interceptKeyTi keyCode=4 down=false repeatCount=0 keyguardOn=false canceled=false
10-27 10:29:03.974  1187  1534 D PhoneWindowManagerExt: interceptKeyTi code=4 down=false repeatCount=0 displayId=-1 interactive=true
10-27 10:29:03.975  1187  1534 I InputDispatcher: Delivering key to (9688): B action: 0x1 (0), f=0x0, m=0x0, d=0, 'b3be57a'
10-27 10:29:03.977 23351 23351 I HBD     : HoneyBoardService onKeyUp r:39ce3864 consumed:false 1 
10-27 10:29:03.979  9688  9688 I ViewRootImpl@d913698[MainActivity]: ViewPostIme key 1
10-27 10:29:03.979  9688  9688 D Activity: onKeyUp(KEYCODE_BACK) isTracking()=true isCanceled()=false hasCallback=false
10-27 10:29:04.028  9688  9715 I ReactNativeJS: ---METRICS_JSON_START---
10-27 10:29:04.028  9688  9715 I ReactNativeJS: {
10-27 10:29:04.028  9688  9715 I ReactNativeJS:   "screenRenders": 10,
10-27 10:29:04.028  9688  9715 I ReactNativeJS:   "componentRenders": {
10-27 10:29:04.028  9688  9715 I ReactNativeJS:     "Loader": 2,
10-27 10:29:04.028  9688  9715 I ReactNativeJS:     "Poster": 8,
10-27 10:29:04.028  9688  9715 I ReactNativeJS:     "InfoBlock": 8,
10-27 10:29:04.028  9688  9715 I ReactNativeJS:     "Genres": 8,
10-27 10:29:04.028  9688  9715 I ReactNativeJS:     "Overview": 8,
10-27 10:29:04.028  9688  9715 I ReactNativeJS:     "ActionButtons": 8
10-27 10:29:04.028  9688  9715 I ReactNativeJS:   },
10-27 10:29:04.028  9688  9715 I ReactNativeJS:   "interactionEvents": [
10-27 10:29:04.028  9688  9715 I ReactNativeJS:     {
10-27 10:29:04.028  9688  9715 I ReactNativeJS:       "action": "toggle_favorite",
10-27 10:29:04.028  9688  9715 I ReactNativeJS:       "timestamp": 1761571733243
10-27 10:29:04.028  9688  9715 I ReactNativeJS:     },
10-27 10:29:04.028  9688  9715 I ReactNativeJS:     {
10-27 10:29:04.028  9688  9715 I ReactNativeJS:       "action": "set_rating_3",
10-27 10:29:04.028  9688  9715 I ReactNativeJS:       "timestamp": 1761571734326
10-27 10:29:04.028  9688  9715 I ReactNativeJS:     },
10-27 10:29:04.028  9688  9715 I ReactNativeJS:     {
10-27 10:29:04.028  9688  9715 I ReactNativeJS:       "action": "toggle_overview",
10-27 10:29:04.028  9688  9715 I ReactNativeJS:       "timestamp": 1761571735430
10-27 10:29:04.028  9688  9715 I ReactNativeJS:     },
10-27 10:29:04.028  9688  9715 I ReactNativeJS:     {
10-27 10:29:04.028  9688  9715 I ReactNativeJS:       "action": "component_unmounted_logged",
10-27 10:29:04.028  9688  9715 I ReactNativeJS:       "timestamp": 1761571736588
10-27 10:29:04.028  9688  9715 I ReactNativeJS:     },
10-27 10:29:04.028  9688  9715 I ReactNativeJS:     {
10-27 10:29:04.028  9688  9715 I ReactNativeJS:       "action": "toggle_favorite",
10-27 10:29:04.028  9688  9715 I ReactNativeJS:       "timestamp": 1761571740734
10-27 10:29:04.028  9688  9715 I ReactNativeJS:     },
10-27 10:29:04.028  9688  9715 I ReactNativeJS:     {
10-27 10:29:04.028  9688  9715 I ReactNativeJS:       "action": "set_rating_3",
10-27 10:29:04.028  9688  9715 I ReactNativeJS:       "timestamp": 1761571741813
10-27 10:29:04.028  9688  9715 I ReactNativeJS:     },
10-27 10:29:04.028  9688  9715 I ReactNativeJS:     {
10-27 10:29:04.028  9688  9715 I ReactNativeJS:       "action": "toggle_overview",
10-27 10:29:04.028  9688  9715 I ReactNativeJS:       "timestamp": 1761571742895
10-27 10:29:04.028  9688  9715 I ReactNativeJS:     },
10-27 10:29:04.028  9688  9715 I ReactNativeJS:     {
10-27 10:29:04.028  9688  9715 I ReactNativeJS:       "action": "component_unmounted_logged",
10-27 10:29:04.028  9688  9715 I ReactNativeJS:       "timestamp": 1761571744027
10-27 10:29:04.028  9688  9715 I ReactNativeJS:     }
10-27 10:29:04.028  9688  9715 I ReactNativeJS:   ]
10-27 10:29:04.028  9688  9715 I ReactNativeJS: }
10-27 10:29:04.028  9688  9715 I ReactNativeJS: ---METRICS_JSON_END---
10-27 10:29:04.072  9688  9708 E IMGMapper: set:488 set: Unset optional value from type SMPTE2086
10-27 10:29:04.073  9688  9708 E IMGMapper: set:488 set: Unset optional value from type CTA861_3
10-27 10:29:04.088  1039  1039 I BufferQueueProducer: [com.cinemamovel/com.cinemamovel.MainActivity$_9688#594451](this:0xb400007a3dbdb838,id:-1,api:0,p:-1,c:1039) queueBuffer: fps=13.54 dur=1181.87 max=881.96 min=16.00
10-27 10:29:04.090   991   991 I hwcomposer: [HWCDisplay] [Display_0 (type:1)] fps:12.754472,dur:1097.65,max:881.73,min:15.59  
10-27 10:29:04.134  1187  1351 D BatteryExternalStatsWorker: update stats : update-network-download (6)
10-27 10:29:04.135  1187  1351 D BatteryExternalStatsWorker: Update Rail Energy data
10-27 10:29:04.135  1187  1351 D BatteryExternalStatsWorker: Fetch modem data
10-27 10:29:04.141  9688  9708 E IMGMapper: set:488 set: Unset optional value from type SMPTE2086
10-27 10:29:04.141  9688  9708 E IMGMapper: set:488 set: Unset optional value from type CTA861_3
10-27 10:29:04.151  9688  9708 E IMGMapper: set:488 set: Unset optional value from type SMPTE2086
10-27 10:29:04.151  9688  9708 E IMGMapper: set:488 set: Unset optional value from type CTA861_3
10-27 10:29:04.166  9688  9708 E IMGMapper: set:488 set: Unset optional value from type SMPTE2086
10-27 10:29:04.166  9688  9708 E IMGMapper: set:488 set: Unset optional value from type CTA861_3
10-27 10:29:04.175  1187  3222 W TelephonyManager: requestModemActivityInfo: Received an invalid ModemActivityInfo
10-27 10:29:04.175  1187  3222 W BatteryExternalStatsWorker: error reading modem stats:ERROR_INVALID_INFO_RECEIVED
10-27 10:29:04.176  1187  1351 D BatteryExternalStatsWorker: mStats lock released
10-27 10:29:04.176  1187  1351 D BatteryExternalStatsWorker: done updateExternalStatsLocked
10-27 10:29:04.185  9688  9708 E IMGMapper: set:488 set: Unset optional value from type SMPTE2086
10-27 10:29:04.185  9688  9708 E IMGMapper: set:488 set: Unset optional value from type CTA861_3
10-27 10:29:04.206  9688  9708 E IMGMapper: set:488 set: Unset optional value from type SMPTE2086
10-27 10:29:04.206  9688  9708 E IMGMapper: set:488 set: Unset optional value from type CTA861_3
10-27 10:29:04.222  9688  9708 E IMGMapper: set:488 set: Unset optional value from type SMPTE2086
10-27 10:29:04.222  9688  9708 E IMGMapper: set:488 set: Unset optional value from type CTA861_3
10-27 10:29:04.236  9688  9708 E IMGMapper: set:488 set: Unset optional value from type SMPTE2086
10-27 10:29:04.236  9688  9708 E IMGMapper: set:488 set: Unset optional value from type CTA861_3
10-27 10:29:04.253  9688  9708 E IMGMapper: set:488 set: Unset optional value from type SMPTE2086
10-27 10:29:04.253  9688  9708 E IMGMapper: set:488 set: Unset optional value from type CTA861_3
10-27 10:29:04.268  9688  9708 E IMGMapper: set:488 set: Unset optional value from type SMPTE2086
10-27 10:29:04.268  9688  9708 E IMGMapper: set:488 set: Unset optional value from type CTA861_3
10-27 10:29:04.286  9688  9708 E IMGMapper: set:488 set: Unset optional value from type SMPTE2086
10-27 10:29:04.286  9688  9708 E IMGMapper: set:488 set: Unset optional value from type CTA861_3
10-27 10:29:04.303  9688  9708 E IMGMapper: set:488 set: Unset optional value from type SMPTE2086
10-27 10:29:04.303  9688  9708 E IMGMapper: set:488 set: Unset optional value from type CTA861_3
10-27 10:29:04.318  9688  9708 E IMGMapper: set:488 set: Unset optional value from type SMPTE2086
10-27 10:29:04.318  9688  9708 E IMGMapper: set:488 set: Unset optional value from type CTA861_3
10-27 10:29:04.335  9688  9708 E IMGMapper: set:488 set: Unset optional value from type SMPTE2086
10-27 10:29:04.335  9688  9708 E IMGMapper: set:488 set: Unset optional value from type CTA861_3
10-27 10:29:04.351  9688  9708 E IMGMapper: set:488 set: Unset optional value from type SMPTE2086
10-27 10:29:04.351  9688  9708 E IMGMapper: set:488 set: Unset optional value from type CTA861_3
10-27 10:29:04.368  9688  9708 E IMGMapper: set:488 set: Unset optional value from type SMPTE2086
10-27 10:29:04.368  9688  9708 E IMGMapper: set:488 set: Unset optional value from type CTA861_3
10-27 10:29:04.384  9688  9708 E IMGMapper: set:488 set: Unset optional value from type SMPTE2086
10-27 10:29:04.385  9688  9708 E IMGMapper: set:488 set: Unset optional value from type CTA861_3
10-27 10:29:04.401  9688  9708 E IMGMapper: set:488 set: Unset optional value from type SMPTE2086
10-27 10:29:04.401  9688  9708 E IMGMapper: set:488 set: Unset optional value from type CTA861_3
10-27 10:29:04.418  9688  9708 E IMGMapper: set:488 set: Unset optional value from type SMPTE2086
10-27 10:29:04.418  9688  9708 E IMGMapper: set:488 set: Unset optional value from type CTA861_3
10-27 10:29:04.434  9688  9708 E IMGMapper: set:488 set: Unset optional value from type SMPTE2086
10-27 10:29:04.434  9688  9708 E IMGMapper: set:488 set: Unset optional value from type CTA861_3
10-27 10:29:04.453  9688  9708 E IMGMapper: set:488 set: Unset optional value from type SMPTE2086
10-27 10:29:04.453  9688  9708 E IMGMapper: set:488 set: Unset optional value from type CTA861_3
10-27 10:29:04.468  9688  9708 E IMGMapper: set:488 set: Unset optional value from type SMPTE2086
10-27 10:29:04.468  9688  9708 E IMGMapper: set:488 set: Unset optional value from type CTA861_3
10-27 10:29:04.485  9688  9708 E IMGMapper: set:488 set: Unset optional value from type SMPTE2086
10-27 10:29:04.486  9688  9708 E IMGMapper: set:488 set: Unset optional value from type CTA861_3
10-27 10:29:04.501  9688  9708 E IMGMapper: set:488 set: Unset optional value from type SMPTE2086
10-27 10:29:04.501  9688  9708 E IMGMapper: set:488 set: Unset optional value from type CTA861_3
10-27 10:29:04.517  9688  9708 E IMGMapper: set:488 set: Unset optional value from type SMPTE2086
10-27 10:29:04.517  9688  9708 E IMGMapper: set:488 set: Unset optional value from type CTA861_3
10-27 10:29:04.535  9688  9708 E IMGMapper: set:488 set: Unset optional value from type SMPTE2086
10-27 10:29:04.535  9688  9708 E IMGMapper: set:488 set: Unset optional value from type CTA861_3
10-27 10:29:04.552  9688  9708 E IMGMapper: set:488 set: Unset optional value from type SMPTE2086
10-27 10:29:04.552  9688  9708 E IMGMapper: set:488 set: Unset optional value from type CTA861_3
10-27 10:29:04.570  9688  9708 E IMGMapper: set:488 set: Unset optional value from type SMPTE2086
10-27 10:29:04.570  9688  9708 E IMGMapper: set:488 set: Unset optional value from type CTA861_3
10-27 10:29:04.584  9688  9708 E IMGMapper: set:488 set: Unset optional value from type SMPTE2086
10-27 10:29:04.584  9688  9708 E IMGMapper: set:488 set: Unset optional value from type CTA861_3
10-27 10:29:04.601  9688  9708 E IMGMapper: set:488 set: Unset optional value from type SMPTE2086
10-27 10:29:04.602  9688  9708 E IMGMapper: set:488 set: Unset optional value from type CTA861_3
10-27 10:29:04.616  9688  9708 E IMGMapper: set:488 set: Unset optional value from type SMPTE2086
10-27 10:29:04.617  9688  9708 E IMGMapper: set:488 set: Unset optional value from type CTA861_3
10-27 10:29:04.960  1737  1942 D MobileStatusTracker(0/2): onSignalStrengthsChanged level=4, vendorLevel=3
10-27 10:29:04.965  1737  1942 D MobileSignalController(0/2): notifyListener: enabled=true, connected=true, dataConnected=true, networkType=LTE (4G), emergencyOnly=false, roaming=false, isDefault=true, dataActivity=, level=3, ca=false, mmWave=false, disabledDataIcon=false, simCard=ETC
10-27 10:29:04.965  1737  1942 D NetworkController: SignalStrength from intent slotId=0
10-27 10:29:05.656  1187  1486 D SensorService: [SO] -0.407 1.610 9.912
10-27 10:29:05.671   543   543 D io_stats: !@ 179,0 r 547123716 6616601250 w 95018918 1004946996 d 1259527 33790592 f 0 0 iot 273893540 0 th 0 0 0 pt 0 inp 0 0 2923647.303
10-27 10:29:05.707  1737  1942 D MobileStatusTracker(1/1): onSignalStrengthsChanged level=4, vendorLevel=4
10-27 10:29:05.712  1737  1942 D MobileSignalController(1/1): notifyListener: enabled=true, connected=true, dataConnected=false, networkType=UMTS (3G), emergencyOnly=true, roaming=false, isDefault=true, dataActivity=, level=4, ca=false, mmWave=false, disabledDataIcon=false, simCard=ETC
10-27 10:29:05.712  1737  1942 D NetworkController: SignalStrength from intent slotId=1
10-27 10:29:05.875  1187  1369 D PowerManagerService: UserActivityStateListenerState: 0
10-27 10:29:05.957  1737  1942 D MobileStatusTracker(0/2): onSignalStrengthsChanged level=4, vendorLevel=3
10-27 10:29:05.962  1737  1942 D MobileSignalController(0/2): notifyListener: enabled=true, connected=true, dataConnected=true, networkType=LTE (4G), emergencyOnly=false, roaming=false, isDefault=true, dataActivity=, level=3, ca=false, mmWave=false, disabledDataIcon=false, simCard=ETC
10-27 10:29:05.962  1737  1942 D NetworkController: SignalStrength from intent slotId=0
10-27 10:29:06.057  1187  3218 D InputDispatcher: Inject motion (9887/2000): action=0x0, time=2923647689000000, f=0x0, d=0 dsdx=1.000000 dtdx=0.000000
10-27 10:29:06.058  1187  1534 I InputDispatcher: Delivering touch to (1737): action: 0x4, f=0x0, d=0, 'd92b8ad', t=1 
10-27 10:29:06.058  1187  1534 I InputDispatcher: Delivering touch to (9688): action: 0x0, f=0x0, d=0, 'b3be57a', t=1 
10-27 10:29:06.059  9688  9688 I ViewRootImpl@d913698[MainActivity]: ViewPostIme pointer 0
10-27 10:29:06.059  1187  1534 D PowerManagerService: [api] userActivityFromNative :  (event: 2 flags: 0 displayId: 0) eventTime = 2923647689
10-27 10:29:06.061  1187  1303 I GestureDetector: obtain mCurrentDownEvent. id: -437516279 caller: com.android.server.wm.SystemGesturesPointerEventListener.onPointerEvent:203 com.android.server.wm.PointerEventDispatcher.onInputEvent:53 android.view.InputEventReceiver.dispatchInputEvent:285 
10-27 10:29:06.062  1187  1303 I GestureDetector: obtain mCurrentDownEvent. id: -437516279 caller: com.android.server.wm.SystemPerformancePointerEventListener.onPointerEvent:89 com.android.server.wm.PointerEventDispatcher.onInputEvent:53 android.view.InputEventReceiver.dispatchInputEvent:285 
10-27 10:29:06.064  1187  1534 D PowerManagerService: UserActivityStateListenerState: 1
10-27 10:29:06.073  1187  3218 D InputDispatcher: Inject motion (9887/2000): action=0x1, time=2923647689000000, f=0x0, d=0 dsdx=1.000000 dtdx=0.000000
10-27 10:29:06.074  1187  1534 I InputDispatcher: Delivering touch to (9688): action: 0x1, f=0x0, d=0, 'b3be57a', t=1 
10-27 10:29:06.074  9688  9688 I ViewRootImpl@d913698[MainActivity]: ViewPostIme pointer 1
10-27 10:29:06.075  1187  1303 I GestureDetector: obtain mCurrentMotionEventRaw. action: 1 id: -30976497
10-27 10:29:06.075  1187  1303 I GestureDetector: obtain mCurrentMotionEventRaw. action: 1 id: -30976497
10-27 10:29:06.099  9688  9708 E IMGMapper: set:488 set: Unset optional value from type SMPTE2086
10-27 10:29:06.099  9688  9708 E IMGMapper: set:488 set: Unset optional value from type CTA861_3
10-27 10:29:06.103  1039  1039 I BufferQueueProducer: [com.cinemamovel/com.cinemamovel.MainActivity$_9688#594451](this:0xb400007a3dbdb838,id:-1,api:0,p:-1,c:1039) queueBuffer: fps=15.39 dur=2014.62 max=1465.07 min=16.20
10-27 10:29:06.106   991   991 I hwcomposer: [HWCDisplay] [Display_0 (type:1)] fps:15.378791,dur:2015.76,max:1465.01,min:15.20  
10-27 10:29:06.128  9688  9708 E IMGMapper: set:488 set: Unset optional value from type SMPTE2086
10-27 10:29:06.128  9688  9708 E IMGMapper: set:488 set: Unset optional value from type CTA861_3
10-27 10:29:06.144  9688  9708 E IMGMapper: set:488 set: Unset optional value from type SMPTE2086
10-27 10:29:06.144  9688  9708 E IMGMapper: set:488 set: Unset optional value from type CTA861_3
10-27 10:29:06.171  9688  9708 E IMGMapper: set:488 set: Unset optional value from type SMPTE2086
10-27 10:29:06.171  9688  9708 E IMGMapper: set:488 set: Unset optional value from type CTA861_3
10-27 10:29:06.172  9688  9688 W [RNScreens]: backTitleVisible prop is not available on Android
10-27 10:29:06.173  9688  9688 W [RNScreens]: backTitleFontFamily prop is not available on Android
10-27 10:29:06.173  9688  9688 W [RNScreens]: disableBackButtonMenu prop is not available on Android
10-27 10:29:06.173  9688  9688 W [RNScreens]: largeTitleFontFamily prop is not available on Android
10-27 10:29:06.173  9688  9688 W [RNScreens]: largeTitleFontWeight prop is not available on Android
10-27 10:29:06.173  9688  9688 W [RNScreens]: largeTitleHideShadow prop is not available on Android
10-27 10:29:06.191  9688  9708 E IMGMapper: set:488 set: Unset optional value from type SMPTE2086
10-27 10:29:06.191  9688  9708 E IMGMapper: set:488 set: Unset optional value from type CTA861_3
10-27 10:29:06.212  9688  9708 E IMGMapper: set:488 set: Unset optional value from type SMPTE2086
10-27 10:29:06.212  9688  9708 E IMGMapper: set:488 set: Unset optional value from type CTA861_3
10-27 10:29:06.245  9688  9708 E IMGMapper: set:488 set: Unset optional value from type SMPTE2086
10-27 10:29:06.245  9688  9708 E IMGMapper: set:488 set: Unset optional value from type CTA861_3
10-27 10:29:06.256  9688  9708 E IMGMapper: set:488 set: Unset optional value from type SMPTE2086
10-27 10:29:06.256  9688  9708 E IMGMapper: set:488 set: Unset optional value from type CTA861_3
10-27 10:29:06.269  9688  9708 E IMGMapper: set:488 set: Unset optional value from type SMPTE2086
10-27 10:29:06.269  9688  9708 E IMGMapper: set:488 set: Unset optional value from type CTA861_3
10-27 10:29:06.290  9688  9708 E IMGMapper: set:488 set: Unset optional value from type SMPTE2086
10-27 10:29:06.290  9688  9708 E IMGMapper: set:488 set: Unset optional value from type CTA861_3
10-27 10:29:06.328  9688  9688 D ScrollView: initGoToTop
10-27 10:29:06.361  1187  1303 I GestureDetector: handleMessage TAP
10-27 10:29:06.362  1187  1187 I GestureDetector: handleMessage TAP
10-27 10:29:06.371  9688  9708 E IMGMapper: set:488 set: Unset optional value from type SMPTE2086
10-27 10:29:06.372  9688  9708 E IMGMapper: set:488 set: Unset optional value from type CTA861_3
10-27 10:29:06.393  9688  9708 E IMGMapper: set:488 set: Unset optional value from type SMPTE2086
10-27 10:29:06.393  9688  9708 E IMGMapper: set:488 set: Unset optional value from type CTA861_3
10-27 10:29:06.408  9688  9708 E IMGMapper: set:488 set: Unset optional value from type SMPTE2086
10-27 10:29:06.408  9688  9708 E IMGMapper: set:488 set: Unset optional value from type CTA861_3
10-27 10:29:06.421  9688  9708 E IMGMapper: set:488 set: Unset optional value from type SMPTE2086
10-27 10:29:06.421  9688  9708 E IMGMapper: set:488 set: Unset optional value from type CTA861_3
10-27 10:29:06.436  9688  9708 E IMGMapper: set:488 set: Unset optional value from type SMPTE2086
10-27 10:29:06.436  9688  9708 E IMGMapper: set:488 set: Unset optional value from type CTA861_3
10-27 10:29:06.452  9688  9708 E IMGMapper: set:488 set: Unset optional value from type SMPTE2086
10-27 10:29:06.452  9688  9708 E IMGMapper: set:488 set: Unset optional value from type CTA861_3
10-27 10:29:06.467  9688  9708 E IMGMapper: set:488 set: Unset optional value from type SMPTE2086
10-27 10:29:06.468  9688  9708 E IMGMapper: set:488 set: Unset optional value from type CTA861_3
10-27 10:29:06.486  9688  9708 E IMGMapper: set:488 set: Unset optional value from type SMPTE2086
10-27 10:29:06.486  9688  9708 E IMGMapper: set:488 set: Unset optional value from type CTA861_3
10-27 10:29:06.500  9688  9708 E IMGMapper: set:488 set: Unset optional value from type SMPTE2086
10-27 10:29:06.500  9688  9708 E IMGMapper: set:488 set: Unset optional value from type CTA861_3
10-27 10:29:06.520  9688  9708 E IMGMapper: set:488 set: Unset optional value from type SMPTE2086
10-27 10:29:06.520  9688  9708 E IMGMapper: set:488 set: Unset optional value from type CTA861_3
10-27 10:29:06.538  9688  9708 E IMGMapper: set:488 set: Unset optional value from type SMPTE2086
10-27 10:29:06.538  9688  9708 E IMGMapper: set:488 set: Unset optional value from type CTA861_3
10-27 10:29:06.552  9688  9708 E IMGMapper: set:488 set: Unset optional value from type SMPTE2086
10-27 10:29:06.552  9688  9708 E IMGMapper: set:488 set: Unset optional value from type CTA861_3
10-27 10:29:06.569  9688  9708 E IMGMapper: set:488 set: Unset optional value from type SMPTE2086
10-27 10:29:06.569  9688  9708 E IMGMapper: set:488 set: Unset optional value from type CTA861_3
10-27 10:29:06.584  9688  9708 E IMGMapper: set:488 set: Unset optional value from type SMPTE2086
10-27 10:29:06.584  9688  9708 E IMGMapper: set:488 set: Unset optional value from type CTA861_3
10-27 10:29:06.601  9688  9708 E IMGMapper: set:488 set: Unset optional value from type SMPTE2086
10-27 10:29:06.601  9688  9708 E IMGMapper: set:488 set: Unset optional value from type CTA861_3
10-27 10:29:06.618  9688  9708 E IMGMapper: set:488 set: Unset optional value from type SMPTE2086
10-27 10:29:06.618  9688  9708 E IMGMapper: set:488 set: Unset optional value from type CTA861_3
10-27 10:29:06.635  9688  9708 E IMGMapper: set:488 set: Unset optional value from type SMPTE2086
10-27 10:29:06.635  9688  9708 E IMGMapper: set:488 set: Unset optional value from type CTA861_3
10-27 10:29:06.651  9688  9708 E IMGMapper: set:488 set: Unset optional value from type SMPTE2086
10-27 10:29:06.651  9688  9708 E IMGMapper: set:488 set: Unset optional value from type CTA861_3
10-27 10:29:06.668  9688  9708 E IMGMapper: set:488 set: Unset optional value from type SMPTE2086
10-27 10:29:06.668  9688  9708 E IMGMapper: set:488 set: Unset optional value from type CTA861_3
10-27 10:29:06.686  9688  9708 E IMGMapper: set:488 set: Unset optional value from type SMPTE2086
10-27 10:29:06.686  9688  9708 E IMGMapper: set:488 set: Unset optional value from type CTA861_3
10-27 10:29:06.696  9688  9708 E IMGMapper: set:488 set: Unset optional value from type SMPTE2086
10-27 10:29:06.696  9688  9708 E IMGMapper: set:488 set: Unset optional value from type CTA861_3
10-27 10:29:06.711  9688  9708 E IMGMapper: set:488 set: Unset optional value from type SMPTE2086
10-27 10:29:06.711  9688  9708 E IMGMapper: set:488 set: Unset optional value from type CTA861_3
10-27 10:29:06.950  1737  1942 D MobileStatusTracker(0/2): onSignalStrengthsChanged level=4, vendorLevel=3
10-27 10:29:06.953  1737  1942 D MobileSignalController(0/2): notifyListener: enabled=true, connected=true, dataConnected=true, networkType=LTE (4G), emergencyOnly=false, roaming=false, isDefault=true, dataActivity=, level=3, ca=false, mmWave=false, disabledDataIcon=false, simCard=ETC
10-27 10:29:06.954  1737  1942 D NetworkController: SignalStrength from intent slotId=0
10-27 10:29:07.000  1737  1942 D MobileStatusTracker(0/2): onDataActivity: direction=3
10-27 10:29:07.002  1737  1942 D MobileSignalController(0/2): notifyListener: enabled=true, connected=true, dataConnected=true, networkType=LTE (4G), emergencyOnly=false, roaming=false, isDefault=true, dataActivity=inout, level=3, ca=false, mmWave=false, disabledDataIcon=false, simCard=ETC
10-27 10:29:07.023  1737  1796 E IMGMapper: set:488 set: Unset optional value from type SMPTE2086
10-27 10:29:07.024  1737  1796 E IMGMapper: set:488 set: Unset optional value from type CTA861_3
10-27 10:29:07.032  1205  1205 I thermal_repeater: socket -1
10-27 10:29:07.034  1039  1039 I BufferQueueProducer: [StatusBar$_1737#534029](this:0xb400007a1f0ca838,id:-1,api:0,p:-1,c:1039) queueBuffer: fps=0.25 dur=4044.15 max=4044.15 min=4044.15
10-27 10:29:07.673   543   543 D io_stats: !@ 179,0 r 547123728 6616601362 w 95018918 1004946996 d 1259527 33790592 f 0 0 iot 273893544 0 th 0 0 0 pt 0 inp 0 0 2923649.306
10-27 10:29:07.725  8226 24906 I gle.android.gms: Explicit concurrent copying GC freed 11896(711KB) AllocSpace objects, 12(624KB) LOS objects, 24% free, 23MB/31MB, paused 159us,101us total 369.336ms
10-27 10:29:07.958  1737  1942 D MobileStatusTracker(0/2): onSignalStrengthsChanged level=4, vendorLevel=3
10-27 10:29:07.964  1737  1942 D MobileSignalController(0/2): notifyListener: enabled=true, connected=true, dataConnected=true, networkType=LTE (4G), emergencyOnly=false, roaming=false, isDefault=true, dataActivity=inout, level=3, ca=false, mmWave=false, disabledDataIcon=false, simCard=ETC
10-27 10:29:07.965  1737  1942 D NetworkController: SignalStrength from intent slotId=0
10-27 10:29:08.019  1737  1942 D MobileStatusTracker(0/2): onDataActivity: direction=0
10-27 10:29:08.023  1737  1942 D MobileSignalController(0/2): notifyListener: enabled=true, connected=true, dataConnected=true, networkType=LTE (4G), emergencyOnly=false, roaming=false, isDefault=true, dataActivity=, level=3, ca=false, mmWave=false, disabledDataIcon=false, simCard=ETC
10-27 10:29:08.042  1737  1796 E IMGMapper: set:488 set: Unset optional value from type SMPTE2086
10-27 10:29:08.042  1737  1796 E IMGMapper: set:488 set: Unset optional value from type CTA861_3
10-27 10:29:08.050  1039  1039 I BufferQueueProducer: [StatusBar$_1737#534029](this:0xb400007a1f0ca838,id:-1,api:0,p:-1,c:1039) queueBuffer: fps=0.98 dur=1015.93 max=1015.93 min=1015.93
10-27 10:29:08.053   991   991 I hwcomposer: [HWCDisplay] [Display_0 (type:1)] fps:16.946421,dur:1947.31,max:1017.06,min:15.45  
10-27 10:29:08.153  1187  3218 D InputDispatcher: Inject motion (9896/2000): action=0x0, time=2923649786000000, f=0x0, d=0 dsdx=1.000000 dtdx=0.000000
10-27 10:29:08.154  1187  1534 I InputDispatcher: Delivering touch to (1737): action: 0x4, f=0x0, d=0, 'd92b8ad', t=1 
10-27 10:29:08.154  1187  1534 I InputDispatcher: Delivering touch to (9688): action: 0x0, f=0x0, d=0, 'b3be57a', t=1 
10-27 10:29:08.155  9688  9688 I ViewRootImpl@d913698[MainActivity]: ViewPostIme pointer 0
10-27 10:29:08.155  1187  1534 D PowerManagerService: [api] userActivityFromNative :  (event: 2 flags: 0 displayId: 0) eventTime = 2923649786
10-27 10:29:08.156  1187  1303 I GestureDetector: obtain mCurrentDownEvent. id: -912418468 caller: com.android.server.wm.SystemGesturesPointerEventListener.onPointerEvent:203 com.android.server.wm.PointerEventDispatcher.onInputEvent:53 android.view.InputEventReceiver.dispatchInputEvent:285 
10-27 10:29:08.157  1187  1303 I GestureDetector: obtain mCurrentDownEvent. id: -912418468 caller: com.android.server.wm.SystemPerformancePointerEventListener.onPointerEvent:89 com.android.server.wm.PointerEventDispatcher.onInputEvent:53 android.view.InputEventReceiver.dispatchInputEvent:285 
10-27 10:29:08.171  1187  3218 D InputDispatcher: Inject motion (9896/2000): action=0x1, time=2923649786000000, f=0x0, d=0 dsdx=1.000000 dtdx=0.000000
10-27 10:29:08.172  1187  1534 I InputDispatcher: Delivering touch to (9688): action: 0x1, f=0x0, d=0, 'b3be57a', t=1 
10-27 10:29:08.173  9688  9688 I ViewRootImpl@d913698[MainActivity]: ViewPostIme pointer 1
10-27 10:29:08.173  1187  1303 I GestureDetector: obtain mCurrentMotionEventRaw. action: 1 id: -488449620
10-27 10:29:08.173  1187  1303 I GestureDetector: obtain mCurrentMotionEventRaw. action: 1 id: -488449620
10-27 10:29:08.193  9688  9708 E IMGMapper: set:488 set: Unset optional value from type SMPTE2086
10-27 10:29:08.193  9688  9708 E IMGMapper: set:488 set: Unset optional value from type CTA861_3
10-27 10:29:08.199  1039  1039 I BufferQueueProducer: [com.cinemamovel/com.cinemamovel.MainActivity$_9688#594451](this:0xb400007a3dbdb838,id:-1,api:0,p:-1,c:1039) queueBuffer: fps=15.26 dur=2096.59 max=1464.70 min=16.22
10-27 10:29:08.222  9688  9708 E IMGMapper: set:488 set: Unset optional value from type SMPTE2086
10-27 10:29:08.222  9688  9708 E IMGMapper: set:488 set: Unset optional value from type CTA861_3
10-27 10:29:08.242  9688  9708 E IMGMapper: set:488 set: Unset optional value from type SMPTE2086
10-27 10:29:08.242  9688  9708 E IMGMapper: set:488 set: Unset optional value from type CTA861_3
10-27 10:29:08.295  9688  9708 E IMGMapper: set:488 set: Unset optional value from type SMPTE2086
10-27 10:29:08.296  9688  9708 E IMGMapper: set:488 set: Unset optional value from type CTA861_3
10-27 10:29:08.305  9688  9708 E IMGMapper: set:488 set: Unset optional value from type SMPTE2086
10-27 10:29:08.305  9688  9708 E IMGMapper: set:488 set: Unset optional value from type CTA861_3
10-27 10:29:08.313  9688  9708 E IMGMapper: set:488 set: Unset optional value from type SMPTE2086
10-27 10:29:08.313  9688  9708 E IMGMapper: set:488 set: Unset optional value from type CTA861_3
10-27 10:29:08.326  9688  9708 E IMGMapper: set:488 set: Unset optional value from type SMPTE2086
10-27 10:29:08.326  9688  9708 E IMGMapper: set:488 set: Unset optional value from type CTA861_3
10-27 10:29:08.343  9688  9708 E IMGMapper: set:488 set: Unset optional value from type SMPTE2086
10-27 10:29:08.343  9688  9708 E IMGMapper: set:488 set: Unset optional value from type CTA861_3
10-27 10:29:08.360  9688  9708 E IMGMapper: set:488 set: Unset optional value from type SMPTE2086
10-27 10:29:08.360  9688  9708 E IMGMapper: set:488 set: Unset optional value from type CTA861_3
10-27 10:29:08.377  9688  9708 E IMGMapper: set:488 set: Unset optional value from type SMPTE2086
10-27 10:29:08.377  9688  9708 E IMGMapper: set:488 set: Unset optional value from type CTA861_3
10-27 10:29:08.395  9688  9708 E IMGMapper: set:488 set: Unset optional value from type SMPTE2086
10-27 10:29:08.395  9688  9708 E IMGMapper: set:488 set: Unset optional value from type CTA861_3
10-27 10:29:08.412  9688  9708 E IMGMapper: set:488 set: Unset optional value from type SMPTE2086
10-27 10:29:08.412  9688  9708 E IMGMapper: set:488 set: Unset optional value from type CTA861_3
10-27 10:29:08.427  9688  9708 E IMGMapper: set:488 set: Unset optional value from type SMPTE2086
10-27 10:29:08.427  9688  9708 E IMGMapper: set:488 set: Unset optional value from type CTA861_3
10-27 10:29:08.444  9688  9708 E IMGMapper: set:488 set: Unset optional value from type SMPTE2086
10-27 10:29:08.445  9688  9708 E IMGMapper: set:488 set: Unset optional value from type CTA861_3
10-27 10:29:08.457  1187  1303 I GestureDetector: handleMessage TAP
10-27 10:29:08.457  1187  1187 I GestureDetector: handleMessage TAP
10-27 10:29:08.460  9688  9708 E IMGMapper: set:488 set: Unset optional value from type SMPTE2086
10-27 10:29:08.460  9688  9708 E IMGMapper: set:488 set: Unset optional value from type CTA861_3
10-27 10:29:08.481  9688  9708 E IMGMapper: set:488 set: Unset optional value from type SMPTE2086
10-27 10:29:08.481  9688  9708 E IMGMapper: set:488 set: Unset optional value from type CTA861_3
10-27 10:29:08.958  1737  1942 D MobileStatusTracker(0/2): onSignalStrengthsChanged level=4, vendorLevel=3
10-27 10:29:08.961  1737  1942 D MobileSignalController(0/2): notifyListener: enabled=true, connected=true, dataConnected=true, networkType=LTE (4G), emergencyOnly=false, roaming=false, isDefault=true, dataActivity=, level=3, ca=false, mmWave=false, disabledDataIcon=false, simCard=ETC
10-27 10:29:08.963  1737  1942 D NetworkController: SignalStrength from intent slotId=0
10-27 10:29:09.254  1187  3218 D InputDispatcher: Inject motion (9901/2000): action=0x0, time=2923650886000000, f=0x0, d=0 dsdx=1.000000 dtdx=0.000000
10-27 10:29:09.254  1187  1534 I InputDispatcher: Delivering touch to (1737): action: 0x4, f=0x0, d=0, 'd92b8ad', t=1 
10-27 10:29:09.255  1187  1534 I InputDispatcher: Delivering touch to (9688): action: 0x0, f=0x0, d=0, 'b3be57a', t=1 
10-27 10:29:09.255  9688  9688 I ViewRootImpl@d913698[MainActivity]: ViewPostIme pointer 0
10-27 10:29:09.255  1187  1534 D PowerManagerService: [api] userActivityFromNative :  (event: 2 flags: 0 displayId: 0) eventTime = 2923650886
10-27 10:29:09.256  1187  1303 I GestureDetector: obtain mCurrentDownEvent. id: -908742718 caller: com.android.server.wm.SystemGesturesPointerEventListener.onPointerEvent:203 com.android.server.wm.PointerEventDispatcher.onInputEvent:53 android.view.InputEventReceiver.dispatchInputEvent:285 
10-27 10:29:09.257  1187  1303 I GestureDetector: obtain mCurrentDownEvent. id: -908742718 caller: com.android.server.wm.SystemPerformancePointerEventListener.onPointerEvent:89 com.android.server.wm.PointerEventDispatcher.onInputEvent:53 android.view.InputEventReceiver.dispatchInputEvent:285 
10-27 10:29:09.265  1187  3218 D InputDispatcher: Inject motion (9901/2000): action=0x1, time=2923650886000000, f=0x0, d=0 dsdx=1.000000 dtdx=0.000000
10-27 10:29:09.267  1187  1534 I InputDispatcher: Delivering touch to (9688): action: 0x1, f=0x0, d=0, 'b3be57a', t=1 
10-27 10:29:09.267  9688  9688 I ViewRootImpl@d913698[MainActivity]: ViewPostIme pointer 1
10-27 10:29:09.267  1187  1303 I GestureDetector: obtain mCurrentMotionEventRaw. action: 1 id: -736466394
10-27 10:29:09.268  1187  1303 I GestureDetector: obtain mCurrentMotionEventRaw. action: 1 id: -736466394
10-27 10:29:09.294  9688  9708 E IMGMapper: set:488 set: Unset optional value from type SMPTE2086
10-27 10:29:09.294  9688  9708 E IMGMapper: set:488 set: Unset optional value from type CTA861_3
10-27 10:29:09.298  1039  1039 I BufferQueueProducer: [com.cinemamovel/com.cinemamovel.MainActivity$_9688#594451](this:0xb400007a3dbdb838,id:-1,api:0,p:-1,c:1039) queueBuffer: fps=14.57 dur=1098.50 max=798.56 min=16.27
10-27 10:29:09.300   991   991 I hwcomposer: [HWCDisplay] [Display_0 (type:1)] fps:13.636562,dur:1246.65,max:798.63,min:15.41  
10-27 10:29:09.321  9688  9708 E IMGMapper: set:488 set: Unset optional value from type SMPTE2086
10-27 10:29:09.321  9688  9708 E IMGMapper: set:488 set: Unset optional value from type CTA861_3
10-27 10:29:09.337  9688  9708 E IMGMapper: set:488 set: Unset optional value from type SMPTE2086
10-27 10:29:09.338  9688  9708 E IMGMapper: set:488 set: Unset optional value from type CTA861_3
10-27 10:29:09.370  9688  9708 E IMGMapper: set:488 set: Unset optional value from type SMPTE2086
10-27 10:29:09.370  9688  9708 E IMGMapper: set:488 set: Unset optional value from type CTA861_3
10-27 10:29:09.378  9688  9708 E IMGMapper: set:488 set: Unset optional value from type SMPTE2086
10-27 10:29:09.378  9688  9708 E IMGMapper: set:488 set: Unset optional value from type CTA861_3
10-27 10:29:09.391  9688  9708 E IMGMapper: set:488 set: Unset optional value from type SMPTE2086
10-27 10:29:09.392  9688  9708 E IMGMapper: set:488 set: Unset optional value from type CTA861_3
10-27 10:29:09.409  9688  9708 E IMGMapper: set:488 set: Unset optional value from type SMPTE2086
10-27 10:29:09.409  9688  9708 E IMGMapper: set:488 set: Unset optional value from type CTA861_3
10-27 10:29:09.427  9688  9708 E IMGMapper: set:488 set: Unset optional value from type SMPTE2086
10-27 10:29:09.427  9688  9708 E IMGMapper: set:488 set: Unset optional value from type CTA861_3
10-27 10:29:09.443  9688  9708 E IMGMapper: set:488 set: Unset optional value from type SMPTE2086
10-27 10:29:09.443  9688  9708 E IMGMapper: set:488 set: Unset optional value from type CTA861_3
10-27 10:29:09.460  9688  9708 E IMGMapper: set:488 set: Unset optional value from type SMPTE2086
10-27 10:29:09.460  9688  9708 E IMGMapper: set:488 set: Unset optional value from type CTA861_3
10-27 10:29:09.478  9688  9708 E IMGMapper: set:488 set: Unset optional value from type SMPTE2086
10-27 10:29:09.478  9688  9708 E IMGMapper: set:488 set: Unset optional value from type CTA861_3
10-27 10:29:09.494  9688  9708 E IMGMapper: set:488 set: Unset optional value from type SMPTE2086
10-27 10:29:09.494  9688  9708 E IMGMapper: set:488 set: Unset optional value from type CTA861_3
10-27 10:29:09.510  9688  9708 E IMGMapper: set:488 set: Unset optional value from type SMPTE2086
10-27 10:29:09.510  9688  9708 E IMGMapper: set:488 set: Unset optional value from type CTA861_3
10-27 10:29:09.529  9688  9708 E IMGMapper: set:488 set: Unset optional value from type SMPTE2086
10-27 10:29:09.529  9688  9708 E IMGMapper: set:488 set: Unset optional value from type CTA861_3
10-27 10:29:09.545  9688  9708 E IMGMapper: set:488 set: Unset optional value from type SMPTE2086
10-27 10:29:09.545  9688  9708 E IMGMapper: set:488 set: Unset optional value from type CTA861_3
10-27 10:29:09.552  1737  1942 D MobileStatusTracker(1/1): onSignalStrengthsChanged level=4, vendorLevel=4
10-27 10:29:09.556  1187  1303 I GestureDetector: handleMessage TAP
10-27 10:29:09.556  1737  1942 D MobileSignalController(1/1): notifyListener: enabled=true, connected=true, dataConnected=false, networkType=UMTS (3G), emergencyOnly=true, roaming=false, isDefault=true, dataActivity=, level=4, ca=false, mmWave=false, disabledDataIcon=false, simCard=ETC
10-27 10:29:09.556  1737  1942 D NetworkController: SignalStrength from intent slotId=1
10-27 10:29:09.557  1187  1187 I GestureDetector: handleMessage TAP
10-27 10:29:09.561  9688  9708 E IMGMapper: set:488 set: Unset optional value from type SMPTE2086
10-27 10:29:09.561  9688  9708 E IMGMapper: set:488 set: Unset optional value from type CTA861_3
10-27 10:29:09.595  9688  9708 E IMGMapper: set:488 set: Unset optional value from type SMPTE2086
10-27 10:29:09.595  9688  9708 E IMGMapper: set:488 set: Unset optional value from type CTA861_3
10-27 10:29:09.957  1737  1942 D MobileStatusTracker(0/2): onSignalStrengthsChanged level=4, vendorLevel=3
10-27 10:29:09.960  1737  1942 D MobileSignalController(0/2): notifyListener: enabled=true, connected=true, dataConnected=true, networkType=LTE (4G), emergencyOnly=false, roaming=false, isDefault=true, dataActivity=, level=3, ca=false, mmWave=false, disabledDataIcon=false, simCard=ETC
10-27 10:29:09.963  1737  1942 D NetworkController: SignalStrength from intent slotId=0
10-27 10:29:10.343  1187  3218 D InputDispatcher: Inject motion (9906/2000): action=0x0, time=2923651975000000, f=0x0, d=0 dsdx=1.000000 dtdx=0.000000
10-27 10:29:10.343  1187  1534 I InputDispatcher: Delivering touch to (1737): action: 0x4, f=0x0, d=0, 'd92b8ad', t=1 
10-27 10:29:10.344  1187  1534 I InputDispatcher: Delivering touch to (9688): action: 0x0, f=0x0, d=0, 'b3be57a', t=1 
10-27 10:29:10.344  1187  1534 D PowerManagerService: [api] userActivityFromNative :  (event: 2 flags: 0 displayId: 0) eventTime = 2923651975
10-27 10:29:10.344  9688  9688 I ViewRootImpl@d913698[MainActivity]: ViewPostIme pointer 0
10-27 10:29:10.345  1187  1303 I GestureDetector: obtain mCurrentDownEvent. id: -805158843 caller: com.android.server.wm.SystemGesturesPointerEventListener.onPointerEvent:203 com.android.server.wm.PointerEventDispatcher.onInputEvent:53 android.view.InputEventReceiver.dispatchInputEvent:285 
10-27 10:29:10.347  1187  1303 I GestureDetector: obtain mCurrentDownEvent. id: -805158843 caller: com.android.server.wm.SystemPerformancePointerEventListener.onPointerEvent:89 com.android.server.wm.PointerEventDispatcher.onInputEvent:53 android.view.InputEventReceiver.dispatchInputEvent:285 
10-27 10:29:10.352  1187  3218 D InputDispatcher: Inject motion (9906/2000): action=0x1, time=2923651975000000, f=0x0, d=0 dsdx=1.000000 dtdx=0.000000
10-27 10:29:10.352  1187  1534 I InputDispatcher: Delivering touch to (9688): action: 0x1, f=0x0, d=0, 'b3be57a', t=1 
10-27 10:29:10.352  9688  9688 I ViewRootImpl@d913698[MainActivity]: ViewPostIme pointer 1
10-27 10:29:10.353  1187  1303 I GestureDetector: obtain mCurrentMotionEventRaw. action: 1 id: -1003124577
10-27 10:29:10.353  1187  1303 I GestureDetector: obtain mCurrentMotionEventRaw. action: 1 id: -1003124577
10-27 10:29:10.375  9688  9708 E IMGMapper: set:488 set: Unset optional value from type SMPTE2086
10-27 10:29:10.375  9688  9708 E IMGMapper: set:488 set: Unset optional value from type CTA861_3
10-27 10:29:10.380  1039  1039 I BufferQueueProducer: [com.cinemamovel/com.cinemamovel.MainActivity$_9688#594451](this:0xb400007a3dbdb838,id:-1,api:0,p:-1,c:1039) queueBuffer: fps=15.71 dur=1082.03 max=782.08 min=16.10
10-27 10:29:10.382   991   991 I hwcomposer: [HWCDisplay] [Display_0 (type:1)] fps:15.717613,dur:1081.59,max:781.13,min:15.64  
10-27 10:29:10.402  9688  9708 E IMGMapper: set:488 set: Unset optional value from type SMPTE2086
10-27 10:29:10.403  9688  9708 E IMGMapper: set:488 set: Unset optional value from type CTA861_3
10-27 10:29:10.420  9688  9708 E IMGMapper: set:488 set: Unset optional value from type SMPTE2086
10-27 10:29:10.421  9688  9708 E IMGMapper: set:488 set: Unset optional value from type CTA861_3
10-27 10:29:10.468  9688  9708 E IMGMapper: set:488 set: Unset optional value from type SMPTE2086
10-27 10:29:10.469  9688  9708 E IMGMapper: set:488 set: Unset optional value from type CTA861_3
10-27 10:29:10.476  9688  9708 E IMGMapper: set:488 set: Unset optional value from type SMPTE2086
10-27 10:29:10.477  9688  9708 E IMGMapper: set:488 set: Unset optional value from type CTA861_3
10-27 10:29:10.490  9688  9708 E IMGMapper: set:488 set: Unset optional value from type SMPTE2086
10-27 10:29:10.490  9688  9708 E IMGMapper: set:488 set: Unset optional value from type CTA861_3
10-27 10:29:10.506  9688  9708 E IMGMapper: set:488 set: Unset optional value from type SMPTE2086
10-27 10:29:10.506  9688  9708 E IMGMapper: set:488 set: Unset optional value from type CTA861_3
10-27 10:29:10.523  9688  9708 E IMGMapper: set:488 set: Unset optional value from type SMPTE2086
10-27 10:29:10.523  9688  9708 E IMGMapper: set:488 set: Unset optional value from type CTA861_3
10-27 10:29:10.541  9688  9708 E IMGMapper: set:488 set: Unset optional value from type SMPTE2086
10-27 10:29:10.541  9688  9708 E IMGMapper: set:488 set: Unset optional value from type CTA861_3
10-27 10:29:10.558  9688  9708 E IMGMapper: set:488 set: Unset optional value from type SMPTE2086
10-27 10:29:10.558  9688  9708 E IMGMapper: set:488 set: Unset optional value from type CTA861_3
10-27 10:29:10.576  9688  9708 E IMGMapper: set:488 set: Unset optional value from type SMPTE2086
10-27 10:29:10.576  9688  9708 E IMGMapper: set:488 set: Unset optional value from type CTA861_3
10-27 10:29:10.591  9688  9708 E IMGMapper: set:488 set: Unset optional value from type SMPTE2086
10-27 10:29:10.591  9688  9708 E IMGMapper: set:488 set: Unset optional value from type CTA861_3
10-27 10:29:10.607  9688  9708 E IMGMapper: set:488 set: Unset optional value from type SMPTE2086
10-27 10:29:10.607  9688  9708 E IMGMapper: set:488 set: Unset optional value from type CTA861_3
10-27 10:29:10.624  9688  9708 E IMGMapper: set:488 set: Unset optional value from type SMPTE2086
10-27 10:29:10.624  9688  9708 E IMGMapper: set:488 set: Unset optional value from type CTA861_3
10-27 10:29:10.641  9688  9708 E IMGMapper: set:488 set: Unset optional value from type SMPTE2086
10-27 10:29:10.642  9688  9708 E IMGMapper: set:488 set: Unset optional value from type CTA861_3
10-27 10:29:10.645  1187  1303 I GestureDetector: handleMessage TAP
