--------- beginning of main
10-27 10:28:51.100  1187  1479 D InputDispatcher: Inject motion (9823/2000): action=0x0, time=2923632732000000, f=0x0, d=0 dsdx=1.000000 dtdx=0.000000
10-27 10:28:51.100  1187  1534 I InputDispatcher: Delivering touch to (1737): action: 0x4, f=0x0, d=0, 'd92b8ad', t=1 
10-27 10:28:51.101  1187  1534 I InputDispatcher: Delivering touch to (9688): action: 0x0, f=0x0, d=0, 'b3be57a', t=1 
--------- beginning of system
10-27 10:28:51.101  1187  1534 D PowerManagerService: [api] userActivityFromNative :  (event: 2 flags: 0 displayId: 0) eventTime = 2923632732
10-27 10:28:51.101  9688  9688 I ViewRootImpl@d913698[MainActivity]: ViewPostIme pointer 0
10-27 10:28:51.102  1187  1303 I GestureDetector: obtain mCurrentDownEvent. id: -29630266 caller: com.android.server.wm.SystemGesturesPointerEventListener.onPointerEvent:203 com.android.server.wm.PointerEventDispatcher.onInputEvent:53 android.view.InputEventReceiver.dispatchInputEvent:285 
10-27 10:28:51.102  1187  1303 I GestureDetector: obtain mCurrentDownEvent. id: -29630266 caller: com.android.server.wm.SystemPerformancePointerEventListener.onPointerEvent:89 com.android.server.wm.PointerEventDispatcher.onInputEvent:53 android.view.InputEventReceiver.dispatchInputEvent:285 
10-27 10:28:51.102  1187  1534 D PowerManagerService: UserActivityStateListenerState: 1
10-27 10:28:51.115  1187  1479 D InputDispatcher: Inject motion (9823/2000): action=0x1, time=2923632732000000, f=0x0, d=0 dsdx=1.000000 dtdx=0.000000
10-27 10:28:51.116  1187  1534 I InputDispatcher: Delivering touch to (9688): action: 0x1, f=0x0, d=0, 'b3be57a', t=1 
10-27 10:28:51.116  1187  1303 I GestureDetector: obtain mCurrentMotionEventRaw. action: 1 id: -929332661
10-27 10:28:51.116  1187  1303 I GestureDetector: obtain mCurrentMotionEventRaw. action: 1 id: -929332661
10-27 10:28:51.116  9688  9688 I ViewRootImpl@d913698[MainActivity]: ViewPostIme pointer 1
10-27 10:28:51.130 12607 12607 W Finsky  : [2] STU: Failed to get storage stats for package 'com.google.android.scheduling' (1601: Error getting stats: android.content.pm.PackageManager.NameNotFoundException)
10-27 10:28:51.137  9688  9708 E IMGMapper: set:488 set: Unset optional value from type SMPTE2086
10-27 10:28:51.137  9688  9708 E IMGMapper: set:488 set: Unset optional value from type CTA861_3
10-27 10:28:51.155  1039  1039 I BufferQueueProducer: [com.cinemamovel/com.cinemamovel.MainActivity$_9688#594451](this:0xb400007a3dbdb838,id:-1,api:0,p:-1,c:1039) queueBuffer: fps=10.64 dur=3195.67 max=2596.54 min=15.87
10-27 10:28:51.157   991   991 I hwcomposer: [HWCDisplay] [Display_0 (type:1)] fps:1.638988,dur:1830.40,max:1348.41,min:165.65  
10-27 10:28:51.164  9688  9708 E IMGMapper: set:488 set: Unset optional value from type SMPTE2086
10-27 10:28:51.164  9688  9708 E IMGMapper: set:488 set: Unset optional value from type CTA861_3
10-27 10:28:51.178 12607 12607 I Finsky  : [2] App states replicator found 55 unowned apps
10-27 10:28:51.180  9688  9708 E IMGMapper: set:488 set: Unset optional value from type SMPTE2086
10-27 10:28:51.180  9688  9708 E IMGMapper: set:488 set: Unset optional value from type CTA861_3
10-27 10:28:51.196  9688  9688 W [RNScreens]: backTitleVisible prop is not available on Android
10-27 10:28:51.196  9688  9688 W [RNScreens]: backTitleFontFamily prop is not available on Android
10-27 10:28:51.196  9688  9688 W [RNScreens]: disableBackButtonMenu prop is not available on Android
10-27 10:28:51.196  9688  9688 W [RNScreens]: largeTitleFontFamily prop is not available on Android
10-27 10:28:51.196  9688  9688 W [RNScreens]: largeTitleFontWeight prop is not available on Android
10-27 10:28:51.197  9688  9688 W [RNScreens]: largeTitleHideShadow prop is not available on Android
10-27 10:28:51.204  9688  9708 E IMGMapper: set:488 set: Unset optional value from type SMPTE2086
10-27 10:28:51.204  9688  9708 E IMGMapper: set:488 set: Unset optional value from type CTA861_3
10-27 10:28:51.216  9688  9708 E IMGMapper: set:488 set: Unset optional value from type SMPTE2086
10-27 10:28:51.217  9688  9708 E IMGMapper: set:488 set: Unset optional value from type CTA861_3
10-27 10:28:51.230   886  9828 E Netd    : To use pid in case SEC_PRODUCT_FEATURE_KNOX_SUPPORT_NPA is false, to remove build error (unused variable)
10-27 10:28:51.231  9688  9708 E IMGMapper: set:488 set: Unset optional value from type SMPTE2086
10-27 10:28:51.231  9688  9708 E IMGMapper: set:488 set: Unset optional value from type CTA861_3
10-27 10:28:51.232   886  9829 E Netd    : To use pid in case SEC_PRODUCT_FEATURE_KNOX_SUPPORT_NPA is false, to remove build error (unused variable)
10-27 10:28:51.265  9688  9708 E IMGMapper: set:488 set: Unset optional value from type SMPTE2086
10-27 10:28:51.266  9688  9708 E IMGMapper: set:488 set: Unset optional value from type CTA861_3
10-27 10:28:51.291 27776 27790 E AuthPII : [RequestTokenManager] getToken() -> BAD_AUTHENTICATION. App: com.android.vending, Service: oauth2:https://www.googleapis.com/auth/googleplay
10-27 10:28:51.291 27776 27790 E AuthPII : bbix: Long live credential not available.
10-27 10:28:51.291 27776 27790 E AuthPII : 	at aeek.a(:com.google.android.gms@254131029@25.41.31 (190400-820295184):1289)
10-27 10:28:51.291 27776 27790 E AuthPII : 	at aeeq.b(:com.google.android.gms@254131029@25.41.31 (190400-820295184):28)
10-27 10:28:51.291 27776 27790 E AuthPII : 	at aeeo.a(:com.google.android.gms@254131029@25.41.31 (190400-820295184):537)
10-27 10:28:51.291 27776 27790 E AuthPII : 	at aeen.b(:com.google.android.gms@254131029@25.41.31 (190400-820295184):141)
10-27 10:28:51.291 27776 27790 E AuthPII : 	at xoe.d(:com.google.android.gms@254131029@25.41.31 (190400-820295184):620)
10-27 10:28:51.291 27776 27790 E AuthPII : 	at adxu.getAuthToken(:com.google.android.gms@254131029@25.41.31 (190400-820295184):412)
10-27 10:28:51.291 27776 27790 E AuthPII : 	at android.accounts.AbstractAccountAuthenticator$Transport.getAuthToken(AbstractAccountAuthenticator.java:246)
10-27 10:28:51.291 27776 27790 E AuthPII : 	at android.accounts.IAccountAuthenticator$Stub.onTransact(IAccountAuthenticator.java:242)
10-27 10:28:51.291 27776 27790 E AuthPII : 	at android.os.Binder.transact(Binder.java:1200)
10-27 10:28:51.291 27776 27790 E AuthPII : 	at cdzj.onTransact(:com.google.android.gms@254131029@25.41.31 (190400-820295184):10)
10-27 10:28:51.291 27776 27790 E AuthPII : 	at android.os.Binder.transact(Binder.java:1200)
10-27 10:28:51.291 27776 27790 E AuthPII : 	at btib.onTransact(:com.google.android.gms@254131029@25.41.31 (190400-820295184):161)
10-27 10:28:51.291 27776 27790 E AuthPII : 	at android.os.Binder.execTransactInternal(Binder.java:1321)
10-27 10:28:51.291 27776 27790 E AuthPII : 	at android.os.Binder.execTransact(Binder.java:1280)
10-27 10:28:51.291 27776 27790 E AuthPII : Message is Long live credential not available.
10-27 10:28:51.291 27776 27790 E AuthPII : bbix: Long live credential not available.
10-27 10:28:51.291 27776 27790 E AuthPII : 	at aeek.a(:com.google.android.gms@254131029@25.41.31 (190400-820295184):1289)
10-27 10:28:51.291 27776 27790 E AuthPII : 	at aeeq.b(:com.google.android.gms@254131029@25.41.31 (190400-820295184):28)
10-27 10:28:51.291 27776 27790 E AuthPII : 	at aeeo.a(:com.google.android.gms@254131029@25.41.31 (190400-820295184):537)
10-27 10:28:51.291 27776 27790 E AuthPII : 	at aeen.b(:com.google.android.gms@254131029@25.41.31 (190400-820295184):141)
10-27 10:28:51.291 27776 27790 E AuthPII : 	at xoe.d(:com.google.android.gms@254131029@25.41.31 (190400-820295184):620)
10-27 10:28:51.291 27776 27790 E AuthPII : 	at adxu.getAuthToken(:com.google.android.gms@254131029@25.41.31 (190400-820295184):412)
10-27 10:28:51.291 27776 27790 E AuthPII : 	at android.accounts.AbstractAccountAuthenticator$Transport.getAuthToken(AbstractAccountAuthenticator.java:246)
10-27 10:28:51.291 27776 27790 E AuthPII : 	at android.accounts.IAccountAuthenticator$Stub.onTransact(IAccountAuthenticator.java:242)
10-27 10:28:51.291 27776 27790 E AuthPII : 	at android.os.Binder.transact(Binder.java:1200)
10-27 10:28:51.291 27776 27790 E AuthPII : 	at cdzj.onTransact(:com.google.android.gms@254131029@25.41.31 (190400-820295184):10)
10-27 10:28:51.291 27776 27790 E AuthPII : 	at android.os.Binder.transact(Binder.java:1200)
10-27 10:28:51.291 27776 27790 E AuthPII : 	at btib.onTransact(:com.google.android.gms@254131029@25.41.31 (190400-820295184):161)
10-27 10:28:51.291 27776 27790 E AuthPII : 	at android.os.Binder.execTransactInternal(Binder.java:1321)
10-27 10:28:51.291 27776 27790 E AuthPII : 	at android.os.Binder.execTransact(Binder.java:1280)
10-27 10:28:51.306  9688  9708 E IMGMapper: set:488 set: Unset optional value from type SMPTE2086
10-27 10:28:51.307  9688  9708 E IMGMapper: set:488 set: Unset optional value from type CTA861_3
10-27 10:28:51.318  9688  9708 E IMGMapper: set:488 set: Unset optional value from type SMPTE2086
10-27 10:28:51.318  9688  9708 E IMGMapper: set:488 set: Unset optional value from type CTA861_3
10-27 10:28:51.330 27776 27790 I Auth    : (REDACTED) [GetToken] GetToken failed for app=%s with userRecoverable status: %s 
10-27 10:28:51.332 27776 27790 W Auth    : [ChimeraGetToken] exception while trying to fetch auth tokens for app=com.google.android.gms, scope=oauth2:https://www.googleapis.com/auth/googleplay [CONTEXT service_id=153 ]
10-27 10:28:51.332 27776 27790 W Auth    : aeej: GetToken failed with status code and recovery intent: BadAuthentication
10-27 10:28:51.332 27776 27790 W Auth    : 	at aeen.b(:com.google.android.gms@254131029@25.41.31 (190400-820295184):338)
10-27 10:28:51.332 27776 27790 W Auth    : 	at xoe.d(:com.google.android.gms@254131029@25.41.31 (190400-820295184):620)
10-27 10:28:51.332 27776 27790 W Auth    : 	at adxu.getAuthToken(:com.google.android.gms@254131029@25.41.31 (190400-820295184):412)
10-27 10:28:51.332 27776 27790 W Auth    : 	at android.accounts.AbstractAccountAuthenticator$Transport.getAuthToken(AbstractAccountAuthenticator.java:246)
10-27 10:28:51.332 27776 27790 W Auth    : 	at android.accounts.IAccountAuthenticator$Stub.onTransact(IAccountAuthenticator.java:242)
10-27 10:28:51.332 27776 27790 W Auth    : 	at android.os.Binder.transact(Binder.java:1200)
10-27 10:28:51.332 27776 27790 W Auth    : 	at cdzj.onTransact(:com.google.android.gms@254131029@25.41.31 (190400-820295184):10)
10-27 10:28:51.332 27776 27790 W Auth    : 	at android.os.Binder.transact(Binder.java:1200)
10-27 10:28:51.332 27776 27790 W Auth    : 	at btib.onTransact(:com.google.android.gms@254131029@25.41.31 (190400-820295184):161)
10-27 10:28:51.332 27776 27790 W Auth    : 	at android.os.Binder.execTransactInternal(Binder.java:1321)
10-27 10:28:51.332 27776 27790 W Auth    : 	at android.os.Binder.execTransact(Binder.java:1280)
10-27 10:28:51.333 27776 27790 W GLSActivity: [GmsAccountAuthenticatorImpl] error status while fetching token:BadAuthentication
10-27 10:28:51.334  9688  9708 E IMGMapper: set:488 set: Unset optional value from type SMPTE2086
10-27 10:28:51.334  9688  9708 E IMGMapper: set:488 set: Unset optional value from type CTA861_3
10-27 10:28:51.352  9688  9708 E IMGMapper: set:488 set: Unset optional value from type SMPTE2086
10-27 10:28:51.352  9688  9708 E IMGMapper: set:488 set: Unset optional value from type CTA861_3
10-27 10:28:51.352 12607  9735 I Finsky  : [715] Completed 1 account content syncs with 0 successful.
10-27 10:28:51.353 12607 12607 I Finsky  : [2] [ContentSync] Installation state replication failed, parameters=Id: 12-1, CT: 1761571687450, Constraints: [{ L: 15000, D: 86400000, C: CHARGING_NONE, I: IDLE_NONE, N: NET_ANY, B: BATTERY_ANY }].
10-27 10:28:51.354 12607 12607 I Finsky  : [2] [ContentSync] Scheduling replication attempt 0.
10-27 10:28:51.357 12607 12607 I Finsky  : [2] SCH: jobFinished: 12-1. TimeElapsed: 8167ms.
10-27 10:28:51.357 12607 12607 I Finsky  : [2] WM::SCH: Logging work end for 12-1
10-27 10:28:51.367  9688  9708 E IMGMapper: set:488 set: Unset optional value from type SMPTE2086
10-27 10:28:51.367  9688  9708 E IMGMapper: set:488 set: Unset optional value from type CTA861_3
10-27 10:28:51.374 12607  9733 I Finsky  : [714] SCH: Attempting to reschedule job: Id: 12-1, Constraints: [{ L: 20000, D: 86400000, C: CHARGING_NONE, I: IDLE_NONE, N: NET_ANY, B: BATTERY_ANY }]
10-27 10:28:51.386 12607 12648 I Finsky  : [350] SCH: Scheduling phonesky job Id: 1-1337, CT: 1761569183462, Constraints: [{ L: 43180119, D: 86380119, C: CHARGING_NONE, I: IDLE_NONE, N: NET_ANY, B: BATTERY_ANY }]
10-27 10:28:51.386 12607 12648 I Finsky  : [350] SCH: Scheduling phonesky job Id: 34-3144, CT: 1761526015654, Constraints: [{ L: 604800000, D: 2491388403, C: CHARGING_NONE, I: IDLE_NONE, N: NET_ANY, B: BATTERY_ANY }]
10-27 10:28:51.386 12607 12648 I Finsky  : [350] SCH: Scheduling phonesky job Id: 34-3148, CT: 1761526015655, Constraints: [{ L: 604800000, D: 2570602215, C: CHARGING_NONE, I: IDLE_NONE, N: NET_ANY, B: BATTERY_ANY }]
10-27 10:28:51.387 12607 12648 I Finsky  : [350] SCH: Scheduling phonesky job Id: 34-3151, CT: 1761526015656, Constraints: [{ L: 57800618, D: 1353800618, C: CHARGING_NONE, I: IDLE_NONE, N: NET_ANY, B: BATTERY_ANY }]
10-27 10:28:51.394 12607 12645 I Finsky  : [347] SCH: Scheduling 1 system job(s)
10-27 10:28:51.396  9688  9708 E IMGMapper: set:488 set: Unset optional value from type SMPTE2086
10-27 10:28:51.396  9688  9708 E IMGMapper: set:488 set: Unset optional value from type CTA861_3
10-27 10:28:51.396 12607 12645 I Finsky  : [347] SCH: Scheduling system job Id: 9865, L: 12084880, D: 83832187, C: false, I: false, N: 1
10-27 10:28:51.402  1187  1187 I GestureDetector: handleMessage TAP
10-27 10:28:51.402  1187  1303 I GestureDetector: handleMessage TAP
10-27 10:28:51.408 12607  9730 I Finsky  : [713] SCH: job service finished with id 9859.
10-27 10:28:51.410  9688  9708 E IMGMapper: set:488 set: Unset optional value from type SMPTE2086
10-27 10:28:51.410  9688  9708 E IMGMapper: set:488 set: Unset optional value from type CTA861_3
10-27 10:28:51.417  1187  1677 D NetdEventListenerService: DNS Requested by : 132, 10976
10-27 10:28:51.419  9688  9756 D TrafficStats: tagSocket(117) with statsTag=0xffffffff, statsUid=-1
10-27 10:28:51.424  9688  9708 E IMGMapper: set:488 set: Unset optional value from type SMPTE2086
10-27 10:28:51.424  9688  9708 E IMGMapper: set:488 set: Unset optional value from type CTA861_3
10-27 10:28:51.438  1187  3218 I ActivityManager: Killing 7180:com.samsung.android.privacydashboard/u0a251 (adj 999): empty #25
10-27 10:28:51.446  1187  1340 I libprocessgroup: Successfully killed process cgroup uid 10251 pid 7180 in 6ms
10-27 10:28:51.460  9688  9708 E IMGMapper: set:488 set: Unset optional value from type SMPTE2086
10-27 10:28:51.460  9688  9708 E IMGMapper: set:488 set: Unset optional value from type CTA861_3
10-27 10:28:51.471  9688  9708 E IMGMapper: set:488 set: Unset optional value from type SMPTE2086
10-27 10:28:51.471  9688  9708 E IMGMapper: set:488 set: Unset optional value from type CTA861_3
10-27 10:28:51.473   881   881 I Zygote  : Process 7180 exited due to signal 9 (Killed)
10-27 10:28:51.484  9688  9708 E IMGMapper: set:488 set: Unset optional value from type SMPTE2086
10-27 10:28:51.484  9688  9708 E IMGMapper: set:488 set: Unset optional value from type CTA861_3
10-27 10:28:51.486 12607 12638 I Finsky  : [340] WM::SCH: Logging work initialize for 12-1
10-27 10:28:51.500  9688  9708 E IMGMapper: set:488 set: Unset optional value from type SMPTE2086
10-27 10:28:51.500  9688  9708 E IMGMapper: set:488 set: Unset optional value from type CTA861_3
10-27 10:28:51.502 12607 12645 I Finsky  : [347] SCH: Scheduling phonesky job Id: 12-1, CT: 1761571731376, Constraints: [{ L: 20000, D: 86400000, C: CHARGING_NONE, I: IDLE_NONE, N: NET_ANY, B: BATTERY_ANY }]
10-27 10:28:51.510 12607 12655 I Finsky  : [353] SCH: Scheduling 1 system job(s)
10-27 10:28:51.511 12607 12655 I Finsky  : [353] SCH: Scheduling system job Id: 9865, L: 19866, D: 83832071, C: false, I: false, N: 1
10-27 10:28:51.516  9688  9708 E IMGMapper: set:488 set: Unset optional value from type SMPTE2086
10-27 10:28:51.516  9688  9708 E IMGMapper: set:488 set: Unset optional value from type CTA861_3
10-27 10:28:51.534  9688  9708 E IMGMapper: set:488 set: Unset optional value from type SMPTE2086
10-27 10:28:51.534  9688  9708 E IMGMapper: set:488 set: Unset optional value from type CTA861_3
10-27 10:28:51.549  9688  9708 E IMGMapper: set:488 set: Unset optional value from type SMPTE2086
10-27 10:28:51.549  9688  9708 E IMGMapper: set:488 set: Unset optional value from type CTA861_3
10-27 10:28:51.567  9688  9708 E IMGMapper: set:488 set: Unset optional value from type SMPTE2086
10-27 10:28:51.568  9688  9708 E IMGMapper: set:488 set: Unset optional value from type CTA861_3
10-27 10:28:51.584  9688  9708 E IMGMapper: set:488 set: Unset optional value from type SMPTE2086
10-27 10:28:51.584  9688  9708 E IMGMapper: set:488 set: Unset optional value from type CTA861_3
10-27 10:28:51.601  9688  9708 E IMGMapper: set:488 set: Unset optional value from type SMPTE2086
10-27 10:28:51.601  9688  9708 E IMGMapper: set:488 set: Unset optional value from type CTA861_3
10-27 10:28:51.619  9688  9708 E IMGMapper: set:488 set: Unset optional value from type SMPTE2086
10-27 10:28:51.619  9688  9708 E IMGMapper: set:488 set: Unset optional value from type CTA861_3
10-27 10:28:51.635  9688  9708 E IMGMapper: set:488 set: Unset optional value from type SMPTE2086
10-27 10:28:51.635  9688  9708 E IMGMapper: set:488 set: Unset optional value from type CTA861_3
10-27 10:28:51.651  9688  9708 E IMGMapper: set:488 set: Unset optional value from type SMPTE2086
10-27 10:28:51.651  9688  9708 E IMGMapper: set:488 set: Unset optional value from type CTA861_3
10-27 10:28:51.664   543   543 D io_stats: !@ 179,0 r 547123489 6616599434 w 95018808 1004945848 d 1259527 33790592 f 0 0 iot 273893300 0 th 0 0 0 pt 0 inp 0 0 2923633.296
10-27 10:28:51.670  9688  9708 E IMGMapper: set:488 set: Unset optional value from type SMPTE2086
10-27 10:28:51.671  9688  9708 E IMGMapper: set:488 set: Unset optional value from type CTA861_3
10-27 10:28:51.684  9688  9708 E IMGMapper: set:488 set: Unset optional value from type SMPTE2086
10-27 10:28:51.684  9688  9708 E IMGMapper: set:488 set: Unset optional value from type CTA861_3
10-27 10:28:51.701  9688  9708 E IMGMapper: set:488 set: Unset optional value from type SMPTE2086
10-27 10:28:51.701  9688  9708 E IMGMapper: set:488 set: Unset optional value from type CTA861_3
10-27 10:28:51.718  9688  9708 E IMGMapper: set:488 set: Unset optional value from type SMPTE2086
10-27 10:28:51.718  9688  9708 E IMGMapper: set:488 set: Unset optional value from type CTA861_3
10-27 10:28:51.734  9688  9708 E IMGMapper: set:488 set: Unset optional value from type SMPTE2086
10-27 10:28:51.734  9688  9708 E IMGMapper: set:488 set: Unset optional value from type CTA861_3
10-27 10:28:51.751  9688  9708 E IMGMapper: set:488 set: Unset optional value from type SMPTE2086
10-27 10:28:51.751  9688  9708 E IMGMapper: set:488 set: Unset optional value from type CTA861_3
10-27 10:28:51.768  9688  9708 E IMGMapper: set:488 set: Unset optional value from type SMPTE2086
10-27 10:28:51.768  9688  9708 E IMGMapper: set:488 set: Unset optional value from type CTA861_3
10-27 10:28:51.780  9688  9708 E IMGMapper: set:488 set: Unset optional value from type SMPTE2086
10-27 10:28:51.781  9688  9708 E IMGMapper: set:488 set: Unset optional value from type CTA861_3
10-27 10:28:51.795  1737  1942 D MobileStatusTracker(0/2): onDataActivity: direction=3
10-27 10:28:51.799  9688  9708 E IMGMapper: set:488 set: Unset optional value from type SMPTE2086
10-27 10:28:51.799  9688  9708 E IMGMapper: set:488 set: Unset optional value from type CTA861_3
10-27 10:28:51.799  1737  1942 D MobileSignalController(0/2): notifyListener: enabled=true, connected=true, dataConnected=true, networkType=LTE (4G), emergencyOnly=false, roaming=false, isDefault=true, dataActivity=inout, level=3, ca=false, mmWave=false, disabledDataIcon=false, simCard=ETC
10-27 10:28:51.812  1737  1796 E IMGMapper: set:488 set: Unset optional value from type SMPTE2086
10-27 10:28:51.812  1737  1796 E IMGMapper: set:488 set: Unset optional value from type CTA861_3
10-27 10:28:51.813  9688  9708 E IMGMapper: set:488 set: Unset optional value from type SMPTE2086
10-27 10:28:51.813  9688  9708 E IMGMapper: set:488 set: Unset optional value from type CTA861_3
10-27 10:28:51.822  1039  1039 I BufferQueueProducer: [StatusBar$_1737#534029](this:0xb400007a1f0ca838,id:-1,api:0,p:-1,c:1039) queueBuffer: fps=1.20 dur=2497.53 max=2014.79 min=166.40
10-27 10:28:51.831  9688  9708 E IMGMapper: set:488 set: Unset optional value from type SMPTE2086
10-27 10:28:51.831  9688  9708 E IMGMapper: set:488 set: Unset optional value from type CTA861_3
10-27 10:28:51.847  9688  9708 E IMGMapper: set:488 set: Unset optional value from type SMPTE2086
10-27 10:28:51.848  9688  9708 E IMGMapper: set:488 set: Unset optional value from type CTA861_3
10-27 10:28:51.863  9688  9708 E IMGMapper: set:488 set: Unset optional value from type SMPTE2086
10-27 10:28:51.864  9688  9708 E IMGMapper: set:488 set: Unset optional value from type CTA861_3
10-27 10:28:51.880  9688  9708 E IMGMapper: set:488 set: Unset optional value from type SMPTE2086
10-27 10:28:51.880  9688  9708 E IMGMapper: set:488 set: Unset optional value from type CTA861_3
10-27 10:28:51.890  1737  1942 D MobileStatusTracker(0/2): onSignalStrengthsChanged level=4, vendorLevel=3
10-27 10:28:51.893  1737  1942 D MobileSignalController(0/2): notifyListener: enabled=true, connected=true, dataConnected=true, networkType=LTE (4G), emergencyOnly=false, roaming=false, isDefault=true, dataActivity=inout, level=3, ca=false, mmWave=false, disabledDataIcon=false, simCard=ETC
10-27 10:28:51.894  1737  1942 D NetworkController: SignalStrength from intent slotId=0
10-27 10:28:51.896  9688  9708 E IMGMapper: set:488 set: Unset optional value from type SMPTE2086
10-27 10:28:51.896  9688  9708 E IMGMapper: set:488 set: Unset optional value from type CTA861_3
10-27 10:28:51.912  9688  9708 E IMGMapper: set:488 set: Unset optional value from type SMPTE2086
10-27 10:28:51.912  9688  9708 E IMGMapper: set:488 set: Unset optional value from type CTA861_3
10-27 10:28:51.931  9688  9708 E IMGMapper: set:488 set: Unset optional value from type SMPTE2086
10-27 10:28:51.931  9688  9708 E IMGMapper: set:488 set: Unset optional value from type CTA861_3
10-27 10:28:51.948  9688  9708 E IMGMapper: set:488 set: Unset optional value from type SMPTE2086
10-27 10:28:51.948  9688  9708 E IMGMapper: set:488 set: Unset optional value from type CTA861_3
10-27 10:28:51.963  9688  9708 E IMGMapper: set:488 set: Unset optional value from type SMPTE2086
10-27 10:28:51.964  9688  9708 E IMGMapper: set:488 set: Unset optional value from type CTA861_3
10-27 10:28:51.979  9688  9708 E IMGMapper: set:488 set: Unset optional value from type SMPTE2086
10-27 10:28:51.979  9688  9708 E IMGMapper: set:488 set: Unset optional value from type CTA861_3
10-27 10:28:51.996  9688  9708 E IMGMapper: set:488 set: Unset optional value from type SMPTE2086
10-27 10:28:51.996  9688  9708 E IMGMapper: set:488 set: Unset optional value from type CTA861_3
10-27 10:28:52.013  9688  9708 E IMGMapper: set:488 set: Unset optional value from type SMPTE2086
10-27 10:28:52.013  9688  9708 E IMGMapper: set:488 set: Unset optional value from type CTA861_3
10-27 10:28:52.030  9688  9708 E IMGMapper: set:488 set: Unset optional value from type SMPTE2086
10-27 10:28:52.030  9688  9708 E IMGMapper: set:488 set: Unset optional value from type CTA861_3
10-27 10:28:52.030  1205  1205 I thermal_repeater: socket -1
10-27 10:28:52.046  9688  9708 E IMGMapper: set:488 set: Unset optional value from type SMPTE2086
10-27 10:28:52.046  9688  9708 E IMGMapper: set:488 set: Unset optional value from type CTA861_3
10-27 10:28:52.048  9688  9688 D ScrollView: initGoToTop
10-27 10:28:52.062  9688  9708 E IMGMapper: set:488 set: Unset optional value from type SMPTE2086
10-27 10:28:52.062  9688  9708 E IMGMapper: set:488 set: Unset optional value from type CTA861_3
10-27 10:28:52.079  9688  9708 E IMGMapper: set:488 set: Unset optional value from type SMPTE2086
10-27 10:28:52.080  9688  9708 E IMGMapper: set:488 set: Unset optional value from type CTA861_3
10-27 10:28:52.111  9688  9708 E IMGMapper: set:488 set: Unset optional value from type SMPTE2086
10-27 10:28:52.111  9688  9708 E IMGMapper: set:488 set: Unset optional value from type CTA861_3
10-27 10:28:52.129  9688  9708 E IMGMapper: set:488 set: Unset optional value from type SMPTE2086
10-27 10:28:52.130  9688  9708 E IMGMapper: set:488 set: Unset optional value from type CTA861_3
10-27 10:28:52.439   570  9653 I keystore2: keystore2::watchdog: Watchdog thread idle -> terminating. Have a great day.
10-27 10:28:52.441  9688  9698 W com.cinemamovel: Cleared Reference was only reachable from finalizer (only reported once)
10-27 10:28:52.450  9688  9698 I com.cinemamovel: Background concurrent copying GC freed 234919(9638KB) AllocSpace objects, 18(548KB) LOS objects, 49% free, 7623KB/14MB, paused 163us,61us total 113.041ms
10-27 10:28:52.917  1737  1942 D MobileStatusTracker(0/2): onSignalStrengthsChanged level=4, vendorLevel=3
10-27 10:28:52.921  1737  1942 D MobileSignalController(0/2): notifyListener: enabled=true, connected=true, dataConnected=true, networkType=LTE (4G), emergencyOnly=false, roaming=false, isDefault=true, dataActivity=inout, level=3, ca=false, mmWave=false, disabledDataIcon=false, simCard=ETC
10-27 10:28:52.922  1737  1942 D NetworkController: SignalStrength from intent slotId=0
10-27 10:28:53.214  1187  3218 D InputDispatcher: Inject motion (9836/2000): action=0x0, time=2923634847000000, f=0x0, d=0 dsdx=1.000000 dtdx=0.000000
10-27 10:28:53.215  1187  1534 I InputDispatcher: Delivering touch to (1737): action: 0x4, f=0x0, d=0, 'd92b8ad', t=1 
10-27 10:28:53.215  1187  1534 I InputDispatcher: Delivering touch to (9688): action: 0x0, f=0x0, d=0, 'b3be57a', t=1 
10-27 10:28:53.216  1187  1534 D PowerManagerService: [api] userActivityFromNative :  (event: 2 flags: 0 displayId: 0) eventTime = 2923634847
10-27 10:28:53.216  9688  9688 I ViewRootImpl@d913698[MainActivity]: ViewPostIme pointer 0
10-27 10:28:53.217  1187  1303 I GestureDetector: obtain mCurrentDownEvent. id: -585923814 caller: com.android.server.wm.SystemGesturesPointerEventListener.onPointerEvent:203 com.android.server.wm.PointerEventDispatcher.onInputEvent:53 android.view.InputEventReceiver.dispatchInputEvent:285 
10-27 10:28:53.217  1187  1303 I GestureDetector: obtain mCurrentDownEvent. id: -585923814 caller: com.android.server.wm.SystemPerformancePointerEventListener.onPointerEvent:89 com.android.server.wm.PointerEventDispatcher.onInputEvent:53 android.view.InputEventReceiver.dispatchInputEvent:285 
10-27 10:28:53.222  1187  3218 D InputDispatcher: Inject motion (9836/2000): action=0x1, time=2923634847000000, f=0x0, d=0 dsdx=1.000000 dtdx=0.000000
10-27 10:28:53.223  1187  1534 I InputDispatcher: Delivering touch to (9688): action: 0x1, f=0x0, d=0, 'b3be57a', t=1 
10-27 10:28:53.223  9688  9688 I ViewRootImpl@d913698[MainActivity]: ViewPostIme pointer 1
10-27 10:28:53.224  1187  1303 I GestureDetector: obtain mCurrentMotionEventRaw. action: 1 id: -989409358
10-27 10:28:53.224  1187  1303 I GestureDetector: obtain mCurrentMotionEventRaw. action: 1 id: -989409358
10-27 10:28:53.247  9688  9708 E IMGMapper: set:488 set: Unset optional value from type SMPTE2086
10-27 10:28:53.247  9688  9708 E IMGMapper: set:488 set: Unset optional value from type CTA861_3
10-27 10:28:53.252  1039  1039 I BufferQueueProducer: [com.cinemamovel/com.cinemamovel.MainActivity$_9688#594451](this:0xb400007a3dbdb838,id:-1,api:0,p:-1,c:1039) queueBuffer: fps=26.71 dur=2096.79 max=1114.44 min=16.03
10-27 10:28:53.254   991   991 I hwcomposer: [HWCDisplay] [Display_0 (type:1)] fps:26.705706,dur:2096.93,max:1114.57,min:15.06  
10-27 10:28:53.276  9688  9708 E IMGMapper: set:488 set: Unset optional value from type SMPTE2086
10-27 10:28:53.276  9688  9708 E IMGMapper: set:488 set: Unset optional value from type CTA861_3
10-27 10:28:53.294  9688  9708 E IMGMapper: set:488 set: Unset optional value from type SMPTE2086
10-27 10:28:53.294  9688  9708 E IMGMapper: set:488 set: Unset optional value from type CTA861_3
10-27 10:28:53.338  9688  9708 E IMGMapper: set:488 set: Unset optional value from type SMPTE2086
10-27 10:28:53.338  9688  9708 E IMGMapper: set:488 set: Unset optional value from type CTA861_3
10-27 10:28:53.345  9688  9708 E IMGMapper: set:488 set: Unset optional value from type SMPTE2086
10-27 10:28:53.345  9688  9708 E IMGMapper: set:488 set: Unset optional value from type CTA861_3
10-27 10:28:53.363  9688  9708 E IMGMapper: set:488 set: Unset optional value from type SMPTE2086
10-27 10:28:53.363  9688  9708 E IMGMapper: set:488 set: Unset optional value from type CTA861_3
10-27 10:28:53.380  9688  9708 E IMGMapper: set:488 set: Unset optional value from type SMPTE2086
10-27 10:28:53.380  9688  9708 E IMGMapper: set:488 set: Unset optional value from type CTA861_3
10-27 10:28:53.396  9688  9708 E IMGMapper: set:488 set: Unset optional value from type SMPTE2086
10-27 10:28:53.397  9688  9708 E IMGMapper: set:488 set: Unset optional value from type CTA861_3
10-27 10:28:53.414  9688  9708 E IMGMapper: set:488 set: Unset optional value from type SMPTE2086
10-27 10:28:53.414  9688  9708 E IMGMapper: set:488 set: Unset optional value from type CTA861_3
10-27 10:28:53.431  9688  9708 E IMGMapper: set:488 set: Unset optional value from type SMPTE2086
10-27 10:28:53.431  9688  9708 E IMGMapper: set:488 set: Unset optional value from type CTA861_3
10-27 10:28:53.447  9688  9708 E IMGMapper: set:488 set: Unset optional value from type SMPTE2086
10-27 10:28:53.447  9688  9708 E IMGMapper: set:488 set: Unset optional value from type CTA861_3
10-27 10:28:53.463  9688  9708 E IMGMapper: set:488 set: Unset optional value from type SMPTE2086
10-27 10:28:53.463  9688  9708 E IMGMapper: set:488 set: Unset optional value from type CTA861_3
10-27 10:28:53.479  9688  9708 E IMGMapper: set:488 set: Unset optional value from type SMPTE2086
10-27 10:28:53.479  9688  9708 E IMGMapper: set:488 set: Unset optional value from type CTA861_3
10-27 10:28:53.498  9688  9708 E IMGMapper: set:488 set: Unset optional value from type SMPTE2086
10-27 10:28:53.498  9688  9708 E IMGMapper: set:488 set: Unset optional value from type CTA861_3
10-27 10:28:53.514  9688  9708 E IMGMapper: set:488 set: Unset optional value from type SMPTE2086
10-27 10:28:53.514  9688  9708 E IMGMapper: set:488 set: Unset optional value from type CTA861_3
10-27 10:28:53.517  1187  1187 I GestureDetector: handleMessage TAP
10-27 10:28:53.517  1187  1303 I GestureDetector: handleMessage TAP
10-27 10:28:53.530  9688  9708 E IMGMapper: set:488 set: Unset optional value from type SMPTE2086
10-27 10:28:53.530  9688  9708 E IMGMapper: set:488 set: Unset optional value from type CTA861_3
10-27 10:28:53.546  9688  9708 E IMGMapper: set:488 set: Unset optional value from type SMPTE2086
10-27 10:28:53.546  9688  9708 E IMGMapper: set:488 set: Unset optional value from type CTA861_3
10-27 10:28:53.664   543   543 D io_stats: !@ 179,0 r 547123497 6616599706 w 95018812 1004945860 d 1259527 33790592 f 0 0 iot 273893308 0 th 0 0 0 pt 0 inp 0 0 2923635.297
10-27 10:28:53.754  5693  5750 E egdh    : (REDACTED) Trace %s timed out after %d ms. Complete trace: %s
10-27 10:28:53.754  5693  5750 E egdh    : egeq: 
10-27 10:28:53.754  5693  5750 E egdh    : 	at tk_trace.Synclet: OmnientEntrypointComponentSynclet(Started After:0)
10-27 10:28:53.754  5693  5750 E egdh    : 	at tk_trace.NoAccountWorkerFactory startWork()(Started After:0)
10-27 10:28:53.754  5693  5750 E egdh    : 	at tk_trace.com.google.apps.tiktok.sync.impl.workmanager.SyncPeriodicWorker startWork()(Started After:0)
10-27 10:28:53.754  5693  5750 E egdh    : 	at tk_trace.com.google.apps.tiktok.sync.impl.workmanager.SyncPeriodicWorker startWork()(Started After:0)
10-27 10:28:53.754  5693  5750 E egdh    : 	at tk_trace.WorkManager:TikTokListenableWorker startWork(Started After:0)
10-27 10:28:53.824  1737  1942 D MobileStatusTracker(0/2): onDataActivity: direction=0
10-27 10:28:53.827  1737  1942 D MobileSignalController(0/2): notifyListener: enabled=true, connected=true, dataConnected=true, networkType=LTE (4G), emergencyOnly=false, roaming=false, isDefault=true, dataActivity=, level=3, ca=false, mmWave=false, disabledDataIcon=false, simCard=ETC
10-27 10:28:53.845  1737  1796 E IMGMapper: set:488 set: Unset optional value from type SMPTE2086
10-27 10:28:53.845  1737  1796 E IMGMapper: set:488 set: Unset optional value from type CTA861_3
10-27 10:28:53.852  1039  1039 I BufferQueueProducer: [StatusBar$_1737#534029](this:0xb400007a1f0ca838,id:-1,api:0,p:-1,c:1039) queueBuffer: fps=0.49 dur=2030.21 max=2030.21 min=2030.21
10-27 10:28:53.918  1737  1942 D MobileStatusTracker(0/2): onSignalStrengthsChanged level=4, vendorLevel=3
10-27 10:28:53.923  1737  1942 D MobileSignalController(0/2): notifyListener: enabled=true, connected=true, dataConnected=true, networkType=LTE (4G), emergencyOnly=false, roaming=false, isDefault=true, dataActivity=, level=3, ca=false, mmWave=false, disabledDataIcon=false, simCard=ETC
10-27 10:28:53.923  1737  1942 D NetworkController: SignalStrength from intent slotId=0
10-27 10:28:54.299  1187  1479 D InputDispatcher: Inject motion (9842/2000): action=0x0, time=2923635931000000, f=0x0, d=0 dsdx=1.000000 dtdx=0.000000
10-27 10:28:54.299  1187  1534 I InputDispatcher: Delivering touch to (1737): action: 0x4, f=0x0, d=0, 'd92b8ad', t=1 
10-27 10:28:54.300  1187  1534 I InputDispatcher: Delivering touch to (9688): action: 0x0, f=0x0, d=0, 'b3be57a', t=1 
10-27 10:28:54.300  1187  1534 D PowerManagerService: [api] userActivityFromNative :  (event: 2 flags: 0 displayId: 0) eventTime = 2923635931
10-27 10:28:54.301  9688  9688 I ViewRootImpl@d913698[MainActivity]: ViewPostIme pointer 0
10-27 10:28:54.301  1187  1303 I GestureDetector: obtain mCurrentDownEvent. id: -3505434 caller: com.android.server.wm.SystemGesturesPointerEventListener.onPointerEvent:203 com.android.server.wm.PointerEventDispatcher.onInputEvent:53 android.view.InputEventReceiver.dispatchInputEvent:285 
10-27 10:28:54.302  1187  1303 I GestureDetector: obtain mCurrentDownEvent. id: -3505434 caller: com.android.server.wm.SystemPerformancePointerEventListener.onPointerEvent:89 com.android.server.wm.PointerEventDispatcher.onInputEvent:53 android.view.InputEventReceiver.dispatchInputEvent:285 
10-27 10:28:54.314  1187  1479 D InputDispatcher: Inject motion (9842/2000): action=0x1, time=2923635931000000, f=0x0, d=0 dsdx=1.000000 dtdx=0.000000
10-27 10:28:54.314  1187  1534 I InputDispatcher: Delivering touch to (9688): action: 0x1, f=0x0, d=0, 'b3be57a', t=1 
10-27 10:28:54.315  1187  1303 I GestureDetector: obtain mCurrentMotionEventRaw. action: 1 id: -32966212
10-27 10:28:54.315  9688  9688 I ViewRootImpl@d913698[MainActivity]: ViewPostIme pointer 1
10-27 10:28:54.315  1187  1303 I GestureDetector: obtain mCurrentMotionEventRaw. action: 1 id: -32966212
10-27 10:28:54.330  9688  9708 E IMGMapper: set:488 set: Unset optional value from type SMPTE2086
10-27 10:28:54.330  9688  9708 E IMGMapper: set:488 set: Unset optional value from type CTA861_3
10-27 10:28:54.335  1039  1039 I BufferQueueProducer: [com.cinemamovel/com.cinemamovel.MainActivity$_9688#594451](this:0xb400007a3dbdb838,id:-1,api:0,p:-1,c:1039) queueBuffer: fps=15.70 dur=1082.46 max=765.42 min=16.19
10-27 10:28:54.337   991   991 I hwcomposer: [HWCDisplay] [Display_0 (type:1)] fps:16.627275,dur:1082.56,max:481.44,min:15.59  
10-27 10:28:54.360  9688  9708 E IMGMapper: set:488 set: Unset optional value from type SMPTE2086
10-27 10:28:54.360  9688  9708 E IMGMapper: set:488 set: Unset optional value from type CTA861_3
10-27 10:28:54.374  9688  9708 E IMGMapper: set:488 set: Unset optional value from type SMPTE2086
10-27 10:28:54.374  9688  9708 E IMGMapper: set:488 set: Unset optional value from type CTA861_3
10-27 10:28:54.414  9688  9708 E IMGMapper: set:488 set: Unset optional value from type SMPTE2086
10-27 10:28:54.415  9688  9708 E IMGMapper: set:488 set: Unset optional value from type CTA861_3
10-27 10:28:54.423  9688  9708 E IMGMapper: set:488 set: Unset optional value from type SMPTE2086
10-27 10:28:54.423  9688  9708 E IMGMapper: set:488 set: Unset optional value from type CTA861_3
10-27 10:28:54.430  9688  9708 E IMGMapper: set:488 set: Unset optional value from type SMPTE2086
10-27 10:28:54.431  9688  9708 E IMGMapper: set:488 set: Unset optional value from type CTA861_3
10-27 10:28:54.444  9688  9708 E IMGMapper: set:488 set: Unset optional value from type SMPTE2086
10-27 10:28:54.444  9688  9708 E IMGMapper: set:488 set: Unset optional value from type CTA861_3
10-27 10:28:54.461  9688  9708 E IMGMapper: set:488 set: Unset optional value from type SMPTE2086
10-27 10:28:54.461  9688  9708 E IMGMapper: set:488 set: Unset optional value from type CTA861_3
10-27 10:28:54.478  9688  9708 E IMGMapper: set:488 set: Unset optional value from type SMPTE2086
10-27 10:28:54.478  9688  9708 E IMGMapper: set:488 set: Unset optional value from type CTA861_3
10-27 10:28:54.495  9688  9708 E IMGMapper: set:488 set: Unset optional value from type SMPTE2086
10-27 10:28:54.495  9688  9708 E IMGMapper: set:488 set: Unset optional value from type CTA861_3
10-27 10:28:54.512  9688  9708 E IMGMapper: set:488 set: Unset optional value from type SMPTE2086
10-27 10:28:54.512  9688  9708 E IMGMapper: set:488 set: Unset optional value from type CTA861_3
10-27 10:28:54.529  9688  9708 E IMGMapper: set:488 set: Unset optional value from type SMPTE2086
10-27 10:28:54.529  9688  9708 E IMGMapper: set:488 set: Unset optional value from type CTA861_3
10-27 10:28:54.546  9688  9708 E IMGMapper: set:488 set: Unset optional value from type SMPTE2086
10-27 10:28:54.546  9688  9708 E IMGMapper: set:488 set: Unset optional value from type CTA861_3
10-27 10:28:54.564  9688  9708 E IMGMapper: set:488 set: Unset optional value from type SMPTE2086
10-27 10:28:54.564  9688  9708 E IMGMapper: set:488 set: Unset optional value from type CTA861_3
10-27 10:28:54.578  9688  9708 E IMGMapper: set:488 set: Unset optional value from type SMPTE2086
10-27 10:28:54.579  9688  9708 E IMGMapper: set:488 set: Unset optional value from type CTA861_3
10-27 10:28:54.595  9688  9708 E IMGMapper: set:488 set: Unset optional value from type SMPTE2086
10-27 10:28:54.595  9688  9708 E IMGMapper: set:488 set: Unset optional value from type CTA861_3
10-27 10:28:54.601  1187  1303 I GestureDetector: handleMessage TAP
10-27 10:28:54.602  1187  1187 I GestureDetector: handleMessage TAP
10-27 10:28:54.616  9688  9708 E IMGMapper: set:488 set: Unset optional value from type SMPTE2086
10-27 10:28:54.616  9688  9708 E IMGMapper: set:488 set: Unset optional value from type CTA861_3
10-27 10:28:54.918  1737  1942 D MobileStatusTracker(0/2): onSignalStrengthsChanged level=4, vendorLevel=3
10-27 10:28:54.922  1737  1942 D MobileSignalController(0/2): notifyListener: enabled=true, connected=true, dataConnected=true, networkType=LTE (4G), emergencyOnly=false, roaming=false, isDefault=true, dataActivity=, level=3, ca=false, mmWave=false, disabledDataIcon=false, simCard=ETC
10-27 10:28:54.923  1737  1942 D NetworkController: SignalStrength from intent slotId=0
10-27 10:28:55.080  1187  1351 D BatteryExternalStatsWorker: update stats : procstate-change (14)
10-27 10:28:55.081  1187  1351 D BatteryExternalStatsWorker: Update Rail Energy data
10-27 10:28:55.082  1187  1351 D BatteryExternalStatsWorker: Fetch Bluetooth data
10-27 10:28:55.082  1187  1351 D BatteryExternalStatsWorker: Fetch modem data
10-27 10:28:55.089  1187  1479 W BatteryExternalStatsWorker: error reading Bluetooth stats: 11
10-27 10:28:55.129  1187  3218 W TelephonyManager: requestModemActivityInfo: Received an invalid ModemActivityInfo
10-27 10:28:55.129  1187  3218 W BatteryExternalStatsWorker: error reading modem stats:ERROR_INVALID_INFO_RECEIVED
10-27 10:28:55.130  1187  1351 D BatteryExternalStatsWorker: mStats lock released
10-27 10:28:55.130  1187  1351 D BatteryExternalStatsWorker: done updateExternalStatsLocked
10-27 10:28:55.395  1187  1479 D InputDispatcher: Inject motion (9847/2000): action=0x0, time=2923637027000000, f=0x0, d=0 dsdx=1.000000 dtdx=0.000000
10-27 10:28:55.396  1187  1534 I InputDispatcher: Delivering touch to (1737): action: 0x4, f=0x0, d=0, 'd92b8ad', t=1 
10-27 10:28:55.396  1187  1534 I InputDispatcher: Delivering touch to (9688): action: 0x0, f=0x0, d=0, 'b3be57a', t=1 
10-27 10:28:55.396  1187  1534 D PowerManagerService: [api] userActivityFromNative :  (event: 2 flags: 0 displayId: 0) eventTime = 2923637027
10-27 10:28:55.397  1187  1303 I GestureDetector: obtain mCurrentDownEvent. id: -858149413 caller: com.android.server.wm.SystemGesturesPointerEventListener.onPointerEvent:203 com.android.server.wm.PointerEventDispatcher.onInputEvent:53 android.view.InputEventReceiver.dispatchInputEvent:285 
10-27 10:28:55.397  9688  9688 I ViewRootImpl@d913698[MainActivity]: ViewPostIme pointer 0
10-27 10:28:55.398  1187  1303 I GestureDetector: obtain mCurrentDownEvent. id: -858149413 caller: com.android.server.wm.SystemPerformancePointerEventListener.onPointerEvent:89 com.android.server.wm.PointerEventDispatcher.onInputEvent:53 android.view.InputEventReceiver.dispatchInputEvent:285 
10-27 10:28:55.413  1187  1479 D InputDispatcher: Inject motion (9847/2000): action=0x1, time=2923637027000000, f=0x0, d=0 dsdx=1.000000 dtdx=0.000000
10-27 10:28:55.414  1187  1534 I InputDispatcher: Delivering touch to (9688): action: 0x1, f=0x0, d=0, 'b3be57a', t=1 
10-27 10:28:55.415  9688  9688 I ViewRootImpl@d913698[MainActivity]: ViewPostIme pointer 1
10-27 10:28:55.415  1187  1303 I GestureDetector: obtain mCurrentMotionEventRaw. action: 1 id: -702004496
10-27 10:28:55.416  1187  1303 I GestureDetector: obtain mCurrentMotionEventRaw. action: 1 id: -702004496
10-27 10:28:55.434  9688  9708 E IMGMapper: set:488 set: Unset optional value from type SMPTE2086
10-27 10:28:55.434  9688  9708 E IMGMapper: set:488 set: Unset optional value from type CTA861_3
10-27 10:28:55.449  1039  1039 I BufferQueueProducer: [com.cinemamovel/com.cinemamovel.MainActivity$_9688#594451](this:0xb400007a3dbdb838,id:-1,api:0,p:-1,c:1039) queueBuffer: fps=15.25 dur=1114.85 max=815.13 min=16.14
10-27 10:28:55.451   991   991 I hwcomposer: [HWCDisplay] [Display_0 (type:1)] fps:15.254108,dur:1114.45,max:814.09,min:15.71  
10-27 10:28:55.456  9688  9708 E IMGMapper: set:488 set: Unset optional value from type SMPTE2086
10-27 10:28:55.456  9688  9708 E IMGMapper: set:488 set: Unset optional value from type CTA861_3
10-27 10:28:55.468  1737  1942 D MobileStatusTracker(1/1): onSignalStrengthsChanged level=4, vendorLevel=4
10-27 10:28:55.471  1737  1942 D MobileSignalController(1/1): notifyListener: enabled=true, connected=true, dataConnected=false, networkType=UMTS (3G), emergencyOnly=true, roaming=false, isDefault=true, dataActivity=, level=4, ca=false, mmWave=false, disabledDataIcon=false, simCard=ETC
10-27 10:28:55.471  1737  1942 D NetworkController: SignalStrength from intent slotId=1
10-27 10:28:55.474  9688  9708 E IMGMapper: set:488 set: Unset optional value from type SMPTE2086
10-27 10:28:55.475  9688  9708 E IMGMapper: set:488 set: Unset optional value from type CTA861_3
10-27 10:28:55.491  9688  9708 E IMGMapper: set:488 set: Unset optional value from type SMPTE2086
10-27 10:28:55.491  9688  9708 E IMGMapper: set:488 set: Unset optional value from type CTA861_3
10-27 10:28:55.533  9688  9708 E IMGMapper: set:488 set: Unset optional value from type SMPTE2086
10-27 10:28:55.533  9688  9708 E IMGMapper: set:488 set: Unset optional value from type CTA861_3
10-27 10:28:55.541  9688  9708 E IMGMapper: set:488 set: Unset optional value from type SMPTE2086
10-27 10:28:55.541  9688  9708 E IMGMapper: set:488 set: Unset optional value from type CTA861_3
10-27 10:28:55.560  9688  9708 E IMGMapper: set:488 set: Unset optional value from type SMPTE2086
10-27 10:28:55.560  9688  9708 E IMGMapper: set:488 set: Unset optional value from type CTA861_3
10-27 10:28:55.576  9688  9708 E IMGMapper: set:488 set: Unset optional value from type SMPTE2086
10-27 10:28:55.576  9688  9708 E IMGMapper: set:488 set: Unset optional value from type CTA861_3
10-27 10:28:55.594  9688  9708 E IMGMapper: set:488 set: Unset optional value from type SMPTE2086
10-27 10:28:55.594  9688  9708 E IMGMapper: set:488 set: Unset optional value from type CTA861_3
10-27 10:28:55.611  9688  9708 E IMGMapper: set:488 set: Unset optional value from type SMPTE2086
10-27 10:28:55.611  9688  9708 E IMGMapper: set:488 set: Unset optional value from type CTA861_3
10-27 10:28:55.627  9688  9708 E IMGMapper: set:488 set: Unset optional value from type SMPTE2086
10-27 10:28:55.628  9688  9708 E IMGMapper: set:488 set: Unset optional value from type CTA861_3
10-27 10:28:55.645  9688  9708 E IMGMapper: set:488 set: Unset optional value from type SMPTE2086
10-27 10:28:55.645  9688  9708 E IMGMapper: set:488 set: Unset optional value from type CTA861_3
10-27 10:28:55.660  9688  9708 E IMGMapper: set:488 set: Unset optional value from type SMPTE2086
10-27 10:28:55.660  9688  9708 E IMGMapper: set:488 set: Unset optional value from type CTA861_3
10-27 10:28:55.666   543   543 D io_stats: !@ 179,0 r 547123531 6616600058 w 95018858 1004946476 d 1259527 33790592 f 0 0 iot 273893380 0 th 0 0 0 pt 0 inp 0 0 2923637.298
10-27 10:28:55.678  9688  9708 E IMGMapper: set:488 set: Unset optional value from type SMPTE2086
10-27 10:28:55.678  9688  9708 E IMGMapper: set:488 set: Unset optional value from type CTA861_3
10-27 10:28:55.694  9688  9708 E IMGMapper: set:488 set: Unset optional value from type SMPTE2086
10-27 10:28:55.694  9688  9708 E IMGMapper: set:488 set: Unset optional value from type CTA861_3
10-27 10:28:55.697  1187  1303 I GestureDetector: handleMessage TAP
10-27 10:28:55.698  1187  1187 I GestureDetector: handleMessage TAP
10-27 10:28:55.711  9688  9708 E IMGMapper: set:488 set: Unset optional value from type SMPTE2086
10-27 10:28:55.712  9688  9708 E IMGMapper: set:488 set: Unset optional value from type CTA861_3
10-27 10:28:55.729  9688  9708 E IMGMapper: set:488 set: Unset optional value from type SMPTE2086
10-27 10:28:55.729  9688  9708 E IMGMapper: set:488 set: Unset optional value from type CTA861_3
10-27 10:28:55.786  1014  1059 I libPerfCtl: xgfGetFPS pid:-1 fps:0
10-27 10:28:55.787  1014  1059 I libPerfCtl: xgfGetFPS ioctl_ret:-1
10-27 10:28:55.918  1737  1942 D MobileStatusTracker(0/2): onSignalStrengthsChanged level=4, vendorLevel=3
10-27 10:28:55.921  1737  1942 D MobileSignalController(0/2): notifyListener: enabled=true, connected=true, dataConnected=true, networkType=LTE (4G), emergencyOnly=false, roaming=false, isDefault=true, dataActivity=, level=3, ca=false, mmWave=false, disabledDataIcon=false, simCard=ETC
10-27 10:28:55.926  1737  1942 D NetworkController: SignalStrength from intent slotId=0
10-27 10:28:56.254  1187  1486 D SensorService: [SO] -0.407 1.629 9.893
10-27 10:28:56.498  1187  3222 D InputDispatcher: Inject key (9853/2000): action=0, f=0x0, d=-1, time=2923638130000000
10-27 10:28:56.499  1187  3222 D WindowManager: interceptKeyTq keycode=4 interactive=true keyguardActive=false policyFlags=2b000000
10-27 10:28:56.501  1187  3222 D PhoneWindowManagerExt: interceptKeyTq code=4 down=true repeatCount=0 displayId=-1 interactive=true
10-27 10:28:56.501  1187  3222 D WindowManager: interceptKeyTq interceptKeyResult=4
10-27 10:28:56.501  1187  1534 D PowerManagerService: [api] userActivityFromNative :  (event: 1 flags: 0 displayId: 0) eventTime = 2923638130
10-27 10:28:56.503  1187  1534 D WindowManager: interceptKeyTi keyCode=4 down=true repeatCount=0 keyguardOn=false canceled=false
10-27 10:28:56.503  1187  1534 D PhoneWindowManagerExt: interceptKeyTi code=4 down=true repeatCount=0 displayId=-1 interactive=true
10-27 10:28:56.504  1187  1534 I InputDispatcher: Delivering key to (9688): B action: 0x0 (0), f=0x0, m=0x0, d=0, 'b3be57a'
10-27 10:28:56.509 23351 23351 I HBD     : b skip onKeyDown as physical keyboard not connected 
10-27 10:28:56.515 23351 23351 I HBD     : HoneyBoardService onKeyDown r:11874a73 consumed:false 8 
10-27 10:28:56.530  9688  9688 I ViewRootImpl@d913698[MainActivity]: ViewPostIme key 0
10-27 10:28:56.531  9688  9688 D Activity: onKeyDown(KEYCODE_BACK)
10-27 10:28:56.531  1187  3222 D InputDispatcher: Inject key (9853/2000): action=1, f=0x0, d=-1, time=2923638130000000
10-27 10:28:56.532  1187  3222 D WindowManager: interceptKeyTq keycode=4 interactive=true keyguardActive=false policyFlags=2b000000
10-27 10:28:56.532  1187  3222 D PhoneWindowManagerExt: interceptKeyTq code=4 down=false repeatCount=0 displayId=-1 interactive=true
10-27 10:28:56.532  1187  3222 D WindowManager: interceptKeyTq interceptKeyResult=4
10-27 10:28:56.533  1187  1534 D WindowManager: interceptKeyTi keyCode=4 down=false repeatCount=0 keyguardOn=false canceled=false
10-27 10:28:56.533  1187  1534 D PhoneWindowManagerExt: interceptKeyTi code=4 down=false repeatCount=0 displayId=-1 interactive=true
10-27 10:28:56.533  1187  1534 I InputDispatcher: Delivering key to (9688): B action: 0x1 (0), f=0x0, m=0x0, d=0, 'b3be57a'
10-27 10:28:56.535 23351 23351 I HBD     : HoneyBoardService onKeyUp r:a277dd0d consumed:false 1 
10-27 10:28:56.537  9688  9688 I ViewRootImpl@d913698[MainActivity]: ViewPostIme key 1
10-27 10:28:56.537  9688  9688 D Activity: onKeyUp(KEYCODE_BACK) isTracking()=true isCanceled()=false hasCallback=false
10-27 10:28:56.589  9688  9715 I ReactNativeJS: ---METRICS_JSON_START---
10-27 10:28:56.589  9688  9715 I ReactNativeJS: {
10-27 10:28:56.589  9688  9715 I ReactNativeJS:   "screenRenders": 5,
